======================================================================
Training TFT: 00_baseline_exploration/sweep2_h16_enc_15
======================================================================
Logging to: experiments/00_baseline_exploration/sweep2_h16_enc_15/training_20251029_175549.log
Started at: 2025-10-29 17:55:49
======================================================================
Configuration saved to: experiments/00_baseline_exploration/sweep2_h16_enc_15/config.json

Loading data splits...
Train: 6066 samples
Val: 1300 samples
Test: 1300 samples

Preparing TimeSeriesDataSet...

Dropping source columns (used for staleness only): ['CPI']

Final features for TFT: ['SP500_Returns', 'VIX', 'Treasury_10Y', 'Yield_Spread', 'Inflation_YoY']

======================================================================
FEATURE STATISTICS - BEFORE NORMALIZATION
======================================================================
VIX                             mean= 19.7193  std=  8.0201  min=  9.3100  max= 80.8600
Treasury_10Y                    mean=  4.7588  std=  1.6860  min=  1.4300  max=  8.3600
Yield_Spread                    mean=  1.2786  std=  0.9184  min= -0.5200  max=  2.9100
Inflation_YoY                   mean=  2.5055  std=  1.1650  min= -1.9588  max=  5.7255

======================================================================
FEATURES AFTER GROUPNORMALIZER (first batch, last timestep)
======================================================================
VIX                             normalized_value=  1.0000
Treasury_10Y                    normalized_value= -0.0667
Yield_Spread                    normalized_value=  1.9291
Inflation_YoY                   normalized_value= -0.5687
======================================================================

Batches per epoch: 94
[DEBUG] Validation batches: 21
[DEBUG] Validation dataset size: 1285
[DEBUG] Batch size: 64

Initializing model...
Model parameters: 22,615

Starting training...
Checkpoints will be saved to: experiments/00_baseline_exploration/sweep2_h16_enc_15/checkpoints/
Logs will be saved to: experiments/00_baseline_exploration/sweep2_h16_enc_15/logs/

Epoch 0: val_loss=N/A
Epoch 0: val_loss=0.5937087535858154
Epoch 0: train_loss=0.685355544090271

[CollapseMonitor] Epoch 0
  [DEBUG] Processed 21 batches from val_dataloader
  [DEBUG] Predictions shape after concat: (1285,)
  [DEBUG] All predictions list length: 21
  [DEBUG] First batch shape: (64,)
  Pred std: 0.030730, range: 0.126253, mean: 0.054381
  Pos: 99.7%, Neg: 0.3%, Unique: 1276
  Saved validation predictions to: experiments/00_baseline_exploration/sweep2_h16_enc_15/collapse_monitoring/val_predictions_epoch0.npy
  Gradient norms:
    lstm_encoder: 0.009034
    lstm_decoder: 0.013580
    multihead_attn: 0.008449
    output_layer: 0.626082
  VSN output std:
    encoder: 0.156010
  Attention entropy: 2.704529
  Saved to: experiments/00_baseline_exploration/sweep2_h16_enc_15/collapse_monitoring/collapse_monitor_epoch0.json
Epoch 1: val_loss=0.49839019775390625
Epoch 1: train_loss=0.5787797570228577

[CollapseMonitor] Epoch 1
  [DEBUG] Processed 21 batches from val_dataloader
  [DEBUG] Predictions shape after concat: (1285,)
  [DEBUG] All predictions list length: 21
  [DEBUG] First batch shape: (64,)
  Pred std: 0.018866, range: 0.092643, mean: 0.006666
  Pos: 65.1%, Neg: 34.9%, Unique: 1275
  Saved validation predictions to: experiments/00_baseline_exploration/sweep2_h16_enc_15/collapse_monitoring/val_predictions_epoch1.npy
  Gradient norms:
    lstm_encoder: 0.006376
    lstm_decoder: 0.008560
    multihead_attn: 0.004625
    output_layer: 0.449379
  VSN output std:
    encoder: 0.163327
  Attention entropy: 2.706273
  Saved to: experiments/00_baseline_exploration/sweep2_h16_enc_15/collapse_monitoring/collapse_monitor_epoch1.json
Epoch 2: val_loss=0.4638657569885254
Epoch 2: train_loss=0.5009464621543884

[CollapseMonitor] Epoch 2
  [DEBUG] Processed 21 batches from val_dataloader
  [DEBUG] Predictions shape after concat: (1285,)
  [DEBUG] All predictions list length: 21
  [DEBUG] First batch shape: (64,)
  Pred std: 0.017705, range: 0.097861, mean: 0.002597
  Pos: 59.8%, Neg: 40.2%, Unique: 1267
  Saved validation predictions to: experiments/00_baseline_exploration/sweep2_h16_enc_15/collapse_monitoring/val_predictions_epoch2.npy
  Gradient norms:
    lstm_encoder: 0.004128
    lstm_decoder: 0.004160
    multihead_attn: 0.003035
    output_layer: 0.234523
  VSN output std:
    encoder: 0.165051
  Attention entropy: 2.706911
  Saved to: experiments/00_baseline_exploration/sweep2_h16_enc_15/collapse_monitoring/collapse_monitor_epoch2.json
Epoch 3: val_loss=0.4531385004520416
Epoch 3: train_loss=0.47049060463905334

[CollapseMonitor] Epoch 3
  [DEBUG] Processed 21 batches from val_dataloader
  [DEBUG] Predictions shape after concat: (1285,)
  [DEBUG] All predictions list length: 21
  [DEBUG] First batch shape: (64,)
  Pred std: 0.017511, range: 0.096246, mean: 0.017159
  Pos: 89.5%, Neg: 10.5%, Unique: 1266
  Saved validation predictions to: experiments/00_baseline_exploration/sweep2_h16_enc_15/collapse_monitoring/val_predictions_epoch3.npy
  Gradient norms:
    lstm_encoder: 0.003196
    lstm_decoder: 0.002925
    multihead_attn: 0.002149
    output_layer: 0.131383
  VSN output std:
    encoder: 0.165717
  Attention entropy: 2.707094
  Saved to: experiments/00_baseline_exploration/sweep2_h16_enc_15/collapse_monitoring/collapse_monitor_epoch3.json
Epoch 4: val_loss=0.45056289434432983
Epoch 4: train_loss=0.46245381236076355

[CollapseMonitor] Epoch 4
  [DEBUG] Processed 21 batches from val_dataloader
  [DEBUG] Predictions shape after concat: (1285,)
  [DEBUG] All predictions list length: 21
  [DEBUG] First batch shape: (64,)
  Pred std: 0.016608, range: 0.082135, mean: 0.001084
  Pos: 46.3%, Neg: 53.7%, Unique: 1261
  Saved validation predictions to: experiments/00_baseline_exploration/sweep2_h16_enc_15/collapse_monitoring/val_predictions_epoch4.npy
  Gradient norms:
    lstm_encoder: 0.003104
    lstm_decoder: 0.002857
    multihead_attn: 0.001751
    output_layer: 0.112552
  VSN output std:
    encoder: 0.173358
  Attention entropy: 2.706858
  Saved to: experiments/00_baseline_exploration/sweep2_h16_enc_15/collapse_monitoring/collapse_monitor_epoch4.json
Epoch 5: val_loss=0.4478492736816406
Epoch 5: train_loss=0.45646801590919495

[CollapseMonitor] Epoch 5
  [DEBUG] Processed 21 batches from val_dataloader
  [DEBUG] Predictions shape after concat: (1285,)
  [DEBUG] All predictions list length: 21
  [DEBUG] First batch shape: (64,)
  Pred std: 0.016972, range: 0.079494, mean: 0.024579
  Pos: 94.9%, Neg: 5.1%, Unique: 1260
  Saved validation predictions to: experiments/00_baseline_exploration/sweep2_h16_enc_15/collapse_monitoring/val_predictions_epoch5.npy
  Gradient norms:
    lstm_encoder: 0.003082
    lstm_decoder: 0.002638
    multihead_attn: 0.001689
    output_layer: 0.098484
  VSN output std:
    encoder: 0.179283
  Attention entropy: 2.706110
  Saved to: experiments/00_baseline_exploration/sweep2_h16_enc_15/collapse_monitoring/collapse_monitor_epoch5.json
Epoch 6: val_loss=0.44360047578811646
Epoch 6: train_loss=0.45485857129096985

[CollapseMonitor] Epoch 6
  [DEBUG] Processed 21 batches from val_dataloader
  [DEBUG] Predictions shape after concat: (1285,)
  [DEBUG] All predictions list length: 21
  [DEBUG] First batch shape: (64,)
  Pred std: 0.015281, range: 0.081336, mean: 0.040253
  Pos: 100.0%, Neg: 0.0%, Unique: 1256
  Saved validation predictions to: experiments/00_baseline_exploration/sweep2_h16_enc_15/collapse_monitoring/val_predictions_epoch6.npy
  Gradient norms:
    lstm_encoder: 0.003525
    lstm_decoder: 0.002772
    multihead_attn: 0.001876
    output_layer: 0.098338
  VSN output std:
    encoder: 0.176624
  Attention entropy: 2.700978
  Saved to: experiments/00_baseline_exploration/sweep2_h16_enc_15/collapse_monitoring/collapse_monitor_epoch6.json
Epoch 7: val_loss=0.4353286623954773
Epoch 7: train_loss=0.449351966381073

[CollapseMonitor] Epoch 7
  [DEBUG] Processed 21 batches from val_dataloader
  [DEBUG] Predictions shape after concat: (1285,)
  [DEBUG] All predictions list length: 21
  [DEBUG] First batch shape: (64,)
  Pred std: 0.014909, range: 0.095761, mean: 0.046391
  Pos: 100.0%, Neg: 0.0%, Unique: 1265
  Saved validation predictions to: experiments/00_baseline_exploration/sweep2_h16_enc_15/collapse_monitoring/val_predictions_epoch7.npy
  Gradient norms:
    lstm_encoder: 0.004039
    lstm_decoder: 0.002982
    multihead_attn: 0.002291
    output_layer: 0.090748
  VSN output std:
    encoder: 0.168164
  Attention entropy: 2.693536
  Saved to: experiments/00_baseline_exploration/sweep2_h16_enc_15/collapse_monitoring/collapse_monitor_epoch7.json
Epoch 8: val_loss=0.4299831688404083
Epoch 8: train_loss=0.4443412125110626

[CollapseMonitor] Epoch 8
  [DEBUG] Processed 21 batches from val_dataloader
  [DEBUG] Predictions shape after concat: (1285,)
  [DEBUG] All predictions list length: 21
  [DEBUG] First batch shape: (64,)
  Pred std: 0.021779, range: 0.138103, mean: 0.055683
  Pos: 97.5%, Neg: 2.5%, Unique: 1260
  Saved validation predictions to: experiments/00_baseline_exploration/sweep2_h16_enc_15/collapse_monitoring/val_predictions_epoch8.npy
  Gradient norms:
    lstm_encoder: 0.004411
    lstm_decoder: 0.003202
    multihead_attn: 0.002630
    output_layer: 0.097256
  VSN output std:
    encoder: 0.168556
  Attention entropy: 2.696606
  Saved to: experiments/00_baseline_exploration/sweep2_h16_enc_15/collapse_monitoring/collapse_monitor_epoch8.json
Epoch 9: val_loss=0.42780494689941406
Epoch 9: train_loss=0.4423254430294037

[CollapseMonitor] Epoch 9
  [DEBUG] Processed 21 batches from val_dataloader
  [DEBUG] Predictions shape after concat: (1285,)
  [DEBUG] All predictions list length: 21
  [DEBUG] First batch shape: (64,)
  Pred std: 0.024634, range: 0.156522, mean: 0.030507
  Pos: 86.1%, Neg: 13.9%, Unique: 1256
  Saved validation predictions to: experiments/00_baseline_exploration/sweep2_h16_enc_15/collapse_monitoring/val_predictions_epoch9.npy
  Gradient norms:
    lstm_encoder: 0.004860
    lstm_decoder: 0.003411
    multihead_attn: 0.002645
    output_layer: 0.099842
  VSN output std:
    encoder: 0.168755
  Attention entropy: 2.696349
  Saved to: experiments/00_baseline_exploration/sweep2_h16_enc_15/collapse_monitoring/collapse_monitor_epoch9.json
Epoch 10: val_loss=0.4251366853713989
Epoch 10: train_loss=0.43855610489845276

[CollapseMonitor] Epoch 10
  [DEBUG] Processed 21 batches from val_dataloader
  [DEBUG] Predictions shape after concat: (1285,)
  [DEBUG] All predictions list length: 21
  [DEBUG] First batch shape: (64,)
  Pred std: 0.022037, range: 0.154467, mean: 0.071659
  Pos: 98.2%, Neg: 1.8%, Unique: 1252
  Saved validation predictions to: experiments/00_baseline_exploration/sweep2_h16_enc_15/collapse_monitoring/val_predictions_epoch10.npy
  Gradient norms:
    lstm_encoder: 0.005330
    lstm_decoder: 0.003626
    multihead_attn: 0.002763
    output_layer: 0.099623
  VSN output std:
    encoder: 0.167194
  Attention entropy: 2.687645
  Saved to: experiments/00_baseline_exploration/sweep2_h16_enc_15/collapse_monitoring/collapse_monitor_epoch10.json
Epoch 11: val_loss=0.42509856820106506
Epoch 11: train_loss=0.4368935525417328

[CollapseMonitor] Epoch 11
  [DEBUG] Processed 21 batches from val_dataloader
  [DEBUG] Predictions shape after concat: (1285,)
  [DEBUG] All predictions list length: 21
  [DEBUG] First batch shape: (64,)
  Pred std: 0.020200, range: 0.160742, mean: 0.042838
  Pos: 94.6%, Neg: 5.4%, Unique: 1261
  Saved validation predictions to: experiments/00_baseline_exploration/sweep2_h16_enc_15/collapse_monitoring/val_predictions_epoch11.npy
  Gradient norms:
    lstm_encoder: 0.005611
    lstm_decoder: 0.003686
    multihead_attn: 0.002567
    output_layer: 0.102132
  VSN output std:
    encoder: 0.164671
  Attention entropy: 2.692762
  Saved to: experiments/00_baseline_exploration/sweep2_h16_enc_15/collapse_monitoring/collapse_monitor_epoch11.json
Epoch 12: val_loss=0.42329639196395874
Epoch 12: train_loss=0.4357673227787018

[CollapseMonitor] Epoch 12
  [DEBUG] Processed 21 batches from val_dataloader
  [DEBUG] Predictions shape after concat: (1285,)
  [DEBUG] All predictions list length: 21
  [DEBUG] First batch shape: (64,)
  Pred std: 0.025581, range: 0.177172, mean: 0.054596
  Pos: 94.7%, Neg: 5.3%, Unique: 1270
  Saved validation predictions to: experiments/00_baseline_exploration/sweep2_h16_enc_15/collapse_monitoring/val_predictions_epoch12.npy
  Gradient norms:
    lstm_encoder: 0.005754
    lstm_decoder: 0.003527
    multihead_attn: 0.002679
    output_layer: 0.093591
  VSN output std:
    encoder: 0.167572
  Attention entropy: 2.695307
  Saved to: experiments/00_baseline_exploration/sweep2_h16_enc_15/collapse_monitoring/collapse_monitor_epoch12.json
Epoch 13: val_loss=0.423191636800766
Epoch 13: train_loss=0.4332957863807678

[CollapseMonitor] Epoch 13
  [DEBUG] Processed 21 batches from val_dataloader
  [DEBUG] Predictions shape after concat: (1285,)
  [DEBUG] All predictions list length: 21
  [DEBUG] First batch shape: (64,)
  Pred std: 0.022655, range: 0.183944, mean: 0.011043
  Pos: 87.3%, Neg: 12.7%, Unique: 1265
  Saved validation predictions to: experiments/00_baseline_exploration/sweep2_h16_enc_15/collapse_monitoring/val_predictions_epoch13.npy
  Gradient norms:
    lstm_encoder: 0.006455
    lstm_decoder: 0.003841
    multihead_attn: 0.002658
    output_layer: 0.092740
  VSN output std:
    encoder: 0.169103
  Attention entropy: 2.697248
  Saved to: experiments/00_baseline_exploration/sweep2_h16_enc_15/collapse_monitoring/collapse_monitor_epoch13.json
Epoch 14: val_loss=0.4211442768573761
Epoch 14: train_loss=0.43261706829071045

[CollapseMonitor] Epoch 14
  [DEBUG] Processed 21 batches from val_dataloader
  [DEBUG] Predictions shape after concat: (1285,)
  [DEBUG] All predictions list length: 21
  [DEBUG] First batch shape: (64,)
  Pred std: 0.024685, range: 0.183385, mean: 0.068871
  Pos: 96.6%, Neg: 3.4%, Unique: 1267
  Saved validation predictions to: experiments/00_baseline_exploration/sweep2_h16_enc_15/collapse_monitoring/val_predictions_epoch14.npy
  Gradient norms:
    lstm_encoder: 0.006221
    lstm_decoder: 0.003785
    multihead_attn: 0.002699
    output_layer: 0.102093
  VSN output std:
    encoder: 0.168282
  Attention entropy: 2.691913
  Saved to: experiments/00_baseline_exploration/sweep2_h16_enc_15/collapse_monitoring/collapse_monitor_epoch14.json
Epoch 15: val_loss=0.4196659028530121
Epoch 15: train_loss=0.43083348870277405

[CollapseMonitor] Epoch 15
  [DEBUG] Processed 21 batches from val_dataloader
  [DEBUG] Predictions shape after concat: (1285,)
  [DEBUG] All predictions list length: 21
  [DEBUG] First batch shape: (64,)
  Pred std: 0.025404, range: 0.186152, mean: 0.035700
  Pos: 92.3%, Neg: 7.7%, Unique: 1272
  Saved validation predictions to: experiments/00_baseline_exploration/sweep2_h16_enc_15/collapse_monitoring/val_predictions_epoch15.npy
  Gradient norms:
    lstm_encoder: 0.006126
    lstm_decoder: 0.003661
    multihead_attn: 0.002594
    output_layer: 0.094511
  VSN output std:
    encoder: 0.164978
  Attention entropy: 2.684255
  Saved to: experiments/00_baseline_exploration/sweep2_h16_enc_15/collapse_monitoring/collapse_monitor_epoch15.json
Epoch 16: val_loss=0.4178287386894226
Epoch 16: train_loss=0.4301035404205322

[CollapseMonitor] Epoch 16
  [DEBUG] Processed 21 batches from val_dataloader
  [DEBUG] Predictions shape after concat: (1285,)
  [DEBUG] All predictions list length: 21
  [DEBUG] First batch shape: (64,)
  Pred std: 0.026355, range: 0.193536, mean: 0.079250
  Pos: 97.8%, Neg: 2.2%, Unique: 1268
  Saved validation predictions to: experiments/00_baseline_exploration/sweep2_h16_enc_15/collapse_monitoring/val_predictions_epoch16.npy
  Gradient norms:
    lstm_encoder: 0.006965
    lstm_decoder: 0.003954
    multihead_attn: 0.002500
    output_layer: 0.097571
  VSN output std:
    encoder: 0.166134
  Attention entropy: 2.680250
  Saved to: experiments/00_baseline_exploration/sweep2_h16_enc_15/collapse_monitoring/collapse_monitor_epoch16.json
Epoch 17: val_loss=0.41781893372535706
Epoch 17: train_loss=0.42959752678871155

[CollapseMonitor] Epoch 17
  [DEBUG] Processed 21 batches from val_dataloader
  [DEBUG] Predictions shape after concat: (1285,)
  [DEBUG] All predictions list length: 21
  [DEBUG] First batch shape: (64,)
  Pred std: 0.025976, range: 0.169175, mean: 0.033177
  Pos: 93.1%, Neg: 6.9%, Unique: 1267
  Saved validation predictions to: experiments/00_baseline_exploration/sweep2_h16_enc_15/collapse_monitoring/val_predictions_epoch17.npy
  Gradient norms:
    lstm_encoder: 0.006959
    lstm_decoder: 0.004057
    multihead_attn: 0.002683
    output_layer: 0.098764
  VSN output std:
    encoder: 0.164976
  Attention entropy: 2.683568
  Saved to: experiments/00_baseline_exploration/sweep2_h16_enc_15/collapse_monitoring/collapse_monitor_epoch17.json
Epoch 18: val_loss=0.41638752818107605
Epoch 18: train_loss=0.42815735936164856

[CollapseMonitor] Epoch 18
  [DEBUG] Processed 21 batches from val_dataloader
  [DEBUG] Predictions shape after concat: (1285,)
  [DEBUG] All predictions list length: 21
  [DEBUG] First batch shape: (64,)
  Pred std: 0.027884, range: 0.170718, mean: 0.065517
  Pos: 94.7%, Neg: 5.3%, Unique: 1273
  Saved validation predictions to: experiments/00_baseline_exploration/sweep2_h16_enc_15/collapse_monitoring/val_predictions_epoch18.npy
  Gradient norms:
    lstm_encoder: 0.006892
    lstm_decoder: 0.003880
    multihead_attn: 0.002518
    output_layer: 0.093449
  VSN output std:
    encoder: 0.167919
  Attention entropy: 2.680060
  Saved to: experiments/00_baseline_exploration/sweep2_h16_enc_15/collapse_monitoring/collapse_monitor_epoch18.json
Epoch 19: val_loss=0.41595354676246643
Epoch 19: train_loss=0.4285566508769989

[CollapseMonitor] Epoch 19
  [DEBUG] Processed 21 batches from val_dataloader
  [DEBUG] Predictions shape after concat: (1285,)
  [DEBUG] All predictions list length: 21
  [DEBUG] First batch shape: (64,)
  Pred std: 0.028936, range: 0.173554, mean: 0.061148
  Pos: 94.0%, Neg: 6.0%, Unique: 1276
  Saved validation predictions to: experiments/00_baseline_exploration/sweep2_h16_enc_15/collapse_monitoring/val_predictions_epoch19.npy
  Gradient norms:
    lstm_encoder: 0.007615
    lstm_decoder: 0.004180
    multihead_attn: 0.002510
    output_layer: 0.092049
  VSN output std:
    encoder: 0.169844
  Attention entropy: 2.682405
  Saved to: experiments/00_baseline_exploration/sweep2_h16_enc_15/collapse_monitoring/collapse_monitor_epoch19.json
Epoch 20: val_loss=0.415395051240921
Epoch 20: train_loss=0.42707857489585876

[CollapseMonitor] Epoch 20
  [DEBUG] Processed 21 batches from val_dataloader
  [DEBUG] Predictions shape after concat: (1285,)
  [DEBUG] All predictions list length: 21
  [DEBUG] First batch shape: (64,)
  Pred std: 0.028732, range: 0.191198, mean: 0.062772
  Pos: 98.6%, Neg: 1.4%, Unique: 1268
  Saved validation predictions to: experiments/00_baseline_exploration/sweep2_h16_enc_15/collapse_monitoring/val_predictions_epoch20.npy
  Gradient norms:
    lstm_encoder: 0.007542
    lstm_decoder: 0.004041
    multihead_attn: 0.002533
    output_layer: 0.090081
  VSN output std:
    encoder: 0.169386
  Attention entropy: 2.682508
  Saved to: experiments/00_baseline_exploration/sweep2_h16_enc_15/collapse_monitoring/collapse_monitor_epoch20.json
Epoch 21: val_loss=0.41422224044799805
Epoch 21: train_loss=0.4268326461315155

[CollapseMonitor] Epoch 21
  [DEBUG] Processed 21 batches from val_dataloader
  [DEBUG] Predictions shape after concat: (1285,)
  [DEBUG] All predictions list length: 21
  [DEBUG] First batch shape: (64,)
  Pred std: 0.028591, range: 0.198540, mean: 0.074137
  Pos: 97.2%, Neg: 2.8%, Unique: 1274
  Saved validation predictions to: experiments/00_baseline_exploration/sweep2_h16_enc_15/collapse_monitoring/val_predictions_epoch21.npy
  Gradient norms:
    lstm_encoder: 0.008286
    lstm_decoder: 0.004347
    multihead_attn: 0.002606
    output_layer: 0.096345
  VSN output std:
    encoder: 0.168339
  Attention entropy: 2.680161
  Saved to: experiments/00_baseline_exploration/sweep2_h16_enc_15/collapse_monitoring/collapse_monitor_epoch21.json
Epoch 22: val_loss=0.4126318097114563
Epoch 22: train_loss=0.4262160360813141

[CollapseMonitor] Epoch 22
  [DEBUG] Processed 21 batches from val_dataloader
  [DEBUG] Predictions shape after concat: (1285,)
  [DEBUG] All predictions list length: 21
  [DEBUG] First batch shape: (64,)
  Pred std: 0.033675, range: 0.255938, mean: 0.075474
  Pos: 98.4%, Neg: 1.6%, Unique: 1277
  Saved validation predictions to: experiments/00_baseline_exploration/sweep2_h16_enc_15/collapse_monitoring/val_predictions_epoch22.npy
  Gradient norms:
    lstm_encoder: 0.008181
    lstm_decoder: 0.004372
    multihead_attn: 0.002584
    output_layer: 0.093043
  VSN output std:
    encoder: 0.165785
  Attention entropy: 2.680351
  Saved to: experiments/00_baseline_exploration/sweep2_h16_enc_15/collapse_monitoring/collapse_monitor_epoch22.json
Epoch 23: val_loss=0.412007212638855
Epoch 23: train_loss=0.4274129569530487

[CollapseMonitor] Epoch 23
  [DEBUG] Processed 21 batches from val_dataloader
  [DEBUG] Predictions shape after concat: (1285,)
  [DEBUG] All predictions list length: 21
  [DEBUG] First batch shape: (64,)
  Pred std: 0.036748, range: 0.289806, mean: 0.065060
  Pos: 96.7%, Neg: 3.3%, Unique: 1269
  Saved validation predictions to: experiments/00_baseline_exploration/sweep2_h16_enc_15/collapse_monitoring/val_predictions_epoch23.npy
  Gradient norms:
    lstm_encoder: 0.008170
    lstm_decoder: 0.004387
    multihead_attn: 0.002556
    output_layer: 0.092247
  VSN output std:
    encoder: 0.162498
  Attention entropy: 2.667178
  Saved to: experiments/00_baseline_exploration/sweep2_h16_enc_15/collapse_monitoring/collapse_monitor_epoch23.json
Epoch 24: val_loss=0.41137513518333435
Epoch 24: train_loss=0.4259096384048462

[CollapseMonitor] Epoch 24
  [DEBUG] Processed 21 batches from val_dataloader
  [DEBUG] Predictions shape after concat: (1285,)
  [DEBUG] All predictions list length: 21
  [DEBUG] First batch shape: (64,)
  Pred std: 0.031310, range: 0.237980, mean: 0.084989
  Pos: 99.5%, Neg: 0.5%, Unique: 1278
  Saved validation predictions to: experiments/00_baseline_exploration/sweep2_h16_enc_15/collapse_monitoring/val_predictions_epoch24.npy
  Gradient norms:
    lstm_encoder: 0.009344
    lstm_decoder: 0.004966
    multihead_attn: 0.002732
    output_layer: 0.097594
  VSN output std:
    encoder: 0.164866
  Attention entropy: 2.665165
  Saved to: experiments/00_baseline_exploration/sweep2_h16_enc_15/collapse_monitoring/collapse_monitor_epoch24.json
Epoch 25: val_loss=0.4100611209869385
Epoch 25: train_loss=0.42567408084869385

[CollapseMonitor] Epoch 25
  [DEBUG] Processed 21 batches from val_dataloader
  [DEBUG] Predictions shape after concat: (1285,)
  [DEBUG] All predictions list length: 21
  [DEBUG] First batch shape: (64,)
  Pred std: 0.034444, range: 0.279350, mean: 0.066917
  Pos: 95.6%, Neg: 4.4%, Unique: 1278
  Saved validation predictions to: experiments/00_baseline_exploration/sweep2_h16_enc_15/collapse_monitoring/val_predictions_epoch25.npy
  Gradient norms:
    lstm_encoder: 0.008374
    lstm_decoder: 0.004483
    multihead_attn: 0.002459
    output_layer: 0.092284
  VSN output std:
    encoder: 0.164785
  Attention entropy: 2.658235
  Saved to: experiments/00_baseline_exploration/sweep2_h16_enc_15/collapse_monitoring/collapse_monitor_epoch25.json
Epoch 26: val_loss=0.4101618528366089
Epoch 26: train_loss=0.4248725473880768

[CollapseMonitor] Epoch 26
  [DEBUG] Processed 21 batches from val_dataloader
  [DEBUG] Predictions shape after concat: (1285,)
  [DEBUG] All predictions list length: 21
  [DEBUG] First batch shape: (64,)
  Pred std: 0.036177, range: 0.291341, mean: 0.083254
  Pos: 96.3%, Neg: 3.7%, Unique: 1272
  Saved validation predictions to: experiments/00_baseline_exploration/sweep2_h16_enc_15/collapse_monitoring/val_predictions_epoch26.npy
  Gradient norms:
    lstm_encoder: 0.009158
    lstm_decoder: 0.004903
    multihead_attn: 0.002666
    output_layer: 0.093181
  VSN output std:
    encoder: 0.165552
  Attention entropy: 2.655718
  Saved to: experiments/00_baseline_exploration/sweep2_h16_enc_15/collapse_monitoring/collapse_monitor_epoch26.json
Epoch 27: val_loss=0.4094642400741577
Epoch 27: train_loss=0.42530372738838196

[CollapseMonitor] Epoch 27
  [DEBUG] Processed 21 batches from val_dataloader
  [DEBUG] Predictions shape after concat: (1285,)
  [DEBUG] All predictions list length: 21
  [DEBUG] First batch shape: (64,)
  Pred std: 0.039062, range: 0.320898, mean: 0.072030
  Pos: 95.4%, Neg: 4.6%, Unique: 1265
  Saved validation predictions to: experiments/00_baseline_exploration/sweep2_h16_enc_15/collapse_monitoring/val_predictions_epoch27.npy
  Gradient norms:
    lstm_encoder: 0.009313
    lstm_decoder: 0.005079
    multihead_attn: 0.002587
    output_layer: 0.099911
  VSN output std:
    encoder: 0.164412
  Attention entropy: 2.648949
  Saved to: experiments/00_baseline_exploration/sweep2_h16_enc_15/collapse_monitoring/collapse_monitor_epoch27.json
Epoch 28: val_loss=0.4094820022583008
Epoch 28: train_loss=0.42425772547721863

[CollapseMonitor] Epoch 28
  [DEBUG] Processed 21 batches from val_dataloader
  [DEBUG] Predictions shape after concat: (1285,)
  [DEBUG] All predictions list length: 21
  [DEBUG] First batch shape: (64,)
  Pred std: 0.035432, range: 0.285536, mean: 0.078563
  Pos: 96.4%, Neg: 3.6%, Unique: 1275
  Saved validation predictions to: experiments/00_baseline_exploration/sweep2_h16_enc_15/collapse_monitoring/val_predictions_epoch28.npy
  Gradient norms:
    lstm_encoder: 0.009279
    lstm_decoder: 0.004965
    multihead_attn: 0.002556
    output_layer: 0.094863
  VSN output std:
    encoder: 0.165343
  Attention entropy: 2.656018
  Saved to: experiments/00_baseline_exploration/sweep2_h16_enc_15/collapse_monitoring/collapse_monitor_epoch28.json
Epoch 29: val_loss=0.4079943299293518
Epoch 29: train_loss=0.4235158860683441

[CollapseMonitor] Epoch 29
  [DEBUG] Processed 21 batches from val_dataloader
  [DEBUG] Predictions shape after concat: (1285,)
  [DEBUG] All predictions list length: 21
  [DEBUG] First batch shape: (64,)
  Pred std: 0.037256, range: 0.296027, mean: 0.088979
  Pos: 97.4%, Neg: 2.6%, Unique: 1275
  Saved validation predictions to: experiments/00_baseline_exploration/sweep2_h16_enc_15/collapse_monitoring/val_predictions_epoch29.npy
  Gradient norms:
    lstm_encoder: 0.009349
    lstm_decoder: 0.004925
    multihead_attn: 0.002471
    output_layer: 0.088957
  VSN output std:
    encoder: 0.166244
  Attention entropy: 2.652380
  Saved to: experiments/00_baseline_exploration/sweep2_h16_enc_15/collapse_monitoring/collapse_monitor_epoch29.json
Epoch 30: val_loss=0.40775197744369507
Epoch 30: train_loss=0.42304500937461853

[CollapseMonitor] Epoch 30
  [DEBUG] Processed 21 batches from val_dataloader
  [DEBUG] Predictions shape after concat: (1285,)
  [DEBUG] All predictions list length: 21
  [DEBUG] First batch shape: (64,)
  Pred std: 0.037686, range: 0.292653, mean: 0.024737
  Pos: 86.0%, Neg: 14.0%, Unique: 1273
  Saved validation predictions to: experiments/00_baseline_exploration/sweep2_h16_enc_15/collapse_monitoring/val_predictions_epoch30.npy
  Gradient norms:
    lstm_encoder: 0.010436
    lstm_decoder: 0.005585
    multihead_attn: 0.002662
    output_layer: 0.108199
  VSN output std:
    encoder: 0.168095
  Attention entropy: 2.659584
  Saved to: experiments/00_baseline_exploration/sweep2_h16_enc_15/collapse_monitoring/collapse_monitor_epoch30.json
Epoch 31: val_loss=0.40749168395996094
Epoch 31: train_loss=0.42380666732788086

[CollapseMonitor] Epoch 31
  [DEBUG] Processed 21 batches from val_dataloader
  [DEBUG] Predictions shape after concat: (1285,)
  [DEBUG] All predictions list length: 21
  [DEBUG] First batch shape: (64,)
  Pred std: 0.039455, range: 0.318033, mean: 0.051432
  Pos: 94.7%, Neg: 5.3%, Unique: 1268
  Saved validation predictions to: experiments/00_baseline_exploration/sweep2_h16_enc_15/collapse_monitoring/val_predictions_epoch31.npy
  Gradient norms:
    lstm_encoder: 0.010171
    lstm_decoder: 0.005250
    multihead_attn: 0.002475
    output_layer: 0.101680
  VSN output std:
    encoder: 0.167028
  Attention entropy: 2.645275
  Saved to: experiments/00_baseline_exploration/sweep2_h16_enc_15/collapse_monitoring/collapse_monitor_epoch31.json
Epoch 32: val_loss=0.40698376297950745
Epoch 32: train_loss=0.423970490694046

[CollapseMonitor] Epoch 32
  [DEBUG] Processed 21 batches from val_dataloader
  [DEBUG] Predictions shape after concat: (1285,)
  [DEBUG] All predictions list length: 21
  [DEBUG] First batch shape: (64,)
  Pred std: 0.037617, range: 0.294234, mean: 0.094528
  Pos: 99.7%, Neg: 0.3%, Unique: 1275
  Saved validation predictions to: experiments/00_baseline_exploration/sweep2_h16_enc_15/collapse_monitoring/val_predictions_epoch32.npy
  Gradient norms:
    lstm_encoder: 0.011059
    lstm_decoder: 0.005742
    multihead_attn: 0.002629
    output_layer: 0.097039
  VSN output std:
    encoder: 0.171514
  Attention entropy: 2.645536
  Saved to: experiments/00_baseline_exploration/sweep2_h16_enc_15/collapse_monitoring/collapse_monitor_epoch32.json
Epoch 33: val_loss=0.4065856635570526
Epoch 33: train_loss=0.4227815866470337

[CollapseMonitor] Epoch 33
  [DEBUG] Processed 21 batches from val_dataloader
  [DEBUG] Predictions shape after concat: (1285,)
  [DEBUG] All predictions list length: 21
  [DEBUG] First batch shape: (64,)
  Pred std: 0.032106, range: 0.251259, mean: 0.079412
  Pos: 100.0%, Neg: 0.0%, Unique: 1275
  Saved validation predictions to: experiments/00_baseline_exploration/sweep2_h16_enc_15/collapse_monitoring/val_predictions_epoch33.npy
  Gradient norms:
    lstm_encoder: 0.010771
    lstm_decoder: 0.005726
    multihead_attn: 0.002220
    output_layer: 0.094787
  VSN output std:
    encoder: 0.173764
  Attention entropy: 2.655401
  Saved to: experiments/00_baseline_exploration/sweep2_h16_enc_15/collapse_monitoring/collapse_monitor_epoch33.json
Epoch 34: val_loss=0.4060269892215729
Epoch 34: train_loss=0.4215839207172394

[CollapseMonitor] Epoch 34
  [DEBUG] Processed 21 batches from val_dataloader
  [DEBUG] Predictions shape after concat: (1285,)
  [DEBUG] All predictions list length: 21
  [DEBUG] First batch shape: (64,)
  Pred std: 0.030812, range: 0.251406, mean: 0.089542
  Pos: 99.8%, Neg: 0.2%, Unique: 1266
  Saved validation predictions to: experiments/00_baseline_exploration/sweep2_h16_enc_15/collapse_monitoring/val_predictions_epoch34.npy
  Gradient norms:
    lstm_encoder: 0.011063
    lstm_decoder: 0.005924
    multihead_attn: 0.002235
    output_layer: 0.093228
  VSN output std:
    encoder: 0.169248
  Attention entropy: 2.653785
  Saved to: experiments/00_baseline_exploration/sweep2_h16_enc_15/collapse_monitoring/collapse_monitor_epoch34.json
Epoch 35: val_loss=0.407274454832077
Epoch 35: train_loss=0.42257654666900635

[CollapseMonitor] Epoch 35
  [DEBUG] Processed 21 batches from val_dataloader
  [DEBUG] Predictions shape after concat: (1285,)
  [DEBUG] All predictions list length: 21
  [DEBUG] First batch shape: (64,)
  Pred std: 0.039283, range: 0.302748, mean: 0.057350
  Pos: 100.0%, Neg: 0.0%, Unique: 1281
  Saved validation predictions to: experiments/00_baseline_exploration/sweep2_h16_enc_15/collapse_monitoring/val_predictions_epoch35.npy
  Gradient norms:
    lstm_encoder: 0.011211
    lstm_decoder: 0.005808
    multihead_attn: 0.002366
    output_layer: 0.100723
  VSN output std:
    encoder: 0.166108
  Attention entropy: 2.664174
  Saved to: experiments/00_baseline_exploration/sweep2_h16_enc_15/collapse_monitoring/collapse_monitor_epoch35.json
Epoch 36: val_loss=0.4051571488380432
Epoch 36: train_loss=0.42164430022239685

[CollapseMonitor] Epoch 36
  [DEBUG] Processed 21 batches from val_dataloader
  [DEBUG] Predictions shape after concat: (1285,)
  [DEBUG] All predictions list length: 21
  [DEBUG] First batch shape: (64,)
  Pred std: 0.029584, range: 0.250623, mean: 0.062732
  Pos: 99.5%, Neg: 0.5%, Unique: 1268
  Saved validation predictions to: experiments/00_baseline_exploration/sweep2_h16_enc_15/collapse_monitoring/val_predictions_epoch36.npy
  Gradient norms:
    lstm_encoder: 0.011950
    lstm_decoder: 0.005982
    multihead_attn: 0.002234
    output_layer: 0.089361
  VSN output std:
    encoder: 0.167776
  Attention entropy: 2.654215
  Saved to: experiments/00_baseline_exploration/sweep2_h16_enc_15/collapse_monitoring/collapse_monitor_epoch36.json
Epoch 37: val_loss=0.40491124987602234
Epoch 37: train_loss=0.42241111397743225

[CollapseMonitor] Epoch 37
  [DEBUG] Processed 21 batches from val_dataloader
  [DEBUG] Predictions shape after concat: (1285,)
  [DEBUG] All predictions list length: 21
  [DEBUG] First batch shape: (64,)
  Pred std: 0.032142, range: 0.264260, mean: 0.062416
  Pos: 99.9%, Neg: 0.1%, Unique: 1273
  Saved validation predictions to: experiments/00_baseline_exploration/sweep2_h16_enc_15/collapse_monitoring/val_predictions_epoch37.npy
  Gradient norms:
    lstm_encoder: 0.013118
    lstm_decoder: 0.006750
    multihead_attn: 0.002295
    output_layer: 0.093845
  VSN output std:
    encoder: 0.167378
  Attention entropy: 2.656001
  Saved to: experiments/00_baseline_exploration/sweep2_h16_enc_15/collapse_monitoring/collapse_monitor_epoch37.json
Epoch 38: val_loss=0.40454092621803284
Epoch 38: train_loss=0.42182913422584534

[CollapseMonitor] Epoch 38
  [DEBUG] Processed 21 batches from val_dataloader
  [DEBUG] Predictions shape after concat: (1285,)
  [DEBUG] All predictions list length: 21
  [DEBUG] First batch shape: (64,)
  Pred std: 0.029953, range: 0.231636, mean: 0.056021
  Pos: 100.0%, Neg: 0.0%, Unique: 1273
  Saved validation predictions to: experiments/00_baseline_exploration/sweep2_h16_enc_15/collapse_monitoring/val_predictions_epoch38.npy
  Gradient norms:
    lstm_encoder: 0.013467
    lstm_decoder: 0.006762
    multihead_attn: 0.002279
    output_layer: 0.098892
  VSN output std:
    encoder: 0.169470
  Attention entropy: 2.652078
  Saved to: experiments/00_baseline_exploration/sweep2_h16_enc_15/collapse_monitoring/collapse_monitor_epoch38.json
Epoch 39: val_loss=0.40331295132637024
Epoch 39: train_loss=0.4225422739982605

[CollapseMonitor] Epoch 39
  [DEBUG] Processed 21 batches from val_dataloader
  [DEBUG] Predictions shape after concat: (1285,)
  [DEBUG] All predictions list length: 21
  [DEBUG] First batch shape: (64,)
  Pred std: 0.031595, range: 0.266294, mean: 0.075207
  Pos: 100.0%, Neg: 0.0%, Unique: 1269
  Saved validation predictions to: experiments/00_baseline_exploration/sweep2_h16_enc_15/collapse_monitoring/val_predictions_epoch39.npy
  Gradient norms:
    lstm_encoder: 0.013503
    lstm_decoder: 0.006625
    multihead_attn: 0.002236
    output_layer: 0.094692
  VSN output std:
    encoder: 0.170333
  Attention entropy: 2.639274
  Saved to: experiments/00_baseline_exploration/sweep2_h16_enc_15/collapse_monitoring/collapse_monitor_epoch39.json
Epoch 40: val_loss=0.40507808327674866
Epoch 40: train_loss=0.42107275128364563

[CollapseMonitor] Epoch 40
  [DEBUG] Processed 21 batches from val_dataloader
  [DEBUG] Predictions shape after concat: (1285,)
  [DEBUG] All predictions list length: 21
  [DEBUG] First batch shape: (64,)
  Pred std: 0.030927, range: 0.264254, mean: 0.077452
  Pos: 100.0%, Neg: 0.0%, Unique: 1269
  Saved validation predictions to: experiments/00_baseline_exploration/sweep2_h16_enc_15/collapse_monitoring/val_predictions_epoch40.npy
  Gradient norms:
    lstm_encoder: 0.013930
    lstm_decoder: 0.006876
    multihead_attn: 0.002378
    output_layer: 0.096859
  VSN output std:
    encoder: 0.167813
  Attention entropy: 2.644131
  Saved to: experiments/00_baseline_exploration/sweep2_h16_enc_15/collapse_monitoring/collapse_monitor_epoch40.json
Epoch 41: val_loss=0.40496399998664856
Epoch 41: train_loss=0.4211331605911255

[CollapseMonitor] Epoch 41
  [DEBUG] Processed 21 batches from val_dataloader
  [DEBUG] Predictions shape after concat: (1285,)
  [DEBUG] All predictions list length: 21
  [DEBUG] First batch shape: (64,)
  Pred std: 0.031646, range: 0.298267, mean: 0.056539
  Pos: 97.8%, Neg: 2.2%, Unique: 1273
  Saved validation predictions to: experiments/00_baseline_exploration/sweep2_h16_enc_15/collapse_monitoring/val_predictions_epoch41.npy
  Gradient norms:
    lstm_encoder: 0.015120
    lstm_decoder: 0.007260
    multihead_attn: 0.002186
    output_layer: 0.096700
  VSN output std:
    encoder: 0.168422
  Attention entropy: 2.649633
  Saved to: experiments/00_baseline_exploration/sweep2_h16_enc_15/collapse_monitoring/collapse_monitor_epoch41.json
Epoch 42: val_loss=0.4046441316604614
Epoch 42: train_loss=0.42115864157676697

[CollapseMonitor] Epoch 42
  [DEBUG] Processed 21 batches from val_dataloader
  [DEBUG] Predictions shape after concat: (1285,)
  [DEBUG] All predictions list length: 21
  [DEBUG] First batch shape: (64,)
  Pred std: 0.031272, range: 0.284763, mean: 0.062128
  Pos: 99.1%, Neg: 0.9%, Unique: 1264
  Saved validation predictions to: experiments/00_baseline_exploration/sweep2_h16_enc_15/collapse_monitoring/val_predictions_epoch42.npy
  Gradient norms:
    lstm_encoder: 0.015137
    lstm_decoder: 0.007322
    multihead_attn: 0.002323
    output_layer: 0.097523
  VSN output std:
    encoder: 0.166571
  Attention entropy: 2.654467
  Saved to: experiments/00_baseline_exploration/sweep2_h16_enc_15/collapse_monitoring/collapse_monitor_epoch42.json
Epoch 43: val_loss=0.4034067690372467
Epoch 43: train_loss=0.421261191368103

[CollapseMonitor] Epoch 43
  [DEBUG] Processed 21 batches from val_dataloader
  [DEBUG] Predictions shape after concat: (1285,)
  [DEBUG] All predictions list length: 21
  [DEBUG] First batch shape: (64,)
  Pred std: 0.036544, range: 0.305933, mean: 0.101310
  Pos: 100.0%, Neg: 0.0%, Unique: 1276
  Saved validation predictions to: experiments/00_baseline_exploration/sweep2_h16_enc_15/collapse_monitoring/val_predictions_epoch43.npy
  Gradient norms:
    lstm_encoder: 0.016010
    lstm_decoder: 0.007553
    multihead_attn: 0.002334
    output_layer: 0.094600
  VSN output std:
    encoder: 0.164955
  Attention entropy: 2.649893
  Saved to: experiments/00_baseline_exploration/sweep2_h16_enc_15/collapse_monitoring/collapse_monitor_epoch43.json
Epoch 44: val_loss=0.4046831429004669
Epoch 44: train_loss=0.42095378041267395

[CollapseMonitor] Epoch 44
  [DEBUG] Processed 21 batches from val_dataloader
  [DEBUG] Predictions shape after concat: (1285,)
  [DEBUG] All predictions list length: 21
  [DEBUG] First batch shape: (64,)
  Pred std: 0.039514, range: 0.317199, mean: 0.060502
  Pos: 98.6%, Neg: 1.4%, Unique: 1275
  Saved validation predictions to: experiments/00_baseline_exploration/sweep2_h16_enc_15/collapse_monitoring/val_predictions_epoch44.npy
  Gradient norms:
    lstm_encoder: 0.018864
    lstm_decoder: 0.008362
    multihead_attn: 0.002465
    output_layer: 0.093272
  VSN output std:
    encoder: 0.169508
  Attention entropy: 2.635902
  Saved to: experiments/00_baseline_exploration/sweep2_h16_enc_15/collapse_monitoring/collapse_monitor_epoch44.json
Epoch 45: val_loss=0.4031449556350708
Epoch 45: train_loss=0.41967400908470154

[CollapseMonitor] Epoch 45
  [DEBUG] Processed 21 batches from val_dataloader
  [DEBUG] Predictions shape after concat: (1285,)
  [DEBUG] All predictions list length: 21
  [DEBUG] First batch shape: (64,)
  Pred std: 0.037169, range: 0.315097, mean: 0.083861
  Pos: 99.7%, Neg: 0.3%, Unique: 1274
  Saved validation predictions to: experiments/00_baseline_exploration/sweep2_h16_enc_15/collapse_monitoring/val_predictions_epoch45.npy
  Gradient norms:
    lstm_encoder: 0.017705
    lstm_decoder: 0.007928
    multihead_attn: 0.002438
    output_layer: 0.094459
  VSN output std:
    encoder: 0.168306
  Attention entropy: 2.633767
  Saved to: experiments/00_baseline_exploration/sweep2_h16_enc_15/collapse_monitoring/collapse_monitor_epoch45.json
Epoch 46: val_loss=0.40404531359672546
Epoch 46: train_loss=0.4201347529888153

[CollapseMonitor] Epoch 46
  [DEBUG] Processed 21 batches from val_dataloader
  [DEBUG] Predictions shape after concat: (1285,)
  [DEBUG] All predictions list length: 21
  [DEBUG] First batch shape: (64,)
  Pred std: 0.036796, range: 0.302409, mean: 0.077215
  Pos: 99.5%, Neg: 0.5%, Unique: 1273
  Saved validation predictions to: experiments/00_baseline_exploration/sweep2_h16_enc_15/collapse_monitoring/val_predictions_epoch46.npy
  Gradient norms:
    lstm_encoder: 0.016765
    lstm_decoder: 0.007449
    multihead_attn: 0.002445
    output_layer: 0.092733
  VSN output std:
    encoder: 0.168042
  Attention entropy: 2.634991
  Saved to: experiments/00_baseline_exploration/sweep2_h16_enc_15/collapse_monitoring/collapse_monitor_epoch46.json
Epoch 47: val_loss=0.40495532751083374
Epoch 47: train_loss=0.42034628987312317

[CollapseMonitor] Epoch 47
  [DEBUG] Processed 21 batches from val_dataloader
  [DEBUG] Predictions shape after concat: (1285,)
  [DEBUG] All predictions list length: 21
  [DEBUG] First batch shape: (64,)
  Pred std: 0.035238, range: 0.303120, mean: 0.052336
  Pos: 96.6%, Neg: 3.4%, Unique: 1276
  Saved validation predictions to: experiments/00_baseline_exploration/sweep2_h16_enc_15/collapse_monitoring/val_predictions_epoch47.npy
  Gradient norms:
    lstm_encoder: 0.018315
    lstm_decoder: 0.008470
    multihead_attn: 0.002443
    output_layer: 0.098337
  VSN output std:
    encoder: 0.167171
  Attention entropy: 2.636703
  Saved to: experiments/00_baseline_exploration/sweep2_h16_enc_15/collapse_monitoring/collapse_monitor_epoch47.json
Epoch 48: val_loss=0.40333983302116394
Epoch 48: train_loss=0.41826337575912476

[CollapseMonitor] Epoch 48
  [DEBUG] Processed 21 batches from val_dataloader
  [DEBUG] Predictions shape after concat: (1285,)
  [DEBUG] All predictions list length: 21
  [DEBUG] First batch shape: (64,)
  Pred std: 0.036962, range: 0.300795, mean: 0.089180
  Pos: 99.8%, Neg: 0.2%, Unique: 1275
  Saved validation predictions to: experiments/00_baseline_exploration/sweep2_h16_enc_15/collapse_monitoring/val_predictions_epoch48.npy
  Gradient norms:
    lstm_encoder: 0.017868
    lstm_decoder: 0.007637
    multihead_attn: 0.002479
    output_layer: 0.087399
  VSN output std:
    encoder: 0.168269
  Attention entropy: 2.619138
  Saved to: experiments/00_baseline_exploration/sweep2_h16_enc_15/collapse_monitoring/collapse_monitor_epoch48.json
Epoch 49: val_loss=0.40382468700408936
Epoch 49: train_loss=0.41967451572418213

[CollapseMonitor] Epoch 49
  [DEBUG] Processed 21 batches from val_dataloader
  [DEBUG] Predictions shape after concat: (1285,)
  [DEBUG] All predictions list length: 21
  [DEBUG] First batch shape: (64,)
  Pred std: 0.036043, range: 0.278280, mean: 0.078655
  Pos: 99.1%, Neg: 0.9%, Unique: 1277
  Saved validation predictions to: experiments/00_baseline_exploration/sweep2_h16_enc_15/collapse_monitoring/val_predictions_epoch49.npy
  Gradient norms:
    lstm_encoder: 0.018195
    lstm_decoder: 0.007858
    multihead_attn: 0.002399
    output_layer: 0.093712
  VSN output std:
    encoder: 0.169298
  Attention entropy: 2.627185
  Saved to: experiments/00_baseline_exploration/sweep2_h16_enc_15/collapse_monitoring/collapse_monitor_epoch49.json
Epoch 50: val_loss=0.4041000306606293
Epoch 50: train_loss=0.4206889867782593

[CollapseMonitor] Epoch 50
  [DEBUG] Processed 21 batches from val_dataloader
  [DEBUG] Predictions shape after concat: (1285,)
  [DEBUG] All predictions list length: 21
  [DEBUG] First batch shape: (64,)
  Pred std: 0.037051, range: 0.293796, mean: 0.065284
  Pos: 98.1%, Neg: 1.9%, Unique: 1276
  Saved validation predictions to: experiments/00_baseline_exploration/sweep2_h16_enc_15/collapse_monitoring/val_predictions_epoch50.npy
  Gradient norms:
    lstm_encoder: 0.019512
    lstm_decoder: 0.008743
    multihead_attn: 0.002419
    output_layer: 0.097298
  VSN output std:
    encoder: 0.167972
  Attention entropy: 2.628989
  Saved to: experiments/00_baseline_exploration/sweep2_h16_enc_15/collapse_monitoring/collapse_monitor_epoch50.json
Epoch 51: val_loss=0.4040675163269043
Epoch 51: train_loss=0.4204103648662567

[CollapseMonitor] Epoch 51
  [DEBUG] Processed 21 batches from val_dataloader
  [DEBUG] Predictions shape after concat: (1285,)
  [DEBUG] All predictions list length: 21
  [DEBUG] First batch shape: (64,)
  Pred std: 0.036801, range: 0.295028, mean: 0.078215
  Pos: 98.8%, Neg: 1.2%, Unique: 1273
  Saved validation predictions to: experiments/00_baseline_exploration/sweep2_h16_enc_15/collapse_monitoring/val_predictions_epoch51.npy
  Gradient norms:
    lstm_encoder: 0.020553
    lstm_decoder: 0.008270
    multihead_attn: 0.002542
    output_layer: 0.093063
  VSN output std:
    encoder: 0.167207
  Attention entropy: 2.629082
  Saved to: experiments/00_baseline_exploration/sweep2_h16_enc_15/collapse_monitoring/collapse_monitor_epoch51.json
Epoch 52: val_loss=0.4038745164871216
Epoch 52: train_loss=0.41969549655914307

[CollapseMonitor] Epoch 52
  [DEBUG] Processed 21 batches from val_dataloader
  [DEBUG] Predictions shape after concat: (1285,)
  [DEBUG] All predictions list length: 21
  [DEBUG] First batch shape: (64,)
  Pred std: 0.036570, range: 0.302236, mean: 0.077696
  Pos: 98.5%, Neg: 1.5%, Unique: 1279
  Saved validation predictions to: experiments/00_baseline_exploration/sweep2_h16_enc_15/collapse_monitoring/val_predictions_epoch52.npy
  Gradient norms:
    lstm_encoder: 0.020465
    lstm_decoder: 0.008774
    multihead_attn: 0.002452
    output_layer: 0.095059
  VSN output std:
    encoder: 0.166442
  Attention entropy: 2.623410
  Saved to: experiments/00_baseline_exploration/sweep2_h16_enc_15/collapse_monitoring/collapse_monitor_epoch52.json
Epoch 53: val_loss=0.4058524966239929
Epoch 53: train_loss=0.4193664789199829

[CollapseMonitor] Epoch 53
  [DEBUG] Processed 21 batches from val_dataloader
  [DEBUG] Predictions shape after concat: (1285,)
  [DEBUG] All predictions list length: 21
  [DEBUG] First batch shape: (64,)
  Pred std: 0.037390, range: 0.288546, mean: 0.090567
  Pos: 99.2%, Neg: 0.8%, Unique: 1274
  Saved validation predictions to: experiments/00_baseline_exploration/sweep2_h16_enc_15/collapse_monitoring/val_predictions_epoch53.npy
  Gradient norms:
    lstm_encoder: 0.020435
    lstm_decoder: 0.008729
    multihead_attn: 0.002526
    output_layer: 0.093656
  VSN output std:
    encoder: 0.165281
  Attention entropy: 2.632276
  Saved to: experiments/00_baseline_exploration/sweep2_h16_enc_15/collapse_monitoring/collapse_monitor_epoch53.json
Epoch 54: val_loss=0.4042360186576843
Epoch 54: train_loss=0.42027729749679565

[CollapseMonitor] Epoch 54
  [DEBUG] Processed 21 batches from val_dataloader
  [DEBUG] Predictions shape after concat: (1285,)
  [DEBUG] All predictions list length: 21
  [DEBUG] First batch shape: (64,)
  Pred std: 0.040946, range: 0.319916, mean: 0.083113
  Pos: 98.4%, Neg: 1.6%, Unique: 1277
  Saved validation predictions to: experiments/00_baseline_exploration/sweep2_h16_enc_15/collapse_monitoring/val_predictions_epoch54.npy
  Gradient norms:
    lstm_encoder: 0.022358
    lstm_decoder: 0.009423
    multihead_attn: 0.002733
    output_layer: 0.096214
  VSN output std:
    encoder: 0.165531
  Attention entropy: 2.627458
  Saved to: experiments/00_baseline_exploration/sweep2_h16_enc_15/collapse_monitoring/collapse_monitor_epoch54.json
Epoch 55: val_loss=0.4038930833339691
Epoch 55: train_loss=0.4196051359176636

[CollapseMonitor] Epoch 55
  [DEBUG] Processed 21 batches from val_dataloader
  [DEBUG] Predictions shape after concat: (1285,)
  [DEBUG] All predictions list length: 21
  [DEBUG] First batch shape: (64,)
  Pred std: 0.038835, range: 0.306385, mean: 0.085888
  Pos: 98.4%, Neg: 1.6%, Unique: 1274
  Saved validation predictions to: experiments/00_baseline_exploration/sweep2_h16_enc_15/collapse_monitoring/val_predictions_epoch55.npy
  Gradient norms:
    lstm_encoder: 0.021376
    lstm_decoder: 0.008391
    multihead_attn: 0.002539
    output_layer: 0.089709
  VSN output std:
    encoder: 0.165936
  Attention entropy: 2.625832
  Saved to: experiments/00_baseline_exploration/sweep2_h16_enc_15/collapse_monitoring/collapse_monitor_epoch55.json


======================================================================
Training complete
======================================================================

Best model checkpoint: experiments/00_baseline_exploration/sweep2_h16_enc_15/checkpoints/tft-epoch=45-val_loss=0.4031.ckpt
Best validation loss: 0.403145
Completed at: 2025-10-29 18:27:23
Log saved to: experiments/00_baseline_exploration/sweep2_h16_enc_15/training_20251029_175549.log
======================================================================
