Logging to: experiments/04_custom_losses/h16d010_dirw2.0/attention_analysis_year/attention_analysis_20251123_165419.log
Analysis started at: 2025-11-23 16:54:19
======================================================================
Experiment: 04_custom_losses/h16d010_dirw2.0
Output directory: experiments/04_custom_losses/h16d010_dirw2.0/attention_analysis_year
Using best checkpoint: experiments/04_custom_losses/h16d010_dirw2.0/checkpoints/tft-epoch=50-val_loss=0.4187.ckpt

Loading data...
Loading test data from: data/splits/vintage/core_proposal_daily_vintage_test.csv
  Train samples: 6074
  Test samples: 1302

Preparing test dataset...
Test dataset size after filtering: 1282

Loading model...
Loading model from: experiments/04_custom_losses/h16d010_dirw2.0/checkpoints/tft-epoch=50-val_loss=0.4187.ckpt
  Loaded baseline model, moved to device: cuda

Extracting attention patterns...
Extracting attention patterns...
Total batches to process: 11
  Processed 10/11 batches

Total predictions: 1282
Total actuals: 1282
Attention shape: (1282, 20)
Encoder variables shape: (1282, 5)

Prediction period: 2020-08-17T00:00:00.000000000 to 2025-10-06T00:00:00.000000000
Total predictions: 1282

Creating temporal periods:
  2020: 94 samples
  2021: 250 samples
  2022: 249 samples
  2023: 249 samples
  2024: 250 samples
  2025: 190 samples

Attention over 20 encoder timesteps

Analyzing attention patterns by period...

Comparing attention patterns across periods...

Creating visualizations...
Saved attention heatmap: experiments/04_custom_losses/h16d010_dirw2.0/attention_analysis_year/attention_heatmap.png
Saved attention trends: experiments/04_custom_losses/h16d010_dirw2.0/attention_analysis_year/attention_trends.png
Saved feature importance comparison: experiments/04_custom_losses/h16d010_dirw2.0/attention_analysis_year/temporal_attention_comparison.png

Saving results...
Saved results: experiments/04_custom_losses/h16d010_dirw2.0/attention_analysis_year/attention_analysis_results.json

======================================================================
ATTENTION ANALYSIS SUMMARY
======================================================================

Per-Period Statistics:
----------------------------------------------------------------------

2020:
  Samples: 94
  Entropy: 2.7314 Ã‚Â± 0.3500
  Concentration: 0.0532
  Top 5 features:
    t-1                            0.0806
    t-2                            0.0724
    t-3                            0.0662
    t-4                            0.0625
    t-5                            0.0597

2021:
  Samples: 250
  Entropy: 2.8081 Ã‚Â± 0.3726
  Concentration: 0.0512
  Top 5 features:
    t-1                            0.0684
    t-2                            0.0647
    t-3                            0.0601
    t-4                            0.0564
    t-5                            0.0548

2022:
  Samples: 249
  Entropy: 2.5765 Ã‚Â± 0.4075
  Concentration: 0.0565
  Top 5 features:
    t-1                            0.0904
    t-2                            0.0776
    t-3                            0.0699
    t-4                            0.0651
    t-5                            0.0621

2023:
  Samples: 249
  Entropy: 2.9543 Ã‚Â± 0.1117
  Concentration: 0.0504
  Top 5 features:
    t-1                            0.0576
    t-2                            0.0565
    t-3                            0.0554
    t-4                            0.0544
    t-5                            0.0536

2024:
  Samples: 250
  Entropy: 2.9292 Ã‚Â± 0.3501
  Concentration: 0.0502
  Top 5 features:
    t-1                            0.0569
    t-2                            0.0564
    t-3                            0.0556
    t-4                            0.0546
    t-5                            0.0532

2025:
  Samples: 190
  Entropy: 2.8459 Ã‚Â± 0.4007
  Concentration: 0.0505
  Top 5 features:
    t-1                            0.0650
    t-2                            0.0577
    t-3                            0.0550
    t-4                            0.0535
    t-5                            0.0521

----------------------------------------------------------------------
Period Comparisons:
----------------------------------------------------------------------

2020_vs_2021:
  Cosine similarity: 0.9951
  L2 distance: 0.0231
  Entropy change: 0.0767
  Concentration change: -0.0021

2020_vs_2022:
  Cosine similarity: 0.9937
  L2 distance: 0.0272
  Entropy change: -0.1549
  Concentration change: 0.0032

2020_vs_2023:
  Cosine similarity: 0.9858
  L2 distance: 0.0389
  Entropy change: 0.2229
  Concentration change: -0.0029

2020_vs_2024:
  Cosine similarity: 0.9834
  L2 distance: 0.0419
  Entropy change: 0.1977
  Concentration change: -0.0030

2020_vs_2025:
  Cosine similarity: 0.9871
  L2 distance: 0.0370
  Entropy change: 0.1145
  Concentration change: -0.0028

2021_vs_2022:
  Cosine similarity: 0.9802
  L2 distance: 0.0476
  Entropy change: -0.2316
  Concentration change: 0.0053

2021_vs_2023:
  Cosine similarity: 0.9973
  L2 distance: 0.0166
  Entropy change: 0.1462
  Concentration change: -0.0008

2021_vs_2024:
  Cosine similarity: 0.9963
  L2 distance: 0.0194
  Entropy change: 0.1211
  Concentration change: -0.0009

2021_vs_2025:
  Cosine similarity: 0.9979
  L2 distance: 0.0148
  Entropy change: 0.0378
  Concentration change: -0.0007

2022_vs_2023:
  Cosine similarity: 0.9658
  L2 distance: 0.0618
  Entropy change: 0.3778
  Concentration change: -0.0061

2022_vs_2024:
  Cosine similarity: 0.9606
  L2 distance: 0.0662
  Entropy change: 0.3527
  Concentration change: -0.0062

2022_vs_2025:
  Cosine similarity: 0.9662
  L2 distance: 0.0614
  Entropy change: 0.2694
  Concentration change: -0.0060

2023_vs_2024:
  Cosine similarity: 0.9996
  L2 distance: 0.0065
  Entropy change: -0.0251
  Concentration change: -0.0001

2023_vs_2025:
  Cosine similarity: 0.9991
  L2 distance: 0.0098
  Entropy change: -0.1084
  Concentration change: 0.0001

2024_vs_2025:
  Cosine similarity: 0.9992
  L2 distance: 0.0088
  Entropy change: -0.0833
  Concentration change: 0.0002

======================================================================

Analysis complete!
Results saved to: experiments/04_custom_losses/h16d010_dirw2.0/attention_analysis_year
  - attention_analysis_results.json
  - attention_heatmap.png
  - attention_trends.png
  - temporal_attention_comparison.png
