2025-11-29 23:42:18 | INFO     | ================================================================================
2025-11-29 23:42:18 | INFO     | ROLLING WINDOW EVALUATION
2025-11-29 23:42:18 | INFO     | ================================================================================
2025-11-29 23:42:18 | INFO     | Started at: 2025-11-29 23:42:18
2025-11-29 23:42:18 | INFO     | Log file: experiments/06b_rolling/weekly_h16_enc12_d015_bs16/06b_rolling_weekly_h16_enc12_d015_bs16_rolling_20251129_234218.log
2025-11-29 23:42:18 | INFO     | 
2025-11-29 23:42:18 | INFO     | Configuration:
2025-11-29 23:42:18 | INFO     |   Mode: rolling
2025-11-29 23:42:18 | INFO     |   Train years: 10
2025-11-29 23:42:18 | INFO     |   Val years: 1
2025-11-29 23:42:18 | INFO     |   Test years: 1
2025-11-29 23:42:18 | INFO     |   Step years: 1
2025-11-29 23:42:18 | INFO     |   Test range: 2016 - 2024
2025-11-29 23:42:18 | INFO     |   Feature set: core_proposal
2025-11-29 23:42:18 | INFO     |   Frequency: weekly
2025-11-29 23:42:18 | INFO     |   Alignment: vintage
2025-11-29 23:42:18 | INFO     |   Enhanced: False
2025-11-29 23:42:18 | INFO     |   Experiment prefix: 06b_rolling/weekly_h16_enc12_d015_bs16
2025-11-29 23:42:18 | INFO     |   Dry run: False
2025-11-29 23:42:18 | INFO     | 
2025-11-29 23:42:18 | INFO     | ================================================================================
2025-11-29 23:42:18 | INFO     | FOLD SUMMARY
2025-11-29 23:42:18 | INFO     | ================================================================================
2025-11-29 23:42:18 | INFO     | Fold         Train                     Val                       Test                      Train Yrs 
2025-11-29 23:42:18 | INFO     | --------------------------------------------------------------------------------
2025-11-29 23:42:18 | INFO     | fold_2016    2005-01-01 to 2014-12-31  2015-01-01 to 2015-12-31  2016-01-01 to 2016-12-31  10        
2025-11-29 23:42:18 | INFO     | fold_2017    2006-01-01 to 2015-12-31  2016-01-01 to 2016-12-31  2017-01-01 to 2017-12-31  10        
2025-11-29 23:42:18 | INFO     | fold_2018    2007-01-01 to 2016-12-31  2017-01-01 to 2017-12-31  2018-01-01 to 2018-12-31  10        
2025-11-29 23:42:18 | INFO     | fold_2019    2008-01-01 to 2017-12-31  2018-01-01 to 2018-12-31  2019-01-01 to 2019-12-31  10        
2025-11-29 23:42:18 | INFO     | fold_2020    2009-01-01 to 2018-12-31  2019-01-01 to 2019-12-31  2020-01-01 to 2020-12-31  10        
2025-11-29 23:42:18 | INFO     | fold_2021    2010-01-01 to 2019-12-31  2020-01-01 to 2020-12-31  2021-01-01 to 2021-12-31  10        
2025-11-29 23:42:18 | INFO     | fold_2022    2011-01-01 to 2020-12-31  2021-01-01 to 2021-12-31  2022-01-01 to 2022-12-31  10        
2025-11-29 23:42:18 | INFO     | fold_2023    2012-01-01 to 2021-12-31  2022-01-01 to 2022-12-31  2023-01-01 to 2023-12-31  10        
2025-11-29 23:42:18 | INFO     | fold_2024    2013-01-01 to 2022-12-31  2023-01-01 to 2023-12-31  2024-01-01 to 2024-12-31  10        
2025-11-29 23:42:18 | INFO     | ================================================================================
2025-11-29 23:42:18 | INFO     | Total folds: 9
2025-11-29 23:42:18 | INFO     | ================================================================================

2025-11-29 23:42:18 | INFO     | Saved folds configuration to: experiments/06b_rolling/weekly_h16_enc12_d015_bs16/folds_config.json
2025-11-29 23:42:18 | INFO     | 
[FOLD 1/9]
2025-11-29 23:42:18 | INFO     | 
2025-11-29 23:42:18 | INFO     | ================================================================================
2025-11-29 23:42:18 | INFO     | PROCESSING FOLD_2016
2025-11-29 23:42:18 | INFO     |   Test period: 2016-01-01 to 2016-12-31
2025-11-29 23:42:18 | INFO     |   Training samples: ~10 years
2025-11-29 23:42:18 | INFO     | ================================================================================
2025-11-29 23:42:18 | INFO     | [CMD] Creating splits for fold_2016
2025-11-29 23:42:18 | DEBUG    |   python scripts/create_splits.py --feature-set core_proposal --frequency weekly --data-version vintage --train-start 2005-01-01 --train-end 2014-12-31 --val-end 2015-12-31 --test-end 2016-12-31 --output-dir data/splits/rolling/fold_2016
2025-11-29 23:42:18 | INFO     |   ✓ Completed successfully
2025-11-29 23:42:18 | INFO     | [CMD] Training fold_2016
2025-11-29 23:42:18 | DEBUG    |   python train/train_tft.py --experiment-name 06b_rolling/weekly_h16_enc12_d015_bs16/fold_2016 --feature-set core_proposal --frequency weekly --alignment vintage --splits-dir data/splits/rolling/fold_2016 --seed 42 --hidden-size 16 --attention-heads 2 --dropout 0.15 --max-encoder-length 12 --learning-rate 0.0005 --batch-size 16 --max-epochs 100 --early-stop-patience 15 --gradient-clip 0.1
2025-11-29 23:44:41 | INFO     |   ✓ Completed successfully
2025-11-29 23:44:41 | INFO     | [CMD] Evaluating fold_2016
2025-11-29 23:44:41 | DEBUG    |   python train/evaluate_tft.py --experiment-name 06b_rolling/weekly_h16_enc12_d015_bs16/fold_2016 --batch-size 128
2025-11-29 23:44:46 | INFO     |   ✓ Completed successfully
2025-11-29 23:44:46 | INFO     |   ✓ fold_2016 completed successfully
2025-11-29 23:44:46 | INFO     | 
[FOLD 2/9]
2025-11-29 23:44:46 | INFO     | 
2025-11-29 23:44:46 | INFO     | ================================================================================
2025-11-29 23:44:46 | INFO     | PROCESSING FOLD_2017
2025-11-29 23:44:46 | INFO     |   Test period: 2017-01-01 to 2017-12-31
2025-11-29 23:44:46 | INFO     |   Training samples: ~10 years
2025-11-29 23:44:46 | INFO     | ================================================================================
2025-11-29 23:44:46 | INFO     | [CMD] Creating splits for fold_2017
2025-11-29 23:44:46 | DEBUG    |   python scripts/create_splits.py --feature-set core_proposal --frequency weekly --data-version vintage --train-start 2006-01-01 --train-end 2015-12-31 --val-end 2016-12-31 --test-end 2017-12-31 --output-dir data/splits/rolling/fold_2017
2025-11-29 23:44:46 | INFO     |   ✓ Completed successfully
2025-11-29 23:44:46 | INFO     | [CMD] Training fold_2017
2025-11-29 23:44:46 | DEBUG    |   python train/train_tft.py --experiment-name 06b_rolling/weekly_h16_enc12_d015_bs16/fold_2017 --feature-set core_proposal --frequency weekly --alignment vintage --splits-dir data/splits/rolling/fold_2017 --seed 42 --hidden-size 16 --attention-heads 2 --dropout 0.15 --max-encoder-length 12 --learning-rate 0.0005 --batch-size 16 --max-epochs 100 --early-stop-patience 15 --gradient-clip 0.1
2025-11-29 23:50:17 | INFO     |   ✓ Completed successfully
2025-11-29 23:50:17 | INFO     | [CMD] Evaluating fold_2017
2025-11-29 23:50:17 | DEBUG    |   python train/evaluate_tft.py --experiment-name 06b_rolling/weekly_h16_enc12_d015_bs16/fold_2017 --batch-size 128
2025-11-29 23:50:21 | INFO     |   ✓ Completed successfully
2025-11-29 23:50:21 | INFO     |   ✓ fold_2017 completed successfully
2025-11-29 23:50:21 | INFO     | 
[FOLD 3/9]
2025-11-29 23:50:21 | INFO     | 
2025-11-29 23:50:21 | INFO     | ================================================================================
2025-11-29 23:50:21 | INFO     | PROCESSING FOLD_2018
2025-11-29 23:50:21 | INFO     |   Test period: 2018-01-01 to 2018-12-31
2025-11-29 23:50:21 | INFO     |   Training samples: ~10 years
2025-11-29 23:50:21 | INFO     | ================================================================================
2025-11-29 23:50:21 | INFO     | [CMD] Creating splits for fold_2018
2025-11-29 23:50:21 | DEBUG    |   python scripts/create_splits.py --feature-set core_proposal --frequency weekly --data-version vintage --train-start 2007-01-01 --train-end 2016-12-31 --val-end 2017-12-31 --test-end 2018-12-31 --output-dir data/splits/rolling/fold_2018
2025-11-29 23:50:22 | INFO     |   ✓ Completed successfully
2025-11-29 23:50:22 | INFO     | [CMD] Training fold_2018
2025-11-29 23:50:22 | DEBUG    |   python train/train_tft.py --experiment-name 06b_rolling/weekly_h16_enc12_d015_bs16/fold_2018 --feature-set core_proposal --frequency weekly --alignment vintage --splits-dir data/splits/rolling/fold_2018 --seed 42 --hidden-size 16 --attention-heads 2 --dropout 0.15 --max-encoder-length 12 --learning-rate 0.0005 --batch-size 16 --max-epochs 100 --early-stop-patience 15 --gradient-clip 0.1
2025-11-29 23:51:56 | INFO     |   ✓ Completed successfully
2025-11-29 23:51:56 | INFO     | [CMD] Evaluating fold_2018
2025-11-29 23:51:56 | DEBUG    |   python train/evaluate_tft.py --experiment-name 06b_rolling/weekly_h16_enc12_d015_bs16/fold_2018 --batch-size 128
2025-11-29 23:52:00 | INFO     |   ✓ Completed successfully
2025-11-29 23:52:00 | INFO     |   ✓ fold_2018 completed successfully
2025-11-29 23:52:00 | INFO     | 
[FOLD 4/9]
2025-11-29 23:52:00 | INFO     | 
2025-11-29 23:52:00 | INFO     | ================================================================================
2025-11-29 23:52:00 | INFO     | PROCESSING FOLD_2019
2025-11-29 23:52:00 | INFO     |   Test period: 2019-01-01 to 2019-12-31
2025-11-29 23:52:00 | INFO     |   Training samples: ~10 years
2025-11-29 23:52:00 | INFO     | ================================================================================
2025-11-29 23:52:00 | INFO     | [CMD] Creating splits for fold_2019
2025-11-29 23:52:00 | DEBUG    |   python scripts/create_splits.py --feature-set core_proposal --frequency weekly --data-version vintage --train-start 2008-01-01 --train-end 2017-12-31 --val-end 2018-12-31 --test-end 2019-12-31 --output-dir data/splits/rolling/fold_2019
2025-11-29 23:52:00 | INFO     |   ✓ Completed successfully
2025-11-29 23:52:00 | INFO     | [CMD] Training fold_2019
2025-11-29 23:52:00 | DEBUG    |   python train/train_tft.py --experiment-name 06b_rolling/weekly_h16_enc12_d015_bs16/fold_2019 --feature-set core_proposal --frequency weekly --alignment vintage --splits-dir data/splits/rolling/fold_2019 --seed 42 --hidden-size 16 --attention-heads 2 --dropout 0.15 --max-encoder-length 12 --learning-rate 0.0005 --batch-size 16 --max-epochs 100 --early-stop-patience 15 --gradient-clip 0.1
2025-11-29 23:55:51 | INFO     |   ✓ Completed successfully
2025-11-29 23:55:51 | INFO     | [CMD] Evaluating fold_2019
2025-11-29 23:55:51 | DEBUG    |   python train/evaluate_tft.py --experiment-name 06b_rolling/weekly_h16_enc12_d015_bs16/fold_2019 --batch-size 128
2025-11-29 23:55:55 | INFO     |   ✓ Completed successfully
2025-11-29 23:55:55 | INFO     |   ✓ fold_2019 completed successfully
2025-11-29 23:55:55 | INFO     | 
[FOLD 5/9]
2025-11-29 23:55:55 | INFO     | 
2025-11-29 23:55:55 | INFO     | ================================================================================
2025-11-29 23:55:55 | INFO     | PROCESSING FOLD_2020
2025-11-29 23:55:55 | INFO     |   Test period: 2020-01-01 to 2020-12-31
2025-11-29 23:55:55 | INFO     |   Training samples: ~10 years
2025-11-29 23:55:55 | INFO     | ================================================================================
2025-11-29 23:55:55 | INFO     | [CMD] Creating splits for fold_2020
2025-11-29 23:55:55 | DEBUG    |   python scripts/create_splits.py --feature-set core_proposal --frequency weekly --data-version vintage --train-start 2009-01-01 --train-end 2018-12-31 --val-end 2019-12-31 --test-end 2020-12-31 --output-dir data/splits/rolling/fold_2020
2025-11-29 23:55:56 | INFO     |   ✓ Completed successfully
2025-11-29 23:55:56 | INFO     | [CMD] Training fold_2020
2025-11-29 23:55:56 | DEBUG    |   python train/train_tft.py --experiment-name 06b_rolling/weekly_h16_enc12_d015_bs16/fold_2020 --feature-set core_proposal --frequency weekly --alignment vintage --splits-dir data/splits/rolling/fold_2020 --seed 42 --hidden-size 16 --attention-heads 2 --dropout 0.15 --max-encoder-length 12 --learning-rate 0.0005 --batch-size 16 --max-epochs 100 --early-stop-patience 15 --gradient-clip 0.1
2025-11-29 23:58:13 | INFO     |   ✓ Completed successfully
2025-11-29 23:58:13 | INFO     | [CMD] Evaluating fold_2020
2025-11-29 23:58:13 | DEBUG    |   python train/evaluate_tft.py --experiment-name 06b_rolling/weekly_h16_enc12_d015_bs16/fold_2020 --batch-size 128
2025-11-29 23:58:18 | INFO     |   ✓ Completed successfully
2025-11-29 23:58:18 | INFO     |   ✓ fold_2020 completed successfully
2025-11-29 23:58:18 | INFO     | 
[FOLD 6/9]
2025-11-29 23:58:18 | INFO     | 
2025-11-29 23:58:18 | INFO     | ================================================================================
2025-11-29 23:58:18 | INFO     | PROCESSING FOLD_2021
2025-11-29 23:58:18 | INFO     |   Test period: 2021-01-01 to 2021-12-31
2025-11-29 23:58:18 | INFO     |   Training samples: ~10 years
2025-11-29 23:58:18 | INFO     | ================================================================================
2025-11-29 23:58:18 | INFO     | [CMD] Creating splits for fold_2021
2025-11-29 23:58:18 | DEBUG    |   python scripts/create_splits.py --feature-set core_proposal --frequency weekly --data-version vintage --train-start 2010-01-01 --train-end 2019-12-31 --val-end 2020-12-31 --test-end 2021-12-31 --output-dir data/splits/rolling/fold_2021
2025-11-29 23:58:18 | INFO     |   ✓ Completed successfully
2025-11-29 23:58:18 | INFO     | [CMD] Training fold_2021
2025-11-29 23:58:18 | DEBUG    |   python train/train_tft.py --experiment-name 06b_rolling/weekly_h16_enc12_d015_bs16/fold_2021 --feature-set core_proposal --frequency weekly --alignment vintage --splits-dir data/splits/rolling/fold_2021 --seed 42 --hidden-size 16 --attention-heads 2 --dropout 0.15 --max-encoder-length 12 --learning-rate 0.0005 --batch-size 16 --max-epochs 100 --early-stop-patience 15 --gradient-clip 0.1
2025-11-30 00:04:15 | INFO     |   ✓ Completed successfully
2025-11-30 00:04:15 | INFO     | [CMD] Evaluating fold_2021
2025-11-30 00:04:15 | DEBUG    |   python train/evaluate_tft.py --experiment-name 06b_rolling/weekly_h16_enc12_d015_bs16/fold_2021 --batch-size 128
2025-11-30 00:04:19 | INFO     |   ✓ Completed successfully
2025-11-30 00:04:19 | INFO     |   ✓ fold_2021 completed successfully
2025-11-30 00:04:19 | INFO     | 
[FOLD 7/9]
2025-11-30 00:04:19 | INFO     | 
2025-11-30 00:04:19 | INFO     | ================================================================================
2025-11-30 00:04:19 | INFO     | PROCESSING FOLD_2022
2025-11-30 00:04:19 | INFO     |   Test period: 2022-01-01 to 2022-12-31
2025-11-30 00:04:19 | INFO     |   Training samples: ~10 years
2025-11-30 00:04:19 | INFO     | ================================================================================
2025-11-30 00:04:19 | INFO     | [CMD] Creating splits for fold_2022
2025-11-30 00:04:19 | DEBUG    |   python scripts/create_splits.py --feature-set core_proposal --frequency weekly --data-version vintage --train-start 2011-01-01 --train-end 2020-12-31 --val-end 2021-12-31 --test-end 2022-12-31 --output-dir data/splits/rolling/fold_2022
2025-11-30 00:04:19 | INFO     |   ✓ Completed successfully
2025-11-30 00:04:19 | INFO     | [CMD] Training fold_2022
2025-11-30 00:04:19 | DEBUG    |   python train/train_tft.py --experiment-name 06b_rolling/weekly_h16_enc12_d015_bs16/fold_2022 --feature-set core_proposal --frequency weekly --alignment vintage --splits-dir data/splits/rolling/fold_2022 --seed 42 --hidden-size 16 --attention-heads 2 --dropout 0.15 --max-encoder-length 12 --learning-rate 0.0005 --batch-size 16 --max-epochs 100 --early-stop-patience 15 --gradient-clip 0.1
2025-11-30 00:08:09 | INFO     |   ✓ Completed successfully
2025-11-30 00:08:09 | INFO     | [CMD] Evaluating fold_2022
2025-11-30 00:08:09 | DEBUG    |   python train/evaluate_tft.py --experiment-name 06b_rolling/weekly_h16_enc12_d015_bs16/fold_2022 --batch-size 128
2025-11-30 00:08:14 | INFO     |   ✓ Completed successfully
2025-11-30 00:08:14 | INFO     |   ✓ fold_2022 completed successfully
2025-11-30 00:08:14 | INFO     | 
[FOLD 8/9]
2025-11-30 00:08:14 | INFO     | 
2025-11-30 00:08:14 | INFO     | ================================================================================
2025-11-30 00:08:14 | INFO     | PROCESSING FOLD_2023
2025-11-30 00:08:14 | INFO     |   Test period: 2023-01-01 to 2023-12-31
2025-11-30 00:08:14 | INFO     |   Training samples: ~10 years
2025-11-30 00:08:14 | INFO     | ================================================================================
2025-11-30 00:08:14 | INFO     | [CMD] Creating splits for fold_2023
2025-11-30 00:08:14 | DEBUG    |   python scripts/create_splits.py --feature-set core_proposal --frequency weekly --data-version vintage --train-start 2012-01-01 --train-end 2021-12-31 --val-end 2022-12-31 --test-end 2023-12-31 --output-dir data/splits/rolling/fold_2023
2025-11-30 00:08:14 | INFO     |   ✓ Completed successfully
2025-11-30 00:08:14 | INFO     | [CMD] Training fold_2023
2025-11-30 00:08:14 | DEBUG    |   python train/train_tft.py --experiment-name 06b_rolling/weekly_h16_enc12_d015_bs16/fold_2023 --feature-set core_proposal --frequency weekly --alignment vintage --splits-dir data/splits/rolling/fold_2023 --seed 42 --hidden-size 16 --attention-heads 2 --dropout 0.15 --max-encoder-length 12 --learning-rate 0.0005 --batch-size 16 --max-epochs 100 --early-stop-patience 15 --gradient-clip 0.1
2025-11-30 00:12:43 | INFO     |   ✓ Completed successfully
2025-11-30 00:12:43 | INFO     | [CMD] Evaluating fold_2023
2025-11-30 00:12:43 | DEBUG    |   python train/evaluate_tft.py --experiment-name 06b_rolling/weekly_h16_enc12_d015_bs16/fold_2023 --batch-size 128
2025-11-30 00:12:47 | INFO     |   ✓ Completed successfully
2025-11-30 00:12:47 | INFO     |   ✓ fold_2023 completed successfully
2025-11-30 00:12:47 | INFO     | 
[FOLD 9/9]
2025-11-30 00:12:47 | INFO     | 
2025-11-30 00:12:47 | INFO     | ================================================================================
2025-11-30 00:12:47 | INFO     | PROCESSING FOLD_2024
2025-11-30 00:12:47 | INFO     |   Test period: 2024-01-01 to 2024-12-31
2025-11-30 00:12:47 | INFO     |   Training samples: ~10 years
2025-11-30 00:12:47 | INFO     | ================================================================================
2025-11-30 00:12:47 | INFO     | [CMD] Creating splits for fold_2024
2025-11-30 00:12:47 | DEBUG    |   python scripts/create_splits.py --feature-set core_proposal --frequency weekly --data-version vintage --train-start 2013-01-01 --train-end 2022-12-31 --val-end 2023-12-31 --test-end 2024-12-31 --output-dir data/splits/rolling/fold_2024
2025-11-30 00:12:47 | INFO     |   ✓ Completed successfully
2025-11-30 00:12:47 | INFO     | [CMD] Training fold_2024
2025-11-30 00:12:47 | DEBUG    |   python train/train_tft.py --experiment-name 06b_rolling/weekly_h16_enc12_d015_bs16/fold_2024 --feature-set core_proposal --frequency weekly --alignment vintage --splits-dir data/splits/rolling/fold_2024 --seed 42 --hidden-size 16 --attention-heads 2 --dropout 0.15 --max-encoder-length 12 --learning-rate 0.0005 --batch-size 16 --max-epochs 100 --early-stop-patience 15 --gradient-clip 0.1
2025-11-30 00:15:17 | INFO     |   ✓ Completed successfully
2025-11-30 00:15:17 | INFO     | [CMD] Evaluating fold_2024
2025-11-30 00:15:17 | DEBUG    |   python train/evaluate_tft.py --experiment-name 06b_rolling/weekly_h16_enc12_d015_bs16/fold_2024 --batch-size 128
2025-11-30 00:15:21 | INFO     |   ✓ Completed successfully
2025-11-30 00:15:21 | INFO     |   ✓ fold_2024 completed successfully
2025-11-30 00:15:21 | INFO     | 
2025-11-30 00:15:21 | INFO     | ================================================================================
2025-11-30 00:15:21 | INFO     | AGGREGATING RESULTS
2025-11-30 00:15:21 | INFO     | ================================================================================
2025-11-30 00:15:21 | INFO     |   Loaded metrics for fold_2016
2025-11-30 00:15:21 | INFO     |   Loaded metrics for fold_2017
2025-11-30 00:15:21 | INFO     |   Loaded metrics for fold_2018
2025-11-30 00:15:21 | INFO     |   Loaded metrics for fold_2019
2025-11-30 00:15:21 | INFO     |   Loaded metrics for fold_2020
2025-11-30 00:15:21 | INFO     |   Loaded metrics for fold_2021
2025-11-30 00:15:21 | INFO     |   Loaded metrics for fold_2022
2025-11-30 00:15:21 | INFO     |   Loaded metrics for fold_2023
2025-11-30 00:15:21 | INFO     |   Loaded metrics for fold_2024
2025-11-30 00:15:21 | INFO     |   Saved full results to: experiments/06b_rolling/weekly_h16_enc12_d015_bs16/rolling_results_full.csv
2025-11-30 00:15:21 | WARNING  |   No numeric metric columns found for summary
2025-11-30 00:15:21 | INFO     | 
2025-11-30 00:15:21 | INFO     | KEY METRICS ACROSS FOLDS:
2025-11-30 00:15:21 | INFO     | ------------------------------------------------------------
2025-11-30 00:15:21 | INFO     | ------------------------------------------------------------
2025-11-30 00:15:21 | INFO     | 
2025-11-30 00:15:21 | INFO     | ================================================================================
2025-11-30 00:15:21 | INFO     | EXECUTION SUMMARY
2025-11-30 00:15:21 | INFO     | ================================================================================
2025-11-30 00:15:21 | INFO     |   Completed: 9/9 folds
2025-11-30 00:15:21 | INFO     |   Finished at: 2025-11-30 00:15:21
2025-11-30 00:15:21 | INFO     | ================================================================================
