Logging to: experiments/02b_vintage_sweep/baseline_h12_drop0.15/attention_analysis_year/attention_analysis_20251122_181152.log
Analysis started at: 2025-11-22 18:11:52
======================================================================
Experiment: 02b_vintage_sweep/baseline_h12_drop0.15
Output directory: experiments/02b_vintage_sweep/baseline_h12_drop0.15/attention_analysis_year
Using best checkpoint: experiments/02b_vintage_sweep/baseline_h12_drop0.15/checkpoints/tft-epoch=99-val_loss=0.3945.ckpt

Loading data...
Loading test data from: data/splits/vintage/core_proposal_daily_vintage_test.csv
  Train samples: 6074
  Test samples: 1302

Preparing test dataset...
Test dataset size after filtering: 1282

Loading model...
Loading model from: experiments/02b_vintage_sweep/baseline_h12_drop0.15/checkpoints/tft-epoch=99-val_loss=0.3945.ckpt
Model moved to device: cuda

Extracting attention patterns...
Extracting attention patterns...
Total batches to process: 11
  Processed 10/11 batches

Total predictions: 1282
Total actuals: 1282
Attention shape: (1282, 20)
Encoder variables shape: (1282, 5)

Prediction period: 2020-08-17T00:00:00.000000000 to 2025-10-06T00:00:00.000000000
Total predictions: 1282

Creating temporal periods:
  2020: 94 samples
  2021: 250 samples
  2022: 249 samples
  2023: 249 samples
  2024: 250 samples
  2025: 190 samples

Attention over 20 encoder timesteps

Analyzing attention patterns by period...

Comparing attention patterns across periods...

Creating visualizations...
Saved attention heatmap: experiments/02b_vintage_sweep/baseline_h12_drop0.15/attention_analysis_year/attention_heatmap.png
Saved attention trends: experiments/02b_vintage_sweep/baseline_h12_drop0.15/attention_analysis_year/attention_trends.png
Saved feature importance comparison: experiments/02b_vintage_sweep/baseline_h12_drop0.15/attention_analysis_year/temporal_attention_comparison.png

Saving results...
Saved results: experiments/02b_vintage_sweep/baseline_h12_drop0.15/attention_analysis_year/attention_analysis_results.json

======================================================================
ATTENTION ANALYSIS SUMMARY
======================================================================

Per-Period Statistics:
----------------------------------------------------------------------

2020:
  Samples: 94
  Entropy: 2.9544 Ã‚Â± 0.0335
  Concentration: 0.0506
  Top 5 features:
    t-1                            0.0604
    t-2                            0.0588
    t-3                            0.0574
    t-4                            0.0558
    t-5                            0.0545

2021:
  Samples: 250
  Entropy: 2.8704 Ã‚Â± 0.0573
  Concentration: 0.0569
  Top 5 features:
    t-1                            0.0832
    t-2                            0.0800
    t-3                            0.0768
    t-4                            0.0732
    t-5                            0.0692

2022:
  Samples: 249
  Entropy: 2.8619 Ã‚Â± 0.0975
  Concentration: 0.0576
  Top 5 features:
    t-1                            0.0853
    t-2                            0.0822
    t-3                            0.0793
    t-4                            0.0754
    t-5                            0.0706

2023:
  Samples: 249
  Entropy: 2.7405 Ã‚Â± 0.0783
  Concentration: 0.0717
  Top 5 features:
    t-1                            0.1117
    t-2                            0.1048
    t-3                            0.0980
    t-4                            0.0910
    t-5                            0.0835

2024:
  Samples: 250
  Entropy: 2.8164 Ã‚Â± 0.0595
  Concentration: 0.0635
  Top 5 features:
    t-1                            0.0918
    t-2                            0.0884
    t-3                            0.0850
    t-4                            0.0813
    t-5                            0.0772

2025:
  Samples: 190
  Entropy: 2.8872 Ã‚Â± 0.0622
  Concentration: 0.0549
  Top 5 features:
    t-1                            0.0792
    t-2                            0.0756
    t-3                            0.0723
    t-4                            0.0690
    t-5                            0.0658

----------------------------------------------------------------------
Period Comparisons:
----------------------------------------------------------------------

2020_vs_2021:
  Cosine similarity: 0.9683
  L2 distance: 0.0599
  Entropy change: -0.0840
  Concentration change: 0.0064

2020_vs_2022:
  Cosine similarity: 0.9638
  L2 distance: 0.0643
  Entropy change: -0.0925
  Concentration change: 0.0071

2020_vs_2023:
  Cosine similarity: 0.8871
  L2 distance: 0.1243
  Entropy change: -0.2138
  Concentration change: 0.0212

2020_vs_2024:
  Cosine similarity: 0.9298
  L2 distance: 0.0932
  Entropy change: -0.1380
  Concentration change: 0.0130

2020_vs_2025:
  Cosine similarity: 0.9802
  L2 distance: 0.0467
  Entropy change: -0.0672
  Concentration change: 0.0043

2021_vs_2022:
  Cosine similarity: 0.9995
  L2 distance: 0.0077
  Entropy change: -0.0085
  Concentration change: 0.0007

2021_vs_2023:
  Cosine similarity: 0.9740
  L2 distance: 0.0647
  Entropy change: -0.1298
  Concentration change: 0.0148

2021_vs_2024:
  Cosine similarity: 0.9914
  L2 distance: 0.0348
  Entropy change: -0.0540
  Concentration change: 0.0066

2021_vs_2025:
  Cosine similarity: 0.9986
  L2 distance: 0.0134
  Entropy change: 0.0168
  Concentration change: -0.0020

2022_vs_2023:
  Cosine similarity: 0.9778
  L2 distance: 0.0602
  Entropy change: -0.1213
  Concentration change: 0.0141

2022_vs_2024:
  Cosine similarity: 0.9922
  L2 distance: 0.0330
  Entropy change: -0.0455
  Concentration change: 0.0059

2022_vs_2025:
  Cosine similarity: 0.9973
  L2 distance: 0.0184
  Entropy change: 0.0253
  Concentration change: -0.0027

2023_vs_2024:
  Cosine similarity: 0.9919
  L2 distance: 0.0367
  Entropy change: 0.0758
  Concentration change: -0.0082

2023_vs_2025:
  Cosine similarity: 0.9608
  L2 distance: 0.0778
  Entropy change: 0.1467
  Concentration change: -0.0168

2024_vs_2025:
  Cosine similarity: 0.9834
  L2 distance: 0.0477
  Entropy change: 0.0708
  Concentration change: -0.0086

======================================================================

Analysis complete!
Results saved to: experiments/02b_vintage_sweep/baseline_h12_drop0.15/attention_analysis_year
  - attention_analysis_results.json
  - attention_heatmap.png
  - attention_trends.png
  - temporal_attention_comparison.png
