Logging to: experiments/12b_feature_sweep/macro_heavy_daily_7q_h10_d015_s42/attention_analysis_year/attention_analysis_20251213_234049.log
Analysis started at: 2025-12-13 23:40:49
======================================================================
Experiment: 12b_feature_sweep/macro_heavy_daily_7q_h10_d015_s42
Output directory: experiments/12b_feature_sweep/macro_heavy_daily_7q_h10_d015_s42/attention_analysis_year
Using best checkpoint: experiments/12b_feature_sweep/macro_heavy_daily_7q_h10_d015_s42/checkpoints/tft-epoch=epoch=43-valloss=val_loss=0.4100.ckpt

Loading data...
Loading test data from: data/splits/vintage/macro_heavy_daily_vintage_test.csv
  Train samples: 6044
  Test samples: 1272

Preparing test dataset...
Test dataset size after filtering: 1252

Loading model...
Loading model from: experiments/12b_feature_sweep/macro_heavy_daily_7q_h10_d015_s42/checkpoints/tft-epoch=epoch=43-valloss=val_loss=0.4100.ckpt
  Loaded baseline model, moved to device: cuda

Extracting attention patterns...
Extracting attention patterns...
Total batches to process: 10
  Processed 10/10 batches

Total predictions: 1252
Total actuals: 1252
Attention shape: (1252, 20)
Encoder variables shape: (1252, 7)

Prediction period: 2020-08-17T00:00:00.000000000 to 2025-08-22T00:00:00.000000000
Total predictions: 1252

Creating temporal periods:
  2020: 94 samples
  2021: 250 samples
  2022: 249 samples
  2023: 249 samples
  2024: 250 samples
  2025: 160 samples

Attention over 20 encoder timesteps

Analyzing attention patterns by period...

Comparing attention patterns across periods...

Creating visualizations...
Saved attention heatmap: experiments/12b_feature_sweep/macro_heavy_daily_7q_h10_d015_s42/attention_analysis_year/attention_heatmap.png
Saved attention trends: experiments/12b_feature_sweep/macro_heavy_daily_7q_h10_d015_s42/attention_analysis_year/attention_trends.png
Saved feature importance comparison: experiments/12b_feature_sweep/macro_heavy_daily_7q_h10_d015_s42/attention_analysis_year/temporal_attention_comparison.png

Saving results...
Saved results: experiments/12b_feature_sweep/macro_heavy_daily_7q_h10_d015_s42/attention_analysis_year/attention_analysis_results.json

======================================================================
ATTENTION ANALYSIS SUMMARY
======================================================================

Per-Period Statistics:
----------------------------------------------------------------------

2020:
  Samples: 94
  Entropy: 2.6837 +/- 0.3402
  Concentration: 0.0590
  Top 5 features:
    t-1                            0.0972
    t-2                            0.0862
    t-3                            0.0784
    t-4                            0.0731
    t-5                            0.0688

2021:
  Samples: 250
  Entropy: 2.5769 +/- 0.2842
  Concentration: 0.0536
  Top 5 features:
    t-1                            0.0761
    t-2                            0.0709
    t-3                            0.0679
    t-4                            0.0655
    t-5                            0.0634

2022:
  Samples: 249
  Entropy: 2.7989 +/- 0.1835
  Concentration: 0.0547
  Top 5 features:
    t-1                            0.0801
    t-2                            0.0731
    t-3                            0.0688
    t-4                            0.0656
    t-5                            0.0628

2023:
  Samples: 249
  Entropy: 2.8542 +/- 0.1051
  Concentration: 0.0511
  Top 5 features:
    t-1                            0.0655
    t-2                            0.0623
    t-3                            0.0601
    t-4                            0.0584
    t-5                            0.0567

2024:
  Samples: 250
  Entropy: 2.7985 +/- 0.2486
  Concentration: 0.0506
  Top 5 features:
    t-1                            0.0597
    t-2                            0.0578
    t-3                            0.0573
    t-4                            0.0568
    t-5                            0.0560

2025:
  Samples: 160
  Entropy: 2.6988 +/- 0.2648
  Concentration: 0.0504
  Top 5 features:
    t-1                            0.0651
    t-2                            0.0579
    t-3                            0.0539
    t-4                            0.0520
    t-5                            0.0508

----------------------------------------------------------------------
Period Comparisons:
----------------------------------------------------------------------

2020_vs_2021:
  Cosine similarity: 0.9897
  L2 distance: 0.0358
  Entropy change: -0.1068
  Concentration change: -0.0054

2020_vs_2022:
  Cosine similarity: 0.9902
  L2 distance: 0.0346
  Entropy change: 0.1151
  Concentration change: -0.0043

2020_vs_2023:
  Cosine similarity: 0.9672
  L2 distance: 0.0623
  Entropy change: 0.1705
  Concentration change: -0.0079

2020_vs_2024:
  Cosine similarity: 0.9568
  L2 distance: 0.0710
  Entropy change: 0.1148
  Concentration change: -0.0084

2020_vs_2025:
  Cosine similarity: 0.9466
  L2 distance: 0.0785
  Entropy change: 0.0151
  Concentration change: -0.0086

2021_vs_2022:
  Cosine similarity: 0.9973
  L2 distance: 0.0173
  Entropy change: 0.2220
  Concentration change: 0.0011

2021_vs_2023:
  Cosine similarity: 0.9927
  L2 distance: 0.0281
  Entropy change: 0.2773
  Concentration change: -0.0025

2021_vs_2024:
  Cosine similarity: 0.9878
  L2 distance: 0.0363
  Entropy change: 0.2216
  Concentration change: -0.0030

2021_vs_2025:
  Cosine similarity: 0.9803
  L2 distance: 0.0458
  Entropy change: 0.1219
  Concentration change: -0.0032

2022_vs_2023:
  Cosine similarity: 0.9859
  L2 distance: 0.0393
  Entropy change: 0.0554
  Concentration change: -0.0036

2022_vs_2024:
  Cosine similarity: 0.9798
  L2 distance: 0.0470
  Entropy change: -0.0003
  Concentration change: -0.0041

2022_vs_2025:
  Cosine similarity: 0.9737
  L2 distance: 0.0534
  Entropy change: -0.1000
  Concentration change: -0.0043

2023_vs_2024:
  Cosine similarity: 0.9991
  L2 distance: 0.0094
  Entropy change: -0.0557
  Concentration change: -0.0005

2023_vs_2025:
  Cosine similarity: 0.9962
  L2 distance: 0.0197
  Entropy change: -0.1554
  Concentration change: -0.0007

2024_vs_2025:
  Cosine similarity: 0.9973
  L2 distance: 0.0166
  Entropy change: -0.0997
  Concentration change: -0.0002

======================================================================

Analysis complete!
Results saved to: experiments/12b_feature_sweep/macro_heavy_daily_7q_h10_d015_s42/attention_analysis_year
  - attention_analysis_results.json
  - attention_heatmap.png
  - attention_trends.png
  - temporal_attention_comparison.png
