======================================================================
Training TFT: 00_baseline_exploration/sweep2_h16_enc_40
======================================================================
Logging to: experiments/00_baseline_exploration/sweep2_h16_enc_40/training_20251029_182255.log
Started at: 2025-10-29 18:22:55
======================================================================
Configuration saved to: experiments/00_baseline_exploration/sweep2_h16_enc_40/config.json

Loading data splits...
Train: 6066 samples
Val: 1300 samples
Test: 1300 samples

Preparing TimeSeriesDataSet...

Dropping source columns (used for staleness only): ['CPI']

Final features for TFT: ['SP500_Returns', 'VIX', 'Treasury_10Y', 'Yield_Spread', 'Inflation_YoY']

======================================================================
FEATURE STATISTICS - BEFORE NORMALIZATION
======================================================================
VIX                             mean= 19.7193  std=  8.0201  min=  9.3100  max= 80.8600
Treasury_10Y                    mean=  4.7588  std=  1.6860  min=  1.4300  max=  8.3600
Yield_Spread                    mean=  1.2786  std=  0.9184  min= -0.5200  max=  2.9100
Inflation_YoY                   mean=  2.5055  std=  1.1650  min= -1.9588  max=  5.7255

======================================================================
FEATURES AFTER GROUPNORMALIZER (first batch, last timestep)
======================================================================
VIX                             normalized_value=  1.0000
Treasury_10Y                    normalized_value= -0.0250
Yield_Spread                    normalized_value= -0.8341
Inflation_YoY                   normalized_value=  0.2736
======================================================================

Batches per epoch: 94
[DEBUG] Validation batches: 20
[DEBUG] Validation dataset size: 1260
[DEBUG] Batch size: 64

Initializing model...
Model parameters: 22,615

Starting training...
Checkpoints will be saved to: experiments/00_baseline_exploration/sweep2_h16_enc_40/checkpoints/
Logs will be saved to: experiments/00_baseline_exploration/sweep2_h16_enc_40/logs/

Epoch 0: val_loss=N/A
Epoch 0: val_loss=0.5976399779319763
Epoch 0: train_loss=0.6867940425872803

[CollapseMonitor] Epoch 0
  [DEBUG] Processed 20 batches from val_dataloader
  [DEBUG] Predictions shape after concat: (1260,)
  [DEBUG] All predictions list length: 20
  [DEBUG] First batch shape: (64,)
  Pred std: 0.030377, range: 0.118698, mean: 0.061774
  Pos: 100.0%, Neg: 0.0%, Unique: 1250
  Saved validation predictions to: experiments/00_baseline_exploration/sweep2_h16_enc_40/collapse_monitoring/val_predictions_epoch0.npy
  Gradient norms:
    lstm_encoder: 0.009032
    lstm_decoder: 0.013692
    multihead_attn: 0.008679
    output_layer: 0.628449
  VSN output std:
    encoder: 0.156638
  Attention entropy: 3.682675
  Saved to: experiments/00_baseline_exploration/sweep2_h16_enc_40/collapse_monitoring/collapse_monitor_epoch0.json
Epoch 1: val_loss=0.5022075176239014
Epoch 1: train_loss=0.5776330828666687

[CollapseMonitor] Epoch 1
  [DEBUG] Processed 20 batches from val_dataloader
  [DEBUG] Predictions shape after concat: (1260,)
  [DEBUG] All predictions list length: 20
  [DEBUG] First batch shape: (64,)
  Pred std: 0.017988, range: 0.074654, mean: -0.008277
  Pos: 32.8%, Neg: 67.2%, Unique: 1244
  Saved validation predictions to: experiments/00_baseline_exploration/sweep2_h16_enc_40/collapse_monitoring/val_predictions_epoch1.npy
  Gradient norms:
    lstm_encoder: 0.006416
    lstm_decoder: 0.008666
    multihead_attn: 0.004788
    output_layer: 0.454962
  VSN output std:
    encoder: 0.162171
  Attention entropy: 3.685822
  Saved to: experiments/00_baseline_exploration/sweep2_h16_enc_40/collapse_monitoring/collapse_monitor_epoch1.json
Epoch 2: val_loss=0.4666130840778351
Epoch 2: train_loss=0.5019250512123108

[CollapseMonitor] Epoch 2
  [DEBUG] Processed 20 batches from val_dataloader
  [DEBUG] Predictions shape after concat: (1260,)
  [DEBUG] All predictions list length: 20
  [DEBUG] First batch shape: (64,)
  Pred std: 0.017188, range: 0.081466, mean: -0.000125
  Pos: 49.9%, Neg: 50.1%, Unique: 1248
  Saved validation predictions to: experiments/00_baseline_exploration/sweep2_h16_enc_40/collapse_monitoring/val_predictions_epoch2.npy
  Gradient norms:
    lstm_encoder: 0.004112
    lstm_decoder: 0.004270
    multihead_attn: 0.002900
    output_layer: 0.240395
  VSN output std:
    encoder: 0.160745
  Attention entropy: 3.687092
  Saved to: experiments/00_baseline_exploration/sweep2_h16_enc_40/collapse_monitoring/collapse_monitor_epoch2.json
Epoch 3: val_loss=0.45721134543418884
Epoch 3: train_loss=0.47283944487571716

[CollapseMonitor] Epoch 3
  [DEBUG] Processed 20 batches from val_dataloader
  [DEBUG] Predictions shape after concat: (1260,)
  [DEBUG] All predictions list length: 20
  [DEBUG] First batch shape: (64,)
  Pred std: 0.015879, range: 0.074531, mean: 0.000538
  Pos: 51.6%, Neg: 48.4%, Unique: 1247
  Saved validation predictions to: experiments/00_baseline_exploration/sweep2_h16_enc_40/collapse_monitoring/val_predictions_epoch3.npy
  Gradient norms:
    lstm_encoder: 0.003031
    lstm_decoder: 0.002868
    multihead_attn: 0.001946
    output_layer: 0.130116
  VSN output std:
    encoder: 0.162966
  Attention entropy: 3.687345
  Saved to: experiments/00_baseline_exploration/sweep2_h16_enc_40/collapse_monitoring/collapse_monitor_epoch3.json
Epoch 4: val_loss=0.453856885433197
Epoch 4: train_loss=0.4625879228115082

[CollapseMonitor] Epoch 4
  [DEBUG] Processed 20 batches from val_dataloader
  [DEBUG] Predictions shape after concat: (1260,)
  [DEBUG] All predictions list length: 20
  [DEBUG] First batch shape: (64,)
  Pred std: 0.013818, range: 0.062589, mean: -0.014349
  Pos: 17.3%, Neg: 82.7%, Unique: 1237
  Saved validation predictions to: experiments/00_baseline_exploration/sweep2_h16_enc_40/collapse_monitoring/val_predictions_epoch4.npy
  Gradient norms:
    lstm_encoder: 0.002963
    lstm_decoder: 0.002743
    multihead_attn: 0.001622
    output_layer: 0.109920
  VSN output std:
    encoder: 0.164659
  Attention entropy: 3.687502
  Saved to: experiments/00_baseline_exploration/sweep2_h16_enc_40/collapse_monitoring/collapse_monitor_epoch4.json
Epoch 5: val_loss=0.4511641263961792
Epoch 5: train_loss=0.45814719796180725

[CollapseMonitor] Epoch 5
  [DEBUG] Processed 20 batches from val_dataloader
  [DEBUG] Predictions shape after concat: (1260,)
  [DEBUG] All predictions list length: 20
  [DEBUG] First batch shape: (64,)
  Pred std: 0.012675, range: 0.057293, mean: 0.049159
  Pos: 100.0%, Neg: 0.0%, Unique: 1237
  Saved validation predictions to: experiments/00_baseline_exploration/sweep2_h16_enc_40/collapse_monitoring/val_predictions_epoch5.npy
  Gradient norms:
    lstm_encoder: 0.003020
    lstm_decoder: 0.002671
    multihead_attn: 0.001561
    output_layer: 0.100994
  VSN output std:
    encoder: 0.167320
  Attention entropy: 3.686572
  Saved to: experiments/00_baseline_exploration/sweep2_h16_enc_40/collapse_monitoring/collapse_monitor_epoch5.json
Epoch 6: val_loss=0.4489973783493042
Epoch 6: train_loss=0.45583823323249817

[CollapseMonitor] Epoch 6
  [DEBUG] Processed 20 batches from val_dataloader
  [DEBUG] Predictions shape after concat: (1260,)
  [DEBUG] All predictions list length: 20
  [DEBUG] First batch shape: (64,)
  Pred std: 0.014342, range: 0.070689, mean: 0.023606
  Pos: 100.0%, Neg: 0.0%, Unique: 1233
  Saved validation predictions to: experiments/00_baseline_exploration/sweep2_h16_enc_40/collapse_monitoring/val_predictions_epoch6.npy
  Gradient norms:
    lstm_encoder: 0.003350
    lstm_decoder: 0.002597
    multihead_attn: 0.001610
    output_layer: 0.089374
  VSN output std:
    encoder: 0.176254
  Attention entropy: 3.683724
  Saved to: experiments/00_baseline_exploration/sweep2_h16_enc_40/collapse_monitoring/collapse_monitor_epoch6.json
Epoch 7: val_loss=0.4436064660549164
Epoch 7: train_loss=0.4523996114730835

[CollapseMonitor] Epoch 7
  [DEBUG] Processed 20 batches from val_dataloader
  [DEBUG] Predictions shape after concat: (1260,)
  [DEBUG] All predictions list length: 20
  [DEBUG] First batch shape: (64,)
  Pred std: 0.018382, range: 0.089025, mean: 0.052106
  Pos: 100.0%, Neg: 0.0%, Unique: 1243
  Saved validation predictions to: experiments/00_baseline_exploration/sweep2_h16_enc_40/collapse_monitoring/val_predictions_epoch7.npy
  Gradient norms:
    lstm_encoder: 0.004207
    lstm_decoder: 0.003064
    multihead_attn: 0.001855
    output_layer: 0.096629
  VSN output std:
    encoder: 0.177240
  Attention entropy: 3.667896
  Saved to: experiments/00_baseline_exploration/sweep2_h16_enc_40/collapse_monitoring/collapse_monitor_epoch7.json
Epoch 8: val_loss=0.436917781829834
Epoch 8: train_loss=0.4467609226703644

[CollapseMonitor] Epoch 8
  [DEBUG] Processed 20 batches from val_dataloader
  [DEBUG] Predictions shape after concat: (1260,)
  [DEBUG] All predictions list length: 20
  [DEBUG] First batch shape: (64,)
  Pred std: 0.015659, range: 0.100999, mean: 0.034449
  Pos: 99.8%, Neg: 0.2%, Unique: 1242
  Saved validation predictions to: experiments/00_baseline_exploration/sweep2_h16_enc_40/collapse_monitoring/val_predictions_epoch8.npy
  Gradient norms:
    lstm_encoder: 0.004481
    lstm_decoder: 0.003143
    multihead_attn: 0.002218
    output_layer: 0.090988
  VSN output std:
    encoder: 0.171908
  Attention entropy: 3.656151
  Saved to: experiments/00_baseline_exploration/sweep2_h16_enc_40/collapse_monitoring/collapse_monitor_epoch8.json
Epoch 9: val_loss=0.433267205953598
Epoch 9: train_loss=0.44302263855934143

[CollapseMonitor] Epoch 9
  [DEBUG] Processed 20 batches from val_dataloader
  [DEBUG] Predictions shape after concat: (1260,)
  [DEBUG] All predictions list length: 20
  [DEBUG] First batch shape: (64,)
  Pred std: 0.023931, range: 0.134091, mean: 0.033152
  Pos: 84.5%, Neg: 15.5%, Unique: 1235
  Saved validation predictions to: experiments/00_baseline_exploration/sweep2_h16_enc_40/collapse_monitoring/val_predictions_epoch9.npy
  Gradient norms:
    lstm_encoder: 0.005261
    lstm_decoder: 0.003541
    multihead_attn: 0.002650
    output_layer: 0.096215
  VSN output std:
    encoder: 0.173639
  Attention entropy: 3.655421
  Saved to: experiments/00_baseline_exploration/sweep2_h16_enc_40/collapse_monitoring/collapse_monitor_epoch9.json
Epoch 10: val_loss=0.43081068992614746
Epoch 10: train_loss=0.44026854634284973

[CollapseMonitor] Epoch 10
  [DEBUG] Processed 20 batches from val_dataloader
  [DEBUG] Predictions shape after concat: (1260,)
  [DEBUG] All predictions list length: 20
  [DEBUG] First batch shape: (64,)
  Pred std: 0.018807, range: 0.131860, mean: 0.081320
  Pos: 100.0%, Neg: 0.0%, Unique: 1220
  Saved validation predictions to: experiments/00_baseline_exploration/sweep2_h16_enc_40/collapse_monitoring/val_predictions_epoch10.npy
  Gradient norms:
    lstm_encoder: 0.005517
    lstm_decoder: 0.003565
    multihead_attn: 0.002610
    output_layer: 0.096346
  VSN output std:
    encoder: 0.172296
  Attention entropy: 3.657419
  Saved to: experiments/00_baseline_exploration/sweep2_h16_enc_40/collapse_monitoring/collapse_monitor_epoch10.json
Epoch 11: val_loss=0.4292316734790802
Epoch 11: train_loss=0.437803715467453

[CollapseMonitor] Epoch 11
  [DEBUG] Processed 20 batches from val_dataloader
  [DEBUG] Predictions shape after concat: (1260,)
  [DEBUG] All predictions list length: 20
  [DEBUG] First batch shape: (64,)
  Pred std: 0.016729, range: 0.128092, mean: 0.065128
  Pos: 100.0%, Neg: 0.0%, Unique: 1230
  Saved validation predictions to: experiments/00_baseline_exploration/sweep2_h16_enc_40/collapse_monitoring/val_predictions_epoch11.npy
  Gradient norms:
    lstm_encoder: 0.005646
    lstm_decoder: 0.003670
    multihead_attn: 0.002429
    output_layer: 0.099184
  VSN output std:
    encoder: 0.167214
  Attention entropy: 3.664546
  Saved to: experiments/00_baseline_exploration/sweep2_h16_enc_40/collapse_monitoring/collapse_monitor_epoch11.json
Epoch 12: val_loss=0.4274628758430481
Epoch 12: train_loss=0.435977041721344

[CollapseMonitor] Epoch 12
  [DEBUG] Processed 20 batches from val_dataloader
  [DEBUG] Predictions shape after concat: (1260,)
  [DEBUG] All predictions list length: 20
  [DEBUG] First batch shape: (64,)
  Pred std: 0.013277, range: 0.119859, mean: 0.061650
  Pos: 100.0%, Neg: 0.0%, Unique: 1232
  Saved validation predictions to: experiments/00_baseline_exploration/sweep2_h16_enc_40/collapse_monitoring/val_predictions_epoch12.npy
  Gradient norms:
    lstm_encoder: 0.006046
    lstm_decoder: 0.003714
    multihead_attn: 0.002425
    output_layer: 0.097130
  VSN output std:
    encoder: 0.168604
  Attention entropy: 3.661239
  Saved to: experiments/00_baseline_exploration/sweep2_h16_enc_40/collapse_monitoring/collapse_monitor_epoch12.json
Epoch 13: val_loss=0.4273321330547333
Epoch 13: train_loss=0.4346262812614441

[CollapseMonitor] Epoch 13
  [DEBUG] Processed 20 batches from val_dataloader
  [DEBUG] Predictions shape after concat: (1260,)
  [DEBUG] All predictions list length: 20
  [DEBUG] First batch shape: (64,)
  Pred std: 0.013229, range: 0.120765, mean: 0.056793
  Pos: 100.0%, Neg: 0.0%, Unique: 1230
  Saved validation predictions to: experiments/00_baseline_exploration/sweep2_h16_enc_40/collapse_monitoring/val_predictions_epoch13.npy
  Gradient norms:
    lstm_encoder: 0.006303
    lstm_decoder: 0.003569
    multihead_attn: 0.002584
    output_layer: 0.088951
  VSN output std:
    encoder: 0.167961
  Attention entropy: 3.667773
  Saved to: experiments/00_baseline_exploration/sweep2_h16_enc_40/collapse_monitoring/collapse_monitor_epoch13.json
Epoch 14: val_loss=0.42750826478004456
Epoch 14: train_loss=0.43343430757522583

[CollapseMonitor] Epoch 14
  [DEBUG] Processed 20 batches from val_dataloader
  [DEBUG] Predictions shape after concat: (1260,)
  [DEBUG] All predictions list length: 20
  [DEBUG] First batch shape: (64,)
  Pred std: 0.017088, range: 0.132177, mean: 0.042442
  Pos: 99.9%, Neg: 0.1%, Unique: 1237
  Saved validation predictions to: experiments/00_baseline_exploration/sweep2_h16_enc_40/collapse_monitoring/val_predictions_epoch14.npy
  Gradient norms:
    lstm_encoder: 0.006549
    lstm_decoder: 0.003863
    multihead_attn: 0.002379
    output_layer: 0.092751
  VSN output std:
    encoder: 0.166837
  Attention entropy: 3.675916
  Saved to: experiments/00_baseline_exploration/sweep2_h16_enc_40/collapse_monitoring/collapse_monitor_epoch14.json
Epoch 15: val_loss=0.42472684383392334
Epoch 15: train_loss=0.43307581543922424

[CollapseMonitor] Epoch 15
  [DEBUG] Processed 20 batches from val_dataloader
  [DEBUG] Predictions shape after concat: (1260,)
  [DEBUG] All predictions list length: 20
  [DEBUG] First batch shape: (64,)
  Pred std: 0.014927, range: 0.142483, mean: 0.004187
  Pos: 61.8%, Neg: 38.2%, Unique: 1234
  Saved validation predictions to: experiments/00_baseline_exploration/sweep2_h16_enc_40/collapse_monitoring/val_predictions_epoch15.npy
  Gradient norms:
    lstm_encoder: 0.007069
    lstm_decoder: 0.003980
    multihead_attn: 0.002406
    output_layer: 0.096530
  VSN output std:
    encoder: 0.165576
  Attention entropy: 3.663227
  Saved to: experiments/00_baseline_exploration/sweep2_h16_enc_40/collapse_monitoring/collapse_monitor_epoch15.json
Epoch 16: val_loss=0.42367786169052124
Epoch 16: train_loss=0.43201813101768494

[CollapseMonitor] Epoch 16
  [DEBUG] Processed 20 batches from val_dataloader
  [DEBUG] Predictions shape after concat: (1260,)
  [DEBUG] All predictions list length: 20
  [DEBUG] First batch shape: (64,)
  Pred std: 0.021360, range: 0.177017, mean: 0.052424
  Pos: 95.4%, Neg: 4.6%, Unique: 1237
  Saved validation predictions to: experiments/00_baseline_exploration/sweep2_h16_enc_40/collapse_monitoring/val_predictions_epoch16.npy
  Gradient norms:
    lstm_encoder: 0.007385
    lstm_decoder: 0.004047
    multihead_attn: 0.002407
    output_layer: 0.096901
  VSN output std:
    encoder: 0.166760
  Attention entropy: 3.663591
  Saved to: experiments/00_baseline_exploration/sweep2_h16_enc_40/collapse_monitoring/collapse_monitor_epoch16.json
Epoch 17: val_loss=0.423126220703125
Epoch 17: train_loss=0.4310593008995056

[CollapseMonitor] Epoch 17
  [DEBUG] Processed 20 batches from val_dataloader
  [DEBUG] Predictions shape after concat: (1260,)
  [DEBUG] All predictions list length: 20
  [DEBUG] First batch shape: (64,)
  Pred std: 0.017269, range: 0.166167, mean: 0.038249
  Pos: 97.1%, Neg: 2.9%, Unique: 1242
  Saved validation predictions to: experiments/00_baseline_exploration/sweep2_h16_enc_40/collapse_monitoring/val_predictions_epoch17.npy
  Gradient norms:
    lstm_encoder: 0.007957
    lstm_decoder: 0.004253
    multihead_attn: 0.002588
    output_layer: 0.098597
  VSN output std:
    encoder: 0.166560
  Attention entropy: 3.656506
  Saved to: experiments/00_baseline_exploration/sweep2_h16_enc_40/collapse_monitoring/collapse_monitor_epoch17.json
Epoch 18: val_loss=0.42101702094078064
Epoch 18: train_loss=0.4300852417945862

[CollapseMonitor] Epoch 18
  [DEBUG] Processed 20 batches from val_dataloader
  [DEBUG] Predictions shape after concat: (1260,)
  [DEBUG] All predictions list length: 20
  [DEBUG] First batch shape: (64,)
  Pred std: 0.017607, range: 0.159395, mean: 0.049376
  Pos: 98.6%, Neg: 1.4%, Unique: 1240
  Saved validation predictions to: experiments/00_baseline_exploration/sweep2_h16_enc_40/collapse_monitoring/val_predictions_epoch18.npy
  Gradient norms:
    lstm_encoder: 0.007611
    lstm_decoder: 0.004159
    multihead_attn: 0.002381
    output_layer: 0.095880
  VSN output std:
    encoder: 0.162445
  Attention entropy: 3.647720
  Saved to: experiments/00_baseline_exploration/sweep2_h16_enc_40/collapse_monitoring/collapse_monitor_epoch18.json
Epoch 19: val_loss=0.4207952618598938
Epoch 19: train_loss=0.42971253395080566

[CollapseMonitor] Epoch 19
  [DEBUG] Processed 20 batches from val_dataloader
  [DEBUG] Predictions shape after concat: (1260,)
  [DEBUG] All predictions list length: 20
  [DEBUG] First batch shape: (64,)
  Pred std: 0.017593, range: 0.162733, mean: 0.049982
  Pos: 98.4%, Neg: 1.6%, Unique: 1226
  Saved validation predictions to: experiments/00_baseline_exploration/sweep2_h16_enc_40/collapse_monitoring/val_predictions_epoch19.npy
  Gradient norms:
    lstm_encoder: 0.008317
    lstm_decoder: 0.004537
    multihead_attn: 0.002396
    output_layer: 0.098980
  VSN output std:
    encoder: 0.165060
  Attention entropy: 3.651196
  Saved to: experiments/00_baseline_exploration/sweep2_h16_enc_40/collapse_monitoring/collapse_monitor_epoch19.json
Epoch 20: val_loss=0.4195764362812042
Epoch 20: train_loss=0.42904165387153625

[CollapseMonitor] Epoch 20
  [DEBUG] Processed 20 batches from val_dataloader
  [DEBUG] Predictions shape after concat: (1260,)
  [DEBUG] All predictions list length: 20
  [DEBUG] First batch shape: (64,)
  Pred std: 0.019582, range: 0.163277, mean: 0.079853
  Pos: 99.9%, Neg: 0.1%, Unique: 1245
  Saved validation predictions to: experiments/00_baseline_exploration/sweep2_h16_enc_40/collapse_monitoring/val_predictions_epoch20.npy
  Gradient norms:
    lstm_encoder: 0.008547
    lstm_decoder: 0.004553
    multihead_attn: 0.002317
    output_layer: 0.101022
  VSN output std:
    encoder: 0.165058
  Attention entropy: 3.646908
  Saved to: experiments/00_baseline_exploration/sweep2_h16_enc_40/collapse_monitoring/collapse_monitor_epoch20.json
Epoch 21: val_loss=0.41823992133140564
Epoch 21: train_loss=0.4279552102088928

[CollapseMonitor] Epoch 21
  [DEBUG] Processed 20 batches from val_dataloader
  [DEBUG] Predictions shape after concat: (1260,)
  [DEBUG] All predictions list length: 20
  [DEBUG] First batch shape: (64,)
  Pred std: 0.021929, range: 0.174209, mean: 0.062801
  Pos: 99.5%, Neg: 0.5%, Unique: 1246
  Saved validation predictions to: experiments/00_baseline_exploration/sweep2_h16_enc_40/collapse_monitoring/val_predictions_epoch21.npy
  Gradient norms:
    lstm_encoder: 0.008366
    lstm_decoder: 0.004419
    multihead_attn: 0.002327
    output_layer: 0.092677
  VSN output std:
    encoder: 0.167075
  Attention entropy: 3.643667
  Saved to: experiments/00_baseline_exploration/sweep2_h16_enc_40/collapse_monitoring/collapse_monitor_epoch21.json
Epoch 22: val_loss=0.4174154996871948
Epoch 22: train_loss=0.4279160499572754

[CollapseMonitor] Epoch 22
  [DEBUG] Processed 20 batches from val_dataloader
  [DEBUG] Predictions shape after concat: (1260,)
  [DEBUG] All predictions list length: 20
  [DEBUG] First batch shape: (64,)
  Pred std: 0.022910, range: 0.178231, mean: 0.070811
  Pos: 99.8%, Neg: 0.2%, Unique: 1253
  Saved validation predictions to: experiments/00_baseline_exploration/sweep2_h16_enc_40/collapse_monitoring/val_predictions_epoch22.npy
  Gradient norms:
    lstm_encoder: 0.008777
    lstm_decoder: 0.004820
    multihead_attn: 0.002365
    output_layer: 0.100598
  VSN output std:
    encoder: 0.166534
  Attention entropy: 3.639758
  Saved to: experiments/00_baseline_exploration/sweep2_h16_enc_40/collapse_monitoring/collapse_monitor_epoch22.json
Epoch 23: val_loss=0.4165906608104706
Epoch 23: train_loss=0.4273996651172638

[CollapseMonitor] Epoch 23
  [DEBUG] Processed 20 batches from val_dataloader
  [DEBUG] Predictions shape after concat: (1260,)
  [DEBUG] All predictions list length: 20
  [DEBUG] First batch shape: (64,)
  Pred std: 0.024106, range: 0.179225, mean: 0.068158
  Pos: 99.8%, Neg: 0.2%, Unique: 1240
  Saved validation predictions to: experiments/00_baseline_exploration/sweep2_h16_enc_40/collapse_monitoring/val_predictions_epoch23.npy
  Gradient norms:
    lstm_encoder: 0.008734
    lstm_decoder: 0.004633
    multihead_attn: 0.002285
    output_layer: 0.091615
  VSN output std:
    encoder: 0.164316
  Attention entropy: 3.634724
  Saved to: experiments/00_baseline_exploration/sweep2_h16_enc_40/collapse_monitoring/collapse_monitor_epoch23.json
Epoch 24: val_loss=0.4153573215007782
Epoch 24: train_loss=0.42675599455833435

[CollapseMonitor] Epoch 24
  [DEBUG] Processed 20 batches from val_dataloader
  [DEBUG] Predictions shape after concat: (1260,)
  [DEBUG] All predictions list length: 20
  [DEBUG] First batch shape: (64,)
  Pred std: 0.024210, range: 0.156534, mean: 0.068197
  Pos: 100.0%, Neg: 0.0%, Unique: 1247
  Saved validation predictions to: experiments/00_baseline_exploration/sweep2_h16_enc_40/collapse_monitoring/val_predictions_epoch24.npy
  Gradient norms:
    lstm_encoder: 0.009208
    lstm_decoder: 0.004918
    multihead_attn: 0.002020
    output_layer: 0.090650
  VSN output std:
    encoder: 0.165542
  Attention entropy: 3.630092
  Saved to: experiments/00_baseline_exploration/sweep2_h16_enc_40/collapse_monitoring/collapse_monitor_epoch24.json
Epoch 25: val_loss=0.4154007136821747
Epoch 25: train_loss=0.4258234202861786

[CollapseMonitor] Epoch 25
  [DEBUG] Processed 20 batches from val_dataloader
  [DEBUG] Predictions shape after concat: (1260,)
  [DEBUG] All predictions list length: 20
  [DEBUG] First batch shape: (64,)
  Pred std: 0.021974, range: 0.154498, mean: 0.080163
  Pos: 100.0%, Neg: 0.0%, Unique: 1247
  Saved validation predictions to: experiments/00_baseline_exploration/sweep2_h16_enc_40/collapse_monitoring/val_predictions_epoch25.npy
  Gradient norms:
    lstm_encoder: 0.009506
    lstm_decoder: 0.005220
    multihead_attn: 0.002099
    output_layer: 0.097135
  VSN output std:
    encoder: 0.167898
  Attention entropy: 3.642623
  Saved to: experiments/00_baseline_exploration/sweep2_h16_enc_40/collapse_monitoring/collapse_monitor_epoch25.json
Epoch 26: val_loss=0.41375577449798584
Epoch 26: train_loss=0.4258575737476349

[CollapseMonitor] Epoch 26
  [DEBUG] Processed 20 batches from val_dataloader
  [DEBUG] Predictions shape after concat: (1260,)
  [DEBUG] All predictions list length: 20
  [DEBUG] First batch shape: (64,)
  Pred std: 0.028922, range: 0.175483, mean: 0.090885
  Pos: 100.0%, Neg: 0.0%, Unique: 1247
  Saved validation predictions to: experiments/00_baseline_exploration/sweep2_h16_enc_40/collapse_monitoring/val_predictions_epoch26.npy
  Gradient norms:
    lstm_encoder: 0.009588
    lstm_decoder: 0.005108
    multihead_attn: 0.002003
    output_layer: 0.092101
  VSN output std:
    encoder: 0.166327
  Attention entropy: 3.618837
  Saved to: experiments/00_baseline_exploration/sweep2_h16_enc_40/collapse_monitoring/collapse_monitor_epoch26.json
Epoch 27: val_loss=0.41394513845443726
Epoch 27: train_loss=0.42603135108947754

[CollapseMonitor] Epoch 27
  [DEBUG] Processed 20 batches from val_dataloader
  [DEBUG] Predictions shape after concat: (1260,)
  [DEBUG] All predictions list length: 20
  [DEBUG] First batch shape: (64,)
  Pred std: 0.027660, range: 0.171863, mean: 0.052215
  Pos: 100.0%, Neg: 0.0%, Unique: 1238
  Saved validation predictions to: experiments/00_baseline_exploration/sweep2_h16_enc_40/collapse_monitoring/val_predictions_epoch27.npy
  Gradient norms:
    lstm_encoder: 0.010502
    lstm_decoder: 0.005597
    multihead_attn: 0.001990
    output_layer: 0.090219
  VSN output std:
    encoder: 0.166820
  Attention entropy: 3.642438
  Saved to: experiments/00_baseline_exploration/sweep2_h16_enc_40/collapse_monitoring/collapse_monitor_epoch27.json
Epoch 28: val_loss=0.412537157535553
Epoch 28: train_loss=0.42514050006866455

[CollapseMonitor] Epoch 28
  [DEBUG] Processed 20 batches from val_dataloader
  [DEBUG] Predictions shape after concat: (1260,)
  [DEBUG] All predictions list length: 20
  [DEBUG] First batch shape: (64,)
  Pred std: 0.020308, range: 0.163766, mean: 0.085713
  Pos: 100.0%, Neg: 0.0%, Unique: 1245
  Saved validation predictions to: experiments/00_baseline_exploration/sweep2_h16_enc_40/collapse_monitoring/val_predictions_epoch28.npy
  Gradient norms:
    lstm_encoder: 0.010266
    lstm_decoder: 0.005414
    multihead_attn: 0.001899
    output_layer: 0.092402
  VSN output std:
    encoder: 0.167453
  Attention entropy: 3.625997
  Saved to: experiments/00_baseline_exploration/sweep2_h16_enc_40/collapse_monitoring/collapse_monitor_epoch28.json
Epoch 29: val_loss=0.41159096360206604
Epoch 29: train_loss=0.4237079918384552

[CollapseMonitor] Epoch 29
  [DEBUG] Processed 20 batches from val_dataloader
  [DEBUG] Predictions shape after concat: (1260,)
  [DEBUG] All predictions list length: 20
  [DEBUG] First batch shape: (64,)
  Pred std: 0.030585, range: 0.187460, mean: 0.077522
  Pos: 100.0%, Neg: 0.0%, Unique: 1240
  Saved validation predictions to: experiments/00_baseline_exploration/sweep2_h16_enc_40/collapse_monitoring/val_predictions_epoch29.npy
  Gradient norms:
    lstm_encoder: 0.010675
    lstm_decoder: 0.005728
    multihead_attn: 0.001870
    output_layer: 0.094254
  VSN output std:
    encoder: 0.167929
  Attention entropy: 3.631121
  Saved to: experiments/00_baseline_exploration/sweep2_h16_enc_40/collapse_monitoring/collapse_monitor_epoch29.json
Epoch 30: val_loss=0.41313618421554565
Epoch 30: train_loss=0.424411416053772

[CollapseMonitor] Epoch 30
  [DEBUG] Processed 20 batches from val_dataloader
  [DEBUG] Predictions shape after concat: (1260,)
  [DEBUG] All predictions list length: 20
  [DEBUG] First batch shape: (64,)
  Pred std: 0.021583, range: 0.156895, mean: 0.046854
  Pos: 100.0%, Neg: 0.0%, Unique: 1248
  Saved validation predictions to: experiments/00_baseline_exploration/sweep2_h16_enc_40/collapse_monitoring/val_predictions_epoch30.npy
  Gradient norms:
    lstm_encoder: 0.011412
    lstm_decoder: 0.006293
    multihead_attn: 0.001875
    output_layer: 0.098318
  VSN output std:
    encoder: 0.166227
  Attention entropy: 3.627361
  Saved to: experiments/00_baseline_exploration/sweep2_h16_enc_40/collapse_monitoring/collapse_monitor_epoch30.json
Epoch 31: val_loss=0.41255033016204834
Epoch 31: train_loss=0.4247244894504547

[CollapseMonitor] Epoch 31
  [DEBUG] Processed 20 batches from val_dataloader
  [DEBUG] Predictions shape after concat: (1260,)
  [DEBUG] All predictions list length: 20
  [DEBUG] First batch shape: (64,)
  Pred std: 0.022023, range: 0.170857, mean: 0.047966
  Pos: 99.7%, Neg: 0.3%, Unique: 1243
  Saved validation predictions to: experiments/00_baseline_exploration/sweep2_h16_enc_40/collapse_monitoring/val_predictions_epoch31.npy
  Gradient norms:
    lstm_encoder: 0.011417
    lstm_decoder: 0.006123
    multihead_attn: 0.001936
    output_layer: 0.094237
  VSN output std:
    encoder: 0.166262
  Attention entropy: 3.629176
  Saved to: experiments/00_baseline_exploration/sweep2_h16_enc_40/collapse_monitoring/collapse_monitor_epoch31.json
Epoch 32: val_loss=0.4097880423069
Epoch 32: train_loss=0.4238411784172058

[CollapseMonitor] Epoch 32
  [DEBUG] Processed 20 batches from val_dataloader
  [DEBUG] Predictions shape after concat: (1260,)
  [DEBUG] All predictions list length: 20
  [DEBUG] First batch shape: (64,)
  Pred std: 0.024316, range: 0.189660, mean: 0.081187
  Pos: 100.0%, Neg: 0.0%, Unique: 1235
  Saved validation predictions to: experiments/00_baseline_exploration/sweep2_h16_enc_40/collapse_monitoring/val_predictions_epoch32.npy
  Gradient norms:
    lstm_encoder: 0.012217
    lstm_decoder: 0.006265
    multihead_attn: 0.001964
    output_layer: 0.102366
  VSN output std:
    encoder: 0.168604
  Attention entropy: 3.617668
  Saved to: experiments/00_baseline_exploration/sweep2_h16_enc_40/collapse_monitoring/collapse_monitor_epoch32.json
Epoch 33: val_loss=0.4093839228153229
Epoch 33: train_loss=0.4240632951259613

[CollapseMonitor] Epoch 33
  [DEBUG] Processed 20 batches from val_dataloader
  [DEBUG] Predictions shape after concat: (1260,)
  [DEBUG] All predictions list length: 20
  [DEBUG] First batch shape: (64,)
  Pred std: 0.038144, range: 0.238454, mean: 0.072664
  Pos: 100.0%, Neg: 0.0%, Unique: 1240
  Saved validation predictions to: experiments/00_baseline_exploration/sweep2_h16_enc_40/collapse_monitoring/val_predictions_epoch33.npy
  Gradient norms:
    lstm_encoder: 0.011739
    lstm_decoder: 0.006158
    multihead_attn: 0.001882
    output_layer: 0.094007
  VSN output std:
    encoder: 0.170566
  Attention entropy: 3.634924
  Saved to: experiments/00_baseline_exploration/sweep2_h16_enc_40/collapse_monitoring/collapse_monitor_epoch33.json
Epoch 34: val_loss=0.4094690680503845
Epoch 34: train_loss=0.42453017830848694

[CollapseMonitor] Epoch 34
  [DEBUG] Processed 20 batches from val_dataloader
  [DEBUG] Predictions shape after concat: (1260,)
  [DEBUG] All predictions list length: 20
  [DEBUG] First batch shape: (64,)
  Pred std: 0.031926, range: 0.226623, mean: 0.065208
  Pos: 100.0%, Neg: 0.0%, Unique: 1244
  Saved validation predictions to: experiments/00_baseline_exploration/sweep2_h16_enc_40/collapse_monitoring/val_predictions_epoch34.npy
  Gradient norms:
    lstm_encoder: 0.013949
    lstm_decoder: 0.007157
    multihead_attn: 0.001906
    output_layer: 0.095979
  VSN output std:
    encoder: 0.171700
  Attention entropy: 3.637706
  Saved to: experiments/00_baseline_exploration/sweep2_h16_enc_40/collapse_monitoring/collapse_monitor_epoch34.json
Epoch 35: val_loss=0.40905335545539856
Epoch 35: train_loss=0.42362406849861145

[CollapseMonitor] Epoch 35
  [DEBUG] Processed 20 batches from val_dataloader
  [DEBUG] Predictions shape after concat: (1260,)
  [DEBUG] All predictions list length: 20
  [DEBUG] First batch shape: (64,)
  Pred std: 0.038779, range: 0.259865, mean: 0.051140
  Pos: 99.4%, Neg: 0.6%, Unique: 1243
  Saved validation predictions to: experiments/00_baseline_exploration/sweep2_h16_enc_40/collapse_monitoring/val_predictions_epoch35.npy
  Gradient norms:
    lstm_encoder: 0.013748
    lstm_decoder: 0.006794
    multihead_attn: 0.001737
    output_layer: 0.094829
  VSN output std:
    encoder: 0.167905
  Attention entropy: 3.624312
  Saved to: experiments/00_baseline_exploration/sweep2_h16_enc_40/collapse_monitoring/collapse_monitor_epoch35.json
Epoch 36: val_loss=0.4111568033695221
Epoch 36: train_loss=0.42234721779823303

[CollapseMonitor] Epoch 36
  [DEBUG] Processed 20 batches from val_dataloader
  [DEBUG] Predictions shape after concat: (1260,)
  [DEBUG] All predictions list length: 20
  [DEBUG] First batch shape: (64,)
  Pred std: 0.034389, range: 0.248198, mean: 0.012493
  Pos: 74.0%, Neg: 26.0%, Unique: 1241
  Saved validation predictions to: experiments/00_baseline_exploration/sweep2_h16_enc_40/collapse_monitoring/val_predictions_epoch36.npy
  Gradient norms:
    lstm_encoder: 0.013829
    lstm_decoder: 0.006752
    multihead_attn: 0.001632
    output_layer: 0.093899
  VSN output std:
    encoder: 0.166269
  Attention entropy: 3.641100
  Saved to: experiments/00_baseline_exploration/sweep2_h16_enc_40/collapse_monitoring/collapse_monitor_epoch36.json
Epoch 37: val_loss=0.4076777398586273
Epoch 37: train_loss=0.4227273464202881

[CollapseMonitor] Epoch 37
  [DEBUG] Processed 20 batches from val_dataloader
  [DEBUG] Predictions shape after concat: (1260,)
  [DEBUG] All predictions list length: 20
  [DEBUG] First batch shape: (64,)
  Pred std: 0.039114, range: 0.258223, mean: 0.073797
  Pos: 100.0%, Neg: 0.0%, Unique: 1241
  Saved validation predictions to: experiments/00_baseline_exploration/sweep2_h16_enc_40/collapse_monitoring/val_predictions_epoch37.npy
  Gradient norms:
    lstm_encoder: 0.014294
    lstm_decoder: 0.007071
    multihead_attn: 0.001708
    output_layer: 0.094045
  VSN output std:
    encoder: 0.167163
  Attention entropy: 3.639757
  Saved to: experiments/00_baseline_exploration/sweep2_h16_enc_40/collapse_monitoring/collapse_monitor_epoch37.json
Epoch 38: val_loss=0.4084107279777527
Epoch 38: train_loss=0.4230969250202179

[CollapseMonitor] Epoch 38
  [DEBUG] Processed 20 batches from val_dataloader
  [DEBUG] Predictions shape after concat: (1260,)
  [DEBUG] All predictions list length: 20
  [DEBUG] First batch shape: (64,)
  Pred std: 0.028689, range: 0.206031, mean: 0.056893
  Pos: 99.7%, Neg: 0.3%, Unique: 1249
  Saved validation predictions to: experiments/00_baseline_exploration/sweep2_h16_enc_40/collapse_monitoring/val_predictions_epoch38.npy
  Gradient norms:
    lstm_encoder: 0.015159
    lstm_decoder: 0.007574
    multihead_attn: 0.001763
    output_layer: 0.092935
  VSN output std:
    encoder: 0.166948
  Attention entropy: 3.638170
  Saved to: experiments/00_baseline_exploration/sweep2_h16_enc_40/collapse_monitoring/collapse_monitor_epoch38.json
Epoch 39: val_loss=0.4077046811580658
Epoch 39: train_loss=0.4225662350654602

[CollapseMonitor] Epoch 39
  [DEBUG] Processed 20 batches from val_dataloader
  [DEBUG] Predictions shape after concat: (1260,)
  [DEBUG] All predictions list length: 20
  [DEBUG] First batch shape: (64,)
  Pred std: 0.034998, range: 0.240441, mean: 0.098752
  Pos: 100.0%, Neg: 0.0%, Unique: 1247
  Saved validation predictions to: experiments/00_baseline_exploration/sweep2_h16_enc_40/collapse_monitoring/val_predictions_epoch39.npy
  Gradient norms:
    lstm_encoder: 0.016772
    lstm_decoder: 0.007986
    multihead_attn: 0.001726
    output_layer: 0.098686
  VSN output std:
    encoder: 0.168364
  Attention entropy: 3.647050
  Saved to: experiments/00_baseline_exploration/sweep2_h16_enc_40/collapse_monitoring/collapse_monitor_epoch39.json
Epoch 40: val_loss=0.4077247381210327
Epoch 40: train_loss=0.4220704734325409

[CollapseMonitor] Epoch 40
  [DEBUG] Processed 20 batches from val_dataloader
  [DEBUG] Predictions shape after concat: (1260,)
  [DEBUG] All predictions list length: 20
  [DEBUG] First batch shape: (64,)
  Pred std: 0.032522, range: 0.228347, mean: 0.091962
  Pos: 100.0%, Neg: 0.0%, Unique: 1244
  Saved validation predictions to: experiments/00_baseline_exploration/sweep2_h16_enc_40/collapse_monitoring/val_predictions_epoch40.npy
  Gradient norms:
    lstm_encoder: 0.016559
    lstm_decoder: 0.007820
    multihead_attn: 0.001726
    output_layer: 0.096029
  VSN output std:
    encoder: 0.166759
  Attention entropy: 3.652564
  Saved to: experiments/00_baseline_exploration/sweep2_h16_enc_40/collapse_monitoring/collapse_monitor_epoch40.json
Epoch 41: val_loss=0.40699830651283264
Epoch 41: train_loss=0.4220568835735321

[CollapseMonitor] Epoch 41
  [DEBUG] Processed 20 batches from val_dataloader
  [DEBUG] Predictions shape after concat: (1260,)
  [DEBUG] All predictions list length: 20
  [DEBUG] First batch shape: (64,)
  Pred std: 0.043165, range: 0.271396, mean: 0.103861
  Pos: 100.0%, Neg: 0.0%, Unique: 1247
  Saved validation predictions to: experiments/00_baseline_exploration/sweep2_h16_enc_40/collapse_monitoring/val_predictions_epoch41.npy
  Gradient norms:
    lstm_encoder: 0.016979
    lstm_decoder: 0.008271
    multihead_attn: 0.001782
    output_layer: 0.102419
  VSN output std:
    encoder: 0.165526
  Attention entropy: 3.653559
  Saved to: experiments/00_baseline_exploration/sweep2_h16_enc_40/collapse_monitoring/collapse_monitor_epoch41.json
Epoch 42: val_loss=0.40799176692962646
Epoch 42: train_loss=0.4215693473815918

[CollapseMonitor] Epoch 42
  [DEBUG] Processed 20 batches from val_dataloader
  [DEBUG] Predictions shape after concat: (1260,)
  [DEBUG] All predictions list length: 20
  [DEBUG] First batch shape: (64,)
  Pred std: 0.032592, range: 0.223248, mean: 0.090892
  Pos: 100.0%, Neg: 0.0%, Unique: 1248
  Saved validation predictions to: experiments/00_baseline_exploration/sweep2_h16_enc_40/collapse_monitoring/val_predictions_epoch42.npy
  Gradient norms:
    lstm_encoder: 0.018596
    lstm_decoder: 0.008577
    multihead_attn: 0.001865
    output_layer: 0.092646
  VSN output std:
    encoder: 0.167213
  Attention entropy: 3.650060
  Saved to: experiments/00_baseline_exploration/sweep2_h16_enc_40/collapse_monitoring/collapse_monitor_epoch42.json
Epoch 43: val_loss=0.4077594578266144
Epoch 43: train_loss=0.4224899113178253

[CollapseMonitor] Epoch 43
  [DEBUG] Processed 20 batches from val_dataloader
  [DEBUG] Predictions shape after concat: (1260,)
  [DEBUG] All predictions list length: 20
  [DEBUG] First batch shape: (64,)
  Pred std: 0.037675, range: 0.256266, mean: 0.032052
  Pos: 92.0%, Neg: 8.0%, Unique: 1243
  Saved validation predictions to: experiments/00_baseline_exploration/sweep2_h16_enc_40/collapse_monitoring/val_predictions_epoch43.npy
  Gradient norms:
    lstm_encoder: 0.022202
    lstm_decoder: 0.009513
    multihead_attn: 0.001926
    output_layer: 0.095869
  VSN output std:
    encoder: 0.167630
  Attention entropy: 3.647318
  Saved to: experiments/00_baseline_exploration/sweep2_h16_enc_40/collapse_monitoring/collapse_monitor_epoch43.json
Epoch 44: val_loss=0.4071710407733917
Epoch 44: train_loss=0.42145025730133057

[CollapseMonitor] Epoch 44
  [DEBUG] Processed 20 batches from val_dataloader
  [DEBUG] Predictions shape after concat: (1260,)
  [DEBUG] All predictions list length: 20
  [DEBUG] First batch shape: (64,)
  Pred std: 0.029797, range: 0.210690, mean: 0.080166
  Pos: 100.0%, Neg: 0.0%, Unique: 1246
  Saved validation predictions to: experiments/00_baseline_exploration/sweep2_h16_enc_40/collapse_monitoring/val_predictions_epoch44.npy
  Gradient norms:
    lstm_encoder: 0.019143
    lstm_decoder: 0.007910
    multihead_attn: 0.001752
    output_layer: 0.092289
  VSN output std:
    encoder: 0.167211
  Attention entropy: 3.643695
  Saved to: experiments/00_baseline_exploration/sweep2_h16_enc_40/collapse_monitoring/collapse_monitor_epoch44.json
Epoch 45: val_loss=0.4075081944465637
Epoch 45: train_loss=0.4215407967567444

[CollapseMonitor] Epoch 45
  [DEBUG] Processed 20 batches from val_dataloader
  [DEBUG] Predictions shape after concat: (1260,)
  [DEBUG] All predictions list length: 20
  [DEBUG] First batch shape: (64,)
  Pred std: 0.034344, range: 0.243094, mean: 0.061465
  Pos: 99.1%, Neg: 0.9%, Unique: 1245
  Saved validation predictions to: experiments/00_baseline_exploration/sweep2_h16_enc_40/collapse_monitoring/val_predictions_epoch45.npy
  Gradient norms:
    lstm_encoder: 0.019515
    lstm_decoder: 0.008563
    multihead_attn: 0.001782
    output_layer: 0.095515
  VSN output std:
    encoder: 0.166538
  Attention entropy: 3.643129
  Saved to: experiments/00_baseline_exploration/sweep2_h16_enc_40/collapse_monitoring/collapse_monitor_epoch45.json
Epoch 46: val_loss=0.4088141620159149
Epoch 46: train_loss=0.4210608899593353

[CollapseMonitor] Epoch 46
  [DEBUG] Processed 20 batches from val_dataloader
  [DEBUG] Predictions shape after concat: (1260,)
  [DEBUG] All predictions list length: 20
  [DEBUG] First batch shape: (64,)
  Pred std: 0.026941, range: 0.198086, mean: 0.063731
  Pos: 99.8%, Neg: 0.2%, Unique: 1248
  Saved validation predictions to: experiments/00_baseline_exploration/sweep2_h16_enc_40/collapse_monitoring/val_predictions_epoch46.npy
  Gradient norms:
    lstm_encoder: 0.021693
    lstm_decoder: 0.009218
    multihead_attn: 0.001759
    output_layer: 0.095298
  VSN output std:
    encoder: 0.165257
  Attention entropy: 3.660100
  Saved to: experiments/00_baseline_exploration/sweep2_h16_enc_40/collapse_monitoring/collapse_monitor_epoch46.json
Epoch 47: val_loss=0.40578073263168335
Epoch 47: train_loss=0.42022567987442017

[CollapseMonitor] Epoch 47
  [DEBUG] Processed 20 batches from val_dataloader
  [DEBUG] Predictions shape after concat: (1260,)
  [DEBUG] All predictions list length: 20
  [DEBUG] First batch shape: (64,)
  Pred std: 0.028826, range: 0.211773, mean: 0.095197
  Pos: 100.0%, Neg: 0.0%, Unique: 1252
  Saved validation predictions to: experiments/00_baseline_exploration/sweep2_h16_enc_40/collapse_monitoring/val_predictions_epoch47.npy
  Gradient norms:
    lstm_encoder: 0.021205
    lstm_decoder: 0.009355
    multihead_attn: 0.001714
    output_layer: 0.094580
  VSN output std:
    encoder: 0.165992
  Attention entropy: 3.647525
  Saved to: experiments/00_baseline_exploration/sweep2_h16_enc_40/collapse_monitoring/collapse_monitor_epoch47.json
Epoch 48: val_loss=0.4052792489528656
Epoch 48: train_loss=0.4208310842514038

[CollapseMonitor] Epoch 48
  [DEBUG] Processed 20 batches from val_dataloader
  [DEBUG] Predictions shape after concat: (1260,)
  [DEBUG] All predictions list length: 20
  [DEBUG] First batch shape: (64,)
  Pred std: 0.033663, range: 0.249264, mean: 0.074135
  Pos: 99.8%, Neg: 0.2%, Unique: 1244
  Saved validation predictions to: experiments/00_baseline_exploration/sweep2_h16_enc_40/collapse_monitoring/val_predictions_epoch48.npy
  Gradient norms:
    lstm_encoder: 0.021797
    lstm_decoder: 0.009628
    multihead_attn: 0.001894
    output_layer: 0.093277
  VSN output std:
    encoder: 0.166637
  Attention entropy: 3.638631
  Saved to: experiments/00_baseline_exploration/sweep2_h16_enc_40/collapse_monitoring/collapse_monitor_epoch48.json
Epoch 49: val_loss=0.4057203233242035
Epoch 49: train_loss=0.4205870032310486

[CollapseMonitor] Epoch 49
  [DEBUG] Processed 20 batches from val_dataloader
  [DEBUG] Predictions shape after concat: (1260,)
  [DEBUG] All predictions list length: 20
  [DEBUG] First batch shape: (64,)
  Pred std: 0.035509, range: 0.257465, mean: 0.069477
  Pos: 99.8%, Neg: 0.2%, Unique: 1254
  Saved validation predictions to: experiments/00_baseline_exploration/sweep2_h16_enc_40/collapse_monitoring/val_predictions_epoch49.npy
  Gradient norms:
    lstm_encoder: 0.023060
    lstm_decoder: 0.009588
    multihead_attn: 0.001898
    output_layer: 0.095612
  VSN output std:
    encoder: 0.166464
  Attention entropy: 3.646795
  Saved to: experiments/00_baseline_exploration/sweep2_h16_enc_40/collapse_monitoring/collapse_monitor_epoch49.json
Epoch 50: val_loss=0.40659376978874207
Epoch 50: train_loss=0.420645534992218

[CollapseMonitor] Epoch 50
  [DEBUG] Processed 20 batches from val_dataloader
  [DEBUG] Predictions shape after concat: (1260,)
  [DEBUG] All predictions list length: 20
  [DEBUG] First batch shape: (64,)
  Pred std: 0.033750, range: 0.240611, mean: 0.082005
  Pos: 100.0%, Neg: 0.0%, Unique: 1251
  Saved validation predictions to: experiments/00_baseline_exploration/sweep2_h16_enc_40/collapse_monitoring/val_predictions_epoch50.npy
  Gradient norms:
    lstm_encoder: 0.021728
    lstm_decoder: 0.009066
    multihead_attn: 0.001825
    output_layer: 0.091533
  VSN output std:
    encoder: 0.166624
  Attention entropy: 3.648994
  Saved to: experiments/00_baseline_exploration/sweep2_h16_enc_40/collapse_monitoring/collapse_monitor_epoch50.json
Epoch 51: val_loss=0.40556907653808594
Epoch 51: train_loss=0.4202365577220917

[CollapseMonitor] Epoch 51
  [DEBUG] Processed 20 batches from val_dataloader
  [DEBUG] Predictions shape after concat: (1260,)
  [DEBUG] All predictions list length: 20
  [DEBUG] First batch shape: (64,)
  Pred std: 0.032766, range: 0.234198, mean: 0.082320
  Pos: 100.0%, Neg: 0.0%, Unique: 1244
  Saved validation predictions to: experiments/00_baseline_exploration/sweep2_h16_enc_40/collapse_monitoring/val_predictions_epoch51.npy
  Gradient norms:
    lstm_encoder: 0.023141
    lstm_decoder: 0.009631
    multihead_attn: 0.001814
    output_layer: 0.091356
  VSN output std:
    encoder: 0.165956
  Attention entropy: 3.646693
  Saved to: experiments/00_baseline_exploration/sweep2_h16_enc_40/collapse_monitoring/collapse_monitor_epoch51.json
Epoch 52: val_loss=0.40530163049697876
Epoch 52: train_loss=0.4193570613861084

[CollapseMonitor] Epoch 52
  [DEBUG] Processed 20 batches from val_dataloader
  [DEBUG] Predictions shape after concat: (1260,)
  [DEBUG] All predictions list length: 20
  [DEBUG] First batch shape: (64,)
  Pred std: 0.040709, range: 0.283444, mean: 0.066746
  Pos: 98.9%, Neg: 1.1%, Unique: 1256
  Saved validation predictions to: experiments/00_baseline_exploration/sweep2_h16_enc_40/collapse_monitoring/val_predictions_epoch52.npy
  Gradient norms:
    lstm_encoder: 0.023827
    lstm_decoder: 0.009855
    multihead_attn: 0.001846
    output_layer: 0.091889
  VSN output std:
    encoder: 0.165648
  Attention entropy: 3.629823
  Saved to: experiments/00_baseline_exploration/sweep2_h16_enc_40/collapse_monitoring/collapse_monitor_epoch52.json
Epoch 53: val_loss=0.4056514799594879
Epoch 53: train_loss=0.41985654830932617

[CollapseMonitor] Epoch 53
  [DEBUG] Processed 20 batches from val_dataloader
  [DEBUG] Predictions shape after concat: (1260,)
  [DEBUG] All predictions list length: 20
  [DEBUG] First batch shape: (64,)
  Pred std: 0.037849, range: 0.266353, mean: 0.076477
  Pos: 99.7%, Neg: 0.3%, Unique: 1248
  Saved validation predictions to: experiments/00_baseline_exploration/sweep2_h16_enc_40/collapse_monitoring/val_predictions_epoch53.npy
  Gradient norms:
    lstm_encoder: 0.025415
    lstm_decoder: 0.009017
    multihead_attn: 0.001947
    output_layer: 0.089071
  VSN output std:
    encoder: 0.165828
  Attention entropy: 3.635684
  Saved to: experiments/00_baseline_exploration/sweep2_h16_enc_40/collapse_monitoring/collapse_monitor_epoch53.json
Epoch 54: val_loss=0.4056263566017151
Epoch 54: train_loss=0.42048531770706177

[CollapseMonitor] Epoch 54
  [DEBUG] Processed 20 batches from val_dataloader
  [DEBUG] Predictions shape after concat: (1260,)
  [DEBUG] All predictions list length: 20
  [DEBUG] First batch shape: (64,)
  Pred std: 0.038425, range: 0.281761, mean: 0.061143
  Pos: 98.6%, Neg: 1.4%, Unique: 1254
  Saved validation predictions to: experiments/00_baseline_exploration/sweep2_h16_enc_40/collapse_monitoring/val_predictions_epoch54.npy
  Gradient norms:
    lstm_encoder: 0.024045
    lstm_decoder: 0.009585
    multihead_attn: 0.001866
    output_layer: 0.091768
  VSN output std:
    encoder: 0.165928
  Attention entropy: 3.629992
  Saved to: experiments/00_baseline_exploration/sweep2_h16_enc_40/collapse_monitoring/collapse_monitor_epoch54.json
Epoch 55: val_loss=0.4060565233230591
Epoch 55: train_loss=0.4203958809375763

[CollapseMonitor] Epoch 55
  [DEBUG] Processed 20 batches from val_dataloader
  [DEBUG] Predictions shape after concat: (1260,)
  [DEBUG] All predictions list length: 20
  [DEBUG] First batch shape: (64,)
  Pred std: 0.035769, range: 0.263680, mean: 0.088278
  Pos: 99.9%, Neg: 0.1%, Unique: 1256
  Saved validation predictions to: experiments/00_baseline_exploration/sweep2_h16_enc_40/collapse_monitoring/val_predictions_epoch55.npy
  Gradient norms:
    lstm_encoder: 0.026410
    lstm_decoder: 0.009959
    multihead_attn: 0.002034
    output_layer: 0.092286
  VSN output std:
    encoder: 0.165392
  Attention entropy: 3.634149
  Saved to: experiments/00_baseline_exploration/sweep2_h16_enc_40/collapse_monitoring/collapse_monitor_epoch55.json
Epoch 56: val_loss=0.4054192006587982
Epoch 56: train_loss=0.41891545057296753

[CollapseMonitor] Epoch 56
  [DEBUG] Processed 20 batches from val_dataloader
  [DEBUG] Predictions shape after concat: (1260,)
  [DEBUG] All predictions list length: 20
  [DEBUG] First batch shape: (64,)
  Pred std: 0.037960, range: 0.272263, mean: 0.087167
  Pos: 99.8%, Neg: 0.2%, Unique: 1253
  Saved validation predictions to: experiments/00_baseline_exploration/sweep2_h16_enc_40/collapse_monitoring/val_predictions_epoch56.npy
  Gradient norms:
    lstm_encoder: 0.025435
    lstm_decoder: 0.010260
    multihead_attn: 0.001961
    output_layer: 0.097492
  VSN output std:
    encoder: 0.165600
  Attention entropy: 3.632654
  Saved to: experiments/00_baseline_exploration/sweep2_h16_enc_40/collapse_monitoring/collapse_monitor_epoch56.json
Epoch 57: val_loss=0.40625035762786865
Epoch 57: train_loss=0.41997429728507996

[CollapseMonitor] Epoch 57
  [DEBUG] Processed 20 batches from val_dataloader
  [DEBUG] Predictions shape after concat: (1260,)
  [DEBUG] All predictions list length: 20
  [DEBUG] First batch shape: (64,)
  Pred std: 0.037746, range: 0.274608, mean: 0.083020
  Pos: 99.8%, Neg: 0.2%, Unique: 1246
  Saved validation predictions to: experiments/00_baseline_exploration/sweep2_h16_enc_40/collapse_monitoring/val_predictions_epoch57.npy
  Gradient norms:
    lstm_encoder: 0.024856
    lstm_decoder: 0.010017
    multihead_attn: 0.001912
    output_layer: 0.090733
  VSN output std:
    encoder: 0.165868
  Attention entropy: 3.636273
  Saved to: experiments/00_baseline_exploration/sweep2_h16_enc_40/collapse_monitoring/collapse_monitor_epoch57.json
Epoch 58: val_loss=0.4054833948612213
Epoch 58: train_loss=0.41975826025009155

[CollapseMonitor] Epoch 58
  [DEBUG] Processed 20 batches from val_dataloader
  [DEBUG] Predictions shape after concat: (1260,)
  [DEBUG] All predictions list length: 20
  [DEBUG] First batch shape: (64,)
  Pred std: 0.038581, range: 0.280460, mean: 0.068015
  Pos: 99.0%, Neg: 1.0%, Unique: 1254
  Saved validation predictions to: experiments/00_baseline_exploration/sweep2_h16_enc_40/collapse_monitoring/val_predictions_epoch58.npy
  Gradient norms:
    lstm_encoder: 0.026136
    lstm_decoder: 0.010258
    multihead_attn: 0.002013
    output_layer: 0.094193
  VSN output std:
    encoder: 0.166275
  Attention entropy: 3.632950
  Saved to: experiments/00_baseline_exploration/sweep2_h16_enc_40/collapse_monitoring/collapse_monitor_epoch58.json


======================================================================
Training complete
======================================================================

Best model checkpoint: experiments/00_baseline_exploration/sweep2_h16_enc_40/checkpoints/tft-epoch=48-val_loss=0.4053.ckpt
Best validation loss: 0.405279
Completed at: 2025-10-29 18:56:02
Log saved to: experiments/00_baseline_exploration/sweep2_h16_enc_40/training_20251029_182255.log
======================================================================
