======================================================================
Training TFT: 00_baseline_exploration/exp001_baseline
======================================================================
Logging to: experiments/00_baseline_exploration/exp001_baseline/training_20251029_172447.log
Started at: 2025-10-29 17:24:47
======================================================================
Configuration saved to: experiments/00_baseline_exploration/exp001_baseline/config.json

Loading data splits...
Train: 6066 samples
Val: 1300 samples
Test: 1300 samples

Preparing TimeSeriesDataSet...

Dropping source columns (used for staleness only): ['CPI']

Final features for TFT: ['SP500_Returns', 'VIX', 'Treasury_10Y', 'Yield_Spread', 'Inflation_YoY']

======================================================================
FEATURE STATISTICS - BEFORE NORMALIZATION
======================================================================
VIX                             mean= 19.7193  std=  8.0201  min=  9.3100  max= 80.8600
Treasury_10Y                    mean=  4.7588  std=  1.6860  min=  1.4300  max=  8.3600
Yield_Spread                    mean=  1.2786  std=  0.9184  min= -0.5200  max=  2.9100
Inflation_YoY                   mean=  2.5055  std=  1.1650  min= -1.9588  max=  5.7255

======================================================================
FEATURES AFTER GROUPNORMALIZER (first batch, last timestep)
======================================================================
VIX                             normalized_value=  1.0000
Treasury_10Y                    normalized_value= -0.0500
Yield_Spread                    normalized_value= -0.4214
Inflation_YoY                   normalized_value= -0.9721
======================================================================

Batches per epoch: 94
[DEBUG] Validation batches: 20
[DEBUG] Validation dataset size: 1280
[DEBUG] Batch size: 64

Initializing model...
Model parameters: 66,975

Starting training...
Checkpoints will be saved to: experiments/00_baseline_exploration/exp001_baseline/checkpoints/
Logs will be saved to: experiments/00_baseline_exploration/exp001_baseline/logs/

Epoch 0: val_loss=N/A
Epoch 0: val_loss=0.4711645245552063
Epoch 0: train_loss=0.598226010799408

[CollapseMonitor] Epoch 0
  [DEBUG] Processed 20 batches from val_dataloader
  [DEBUG] Predictions shape after concat: (1280,)
  [DEBUG] All predictions list length: 20
  [DEBUG] First batch shape: (64,)
  Pred std: 0.027399, range: 0.146825, mean: 0.088511
  Pos: 100.0%, Neg: 0.0%, Unique: 1263
  Saved validation predictions to: experiments/00_baseline_exploration/exp001_baseline/collapse_monitoring/val_predictions_epoch0.npy
  Gradient norms:
    lstm_encoder: 0.013059
    lstm_decoder: 0.017384
    multihead_attn: 0.010500
    output_layer: 0.580367
  VSN output std:
    encoder: 0.157577
  Attention entropy: 2.989452
  Saved to: experiments/00_baseline_exploration/exp001_baseline/collapse_monitoring/collapse_monitor_epoch0.json
Epoch 1: val_loss=0.45073485374450684
Epoch 1: train_loss=0.4699486792087555

[CollapseMonitor] Epoch 1
  [DEBUG] Processed 20 batches from val_dataloader
  [DEBUG] Predictions shape after concat: (1280,)
  [DEBUG] All predictions list length: 20
  [DEBUG] First batch shape: (64,)
  Pred std: 0.018097, range: 0.059763, mean: 0.098956
  Pos: 100.0%, Neg: 0.0%, Unique: 1254
  Saved validation predictions to: experiments/00_baseline_exploration/exp001_baseline/collapse_monitoring/val_predictions_epoch1.npy
  Gradient norms:
    lstm_encoder: 0.004003
    lstm_decoder: 0.004685
    multihead_attn: 0.002928
    output_layer: 0.161245
  VSN output std:
    encoder: 0.189786
  Attention entropy: 2.994942
  Saved to: experiments/00_baseline_exploration/exp001_baseline/collapse_monitoring/collapse_monitor_epoch1.json
Epoch 2: val_loss=0.44825154542922974
Epoch 2: train_loss=0.4567326009273529

[CollapseMonitor] Epoch 2
  [DEBUG] Processed 20 batches from val_dataloader
  [DEBUG] Predictions shape after concat: (1280,)
  [DEBUG] All predictions list length: 20
  [DEBUG] First batch shape: (64,)
  Pred std: 0.015530, range: 0.049470, mean: 0.051682
  Pos: 100.0%, Neg: 0.0%, Unique: 1249
  Saved validation predictions to: experiments/00_baseline_exploration/exp001_baseline/collapse_monitoring/val_predictions_epoch2.npy
  Gradient norms:
    lstm_encoder: 0.002974
    lstm_decoder: 0.003361
    multihead_attn: 0.001985
    output_layer: 0.117047
  VSN output std:
    encoder: 0.190054
  Attention entropy: 2.995409
  Saved to: experiments/00_baseline_exploration/exp001_baseline/collapse_monitoring/collapse_monitor_epoch2.json
Epoch 3: val_loss=0.44755735993385315
Epoch 3: train_loss=0.454273521900177

[CollapseMonitor] Epoch 3
  [DEBUG] Processed 20 batches from val_dataloader
  [DEBUG] Predictions shape after concat: (1280,)
  [DEBUG] All predictions list length: 20
  [DEBUG] First batch shape: (64,)
  Pred std: 0.018565, range: 0.083546, mean: 0.095611
  Pos: 100.0%, Neg: 0.0%, Unique: 1261
  Saved validation predictions to: experiments/00_baseline_exploration/exp001_baseline/collapse_monitoring/val_predictions_epoch3.npy
  Gradient norms:
    lstm_encoder: 0.003132
    lstm_decoder: 0.003489
    multihead_attn: 0.001802
    output_layer: 0.123049
  VSN output std:
    encoder: 0.153923
  Attention entropy: 2.995152
  Saved to: experiments/00_baseline_exploration/exp001_baseline/collapse_monitoring/collapse_monitor_epoch3.json
Epoch 4: val_loss=0.4443244934082031
Epoch 4: train_loss=0.4514475464820862

[CollapseMonitor] Epoch 4
  [DEBUG] Processed 20 batches from val_dataloader
  [DEBUG] Predictions shape after concat: (1280,)
  [DEBUG] All predictions list length: 20
  [DEBUG] First batch shape: (64,)
  Pred std: 0.055424, range: 0.246110, mean: 0.110821
  Pos: 100.0%, Neg: 0.0%, Unique: 1270
  Saved validation predictions to: experiments/00_baseline_exploration/exp001_baseline/collapse_monitoring/val_predictions_epoch4.npy
  Gradient norms:
    lstm_encoder: 0.003727
    lstm_decoder: 0.003556
    multihead_attn: 0.001935
    output_layer: 0.125082
  VSN output std:
    encoder: 0.184952
  Attention entropy: 2.992700
  Saved to: experiments/00_baseline_exploration/exp001_baseline/collapse_monitoring/collapse_monitor_epoch4.json
Epoch 5: val_loss=0.43361783027648926
Epoch 5: train_loss=0.4455152153968811

[CollapseMonitor] Epoch 5
  [DEBUG] Processed 20 batches from val_dataloader
  [DEBUG] Predictions shape after concat: (1280,)
  [DEBUG] All predictions list length: 20
  [DEBUG] First batch shape: (64,)
  Pred std: 0.049674, range: 0.194940, mean: 0.104796
  Pos: 100.0%, Neg: 0.0%, Unique: 1270
  Saved validation predictions to: experiments/00_baseline_exploration/exp001_baseline/collapse_monitoring/val_predictions_epoch5.npy
  Gradient norms:
    lstm_encoder: 0.005227
    lstm_decoder: 0.004151
    multihead_attn: 0.002648
    output_layer: 0.123346
  VSN output std:
    encoder: 0.220005
  Attention entropy: 2.978155
  Saved to: experiments/00_baseline_exploration/exp001_baseline/collapse_monitoring/collapse_monitor_epoch5.json
Epoch 6: val_loss=0.4235590994358063
Epoch 6: train_loss=0.43752098083496094

[CollapseMonitor] Epoch 6
  [DEBUG] Processed 20 batches from val_dataloader
  [DEBUG] Predictions shape after concat: (1280,)
  [DEBUG] All predictions list length: 20
  [DEBUG] First batch shape: (64,)
  Pred std: 0.043887, range: 0.180308, mean: 0.042276
  Pos: 99.8%, Neg: 0.2%, Unique: 1272
  Saved validation predictions to: experiments/00_baseline_exploration/exp001_baseline/collapse_monitoring/val_predictions_epoch6.npy
  Gradient norms:
    lstm_encoder: 0.006144
    lstm_decoder: 0.004337
    multihead_attn: 0.002840
    output_layer: 0.119433
  VSN output std:
    encoder: 0.173714
  Attention entropy: 2.977578
  Saved to: experiments/00_baseline_exploration/exp001_baseline/collapse_monitoring/collapse_monitor_epoch6.json
Epoch 7: val_loss=0.41877737641334534
Epoch 7: train_loss=0.4334547221660614

[CollapseMonitor] Epoch 7
  [DEBUG] Processed 20 batches from val_dataloader
  [DEBUG] Predictions shape after concat: (1280,)
  [DEBUG] All predictions list length: 20
  [DEBUG] First batch shape: (64,)
  Pred std: 0.015205, range: 0.105876, mean: 0.101526
  Pos: 100.0%, Neg: 0.0%, Unique: 1254
  Saved validation predictions to: experiments/00_baseline_exploration/exp001_baseline/collapse_monitoring/val_predictions_epoch7.npy
  Gradient norms:
    lstm_encoder: 0.006194
    lstm_decoder: 0.004314
    multihead_attn: 0.002681
    output_layer: 0.119500
  VSN output std:
    encoder: 0.170187
  Attention entropy: 2.968722
  Saved to: experiments/00_baseline_exploration/exp001_baseline/collapse_monitoring/collapse_monitor_epoch7.json
Epoch 8: val_loss=0.41543418169021606
Epoch 8: train_loss=0.4314073324203491

[CollapseMonitor] Epoch 8
  [DEBUG] Processed 20 batches from val_dataloader
  [DEBUG] Predictions shape after concat: (1280,)
  [DEBUG] All predictions list length: 20
  [DEBUG] First batch shape: (64,)
  Pred std: 0.017429, range: 0.114877, mean: 0.049384
  Pos: 100.0%, Neg: 0.0%, Unique: 1264
  Saved validation predictions to: experiments/00_baseline_exploration/exp001_baseline/collapse_monitoring/val_predictions_epoch8.npy
  Gradient norms:
    lstm_encoder: 0.007089
    lstm_decoder: 0.005004
    multihead_attn: 0.002696
    output_layer: 0.120245
  VSN output std:
    encoder: 0.178418
  Attention entropy: 2.954789
  Saved to: experiments/00_baseline_exploration/exp001_baseline/collapse_monitoring/collapse_monitor_epoch8.json
Epoch 9: val_loss=0.41219058632850647
Epoch 9: train_loss=0.428824245929718

[CollapseMonitor] Epoch 9
  [DEBUG] Processed 20 batches from val_dataloader
  [DEBUG] Predictions shape after concat: (1280,)
  [DEBUG] All predictions list length: 20
  [DEBUG] First batch shape: (64,)
  Pred std: 0.024855, range: 0.132073, mean: 0.066524
  Pos: 100.0%, Neg: 0.0%, Unique: 1249
  Saved validation predictions to: experiments/00_baseline_exploration/exp001_baseline/collapse_monitoring/val_predictions_epoch9.npy
  Gradient norms:
    lstm_encoder: 0.007230
    lstm_decoder: 0.005249
    multihead_attn: 0.002589
    output_layer: 0.119230
  VSN output std:
    encoder: 0.184964
  Attention entropy: 2.942383
  Saved to: experiments/00_baseline_exploration/exp001_baseline/collapse_monitoring/collapse_monitor_epoch9.json
Epoch 10: val_loss=0.4110358655452728
Epoch 10: train_loss=0.42783087491989136

[CollapseMonitor] Epoch 10
  [DEBUG] Processed 20 batches from val_dataloader
  [DEBUG] Predictions shape after concat: (1280,)
  [DEBUG] All predictions list length: 20
  [DEBUG] First batch shape: (64,)
  Pred std: 0.041613, range: 0.228741, mean: 0.029899
  Pos: 95.9%, Neg: 4.1%, Unique: 1242
  Saved validation predictions to: experiments/00_baseline_exploration/exp001_baseline/collapse_monitoring/val_predictions_epoch10.npy
  Gradient norms:
    lstm_encoder: 0.007623
    lstm_decoder: 0.005523
    multihead_attn: 0.002418
    output_layer: 0.126814
  VSN output std:
    encoder: 0.176283
  Attention entropy: 2.940533
  Saved to: experiments/00_baseline_exploration/exp001_baseline/collapse_monitoring/collapse_monitor_epoch10.json
Epoch 11: val_loss=0.4088987410068512
Epoch 11: train_loss=0.42657145857810974

[CollapseMonitor] Epoch 11
  [DEBUG] Processed 20 batches from val_dataloader
  [DEBUG] Predictions shape after concat: (1280,)
  [DEBUG] All predictions list length: 20
  [DEBUG] First batch shape: (64,)
  Pred std: 0.014891, range: 0.113207, mean: 0.065191
  Pos: 99.8%, Neg: 0.2%, Unique: 1251
  Saved validation predictions to: experiments/00_baseline_exploration/exp001_baseline/collapse_monitoring/val_predictions_epoch11.npy
  Gradient norms:
    lstm_encoder: 0.007688
    lstm_decoder: 0.005697
    multihead_attn: 0.002533
    output_layer: 0.116416
  VSN output std:
    encoder: 0.175387
  Attention entropy: 2.915140
  Saved to: experiments/00_baseline_exploration/exp001_baseline/collapse_monitoring/collapse_monitor_epoch11.json
Epoch 12: val_loss=0.40612807869911194
Epoch 12: train_loss=0.42447930574417114

[CollapseMonitor] Epoch 12
  [DEBUG] Processed 20 batches from val_dataloader
  [DEBUG] Predictions shape after concat: (1280,)
  [DEBUG] All predictions list length: 20
  [DEBUG] First batch shape: (64,)
  Pred std: 0.041865, range: 0.232411, mean: 0.078493
  Pos: 100.0%, Neg: 0.0%, Unique: 1258
  Saved validation predictions to: experiments/00_baseline_exploration/exp001_baseline/collapse_monitoring/val_predictions_epoch12.npy
  Gradient norms:
    lstm_encoder: 0.007953
    lstm_decoder: 0.005953
    multihead_attn: 0.002323
    output_layer: 0.121023
  VSN output std:
    encoder: 0.172000
  Attention entropy: 2.913633
  Saved to: experiments/00_baseline_exploration/exp001_baseline/collapse_monitoring/collapse_monitor_epoch12.json
Epoch 13: val_loss=0.4040992856025696
Epoch 13: train_loss=0.42412063479423523

[CollapseMonitor] Epoch 13
  [DEBUG] Processed 20 batches from val_dataloader
  [DEBUG] Predictions shape after concat: (1280,)
  [DEBUG] All predictions list length: 20
  [DEBUG] First batch shape: (64,)
  Pred std: 0.035634, range: 0.216346, mean: 0.087236
  Pos: 100.0%, Neg: 0.0%, Unique: 1241
  Saved validation predictions to: experiments/00_baseline_exploration/exp001_baseline/collapse_monitoring/val_predictions_epoch13.npy
  Gradient norms:
    lstm_encoder: 0.008595
    lstm_decoder: 0.006477
    multihead_attn: 0.002346
    output_layer: 0.121639
  VSN output std:
    encoder: 0.175702
  Attention entropy: 2.899629
  Saved to: experiments/00_baseline_exploration/exp001_baseline/collapse_monitoring/collapse_monitor_epoch13.json
Epoch 14: val_loss=0.40397152304649353
Epoch 14: train_loss=0.4241797626018524

[CollapseMonitor] Epoch 14
  [DEBUG] Processed 20 batches from val_dataloader
  [DEBUG] Predictions shape after concat: (1280,)
  [DEBUG] All predictions list length: 20
  [DEBUG] First batch shape: (64,)
  Pred std: 0.035372, range: 0.200898, mean: 0.071393
  Pos: 100.0%, Neg: 0.0%, Unique: 1255
  Saved validation predictions to: experiments/00_baseline_exploration/exp001_baseline/collapse_monitoring/val_predictions_epoch14.npy
  Gradient norms:
    lstm_encoder: 0.008687
    lstm_decoder: 0.006626
    multihead_attn: 0.002346
    output_layer: 0.122279
  VSN output std:
    encoder: 0.177834
  Attention entropy: 2.918035
  Saved to: experiments/00_baseline_exploration/exp001_baseline/collapse_monitoring/collapse_monitor_epoch14.json
Epoch 15: val_loss=0.4047015607357025
Epoch 15: train_loss=0.4225981831550598

[CollapseMonitor] Epoch 15
  [DEBUG] Processed 20 batches from val_dataloader
  [DEBUG] Predictions shape after concat: (1280,)
  [DEBUG] All predictions list length: 20
  [DEBUG] First batch shape: (64,)
  Pred std: 0.038344, range: 0.240190, mean: 0.048472
  Pos: 100.0%, Neg: 0.0%, Unique: 1254
  Saved validation predictions to: experiments/00_baseline_exploration/exp001_baseline/collapse_monitoring/val_predictions_epoch15.npy
  Gradient norms:
    lstm_encoder: 0.009801
    lstm_decoder: 0.007510
    multihead_attn: 0.002330
    output_layer: 0.128814
  VSN output std:
    encoder: 0.175804
  Attention entropy: 2.886678
  Saved to: experiments/00_baseline_exploration/exp001_baseline/collapse_monitoring/collapse_monitor_epoch15.json
Epoch 16: val_loss=0.40340131521224976
Epoch 16: train_loss=0.42272400856018066

[CollapseMonitor] Epoch 16
  [DEBUG] Processed 20 batches from val_dataloader
  [DEBUG] Predictions shape after concat: (1280,)
  [DEBUG] All predictions list length: 20
  [DEBUG] First batch shape: (64,)
  Pred std: 0.026985, range: 0.201184, mean: 0.062357
  Pos: 100.0%, Neg: 0.0%, Unique: 1251
  Saved validation predictions to: experiments/00_baseline_exploration/exp001_baseline/collapse_monitoring/val_predictions_epoch16.npy
  Gradient norms:
    lstm_encoder: 0.009672
    lstm_decoder: 0.007021
    multihead_attn: 0.002307
    output_layer: 0.120597
  VSN output std:
    encoder: 0.194095
  Attention entropy: 2.842763
  Saved to: experiments/00_baseline_exploration/exp001_baseline/collapse_monitoring/collapse_monitor_epoch16.json
Epoch 17: val_loss=0.4002365171909332
Epoch 17: train_loss=0.42147403955459595

[CollapseMonitor] Epoch 17
  [DEBUG] Processed 20 batches from val_dataloader
  [DEBUG] Predictions shape after concat: (1280,)
  [DEBUG] All predictions list length: 20
  [DEBUG] First batch shape: (64,)
  Pred std: 0.031019, range: 0.215933, mean: 0.126985
  Pos: 100.0%, Neg: 0.0%, Unique: 1257
  Saved validation predictions to: experiments/00_baseline_exploration/exp001_baseline/collapse_monitoring/val_predictions_epoch17.npy
  Gradient norms:
    lstm_encoder: 0.010000
    lstm_decoder: 0.007477
    multihead_attn: 0.002313
    output_layer: 0.126281
  VSN output std:
    encoder: 0.201561
  Attention entropy: 2.838353
  Saved to: experiments/00_baseline_exploration/exp001_baseline/collapse_monitoring/collapse_monitor_epoch17.json
Epoch 18: val_loss=0.4002252519130707
Epoch 18: train_loss=0.42055508494377136

[CollapseMonitor] Epoch 18
  [DEBUG] Processed 20 batches from val_dataloader
  [DEBUG] Predictions shape after concat: (1280,)
  [DEBUG] All predictions list length: 20
  [DEBUG] First batch shape: (64,)
  Pred std: 0.040141, range: 0.230058, mean: 0.112329
  Pos: 100.0%, Neg: 0.0%, Unique: 1240
  Saved validation predictions to: experiments/00_baseline_exploration/exp001_baseline/collapse_monitoring/val_predictions_epoch18.npy
  Gradient norms:
    lstm_encoder: 0.011472
    lstm_decoder: 0.008326
    multihead_attn: 0.002280
    output_layer: 0.125503
  VSN output std:
    encoder: 0.196694
  Attention entropy: 2.841928
  Saved to: experiments/00_baseline_exploration/exp001_baseline/collapse_monitoring/collapse_monitor_epoch18.json
Epoch 19: val_loss=0.399162620306015
Epoch 19: train_loss=0.42081817984580994

[CollapseMonitor] Epoch 19
  [DEBUG] Processed 20 batches from val_dataloader
  [DEBUG] Predictions shape after concat: (1280,)
  [DEBUG] All predictions list length: 20
  [DEBUG] First batch shape: (64,)
  Pred std: 0.051492, range: 0.261516, mean: 0.080727
  Pos: 100.0%, Neg: 0.0%, Unique: 1270
  Saved validation predictions to: experiments/00_baseline_exploration/exp001_baseline/collapse_monitoring/val_predictions_epoch19.npy
  Gradient norms:
    lstm_encoder: 0.011998
    lstm_decoder: 0.008491
    multihead_attn: 0.002307
    output_layer: 0.124079
  VSN output std:
    encoder: 0.189301
  Attention entropy: 2.811444
  Saved to: experiments/00_baseline_exploration/exp001_baseline/collapse_monitoring/collapse_monitor_epoch19.json
Epoch 20: val_loss=0.39872226119041443
Epoch 20: train_loss=0.42064669728279114

[CollapseMonitor] Epoch 20
  [DEBUG] Processed 20 batches from val_dataloader
  [DEBUG] Predictions shape after concat: (1280,)
  [DEBUG] All predictions list length: 20
  [DEBUG] First batch shape: (64,)
  Pred std: 0.055935, range: 0.315803, mean: 0.096284
  Pos: 100.0%, Neg: 0.0%, Unique: 1270
  Saved validation predictions to: experiments/00_baseline_exploration/exp001_baseline/collapse_monitoring/val_predictions_epoch20.npy
  Gradient norms:
    lstm_encoder: 0.012942
    lstm_decoder: 0.008612
    multihead_attn: 0.002065
    output_layer: 0.122041
  VSN output std:
    encoder: 0.184699
  Attention entropy: 2.721779
  Saved to: experiments/00_baseline_exploration/exp001_baseline/collapse_monitoring/collapse_monitor_epoch20.json
Epoch 21: val_loss=0.39817923307418823
Epoch 21: train_loss=0.42043912410736084

[CollapseMonitor] Epoch 21
  [DEBUG] Processed 20 batches from val_dataloader
  [DEBUG] Predictions shape after concat: (1280,)
  [DEBUG] All predictions list length: 20
  [DEBUG] First batch shape: (64,)
  Pred std: 0.037174, range: 0.237724, mean: 0.121076
  Pos: 100.0%, Neg: 0.0%, Unique: 1265
  Saved validation predictions to: experiments/00_baseline_exploration/exp001_baseline/collapse_monitoring/val_predictions_epoch21.npy
  Gradient norms:
    lstm_encoder: 0.013604
    lstm_decoder: 0.009096
    multihead_attn: 0.002462
    output_layer: 0.121946
  VSN output std:
    encoder: 0.191507
  Attention entropy: 2.599825
  Saved to: experiments/00_baseline_exploration/exp001_baseline/collapse_monitoring/collapse_monitor_epoch21.json
Epoch 22: val_loss=0.3973374664783478
Epoch 22: train_loss=0.4198985695838928

[CollapseMonitor] Epoch 22
  [DEBUG] Processed 20 batches from val_dataloader
  [DEBUG] Predictions shape after concat: (1280,)
  [DEBUG] All predictions list length: 20
  [DEBUG] First batch shape: (64,)
  Pred std: 0.031488, range: 0.196981, mean: 0.115131
  Pos: 100.0%, Neg: 0.0%, Unique: 1262
  Saved validation predictions to: experiments/00_baseline_exploration/exp001_baseline/collapse_monitoring/val_predictions_epoch22.npy
  Gradient norms:
    lstm_encoder: 0.014560
    lstm_decoder: 0.009364
    multihead_attn: 0.002826
    output_layer: 0.130523
  VSN output std:
    encoder: 0.190735
  Attention entropy: 2.518525
  Saved to: experiments/00_baseline_exploration/exp001_baseline/collapse_monitoring/collapse_monitor_epoch22.json
Epoch 23: val_loss=0.39646396040916443
Epoch 23: train_loss=0.4206969141960144

[CollapseMonitor] Epoch 23
  [DEBUG] Processed 20 batches from val_dataloader
  [DEBUG] Predictions shape after concat: (1280,)
  [DEBUG] All predictions list length: 20
  [DEBUG] First batch shape: (64,)
  Pred std: 0.044546, range: 0.261219, mean: 0.089809
  Pos: 100.0%, Neg: 0.0%, Unique: 1260
  Saved validation predictions to: experiments/00_baseline_exploration/exp001_baseline/collapse_monitoring/val_predictions_epoch23.npy
  Gradient norms:
    lstm_encoder: 0.014739
    lstm_decoder: 0.009807
    multihead_attn: 0.002913
    output_layer: 0.133859
  VSN output std:
    encoder: 0.196921
  Attention entropy: 2.652068
  Saved to: experiments/00_baseline_exploration/exp001_baseline/collapse_monitoring/collapse_monitor_epoch23.json
Epoch 24: val_loss=0.3974091112613678
Epoch 24: train_loss=0.4206081032752991

[CollapseMonitor] Epoch 24
  [DEBUG] Processed 20 batches from val_dataloader
  [DEBUG] Predictions shape after concat: (1280,)
  [DEBUG] All predictions list length: 20
  [DEBUG] First batch shape: (64,)
  Pred std: 0.047118, range: 0.300472, mean: 0.051481
  Pos: 99.6%, Neg: 0.4%, Unique: 1265
  Saved validation predictions to: experiments/00_baseline_exploration/exp001_baseline/collapse_monitoring/val_predictions_epoch24.npy
  Gradient norms:
    lstm_encoder: 0.015463
    lstm_decoder: 0.009263
    multihead_attn: 0.002509
    output_layer: 0.124056
  VSN output std:
    encoder: 0.198518
  Attention entropy: 2.596655
  Saved to: experiments/00_baseline_exploration/exp001_baseline/collapse_monitoring/collapse_monitor_epoch24.json
Epoch 25: val_loss=0.3970436453819275
Epoch 25: train_loss=0.4195997714996338

[CollapseMonitor] Epoch 25
  [DEBUG] Processed 20 batches from val_dataloader
  [DEBUG] Predictions shape after concat: (1280,)
  [DEBUG] All predictions list length: 20
  [DEBUG] First batch shape: (64,)
  Pred std: 0.035773, range: 0.237401, mean: 0.093956
  Pos: 100.0%, Neg: 0.0%, Unique: 1264
  Saved validation predictions to: experiments/00_baseline_exploration/exp001_baseline/collapse_monitoring/val_predictions_epoch25.npy
  Gradient norms:
    lstm_encoder: 0.015400
    lstm_decoder: 0.009420
    multihead_attn: 0.003007
    output_layer: 0.123948
  VSN output std:
    encoder: 0.193835
  Attention entropy: 2.559449
  Saved to: experiments/00_baseline_exploration/exp001_baseline/collapse_monitoring/collapse_monitor_epoch25.json
Epoch 26: val_loss=0.3984193205833435
Epoch 26: train_loss=0.4200540781021118

[CollapseMonitor] Epoch 26
  [DEBUG] Processed 20 batches from val_dataloader
  [DEBUG] Predictions shape after concat: (1280,)
  [DEBUG] All predictions list length: 20
  [DEBUG] First batch shape: (64,)
  Pred std: 0.058771, range: 0.345557, mean: 0.061323
  Pos: 99.9%, Neg: 0.1%, Unique: 1274
  Saved validation predictions to: experiments/00_baseline_exploration/exp001_baseline/collapse_monitoring/val_predictions_epoch26.npy
  Gradient norms:
    lstm_encoder: 0.016569
    lstm_decoder: 0.009471
    multihead_attn: 0.002234
    output_layer: 0.123955
  VSN output std:
    encoder: 0.195049
  Attention entropy: 2.484475
  Saved to: experiments/00_baseline_exploration/exp001_baseline/collapse_monitoring/collapse_monitor_epoch26.json
Epoch 27: val_loss=0.39893418550491333
Epoch 27: train_loss=0.42014437913894653

[CollapseMonitor] Epoch 27
  [DEBUG] Processed 20 batches from val_dataloader
  [DEBUG] Predictions shape after concat: (1280,)
  [DEBUG] All predictions list length: 20
  [DEBUG] First batch shape: (64,)
  Pred std: 0.049432, range: 0.309030, mean: 0.141489
  Pos: 100.0%, Neg: 0.0%, Unique: 1268
  Saved validation predictions to: experiments/00_baseline_exploration/exp001_baseline/collapse_monitoring/val_predictions_epoch27.npy
  Gradient norms:
    lstm_encoder: 0.016883
    lstm_decoder: 0.009241
    multihead_attn: 0.002547
    output_layer: 0.122657
  VSN output std:
    encoder: 0.189770
  Attention entropy: 2.503360
  Saved to: experiments/00_baseline_exploration/exp001_baseline/collapse_monitoring/collapse_monitor_epoch27.json
Epoch 28: val_loss=0.3963477611541748
Epoch 28: train_loss=0.41955551505088806

[CollapseMonitor] Epoch 28
  [DEBUG] Processed 20 batches from val_dataloader
  [DEBUG] Predictions shape after concat: (1280,)
  [DEBUG] All predictions list length: 20
  [DEBUG] First batch shape: (64,)
  Pred std: 0.047221, range: 0.323483, mean: 0.073884
  Pos: 100.0%, Neg: 0.0%, Unique: 1273
  Saved validation predictions to: experiments/00_baseline_exploration/exp001_baseline/collapse_monitoring/val_predictions_epoch28.npy
  Gradient norms:
    lstm_encoder: 0.017263
    lstm_decoder: 0.010069
    multihead_attn: 0.002779
    output_layer: 0.131914
  VSN output std:
    encoder: 0.188428
  Attention entropy: 2.486964
  Saved to: experiments/00_baseline_exploration/exp001_baseline/collapse_monitoring/collapse_monitor_epoch28.json
Epoch 29: val_loss=0.39732202887535095
Epoch 29: train_loss=0.4197016656398773

[CollapseMonitor] Epoch 29
  [DEBUG] Processed 20 batches from val_dataloader
  [DEBUG] Predictions shape after concat: (1280,)
  [DEBUG] All predictions list length: 20
  [DEBUG] First batch shape: (64,)
  Pred std: 0.060276, range: 0.375605, mean: 0.089828
  Pos: 100.0%, Neg: 0.0%, Unique: 1266
  Saved validation predictions to: experiments/00_baseline_exploration/exp001_baseline/collapse_monitoring/val_predictions_epoch29.npy
  Gradient norms:
    lstm_encoder: 0.019114
    lstm_decoder: 0.010253
    multihead_attn: 0.002398
    output_layer: 0.120624
  VSN output std:
    encoder: 0.193665
  Attention entropy: 2.484573
  Saved to: experiments/00_baseline_exploration/exp001_baseline/collapse_monitoring/collapse_monitor_epoch29.json
Epoch 30: val_loss=0.39564788341522217
Epoch 30: train_loss=0.41802486777305603

[CollapseMonitor] Epoch 30
  [DEBUG] Processed 20 batches from val_dataloader
  [DEBUG] Predictions shape after concat: (1280,)
  [DEBUG] All predictions list length: 20
  [DEBUG] First batch shape: (64,)
  Pred std: 0.054950, range: 0.399640, mean: 0.067752
  Pos: 95.7%, Neg: 4.3%, Unique: 1270
  Saved validation predictions to: experiments/00_baseline_exploration/exp001_baseline/collapse_monitoring/val_predictions_epoch30.npy
  Gradient norms:
    lstm_encoder: 0.019858
    lstm_decoder: 0.010308
    multihead_attn: 0.002541
    output_layer: 0.126166
  VSN output std:
    encoder: 0.188046
  Attention entropy: 2.655340
  Saved to: experiments/00_baseline_exploration/exp001_baseline/collapse_monitoring/collapse_monitor_epoch30.json
Epoch 31: val_loss=0.3947611451148987
Epoch 31: train_loss=0.41950035095214844

[CollapseMonitor] Epoch 31
  [DEBUG] Processed 20 batches from val_dataloader
  [DEBUG] Predictions shape after concat: (1280,)
  [DEBUG] All predictions list length: 20
  [DEBUG] First batch shape: (64,)
  Pred std: 0.058353, range: 0.398138, mean: 0.101843
  Pos: 100.0%, Neg: 0.0%, Unique: 1273
  Saved validation predictions to: experiments/00_baseline_exploration/exp001_baseline/collapse_monitoring/val_predictions_epoch31.npy
  Gradient norms:
    lstm_encoder: 0.018138
    lstm_decoder: 0.010749
    multihead_attn: 0.002973
    output_layer: 0.128403
  VSN output std:
    encoder: 0.185951
  Attention entropy: 2.201294
  Saved to: experiments/00_baseline_exploration/exp001_baseline/collapse_monitoring/collapse_monitor_epoch31.json
Epoch 32: val_loss=0.39817360043525696
Epoch 32: train_loss=0.419657438993454

[CollapseMonitor] Epoch 32
  [DEBUG] Processed 20 batches from val_dataloader
  [DEBUG] Predictions shape after concat: (1280,)
  [DEBUG] All predictions list length: 20
  [DEBUG] First batch shape: (64,)
  Pred std: 0.062486, range: 0.375827, mean: 0.105528
  Pos: 100.0%, Neg: 0.0%, Unique: 1270
  Saved validation predictions to: experiments/00_baseline_exploration/exp001_baseline/collapse_monitoring/val_predictions_epoch32.npy
  Gradient norms:
    lstm_encoder: 0.019764
    lstm_decoder: 0.011728
    multihead_attn: 0.002242
    output_layer: 0.138149
  VSN output std:
    encoder: 0.178329
  Attention entropy: 2.585764
  Saved to: experiments/00_baseline_exploration/exp001_baseline/collapse_monitoring/collapse_monitor_epoch32.json
Epoch 33: val_loss=0.396598756313324
Epoch 33: train_loss=0.4186708629131317

[CollapseMonitor] Epoch 33
  [DEBUG] Processed 20 batches from val_dataloader
  [DEBUG] Predictions shape after concat: (1280,)
  [DEBUG] All predictions list length: 20
  [DEBUG] First batch shape: (64,)
  Pred std: 0.062776, range: 0.364055, mean: 0.059454
  Pos: 99.3%, Neg: 0.7%, Unique: 1272
  Saved validation predictions to: experiments/00_baseline_exploration/exp001_baseline/collapse_monitoring/val_predictions_epoch33.npy
  Gradient norms:
    lstm_encoder: 0.020199
    lstm_decoder: 0.011214
    multihead_attn: 0.002355
    output_layer: 0.130223
  VSN output std:
    encoder: 0.171245
  Attention entropy: 2.589917
  Saved to: experiments/00_baseline_exploration/exp001_baseline/collapse_monitoring/collapse_monitor_epoch33.json
Epoch 34: val_loss=0.39472660422325134
Epoch 34: train_loss=0.41794538497924805

[CollapseMonitor] Epoch 34
  [DEBUG] Processed 20 batches from val_dataloader
  [DEBUG] Predictions shape after concat: (1280,)
  [DEBUG] All predictions list length: 20
  [DEBUG] First batch shape: (64,)
  Pred std: 0.060420, range: 0.383030, mean: 0.099930
  Pos: 100.0%, Neg: 0.0%, Unique: 1269
  Saved validation predictions to: experiments/00_baseline_exploration/exp001_baseline/collapse_monitoring/val_predictions_epoch34.npy
  Gradient norms:
    lstm_encoder: 0.019492
    lstm_decoder: 0.010608
    multihead_attn: 0.002554
    output_layer: 0.125554
  VSN output std:
    encoder: 0.173734
  Attention entropy: 2.546482
  Saved to: experiments/00_baseline_exploration/exp001_baseline/collapse_monitoring/collapse_monitor_epoch34.json
Epoch 35: val_loss=0.3988000452518463
Epoch 35: train_loss=0.4170065224170685

[CollapseMonitor] Epoch 35
  [DEBUG] Processed 20 batches from val_dataloader
  [DEBUG] Predictions shape after concat: (1280,)
  [DEBUG] All predictions list length: 20
  [DEBUG] First batch shape: (64,)
  Pred std: 0.056531, range: 0.345550, mean: 0.061385
  Pos: 98.9%, Neg: 1.1%, Unique: 1274
  Saved validation predictions to: experiments/00_baseline_exploration/exp001_baseline/collapse_monitoring/val_predictions_epoch35.npy
  Gradient norms:
    lstm_encoder: 0.021371
    lstm_decoder: 0.011772
    multihead_attn: 0.002713
    output_layer: 0.125800
  VSN output std:
    encoder: 0.167845
  Attention entropy: 2.651143
  Saved to: experiments/00_baseline_exploration/exp001_baseline/collapse_monitoring/collapse_monitor_epoch35.json
Epoch 36: val_loss=0.39723873138427734
Epoch 36: train_loss=0.41811805963516235

[CollapseMonitor] Epoch 36
  [DEBUG] Processed 20 batches from val_dataloader
  [DEBUG] Predictions shape after concat: (1280,)
  [DEBUG] All predictions list length: 20
  [DEBUG] First batch shape: (64,)
  Pred std: 0.062929, range: 0.373908, mean: 0.076402
  Pos: 100.0%, Neg: 0.0%, Unique: 1273
  Saved validation predictions to: experiments/00_baseline_exploration/exp001_baseline/collapse_monitoring/val_predictions_epoch36.npy
  Gradient norms:
    lstm_encoder: 0.020513
    lstm_decoder: 0.011181
    multihead_attn: 0.002398
    output_layer: 0.124588
  VSN output std:
    encoder: 0.170210
  Attention entropy: 2.564504
  Saved to: experiments/00_baseline_exploration/exp001_baseline/collapse_monitoring/collapse_monitor_epoch36.json
Epoch 37: val_loss=0.39423084259033203
Epoch 37: train_loss=0.4168311655521393

[CollapseMonitor] Epoch 37
  [DEBUG] Processed 20 batches from val_dataloader
  [DEBUG] Predictions shape after concat: (1280,)
  [DEBUG] All predictions list length: 20
  [DEBUG] First batch shape: (64,)
  Pred std: 0.052366, range: 0.340619, mean: 0.151531
  Pos: 100.0%, Neg: 0.0%, Unique: 1277
  Saved validation predictions to: experiments/00_baseline_exploration/exp001_baseline/collapse_monitoring/val_predictions_epoch37.npy
  Gradient norms:
    lstm_encoder: 0.020315
    lstm_decoder: 0.010648
    multihead_attn: 0.002249
    output_layer: 0.110929
  VSN output std:
    encoder: 0.170737
  Attention entropy: 2.628189
  Saved to: experiments/00_baseline_exploration/exp001_baseline/collapse_monitoring/collapse_monitor_epoch37.json
Epoch 38: val_loss=0.39704450964927673
Epoch 38: train_loss=0.416653573513031

[CollapseMonitor] Epoch 38
  [DEBUG] Processed 20 batches from val_dataloader
  [DEBUG] Predictions shape after concat: (1280,)
  [DEBUG] All predictions list length: 20
  [DEBUG] First batch shape: (64,)
  Pred std: 0.059276, range: 0.346826, mean: 0.088933
  Pos: 100.0%, Neg: 0.0%, Unique: 1272
  Saved validation predictions to: experiments/00_baseline_exploration/exp001_baseline/collapse_monitoring/val_predictions_epoch38.npy
  Gradient norms:
    lstm_encoder: 0.021236
    lstm_decoder: 0.011560
    multihead_attn: 0.002260
    output_layer: 0.124192
  VSN output std:
    encoder: 0.168360
  Attention entropy: 2.644845
  Saved to: experiments/00_baseline_exploration/exp001_baseline/collapse_monitoring/collapse_monitor_epoch38.json
Epoch 39: val_loss=0.3962774872779846
Epoch 39: train_loss=0.4163326025009155

[CollapseMonitor] Epoch 39
  [DEBUG] Processed 20 batches from val_dataloader
  [DEBUG] Predictions shape after concat: (1280,)
  [DEBUG] All predictions list length: 20
  [DEBUG] First batch shape: (64,)
  Pred std: 0.054227, range: 0.323804, mean: 0.113019
  Pos: 100.0%, Neg: 0.0%, Unique: 1273
  Saved validation predictions to: experiments/00_baseline_exploration/exp001_baseline/collapse_monitoring/val_predictions_epoch39.npy
  Gradient norms:
    lstm_encoder: 0.023492
    lstm_decoder: 0.011956
    multihead_attn: 0.002715
    output_layer: 0.130339
  VSN output std:
    encoder: 0.168506
  Attention entropy: 2.662045
  Saved to: experiments/00_baseline_exploration/exp001_baseline/collapse_monitoring/collapse_monitor_epoch39.json
Epoch 40: val_loss=0.3949032723903656
Epoch 40: train_loss=0.41603145003318787

[CollapseMonitor] Epoch 40
  [DEBUG] Processed 20 batches from val_dataloader
  [DEBUG] Predictions shape after concat: (1280,)
  [DEBUG] All predictions list length: 20
  [DEBUG] First batch shape: (64,)
  Pred std: 0.056491, range: 0.352321, mean: 0.090681
  Pos: 99.9%, Neg: 0.1%, Unique: 1272
  Saved validation predictions to: experiments/00_baseline_exploration/exp001_baseline/collapse_monitoring/val_predictions_epoch40.npy
  Gradient norms:
    lstm_encoder: 0.023755
    lstm_decoder: 0.011892
    multihead_attn: 0.002595
    output_layer: 0.126918
  VSN output std:
    encoder: 0.162183
  Attention entropy: 2.640949
  Saved to: experiments/00_baseline_exploration/exp001_baseline/collapse_monitoring/collapse_monitor_epoch40.json
Epoch 41: val_loss=0.395733505487442
Epoch 41: train_loss=0.4162350594997406

[CollapseMonitor] Epoch 41
  [DEBUG] Processed 20 batches from val_dataloader
  [DEBUG] Predictions shape after concat: (1280,)
  [DEBUG] All predictions list length: 20
  [DEBUG] First batch shape: (64,)
  Pred std: 0.062670, range: 0.384379, mean: 0.086369
  Pos: 99.8%, Neg: 0.2%, Unique: 1273
  Saved validation predictions to: experiments/00_baseline_exploration/exp001_baseline/collapse_monitoring/val_predictions_epoch41.npy
  Gradient norms:
    lstm_encoder: 0.023868
    lstm_decoder: 0.012154
    multihead_attn: 0.003084
    output_layer: 0.122374
  VSN output std:
    encoder: 0.160741
  Attention entropy: 2.667679
  Saved to: experiments/00_baseline_exploration/exp001_baseline/collapse_monitoring/collapse_monitor_epoch41.json
Epoch 42: val_loss=0.3955645263195038
Epoch 42: train_loss=0.4164288341999054

[CollapseMonitor] Epoch 42
  [DEBUG] Processed 20 batches from val_dataloader
  [DEBUG] Predictions shape after concat: (1280,)
  [DEBUG] All predictions list length: 20
  [DEBUG] First batch shape: (64,)
  Pred std: 0.064828, range: 0.384265, mean: 0.106893
  Pos: 100.0%, Neg: 0.0%, Unique: 1271
  Saved validation predictions to: experiments/00_baseline_exploration/exp001_baseline/collapse_monitoring/val_predictions_epoch42.npy
  Gradient norms:
    lstm_encoder: 0.023797
    lstm_decoder: 0.012273
    multihead_attn: 0.002652
    output_layer: 0.126611
  VSN output std:
    encoder: 0.163157
  Attention entropy: 2.592116
  Saved to: experiments/00_baseline_exploration/exp001_baseline/collapse_monitoring/collapse_monitor_epoch42.json
Epoch 43: val_loss=0.39635640382766724
Epoch 43: train_loss=0.4159424602985382

[CollapseMonitor] Epoch 43
  [DEBUG] Processed 20 batches from val_dataloader
  [DEBUG] Predictions shape after concat: (1280,)
  [DEBUG] All predictions list length: 20
  [DEBUG] First batch shape: (64,)
  Pred std: 0.068670, range: 0.398913, mean: 0.101522
  Pos: 100.0%, Neg: 0.0%, Unique: 1270
  Saved validation predictions to: experiments/00_baseline_exploration/exp001_baseline/collapse_monitoring/val_predictions_epoch43.npy
  Gradient norms:
    lstm_encoder: 0.025356
    lstm_decoder: 0.012085
    multihead_attn: 0.002661
    output_layer: 0.119910
  VSN output std:
    encoder: 0.165493
  Attention entropy: 2.616245
  Saved to: experiments/00_baseline_exploration/exp001_baseline/collapse_monitoring/collapse_monitor_epoch43.json
Epoch 44: val_loss=0.39646658301353455
Epoch 44: train_loss=0.4158807694911957

[CollapseMonitor] Epoch 44
  [DEBUG] Processed 20 batches from val_dataloader
  [DEBUG] Predictions shape after concat: (1280,)
  [DEBUG] All predictions list length: 20
  [DEBUG] First batch shape: (64,)
  Pred std: 0.069895, range: 0.410619, mean: 0.093081
  Pos: 98.9%, Neg: 1.1%, Unique: 1274
  Saved validation predictions to: experiments/00_baseline_exploration/exp001_baseline/collapse_monitoring/val_predictions_epoch44.npy
  Gradient norms:
    lstm_encoder: 0.025104
    lstm_decoder: 0.011845
    multihead_attn: 0.002758
    output_layer: 0.121473
  VSN output std:
    encoder: 0.167356
  Attention entropy: 2.653220
  Saved to: experiments/00_baseline_exploration/exp001_baseline/collapse_monitoring/collapse_monitor_epoch44.json
Epoch 45: val_loss=0.3984198570251465
Epoch 45: train_loss=0.41559097170829773

[CollapseMonitor] Epoch 45
  [DEBUG] Processed 20 batches from val_dataloader
  [DEBUG] Predictions shape after concat: (1280,)
  [DEBUG] All predictions list length: 20
  [DEBUG] First batch shape: (64,)
  Pred std: 0.065683, range: 0.393064, mean: 0.132934
  Pos: 100.0%, Neg: 0.0%, Unique: 1276
  Saved validation predictions to: experiments/00_baseline_exploration/exp001_baseline/collapse_monitoring/val_predictions_epoch45.npy
  Gradient norms:
    lstm_encoder: 0.024804
    lstm_decoder: 0.012546
    multihead_attn: 0.003026
    output_layer: 0.121765
  VSN output std:
    encoder: 0.165035
  Attention entropy: 2.653337
  Saved to: experiments/00_baseline_exploration/exp001_baseline/collapse_monitoring/collapse_monitor_epoch45.json
Epoch 46: val_loss=0.3965185284614563
Epoch 46: train_loss=0.41533875465393066

[CollapseMonitor] Epoch 46
  [DEBUG] Processed 20 batches from val_dataloader
  [DEBUG] Predictions shape after concat: (1280,)
  [DEBUG] All predictions list length: 20
  [DEBUG] First batch shape: (64,)
  Pred std: 0.069735, range: 0.417777, mean: 0.114282
  Pos: 100.0%, Neg: 0.0%, Unique: 1274
  Saved validation predictions to: experiments/00_baseline_exploration/exp001_baseline/collapse_monitoring/val_predictions_epoch46.npy
  Gradient norms:
    lstm_encoder: 0.025975
    lstm_decoder: 0.012307
    multihead_attn: 0.002973
    output_layer: 0.129097
  VSN output std:
    encoder: 0.163491
  Attention entropy: 2.638837
  Saved to: experiments/00_baseline_exploration/exp001_baseline/collapse_monitoring/collapse_monitor_epoch46.json
Epoch 47: val_loss=0.3962370753288269
Epoch 47: train_loss=0.41519033908843994

[CollapseMonitor] Epoch 47
  [DEBUG] Processed 20 batches from val_dataloader
  [DEBUG] Predictions shape after concat: (1280,)
  [DEBUG] All predictions list length: 20
  [DEBUG] First batch shape: (64,)
  Pred std: 0.070571, range: 0.416313, mean: 0.113311
  Pos: 100.0%, Neg: 0.0%, Unique: 1272
  Saved validation predictions to: experiments/00_baseline_exploration/exp001_baseline/collapse_monitoring/val_predictions_epoch47.npy
  Gradient norms:
    lstm_encoder: 0.025787
    lstm_decoder: 0.011844
    multihead_attn: 0.003360
    output_layer: 0.125247
  VSN output std:
    encoder: 0.160752
  Attention entropy: 2.644305
  Saved to: experiments/00_baseline_exploration/exp001_baseline/collapse_monitoring/collapse_monitor_epoch47.json


======================================================================
Training complete
======================================================================

Best model checkpoint: experiments/00_baseline_exploration/exp001_baseline/checkpoints/tft-epoch=37-val_loss=0.3942.ckpt
Best validation loss: 0.394231
Completed at: 2025-10-29 17:55:19
Log saved to: experiments/00_baseline_exploration/exp001_baseline/training_20251029_172447.log
======================================================================
