Logging to: experiments/04_custom_losses/h16d015_dirw10.0/vsn_analysis/vsn_analysis_20251129_160132.log
Analysis started at: 2025-11-29 16:01:32
======================================================================
Experiment: 04_custom_losses/h16d015_dirw10.0
Output directory: experiments/04_custom_losses/h16d015_dirw10.0/vsn_analysis
Loading config from: experiments/04_custom_losses/h16d015_dirw10.0/config.json
Using best checkpoint: experiments/04_custom_losses/h16d015_dirw10.0/checkpoints/tft-epoch=27-val_loss=0.4982.ckpt

Loading data...
Loading test data from: data/splits/vintage/core_proposal_daily_vintage_test.csv
  Train samples: 6074
  Test samples: 1302

Preparing test dataset...
Test dataset size: 1282

Loading model...
Loading model from: experiments/04_custom_losses/h16d015_dirw10.0/checkpoints/tft-epoch=27-val_loss=0.4982.ckpt
Model loaded on device: cuda

Extracting VSN weights...
  Encoder variables (5): ['relative_time_idx', 'VIX', 'Treasury_10Y', 'Yield_Spread', 'Inflation_YoY']
  Decoder variables (1): ['relative_time_idx']
  Static variables (1): ['encoder_length']

  DEBUG: Output type: <class 'pytorch_forecasting.utils.TupleOutputMixIn.to_network_output.<locals>.Output'>
  DEBUG: Output fields (NamedTuple): ('prediction', 'encoder_attention', 'decoder_attention', 'static_variables', 'encoder_variables', 'decoder_variables', 'decoder_lengths', 'encoder_lengths')
  DEBUG: output.encoder_variables shape: torch.Size([64, 20, 1, 5])
  DEBUG: output.static_variables shape: torch.Size([64, 1, 1])
  DEBUG: output.decoder_variables shape: torch.Size([64, 1, 1, 1])
  Processed batch 20/21

Extraction complete:
  Samples: 1282
  Encoder VSN shape: (1282, 5)
  Decoder VSN shape: (1282, 1)

Analysis period: 2020-08-17 to 2025-10-06

Creating temporal periods:
  2020: 94 samples
  2021: 250 samples
  2022: 249 samples
  2023: 249 samples
  2024: 250 samples
  2025: 190 samples

Analyzing VSN weights by period...

Comparing VSN patterns across periods...

Creating visualizations...
Saved VSN heatmap: experiments/04_custom_losses/h16d015_dirw10.0/vsn_analysis/vsn_heatmap.png
Saved VSN comparison: experiments/04_custom_losses/h16d015_dirw10.0/vsn_analysis/vsn_comparison.png
Saved concentration plot: experiments/04_custom_losses/h16d015_dirw10.0/vsn_analysis/vsn_concentration.png

Saving results...
Saved results: experiments/04_custom_losses/h16d015_dirw10.0/vsn_analysis/vsn_analysis_results.json

======================================================================
VSN ANALYSIS SUMMARY
======================================================================

Per-Period Feature Importance:
----------------------------------------------------------------------

2020 (94 samples):
  Concentration: 0.3078
  Top 5 features:
    VIX                            0.4339
    Treasury_10Y                   0.2782
    Inflation_YoY                  0.1898
    Yield_Spread                   0.0747
    relative_time_idx              0.0234

2021 (250 samples):
  Concentration: 0.3402
  Top 5 features:
    VIX                            0.4710
    Treasury_10Y                   0.3190
    Inflation_YoY                  0.1011
    Yield_Spread                   0.0705
    relative_time_idx              0.0385

2022 (249 samples):
  Concentration: 0.6014
  Top 5 features:
    VIX                            0.7657
    Treasury_10Y                   0.0884
    Inflation_YoY                  0.0555
    Yield_Spread                   0.0497
    relative_time_idx              0.0406

2023 (249 samples):
  Concentration: 0.3992
  Top 5 features:
    VIX                            0.5814
    Yield_Spread                   0.2074
    Treasury_10Y                   0.1115
    Inflation_YoY                  0.0696
    relative_time_idx              0.0301

2024 (250 samples):
  Concentration: 0.3090
  Top 5 features:
    Yield_Spread                   0.4543
    VIX                            0.2561
    Treasury_10Y                   0.1562
    Inflation_YoY                  0.1098
    relative_time_idx              0.0236

2025 (190 samples):
  Concentration: 0.2852
  Top 5 features:
    Yield_Spread                   0.3655
    VIX                            0.3354
    Inflation_YoY                  0.1541
    Treasury_10Y                   0.1218
    relative_time_idx              0.0232

----------------------------------------------------------------------
Period Comparisons:
----------------------------------------------------------------------

2020_vs_2021:
  Cosine similarity: 0.9840
  L2 distance: 0.1056
  Biggest increases: Treasury_10Y(+0.041), VIX(+0.037), relative_time_idx(+0.015)
  Biggest decreases: Inflation_YoY(-0.089), Yield_Spread(-0.004), relative_time_idx(+0.015)

2020_vs_2022:
  Cosine similarity: 0.8647
  L2 distance: 0.4064
  Biggest increases: VIX(+0.332), relative_time_idx(+0.017), Yield_Spread(-0.025)
  Biggest decreases: Treasury_10Y(-0.190), Inflation_YoY(-0.134), Yield_Spread(-0.025)

2020_vs_2023:
  Cosine similarity: 0.8920
  L2 distance: 0.2857
  Biggest increases: VIX(+0.148), Yield_Spread(+0.133), relative_time_idx(+0.007)
  Biggest decreases: Treasury_10Y(-0.167), Inflation_YoY(-0.120), relative_time_idx(+0.007)

2020_vs_2024:
  Cosine similarity: 0.6807
  L2 distance: 0.4438
  Biggest increases: Yield_Spread(+0.380), relative_time_idx(+0.000), Inflation_YoY(-0.080)
  Biggest decreases: VIX(-0.178), Treasury_10Y(-0.122), Inflation_YoY(-0.080)

2020_vs_2025:
  Cosine similarity: 0.7982
  L2 distance: 0.3464
  Biggest increases: Yield_Spread(+0.291), relative_time_idx(-0.000), Inflation_YoY(-0.036)
  Biggest decreases: Treasury_10Y(-0.156), VIX(-0.098), Inflation_YoY(-0.036)

2021_vs_2022:
  Cosine similarity: 0.8833
  L2 distance: 0.3775
  Biggest increases: VIX(+0.295), relative_time_idx(+0.002), Yield_Spread(-0.021)
  Biggest decreases: Treasury_10Y(-0.231), Inflation_YoY(-0.046), Yield_Spread(-0.021)

2021_vs_2023:
  Cosine similarity: 0.9014
  L2 distance: 0.2739
  Biggest increases: Yield_Spread(+0.137), VIX(+0.110), relative_time_idx(-0.008)
  Biggest decreases: Treasury_10Y(-0.207), Inflation_YoY(-0.032), relative_time_idx(-0.008)

2021_vs_2024:
  Cosine similarity: 0.6615
  L2 distance: 0.4693
  Biggest increases: Yield_Spread(+0.384), Inflation_YoY(+0.009), relative_time_idx(-0.015)
  Biggest decreases: VIX(-0.215), Treasury_10Y(-0.163), relative_time_idx(-0.015)

2021_vs_2025:
  Cosine similarity: 0.7674
  L2 distance: 0.3839
  Biggest increases: Yield_Spread(+0.295), Inflation_YoY(+0.053), relative_time_idx(-0.015)
  Biggest decreases: Treasury_10Y(-0.197), VIX(-0.136), relative_time_idx(-0.015)

2022_vs_2023:
  Cosine similarity: 0.9602
  L2 distance: 0.2443
  Biggest increases: Yield_Spread(+0.158), Treasury_10Y(+0.023), Inflation_YoY(+0.014)
  Biggest decreases: VIX(-0.184), relative_time_idx(-0.010), Inflation_YoY(+0.014)

2022_vs_2024:
  Cosine similarity: 0.5558
  L2 distance: 0.6567
  Biggest increases: Yield_Spread(+0.405), Treasury_10Y(+0.068), Inflation_YoY(+0.054)
  Biggest decreases: VIX(-0.510), relative_time_idx(-0.017), Inflation_YoY(+0.054)

2022_vs_2025:
  Cosine similarity: 0.7130
  L2 distance: 0.5441
  Biggest increases: Yield_Spread(+0.316), Inflation_YoY(+0.099), Treasury_10Y(+0.033)
  Biggest decreases: VIX(-0.430), relative_time_idx(-0.017), Treasury_10Y(+0.033)

2023_vs_2024:
  Cosine similarity: 0.7656
  L2 distance: 0.4128
  Biggest increases: Yield_Spread(+0.247), Treasury_10Y(+0.045), Inflation_YoY(+0.040)
  Biggest decreases: VIX(-0.325), relative_time_idx(-0.007), Inflation_YoY(+0.040)

2023_vs_2025:
  Cosine similarity: 0.8767
  L2 distance: 0.3046
  Biggest increases: Yield_Spread(+0.158), Inflation_YoY(+0.084), Treasury_10Y(+0.010)
  Biggest decreases: VIX(-0.246), relative_time_idx(-0.007), Treasury_10Y(+0.010)

2024_vs_2025:
  Cosine similarity: 0.9716
  L2 distance: 0.1316
  Biggest increases: VIX(+0.079), Inflation_YoY(+0.044), relative_time_idx(-0.000)
  Biggest decreases: Yield_Spread(-0.089), Treasury_10Y(-0.034), relative_time_idx(-0.000)

======================================================================

Analysis complete!
Results saved to: experiments/04_custom_losses/h16d015_dirw10.0/vsn_analysis
  - vsn_analysis_results.json
  - vsn_heatmap.png
  - vsn_comparison.png
  - vsn_concentration.png
