Logging to: experiments/02b_vintage_sweep/baseline_h16_drop0.25/vsn_analysis/vsn_analysis_20251129_151349.log
Analysis started at: 2025-11-29 15:13:49
======================================================================
Experiment: 02b_vintage_sweep/baseline_h16_drop0.25
Output directory: experiments/02b_vintage_sweep/baseline_h16_drop0.25/vsn_analysis
Loading config from: experiments/02b_vintage_sweep/baseline_h16_drop0.25/config.json
Using best checkpoint: experiments/02b_vintage_sweep/baseline_h16_drop0.25/checkpoints/tft-epoch=63-val_loss=0.3985.ckpt

Loading data...
Loading test data from: data/splits/vintage/core_proposal_daily_vintage_test.csv
  Train samples: 6074
  Test samples: 1302

Preparing test dataset...
Test dataset size: 1282

Loading model...
Loading model from: experiments/02b_vintage_sweep/baseline_h16_drop0.25/checkpoints/tft-epoch=63-val_loss=0.3985.ckpt
Model loaded on device: cuda

Extracting VSN weights...
  Encoder variables (5): ['relative_time_idx', 'VIX', 'Treasury_10Y', 'Yield_Spread', 'Inflation_YoY']
  Decoder variables (1): ['relative_time_idx']
  Static variables (1): ['encoder_length']

  DEBUG: Output type: <class 'pytorch_forecasting.utils.TupleOutputMixIn.to_network_output.<locals>.Output'>
  DEBUG: Output fields (NamedTuple): ('prediction', 'encoder_attention', 'decoder_attention', 'static_variables', 'encoder_variables', 'decoder_variables', 'decoder_lengths', 'encoder_lengths')
  DEBUG: output.encoder_variables shape: torch.Size([64, 20, 1, 5])
  DEBUG: output.static_variables shape: torch.Size([64, 1, 1])
  DEBUG: output.decoder_variables shape: torch.Size([64, 1, 1, 1])
  Processed batch 20/21

Extraction complete:
  Samples: 1282
  Encoder VSN shape: (1282, 5)
  Decoder VSN shape: (1282, 1)

Analysis period: 2020-08-17 to 2025-10-06

Creating temporal periods:
  2020: 94 samples
  2021: 250 samples
  2022: 249 samples
  2023: 249 samples
  2024: 250 samples
  2025: 190 samples

Analyzing VSN weights by period...

Comparing VSN patterns across periods...

Creating visualizations...
Saved VSN heatmap: experiments/02b_vintage_sweep/baseline_h16_drop0.25/vsn_analysis/vsn_heatmap.png
Saved VSN comparison: experiments/02b_vintage_sweep/baseline_h16_drop0.25/vsn_analysis/vsn_comparison.png
Saved concentration plot: experiments/02b_vintage_sweep/baseline_h16_drop0.25/vsn_analysis/vsn_concentration.png

Saving results...
Saved results: experiments/02b_vintage_sweep/baseline_h16_drop0.25/vsn_analysis/vsn_analysis_results.json

======================================================================
VSN ANALYSIS SUMMARY
======================================================================

Per-Period Feature Importance:
----------------------------------------------------------------------

2020 (94 samples):
  Concentration: 0.4512
  Top 5 features:
    VIX                            0.6310
    Inflation_YoY                  0.2050
    Treasury_10Y                   0.0896
    Yield_Spread                   0.0447
    relative_time_idx              0.0296

2021 (250 samples):
  Concentration: 0.4949
  Top 5 features:
    VIX                            0.6795
    Inflation_YoY                  0.1359
    Treasury_10Y                   0.1089
    Yield_Spread                   0.0391
    relative_time_idx              0.0365

2022 (249 samples):
  Concentration: 0.5442
  Top 5 features:
    VIX                            0.7196
    Inflation_YoY                  0.1395
    Treasury_10Y                   0.0598
    Yield_Spread                   0.0444
    relative_time_idx              0.0367

2023 (249 samples):
  Concentration: 0.5585
  Top 5 features:
    VIX                            0.7331
    Inflation_YoY                  0.1105
    Yield_Spread                   0.0651
    Treasury_10Y                   0.0602
    relative_time_idx              0.0311

2024 (250 samples):
  Concentration: 0.4986
  Top 5 features:
    VIX                            0.6847
    Inflation_YoY                  0.1115
    Yield_Spread                   0.1075
    Treasury_10Y                   0.0727
    relative_time_idx              0.0237

2025 (190 samples):
  Concentration: 0.4474
  Top 5 features:
    VIX                            0.6364
    Inflation_YoY                  0.1532
    Yield_Spread                   0.1139
    Treasury_10Y                   0.0736
    relative_time_idx              0.0229

----------------------------------------------------------------------
Period Comparisons:
----------------------------------------------------------------------

2020_vs_2021:
  Cosine similarity: 0.9931
  L2 distance: 0.0870
  Biggest increases: VIX(+0.048), Treasury_10Y(+0.019), relative_time_idx(+0.007)
  Biggest decreases: Inflation_YoY(-0.069), Yield_Spread(-0.006), relative_time_idx(+0.007)

2020_vs_2022:
  Cosine similarity: 0.9912
  L2 distance: 0.1144
  Biggest increases: VIX(+0.089), relative_time_idx(+0.007), Yield_Spread(-0.000)
  Biggest decreases: Inflation_YoY(-0.066), Treasury_10Y(-0.030), Yield_Spread(-0.000)

2020_vs_2023:
  Cosine similarity: 0.9851
  L2 distance: 0.1437
  Biggest increases: VIX(+0.102), Yield_Spread(+0.020), relative_time_idx(+0.001)
  Biggest decreases: Inflation_YoY(-0.095), Treasury_10Y(-0.029), relative_time_idx(+0.001)

2020_vs_2024:
  Cosine similarity: 0.9845
  L2 distance: 0.1261
  Biggest increases: Yield_Spread(+0.063), VIX(+0.054), relative_time_idx(-0.006)
  Biggest decreases: Inflation_YoY(-0.094), Treasury_10Y(-0.017), relative_time_idx(-0.006)

2020_vs_2025:
  Cosine similarity: 0.9913
  L2 distance: 0.0884
  Biggest increases: Yield_Spread(+0.069), VIX(+0.005), relative_time_idx(-0.007)
  Biggest decreases: Inflation_YoY(-0.052), Treasury_10Y(-0.016), relative_time_idx(-0.007)

2021_vs_2022:
  Cosine similarity: 0.9972
  L2 distance: 0.0637
  Biggest increases: VIX(+0.040), Yield_Spread(+0.005), Inflation_YoY(+0.004)
  Biggest decreases: Treasury_10Y(-0.049), relative_time_idx(+0.000), Inflation_YoY(+0.004)

2021_vs_2023:
  Cosine similarity: 0.9956
  L2 distance: 0.0812
  Biggest increases: VIX(+0.054), Yield_Spread(+0.026), relative_time_idx(-0.005)
  Biggest decreases: Treasury_10Y(-0.049), Inflation_YoY(-0.025), relative_time_idx(-0.005)

2021_vs_2024:
  Cosine similarity: 0.9932
  L2 distance: 0.0823
  Biggest increases: Yield_Spread(+0.068), VIX(+0.005), relative_time_idx(-0.013)
  Biggest decreases: Treasury_10Y(-0.036), Inflation_YoY(-0.024), relative_time_idx(-0.013)

2021_vs_2025:
  Cosine similarity: 0.9915
  L2 distance: 0.0958
  Biggest increases: Yield_Spread(+0.075), Inflation_YoY(+0.017), relative_time_idx(-0.014)
  Biggest decreases: VIX(-0.043), Treasury_10Y(-0.035), relative_time_idx(-0.014)

2022_vs_2023:
  Cosine similarity: 0.9987
  L2 distance: 0.0385
  Biggest increases: Yield_Spread(+0.021), VIX(+0.014), Treasury_10Y(+0.000)
  Biggest decreases: Inflation_YoY(-0.029), relative_time_idx(-0.006), Treasury_10Y(+0.000)

2022_vs_2024:
  Cosine similarity: 0.9949
  L2 distance: 0.0795
  Biggest increases: Yield_Spread(+0.063), Treasury_10Y(+0.013), relative_time_idx(-0.013)
  Biggest decreases: VIX(-0.035), Inflation_YoY(-0.028), relative_time_idx(-0.013)

2022_vs_2025:
  Cosine similarity: 0.9923
  L2 distance: 0.1110
  Biggest increases: Yield_Spread(+0.070), Treasury_10Y(+0.014), Inflation_YoY(+0.014)
  Biggest decreases: VIX(-0.083), relative_time_idx(-0.014), Inflation_YoY(+0.014)

2023_vs_2024:
  Cosine similarity: 0.9975
  L2 distance: 0.0660
  Biggest increases: Yield_Spread(+0.042), Treasury_10Y(+0.012), Inflation_YoY(+0.001)
  Biggest decreases: VIX(-0.048), relative_time_idx(-0.007), Inflation_YoY(+0.001)

2023_vs_2025:
  Cosine similarity: 0.9924
  L2 distance: 0.1175
  Biggest increases: Yield_Spread(+0.049), Inflation_YoY(+0.043), Treasury_10Y(+0.013)
  Biggest decreases: VIX(-0.097), relative_time_idx(-0.008), Treasury_10Y(+0.013)

2024_vs_2025:
  Cosine similarity: 0.9971
  L2 distance: 0.0641
  Biggest increases: Inflation_YoY(+0.042), Yield_Spread(+0.006), Treasury_10Y(+0.001)
  Biggest decreases: VIX(-0.048), relative_time_idx(-0.001), Treasury_10Y(+0.001)

======================================================================

Analysis complete!
Results saved to: experiments/02b_vintage_sweep/baseline_h16_drop0.25/vsn_analysis
  - vsn_analysis_results.json
  - vsn_heatmap.png
  - vsn_comparison.png
  - vsn_concentration.png
