2025-12-03 01:40:43 | INFO     | ================================================================================
2025-12-03 01:40:43 | INFO     | ROLLING WINDOW / WALK-FORWARD EVALUATION
2025-12-03 01:40:43 | INFO     | ================================================================================
2025-12-03 01:40:43 | INFO     | Started at: 2025-12-03 01:40:43
2025-12-03 01:40:43 | INFO     | Log file: experiments/wf_monthly_weekly_enc12/wf_monthly_weekly_enc12_rolling_20251203_014043.log
2025-12-03 01:40:43 | INFO     | 
2025-12-03 01:40:43 | INFO     | Configuration:
2025-12-03 01:40:43 | INFO     |   Mode: expanding
2025-12-03 01:40:43 | INFO     |   Granularity: monthly
2025-12-03 01:40:43 | INFO     |   Val months: 3
2025-12-03 01:40:43 | INFO     |   Test months: 4
2025-12-03 01:40:43 | INFO     |   Step months: 4
2025-12-03 01:40:43 | INFO     |   Test range: 2020-01-01 - 2025-09-01
2025-12-03 01:40:43 | INFO     |   Feature set: core_proposal
2025-12-03 01:40:43 | INFO     |   Frequency: weekly
2025-12-03 01:40:43 | INFO     |   Alignment: vintage
2025-12-03 01:40:43 | INFO     |   Enhanced: False
2025-12-03 01:40:43 | INFO     |   Experiment prefix: wf_monthly_weekly_enc12
2025-12-03 01:40:43 | INFO     |   Dry run: False
2025-12-03 01:40:43 | INFO     | 
2025-12-03 01:40:43 | INFO     | ====================================================================================================
2025-12-03 01:40:43 | INFO     | FOLD SUMMARY
2025-12-03 01:40:43 | INFO     | ====================================================================================================
2025-12-03 01:40:43 | INFO     | Fold            Train                     Val                       Test                      Train Mo  
2025-12-03 01:40:43 | INFO     | ----------------------------------------------------------------------------------------------------
2025-12-03 01:40:43 | INFO     | fold_202001     1990-01-01 to 2019-09-30  2019-10-01 to 2019-12-31  2020-01-01 to 2020-04-30  357       
2025-12-03 01:40:43 | INFO     | fold_202005     1990-01-01 to 2020-01-30  2020-01-31 to 2020-04-30  2020-05-01 to 2020-08-31  361       
2025-12-03 01:40:43 | INFO     | fold_202009     1990-01-01 to 2020-05-31  2020-06-01 to 2020-08-31  2020-09-01 to 2020-12-31  365       
2025-12-03 01:40:43 | INFO     | fold_202101     1990-01-01 to 2020-09-30  2020-10-01 to 2020-12-31  2021-01-01 to 2021-04-30  369       
2025-12-03 01:40:43 | INFO     | fold_202105     1990-01-01 to 2021-01-30  2021-01-31 to 2021-04-30  2021-05-01 to 2021-08-31  373       
2025-12-03 01:40:43 | INFO     | fold_202109     1990-01-01 to 2021-05-31  2021-06-01 to 2021-08-31  2021-09-01 to 2021-12-31  377       
2025-12-03 01:40:43 | INFO     | fold_202201     1990-01-01 to 2021-09-30  2021-10-01 to 2021-12-31  2022-01-01 to 2022-04-30  381       
2025-12-03 01:40:43 | INFO     | fold_202205     1990-01-01 to 2022-01-30  2022-01-31 to 2022-04-30  2022-05-01 to 2022-08-31  385       
2025-12-03 01:40:43 | INFO     | fold_202209     1990-01-01 to 2022-05-31  2022-06-01 to 2022-08-31  2022-09-01 to 2022-12-31  389       
2025-12-03 01:40:43 | INFO     | fold_202301     1990-01-01 to 2022-09-30  2022-10-01 to 2022-12-31  2023-01-01 to 2023-04-30  393       
2025-12-03 01:40:43 | INFO     | fold_202305     1990-01-01 to 2023-01-30  2023-01-31 to 2023-04-30  2023-05-01 to 2023-08-31  397       
2025-12-03 01:40:43 | INFO     | fold_202309     1990-01-01 to 2023-05-31  2023-06-01 to 2023-08-31  2023-09-01 to 2023-12-31  401       
2025-12-03 01:40:43 | INFO     | fold_202401     1990-01-01 to 2023-09-30  2023-10-01 to 2023-12-31  2024-01-01 to 2024-04-30  405       
2025-12-03 01:40:43 | INFO     | fold_202405     1990-01-01 to 2024-01-30  2024-01-31 to 2024-04-30  2024-05-01 to 2024-08-31  409       
2025-12-03 01:40:43 | INFO     | fold_202409     1990-01-01 to 2024-05-31  2024-06-01 to 2024-08-31  2024-09-01 to 2024-12-31  413       
2025-12-03 01:40:43 | INFO     | fold_202501     1990-01-01 to 2024-09-30  2024-10-01 to 2024-12-31  2025-01-01 to 2025-04-30  417       
2025-12-03 01:40:43 | INFO     | fold_202505     1990-01-01 to 2025-01-30  2025-01-31 to 2025-04-30  2025-05-01 to 2025-08-31  421       
2025-12-03 01:40:43 | INFO     | fold_202509     1990-01-01 to 2025-05-31  2025-06-01 to 2025-08-31  2025-09-01 to 2025-12-31  425       
2025-12-03 01:40:43 | INFO     | ====================================================================================================
2025-12-03 01:40:43 | INFO     | Total folds: 18
2025-12-03 01:40:43 | INFO     | ====================================================================================================

2025-12-03 01:40:43 | INFO     | Estimated runtime: ~72 minutes (1.2 hours)
2025-12-03 01:40:43 | INFO     | 
2025-12-03 01:40:43 | INFO     | Saved folds configuration to: experiments/wf_monthly_weekly_enc12/folds_config.json
2025-12-03 01:40:43 | INFO     | 
[FOLD 1/18]
2025-12-03 01:40:43 | INFO     | 
2025-12-03 01:40:43 | INFO     | ================================================================================
2025-12-03 01:40:43 | INFO     | PROCESSING FOLD_202001
2025-12-03 01:40:43 | INFO     |   Test period: 2020-01-01 to 2020-04-30
2025-12-03 01:40:43 | INFO     |   Training samples: ~357 months (29.8 years)
2025-12-03 01:40:43 | INFO     | ================================================================================
2025-12-03 01:40:43 | INFO     |   Splits already exist for fold_202001, skipping creation
2025-12-03 01:40:43 | INFO     | [CMD] Training fold_202001
2025-12-03 01:40:43 | DEBUG    |   python train/train_tft.py --experiment-name wf_monthly_weekly_enc12/fold_202001 --feature-set core_proposal --frequency weekly --alignment vintage --splits-dir data/splits/rolling/fold_202001 --seed 42 --hidden-size 16 --attention-heads 2 --dropout 0.15 --max-encoder-length 12 --learning-rate 0.0005 --batch-size 16 --max-epochs 100 --early-stop-patience 10 --gradient-clip 0.1
2025-12-03 01:40:45 | INFO     |   ✓ Completed successfully
2025-12-03 01:40:45 | INFO     | [CMD] Evaluating fold_202001
2025-12-03 01:40:45 | DEBUG    |   python train/evaluate_tft.py --experiment-name wf_monthly_weekly_enc12/fold_202001 --batch-size 128 --checkpoint-type best_pred_std_path
2025-12-03 01:40:47 | ERROR    |   Command failed with return code 1
2025-12-03 01:40:47 | ERROR    |   STDERR: Traceback (most recent call last):
  File "/home/samu/dev/school/EEE598DL/final/sp500-tft-forecasting/train/evaluate_tft.py", line 2063, in <module>
    evaluate()
  File "/home/samu/dev/school/EEE598DL/final/sp500-tft-forecasting/train/evaluate_tft.py", line 1895, in evaluate
    predictions, actuals = generate_predictions(model, test_dataset, args.batch_size)
  File "/home/samu/dev/school/EEE598DL/final/sp500-tft-forecasting/train/evaluate_tft.py", line 721, in generate_predictions
    predictions = np.concatenate(predictions)
  File "<__array_function__ internals>", line 180, in concatenate
ValueError: need at least one array to concatenate

2025-12-03 01:40:47 | ERROR    |   ✗ Failed to evaluate fold_202001
2025-12-03 01:40:47 | INFO     | 
[FOLD 2/18]
2025-12-03 01:40:47 | INFO     | 
2025-12-03 01:40:47 | INFO     | ================================================================================
2025-12-03 01:40:47 | INFO     | PROCESSING FOLD_202005
2025-12-03 01:40:47 | INFO     |   Test period: 2020-05-01 to 2020-08-31
2025-12-03 01:40:47 | INFO     |   Training samples: ~361 months (30.1 years)
2025-12-03 01:40:47 | INFO     | ================================================================================
2025-12-03 01:40:47 | INFO     |   Splits already exist for fold_202005, skipping creation
2025-12-03 01:40:47 | INFO     | [CMD] Training fold_202005
2025-12-03 01:40:47 | DEBUG    |   python train/train_tft.py --experiment-name wf_monthly_weekly_enc12/fold_202005 --feature-set core_proposal --frequency weekly --alignment vintage --splits-dir data/splits/rolling/fold_202005 --seed 42 --hidden-size 16 --attention-heads 2 --dropout 0.15 --max-encoder-length 12 --learning-rate 0.0005 --batch-size 16 --max-epochs 100 --early-stop-patience 10 --gradient-clip 0.1
2025-12-03 01:43:36 | INFO     |   ✓ Completed successfully
2025-12-03 01:43:36 | INFO     | [CMD] Evaluating fold_202005
2025-12-03 01:43:36 | DEBUG    |   python train/evaluate_tft.py --experiment-name wf_monthly_weekly_enc12/fold_202005 --batch-size 128 --checkpoint-type best_pred_std_path
2025-12-03 01:43:39 | ERROR    |   Command failed with return code 1
2025-12-03 01:43:39 | ERROR    |   STDERR: Traceback (most recent call last):
  File "/home/samu/dev/school/EEE598DL/final/sp500-tft-forecasting/train/evaluate_tft.py", line 2063, in <module>
    evaluate()
  File "/home/samu/dev/school/EEE598DL/final/sp500-tft-forecasting/train/evaluate_tft.py", line 1895, in evaluate
    predictions, actuals = generate_predictions(model, test_dataset, args.batch_size)
  File "/home/samu/dev/school/EEE598DL/final/sp500-tft-forecasting/train/evaluate_tft.py", line 721, in generate_predictions
    predictions = np.concatenate(predictions)
  File "<__array_function__ internals>", line 180, in concatenate
ValueError: need at least one array to concatenate

2025-12-03 01:43:39 | ERROR    |   ✗ Failed to evaluate fold_202005
2025-12-03 01:43:39 | INFO     | 
[FOLD 3/18]
2025-12-03 01:43:39 | INFO     | 
2025-12-03 01:43:39 | INFO     | ================================================================================
2025-12-03 01:43:39 | INFO     | PROCESSING FOLD_202009
2025-12-03 01:43:39 | INFO     |   Test period: 2020-09-01 to 2020-12-31
2025-12-03 01:43:39 | INFO     |   Training samples: ~365 months (30.4 years)
2025-12-03 01:43:39 | INFO     | ================================================================================
2025-12-03 01:43:39 | INFO     |   Splits already exist for fold_202009, skipping creation
2025-12-03 01:43:39 | INFO     | [CMD] Training fold_202009
2025-12-03 01:43:39 | DEBUG    |   python train/train_tft.py --experiment-name wf_monthly_weekly_enc12/fold_202009 --feature-set core_proposal --frequency weekly --alignment vintage --splits-dir data/splits/rolling/fold_202009 --seed 42 --hidden-size 16 --attention-heads 2 --dropout 0.15 --max-encoder-length 12 --learning-rate 0.0005 --batch-size 16 --max-epochs 100 --early-stop-patience 10 --gradient-clip 0.1
