======================================================================
Training TFT: 01_staleness_features_fixed/sweep_stale_h18_drop0.20_lr3
======================================================================
Logging to: experiments/01_staleness_features_fixed/sweep_stale_h18_drop0.20_lr3/training_20251030_001857.log
Started at: 2025-10-30 00:18:57
======================================================================
Configuration saved to: experiments/01_staleness_features_fixed/sweep_stale_h18_drop0.20_lr3/config.json

Loading data splits...
Train: 6066 samples
Val: 1300 samples
Test: 1300 samples

Preparing TimeSeriesDataSet...

Adding staleness features to data...

======================================================================
Adding Staleness Features
======================================================================
Mode: Fixed lag

Processing: Inflation_YoY (detecting from CPI)
  Updates detected: 280
  Avg days stale: 10.9
  Max days stale: 60

======================================================================
Total staleness features added: 2
======================================================================


======================================================================
Adding Staleness Features
======================================================================
Mode: Fixed lag

Processing: Inflation_YoY (detecting from CPI)
  Updates detected: 62
  Avg days stale: 10.3
  Max days stale: 42

======================================================================
Total staleness features added: 2
======================================================================


Dropping source columns (used for staleness only): ['CPI']

Final features for TFT: ['SP500_Returns', 'VIX', 'Treasury_10Y', 'Yield_Spread', 'Inflation_YoY', 'days_since_CPI_update', 'CPI_is_fresh']

======================================================================
FEATURE STATISTICS - BEFORE NORMALIZATION
======================================================================
VIX                             mean= 19.7193  std=  8.0201  min=  9.3100  max= 80.8600
Treasury_10Y                    mean=  4.7588  std=  1.6860  min=  1.4300  max=  8.3600
Yield_Spread                    mean=  1.2786  std=  0.9184  min= -0.5200  max=  2.9100
Inflation_YoY                   mean=  2.5055  std=  1.1650  min= -1.9588  max=  5.7255
days_since_CPI_update           mean= 10.8539  std=  7.6096  min=  0.0000  max= 60.0000
CPI_is_fresh                    mean=  0.0462  std=  0.2098  min=  0.0000  max=  1.0000

======================================================================
NORMALIZING STALENESS FEATURES (log transform)
======================================================================
Max staleness observed: train=60, val=42
Using normalization max: 65 days


STALENESS FEATURES - AFTER MANUAL NORMALIZATION
days_since_CPI_update           mean=  0.5270  std=  0.1974  min=  0.0000  max=  0.9812

======================================================================
FEATURES AFTER GROUPNORMALIZER (first batch, last timestep)
======================================================================
VIX                             normalized_value=  1.0000
Treasury_10Y                    normalized_value= -0.0500
Yield_Spread                    normalized_value= -0.4214
Inflation_YoY                   normalized_value= -0.9721
days_since_CPI_update           normalized_value=  1.5369
CPI_is_fresh                    normalized_value=  0.8557
======================================================================

Batches per epoch: 94
[DEBUG] Validation batches: 20
[DEBUG] Validation dataset size: 1280
[DEBUG] Batch size: 64

Initializing model...
Model parameters: 30,120

Starting training...
Checkpoints will be saved to: experiments/01_staleness_features_fixed/sweep_stale_h18_drop0.20_lr3/checkpoints/
Logs will be saved to: experiments/01_staleness_features_fixed/sweep_stale_h18_drop0.20_lr3/logs/

Epoch 0: val_loss=N/A
Epoch 0: val_loss=0.6097992658615112
Epoch 0: train_loss=0.679188072681427

[CollapseMonitor] Epoch 0
  [DEBUG] Processed 20 batches from val_dataloader
  [DEBUG] Predictions shape after concat: (1280,)
  [DEBUG] All predictions list length: 20
  [DEBUG] First batch shape: (64,)
  Pred std: 0.005605, range: 0.031645, mean: 0.253916
  Pos: 100.0%, Neg: 0.0%, Unique: 1226
  Saved validation predictions to: experiments/01_staleness_features_fixed/sweep_stale_h18_drop0.20_lr3/collapse_monitoring/val_predictions_epoch0.npy
  Gradient norms:
    lstm_encoder: 0.017977
    lstm_decoder: 0.014366
    multihead_attn: 0.008082
    output_layer: 0.650954
  VSN output std:
    encoder: 0.130278
  Attention entropy: 2.991454
  Saved to: experiments/01_staleness_features_fixed/sweep_stale_h18_drop0.20_lr3/collapse_monitoring/collapse_monitor_epoch0.json
Epoch 1: val_loss=0.5454002618789673
Epoch 1: train_loss=0.6176519393920898

[CollapseMonitor] Epoch 1
  [DEBUG] Processed 20 batches from val_dataloader
  [DEBUG] Predictions shape after concat: (1280,)
  [DEBUG] All predictions list length: 20
  [DEBUG] First batch shape: (64,)
  Pred std: 0.004539, range: 0.027127, mean: 0.187865
  Pos: 100.0%, Neg: 0.0%, Unique: 1224
  Saved validation predictions to: experiments/01_staleness_features_fixed/sweep_stale_h18_drop0.20_lr3/collapse_monitoring/val_predictions_epoch1.npy
  Gradient norms:
    lstm_encoder: 0.013922
    lstm_decoder: 0.011195
    multihead_attn: 0.005995
    output_layer: 0.521894
  VSN output std:
    encoder: 0.132973
  Attention entropy: 2.992091
  Saved to: experiments/01_staleness_features_fixed/sweep_stale_h18_drop0.20_lr3/collapse_monitoring/collapse_monitor_epoch1.json
Epoch 2: val_loss=0.5000128746032715
Epoch 2: train_loss=0.5585618615150452

[CollapseMonitor] Epoch 2
  [DEBUG] Processed 20 batches from val_dataloader
  [DEBUG] Predictions shape after concat: (1280,)
  [DEBUG] All predictions list length: 20
  [DEBUG] First batch shape: (64,)
  Pred std: 0.004454, range: 0.028014, mean: 0.131592
  Pos: 100.0%, Neg: 0.0%, Unique: 1225
  Saved validation predictions to: experiments/01_staleness_features_fixed/sweep_stale_h18_drop0.20_lr3/collapse_monitoring/val_predictions_epoch2.npy
  Gradient norms:
    lstm_encoder: 0.008987
    lstm_decoder: 0.007686
    multihead_attn: 0.004305
    output_layer: 0.383982
  VSN output std:
    encoder: 0.137510
  Attention entropy: 2.992219
  Saved to: experiments/01_staleness_features_fixed/sweep_stale_h18_drop0.20_lr3/collapse_monitoring/collapse_monitor_epoch2.json
Epoch 3: val_loss=0.47339168190956116
Epoch 3: train_loss=0.5165961980819702

[CollapseMonitor] Epoch 3
  [DEBUG] Processed 20 batches from val_dataloader
  [DEBUG] Predictions shape after concat: (1280,)
  [DEBUG] All predictions list length: 20
  [DEBUG] First batch shape: (64,)
  Pred std: 0.003753, range: 0.024344, mean: 0.074937
  Pos: 100.0%, Neg: 0.0%, Unique: 1203
  Saved validation predictions to: experiments/01_staleness_features_fixed/sweep_stale_h18_drop0.20_lr3/collapse_monitoring/val_predictions_epoch3.npy
  Gradient norms:
    lstm_encoder: 0.005360
    lstm_decoder: 0.004874
    multihead_attn: 0.002927
    output_layer: 0.264123
  VSN output std:
    encoder: 0.142784
  Attention entropy: 2.991675
  Saved to: experiments/01_staleness_features_fixed/sweep_stale_h18_drop0.20_lr3/collapse_monitoring/collapse_monitor_epoch3.json
Epoch 4: val_loss=0.4608359932899475
Epoch 4: train_loss=0.4883780777454376

[CollapseMonitor] Epoch 4
  [DEBUG] Processed 20 batches from val_dataloader
  [DEBUG] Predictions shape after concat: (1280,)
  [DEBUG] All predictions list length: 20
  [DEBUG] First batch shape: (64,)
  Pred std: 0.003614, range: 0.023368, mean: 0.046665
  Pos: 100.0%, Neg: 0.0%, Unique: 1209
  Saved validation predictions to: experiments/01_staleness_features_fixed/sweep_stale_h18_drop0.20_lr3/collapse_monitoring/val_predictions_epoch4.npy
  Gradient norms:
    lstm_encoder: 0.003688
    lstm_decoder: 0.003313
    multihead_attn: 0.002345
    output_layer: 0.189175
  VSN output std:
    encoder: 0.146908
  Attention entropy: 2.989667
  Saved to: experiments/01_staleness_features_fixed/sweep_stale_h18_drop0.20_lr3/collapse_monitoring/collapse_monitor_epoch4.json
Epoch 5: val_loss=0.454749196767807
Epoch 5: train_loss=0.47350648045539856

[CollapseMonitor] Epoch 5
  [DEBUG] Processed 20 batches from val_dataloader
  [DEBUG] Predictions shape after concat: (1280,)
  [DEBUG] All predictions list length: 20
  [DEBUG] First batch shape: (64,)
  Pred std: 0.003338, range: 0.022390, mean: 0.060393
  Pos: 100.0%, Neg: 0.0%, Unique: 1193
  Saved validation predictions to: experiments/01_staleness_features_fixed/sweep_stale_h18_drop0.20_lr3/collapse_monitoring/val_predictions_epoch5.npy
  Gradient norms:
    lstm_encoder: 0.003165
    lstm_decoder: 0.002630
    multihead_attn: 0.001962
    output_layer: 0.150456
  VSN output std:
    encoder: 0.147762
  Attention entropy: 2.987552
  Saved to: experiments/01_staleness_features_fixed/sweep_stale_h18_drop0.20_lr3/collapse_monitoring/collapse_monitor_epoch5.json
Epoch 6: val_loss=0.45112696290016174
Epoch 6: train_loss=0.4648122489452362

[CollapseMonitor] Epoch 6
  [DEBUG] Processed 20 batches from val_dataloader
  [DEBUG] Predictions shape after concat: (1280,)
  [DEBUG] All predictions list length: 20
  [DEBUG] First batch shape: (64,)
  Pred std: 0.003522, range: 0.022422, mean: 0.048341
  Pos: 100.0%, Neg: 0.0%, Unique: 1176
  Saved validation predictions to: experiments/01_staleness_features_fixed/sweep_stale_h18_drop0.20_lr3/collapse_monitoring/val_predictions_epoch6.npy
  Gradient norms:
    lstm_encoder: 0.003005
    lstm_decoder: 0.002286
    multihead_attn: 0.001653
    output_layer: 0.120671
  VSN output std:
    encoder: 0.144582
  Attention entropy: 2.983102
  Saved to: experiments/01_staleness_features_fixed/sweep_stale_h18_drop0.20_lr3/collapse_monitoring/collapse_monitor_epoch6.json
Epoch 7: val_loss=0.44899600744247437
Epoch 7: train_loss=0.458656907081604

[CollapseMonitor] Epoch 7
  [DEBUG] Processed 20 batches from val_dataloader
  [DEBUG] Predictions shape after concat: (1280,)
  [DEBUG] All predictions list length: 20
  [DEBUG] First batch shape: (64,)
  Pred std: 0.003658, range: 0.022280, mean: 0.035938
  Pos: 100.0%, Neg: 0.0%, Unique: 1202
  Saved validation predictions to: experiments/01_staleness_features_fixed/sweep_stale_h18_drop0.20_lr3/collapse_monitoring/val_predictions_epoch7.npy
  Gradient norms:
    lstm_encoder: 0.003108
    lstm_decoder: 0.002141
    multihead_attn: 0.001513
    output_layer: 0.110723
  VSN output std:
    encoder: 0.137443
  Attention entropy: 2.976962
  Saved to: experiments/01_staleness_features_fixed/sweep_stale_h18_drop0.20_lr3/collapse_monitoring/collapse_monitor_epoch7.json
Epoch 8: val_loss=0.4464762806892395
Epoch 8: train_loss=0.4565630853176117

[CollapseMonitor] Epoch 8
  [DEBUG] Processed 20 batches from val_dataloader
  [DEBUG] Predictions shape after concat: (1280,)
  [DEBUG] All predictions list length: 20
  [DEBUG] First batch shape: (64,)
  Pred std: 0.003989, range: 0.024011, mean: 0.053098
  Pos: 100.0%, Neg: 0.0%, Unique: 1177
  Saved validation predictions to: experiments/01_staleness_features_fixed/sweep_stale_h18_drop0.20_lr3/collapse_monitoring/val_predictions_epoch8.npy
  Gradient norms:
    lstm_encoder: 0.003630
    lstm_decoder: 0.002351
    multihead_attn: 0.001452
    output_layer: 0.105831
  VSN output std:
    encoder: 0.125896
  Attention entropy: 2.969984
  Saved to: experiments/01_staleness_features_fixed/sweep_stale_h18_drop0.20_lr3/collapse_monitoring/collapse_monitor_epoch8.json
Epoch 9: val_loss=0.44326967000961304
Epoch 9: train_loss=0.45352041721343994

[CollapseMonitor] Epoch 9
  [DEBUG] Processed 20 batches from val_dataloader
  [DEBUG] Predictions shape after concat: (1280,)
  [DEBUG] All predictions list length: 20
  [DEBUG] First batch shape: (64,)
  Pred std: 0.004513, range: 0.026161, mean: 0.043634
  Pos: 100.0%, Neg: 0.0%, Unique: 1210
  Saved validation predictions to: experiments/01_staleness_features_fixed/sweep_stale_h18_drop0.20_lr3/collapse_monitoring/val_predictions_epoch9.npy
  Gradient norms:
    lstm_encoder: 0.003802
    lstm_decoder: 0.002509
    multihead_attn: 0.001383
    output_layer: 0.100784
  VSN output std:
    encoder: 0.116108
  Attention entropy: 2.959689
  Saved to: experiments/01_staleness_features_fixed/sweep_stale_h18_drop0.20_lr3/collapse_monitoring/collapse_monitor_epoch9.json
Epoch 10: val_loss=0.43968725204467773
Epoch 10: train_loss=0.45079144835472107

[CollapseMonitor] Epoch 10
  [DEBUG] Processed 20 batches from val_dataloader
  [DEBUG] Predictions shape after concat: (1280,)
  [DEBUG] All predictions list length: 20
  [DEBUG] First batch shape: (64,)
  Pred std: 0.004909, range: 0.029264, mean: 0.044587
  Pos: 100.0%, Neg: 0.0%, Unique: 1211
  Saved validation predictions to: experiments/01_staleness_features_fixed/sweep_stale_h18_drop0.20_lr3/collapse_monitoring/val_predictions_epoch10.npy
  Gradient norms:
    lstm_encoder: 0.004497
    lstm_decoder: 0.002742
    multihead_attn: 0.001408
    output_layer: 0.100687
  VSN output std:
    encoder: 0.124134
  Attention entropy: 2.949413
  Saved to: experiments/01_staleness_features_fixed/sweep_stale_h18_drop0.20_lr3/collapse_monitoring/collapse_monitor_epoch10.json
Epoch 11: val_loss=0.4368003010749817
Epoch 11: train_loss=0.4486449658870697

[CollapseMonitor] Epoch 11
  [DEBUG] Processed 20 batches from val_dataloader
  [DEBUG] Predictions shape after concat: (1280,)
  [DEBUG] All predictions list length: 20
  [DEBUG] First batch shape: (64,)
  Pred std: 0.005109, range: 0.028807, mean: 0.031818
  Pos: 100.0%, Neg: 0.0%, Unique: 1224
  Saved validation predictions to: experiments/01_staleness_features_fixed/sweep_stale_h18_drop0.20_lr3/collapse_monitoring/val_predictions_epoch11.npy
  Gradient norms:
    lstm_encoder: 0.004869
    lstm_decoder: 0.002963
    multihead_attn: 0.001463
    output_layer: 0.099775
  VSN output std:
    encoder: 0.140239
  Attention entropy: 2.944863
  Saved to: experiments/01_staleness_features_fixed/sweep_stale_h18_drop0.20_lr3/collapse_monitoring/collapse_monitor_epoch11.json
Epoch 12: val_loss=0.43418359756469727
Epoch 12: train_loss=0.44614800810813904

[CollapseMonitor] Epoch 12
  [DEBUG] Processed 20 batches from val_dataloader
  [DEBUG] Predictions shape after concat: (1280,)
  [DEBUG] All predictions list length: 20
  [DEBUG] First batch shape: (64,)
  Pred std: 0.006397, range: 0.034302, mean: 0.060456
  Pos: 100.0%, Neg: 0.0%, Unique: 1236
  Saved validation predictions to: experiments/01_staleness_features_fixed/sweep_stale_h18_drop0.20_lr3/collapse_monitoring/val_predictions_epoch12.npy
  Gradient norms:
    lstm_encoder: 0.005133
    lstm_decoder: 0.003098
    multihead_attn: 0.001423
    output_layer: 0.105883
  VSN output std:
    encoder: 0.154637
  Attention entropy: 2.936592
  Saved to: experiments/01_staleness_features_fixed/sweep_stale_h18_drop0.20_lr3/collapse_monitoring/collapse_monitor_epoch12.json
Epoch 13: val_loss=0.4322792589664459
Epoch 13: train_loss=0.44345465302467346

[CollapseMonitor] Epoch 13
  [DEBUG] Processed 20 batches from val_dataloader
  [DEBUG] Predictions shape after concat: (1280,)
  [DEBUG] All predictions list length: 20
  [DEBUG] First batch shape: (64,)
  Pred std: 0.005652, range: 0.034319, mean: 0.040237
  Pos: 100.0%, Neg: 0.0%, Unique: 1227
  Saved validation predictions to: experiments/01_staleness_features_fixed/sweep_stale_h18_drop0.20_lr3/collapse_monitoring/val_predictions_epoch13.npy
  Gradient norms:
    lstm_encoder: 0.005809
    lstm_decoder: 0.003408
    multihead_attn: 0.001330
    output_layer: 0.104351
  VSN output std:
    encoder: 0.169665
  Attention entropy: 2.934671
  Saved to: experiments/01_staleness_features_fixed/sweep_stale_h18_drop0.20_lr3/collapse_monitoring/collapse_monitor_epoch13.json
Epoch 14: val_loss=0.4309006333351135
Epoch 14: train_loss=0.4420153796672821

[CollapseMonitor] Epoch 14
  [DEBUG] Processed 20 batches from val_dataloader
  [DEBUG] Predictions shape after concat: (1280,)
  [DEBUG] All predictions list length: 20
  [DEBUG] First batch shape: (64,)
  Pred std: 0.005224, range: 0.032365, mean: 0.024973
  Pos: 100.0%, Neg: 0.0%, Unique: 1229
  Saved validation predictions to: experiments/01_staleness_features_fixed/sweep_stale_h18_drop0.20_lr3/collapse_monitoring/val_predictions_epoch14.npy
  Gradient norms:
    lstm_encoder: 0.006134
    lstm_decoder: 0.003559
    multihead_attn: 0.001281
    output_layer: 0.104165
  VSN output std:
    encoder: 0.176268
  Attention entropy: 2.932800
  Saved to: experiments/01_staleness_features_fixed/sweep_stale_h18_drop0.20_lr3/collapse_monitoring/collapse_monitor_epoch14.json
Epoch 15: val_loss=0.4287322461605072
Epoch 15: train_loss=0.44223538041114807

[CollapseMonitor] Epoch 15
  [DEBUG] Processed 20 batches from val_dataloader
  [DEBUG] Predictions shape after concat: (1280,)
  [DEBUG] All predictions list length: 20
  [DEBUG] First batch shape: (64,)
  Pred std: 0.005485, range: 0.035922, mean: 0.040145
  Pos: 100.0%, Neg: 0.0%, Unique: 1217
  Saved validation predictions to: experiments/01_staleness_features_fixed/sweep_stale_h18_drop0.20_lr3/collapse_monitoring/val_predictions_epoch15.npy
  Gradient norms:
    lstm_encoder: 0.006104
    lstm_decoder: 0.003624
    multihead_attn: 0.001219
    output_layer: 0.102139
  VSN output std:
    encoder: 0.178700
  Attention entropy: 2.935315
  Saved to: experiments/01_staleness_features_fixed/sweep_stale_h18_drop0.20_lr3/collapse_monitoring/collapse_monitor_epoch15.json
Epoch 16: val_loss=0.4274800717830658
Epoch 16: train_loss=0.44186490774154663

[CollapseMonitor] Epoch 16
  [DEBUG] Processed 20 batches from val_dataloader
  [DEBUG] Predictions shape after concat: (1280,)
  [DEBUG] All predictions list length: 20
  [DEBUG] First batch shape: (64,)
  Pred std: 0.006440, range: 0.036409, mean: 0.042863
  Pos: 100.0%, Neg: 0.0%, Unique: 1225
  Saved validation predictions to: experiments/01_staleness_features_fixed/sweep_stale_h18_drop0.20_lr3/collapse_monitoring/val_predictions_epoch16.npy
  Gradient norms:
    lstm_encoder: 0.006725
    lstm_decoder: 0.003963
    multihead_attn: 0.001159
    output_layer: 0.099684
  VSN output std:
    encoder: 0.184842
  Attention entropy: 2.932905
  Saved to: experiments/01_staleness_features_fixed/sweep_stale_h18_drop0.20_lr3/collapse_monitoring/collapse_monitor_epoch16.json
Epoch 17: val_loss=0.4262581467628479
Epoch 17: train_loss=0.440192848443985

[CollapseMonitor] Epoch 17
  [DEBUG] Processed 20 batches from val_dataloader
  [DEBUG] Predictions shape after concat: (1280,)
  [DEBUG] All predictions list length: 20
  [DEBUG] First batch shape: (64,)
  Pred std: 0.007453, range: 0.039547, mean: 0.045541
  Pos: 100.0%, Neg: 0.0%, Unique: 1221
  Saved validation predictions to: experiments/01_staleness_features_fixed/sweep_stale_h18_drop0.20_lr3/collapse_monitoring/val_predictions_epoch17.npy
  Gradient norms:
    lstm_encoder: 0.006791
    lstm_decoder: 0.003996
    multihead_attn: 0.001138
    output_layer: 0.099559
  VSN output std:
    encoder: 0.186775
  Attention entropy: 2.936707
  Saved to: experiments/01_staleness_features_fixed/sweep_stale_h18_drop0.20_lr3/collapse_monitoring/collapse_monitor_epoch17.json
Epoch 18: val_loss=0.42480549216270447
Epoch 18: train_loss=0.43812650442123413

[CollapseMonitor] Epoch 18
  [DEBUG] Processed 20 batches from val_dataloader
  [DEBUG] Predictions shape after concat: (1280,)
  [DEBUG] All predictions list length: 20
  [DEBUG] First batch shape: (64,)
  Pred std: 0.012362, range: 0.046796, mean: 0.023583
  Pos: 100.0%, Neg: 0.0%, Unique: 1226
  Saved validation predictions to: experiments/01_staleness_features_fixed/sweep_stale_h18_drop0.20_lr3/collapse_monitoring/val_predictions_epoch18.npy
  Gradient norms:
    lstm_encoder: 0.007461
    lstm_decoder: 0.004272
    multihead_attn: 0.001146
    output_layer: 0.101144
  VSN output std:
    encoder: 0.185832
  Attention entropy: 2.934653
  Saved to: experiments/01_staleness_features_fixed/sweep_stale_h18_drop0.20_lr3/collapse_monitoring/collapse_monitor_epoch18.json
Epoch 19: val_loss=0.42393094301223755
Epoch 19: train_loss=0.43717843294143677

[CollapseMonitor] Epoch 19
  [DEBUG] Processed 20 batches from val_dataloader
  [DEBUG] Predictions shape after concat: (1280,)
  [DEBUG] All predictions list length: 20
  [DEBUG] First batch shape: (64,)
  Pred std: 0.012416, range: 0.049174, mean: 0.030187
  Pos: 100.0%, Neg: 0.0%, Unique: 1230
  Saved validation predictions to: experiments/01_staleness_features_fixed/sweep_stale_h18_drop0.20_lr3/collapse_monitoring/val_predictions_epoch19.npy
  Gradient norms:
    lstm_encoder: 0.007238
    lstm_decoder: 0.004310
    multihead_attn: 0.001142
    output_layer: 0.097517
  VSN output std:
    encoder: 0.181689
  Attention entropy: 2.937359
  Saved to: experiments/01_staleness_features_fixed/sweep_stale_h18_drop0.20_lr3/collapse_monitoring/collapse_monitor_epoch19.json
Epoch 20: val_loss=0.42242950201034546
Epoch 20: train_loss=0.43644043803215027

[CollapseMonitor] Epoch 20
  [DEBUG] Processed 20 batches from val_dataloader
  [DEBUG] Predictions shape after concat: (1280,)
  [DEBUG] All predictions list length: 20
  [DEBUG] First batch shape: (64,)
  Pred std: 0.011066, range: 0.046367, mean: 0.042145
  Pos: 100.0%, Neg: 0.0%, Unique: 1229
  Saved validation predictions to: experiments/01_staleness_features_fixed/sweep_stale_h18_drop0.20_lr3/collapse_monitoring/val_predictions_epoch20.npy
  Gradient norms:
    lstm_encoder: 0.007804
    lstm_decoder: 0.004490
    multihead_attn: 0.001115
    output_layer: 0.099836
  VSN output std:
    encoder: 0.178760
  Attention entropy: 2.940709
  Saved to: experiments/01_staleness_features_fixed/sweep_stale_h18_drop0.20_lr3/collapse_monitoring/collapse_monitor_epoch20.json
Epoch 21: val_loss=0.42155784368515015
Epoch 21: train_loss=0.4361896514892578

[CollapseMonitor] Epoch 21
  [DEBUG] Processed 20 batches from val_dataloader
  [DEBUG] Predictions shape after concat: (1280,)
  [DEBUG] All predictions list length: 20
  [DEBUG] First batch shape: (64,)
  Pred std: 0.010797, range: 0.047514, mean: 0.041649
  Pos: 100.0%, Neg: 0.0%, Unique: 1218
  Saved validation predictions to: experiments/01_staleness_features_fixed/sweep_stale_h18_drop0.20_lr3/collapse_monitoring/val_predictions_epoch21.npy
  Gradient norms:
    lstm_encoder: 0.007949
    lstm_decoder: 0.004876
    multihead_attn: 0.001128
    output_layer: 0.095009
  VSN output std:
    encoder: 0.175787
  Attention entropy: 2.939800
  Saved to: experiments/01_staleness_features_fixed/sweep_stale_h18_drop0.20_lr3/collapse_monitoring/collapse_monitor_epoch21.json
Epoch 22: val_loss=0.4200921654701233
Epoch 22: train_loss=0.43367063999176025

[CollapseMonitor] Epoch 22
  [DEBUG] Processed 20 batches from val_dataloader
  [DEBUG] Predictions shape after concat: (1280,)
  [DEBUG] All predictions list length: 20
  [DEBUG] First batch shape: (64,)
  Pred std: 0.009099, range: 0.046614, mean: 0.032307
  Pos: 100.0%, Neg: 0.0%, Unique: 1223
  Saved validation predictions to: experiments/01_staleness_features_fixed/sweep_stale_h18_drop0.20_lr3/collapse_monitoring/val_predictions_epoch22.npy
  Gradient norms:
    lstm_encoder: 0.007846
    lstm_decoder: 0.004818
    multihead_attn: 0.001132
    output_layer: 0.105057
  VSN output std:
    encoder: 0.185052
  Attention entropy: 2.940759
  Saved to: experiments/01_staleness_features_fixed/sweep_stale_h18_drop0.20_lr3/collapse_monitoring/collapse_monitor_epoch22.json
Epoch 23: val_loss=0.4186270833015442
Epoch 23: train_loss=0.4341717064380646

[CollapseMonitor] Epoch 23
  [DEBUG] Processed 20 batches from val_dataloader
  [DEBUG] Predictions shape after concat: (1280,)
  [DEBUG] All predictions list length: 20
  [DEBUG] First batch shape: (64,)
  Pred std: 0.014769, range: 0.062600, mean: 0.034150
  Pos: 100.0%, Neg: 0.0%, Unique: 1239
  Saved validation predictions to: experiments/01_staleness_features_fixed/sweep_stale_h18_drop0.20_lr3/collapse_monitoring/val_predictions_epoch23.npy
  Gradient norms:
    lstm_encoder: 0.008108
    lstm_decoder: 0.005058
    multihead_attn: 0.001176
    output_layer: 0.100017
  VSN output std:
    encoder: 0.196578
  Attention entropy: 2.945729
  Saved to: experiments/01_staleness_features_fixed/sweep_stale_h18_drop0.20_lr3/collapse_monitoring/collapse_monitor_epoch23.json
Epoch 24: val_loss=0.4171822667121887
Epoch 24: train_loss=0.4318884611129761

[CollapseMonitor] Epoch 24
  [DEBUG] Processed 20 batches from val_dataloader
  [DEBUG] Predictions shape after concat: (1280,)
  [DEBUG] All predictions list length: 20
  [DEBUG] First batch shape: (64,)
  Pred std: 0.014219, range: 0.062764, mean: 0.045270
  Pos: 100.0%, Neg: 0.0%, Unique: 1225
  Saved validation predictions to: experiments/01_staleness_features_fixed/sweep_stale_h18_drop0.20_lr3/collapse_monitoring/val_predictions_epoch24.npy
  Gradient norms:
    lstm_encoder: 0.009376
    lstm_decoder: 0.005743
    multihead_attn: 0.001205
    output_layer: 0.104981
  VSN output std:
    encoder: 0.199169
  Attention entropy: 2.948230
  Saved to: experiments/01_staleness_features_fixed/sweep_stale_h18_drop0.20_lr3/collapse_monitoring/collapse_monitor_epoch24.json
Epoch 25: val_loss=0.41614827513694763
Epoch 25: train_loss=0.43041902780532837

[CollapseMonitor] Epoch 25
  [DEBUG] Processed 20 batches from val_dataloader
  [DEBUG] Predictions shape after concat: (1280,)
  [DEBUG] All predictions list length: 20
  [DEBUG] First batch shape: (64,)
  Pred std: 0.018621, range: 0.073998, mean: 0.043951
  Pos: 100.0%, Neg: 0.0%, Unique: 1238
  Saved validation predictions to: experiments/01_staleness_features_fixed/sweep_stale_h18_drop0.20_lr3/collapse_monitoring/val_predictions_epoch25.npy
  Gradient norms:
    lstm_encoder: 0.009047
    lstm_decoder: 0.005713
    multihead_attn: 0.001298
    output_layer: 0.101484
  VSN output std:
    encoder: 0.200325
  Attention entropy: 2.951468
  Saved to: experiments/01_staleness_features_fixed/sweep_stale_h18_drop0.20_lr3/collapse_monitoring/collapse_monitor_epoch25.json
Epoch 26: val_loss=0.41488656401634216
Epoch 26: train_loss=0.43047845363616943

[CollapseMonitor] Epoch 26
  [DEBUG] Processed 20 batches from val_dataloader
  [DEBUG] Predictions shape after concat: (1280,)
  [DEBUG] All predictions list length: 20
  [DEBUG] First batch shape: (64,)
  Pred std: 0.014810, range: 0.062424, mean: 0.037427
  Pos: 100.0%, Neg: 0.0%, Unique: 1237
  Saved validation predictions to: experiments/01_staleness_features_fixed/sweep_stale_h18_drop0.20_lr3/collapse_monitoring/val_predictions_epoch26.npy
  Gradient norms:
    lstm_encoder: 0.009642
    lstm_decoder: 0.005720
    multihead_attn: 0.001347
    output_layer: 0.101311
  VSN output std:
    encoder: 0.198157
  Attention entropy: 2.951260
  Saved to: experiments/01_staleness_features_fixed/sweep_stale_h18_drop0.20_lr3/collapse_monitoring/collapse_monitor_epoch26.json
Epoch 27: val_loss=0.4145556390285492
Epoch 27: train_loss=0.4300869107246399

[CollapseMonitor] Epoch 27
  [DEBUG] Processed 20 batches from val_dataloader
  [DEBUG] Predictions shape after concat: (1280,)
  [DEBUG] All predictions list length: 20
  [DEBUG] First batch shape: (64,)
  Pred std: 0.020521, range: 0.080260, mean: 0.028392
  Pos: 100.0%, Neg: 0.0%, Unique: 1252
  Saved validation predictions to: experiments/01_staleness_features_fixed/sweep_stale_h18_drop0.20_lr3/collapse_monitoring/val_predictions_epoch27.npy
  Gradient norms:
    lstm_encoder: 0.009724
    lstm_decoder: 0.006316
    multihead_attn: 0.001324
    output_layer: 0.105488
  VSN output std:
    encoder: 0.198055
  Attention entropy: 2.948091
  Saved to: experiments/01_staleness_features_fixed/sweep_stale_h18_drop0.20_lr3/collapse_monitoring/collapse_monitor_epoch27.json
Epoch 28: val_loss=0.41319766640663147
Epoch 28: train_loss=0.42958155274391174

[CollapseMonitor] Epoch 28
  [DEBUG] Processed 20 batches from val_dataloader
  [DEBUG] Predictions shape after concat: (1280,)
  [DEBUG] All predictions list length: 20
  [DEBUG] First batch shape: (64,)
  Pred std: 0.021089, range: 0.089612, mean: 0.029723
  Pos: 100.0%, Neg: 0.0%, Unique: 1246
  Saved validation predictions to: experiments/01_staleness_features_fixed/sweep_stale_h18_drop0.20_lr3/collapse_monitoring/val_predictions_epoch28.npy
  Gradient norms:
    lstm_encoder: 0.010204
    lstm_decoder: 0.006518
    multihead_attn: 0.001390
    output_layer: 0.099306
  VSN output std:
    encoder: 0.200694
  Attention entropy: 2.945425
  Saved to: experiments/01_staleness_features_fixed/sweep_stale_h18_drop0.20_lr3/collapse_monitoring/collapse_monitor_epoch28.json
Epoch 29: val_loss=0.4130803942680359
Epoch 29: train_loss=0.42754876613616943

[CollapseMonitor] Epoch 29
  [DEBUG] Processed 20 batches from val_dataloader
  [DEBUG] Predictions shape after concat: (1280,)
  [DEBUG] All predictions list length: 20
  [DEBUG] First batch shape: (64,)
  Pred std: 0.021980, range: 0.088604, mean: 0.031070
  Pos: 100.0%, Neg: 0.0%, Unique: 1255
  Saved validation predictions to: experiments/01_staleness_features_fixed/sweep_stale_h18_drop0.20_lr3/collapse_monitoring/val_predictions_epoch29.npy
  Gradient norms:
    lstm_encoder: 0.009917
    lstm_decoder: 0.006441
    multihead_attn: 0.001415
    output_layer: 0.099015
  VSN output std:
    encoder: 0.205844
  Attention entropy: 2.946249
  Saved to: experiments/01_staleness_features_fixed/sweep_stale_h18_drop0.20_lr3/collapse_monitoring/collapse_monitor_epoch29.json
Epoch 30: val_loss=0.41176509857177734
Epoch 30: train_loss=0.4274068772792816

[CollapseMonitor] Epoch 30
  [DEBUG] Processed 20 batches from val_dataloader
  [DEBUG] Predictions shape after concat: (1280,)
  [DEBUG] All predictions list length: 20
  [DEBUG] First batch shape: (64,)
  Pred std: 0.024900, range: 0.108675, mean: 0.034745
  Pos: 100.0%, Neg: 0.0%, Unique: 1248
  Saved validation predictions to: experiments/01_staleness_features_fixed/sweep_stale_h18_drop0.20_lr3/collapse_monitoring/val_predictions_epoch30.npy
  Gradient norms:
    lstm_encoder: 0.009584
    lstm_decoder: 0.006134
    multihead_attn: 0.001394
    output_layer: 0.097653
  VSN output std:
    encoder: 0.208957
  Attention entropy: 2.940849
  Saved to: experiments/01_staleness_features_fixed/sweep_stale_h18_drop0.20_lr3/collapse_monitoring/collapse_monitor_epoch30.json
Epoch 31: val_loss=0.41183191537857056
Epoch 31: train_loss=0.4269058108329773

[CollapseMonitor] Epoch 31
  [DEBUG] Processed 20 batches from val_dataloader
  [DEBUG] Predictions shape after concat: (1280,)
  [DEBUG] All predictions list length: 20
  [DEBUG] First batch shape: (64,)
  Pred std: 0.023973, range: 0.115128, mean: 0.015873
  Pos: 86.4%, Neg: 13.6%, Unique: 1239
  Saved validation predictions to: experiments/01_staleness_features_fixed/sweep_stale_h18_drop0.20_lr3/collapse_monitoring/val_predictions_epoch31.npy
  Gradient norms:
    lstm_encoder: 0.009815
    lstm_decoder: 0.006512
    multihead_attn: 0.001391
    output_layer: 0.100554
  VSN output std:
    encoder: 0.206918
  Attention entropy: 2.941906
  Saved to: experiments/01_staleness_features_fixed/sweep_stale_h18_drop0.20_lr3/collapse_monitoring/collapse_monitor_epoch31.json
Epoch 32: val_loss=0.41026633977890015
Epoch 32: train_loss=0.4274823069572449

[CollapseMonitor] Epoch 32
  [DEBUG] Processed 20 batches from val_dataloader
  [DEBUG] Predictions shape after concat: (1280,)
  [DEBUG] All predictions list length: 20
  [DEBUG] First batch shape: (64,)
  Pred std: 0.030918, range: 0.143618, mean: 0.033810
  Pos: 100.0%, Neg: 0.0%, Unique: 1261
  Saved validation predictions to: experiments/01_staleness_features_fixed/sweep_stale_h18_drop0.20_lr3/collapse_monitoring/val_predictions_epoch32.npy
  Gradient norms:
    lstm_encoder: 0.010537
    lstm_decoder: 0.006696
    multihead_attn: 0.001400
    output_layer: 0.107235
  VSN output std:
    encoder: 0.208893
  Attention entropy: 2.940360
  Saved to: experiments/01_staleness_features_fixed/sweep_stale_h18_drop0.20_lr3/collapse_monitoring/collapse_monitor_epoch32.json
Epoch 33: val_loss=0.4104064404964447
Epoch 33: train_loss=0.4267730712890625

[CollapseMonitor] Epoch 33
  [DEBUG] Processed 20 batches from val_dataloader
  [DEBUG] Predictions shape after concat: (1280,)
  [DEBUG] All predictions list length: 20
  [DEBUG] First batch shape: (64,)
  Pred std: 0.027060, range: 0.128484, mean: 0.042630
  Pos: 100.0%, Neg: 0.0%, Unique: 1261
  Saved validation predictions to: experiments/01_staleness_features_fixed/sweep_stale_h18_drop0.20_lr3/collapse_monitoring/val_predictions_epoch33.npy
  Gradient norms:
    lstm_encoder: 0.011221
    lstm_decoder: 0.007374
    multihead_attn: 0.001411
    output_layer: 0.110009
  VSN output std:
    encoder: 0.210132
  Attention entropy: 2.937317
  Saved to: experiments/01_staleness_features_fixed/sweep_stale_h18_drop0.20_lr3/collapse_monitoring/collapse_monitor_epoch33.json
Epoch 34: val_loss=0.40959763526916504
Epoch 34: train_loss=0.4262875020503998

[CollapseMonitor] Epoch 34
  [DEBUG] Processed 20 batches from val_dataloader
  [DEBUG] Predictions shape after concat: (1280,)
  [DEBUG] All predictions list length: 20
  [DEBUG] First batch shape: (64,)
  Pred std: 0.025933, range: 0.130896, mean: 0.020755
  Pos: 99.7%, Neg: 0.3%, Unique: 1254
  Saved validation predictions to: experiments/01_staleness_features_fixed/sweep_stale_h18_drop0.20_lr3/collapse_monitoring/val_predictions_epoch34.npy
  Gradient norms:
    lstm_encoder: 0.010687
    lstm_decoder: 0.007004
    multihead_attn: 0.001444
    output_layer: 0.108065
  VSN output std:
    encoder: 0.211657
  Attention entropy: 2.936172
  Saved to: experiments/01_staleness_features_fixed/sweep_stale_h18_drop0.20_lr3/collapse_monitoring/collapse_monitor_epoch34.json
Epoch 35: val_loss=0.40890073776245117
Epoch 35: train_loss=0.425774484872818

[CollapseMonitor] Epoch 35
  [DEBUG] Processed 20 batches from val_dataloader
  [DEBUG] Predictions shape after concat: (1280,)
  [DEBUG] All predictions list length: 20
  [DEBUG] First batch shape: (64,)
  Pred std: 0.023211, range: 0.124178, mean: 0.037739
  Pos: 100.0%, Neg: 0.0%, Unique: 1249
  Saved validation predictions to: experiments/01_staleness_features_fixed/sweep_stale_h18_drop0.20_lr3/collapse_monitoring/val_predictions_epoch35.npy
  Gradient norms:
    lstm_encoder: 0.011207
    lstm_decoder: 0.007587
    multihead_attn: 0.001445
    output_layer: 0.104976
  VSN output std:
    encoder: 0.209250
  Attention entropy: 2.931031
  Saved to: experiments/01_staleness_features_fixed/sweep_stale_h18_drop0.20_lr3/collapse_monitoring/collapse_monitor_epoch35.json
Epoch 36: val_loss=0.4093332886695862
Epoch 36: train_loss=0.42660507559776306

[CollapseMonitor] Epoch 36
  [DEBUG] Processed 20 batches from val_dataloader
  [DEBUG] Predictions shape after concat: (1280,)
  [DEBUG] All predictions list length: 20
  [DEBUG] First batch shape: (64,)
  Pred std: 0.027807, range: 0.144732, mean: 0.043071
  Pos: 100.0%, Neg: 0.0%, Unique: 1252
  Saved validation predictions to: experiments/01_staleness_features_fixed/sweep_stale_h18_drop0.20_lr3/collapse_monitoring/val_predictions_epoch36.npy
  Gradient norms:
    lstm_encoder: 0.010657
    lstm_decoder: 0.007135
    multihead_attn: 0.001444
    output_layer: 0.103043
  VSN output std:
    encoder: 0.207093
  Attention entropy: 2.929459
  Saved to: experiments/01_staleness_features_fixed/sweep_stale_h18_drop0.20_lr3/collapse_monitoring/collapse_monitor_epoch36.json
Epoch 37: val_loss=0.4084436297416687
Epoch 37: train_loss=0.42536017298698425

[CollapseMonitor] Epoch 37
  [DEBUG] Processed 20 batches from val_dataloader
  [DEBUG] Predictions shape after concat: (1280,)
  [DEBUG] All predictions list length: 20
  [DEBUG] First batch shape: (64,)
  Pred std: 0.022005, range: 0.120258, mean: 0.053099
  Pos: 100.0%, Neg: 0.0%, Unique: 1248
  Saved validation predictions to: experiments/01_staleness_features_fixed/sweep_stale_h18_drop0.20_lr3/collapse_monitoring/val_predictions_epoch37.npy
  Gradient norms:
    lstm_encoder: 0.011684
    lstm_decoder: 0.007542
    multihead_attn: 0.001380
    output_layer: 0.102329
  VSN output std:
    encoder: 0.209674
  Attention entropy: 2.924348
  Saved to: experiments/01_staleness_features_fixed/sweep_stale_h18_drop0.20_lr3/collapse_monitoring/collapse_monitor_epoch37.json
Epoch 38: val_loss=0.4076134264469147
Epoch 38: train_loss=0.4256294071674347

[CollapseMonitor] Epoch 38
  [DEBUG] Processed 20 batches from val_dataloader
  [DEBUG] Predictions shape after concat: (1280,)
  [DEBUG] All predictions list length: 20
  [DEBUG] First batch shape: (64,)
  Pred std: 0.021568, range: 0.122903, mean: 0.048283
  Pos: 100.0%, Neg: 0.0%, Unique: 1253
  Saved validation predictions to: experiments/01_staleness_features_fixed/sweep_stale_h18_drop0.20_lr3/collapse_monitoring/val_predictions_epoch38.npy
  Gradient norms:
    lstm_encoder: 0.011640
    lstm_decoder: 0.007784
    multihead_attn: 0.001314
    output_layer: 0.101614
  VSN output std:
    encoder: 0.210836
  Attention entropy: 2.920641
  Saved to: experiments/01_staleness_features_fixed/sweep_stale_h18_drop0.20_lr3/collapse_monitoring/collapse_monitor_epoch38.json
Epoch 39: val_loss=0.4071721136569977
Epoch 39: train_loss=0.4248812198638916

[CollapseMonitor] Epoch 39
  [DEBUG] Processed 20 batches from val_dataloader
  [DEBUG] Predictions shape after concat: (1280,)
  [DEBUG] All predictions list length: 20
  [DEBUG] First batch shape: (64,)
  Pred std: 0.028850, range: 0.154536, mean: 0.050602
  Pos: 100.0%, Neg: 0.0%, Unique: 1256
  Saved validation predictions to: experiments/01_staleness_features_fixed/sweep_stale_h18_drop0.20_lr3/collapse_monitoring/val_predictions_epoch39.npy
  Gradient norms:
    lstm_encoder: 0.011402
    lstm_decoder: 0.007634
    multihead_attn: 0.001325
    output_layer: 0.101416
  VSN output std:
    encoder: 0.210651
  Attention entropy: 2.919392
  Saved to: experiments/01_staleness_features_fixed/sweep_stale_h18_drop0.20_lr3/collapse_monitoring/collapse_monitor_epoch39.json
Epoch 40: val_loss=0.4067925810813904
Epoch 40: train_loss=0.42484936118125916

[CollapseMonitor] Epoch 40
  [DEBUG] Processed 20 batches from val_dataloader
  [DEBUG] Predictions shape after concat: (1280,)
  [DEBUG] All predictions list length: 20
  [DEBUG] First batch shape: (64,)
  Pred std: 0.036218, range: 0.194557, mean: 0.038711
  Pos: 100.0%, Neg: 0.0%, Unique: 1259
  Saved validation predictions to: experiments/01_staleness_features_fixed/sweep_stale_h18_drop0.20_lr3/collapse_monitoring/val_predictions_epoch40.npy
  Gradient norms:
    lstm_encoder: 0.012068
    lstm_decoder: 0.008214
    multihead_attn: 0.001329
    output_layer: 0.103795
  VSN output std:
    encoder: 0.207807
  Attention entropy: 2.915408
  Saved to: experiments/01_staleness_features_fixed/sweep_stale_h18_drop0.20_lr3/collapse_monitoring/collapse_monitor_epoch40.json
Epoch 41: val_loss=0.4063578248023987
Epoch 41: train_loss=0.4248465597629547

[CollapseMonitor] Epoch 41
  [DEBUG] Processed 20 batches from val_dataloader
  [DEBUG] Predictions shape after concat: (1280,)
  [DEBUG] All predictions list length: 20
  [DEBUG] First batch shape: (64,)
  Pred std: 0.034769, range: 0.189198, mean: 0.033088
  Pos: 100.0%, Neg: 0.0%, Unique: 1257
  Saved validation predictions to: experiments/01_staleness_features_fixed/sweep_stale_h18_drop0.20_lr3/collapse_monitoring/val_predictions_epoch41.npy
  Gradient norms:
    lstm_encoder: 0.011621
    lstm_decoder: 0.007781
    multihead_attn: 0.001331
    output_layer: 0.101457
  VSN output std:
    encoder: 0.206794
  Attention entropy: 2.918802
  Saved to: experiments/01_staleness_features_fixed/sweep_stale_h18_drop0.20_lr3/collapse_monitoring/collapse_monitor_epoch41.json
Epoch 42: val_loss=0.407238632440567
Epoch 42: train_loss=0.42448481917381287

[CollapseMonitor] Epoch 42
  [DEBUG] Processed 20 batches from val_dataloader
  [DEBUG] Predictions shape after concat: (1280,)
  [DEBUG] All predictions list length: 20
  [DEBUG] First batch shape: (64,)
  Pred std: 0.028466, range: 0.166414, mean: 0.039185
  Pos: 100.0%, Neg: 0.0%, Unique: 1253
  Saved validation predictions to: experiments/01_staleness_features_fixed/sweep_stale_h18_drop0.20_lr3/collapse_monitoring/val_predictions_epoch42.npy
  Gradient norms:
    lstm_encoder: 0.012621
    lstm_decoder: 0.008035
    multihead_attn: 0.001318
    output_layer: 0.095923
  VSN output std:
    encoder: 0.198549
  Attention entropy: 2.919743
  Saved to: experiments/01_staleness_features_fixed/sweep_stale_h18_drop0.20_lr3/collapse_monitoring/collapse_monitor_epoch42.json
Epoch 43: val_loss=0.4052909314632416
Epoch 43: train_loss=0.42472606897354126

[CollapseMonitor] Epoch 43
  [DEBUG] Processed 20 batches from val_dataloader
  [DEBUG] Predictions shape after concat: (1280,)
  [DEBUG] All predictions list length: 20
  [DEBUG] First batch shape: (64,)
  Pred std: 0.028383, range: 0.160981, mean: 0.059383
  Pos: 100.0%, Neg: 0.0%, Unique: 1264
  Saved validation predictions to: experiments/01_staleness_features_fixed/sweep_stale_h18_drop0.20_lr3/collapse_monitoring/val_predictions_epoch43.npy
  Gradient norms:
    lstm_encoder: 0.012773
    lstm_decoder: 0.008478
    multihead_attn: 0.001271
    output_layer: 0.105512
  VSN output std:
    encoder: 0.199692
  Attention entropy: 2.914283
  Saved to: experiments/01_staleness_features_fixed/sweep_stale_h18_drop0.20_lr3/collapse_monitoring/collapse_monitor_epoch43.json
Epoch 44: val_loss=0.4056066572666168
Epoch 44: train_loss=0.4231218695640564

[CollapseMonitor] Epoch 44
  [DEBUG] Processed 20 batches from val_dataloader
  [DEBUG] Predictions shape after concat: (1280,)
  [DEBUG] All predictions list length: 20
  [DEBUG] First batch shape: (64,)
  Pred std: 0.021769, range: 0.135101, mean: 0.040621
  Pos: 100.0%, Neg: 0.0%, Unique: 1251
  Saved validation predictions to: experiments/01_staleness_features_fixed/sweep_stale_h18_drop0.20_lr3/collapse_monitoring/val_predictions_epoch44.npy
  Gradient norms:
    lstm_encoder: 0.012424
    lstm_decoder: 0.008140
    multihead_attn: 0.001275
    output_layer: 0.105405
  VSN output std:
    encoder: 0.202828
  Attention entropy: 2.913962
  Saved to: experiments/01_staleness_features_fixed/sweep_stale_h18_drop0.20_lr3/collapse_monitoring/collapse_monitor_epoch44.json
Epoch 45: val_loss=0.40509557723999023
Epoch 45: train_loss=0.4240742623806

[CollapseMonitor] Epoch 45
  [DEBUG] Processed 20 batches from val_dataloader
  [DEBUG] Predictions shape after concat: (1280,)
  [DEBUG] All predictions list length: 20
  [DEBUG] First batch shape: (64,)
  Pred std: 0.028583, range: 0.169541, mean: 0.049308
  Pos: 100.0%, Neg: 0.0%, Unique: 1251
  Saved validation predictions to: experiments/01_staleness_features_fixed/sweep_stale_h18_drop0.20_lr3/collapse_monitoring/val_predictions_epoch45.npy
  Gradient norms:
    lstm_encoder: 0.012214
    lstm_decoder: 0.008139
    multihead_attn: 0.001206
    output_layer: 0.099954
  VSN output std:
    encoder: 0.203174
  Attention entropy: 2.913871
  Saved to: experiments/01_staleness_features_fixed/sweep_stale_h18_drop0.20_lr3/collapse_monitoring/collapse_monitor_epoch45.json
Epoch 46: val_loss=0.4050343930721283
Epoch 46: train_loss=0.42351266741752625

[CollapseMonitor] Epoch 46
  [DEBUG] Processed 20 batches from val_dataloader
  [DEBUG] Predictions shape after concat: (1280,)
  [DEBUG] All predictions list length: 20
  [DEBUG] First batch shape: (64,)
  Pred std: 0.031648, range: 0.188069, mean: 0.038981
  Pos: 100.0%, Neg: 0.0%, Unique: 1262
  Saved validation predictions to: experiments/01_staleness_features_fixed/sweep_stale_h18_drop0.20_lr3/collapse_monitoring/val_predictions_epoch46.npy
  Gradient norms:
    lstm_encoder: 0.013900
    lstm_decoder: 0.008811
    multihead_attn: 0.001286
    output_layer: 0.105620
  VSN output std:
    encoder: 0.202311
  Attention entropy: 2.909075
  Saved to: experiments/01_staleness_features_fixed/sweep_stale_h18_drop0.20_lr3/collapse_monitoring/collapse_monitor_epoch46.json
Epoch 47: val_loss=0.4043238162994385
Epoch 47: train_loss=0.42344868183135986

[CollapseMonitor] Epoch 47
  [DEBUG] Processed 20 batches from val_dataloader
  [DEBUG] Predictions shape after concat: (1280,)
  [DEBUG] All predictions list length: 20
  [DEBUG] First batch shape: (64,)
  Pred std: 0.025287, range: 0.159630, mean: 0.040039
  Pos: 100.0%, Neg: 0.0%, Unique: 1250
  Saved validation predictions to: experiments/01_staleness_features_fixed/sweep_stale_h18_drop0.20_lr3/collapse_monitoring/val_predictions_epoch47.npy
  Gradient norms:
    lstm_encoder: 0.013692
    lstm_decoder: 0.008814
    multihead_attn: 0.001229
    output_layer: 0.105019
  VSN output std:
    encoder: 0.203710
  Attention entropy: 2.903469
  Saved to: experiments/01_staleness_features_fixed/sweep_stale_h18_drop0.20_lr3/collapse_monitoring/collapse_monitor_epoch47.json
Epoch 48: val_loss=0.40378960967063904
Epoch 48: train_loss=0.42323046922683716

[CollapseMonitor] Epoch 48
  [DEBUG] Processed 20 batches from val_dataloader
  [DEBUG] Predictions shape after concat: (1280,)
  [DEBUG] All predictions list length: 20
  [DEBUG] First batch shape: (64,)
  Pred std: 0.040051, range: 0.228744, mean: 0.052666
  Pos: 100.0%, Neg: 0.0%, Unique: 1246
  Saved validation predictions to: experiments/01_staleness_features_fixed/sweep_stale_h18_drop0.20_lr3/collapse_monitoring/val_predictions_epoch48.npy
  Gradient norms:
    lstm_encoder: 0.013399
    lstm_decoder: 0.008591
    multihead_attn: 0.001280
    output_layer: 0.108160
  VSN output std:
    encoder: 0.203704
  Attention entropy: 2.898474
  Saved to: experiments/01_staleness_features_fixed/sweep_stale_h18_drop0.20_lr3/collapse_monitoring/collapse_monitor_epoch48.json
Epoch 49: val_loss=0.40385904908180237
Epoch 49: train_loss=0.4229319095611572

[CollapseMonitor] Epoch 49
  [DEBUG] Processed 20 batches from val_dataloader
  [DEBUG] Predictions shape after concat: (1280,)
  [DEBUG] All predictions list length: 20
  [DEBUG] First batch shape: (64,)
  Pred std: 0.031386, range: 0.187469, mean: 0.058030
  Pos: 100.0%, Neg: 0.0%, Unique: 1254
  Saved validation predictions to: experiments/01_staleness_features_fixed/sweep_stale_h18_drop0.20_lr3/collapse_monitoring/val_predictions_epoch49.npy
  Gradient norms:
    lstm_encoder: 0.014498
    lstm_decoder: 0.009141
    multihead_attn: 0.001229
    output_layer: 0.098579
  VSN output std:
    encoder: 0.201463
  Attention entropy: 2.903133
  Saved to: experiments/01_staleness_features_fixed/sweep_stale_h18_drop0.20_lr3/collapse_monitoring/collapse_monitor_epoch49.json
Epoch 50: val_loss=0.4041217267513275
Epoch 50: train_loss=0.4223603904247284

[CollapseMonitor] Epoch 50
  [DEBUG] Processed 20 batches from val_dataloader
  [DEBUG] Predictions shape after concat: (1280,)
  [DEBUG] All predictions list length: 20
  [DEBUG] First batch shape: (64,)
  Pred std: 0.035271, range: 0.210752, mean: 0.052310
  Pos: 100.0%, Neg: 0.0%, Unique: 1260
  Saved validation predictions to: experiments/01_staleness_features_fixed/sweep_stale_h18_drop0.20_lr3/collapse_monitoring/val_predictions_epoch50.npy
  Gradient norms:
    lstm_encoder: 0.014155
    lstm_decoder: 0.008425
    multihead_attn: 0.001150
    output_layer: 0.105108
  VSN output std:
    encoder: 0.199182
  Attention entropy: 2.902343
  Saved to: experiments/01_staleness_features_fixed/sweep_stale_h18_drop0.20_lr3/collapse_monitoring/collapse_monitor_epoch50.json
Epoch 51: val_loss=0.4038654863834381
Epoch 51: train_loss=0.4230306148529053

[CollapseMonitor] Epoch 51
  [DEBUG] Processed 20 batches from val_dataloader
  [DEBUG] Predictions shape after concat: (1280,)
  [DEBUG] All predictions list length: 20
  [DEBUG] First batch shape: (64,)
  Pred std: 0.034079, range: 0.202569, mean: 0.057479
  Pos: 100.0%, Neg: 0.0%, Unique: 1252
  Saved validation predictions to: experiments/01_staleness_features_fixed/sweep_stale_h18_drop0.20_lr3/collapse_monitoring/val_predictions_epoch51.npy
  Gradient norms:
    lstm_encoder: 0.015176
    lstm_decoder: 0.009543
    multihead_attn: 0.001232
    output_layer: 0.100183
  VSN output std:
    encoder: 0.197023
  Attention entropy: 2.898563
  Saved to: experiments/01_staleness_features_fixed/sweep_stale_h18_drop0.20_lr3/collapse_monitoring/collapse_monitor_epoch51.json
Epoch 52: val_loss=0.4032028615474701
Epoch 52: train_loss=0.4229104816913605

[CollapseMonitor] Epoch 52
  [DEBUG] Processed 20 batches from val_dataloader
  [DEBUG] Predictions shape after concat: (1280,)
  [DEBUG] All predictions list length: 20
  [DEBUG] First batch shape: (64,)
  Pred std: 0.035762, range: 0.204364, mean: 0.063041
  Pos: 100.0%, Neg: 0.0%, Unique: 1262
  Saved validation predictions to: experiments/01_staleness_features_fixed/sweep_stale_h18_drop0.20_lr3/collapse_monitoring/val_predictions_epoch52.npy
  Gradient norms:
    lstm_encoder: 0.014812
    lstm_decoder: 0.008842
    multihead_attn: 0.001196
    output_layer: 0.107922
  VSN output std:
    encoder: 0.197555
  Attention entropy: 2.891892
  Saved to: experiments/01_staleness_features_fixed/sweep_stale_h18_drop0.20_lr3/collapse_monitoring/collapse_monitor_epoch52.json
Epoch 53: val_loss=0.4030047357082367
Epoch 53: train_loss=0.4225417673587799

[CollapseMonitor] Epoch 53
  [DEBUG] Processed 20 batches from val_dataloader
  [DEBUG] Predictions shape after concat: (1280,)
  [DEBUG] All predictions list length: 20
  [DEBUG] First batch shape: (64,)
  Pred std: 0.036170, range: 0.212582, mean: 0.044729
  Pos: 100.0%, Neg: 0.0%, Unique: 1257
  Saved validation predictions to: experiments/01_staleness_features_fixed/sweep_stale_h18_drop0.20_lr3/collapse_monitoring/val_predictions_epoch53.npy
  Gradient norms:
    lstm_encoder: 0.015236
    lstm_decoder: 0.008898
    multihead_attn: 0.001242
    output_layer: 0.105434
  VSN output std:
    encoder: 0.196263
  Attention entropy: 2.891980
  Saved to: experiments/01_staleness_features_fixed/sweep_stale_h18_drop0.20_lr3/collapse_monitoring/collapse_monitor_epoch53.json
Epoch 54: val_loss=0.4028892517089844
Epoch 54: train_loss=0.4220070540904999

[CollapseMonitor] Epoch 54
  [DEBUG] Processed 20 batches from val_dataloader
  [DEBUG] Predictions shape after concat: (1280,)
  [DEBUG] All predictions list length: 20
  [DEBUG] First batch shape: (64,)
  Pred std: 0.036572, range: 0.229503, mean: 0.052540
  Pos: 100.0%, Neg: 0.0%, Unique: 1263
  Saved validation predictions to: experiments/01_staleness_features_fixed/sweep_stale_h18_drop0.20_lr3/collapse_monitoring/val_predictions_epoch54.npy
  Gradient norms:
    lstm_encoder: 0.015758
    lstm_decoder: 0.009308
    multihead_attn: 0.001150
    output_layer: 0.103539
  VSN output std:
    encoder: 0.197070
  Attention entropy: 2.900655
  Saved to: experiments/01_staleness_features_fixed/sweep_stale_h18_drop0.20_lr3/collapse_monitoring/collapse_monitor_epoch54.json
Epoch 55: val_loss=0.4024425446987152
Epoch 55: train_loss=0.42253202199935913

[CollapseMonitor] Epoch 55
  [DEBUG] Processed 20 batches from val_dataloader
  [DEBUG] Predictions shape after concat: (1280,)
  [DEBUG] All predictions list length: 20
  [DEBUG] First batch shape: (64,)
  Pred std: 0.032229, range: 0.202433, mean: 0.058522
  Pos: 100.0%, Neg: 0.0%, Unique: 1255
  Saved validation predictions to: experiments/01_staleness_features_fixed/sweep_stale_h18_drop0.20_lr3/collapse_monitoring/val_predictions_epoch55.npy
  Gradient norms:
    lstm_encoder: 0.016801
    lstm_decoder: 0.009542
    multihead_attn: 0.001200
    output_layer: 0.098492
  VSN output std:
    encoder: 0.198084
  Attention entropy: 2.897897
  Saved to: experiments/01_staleness_features_fixed/sweep_stale_h18_drop0.20_lr3/collapse_monitoring/collapse_monitor_epoch55.json
Epoch 56: val_loss=0.4024806022644043
Epoch 56: train_loss=0.422670841217041

[CollapseMonitor] Epoch 56
  [DEBUG] Processed 20 batches from val_dataloader
  [DEBUG] Predictions shape after concat: (1280,)
  [DEBUG] All predictions list length: 20
  [DEBUG] First batch shape: (64,)
  Pred std: 0.031021, range: 0.197155, mean: 0.048598
  Pos: 100.0%, Neg: 0.0%, Unique: 1248
  Saved validation predictions to: experiments/01_staleness_features_fixed/sweep_stale_h18_drop0.20_lr3/collapse_monitoring/val_predictions_epoch56.npy
  Gradient norms:
    lstm_encoder: 0.017143
    lstm_decoder: 0.009872
    multihead_attn: 0.001122
    output_layer: 0.103916
  VSN output std:
    encoder: 0.195447
  Attention entropy: 2.901511
  Saved to: experiments/01_staleness_features_fixed/sweep_stale_h18_drop0.20_lr3/collapse_monitoring/collapse_monitor_epoch56.json
Epoch 57: val_loss=0.40173688530921936
Epoch 57: train_loss=0.4218144118785858

[CollapseMonitor] Epoch 57
  [DEBUG] Processed 20 batches from val_dataloader
  [DEBUG] Predictions shape after concat: (1280,)
  [DEBUG] All predictions list length: 20
  [DEBUG] First batch shape: (64,)
  Pred std: 0.029629, range: 0.183108, mean: 0.045188
  Pos: 100.0%, Neg: 0.0%, Unique: 1259
  Saved validation predictions to: experiments/01_staleness_features_fixed/sweep_stale_h18_drop0.20_lr3/collapse_monitoring/val_predictions_epoch57.npy
  Gradient norms:
    lstm_encoder: 0.016944
    lstm_decoder: 0.009827
    multihead_attn: 0.001069
    output_layer: 0.095914
  VSN output std:
    encoder: 0.196287
  Attention entropy: 2.897792
  Saved to: experiments/01_staleness_features_fixed/sweep_stale_h18_drop0.20_lr3/collapse_monitoring/collapse_monitor_epoch57.json
Epoch 58: val_loss=0.40114349126815796
Epoch 58: train_loss=0.4223152697086334

[CollapseMonitor] Epoch 58
  [DEBUG] Processed 20 batches from val_dataloader
  [DEBUG] Predictions shape after concat: (1280,)
  [DEBUG] All predictions list length: 20
  [DEBUG] First batch shape: (64,)
  Pred std: 0.038868, range: 0.221801, mean: 0.062950
  Pos: 100.0%, Neg: 0.0%, Unique: 1258
  Saved validation predictions to: experiments/01_staleness_features_fixed/sweep_stale_h18_drop0.20_lr3/collapse_monitoring/val_predictions_epoch58.npy
  Gradient norms:
    lstm_encoder: 0.017994
    lstm_decoder: 0.010211
    multihead_attn: 0.001166
    output_layer: 0.105439
  VSN output std:
    encoder: 0.197421
  Attention entropy: 2.897099
  Saved to: experiments/01_staleness_features_fixed/sweep_stale_h18_drop0.20_lr3/collapse_monitoring/collapse_monitor_epoch58.json
Epoch 59: val_loss=0.4015499949455261
Epoch 59: train_loss=0.42023852467536926

[CollapseMonitor] Epoch 59
  [DEBUG] Processed 20 batches from val_dataloader
  [DEBUG] Predictions shape after concat: (1280,)
  [DEBUG] All predictions list length: 20
  [DEBUG] First batch shape: (64,)
  Pred std: 0.030305, range: 0.192495, mean: 0.037774
  Pos: 100.0%, Neg: 0.0%, Unique: 1253
  Saved validation predictions to: experiments/01_staleness_features_fixed/sweep_stale_h18_drop0.20_lr3/collapse_monitoring/val_predictions_epoch59.npy
  Gradient norms:
    lstm_encoder: 0.018289
    lstm_decoder: 0.010155
    multihead_attn: 0.001164
    output_layer: 0.094113
  VSN output std:
    encoder: 0.197880
  Attention entropy: 2.902606
  Saved to: experiments/01_staleness_features_fixed/sweep_stale_h18_drop0.20_lr3/collapse_monitoring/collapse_monitor_epoch59.json
Epoch 60: val_loss=0.400837242603302
Epoch 60: train_loss=0.4215374290943146

[CollapseMonitor] Epoch 60
  [DEBUG] Processed 20 batches from val_dataloader
  [DEBUG] Predictions shape after concat: (1280,)
  [DEBUG] All predictions list length: 20
  [DEBUG] First batch shape: (64,)
  Pred std: 0.030494, range: 0.195515, mean: 0.072899
  Pos: 100.0%, Neg: 0.0%, Unique: 1245
  Saved validation predictions to: experiments/01_staleness_features_fixed/sweep_stale_h18_drop0.20_lr3/collapse_monitoring/val_predictions_epoch60.npy
  Gradient norms:
    lstm_encoder: 0.018356
    lstm_decoder: 0.009438
    multihead_attn: 0.001120
    output_layer: 0.096819
  VSN output std:
    encoder: 0.197930
  Attention entropy: 2.903431
  Saved to: experiments/01_staleness_features_fixed/sweep_stale_h18_drop0.20_lr3/collapse_monitoring/collapse_monitor_epoch60.json
Epoch 61: val_loss=0.4011484980583191
Epoch 61: train_loss=0.41943761706352234

[CollapseMonitor] Epoch 61
  [DEBUG] Processed 20 batches from val_dataloader
  [DEBUG] Predictions shape after concat: (1280,)
  [DEBUG] All predictions list length: 20
  [DEBUG] First batch shape: (64,)
  Pred std: 0.032973, range: 0.209094, mean: 0.044920
  Pos: 100.0%, Neg: 0.0%, Unique: 1250
  Saved validation predictions to: experiments/01_staleness_features_fixed/sweep_stale_h18_drop0.20_lr3/collapse_monitoring/val_predictions_epoch61.npy
  Gradient norms:
    lstm_encoder: 0.020705
    lstm_decoder: 0.010896
    multihead_attn: 0.001135
    output_layer: 0.102017
  VSN output std:
    encoder: 0.197500
  Attention entropy: 2.903567
  Saved to: experiments/01_staleness_features_fixed/sweep_stale_h18_drop0.20_lr3/collapse_monitoring/collapse_monitor_epoch61.json
Epoch 62: val_loss=0.4005374312400818
Epoch 62: train_loss=0.4207252264022827

[CollapseMonitor] Epoch 62
  [DEBUG] Processed 20 batches from val_dataloader
  [DEBUG] Predictions shape after concat: (1280,)
  [DEBUG] All predictions list length: 20
  [DEBUG] First batch shape: (64,)
  Pred std: 0.034816, range: 0.218313, mean: 0.042270
  Pos: 100.0%, Neg: 0.0%, Unique: 1260
  Saved validation predictions to: experiments/01_staleness_features_fixed/sweep_stale_h18_drop0.20_lr3/collapse_monitoring/val_predictions_epoch62.npy
  Gradient norms:
    lstm_encoder: 0.021792
    lstm_decoder: 0.010966
    multihead_attn: 0.001148
    output_layer: 0.111471
  VSN output std:
    encoder: 0.198888
  Attention entropy: 2.900176
  Saved to: experiments/01_staleness_features_fixed/sweep_stale_h18_drop0.20_lr3/collapse_monitoring/collapse_monitor_epoch62.json
Epoch 63: val_loss=0.40011581778526306
Epoch 63: train_loss=0.42049679160118103

[CollapseMonitor] Epoch 63
  [DEBUG] Processed 20 batches from val_dataloader
  [DEBUG] Predictions shape after concat: (1280,)
  [DEBUG] All predictions list length: 20
  [DEBUG] First batch shape: (64,)
  Pred std: 0.028577, range: 0.189220, mean: 0.058445
  Pos: 100.0%, Neg: 0.0%, Unique: 1243
  Saved validation predictions to: experiments/01_staleness_features_fixed/sweep_stale_h18_drop0.20_lr3/collapse_monitoring/val_predictions_epoch63.npy
  Gradient norms:
    lstm_encoder: 0.021954
    lstm_decoder: 0.011152
    multihead_attn: 0.001100
    output_layer: 0.108337
  VSN output std:
    encoder: 0.198478
  Attention entropy: 2.901992
  Saved to: experiments/01_staleness_features_fixed/sweep_stale_h18_drop0.20_lr3/collapse_monitoring/collapse_monitor_epoch63.json
Epoch 64: val_loss=0.39956051111221313
Epoch 64: train_loss=0.42098766565322876

[CollapseMonitor] Epoch 64
  [DEBUG] Processed 20 batches from val_dataloader
  [DEBUG] Predictions shape after concat: (1280,)
  [DEBUG] All predictions list length: 20
  [DEBUG] First batch shape: (64,)
  Pred std: 0.037079, range: 0.215103, mean: 0.052496
  Pos: 100.0%, Neg: 0.0%, Unique: 1255
  Saved validation predictions to: experiments/01_staleness_features_fixed/sweep_stale_h18_drop0.20_lr3/collapse_monitoring/val_predictions_epoch64.npy
  Gradient norms:
    lstm_encoder: 0.022408
    lstm_decoder: 0.010971
    multihead_attn: 0.001134
    output_layer: 0.101517
  VSN output std:
    encoder: 0.198164
  Attention entropy: 2.896124
  Saved to: experiments/01_staleness_features_fixed/sweep_stale_h18_drop0.20_lr3/collapse_monitoring/collapse_monitor_epoch64.json
Epoch 65: val_loss=0.4000623822212219
Epoch 65: train_loss=0.4204494059085846

[CollapseMonitor] Epoch 65
  [DEBUG] Processed 20 batches from val_dataloader
  [DEBUG] Predictions shape after concat: (1280,)
  [DEBUG] All predictions list length: 20
  [DEBUG] First batch shape: (64,)
  Pred std: 0.025349, range: 0.168994, mean: 0.040885
  Pos: 100.0%, Neg: 0.0%, Unique: 1255
  Saved validation predictions to: experiments/01_staleness_features_fixed/sweep_stale_h18_drop0.20_lr3/collapse_monitoring/val_predictions_epoch65.npy
  Gradient norms:
    lstm_encoder: 0.022702
    lstm_decoder: 0.010854
    multihead_attn: 0.001049
    output_layer: 0.111352
  VSN output std:
    encoder: 0.197559
  Attention entropy: 2.902129
  Saved to: experiments/01_staleness_features_fixed/sweep_stale_h18_drop0.20_lr3/collapse_monitoring/collapse_monitor_epoch65.json
Epoch 66: val_loss=0.3998367488384247
Epoch 66: train_loss=0.4209209084510803

[CollapseMonitor] Epoch 66
  [DEBUG] Processed 20 batches from val_dataloader
  [DEBUG] Predictions shape after concat: (1280,)
  [DEBUG] All predictions list length: 20
  [DEBUG] First batch shape: (64,)
  Pred std: 0.031738, range: 0.190482, mean: 0.048400
  Pos: 100.0%, Neg: 0.0%, Unique: 1256
  Saved validation predictions to: experiments/01_staleness_features_fixed/sweep_stale_h18_drop0.20_lr3/collapse_monitoring/val_predictions_epoch66.npy
  Gradient norms:
    lstm_encoder: 0.023397
    lstm_decoder: 0.011265
    multihead_attn: 0.001165
    output_layer: 0.113476
  VSN output std:
    encoder: 0.195878
  Attention entropy: 2.897679
  Saved to: experiments/01_staleness_features_fixed/sweep_stale_h18_drop0.20_lr3/collapse_monitoring/collapse_monitor_epoch66.json
Epoch 67: val_loss=0.3997568190097809
Epoch 67: train_loss=0.420160174369812

[CollapseMonitor] Epoch 67
  [DEBUG] Processed 20 batches from val_dataloader
  [DEBUG] Predictions shape after concat: (1280,)
  [DEBUG] All predictions list length: 20
  [DEBUG] First batch shape: (64,)
  Pred std: 0.030202, range: 0.194778, mean: 0.069954
  Pos: 100.0%, Neg: 0.0%, Unique: 1246
  Saved validation predictions to: experiments/01_staleness_features_fixed/sweep_stale_h18_drop0.20_lr3/collapse_monitoring/val_predictions_epoch67.npy
  Gradient norms:
    lstm_encoder: 0.021994
    lstm_decoder: 0.010350
    multihead_attn: 0.001118
    output_layer: 0.108772
  VSN output std:
    encoder: 0.194674
  Attention entropy: 2.894315
  Saved to: experiments/01_staleness_features_fixed/sweep_stale_h18_drop0.20_lr3/collapse_monitoring/collapse_monitor_epoch67.json
Epoch 68: val_loss=0.3995664715766907
Epoch 68: train_loss=0.41981565952301025

[CollapseMonitor] Epoch 68
  [DEBUG] Processed 20 batches from val_dataloader
  [DEBUG] Predictions shape after concat: (1280,)
  [DEBUG] All predictions list length: 20
  [DEBUG] First batch shape: (64,)
  Pred std: 0.031051, range: 0.199557, mean: 0.042090
  Pos: 100.0%, Neg: 0.0%, Unique: 1246
  Saved validation predictions to: experiments/01_staleness_features_fixed/sweep_stale_h18_drop0.20_lr3/collapse_monitoring/val_predictions_epoch68.npy
  Gradient norms:
    lstm_encoder: 0.024497
    lstm_decoder: 0.011507
    multihead_attn: 0.001159
    output_layer: 0.103865
  VSN output std:
    encoder: 0.195194
  Attention entropy: 2.892477
  Saved to: experiments/01_staleness_features_fixed/sweep_stale_h18_drop0.20_lr3/collapse_monitoring/collapse_monitor_epoch68.json
Epoch 69: val_loss=0.3991003632545471
Epoch 69: train_loss=0.42054179310798645

[CollapseMonitor] Epoch 69
  [DEBUG] Processed 20 batches from val_dataloader
  [DEBUG] Predictions shape after concat: (1280,)
  [DEBUG] All predictions list length: 20
  [DEBUG] First batch shape: (64,)
  Pred std: 0.034312, range: 0.208936, mean: 0.056121
  Pos: 100.0%, Neg: 0.0%, Unique: 1251
  Saved validation predictions to: experiments/01_staleness_features_fixed/sweep_stale_h18_drop0.20_lr3/collapse_monitoring/val_predictions_epoch69.npy
  Gradient norms:
    lstm_encoder: 0.024175
    lstm_decoder: 0.010881
    multihead_attn: 0.001159
    output_layer: 0.101565
  VSN output std:
    encoder: 0.194948
  Attention entropy: 2.896131
  Saved to: experiments/01_staleness_features_fixed/sweep_stale_h18_drop0.20_lr3/collapse_monitoring/collapse_monitor_epoch69.json
Epoch 70: val_loss=0.39925283193588257
Epoch 70: train_loss=0.41987815499305725

[CollapseMonitor] Epoch 70
  [DEBUG] Processed 20 batches from val_dataloader
  [DEBUG] Predictions shape after concat: (1280,)
  [DEBUG] All predictions list length: 20
  [DEBUG] First batch shape: (64,)
  Pred std: 0.033603, range: 0.206162, mean: 0.068899
  Pos: 100.0%, Neg: 0.0%, Unique: 1255
  Saved validation predictions to: experiments/01_staleness_features_fixed/sweep_stale_h18_drop0.20_lr3/collapse_monitoring/val_predictions_epoch70.npy
  Gradient norms:
    lstm_encoder: 0.024599
    lstm_decoder: 0.010928
    multihead_attn: 0.001146
    output_layer: 0.101878
  VSN output std:
    encoder: 0.193960
  Attention entropy: 2.899004
  Saved to: experiments/01_staleness_features_fixed/sweep_stale_h18_drop0.20_lr3/collapse_monitoring/collapse_monitor_epoch70.json
Epoch 71: val_loss=0.4000261723995209
Epoch 71: train_loss=0.41855260729789734

[CollapseMonitor] Epoch 71
  [DEBUG] Processed 20 batches from val_dataloader
  [DEBUG] Predictions shape after concat: (1280,)
  [DEBUG] All predictions list length: 20
  [DEBUG] First batch shape: (64,)
  Pred std: 0.035592, range: 0.226377, mean: 0.037016
  Pos: 99.4%, Neg: 0.6%, Unique: 1260
  Saved validation predictions to: experiments/01_staleness_features_fixed/sweep_stale_h18_drop0.20_lr3/collapse_monitoring/val_predictions_epoch71.npy
  Gradient norms:
    lstm_encoder: 0.024803
    lstm_decoder: 0.011290
    multihead_attn: 0.001078
    output_layer: 0.104844
  VSN output std:
    encoder: 0.194397
  Attention entropy: 2.894061
  Saved to: experiments/01_staleness_features_fixed/sweep_stale_h18_drop0.20_lr3/collapse_monitoring/collapse_monitor_epoch71.json
Epoch 72: val_loss=0.39912086725234985
Epoch 72: train_loss=0.4203037917613983

[CollapseMonitor] Epoch 72
  [DEBUG] Processed 20 batches from val_dataloader
  [DEBUG] Predictions shape after concat: (1280,)
  [DEBUG] All predictions list length: 20
  [DEBUG] First batch shape: (64,)
  Pred std: 0.037321, range: 0.221164, mean: 0.057405
  Pos: 100.0%, Neg: 0.0%, Unique: 1262
  Saved validation predictions to: experiments/01_staleness_features_fixed/sweep_stale_h18_drop0.20_lr3/collapse_monitoring/val_predictions_epoch72.npy
  Gradient norms:
    lstm_encoder: 0.027245
    lstm_decoder: 0.012314
    multihead_attn: 0.001121
    output_layer: 0.097137
  VSN output std:
    encoder: 0.196119
  Attention entropy: 2.898228
  Saved to: experiments/01_staleness_features_fixed/sweep_stale_h18_drop0.20_lr3/collapse_monitoring/collapse_monitor_epoch72.json
Epoch 73: val_loss=0.39885464310646057
Epoch 73: train_loss=0.42027977108955383

[CollapseMonitor] Epoch 73
  [DEBUG] Processed 20 batches from val_dataloader
  [DEBUG] Predictions shape after concat: (1280,)
  [DEBUG] All predictions list length: 20
  [DEBUG] First batch shape: (64,)
  Pred std: 0.033938, range: 0.212172, mean: 0.039008
  Pos: 99.4%, Neg: 0.6%, Unique: 1259
  Saved validation predictions to: experiments/01_staleness_features_fixed/sweep_stale_h18_drop0.20_lr3/collapse_monitoring/val_predictions_epoch73.npy
  Gradient norms:
    lstm_encoder: 0.028933
    lstm_decoder: 0.013004
    multihead_attn: 0.001153
    output_layer: 0.108146
  VSN output std:
    encoder: 0.195302
  Attention entropy: 2.896051
  Saved to: experiments/01_staleness_features_fixed/sweep_stale_h18_drop0.20_lr3/collapse_monitoring/collapse_monitor_epoch73.json
Epoch 74: val_loss=0.3993733525276184
Epoch 74: train_loss=0.419498085975647

[CollapseMonitor] Epoch 74
  [DEBUG] Processed 20 batches from val_dataloader
  [DEBUG] Predictions shape after concat: (1280,)
  [DEBUG] All predictions list length: 20
  [DEBUG] First batch shape: (64,)
  Pred std: 0.035001, range: 0.212335, mean: 0.052882
  Pos: 100.0%, Neg: 0.0%, Unique: 1245
  Saved validation predictions to: experiments/01_staleness_features_fixed/sweep_stale_h18_drop0.20_lr3/collapse_monitoring/val_predictions_epoch74.npy
  Gradient norms:
    lstm_encoder: 0.027415
    lstm_decoder: 0.011659
    multihead_attn: 0.001091
    output_layer: 0.105943
  VSN output std:
    encoder: 0.195614
  Attention entropy: 2.897045
  Saved to: experiments/01_staleness_features_fixed/sweep_stale_h18_drop0.20_lr3/collapse_monitoring/collapse_monitor_epoch74.json
Epoch 75: val_loss=0.3981565833091736
Epoch 75: train_loss=0.420015424489975

[CollapseMonitor] Epoch 75
  [DEBUG] Processed 20 batches from val_dataloader
  [DEBUG] Predictions shape after concat: (1280,)
  [DEBUG] All predictions list length: 20
  [DEBUG] First batch shape: (64,)
  Pred std: 0.032812, range: 0.182292, mean: 0.082817
  Pos: 100.0%, Neg: 0.0%, Unique: 1257
  Saved validation predictions to: experiments/01_staleness_features_fixed/sweep_stale_h18_drop0.20_lr3/collapse_monitoring/val_predictions_epoch75.npy
  Gradient norms:
    lstm_encoder: 0.026173
    lstm_decoder: 0.010882
    multihead_attn: 0.001108
    output_layer: 0.105141
  VSN output std:
    encoder: 0.198032
  Attention entropy: 2.888382
  Saved to: experiments/01_staleness_features_fixed/sweep_stale_h18_drop0.20_lr3/collapse_monitoring/collapse_monitor_epoch75.json
Epoch 76: val_loss=0.39844459295272827
Epoch 76: train_loss=0.41973158717155457

[CollapseMonitor] Epoch 76
  [DEBUG] Processed 20 batches from val_dataloader
  [DEBUG] Predictions shape after concat: (1280,)
  [DEBUG] All predictions list length: 20
  [DEBUG] First batch shape: (64,)
  Pred std: 0.035249, range: 0.198390, mean: 0.059414
  Pos: 100.0%, Neg: 0.0%, Unique: 1253
  Saved validation predictions to: experiments/01_staleness_features_fixed/sweep_stale_h18_drop0.20_lr3/collapse_monitoring/val_predictions_epoch76.npy
  Gradient norms:
    lstm_encoder: 0.027730
    lstm_decoder: 0.011706
    multihead_attn: 0.001050
    output_layer: 0.102341
  VSN output std:
    encoder: 0.196268
  Attention entropy: 2.896108
  Saved to: experiments/01_staleness_features_fixed/sweep_stale_h18_drop0.20_lr3/collapse_monitoring/collapse_monitor_epoch76.json
Epoch 77: val_loss=0.39799779653549194
Epoch 77: train_loss=0.41944563388824463

[CollapseMonitor] Epoch 77
  [DEBUG] Processed 20 batches from val_dataloader
  [DEBUG] Predictions shape after concat: (1280,)
  [DEBUG] All predictions list length: 20
  [DEBUG] First batch shape: (64,)
  Pred std: 0.041505, range: 0.227750, mean: 0.047992
  Pos: 100.0%, Neg: 0.0%, Unique: 1260
  Saved validation predictions to: experiments/01_staleness_features_fixed/sweep_stale_h18_drop0.20_lr3/collapse_monitoring/val_predictions_epoch77.npy
  Gradient norms:
    lstm_encoder: 0.028001
    lstm_decoder: 0.011499
    multihead_attn: 0.000972
    output_layer: 0.097362
  VSN output std:
    encoder: 0.198173
  Attention entropy: 2.883797
  Saved to: experiments/01_staleness_features_fixed/sweep_stale_h18_drop0.20_lr3/collapse_monitoring/collapse_monitor_epoch77.json
Epoch 78: val_loss=0.39816445112228394
Epoch 78: train_loss=0.4197770059108734

[CollapseMonitor] Epoch 78
  [DEBUG] Processed 20 batches from val_dataloader
  [DEBUG] Predictions shape after concat: (1280,)
  [DEBUG] All predictions list length: 20
  [DEBUG] First batch shape: (64,)
  Pred std: 0.039972, range: 0.219066, mean: 0.058154
  Pos: 100.0%, Neg: 0.0%, Unique: 1255
  Saved validation predictions to: experiments/01_staleness_features_fixed/sweep_stale_h18_drop0.20_lr3/collapse_monitoring/val_predictions_epoch78.npy
  Gradient norms:
    lstm_encoder: 0.026181
    lstm_decoder: 0.010996
    multihead_attn: 0.000995
    output_layer: 0.101391
  VSN output std:
    encoder: 0.197323
  Attention entropy: 2.890193
  Saved to: experiments/01_staleness_features_fixed/sweep_stale_h18_drop0.20_lr3/collapse_monitoring/collapse_monitor_epoch78.json
Epoch 79: val_loss=0.3977845311164856
Epoch 79: train_loss=0.41970428824424744

[CollapseMonitor] Epoch 79
  [DEBUG] Processed 20 batches from val_dataloader
  [DEBUG] Predictions shape after concat: (1280,)
  [DEBUG] All predictions list length: 20
  [DEBUG] First batch shape: (64,)
  Pred std: 0.040386, range: 0.226738, mean: 0.059467
  Pos: 100.0%, Neg: 0.0%, Unique: 1261
  Saved validation predictions to: experiments/01_staleness_features_fixed/sweep_stale_h18_drop0.20_lr3/collapse_monitoring/val_predictions_epoch79.npy
  Gradient norms:
    lstm_encoder: 0.030472
    lstm_decoder: 0.012858
    multihead_attn: 0.001104
    output_layer: 0.104992
  VSN output std:
    encoder: 0.197572
  Attention entropy: 2.891312
  Saved to: experiments/01_staleness_features_fixed/sweep_stale_h18_drop0.20_lr3/collapse_monitoring/collapse_monitor_epoch79.json
Epoch 80: val_loss=0.3981132209300995
Epoch 80: train_loss=0.41952279210090637

[CollapseMonitor] Epoch 80
  [DEBUG] Processed 20 batches from val_dataloader
  [DEBUG] Predictions shape after concat: (1280,)
  [DEBUG] All predictions list length: 20
  [DEBUG] First batch shape: (64,)
  Pred std: 0.044562, range: 0.251818, mean: 0.082985
  Pos: 100.0%, Neg: 0.0%, Unique: 1261
  Saved validation predictions to: experiments/01_staleness_features_fixed/sweep_stale_h18_drop0.20_lr3/collapse_monitoring/val_predictions_epoch80.npy
  Gradient norms:
    lstm_encoder: 0.029705
    lstm_decoder: 0.012546
    multihead_attn: 0.001081
    output_layer: 0.102211
  VSN output std:
    encoder: 0.195952
  Attention entropy: 2.889766
  Saved to: experiments/01_staleness_features_fixed/sweep_stale_h18_drop0.20_lr3/collapse_monitoring/collapse_monitor_epoch80.json
Epoch 81: val_loss=0.3977384567260742
Epoch 81: train_loss=0.42062535881996155

[CollapseMonitor] Epoch 81
  [DEBUG] Processed 20 batches from val_dataloader
  [DEBUG] Predictions shape after concat: (1280,)
  [DEBUG] All predictions list length: 20
  [DEBUG] First batch shape: (64,)
  Pred std: 0.041990, range: 0.239778, mean: 0.051614
  Pos: 100.0%, Neg: 0.0%, Unique: 1263
  Saved validation predictions to: experiments/01_staleness_features_fixed/sweep_stale_h18_drop0.20_lr3/collapse_monitoring/val_predictions_epoch81.npy
  Gradient norms:
    lstm_encoder: 0.029996
    lstm_decoder: 0.012221
    multihead_attn: 0.001015
    output_layer: 0.100516
  VSN output std:
    encoder: 0.195251
  Attention entropy: 2.887784
  Saved to: experiments/01_staleness_features_fixed/sweep_stale_h18_drop0.20_lr3/collapse_monitoring/collapse_monitor_epoch81.json
Epoch 82: val_loss=0.3973466157913208
Epoch 82: train_loss=0.41890984773635864

[CollapseMonitor] Epoch 82
  [DEBUG] Processed 20 batches from val_dataloader
  [DEBUG] Predictions shape after concat: (1280,)
  [DEBUG] All predictions list length: 20
  [DEBUG] First batch shape: (64,)
  Pred std: 0.038166, range: 0.210937, mean: 0.060995
  Pos: 100.0%, Neg: 0.0%, Unique: 1258
  Saved validation predictions to: experiments/01_staleness_features_fixed/sweep_stale_h18_drop0.20_lr3/collapse_monitoring/val_predictions_epoch82.npy
  Gradient norms:
    lstm_encoder: 0.028000
    lstm_decoder: 0.012207
    multihead_attn: 0.000946
    output_layer: 0.106979
  VSN output std:
    encoder: 0.195383
  Attention entropy: 2.893766
  Saved to: experiments/01_staleness_features_fixed/sweep_stale_h18_drop0.20_lr3/collapse_monitoring/collapse_monitor_epoch82.json
Epoch 83: val_loss=0.39763858914375305
Epoch 83: train_loss=0.4190753400325775

[CollapseMonitor] Epoch 83
  [DEBUG] Processed 20 batches from val_dataloader
  [DEBUG] Predictions shape after concat: (1280,)
  [DEBUG] All predictions list length: 20
  [DEBUG] First batch shape: (64,)
  Pred std: 0.036767, range: 0.211067, mean: 0.037455
  Pos: 98.4%, Neg: 1.6%, Unique: 1258
  Saved validation predictions to: experiments/01_staleness_features_fixed/sweep_stale_h18_drop0.20_lr3/collapse_monitoring/val_predictions_epoch83.npy
  Gradient norms:
    lstm_encoder: 0.027820
    lstm_decoder: 0.011431
    multihead_attn: 0.000984
    output_layer: 0.096032
  VSN output std:
    encoder: 0.196493
  Attention entropy: 2.885908
  Saved to: experiments/01_staleness_features_fixed/sweep_stale_h18_drop0.20_lr3/collapse_monitoring/collapse_monitor_epoch83.json
Epoch 84: val_loss=0.3972840905189514
Epoch 84: train_loss=0.4195807874202728

[CollapseMonitor] Epoch 84
  [DEBUG] Processed 20 batches from val_dataloader
  [DEBUG] Predictions shape after concat: (1280,)
  [DEBUG] All predictions list length: 20
  [DEBUG] First batch shape: (64,)
  Pred std: 0.033093, range: 0.180109, mean: 0.077287
  Pos: 100.0%, Neg: 0.0%, Unique: 1249
  Saved validation predictions to: experiments/01_staleness_features_fixed/sweep_stale_h18_drop0.20_lr3/collapse_monitoring/val_predictions_epoch84.npy
  Gradient norms:
    lstm_encoder: 0.030150
    lstm_decoder: 0.012565
    multihead_attn: 0.000994
    output_layer: 0.102843
  VSN output std:
    encoder: 0.195957
  Attention entropy: 2.880855
  Saved to: experiments/01_staleness_features_fixed/sweep_stale_h18_drop0.20_lr3/collapse_monitoring/collapse_monitor_epoch84.json
Epoch 85: val_loss=0.3969140946865082
Epoch 85: train_loss=0.4196368157863617

[CollapseMonitor] Epoch 85
  [DEBUG] Processed 20 batches from val_dataloader
  [DEBUG] Predictions shape after concat: (1280,)
  [DEBUG] All predictions list length: 20
  [DEBUG] First batch shape: (64,)
  Pred std: 0.035288, range: 0.200552, mean: 0.048412
  Pos: 99.9%, Neg: 0.1%, Unique: 1253
  Saved validation predictions to: experiments/01_staleness_features_fixed/sweep_stale_h18_drop0.20_lr3/collapse_monitoring/val_predictions_epoch85.npy
  Gradient norms:
    lstm_encoder: 0.031546
    lstm_decoder: 0.012898
    multihead_attn: 0.001044
    output_layer: 0.094098
  VSN output std:
    encoder: 0.196688
  Attention entropy: 2.878424
  Saved to: experiments/01_staleness_features_fixed/sweep_stale_h18_drop0.20_lr3/collapse_monitoring/collapse_monitor_epoch85.json
Epoch 86: val_loss=0.3969750702381134
Epoch 86: train_loss=0.4181988537311554

[CollapseMonitor] Epoch 86
  [DEBUG] Processed 20 batches from val_dataloader
  [DEBUG] Predictions shape after concat: (1280,)
  [DEBUG] All predictions list length: 20
  [DEBUG] First batch shape: (64,)
  Pred std: 0.035292, range: 0.195804, mean: 0.062434
  Pos: 100.0%, Neg: 0.0%, Unique: 1256
  Saved validation predictions to: experiments/01_staleness_features_fixed/sweep_stale_h18_drop0.20_lr3/collapse_monitoring/val_predictions_epoch86.npy
  Gradient norms:
    lstm_encoder: 0.030199
    lstm_decoder: 0.012068
    multihead_attn: 0.001052
    output_layer: 0.099634
  VSN output std:
    encoder: 0.194088
  Attention entropy: 2.880768
  Saved to: experiments/01_staleness_features_fixed/sweep_stale_h18_drop0.20_lr3/collapse_monitoring/collapse_monitor_epoch86.json
Epoch 87: val_loss=0.39705508947372437
Epoch 87: train_loss=0.41968202590942383

[CollapseMonitor] Epoch 87
  [DEBUG] Processed 20 batches from val_dataloader
  [DEBUG] Predictions shape after concat: (1280,)
  [DEBUG] All predictions list length: 20
  [DEBUG] First batch shape: (64,)
  Pred std: 0.042282, range: 0.236784, mean: 0.060343
  Pos: 100.0%, Neg: 0.0%, Unique: 1254
  Saved validation predictions to: experiments/01_staleness_features_fixed/sweep_stale_h18_drop0.20_lr3/collapse_monitoring/val_predictions_epoch87.npy
  Gradient norms:
    lstm_encoder: 0.030418
    lstm_decoder: 0.012215
    multihead_attn: 0.001041
    output_layer: 0.097951
  VSN output std:
    encoder: 0.195778
  Attention entropy: 2.888729
  Saved to: experiments/01_staleness_features_fixed/sweep_stale_h18_drop0.20_lr3/collapse_monitoring/collapse_monitor_epoch87.json
Epoch 88: val_loss=0.3970465064048767
Epoch 88: train_loss=0.4194670021533966

[CollapseMonitor] Epoch 88
  [DEBUG] Processed 20 batches from val_dataloader
  [DEBUG] Predictions shape after concat: (1280,)
  [DEBUG] All predictions list length: 20
  [DEBUG] First batch shape: (64,)
  Pred std: 0.048203, range: 0.270427, mean: 0.068777
  Pos: 100.0%, Neg: 0.0%, Unique: 1256
  Saved validation predictions to: experiments/01_staleness_features_fixed/sweep_stale_h18_drop0.20_lr3/collapse_monitoring/val_predictions_epoch88.npy
  Gradient norms:
    lstm_encoder: 0.030961
    lstm_decoder: 0.012909
    multihead_attn: 0.001090
    output_layer: 0.099652
  VSN output std:
    encoder: 0.198725
  Attention entropy: 2.887243
  Saved to: experiments/01_staleness_features_fixed/sweep_stale_h18_drop0.20_lr3/collapse_monitoring/collapse_monitor_epoch88.json
Epoch 89: val_loss=0.3967541456222534
Epoch 89: train_loss=0.4192390441894531

[CollapseMonitor] Epoch 89
  [DEBUG] Processed 20 batches from val_dataloader
  [DEBUG] Predictions shape after concat: (1280,)
  [DEBUG] All predictions list length: 20
  [DEBUG] First batch shape: (64,)
  Pred std: 0.048300, range: 0.273293, mean: 0.071272
  Pos: 100.0%, Neg: 0.0%, Unique: 1265
  Saved validation predictions to: experiments/01_staleness_features_fixed/sweep_stale_h18_drop0.20_lr3/collapse_monitoring/val_predictions_epoch89.npy
  Gradient norms:
    lstm_encoder: 0.030614
    lstm_decoder: 0.012713
    multihead_attn: 0.001055
    output_layer: 0.100830
  VSN output std:
    encoder: 0.197447
  Attention entropy: 2.889619
  Saved to: experiments/01_staleness_features_fixed/sweep_stale_h18_drop0.20_lr3/collapse_monitoring/collapse_monitor_epoch89.json
Epoch 90: val_loss=0.39639532566070557
Epoch 90: train_loss=0.41975775361061096

[CollapseMonitor] Epoch 90
  [DEBUG] Processed 20 batches from val_dataloader
  [DEBUG] Predictions shape after concat: (1280,)
  [DEBUG] All predictions list length: 20
  [DEBUG] First batch shape: (64,)
  Pred std: 0.054465, range: 0.305925, mean: 0.030794
  Pos: 92.7%, Neg: 7.3%, Unique: 1264
  Saved validation predictions to: experiments/01_staleness_features_fixed/sweep_stale_h18_drop0.20_lr3/collapse_monitoring/val_predictions_epoch90.npy
  Gradient norms:
    lstm_encoder: 0.031824
    lstm_decoder: 0.013467
    multihead_attn: 0.001041
    output_layer: 0.104805
  VSN output std:
    encoder: 0.198070
  Attention entropy: 2.880445
  Saved to: experiments/01_staleness_features_fixed/sweep_stale_h18_drop0.20_lr3/collapse_monitoring/collapse_monitor_epoch90.json
Epoch 91: val_loss=0.39666232466697693
Epoch 91: train_loss=0.419279009103775

[CollapseMonitor] Epoch 91
  [DEBUG] Processed 20 batches from val_dataloader
  [DEBUG] Predictions shape after concat: (1280,)
  [DEBUG] All predictions list length: 20
  [DEBUG] First batch shape: (64,)
  Pred std: 0.046188, range: 0.254749, mean: 0.068175
  Pos: 100.0%, Neg: 0.0%, Unique: 1257
  Saved validation predictions to: experiments/01_staleness_features_fixed/sweep_stale_h18_drop0.20_lr3/collapse_monitoring/val_predictions_epoch91.npy
  Gradient norms:
    lstm_encoder: 0.032637
    lstm_decoder: 0.013418
    multihead_attn: 0.001102
    output_layer: 0.107260
  VSN output std:
    encoder: 0.197386
  Attention entropy: 2.880166
  Saved to: experiments/01_staleness_features_fixed/sweep_stale_h18_drop0.20_lr3/collapse_monitoring/collapse_monitor_epoch91.json
Epoch 92: val_loss=0.3959396481513977
Epoch 92: train_loss=0.41839614510536194

[CollapseMonitor] Epoch 92
  [DEBUG] Processed 20 batches from val_dataloader
  [DEBUG] Predictions shape after concat: (1280,)
  [DEBUG] All predictions list length: 20
  [DEBUG] First batch shape: (64,)
  Pred std: 0.045642, range: 0.247418, mean: 0.046039
  Pos: 99.1%, Neg: 0.9%, Unique: 1265
  Saved validation predictions to: experiments/01_staleness_features_fixed/sweep_stale_h18_drop0.20_lr3/collapse_monitoring/val_predictions_epoch92.npy
  Gradient norms:
    lstm_encoder: 0.032781
    lstm_decoder: 0.012831
    multihead_attn: 0.001130
    output_layer: 0.102884
  VSN output std:
    encoder: 0.196567
  Attention entropy: 2.875950
  Saved to: experiments/01_staleness_features_fixed/sweep_stale_h18_drop0.20_lr3/collapse_monitoring/collapse_monitor_epoch92.json
Epoch 93: val_loss=0.39726245403289795
Epoch 93: train_loss=0.41869398951530457

[CollapseMonitor] Epoch 93
  [DEBUG] Processed 20 batches from val_dataloader
  [DEBUG] Predictions shape after concat: (1280,)
  [DEBUG] All predictions list length: 20
  [DEBUG] First batch shape: (64,)
  Pred std: 0.046353, range: 0.261277, mean: 0.069393
  Pos: 100.0%, Neg: 0.0%, Unique: 1262
  Saved validation predictions to: experiments/01_staleness_features_fixed/sweep_stale_h18_drop0.20_lr3/collapse_monitoring/val_predictions_epoch93.npy
  Gradient norms:
    lstm_encoder: 0.033512
    lstm_decoder: 0.013614
    multihead_attn: 0.001081
    output_layer: 0.106671
  VSN output std:
    encoder: 0.196995
  Attention entropy: 2.886174
  Saved to: experiments/01_staleness_features_fixed/sweep_stale_h18_drop0.20_lr3/collapse_monitoring/collapse_monitor_epoch93.json
Epoch 94: val_loss=0.3961295187473297
Epoch 94: train_loss=0.4189797639846802

[CollapseMonitor] Epoch 94
  [DEBUG] Processed 20 batches from val_dataloader
  [DEBUG] Predictions shape after concat: (1280,)
  [DEBUG] All predictions list length: 20
  [DEBUG] First batch shape: (64,)
  Pred std: 0.040327, range: 0.237404, mean: 0.055215
  Pos: 99.5%, Neg: 0.5%, Unique: 1253
  Saved validation predictions to: experiments/01_staleness_features_fixed/sweep_stale_h18_drop0.20_lr3/collapse_monitoring/val_predictions_epoch94.npy
  Gradient norms:
    lstm_encoder: 0.030283
    lstm_decoder: 0.012367
    multihead_attn: 0.000986
    output_layer: 0.102432
  VSN output std:
    encoder: 0.197218
  Attention entropy: 2.879041
  Saved to: experiments/01_staleness_features_fixed/sweep_stale_h18_drop0.20_lr3/collapse_monitoring/collapse_monitor_epoch94.json
Epoch 95: val_loss=0.3961034417152405
Epoch 95: train_loss=0.41875091195106506

[CollapseMonitor] Epoch 95
  [DEBUG] Processed 20 batches from val_dataloader
  [DEBUG] Predictions shape after concat: (1280,)
  [DEBUG] All predictions list length: 20
  [DEBUG] First batch shape: (64,)
  Pred std: 0.039925, range: 0.242338, mean: 0.053224
  Pos: 99.4%, Neg: 0.6%, Unique: 1265
  Saved validation predictions to: experiments/01_staleness_features_fixed/sweep_stale_h18_drop0.20_lr3/collapse_monitoring/val_predictions_epoch95.npy
  Gradient norms:
    lstm_encoder: 0.031785
    lstm_decoder: 0.012795
    multihead_attn: 0.000959
    output_layer: 0.100595
  VSN output std:
    encoder: 0.196117
  Attention entropy: 2.885653
  Saved to: experiments/01_staleness_features_fixed/sweep_stale_h18_drop0.20_lr3/collapse_monitoring/collapse_monitor_epoch95.json
Epoch 96: val_loss=0.39540013670921326
Epoch 96: train_loss=0.41900119185447693

[CollapseMonitor] Epoch 96
  [DEBUG] Processed 20 batches from val_dataloader
  [DEBUG] Predictions shape after concat: (1280,)
  [DEBUG] All predictions list length: 20
  [DEBUG] First batch shape: (64,)
  Pred std: 0.048348, range: 0.270646, mean: 0.054595
  Pos: 99.1%, Neg: 0.9%, Unique: 1263
  Saved validation predictions to: experiments/01_staleness_features_fixed/sweep_stale_h18_drop0.20_lr3/collapse_monitoring/val_predictions_epoch96.npy
  Gradient norms:
    lstm_encoder: 0.036058
    lstm_decoder: 0.014548
    multihead_attn: 0.000912
    output_layer: 0.102747
  VSN output std:
    encoder: 0.195934
  Attention entropy: 2.879626
  Saved to: experiments/01_staleness_features_fixed/sweep_stale_h18_drop0.20_lr3/collapse_monitoring/collapse_monitor_epoch96.json
Epoch 97: val_loss=0.39595726132392883
Epoch 97: train_loss=0.4189009964466095

[CollapseMonitor] Epoch 97
  [DEBUG] Processed 20 batches from val_dataloader
  [DEBUG] Predictions shape after concat: (1280,)
  [DEBUG] All predictions list length: 20
  [DEBUG] First batch shape: (64,)
  Pred std: 0.043268, range: 0.252495, mean: 0.060104
  Pos: 100.0%, Neg: 0.0%, Unique: 1255
  Saved validation predictions to: experiments/01_staleness_features_fixed/sweep_stale_h18_drop0.20_lr3/collapse_monitoring/val_predictions_epoch97.npy
  Gradient norms:
    lstm_encoder: 0.034628
    lstm_decoder: 0.013864
    multihead_attn: 0.001030
    output_layer: 0.109580
  VSN output std:
    encoder: 0.196354
  Attention entropy: 2.885023
  Saved to: experiments/01_staleness_features_fixed/sweep_stale_h18_drop0.20_lr3/collapse_monitoring/collapse_monitor_epoch97.json
Epoch 98: val_loss=0.39544159173965454
Epoch 98: train_loss=0.41896969079971313

[CollapseMonitor] Epoch 98
  [DEBUG] Processed 20 batches from val_dataloader
  [DEBUG] Predictions shape after concat: (1280,)
  [DEBUG] All predictions list length: 20
  [DEBUG] First batch shape: (64,)
  Pred std: 0.042403, range: 0.246613, mean: 0.058968
  Pos: 99.8%, Neg: 0.2%, Unique: 1257
  Saved validation predictions to: experiments/01_staleness_features_fixed/sweep_stale_h18_drop0.20_lr3/collapse_monitoring/val_predictions_epoch98.npy
  Gradient norms:
    lstm_encoder: 0.035529
    lstm_decoder: 0.014315
    multihead_attn: 0.000940
    output_layer: 0.107532
  VSN output std:
    encoder: 0.197867
  Attention entropy: 2.883261
  Saved to: experiments/01_staleness_features_fixed/sweep_stale_h18_drop0.20_lr3/collapse_monitoring/collapse_monitor_epoch98.json
Epoch 99: val_loss=0.39591795206069946
Epoch 99: train_loss=0.4191541075706482

[CollapseMonitor] Epoch 99
  [DEBUG] Processed 20 batches from val_dataloader
  [DEBUG] Predictions shape after concat: (1280,)
  [DEBUG] All predictions list length: 20
  [DEBUG] First batch shape: (64,)
  Pred std: 0.044163, range: 0.257982, mean: 0.053691
  Pos: 99.1%, Neg: 0.9%, Unique: 1258
  Saved validation predictions to: experiments/01_staleness_features_fixed/sweep_stale_h18_drop0.20_lr3/collapse_monitoring/val_predictions_epoch99.npy
  Gradient norms:
    lstm_encoder: 0.035540
    lstm_decoder: 0.014550
    multihead_attn: 0.000948
    output_layer: 0.105051
  VSN output std:
    encoder: 0.198082
  Attention entropy: 2.890342
  Saved to: experiments/01_staleness_features_fixed/sweep_stale_h18_drop0.20_lr3/collapse_monitoring/collapse_monitor_epoch99.json


======================================================================
Training complete
======================================================================

Best model checkpoint: experiments/01_staleness_features_fixed/sweep_stale_h18_drop0.20_lr3/checkpoints/tft-epoch=96-val_loss=0.3954.ckpt
Best validation loss: 0.395400
Completed at: 2025-10-30 01:30:47
Log saved to: experiments/01_staleness_features_fixed/sweep_stale_h18_drop0.20_lr3/training_20251030_001857.log
======================================================================
