
[INFO] Using AUTO device selection.

[INFO] Patched matplotlib.Axes.errorbar to abs() negative yerr for robustness.
======================================================================
Training TFT: 05a_regime_output/learn2r_d010_lb2_mlp
======================================================================
Logging to: experiments/05a_regime_output/learn2r_d010_lb2_mlp/training_20251127_202558.log
Started at: 2025-11-27 20:25:58
======================================================================
Configuration saved to: experiments/05a_regime_output/learn2r_d010_lb2_mlp/config.json

Loading data splits...
Train: 6074 samples
Val: 1302 samples
Test: 1302 samples

Preparing TimeSeriesDataSet...

Dropping source columns (used for staleness only): ['CPI']

Final features for TFT: ['SP500_Returns', 'VIX', 'Treasury_10Y', 'Yield_Spread', 'Inflation_YoY']

======================================================================
FEATURE STATISTICS - BEFORE NORMALIZATION
======================================================================
VIX                             mean= 19.7438  std=  8.0295  min=  9.3100  max= 80.8600
Treasury_10Y                    mean=  4.7672  std=  1.6903  min=  1.4300  max=  8.3600
Yield_Spread                    mean=  1.2778  std=  0.9179  min= -0.5200  max=  2.9100
Inflation_YoY                   mean=  2.5322  std=  1.1865  min= -2.1498  max=  6.7300

======================================================================
FEATURES AFTER GROUPNORMALIZER (first batch, last timestep)
======================================================================
VIX                             normalized_value=  1.0000
Treasury_10Y                    normalized_value= -0.0500
Yield_Spread                    normalized_value=  0.0817
Inflation_YoY                   normalized_value=  0.8774
======================================================================

[DEBUG] VIX train values: [28.95 30.38 33.3  31.33 32.63]
[DEBUG] VIX val values: [14.31 15.15 15.13 12.86 13.85]
Batches per epoch: 94
[DEBUG] Validation batches: 21
[DEBUG] Validation dataset size: 1282
[DEBUG] Batch size: 64

Initializing model...

Using standard QuantileLoss (no penalties)

[REGIME OUTPUT] Replaced output layer:
  Mode: learned
  Strategy: learned
  Experts: 2 x MLP(16)
  Training routing: soft
  Load balance weight: 2.0
  Parameters: {'total': 816, 'experts': 782, 'router': 34, 'expert_type': 'mlp', 'expert_hidden_size': 16}

[REGIME OUTPUT] Enabled with 2 regimes, mode=learned, strategy=learned, training=soft

================================================================================
BASELINE MODEL FEATURE CONFIGURATION (after from_dataset)
================================================================================
tft.hparams.time_varying_reals_encoder: ['relative_time_idx', 'VIX', 'Treasury_10Y', 'Yield_Spread', 'Inflation_YoY']
  Count: 5

tft.hparams.time_varying_reals_decoder: ['relative_time_idx']
  Count: 1

tft.hparams.x_reals (all reals passed to model): ['encoder_length', 'relative_time_idx', 'VIX', 'Treasury_10Y', 'Yield_Spread', 'Inflation_YoY']
  Count: 6

Encoder VSN configuration:
  num_inputs: 5
  input_sizes: {'relative_time_idx': 16, 'VIX': 16, 'Treasury_10Y': 16, 'Yield_Spread': 16, 'Inflation_YoY': 16}
  flattened_grn.fc1: in_features=80, out_features=5
  -> Params in fc1: 400 (should be 5*16*5=400 if 5 features)
================================================================================

Model parameters: 23,312

Starting training...
Checkpoints will be saved to: experiments/05a_regime_output/learn2r_d010_lb2_mlp/checkpoints/
Logs will be saved to: experiments/05a_regime_output/learn2r_d010_lb2_mlp/logs/

[DEBUG CollapseMonitor] on_validation_epoch_start called for epoch 0
[DEBUG CollapseMonitor] reset_temporal_state() called on loss function
Epoch 0: val_loss=N/A
[DEBUG CollapseMonitor] on_validation_epoch_start called for epoch 0
[DEBUG CollapseMonitor] reset_temporal_state() called on loss function
Epoch 0: val_loss=0.694611132144928
Epoch 0: train_loss=0.7717610597610474

[CollapseMonitor] Epoch 0
  [DEBUG] Processed 21 batches from val_dataloader
  [DEBUG] Predictions shape after concat: (1282,)
  [DEBUG] All predictions list length: 21
  [DEBUG] First batch shape: (64,)
  Pred std: 0.010708, range: 0.045012, mean: 0.017688
  Pos: 95.7%, Neg: 4.3%, Unique: 1251
  Collapse penalty: 0.000000 (threshold: 0.005000)
  Saved validation predictions to: experiments/05a_regime_output/learn2r_d010_lb2_mlp/collapse_monitoring/val_predictions_epoch0.npy
  Gradient norms:
    lstm_encoder: 0.005056
    lstm_decoder: 0.005437
    output_layer: 0.118246
  VSN output std:
    encoder: 0.157716
  Attention entropy: 2.991268
  Regime diagnostics:
    Routing entropy: 0.6931 (normalized: 1.0000)
    Dominant regime: 100.0%
    Regime assignments: 0=0.0%, 1=100.0%
    Avg routing weights: R0=0.4976, R1=0.5024
    Expert 0: std=0.023208, mean=0.001344
      WARNING: Expert 0 collapsed (std < 0.05)
    Expert 1: std=0.017494, mean=-0.046267
      WARNING: Expert 1 collapsed (std < 0.05)
    VIX correlation (regime_1): 0.160
  Expert weight divergence (0 vs 1): diff=3.2077, cosine=0.0213
    INFO: Good expert divergence (cosine < 0.5) - experts learning different functions
  Saved to: experiments/05a_regime_output/learn2r_d010_lb2_mlp/collapse_monitoring/collapse_monitor_epoch0.json
[DEBUG CollapseMonitor] on_validation_epoch_start called for epoch 1
[DEBUG CollapseMonitor] reset_temporal_state() called on loss function
Epoch 1: val_loss=0.6454043984413147
Epoch 1: train_loss=0.7255476117134094

[CollapseMonitor] Epoch 1
  [DEBUG] Processed 21 batches from val_dataloader
  [DEBUG] Predictions shape after concat: (1282,)
  [DEBUG] All predictions list length: 21
  [DEBUG] First batch shape: (64,)
  Pred std: 0.008782, range: 0.038340, mean: 0.047602
  Pos: 100.0%, Neg: 0.0%, Unique: 1244
  Collapse penalty: 0.000000 (threshold: 0.005000)
  Saved validation predictions to: experiments/05a_regime_output/learn2r_d010_lb2_mlp/collapse_monitoring/val_predictions_epoch1.npy
  Gradient norms:
    lstm_encoder: 0.002915
    lstm_decoder: 0.003210
    output_layer: 0.106314
  VSN output std:
    encoder: 0.163498
  Attention entropy: 2.992371
  Regime diagnostics:
    Routing entropy: 0.6931 (normalized: 1.0000)
    Dominant regime: 100.0%
    Regime assignments: 0=100.0%, 1=0.0%
    Avg routing weights: R0=0.5022, R1=0.4978
    Expert 0: std=0.018016, mean=-0.025003
      WARNING: Expert 0 collapsed (std < 0.05)
    Expert 1: std=0.004881, mean=0.038630
      WARNING: Expert 1 collapsed (std < 0.05)
    VIX correlation (regime_1): 0.307
  Expert weight divergence (0 vs 1): diff=3.2108, cosine=0.0213
    INFO: Good expert divergence (cosine < 0.5) - experts learning different functions
  Saved to: experiments/05a_regime_output/learn2r_d010_lb2_mlp/collapse_monitoring/collapse_monitor_epoch1.json
[DEBUG CollapseMonitor] on_validation_epoch_start called for epoch 2
[DEBUG CollapseMonitor] reset_temporal_state() called on loss function
Epoch 2: val_loss=0.6040552854537964
Epoch 2: train_loss=0.6772714257240295

[CollapseMonitor] Epoch 2
  [DEBUG] Processed 21 batches from val_dataloader
  [DEBUG] Predictions shape after concat: (1282,)
  [DEBUG] All predictions list length: 21
  [DEBUG] First batch shape: (64,)
  Pred std: 0.005402, range: 0.030767, mean: 0.093992
  Pos: 100.0%, Neg: 0.0%, Unique: 1220
  Collapse penalty: 0.000000 (threshold: 0.005000)
  Saved validation predictions to: experiments/05a_regime_output/learn2r_d010_lb2_mlp/collapse_monitoring/val_predictions_epoch2.npy
  Gradient norms:
    lstm_encoder: 0.001189
    lstm_decoder: 0.001416
    output_layer: 0.097406
  VSN output std:
    encoder: 0.179361
  Attention entropy: 2.994301
  Regime diagnostics:
    Routing entropy: 0.6929 (normalized: 0.9997)
    Dominant regime: 100.0%
    Regime assignments: 0=100.0%, 1=0.0%
    Avg routing weights: R0=0.5100, R1=0.4900
    Expert 0: std=0.009501, mean=0.036444
      WARNING: Expert 0 collapsed (std < 0.05)
    Expert 1: std=0.001498, mean=0.065146
      WARNING: Expert 1 collapsed (std < 0.05)
    VIX correlation (regime_1): 0.310
  Expert weight divergence (0 vs 1): diff=3.2245, cosine=0.0188
    INFO: Good expert divergence (cosine < 0.5) - experts learning different functions
  Saved to: experiments/05a_regime_output/learn2r_d010_lb2_mlp/collapse_monitoring/collapse_monitor_epoch2.json
[DEBUG CollapseMonitor] on_validation_epoch_start called for epoch 3
[DEBUG CollapseMonitor] reset_temporal_state() called on loss function
Epoch 3: val_loss=0.5588338375091553
Epoch 3: train_loss=0.6282368302345276

[CollapseMonitor] Epoch 3
  [DEBUG] Processed 21 batches from val_dataloader
  [DEBUG] Predictions shape after concat: (1282,)
  [DEBUG] All predictions list length: 21
  [DEBUG] First batch shape: (64,)
  Pred std: 0.003169, range: 0.017636, mean: 0.099896
  Pos: 100.0%, Neg: 0.0%, Unique: 1191
  Collapse penalty: 0.000000 (threshold: 0.005000)
  Saved validation predictions to: experiments/05a_regime_output/learn2r_d010_lb2_mlp/collapse_monitoring/val_predictions_epoch3.npy
  Gradient norms:
    lstm_encoder: 0.000957
    lstm_decoder: 0.001106
    output_layer: 0.094402
  VSN output std:
    encoder: 0.194116
  Attention entropy: 2.995032
  Regime diagnostics:
    Routing entropy: 0.6928 (normalized: 0.9994)
    Dominant regime: 100.0%
    Regime assignments: 0=100.0%, 1=0.0%
    Avg routing weights: R0=0.5140, R1=0.4860
    Expert 0: std=0.005499, mean=0.057961
      WARNING: Expert 0 collapsed (std < 0.05)
    Expert 1: std=0.001887, mean=0.054612
      WARNING: Expert 1 collapsed (std < 0.05)
    VIX correlation (regime_1): 0.273
  Expert weight divergence (0 vs 1): diff=3.2446, cosine=0.0196
    INFO: Good expert divergence (cosine < 0.5) - experts learning different functions
  Saved to: experiments/05a_regime_output/learn2r_d010_lb2_mlp/collapse_monitoring/collapse_monitor_epoch3.json
[DEBUG CollapseMonitor] on_validation_epoch_start called for epoch 4
[DEBUG CollapseMonitor] reset_temporal_state() called on loss function
Epoch 4: val_loss=0.5174514651298523
Epoch 4: train_loss=0.5745732188224792

[CollapseMonitor] Epoch 4
  [DEBUG] Processed 21 batches from val_dataloader
  [DEBUG] Predictions shape after concat: (1282,)
  [DEBUG] All predictions list length: 21
  [DEBUG] First batch shape: (64,)
  Pred std: 0.002991, range: 0.017687, mean: 0.074207
  Pos: 100.0%, Neg: 0.0%, Unique: 1187
  Collapse penalty: 0.000000 (threshold: 0.005000)
  Saved validation predictions to: experiments/05a_regime_output/learn2r_d010_lb2_mlp/collapse_monitoring/val_predictions_epoch4.npy
  Gradient norms:
    lstm_encoder: 0.000907
    lstm_decoder: 0.000930
    output_layer: 0.085064
  VSN output std:
    encoder: 0.198215
  Attention entropy: 2.995166
  Regime diagnostics:
    Routing entropy: 0.6927 (normalized: 0.9993)
    Dominant regime: 100.0%
    Regime assignments: 0=100.0%, 1=0.0%
    Avg routing weights: R0=0.5153, R1=0.4847
    Expert 0: std=0.004140, mean=0.040190
      WARNING: Expert 0 collapsed (std < 0.05)
    Expert 1: std=0.001731, mean=0.027167
      WARNING: Expert 1 collapsed (std < 0.05)
    VIX correlation (regime_1): 0.173
  Expert weight divergence (0 vs 1): diff=3.2650, cosine=0.0264
    INFO: Good expert divergence (cosine < 0.5) - experts learning different functions
  Saved to: experiments/05a_regime_output/learn2r_d010_lb2_mlp/collapse_monitoring/collapse_monitor_epoch4.json
[DEBUG CollapseMonitor] on_validation_epoch_start called for epoch 5
[DEBUG CollapseMonitor] reset_temporal_state() called on loss function
Epoch 5: val_loss=0.48469850420951843
Epoch 5: train_loss=0.5254843831062317

[CollapseMonitor] Epoch 5
  [DEBUG] Processed 21 batches from val_dataloader
  [DEBUG] Predictions shape after concat: (1282,)
  [DEBUG] All predictions list length: 21
  [DEBUG] First batch shape: (64,)
  Pred std: 0.003756, range: 0.022988, mean: 0.055108
  Pos: 100.0%, Neg: 0.0%, Unique: 1193
  Collapse penalty: 0.000000 (threshold: 0.005000)
  Saved validation predictions to: experiments/05a_regime_output/learn2r_d010_lb2_mlp/collapse_monitoring/val_predictions_epoch5.npy
  Gradient norms:
    lstm_encoder: 0.000883
    lstm_decoder: 0.000856
    output_layer: 0.069845
  VSN output std:
    encoder: 0.196458
  Attention entropy: 2.994927
  Regime diagnostics:
    Routing entropy: 0.6928 (normalized: 0.9995)
    Dominant regime: 100.0%
    Regime assignments: 0=100.0%, 1=0.0%
    Avg routing weights: R0=0.5134, R1=0.4866
    Expert 0: std=0.004197, mean=0.043323
      WARNING: Expert 0 collapsed (std < 0.05)
    Expert 1: std=0.001616, mean=-0.010668
      WARNING: Expert 1 collapsed (std < 0.05)
    VIX correlation (regime_1): -0.069
  Expert weight divergence (0 vs 1): diff=3.2879, cosine=0.0372
    INFO: Good expert divergence (cosine < 0.5) - experts learning different functions
  Saved to: experiments/05a_regime_output/learn2r_d010_lb2_mlp/collapse_monitoring/collapse_monitor_epoch5.json
[DEBUG CollapseMonitor] on_validation_epoch_start called for epoch 6
[DEBUG CollapseMonitor] reset_temporal_state() called on loss function
Epoch 6: val_loss=0.46191519498825073
Epoch 6: train_loss=0.4861130714416504

[CollapseMonitor] Epoch 6
  [DEBUG] Processed 21 batches from val_dataloader
  [DEBUG] Predictions shape after concat: (1282,)
  [DEBUG] All predictions list length: 21
  [DEBUG] First batch shape: (64,)
  Pred std: 0.006275, range: 0.037152, mean: 0.029481
  Pos: 100.0%, Neg: 0.0%, Unique: 1217
  Collapse penalty: 0.000000 (threshold: 0.005000)
  Saved validation predictions to: experiments/05a_regime_output/learn2r_d010_lb2_mlp/collapse_monitoring/val_predictions_epoch6.npy
  Gradient norms:
    lstm_encoder: 0.000852
    lstm_decoder: 0.000734
    output_layer: 0.052546
  VSN output std:
    encoder: 0.185678
  Attention entropy: 2.994079
  Regime diagnostics:
    Routing entropy: 0.6931 (normalized: 1.0000)
    Dominant regime: 100.0%
    Regime assignments: 0=100.0%, 1=0.0%
    Avg routing weights: R0=0.5008, R1=0.4992
    Expert 0: std=0.007735, mean=0.092701
      WARNING: Expert 0 collapsed (std < 0.05)
    Expert 1: std=0.002391, mean=-0.101073
      WARNING: Expert 1 collapsed (std < 0.05)
    VIX correlation (regime_1): -0.550
  Expert weight divergence (0 vs 1): diff=3.3109, cosine=0.0529
    INFO: Good expert divergence (cosine < 0.5) - experts learning different functions
  Saved to: experiments/05a_regime_output/learn2r_d010_lb2_mlp/collapse_monitoring/collapse_monitor_epoch6.json
[DEBUG CollapseMonitor] on_validation_epoch_start called for epoch 7
[DEBUG CollapseMonitor] reset_temporal_state() called on loss function
Epoch 7: val_loss=0.44956478476524353
Epoch 7: train_loss=0.4642673134803772

[CollapseMonitor] Epoch 7
  [DEBUG] Processed 21 batches from val_dataloader
  [DEBUG] Predictions shape after concat: (1282,)
  [DEBUG] All predictions list length: 21
  [DEBUG] First batch shape: (64,)
  Pred std: 0.021960, range: 0.101991, mean: 0.099266
  Pos: 100.0%, Neg: 0.0%, Unique: 1242
  Collapse penalty: 0.000000 (threshold: 0.005000)
  Saved validation predictions to: experiments/05a_regime_output/learn2r_d010_lb2_mlp/collapse_monitoring/val_predictions_epoch7.npy
  Gradient norms:
    lstm_encoder: 0.000800
    lstm_decoder: 0.000636
    output_layer: 0.037856
  VSN output std:
    encoder: 0.161204
  Attention entropy: 2.993677
  Regime diagnostics:
    Routing entropy: 0.6930 (normalized: 0.9997)
    Dominant regime: 91.6%
    Regime assignments: 0=8.4%, 1=91.6%
    Avg routing weights: R0=0.4917, R1=0.5083
    Expert 0: std=0.034602, mean=0.294984
      WARNING: Expert 0 collapsed (std < 0.05)
    Expert 1: std=0.009248, mean=-0.161559
      WARNING: Expert 1 collapsed (std < 0.05)
    VIX correlation (regime_1): -0.713
  Expert weight divergence (0 vs 1): diff=3.3308, cosine=0.0664
    INFO: Good expert divergence (cosine < 0.5) - experts learning different functions
  Saved to: experiments/05a_regime_output/learn2r_d010_lb2_mlp/collapse_monitoring/collapse_monitor_epoch7.json
[DEBUG CollapseMonitor] on_validation_epoch_start called for epoch 8
[DEBUG CollapseMonitor] reset_temporal_state() called on loss function
Epoch 8: val_loss=0.43876948952674866
Epoch 8: train_loss=0.45128440856933594

[CollapseMonitor] Epoch 8
  [DEBUG] Processed 21 batches from val_dataloader
  [DEBUG] Predictions shape after concat: (1282,)
  [DEBUG] All predictions list length: 21
  [DEBUG] First batch shape: (64,)
  Pred std: 0.021187, range: 0.100138, mean: 0.042396
  Pos: 92.4%, Neg: 7.6%, Unique: 1241
  Collapse penalty: 0.000000 (threshold: 0.005000)
  Saved validation predictions to: experiments/05a_regime_output/learn2r_d010_lb2_mlp/collapse_monitoring/val_predictions_epoch8.npy
  Gradient norms:
    lstm_encoder: 0.001324
    lstm_decoder: 0.000908
    output_layer: 0.038753
  VSN output std:
    encoder: 0.140820
  Attention entropy: 2.991099
  Regime diagnostics:
    Routing entropy: 0.6906 (normalized: 0.9963)
    Dominant regime: 89.8%
    Regime assignments: 0=10.2%, 1=89.8%
    Avg routing weights: R0=0.4698, R1=0.5302
    Expert 0: std=0.077157, mean=0.422830
    Expert 1: std=0.035633, mean=-0.355607
      WARNING: Expert 1 collapsed (std < 0.05)
    VIX correlation (regime_1): -0.690
  Expert weight divergence (0 vs 1): diff=3.3483, cosine=0.0779
    INFO: Good expert divergence (cosine < 0.5) - experts learning different functions
  Saved to: experiments/05a_regime_output/learn2r_d010_lb2_mlp/collapse_monitoring/collapse_monitor_epoch8.json
[DEBUG CollapseMonitor] on_validation_epoch_start called for epoch 9
[DEBUG CollapseMonitor] reset_temporal_state() called on loss function
Epoch 9: val_loss=0.43400388956069946
Epoch 9: train_loss=0.4431284964084625

[CollapseMonitor] Epoch 9
  [DEBUG] Processed 21 batches from val_dataloader
  [DEBUG] Predictions shape after concat: (1282,)
  [DEBUG] All predictions list length: 21
  [DEBUG] First batch shape: (64,)
  Pred std: 0.012592, range: 0.077759, mean: 0.060873
  Pos: 100.0%, Neg: 0.0%, Unique: 1241
  Collapse penalty: 0.000000 (threshold: 0.005000)
  Saved validation predictions to: experiments/05a_regime_output/learn2r_d010_lb2_mlp/collapse_monitoring/val_predictions_epoch9.npy
  Gradient norms:
    lstm_encoder: 0.001720
    lstm_decoder: 0.001194
    output_layer: 0.038028
  VSN output std:
    encoder: 0.137404
  Attention entropy: 2.990050
  Regime diagnostics:
    Routing entropy: 0.6883 (normalized: 0.9930)
    Dominant regime: 91.2%
    Regime assignments: 0=8.8%, 1=91.2%
    Avg routing weights: R0=0.4571, R1=0.5429
    Expert 0: std=0.065940, mean=0.469130
    Expert 1: std=0.036355, mean=-0.350290
      WARNING: Expert 1 collapsed (std < 0.05)
    VIX correlation (regime_1): -0.658
  Expert weight divergence (0 vs 1): diff=3.3608, cosine=0.0889
    INFO: Good expert divergence (cosine < 0.5) - experts learning different functions
  Saved to: experiments/05a_regime_output/learn2r_d010_lb2_mlp/collapse_monitoring/collapse_monitor_epoch9.json
[DEBUG CollapseMonitor] on_validation_epoch_start called for epoch 10
[DEBUG CollapseMonitor] reset_temporal_state() called on loss function
Epoch 10: val_loss=0.433512806892395
Epoch 10: train_loss=0.440083771944046

[CollapseMonitor] Epoch 10
  [DEBUG] Processed 21 batches from val_dataloader
  [DEBUG] Predictions shape after concat: (1282,)
  [DEBUG] All predictions list length: 21
  [DEBUG] First batch shape: (64,)
  Pred std: 0.012793, range: 0.083264, mean: 0.057023
  Pos: 100.0%, Neg: 0.0%, Unique: 1244
  Collapse penalty: 0.000000 (threshold: 0.005000)
  Saved validation predictions to: experiments/05a_regime_output/learn2r_d010_lb2_mlp/collapse_monitoring/val_predictions_epoch10.npy
  Gradient norms:
    lstm_encoder: 0.001753
    lstm_decoder: 0.001153
    output_layer: 0.038294
  VSN output std:
    encoder: 0.131643
  Attention entropy: 2.992460
  Regime diagnostics:
    Routing entropy: 0.6887 (normalized: 0.9935)
    Dominant regime: 93.8%
    Regime assignments: 0=6.2%, 1=93.8%
    Avg routing weights: R0=0.4571, R1=0.5429
    Expert 0: std=0.041737, mean=0.477838
      WARNING: Expert 0 collapsed (std < 0.05)
    Expert 1: std=0.022484, mean=-0.368495
      WARNING: Expert 1 collapsed (std < 0.05)
    VIX correlation (regime_1): -0.604
  Expert weight divergence (0 vs 1): diff=3.3713, cosine=0.0963
    INFO: Good expert divergence (cosine < 0.5) - experts learning different functions
  Saved to: experiments/05a_regime_output/learn2r_d010_lb2_mlp/collapse_monitoring/collapse_monitor_epoch10.json
[DEBUG CollapseMonitor] on_validation_epoch_start called for epoch 11
[DEBUG CollapseMonitor] reset_temporal_state() called on loss function
Epoch 11: val_loss=0.42977747321128845
Epoch 11: train_loss=0.43682050704956055

[CollapseMonitor] Epoch 11
  [DEBUG] Processed 21 batches from val_dataloader
  [DEBUG] Predictions shape after concat: (1282,)
  [DEBUG] All predictions list length: 21
  [DEBUG] First batch shape: (64,)
  Pred std: 0.014895, range: 0.083487, mean: 0.057802
  Pos: 100.0%, Neg: 0.0%, Unique: 1254
  Collapse penalty: 0.000000 (threshold: 0.005000)
  Saved validation predictions to: experiments/05a_regime_output/learn2r_d010_lb2_mlp/collapse_monitoring/val_predictions_epoch11.npy
  Gradient norms:
    lstm_encoder: 0.001904
    lstm_decoder: 0.001275
    output_layer: 0.038248
  VSN output std:
    encoder: 0.131632
  Attention entropy: 2.989884
  Regime diagnostics:
    Routing entropy: 0.6875 (normalized: 0.9919)
    Dominant regime: 93.3%
    Regime assignments: 0=6.7%, 1=93.3%
    Avg routing weights: R0=0.4517, R1=0.5483
    Expert 0: std=0.040003, mean=0.493699
      WARNING: Expert 0 collapsed (std < 0.05)
    Expert 1: std=0.021731, mean=-0.374246
      WARNING: Expert 1 collapsed (std < 0.05)
    VIX correlation (regime_1): -0.643
  Expert weight divergence (0 vs 1): diff=3.3763, cosine=0.1021
    INFO: Good expert divergence (cosine < 0.5) - experts learning different functions
  Saved to: experiments/05a_regime_output/learn2r_d010_lb2_mlp/collapse_monitoring/collapse_monitor_epoch11.json
[DEBUG CollapseMonitor] on_validation_epoch_start called for epoch 12
[DEBUG CollapseMonitor] reset_temporal_state() called on loss function
Epoch 12: val_loss=0.42810705304145813
Epoch 12: train_loss=0.4352320432662964

[CollapseMonitor] Epoch 12
  [DEBUG] Processed 21 batches from val_dataloader
  [DEBUG] Predictions shape after concat: (1282,)
  [DEBUG] All predictions list length: 21
  [DEBUG] First batch shape: (64,)
  Pred std: 0.017100, range: 0.094318, mean: 0.060127
  Pos: 100.0%, Neg: 0.0%, Unique: 1260
  Collapse penalty: 0.000000 (threshold: 0.005000)
  Saved validation predictions to: experiments/05a_regime_output/learn2r_d010_lb2_mlp/collapse_monitoring/val_predictions_epoch12.npy
  Gradient norms:
    lstm_encoder: 0.002171
    lstm_decoder: 0.001477
    output_layer: 0.037229
  VSN output std:
    encoder: 0.127373
  Attention entropy: 2.990246
  Regime diagnostics:
    Routing entropy: 0.6888 (normalized: 0.9937)
    Dominant regime: 92.8%
    Regime assignments: 0=7.2%, 1=92.8%
    Avg routing weights: R0=0.4581, R1=0.5419
    Expert 0: std=0.031581, mean=0.495131
      WARNING: Expert 0 collapsed (std < 0.05)
    Expert 1: std=0.018482, mean=-0.383910
      WARNING: Expert 1 collapsed (std < 0.05)
    VIX correlation (regime_1): -0.659
  Expert weight divergence (0 vs 1): diff=3.3818, cosine=0.1065
    INFO: Good expert divergence (cosine < 0.5) - experts learning different functions
  Saved to: experiments/05a_regime_output/learn2r_d010_lb2_mlp/collapse_monitoring/collapse_monitor_epoch12.json
[DEBUG CollapseMonitor] on_validation_epoch_start called for epoch 13
[DEBUG CollapseMonitor] reset_temporal_state() called on loss function
Epoch 13: val_loss=0.4262186884880066
Epoch 13: train_loss=0.43422001600265503

[CollapseMonitor] Epoch 13
  [DEBUG] Processed 21 batches from val_dataloader
  [DEBUG] Predictions shape after concat: (1282,)
  [DEBUG] All predictions list length: 21
  [DEBUG] First batch shape: (64,)
  Pred std: 0.015856, range: 0.113458, mean: 0.063660
  Pos: 98.0%, Neg: 2.0%, Unique: 1250
  Collapse penalty: 0.000000 (threshold: 0.005000)
  Saved validation predictions to: experiments/05a_regime_output/learn2r_d010_lb2_mlp/collapse_monitoring/val_predictions_epoch13.npy
  Gradient norms:
    lstm_encoder: 0.002655
    lstm_decoder: 0.001792
    output_layer: 0.036964
  VSN output std:
    encoder: 0.123323
  Attention entropy: 2.989998
  Regime diagnostics:
    Routing entropy: 0.6888 (normalized: 0.9937)
    Dominant regime: 93.0%
    Regime assignments: 0=7.0%, 1=93.0%
    Avg routing weights: R0=0.4572, R1=0.5428
    Expert 0: std=0.027701, mean=0.502547
      WARNING: Expert 0 collapsed (std < 0.05)
    Expert 1: std=0.010005, mean=-0.380844
      WARNING: Expert 1 collapsed (std < 0.05)
    VIX correlation (regime_1): -0.697
  Expert weight divergence (0 vs 1): diff=3.3887, cosine=0.1111
    INFO: Good expert divergence (cosine < 0.5) - experts learning different functions
  Saved to: experiments/05a_regime_output/learn2r_d010_lb2_mlp/collapse_monitoring/collapse_monitor_epoch13.json
[DEBUG CollapseMonitor] on_validation_epoch_start called for epoch 14
[DEBUG CollapseMonitor] reset_temporal_state() called on loss function
Epoch 14: val_loss=0.4247710406780243
Epoch 14: train_loss=0.4324943721294403

[CollapseMonitor] Epoch 14
  [DEBUG] Processed 21 batches from val_dataloader
  [DEBUG] Predictions shape after concat: (1282,)
  [DEBUG] All predictions list length: 21
  [DEBUG] First batch shape: (64,)
  Pred std: 0.014713, range: 0.107472, mean: 0.049649
  Pos: 97.8%, Neg: 2.2%, Unique: 1245
  Collapse penalty: 0.000000 (threshold: 0.005000)
  Saved validation predictions to: experiments/05a_regime_output/learn2r_d010_lb2_mlp/collapse_monitoring/val_predictions_epoch14.npy
  Gradient norms:
    lstm_encoder: 0.003171
    lstm_decoder: 0.002093
    output_layer: 0.036799
  VSN output std:
    encoder: 0.120535
  Attention entropy: 2.987228
  Regime diagnostics:
    Routing entropy: 0.6901 (normalized: 0.9956)
    Dominant regime: 92.3%
    Regime assignments: 0=7.7%, 1=92.3%
    Avg routing weights: R0=0.4651, R1=0.5349
    Expert 0: std=0.020280, mean=0.487148
      WARNING: Expert 0 collapsed (std < 0.05)
    Expert 1: std=0.005788, mean=-0.404833
      WARNING: Expert 1 collapsed (std < 0.05)
    VIX correlation (regime_1): -0.712
  Expert weight divergence (0 vs 1): diff=3.3953, cosine=0.1155
    INFO: Good expert divergence (cosine < 0.5) - experts learning different functions
  Saved to: experiments/05a_regime_output/learn2r_d010_lb2_mlp/collapse_monitoring/collapse_monitor_epoch14.json
[DEBUG CollapseMonitor] on_validation_epoch_start called for epoch 15
[DEBUG CollapseMonitor] reset_temporal_state() called on loss function
Epoch 15: val_loss=0.4211327135562897
Epoch 15: train_loss=0.43102961778640747

[CollapseMonitor] Epoch 15
  [DEBUG] Processed 21 batches from val_dataloader
  [DEBUG] Predictions shape after concat: (1282,)
  [DEBUG] All predictions list length: 21
  [DEBUG] First batch shape: (64,)
  Pred std: 0.014469, range: 0.111198, mean: 0.044257
  Pos: 97.4%, Neg: 2.6%, Unique: 1244
  Collapse penalty: 0.000000 (threshold: 0.005000)
  Saved validation predictions to: experiments/05a_regime_output/learn2r_d010_lb2_mlp/collapse_monitoring/val_predictions_epoch15.npy
  Gradient norms:
    lstm_encoder: 0.003770
    lstm_decoder: 0.002437
    output_layer: 0.036345
  VSN output std:
    encoder: 0.118849
  Attention entropy: 2.979797
  Regime diagnostics:
    Routing entropy: 0.6889 (normalized: 0.9939)
    Dominant regime: 92.0%
    Regime assignments: 0=8.0%, 1=92.0%
    Avg routing weights: R0=0.4590, R1=0.5410
    Expert 0: std=0.029160, mean=0.505291
      WARNING: Expert 0 collapsed (std < 0.05)
    Expert 1: std=0.009472, mean=-0.416070
      WARNING: Expert 1 collapsed (std < 0.05)
    VIX correlation (regime_1): -0.749
  Expert weight divergence (0 vs 1): diff=3.4007, cosine=0.1196
    INFO: Good expert divergence (cosine < 0.5) - experts learning different functions
  Saved to: experiments/05a_regime_output/learn2r_d010_lb2_mlp/collapse_monitoring/collapse_monitor_epoch15.json
[DEBUG CollapseMonitor] on_validation_epoch_start called for epoch 16
[DEBUG CollapseMonitor] reset_temporal_state() called on loss function
Epoch 16: val_loss=0.4198454022407532
Epoch 16: train_loss=0.429750919342041

[CollapseMonitor] Epoch 16
  [DEBUG] Processed 21 batches from val_dataloader
  [DEBUG] Predictions shape after concat: (1282,)
  [DEBUG] All predictions list length: 21
  [DEBUG] First batch shape: (64,)
  Pred std: 0.014310, range: 0.116102, mean: 0.032235
  Pos: 97.3%, Neg: 2.7%, Unique: 1252
  Collapse penalty: 0.000000 (threshold: 0.005000)
  Saved validation predictions to: experiments/05a_regime_output/learn2r_d010_lb2_mlp/collapse_monitoring/val_predictions_epoch16.npy
  Gradient norms:
    lstm_encoder: 0.004587
    lstm_decoder: 0.002946
    output_layer: 0.039943
  VSN output std:
    encoder: 0.115045
  Attention entropy: 2.976832
  Regime diagnostics:
    Routing entropy: 0.6894 (normalized: 0.9946)
    Dominant regime: 92.5%
    Regime assignments: 0=7.5%, 1=92.5%
    Avg routing weights: R0=0.4621, R1=0.5379
    Expert 0: std=0.025310, mean=0.494269
      WARNING: Expert 0 collapsed (std < 0.05)
    Expert 1: std=0.013358, mean=-0.432860
      WARNING: Expert 1 collapsed (std < 0.05)
    VIX correlation (regime_1): -0.765
  Expert weight divergence (0 vs 1): diff=3.4069, cosine=0.1228
    INFO: Good expert divergence (cosine < 0.5) - experts learning different functions
  Saved to: experiments/05a_regime_output/learn2r_d010_lb2_mlp/collapse_monitoring/collapse_monitor_epoch16.json
[DEBUG CollapseMonitor] on_validation_epoch_start called for epoch 17
[DEBUG CollapseMonitor] reset_temporal_state() called on loss function
Epoch 17: val_loss=0.4184219539165497
Epoch 17: train_loss=0.42964115738868713

[CollapseMonitor] Epoch 17
  [DEBUG] Processed 21 batches from val_dataloader
  [DEBUG] Predictions shape after concat: (1282,)
  [DEBUG] All predictions list length: 21
  [DEBUG] First batch shape: (64,)
  Pred std: 0.013858, range: 0.115687, mean: 0.060215
  Pos: 98.0%, Neg: 2.0%, Unique: 1250
  Collapse penalty: 0.000000 (threshold: 0.005000)
  Saved validation predictions to: experiments/05a_regime_output/learn2r_d010_lb2_mlp/collapse_monitoring/val_predictions_epoch17.npy
  Gradient norms:
    lstm_encoder: 0.005016
    lstm_decoder: 0.003064
    output_layer: 0.035363
  VSN output std:
    encoder: 0.113192
  Attention entropy: 2.969552
  Regime diagnostics:
    Routing entropy: 0.6897 (normalized: 0.9950)
    Dominant regime: 92.8%
    Regime assignments: 0=7.2%, 1=92.8%
    Avg routing weights: R0=0.4634, R1=0.5366
    Expert 0: std=0.022501, mean=0.510159
      WARNING: Expert 0 collapsed (std < 0.05)
    Expert 1: std=0.015083, mean=-0.404004
      WARNING: Expert 1 collapsed (std < 0.05)
    VIX correlation (regime_1): -0.779
  Expert weight divergence (0 vs 1): diff=3.4105, cosine=0.1254
    INFO: Good expert divergence (cosine < 0.5) - experts learning different functions
  Saved to: experiments/05a_regime_output/learn2r_d010_lb2_mlp/collapse_monitoring/collapse_monitor_epoch17.json
[DEBUG CollapseMonitor] on_validation_epoch_start called for epoch 18
[DEBUG CollapseMonitor] reset_temporal_state() called on loss function
Epoch 18: val_loss=0.41694390773773193
Epoch 18: train_loss=0.42760783433914185

[CollapseMonitor] Epoch 18
  [DEBUG] Processed 21 batches from val_dataloader
  [DEBUG] Predictions shape after concat: (1282,)
  [DEBUG] All predictions list length: 21
  [DEBUG] First batch shape: (64,)
  Pred std: 0.014769, range: 0.125189, mean: 0.049205
  Pos: 97.7%, Neg: 2.3%, Unique: 1246
  Collapse penalty: 0.000000 (threshold: 0.005000)
  Saved validation predictions to: experiments/05a_regime_output/learn2r_d010_lb2_mlp/collapse_monitoring/val_predictions_epoch18.npy
  Gradient norms:
    lstm_encoder: 0.005762
    lstm_decoder: 0.003548
    output_layer: 0.036839
  VSN output std:
    encoder: 0.111982
  Attention entropy: 2.959736
  Regime diagnostics:
    Routing entropy: 0.6896 (normalized: 0.9949)
    Dominant regime: 91.7%
    Regime assignments: 0=8.3%, 1=91.7%
    Avg routing weights: R0=0.4643, R1=0.5357
    Expert 0: std=0.024818, mean=0.498098
      WARNING: Expert 0 collapsed (std < 0.05)
    Expert 1: std=0.015328, mean=-0.413577
      WARNING: Expert 1 collapsed (std < 0.05)
    VIX correlation (regime_1): -0.796
  Expert weight divergence (0 vs 1): diff=3.4158, cosine=0.1293
    INFO: Good expert divergence (cosine < 0.5) - experts learning different functions
  Saved to: experiments/05a_regime_output/learn2r_d010_lb2_mlp/collapse_monitoring/collapse_monitor_epoch18.json
[DEBUG CollapseMonitor] on_validation_epoch_start called for epoch 19
[DEBUG CollapseMonitor] reset_temporal_state() called on loss function
Epoch 19: val_loss=0.41567039489746094
Epoch 19: train_loss=0.4261597990989685

[CollapseMonitor] Epoch 19
  [DEBUG] Processed 21 batches from val_dataloader
  [DEBUG] Predictions shape after concat: (1282,)
  [DEBUG] All predictions list length: 21
  [DEBUG] First batch shape: (64,)
  Pred std: 0.015206, range: 0.129697, mean: 0.073889
  Pos: 99.8%, Neg: 0.2%, Unique: 1251
  Collapse penalty: 0.000000 (threshold: 0.005000)
  Saved validation predictions to: experiments/05a_regime_output/learn2r_d010_lb2_mlp/collapse_monitoring/val_predictions_epoch19.npy
  Gradient norms:
    lstm_encoder: 0.006947
    lstm_decoder: 0.004197
    output_layer: 0.037819
  VSN output std:
    encoder: 0.109408
  Attention entropy: 2.957268
  Regime diagnostics:
    Routing entropy: 0.6896 (normalized: 0.9948)
    Dominant regime: 93.6%
    Regime assignments: 0=6.4%, 1=93.6%
    Avg routing weights: R0=0.4637, R1=0.5363
    Expert 0: std=0.019110, mean=0.515609
      WARNING: Expert 0 collapsed (std < 0.05)
    Expert 1: std=0.013069, mean=-0.390795
      WARNING: Expert 1 collapsed (std < 0.05)
    VIX correlation (regime_1): -0.781
  Expert weight divergence (0 vs 1): diff=3.4211, cosine=0.1319
    INFO: Good expert divergence (cosine < 0.5) - experts learning different functions
  Saved to: experiments/05a_regime_output/learn2r_d010_lb2_mlp/collapse_monitoring/collapse_monitor_epoch19.json
[DEBUG CollapseMonitor] on_validation_epoch_start called for epoch 20
[DEBUG CollapseMonitor] reset_temporal_state() called on loss function
Epoch 20: val_loss=0.414842814207077
Epoch 20: train_loss=0.42560476064682007

[CollapseMonitor] Epoch 20
  [DEBUG] Processed 21 batches from val_dataloader
  [DEBUG] Predictions shape after concat: (1282,)
  [DEBUG] All predictions list length: 21
  [DEBUG] First batch shape: (64,)
  Pred std: 0.012650, range: 0.113611, mean: 0.031362
  Pos: 97.7%, Neg: 2.3%, Unique: 1252
  Collapse penalty: 0.000000 (threshold: 0.005000)
  Saved validation predictions to: experiments/05a_regime_output/learn2r_d010_lb2_mlp/collapse_monitoring/val_predictions_epoch20.npy
  Gradient norms:
    lstm_encoder: 0.006792
    lstm_decoder: 0.004105
    output_layer: 0.037747
  VSN output std:
    encoder: 0.107864
  Attention entropy: 2.949078
  Regime diagnostics:
    Routing entropy: 0.6896 (normalized: 0.9948)
    Dominant regime: 93.3%
    Regime assignments: 0=6.7%, 1=93.3%
    Avg routing weights: R0=0.4639, R1=0.5361
    Expert 0: std=0.020982, mean=0.472358
      WARNING: Expert 0 collapsed (std < 0.05)
    Expert 1: std=0.016901, mean=-0.420443
      WARNING: Expert 1 collapsed (std < 0.05)
    VIX correlation (regime_1): -0.799
  Expert weight divergence (0 vs 1): diff=3.4243, cosine=0.1349
    INFO: Good expert divergence (cosine < 0.5) - experts learning different functions
  Saved to: experiments/05a_regime_output/learn2r_d010_lb2_mlp/collapse_monitoring/collapse_monitor_epoch20.json
[DEBUG CollapseMonitor] on_validation_epoch_start called for epoch 21
[DEBUG CollapseMonitor] reset_temporal_state() called on loss function
Epoch 21: val_loss=0.41170015931129456
Epoch 21: train_loss=0.42495784163475037

[CollapseMonitor] Epoch 21
  [DEBUG] Processed 21 batches from val_dataloader
  [DEBUG] Predictions shape after concat: (1282,)
  [DEBUG] All predictions list length: 21
  [DEBUG] First batch shape: (64,)
  Pred std: 0.014339, range: 0.110654, mean: 0.031419
  Pos: 98.7%, Neg: 1.3%, Unique: 1268
  Collapse penalty: 0.000000 (threshold: 0.005000)
  Saved validation predictions to: experiments/05a_regime_output/learn2r_d010_lb2_mlp/collapse_monitoring/val_predictions_epoch21.npy
  Gradient norms:
    lstm_encoder: 0.007290
    lstm_decoder: 0.004385
    output_layer: 0.040256
  VSN output std:
    encoder: 0.105376
  Attention entropy: 2.945066
  Regime diagnostics:
    Routing entropy: 0.6867 (normalized: 0.9907)
    Dominant regime: 95.3%
    Regime assignments: 0=4.7%, 1=95.3%
    Avg routing weights: R0=0.4493, R1=0.5507
    Expert 0: std=0.019407, mean=0.487887
      WARNING: Expert 0 collapsed (std < 0.05)
    Expert 1: std=0.015971, mean=-0.413592
      WARNING: Expert 1 collapsed (std < 0.05)
    VIX correlation (regime_1): -0.811
  Expert weight divergence (0 vs 1): diff=3.4319, cosine=0.1373
    INFO: Good expert divergence (cosine < 0.5) - experts learning different functions
  Saved to: experiments/05a_regime_output/learn2r_d010_lb2_mlp/collapse_monitoring/collapse_monitor_epoch21.json
[DEBUG CollapseMonitor] on_validation_epoch_start called for epoch 22
[DEBUG CollapseMonitor] reset_temporal_state() called on loss function
Epoch 22: val_loss=0.4113823473453522
Epoch 22: train_loss=0.42541125416755676

[CollapseMonitor] Epoch 22
  [DEBUG] Processed 21 batches from val_dataloader
  [DEBUG] Predictions shape after concat: (1282,)
  [DEBUG] All predictions list length: 21
  [DEBUG] First batch shape: (64,)
  Pred std: 0.012374, range: 0.103415, mean: 0.056909
  Pos: 100.0%, Neg: 0.0%, Unique: 1263
  Collapse penalty: 0.000000 (threshold: 0.005000)
  Saved validation predictions to: experiments/05a_regime_output/learn2r_d010_lb2_mlp/collapse_monitoring/val_predictions_epoch22.npy
  Gradient norms:
    lstm_encoder: 0.008337
    lstm_decoder: 0.004977
    output_layer: 0.037450
  VSN output std:
    encoder: 0.104516
  Attention entropy: 2.942014
  Regime diagnostics:
    Routing entropy: 0.6887 (normalized: 0.9936)
    Dominant regime: 93.8%
    Regime assignments: 0=6.2%, 1=93.8%
    Avg routing weights: R0=0.4588, R1=0.5412
    Expert 0: std=0.015736, mean=0.490973
      WARNING: Expert 0 collapsed (std < 0.05)
    Expert 1: std=0.016182, mean=-0.390211
      WARNING: Expert 1 collapsed (std < 0.05)
    VIX correlation (regime_1): -0.836
  Expert weight divergence (0 vs 1): diff=3.4369, cosine=0.1399
    INFO: Good expert divergence (cosine < 0.5) - experts learning different functions
  Saved to: experiments/05a_regime_output/learn2r_d010_lb2_mlp/collapse_monitoring/collapse_monitor_epoch22.json
[DEBUG CollapseMonitor] on_validation_epoch_start called for epoch 23
[DEBUG CollapseMonitor] reset_temporal_state() called on loss function
Epoch 23: val_loss=0.4093186557292938
Epoch 23: train_loss=0.4243490397930145

[CollapseMonitor] Epoch 23
  [DEBUG] Processed 21 batches from val_dataloader
  [DEBUG] Predictions shape after concat: (1282,)
  [DEBUG] All predictions list length: 21
  [DEBUG] First batch shape: (64,)
  Pred std: 0.012734, range: 0.109173, mean: 0.053902
  Pos: 99.5%, Neg: 0.5%, Unique: 1259
  Collapse penalty: 0.000000 (threshold: 0.005000)
  Saved validation predictions to: experiments/05a_regime_output/learn2r_d010_lb2_mlp/collapse_monitoring/val_predictions_epoch23.npy
  Gradient norms:
    lstm_encoder: 0.008618
    lstm_decoder: 0.005270
    output_layer: 0.037490
  VSN output std:
    encoder: 0.102364
  Attention entropy: 2.934902
  Regime diagnostics:
    Routing entropy: 0.6880 (normalized: 0.9925)
    Dominant regime: 94.2%
    Regime assignments: 0=5.8%, 1=94.2%
    Avg routing weights: R0=0.4556, R1=0.5444
    Expert 0: std=0.019794, mean=0.491172
      WARNING: Expert 0 collapsed (std < 0.05)
    Expert 1: std=0.017464, mean=-0.389179
      WARNING: Expert 1 collapsed (std < 0.05)
    VIX correlation (regime_1): -0.818
  Expert weight divergence (0 vs 1): diff=3.4418, cosine=0.1426
    INFO: Good expert divergence (cosine < 0.5) - experts learning different functions
  Saved to: experiments/05a_regime_output/learn2r_d010_lb2_mlp/collapse_monitoring/collapse_monitor_epoch23.json
[DEBUG CollapseMonitor] on_validation_epoch_start called for epoch 24
[DEBUG CollapseMonitor] reset_temporal_state() called on loss function
Epoch 24: val_loss=0.40898334980010986
Epoch 24: train_loss=0.4232558012008667

[CollapseMonitor] Epoch 24
  [DEBUG] Processed 21 batches from val_dataloader
  [DEBUG] Predictions shape after concat: (1282,)
  [DEBUG] All predictions list length: 21
  [DEBUG] First batch shape: (64,)
  Pred std: 0.014190, range: 0.113651, mean: 0.075472
  Pos: 100.0%, Neg: 0.0%, Unique: 1263
  Collapse penalty: 0.000000 (threshold: 0.005000)
  Saved validation predictions to: experiments/05a_regime_output/learn2r_d010_lb2_mlp/collapse_monitoring/val_predictions_epoch24.npy
  Gradient norms:
    lstm_encoder: 0.009620
    lstm_decoder: 0.005794
    output_layer: 0.039092
  VSN output std:
    encoder: 0.100396
  Attention entropy: 2.931119
  Regime diagnostics:
    Routing entropy: 0.6897 (normalized: 0.9950)
    Dominant regime: 91.9%
    Regime assignments: 0=8.1%, 1=91.9%
    Avg routing weights: R0=0.4661, R1=0.5339
    Expert 0: std=0.017472, mean=0.505254
      WARNING: Expert 0 collapsed (std < 0.05)
    Expert 1: std=0.017395, mean=-0.384553
      WARNING: Expert 1 collapsed (std < 0.05)
    VIX correlation (regime_1): -0.843
  Expert weight divergence (0 vs 1): diff=3.4487, cosine=0.1442
    INFO: Good expert divergence (cosine < 0.5) - experts learning different functions
  Saved to: experiments/05a_regime_output/learn2r_d010_lb2_mlp/collapse_monitoring/collapse_monitor_epoch24.json
[DEBUG CollapseMonitor] on_validation_epoch_start called for epoch 25
[DEBUG CollapseMonitor] reset_temporal_state() called on loss function
Epoch 25: val_loss=0.4075588285923004
Epoch 25: train_loss=0.424326092004776

[CollapseMonitor] Epoch 25
  [DEBUG] Processed 21 batches from val_dataloader
  [DEBUG] Predictions shape after concat: (1282,)
  [DEBUG] All predictions list length: 21
  [DEBUG] First batch shape: (64,)
  Pred std: 0.014141, range: 0.121287, mean: 0.045334
  Pos: 98.8%, Neg: 1.2%, Unique: 1254
  Collapse penalty: 0.000000 (threshold: 0.005000)
  Saved validation predictions to: experiments/05a_regime_output/learn2r_d010_lb2_mlp/collapse_monitoring/val_predictions_epoch25.npy
  Gradient norms:
    lstm_encoder: 0.009190
    lstm_decoder: 0.005442
    output_layer: 0.038339
  VSN output std:
    encoder: 0.099654
  Attention entropy: 2.931093
  Regime diagnostics:
    Routing entropy: 0.6890 (normalized: 0.9940)
    Dominant regime: 93.4%
    Regime assignments: 0=6.6%, 1=93.4%
    Avg routing weights: R0=0.4622, R1=0.5378
    Expert 0: std=0.017512, mean=0.475939
      WARNING: Expert 0 collapsed (std < 0.05)
    Expert 1: std=0.019105, mean=-0.402227
      WARNING: Expert 1 collapsed (std < 0.05)
    VIX correlation (regime_1): -0.829
  Expert weight divergence (0 vs 1): diff=3.4526, cosine=0.1453
    INFO: Good expert divergence (cosine < 0.5) - experts learning different functions
  Saved to: experiments/05a_regime_output/learn2r_d010_lb2_mlp/collapse_monitoring/collapse_monitor_epoch25.json
[DEBUG CollapseMonitor] on_validation_epoch_start called for epoch 26
[DEBUG CollapseMonitor] reset_temporal_state() called on loss function
Epoch 26: val_loss=0.40643611550331116
Epoch 26: train_loss=0.422783762216568

[CollapseMonitor] Epoch 26
  [DEBUG] Processed 21 batches from val_dataloader
  [DEBUG] Predictions shape after concat: (1282,)
  [DEBUG] All predictions list length: 21
  [DEBUG] First batch shape: (64,)
  Pred std: 0.016811, range: 0.119885, mean: 0.069458
  Pos: 100.0%, Neg: 0.0%, Unique: 1255
  Collapse penalty: 0.000000 (threshold: 0.005000)
  Saved validation predictions to: experiments/05a_regime_output/learn2r_d010_lb2_mlp/collapse_monitoring/val_predictions_epoch26.npy
  Gradient norms:
    lstm_encoder: 0.009308
    lstm_decoder: 0.005644
    output_layer: 0.036783
  VSN output std:
    encoder: 0.099505
  Attention entropy: 2.927182
  Regime diagnostics:
    Routing entropy: 0.6888 (normalized: 0.9938)
    Dominant regime: 92.8%
    Regime assignments: 0=7.2%, 1=92.8%
    Avg routing weights: R0=0.4612, R1=0.5388
    Expert 0: std=0.014130, mean=0.489250
      WARNING: Expert 0 collapsed (std < 0.05)
    Expert 1: std=0.018454, mean=-0.375346
      WARNING: Expert 1 collapsed (std < 0.05)
    VIX correlation (regime_1): -0.849
  Expert weight divergence (0 vs 1): diff=3.4574, cosine=0.1469
    INFO: Good expert divergence (cosine < 0.5) - experts learning different functions
  Saved to: experiments/05a_regime_output/learn2r_d010_lb2_mlp/collapse_monitoring/collapse_monitor_epoch26.json
[DEBUG CollapseMonitor] on_validation_epoch_start called for epoch 27
[DEBUG CollapseMonitor] reset_temporal_state() called on loss function
Epoch 27: val_loss=0.40525582432746887
Epoch 27: train_loss=0.4234408140182495

[CollapseMonitor] Epoch 27
  [DEBUG] Processed 21 batches from val_dataloader
  [DEBUG] Predictions shape after concat: (1282,)
  [DEBUG] All predictions list length: 21
  [DEBUG] First batch shape: (64,)
  Pred std: 0.019494, range: 0.128854, mean: 0.058416
  Pos: 100.0%, Neg: 0.0%, Unique: 1264
  Collapse penalty: 0.000000 (threshold: 0.005000)
  Saved validation predictions to: experiments/05a_regime_output/learn2r_d010_lb2_mlp/collapse_monitoring/val_predictions_epoch27.npy
  Gradient norms:
    lstm_encoder: 0.009679
    lstm_decoder: 0.005827
    output_layer: 0.035707
  VSN output std:
    encoder: 0.098507
  Attention entropy: 2.915038
  Regime diagnostics:
    Routing entropy: 0.6887 (normalized: 0.9936)
    Dominant regime: 91.7%
    Regime assignments: 0=8.3%, 1=91.7%
    Avg routing weights: R0=0.4623, R1=0.5377
    Expert 0: std=0.016957, mean=0.488053
      WARNING: Expert 0 collapsed (std < 0.05)
    Expert 1: std=0.020518, mean=-0.396082
      WARNING: Expert 1 collapsed (std < 0.05)
    VIX correlation (regime_1): -0.841
  Expert weight divergence (0 vs 1): diff=3.4618, cosine=0.1490
    INFO: Good expert divergence (cosine < 0.5) - experts learning different functions
  Saved to: experiments/05a_regime_output/learn2r_d010_lb2_mlp/collapse_monitoring/collapse_monitor_epoch27.json
[DEBUG CollapseMonitor] on_validation_epoch_start called for epoch 28
[DEBUG CollapseMonitor] reset_temporal_state() called on loss function
Epoch 28: val_loss=0.404606431722641
Epoch 28: train_loss=0.42108434438705444

[CollapseMonitor] Epoch 28
  [DEBUG] Processed 21 batches from val_dataloader
  [DEBUG] Predictions shape after concat: (1282,)
  [DEBUG] All predictions list length: 21
  [DEBUG] First batch shape: (64,)
  Pred std: 0.020452, range: 0.139361, mean: 0.041261
  Pos: 100.0%, Neg: 0.0%, Unique: 1264
  Collapse penalty: 0.000000 (threshold: 0.005000)
  Saved validation predictions to: experiments/05a_regime_output/learn2r_d010_lb2_mlp/collapse_monitoring/val_predictions_epoch28.npy
  Gradient norms:
    lstm_encoder: 0.009987
    lstm_decoder: 0.006043
    output_layer: 0.035158
  VSN output std:
    encoder: 0.097090
  Attention entropy: 2.920532
  Regime diagnostics:
    Routing entropy: 0.6874 (normalized: 0.9917)
    Dominant regime: 93.6%
    Regime assignments: 0=6.4%, 1=93.6%
    Avg routing weights: R0=0.4539, R1=0.5461
    Expert 0: std=0.013469, mean=0.474149
      WARNING: Expert 0 collapsed (std < 0.05)
    Expert 1: std=0.021610, mean=-0.400259
      WARNING: Expert 1 collapsed (std < 0.05)
    VIX correlation (regime_1): -0.857
  Expert weight divergence (0 vs 1): diff=3.4672, cosine=0.1501
    INFO: Good expert divergence (cosine < 0.5) - experts learning different functions
  Saved to: experiments/05a_regime_output/learn2r_d010_lb2_mlp/collapse_monitoring/collapse_monitor_epoch28.json
[DEBUG CollapseMonitor] on_validation_epoch_start called for epoch 29
[DEBUG CollapseMonitor] reset_temporal_state() called on loss function
Epoch 29: val_loss=0.40498682856559753
Epoch 29: train_loss=0.4221421182155609

[CollapseMonitor] Epoch 29
  [DEBUG] Processed 21 batches from val_dataloader
  [DEBUG] Predictions shape after concat: (1282,)
  [DEBUG] All predictions list length: 21
  [DEBUG] First batch shape: (64,)
  Pred std: 0.019021, range: 0.137762, mean: 0.062137
  Pos: 100.0%, Neg: 0.0%, Unique: 1262
  Collapse penalty: 0.000000 (threshold: 0.005000)
  Saved validation predictions to: experiments/05a_regime_output/learn2r_d010_lb2_mlp/collapse_monitoring/val_predictions_epoch29.npy
  Gradient norms:
    lstm_encoder: 0.010686
    lstm_decoder: 0.006608
    output_layer: 0.035172
  VSN output std:
    encoder: 0.096816
  Attention entropy: 2.923889
  Regime diagnostics:
    Routing entropy: 0.6895 (normalized: 0.9947)
    Dominant regime: 91.6%
    Regime assignments: 0=8.4%, 1=91.6%
    Avg routing weights: R0=0.4645, R1=0.5355
    Expert 0: std=0.010719, mean=0.476614
      WARNING: Expert 0 collapsed (std < 0.05)
    Expert 1: std=0.020730, mean=-0.385227
      WARNING: Expert 1 collapsed (std < 0.05)
    VIX correlation (regime_1): -0.882
  Expert weight divergence (0 vs 1): diff=3.4725, cosine=0.1515
    INFO: Good expert divergence (cosine < 0.5) - experts learning different functions
  Saved to: experiments/05a_regime_output/learn2r_d010_lb2_mlp/collapse_monitoring/collapse_monitor_epoch29.json
[DEBUG CollapseMonitor] on_validation_epoch_start called for epoch 30
[DEBUG CollapseMonitor] reset_temporal_state() called on loss function
Epoch 30: val_loss=0.4049838185310364
Epoch 30: train_loss=0.42268285155296326

[CollapseMonitor] Epoch 30
  [DEBUG] Processed 21 batches from val_dataloader
  [DEBUG] Predictions shape after concat: (1282,)
  [DEBUG] All predictions list length: 21
  [DEBUG] First batch shape: (64,)
  Pred std: 0.017123, range: 0.140770, mean: 0.030841
  Pos: 100.0%, Neg: 0.0%, Unique: 1267
  Collapse penalty: 0.000000 (threshold: 0.005000)
  Saved validation predictions to: experiments/05a_regime_output/learn2r_d010_lb2_mlp/collapse_monitoring/val_predictions_epoch30.npy
  Gradient norms:
    lstm_encoder: 0.010759
    lstm_decoder: 0.006808
    output_layer: 0.038692
  VSN output std:
    encoder: 0.096595
  Attention entropy: 2.924112
  Regime diagnostics:
    Routing entropy: 0.6875 (normalized: 0.9919)
    Dominant regime: 94.8%
    Regime assignments: 0=5.2%, 1=94.8%
    Avg routing weights: R0=0.4524, R1=0.5476
    Expert 0: std=0.010585, mean=0.448018
      WARNING: Expert 0 collapsed (std < 0.05)
    Expert 1: std=0.024682, mean=-0.392101
      WARNING: Expert 1 collapsed (std < 0.05)
    VIX correlation (regime_1): -0.884
  Expert weight divergence (0 vs 1): diff=3.4764, cosine=0.1527
    INFO: Good expert divergence (cosine < 0.5) - experts learning different functions
  Saved to: experiments/05a_regime_output/learn2r_d010_lb2_mlp/collapse_monitoring/collapse_monitor_epoch30.json
[DEBUG CollapseMonitor] on_validation_epoch_start called for epoch 31
[DEBUG CollapseMonitor] reset_temporal_state() called on loss function
Epoch 31: val_loss=0.40432804822921753
Epoch 31: train_loss=0.42164990305900574

[CollapseMonitor] Epoch 31
  [DEBUG] Processed 21 batches from val_dataloader
  [DEBUG] Predictions shape after concat: (1282,)
  [DEBUG] All predictions list length: 21
  [DEBUG] First batch shape: (64,)
  Pred std: 0.015391, range: 0.134397, mean: 0.044653
  Pos: 100.0%, Neg: 0.0%, Unique: 1259
  Collapse penalty: 0.000000 (threshold: 0.005000)
  Saved validation predictions to: experiments/05a_regime_output/learn2r_d010_lb2_mlp/collapse_monitoring/val_predictions_epoch31.npy
  Gradient norms:
    lstm_encoder: 0.010791
    lstm_decoder: 0.006910
    output_layer: 0.038179
  VSN output std:
    encoder: 0.096533
  Attention entropy: 2.923784
  Regime diagnostics:
    Routing entropy: 0.6887 (normalized: 0.9937)
    Dominant regime: 92.0%
    Regime assignments: 0=8.0%, 1=92.0%
    Avg routing weights: R0=0.4592, R1=0.5408
    Expert 0: std=0.009539, mean=0.447504
      WARNING: Expert 0 collapsed (std < 0.05)
    Expert 1: std=0.026975, mean=-0.378591
      WARNING: Expert 1 collapsed (std < 0.05)
    VIX correlation (regime_1): -0.896
  Expert weight divergence (0 vs 1): diff=3.4825, cosine=0.1537
    INFO: Good expert divergence (cosine < 0.5) - experts learning different functions
  Saved to: experiments/05a_regime_output/learn2r_d010_lb2_mlp/collapse_monitoring/collapse_monitor_epoch31.json
[DEBUG CollapseMonitor] on_validation_epoch_start called for epoch 32
[DEBUG CollapseMonitor] reset_temporal_state() called on loss function
Epoch 32: val_loss=0.4041317105293274
Epoch 32: train_loss=0.42211759090423584

[CollapseMonitor] Epoch 32
  [DEBUG] Processed 21 batches from val_dataloader
  [DEBUG] Predictions shape after concat: (1282,)
  [DEBUG] All predictions list length: 21
  [DEBUG] First batch shape: (64,)
  Pred std: 0.012748, range: 0.112708, mean: 0.033200
  Pos: 100.0%, Neg: 0.0%, Unique: 1258
  Collapse penalty: 0.000000 (threshold: 0.005000)
  Saved validation predictions to: experiments/05a_regime_output/learn2r_d010_lb2_mlp/collapse_monitoring/val_predictions_epoch32.npy
  Gradient norms:
    lstm_encoder: 0.011340
    lstm_decoder: 0.007077
    output_layer: 0.038912
  VSN output std:
    encoder: 0.096639
  Attention entropy: 2.922582
  Regime diagnostics:
    Routing entropy: 0.6893 (normalized: 0.9945)
    Dominant regime: 91.9%
    Regime assignments: 0=8.1%, 1=91.9%
    Avg routing weights: R0=0.4625, R1=0.5375
    Expert 0: std=0.009700, mean=0.431602
      WARNING: Expert 0 collapsed (std < 0.05)
    Expert 1: std=0.025250, mean=-0.387032
      WARNING: Expert 1 collapsed (std < 0.05)
    VIX correlation (regime_1): -0.890
  Expert weight divergence (0 vs 1): diff=3.4863, cosine=0.1558
    INFO: Good expert divergence (cosine < 0.5) - experts learning different functions
  Saved to: experiments/05a_regime_output/learn2r_d010_lb2_mlp/collapse_monitoring/collapse_monitor_epoch32.json
[DEBUG CollapseMonitor] on_validation_epoch_start called for epoch 33
[DEBUG CollapseMonitor] reset_temporal_state() called on loss function
Epoch 33: val_loss=0.4029133915901184
Epoch 33: train_loss=0.4203428328037262

[CollapseMonitor] Epoch 33
  [DEBUG] Processed 21 batches from val_dataloader
  [DEBUG] Predictions shape after concat: (1282,)
  [DEBUG] All predictions list length: 21
  [DEBUG] First batch shape: (64,)
  Pred std: 0.016675, range: 0.134239, mean: 0.067439
  Pos: 100.0%, Neg: 0.0%, Unique: 1262
  Collapse penalty: 0.000000 (threshold: 0.005000)
  Saved validation predictions to: experiments/05a_regime_output/learn2r_d010_lb2_mlp/collapse_monitoring/val_predictions_epoch33.npy
  Gradient norms:
    lstm_encoder: 0.012086
    lstm_decoder: 0.007447
    output_layer: 0.036421
  VSN output std:
    encoder: 0.096978
  Attention entropy: 2.922350
  Regime diagnostics:
    Routing entropy: 0.6902 (normalized: 0.9958)
    Dominant regime: 89.4%
    Regime assignments: 0=10.6%, 1=89.4%
    Avg routing weights: R0=0.4695, R1=0.5305
    Expert 0: std=0.010494, mean=0.448514
      WARNING: Expert 0 collapsed (std < 0.05)
    Expert 1: std=0.023888, mean=-0.358868
      WARNING: Expert 1 collapsed (std < 0.05)
    VIX correlation (regime_1): -0.889
  Expert weight divergence (0 vs 1): diff=3.4908, cosine=0.1570
    INFO: Good expert divergence (cosine < 0.5) - experts learning different functions
  Saved to: experiments/05a_regime_output/learn2r_d010_lb2_mlp/collapse_monitoring/collapse_monitor_epoch33.json
[DEBUG CollapseMonitor] on_validation_epoch_start called for epoch 34
[DEBUG CollapseMonitor] reset_temporal_state() called on loss function
Epoch 34: val_loss=0.40158015489578247
Epoch 34: train_loss=0.4210408329963684

[CollapseMonitor] Epoch 34
  [DEBUG] Processed 21 batches from val_dataloader
  [DEBUG] Predictions shape after concat: (1282,)
  [DEBUG] All predictions list length: 21
  [DEBUG] First batch shape: (64,)
  Pred std: 0.015650, range: 0.131601, mean: 0.053638
  Pos: 100.0%, Neg: 0.0%, Unique: 1264
  Collapse penalty: 0.000000 (threshold: 0.005000)
  Saved validation predictions to: experiments/05a_regime_output/learn2r_d010_lb2_mlp/collapse_monitoring/val_predictions_epoch34.npy
  Gradient norms:
    lstm_encoder: 0.013568
    lstm_decoder: 0.008117
    output_layer: 0.037101
  VSN output std:
    encoder: 0.096415
  Attention entropy: 2.914376
  Regime diagnostics:
    Routing entropy: 0.6902 (normalized: 0.9957)
    Dominant regime: 87.5%
    Regime assignments: 0=12.5%, 1=87.5%
    Avg routing weights: R0=0.4720, R1=0.5280
    Expert 0: std=0.012190, mean=0.421749
      WARNING: Expert 0 collapsed (std < 0.05)
    Expert 1: std=0.024545, mean=-0.360467
      WARNING: Expert 1 collapsed (std < 0.05)
    VIX correlation (regime_1): -0.870
  Expert weight divergence (0 vs 1): diff=3.4953, cosine=0.1581
    INFO: Good expert divergence (cosine < 0.5) - experts learning different functions
  Saved to: experiments/05a_regime_output/learn2r_d010_lb2_mlp/collapse_monitoring/collapse_monitor_epoch34.json
[DEBUG CollapseMonitor] on_validation_epoch_start called for epoch 35
[DEBUG CollapseMonitor] reset_temporal_state() called on loss function
Epoch 35: val_loss=0.40193668007850647
Epoch 35: train_loss=0.42070436477661133

[CollapseMonitor] Epoch 35
  [DEBUG] Processed 21 batches from val_dataloader
  [DEBUG] Predictions shape after concat: (1282,)
  [DEBUG] All predictions list length: 21
  [DEBUG] First batch shape: (64,)
  Pred std: 0.015741, range: 0.136021, mean: 0.055170
  Pos: 100.0%, Neg: 0.0%, Unique: 1258
  Collapse penalty: 0.000000 (threshold: 0.005000)
  Saved validation predictions to: experiments/05a_regime_output/learn2r_d010_lb2_mlp/collapse_monitoring/val_predictions_epoch35.npy
  Gradient norms:
    lstm_encoder: 0.013544
    lstm_decoder: 0.008098
    output_layer: 0.035778
  VSN output std:
    encoder: 0.095789
  Attention entropy: 2.918653
  Regime diagnostics:
    Routing entropy: 0.6896 (normalized: 0.9949)
    Dominant regime: 90.5%
    Regime assignments: 0=9.5%, 1=90.5%
    Avg routing weights: R0=0.4654, R1=0.5346
    Expert 0: std=0.010376, mean=0.423300
      WARNING: Expert 0 collapsed (std < 0.05)
    Expert 1: std=0.025607, mean=-0.351061
      WARNING: Expert 1 collapsed (std < 0.05)
    VIX correlation (regime_1): -0.898
  Expert weight divergence (0 vs 1): diff=3.4975, cosine=0.1591
    INFO: Good expert divergence (cosine < 0.5) - experts learning different functions
  Saved to: experiments/05a_regime_output/learn2r_d010_lb2_mlp/collapse_monitoring/collapse_monitor_epoch35.json
[DEBUG CollapseMonitor] on_validation_epoch_start called for epoch 36
[DEBUG CollapseMonitor] reset_temporal_state() called on loss function
Epoch 36: val_loss=0.4010791480541229
Epoch 36: train_loss=0.42059266567230225

[CollapseMonitor] Epoch 36
  [DEBUG] Processed 21 batches from val_dataloader
  [DEBUG] Predictions shape after concat: (1282,)
  [DEBUG] All predictions list length: 21
  [DEBUG] First batch shape: (64,)
  Pred std: 0.017710, range: 0.155514, mean: 0.058657
  Pos: 100.0%, Neg: 0.0%, Unique: 1262
  Collapse penalty: 0.000000 (threshold: 0.005000)
  Saved validation predictions to: experiments/05a_regime_output/learn2r_d010_lb2_mlp/collapse_monitoring/val_predictions_epoch36.npy
  Gradient norms:
    lstm_encoder: 0.013367
    lstm_decoder: 0.008202
    output_layer: 0.038427
  VSN output std:
    encoder: 0.094999
  Attention entropy: 2.914986
  Regime diagnostics:
    Routing entropy: 0.6902 (normalized: 0.9957)
    Dominant regime: 87.8%
    Regime assignments: 0=12.2%, 1=87.8%
    Avg routing weights: R0=0.4705, R1=0.5295
    Expert 0: std=0.010711, mean=0.420217
      WARNING: Expert 0 collapsed (std < 0.05)
    Expert 1: std=0.024141, mean=-0.350779
      WARNING: Expert 1 collapsed (std < 0.05)
    VIX correlation (regime_1): -0.889
  Expert weight divergence (0 vs 1): diff=3.5048, cosine=0.1601
    INFO: Good expert divergence (cosine < 0.5) - experts learning different functions
  Saved to: experiments/05a_regime_output/learn2r_d010_lb2_mlp/collapse_monitoring/collapse_monitor_epoch36.json
[DEBUG CollapseMonitor] on_validation_epoch_start called for epoch 37
[DEBUG CollapseMonitor] reset_temporal_state() called on loss function
Epoch 37: val_loss=0.40070855617523193
Epoch 37: train_loss=0.4207953214645386

[CollapseMonitor] Epoch 37
  [DEBUG] Processed 21 batches from val_dataloader
  [DEBUG] Predictions shape after concat: (1282,)
  [DEBUG] All predictions list length: 21
  [DEBUG] First batch shape: (64,)
  Pred std: 0.021251, range: 0.178825, mean: 0.032642
  Pos: 100.0%, Neg: 0.0%, Unique: 1265
  Collapse penalty: 0.000000 (threshold: 0.005000)
  Saved validation predictions to: experiments/05a_regime_output/learn2r_d010_lb2_mlp/collapse_monitoring/val_predictions_epoch37.npy
  Gradient norms:
    lstm_encoder: 0.013316
    lstm_decoder: 0.007872
    output_layer: 0.038251
  VSN output std:
    encoder: 0.095062
  Attention entropy: 2.909675
  Regime diagnostics:
    Routing entropy: 0.6884 (normalized: 0.9931)
    Dominant regime: 91.9%
    Regime assignments: 0=8.1%, 1=91.9%
    Avg routing weights: R0=0.4582, R1=0.5418
    Expert 0: std=0.011669, mean=0.411378
      WARNING: Expert 0 collapsed (std < 0.05)
    Expert 1: std=0.027601, mean=-0.370093
      WARNING: Expert 1 collapsed (std < 0.05)
    VIX correlation (regime_1): -0.890
  Expert weight divergence (0 vs 1): diff=3.5098, cosine=0.1604
    INFO: Good expert divergence (cosine < 0.5) - experts learning different functions
  Saved to: experiments/05a_regime_output/learn2r_d010_lb2_mlp/collapse_monitoring/collapse_monitor_epoch37.json
[DEBUG CollapseMonitor] on_validation_epoch_start called for epoch 38
[DEBUG CollapseMonitor] reset_temporal_state() called on loss function
Epoch 38: val_loss=0.4012902081012726
Epoch 38: train_loss=0.4192546010017395

[CollapseMonitor] Epoch 38
  [DEBUG] Processed 21 batches from val_dataloader
  [DEBUG] Predictions shape after concat: (1282,)
  [DEBUG] All predictions list length: 21
  [DEBUG] First batch shape: (64,)
  Pred std: 0.021479, range: 0.176927, mean: 0.054941
  Pos: 100.0%, Neg: 0.0%, Unique: 1267
  Collapse penalty: 0.000000 (threshold: 0.005000)
  Saved validation predictions to: experiments/05a_regime_output/learn2r_d010_lb2_mlp/collapse_monitoring/val_predictions_epoch38.npy
  Gradient norms:
    lstm_encoder: 0.014292
    lstm_decoder: 0.008915
    output_layer: 0.038290
  VSN output std:
    encoder: 0.095238
  Attention entropy: 2.902367
  Regime diagnostics:
    Routing entropy: 0.6899 (normalized: 0.9953)
    Dominant regime: 90.8%
    Regime assignments: 0=9.2%, 1=90.8%
    Avg routing weights: R0=0.4666, R1=0.5334
    Expert 0: std=0.011614, mean=0.428981
      WARNING: Expert 0 collapsed (std < 0.05)
    Expert 1: std=0.024647, mean=-0.361769
      WARNING: Expert 1 collapsed (std < 0.05)
    VIX correlation (regime_1): -0.893
  Expert weight divergence (0 vs 1): diff=3.5128, cosine=0.1609
    INFO: Good expert divergence (cosine < 0.5) - experts learning different functions
  Saved to: experiments/05a_regime_output/learn2r_d010_lb2_mlp/collapse_monitoring/collapse_monitor_epoch38.json
[DEBUG CollapseMonitor] on_validation_epoch_start called for epoch 39
[DEBUG CollapseMonitor] reset_temporal_state() called on loss function
Epoch 39: val_loss=0.40028345584869385
Epoch 39: train_loss=0.42005041241645813

[CollapseMonitor] Epoch 39
  [DEBUG] Processed 21 batches from val_dataloader
  [DEBUG] Predictions shape after concat: (1282,)
  [DEBUG] All predictions list length: 21
  [DEBUG] First batch shape: (64,)
  Pred std: 0.022604, range: 0.175367, mean: 0.059024
  Pos: 100.0%, Neg: 0.0%, Unique: 1264
  Collapse penalty: 0.000000 (threshold: 0.005000)
  Saved validation predictions to: experiments/05a_regime_output/learn2r_d010_lb2_mlp/collapse_monitoring/val_predictions_epoch39.npy
  Gradient norms:
    lstm_encoder: 0.015303
    lstm_decoder: 0.009830
    output_layer: 0.036389
  VSN output std:
    encoder: 0.095929
  Attention entropy: 2.898721
  Regime diagnostics:
    Routing entropy: 0.6895 (normalized: 0.9947)
    Dominant regime: 90.9%
    Regime assignments: 0=9.1%, 1=90.9%
    Avg routing weights: R0=0.4643, R1=0.5357
    Expert 0: std=0.012046, mean=0.431913
      WARNING: Expert 0 collapsed (std < 0.05)
    Expert 1: std=0.026321, mean=-0.354868
      WARNING: Expert 1 collapsed (std < 0.05)
    VIX correlation (regime_1): -0.890
  Expert weight divergence (0 vs 1): diff=3.5140, cosine=0.1619
    INFO: Good expert divergence (cosine < 0.5) - experts learning different functions
  Saved to: experiments/05a_regime_output/learn2r_d010_lb2_mlp/collapse_monitoring/collapse_monitor_epoch39.json
[DEBUG CollapseMonitor] on_validation_epoch_start called for epoch 40
[DEBUG CollapseMonitor] reset_temporal_state() called on loss function
Epoch 40: val_loss=0.40080520510673523
Epoch 40: train_loss=0.42024609446525574

[CollapseMonitor] Epoch 40
  [DEBUG] Processed 21 batches from val_dataloader
  [DEBUG] Predictions shape after concat: (1282,)
  [DEBUG] All predictions list length: 21
  [DEBUG] First batch shape: (64,)
  Pred std: 0.019460, range: 0.169048, mean: 0.069436
  Pos: 100.0%, Neg: 0.0%, Unique: 1268
  Collapse penalty: 0.000000 (threshold: 0.005000)
  Saved validation predictions to: experiments/05a_regime_output/learn2r_d010_lb2_mlp/collapse_monitoring/val_predictions_epoch40.npy
  Gradient norms:
    lstm_encoder: 0.016032
    lstm_decoder: 0.009773
    output_layer: 0.035228
  VSN output std:
    encoder: 0.095151
  Attention entropy: 2.901793
  Regime diagnostics:
    Routing entropy: 0.6889 (normalized: 0.9939)
    Dominant regime: 93.1%
    Regime assignments: 0=6.9%, 1=93.1%
    Avg routing weights: R0=0.4605, R1=0.5395
    Expert 0: std=0.011829, mean=0.432205
      WARNING: Expert 0 collapsed (std < 0.05)
    Expert 1: std=0.023328, mean=-0.329835
      WARNING: Expert 1 collapsed (std < 0.05)
    VIX correlation (regime_1): -0.868
  Expert weight divergence (0 vs 1): diff=3.5181, cosine=0.1628
    INFO: Good expert divergence (cosine < 0.5) - experts learning different functions
  Saved to: experiments/05a_regime_output/learn2r_d010_lb2_mlp/collapse_monitoring/collapse_monitor_epoch40.json
[DEBUG CollapseMonitor] on_validation_epoch_start called for epoch 41
[DEBUG CollapseMonitor] reset_temporal_state() called on loss function
Epoch 41: val_loss=0.4016213119029999
Epoch 41: train_loss=0.420671671628952

[CollapseMonitor] Epoch 41
  [DEBUG] Processed 21 batches from val_dataloader
  [DEBUG] Predictions shape after concat: (1282,)
  [DEBUG] All predictions list length: 21
  [DEBUG] First batch shape: (64,)
  Pred std: 0.023787, range: 0.189117, mean: 0.039140
  Pos: 100.0%, Neg: 0.0%, Unique: 1253
  Collapse penalty: 0.000000 (threshold: 0.005000)
  Saved validation predictions to: experiments/05a_regime_output/learn2r_d010_lb2_mlp/collapse_monitoring/val_predictions_epoch41.npy
  Gradient norms:
    lstm_encoder: 0.015899
    lstm_decoder: 0.009563
    output_layer: 0.035141
  VSN output std:
    encoder: 0.094863
  Attention entropy: 2.895303
  Regime diagnostics:
    Routing entropy: 0.6901 (normalized: 0.9957)
    Dominant regime: 90.6%
    Regime assignments: 0=9.4%, 1=90.6%
    Avg routing weights: R0=0.4681, R1=0.5319
    Expert 0: std=0.012844, mean=0.416111
      WARNING: Expert 0 collapsed (std < 0.05)
    Expert 1: std=0.024132, mean=-0.379669
      WARNING: Expert 1 collapsed (std < 0.05)
    VIX correlation (regime_1): -0.889
  Expert weight divergence (0 vs 1): diff=3.5207, cosine=0.1636
    INFO: Good expert divergence (cosine < 0.5) - experts learning different functions
  Saved to: experiments/05a_regime_output/learn2r_d010_lb2_mlp/collapse_monitoring/collapse_monitor_epoch41.json
[DEBUG CollapseMonitor] on_validation_epoch_start called for epoch 42
[DEBUG CollapseMonitor] reset_temporal_state() called on loss function
Epoch 42: val_loss=0.400459885597229
Epoch 42: train_loss=0.4191821813583374

[CollapseMonitor] Epoch 42
  [DEBUG] Processed 21 batches from val_dataloader
  [DEBUG] Predictions shape after concat: (1282,)
  [DEBUG] All predictions list length: 21
  [DEBUG] First batch shape: (64,)
  Pred std: 0.022945, range: 0.158308, mean: 0.095433
  Pos: 100.0%, Neg: 0.0%, Unique: 1272
  Collapse penalty: 0.000000 (threshold: 0.005000)
  Saved validation predictions to: experiments/05a_regime_output/learn2r_d010_lb2_mlp/collapse_monitoring/val_predictions_epoch42.npy
  Gradient norms:
    lstm_encoder: 0.016875
    lstm_decoder: 0.010340
    output_layer: 0.035807
  VSN output std:
    encoder: 0.095232
  Attention entropy: 2.899971
  Regime diagnostics:
    Routing entropy: 0.6904 (normalized: 0.9961)
    Dominant regime: 87.2%
    Regime assignments: 0=12.8%, 1=87.2%
    Avg routing weights: R0=0.4713, R1=0.5287
    Expert 0: std=0.012588, mean=0.456921
      WARNING: Expert 0 collapsed (std < 0.05)
    Expert 1: std=0.023716, mean=-0.327317
      WARNING: Expert 1 collapsed (std < 0.05)
    VIX correlation (regime_1): -0.897
  Expert weight divergence (0 vs 1): diff=3.5255, cosine=0.1650
    INFO: Good expert divergence (cosine < 0.5) - experts learning different functions
  Saved to: experiments/05a_regime_output/learn2r_d010_lb2_mlp/collapse_monitoring/collapse_monitor_epoch42.json
[DEBUG CollapseMonitor] on_validation_epoch_start called for epoch 43
[DEBUG CollapseMonitor] reset_temporal_state() called on loss function
Epoch 43: val_loss=0.39877524971961975
Epoch 43: train_loss=0.4192437529563904

[CollapseMonitor] Epoch 43
  [DEBUG] Processed 21 batches from val_dataloader
  [DEBUG] Predictions shape after concat: (1282,)
  [DEBUG] All predictions list length: 21
  [DEBUG] First batch shape: (64,)
  Pred std: 0.018410, range: 0.143350, mean: 0.034401
  Pos: 100.0%, Neg: 0.0%, Unique: 1256
  Collapse penalty: 0.000000 (threshold: 0.005000)
  Saved validation predictions to: experiments/05a_regime_output/learn2r_d010_lb2_mlp/collapse_monitoring/val_predictions_epoch43.npy
  Gradient norms:
    lstm_encoder: 0.017210
    lstm_decoder: 0.010774
    output_layer: 0.034391
  VSN output std:
    encoder: 0.095918
  Attention entropy: 2.895490
  Regime diagnostics:
    Routing entropy: 0.6889 (normalized: 0.9938)
    Dominant regime: 91.4%
    Regime assignments: 0=8.6%, 1=91.4%
    Avg routing weights: R0=0.4608, R1=0.5392
    Expert 0: std=0.011302, mean=0.417800
      WARNING: Expert 0 collapsed (std < 0.05)
    Expert 1: std=0.028274, mean=-0.375267
      WARNING: Expert 1 collapsed (std < 0.05)
    VIX correlation (regime_1): -0.889
  Expert weight divergence (0 vs 1): diff=3.5304, cosine=0.1656
    INFO: Good expert divergence (cosine < 0.5) - experts learning different functions
  Saved to: experiments/05a_regime_output/learn2r_d010_lb2_mlp/collapse_monitoring/collapse_monitor_epoch43.json
[DEBUG CollapseMonitor] on_validation_epoch_start called for epoch 44
[DEBUG CollapseMonitor] reset_temporal_state() called on loss function
Epoch 44: val_loss=0.3989635109901428
Epoch 44: train_loss=0.4202163517475128

[CollapseMonitor] Epoch 44
  [DEBUG] Processed 21 batches from val_dataloader
  [DEBUG] Predictions shape after concat: (1282,)
  [DEBUG] All predictions list length: 21
  [DEBUG] First batch shape: (64,)
  Pred std: 0.024920, range: 0.162158, mean: 0.083437
  Pos: 100.0%, Neg: 0.0%, Unique: 1264
  Collapse penalty: 0.000000 (threshold: 0.005000)
  Saved validation predictions to: experiments/05a_regime_output/learn2r_d010_lb2_mlp/collapse_monitoring/val_predictions_epoch44.npy
  Gradient norms:
    lstm_encoder: 0.016074
    lstm_decoder: 0.009863
    output_layer: 0.035999
  VSN output std:
    encoder: 0.095375
  Attention entropy: 2.901385
  Regime diagnostics:
    Routing entropy: 0.6898 (normalized: 0.9952)
    Dominant regime: 88.9%
    Regime assignments: 0=11.1%, 1=88.9%
    Avg routing weights: R0=0.4674, R1=0.5326
    Expert 0: std=0.013384, mean=0.467607
      WARNING: Expert 0 collapsed (std < 0.05)
    Expert 1: std=0.026747, mean=-0.351925
      WARNING: Expert 1 collapsed (std < 0.05)
    VIX correlation (regime_1): -0.893
  Expert weight divergence (0 vs 1): diff=3.5345, cosine=0.1658
    INFO: Good expert divergence (cosine < 0.5) - experts learning different functions
  Saved to: experiments/05a_regime_output/learn2r_d010_lb2_mlp/collapse_monitoring/collapse_monitor_epoch44.json
[DEBUG CollapseMonitor] on_validation_epoch_start called for epoch 45
[DEBUG CollapseMonitor] reset_temporal_state() called on loss function
Epoch 45: val_loss=0.3967580795288086
Epoch 45: train_loss=0.41925060749053955

[CollapseMonitor] Epoch 45
  [DEBUG] Processed 21 batches from val_dataloader
  [DEBUG] Predictions shape after concat: (1282,)
  [DEBUG] All predictions list length: 21
  [DEBUG] First batch shape: (64,)
  Pred std: 0.025870, range: 0.188762, mean: 0.057875
  Pos: 100.0%, Neg: 0.0%, Unique: 1271
  Collapse penalty: 0.000000 (threshold: 0.005000)
  Saved validation predictions to: experiments/05a_regime_output/learn2r_d010_lb2_mlp/collapse_monitoring/val_predictions_epoch45.npy
  Gradient norms:
    lstm_encoder: 0.017473
    lstm_decoder: 0.010229
    output_layer: 0.034741
  VSN output std:
    encoder: 0.095392
  Attention entropy: 2.893841
  Regime diagnostics:
    Routing entropy: 0.6880 (normalized: 0.9926)
    Dominant regime: 91.6%
    Regime assignments: 0=8.4%, 1=91.6%
    Avg routing weights: R0=0.4569, R1=0.5431
    Expert 0: std=0.013385, mean=0.453206
      WARNING: Expert 0 collapsed (std < 0.05)
    Expert 1: std=0.026373, mean=-0.366143
      WARNING: Expert 1 collapsed (std < 0.05)
    VIX correlation (regime_1): -0.887
  Expert weight divergence (0 vs 1): diff=3.5384, cosine=0.1658
    INFO: Good expert divergence (cosine < 0.5) - experts learning different functions
  Saved to: experiments/05a_regime_output/learn2r_d010_lb2_mlp/collapse_monitoring/collapse_monitor_epoch45.json
[DEBUG CollapseMonitor] on_validation_epoch_start called for epoch 46
[DEBUG CollapseMonitor] reset_temporal_state() called on loss function
Epoch 46: val_loss=0.3985130786895752
Epoch 46: train_loss=0.41834256052970886

[CollapseMonitor] Epoch 46
  [DEBUG] Processed 21 batches from val_dataloader
  [DEBUG] Predictions shape after concat: (1282,)
  [DEBUG] All predictions list length: 21
  [DEBUG] First batch shape: (64,)
  Pred std: 0.018664, range: 0.145150, mean: 0.060557
  Pos: 100.0%, Neg: 0.0%, Unique: 1268
  Collapse penalty: 0.000000 (threshold: 0.005000)
  Saved validation predictions to: experiments/05a_regime_output/learn2r_d010_lb2_mlp/collapse_monitoring/val_predictions_epoch46.npy
  Gradient norms:
    lstm_encoder: 0.016339
    lstm_decoder: 0.009400
    output_layer: 0.036745
  VSN output std:
    encoder: 0.095951
  Attention entropy: 2.904571
  Regime diagnostics:
    Routing entropy: 0.6887 (normalized: 0.9936)
    Dominant regime: 93.0%
    Regime assignments: 0=7.0%, 1=93.0%
    Avg routing weights: R0=0.4586, R1=0.5414
    Expert 0: std=0.010456, mean=0.446088
      WARNING: Expert 0 collapsed (std < 0.05)
    Expert 1: std=0.025212, mean=-0.353719
      WARNING: Expert 1 collapsed (std < 0.05)
    VIX correlation (regime_1): -0.885
  Expert weight divergence (0 vs 1): diff=3.5383, cosine=0.1666
    INFO: Good expert divergence (cosine < 0.5) - experts learning different functions
  Saved to: experiments/05a_regime_output/learn2r_d010_lb2_mlp/collapse_monitoring/collapse_monitor_epoch46.json
[DEBUG CollapseMonitor] on_validation_epoch_start called for epoch 47
[DEBUG CollapseMonitor] reset_temporal_state() called on loss function
Epoch 47: val_loss=0.39861008524894714
Epoch 47: train_loss=0.4200955331325531

[CollapseMonitor] Epoch 47
  [DEBUG] Processed 21 batches from val_dataloader
  [DEBUG] Predictions shape after concat: (1282,)
  [DEBUG] All predictions list length: 21
  [DEBUG] First batch shape: (64,)
  Pred std: 0.014916, range: 0.111822, mean: 0.074460
  Pos: 100.0%, Neg: 0.0%, Unique: 1265
  Collapse penalty: 0.000000 (threshold: 0.005000)
  Saved validation predictions to: experiments/05a_regime_output/learn2r_d010_lb2_mlp/collapse_monitoring/val_predictions_epoch47.npy
  Gradient norms:
    lstm_encoder: 0.017951
    lstm_decoder: 0.010796
    output_layer: 0.036386
  VSN output std:
    encoder: 0.096107
  Attention entropy: 2.909889
  Regime diagnostics:
    Routing entropy: 0.6905 (normalized: 0.9962)
    Dominant regime: 88.3%
    Regime assignments: 0=11.7%, 1=88.3%
    Avg routing weights: R0=0.4712, R1=0.5288
    Expert 0: std=0.010192, mean=0.451448
      WARNING: Expert 0 collapsed (std < 0.05)
    Expert 1: std=0.026037, mean=-0.352207
      WARNING: Expert 1 collapsed (std < 0.05)
    VIX correlation (regime_1): -0.887
  Expert weight divergence (0 vs 1): diff=3.5411, cosine=0.1673
    INFO: Good expert divergence (cosine < 0.5) - experts learning different functions
  Saved to: experiments/05a_regime_output/learn2r_d010_lb2_mlp/collapse_monitoring/collapse_monitor_epoch47.json
[DEBUG CollapseMonitor] on_validation_epoch_start called for epoch 48
[DEBUG CollapseMonitor] reset_temporal_state() called on loss function
Epoch 48: val_loss=0.39704957604408264
Epoch 48: train_loss=0.4206666648387909

[CollapseMonitor] Epoch 48
  [DEBUG] Processed 21 batches from val_dataloader
  [DEBUG] Predictions shape after concat: (1282,)
  [DEBUG] All predictions list length: 21
  [DEBUG] First batch shape: (64,)
  Pred std: 0.022329, range: 0.159229, mean: 0.087627
  Pos: 100.0%, Neg: 0.0%, Unique: 1265
  Collapse penalty: 0.000000 (threshold: 0.005000)
  Saved validation predictions to: experiments/05a_regime_output/learn2r_d010_lb2_mlp/collapse_monitoring/val_predictions_epoch48.npy
  Gradient norms:
    lstm_encoder: 0.017800
    lstm_decoder: 0.010231
    output_layer: 0.033414
  VSN output std:
    encoder: 0.095296
  Attention entropy: 2.901639
  Regime diagnostics:
    Routing entropy: 0.6904 (normalized: 0.9961)
    Dominant regime: 87.5%
    Regime assignments: 0=12.5%, 1=87.5%
    Avg routing weights: R0=0.4720, R1=0.5280
    Expert 0: std=0.012515, mean=0.467526
      WARNING: Expert 0 collapsed (std < 0.05)
    Expert 1: std=0.026949, mean=-0.350924
      WARNING: Expert 1 collapsed (std < 0.05)
    VIX correlation (regime_1): -0.880
  Expert weight divergence (0 vs 1): diff=3.5468, cosine=0.1671
    INFO: Good expert divergence (cosine < 0.5) - experts learning different functions
  Saved to: experiments/05a_regime_output/learn2r_d010_lb2_mlp/collapse_monitoring/collapse_monitor_epoch48.json
[DEBUG CollapseMonitor] on_validation_epoch_start called for epoch 49
[DEBUG CollapseMonitor] reset_temporal_state() called on loss function
Epoch 49: val_loss=0.3981791138648987
Epoch 49: train_loss=0.41861140727996826

[CollapseMonitor] Epoch 49
  [DEBUG] Processed 21 batches from val_dataloader
  [DEBUG] Predictions shape after concat: (1282,)
  [DEBUG] All predictions list length: 21
  [DEBUG] First batch shape: (64,)
  Pred std: 0.016031, range: 0.134113, mean: 0.065892
  Pos: 100.0%, Neg: 0.0%, Unique: 1260
  Collapse penalty: 0.000000 (threshold: 0.005000)
  Saved validation predictions to: experiments/05a_regime_output/learn2r_d010_lb2_mlp/collapse_monitoring/val_predictions_epoch49.npy
  Gradient norms:
    lstm_encoder: 0.019724
    lstm_decoder: 0.011613
    output_layer: 0.037331
  VSN output std:
    encoder: 0.094641
  Attention entropy: 2.909659
  Regime diagnostics:
    Routing entropy: 0.6905 (normalized: 0.9962)
    Dominant regime: 88.0%
    Regime assignments: 0=12.0%, 1=88.0%
    Avg routing weights: R0=0.4715, R1=0.5285
    Expert 0: std=0.011739, mean=0.441265
      WARNING: Expert 0 collapsed (std < 0.05)
    Expert 1: std=0.027278, mean=-0.358908
      WARNING: Expert 1 collapsed (std < 0.05)
    VIX correlation (regime_1): -0.886
  Expert weight divergence (0 vs 1): diff=3.5490, cosine=0.1674
    INFO: Good expert divergence (cosine < 0.5) - experts learning different functions
  Saved to: experiments/05a_regime_output/learn2r_d010_lb2_mlp/collapse_monitoring/collapse_monitor_epoch49.json
[DEBUG CollapseMonitor] on_validation_epoch_start called for epoch 50
[DEBUG CollapseMonitor] reset_temporal_state() called on loss function
Epoch 50: val_loss=0.4001981317996979
Epoch 50: train_loss=0.419246643781662

[CollapseMonitor] Epoch 50
  [DEBUG] Processed 21 batches from val_dataloader
  [DEBUG] Predictions shape after concat: (1282,)
  [DEBUG] All predictions list length: 21
  [DEBUG] First batch shape: (64,)
  Pred std: 0.014599, range: 0.111070, mean: 0.093617
  Pos: 100.0%, Neg: 0.0%, Unique: 1266
  Collapse penalty: 0.000000 (threshold: 0.005000)
  Saved validation predictions to: experiments/05a_regime_output/learn2r_d010_lb2_mlp/collapse_monitoring/val_predictions_epoch50.npy
  Gradient norms:
    lstm_encoder: 0.018451
    lstm_decoder: 0.010762
    output_layer: 0.036285
  VSN output std:
    encoder: 0.095281
  Attention entropy: 2.905025
  Regime diagnostics:
    Routing entropy: 0.6910 (normalized: 0.9968)
    Dominant regime: 88.0%
    Regime assignments: 0=12.0%, 1=88.0%
    Avg routing weights: R0=0.4739, R1=0.5261
    Expert 0: std=0.011598, mean=0.469848
      WARNING: Expert 0 collapsed (std < 0.05)
    Expert 1: std=0.027529, mean=-0.340280
      WARNING: Expert 1 collapsed (std < 0.05)
    VIX correlation (regime_1): -0.875
  Expert weight divergence (0 vs 1): diff=3.5506, cosine=0.1679
    INFO: Good expert divergence (cosine < 0.5) - experts learning different functions
  Saved to: experiments/05a_regime_output/learn2r_d010_lb2_mlp/collapse_monitoring/collapse_monitor_epoch50.json
[DEBUG CollapseMonitor] on_validation_epoch_start called for epoch 51
[DEBUG CollapseMonitor] reset_temporal_state() called on loss function
Epoch 51: val_loss=0.3978634178638458
Epoch 51: train_loss=0.41941481828689575

[CollapseMonitor] Epoch 51
  [DEBUG] Processed 21 batches from val_dataloader
  [DEBUG] Predictions shape after concat: (1282,)
  [DEBUG] All predictions list length: 21
  [DEBUG] First batch shape: (64,)
  Pred std: 0.012501, range: 0.100387, mean: 0.062817
  Pos: 100.0%, Neg: 0.0%, Unique: 1255
  Collapse penalty: 0.000000 (threshold: 0.005000)
  Saved validation predictions to: experiments/05a_regime_output/learn2r_d010_lb2_mlp/collapse_monitoring/val_predictions_epoch51.npy
  Gradient norms:
    lstm_encoder: 0.019910
    lstm_decoder: 0.010864
    output_layer: 0.032935
  VSN output std:
    encoder: 0.095729
  Attention entropy: 2.899421
  Regime diagnostics:
    Routing entropy: 0.6907 (normalized: 0.9964)
    Dominant regime: 88.0%
    Regime assignments: 0=12.0%, 1=88.0%
    Avg routing weights: R0=0.4724, R1=0.5276
    Expert 0: std=0.012251, mean=0.445063
      WARNING: Expert 0 collapsed (std < 0.05)
    Expert 1: std=0.031422, mean=-0.364935
      WARNING: Expert 1 collapsed (std < 0.05)
    VIX correlation (regime_1): -0.871
  Expert weight divergence (0 vs 1): diff=3.5520, cosine=0.1683
    INFO: Good expert divergence (cosine < 0.5) - experts learning different functions
  Saved to: experiments/05a_regime_output/learn2r_d010_lb2_mlp/collapse_monitoring/collapse_monitor_epoch51.json
[DEBUG CollapseMonitor] on_validation_epoch_start called for epoch 52
[DEBUG CollapseMonitor] reset_temporal_state() called on loss function
Epoch 52: val_loss=0.3979123532772064
Epoch 52: train_loss=0.4190238118171692

[CollapseMonitor] Epoch 52
  [DEBUG] Processed 21 batches from val_dataloader
  [DEBUG] Predictions shape after concat: (1282,)
  [DEBUG] All predictions list length: 21
  [DEBUG] First batch shape: (64,)
  Pred std: 0.015036, range: 0.123665, mean: 0.063875
  Pos: 100.0%, Neg: 0.0%, Unique: 1262
  Collapse penalty: 0.000000 (threshold: 0.005000)
  Saved validation predictions to: experiments/05a_regime_output/learn2r_d010_lb2_mlp/collapse_monitoring/val_predictions_epoch52.npy
  Gradient norms:
    lstm_encoder: 0.019564
    lstm_decoder: 0.011390
    output_layer: 0.036309
  VSN output std:
    encoder: 0.095374
  Attention entropy: 2.900383
  Regime diagnostics:
    Routing entropy: 0.6903 (normalized: 0.9959)
    Dominant regime: 89.7%
    Regime assignments: 0=10.3%, 1=89.7%
    Avg routing weights: R0=0.4692, R1=0.5308
    Expert 0: std=0.012050, mean=0.452957
      WARNING: Expert 0 collapsed (std < 0.05)
    Expert 1: std=0.029953, mean=-0.367745
      WARNING: Expert 1 collapsed (std < 0.05)
    VIX correlation (regime_1): -0.871
  Expert weight divergence (0 vs 1): diff=3.5534, cosine=0.1684
    INFO: Good expert divergence (cosine < 0.5) - experts learning different functions
  Saved to: experiments/05a_regime_output/learn2r_d010_lb2_mlp/collapse_monitoring/collapse_monitor_epoch52.json
[DEBUG CollapseMonitor] on_validation_epoch_start called for epoch 53
[DEBUG CollapseMonitor] reset_temporal_state() called on loss function
Epoch 53: val_loss=0.3975432515144348
Epoch 53: train_loss=0.4190634489059448

[CollapseMonitor] Epoch 53
  [DEBUG] Processed 21 batches from val_dataloader
  [DEBUG] Predictions shape after concat: (1282,)
  [DEBUG] All predictions list length: 21
  [DEBUG] First batch shape: (64,)
  Pred std: 0.016522, range: 0.130091, mean: 0.077318
  Pos: 100.0%, Neg: 0.0%, Unique: 1265
  Collapse penalty: 0.000000 (threshold: 0.005000)
  Saved validation predictions to: experiments/05a_regime_output/learn2r_d010_lb2_mlp/collapse_monitoring/val_predictions_epoch53.npy
  Gradient norms:
    lstm_encoder: 0.019113
    lstm_decoder: 0.010687
    output_layer: 0.034431
  VSN output std:
    encoder: 0.095553
  Attention entropy: 2.894673
  Regime diagnostics:
    Routing entropy: 0.6903 (normalized: 0.9959)
    Dominant regime: 88.6%
    Regime assignments: 0=11.4%, 1=88.6%
    Avg routing weights: R0=0.4702, R1=0.5298
    Expert 0: std=0.012470, mean=0.459569
      WARNING: Expert 0 collapsed (std < 0.05)
    Expert 1: std=0.030033, mean=-0.354488
      WARNING: Expert 1 collapsed (std < 0.05)
    VIX correlation (regime_1): -0.869
  Expert weight divergence (0 vs 1): diff=3.5556, cosine=0.1684
    INFO: Good expert divergence (cosine < 0.5) - experts learning different functions
  Saved to: experiments/05a_regime_output/learn2r_d010_lb2_mlp/collapse_monitoring/collapse_monitor_epoch53.json
[DEBUG CollapseMonitor] on_validation_epoch_start called for epoch 54
[DEBUG CollapseMonitor] reset_temporal_state() called on loss function
Epoch 54: val_loss=0.39702311158180237
Epoch 54: train_loss=0.41834908723831177

[CollapseMonitor] Epoch 54
  [DEBUG] Processed 21 batches from val_dataloader
  [DEBUG] Predictions shape after concat: (1282,)
  [DEBUG] All predictions list length: 21
  [DEBUG] First batch shape: (64,)
  Pred std: 0.017434, range: 0.137048, mean: 0.075843
  Pos: 100.0%, Neg: 0.0%, Unique: 1262
  Collapse penalty: 0.000000 (threshold: 0.005000)
  Saved validation predictions to: experiments/05a_regime_output/learn2r_d010_lb2_mlp/collapse_monitoring/val_predictions_epoch54.npy
  Gradient norms:
    lstm_encoder: 0.020163
    lstm_decoder: 0.011399
    output_layer: 0.033391
  VSN output std:
    encoder: 0.095382
  Attention entropy: 2.893123
  Regime diagnostics:
    Routing entropy: 0.6908 (normalized: 0.9966)
    Dominant regime: 87.2%
    Regime assignments: 0=12.8%, 1=87.2%
    Avg routing weights: R0=0.4748, R1=0.5252
    Expert 0: std=0.013192, mean=0.456245
      WARNING: Expert 0 collapsed (std < 0.05)
    Expert 1: std=0.029897, mean=-0.361850
      WARNING: Expert 1 collapsed (std < 0.05)
    VIX correlation (regime_1): -0.859
  Expert weight divergence (0 vs 1): diff=3.5577, cosine=0.1686
    INFO: Good expert divergence (cosine < 0.5) - experts learning different functions
  Saved to: experiments/05a_regime_output/learn2r_d010_lb2_mlp/collapse_monitoring/collapse_monitor_epoch54.json
[DEBUG CollapseMonitor] on_validation_epoch_start called for epoch 55
[DEBUG CollapseMonitor] reset_temporal_state() called on loss function
Epoch 55: val_loss=0.3977382183074951
Epoch 55: train_loss=0.4180748164653778

[CollapseMonitor] Epoch 55
  [DEBUG] Processed 21 batches from val_dataloader
  [DEBUG] Predictions shape after concat: (1282,)
  [DEBUG] All predictions list length: 21
  [DEBUG] First batch shape: (64,)
  Pred std: 0.015865, range: 0.127811, mean: 0.075271
  Pos: 100.0%, Neg: 0.0%, Unique: 1268
  Collapse penalty: 0.000000 (threshold: 0.005000)
  Saved validation predictions to: experiments/05a_regime_output/learn2r_d010_lb2_mlp/collapse_monitoring/val_predictions_epoch55.npy
  Gradient norms:
    lstm_encoder: 0.021567
    lstm_decoder: 0.012038
    output_layer: 0.035657
  VSN output std:
    encoder: 0.095283
  Attention entropy: 2.898140
  Regime diagnostics:
    Routing entropy: 0.6906 (normalized: 0.9963)
    Dominant regime: 89.4%
    Regime assignments: 0=10.6%, 1=89.4%
    Avg routing weights: R0=0.4715, R1=0.5285
    Expert 0: std=0.013306, mean=0.459728
      WARNING: Expert 0 collapsed (std < 0.05)
    Expert 1: std=0.029920, mean=-0.359285
      WARNING: Expert 1 collapsed (std < 0.05)
    VIX correlation (regime_1): -0.854
  Expert weight divergence (0 vs 1): diff=3.5587, cosine=0.1689
    INFO: Good expert divergence (cosine < 0.5) - experts learning different functions
  Saved to: experiments/05a_regime_output/learn2r_d010_lb2_mlp/collapse_monitoring/collapse_monitor_epoch55.json


======================================================================
Training complete
======================================================================

Best val_loss checkpoint: experiments/05a_regime_output/learn2r_d010_lb2_mlp/checkpoints/tft-epoch=epoch=45-valloss=val_loss=0.3968.ckpt
Best validation loss: 0.396758
Checkpoints saved:
  - Best val_loss: experiments/05a_regime_output/learn2r_d010_lb2_mlp/checkpoints/tft-epoch=epoch=45-valloss=val_loss=0.3968.ckpt
  - Best pred_std: experiments/05a_regime_output/learn2r_d010_lb2_mlp/checkpoints/tft-epoch=epoch=45-predstd=val_pred_std=0.0259.ckpt
  - Best unique: experiments/05a_regime_output/learn2r_d010_lb2_mlp/checkpoints/tft-epoch=epoch=42-unique=val_num_unique=1272.ckpt
  - Last epoch: experiments/05a_regime_output/learn2r_d010_lb2_mlp/checkpoints/tft-last-v1.ckpt
Completed at: 2025-11-27 20:46:46
Log saved to: experiments/05a_regime_output/learn2r_d010_lb2_mlp/training_20251127_202558.log
======================================================================
