
[INFO] Using AUTO device selection.

[INFO] Patched matplotlib.Axes.errorbar to abs() negative yerr for robustness.
======================================================================
Training TFT: 10_overnight_sweep/daily_7q_h1_s456
======================================================================
Logging to: experiments/10_overnight_sweep/daily_7q_h1_s456/training_20251204_071620.log
Started at: 2025-12-04 07:16:20
======================================================================
Configuration saved to: experiments/10_overnight_sweep/daily_7q_h1_s456/config.json

Loading data splits...
Train: 6074 samples
Val: 1302 samples
Test: 1302 samples

Preparing TimeSeriesDataSet...

Dropping source columns (used for staleness only): ['CPI']

Final features for TFT: ['SP500_Returns', 'VIX', 'Treasury_10Y', 'Yield_Spread', 'Inflation_YoY']

======================================================================
FEATURE STATISTICS - BEFORE NORMALIZATION
======================================================================
VIX                             mean= 19.7438  std=  8.0295  min=  9.3100  max= 80.8600
Treasury_10Y                    mean=  4.7672  std=  1.6903  min=  1.4300  max=  8.3600
Yield_Spread                    mean=  1.2778  std=  0.9179  min= -0.5200  max=  2.9100
Inflation_YoY                   mean=  2.5322  std=  1.1865  min= -2.1498  max=  6.7300

======================================================================
FEATURES AFTER GROUPNORMALIZER (first batch, last timestep)
======================================================================
VIX                             normalized_value=  1.0000
Treasury_10Y                    normalized_value= -0.0500
Yield_Spread                    normalized_value=  0.0107
Inflation_YoY                   normalized_value=  0.7294
======================================================================

[DEBUG] VIX train values: [28.95 30.38 33.3  31.33 32.63]
[DEBUG] VIX val values: [14.31 15.15 15.13 12.86 13.85]
Batches per epoch: 94
[DEBUG] Validation batches: 21
[DEBUG] Validation dataset size: 1282
[DEBUG] Batch size: 64

Initializing model...

Quantile configuration: 7q
  Quantiles: [0.02, 0.1, 0.25, 0.5, 0.75, 0.9, 0.98]
  Output size: 7
  Median index: 3

Using standard QuantileLoss (no penalties)

[REGIME OUTPUT] Disabled (using baseline output layer)

================================================================================
BASELINE MODEL FEATURE CONFIGURATION (after from_dataset)
================================================================================
tft.hparams.time_varying_reals_encoder: ['relative_time_idx', 'VIX', 'Treasury_10Y', 'Yield_Spread', 'Inflation_YoY']
  Count: 5

tft.hparams.time_varying_reals_decoder: ['relative_time_idx']
  Count: 1

tft.hparams.x_reals (all reals passed to model): ['encoder_length', 'relative_time_idx', 'VIX', 'Treasury_10Y', 'Yield_Spread', 'Inflation_YoY']
  Count: 6

Encoder VSN configuration:
  num_inputs: 5
  input_sizes: {'relative_time_idx': 16, 'VIX': 16, 'Treasury_10Y': 16, 'Yield_Spread': 16, 'Inflation_YoY': 16}
  flattened_grn.fc1: in_features=80, out_features=5
  -> Params in fc1: 400 (should be 5*16*5=400 if 5 features)
================================================================================

Model parameters: 22,615

Starting training...
Checkpoints will be saved to: experiments/10_overnight_sweep/daily_7q_h1_s456/checkpoints/
Logs will be saved to: experiments/10_overnight_sweep/daily_7q_h1_s456/logs/

[DEBUG CollapseMonitor] on_validation_epoch_start called for epoch 0
[DEBUG CollapseMonitor] reset_temporal_state() called on loss function
Epoch 0: val_loss=N/A
[DEBUG CollapseMonitor] on_validation_epoch_start called for epoch 0
[DEBUG CollapseMonitor] reset_temporal_state() called on loss function
Epoch 0: val_loss=0.6961082816123962
Epoch 0: train_loss=0.808125376701355

[CollapseMonitor] Epoch 0
  [DEBUG] Processed 21 batches from val_dataloader
  [DEBUG] Predictions shape after concat: (1282,)
  Pred std: 0.018904, range: 0.139991, mean: 0.856147
  Pos: 100.0%, Neg: 0.0%, Unique: 1262
  Dir Acc: 54.76%, Pred Sharpe: 718.9618
  Composite: 0.4237 (dist_match: 0.5476, actual_pos: 54.8%, pred_pos: 100.0%)
  Collapse penalty: 0.000000 (threshold: 0.005000)
  Saved validation predictions to: experiments/10_overnight_sweep/daily_7q_h1_s456/collapse_monitoring/val_predictions_epoch0.npy
  Gradient norms:
    lstm_encoder: 0.015215
    lstm_decoder: 0.016681
    output_layer: 0.775218
  VSN output std:
    encoder: 0.241997
  Attention entropy: 2.989346
  Saved to: experiments/10_overnight_sweep/daily_7q_h1_s456/collapse_monitoring/collapse_monitor_latest.json
[DEBUG CollapseMonitor] on_validation_epoch_start called for epoch 1
[DEBUG CollapseMonitor] reset_temporal_state() called on loss function
Epoch 1: val_loss=0.5566897392272949
Epoch 1: train_loss=0.682121217250824

[CollapseMonitor] Epoch 1
  [DEBUG] Processed 21 batches from val_dataloader
  [DEBUG] Predictions shape after concat: (1282,)
  Pred std: 0.023570, range: 0.188865, mean: 0.323232
  Pos: 100.0%, Neg: 0.0%, Unique: 1248
  Dir Acc: 54.76%, Pred Sharpe: 217.6983
  Composite: 0.4237 (dist_match: 0.5476, actual_pos: 54.8%, pred_pos: 100.0%)
  Collapse penalty: 0.000000 (threshold: 0.005000)
  Saved validation predictions to: experiments/10_overnight_sweep/daily_7q_h1_s456/collapse_monitoring/val_predictions_epoch1.npy
  Gradient norms:
    lstm_encoder: 0.013252
    lstm_decoder: 0.013544
    output_layer: 0.598798
  VSN output std:
    encoder: 0.244057
  Attention entropy: 2.989223
  Saved to: experiments/10_overnight_sweep/daily_7q_h1_s456/collapse_monitoring/collapse_monitor_latest.json
[DEBUG CollapseMonitor] on_validation_epoch_start called for epoch 2
[DEBUG CollapseMonitor] reset_temporal_state() called on loss function
Epoch 2: val_loss=0.49196717143058777
Epoch 2: train_loss=0.5636070966720581

[CollapseMonitor] Epoch 2
  [DEBUG] Processed 21 batches from val_dataloader
  [DEBUG] Predictions shape after concat: (1282,)
  Pred std: 0.019778, range: 0.170282, mean: 0.028664
  Pos: 100.0%, Neg: 0.0%, Unique: 1228
  Dir Acc: 54.76%, Pred Sharpe: 23.0065
  Composite: 0.4237 (dist_match: 0.5476, actual_pos: 54.8%, pred_pos: 100.0%)
  Collapse penalty: 0.000000 (threshold: 0.005000)
  Saved validation predictions to: experiments/10_overnight_sweep/daily_7q_h1_s456/collapse_monitoring/val_predictions_epoch2.npy
  Gradient norms:
    lstm_encoder: 0.006695
    lstm_decoder: 0.006499
    output_layer: 0.353385
  VSN output std:
    encoder: 0.245723
  Attention entropy: 2.991393
  Saved to: experiments/10_overnight_sweep/daily_7q_h1_s456/collapse_monitoring/collapse_monitor_latest.json
[DEBUG CollapseMonitor] on_validation_epoch_start called for epoch 3
[DEBUG CollapseMonitor] reset_temporal_state() called on loss function
Epoch 3: val_loss=0.46711429953575134
Epoch 3: train_loss=0.5071841478347778

[CollapseMonitor] Epoch 3
  [DEBUG] Processed 21 batches from val_dataloader
  [DEBUG] Predictions shape after concat: (1282,)
  Pred std: 0.013058, range: 0.132229, mean: 0.049374
  Pos: 100.0%, Neg: 0.0%, Unique: 1229
  Dir Acc: 54.76%, Pred Sharpe: 60.0238
  Composite: 0.4237 (dist_match: 0.5476, actual_pos: 54.8%, pred_pos: 100.0%)
  Collapse penalty: 0.000000 (threshold: 0.005000)
  Saved validation predictions to: experiments/10_overnight_sweep/daily_7q_h1_s456/collapse_monitoring/val_predictions_epoch3.npy
  Gradient norms:
    lstm_encoder: 0.003793
    lstm_decoder: 0.003667
    output_layer: 0.215985
  VSN output std:
    encoder: 0.246849
  Attention entropy: 2.993051
  Saved to: experiments/10_overnight_sweep/daily_7q_h1_s456/collapse_monitoring/collapse_monitor_latest.json
[DEBUG CollapseMonitor] on_validation_epoch_start called for epoch 4
[DEBUG CollapseMonitor] reset_temporal_state() called on loss function
Epoch 4: val_loss=0.45768246054649353
Epoch 4: train_loss=0.47824522852897644

[CollapseMonitor] Epoch 4
  [DEBUG] Processed 21 batches from val_dataloader
  [DEBUG] Predictions shape after concat: (1282,)
  Pred std: 0.008897, range: 0.104914, mean: 0.012751
  Pos: 99.8%, Neg: 0.2%, Unique: 1232
  Dir Acc: 54.68%, Pred Sharpe: 22.7518
  Composite: 0.4238 (dist_match: 0.5499, actual_pos: 54.8%, pred_pos: 99.8%)
  Collapse penalty: 0.000000 (threshold: 0.005000)
  Saved validation predictions to: experiments/10_overnight_sweep/daily_7q_h1_s456/collapse_monitoring/val_predictions_epoch4.npy
  Gradient norms:
    lstm_encoder: 0.002891
    lstm_decoder: 0.002802
    output_layer: 0.139236
  VSN output std:
    encoder: 0.247425
  Attention entropy: 2.993689
  Saved to: experiments/10_overnight_sweep/daily_7q_h1_s456/collapse_monitoring/collapse_monitor_latest.json
[DEBUG CollapseMonitor] on_validation_epoch_start called for epoch 5
[DEBUG CollapseMonitor] reset_temporal_state() called on loss function
Epoch 5: val_loss=0.45377811789512634
Epoch 5: train_loss=0.46627044677734375

[CollapseMonitor] Epoch 5
  [DEBUG] Processed 21 batches from val_dataloader
  [DEBUG] Predictions shape after concat: (1282,)
  Pred std: 0.007299, range: 0.073946, mean: 0.062759
  Pos: 100.0%, Neg: 0.0%, Unique: 1236
  Dir Acc: 54.76%, Pred Sharpe: 136.4940
  Composite: 0.4237 (dist_match: 0.5476, actual_pos: 54.8%, pred_pos: 100.0%)
  Collapse penalty: 0.000000 (threshold: 0.005000)
  Saved validation predictions to: experiments/10_overnight_sweep/daily_7q_h1_s456/collapse_monitoring/val_predictions_epoch5.npy
  Gradient norms:
    lstm_encoder: 0.002890
    lstm_decoder: 0.002621
    output_layer: 0.113060
  VSN output std:
    encoder: 0.241935
  Attention entropy: 2.993779
  Saved to: experiments/10_overnight_sweep/daily_7q_h1_s456/collapse_monitoring/collapse_monitor_latest.json
[DEBUG CollapseMonitor] on_validation_epoch_start called for epoch 6
[DEBUG CollapseMonitor] reset_temporal_state() called on loss function
Epoch 6: val_loss=0.45062369108200073
Epoch 6: train_loss=0.460080087184906

[CollapseMonitor] Epoch 6
  [DEBUG] Processed 21 batches from val_dataloader
  [DEBUG] Predictions shape after concat: (1282,)
  Pred std: 0.010602, range: 0.057592, mean: 0.070073
  Pos: 100.0%, Neg: 0.0%, Unique: 1250
  Dir Acc: 54.76%, Pred Sharpe: 104.9228
  Composite: 0.4237 (dist_match: 0.5476, actual_pos: 54.8%, pred_pos: 100.0%)
  Collapse penalty: 0.000000 (threshold: 0.005000)
  Saved validation predictions to: experiments/10_overnight_sweep/daily_7q_h1_s456/collapse_monitoring/val_predictions_epoch6.npy
  Gradient norms:
    lstm_encoder: 0.002777
    lstm_decoder: 0.002438
    output_layer: 0.102850
  VSN output std:
    encoder: 0.223244
  Attention entropy: 2.993381
  Saved to: experiments/10_overnight_sweep/daily_7q_h1_s456/collapse_monitoring/collapse_monitor_latest.json
[DEBUG CollapseMonitor] on_validation_epoch_start called for epoch 7
[DEBUG CollapseMonitor] reset_temporal_state() called on loss function
Epoch 7: val_loss=0.44869041442871094
Epoch 7: train_loss=0.4564943015575409

[CollapseMonitor] Epoch 7
  [DEBUG] Processed 21 batches from val_dataloader
  [DEBUG] Predictions shape after concat: (1282,)
  Pred std: 0.020343, range: 0.098694, mean: 0.079859
  Pos: 100.0%, Neg: 0.0%, Unique: 1249
  Dir Acc: 54.76%, Pred Sharpe: 62.3182
  Composite: 0.4237 (dist_match: 0.5476, actual_pos: 54.8%, pred_pos: 100.0%)
  Collapse penalty: 0.000000 (threshold: 0.005000)
  Saved validation predictions to: experiments/10_overnight_sweep/daily_7q_h1_s456/collapse_monitoring/val_predictions_epoch7.npy
  Gradient norms:
    lstm_encoder: 0.003318
    lstm_decoder: 0.002480
    output_layer: 0.103426
  VSN output std:
    encoder: 0.187983
  Attention entropy: 2.992061
  Saved to: experiments/10_overnight_sweep/daily_7q_h1_s456/collapse_monitoring/collapse_monitor_latest.json
[DEBUG CollapseMonitor] on_validation_epoch_start called for epoch 8
[DEBUG CollapseMonitor] reset_temporal_state() called on loss function
Epoch 8: val_loss=0.4471069574356079
Epoch 8: train_loss=0.45291855931282043

[CollapseMonitor] Epoch 8
  [DEBUG] Processed 21 batches from val_dataloader
  [DEBUG] Predictions shape after concat: (1282,)
  Pred std: 0.037356, range: 0.154043, mean: 0.061137
  Pos: 88.6%, Neg: 11.4%, Unique: 1265
  Dir Acc: 52.11%, Pred Sharpe: 25.9805
  Composite: 0.4329 (dist_match: 0.6615, actual_pos: 54.8%, pred_pos: 88.6%)
  Collapse penalty: 0.000000 (threshold: 0.005000)
  Saved validation predictions to: experiments/10_overnight_sweep/daily_7q_h1_s456/collapse_monitoring/val_predictions_epoch8.npy
  Gradient norms:
    lstm_encoder: 0.004039
    lstm_decoder: 0.002510
    output_layer: 0.099989
  VSN output std:
    encoder: 0.161618
  Attention entropy: 2.988728
  Saved to: experiments/10_overnight_sweep/daily_7q_h1_s456/collapse_monitoring/collapse_monitor_latest.json
[DEBUG CollapseMonitor] on_validation_epoch_start called for epoch 9
[DEBUG CollapseMonitor] reset_temporal_state() called on loss function
Epoch 9: val_loss=0.4431903064250946
Epoch 9: train_loss=0.450590044260025

[CollapseMonitor] Epoch 9
  [DEBUG] Processed 21 batches from val_dataloader
  [DEBUG] Predictions shape after concat: (1282,)
  Pred std: 0.052457, range: 0.207775, mean: 0.072584
  Pos: 87.0%, Neg: 13.0%, Unique: 1245
  Dir Acc: 52.34%, Pred Sharpe: 21.9656
  Composite: 0.4391 (dist_match: 0.6778, actual_pos: 54.8%, pred_pos: 87.0%)
  Collapse penalty: 0.000000 (threshold: 0.005000)
  Saved validation predictions to: experiments/10_overnight_sweep/daily_7q_h1_s456/collapse_monitoring/val_predictions_epoch9.npy
  Gradient norms:
    lstm_encoder: 0.005619
    lstm_decoder: 0.002815
    output_layer: 0.098571
  VSN output std:
    encoder: 0.142802
  Attention entropy: 2.983174
  Saved to: experiments/10_overnight_sweep/daily_7q_h1_s456/collapse_monitoring/collapse_monitor_latest.json
[DEBUG CollapseMonitor] on_validation_epoch_start called for epoch 10
[DEBUG CollapseMonitor] reset_temporal_state() called on loss function
Epoch 10: val_loss=0.43876463174819946
Epoch 10: train_loss=0.44883641600608826

[CollapseMonitor] Epoch 10
  [DEBUG] Processed 21 batches from val_dataloader
  [DEBUG] Predictions shape after concat: (1282,)
  Pred std: 0.050330, range: 0.204210, mean: 0.107781
  Pos: 91.2%, Neg: 8.8%, Unique: 1248
  Dir Acc: 52.34%, Pred Sharpe: 33.9951
  Composite: 0.4281 (dist_match: 0.6357, actual_pos: 54.8%, pred_pos: 91.2%)
  Collapse penalty: 0.000000 (threshold: 0.005000)
  Saved validation predictions to: experiments/10_overnight_sweep/daily_7q_h1_s456/collapse_monitoring/val_predictions_epoch10.npy
  Gradient norms:
    lstm_encoder: 0.006649
    lstm_decoder: 0.002991
    output_layer: 0.105520
  VSN output std:
    encoder: 0.136377
  Attention entropy: 2.978218
  Saved to: experiments/10_overnight_sweep/daily_7q_h1_s456/collapse_monitoring/collapse_monitor_latest.json
[DEBUG CollapseMonitor] on_validation_epoch_start called for epoch 11
[DEBUG CollapseMonitor] reset_temporal_state() called on loss function
Epoch 11: val_loss=0.43561020493507385
Epoch 11: train_loss=0.4449501931667328

[CollapseMonitor] Epoch 11
  [DEBUG] Processed 21 batches from val_dataloader
  [DEBUG] Predictions shape after concat: (1282,)
  Pred std: 0.034409, range: 0.173958, mean: 0.058521
  Pos: 90.2%, Neg: 9.8%, Unique: 1233
  Dir Acc: 52.81%, Pred Sharpe: 26.9981
  Composite: 0.4344 (dist_match: 0.6451, actual_pos: 54.8%, pred_pos: 90.2%)
  Collapse penalty: 0.000000 (threshold: 0.005000)
  Saved validation predictions to: experiments/10_overnight_sweep/daily_7q_h1_s456/collapse_monitoring/val_predictions_epoch11.npy
  Gradient norms:
    lstm_encoder: 0.007299
    lstm_decoder: 0.002985
    output_layer: 0.105395
  VSN output std:
    encoder: 0.134699
  Attention entropy: 2.978436
  Saved to: experiments/10_overnight_sweep/daily_7q_h1_s456/collapse_monitoring/collapse_monitor_latest.json
[DEBUG CollapseMonitor] on_validation_epoch_start called for epoch 12
[DEBUG CollapseMonitor] reset_temporal_state() called on loss function
Epoch 12: val_loss=0.433277428150177
Epoch 12: train_loss=0.4412102699279785

[CollapseMonitor] Epoch 12
  [DEBUG] Processed 21 batches from val_dataloader
  [DEBUG] Predictions shape after concat: (1282,)
  Pred std: 0.024679, range: 0.154493, mean: 0.067646
  Pos: 96.2%, Neg: 3.8%, Unique: 1241
  Dir Acc: 54.21%, Pred Sharpe: 43.5126
  Composite: 0.4298 (dist_match: 0.5858, actual_pos: 54.8%, pred_pos: 96.2%)
  Collapse penalty: 0.000000 (threshold: 0.005000)
  Saved validation predictions to: experiments/10_overnight_sweep/daily_7q_h1_s456/collapse_monitoring/val_predictions_epoch12.npy
  Gradient norms:
    lstm_encoder: 0.007640
    lstm_decoder: 0.003000
    output_layer: 0.097985
  VSN output std:
    encoder: 0.135310
  Attention entropy: 2.979759
  Saved to: experiments/10_overnight_sweep/daily_7q_h1_s456/collapse_monitoring/collapse_monitor_latest.json
[DEBUG CollapseMonitor] on_validation_epoch_start called for epoch 13
[DEBUG CollapseMonitor] reset_temporal_state() called on loss function
Epoch 13: val_loss=0.4301576316356659
Epoch 13: train_loss=0.43891051411628723

[CollapseMonitor] Epoch 13
  [DEBUG] Processed 21 batches from val_dataloader
  [DEBUG] Predictions shape after concat: (1282,)
  Pred std: 0.020432, range: 0.145323, mean: 0.060462
  Pos: 97.0%, Neg: 3.0%, Unique: 1268
  Dir Acc: 54.21%, Pred Sharpe: 46.9754
  Composite: 0.4277 (dist_match: 0.5780, actual_pos: 54.8%, pred_pos: 97.0%)
  Collapse penalty: 0.000000 (threshold: 0.005000)
  Saved validation predictions to: experiments/10_overnight_sweep/daily_7q_h1_s456/collapse_monitoring/val_predictions_epoch13.npy
  Gradient norms:
    lstm_encoder: 0.007593
    lstm_decoder: 0.002904
    output_layer: 0.096165
  VSN output std:
    encoder: 0.134947
  Attention entropy: 2.968271
  Saved to: experiments/10_overnight_sweep/daily_7q_h1_s456/collapse_monitoring/collapse_monitor_latest.json
[DEBUG CollapseMonitor] on_validation_epoch_start called for epoch 14
[DEBUG CollapseMonitor] reset_temporal_state() called on loss function
Epoch 14: val_loss=0.42871907353401184
Epoch 14: train_loss=0.43707725405693054

[CollapseMonitor] Epoch 14
  [DEBUG] Processed 21 batches from val_dataloader
  [DEBUG] Predictions shape after concat: (1282,)
  Pred std: 0.019665, range: 0.148928, mean: 0.034583
  Pos: 95.3%, Neg: 4.7%, Unique: 1251
  Dir Acc: 54.29%, Pred Sharpe: 27.9172
  Composite: 0.4328 (dist_match: 0.5944, actual_pos: 54.8%, pred_pos: 95.3%)
  Collapse penalty: 0.000000 (threshold: 0.005000)
  Saved validation predictions to: experiments/10_overnight_sweep/daily_7q_h1_s456/collapse_monitoring/val_predictions_epoch14.npy
  Gradient norms:
    lstm_encoder: 0.008626
    lstm_decoder: 0.003186
    output_layer: 0.102672
  VSN output std:
    encoder: 0.137400
  Attention entropy: 2.966388
  Saved to: experiments/10_overnight_sweep/daily_7q_h1_s456/collapse_monitoring/collapse_monitor_latest.json
[DEBUG CollapseMonitor] on_validation_epoch_start called for epoch 15
[DEBUG CollapseMonitor] reset_temporal_state() called on loss function
Epoch 15: val_loss=0.42760834097862244
Epoch 15: train_loss=0.4354490041732788

[CollapseMonitor] Epoch 15
  [DEBUG] Processed 21 batches from val_dataloader
  [DEBUG] Predictions shape after concat: (1282,)
  Pred std: 0.017149, range: 0.138443, mean: 0.025078
  Pos: 95.1%, Neg: 4.9%, Unique: 1226
  Dir Acc: 54.06%, Pred Sharpe: 23.2141
  Composite: 0.4316 (dist_match: 0.5967, actual_pos: 54.8%, pred_pos: 95.1%)
  Collapse penalty: 0.000000 (threshold: 0.005000)
  Saved validation predictions to: experiments/10_overnight_sweep/daily_7q_h1_s456/collapse_monitoring/val_predictions_epoch15.npy
  Gradient norms:
    lstm_encoder: 0.008054
    lstm_decoder: 0.003039
    output_layer: 0.101538
  VSN output std:
    encoder: 0.135858
  Attention entropy: 2.949537
  Saved to: experiments/10_overnight_sweep/daily_7q_h1_s456/collapse_monitoring/collapse_monitor_latest.json
[DEBUG CollapseMonitor] on_validation_epoch_start called for epoch 16
[DEBUG CollapseMonitor] reset_temporal_state() called on loss function
Epoch 16: val_loss=0.42467889189720154
Epoch 16: train_loss=0.43425053358078003

[CollapseMonitor] Epoch 16
  [DEBUG] Processed 21 batches from val_dataloader
  [DEBUG] Predictions shape after concat: (1282,)
  Pred std: 0.016945, range: 0.143465, mean: 0.071678
  Pos: 98.2%, Neg: 1.8%, Unique: 1233
  Dir Acc: 54.37%, Pred Sharpe: 67.1514
  Composite: 0.4256 (dist_match: 0.5655, actual_pos: 54.8%, pred_pos: 98.2%)
  Collapse penalty: 0.000000 (threshold: 0.005000)
  Saved validation predictions to: experiments/10_overnight_sweep/daily_7q_h1_s456/collapse_monitoring/val_predictions_epoch16.npy
  Gradient norms:
    lstm_encoder: 0.009318
    lstm_decoder: 0.003265
    output_layer: 0.098983
  VSN output std:
    encoder: 0.132641
  Attention entropy: 2.862546
  Saved to: experiments/10_overnight_sweep/daily_7q_h1_s456/collapse_monitoring/collapse_monitor_latest.json
[DEBUG CollapseMonitor] on_validation_epoch_start called for epoch 17
[DEBUG CollapseMonitor] reset_temporal_state() called on loss function
Epoch 17: val_loss=0.42348596453666687
Epoch 17: train_loss=0.43134957551956177

[CollapseMonitor] Epoch 17
  [DEBUG] Processed 21 batches from val_dataloader
  [DEBUG] Predictions shape after concat: (1282,)
  Pred std: 0.015860, range: 0.150907, mean: 0.088938
  Pos: 99.3%, Neg: 0.7%, Unique: 1238
  Dir Acc: 54.84%, Pred Sharpe: 89.0205
  Composite: 0.4262 (dist_match: 0.5546, actual_pos: 54.8%, pred_pos: 99.3%)
  Collapse penalty: 0.000000 (threshold: 0.005000)
  Saved validation predictions to: experiments/10_overnight_sweep/daily_7q_h1_s456/collapse_monitoring/val_predictions_epoch17.npy
  Gradient norms:
    lstm_encoder: 0.009248
    lstm_decoder: 0.003173
    output_layer: 0.097924
  VSN output std:
    encoder: 0.132985
  Attention entropy: 2.800149
  Saved to: experiments/10_overnight_sweep/daily_7q_h1_s456/collapse_monitoring/collapse_monitor_latest.json
[DEBUG CollapseMonitor] on_validation_epoch_start called for epoch 18
[DEBUG CollapseMonitor] reset_temporal_state() called on loss function
Epoch 18: val_loss=0.4228649437427521
Epoch 18: train_loss=0.4311361610889435

[CollapseMonitor] Epoch 18
  [DEBUG] Processed 21 batches from val_dataloader
  [DEBUG] Predictions shape after concat: (1282,)
  Pred std: 0.016991, range: 0.154047, mean: 0.039991
  Pos: 96.9%, Neg: 3.1%, Unique: 1239
  Dir Acc: 54.29%, Pred Sharpe: 37.3627
  Composite: 0.4286 (dist_match: 0.5788, actual_pos: 54.8%, pred_pos: 96.9%)
  Collapse penalty: 0.000000 (threshold: 0.005000)
  Saved validation predictions to: experiments/10_overnight_sweep/daily_7q_h1_s456/collapse_monitoring/val_predictions_epoch18.npy
  Gradient norms:
    lstm_encoder: 0.010001
    lstm_decoder: 0.003441
    output_layer: 0.102174
  VSN output std:
    encoder: 0.132885
  Attention entropy: 2.649456
  Saved to: experiments/10_overnight_sweep/daily_7q_h1_s456/collapse_monitoring/collapse_monitor_latest.json
[DEBUG CollapseMonitor] on_validation_epoch_start called for epoch 19
[DEBUG CollapseMonitor] reset_temporal_state() called on loss function
Epoch 19: val_loss=0.41937488317489624
Epoch 19: train_loss=0.4291207194328308

[CollapseMonitor] Epoch 19
  [DEBUG] Processed 21 batches from val_dataloader
  [DEBUG] Predictions shape after concat: (1282,)
  Pred std: 0.016335, range: 0.136336, mean: 0.086245
  Pos: 100.0%, Neg: 0.0%, Unique: 1255
  Dir Acc: 54.76%, Pred Sharpe: 83.8145
  Composite: 0.4237 (dist_match: 0.5476, actual_pos: 54.8%, pred_pos: 100.0%)
  Collapse penalty: 0.000000 (threshold: 0.005000)
  Saved validation predictions to: experiments/10_overnight_sweep/daily_7q_h1_s456/collapse_monitoring/val_predictions_epoch19.npy
  Gradient norms:
    lstm_encoder: 0.010827
    lstm_decoder: 0.003359
    output_layer: 0.097873
  VSN output std:
    encoder: 0.130898
  Attention entropy: 2.527462
  Saved to: experiments/10_overnight_sweep/daily_7q_h1_s456/collapse_monitoring/collapse_monitor_latest.json
[DEBUG CollapseMonitor] on_validation_epoch_start called for epoch 20
[DEBUG CollapseMonitor] reset_temporal_state() called on loss function
Epoch 20: val_loss=0.4196833074092865
Epoch 20: train_loss=0.42892155051231384

[CollapseMonitor] Epoch 20
  [DEBUG] Processed 21 batches from val_dataloader
  [DEBUG] Predictions shape after concat: (1282,)
  Pred std: 0.015456, range: 0.135839, mean: 0.048898
  Pos: 98.4%, Neg: 1.6%, Unique: 1247
  Dir Acc: 54.37%, Pred Sharpe: 50.2236
  Composite: 0.4251 (dist_match: 0.5640, actual_pos: 54.8%, pred_pos: 98.4%)
  Collapse penalty: 0.000000 (threshold: 0.005000)
  Saved validation predictions to: experiments/10_overnight_sweep/daily_7q_h1_s456/collapse_monitoring/val_predictions_epoch20.npy
  Gradient norms:
    lstm_encoder: 0.011157
    lstm_decoder: 0.003489
    output_layer: 0.095145
  VSN output std:
    encoder: 0.130474
  Attention entropy: 2.519281
  Saved to: experiments/10_overnight_sweep/daily_7q_h1_s456/collapse_monitoring/collapse_monitor_latest.json
[DEBUG CollapseMonitor] on_validation_epoch_start called for epoch 21
[DEBUG CollapseMonitor] reset_temporal_state() called on loss function
Epoch 21: val_loss=0.4148690104484558
Epoch 21: train_loss=0.42848220467567444

[CollapseMonitor] Epoch 21
  [DEBUG] Processed 21 batches from val_dataloader
  [DEBUG] Predictions shape after concat: (1282,)
  Pred std: 0.020065, range: 0.121624, mean: 0.040277
  Pos: 99.5%, Neg: 0.5%, Unique: 1257
  Dir Acc: 54.29%, Pred Sharpe: 31.8657
  Composite: 0.4214 (dist_match: 0.5523, actual_pos: 54.8%, pred_pos: 99.5%)
  Collapse penalty: 0.000000 (threshold: 0.005000)
  Saved validation predictions to: experiments/10_overnight_sweep/daily_7q_h1_s456/collapse_monitoring/val_predictions_epoch21.npy
  Gradient norms:
    lstm_encoder: 0.011478
    lstm_decoder: 0.003328
    output_layer: 0.095442
  VSN output std:
    encoder: 0.127193
  Attention entropy: 2.467136
  Saved to: experiments/10_overnight_sweep/daily_7q_h1_s456/collapse_monitoring/collapse_monitor_latest.json
[DEBUG CollapseMonitor] on_validation_epoch_start called for epoch 22
[DEBUG CollapseMonitor] reset_temporal_state() called on loss function
Epoch 22: val_loss=0.4149535000324249
Epoch 22: train_loss=0.428005188703537

[CollapseMonitor] Epoch 22
  [DEBUG] Processed 21 batches from val_dataloader
  [DEBUG] Predictions shape after concat: (1282,)
  Pred std: 0.019982, range: 0.131854, mean: 0.035850
  Pos: 98.8%, Neg: 1.2%, Unique: 1254
  Dir Acc: 54.06%, Pred Sharpe: 28.4804
  Composite: 0.4214 (dist_match: 0.5593, actual_pos: 54.8%, pred_pos: 98.8%)
  Collapse penalty: 0.000000 (threshold: 0.005000)
  Saved validation predictions to: experiments/10_overnight_sweep/daily_7q_h1_s456/collapse_monitoring/val_predictions_epoch22.npy
  Gradient norms:
    lstm_encoder: 0.012433
    lstm_decoder: 0.003744
    output_layer: 0.108034
  VSN output std:
    encoder: 0.127835
  Attention entropy: 2.395386
  Saved to: experiments/10_overnight_sweep/daily_7q_h1_s456/collapse_monitoring/collapse_monitor_latest.json
[DEBUG CollapseMonitor] on_validation_epoch_start called for epoch 23
[DEBUG CollapseMonitor] reset_temporal_state() called on loss function
Epoch 23: val_loss=0.41368263959884644
Epoch 23: train_loss=0.42634403705596924

[CollapseMonitor] Epoch 23
  [DEBUG] Processed 21 batches from val_dataloader
  [DEBUG] Predictions shape after concat: (1282,)
  Pred std: 0.023835, range: 0.172278, mean: 0.062715
  Pos: 99.9%, Neg: 0.1%, Unique: 1263
  Dir Acc: 54.84%, Pred Sharpe: 41.7690
  Composite: 0.4245 (dist_match: 0.5484, actual_pos: 54.8%, pred_pos: 99.9%)
  Collapse penalty: 0.000000 (threshold: 0.005000)
  Saved validation predictions to: experiments/10_overnight_sweep/daily_7q_h1_s456/collapse_monitoring/val_predictions_epoch23.npy
  Gradient norms:
    lstm_encoder: 0.014119
    lstm_decoder: 0.004123
    output_layer: 0.104055
  VSN output std:
    encoder: 0.127789
  Attention entropy: 2.194913
  Saved to: experiments/10_overnight_sweep/daily_7q_h1_s456/collapse_monitoring/collapse_monitor_latest.json
[DEBUG CollapseMonitor] on_validation_epoch_start called for epoch 24
[DEBUG CollapseMonitor] reset_temporal_state() called on loss function
Epoch 24: val_loss=0.411067932844162
Epoch 24: train_loss=0.4260918200016022

[CollapseMonitor] Epoch 24
  [DEBUG] Processed 21 batches from val_dataloader
  [DEBUG] Predictions shape after concat: (1282,)
  Pred std: 0.022424, range: 0.155382, mean: 0.034221
  Pos: 98.8%, Neg: 1.2%, Unique: 1264
  Dir Acc: 53.90%, Pred Sharpe: 24.2259
  Composite: 0.4202 (dist_match: 0.5593, actual_pos: 54.8%, pred_pos: 98.8%)
  Collapse penalty: 0.000000 (threshold: 0.005000)
  Saved validation predictions to: experiments/10_overnight_sweep/daily_7q_h1_s456/collapse_monitoring/val_predictions_epoch24.npy
  Gradient norms:
    lstm_encoder: 0.013126
    lstm_decoder: 0.003807
    output_layer: 0.094416
  VSN output std:
    encoder: 0.125955
  Attention entropy: 2.132721
  Saved to: experiments/10_overnight_sweep/daily_7q_h1_s456/collapse_monitoring/collapse_monitor_latest.json
[DEBUG CollapseMonitor] on_validation_epoch_start called for epoch 25
[DEBUG CollapseMonitor] reset_temporal_state() called on loss function
Epoch 25: val_loss=0.4116702675819397
Epoch 25: train_loss=0.42606064677238464

[CollapseMonitor] Epoch 25
  [DEBUG] Processed 21 batches from val_dataloader
  [DEBUG] Predictions shape after concat: (1282,)
  Pred std: 0.018864, range: 0.137040, mean: 0.052076
  Pos: 99.6%, Neg: 0.4%, Unique: 1261
  Dir Acc: 54.68%, Pred Sharpe: 43.8221
  Composite: 0.4242 (dist_match: 0.5515, actual_pos: 54.8%, pred_pos: 99.6%)
  Collapse penalty: 0.000000 (threshold: 0.005000)
  Saved validation predictions to: experiments/10_overnight_sweep/daily_7q_h1_s456/collapse_monitoring/val_predictions_epoch25.npy
  Gradient norms:
    lstm_encoder: 0.013976
    lstm_decoder: 0.004010
    output_layer: 0.098441
  VSN output std:
    encoder: 0.126796
  Attention entropy: 1.971487
  Saved to: experiments/10_overnight_sweep/daily_7q_h1_s456/collapse_monitoring/collapse_monitor_latest.json
[DEBUG CollapseMonitor] on_validation_epoch_start called for epoch 26
[DEBUG CollapseMonitor] reset_temporal_state() called on loss function
Epoch 26: val_loss=0.40969300270080566
Epoch 26: train_loss=0.4248238801956177

[CollapseMonitor] Epoch 26
  [DEBUG] Processed 21 batches from val_dataloader
  [DEBUG] Predictions shape after concat: (1282,)
  Pred std: 0.020965, range: 0.127914, mean: 0.084550
  Pos: 100.0%, Neg: 0.0%, Unique: 1263
  Dir Acc: 54.76%, Pred Sharpe: 64.0203
  Composite: 0.4237 (dist_match: 0.5476, actual_pos: 54.8%, pred_pos: 100.0%)
  Collapse penalty: 0.000000 (threshold: 0.005000)
  Saved validation predictions to: experiments/10_overnight_sweep/daily_7q_h1_s456/collapse_monitoring/val_predictions_epoch26.npy
  Gradient norms:
    lstm_encoder: 0.014543
    lstm_decoder: 0.004180
    output_layer: 0.101983
  VSN output std:
    encoder: 0.127112
  Attention entropy: 1.944731
  Saved to: experiments/10_overnight_sweep/daily_7q_h1_s456/collapse_monitoring/collapse_monitor_latest.json
[DEBUG CollapseMonitor] on_validation_epoch_start called for epoch 27
[DEBUG CollapseMonitor] reset_temporal_state() called on loss function
Epoch 27: val_loss=0.41015639901161194
Epoch 27: train_loss=0.4247331917285919

[CollapseMonitor] Epoch 27
  [DEBUG] Processed 21 batches from val_dataloader
  [DEBUG] Predictions shape after concat: (1282,)
  Pred std: 0.024706, range: 0.140972, mean: 0.076680
  Pos: 100.0%, Neg: 0.0%, Unique: 1267
  Dir Acc: 54.76%, Pred Sharpe: 49.2701
  Composite: 0.4237 (dist_match: 0.5476, actual_pos: 54.8%, pred_pos: 100.0%)
  Collapse penalty: 0.000000 (threshold: 0.005000)
  Saved validation predictions to: experiments/10_overnight_sweep/daily_7q_h1_s456/collapse_monitoring/val_predictions_epoch27.npy
  Gradient norms:
    lstm_encoder: 0.015228
    lstm_decoder: 0.004374
    output_layer: 0.101678
  VSN output std:
    encoder: 0.127472
  Attention entropy: 1.946505
  Saved to: experiments/10_overnight_sweep/daily_7q_h1_s456/collapse_monitoring/collapse_monitor_latest.json
[DEBUG CollapseMonitor] on_validation_epoch_start called for epoch 28
[DEBUG CollapseMonitor] reset_temporal_state() called on loss function
Epoch 28: val_loss=0.40855756402015686
Epoch 28: train_loss=0.42357131838798523

[CollapseMonitor] Epoch 28
  [DEBUG] Processed 21 batches from val_dataloader
  [DEBUG] Predictions shape after concat: (1282,)
  Pred std: 0.026025, range: 0.158600, mean: 0.071036
  Pos: 100.0%, Neg: 0.0%, Unique: 1263
  Dir Acc: 54.76%, Pred Sharpe: 43.3293
  Composite: 0.4237 (dist_match: 0.5476, actual_pos: 54.8%, pred_pos: 100.0%)
  Collapse penalty: 0.000000 (threshold: 0.005000)
  Saved validation predictions to: experiments/10_overnight_sweep/daily_7q_h1_s456/collapse_monitoring/val_predictions_epoch28.npy
  Gradient norms:
    lstm_encoder: 0.016012
    lstm_decoder: 0.004367
    output_layer: 0.096531
  VSN output std:
    encoder: 0.127904
  Attention entropy: 1.864908
  Saved to: experiments/10_overnight_sweep/daily_7q_h1_s456/collapse_monitoring/collapse_monitor_latest.json
[DEBUG CollapseMonitor] on_validation_epoch_start called for epoch 29
[DEBUG CollapseMonitor] reset_temporal_state() called on loss function
Epoch 29: val_loss=0.4076530933380127
Epoch 29: train_loss=0.42379021644592285

[CollapseMonitor] Epoch 29
  [DEBUG] Processed 21 batches from val_dataloader
  [DEBUG] Predictions shape after concat: (1282,)
  Pred std: 0.031429, range: 0.170250, mean: 0.061736
  Pos: 100.0%, Neg: 0.0%, Unique: 1271
  Dir Acc: 54.76%, Pred Sharpe: 31.1826
  Composite: 0.4237 (dist_match: 0.5476, actual_pos: 54.8%, pred_pos: 100.0%)
  Collapse penalty: 0.000000 (threshold: 0.005000)
  Saved validation predictions to: experiments/10_overnight_sweep/daily_7q_h1_s456/collapse_monitoring/val_predictions_epoch29.npy
  Gradient norms:
    lstm_encoder: 0.017941
    lstm_decoder: 0.004886
    output_layer: 0.097104
  VSN output std:
    encoder: 0.127219
  Attention entropy: 1.752985
  Saved to: experiments/10_overnight_sweep/daily_7q_h1_s456/collapse_monitoring/collapse_monitor_latest.json
[DEBUG CollapseMonitor] on_validation_epoch_start called for epoch 30
[DEBUG CollapseMonitor] reset_temporal_state() called on loss function
Epoch 30: val_loss=0.40737658739089966
Epoch 30: train_loss=0.42389604449272156

[CollapseMonitor] Epoch 30
  [DEBUG] Processed 21 batches from val_dataloader
  [DEBUG] Predictions shape after concat: (1282,)
  Pred std: 0.030356, range: 0.169295, mean: 0.077896
  Pos: 100.0%, Neg: 0.0%, Unique: 1261
  Dir Acc: 54.76%, Pred Sharpe: 40.7355
  Composite: 0.4237 (dist_match: 0.5476, actual_pos: 54.8%, pred_pos: 100.0%)
  Collapse penalty: 0.000000 (threshold: 0.005000)
  Saved validation predictions to: experiments/10_overnight_sweep/daily_7q_h1_s456/collapse_monitoring/val_predictions_epoch30.npy
  Gradient norms:
    lstm_encoder: 0.017549
    lstm_decoder: 0.004632
    output_layer: 0.108349
  VSN output std:
    encoder: 0.124845
  Attention entropy: 1.707571
  Saved to: experiments/10_overnight_sweep/daily_7q_h1_s456/collapse_monitoring/collapse_monitor_latest.json
[DEBUG CollapseMonitor] on_validation_epoch_start called for epoch 31
[DEBUG CollapseMonitor] reset_temporal_state() called on loss function
Epoch 31: val_loss=0.40596458315849304
Epoch 31: train_loss=0.42267686128616333

[CollapseMonitor] Epoch 31
  [DEBUG] Processed 21 batches from val_dataloader
  [DEBUG] Predictions shape after concat: (1282,)
  Pred std: 0.025145, range: 0.146592, mean: 0.080106
  Pos: 100.0%, Neg: 0.0%, Unique: 1263
  Dir Acc: 54.76%, Pred Sharpe: 50.5728
  Composite: 0.4237 (dist_match: 0.5476, actual_pos: 54.8%, pred_pos: 100.0%)
  Collapse penalty: 0.000000 (threshold: 0.005000)
  Saved validation predictions to: experiments/10_overnight_sweep/daily_7q_h1_s456/collapse_monitoring/val_predictions_epoch31.npy
  Gradient norms:
    lstm_encoder: 0.017746
    lstm_decoder: 0.005019
    output_layer: 0.101326
  VSN output std:
    encoder: 0.125913
  Attention entropy: 1.691028
  Saved to: experiments/10_overnight_sweep/daily_7q_h1_s456/collapse_monitoring/collapse_monitor_latest.json
[DEBUG CollapseMonitor] on_validation_epoch_start called for epoch 32
[DEBUG CollapseMonitor] reset_temporal_state() called on loss function
Epoch 32: val_loss=0.406249463558197
Epoch 32: train_loss=0.4228977859020233

[CollapseMonitor] Epoch 32
  [DEBUG] Processed 21 batches from val_dataloader
  [DEBUG] Predictions shape after concat: (1282,)
  Pred std: 0.025483, range: 0.162081, mean: 0.063476
  Pos: 100.0%, Neg: 0.0%, Unique: 1263
  Dir Acc: 54.76%, Pred Sharpe: 39.5424
  Composite: 0.4237 (dist_match: 0.5476, actual_pos: 54.8%, pred_pos: 100.0%)
  Collapse penalty: 0.000000 (threshold: 0.005000)
  Saved validation predictions to: experiments/10_overnight_sweep/daily_7q_h1_s456/collapse_monitoring/val_predictions_epoch32.npy
  Gradient norms:
    lstm_encoder: 0.018169
    lstm_decoder: 0.004865
    output_layer: 0.096215
  VSN output std:
    encoder: 0.125363
  Attention entropy: 1.725391
  Saved to: experiments/10_overnight_sweep/daily_7q_h1_s456/collapse_monitoring/collapse_monitor_latest.json
[DEBUG CollapseMonitor] on_validation_epoch_start called for epoch 33
[DEBUG CollapseMonitor] reset_temporal_state() called on loss function
Epoch 33: val_loss=0.40543365478515625
Epoch 33: train_loss=0.42268261313438416

[CollapseMonitor] Epoch 33
  [DEBUG] Processed 21 batches from val_dataloader
  [DEBUG] Predictions shape after concat: (1282,)
  Pred std: 0.026861, range: 0.164611, mean: 0.048878
  Pos: 100.0%, Neg: 0.0%, Unique: 1264
  Dir Acc: 54.76%, Pred Sharpe: 28.8860
  Composite: 0.4237 (dist_match: 0.5476, actual_pos: 54.8%, pred_pos: 100.0%)
  Collapse penalty: 0.000000 (threshold: 0.005000)
  Saved validation predictions to: experiments/10_overnight_sweep/daily_7q_h1_s456/collapse_monitoring/val_predictions_epoch33.npy
  Gradient norms:
    lstm_encoder: 0.020467
    lstm_decoder: 0.005325
    output_layer: 0.101523
  VSN output std:
    encoder: 0.125078
  Attention entropy: 1.717338
  Saved to: experiments/10_overnight_sweep/daily_7q_h1_s456/collapse_monitoring/collapse_monitor_latest.json
[DEBUG CollapseMonitor] on_validation_epoch_start called for epoch 34
[DEBUG CollapseMonitor] reset_temporal_state() called on loss function
Epoch 34: val_loss=0.4055660367012024
Epoch 34: train_loss=0.4229544699192047

[CollapseMonitor] Epoch 34
  [DEBUG] Processed 21 batches from val_dataloader
  [DEBUG] Predictions shape after concat: (1282,)
  Pred std: 0.025691, range: 0.162621, mean: 0.086116
  Pos: 100.0%, Neg: 0.0%, Unique: 1264
  Dir Acc: 54.76%, Pred Sharpe: 53.2107
  Composite: 0.4237 (dist_match: 0.5476, actual_pos: 54.8%, pred_pos: 100.0%)
  Collapse penalty: 0.000000 (threshold: 0.005000)
  Saved validation predictions to: experiments/10_overnight_sweep/daily_7q_h1_s456/collapse_monitoring/val_predictions_epoch34.npy
  Gradient norms:
    lstm_encoder: 0.020064
    lstm_decoder: 0.005400
    output_layer: 0.097964
  VSN output std:
    encoder: 0.125402
  Attention entropy: 1.667889
  Saved to: experiments/10_overnight_sweep/daily_7q_h1_s456/collapse_monitoring/collapse_monitor_latest.json
[DEBUG CollapseMonitor] on_validation_epoch_start called for epoch 35
[DEBUG CollapseMonitor] reset_temporal_state() called on loss function
Epoch 35: val_loss=0.4053863286972046
Epoch 35: train_loss=0.42214345932006836

[CollapseMonitor] Epoch 35
  [DEBUG] Processed 21 batches from val_dataloader
  [DEBUG] Predictions shape after concat: (1282,)
  Pred std: 0.024082, range: 0.155363, mean: 0.051623
  Pos: 100.0%, Neg: 0.0%, Unique: 1260
  Dir Acc: 54.76%, Pred Sharpe: 34.0293
  Composite: 0.4237 (dist_match: 0.5476, actual_pos: 54.8%, pred_pos: 100.0%)
  Collapse penalty: 0.000000 (threshold: 0.005000)
  Saved validation predictions to: experiments/10_overnight_sweep/daily_7q_h1_s456/collapse_monitoring/val_predictions_epoch35.npy
  Gradient norms:
    lstm_encoder: 0.019948
    lstm_decoder: 0.005395
    output_layer: 0.104480
  VSN output std:
    encoder: 0.123936
  Attention entropy: 1.682350
  Saved to: experiments/10_overnight_sweep/daily_7q_h1_s456/collapse_monitoring/collapse_monitor_latest.json
[DEBUG CollapseMonitor] on_validation_epoch_start called for epoch 36
[DEBUG CollapseMonitor] reset_temporal_state() called on loss function
Epoch 36: val_loss=0.40419360995292664
Epoch 36: train_loss=0.42216840386390686

[CollapseMonitor] Epoch 36
  [DEBUG] Processed 21 batches from val_dataloader
  [DEBUG] Predictions shape after concat: (1282,)
  Pred std: 0.026508, range: 0.166555, mean: 0.052200
  Pos: 100.0%, Neg: 0.0%, Unique: 1269
  Dir Acc: 54.76%, Pred Sharpe: 31.2605
  Composite: 0.4237 (dist_match: 0.5476, actual_pos: 54.8%, pred_pos: 100.0%)
  Collapse penalty: 0.000000 (threshold: 0.005000)
  Saved validation predictions to: experiments/10_overnight_sweep/daily_7q_h1_s456/collapse_monitoring/val_predictions_epoch36.npy
  Gradient norms:
    lstm_encoder: 0.022043
    lstm_decoder: 0.005900
    output_layer: 0.101008
  VSN output std:
    encoder: 0.124757
  Attention entropy: 1.688602
  Saved to: experiments/10_overnight_sweep/daily_7q_h1_s456/collapse_monitoring/collapse_monitor_latest.json
[DEBUG CollapseMonitor] on_validation_epoch_start called for epoch 37
[DEBUG CollapseMonitor] reset_temporal_state() called on loss function
Epoch 37: val_loss=0.40405839681625366
Epoch 37: train_loss=0.42161446809768677

[CollapseMonitor] Epoch 37
  [DEBUG] Processed 21 batches from val_dataloader
  [DEBUG] Predictions shape after concat: (1282,)
  Pred std: 0.030776, range: 0.193115, mean: 0.063206
  Pos: 100.0%, Neg: 0.0%, Unique: 1268
  Dir Acc: 54.76%, Pred Sharpe: 32.6025
  Composite: 0.4237 (dist_match: 0.5476, actual_pos: 54.8%, pred_pos: 100.0%)
  Collapse penalty: 0.000000 (threshold: 0.005000)
  Saved validation predictions to: experiments/10_overnight_sweep/daily_7q_h1_s456/collapse_monitoring/val_predictions_epoch37.npy
  Gradient norms:
    lstm_encoder: 0.020508
    lstm_decoder: 0.005349
    output_layer: 0.102222
  VSN output std:
    encoder: 0.124347
  Attention entropy: 1.693912
  Saved to: experiments/10_overnight_sweep/daily_7q_h1_s456/collapse_monitoring/collapse_monitor_latest.json
[DEBUG CollapseMonitor] on_validation_epoch_start called for epoch 38
[DEBUG CollapseMonitor] reset_temporal_state() called on loss function
Epoch 38: val_loss=0.4033576250076294
Epoch 38: train_loss=0.4225867688655853

[CollapseMonitor] Epoch 38
  [DEBUG] Processed 21 batches from val_dataloader
  [DEBUG] Predictions shape after concat: (1282,)
  Pred std: 0.029977, range: 0.178539, mean: 0.082224
  Pos: 100.0%, Neg: 0.0%, Unique: 1258
  Dir Acc: 54.76%, Pred Sharpe: 43.5430
  Composite: 0.4237 (dist_match: 0.5476, actual_pos: 54.8%, pred_pos: 100.0%)
  Collapse penalty: 0.000000 (threshold: 0.005000)
  Saved validation predictions to: experiments/10_overnight_sweep/daily_7q_h1_s456/collapse_monitoring/val_predictions_epoch38.npy
  Gradient norms:
    lstm_encoder: 0.020292
    lstm_decoder: 0.005246
    output_layer: 0.099360
  VSN output std:
    encoder: 0.122198
  Attention entropy: 1.758190
  Saved to: experiments/10_overnight_sweep/daily_7q_h1_s456/collapse_monitoring/collapse_monitor_latest.json
[DEBUG CollapseMonitor] on_validation_epoch_start called for epoch 39
[DEBUG CollapseMonitor] reset_temporal_state() called on loss function
Epoch 39: val_loss=0.4024909436702728
Epoch 39: train_loss=0.42185094952583313

[CollapseMonitor] Epoch 39
  [DEBUG] Processed 21 batches from val_dataloader
  [DEBUG] Predictions shape after concat: (1282,)
  Pred std: 0.027955, range: 0.162210, mean: 0.081017
  Pos: 100.0%, Neg: 0.0%, Unique: 1266
  Dir Acc: 54.76%, Pred Sharpe: 46.0066
  Composite: 0.4237 (dist_match: 0.5476, actual_pos: 54.8%, pred_pos: 100.0%)
  Collapse penalty: 0.000000 (threshold: 0.005000)
  Saved validation predictions to: experiments/10_overnight_sweep/daily_7q_h1_s456/collapse_monitoring/val_predictions_epoch39.npy
  Gradient norms:
    lstm_encoder: 0.022598
    lstm_decoder: 0.005813
    output_layer: 0.096843
  VSN output std:
    encoder: 0.121427
  Attention entropy: 1.696501
  Saved to: experiments/10_overnight_sweep/daily_7q_h1_s456/collapse_monitoring/collapse_monitor_latest.json
[DEBUG CollapseMonitor] on_validation_epoch_start called for epoch 40
[DEBUG CollapseMonitor] reset_temporal_state() called on loss function
Epoch 40: val_loss=0.40299898386001587
Epoch 40: train_loss=0.42099809646606445

[CollapseMonitor] Epoch 40
  [DEBUG] Processed 21 batches from val_dataloader
  [DEBUG] Predictions shape after concat: (1282,)
  Pred std: 0.023927, range: 0.156523, mean: 0.077935
  Pos: 100.0%, Neg: 0.0%, Unique: 1262
  Dir Acc: 54.76%, Pred Sharpe: 51.7057
  Composite: 0.4237 (dist_match: 0.5476, actual_pos: 54.8%, pred_pos: 100.0%)
  Collapse penalty: 0.000000 (threshold: 0.005000)
  Saved validation predictions to: experiments/10_overnight_sweep/daily_7q_h1_s456/collapse_monitoring/val_predictions_epoch40.npy
  Gradient norms:
    lstm_encoder: 0.023709
    lstm_decoder: 0.005983
    output_layer: 0.104186
  VSN output std:
    encoder: 0.121354
  Attention entropy: 1.843089
  Saved to: experiments/10_overnight_sweep/daily_7q_h1_s456/collapse_monitoring/collapse_monitor_latest.json
[DEBUG CollapseMonitor] on_validation_epoch_start called for epoch 41
[DEBUG CollapseMonitor] reset_temporal_state() called on loss function
Epoch 41: val_loss=0.40189099311828613
Epoch 41: train_loss=0.4217029809951782

[CollapseMonitor] Epoch 41
  [DEBUG] Processed 21 batches from val_dataloader
  [DEBUG] Predictions shape after concat: (1282,)
  Pred std: 0.024476, range: 0.139789, mean: 0.075294
  Pos: 100.0%, Neg: 0.0%, Unique: 1256
  Dir Acc: 54.76%, Pred Sharpe: 48.8330
  Composite: 0.4237 (dist_match: 0.5476, actual_pos: 54.8%, pred_pos: 100.0%)
  Collapse penalty: 0.000000 (threshold: 0.005000)
  Saved validation predictions to: experiments/10_overnight_sweep/daily_7q_h1_s456/collapse_monitoring/val_predictions_epoch41.npy
  Gradient norms:
    lstm_encoder: 0.024693
    lstm_decoder: 0.006170
    output_layer: 0.105207
  VSN output std:
    encoder: 0.121147
  Attention entropy: 1.927599
  Saved to: experiments/10_overnight_sweep/daily_7q_h1_s456/collapse_monitoring/collapse_monitor_latest.json
[DEBUG CollapseMonitor] on_validation_epoch_start called for epoch 42
[DEBUG CollapseMonitor] reset_temporal_state() called on loss function
Epoch 42: val_loss=0.4016032814979553
Epoch 42: train_loss=0.4214257597923279

[CollapseMonitor] Epoch 42
  [DEBUG] Processed 21 batches from val_dataloader
  [DEBUG] Predictions shape after concat: (1282,)
  Pred std: 0.024750, range: 0.117577, mean: 0.070183
  Pos: 100.0%, Neg: 0.0%, Unique: 1261
  Dir Acc: 54.76%, Pred Sharpe: 45.0144
  Composite: 0.4237 (dist_match: 0.5476, actual_pos: 54.8%, pred_pos: 100.0%)
  Collapse penalty: 0.000000 (threshold: 0.005000)
  Saved validation predictions to: experiments/10_overnight_sweep/daily_7q_h1_s456/collapse_monitoring/val_predictions_epoch42.npy
  Gradient norms:
    lstm_encoder: 0.024872
    lstm_decoder: 0.006531
    output_layer: 0.105982
  VSN output std:
    encoder: 0.120526
  Attention entropy: 1.938548
  Saved to: experiments/10_overnight_sweep/daily_7q_h1_s456/collapse_monitoring/collapse_monitor_latest.json
[DEBUG CollapseMonitor] on_validation_epoch_start called for epoch 43
[DEBUG CollapseMonitor] reset_temporal_state() called on loss function
Epoch 43: val_loss=0.4022201597690582
Epoch 43: train_loss=0.4214392304420471

[CollapseMonitor] Epoch 43
  [DEBUG] Processed 21 batches from val_dataloader
  [DEBUG] Predictions shape after concat: (1282,)
  Pred std: 0.023407, range: 0.132354, mean: 0.061910
  Pos: 100.0%, Neg: 0.0%, Unique: 1266
  Dir Acc: 54.76%, Pred Sharpe: 41.9878
  Composite: 0.4237 (dist_match: 0.5476, actual_pos: 54.8%, pred_pos: 100.0%)
  Collapse penalty: 0.000000 (threshold: 0.005000)
  Saved validation predictions to: experiments/10_overnight_sweep/daily_7q_h1_s456/collapse_monitoring/val_predictions_epoch43.npy
  Gradient norms:
    lstm_encoder: 0.027079
    lstm_decoder: 0.006435
    output_layer: 0.100645
  VSN output std:
    encoder: 0.121282
  Attention entropy: 1.930963
  Saved to: experiments/10_overnight_sweep/daily_7q_h1_s456/collapse_monitoring/collapse_monitor_latest.json
[DEBUG CollapseMonitor] on_validation_epoch_start called for epoch 44
[DEBUG CollapseMonitor] reset_temporal_state() called on loss function
Epoch 44: val_loss=0.40065762400627136
Epoch 44: train_loss=0.4211772680282593

[CollapseMonitor] Epoch 44
  [DEBUG] Processed 21 batches from val_dataloader
  [DEBUG] Predictions shape after concat: (1282,)
  Pred std: 0.029434, range: 0.151044, mean: 0.075879
  Pos: 100.0%, Neg: 0.0%, Unique: 1264
  Dir Acc: 54.76%, Pred Sharpe: 40.9236
  Composite: 0.4237 (dist_match: 0.5476, actual_pos: 54.8%, pred_pos: 100.0%)
  Collapse penalty: 0.000000 (threshold: 0.005000)
  Saved validation predictions to: experiments/10_overnight_sweep/daily_7q_h1_s456/collapse_monitoring/val_predictions_epoch44.npy
  Gradient norms:
    lstm_encoder: 0.028653
    lstm_decoder: 0.007076
    output_layer: 0.099104
  VSN output std:
    encoder: 0.120719
  Attention entropy: 1.839879
  Saved to: experiments/10_overnight_sweep/daily_7q_h1_s456/collapse_monitoring/collapse_monitor_latest.json
[DEBUG CollapseMonitor] on_validation_epoch_start called for epoch 45
[DEBUG CollapseMonitor] reset_temporal_state() called on loss function
Epoch 45: val_loss=0.400298535823822
Epoch 45: train_loss=0.4207479953765869

[CollapseMonitor] Epoch 45
  [DEBUG] Processed 21 batches from val_dataloader
  [DEBUG] Predictions shape after concat: (1282,)
  Pred std: 0.030211, range: 0.158582, mean: 0.058962
  Pos: 100.0%, Neg: 0.0%, Unique: 1268
  Dir Acc: 54.76%, Pred Sharpe: 30.9819
  Composite: 0.4237 (dist_match: 0.5476, actual_pos: 54.8%, pred_pos: 100.0%)
  Collapse penalty: 0.000000 (threshold: 0.005000)
  Saved validation predictions to: experiments/10_overnight_sweep/daily_7q_h1_s456/collapse_monitoring/val_predictions_epoch45.npy
  Gradient norms:
    lstm_encoder: 0.027014
    lstm_decoder: 0.006764
    output_layer: 0.100169
  VSN output std:
    encoder: 0.120011
  Attention entropy: 1.913349
  Saved to: experiments/10_overnight_sweep/daily_7q_h1_s456/collapse_monitoring/collapse_monitor_latest.json
[DEBUG CollapseMonitor] on_validation_epoch_start called for epoch 46
[DEBUG CollapseMonitor] reset_temporal_state() called on loss function
Epoch 46: val_loss=0.4007416367530823
Epoch 46: train_loss=0.42073601484298706

[CollapseMonitor] Epoch 46
  [DEBUG] Processed 21 batches from val_dataloader
  [DEBUG] Predictions shape after concat: (1282,)
  Pred std: 0.026368, range: 0.143867, mean: 0.066308
  Pos: 100.0%, Neg: 0.0%, Unique: 1257
  Dir Acc: 54.76%, Pred Sharpe: 39.9206
  Composite: 0.4237 (dist_match: 0.5476, actual_pos: 54.8%, pred_pos: 100.0%)
  Collapse penalty: 0.000000 (threshold: 0.005000)
  Saved validation predictions to: experiments/10_overnight_sweep/daily_7q_h1_s456/collapse_monitoring/val_predictions_epoch46.npy
  Gradient norms:
    lstm_encoder: 0.029952
    lstm_decoder: 0.007324
    output_layer: 0.099145
  VSN output std:
    encoder: 0.119878
  Attention entropy: 1.861099
  Saved to: experiments/10_overnight_sweep/daily_7q_h1_s456/collapse_monitoring/collapse_monitor_latest.json
[DEBUG CollapseMonitor] on_validation_epoch_start called for epoch 47
[DEBUG CollapseMonitor] reset_temporal_state() called on loss function
Epoch 47: val_loss=0.4002528786659241
Epoch 47: train_loss=0.4206039309501648

[CollapseMonitor] Epoch 47
  [DEBUG] Processed 21 batches from val_dataloader
  [DEBUG] Predictions shape after concat: (1282,)
  Pred std: 0.029696, range: 0.166481, mean: 0.026706
  Pos: 97.9%, Neg: 2.1%, Unique: 1266
  Dir Acc: 54.68%, Pred Sharpe: 14.2759
  Composite: 0.4289 (dist_match: 0.5686, actual_pos: 54.8%, pred_pos: 97.9%)
  Collapse penalty: 0.000000 (threshold: 0.005000)
  Saved validation predictions to: experiments/10_overnight_sweep/daily_7q_h1_s456/collapse_monitoring/val_predictions_epoch47.npy
  Gradient norms:
    lstm_encoder: 0.029145
    lstm_decoder: 0.007186
    output_layer: 0.110017
  VSN output std:
    encoder: 0.118201
  Attention entropy: 1.844388
  Saved to: experiments/10_overnight_sweep/daily_7q_h1_s456/collapse_monitoring/collapse_monitor_latest.json
[DEBUG CollapseMonitor] on_validation_epoch_start called for epoch 48
[DEBUG CollapseMonitor] reset_temporal_state() called on loss function
Epoch 48: val_loss=0.39981213212013245
Epoch 48: train_loss=0.42082908749580383

[CollapseMonitor] Epoch 48
  [DEBUG] Processed 21 batches from val_dataloader
  [DEBUG] Predictions shape after concat: (1282,)
  Pred std: 0.028785, range: 0.160455, mean: 0.084181
  Pos: 100.0%, Neg: 0.0%, Unique: 1265
  Dir Acc: 54.76%, Pred Sharpe: 46.4248
  Composite: 0.4237 (dist_match: 0.5476, actual_pos: 54.8%, pred_pos: 100.0%)
  Collapse penalty: 0.000000 (threshold: 0.005000)
  Saved validation predictions to: experiments/10_overnight_sweep/daily_7q_h1_s456/collapse_monitoring/val_predictions_epoch48.npy
  Gradient norms:
    lstm_encoder: 0.026439
    lstm_decoder: 0.006513
    output_layer: 0.103277
  VSN output std:
    encoder: 0.117711
  Attention entropy: 1.812168
  Saved to: experiments/10_overnight_sweep/daily_7q_h1_s456/collapse_monitoring/collapse_monitor_latest.json
[DEBUG CollapseMonitor] on_validation_epoch_start called for epoch 49
[DEBUG CollapseMonitor] reset_temporal_state() called on loss function
Epoch 49: val_loss=0.3987524211406708
Epoch 49: train_loss=0.4188773036003113

[CollapseMonitor] Epoch 49
  [DEBUG] Processed 21 batches from val_dataloader
  [DEBUG] Predictions shape after concat: (1282,)
  Pred std: 0.043524, range: 0.216361, mean: 0.061856
  Pos: 100.0%, Neg: 0.0%, Unique: 1271
  Dir Acc: 54.76%, Pred Sharpe: 22.5607
  Composite: 0.4237 (dist_match: 0.5476, actual_pos: 54.8%, pred_pos: 100.0%)
  Collapse penalty: 0.000000 (threshold: 0.005000)
  Saved validation predictions to: experiments/10_overnight_sweep/daily_7q_h1_s456/collapse_monitoring/val_predictions_epoch49.npy
  Gradient norms:
    lstm_encoder: 0.028490
    lstm_decoder: 0.006606
    output_layer: 0.105245
  VSN output std:
    encoder: 0.117022
  Attention entropy: 1.818661
  Saved to: experiments/10_overnight_sweep/daily_7q_h1_s456/collapse_monitoring/collapse_monitor_latest.json
[DEBUG CollapseMonitor] on_validation_epoch_start called for epoch 50
[DEBUG CollapseMonitor] reset_temporal_state() called on loss function
Epoch 50: val_loss=0.3993762731552124
Epoch 50: train_loss=0.4202377200126648

[CollapseMonitor] Epoch 50
  [DEBUG] Processed 21 batches from val_dataloader
  [DEBUG] Predictions shape after concat: (1282,)
  Pred std: 0.036801, range: 0.194542, mean: 0.082973
  Pos: 100.0%, Neg: 0.0%, Unique: 1263
  Dir Acc: 54.76%, Pred Sharpe: 35.7909
  Composite: 0.4237 (dist_match: 0.5476, actual_pos: 54.8%, pred_pos: 100.0%)
  Collapse penalty: 0.000000 (threshold: 0.005000)
  Saved validation predictions to: experiments/10_overnight_sweep/daily_7q_h1_s456/collapse_monitoring/val_predictions_epoch50.npy
  Gradient norms:
    lstm_encoder: 0.028665
    lstm_decoder: 0.006651
    output_layer: 0.102778
  VSN output std:
    encoder: 0.118026
  Attention entropy: 1.809101
  Saved to: experiments/10_overnight_sweep/daily_7q_h1_s456/collapse_monitoring/collapse_monitor_latest.json
[DEBUG CollapseMonitor] on_validation_epoch_start called for epoch 51
[DEBUG CollapseMonitor] reset_temporal_state() called on loss function
Epoch 51: val_loss=0.39793112874031067
Epoch 51: train_loss=0.42056286334991455

[CollapseMonitor] Epoch 51
  [DEBUG] Processed 21 batches from val_dataloader
  [DEBUG] Predictions shape after concat: (1282,)
  Pred std: 0.039991, range: 0.194119, mean: 0.076277
  Pos: 100.0%, Neg: 0.0%, Unique: 1270
  Dir Acc: 54.76%, Pred Sharpe: 30.2779
  Composite: 0.4237 (dist_match: 0.5476, actual_pos: 54.8%, pred_pos: 100.0%)
  Collapse penalty: 0.000000 (threshold: 0.005000)
  Saved validation predictions to: experiments/10_overnight_sweep/daily_7q_h1_s456/collapse_monitoring/val_predictions_epoch51.npy
  Gradient norms:
    lstm_encoder: 0.030017
    lstm_decoder: 0.007139
    output_layer: 0.100755
  VSN output std:
    encoder: 0.117212
  Attention entropy: 1.940786
  Saved to: experiments/10_overnight_sweep/daily_7q_h1_s456/collapse_monitoring/collapse_monitor_latest.json
[DEBUG CollapseMonitor] on_validation_epoch_start called for epoch 52
[DEBUG CollapseMonitor] reset_temporal_state() called on loss function
Epoch 52: val_loss=0.3997103273868561
Epoch 52: train_loss=0.41931962966918945

[CollapseMonitor] Epoch 52
  [DEBUG] Processed 21 batches from val_dataloader
  [DEBUG] Predictions shape after concat: (1282,)
  Pred std: 0.035738, range: 0.173988, mean: 0.100668
  Pos: 100.0%, Neg: 0.0%, Unique: 1261
  Dir Acc: 54.76%, Pred Sharpe: 44.7152
  Composite: 0.4237 (dist_match: 0.5476, actual_pos: 54.8%, pred_pos: 100.0%)
  Collapse penalty: 0.000000 (threshold: 0.005000)
  Saved validation predictions to: experiments/10_overnight_sweep/daily_7q_h1_s456/collapse_monitoring/val_predictions_epoch52.npy
  Gradient norms:
    lstm_encoder: 0.032297
    lstm_decoder: 0.007124
    output_layer: 0.100609
  VSN output std:
    encoder: 0.118141
  Attention entropy: 1.935563
  Saved to: experiments/10_overnight_sweep/daily_7q_h1_s456/collapse_monitoring/collapse_monitor_latest.json
[DEBUG CollapseMonitor] on_validation_epoch_start called for epoch 53
[DEBUG CollapseMonitor] reset_temporal_state() called on loss function
Epoch 53: val_loss=0.39923346042633057
Epoch 53: train_loss=0.41916730999946594

[CollapseMonitor] Epoch 53
  [DEBUG] Processed 21 batches from val_dataloader
  [DEBUG] Predictions shape after concat: (1282,)
  Pred std: 0.035933, range: 0.173012, mean: 0.076857
  Pos: 100.0%, Neg: 0.0%, Unique: 1272
  Dir Acc: 54.76%, Pred Sharpe: 33.9536
  Composite: 0.4237 (dist_match: 0.5476, actual_pos: 54.8%, pred_pos: 100.0%)
  Collapse penalty: 0.000000 (threshold: 0.005000)
  Saved validation predictions to: experiments/10_overnight_sweep/daily_7q_h1_s456/collapse_monitoring/val_predictions_epoch53.npy
  Gradient norms:
    lstm_encoder: 0.032132
    lstm_decoder: 0.007396
    output_layer: 0.111293
  VSN output std:
    encoder: 0.118699
  Attention entropy: 1.974705
  Saved to: experiments/10_overnight_sweep/daily_7q_h1_s456/collapse_monitoring/collapse_monitor_latest.json
[DEBUG CollapseMonitor] on_validation_epoch_start called for epoch 54
[DEBUG CollapseMonitor] reset_temporal_state() called on loss function
Epoch 54: val_loss=0.40718284249305725
Epoch 54: train_loss=0.4190157353878021

[CollapseMonitor] Epoch 54
  [DEBUG] Processed 21 batches from val_dataloader
  [DEBUG] Predictions shape after concat: (1282,)
  Pred std: 0.028919, range: 0.136619, mean: 0.043949
  Pos: 100.0%, Neg: 0.0%, Unique: 1270
  Dir Acc: 54.76%, Pred Sharpe: 24.1249
  Composite: 0.4237 (dist_match: 0.5476, actual_pos: 54.8%, pred_pos: 100.0%)
  Collapse penalty: 0.000000 (threshold: 0.005000)
  Saved validation predictions to: experiments/10_overnight_sweep/daily_7q_h1_s456/collapse_monitoring/val_predictions_epoch54.npy
  Gradient norms:
    lstm_encoder: 0.033367
    lstm_decoder: 0.007587
    output_layer: 0.101754
  VSN output std:
    encoder: 0.119261
  Attention entropy: 1.959876
  Saved to: experiments/10_overnight_sweep/daily_7q_h1_s456/collapse_monitoring/collapse_monitor_latest.json
[DEBUG CollapseMonitor] on_validation_epoch_start called for epoch 55
[DEBUG CollapseMonitor] reset_temporal_state() called on loss function
Epoch 55: val_loss=0.39907926321029663
Epoch 55: train_loss=0.42004767060279846

[CollapseMonitor] Epoch 55
  [DEBUG] Processed 21 batches from val_dataloader
  [DEBUG] Predictions shape after concat: (1282,)
  Pred std: 0.034515, range: 0.196552, mean: 0.047675
  Pos: 100.0%, Neg: 0.0%, Unique: 1270
  Dir Acc: 54.76%, Pred Sharpe: 21.9273
  Composite: 0.4237 (dist_match: 0.5476, actual_pos: 54.8%, pred_pos: 100.0%)
  Collapse penalty: 0.000000 (threshold: 0.005000)
  Saved validation predictions to: experiments/10_overnight_sweep/daily_7q_h1_s456/collapse_monitoring/val_predictions_epoch55.npy
  Gradient norms:
    lstm_encoder: 0.030904
    lstm_decoder: 0.006964
    output_layer: 0.099547
  VSN output std:
    encoder: 0.118418
  Attention entropy: 1.893335
  Saved to: experiments/10_overnight_sweep/daily_7q_h1_s456/collapse_monitoring/collapse_monitor_latest.json
[DEBUG CollapseMonitor] on_validation_epoch_start called for epoch 56
[DEBUG CollapseMonitor] reset_temporal_state() called on loss function
Epoch 56: val_loss=0.4007159471511841
Epoch 56: train_loss=0.41798096895217896

[CollapseMonitor] Epoch 56
  [DEBUG] Processed 21 batches from val_dataloader
  [DEBUG] Predictions shape after concat: (1282,)
  Pred std: 0.035279, range: 0.179025, mean: 0.087896
  Pos: 100.0%, Neg: 0.0%, Unique: 1262
  Dir Acc: 54.76%, Pred Sharpe: 39.5505
  Composite: 0.4237 (dist_match: 0.5476, actual_pos: 54.8%, pred_pos: 100.0%)
  Collapse penalty: 0.000000 (threshold: 0.005000)
  Saved validation predictions to: experiments/10_overnight_sweep/daily_7q_h1_s456/collapse_monitoring/val_predictions_epoch56.npy
  Gradient norms:
    lstm_encoder: 0.035028
    lstm_decoder: 0.007659
    output_layer: 0.100400
  VSN output std:
    encoder: 0.119233
  Attention entropy: 1.938695
  Saved to: experiments/10_overnight_sweep/daily_7q_h1_s456/collapse_monitoring/collapse_monitor_latest.json
[DEBUG CollapseMonitor] on_validation_epoch_start called for epoch 57
[DEBUG CollapseMonitor] reset_temporal_state() called on loss function
Epoch 57: val_loss=0.39750298857688904
Epoch 57: train_loss=0.4170789122581482

[CollapseMonitor] Epoch 57
  [DEBUG] Processed 21 batches from val_dataloader
  [DEBUG] Predictions shape after concat: (1282,)
  Pred std: 0.042144, range: 0.219721, mean: 0.081815
  Pos: 100.0%, Neg: 0.0%, Unique: 1267
  Dir Acc: 54.76%, Pred Sharpe: 30.8174
  Composite: 0.4237 (dist_match: 0.5476, actual_pos: 54.8%, pred_pos: 100.0%)
  Collapse penalty: 0.000000 (threshold: 0.005000)
  Saved validation predictions to: experiments/10_overnight_sweep/daily_7q_h1_s456/collapse_monitoring/val_predictions_epoch57.npy
  Gradient norms:
    lstm_encoder: 0.034460
    lstm_decoder: 0.007815
    output_layer: 0.101893
  VSN output std:
    encoder: 0.118133
  Attention entropy: 1.910522
  Saved to: experiments/10_overnight_sweep/daily_7q_h1_s456/collapse_monitoring/collapse_monitor_latest.json
[DEBUG CollapseMonitor] on_validation_epoch_start called for epoch 58
[DEBUG CollapseMonitor] reset_temporal_state() called on loss function
Epoch 58: val_loss=0.39949604868888855
Epoch 58: train_loss=0.4190242886543274

[CollapseMonitor] Epoch 58
  [DEBUG] Processed 21 batches from val_dataloader
  [DEBUG] Predictions shape after concat: (1282,)
  Pred std: 0.036331, range: 0.201810, mean: 0.073354
  Pos: 100.0%, Neg: 0.0%, Unique: 1265
  Dir Acc: 54.76%, Pred Sharpe: 32.0509
  Composite: 0.4237 (dist_match: 0.5476, actual_pos: 54.8%, pred_pos: 100.0%)
  Collapse penalty: 0.000000 (threshold: 0.005000)
  Saved validation predictions to: experiments/10_overnight_sweep/daily_7q_h1_s456/collapse_monitoring/val_predictions_epoch58.npy
  Gradient norms:
    lstm_encoder: 0.033464
    lstm_decoder: 0.007137
    output_layer: 0.099559
  VSN output std:
    encoder: 0.118294
  Attention entropy: 1.877880
  Saved to: experiments/10_overnight_sweep/daily_7q_h1_s456/collapse_monitoring/collapse_monitor_latest.json
[DEBUG CollapseMonitor] on_validation_epoch_start called for epoch 59
[DEBUG CollapseMonitor] reset_temporal_state() called on loss function
Epoch 59: val_loss=0.40000832080841064
Epoch 59: train_loss=0.4182637929916382

[CollapseMonitor] Epoch 59
  [DEBUG] Processed 21 batches from val_dataloader
  [DEBUG] Predictions shape after concat: (1282,)
  Pred std: 0.034708, range: 0.202538, mean: 0.087397
  Pos: 100.0%, Neg: 0.0%, Unique: 1270
  Dir Acc: 54.76%, Pred Sharpe: 39.9735
  Composite: 0.4237 (dist_match: 0.5476, actual_pos: 54.8%, pred_pos: 100.0%)
  Collapse penalty: 0.000000 (threshold: 0.005000)
  Saved validation predictions to: experiments/10_overnight_sweep/daily_7q_h1_s456/collapse_monitoring/val_predictions_epoch59.npy
  Gradient norms:
    lstm_encoder: 0.036143
    lstm_decoder: 0.007767
    output_layer: 0.097748
  VSN output std:
    encoder: 0.118861
  Attention entropy: 1.856511
  Saved to: experiments/10_overnight_sweep/daily_7q_h1_s456/collapse_monitoring/collapse_monitor_latest.json
[DEBUG CollapseMonitor] on_validation_epoch_start called for epoch 60
[DEBUG CollapseMonitor] reset_temporal_state() called on loss function
Epoch 60: val_loss=0.39948898553848267
Epoch 60: train_loss=0.4187202453613281

[CollapseMonitor] Epoch 60
  [DEBUG] Processed 21 batches from val_dataloader
  [DEBUG] Predictions shape after concat: (1282,)
  Pred std: 0.034443, range: 0.201963, mean: 0.071009
  Pos: 100.0%, Neg: 0.0%, Unique: 1263
  Dir Acc: 54.76%, Pred Sharpe: 32.7272
  Composite: 0.4237 (dist_match: 0.5476, actual_pos: 54.8%, pred_pos: 100.0%)
  Collapse penalty: 0.000000 (threshold: 0.005000)
  Saved validation predictions to: experiments/10_overnight_sweep/daily_7q_h1_s456/collapse_monitoring/val_predictions_epoch60.npy
  Gradient norms:
    lstm_encoder: 0.039376
    lstm_decoder: 0.008269
    output_layer: 0.105206
  VSN output std:
    encoder: 0.118696
  Attention entropy: 1.850332
  Saved to: experiments/10_overnight_sweep/daily_7q_h1_s456/collapse_monitoring/collapse_monitor_latest.json
[DEBUG CollapseMonitor] on_validation_epoch_start called for epoch 61
[DEBUG CollapseMonitor] reset_temporal_state() called on loss function
Epoch 61: val_loss=0.3991554081439972
Epoch 61: train_loss=0.4185722768306732

[CollapseMonitor] Epoch 61
  [DEBUG] Processed 21 batches from val_dataloader
  [DEBUG] Predictions shape after concat: (1282,)
  Pred std: 0.032282, range: 0.191094, mean: 0.066371
  Pos: 100.0%, Neg: 0.0%, Unique: 1262
  Dir Acc: 54.76%, Pred Sharpe: 32.6378
  Composite: 0.4237 (dist_match: 0.5476, actual_pos: 54.8%, pred_pos: 100.0%)
  Collapse penalty: 0.000000 (threshold: 0.005000)
  Saved validation predictions to: experiments/10_overnight_sweep/daily_7q_h1_s456/collapse_monitoring/val_predictions_epoch61.npy
  Gradient norms:
    lstm_encoder: 0.035428
    lstm_decoder: 0.007675
    output_layer: 0.095600
  VSN output std:
    encoder: 0.118769
  Attention entropy: 1.857624
  Saved to: experiments/10_overnight_sweep/daily_7q_h1_s456/collapse_monitoring/collapse_monitor_latest.json
[DEBUG CollapseMonitor] on_validation_epoch_start called for epoch 62
[DEBUG CollapseMonitor] reset_temporal_state() called on loss function
Epoch 62: val_loss=0.3997580409049988
Epoch 62: train_loss=0.4182380139827728

[CollapseMonitor] Epoch 62
  [DEBUG] Processed 21 batches from val_dataloader
  [DEBUG] Predictions shape after concat: (1282,)
  Pred std: 0.031829, range: 0.193900, mean: 0.068047
  Pos: 100.0%, Neg: 0.0%, Unique: 1260
  Dir Acc: 54.76%, Pred Sharpe: 33.9379
  Composite: 0.4237 (dist_match: 0.5476, actual_pos: 54.8%, pred_pos: 100.0%)
  Collapse penalty: 0.000000 (threshold: 0.005000)
  Saved validation predictions to: experiments/10_overnight_sweep/daily_7q_h1_s456/collapse_monitoring/val_predictions_epoch62.npy
  Gradient norms:
    lstm_encoder: 0.038001
    lstm_decoder: 0.007605
    output_layer: 0.102017
  VSN output std:
    encoder: 0.118436
  Attention entropy: 1.870360
  Saved to: experiments/10_overnight_sweep/daily_7q_h1_s456/collapse_monitoring/collapse_monitor_latest.json
[DEBUG CollapseMonitor] on_validation_epoch_start called for epoch 63
[DEBUG CollapseMonitor] reset_temporal_state() called on loss function
Epoch 63: val_loss=0.3984663486480713
Epoch 63: train_loss=0.4177321195602417

[CollapseMonitor] Epoch 63
  [DEBUG] Processed 21 batches from val_dataloader
  [DEBUG] Predictions shape after concat: (1282,)
  Pred std: 0.035712, range: 0.203887, mean: 0.085761
  Pos: 100.0%, Neg: 0.0%, Unique: 1265
  Dir Acc: 54.76%, Pred Sharpe: 38.1224
  Composite: 0.4237 (dist_match: 0.5476, actual_pos: 54.8%, pred_pos: 100.0%)
  Collapse penalty: 0.000000 (threshold: 0.005000)
  Saved validation predictions to: experiments/10_overnight_sweep/daily_7q_h1_s456/collapse_monitoring/val_predictions_epoch63.npy
  Gradient norms:
    lstm_encoder: 0.038913
    lstm_decoder: 0.008182
    output_layer: 0.104478
  VSN output std:
    encoder: 0.117404
  Attention entropy: 1.918838
  Saved to: experiments/10_overnight_sweep/daily_7q_h1_s456/collapse_monitoring/collapse_monitor_latest.json
[DEBUG CollapseMonitor] on_validation_epoch_start called for epoch 64
[DEBUG CollapseMonitor] reset_temporal_state() called on loss function
Epoch 64: val_loss=0.4015572965145111
Epoch 64: train_loss=0.4187811315059662

[CollapseMonitor] Epoch 64
  [DEBUG] Processed 21 batches from val_dataloader
  [DEBUG] Predictions shape after concat: (1282,)
  Pred std: 0.033281, range: 0.197987, mean: 0.064391
  Pos: 100.0%, Neg: 0.0%, Unique: 1259
  Dir Acc: 54.76%, Pred Sharpe: 30.7138
  Composite: 0.4237 (dist_match: 0.5476, actual_pos: 54.8%, pred_pos: 100.0%)
  Collapse penalty: 0.000000 (threshold: 0.005000)
  Saved validation predictions to: experiments/10_overnight_sweep/daily_7q_h1_s456/collapse_monitoring/val_predictions_epoch64.npy
  Gradient norms:
    lstm_encoder: 0.036268
    lstm_decoder: 0.008016
    output_layer: 0.098499
  VSN output std:
    encoder: 0.118213
  Attention entropy: 1.900423
  Saved to: experiments/10_overnight_sweep/daily_7q_h1_s456/collapse_monitoring/collapse_monitor_latest.json
[DEBUG CollapseMonitor] on_validation_epoch_start called for epoch 65
[DEBUG CollapseMonitor] reset_temporal_state() called on loss function
Epoch 65: val_loss=0.4016623795032501
Epoch 65: train_loss=0.4189721345901489

[CollapseMonitor] Epoch 65
  [DEBUG] Processed 21 batches from val_dataloader
  [DEBUG] Predictions shape after concat: (1282,)
  Pred std: 0.034283, range: 0.204272, mean: 0.074226
  Pos: 100.0%, Neg: 0.0%, Unique: 1265
  Dir Acc: 54.76%, Pred Sharpe: 34.3694
  Composite: 0.4237 (dist_match: 0.5476, actual_pos: 54.8%, pred_pos: 100.0%)
  Collapse penalty: 0.000000 (threshold: 0.005000)
  Saved validation predictions to: experiments/10_overnight_sweep/daily_7q_h1_s456/collapse_monitoring/val_predictions_epoch65.npy
  Gradient norms:
    lstm_encoder: 0.040018
    lstm_decoder: 0.008401
    output_layer: 0.104312
  VSN output std:
    encoder: 0.118333
  Attention entropy: 1.913936
  Saved to: experiments/10_overnight_sweep/daily_7q_h1_s456/collapse_monitoring/collapse_monitor_latest.json
[DEBUG CollapseMonitor] on_validation_epoch_start called for epoch 66
[DEBUG CollapseMonitor] reset_temporal_state() called on loss function
Epoch 66: val_loss=0.3999848961830139
Epoch 66: train_loss=0.41895362734794617

[CollapseMonitor] Epoch 66
  [DEBUG] Processed 21 batches from val_dataloader
  [DEBUG] Predictions shape after concat: (1282,)
  Pred std: 0.036355, range: 0.209559, mean: 0.072473
  Pos: 100.0%, Neg: 0.0%, Unique: 1269
  Dir Acc: 54.76%, Pred Sharpe: 31.6452
  Composite: 0.4237 (dist_match: 0.5476, actual_pos: 54.8%, pred_pos: 100.0%)
  Collapse penalty: 0.000000 (threshold: 0.005000)
  Saved validation predictions to: experiments/10_overnight_sweep/daily_7q_h1_s456/collapse_monitoring/val_predictions_epoch66.npy
  Gradient norms:
    lstm_encoder: 0.039606
    lstm_decoder: 0.008117
    output_layer: 0.100796
  VSN output std:
    encoder: 0.117740
  Attention entropy: 1.920969
  Saved to: experiments/10_overnight_sweep/daily_7q_h1_s456/collapse_monitoring/collapse_monitor_latest.json
[DEBUG CollapseMonitor] on_validation_epoch_start called for epoch 67
[DEBUG CollapseMonitor] reset_temporal_state() called on loss function
Epoch 67: val_loss=0.400144100189209
Epoch 67: train_loss=0.41791075468063354

[CollapseMonitor] Epoch 67
  [DEBUG] Processed 21 batches from val_dataloader
  [DEBUG] Predictions shape after concat: (1282,)
  Pred std: 0.035783, range: 0.205103, mean: 0.075028
  Pos: 100.0%, Neg: 0.0%, Unique: 1263
  Dir Acc: 54.76%, Pred Sharpe: 33.2843
  Composite: 0.4237 (dist_match: 0.5476, actual_pos: 54.8%, pred_pos: 100.0%)
  Collapse penalty: 0.000000 (threshold: 0.005000)
  Saved validation predictions to: experiments/10_overnight_sweep/daily_7q_h1_s456/collapse_monitoring/val_predictions_epoch67.npy
  Gradient norms:
    lstm_encoder: 0.035596
    lstm_decoder: 0.007862
    output_layer: 0.100032
  VSN output std:
    encoder: 0.117551
  Attention entropy: 1.923736
  Saved to: experiments/10_overnight_sweep/daily_7q_h1_s456/collapse_monitoring/collapse_monitor_latest.json


======================================================================
Training complete
======================================================================

Best val_loss checkpoint: experiments/10_overnight_sweep/daily_7q_h1_s456/checkpoints/tft-epoch=epoch=57-valloss=val_loss=0.3975.ckpt
Best validation loss: 0.397503
Checkpoints saved:
  - Best val_loss: experiments/10_overnight_sweep/daily_7q_h1_s456/checkpoints/tft-epoch=epoch=57-valloss=val_loss=0.3975.ckpt
  - Best pred_std: experiments/10_overnight_sweep/daily_7q_h1_s456/checkpoints/tft-epoch=epoch=09-predstd=val_pred_std=0.0525.ckpt
  - Best unique: experiments/10_overnight_sweep/daily_7q_h1_s456/checkpoints/tft-epoch=epoch=53-unique=val_num_unique=1272.ckpt
  - Best dir_acc: experiments/10_overnight_sweep/daily_7q_h1_s456/checkpoints/tft-epoch=epoch=17-diracc=val_dir_acc=0.5484.ckpt
  - Best sharpe: experiments/10_overnight_sweep/daily_7q_h1_s456/checkpoints/tft-epoch=epoch=00-sharpe=val_sharpe=718.9618.ckpt
  - Best composite: experiments/10_overnight_sweep/daily_7q_h1_s456/checkpoints/tft-epoch=epoch=09-composite=val_composite=0.4391.ckpt
Completed at: 2025-12-04 07:35:07
Log saved to: experiments/10_overnight_sweep/daily_7q_h1_s456/training_20251204_071620.log
======================================================================
