======================================================================
Training TFT: 00_baseline_exploration/sweep2_h16_enc_60
======================================================================
Logging to: experiments/00_baseline_exploration/sweep2_h16_enc_60/training_20251029_182459.log
Started at: 2025-10-29 18:24:59
======================================================================
Configuration saved to: experiments/00_baseline_exploration/sweep2_h16_enc_60/config.json

Loading data splits...
Train: 6066 samples
Val: 1300 samples
Test: 1300 samples

Preparing TimeSeriesDataSet...

Dropping source columns (used for staleness only): ['CPI']

Final features for TFT: ['SP500_Returns', 'VIX', 'Treasury_10Y', 'Yield_Spread', 'Inflation_YoY']

======================================================================
FEATURE STATISTICS - BEFORE NORMALIZATION
======================================================================
VIX                             mean= 19.7193  std=  8.0201  min=  9.3100  max= 80.8600
Treasury_10Y                    mean=  4.7588  std=  1.6860  min=  1.4300  max=  8.3600
Yield_Spread                    mean=  1.2786  std=  0.9184  min= -0.5200  max=  2.9100
Inflation_YoY                   mean=  2.5055  std=  1.1650  min= -1.9588  max=  5.7255

======================================================================
FEATURES AFTER GROUPNORMALIZER (first batch, last timestep)
======================================================================
VIX                             normalized_value=  1.0000
Treasury_10Y                    normalized_value= -0.0167
Yield_Spread                    normalized_value=  0.6198
Inflation_YoY                   normalized_value=  0.2083
======================================================================

Batches per epoch: 93
[DEBUG] Validation batches: 20
[DEBUG] Validation dataset size: 1240
[DEBUG] Batch size: 64

Initializing model...
Model parameters: 22,615

Starting training...
Checkpoints will be saved to: experiments/00_baseline_exploration/sweep2_h16_enc_60/checkpoints/
Logs will be saved to: experiments/00_baseline_exploration/sweep2_h16_enc_60/logs/

Epoch 0: val_loss=N/A
Epoch 0: val_loss=0.6030977964401245
Epoch 0: train_loss=0.6862368583679199

[CollapseMonitor] Epoch 0
  [DEBUG] Processed 20 batches from val_dataloader
  [DEBUG] Predictions shape after concat: (1240,)
  [DEBUG] All predictions list length: 20
  [DEBUG] First batch shape: (64,)
  Pred std: 0.030307, range: 0.120127, mean: 0.058358
  Pos: 100.0%, Neg: 0.0%, Unique: 1234
  Saved validation predictions to: experiments/00_baseline_exploration/sweep2_h16_enc_60/collapse_monitoring/val_predictions_epoch0.npy
  Gradient norms:
    lstm_encoder: 0.009044
    lstm_decoder: 0.013770
    multihead_attn: 0.008492
    output_layer: 0.627628
  VSN output std:
    encoder: 0.157396
  Attention entropy: 4.086715
  Saved to: experiments/00_baseline_exploration/sweep2_h16_enc_60/collapse_monitoring/collapse_monitor_epoch0.json
Epoch 1: val_loss=0.5075780153274536
Epoch 1: train_loss=0.5825263261795044

[CollapseMonitor] Epoch 1
  [DEBUG] Processed 20 batches from val_dataloader
  [DEBUG] Predictions shape after concat: (1240,)
  [DEBUG] All predictions list length: 20
  [DEBUG] First batch shape: (64,)
  Pred std: 0.019035, range: 0.079291, mean: 0.011318
  Pos: 68.7%, Neg: 31.3%, Unique: 1228
  Saved validation predictions to: experiments/00_baseline_exploration/sweep2_h16_enc_60/collapse_monitoring/val_predictions_epoch1.npy
  Gradient norms:
    lstm_encoder: 0.006520
    lstm_decoder: 0.008892
    multihead_attn: 0.004820
    output_layer: 0.459776
  VSN output std:
    encoder: 0.164476
  Attention entropy: 4.090295
  Saved to: experiments/00_baseline_exploration/sweep2_h16_enc_60/collapse_monitoring/collapse_monitor_epoch1.json
Epoch 2: val_loss=0.468619167804718
Epoch 2: train_loss=0.5042186379432678

[CollapseMonitor] Epoch 2
  [DEBUG] Processed 20 batches from val_dataloader
  [DEBUG] Predictions shape after concat: (1240,)
  [DEBUG] All predictions list length: 20
  [DEBUG] First batch shape: (64,)
  Pred std: 0.017172, range: 0.078499, mean: 0.024976
  Pos: 92.5%, Neg: 7.5%, Unique: 1219
  Saved validation predictions to: experiments/00_baseline_exploration/sweep2_h16_enc_60/collapse_monitoring/val_predictions_epoch2.npy
  Gradient norms:
    lstm_encoder: 0.004163
    lstm_decoder: 0.004214
    multihead_attn: 0.002845
    output_layer: 0.235442
  VSN output std:
    encoder: 0.167027
  Attention entropy: 4.091719
  Saved to: experiments/00_baseline_exploration/sweep2_h16_enc_60/collapse_monitoring/collapse_monitor_epoch2.json
Epoch 3: val_loss=0.4604647159576416
Epoch 3: train_loss=0.4718477129936218

[CollapseMonitor] Epoch 3
  [DEBUG] Processed 20 batches from val_dataloader
  [DEBUG] Predictions shape after concat: (1240,)
  [DEBUG] All predictions list length: 20
  [DEBUG] First batch shape: (64,)
  Pred std: 0.015784, range: 0.073507, mean: 0.035110
  Pos: 93.1%, Neg: 6.9%, Unique: 1218
  Saved validation predictions to: experiments/00_baseline_exploration/sweep2_h16_enc_60/collapse_monitoring/val_predictions_epoch3.npy
  Gradient norms:
    lstm_encoder: 0.002970
    lstm_decoder: 0.002767
    multihead_attn: 0.002025
    output_layer: 0.130122
  VSN output std:
    encoder: 0.155470
  Attention entropy: 4.091452
  Saved to: experiments/00_baseline_exploration/sweep2_h16_enc_60/collapse_monitoring/collapse_monitor_epoch3.json
Epoch 4: val_loss=0.45594438910484314
Epoch 4: train_loss=0.4630321264266968

[CollapseMonitor] Epoch 4
  [DEBUG] Processed 20 batches from val_dataloader
  [DEBUG] Predictions shape after concat: (1240,)
  [DEBUG] All predictions list length: 20
  [DEBUG] First batch shape: (64,)
  Pred std: 0.014954, range: 0.069121, mean: 0.011877
  Pos: 81.1%, Neg: 18.9%, Unique: 1221
  Saved validation predictions to: experiments/00_baseline_exploration/sweep2_h16_enc_60/collapse_monitoring/val_predictions_epoch4.npy
  Gradient norms:
    lstm_encoder: 0.002956
    lstm_decoder: 0.002759
    multihead_attn: 0.001700
    output_layer: 0.107489
  VSN output std:
    encoder: 0.166307
  Attention entropy: 4.089805
  Saved to: experiments/00_baseline_exploration/sweep2_h16_enc_60/collapse_monitoring/collapse_monitor_epoch4.json
Epoch 5: val_loss=0.453548789024353
Epoch 5: train_loss=0.4593062102794647

[CollapseMonitor] Epoch 5
  [DEBUG] Processed 20 batches from val_dataloader
  [DEBUG] Predictions shape after concat: (1240,)
  [DEBUG] All predictions list length: 20
  [DEBUG] First batch shape: (64,)
  Pred std: 0.014451, range: 0.076823, mean: 0.046782
  Pos: 100.0%, Neg: 0.0%, Unique: 1223
  Saved validation predictions to: experiments/00_baseline_exploration/sweep2_h16_enc_60/collapse_monitoring/val_predictions_epoch5.npy
  Gradient norms:
    lstm_encoder: 0.003009
    lstm_decoder: 0.002740
    multihead_attn: 0.001671
    output_layer: 0.102446
  VSN output std:
    encoder: 0.179374
  Attention entropy: 4.089068
  Saved to: experiments/00_baseline_exploration/sweep2_h16_enc_60/collapse_monitoring/collapse_monitor_epoch5.json
Epoch 6: val_loss=0.45038890838623047
Epoch 6: train_loss=0.45468881726264954

[CollapseMonitor] Epoch 6
  [DEBUG] Processed 20 batches from val_dataloader
  [DEBUG] Predictions shape after concat: (1240,)
  [DEBUG] All predictions list length: 20
  [DEBUG] First batch shape: (64,)
  Pred std: 0.013447, range: 0.088527, mean: 0.036733
  Pos: 100.0%, Neg: 0.0%, Unique: 1216
  Saved validation predictions to: experiments/00_baseline_exploration/sweep2_h16_enc_60/collapse_monitoring/val_predictions_epoch6.npy
  Gradient norms:
    lstm_encoder: 0.003304
    lstm_decoder: 0.002696
    multihead_attn: 0.001767
    output_layer: 0.092689
  VSN output std:
    encoder: 0.179370
  Attention entropy: 4.079107
  Saved to: experiments/00_baseline_exploration/sweep2_h16_enc_60/collapse_monitoring/collapse_monitor_epoch6.json
Epoch 7: val_loss=0.4450068175792694
Epoch 7: train_loss=0.4519074559211731

[CollapseMonitor] Epoch 7
  [DEBUG] Processed 20 batches from val_dataloader
  [DEBUG] Predictions shape after concat: (1240,)
  [DEBUG] All predictions list length: 20
  [DEBUG] First batch shape: (64,)
  Pred std: 0.015283, range: 0.101022, mean: 0.054318
  Pos: 100.0%, Neg: 0.0%, Unique: 1222
  Saved validation predictions to: experiments/00_baseline_exploration/sweep2_h16_enc_60/collapse_monitoring/val_predictions_epoch7.npy
  Gradient norms:
    lstm_encoder: 0.003898
    lstm_decoder: 0.002971
    multihead_attn: 0.002163
    output_layer: 0.097089
  VSN output std:
    encoder: 0.171413
  Attention entropy: 4.049688
  Saved to: experiments/00_baseline_exploration/sweep2_h16_enc_60/collapse_monitoring/collapse_monitor_epoch7.json
Epoch 8: val_loss=0.43904489278793335
Epoch 8: train_loss=0.44718462228775024

[CollapseMonitor] Epoch 8
  [DEBUG] Processed 20 batches from val_dataloader
  [DEBUG] Predictions shape after concat: (1240,)
  [DEBUG] All predictions list length: 20
  [DEBUG] First batch shape: (64,)
  Pred std: 0.018879, range: 0.122019, mean: 0.025197
  Pos: 89.7%, Neg: 10.3%, Unique: 1222
  Saved validation predictions to: experiments/00_baseline_exploration/sweep2_h16_enc_60/collapse_monitoring/val_predictions_epoch8.npy
  Gradient norms:
    lstm_encoder: 0.004259
    lstm_decoder: 0.003103
    multihead_attn: 0.002585
    output_layer: 0.094637
  VSN output std:
    encoder: 0.166902
  Attention entropy: 3.995341
  Saved to: experiments/00_baseline_exploration/sweep2_h16_enc_60/collapse_monitoring/collapse_monitor_epoch8.json
Epoch 9: val_loss=0.4359847903251648
Epoch 9: train_loss=0.44091859459877014

[CollapseMonitor] Epoch 9
  [DEBUG] Processed 20 batches from val_dataloader
  [DEBUG] Predictions shape after concat: (1240,)
  [DEBUG] All predictions list length: 20
  [DEBUG] First batch shape: (64,)
  Pred std: 0.022635, range: 0.166786, mean: 0.062034
  Pos: 98.6%, Neg: 1.4%, Unique: 1208
  Saved validation predictions to: experiments/00_baseline_exploration/sweep2_h16_enc_60/collapse_monitoring/val_predictions_epoch9.npy
  Gradient norms:
    lstm_encoder: 0.004715
    lstm_decoder: 0.003155
    multihead_attn: 0.002847
    output_layer: 0.093541
  VSN output std:
    encoder: 0.171202
  Attention entropy: 4.056336
  Saved to: experiments/00_baseline_exploration/sweep2_h16_enc_60/collapse_monitoring/collapse_monitor_epoch9.json
Epoch 10: val_loss=0.43387579917907715
Epoch 10: train_loss=0.4401026964187622

[CollapseMonitor] Epoch 10
  [DEBUG] Processed 20 batches from val_dataloader
  [DEBUG] Predictions shape after concat: (1240,)
  [DEBUG] All predictions list length: 20
  [DEBUG] First batch shape: (64,)
  Pred std: 0.025225, range: 0.181880, mean: 0.111123
  Pos: 100.0%, Neg: 0.0%, Unique: 1216
  Saved validation predictions to: experiments/00_baseline_exploration/sweep2_h16_enc_60/collapse_monitoring/val_predictions_epoch10.npy
  Gradient norms:
    lstm_encoder: 0.005214
    lstm_decoder: 0.003386
    multihead_attn: 0.002891
    output_layer: 0.092506
  VSN output std:
    encoder: 0.169669
  Attention entropy: 4.052670
  Saved to: experiments/00_baseline_exploration/sweep2_h16_enc_60/collapse_monitoring/collapse_monitor_epoch10.json
Epoch 11: val_loss=0.43259552121162415
Epoch 11: train_loss=0.4361298978328705

[CollapseMonitor] Epoch 11
  [DEBUG] Processed 20 batches from val_dataloader
  [DEBUG] Predictions shape after concat: (1240,)
  [DEBUG] All predictions list length: 20
  [DEBUG] First batch shape: (64,)
  Pred std: 0.018221, range: 0.157467, mean: 0.071318
  Pos: 99.8%, Neg: 0.2%, Unique: 1217
  Saved validation predictions to: experiments/00_baseline_exploration/sweep2_h16_enc_60/collapse_monitoring/val_predictions_epoch11.npy
  Gradient norms:
    lstm_encoder: 0.005596
    lstm_decoder: 0.003549
    multihead_attn: 0.002863
    output_layer: 0.101012
  VSN output std:
    encoder: 0.167663
  Attention entropy: 4.057149
  Saved to: experiments/00_baseline_exploration/sweep2_h16_enc_60/collapse_monitoring/collapse_monitor_epoch11.json
Epoch 12: val_loss=0.43095940351486206
Epoch 12: train_loss=0.4367818534374237

[CollapseMonitor] Epoch 12
  [DEBUG] Processed 20 batches from val_dataloader
  [DEBUG] Predictions shape after concat: (1240,)
  [DEBUG] All predictions list length: 20
  [DEBUG] First batch shape: (64,)
  Pred std: 0.017535, range: 0.159042, mean: 0.022307
  Pos: 90.7%, Neg: 9.3%, Unique: 1230
  Saved validation predictions to: experiments/00_baseline_exploration/sweep2_h16_enc_60/collapse_monitoring/val_predictions_epoch12.npy
  Gradient norms:
    lstm_encoder: 0.006071
    lstm_decoder: 0.003577
    multihead_attn: 0.002807
    output_layer: 0.093191
  VSN output std:
    encoder: 0.165866
  Attention entropy: 4.054800
  Saved to: experiments/00_baseline_exploration/sweep2_h16_enc_60/collapse_monitoring/collapse_monitor_epoch12.json
Epoch 13: val_loss=0.4296514093875885
Epoch 13: train_loss=0.4347294270992279

[CollapseMonitor] Epoch 13
  [DEBUG] Processed 20 batches from val_dataloader
  [DEBUG] Predictions shape after concat: (1240,)
  [DEBUG] All predictions list length: 20
  [DEBUG] First batch shape: (64,)
  Pred std: 0.017446, range: 0.162355, mean: 0.054158
  Pos: 99.7%, Neg: 0.3%, Unique: 1230
  Saved validation predictions to: experiments/00_baseline_exploration/sweep2_h16_enc_60/collapse_monitoring/val_predictions_epoch13.npy
  Gradient norms:
    lstm_encoder: 0.006505
    lstm_decoder: 0.003771
    multihead_attn: 0.002879
    output_layer: 0.095192
  VSN output std:
    encoder: 0.165654
  Attention entropy: 4.047721
  Saved to: experiments/00_baseline_exploration/sweep2_h16_enc_60/collapse_monitoring/collapse_monitor_epoch13.json
Epoch 14: val_loss=0.4282180666923523
Epoch 14: train_loss=0.43474850058555603

[CollapseMonitor] Epoch 14
  [DEBUG] Processed 20 batches from val_dataloader
  [DEBUG] Predictions shape after concat: (1240,)
  [DEBUG] All predictions list length: 20
  [DEBUG] First batch shape: (64,)
  Pred std: 0.018358, range: 0.158141, mean: 0.099508
  Pos: 100.0%, Neg: 0.0%, Unique: 1221
  Saved validation predictions to: experiments/00_baseline_exploration/sweep2_h16_enc_60/collapse_monitoring/val_predictions_epoch14.npy
  Gradient norms:
    lstm_encoder: 0.006706
    lstm_decoder: 0.003896
    multihead_attn: 0.002830
    output_layer: 0.099106
  VSN output std:
    encoder: 0.165901
  Attention entropy: 4.056067
  Saved to: experiments/00_baseline_exploration/sweep2_h16_enc_60/collapse_monitoring/collapse_monitor_epoch14.json
Epoch 15: val_loss=0.4265221953392029
Epoch 15: train_loss=0.4322042167186737

[CollapseMonitor] Epoch 15
  [DEBUG] Processed 20 batches from val_dataloader
  [DEBUG] Predictions shape after concat: (1240,)
  [DEBUG] All predictions list length: 20
  [DEBUG] First batch shape: (64,)
  Pred std: 0.017717, range: 0.161287, mean: 0.059046
  Pos: 99.6%, Neg: 0.4%, Unique: 1222
  Saved validation predictions to: experiments/00_baseline_exploration/sweep2_h16_enc_60/collapse_monitoring/val_predictions_epoch15.npy
  Gradient norms:
    lstm_encoder: 0.006866
    lstm_decoder: 0.003912
    multihead_attn: 0.002810
    output_layer: 0.098250
  VSN output std:
    encoder: 0.164331
  Attention entropy: 4.048109
  Saved to: experiments/00_baseline_exploration/sweep2_h16_enc_60/collapse_monitoring/collapse_monitor_epoch15.json
Epoch 16: val_loss=0.4264896512031555
Epoch 16: train_loss=0.431986927986145

[CollapseMonitor] Epoch 16
  [DEBUG] Processed 20 batches from val_dataloader
  [DEBUG] Predictions shape after concat: (1240,)
  [DEBUG] All predictions list length: 20
  [DEBUG] First batch shape: (64,)
  Pred std: 0.018558, range: 0.164771, mean: 0.062238
  Pos: 99.9%, Neg: 0.1%, Unique: 1221
  Saved validation predictions to: experiments/00_baseline_exploration/sweep2_h16_enc_60/collapse_monitoring/val_predictions_epoch16.npy
  Gradient norms:
    lstm_encoder: 0.007280
    lstm_decoder: 0.003898
    multihead_attn: 0.002624
    output_layer: 0.094919
  VSN output std:
    encoder: 0.161056
  Attention entropy: 4.053915
  Saved to: experiments/00_baseline_exploration/sweep2_h16_enc_60/collapse_monitoring/collapse_monitor_epoch16.json
Epoch 17: val_loss=0.4262753427028656
Epoch 17: train_loss=0.4302653670310974

[CollapseMonitor] Epoch 17
  [DEBUG] Processed 20 batches from val_dataloader
  [DEBUG] Predictions shape after concat: (1240,)
  [DEBUG] All predictions list length: 20
  [DEBUG] First batch shape: (64,)
  Pred std: 0.019042, range: 0.157840, mean: 0.030249
  Pos: 99.0%, Neg: 1.0%, Unique: 1215
  Saved validation predictions to: experiments/00_baseline_exploration/sweep2_h16_enc_60/collapse_monitoring/val_predictions_epoch17.npy
  Gradient norms:
    lstm_encoder: 0.007402
    lstm_decoder: 0.004070
    multihead_attn: 0.002596
    output_layer: 0.097945
  VSN output std:
    encoder: 0.163477
  Attention entropy: 4.059475
  Saved to: experiments/00_baseline_exploration/sweep2_h16_enc_60/collapse_monitoring/collapse_monitor_epoch17.json
Epoch 18: val_loss=0.4242067337036133
Epoch 18: train_loss=0.43132707476615906

[CollapseMonitor] Epoch 18
  [DEBUG] Processed 20 batches from val_dataloader
  [DEBUG] Predictions shape after concat: (1240,)
  [DEBUG] All predictions list length: 20
  [DEBUG] First batch shape: (64,)
  Pred std: 0.019312, range: 0.168365, mean: 0.049217
  Pos: 99.7%, Neg: 0.3%, Unique: 1219
  Saved validation predictions to: experiments/00_baseline_exploration/sweep2_h16_enc_60/collapse_monitoring/val_predictions_epoch18.npy
  Gradient norms:
    lstm_encoder: 0.007533
    lstm_decoder: 0.003949
    multihead_attn: 0.002454
    output_layer: 0.091515
  VSN output std:
    encoder: 0.160932
  Attention entropy: 4.059373
  Saved to: experiments/00_baseline_exploration/sweep2_h16_enc_60/collapse_monitoring/collapse_monitor_epoch18.json
Epoch 19: val_loss=0.42344316840171814
Epoch 19: train_loss=0.4282439947128296

[CollapseMonitor] Epoch 19
  [DEBUG] Processed 20 batches from val_dataloader
  [DEBUG] Predictions shape after concat: (1240,)
  [DEBUG] All predictions list length: 20
  [DEBUG] First batch shape: (64,)
  Pred std: 0.018909, range: 0.192872, mean: 0.066088
  Pos: 99.7%, Neg: 0.3%, Unique: 1218
  Saved validation predictions to: experiments/00_baseline_exploration/sweep2_h16_enc_60/collapse_monitoring/val_predictions_epoch19.npy
  Gradient norms:
    lstm_encoder: 0.008215
    lstm_decoder: 0.004312
    multihead_attn: 0.002578
    output_layer: 0.097278
  VSN output std:
    encoder: 0.163852
  Attention entropy: 4.064044
  Saved to: experiments/00_baseline_exploration/sweep2_h16_enc_60/collapse_monitoring/collapse_monitor_epoch19.json
Epoch 20: val_loss=0.4224482774734497
Epoch 20: train_loss=0.4286392033100128

[CollapseMonitor] Epoch 20
  [DEBUG] Processed 20 batches from val_dataloader
  [DEBUG] Predictions shape after concat: (1240,)
  [DEBUG] All predictions list length: 20
  [DEBUG] First batch shape: (64,)
  Pred std: 0.029459, range: 0.180242, mean: 0.038695
  Pos: 99.7%, Neg: 0.3%, Unique: 1227
  Saved validation predictions to: experiments/00_baseline_exploration/sweep2_h16_enc_60/collapse_monitoring/val_predictions_epoch20.npy
  Gradient norms:
    lstm_encoder: 0.008376
    lstm_decoder: 0.004330
    multihead_attn: 0.002557
    output_layer: 0.095212
  VSN output std:
    encoder: 0.164683
  Attention entropy: 4.058188
  Saved to: experiments/00_baseline_exploration/sweep2_h16_enc_60/collapse_monitoring/collapse_monitor_epoch20.json
Epoch 21: val_loss=0.42215314507484436
Epoch 21: train_loss=0.42935433983802795

[CollapseMonitor] Epoch 21
  [DEBUG] Processed 20 batches from val_dataloader
  [DEBUG] Predictions shape after concat: (1240,)
  [DEBUG] All predictions list length: 20
  [DEBUG] First batch shape: (64,)
  Pred std: 0.020551, range: 0.187430, mean: 0.041876
  Pos: 98.5%, Neg: 1.5%, Unique: 1219
  Saved validation predictions to: experiments/00_baseline_exploration/sweep2_h16_enc_60/collapse_monitoring/val_predictions_epoch21.npy
  Gradient norms:
    lstm_encoder: 0.008863
    lstm_decoder: 0.004533
    multihead_attn: 0.002391
    output_layer: 0.090638
  VSN output std:
    encoder: 0.163734
  Attention entropy: 4.064733
  Saved to: experiments/00_baseline_exploration/sweep2_h16_enc_60/collapse_monitoring/collapse_monitor_epoch21.json
Epoch 22: val_loss=0.4212922751903534
Epoch 22: train_loss=0.42826440930366516

[CollapseMonitor] Epoch 22
  [DEBUG] Processed 20 batches from val_dataloader
  [DEBUG] Predictions shape after concat: (1240,)
  [DEBUG] All predictions list length: 20
  [DEBUG] First batch shape: (64,)
  Pred std: 0.020132, range: 0.178009, mean: 0.075938
  Pos: 99.5%, Neg: 0.5%, Unique: 1227
  Saved validation predictions to: experiments/00_baseline_exploration/sweep2_h16_enc_60/collapse_monitoring/val_predictions_epoch22.npy
  Gradient norms:
    lstm_encoder: 0.009323
    lstm_decoder: 0.004867
    multihead_attn: 0.002447
    output_layer: 0.092861
  VSN output std:
    encoder: 0.166209
  Attention entropy: 4.067555
  Saved to: experiments/00_baseline_exploration/sweep2_h16_enc_60/collapse_monitoring/collapse_monitor_epoch22.json
Epoch 23: val_loss=0.4197062849998474
Epoch 23: train_loss=0.42838993668556213

[CollapseMonitor] Epoch 23
  [DEBUG] Processed 20 batches from val_dataloader
  [DEBUG] Predictions shape after concat: (1240,)
  [DEBUG] All predictions list length: 20
  [DEBUG] First batch shape: (64,)
  Pred std: 0.032798, range: 0.182326, mean: 0.034350
  Pos: 99.6%, Neg: 0.4%, Unique: 1226
  Saved validation predictions to: experiments/00_baseline_exploration/sweep2_h16_enc_60/collapse_monitoring/val_predictions_epoch23.npy
  Gradient norms:
    lstm_encoder: 0.009039
    lstm_decoder: 0.004661
    multihead_attn: 0.002321
    output_layer: 0.093207
  VSN output std:
    encoder: 0.166687
  Attention entropy: 4.059330
  Saved to: experiments/00_baseline_exploration/sweep2_h16_enc_60/collapse_monitoring/collapse_monitor_epoch23.json
Epoch 24: val_loss=0.4188772737979889
Epoch 24: train_loss=0.42706426978111267

[CollapseMonitor] Epoch 24
  [DEBUG] Processed 20 batches from val_dataloader
  [DEBUG] Predictions shape after concat: (1240,)
  [DEBUG] All predictions list length: 20
  [DEBUG] First batch shape: (64,)
  Pred std: 0.021257, range: 0.145743, mean: 0.056848
  Pos: 99.9%, Neg: 0.1%, Unique: 1221
  Saved validation predictions to: experiments/00_baseline_exploration/sweep2_h16_enc_60/collapse_monitoring/val_predictions_epoch24.npy
  Gradient norms:
    lstm_encoder: 0.009620
    lstm_decoder: 0.004833
    multihead_attn: 0.002228
    output_layer: 0.093170
  VSN output std:
    encoder: 0.164561
  Attention entropy: 4.061302
  Saved to: experiments/00_baseline_exploration/sweep2_h16_enc_60/collapse_monitoring/collapse_monitor_epoch24.json
Epoch 25: val_loss=0.4178130030632019
Epoch 25: train_loss=0.425428569316864

[CollapseMonitor] Epoch 25
  [DEBUG] Processed 20 batches from val_dataloader
  [DEBUG] Predictions shape after concat: (1240,)
  [DEBUG] All predictions list length: 20
  [DEBUG] First batch shape: (64,)
  Pred std: 0.021831, range: 0.134780, mean: 0.067119
  Pos: 100.0%, Neg: 0.0%, Unique: 1224
  Saved validation predictions to: experiments/00_baseline_exploration/sweep2_h16_enc_60/collapse_monitoring/val_predictions_epoch25.npy
  Gradient norms:
    lstm_encoder: 0.010574
    lstm_decoder: 0.005316
    multihead_attn: 0.002314
    output_layer: 0.097382
  VSN output std:
    encoder: 0.165063
  Attention entropy: 4.052905
  Saved to: experiments/00_baseline_exploration/sweep2_h16_enc_60/collapse_monitoring/collapse_monitor_epoch25.json
Epoch 26: val_loss=0.41674262285232544
Epoch 26: train_loss=0.4261424243450165

[CollapseMonitor] Epoch 26
  [DEBUG] Processed 20 batches from val_dataloader
  [DEBUG] Predictions shape after concat: (1240,)
  [DEBUG] All predictions list length: 20
  [DEBUG] First batch shape: (64,)
  Pred std: 0.018771, range: 0.129782, mean: 0.068436
  Pos: 100.0%, Neg: 0.0%, Unique: 1219
  Saved validation predictions to: experiments/00_baseline_exploration/sweep2_h16_enc_60/collapse_monitoring/val_predictions_epoch26.npy
  Gradient norms:
    lstm_encoder: 0.010644
    lstm_decoder: 0.005306
    multihead_attn: 0.002126
    output_layer: 0.091666
  VSN output std:
    encoder: 0.165783
  Attention entropy: 4.039025
  Saved to: experiments/00_baseline_exploration/sweep2_h16_enc_60/collapse_monitoring/collapse_monitor_epoch26.json
Epoch 27: val_loss=0.4173024296760559
Epoch 27: train_loss=0.42559388279914856

[CollapseMonitor] Epoch 27
  [DEBUG] Processed 20 batches from val_dataloader
  [DEBUG] Predictions shape after concat: (1240,)
  [DEBUG] All predictions list length: 20
  [DEBUG] First batch shape: (64,)
  Pred std: 0.018318, range: 0.137160, mean: 0.069686
  Pos: 100.0%, Neg: 0.0%, Unique: 1218
  Saved validation predictions to: experiments/00_baseline_exploration/sweep2_h16_enc_60/collapse_monitoring/val_predictions_epoch27.npy
  Gradient norms:
    lstm_encoder: 0.010769
    lstm_decoder: 0.005544
    multihead_attn: 0.002052
    output_layer: 0.095554
  VSN output std:
    encoder: 0.165650
  Attention entropy: 4.059970
  Saved to: experiments/00_baseline_exploration/sweep2_h16_enc_60/collapse_monitoring/collapse_monitor_epoch27.json
Epoch 28: val_loss=0.4154641330242157
Epoch 28: train_loss=0.4255051612854004

[CollapseMonitor] Epoch 28
  [DEBUG] Processed 20 batches from val_dataloader
  [DEBUG] Predictions shape after concat: (1240,)
  [DEBUG] All predictions list length: 20
  [DEBUG] First batch shape: (64,)
  Pred std: 0.024721, range: 0.169610, mean: 0.050707
  Pos: 99.6%, Neg: 0.4%, Unique: 1221
  Saved validation predictions to: experiments/00_baseline_exploration/sweep2_h16_enc_60/collapse_monitoring/val_predictions_epoch28.npy
  Gradient norms:
    lstm_encoder: 0.011483
    lstm_decoder: 0.005937
    multihead_attn: 0.002061
    output_layer: 0.098986
  VSN output std:
    encoder: 0.163960
  Attention entropy: 4.048651
  Saved to: experiments/00_baseline_exploration/sweep2_h16_enc_60/collapse_monitoring/collapse_monitor_epoch28.json
Epoch 29: val_loss=0.41446706652641296
Epoch 29: train_loss=0.42426618933677673

[CollapseMonitor] Epoch 29
  [DEBUG] Processed 20 batches from val_dataloader
  [DEBUG] Predictions shape after concat: (1240,)
  [DEBUG] All predictions list length: 20
  [DEBUG] First batch shape: (64,)
  Pred std: 0.032458, range: 0.199160, mean: 0.073867
  Pos: 100.0%, Neg: 0.0%, Unique: 1222
  Saved validation predictions to: experiments/00_baseline_exploration/sweep2_h16_enc_60/collapse_monitoring/val_predictions_epoch29.npy
  Gradient norms:
    lstm_encoder: 0.011633
    lstm_decoder: 0.005998
    multihead_attn: 0.002152
    output_layer: 0.096246
  VSN output std:
    encoder: 0.161428
  Attention entropy: 4.054865
  Saved to: experiments/00_baseline_exploration/sweep2_h16_enc_60/collapse_monitoring/collapse_monitor_epoch29.json
Epoch 30: val_loss=0.4137733578681946
Epoch 30: train_loss=0.4253406822681427

[CollapseMonitor] Epoch 30
  [DEBUG] Processed 20 batches from val_dataloader
  [DEBUG] Predictions shape after concat: (1240,)
  [DEBUG] All predictions list length: 20
  [DEBUG] First batch shape: (64,)
  Pred std: 0.020279, range: 0.143796, mean: 0.116968
  Pos: 100.0%, Neg: 0.0%, Unique: 1225
  Saved validation predictions to: experiments/00_baseline_exploration/sweep2_h16_enc_60/collapse_monitoring/val_predictions_epoch30.npy
  Gradient norms:
    lstm_encoder: 0.011361
    lstm_decoder: 0.005690
    multihead_attn: 0.001965
    output_layer: 0.094046
  VSN output std:
    encoder: 0.162969
  Attention entropy: 4.039151
  Saved to: experiments/00_baseline_exploration/sweep2_h16_enc_60/collapse_monitoring/collapse_monitor_epoch30.json
Epoch 31: val_loss=0.41247445344924927
Epoch 31: train_loss=0.4238026440143585

[CollapseMonitor] Epoch 31
  [DEBUG] Processed 20 batches from val_dataloader
  [DEBUG] Predictions shape after concat: (1240,)
  [DEBUG] All predictions list length: 20
  [DEBUG] First batch shape: (64,)
  Pred std: 0.025761, range: 0.173044, mean: 0.088010
  Pos: 100.0%, Neg: 0.0%, Unique: 1226
  Saved validation predictions to: experiments/00_baseline_exploration/sweep2_h16_enc_60/collapse_monitoring/val_predictions_epoch31.npy
  Gradient norms:
    lstm_encoder: 0.011912
    lstm_decoder: 0.006099
    multihead_attn: 0.001969
    output_layer: 0.095884
  VSN output std:
    encoder: 0.164816
  Attention entropy: 4.042168
  Saved to: experiments/00_baseline_exploration/sweep2_h16_enc_60/collapse_monitoring/collapse_monitor_epoch31.json
Epoch 32: val_loss=0.41223767399787903
Epoch 32: train_loss=0.4235595762729645

[CollapseMonitor] Epoch 32
  [DEBUG] Processed 20 batches from val_dataloader
  [DEBUG] Predictions shape after concat: (1240,)
  [DEBUG] All predictions list length: 20
  [DEBUG] First batch shape: (64,)
  Pred std: 0.027004, range: 0.162191, mean: 0.070070
  Pos: 100.0%, Neg: 0.0%, Unique: 1223
  Saved validation predictions to: experiments/00_baseline_exploration/sweep2_h16_enc_60/collapse_monitoring/val_predictions_epoch32.npy
  Gradient norms:
    lstm_encoder: 0.012694
    lstm_decoder: 0.006416
    multihead_attn: 0.002104
    output_layer: 0.097142
  VSN output std:
    encoder: 0.166217
  Attention entropy: 4.042596
  Saved to: experiments/00_baseline_exploration/sweep2_h16_enc_60/collapse_monitoring/collapse_monitor_epoch32.json
Epoch 33: val_loss=0.4108263850212097
Epoch 33: train_loss=0.42353489995002747

[CollapseMonitor] Epoch 33
  [DEBUG] Processed 20 batches from val_dataloader
  [DEBUG] Predictions shape after concat: (1240,)
  [DEBUG] All predictions list length: 20
  [DEBUG] First batch shape: (64,)
  Pred std: 0.039136, range: 0.212756, mean: 0.084950
  Pos: 100.0%, Neg: 0.0%, Unique: 1228
  Saved validation predictions to: experiments/00_baseline_exploration/sweep2_h16_enc_60/collapse_monitoring/val_predictions_epoch33.npy
  Gradient norms:
    lstm_encoder: 0.014300
    lstm_decoder: 0.006713
    multihead_attn: 0.002014
    output_layer: 0.089492
  VSN output std:
    encoder: 0.167545
  Attention entropy: 4.034966
  Saved to: experiments/00_baseline_exploration/sweep2_h16_enc_60/collapse_monitoring/collapse_monitor_epoch33.json
Epoch 34: val_loss=0.4112199544906616
Epoch 34: train_loss=0.4231797456741333

[CollapseMonitor] Epoch 34
  [DEBUG] Processed 20 batches from val_dataloader
  [DEBUG] Predictions shape after concat: (1240,)
  [DEBUG] All predictions list length: 20
  [DEBUG] First batch shape: (64,)
  Pred std: 0.037746, range: 0.206069, mean: 0.092048
  Pos: 100.0%, Neg: 0.0%, Unique: 1227
  Saved validation predictions to: experiments/00_baseline_exploration/sweep2_h16_enc_60/collapse_monitoring/val_predictions_epoch34.npy
  Gradient norms:
    lstm_encoder: 0.013204
    lstm_decoder: 0.006626
    multihead_attn: 0.002010
    output_layer: 0.089501
  VSN output std:
    encoder: 0.165412
  Attention entropy: 4.039072
  Saved to: experiments/00_baseline_exploration/sweep2_h16_enc_60/collapse_monitoring/collapse_monitor_epoch34.json
Epoch 35: val_loss=0.4108542203903198
Epoch 35: train_loss=0.42342984676361084

[CollapseMonitor] Epoch 35
  [DEBUG] Processed 20 batches from val_dataloader
  [DEBUG] Predictions shape after concat: (1240,)
  [DEBUG] All predictions list length: 20
  [DEBUG] First batch shape: (64,)
  Pred std: 0.041583, range: 0.246424, mean: 0.067843
  Pos: 100.0%, Neg: 0.0%, Unique: 1229
  Saved validation predictions to: experiments/00_baseline_exploration/sweep2_h16_enc_60/collapse_monitoring/val_predictions_epoch35.npy
  Gradient norms:
    lstm_encoder: 0.015921
    lstm_decoder: 0.007473
    multihead_attn: 0.002047
    output_layer: 0.097360
  VSN output std:
    encoder: 0.166868
  Attention entropy: 4.028244
  Saved to: experiments/00_baseline_exploration/sweep2_h16_enc_60/collapse_monitoring/collapse_monitor_epoch35.json
Epoch 36: val_loss=0.410968154668808
Epoch 36: train_loss=0.4235037863254547

[CollapseMonitor] Epoch 36
  [DEBUG] Processed 20 batches from val_dataloader
  [DEBUG] Predictions shape after concat: (1240,)
  [DEBUG] All predictions list length: 20
  [DEBUG] First batch shape: (64,)
  Pred std: 0.037985, range: 0.210087, mean: 0.088320
  Pos: 100.0%, Neg: 0.0%, Unique: 1232
  Saved validation predictions to: experiments/00_baseline_exploration/sweep2_h16_enc_60/collapse_monitoring/val_predictions_epoch36.npy
  Gradient norms:
    lstm_encoder: 0.014570
    lstm_decoder: 0.006872
    multihead_attn: 0.001997
    output_layer: 0.092005
  VSN output std:
    encoder: 0.167149
  Attention entropy: 4.044539
  Saved to: experiments/00_baseline_exploration/sweep2_h16_enc_60/collapse_monitoring/collapse_monitor_epoch36.json
Epoch 37: val_loss=0.40828099846839905
Epoch 37: train_loss=0.4235073924064636

[CollapseMonitor] Epoch 37
  [DEBUG] Processed 20 batches from val_dataloader
  [DEBUG] Predictions shape after concat: (1240,)
  [DEBUG] All predictions list length: 20
  [DEBUG] First batch shape: (64,)
  Pred std: 0.055533, range: 0.280822, mean: 0.099054
  Pos: 100.0%, Neg: 0.0%, Unique: 1229
  Saved validation predictions to: experiments/00_baseline_exploration/sweep2_h16_enc_60/collapse_monitoring/val_predictions_epoch37.npy
  Gradient norms:
    lstm_encoder: 0.016758
    lstm_decoder: 0.007460
    multihead_attn: 0.001951
    output_layer: 0.096042
  VSN output std:
    encoder: 0.171354
  Attention entropy: 4.010870
  Saved to: experiments/00_baseline_exploration/sweep2_h16_enc_60/collapse_monitoring/collapse_monitor_epoch37.json
Epoch 38: val_loss=0.4094561040401459
Epoch 38: train_loss=0.42223840951919556

[CollapseMonitor] Epoch 38
  [DEBUG] Processed 20 batches from val_dataloader
  [DEBUG] Predictions shape after concat: (1240,)
  [DEBUG] All predictions list length: 20
  [DEBUG] First batch shape: (64,)
  Pred std: 0.026324, range: 0.189733, mean: 0.101436
  Pos: 100.0%, Neg: 0.0%, Unique: 1226
  Saved validation predictions to: experiments/00_baseline_exploration/sweep2_h16_enc_60/collapse_monitoring/val_predictions_epoch38.npy
  Gradient norms:
    lstm_encoder: 0.017131
    lstm_decoder: 0.007640
    multihead_attn: 0.001961
    output_layer: 0.094755
  VSN output std:
    encoder: 0.166162
  Attention entropy: 4.036797
  Saved to: experiments/00_baseline_exploration/sweep2_h16_enc_60/collapse_monitoring/collapse_monitor_epoch38.json
Epoch 39: val_loss=0.4089016616344452
Epoch 39: train_loss=0.4224990904331207

[CollapseMonitor] Epoch 39
  [DEBUG] Processed 20 batches from val_dataloader
  [DEBUG] Predictions shape after concat: (1240,)
  [DEBUG] All predictions list length: 20
  [DEBUG] First batch shape: (64,)
  Pred std: 0.029432, range: 0.192464, mean: 0.105730
  Pos: 100.0%, Neg: 0.0%, Unique: 1232
  Saved validation predictions to: experiments/00_baseline_exploration/sweep2_h16_enc_60/collapse_monitoring/val_predictions_epoch39.npy
  Gradient norms:
    lstm_encoder: 0.018374
    lstm_decoder: 0.007828
    multihead_attn: 0.001776
    output_layer: 0.093911
  VSN output std:
    encoder: 0.169018
  Attention entropy: 4.028989
  Saved to: experiments/00_baseline_exploration/sweep2_h16_enc_60/collapse_monitoring/collapse_monitor_epoch39.json
Epoch 40: val_loss=0.4083453416824341
Epoch 40: train_loss=0.42237672209739685

[CollapseMonitor] Epoch 40
  [DEBUG] Processed 20 batches from val_dataloader
  [DEBUG] Predictions shape after concat: (1240,)
  [DEBUG] All predictions list length: 20
  [DEBUG] First batch shape: (64,)
  Pred std: 0.044436, range: 0.279035, mean: 0.086946
  Pos: 100.0%, Neg: 0.0%, Unique: 1227
  Saved validation predictions to: experiments/00_baseline_exploration/sweep2_h16_enc_60/collapse_monitoring/val_predictions_epoch40.npy
  Gradient norms:
    lstm_encoder: 0.019216
    lstm_decoder: 0.007601
    multihead_attn: 0.001801
    output_layer: 0.091719
  VSN output std:
    encoder: 0.169268
  Attention entropy: 4.020561
  Saved to: experiments/00_baseline_exploration/sweep2_h16_enc_60/collapse_monitoring/collapse_monitor_epoch40.json
Epoch 41: val_loss=0.4084220826625824
Epoch 41: train_loss=0.4217764735221863

[CollapseMonitor] Epoch 41
  [DEBUG] Processed 20 batches from val_dataloader
  [DEBUG] Predictions shape after concat: (1240,)
  [DEBUG] All predictions list length: 20
  [DEBUG] First batch shape: (64,)
  Pred std: 0.035848, range: 0.249960, mean: 0.074228
  Pos: 100.0%, Neg: 0.0%, Unique: 1232
  Saved validation predictions to: experiments/00_baseline_exploration/sweep2_h16_enc_60/collapse_monitoring/val_predictions_epoch41.npy
  Gradient norms:
    lstm_encoder: 0.023146
    lstm_decoder: 0.008706
    multihead_attn: 0.001977
    output_layer: 0.101167
  VSN output std:
    encoder: 0.166947
  Attention entropy: 4.030035
  Saved to: experiments/00_baseline_exploration/sweep2_h16_enc_60/collapse_monitoring/collapse_monitor_epoch41.json
Epoch 42: val_loss=0.40786170959472656
Epoch 42: train_loss=0.42062267661094666

[CollapseMonitor] Epoch 42
  [DEBUG] Processed 20 batches from val_dataloader
  [DEBUG] Predictions shape after concat: (1240,)
  [DEBUG] All predictions list length: 20
  [DEBUG] First batch shape: (64,)
  Pred std: 0.032456, range: 0.208387, mean: 0.104741
  Pos: 100.0%, Neg: 0.0%, Unique: 1222
  Saved validation predictions to: experiments/00_baseline_exploration/sweep2_h16_enc_60/collapse_monitoring/val_predictions_epoch42.npy
  Gradient norms:
    lstm_encoder: 0.022405
    lstm_decoder: 0.007820
    multihead_attn: 0.001848
    output_layer: 0.094366
  VSN output std:
    encoder: 0.169848
  Attention entropy: 4.026133
  Saved to: experiments/00_baseline_exploration/sweep2_h16_enc_60/collapse_monitoring/collapse_monitor_epoch42.json
Epoch 43: val_loss=0.40536612272262573
Epoch 43: train_loss=0.4211597740650177

[CollapseMonitor] Epoch 43
  [DEBUG] Processed 20 batches from val_dataloader
  [DEBUG] Predictions shape after concat: (1240,)
  [DEBUG] All predictions list length: 20
  [DEBUG] First batch shape: (64,)
  Pred std: 0.040651, range: 0.253590, mean: 0.092604
  Pos: 100.0%, Neg: 0.0%, Unique: 1228
  Saved validation predictions to: experiments/00_baseline_exploration/sweep2_h16_enc_60/collapse_monitoring/val_predictions_epoch43.npy
  Gradient norms:
    lstm_encoder: 0.019832
    lstm_decoder: 0.008445
    multihead_attn: 0.001846
    output_layer: 0.100158
  VSN output std:
    encoder: 0.170963
  Attention entropy: 4.006670
  Saved to: experiments/00_baseline_exploration/sweep2_h16_enc_60/collapse_monitoring/collapse_monitor_epoch43.json
Epoch 44: val_loss=0.4065418243408203
Epoch 44: train_loss=0.4197234809398651

[CollapseMonitor] Epoch 44
  [DEBUG] Processed 20 batches from val_dataloader
  [DEBUG] Predictions shape after concat: (1240,)
  [DEBUG] All predictions list length: 20
  [DEBUG] First batch shape: (64,)
  Pred std: 0.038264, range: 0.236606, mean: 0.098662
  Pos: 100.0%, Neg: 0.0%, Unique: 1228
  Saved validation predictions to: experiments/00_baseline_exploration/sweep2_h16_enc_60/collapse_monitoring/val_predictions_epoch44.npy
  Gradient norms:
    lstm_encoder: 0.024841
    lstm_decoder: 0.008991
    multihead_attn: 0.001963
    output_layer: 0.098752
  VSN output std:
    encoder: 0.169835
  Attention entropy: 4.008676
  Saved to: experiments/00_baseline_exploration/sweep2_h16_enc_60/collapse_monitoring/collapse_monitor_epoch44.json
Epoch 45: val_loss=0.4066430628299713
Epoch 45: train_loss=0.4208199977874756

[CollapseMonitor] Epoch 45
  [DEBUG] Processed 20 batches from val_dataloader
  [DEBUG] Predictions shape after concat: (1240,)
  [DEBUG] All predictions list length: 20
  [DEBUG] First batch shape: (64,)
  Pred std: 0.040315, range: 0.252953, mean: 0.075548
  Pos: 99.8%, Neg: 0.2%, Unique: 1228
  Saved validation predictions to: experiments/00_baseline_exploration/sweep2_h16_enc_60/collapse_monitoring/val_predictions_epoch45.npy
  Gradient norms:
    lstm_encoder: 0.024813
    lstm_decoder: 0.008963
    multihead_attn: 0.001838
    output_layer: 0.096568
  VSN output std:
    encoder: 0.168216
  Attention entropy: 4.014225
  Saved to: experiments/00_baseline_exploration/sweep2_h16_enc_60/collapse_monitoring/collapse_monitor_epoch45.json
Epoch 46: val_loss=0.40656599402427673
Epoch 46: train_loss=0.42051365971565247

[CollapseMonitor] Epoch 46
  [DEBUG] Processed 20 batches from val_dataloader
  [DEBUG] Predictions shape after concat: (1240,)
  [DEBUG] All predictions list length: 20
  [DEBUG] First batch shape: (64,)
  Pred std: 0.040004, range: 0.242941, mean: 0.109033
  Pos: 100.0%, Neg: 0.0%, Unique: 1227
  Saved validation predictions to: experiments/00_baseline_exploration/sweep2_h16_enc_60/collapse_monitoring/val_predictions_epoch46.npy
  Gradient norms:
    lstm_encoder: 0.022220
    lstm_decoder: 0.009425
    multihead_attn: 0.001980
    output_layer: 0.092947
  VSN output std:
    encoder: 0.168579
  Attention entropy: 4.012321
  Saved to: experiments/00_baseline_exploration/sweep2_h16_enc_60/collapse_monitoring/collapse_monitor_epoch46.json
Epoch 47: val_loss=0.40628549456596375
Epoch 47: train_loss=0.4209548234939575

[CollapseMonitor] Epoch 47
  [DEBUG] Processed 20 batches from val_dataloader
  [DEBUG] Predictions shape after concat: (1240,)
  [DEBUG] All predictions list length: 20
  [DEBUG] First batch shape: (64,)
  Pred std: 0.035661, range: 0.237791, mean: 0.078153
  Pos: 99.3%, Neg: 0.7%, Unique: 1231
  Saved validation predictions to: experiments/00_baseline_exploration/sweep2_h16_enc_60/collapse_monitoring/val_predictions_epoch47.npy
  Gradient norms:
    lstm_encoder: 0.026978
    lstm_decoder: 0.009710
    multihead_attn: 0.001987
    output_layer: 0.096507
  VSN output std:
    encoder: 0.170347
  Attention entropy: 4.017318
  Saved to: experiments/00_baseline_exploration/sweep2_h16_enc_60/collapse_monitoring/collapse_monitor_epoch47.json
Epoch 48: val_loss=0.4061613380908966
Epoch 48: train_loss=0.4199071228504181

[CollapseMonitor] Epoch 48
  [DEBUG] Processed 20 batches from val_dataloader
  [DEBUG] Predictions shape after concat: (1240,)
  [DEBUG] All predictions list length: 20
  [DEBUG] First batch shape: (64,)
  Pred std: 0.044158, range: 0.276970, mean: 0.093097
  Pos: 99.9%, Neg: 0.1%, Unique: 1235
  Saved validation predictions to: experiments/00_baseline_exploration/sweep2_h16_enc_60/collapse_monitoring/val_predictions_epoch48.npy
  Gradient norms:
    lstm_encoder: 0.024353
    lstm_decoder: 0.009183
    multihead_attn: 0.002038
    output_layer: 0.097265
  VSN output std:
    encoder: 0.170118
  Attention entropy: 4.011855
  Saved to: experiments/00_baseline_exploration/sweep2_h16_enc_60/collapse_monitoring/collapse_monitor_epoch48.json
Epoch 49: val_loss=0.4055728614330292
Epoch 49: train_loss=0.4202141761779785

[CollapseMonitor] Epoch 49
  [DEBUG] Processed 20 batches from val_dataloader
  [DEBUG] Predictions shape after concat: (1240,)
  [DEBUG] All predictions list length: 20
  [DEBUG] First batch shape: (64,)
  Pred std: 0.037691, range: 0.246234, mean: 0.082377
  Pos: 99.4%, Neg: 0.6%, Unique: 1232
  Saved validation predictions to: experiments/00_baseline_exploration/sweep2_h16_enc_60/collapse_monitoring/val_predictions_epoch49.npy
  Gradient norms:
    lstm_encoder: 0.024820
    lstm_decoder: 0.009509
    multihead_attn: 0.001848
    output_layer: 0.090340
  VSN output std:
    encoder: 0.168306
  Attention entropy: 4.012347
  Saved to: experiments/00_baseline_exploration/sweep2_h16_enc_60/collapse_monitoring/collapse_monitor_epoch49.json
Epoch 50: val_loss=0.4062840938568115
Epoch 50: train_loss=0.42134755849838257

[CollapseMonitor] Epoch 50
  [DEBUG] Processed 20 batches from val_dataloader
  [DEBUG] Predictions shape after concat: (1240,)
  [DEBUG] All predictions list length: 20
  [DEBUG] First batch shape: (64,)
  Pred std: 0.032291, range: 0.227007, mean: 0.118168
  Pos: 100.0%, Neg: 0.0%, Unique: 1233
  Saved validation predictions to: experiments/00_baseline_exploration/sweep2_h16_enc_60/collapse_monitoring/val_predictions_epoch50.npy
  Gradient norms:
    lstm_encoder: 0.025271
    lstm_decoder: 0.009719
    multihead_attn: 0.002071
    output_layer: 0.091553
  VSN output std:
    encoder: 0.168128
  Attention entropy: 4.012379
  Saved to: experiments/00_baseline_exploration/sweep2_h16_enc_60/collapse_monitoring/collapse_monitor_epoch50.json
Epoch 51: val_loss=0.40635761618614197
Epoch 51: train_loss=0.4202490448951721

[CollapseMonitor] Epoch 51
  [DEBUG] Processed 20 batches from val_dataloader
  [DEBUG] Predictions shape after concat: (1240,)
  [DEBUG] All predictions list length: 20
  [DEBUG] First batch shape: (64,)
  Pred std: 0.030507, range: 0.229518, mean: 0.095798
  Pos: 100.0%, Neg: 0.0%, Unique: 1232
  Saved validation predictions to: experiments/00_baseline_exploration/sweep2_h16_enc_60/collapse_monitoring/val_predictions_epoch51.npy
  Gradient norms:
    lstm_encoder: 0.026452
    lstm_decoder: 0.009498
    multihead_attn: 0.002050
    output_layer: 0.094003
  VSN output std:
    encoder: 0.167746
  Attention entropy: 4.012656
  Saved to: experiments/00_baseline_exploration/sweep2_h16_enc_60/collapse_monitoring/collapse_monitor_epoch51.json
Epoch 52: val_loss=0.40610557794570923
Epoch 52: train_loss=0.4194813072681427

[CollapseMonitor] Epoch 52
  [DEBUG] Processed 20 batches from val_dataloader
  [DEBUG] Predictions shape after concat: (1240,)
  [DEBUG] All predictions list length: 20
  [DEBUG] First batch shape: (64,)
  Pred std: 0.032977, range: 0.231543, mean: 0.099871
  Pos: 100.0%, Neg: 0.0%, Unique: 1227
  Saved validation predictions to: experiments/00_baseline_exploration/sweep2_h16_enc_60/collapse_monitoring/val_predictions_epoch52.npy
  Gradient norms:
    lstm_encoder: 0.033974
    lstm_decoder: 0.010202
    multihead_attn: 0.002005
    output_layer: 0.092166
  VSN output std:
    encoder: 0.167851
  Attention entropy: 4.009290
  Saved to: experiments/00_baseline_exploration/sweep2_h16_enc_60/collapse_monitoring/collapse_monitor_epoch52.json
Epoch 53: val_loss=0.40638604760169983
Epoch 53: train_loss=0.41936153173446655

[CollapseMonitor] Epoch 53
  [DEBUG] Processed 20 batches from val_dataloader
  [DEBUG] Predictions shape after concat: (1240,)
  [DEBUG] All predictions list length: 20
  [DEBUG] First batch shape: (64,)
  Pred std: 0.030604, range: 0.218536, mean: 0.111913
  Pos: 100.0%, Neg: 0.0%, Unique: 1234
  Saved validation predictions to: experiments/00_baseline_exploration/sweep2_h16_enc_60/collapse_monitoring/val_predictions_epoch53.npy
  Gradient norms:
    lstm_encoder: 0.028202
    lstm_decoder: 0.010193
    multihead_attn: 0.002067
    output_layer: 0.095378
  VSN output std:
    encoder: 0.167526
  Attention entropy: 4.003675
  Saved to: experiments/00_baseline_exploration/sweep2_h16_enc_60/collapse_monitoring/collapse_monitor_epoch53.json


======================================================================
Training complete
======================================================================

Best model checkpoint: experiments/00_baseline_exploration/sweep2_h16_enc_60/checkpoints/tft-epoch=43-val_loss=0.4054.ckpt
Best validation loss: 0.405366
Completed at: 2025-10-29 18:56:06
Log saved to: experiments/00_baseline_exploration/sweep2_h16_enc_60/training_20251029_182459.log
======================================================================
