
[INFO] Using AUTO device selection.

[INFO] Patched matplotlib.Axes.errorbar to abs() negative yerr for robustness.
======================================================================
Training TFT: wf_monthly_weekly_enc12/fold_202005
======================================================================
Logging to: experiments/wf_monthly_weekly_enc12/fold_202005/training_20251203_014049.log
Started at: 2025-12-03 01:40:49
======================================================================
Configuration saved to: experiments/wf_monthly_weekly_enc12/fold_202005/config.json

Loading data splits...
Train: 1516 samples
Val: 13 samples
Test: 5 samples

Preparing TimeSeriesDataSet...

Dropping source columns (used for staleness only): ['CPI']

Final features for TFT: ['SP500_Returns', 'VIX', 'Treasury_10Y', 'Yield_Spread', 'Inflation_YoY']

======================================================================
FEATURE STATISTICS - BEFORE NORMALIZATION
======================================================================
VIX                             mean= 18.9952  std=  7.6704  min=  9.3400  max= 72.9160
Treasury_10Y                    mean=  4.3601  std=  1.8049  min=  1.3700  max=  8.3400
Yield_Spread                    mean=  1.1914  std=  0.8842  min= -0.5200  max=  2.9100
Inflation_YoY                   mean=  2.3926  std=  1.1848  min= -2.1498  max=  6.7300

======================================================================
FEATURES AFTER GROUPNORMALIZER (first batch, last timestep)
======================================================================
VIX                             normalized_value=  1.0000
Treasury_10Y                    normalized_value= -0.0833
Yield_Spread                    normalized_value=  0.1120
Inflation_YoY                   normalized_value=  0.0277
======================================================================

[DEBUG] VIX train values: [31.318 31.68  23.47  21.908 22.596]
[DEBUG] VIX val values: [17.046  15.92   14.358  15.4625 31.942 ]
Batches per epoch: 94
[DEBUG] Validation batches: 1
[DEBUG] Validation dataset size: 1
[DEBUG] Batch size: 16

Initializing model...

Using standard QuantileLoss (no penalties)

[REGIME OUTPUT] Disabled (using baseline output layer)

================================================================================
BASELINE MODEL FEATURE CONFIGURATION (after from_dataset)
================================================================================
tft.hparams.time_varying_reals_encoder: ['relative_time_idx', 'VIX', 'Treasury_10Y', 'Yield_Spread', 'Inflation_YoY']
  Count: 5

tft.hparams.time_varying_reals_decoder: ['relative_time_idx']
  Count: 1

tft.hparams.x_reals (all reals passed to model): ['encoder_length', 'relative_time_idx', 'VIX', 'Treasury_10Y', 'Yield_Spread', 'Inflation_YoY']
  Count: 6

Encoder VSN configuration:
  num_inputs: 5
  input_sizes: {'relative_time_idx': 16, 'VIX': 16, 'Treasury_10Y': 16, 'Yield_Spread': 16, 'Inflation_YoY': 16}
  flattened_grn.fc1: in_features=80, out_features=5
  -> Params in fc1: 400 (should be 5*16*5=400 if 5 features)
================================================================================

Model parameters: 22,615

Starting training...
Checkpoints will be saved to: experiments/wf_monthly_weekly_enc12/fold_202005/checkpoints/
Logs will be saved to: experiments/wf_monthly_weekly_enc12/fold_202005/logs/

[DEBUG CollapseMonitor] on_validation_epoch_start called for epoch 0
[DEBUG CollapseMonitor] reset_temporal_state() called on loss function
Epoch 0: val_loss=N/A
[DEBUG CollapseMonitor] on_validation_epoch_start called for epoch 0
[DEBUG CollapseMonitor] reset_temporal_state() called on loss function
Epoch 0: val_loss=0.8911293148994446
Epoch 0: train_loss=1.3829835653305054

[CollapseMonitor] Epoch 0
  [DEBUG] Processed 1 batches from val_dataloader
  [DEBUG] Predictions shape after concat: (1,)
  [DEBUG] All predictions list length: 1
  [DEBUG] First batch shape: (1,)
  Pred std: 0.000000, range: 0.000000, mean: 0.222075
  Pos: 100.0%, Neg: 0.0%, Unique: 1
  Dir Acc: 0.00%, Pred Sharpe: 0.0000
  Composite: 0.0000 (dist_match: 0.0000, actual_pos: 0.0%, pred_pos: 100.0%)
  Collapse penalty: 0.000000 (threshold: 0.005000)
  Saved validation predictions to: experiments/wf_monthly_weekly_enc12/fold_202005/collapse_monitoring/val_predictions_epoch0.npy
  Gradient norms:
    lstm_encoder: 0.022006
    lstm_decoder: 0.028642
    output_layer: 1.295394
  VSN output std:
    encoder: 0.215057
  Attention entropy: 2.459997
  Saved to: experiments/wf_monthly_weekly_enc12/fold_202005/collapse_monitoring/collapse_monitor_latest.json
[DEBUG CollapseMonitor] on_validation_epoch_start called for epoch 1
[DEBUG CollapseMonitor] reset_temporal_state() called on loss function
Epoch 1: val_loss=0.7810901403427124
Epoch 1: train_loss=1.1893800497055054

[CollapseMonitor] Epoch 1
  [DEBUG] Processed 1 batches from val_dataloader
  [DEBUG] Predictions shape after concat: (1,)
  [DEBUG] All predictions list length: 1
  [DEBUG] First batch shape: (1,)
  Pred std: 0.000000, range: 0.000000, mean: 0.078353
  Pos: 100.0%, Neg: 0.0%, Unique: 1
  Dir Acc: 0.00%, Pred Sharpe: 0.0000
  Composite: 0.0000 (dist_match: 0.0000, actual_pos: 0.0%, pred_pos: 100.0%)
  Collapse penalty: 0.000000 (threshold: 0.005000)
  Saved validation predictions to: experiments/wf_monthly_weekly_enc12/fold_202005/collapse_monitoring/val_predictions_epoch1.npy
  Gradient norms:
    lstm_encoder: 0.018732
    lstm_decoder: 0.020832
    output_layer: 1.019189
  VSN output std:
    encoder: 0.215657
  Attention entropy: 2.431073
  Saved to: experiments/wf_monthly_weekly_enc12/fold_202005/collapse_monitoring/collapse_monitor_latest.json
[DEBUG CollapseMonitor] on_validation_epoch_start called for epoch 2
[DEBUG CollapseMonitor] reset_temporal_state() called on loss function
Epoch 2: val_loss=0.7092075347900391
Epoch 2: train_loss=1.033217430114746

[CollapseMonitor] Epoch 2
  [DEBUG] Processed 1 batches from val_dataloader
  [DEBUG] Predictions shape after concat: (1,)
  [DEBUG] All predictions list length: 1
  [DEBUG] First batch shape: (1,)
  Pred std: 0.000000, range: 0.000000, mean: 0.113699
  Pos: 100.0%, Neg: 0.0%, Unique: 1
  Dir Acc: 0.00%, Pred Sharpe: 0.0000
  Composite: 0.0000 (dist_match: 0.0000, actual_pos: 0.0%, pred_pos: 100.0%)
  Collapse penalty: 0.000000 (threshold: 0.005000)
  Saved validation predictions to: experiments/wf_monthly_weekly_enc12/fold_202005/collapse_monitoring/val_predictions_epoch2.npy
  Gradient norms:
    lstm_encoder: 0.015378
    lstm_decoder: 0.015198
    output_layer: 0.680591
  VSN output std:
    encoder: 0.215754
  Attention entropy: 2.394743
  Saved to: experiments/wf_monthly_weekly_enc12/fold_202005/collapse_monitoring/collapse_monitor_latest.json
[DEBUG CollapseMonitor] on_validation_epoch_start called for epoch 3
[DEBUG CollapseMonitor] reset_temporal_state() called on loss function
Epoch 3: val_loss=0.6483142971992493
Epoch 3: train_loss=0.9621714949607849

[CollapseMonitor] Epoch 3
  [DEBUG] Processed 1 batches from val_dataloader
  [DEBUG] Predictions shape after concat: (1,)
  [DEBUG] All predictions list length: 1
  [DEBUG] First batch shape: (1,)
  Pred std: 0.000000, range: 0.000000, mean: 0.048861
  Pos: 100.0%, Neg: 0.0%, Unique: 1
  Dir Acc: 0.00%, Pred Sharpe: 0.0000
  Composite: 0.0000 (dist_match: 0.0000, actual_pos: 0.0%, pred_pos: 100.0%)
  Collapse penalty: 0.000000 (threshold: 0.005000)
  Saved validation predictions to: experiments/wf_monthly_weekly_enc12/fold_202005/collapse_monitoring/val_predictions_epoch3.npy
  Gradient norms:
    lstm_encoder: 0.011900
    lstm_decoder: 0.011731
    output_layer: 0.466579
  VSN output std:
    encoder: 0.215547
  Attention entropy: 2.384972
  Saved to: experiments/wf_monthly_weekly_enc12/fold_202005/collapse_monitoring/collapse_monitor_latest.json
[DEBUG CollapseMonitor] on_validation_epoch_start called for epoch 4
[DEBUG CollapseMonitor] reset_temporal_state() called on loss function
Epoch 4: val_loss=0.6472024917602539
Epoch 4: train_loss=0.9369106888771057

[CollapseMonitor] Epoch 4
  [DEBUG] Processed 1 batches from val_dataloader
  [DEBUG] Predictions shape after concat: (1,)
  [DEBUG] All predictions list length: 1
  [DEBUG] First batch shape: (1,)
  Pred std: 0.000000, range: 0.000000, mean: 0.074749
  Pos: 100.0%, Neg: 0.0%, Unique: 1
  Dir Acc: 0.00%, Pred Sharpe: 0.0000
  Composite: 0.0000 (dist_match: 0.0000, actual_pos: 0.0%, pred_pos: 100.0%)
  Collapse penalty: 0.000000 (threshold: 0.005000)
  Saved validation predictions to: experiments/wf_monthly_weekly_enc12/fold_202005/collapse_monitoring/val_predictions_epoch4.npy
  Gradient norms:
    lstm_encoder: 0.011331
    lstm_decoder: 0.011285
    output_layer: 0.415678
  VSN output std:
    encoder: 0.215524
  Attention entropy: 2.382357
  Saved to: experiments/wf_monthly_weekly_enc12/fold_202005/collapse_monitoring/collapse_monitor_latest.json
[DEBUG CollapseMonitor] on_validation_epoch_start called for epoch 5
[DEBUG CollapseMonitor] reset_temporal_state() called on loss function
Epoch 5: val_loss=0.6454719305038452
Epoch 5: train_loss=0.9244468212127686

[CollapseMonitor] Epoch 5
  [DEBUG] Processed 1 batches from val_dataloader
  [DEBUG] Predictions shape after concat: (1,)
  [DEBUG] All predictions list length: 1
  [DEBUG] First batch shape: (1,)
  Pred std: 0.000000, range: 0.000000, mean: 0.142352
  Pos: 100.0%, Neg: 0.0%, Unique: 1
  Dir Acc: 0.00%, Pred Sharpe: 0.0000
  Composite: 0.0000 (dist_match: 0.0000, actual_pos: 0.0%, pred_pos: 100.0%)
  Collapse penalty: 0.000000 (threshold: 0.005000)
  Saved validation predictions to: experiments/wf_monthly_weekly_enc12/fold_202005/collapse_monitoring/val_predictions_epoch5.npy
  Gradient norms:
    lstm_encoder: 0.010716
    lstm_decoder: 0.010504
    output_layer: 0.389587
  VSN output std:
    encoder: 0.215710
  Attention entropy: 2.385272
  Saved to: experiments/wf_monthly_weekly_enc12/fold_202005/collapse_monitoring/collapse_monitor_latest.json
[DEBUG CollapseMonitor] on_validation_epoch_start called for epoch 6
[DEBUG CollapseMonitor] reset_temporal_state() called on loss function
Epoch 6: val_loss=0.6397649049758911
Epoch 6: train_loss=0.918557345867157

[CollapseMonitor] Epoch 6
  [DEBUG] Processed 1 batches from val_dataloader
  [DEBUG] Predictions shape after concat: (1,)
  [DEBUG] All predictions list length: 1
  [DEBUG] First batch shape: (1,)
  Pred std: 0.000000, range: 0.000000, mean: 0.120437
  Pos: 100.0%, Neg: 0.0%, Unique: 1
  Dir Acc: 0.00%, Pred Sharpe: 0.0000
  Composite: 0.0000 (dist_match: 0.0000, actual_pos: 0.0%, pred_pos: 100.0%)
  Collapse penalty: 0.000000 (threshold: 0.005000)
  Saved validation predictions to: experiments/wf_monthly_weekly_enc12/fold_202005/collapse_monitoring/val_predictions_epoch6.npy
  Gradient norms:
    lstm_encoder: 0.009891
    lstm_decoder: 0.009356
    output_layer: 0.360986
  VSN output std:
    encoder: 0.216920
  Attention entropy: 2.391674
  Saved to: experiments/wf_monthly_weekly_enc12/fold_202005/collapse_monitoring/collapse_monitor_latest.json
[DEBUG CollapseMonitor] on_validation_epoch_start called for epoch 7
[DEBUG CollapseMonitor] reset_temporal_state() called on loss function
Epoch 7: val_loss=0.6685665249824524
Epoch 7: train_loss=0.9129365682601929

[CollapseMonitor] Epoch 7
  [DEBUG] Processed 1 batches from val_dataloader
  [DEBUG] Predictions shape after concat: (1,)
  [DEBUG] All predictions list length: 1
  [DEBUG] First batch shape: (1,)
  Pred std: 0.000000, range: 0.000000, mean: 0.176724
  Pos: 100.0%, Neg: 0.0%, Unique: 1
  Dir Acc: 0.00%, Pred Sharpe: 0.0000
  Composite: 0.0000 (dist_match: 0.0000, actual_pos: 0.0%, pred_pos: 100.0%)
  Collapse penalty: 0.000000 (threshold: 0.005000)
  Saved validation predictions to: experiments/wf_monthly_weekly_enc12/fold_202005/collapse_monitoring/val_predictions_epoch7.npy
  Gradient norms:
    lstm_encoder: 0.010162
    lstm_decoder: 0.009996
    output_layer: 0.364641
  VSN output std:
    encoder: 0.219097
  Attention entropy: 2.376894
  Saved to: experiments/wf_monthly_weekly_enc12/fold_202005/collapse_monitoring/collapse_monitor_latest.json
[DEBUG CollapseMonitor] on_validation_epoch_start called for epoch 8
[DEBUG CollapseMonitor] reset_temporal_state() called on loss function
Epoch 8: val_loss=0.6716151833534241
Epoch 8: train_loss=0.9103994369506836

[CollapseMonitor] Epoch 8
  [DEBUG] Processed 1 batches from val_dataloader
  [DEBUG] Predictions shape after concat: (1,)
  [DEBUG] All predictions list length: 1
  [DEBUG] First batch shape: (1,)
  Pred std: 0.000000, range: 0.000000, mean: 0.197085
  Pos: 100.0%, Neg: 0.0%, Unique: 1
  Dir Acc: 0.00%, Pred Sharpe: 0.0000
  Composite: 0.0000 (dist_match: 0.0000, actual_pos: 0.0%, pred_pos: 100.0%)
  Collapse penalty: 0.000000 (threshold: 0.005000)
  Saved validation predictions to: experiments/wf_monthly_weekly_enc12/fold_202005/collapse_monitoring/val_predictions_epoch8.npy
  Gradient norms:
    lstm_encoder: 0.010350
    lstm_decoder: 0.009861
    output_layer: 0.371644
  VSN output std:
    encoder: 0.223501
  Attention entropy: 2.339381
  Saved to: experiments/wf_monthly_weekly_enc12/fold_202005/collapse_monitoring/collapse_monitor_latest.json
[DEBUG CollapseMonitor] on_validation_epoch_start called for epoch 9
[DEBUG CollapseMonitor] reset_temporal_state() called on loss function
Epoch 9: val_loss=0.6713771820068359
Epoch 9: train_loss=0.9080291390419006

[CollapseMonitor] Epoch 9
  [DEBUG] Processed 1 batches from val_dataloader
  [DEBUG] Predictions shape after concat: (1,)
  [DEBUG] All predictions list length: 1
  [DEBUG] First batch shape: (1,)
  Pred std: 0.000000, range: 0.000000, mean: 0.241346
  Pos: 100.0%, Neg: 0.0%, Unique: 1
  Dir Acc: 0.00%, Pred Sharpe: 0.0000
  Composite: 0.0000 (dist_match: 0.0000, actual_pos: 0.0%, pred_pos: 100.0%)
  Collapse penalty: 0.000000 (threshold: 0.005000)
  Saved validation predictions to: experiments/wf_monthly_weekly_enc12/fold_202005/collapse_monitoring/val_predictions_epoch9.npy
  Gradient norms:
    lstm_encoder: 0.010592
    lstm_decoder: 0.009741
    output_layer: 0.360348
  VSN output std:
    encoder: 0.227027
  Attention entropy: 2.307476
  Saved to: experiments/wf_monthly_weekly_enc12/fold_202005/collapse_monitoring/collapse_monitor_latest.json
[DEBUG CollapseMonitor] on_validation_epoch_start called for epoch 10
[DEBUG CollapseMonitor] reset_temporal_state() called on loss function
Epoch 10: val_loss=0.6751051545143127
Epoch 10: train_loss=0.904888391494751

[CollapseMonitor] Epoch 10
  [DEBUG] Processed 1 batches from val_dataloader
  [DEBUG] Predictions shape after concat: (1,)
  [DEBUG] All predictions list length: 1
  [DEBUG] First batch shape: (1,)
  Pred std: 0.000000, range: 0.000000, mean: 0.301089
  Pos: 100.0%, Neg: 0.0%, Unique: 1
  Dir Acc: 0.00%, Pred Sharpe: 0.0000
  Composite: 0.0000 (dist_match: 0.0000, actual_pos: 0.0%, pred_pos: 100.0%)
  Collapse penalty: 0.000000 (threshold: 0.005000)
  Saved validation predictions to: experiments/wf_monthly_weekly_enc12/fold_202005/collapse_monitoring/val_predictions_epoch10.npy
  Gradient norms:
    lstm_encoder: 0.011141
    lstm_decoder: 0.010017
    output_layer: 0.362027
  VSN output std:
    encoder: 0.230651
  Attention entropy: 2.262390
  Saved to: experiments/wf_monthly_weekly_enc12/fold_202005/collapse_monitoring/collapse_monitor_latest.json
[DEBUG CollapseMonitor] on_validation_epoch_start called for epoch 11
[DEBUG CollapseMonitor] reset_temporal_state() called on loss function
Epoch 11: val_loss=0.6635018587112427
Epoch 11: train_loss=0.9005494713783264

[CollapseMonitor] Epoch 11
  [DEBUG] Processed 1 batches from val_dataloader
  [DEBUG] Predictions shape after concat: (1,)
  [DEBUG] All predictions list length: 1
  [DEBUG] First batch shape: (1,)
  Pred std: 0.000000, range: 0.000000, mean: 0.349303
  Pos: 100.0%, Neg: 0.0%, Unique: 1
  Dir Acc: 0.00%, Pred Sharpe: 0.0000
  Composite: 0.0000 (dist_match: 0.0000, actual_pos: 0.0%, pred_pos: 100.0%)
  Collapse penalty: 0.000000 (threshold: 0.005000)
  Saved validation predictions to: experiments/wf_monthly_weekly_enc12/fold_202005/collapse_monitoring/val_predictions_epoch11.npy
  Gradient norms:
    lstm_encoder: 0.012378
    lstm_decoder: 0.010431
    output_layer: 0.374798
  VSN output std:
    encoder: 0.235389
  Attention entropy: 2.216759
  Saved to: experiments/wf_monthly_weekly_enc12/fold_202005/collapse_monitoring/collapse_monitor_latest.json
[DEBUG CollapseMonitor] on_validation_epoch_start called for epoch 12
[DEBUG CollapseMonitor] reset_temporal_state() called on loss function
Epoch 12: val_loss=0.6856117248535156
Epoch 12: train_loss=0.8966864943504333

[CollapseMonitor] Epoch 12
  [DEBUG] Processed 1 batches from val_dataloader
  [DEBUG] Predictions shape after concat: (1,)
  [DEBUG] All predictions list length: 1
  [DEBUG] First batch shape: (1,)
  Pred std: 0.000000, range: 0.000000, mean: 0.357636
  Pos: 100.0%, Neg: 0.0%, Unique: 1
  Dir Acc: 0.00%, Pred Sharpe: 0.0000
  Composite: 0.0000 (dist_match: 0.0000, actual_pos: 0.0%, pred_pos: 100.0%)
  Collapse penalty: 0.000000 (threshold: 0.005000)
  Saved validation predictions to: experiments/wf_monthly_weekly_enc12/fold_202005/collapse_monitoring/val_predictions_epoch12.npy
  Gradient norms:
    lstm_encoder: 0.013220
    lstm_decoder: 0.010770
    output_layer: 0.370913
  VSN output std:
    encoder: 0.237255
  Attention entropy: 2.204187
  Saved to: experiments/wf_monthly_weekly_enc12/fold_202005/collapse_monitoring/collapse_monitor_latest.json
[DEBUG CollapseMonitor] on_validation_epoch_start called for epoch 13
[DEBUG CollapseMonitor] reset_temporal_state() called on loss function
Epoch 13: val_loss=0.6596184372901917
Epoch 13: train_loss=0.8981646299362183

[CollapseMonitor] Epoch 13
  [DEBUG] Processed 1 batches from val_dataloader
  [DEBUG] Predictions shape after concat: (1,)
  [DEBUG] All predictions list length: 1
  [DEBUG] First batch shape: (1,)
  Pred std: 0.000000, range: 0.000000, mean: 0.292274
  Pos: 100.0%, Neg: 0.0%, Unique: 1
  Dir Acc: 0.00%, Pred Sharpe: 0.0000
  Composite: 0.0000 (dist_match: 0.0000, actual_pos: 0.0%, pred_pos: 100.0%)
  Collapse penalty: 0.000000 (threshold: 0.005000)
  Saved validation predictions to: experiments/wf_monthly_weekly_enc12/fold_202005/collapse_monitoring/val_predictions_epoch13.npy
  Gradient norms:
    lstm_encoder: 0.013829
    lstm_decoder: 0.011201
    output_layer: 0.375789
  VSN output std:
    encoder: 0.239407
  Attention entropy: 2.188138
  Saved to: experiments/wf_monthly_weekly_enc12/fold_202005/collapse_monitoring/collapse_monitor_latest.json
[DEBUG CollapseMonitor] on_validation_epoch_start called for epoch 14
[DEBUG CollapseMonitor] reset_temporal_state() called on loss function
Epoch 14: val_loss=0.6765778064727783
Epoch 14: train_loss=0.8940221667289734

[CollapseMonitor] Epoch 14
  [DEBUG] Processed 1 batches from val_dataloader
  [DEBUG] Predictions shape after concat: (1,)
  [DEBUG] All predictions list length: 1
  [DEBUG] First batch shape: (1,)
  Pred std: 0.000000, range: 0.000000, mean: 0.332962
  Pos: 100.0%, Neg: 0.0%, Unique: 1
  Dir Acc: 0.00%, Pred Sharpe: 0.0000
  Composite: 0.0000 (dist_match: 0.0000, actual_pos: 0.0%, pred_pos: 100.0%)
  Collapse penalty: 0.000000 (threshold: 0.005000)
  Saved validation predictions to: experiments/wf_monthly_weekly_enc12/fold_202005/collapse_monitoring/val_predictions_epoch14.npy
  Gradient norms:
    lstm_encoder: 0.014390
    lstm_decoder: 0.011218
    output_layer: 0.372870
  VSN output std:
    encoder: 0.241351
  Attention entropy: 2.172443
  Saved to: experiments/wf_monthly_weekly_enc12/fold_202005/collapse_monitoring/collapse_monitor_latest.json
[DEBUG CollapseMonitor] on_validation_epoch_start called for epoch 15
[DEBUG CollapseMonitor] reset_temporal_state() called on loss function
Epoch 15: val_loss=0.68253493309021
Epoch 15: train_loss=0.8925758004188538

[CollapseMonitor] Epoch 15
  [DEBUG] Processed 1 batches from val_dataloader
  [DEBUG] Predictions shape after concat: (1,)
  [DEBUG] All predictions list length: 1
  [DEBUG] First batch shape: (1,)
  Pred std: 0.000000, range: 0.000000, mean: 0.324016
  Pos: 100.0%, Neg: 0.0%, Unique: 1
  Dir Acc: 0.00%, Pred Sharpe: 0.0000
  Composite: 0.0000 (dist_match: 0.0000, actual_pos: 0.0%, pred_pos: 100.0%)
  Collapse penalty: 0.000000 (threshold: 0.005000)
  Saved validation predictions to: experiments/wf_monthly_weekly_enc12/fold_202005/collapse_monitoring/val_predictions_epoch15.npy
  Gradient norms:
    lstm_encoder: 0.014999
    lstm_decoder: 0.011504
    output_layer: 0.371100
  VSN output std:
    encoder: 0.242484
  Attention entropy: 2.169499
  Saved to: experiments/wf_monthly_weekly_enc12/fold_202005/collapse_monitoring/collapse_monitor_latest.json
[DEBUG CollapseMonitor] on_validation_epoch_start called for epoch 16
[DEBUG CollapseMonitor] reset_temporal_state() called on loss function
Epoch 16: val_loss=0.6869829297065735
Epoch 16: train_loss=0.8905619382858276

[CollapseMonitor] Epoch 16
  [DEBUG] Processed 1 batches from val_dataloader
  [DEBUG] Predictions shape after concat: (1,)
  [DEBUG] All predictions list length: 1
  [DEBUG] First batch shape: (1,)
  Pred std: 0.000000, range: 0.000000, mean: 0.299701
  Pos: 100.0%, Neg: 0.0%, Unique: 1
  Dir Acc: 0.00%, Pred Sharpe: 0.0000
  Composite: 0.0000 (dist_match: 0.0000, actual_pos: 0.0%, pred_pos: 100.0%)
  Collapse penalty: 0.000000 (threshold: 0.005000)
  Saved validation predictions to: experiments/wf_monthly_weekly_enc12/fold_202005/collapse_monitoring/val_predictions_epoch16.npy
  Gradient norms:
    lstm_encoder: 0.015980
    lstm_decoder: 0.011328
    output_layer: 0.351979
  VSN output std:
    encoder: 0.243345
  Attention entropy: 2.173361
  Saved to: experiments/wf_monthly_weekly_enc12/fold_202005/collapse_monitoring/collapse_monitor_latest.json


======================================================================
Training complete
======================================================================

Best val_loss checkpoint: experiments/wf_monthly_weekly_enc12/fold_202005/checkpoints/tft-epoch=epoch=06-valloss=val_loss=0.6398.ckpt
Best validation loss: 0.639765
Checkpoints saved:
  - Best val_loss: experiments/wf_monthly_weekly_enc12/fold_202005/checkpoints/tft-epoch=epoch=06-valloss=val_loss=0.6398.ckpt
  - Best pred_std: experiments/wf_monthly_weekly_enc12/fold_202005/checkpoints/tft-epoch=epoch=00-predstd=val_pred_std=0.0000.ckpt
  - Best unique: experiments/wf_monthly_weekly_enc12/fold_202005/checkpoints/tft-epoch=epoch=00-unique=val_num_unique=1.ckpt
  - Best dir_acc: experiments/wf_monthly_weekly_enc12/fold_202005/checkpoints/tft-epoch=epoch=00-diracc=val_dir_acc=0.0000.ckpt
  - Best sharpe: experiments/wf_monthly_weekly_enc12/fold_202005/checkpoints/tft-epoch=epoch=00-sharpe=val_sharpe=0.0000.ckpt
  - Best composite: experiments/wf_monthly_weekly_enc12/fold_202005/checkpoints/tft-epoch=epoch=00-composite=val_composite=0.0000.ckpt
Completed at: 2025-12-03 01:43:36
Log saved to: experiments/wf_monthly_weekly_enc12/fold_202005/training_20251203_014049.log
======================================================================
