Logging to: experiments/04_custom_losses/h16d010_dirw1.0_colw0.1t0.035/vsn_analysis/vsn_analysis_20251129_160046.log
Analysis started at: 2025-11-29 16:00:46
======================================================================
Experiment: 04_custom_losses/h16d010_dirw1.0_colw0.1t0.035
Output directory: experiments/04_custom_losses/h16d010_dirw1.0_colw0.1t0.035/vsn_analysis
Loading config from: experiments/04_custom_losses/h16d010_dirw1.0_colw0.1t0.035/config.json
Using best checkpoint: experiments/04_custom_losses/h16d010_dirw1.0_colw0.1t0.035/checkpoints/tft-epoch=46-val_loss=0.4101.ckpt

Loading data...
Loading test data from: data/splits/vintage/core_proposal_daily_vintage_test.csv
  Train samples: 6074
  Test samples: 1302

Preparing test dataset...
Test dataset size: 1282

Loading model...
Loading model from: experiments/04_custom_losses/h16d010_dirw1.0_colw0.1t0.035/checkpoints/tft-epoch=46-val_loss=0.4101.ckpt
Model loaded on device: cuda

Extracting VSN weights...
  Encoder variables (5): ['relative_time_idx', 'VIX', 'Treasury_10Y', 'Yield_Spread', 'Inflation_YoY']
  Decoder variables (1): ['relative_time_idx']
  Static variables (1): ['encoder_length']

  DEBUG: Output type: <class 'pytorch_forecasting.utils.TupleOutputMixIn.to_network_output.<locals>.Output'>
  DEBUG: Output fields (NamedTuple): ('prediction', 'encoder_attention', 'decoder_attention', 'static_variables', 'encoder_variables', 'decoder_variables', 'decoder_lengths', 'encoder_lengths')
  DEBUG: output.encoder_variables shape: torch.Size([64, 20, 1, 5])
  DEBUG: output.static_variables shape: torch.Size([64, 1, 1])
  DEBUG: output.decoder_variables shape: torch.Size([64, 1, 1, 1])
  Processed batch 20/21

Extraction complete:
  Samples: 1282
  Encoder VSN shape: (1282, 5)
  Decoder VSN shape: (1282, 1)

Analysis period: 2020-08-17 to 2025-10-06

Creating temporal periods:
  2020: 94 samples
  2021: 250 samples
  2022: 249 samples
  2023: 249 samples
  2024: 250 samples
  2025: 190 samples

Analyzing VSN weights by period...

Comparing VSN patterns across periods...

Creating visualizations...
Saved VSN heatmap: experiments/04_custom_losses/h16d010_dirw1.0_colw0.1t0.035/vsn_analysis/vsn_heatmap.png
Saved VSN comparison: experiments/04_custom_losses/h16d010_dirw1.0_colw0.1t0.035/vsn_analysis/vsn_comparison.png
Saved concentration plot: experiments/04_custom_losses/h16d010_dirw1.0_colw0.1t0.035/vsn_analysis/vsn_concentration.png

Saving results...
Saved results: experiments/04_custom_losses/h16d010_dirw1.0_colw0.1t0.035/vsn_analysis/vsn_analysis_results.json

======================================================================
VSN ANALYSIS SUMMARY
======================================================================

Per-Period Feature Importance:
----------------------------------------------------------------------

2020 (94 samples):
  Concentration: 0.3729
  Top 5 features:
    VIX                            0.5383
    Inflation_YoY                  0.2458
    Treasury_10Y                   0.1398
    Yield_Spread                   0.0501
    relative_time_idx              0.0261

2021 (250 samples):
  Concentration: 0.3859
  Top 5 features:
    VIX                            0.5646
    Treasury_10Y                   0.1995
    Inflation_YoY                  0.1551
    Yield_Spread                   0.0470
    relative_time_idx              0.0339

2022 (249 samples):
  Concentration: 0.5361
  Top 5 features:
    VIX                            0.7148
    Inflation_YoY                  0.1239
    Treasury_10Y                   0.0811
    Yield_Spread                   0.0451
    relative_time_idx              0.0350

2023 (249 samples):
  Concentration: 0.4337
  Top 5 features:
    VIX                            0.6259
    Yield_Spread                   0.1294
    Inflation_YoY                  0.1264
    Treasury_10Y                   0.0923
    relative_time_idx              0.0259

2024 (250 samples):
  Concentration: 0.2769
  Top 5 features:
    VIX                            0.3676
    Yield_Spread                   0.3047
    Inflation_YoY                  0.1750
    Treasury_10Y                   0.1340
    relative_time_idx              0.0186

2025 (190 samples):
  Concentration: 0.2770
  Top 5 features:
    VIX                            0.3827
    Inflation_YoY                  0.2426
    Yield_Spread                   0.2418
    Treasury_10Y                   0.1131
    relative_time_idx              0.0198

----------------------------------------------------------------------
Period Comparisons:
----------------------------------------------------------------------

2020_vs_2021:
  Cosine similarity: 0.9836
  L2 distance: 0.1121
  Biggest increases: Treasury_10Y(+0.060), VIX(+0.026), relative_time_idx(+0.008)
  Biggest decreases: Inflation_YoY(-0.091), Yield_Spread(-0.003), relative_time_idx(+0.008)

2020_vs_2022:
  Cosine similarity: 0.9611
  L2 distance: 0.2226
  Biggest increases: VIX(+0.177), relative_time_idx(+0.009), Yield_Spread(-0.005)
  Biggest decreases: Inflation_YoY(-0.122), Treasury_10Y(-0.059), Yield_Spread(-0.005)

2020_vs_2023:
  Cosine similarity: 0.9650
  L2 distance: 0.1746
  Biggest increases: VIX(+0.088), Yield_Spread(+0.079), relative_time_idx(-0.000)
  Biggest decreases: Inflation_YoY(-0.119), Treasury_10Y(-0.047), relative_time_idx(-0.000)

2020_vs_2024:
  Cosine similarity: 0.8570
  L2 distance: 0.3147
  Biggest increases: Yield_Spread(+0.255), Treasury_10Y(-0.006), relative_time_idx(-0.008)
  Biggest decreases: VIX(-0.171), Inflation_YoY(-0.071), relative_time_idx(-0.008)

2020_vs_2025:
  Cosine similarity: 0.9150
  L2 distance: 0.2484
  Biggest increases: Yield_Spread(+0.192), Inflation_YoY(-0.003), relative_time_idx(-0.006)
  Biggest decreases: VIX(-0.156), Treasury_10Y(-0.027), relative_time_idx(-0.006)

2021_vs_2022:
  Cosine similarity: 0.9723
  L2 distance: 0.1937
  Biggest increases: VIX(+0.150), relative_time_idx(+0.001), Yield_Spread(-0.002)
  Biggest decreases: Treasury_10Y(-0.118), Inflation_YoY(-0.031), Yield_Spread(-0.002)

2021_vs_2023:
  Cosine similarity: 0.9737
  L2 distance: 0.1514
  Biggest increases: Yield_Spread(+0.082), VIX(+0.061), relative_time_idx(-0.008)
  Biggest decreases: Treasury_10Y(-0.107), Inflation_YoY(-0.029), relative_time_idx(-0.008)

2021_vs_2024:
  Cosine similarity: 0.8454
  L2 distance: 0.3318
  Biggest increases: Yield_Spread(+0.258), Inflation_YoY(+0.020), relative_time_idx(-0.015)
  Biggest decreases: VIX(-0.197), Treasury_10Y(-0.065), relative_time_idx(-0.015)

2021_vs_2025:
  Cosine similarity: 0.8818
  L2 distance: 0.2938
  Biggest increases: Yield_Spread(+0.195), Inflation_YoY(+0.088), relative_time_idx(-0.014)
  Biggest decreases: VIX(-0.182), Treasury_10Y(-0.086), relative_time_idx(-0.014)

2022_vs_2023:
  Cosine similarity: 0.9898
  L2 distance: 0.1234
  Biggest increases: Yield_Spread(+0.084), Treasury_10Y(+0.011), Inflation_YoY(+0.003)
  Biggest decreases: VIX(-0.089), relative_time_idx(-0.009), Inflation_YoY(+0.003)

2022_vs_2024:
  Cosine similarity: 0.8039
  L2 distance: 0.4399
  Biggest increases: Yield_Spread(+0.260), Treasury_10Y(+0.053), Inflation_YoY(+0.051)
  Biggest decreases: VIX(-0.347), relative_time_idx(-0.016), Inflation_YoY(+0.051)

2022_vs_2025:
  Cosine similarity: 0.8418
  L2 distance: 0.4053
  Biggest increases: Yield_Spread(+0.197), Inflation_YoY(+0.119), Treasury_10Y(+0.032)
  Biggest decreases: VIX(-0.332), relative_time_idx(-0.015), Treasury_10Y(+0.032)

2023_vs_2024:
  Cosine similarity: 0.8787
  L2 distance: 0.3187
  Biggest increases: Yield_Spread(+0.175), Inflation_YoY(+0.049), Treasury_10Y(+0.042)
  Biggest decreases: VIX(-0.258), relative_time_idx(-0.007), Treasury_10Y(+0.042)

2023_vs_2025:
  Cosine similarity: 0.9015
  L2 distance: 0.2928
  Biggest increases: Inflation_YoY(+0.116), Yield_Spread(+0.112), Treasury_10Y(+0.021)
  Biggest decreases: VIX(-0.243), relative_time_idx(-0.006), Treasury_10Y(+0.021)

2024_vs_2025:
  Cosine similarity: 0.9834
  L2 distance: 0.0959
  Biggest increases: Inflation_YoY(+0.068), VIX(+0.015), relative_time_idx(+0.001)
  Biggest decreases: Yield_Spread(-0.063), Treasury_10Y(-0.021), relative_time_idx(+0.001)

======================================================================

Analysis complete!
Results saved to: experiments/04_custom_losses/h16d010_dirw1.0_colw0.1t0.035/vsn_analysis
  - vsn_analysis_results.json
  - vsn_heatmap.png
  - vsn_comparison.png
  - vsn_concentration.png
