Logging to: experiments/02b_vintage_sweep/baseline_h16_drop0.10/attention_analysis_year/attention_analysis_20251122_181256.log
Analysis started at: 2025-11-22 18:12:56
======================================================================
Experiment: 02b_vintage_sweep/baseline_h16_drop0.10
Output directory: experiments/02b_vintage_sweep/baseline_h16_drop0.10/attention_analysis_year
Using best checkpoint: experiments/02b_vintage_sweep/baseline_h16_drop0.10/checkpoints/tft-epoch=50-val_loss=0.4029.ckpt

Loading data...
Loading test data from: data/splits/vintage/core_proposal_daily_vintage_test.csv
  Train samples: 6074
  Test samples: 1302

Preparing test dataset...
Test dataset size after filtering: 1282

Loading model...
Loading model from: experiments/02b_vintage_sweep/baseline_h16_drop0.10/checkpoints/tft-epoch=50-val_loss=0.4029.ckpt
Model moved to device: cuda

Extracting attention patterns...
Extracting attention patterns...
Total batches to process: 11
  Processed 10/11 batches

Total predictions: 1282
Total actuals: 1282
Attention shape: (1282, 20)
Encoder variables shape: (1282, 5)

Prediction period: 2020-08-17T00:00:00.000000000 to 2025-10-06T00:00:00.000000000
Total predictions: 1282

Creating temporal periods:
  2020: 94 samples
  2021: 250 samples
  2022: 249 samples
  2023: 249 samples
  2024: 250 samples
  2025: 190 samples

Attention over 20 encoder timesteps

Analyzing attention patterns by period...

Comparing attention patterns across periods...

Creating visualizations...
Saved attention heatmap: experiments/02b_vintage_sweep/baseline_h16_drop0.10/attention_analysis_year/attention_heatmap.png
Saved attention trends: experiments/02b_vintage_sweep/baseline_h16_drop0.10/attention_analysis_year/attention_trends.png
Saved feature importance comparison: experiments/02b_vintage_sweep/baseline_h16_drop0.10/attention_analysis_year/temporal_attention_comparison.png

Saving results...
Saved results: experiments/02b_vintage_sweep/baseline_h16_drop0.10/attention_analysis_year/attention_analysis_results.json

======================================================================
ATTENTION ANALYSIS SUMMARY
======================================================================

Per-Period Statistics:
----------------------------------------------------------------------

2020:
  Samples: 94
  Entropy: 2.7502 Ã‚Â± 0.3418
  Concentration: 0.0524
  Top 5 features:
    t-1                            0.0771
    t-2                            0.0696
    t-3                            0.0640
    t-4                            0.0606
    t-5                            0.0581

2021:
  Samples: 250
  Entropy: 2.8313 Ã‚Â± 0.3517
  Concentration: 0.0511
  Top 5 features:
    t-1                            0.0677
    t-2                            0.0645
    t-3                            0.0601
    t-4                            0.0563
    t-5                            0.0546

2022:
  Samples: 249
  Entropy: 2.5987 Ã‚Â± 0.3938
  Concentration: 0.0550
  Top 5 features:
    t-1                            0.0864
    t-2                            0.0748
    t-3                            0.0676
    t-4                            0.0631
    t-5                            0.0603

2023:
  Samples: 249
  Entropy: 2.9563 Ã‚Â± 0.0994
  Concentration: 0.0504
  Top 5 features:
    t-1                            0.0578
    t-2                            0.0567
    t-3                            0.0556
    t-4                            0.0546
    t-5                            0.0538

2024:
  Samples: 250
  Entropy: 2.9303 Ã‚Â± 0.3483
  Concentration: 0.0503
  Top 5 features:
    t-1                            0.0568
    t-2                            0.0564
    t-3                            0.0557
    t-4                            0.0548
    t-5                            0.0534

2025:
  Samples: 190
  Entropy: 2.8445 Ã‚Â± 0.4099
  Concentration: 0.0505
  Top 5 features:
    t-1                            0.0652
    t-2                            0.0579
    t-3                            0.0553
    t-4                            0.0539
    t-5                            0.0525

----------------------------------------------------------------------
Period Comparisons:
----------------------------------------------------------------------

2020_vs_2021:
  Cosine similarity: 0.9976
  L2 distance: 0.0160
  Entropy change: 0.0812
  Concentration change: -0.0013

2020_vs_2022:
  Cosine similarity: 0.9947
  L2 distance: 0.0245
  Entropy change: -0.1514
  Concentration change: 0.0026

2020_vs_2023:
  Cosine similarity: 0.9911
  L2 distance: 0.0306
  Entropy change: 0.2062
  Concentration change: -0.0020

2020_vs_2024:
  Cosine similarity: 0.9892
  L2 distance: 0.0336
  Entropy change: 0.1801
  Concentration change: -0.0021

2020_vs_2025:
  Cosine similarity: 0.9927
  L2 distance: 0.0277
  Entropy change: 0.0943
  Concentration change: -0.0019

2021_vs_2022:
  Cosine similarity: 0.9868
  L2 distance: 0.0384
  Entropy change: -0.2326
  Concentration change: 0.0039

2021_vs_2023:
  Cosine similarity: 0.9977
  L2 distance: 0.0152
  Entropy change: 0.1250
  Concentration change: -0.0007

2021_vs_2024:
  Cosine similarity: 0.9968
  L2 distance: 0.0181
  Entropy change: 0.0989
  Concentration change: -0.0008

2021_vs_2025:
  Cosine similarity: 0.9984
  L2 distance: 0.0129
  Entropy change: 0.0131
  Concentration change: -0.0006

2022_vs_2023:
  Cosine similarity: 0.9760
  L2 distance: 0.0513
  Entropy change: 0.3576
  Concentration change: -0.0046

2022_vs_2024:
  Cosine similarity: 0.9715
  L2 distance: 0.0557
  Entropy change: 0.3315
  Concentration change: -0.0047

2022_vs_2025:
  Cosine similarity: 0.9772
  L2 distance: 0.0499
  Entropy change: 0.2457
  Concentration change: -0.0045

2023_vs_2024:
  Cosine similarity: 0.9996
  L2 distance: 0.0062
  Entropy change: -0.0261
  Concentration change: -0.0001

2023_vs_2025:
  Cosine similarity: 0.9991
  L2 distance: 0.0093
  Entropy change: -0.1119
  Concentration change: 0.0001

2024_vs_2025:
  Cosine similarity: 0.9992
  L2 distance: 0.0092
  Entropy change: -0.0858
  Concentration change: 0.0002

======================================================================

Analysis complete!
Results saved to: experiments/02b_vintage_sweep/baseline_h16_drop0.10/attention_analysis_year
  - attention_analysis_results.json
  - attention_heatmap.png
  - attention_trends.png
  - temporal_attention_comparison.png
