======================================================================
Training TFT: 01_staleness_features_fixed/sweep_stale_h20_drop0.35_lr5
======================================================================
Logging to: experiments/01_staleness_features_fixed/sweep_stale_h20_drop0.35_lr5/training_20251030_021733.log
Started at: 2025-10-30 02:17:33
======================================================================
Configuration saved to: experiments/01_staleness_features_fixed/sweep_stale_h20_drop0.35_lr5/config.json

Loading data splits...
Train: 6066 samples
Val: 1300 samples
Test: 1300 samples

Preparing TimeSeriesDataSet...

Adding staleness features to data...

======================================================================
Adding Staleness Features
======================================================================
Mode: Fixed lag

Processing: Inflation_YoY (detecting from CPI)
  Updates detected: 280
  Avg days stale: 10.9
  Max days stale: 60

======================================================================
Total staleness features added: 2
======================================================================


======================================================================
Adding Staleness Features
======================================================================
Mode: Fixed lag

Processing: Inflation_YoY (detecting from CPI)
  Updates detected: 62
  Avg days stale: 10.3
  Max days stale: 42

======================================================================
Total staleness features added: 2
======================================================================


Dropping source columns (used for staleness only): ['CPI']

Final features for TFT: ['SP500_Returns', 'VIX', 'Treasury_10Y', 'Yield_Spread', 'Inflation_YoY', 'days_since_CPI_update', 'CPI_is_fresh']

======================================================================
FEATURE STATISTICS - BEFORE NORMALIZATION
======================================================================
VIX                             mean= 19.7193  std=  8.0201  min=  9.3100  max= 80.8600
Treasury_10Y                    mean=  4.7588  std=  1.6860  min=  1.4300  max=  8.3600
Yield_Spread                    mean=  1.2786  std=  0.9184  min= -0.5200  max=  2.9100
Inflation_YoY                   mean=  2.5055  std=  1.1650  min= -1.9588  max=  5.7255
days_since_CPI_update           mean= 10.8539  std=  7.6096  min=  0.0000  max= 60.0000
CPI_is_fresh                    mean=  0.0462  std=  0.2098  min=  0.0000  max=  1.0000

======================================================================
NORMALIZING STALENESS FEATURES (log transform)
======================================================================
Max staleness observed: train=60, val=42
Using normalization max: 65 days


STALENESS FEATURES - AFTER MANUAL NORMALIZATION
days_since_CPI_update           mean=  0.5270  std=  0.1974  min=  0.0000  max=  0.9812

======================================================================
FEATURES AFTER GROUPNORMALIZER (first batch, last timestep)
======================================================================
VIX                             normalized_value=  1.0000
Treasury_10Y                    normalized_value= -0.0500
Yield_Spread                    normalized_value= -0.4214
Inflation_YoY                   normalized_value= -0.9721
days_since_CPI_update           normalized_value=  1.5369
CPI_is_fresh                    normalized_value=  0.8557
======================================================================

Batches per epoch: 94
[DEBUG] Validation batches: 20
[DEBUG] Validation dataset size: 1280
[DEBUG] Batch size: 64

Initializing model...
Model parameters: 34,783

Starting training...
Checkpoints will be saved to: experiments/01_staleness_features_fixed/sweep_stale_h20_drop0.35_lr5/checkpoints/
Logs will be saved to: experiments/01_staleness_features_fixed/sweep_stale_h20_drop0.35_lr5/logs/

Epoch 0: val_loss=N/A
Epoch 0: val_loss=0.5457733273506165
Epoch 0: train_loss=0.6315211653709412

[CollapseMonitor] Epoch 0
  [DEBUG] Processed 20 batches from val_dataloader
  [DEBUG] Predictions shape after concat: (1280,)
  [DEBUG] All predictions list length: 20
  [DEBUG] First batch shape: (64,)
  Pred std: 0.010752, range: 0.071611, mean: -0.705417
  Pos: 0.0%, Neg: 100.0%, Unique: 1249
  Saved validation predictions to: experiments/01_staleness_features_fixed/sweep_stale_h20_drop0.35_lr5/collapse_monitoring/val_predictions_epoch0.npy
  Gradient norms:
    lstm_encoder: 0.008272
    lstm_decoder: 0.009630
    multihead_attn: 0.010875
    output_layer: 0.518319
  VSN output std:
    encoder: 0.129125
  Attention entropy: 2.994336
  Saved to: experiments/01_staleness_features_fixed/sweep_stale_h20_drop0.35_lr5/collapse_monitoring/collapse_monitor_epoch0.json
Epoch 1: val_loss=0.47979193925857544
Epoch 1: train_loss=0.5457939505577087

[CollapseMonitor] Epoch 1
  [DEBUG] Processed 20 batches from val_dataloader
  [DEBUG] Predictions shape after concat: (1280,)
  [DEBUG] All predictions list length: 20
  [DEBUG] First batch shape: (64,)
  Pred std: 0.010079, range: 0.061550, mean: -0.272962
  Pos: 0.0%, Neg: 100.0%, Unique: 1240
  Saved validation predictions to: experiments/01_staleness_features_fixed/sweep_stale_h20_drop0.35_lr5/collapse_monitoring/val_predictions_epoch1.npy
  Gradient norms:
    lstm_encoder: 0.005611
    lstm_decoder: 0.006638
    multihead_attn: 0.007265
    output_layer: 0.358584
  VSN output std:
    encoder: 0.125575
  Attention entropy: 2.994489
  Saved to: experiments/01_staleness_features_fixed/sweep_stale_h20_drop0.35_lr5/collapse_monitoring/collapse_monitor_epoch1.json
Epoch 2: val_loss=0.45765241980552673
Epoch 2: train_loss=0.48766475915908813

[CollapseMonitor] Epoch 2
  [DEBUG] Processed 20 batches from val_dataloader
  [DEBUG] Predictions shape after concat: (1280,)
  [DEBUG] All predictions list length: 20
  [DEBUG] First batch shape: (64,)
  Pred std: 0.010775, range: 0.057090, mean: 0.011952
  Pos: 84.6%, Neg: 15.4%, Unique: 1255
  Saved validation predictions to: experiments/01_staleness_features_fixed/sweep_stale_h20_drop0.35_lr5/collapse_monitoring/val_predictions_epoch2.npy
  Gradient norms:
    lstm_encoder: 0.003609
    lstm_decoder: 0.004316
    multihead_attn: 0.004731
    output_layer: 0.191600
  VSN output std:
    encoder: 0.119536
  Attention entropy: 2.993290
  Saved to: experiments/01_staleness_features_fixed/sweep_stale_h20_drop0.35_lr5/collapse_monitoring/collapse_monitor_epoch2.json
Epoch 3: val_loss=0.4530917704105377
Epoch 3: train_loss=0.4666346311569214

[CollapseMonitor] Epoch 3
  [DEBUG] Processed 20 batches from val_dataloader
  [DEBUG] Predictions shape after concat: (1280,)
  [DEBUG] All predictions list length: 20
  [DEBUG] First batch shape: (64,)
  Pred std: 0.013643, range: 0.062307, mean: 0.064891
  Pos: 100.0%, Neg: 0.0%, Unique: 1251
  Saved validation predictions to: experiments/01_staleness_features_fixed/sweep_stale_h20_drop0.35_lr5/collapse_monitoring/val_predictions_epoch3.npy
  Gradient norms:
    lstm_encoder: 0.002756
    lstm_decoder: 0.003297
    multihead_attn: 0.003460
    output_layer: 0.125906
  VSN output std:
    encoder: 0.119229
  Attention entropy: 2.992130
  Saved to: experiments/01_staleness_features_fixed/sweep_stale_h20_drop0.35_lr5/collapse_monitoring/collapse_monitor_epoch3.json
Epoch 4: val_loss=0.45041948556900024
Epoch 4: train_loss=0.4580453038215637

[CollapseMonitor] Epoch 4
  [DEBUG] Processed 20 batches from val_dataloader
  [DEBUG] Predictions shape after concat: (1280,)
  [DEBUG] All predictions list length: 20
  [DEBUG] First batch shape: (64,)
  Pred std: 0.016169, range: 0.070888, mean: 0.070631
  Pos: 100.0%, Neg: 0.0%, Unique: 1263
  Saved validation predictions to: experiments/01_staleness_features_fixed/sweep_stale_h20_drop0.35_lr5/collapse_monitoring/val_predictions_epoch4.npy
  Gradient norms:
    lstm_encoder: 0.002422
    lstm_decoder: 0.002865
    multihead_attn: 0.003180
    output_layer: 0.107285
  VSN output std:
    encoder: 0.115738
  Attention entropy: 2.992894
  Saved to: experiments/01_staleness_features_fixed/sweep_stale_h20_drop0.35_lr5/collapse_monitoring/collapse_monitor_epoch4.json
Epoch 5: val_loss=0.44818824529647827
Epoch 5: train_loss=0.45593348145484924

[CollapseMonitor] Epoch 5
  [DEBUG] Processed 20 batches from val_dataloader
  [DEBUG] Predictions shape after concat: (1280,)
  [DEBUG] All predictions list length: 20
  [DEBUG] First batch shape: (64,)
  Pred std: 0.020915, range: 0.111329, mean: 0.081090
  Pos: 99.5%, Neg: 0.5%, Unique: 1254
  Saved validation predictions to: experiments/01_staleness_features_fixed/sweep_stale_h20_drop0.35_lr5/collapse_monitoring/val_predictions_epoch5.npy
  Gradient norms:
    lstm_encoder: 0.002314
    lstm_decoder: 0.002831
    multihead_attn: 0.003129
    output_layer: 0.106599
  VSN output std:
    encoder: 0.116130
  Attention entropy: 2.992426
  Saved to: experiments/01_staleness_features_fixed/sweep_stale_h20_drop0.35_lr5/collapse_monitoring/collapse_monitor_epoch5.json
Epoch 6: val_loss=0.44528087973594666
Epoch 6: train_loss=0.45044583082199097

[CollapseMonitor] Epoch 6
  [DEBUG] Processed 20 batches from val_dataloader
  [DEBUG] Predictions shape after concat: (1280,)
  [DEBUG] All predictions list length: 20
  [DEBUG] First batch shape: (64,)
  Pred std: 0.031867, range: 0.193144, mean: 0.084325
  Pos: 97.2%, Neg: 2.8%, Unique: 1263
  Saved validation predictions to: experiments/01_staleness_features_fixed/sweep_stale_h20_drop0.35_lr5/collapse_monitoring/val_predictions_epoch6.npy
  Gradient norms:
    lstm_encoder: 0.002337
    lstm_decoder: 0.002605
    multihead_attn: 0.003265
    output_layer: 0.101305
  VSN output std:
    encoder: 0.130003
  Attention entropy: 2.991535
  Saved to: experiments/01_staleness_features_fixed/sweep_stale_h20_drop0.35_lr5/collapse_monitoring/collapse_monitor_epoch6.json
Epoch 7: val_loss=0.44236841797828674
Epoch 7: train_loss=0.45144689083099365

[CollapseMonitor] Epoch 7
  [DEBUG] Processed 20 batches from val_dataloader
  [DEBUG] Predictions shape after concat: (1280,)
  [DEBUG] All predictions list length: 20
  [DEBUG] First batch shape: (64,)
  Pred std: 0.041176, range: 0.242620, mean: 0.060210
  Pos: 91.7%, Neg: 8.3%, Unique: 1268
  Saved validation predictions to: experiments/01_staleness_features_fixed/sweep_stale_h20_drop0.35_lr5/collapse_monitoring/val_predictions_epoch7.npy
  Gradient norms:
    lstm_encoder: 0.002494
    lstm_decoder: 0.002755
    multihead_attn: 0.003586
    output_layer: 0.105917
  VSN output std:
    encoder: 0.136483
  Attention entropy: 2.990473
  Saved to: experiments/01_staleness_features_fixed/sweep_stale_h20_drop0.35_lr5/collapse_monitoring/collapse_monitor_epoch7.json
Epoch 8: val_loss=0.436110258102417
Epoch 8: train_loss=0.4486217200756073

[CollapseMonitor] Epoch 8
  [DEBUG] Processed 20 batches from val_dataloader
  [DEBUG] Predictions shape after concat: (1280,)
  [DEBUG] All predictions list length: 20
  [DEBUG] First batch shape: (64,)
  Pred std: 0.042938, range: 0.271144, mean: 0.071193
  Pos: 95.0%, Neg: 5.0%, Unique: 1267
  Saved validation predictions to: experiments/01_staleness_features_fixed/sweep_stale_h20_drop0.35_lr5/collapse_monitoring/val_predictions_epoch8.npy
  Gradient norms:
    lstm_encoder: 0.002601
    lstm_decoder: 0.002517
    multihead_attn: 0.004096
    output_layer: 0.096282
  VSN output std:
    encoder: 0.141137
  Attention entropy: 2.988602
  Saved to: experiments/01_staleness_features_fixed/sweep_stale_h20_drop0.35_lr5/collapse_monitoring/collapse_monitor_epoch8.json
Epoch 9: val_loss=0.4322071969509125
Epoch 9: train_loss=0.445923388004303

[CollapseMonitor] Epoch 9
  [DEBUG] Processed 20 batches from val_dataloader
  [DEBUG] Predictions shape after concat: (1280,)
  [DEBUG] All predictions list length: 20
  [DEBUG] First batch shape: (64,)
  Pred std: 0.045751, range: 0.271212, mean: 0.032884
  Pos: 90.0%, Neg: 10.0%, Unique: 1264
  Saved validation predictions to: experiments/01_staleness_features_fixed/sweep_stale_h20_drop0.35_lr5/collapse_monitoring/val_predictions_epoch9.npy
  Gradient norms:
    lstm_encoder: 0.002768
    lstm_decoder: 0.002621
    multihead_attn: 0.004544
    output_layer: 0.102533
  VSN output std:
    encoder: 0.137321
  Attention entropy: 2.986396
  Saved to: experiments/01_staleness_features_fixed/sweep_stale_h20_drop0.35_lr5/collapse_monitoring/collapse_monitor_epoch9.json
Epoch 10: val_loss=0.4285295605659485
Epoch 10: train_loss=0.44394996762275696

[CollapseMonitor] Epoch 10
  [DEBUG] Processed 20 batches from val_dataloader
  [DEBUG] Predictions shape after concat: (1280,)
  [DEBUG] All predictions list length: 20
  [DEBUG] First batch shape: (64,)
  Pred std: 0.036488, range: 0.229020, mean: 0.050810
  Pos: 93.9%, Neg: 6.1%, Unique: 1262
  Saved validation predictions to: experiments/01_staleness_features_fixed/sweep_stale_h20_drop0.35_lr5/collapse_monitoring/val_predictions_epoch10.npy
  Gradient norms:
    lstm_encoder: 0.002982
    lstm_decoder: 0.002647
    multihead_attn: 0.004860
    output_layer: 0.101964
  VSN output std:
    encoder: 0.136535
  Attention entropy: 2.985826
  Saved to: experiments/01_staleness_features_fixed/sweep_stale_h20_drop0.35_lr5/collapse_monitoring/collapse_monitor_epoch10.json
Epoch 11: val_loss=0.4266849160194397
Epoch 11: train_loss=0.44130682945251465

[CollapseMonitor] Epoch 11
  [DEBUG] Processed 20 batches from val_dataloader
  [DEBUG] Predictions shape after concat: (1280,)
  [DEBUG] All predictions list length: 20
  [DEBUG] First batch shape: (64,)
  Pred std: 0.035141, range: 0.223499, mean: 0.051019
  Pos: 93.5%, Neg: 6.5%, Unique: 1265
  Saved validation predictions to: experiments/01_staleness_features_fixed/sweep_stale_h20_drop0.35_lr5/collapse_monitoring/val_predictions_epoch11.npy
  Gradient norms:
    lstm_encoder: 0.003190
    lstm_decoder: 0.002741
    multihead_attn: 0.004777
    output_layer: 0.095776
  VSN output std:
    encoder: 0.133075
  Attention entropy: 2.986364
  Saved to: experiments/01_staleness_features_fixed/sweep_stale_h20_drop0.35_lr5/collapse_monitoring/collapse_monitor_epoch11.json
Epoch 12: val_loss=0.4254903793334961
Epoch 12: train_loss=0.439546674489975

[CollapseMonitor] Epoch 12
  [DEBUG] Processed 20 batches from val_dataloader
  [DEBUG] Predictions shape after concat: (1280,)
  [DEBUG] All predictions list length: 20
  [DEBUG] First batch shape: (64,)
  Pred std: 0.033664, range: 0.228636, mean: 0.061852
  Pos: 95.2%, Neg: 4.8%, Unique: 1253
  Saved validation predictions to: experiments/01_staleness_features_fixed/sweep_stale_h20_drop0.35_lr5/collapse_monitoring/val_predictions_epoch12.npy
  Gradient norms:
    lstm_encoder: 0.003478
    lstm_decoder: 0.002909
    multihead_attn: 0.004709
    output_layer: 0.101227
  VSN output std:
    encoder: 0.136768
  Attention entropy: 2.988117
  Saved to: experiments/01_staleness_features_fixed/sweep_stale_h20_drop0.35_lr5/collapse_monitoring/collapse_monitor_epoch12.json
Epoch 13: val_loss=0.4243215024471283
Epoch 13: train_loss=0.43770599365234375

[CollapseMonitor] Epoch 13
  [DEBUG] Processed 20 batches from val_dataloader
  [DEBUG] Predictions shape after concat: (1280,)
  [DEBUG] All predictions list length: 20
  [DEBUG] First batch shape: (64,)
  Pred std: 0.030839, range: 0.209489, mean: 0.031429
  Pos: 94.4%, Neg: 5.6%, Unique: 1245
  Saved validation predictions to: experiments/01_staleness_features_fixed/sweep_stale_h20_drop0.35_lr5/collapse_monitoring/val_predictions_epoch13.npy
  Gradient norms:
    lstm_encoder: 0.003672
    lstm_decoder: 0.003305
    multihead_attn: 0.004745
    output_layer: 0.106020
  VSN output std:
    encoder: 0.131387
  Attention entropy: 2.988422
  Saved to: experiments/01_staleness_features_fixed/sweep_stale_h20_drop0.35_lr5/collapse_monitoring/collapse_monitor_epoch13.json
Epoch 14: val_loss=0.4228785037994385
Epoch 14: train_loss=0.4348360300064087

[CollapseMonitor] Epoch 14
  [DEBUG] Processed 20 batches from val_dataloader
  [DEBUG] Predictions shape after concat: (1280,)
  [DEBUG] All predictions list length: 20
  [DEBUG] First batch shape: (64,)
  Pred std: 0.027134, range: 0.198544, mean: 0.035567
  Pos: 96.2%, Neg: 3.8%, Unique: 1256
  Saved validation predictions to: experiments/01_staleness_features_fixed/sweep_stale_h20_drop0.35_lr5/collapse_monitoring/val_predictions_epoch14.npy
  Gradient norms:
    lstm_encoder: 0.004367
    lstm_decoder: 0.003632
    multihead_attn: 0.004807
    output_layer: 0.101257
  VSN output std:
    encoder: 0.131877
  Attention entropy: 2.985795
  Saved to: experiments/01_staleness_features_fixed/sweep_stale_h20_drop0.35_lr5/collapse_monitoring/collapse_monitor_epoch14.json
Epoch 15: val_loss=0.4225825369358063
Epoch 15: train_loss=0.4344470798969269

[CollapseMonitor] Epoch 15
  [DEBUG] Processed 20 batches from val_dataloader
  [DEBUG] Predictions shape after concat: (1280,)
  [DEBUG] All predictions list length: 20
  [DEBUG] First batch shape: (64,)
  Pred std: 0.026685, range: 0.205858, mean: 0.063653
  Pos: 97.0%, Neg: 3.0%, Unique: 1253
  Saved validation predictions to: experiments/01_staleness_features_fixed/sweep_stale_h20_drop0.35_lr5/collapse_monitoring/val_predictions_epoch15.npy
  Gradient norms:
    lstm_encoder: 0.004905
    lstm_decoder: 0.003788
    multihead_attn: 0.004598
    output_layer: 0.109000
  VSN output std:
    encoder: 0.134397
  Attention entropy: 2.986675
  Saved to: experiments/01_staleness_features_fixed/sweep_stale_h20_drop0.35_lr5/collapse_monitoring/collapse_monitor_epoch15.json
Epoch 16: val_loss=0.42244163155555725
Epoch 16: train_loss=0.43367475271224976

[CollapseMonitor] Epoch 16
  [DEBUG] Processed 20 batches from val_dataloader
  [DEBUG] Predictions shape after concat: (1280,)
  [DEBUG] All predictions list length: 20
  [DEBUG] First batch shape: (64,)
  Pred std: 0.020413, range: 0.163598, mean: 0.043616
  Pos: 97.3%, Neg: 2.7%, Unique: 1249
  Saved validation predictions to: experiments/01_staleness_features_fixed/sweep_stale_h20_drop0.35_lr5/collapse_monitoring/val_predictions_epoch16.npy
  Gradient norms:
    lstm_encoder: 0.005207
    lstm_decoder: 0.004041
    multihead_attn: 0.004381
    output_layer: 0.110012
  VSN output std:
    encoder: 0.124855
  Attention entropy: 2.988071
  Saved to: experiments/01_staleness_features_fixed/sweep_stale_h20_drop0.35_lr5/collapse_monitoring/collapse_monitor_epoch16.json
Epoch 17: val_loss=0.4209822118282318
Epoch 17: train_loss=0.43231067061424255

[CollapseMonitor] Epoch 17
  [DEBUG] Processed 20 batches from val_dataloader
  [DEBUG] Predictions shape after concat: (1280,)
  [DEBUG] All predictions list length: 20
  [DEBUG] First batch shape: (64,)
  Pred std: 0.021725, range: 0.171348, mean: 0.046448
  Pos: 97.1%, Neg: 2.9%, Unique: 1248
  Saved validation predictions to: experiments/01_staleness_features_fixed/sweep_stale_h20_drop0.35_lr5/collapse_monitoring/val_predictions_epoch17.npy
  Gradient norms:
    lstm_encoder: 0.005908
    lstm_decoder: 0.004270
    multihead_attn: 0.004313
    output_layer: 0.095540
  VSN output std:
    encoder: 0.120490
  Attention entropy: 2.989042
  Saved to: experiments/01_staleness_features_fixed/sweep_stale_h20_drop0.35_lr5/collapse_monitoring/collapse_monitor_epoch17.json
Epoch 18: val_loss=0.42126646637916565
Epoch 18: train_loss=0.4312557876110077

[CollapseMonitor] Epoch 18
  [DEBUG] Processed 20 batches from val_dataloader
  [DEBUG] Predictions shape after concat: (1280,)
  [DEBUG] All predictions list length: 20
  [DEBUG] First batch shape: (64,)
  Pred std: 0.017642, range: 0.148963, mean: 0.068316
  Pos: 98.0%, Neg: 2.0%, Unique: 1242
  Saved validation predictions to: experiments/01_staleness_features_fixed/sweep_stale_h20_drop0.35_lr5/collapse_monitoring/val_predictions_epoch18.npy
  Gradient norms:
    lstm_encoder: 0.007304
    lstm_decoder: 0.005049
    multihead_attn: 0.004267
    output_layer: 0.108747
  VSN output std:
    encoder: 0.119573
  Attention entropy: 2.990070
  Saved to: experiments/01_staleness_features_fixed/sweep_stale_h20_drop0.35_lr5/collapse_monitoring/collapse_monitor_epoch18.json
Epoch 19: val_loss=0.42098936438560486
Epoch 19: train_loss=0.4312558174133301

[CollapseMonitor] Epoch 19
  [DEBUG] Processed 20 batches from val_dataloader
  [DEBUG] Predictions shape after concat: (1280,)
  [DEBUG] All predictions list length: 20
  [DEBUG] First batch shape: (64,)
  Pred std: 0.016146, range: 0.133854, mean: 0.057129
  Pos: 98.0%, Neg: 2.0%, Unique: 1241
  Saved validation predictions to: experiments/01_staleness_features_fixed/sweep_stale_h20_drop0.35_lr5/collapse_monitoring/val_predictions_epoch19.npy
  Gradient norms:
    lstm_encoder: 0.007822
    lstm_decoder: 0.005280
    multihead_attn: 0.004076
    output_layer: 0.103696
  VSN output std:
    encoder: 0.115967
  Attention entropy: 2.990915
  Saved to: experiments/01_staleness_features_fixed/sweep_stale_h20_drop0.35_lr5/collapse_monitoring/collapse_monitor_epoch19.json
Epoch 20: val_loss=0.42010849714279175
Epoch 20: train_loss=0.42975276708602905

[CollapseMonitor] Epoch 20
  [DEBUG] Processed 20 batches from val_dataloader
  [DEBUG] Predictions shape after concat: (1280,)
  [DEBUG] All predictions list length: 20
  [DEBUG] First batch shape: (64,)
  Pred std: 0.017937, range: 0.151345, mean: 0.046835
  Pos: 97.8%, Neg: 2.2%, Unique: 1251
  Saved validation predictions to: experiments/01_staleness_features_fixed/sweep_stale_h20_drop0.35_lr5/collapse_monitoring/val_predictions_epoch20.npy
  Gradient norms:
    lstm_encoder: 0.008841
    lstm_decoder: 0.005773
    multihead_attn: 0.004140
    output_layer: 0.107177
  VSN output std:
    encoder: 0.116768
  Attention entropy: 2.990326
  Saved to: experiments/01_staleness_features_fixed/sweep_stale_h20_drop0.35_lr5/collapse_monitoring/collapse_monitor_epoch20.json
Epoch 21: val_loss=0.4209286570549011
Epoch 21: train_loss=0.4293457269668579

[CollapseMonitor] Epoch 21
  [DEBUG] Processed 20 batches from val_dataloader
  [DEBUG] Predictions shape after concat: (1280,)
  [DEBUG] All predictions list length: 20
  [DEBUG] First batch shape: (64,)
  Pred std: 0.015984, range: 0.141942, mean: 0.027450
  Pos: 97.7%, Neg: 2.3%, Unique: 1252
  Saved validation predictions to: experiments/01_staleness_features_fixed/sweep_stale_h20_drop0.35_lr5/collapse_monitoring/val_predictions_epoch21.npy
  Gradient norms:
    lstm_encoder: 0.009536
    lstm_decoder: 0.006229
    multihead_attn: 0.004056
    output_layer: 0.108901
  VSN output std:
    encoder: 0.117682
  Attention entropy: 2.990669
  Saved to: experiments/01_staleness_features_fixed/sweep_stale_h20_drop0.35_lr5/collapse_monitoring/collapse_monitor_epoch21.json
Epoch 22: val_loss=0.4195479452610016
Epoch 22: train_loss=0.42859166860580444

[CollapseMonitor] Epoch 22
  [DEBUG] Processed 20 batches from val_dataloader
  [DEBUG] Predictions shape after concat: (1280,)
  [DEBUG] All predictions list length: 20
  [DEBUG] First batch shape: (64,)
  Pred std: 0.017876, range: 0.148051, mean: 0.040112
  Pos: 97.5%, Neg: 2.5%, Unique: 1255
  Saved validation predictions to: experiments/01_staleness_features_fixed/sweep_stale_h20_drop0.35_lr5/collapse_monitoring/val_predictions_epoch22.npy
  Gradient norms:
    lstm_encoder: 0.009790
    lstm_decoder: 0.006288
    multihead_attn: 0.004029
    output_layer: 0.098005
  VSN output std:
    encoder: 0.116413
  Attention entropy: 2.990126
  Saved to: experiments/01_staleness_features_fixed/sweep_stale_h20_drop0.35_lr5/collapse_monitoring/collapse_monitor_epoch22.json
Epoch 23: val_loss=0.4176132082939148
Epoch 23: train_loss=0.4260719120502472

[CollapseMonitor] Epoch 23
  [DEBUG] Processed 20 batches from val_dataloader
  [DEBUG] Predictions shape after concat: (1280,)
  [DEBUG] All predictions list length: 20
  [DEBUG] First batch shape: (64,)
  Pred std: 0.015046, range: 0.140832, mean: 0.059894
  Pos: 98.1%, Neg: 1.9%, Unique: 1254
  Saved validation predictions to: experiments/01_staleness_features_fixed/sweep_stale_h20_drop0.35_lr5/collapse_monitoring/val_predictions_epoch23.npy
  Gradient norms:
    lstm_encoder: 0.009120
    lstm_decoder: 0.006436
    multihead_attn: 0.003619
    output_layer: 0.106347
  VSN output std:
    encoder: 0.114095
  Attention entropy: 2.988037
  Saved to: experiments/01_staleness_features_fixed/sweep_stale_h20_drop0.35_lr5/collapse_monitoring/collapse_monitor_epoch23.json
Epoch 24: val_loss=0.41886264085769653
Epoch 24: train_loss=0.4270126223564148

[CollapseMonitor] Epoch 24
  [DEBUG] Processed 20 batches from val_dataloader
  [DEBUG] Predictions shape after concat: (1280,)
  [DEBUG] All predictions list length: 20
  [DEBUG] First batch shape: (64,)
  Pred std: 0.012785, range: 0.129395, mean: 0.035918
  Pos: 98.0%, Neg: 2.0%, Unique: 1239
  Saved validation predictions to: experiments/01_staleness_features_fixed/sweep_stale_h20_drop0.35_lr5/collapse_monitoring/val_predictions_epoch24.npy
  Gradient norms:
    lstm_encoder: 0.009439
    lstm_decoder: 0.006576
    multihead_attn: 0.003757
    output_layer: 0.099378
  VSN output std:
    encoder: 0.117503
  Attention entropy: 2.989393
  Saved to: experiments/01_staleness_features_fixed/sweep_stale_h20_drop0.35_lr5/collapse_monitoring/collapse_monitor_epoch24.json
Epoch 25: val_loss=0.41654616594314575
Epoch 25: train_loss=0.42638880014419556

[CollapseMonitor] Epoch 25
  [DEBUG] Processed 20 batches from val_dataloader
  [DEBUG] Predictions shape after concat: (1280,)
  [DEBUG] All predictions list length: 20
  [DEBUG] First batch shape: (64,)
  Pred std: 0.011356, range: 0.120205, mean: 0.038404
  Pos: 99.0%, Neg: 1.0%, Unique: 1236
  Saved validation predictions to: experiments/01_staleness_features_fixed/sweep_stale_h20_drop0.35_lr5/collapse_monitoring/val_predictions_epoch25.npy
  Gradient norms:
    lstm_encoder: 0.010345
    lstm_decoder: 0.007150
    multihead_attn: 0.003687
    output_layer: 0.097955
  VSN output std:
    encoder: 0.115680
  Attention entropy: 2.988431
  Saved to: experiments/01_staleness_features_fixed/sweep_stale_h20_drop0.35_lr5/collapse_monitoring/collapse_monitor_epoch25.json
Epoch 26: val_loss=0.4150920808315277
Epoch 26: train_loss=0.42658594250679016

[CollapseMonitor] Epoch 26
  [DEBUG] Processed 20 batches from val_dataloader
  [DEBUG] Predictions shape after concat: (1280,)
  [DEBUG] All predictions list length: 20
  [DEBUG] First batch shape: (64,)
  Pred std: 0.010496, range: 0.117371, mean: 0.060749
  Pos: 99.8%, Neg: 0.2%, Unique: 1230
  Saved validation predictions to: experiments/01_staleness_features_fixed/sweep_stale_h20_drop0.35_lr5/collapse_monitoring/val_predictions_epoch26.npy
  Gradient norms:
    lstm_encoder: 0.009929
    lstm_decoder: 0.007030
    multihead_attn: 0.003577
    output_layer: 0.097963
  VSN output std:
    encoder: 0.119016
  Attention entropy: 2.988213
  Saved to: experiments/01_staleness_features_fixed/sweep_stale_h20_drop0.35_lr5/collapse_monitoring/collapse_monitor_epoch26.json
Epoch 27: val_loss=0.41598501801490784
Epoch 27: train_loss=0.426371306180954

[CollapseMonitor] Epoch 27
  [DEBUG] Processed 20 batches from val_dataloader
  [DEBUG] Predictions shape after concat: (1280,)
  [DEBUG] All predictions list length: 20
  [DEBUG] First batch shape: (64,)
  Pred std: 0.009986, range: 0.116121, mean: 0.048420
  Pos: 99.6%, Neg: 0.4%, Unique: 1234
  Saved validation predictions to: experiments/01_staleness_features_fixed/sweep_stale_h20_drop0.35_lr5/collapse_monitoring/val_predictions_epoch27.npy
  Gradient norms:
    lstm_encoder: 0.010492
    lstm_decoder: 0.007730
    multihead_attn: 0.003615
    output_layer: 0.100743
  VSN output std:
    encoder: 0.119480
  Attention entropy: 2.990245
  Saved to: experiments/01_staleness_features_fixed/sweep_stale_h20_drop0.35_lr5/collapse_monitoring/collapse_monitor_epoch27.json
Epoch 28: val_loss=0.41310033202171326
Epoch 28: train_loss=0.4262293577194214

[CollapseMonitor] Epoch 28
  [DEBUG] Processed 20 batches from val_dataloader
  [DEBUG] Predictions shape after concat: (1280,)
  [DEBUG] All predictions list length: 20
  [DEBUG] First batch shape: (64,)
  Pred std: 0.010574, range: 0.109252, mean: 0.036251
  Pos: 99.5%, Neg: 0.5%, Unique: 1240
  Saved validation predictions to: experiments/01_staleness_features_fixed/sweep_stale_h20_drop0.35_lr5/collapse_monitoring/val_predictions_epoch28.npy
  Gradient norms:
    lstm_encoder: 0.010869
    lstm_decoder: 0.007861
    multihead_attn: 0.003557
    output_layer: 0.109839
  VSN output std:
    encoder: 0.124428
  Attention entropy: 2.988438
  Saved to: experiments/01_staleness_features_fixed/sweep_stale_h20_drop0.35_lr5/collapse_monitoring/collapse_monitor_epoch28.json
Epoch 29: val_loss=0.4125709533691406
Epoch 29: train_loss=0.4254138767719269

[CollapseMonitor] Epoch 29
  [DEBUG] Processed 20 batches from val_dataloader
  [DEBUG] Predictions shape after concat: (1280,)
  [DEBUG] All predictions list length: 20
  [DEBUG] First batch shape: (64,)
  Pred std: 0.010776, range: 0.106580, mean: 0.064556
  Pos: 100.0%, Neg: 0.0%, Unique: 1257
  Saved validation predictions to: experiments/01_staleness_features_fixed/sweep_stale_h20_drop0.35_lr5/collapse_monitoring/val_predictions_epoch29.npy
  Gradient norms:
    lstm_encoder: 0.011346
    lstm_decoder: 0.008230
    multihead_attn: 0.003491
    output_layer: 0.103045
  VSN output std:
    encoder: 0.133538
  Attention entropy: 2.988216
  Saved to: experiments/01_staleness_features_fixed/sweep_stale_h20_drop0.35_lr5/collapse_monitoring/collapse_monitor_epoch29.json
Epoch 30: val_loss=0.4103046953678131
Epoch 30: train_loss=0.4250446856021881

[CollapseMonitor] Epoch 30
  [DEBUG] Processed 20 batches from val_dataloader
  [DEBUG] Predictions shape after concat: (1280,)
  [DEBUG] All predictions list length: 20
  [DEBUG] First batch shape: (64,)
  Pred std: 0.012435, range: 0.132483, mean: 0.057792
  Pos: 99.5%, Neg: 0.5%, Unique: 1235
  Saved validation predictions to: experiments/01_staleness_features_fixed/sweep_stale_h20_drop0.35_lr5/collapse_monitoring/val_predictions_epoch30.npy
  Gradient norms:
    lstm_encoder: 0.012851
    lstm_decoder: 0.009360
    multihead_attn: 0.003713
    output_layer: 0.111019
  VSN output std:
    encoder: 0.133422
  Attention entropy: 2.988057
  Saved to: experiments/01_staleness_features_fixed/sweep_stale_h20_drop0.35_lr5/collapse_monitoring/collapse_monitor_epoch30.json
Epoch 31: val_loss=0.41148504614830017
Epoch 31: train_loss=0.42462146282196045

[CollapseMonitor] Epoch 31
  [DEBUG] Processed 20 batches from val_dataloader
  [DEBUG] Predictions shape after concat: (1280,)
  [DEBUG] All predictions list length: 20
  [DEBUG] First batch shape: (64,)
  Pred std: 0.009689, range: 0.113161, mean: 0.046088
  Pos: 99.4%, Neg: 0.6%, Unique: 1241
  Saved validation predictions to: experiments/01_staleness_features_fixed/sweep_stale_h20_drop0.35_lr5/collapse_monitoring/val_predictions_epoch31.npy
  Gradient norms:
    lstm_encoder: 0.011614
    lstm_decoder: 0.008692
    multihead_attn: 0.003442
    output_layer: 0.106623
  VSN output std:
    encoder: 0.121619
  Attention entropy: 2.990203
  Saved to: experiments/01_staleness_features_fixed/sweep_stale_h20_drop0.35_lr5/collapse_monitoring/collapse_monitor_epoch31.json
Epoch 32: val_loss=0.4112420976161957
Epoch 32: train_loss=0.4247806966304779

[CollapseMonitor] Epoch 32
  [DEBUG] Processed 20 batches from val_dataloader
  [DEBUG] Predictions shape after concat: (1280,)
  [DEBUG] All predictions list length: 20
  [DEBUG] First batch shape: (64,)
  Pred std: 0.010442, range: 0.118390, mean: 0.067909
  Pos: 99.4%, Neg: 0.6%, Unique: 1228
  Saved validation predictions to: experiments/01_staleness_features_fixed/sweep_stale_h20_drop0.35_lr5/collapse_monitoring/val_predictions_epoch32.npy
  Gradient norms:
    lstm_encoder: 0.012428
    lstm_decoder: 0.008960
    multihead_attn: 0.003731
    output_layer: 0.108839
  VSN output std:
    encoder: 0.119912
  Attention entropy: 2.990313
  Saved to: experiments/01_staleness_features_fixed/sweep_stale_h20_drop0.35_lr5/collapse_monitoring/collapse_monitor_epoch32.json
Epoch 33: val_loss=0.4108567237854004
Epoch 33: train_loss=0.4235824942588806

[CollapseMonitor] Epoch 33
  [DEBUG] Processed 20 batches from val_dataloader
  [DEBUG] Predictions shape after concat: (1280,)
  [DEBUG] All predictions list length: 20
  [DEBUG] First batch shape: (64,)
  Pred std: 0.010094, range: 0.097956, mean: 0.063103
  Pos: 100.0%, Neg: 0.0%, Unique: 1222
  Saved validation predictions to: experiments/01_staleness_features_fixed/sweep_stale_h20_drop0.35_lr5/collapse_monitoring/val_predictions_epoch33.npy
  Gradient norms:
    lstm_encoder: 0.012486
    lstm_decoder: 0.009356
    multihead_attn: 0.003471
    output_layer: 0.100435
  VSN output std:
    encoder: 0.122566
  Attention entropy: 2.989970
  Saved to: experiments/01_staleness_features_fixed/sweep_stale_h20_drop0.35_lr5/collapse_monitoring/collapse_monitor_epoch33.json
Epoch 34: val_loss=0.4089908003807068
Epoch 34: train_loss=0.42451900243759155

[CollapseMonitor] Epoch 34
  [DEBUG] Processed 20 batches from val_dataloader
  [DEBUG] Predictions shape after concat: (1280,)
  [DEBUG] All predictions list length: 20
  [DEBUG] First batch shape: (64,)
  Pred std: 0.019621, range: 0.139874, mean: 0.079934
  Pos: 100.0%, Neg: 0.0%, Unique: 1234
  Saved validation predictions to: experiments/01_staleness_features_fixed/sweep_stale_h20_drop0.35_lr5/collapse_monitoring/val_predictions_epoch34.npy
  Gradient norms:
    lstm_encoder: 0.013341
    lstm_decoder: 0.009910
    multihead_attn: 0.003431
    output_layer: 0.107498
  VSN output std:
    encoder: 0.122458
  Attention entropy: 2.987761
  Saved to: experiments/01_staleness_features_fixed/sweep_stale_h20_drop0.35_lr5/collapse_monitoring/collapse_monitor_epoch34.json
Epoch 35: val_loss=0.40991050004959106
Epoch 35: train_loss=0.42440876364707947

[CollapseMonitor] Epoch 35
  [DEBUG] Processed 20 batches from val_dataloader
  [DEBUG] Predictions shape after concat: (1280,)
  [DEBUG] All predictions list length: 20
  [DEBUG] First batch shape: (64,)
  Pred std: 0.012554, range: 0.107446, mean: 0.033377
  Pos: 100.0%, Neg: 0.0%, Unique: 1181
  Saved validation predictions to: experiments/01_staleness_features_fixed/sweep_stale_h20_drop0.35_lr5/collapse_monitoring/val_predictions_epoch35.npy
  Gradient norms:
    lstm_encoder: 0.013294
    lstm_decoder: 0.010112
    multihead_attn: 0.003449
    output_layer: 0.100706
  VSN output std:
    encoder: 0.118034
  Attention entropy: 2.990211
  Saved to: experiments/01_staleness_features_fixed/sweep_stale_h20_drop0.35_lr5/collapse_monitoring/collapse_monitor_epoch35.json
Epoch 36: val_loss=0.4072144627571106
Epoch 36: train_loss=0.4231712222099304

[CollapseMonitor] Epoch 36
  [DEBUG] Processed 20 batches from val_dataloader
  [DEBUG] Predictions shape after concat: (1280,)
  [DEBUG] All predictions list length: 20
  [DEBUG] First batch shape: (64,)
  Pred std: 0.012066, range: 0.105262, mean: 0.048225
  Pos: 100.0%, Neg: 0.0%, Unique: 1232
  Saved validation predictions to: experiments/01_staleness_features_fixed/sweep_stale_h20_drop0.35_lr5/collapse_monitoring/val_predictions_epoch36.npy
  Gradient norms:
    lstm_encoder: 0.014560
    lstm_decoder: 0.010715
    multihead_attn: 0.003190
    output_layer: 0.115293
  VSN output std:
    encoder: 0.118263
  Attention entropy: 2.989202
  Saved to: experiments/01_staleness_features_fixed/sweep_stale_h20_drop0.35_lr5/collapse_monitoring/collapse_monitor_epoch36.json
Epoch 37: val_loss=0.40749818086624146
Epoch 37: train_loss=0.4234636723995209

[CollapseMonitor] Epoch 37
  [DEBUG] Processed 20 batches from val_dataloader
  [DEBUG] Predictions shape after concat: (1280,)
  [DEBUG] All predictions list length: 20
  [DEBUG] First batch shape: (64,)
  Pred std: 0.011646, range: 0.111824, mean: 0.066373
  Pos: 100.0%, Neg: 0.0%, Unique: 1231
  Saved validation predictions to: experiments/01_staleness_features_fixed/sweep_stale_h20_drop0.35_lr5/collapse_monitoring/val_predictions_epoch37.npy
  Gradient norms:
    lstm_encoder: 0.014347
    lstm_decoder: 0.010615
    multihead_attn: 0.003309
    output_layer: 0.107263
  VSN output std:
    encoder: 0.122545
  Attention entropy: 2.989619
  Saved to: experiments/01_staleness_features_fixed/sweep_stale_h20_drop0.35_lr5/collapse_monitoring/collapse_monitor_epoch37.json
Epoch 38: val_loss=0.4068536162376404
Epoch 38: train_loss=0.4227272570133209

[CollapseMonitor] Epoch 38
  [DEBUG] Processed 20 batches from val_dataloader
  [DEBUG] Predictions shape after concat: (1280,)
  [DEBUG] All predictions list length: 20
  [DEBUG] First batch shape: (64,)
  Pred std: 0.010795, range: 0.105791, mean: 0.076312
  Pos: 100.0%, Neg: 0.0%, Unique: 1196
  Saved validation predictions to: experiments/01_staleness_features_fixed/sweep_stale_h20_drop0.35_lr5/collapse_monitoring/val_predictions_epoch38.npy
  Gradient norms:
    lstm_encoder: 0.014810
    lstm_decoder: 0.010909
    multihead_attn: 0.003184
    output_layer: 0.109529
  VSN output std:
    encoder: 0.123423
  Attention entropy: 2.990172
  Saved to: experiments/01_staleness_features_fixed/sweep_stale_h20_drop0.35_lr5/collapse_monitoring/collapse_monitor_epoch38.json
Epoch 39: val_loss=0.40649309754371643
Epoch 39: train_loss=0.4235823154449463

[CollapseMonitor] Epoch 39
  [DEBUG] Processed 20 batches from val_dataloader
  [DEBUG] Predictions shape after concat: (1280,)
  [DEBUG] All predictions list length: 20
  [DEBUG] First batch shape: (64,)
  Pred std: 0.009828, range: 0.099208, mean: 0.037924
  Pos: 100.0%, Neg: 0.0%, Unique: 1174
  Saved validation predictions to: experiments/01_staleness_features_fixed/sweep_stale_h20_drop0.35_lr5/collapse_monitoring/val_predictions_epoch39.npy
  Gradient norms:
    lstm_encoder: 0.013953
    lstm_decoder: 0.010523
    multihead_attn: 0.003235
    output_layer: 0.107240
  VSN output std:
    encoder: 0.125445
  Attention entropy: 2.987384
  Saved to: experiments/01_staleness_features_fixed/sweep_stale_h20_drop0.35_lr5/collapse_monitoring/collapse_monitor_epoch39.json
Epoch 40: val_loss=0.405198335647583
Epoch 40: train_loss=0.4229559898376465

[CollapseMonitor] Epoch 40
  [DEBUG] Processed 20 batches from val_dataloader
  [DEBUG] Predictions shape after concat: (1280,)
  [DEBUG] All predictions list length: 20
  [DEBUG] First batch shape: (64,)
  Pred std: 0.012415, range: 0.111247, mean: 0.057624
  Pos: 100.0%, Neg: 0.0%, Unique: 1176
  Saved validation predictions to: experiments/01_staleness_features_fixed/sweep_stale_h20_drop0.35_lr5/collapse_monitoring/val_predictions_epoch40.npy
  Gradient norms:
    lstm_encoder: 0.013768
    lstm_decoder: 0.010563
    multihead_attn: 0.003032
    output_layer: 0.105862
  VSN output std:
    encoder: 0.125451
  Attention entropy: 2.983240
  Saved to: experiments/01_staleness_features_fixed/sweep_stale_h20_drop0.35_lr5/collapse_monitoring/collapse_monitor_epoch40.json
Epoch 41: val_loss=0.4071332812309265
Epoch 41: train_loss=0.42295435070991516

[CollapseMonitor] Epoch 41
  [DEBUG] Processed 20 batches from val_dataloader
  [DEBUG] Predictions shape after concat: (1280,)
  [DEBUG] All predictions list length: 20
  [DEBUG] First batch shape: (64,)
  Pred std: 0.012020, range: 0.103527, mean: 0.032024
  Pos: 100.0%, Neg: 0.0%, Unique: 1169
  Saved validation predictions to: experiments/01_staleness_features_fixed/sweep_stale_h20_drop0.35_lr5/collapse_monitoring/val_predictions_epoch41.npy
  Gradient norms:
    lstm_encoder: 0.015037
    lstm_decoder: 0.011304
    multihead_attn: 0.003141
    output_layer: 0.108357
  VSN output std:
    encoder: 0.121497
  Attention entropy: 2.986652
  Saved to: experiments/01_staleness_features_fixed/sweep_stale_h20_drop0.35_lr5/collapse_monitoring/collapse_monitor_epoch41.json
Epoch 42: val_loss=0.4026504456996918
Epoch 42: train_loss=0.4220221936702728

[CollapseMonitor] Epoch 42
  [DEBUG] Processed 20 batches from val_dataloader
  [DEBUG] Predictions shape after concat: (1280,)
  [DEBUG] All predictions list length: 20
  [DEBUG] First batch shape: (64,)
  Pred std: 0.021597, range: 0.144198, mean: 0.048923
  Pos: 100.0%, Neg: 0.0%, Unique: 1195
  Saved validation predictions to: experiments/01_staleness_features_fixed/sweep_stale_h20_drop0.35_lr5/collapse_monitoring/val_predictions_epoch42.npy
  Gradient norms:
    lstm_encoder: 0.014342
    lstm_decoder: 0.011515
    multihead_attn: 0.003002
    output_layer: 0.102151
  VSN output std:
    encoder: 0.123434
  Attention entropy: 2.981065
  Saved to: experiments/01_staleness_features_fixed/sweep_stale_h20_drop0.35_lr5/collapse_monitoring/collapse_monitor_epoch42.json
Epoch 43: val_loss=0.40355387330055237
Epoch 43: train_loss=0.4228775203227997

[CollapseMonitor] Epoch 43
  [DEBUG] Processed 20 batches from val_dataloader
  [DEBUG] Predictions shape after concat: (1280,)
  [DEBUG] All predictions list length: 20
  [DEBUG] First batch shape: (64,)
  Pred std: 0.020023, range: 0.142283, mean: 0.047647
  Pos: 100.0%, Neg: 0.0%, Unique: 1171
  Saved validation predictions to: experiments/01_staleness_features_fixed/sweep_stale_h20_drop0.35_lr5/collapse_monitoring/val_predictions_epoch43.npy
  Gradient norms:
    lstm_encoder: 0.015382
    lstm_decoder: 0.011612
    multihead_attn: 0.003310
    output_layer: 0.103149
  VSN output std:
    encoder: 0.120016
  Attention entropy: 2.985167
  Saved to: experiments/01_staleness_features_fixed/sweep_stale_h20_drop0.35_lr5/collapse_monitoring/collapse_monitor_epoch43.json
Epoch 44: val_loss=0.40301305055618286
Epoch 44: train_loss=0.4216116666793823

[CollapseMonitor] Epoch 44
  [DEBUG] Processed 20 batches from val_dataloader
  [DEBUG] Predictions shape after concat: (1280,)
  [DEBUG] All predictions list length: 20
  [DEBUG] First batch shape: (64,)
  Pred std: 0.013650, range: 0.123127, mean: 0.074386
  Pos: 100.0%, Neg: 0.0%, Unique: 1194
  Saved validation predictions to: experiments/01_staleness_features_fixed/sweep_stale_h20_drop0.35_lr5/collapse_monitoring/val_predictions_epoch44.npy
  Gradient norms:
    lstm_encoder: 0.014835
    lstm_decoder: 0.012040
    multihead_attn: 0.003021
    output_layer: 0.105569
  VSN output std:
    encoder: 0.126419
  Attention entropy: 2.980827
  Saved to: experiments/01_staleness_features_fixed/sweep_stale_h20_drop0.35_lr5/collapse_monitoring/collapse_monitor_epoch44.json
Epoch 45: val_loss=0.4047010540962219
Epoch 45: train_loss=0.42140454053878784

[CollapseMonitor] Epoch 45
  [DEBUG] Processed 20 batches from val_dataloader
  [DEBUG] Predictions shape after concat: (1280,)
  [DEBUG] All predictions list length: 20
  [DEBUG] First batch shape: (64,)
  Pred std: 0.018785, range: 0.149131, mean: 0.057660
  Pos: 100.0%, Neg: 0.0%, Unique: 1229
  Saved validation predictions to: experiments/01_staleness_features_fixed/sweep_stale_h20_drop0.35_lr5/collapse_monitoring/val_predictions_epoch45.npy
  Gradient norms:
    lstm_encoder: 0.015170
    lstm_decoder: 0.012019
    multihead_attn: 0.003090
    output_layer: 0.107987
  VSN output std:
    encoder: 0.121806
  Attention entropy: 2.984423
  Saved to: experiments/01_staleness_features_fixed/sweep_stale_h20_drop0.35_lr5/collapse_monitoring/collapse_monitor_epoch45.json
Epoch 46: val_loss=0.4022595286369324
Epoch 46: train_loss=0.42146381735801697

[CollapseMonitor] Epoch 46
  [DEBUG] Processed 20 batches from val_dataloader
  [DEBUG] Predictions shape after concat: (1280,)
  [DEBUG] All predictions list length: 20
  [DEBUG] First batch shape: (64,)
  Pred std: 0.016656, range: 0.142020, mean: 0.053858
  Pos: 100.0%, Neg: 0.0%, Unique: 1200
  Saved validation predictions to: experiments/01_staleness_features_fixed/sweep_stale_h20_drop0.35_lr5/collapse_monitoring/val_predictions_epoch46.npy
  Gradient norms:
    lstm_encoder: 0.015505
    lstm_decoder: 0.012493
    multihead_attn: 0.002949
    output_layer: 0.097834
  VSN output std:
    encoder: 0.122552
  Attention entropy: 2.979917
  Saved to: experiments/01_staleness_features_fixed/sweep_stale_h20_drop0.35_lr5/collapse_monitoring/collapse_monitor_epoch46.json
Epoch 47: val_loss=0.40289098024368286
Epoch 47: train_loss=0.42289644479751587

[CollapseMonitor] Epoch 47
  [DEBUG] Processed 20 batches from val_dataloader
  [DEBUG] Predictions shape after concat: (1280,)
  [DEBUG] All predictions list length: 20
  [DEBUG] First batch shape: (64,)
  Pred std: 0.018862, range: 0.150974, mean: 0.073477
  Pos: 100.0%, Neg: 0.0%, Unique: 1242
  Saved validation predictions to: experiments/01_staleness_features_fixed/sweep_stale_h20_drop0.35_lr5/collapse_monitoring/val_predictions_epoch47.npy
  Gradient norms:
    lstm_encoder: 0.016087
    lstm_decoder: 0.012242
    multihead_attn: 0.002983
    output_layer: 0.110019
  VSN output std:
    encoder: 0.125683
  Attention entropy: 2.978158
  Saved to: experiments/01_staleness_features_fixed/sweep_stale_h20_drop0.35_lr5/collapse_monitoring/collapse_monitor_epoch47.json
Epoch 48: val_loss=0.4029381275177002
Epoch 48: train_loss=0.4214390218257904

[CollapseMonitor] Epoch 48
  [DEBUG] Processed 20 batches from val_dataloader
  [DEBUG] Predictions shape after concat: (1280,)
  [DEBUG] All predictions list length: 20
  [DEBUG] First batch shape: (64,)
  Pred std: 0.014410, range: 0.121788, mean: 0.060076
  Pos: 100.0%, Neg: 0.0%, Unique: 1211
  Saved validation predictions to: experiments/01_staleness_features_fixed/sweep_stale_h20_drop0.35_lr5/collapse_monitoring/val_predictions_epoch48.npy
  Gradient norms:
    lstm_encoder: 0.016687
    lstm_decoder: 0.012992
    multihead_attn: 0.003052
    output_layer: 0.113956
  VSN output std:
    encoder: 0.124508
  Attention entropy: 2.981236
  Saved to: experiments/01_staleness_features_fixed/sweep_stale_h20_drop0.35_lr5/collapse_monitoring/collapse_monitor_epoch48.json
Epoch 49: val_loss=0.40268397331237793
Epoch 49: train_loss=0.4219493567943573

[CollapseMonitor] Epoch 49
  [DEBUG] Processed 20 batches from val_dataloader
  [DEBUG] Predictions shape after concat: (1280,)
  [DEBUG] All predictions list length: 20
  [DEBUG] First batch shape: (64,)
  Pred std: 0.014709, range: 0.124093, mean: 0.065100
  Pos: 100.0%, Neg: 0.0%, Unique: 1212
  Saved validation predictions to: experiments/01_staleness_features_fixed/sweep_stale_h20_drop0.35_lr5/collapse_monitoring/val_predictions_epoch49.npy
  Gradient norms:
    lstm_encoder: 0.017116
    lstm_decoder: 0.012837
    multihead_attn: 0.002974
    output_layer: 0.102990
  VSN output std:
    encoder: 0.124246
  Attention entropy: 2.983058
  Saved to: experiments/01_staleness_features_fixed/sweep_stale_h20_drop0.35_lr5/collapse_monitoring/collapse_monitor_epoch49.json
Epoch 50: val_loss=0.4025522768497467
Epoch 50: train_loss=0.4206854999065399

[CollapseMonitor] Epoch 50
  [DEBUG] Processed 20 batches from val_dataloader
  [DEBUG] Predictions shape after concat: (1280,)
  [DEBUG] All predictions list length: 20
  [DEBUG] First batch shape: (64,)
  Pred std: 0.017720, range: 0.141418, mean: 0.050640
  Pos: 100.0%, Neg: 0.0%, Unique: 1221
  Saved validation predictions to: experiments/01_staleness_features_fixed/sweep_stale_h20_drop0.35_lr5/collapse_monitoring/val_predictions_epoch50.npy
  Gradient norms:
    lstm_encoder: 0.018333
    lstm_decoder: 0.013973
    multihead_attn: 0.003092
    output_layer: 0.107009
  VSN output std:
    encoder: 0.119226
  Attention entropy: 2.982676
  Saved to: experiments/01_staleness_features_fixed/sweep_stale_h20_drop0.35_lr5/collapse_monitoring/collapse_monitor_epoch50.json
Epoch 51: val_loss=0.4024169445037842
Epoch 51: train_loss=0.42070692777633667

[CollapseMonitor] Epoch 51
  [DEBUG] Processed 20 batches from val_dataloader
  [DEBUG] Predictions shape after concat: (1280,)
  [DEBUG] All predictions list length: 20
  [DEBUG] First batch shape: (64,)
  Pred std: 0.027393, range: 0.201128, mean: 0.040764
  Pos: 100.0%, Neg: 0.0%, Unique: 1252
  Saved validation predictions to: experiments/01_staleness_features_fixed/sweep_stale_h20_drop0.35_lr5/collapse_monitoring/val_predictions_epoch51.npy
  Gradient norms:
    lstm_encoder: 0.017024
    lstm_decoder: 0.012850
    multihead_attn: 0.003182
    output_layer: 0.104307
  VSN output std:
    encoder: 0.123763
  Attention entropy: 2.980196
  Saved to: experiments/01_staleness_features_fixed/sweep_stale_h20_drop0.35_lr5/collapse_monitoring/collapse_monitor_epoch51.json
Epoch 52: val_loss=0.40128499269485474
Epoch 52: train_loss=0.4208087623119354

[CollapseMonitor] Epoch 52
  [DEBUG] Processed 20 batches from val_dataloader
  [DEBUG] Predictions shape after concat: (1280,)
  [DEBUG] All predictions list length: 20
  [DEBUG] First batch shape: (64,)
  Pred std: 0.025814, range: 0.190966, mean: 0.068509
  Pos: 100.0%, Neg: 0.0%, Unique: 1257
  Saved validation predictions to: experiments/01_staleness_features_fixed/sweep_stale_h20_drop0.35_lr5/collapse_monitoring/val_predictions_epoch52.npy
  Gradient norms:
    lstm_encoder: 0.016820
    lstm_decoder: 0.012200
    multihead_attn: 0.002864
    output_layer: 0.100027
  VSN output std:
    encoder: 0.126689
  Attention entropy: 2.977422
  Saved to: experiments/01_staleness_features_fixed/sweep_stale_h20_drop0.35_lr5/collapse_monitoring/collapse_monitor_epoch52.json
Epoch 53: val_loss=0.4014381468296051
Epoch 53: train_loss=0.421455979347229

[CollapseMonitor] Epoch 53
  [DEBUG] Processed 20 batches from val_dataloader
  [DEBUG] Predictions shape after concat: (1280,)
  [DEBUG] All predictions list length: 20
  [DEBUG] First batch shape: (64,)
  Pred std: 0.024989, range: 0.186246, mean: 0.058948
  Pos: 100.0%, Neg: 0.0%, Unique: 1248
  Saved validation predictions to: experiments/01_staleness_features_fixed/sweep_stale_h20_drop0.35_lr5/collapse_monitoring/val_predictions_epoch53.npy
  Gradient norms:
    lstm_encoder: 0.017352
    lstm_decoder: 0.012060
    multihead_attn: 0.002728
    output_layer: 0.098563
  VSN output std:
    encoder: 0.124370
  Attention entropy: 2.979426
  Saved to: experiments/01_staleness_features_fixed/sweep_stale_h20_drop0.35_lr5/collapse_monitoring/collapse_monitor_epoch53.json
Epoch 54: val_loss=0.4010796546936035
Epoch 54: train_loss=0.4213429391384125

[CollapseMonitor] Epoch 54
  [DEBUG] Processed 20 batches from val_dataloader
  [DEBUG] Predictions shape after concat: (1280,)
  [DEBUG] All predictions list length: 20
  [DEBUG] First batch shape: (64,)
  Pred std: 0.025918, range: 0.194989, mean: 0.064705
  Pos: 100.0%, Neg: 0.0%, Unique: 1249
  Saved validation predictions to: experiments/01_staleness_features_fixed/sweep_stale_h20_drop0.35_lr5/collapse_monitoring/val_predictions_epoch54.npy
  Gradient norms:
    lstm_encoder: 0.018729
    lstm_decoder: 0.013367
    multihead_attn: 0.002856
    output_layer: 0.102571
  VSN output std:
    encoder: 0.125565
  Attention entropy: 2.979115
  Saved to: experiments/01_staleness_features_fixed/sweep_stale_h20_drop0.35_lr5/collapse_monitoring/collapse_monitor_epoch54.json
Epoch 55: val_loss=0.402301549911499
Epoch 55: train_loss=0.4209926724433899

[CollapseMonitor] Epoch 55
  [DEBUG] Processed 20 batches from val_dataloader
  [DEBUG] Predictions shape after concat: (1280,)
  [DEBUG] All predictions list length: 20
  [DEBUG] First batch shape: (64,)
  Pred std: 0.023293, range: 0.181044, mean: 0.059099
  Pos: 100.0%, Neg: 0.0%, Unique: 1239
  Saved validation predictions to: experiments/01_staleness_features_fixed/sweep_stale_h20_drop0.35_lr5/collapse_monitoring/val_predictions_epoch55.npy
  Gradient norms:
    lstm_encoder: 0.018964
    lstm_decoder: 0.013607
    multihead_attn: 0.002988
    output_layer: 0.104810
  VSN output std:
    encoder: 0.123249
  Attention entropy: 2.981719
  Saved to: experiments/01_staleness_features_fixed/sweep_stale_h20_drop0.35_lr5/collapse_monitoring/collapse_monitor_epoch55.json
Epoch 56: val_loss=0.4019075334072113
Epoch 56: train_loss=0.4213726818561554

[CollapseMonitor] Epoch 56
  [DEBUG] Processed 20 batches from val_dataloader
  [DEBUG] Predictions shape after concat: (1280,)
  [DEBUG] All predictions list length: 20
  [DEBUG] First batch shape: (64,)
  Pred std: 0.021962, range: 0.172676, mean: 0.079948
  Pos: 100.0%, Neg: 0.0%, Unique: 1240
  Saved validation predictions to: experiments/01_staleness_features_fixed/sweep_stale_h20_drop0.35_lr5/collapse_monitoring/val_predictions_epoch56.npy
  Gradient norms:
    lstm_encoder: 0.019182
    lstm_decoder: 0.013898
    multihead_attn: 0.002991
    output_layer: 0.103693
  VSN output std:
    encoder: 0.123977
  Attention entropy: 2.981907
  Saved to: experiments/01_staleness_features_fixed/sweep_stale_h20_drop0.35_lr5/collapse_monitoring/collapse_monitor_epoch56.json
Epoch 57: val_loss=0.4004054069519043
Epoch 57: train_loss=0.420376718044281

[CollapseMonitor] Epoch 57
  [DEBUG] Processed 20 batches from val_dataloader
  [DEBUG] Predictions shape after concat: (1280,)
  [DEBUG] All predictions list length: 20
  [DEBUG] First batch shape: (64,)
  Pred std: 0.025401, range: 0.189272, mean: 0.056581
  Pos: 100.0%, Neg: 0.0%, Unique: 1248
  Saved validation predictions to: experiments/01_staleness_features_fixed/sweep_stale_h20_drop0.35_lr5/collapse_monitoring/val_predictions_epoch57.npy
  Gradient norms:
    lstm_encoder: 0.020094
    lstm_decoder: 0.014092
    multihead_attn: 0.003041
    output_layer: 0.106326
  VSN output std:
    encoder: 0.122751
  Attention entropy: 2.980285
  Saved to: experiments/01_staleness_features_fixed/sweep_stale_h20_drop0.35_lr5/collapse_monitoring/collapse_monitor_epoch57.json
Epoch 58: val_loss=0.4008159637451172
Epoch 58: train_loss=0.4214141070842743

[CollapseMonitor] Epoch 58
  [DEBUG] Processed 20 batches from val_dataloader
  [DEBUG] Predictions shape after concat: (1280,)
  [DEBUG] All predictions list length: 20
  [DEBUG] First batch shape: (64,)
  Pred std: 0.025863, range: 0.194233, mean: 0.076620
  Pos: 100.0%, Neg: 0.0%, Unique: 1248
  Saved validation predictions to: experiments/01_staleness_features_fixed/sweep_stale_h20_drop0.35_lr5/collapse_monitoring/val_predictions_epoch58.npy
  Gradient norms:
    lstm_encoder: 0.019209
    lstm_decoder: 0.013905
    multihead_attn: 0.003140
    output_layer: 0.101546
  VSN output std:
    encoder: 0.124613
  Attention entropy: 2.980118
  Saved to: experiments/01_staleness_features_fixed/sweep_stale_h20_drop0.35_lr5/collapse_monitoring/collapse_monitor_epoch58.json
Epoch 59: val_loss=0.40142083168029785
Epoch 59: train_loss=0.4199211299419403

[CollapseMonitor] Epoch 59
  [DEBUG] Processed 20 batches from val_dataloader
  [DEBUG] Predictions shape after concat: (1280,)
  [DEBUG] All predictions list length: 20
  [DEBUG] First batch shape: (64,)
  Pred std: 0.026429, range: 0.201063, mean: 0.059641
  Pos: 100.0%, Neg: 0.0%, Unique: 1248
  Saved validation predictions to: experiments/01_staleness_features_fixed/sweep_stale_h20_drop0.35_lr5/collapse_monitoring/val_predictions_epoch59.npy
  Gradient norms:
    lstm_encoder: 0.018912
    lstm_decoder: 0.013501
    multihead_attn: 0.003059
    output_layer: 0.103019
  VSN output std:
    encoder: 0.122992
  Attention entropy: 2.980444
  Saved to: experiments/01_staleness_features_fixed/sweep_stale_h20_drop0.35_lr5/collapse_monitoring/collapse_monitor_epoch59.json
Epoch 60: val_loss=0.40001344680786133
Epoch 60: train_loss=0.4199382960796356

[CollapseMonitor] Epoch 60
  [DEBUG] Processed 20 batches from val_dataloader
  [DEBUG] Predictions shape after concat: (1280,)
  [DEBUG] All predictions list length: 20
  [DEBUG] First batch shape: (64,)
  Pred std: 0.026585, range: 0.201960, mean: 0.054607
  Pos: 100.0%, Neg: 0.0%, Unique: 1245
  Saved validation predictions to: experiments/01_staleness_features_fixed/sweep_stale_h20_drop0.35_lr5/collapse_monitoring/val_predictions_epoch60.npy
  Gradient norms:
    lstm_encoder: 0.020541
    lstm_decoder: 0.014453
    multihead_attn: 0.002814
    output_layer: 0.101888
  VSN output std:
    encoder: 0.124840
  Attention entropy: 2.978446
  Saved to: experiments/01_staleness_features_fixed/sweep_stale_h20_drop0.35_lr5/collapse_monitoring/collapse_monitor_epoch60.json
Epoch 61: val_loss=0.4016970992088318
Epoch 61: train_loss=0.4208970069885254

[CollapseMonitor] Epoch 61
  [DEBUG] Processed 20 batches from val_dataloader
  [DEBUG] Predictions shape after concat: (1280,)
  [DEBUG] All predictions list length: 20
  [DEBUG] First batch shape: (64,)
  Pred std: 0.022218, range: 0.180597, mean: 0.074839
  Pos: 100.0%, Neg: 0.0%, Unique: 1241
  Saved validation predictions to: experiments/01_staleness_features_fixed/sweep_stale_h20_drop0.35_lr5/collapse_monitoring/val_predictions_epoch61.npy
  Gradient norms:
    lstm_encoder: 0.019813
    lstm_decoder: 0.014012
    multihead_attn: 0.002849
    output_layer: 0.103428
  VSN output std:
    encoder: 0.124659
  Attention entropy: 2.980665
  Saved to: experiments/01_staleness_features_fixed/sweep_stale_h20_drop0.35_lr5/collapse_monitoring/collapse_monitor_epoch61.json
Epoch 62: val_loss=0.4010257124900818
Epoch 62: train_loss=0.4211411476135254

[CollapseMonitor] Epoch 62
  [DEBUG] Processed 20 batches from val_dataloader
  [DEBUG] Predictions shape after concat: (1280,)
  [DEBUG] All predictions list length: 20
  [DEBUG] First batch shape: (64,)
  Pred std: 0.023719, range: 0.188228, mean: 0.057514
  Pos: 100.0%, Neg: 0.0%, Unique: 1245
  Saved validation predictions to: experiments/01_staleness_features_fixed/sweep_stale_h20_drop0.35_lr5/collapse_monitoring/val_predictions_epoch62.npy
  Gradient norms:
    lstm_encoder: 0.021510
    lstm_decoder: 0.014982
    multihead_attn: 0.002984
    output_layer: 0.102884
  VSN output std:
    encoder: 0.122688
  Attention entropy: 2.980638
  Saved to: experiments/01_staleness_features_fixed/sweep_stale_h20_drop0.35_lr5/collapse_monitoring/collapse_monitor_epoch62.json
Epoch 63: val_loss=0.40049877762794495
Epoch 63: train_loss=0.42110127210617065

[CollapseMonitor] Epoch 63
  [DEBUG] Processed 20 batches from val_dataloader
  [DEBUG] Predictions shape after concat: (1280,)
  [DEBUG] All predictions list length: 20
  [DEBUG] First batch shape: (64,)
  Pred std: 0.027604, range: 0.212381, mean: 0.061488
  Pos: 100.0%, Neg: 0.0%, Unique: 1230
  Saved validation predictions to: experiments/01_staleness_features_fixed/sweep_stale_h20_drop0.35_lr5/collapse_monitoring/val_predictions_epoch63.npy
  Gradient norms:
    lstm_encoder: 0.021237
    lstm_decoder: 0.014939
    multihead_attn: 0.002909
    output_layer: 0.105703
  VSN output std:
    encoder: 0.122190
  Attention entropy: 2.981251
  Saved to: experiments/01_staleness_features_fixed/sweep_stale_h20_drop0.35_lr5/collapse_monitoring/collapse_monitor_epoch63.json
Epoch 64: val_loss=0.4021521508693695
Epoch 64: train_loss=0.4191834330558777

[CollapseMonitor] Epoch 64
  [DEBUG] Processed 20 batches from val_dataloader
  [DEBUG] Predictions shape after concat: (1280,)
  [DEBUG] All predictions list length: 20
  [DEBUG] First batch shape: (64,)
  Pred std: 0.027978, range: 0.215925, mean: 0.057787
  Pos: 100.0%, Neg: 0.0%, Unique: 1243
  Saved validation predictions to: experiments/01_staleness_features_fixed/sweep_stale_h20_drop0.35_lr5/collapse_monitoring/val_predictions_epoch64.npy
  Gradient norms:
    lstm_encoder: 0.021604
    lstm_decoder: 0.014957
    multihead_attn: 0.003095
    output_layer: 0.100239
  VSN output std:
    encoder: 0.123367
  Attention entropy: 2.982732
  Saved to: experiments/01_staleness_features_fixed/sweep_stale_h20_drop0.35_lr5/collapse_monitoring/collapse_monitor_epoch64.json
Epoch 65: val_loss=0.40052956342697144
Epoch 65: train_loss=0.4205659031867981

[CollapseMonitor] Epoch 65
  [DEBUG] Processed 20 batches from val_dataloader
  [DEBUG] Predictions shape after concat: (1280,)
  [DEBUG] All predictions list length: 20
  [DEBUG] First batch shape: (64,)
  Pred std: 0.027842, range: 0.217078, mean: 0.049597
  Pos: 100.0%, Neg: 0.0%, Unique: 1239
  Saved validation predictions to: experiments/01_staleness_features_fixed/sweep_stale_h20_drop0.35_lr5/collapse_monitoring/val_predictions_epoch65.npy
  Gradient norms:
    lstm_encoder: 0.022644
    lstm_decoder: 0.015524
    multihead_attn: 0.003287
    output_layer: 0.106754
  VSN output std:
    encoder: 0.122643
  Attention entropy: 2.980280
  Saved to: experiments/01_staleness_features_fixed/sweep_stale_h20_drop0.35_lr5/collapse_monitoring/collapse_monitor_epoch65.json
Epoch 66: val_loss=0.40131497383117676
Epoch 66: train_loss=0.4199826717376709

[CollapseMonitor] Epoch 66
  [DEBUG] Processed 20 batches from val_dataloader
  [DEBUG] Predictions shape after concat: (1280,)
  [DEBUG] All predictions list length: 20
  [DEBUG] First batch shape: (64,)
  Pred std: 0.025237, range: 0.198352, mean: 0.060905
  Pos: 100.0%, Neg: 0.0%, Unique: 1244
  Saved validation predictions to: experiments/01_staleness_features_fixed/sweep_stale_h20_drop0.35_lr5/collapse_monitoring/val_predictions_epoch66.npy
  Gradient norms:
    lstm_encoder: 0.023091
    lstm_decoder: 0.016172
    multihead_attn: 0.003210
    output_layer: 0.108659
  VSN output std:
    encoder: 0.122622
  Attention entropy: 2.981261
  Saved to: experiments/01_staleness_features_fixed/sweep_stale_h20_drop0.35_lr5/collapse_monitoring/collapse_monitor_epoch66.json
Epoch 67: val_loss=0.40104609727859497
Epoch 67: train_loss=0.4207872748374939

[CollapseMonitor] Epoch 67
  [DEBUG] Processed 20 batches from val_dataloader
  [DEBUG] Predictions shape after concat: (1280,)
  [DEBUG] All predictions list length: 20
  [DEBUG] First batch shape: (64,)
  Pred std: 0.024877, range: 0.197066, mean: 0.059556
  Pos: 100.0%, Neg: 0.0%, Unique: 1251
  Saved validation predictions to: experiments/01_staleness_features_fixed/sweep_stale_h20_drop0.35_lr5/collapse_monitoring/val_predictions_epoch67.npy
  Gradient norms:
    lstm_encoder: 0.021326
    lstm_decoder: 0.015356
    multihead_attn: 0.002941
    output_layer: 0.102919
  VSN output std:
    encoder: 0.123480
  Attention entropy: 2.980788
  Saved to: experiments/01_staleness_features_fixed/sweep_stale_h20_drop0.35_lr5/collapse_monitoring/collapse_monitor_epoch67.json
Epoch 68: val_loss=0.40074244141578674
Epoch 68: train_loss=0.41998687386512756

[CollapseMonitor] Epoch 68
  [DEBUG] Processed 20 batches from val_dataloader
  [DEBUG] Predictions shape after concat: (1280,)
  [DEBUG] All predictions list length: 20
  [DEBUG] First batch shape: (64,)
  Pred std: 0.026328, range: 0.206451, mean: 0.063230
  Pos: 100.0%, Neg: 0.0%, Unique: 1245
  Saved validation predictions to: experiments/01_staleness_features_fixed/sweep_stale_h20_drop0.35_lr5/collapse_monitoring/val_predictions_epoch68.npy
  Gradient norms:
    lstm_encoder: 0.023456
    lstm_decoder: 0.015612
    multihead_attn: 0.003017
    output_layer: 0.109653
  VSN output std:
    encoder: 0.125416
  Attention entropy: 2.979378
  Saved to: experiments/01_staleness_features_fixed/sweep_stale_h20_drop0.35_lr5/collapse_monitoring/collapse_monitor_epoch68.json
Epoch 69: val_loss=0.4004916548728943
Epoch 69: train_loss=0.4196474254131317

[CollapseMonitor] Epoch 69
  [DEBUG] Processed 20 batches from val_dataloader
  [DEBUG] Predictions shape after concat: (1280,)
  [DEBUG] All predictions list length: 20
  [DEBUG] First batch shape: (64,)
  Pred std: 0.027603, range: 0.215630, mean: 0.065703
  Pos: 100.0%, Neg: 0.0%, Unique: 1250
  Saved validation predictions to: experiments/01_staleness_features_fixed/sweep_stale_h20_drop0.35_lr5/collapse_monitoring/val_predictions_epoch69.npy
  Gradient norms:
    lstm_encoder: 0.024262
    lstm_decoder: 0.017088
    multihead_attn: 0.003272
    output_layer: 0.108758
  VSN output std:
    encoder: 0.126150
  Attention entropy: 2.978382
  Saved to: experiments/01_staleness_features_fixed/sweep_stale_h20_drop0.35_lr5/collapse_monitoring/collapse_monitor_epoch69.json
Epoch 70: val_loss=0.40089327096939087
Epoch 70: train_loss=0.4193446934223175

[CollapseMonitor] Epoch 70
  [DEBUG] Processed 20 batches from val_dataloader
  [DEBUG] Predictions shape after concat: (1280,)
  [DEBUG] All predictions list length: 20
  [DEBUG] First batch shape: (64,)
  Pred std: 0.027867, range: 0.219061, mean: 0.069433
  Pos: 100.0%, Neg: 0.0%, Unique: 1251
  Saved validation predictions to: experiments/01_staleness_features_fixed/sweep_stale_h20_drop0.35_lr5/collapse_monitoring/val_predictions_epoch70.npy
  Gradient norms:
    lstm_encoder: 0.021317
    lstm_decoder: 0.014620
    multihead_attn: 0.002945
    output_layer: 0.096854
  VSN output std:
    encoder: 0.126583
  Attention entropy: 2.977499
  Saved to: experiments/01_staleness_features_fixed/sweep_stale_h20_drop0.35_lr5/collapse_monitoring/collapse_monitor_epoch70.json


======================================================================
Training complete
======================================================================

Best model checkpoint: experiments/01_staleness_features_fixed/sweep_stale_h20_drop0.35_lr5/checkpoints/tft-epoch=60-val_loss=0.4000.ckpt
Best validation loss: 0.400013
Completed at: 2025-10-30 03:08:50
Log saved to: experiments/01_staleness_features_fixed/sweep_stale_h20_drop0.35_lr5/training_20251030_021733.log
======================================================================
