
[INFO] Using AUTO device selection.

[INFO] Patched matplotlib.Axes.errorbar to abs() negative yerr for robustness.
======================================================================
Training TFT: 06a_weekly_sweep/h16_enc12_d015_bs32
======================================================================
Logging to: experiments/06a_weekly_sweep/h16_enc12_d015_bs32/training_20251129_203923.log
Started at: 2025-11-29 20:39:23
======================================================================
Configuration saved to: experiments/06a_weekly_sweep/h16_enc12_d015_bs32/config.json

Loading data splits...
Train: 1269 samples
Val: 272 samples
Test: 273 samples

Preparing TimeSeriesDataSet...

Dropping source columns (used for staleness only): ['CPI']

Final features for TFT: ['SP500_Returns', 'VIX', 'Treasury_10Y', 'Yield_Spread', 'Inflation_YoY']

======================================================================
FEATURE STATISTICS - BEFORE NORMALIZATION
======================================================================
VIX                             mean= 19.7566  std=  7.9591  min=  9.9050  max= 72.9160
Treasury_10Y                    mean=  4.7641  std=  1.6888  min=  1.4700  max=  8.3400
Yield_Spread                    mean=  1.2798  std=  0.9180  min= -0.5200  max=  2.9100
Inflation_YoY                   mean=  2.5388  std=  1.1868  min= -2.1498  max=  6.7300

======================================================================
FEATURES AFTER GROUPNORMALIZER (first batch, last timestep)
======================================================================
VIX                             normalized_value=  1.0000
Treasury_10Y                    normalized_value= -0.0833
Yield_Spread                    normalized_value=  1.9632
Inflation_YoY                   normalized_value= -0.0972
======================================================================

[DEBUG] VIX train values: [31.318 31.68  23.47  21.908 22.596]
[DEBUG] VIX val values: [14.06  13.318 12.54  13.62  14.158]
Batches per epoch: 39
[DEBUG] Validation batches: 9
[DEBUG] Validation dataset size: 260
[DEBUG] Batch size: 32

Initializing model...

Using standard QuantileLoss (no penalties)

[REGIME OUTPUT] Disabled (using baseline output layer)

================================================================================
BASELINE MODEL FEATURE CONFIGURATION (after from_dataset)
================================================================================
tft.hparams.time_varying_reals_encoder: ['relative_time_idx', 'VIX', 'Treasury_10Y', 'Yield_Spread', 'Inflation_YoY']
  Count: 5

tft.hparams.time_varying_reals_decoder: ['relative_time_idx']
  Count: 1

tft.hparams.x_reals (all reals passed to model): ['encoder_length', 'relative_time_idx', 'VIX', 'Treasury_10Y', 'Yield_Spread', 'Inflation_YoY']
  Count: 6

Encoder VSN configuration:
  num_inputs: 5
  input_sizes: {'relative_time_idx': 16, 'VIX': 16, 'Treasury_10Y': 16, 'Yield_Spread': 16, 'Inflation_YoY': 16}
  flattened_grn.fc1: in_features=80, out_features=5
  -> Params in fc1: 400 (should be 5*16*5=400 if 5 features)
================================================================================

Model parameters: 22,615

Starting training...
Checkpoints will be saved to: experiments/06a_weekly_sweep/h16_enc12_d015_bs32/checkpoints/
Logs will be saved to: experiments/06a_weekly_sweep/h16_enc12_d015_bs32/logs/

[DEBUG CollapseMonitor] on_validation_epoch_start called for epoch 0
[DEBUG CollapseMonitor] reset_temporal_state() called on loss function
Epoch 0: val_loss=N/A
[DEBUG CollapseMonitor] on_validation_epoch_start called for epoch 0
[DEBUG CollapseMonitor] reset_temporal_state() called on loss function
Epoch 0: val_loss=1.450109601020813
Epoch 0: train_loss=1.4829195737838745

[CollapseMonitor] Epoch 0
  [DEBUG] Processed 9 batches from val_dataloader
  [DEBUG] Predictions shape after concat: (260,)
  [DEBUG] All predictions list length: 9
  [DEBUG] First batch shape: (32,)
  Pred std: 0.060258, range: 0.252383, mean: 0.342307
  Pos: 100.0%, Neg: 0.0%, Unique: 260
  Dir Acc: 60.77%, Pred Sharpe: 90.1785
  Composite: 0.4885 (dist_match: 0.6077, actual_pos: 60.8%, pred_pos: 100.0%)
  Collapse penalty: 0.000000 (threshold: 0.005000)
  Saved validation predictions to: experiments/06a_weekly_sweep/h16_enc12_d015_bs32/collapse_monitoring/val_predictions_epoch0.npy
  Gradient norms:
    lstm_encoder: 0.020659
    lstm_decoder: 0.029471
    output_layer: 1.354896
  VSN output std:
    encoder: 0.176750
  Attention entropy: 2.478065
  Saved to: experiments/06a_weekly_sweep/h16_enc12_d015_bs32/collapse_monitoring/collapse_monitor_latest.json
[DEBUG CollapseMonitor] on_validation_epoch_start called for epoch 1
[DEBUG CollapseMonitor] reset_temporal_state() called on loss function
Epoch 1: val_loss=1.3555372953414917
Epoch 1: train_loss=1.4078772068023682

[CollapseMonitor] Epoch 1
  [DEBUG] Processed 9 batches from val_dataloader
  [DEBUG] Predictions shape after concat: (260,)
  [DEBUG] All predictions list length: 9
  [DEBUG] First batch shape: (32,)
  Pred std: 0.061027, range: 0.239529, mean: 0.268101
  Pos: 100.0%, Neg: 0.0%, Unique: 260
  Dir Acc: 60.77%, Pred Sharpe: 69.7388
  Composite: 0.4885 (dist_match: 0.6077, actual_pos: 60.8%, pred_pos: 100.0%)
  Collapse penalty: 0.000000 (threshold: 0.005000)
  Saved validation predictions to: experiments/06a_weekly_sweep/h16_enc12_d015_bs32/collapse_monitoring/val_predictions_epoch1.npy
  Gradient norms:
    lstm_encoder: 0.019147
    lstm_decoder: 0.026673
    output_layer: 1.255274
  VSN output std:
    encoder: 0.177703
  Attention entropy: 2.477975
  Saved to: experiments/06a_weekly_sweep/h16_enc12_d015_bs32/collapse_monitoring/collapse_monitor_latest.json
[DEBUG CollapseMonitor] on_validation_epoch_start called for epoch 2
[DEBUG CollapseMonitor] reset_temporal_state() called on loss function
Epoch 2: val_loss=1.2411260604858398
Epoch 2: train_loss=1.3031765222549438

[CollapseMonitor] Epoch 2
  [DEBUG] Processed 9 batches from val_dataloader
  [DEBUG] Predictions shape after concat: (260,)
  [DEBUG] All predictions list length: 9
  [DEBUG] First batch shape: (32,)
  Pred std: 0.054598, range: 0.206651, mean: 0.224428
  Pos: 100.0%, Neg: 0.0%, Unique: 260
  Dir Acc: 60.77%, Pred Sharpe: 65.2528
  Composite: 0.4885 (dist_match: 0.6077, actual_pos: 60.8%, pred_pos: 100.0%)
  Collapse penalty: 0.000000 (threshold: 0.005000)
  Saved validation predictions to: experiments/06a_weekly_sweep/h16_enc12_d015_bs32/collapse_monitoring/val_predictions_epoch2.npy
  Gradient norms:
    lstm_encoder: 0.017379
    lstm_decoder: 0.022437
    output_layer: 1.143248
  VSN output std:
    encoder: 0.178961
  Attention entropy: 2.477439
  Saved to: experiments/06a_weekly_sweep/h16_enc12_d015_bs32/collapse_monitoring/collapse_monitor_latest.json
[DEBUG CollapseMonitor] on_validation_epoch_start called for epoch 3
[DEBUG CollapseMonitor] reset_temporal_state() called on loss function
Epoch 3: val_loss=1.1606099605560303
Epoch 3: train_loss=1.2284246683120728

[CollapseMonitor] Epoch 3
  [DEBUG] Processed 9 batches from val_dataloader
  [DEBUG] Predictions shape after concat: (260,)
  [DEBUG] All predictions list length: 9
  [DEBUG] First batch shape: (32,)
  Pred std: 0.045037, range: 0.173795, mean: 0.210593
  Pos: 100.0%, Neg: 0.0%, Unique: 260
  Dir Acc: 60.77%, Pred Sharpe: 74.2289
  Composite: 0.4885 (dist_match: 0.6077, actual_pos: 60.8%, pred_pos: 100.0%)
  Collapse penalty: 0.000000 (threshold: 0.005000)
  Saved validation predictions to: experiments/06a_weekly_sweep/h16_enc12_d015_bs32/collapse_monitoring/val_predictions_epoch3.npy
  Gradient norms:
    lstm_encoder: 0.015251
    lstm_decoder: 0.018724
    output_layer: 0.993219
  VSN output std:
    encoder: 0.178683
  Attention entropy: 2.477040
  Saved to: experiments/06a_weekly_sweep/h16_enc12_d015_bs32/collapse_monitoring/collapse_monitor_latest.json
[DEBUG CollapseMonitor] on_validation_epoch_start called for epoch 4
[DEBUG CollapseMonitor] reset_temporal_state() called on loss function
Epoch 4: val_loss=1.0863736867904663
Epoch 4: train_loss=1.1475468873977661

[CollapseMonitor] Epoch 4
  [DEBUG] Processed 9 batches from val_dataloader
  [DEBUG] Predictions shape after concat: (260,)
  [DEBUG] All predictions list length: 9
  [DEBUG] First batch shape: (32,)
  Pred std: 0.037787, range: 0.160588, mean: 0.188301
  Pos: 100.0%, Neg: 0.0%, Unique: 260
  Dir Acc: 60.77%, Pred Sharpe: 79.1066
  Composite: 0.4885 (dist_match: 0.6077, actual_pos: 60.8%, pred_pos: 100.0%)
  Collapse penalty: 0.000000 (threshold: 0.005000)
  Saved validation predictions to: experiments/06a_weekly_sweep/h16_enc12_d015_bs32/collapse_monitoring/val_predictions_epoch4.npy
  Gradient norms:
    lstm_encoder: 0.014364
    lstm_decoder: 0.016582
    output_layer: 0.835809
  VSN output std:
    encoder: 0.181568
  Attention entropy: 2.477253
  Saved to: experiments/06a_weekly_sweep/h16_enc12_d015_bs32/collapse_monitoring/collapse_monitor_latest.json
[DEBUG CollapseMonitor] on_validation_epoch_start called for epoch 5
[DEBUG CollapseMonitor] reset_temporal_state() called on loss function
Epoch 5: val_loss=1.0406864881515503
Epoch 5: train_loss=1.0819332599639893

[CollapseMonitor] Epoch 5
  [DEBUG] Processed 9 batches from val_dataloader
  [DEBUG] Predictions shape after concat: (260,)
  [DEBUG] All predictions list length: 9
  [DEBUG] First batch shape: (32,)
  Pred std: 0.035740, range: 0.161907, mean: 0.142139
  Pos: 100.0%, Neg: 0.0%, Unique: 259
  Dir Acc: 60.77%, Pred Sharpe: 63.1341
  Composite: 0.4885 (dist_match: 0.6077, actual_pos: 60.8%, pred_pos: 100.0%)
  Collapse penalty: 0.000000 (threshold: 0.005000)
  Saved validation predictions to: experiments/06a_weekly_sweep/h16_enc12_d015_bs32/collapse_monitoring/val_predictions_epoch5.npy
  Gradient norms:
    lstm_encoder: 0.011780
    lstm_decoder: 0.011916
    output_layer: 0.647589
  VSN output std:
    encoder: 0.183662
  Attention entropy: 2.477209
  Saved to: experiments/06a_weekly_sweep/h16_enc12_d015_bs32/collapse_monitoring/collapse_monitor_latest.json
[DEBUG CollapseMonitor] on_validation_epoch_start called for epoch 6
[DEBUG CollapseMonitor] reset_temporal_state() called on loss function
Epoch 6: val_loss=1.008574366569519
Epoch 6: train_loss=1.0326393842697144

[CollapseMonitor] Epoch 6
  [DEBUG] Processed 9 batches from val_dataloader
  [DEBUG] Predictions shape after concat: (260,)
  [DEBUG] All predictions list length: 9
  [DEBUG] First batch shape: (32,)
  Pred std: 0.036039, range: 0.173620, mean: 0.138360
  Pos: 100.0%, Neg: 0.0%, Unique: 260
  Dir Acc: 60.77%, Pred Sharpe: 60.9448
  Composite: 0.4885 (dist_match: 0.6077, actual_pos: 60.8%, pred_pos: 100.0%)
  Collapse penalty: 0.000000 (threshold: 0.005000)
  Saved validation predictions to: experiments/06a_weekly_sweep/h16_enc12_d015_bs32/collapse_monitoring/val_predictions_epoch6.npy
  Gradient norms:
    lstm_encoder: 0.011438
    lstm_decoder: 0.011170
    output_layer: 0.538660
  VSN output std:
    encoder: 0.181259
  Attention entropy: 2.476216
  Saved to: experiments/06a_weekly_sweep/h16_enc12_d015_bs32/collapse_monitoring/collapse_monitor_latest.json
[DEBUG CollapseMonitor] on_validation_epoch_start called for epoch 7
[DEBUG CollapseMonitor] reset_temporal_state() called on loss function
Epoch 7: val_loss=0.9939828515052795
Epoch 7: train_loss=1.0063360929489136

[CollapseMonitor] Epoch 7
  [DEBUG] Processed 9 batches from val_dataloader
  [DEBUG] Predictions shape after concat: (260,)
  [DEBUG] All predictions list length: 9
  [DEBUG] First batch shape: (32,)
  Pred std: 0.035358, range: 0.171959, mean: 0.176565
  Pos: 100.0%, Neg: 0.0%, Unique: 260
  Dir Acc: 60.77%, Pred Sharpe: 79.2705
  Composite: 0.4885 (dist_match: 0.6077, actual_pos: 60.8%, pred_pos: 100.0%)
  Collapse penalty: 0.000000 (threshold: 0.005000)
  Saved validation predictions to: experiments/06a_weekly_sweep/h16_enc12_d015_bs32/collapse_monitoring/val_predictions_epoch7.npy
  Gradient norms:
    lstm_encoder: 0.009273
    lstm_decoder: 0.009047
    output_layer: 0.412264
  VSN output std:
    encoder: 0.180289
  Attention entropy: 2.476006
  Saved to: experiments/06a_weekly_sweep/h16_enc12_d015_bs32/collapse_monitoring/collapse_monitor_latest.json
[DEBUG CollapseMonitor] on_validation_epoch_start called for epoch 8
[DEBUG CollapseMonitor] reset_temporal_state() called on loss function
Epoch 8: val_loss=0.9822277426719666
Epoch 8: train_loss=0.9799803495407104

[CollapseMonitor] Epoch 8
  [DEBUG] Processed 9 batches from val_dataloader
  [DEBUG] Predictions shape after concat: (260,)
  [DEBUG] All predictions list length: 9
  [DEBUG] First batch shape: (32,)
  Pred std: 0.035065, range: 0.170811, mean: 0.180589
  Pos: 100.0%, Neg: 0.0%, Unique: 260
  Dir Acc: 60.77%, Pred Sharpe: 81.7556
  Composite: 0.4885 (dist_match: 0.6077, actual_pos: 60.8%, pred_pos: 100.0%)
  Collapse penalty: 0.000000 (threshold: 0.005000)
  Saved validation predictions to: experiments/06a_weekly_sweep/h16_enc12_d015_bs32/collapse_monitoring/val_predictions_epoch8.npy
  Gradient norms:
    lstm_encoder: 0.008391
    lstm_decoder: 0.008449
    output_layer: 0.355042
  VSN output std:
    encoder: 0.179679
  Attention entropy: 2.475716
  Saved to: experiments/06a_weekly_sweep/h16_enc12_d015_bs32/collapse_monitoring/collapse_monitor_latest.json
[DEBUG CollapseMonitor] on_validation_epoch_start called for epoch 9
[DEBUG CollapseMonitor] reset_temporal_state() called on loss function
Epoch 9: val_loss=0.9759758114814758
Epoch 9: train_loss=0.9716596603393555

[CollapseMonitor] Epoch 9
  [DEBUG] Processed 9 batches from val_dataloader
  [DEBUG] Predictions shape after concat: (260,)
  [DEBUG] All predictions list length: 9
  [DEBUG] First batch shape: (32,)
  Pred std: 0.032724, range: 0.158896, mean: 0.177479
  Pos: 100.0%, Neg: 0.0%, Unique: 260
  Dir Acc: 60.77%, Pred Sharpe: 86.0951
  Composite: 0.4885 (dist_match: 0.6077, actual_pos: 60.8%, pred_pos: 100.0%)
  Collapse penalty: 0.000000 (threshold: 0.005000)
  Saved validation predictions to: experiments/06a_weekly_sweep/h16_enc12_d015_bs32/collapse_monitoring/val_predictions_epoch9.npy
  Gradient norms:
    lstm_encoder: 0.008885
    lstm_decoder: 0.008416
    output_layer: 0.347788
  VSN output std:
    encoder: 0.179278
  Attention entropy: 2.475870
  Saved to: experiments/06a_weekly_sweep/h16_enc12_d015_bs32/collapse_monitoring/collapse_monitor_latest.json
[DEBUG CollapseMonitor] on_validation_epoch_start called for epoch 10
[DEBUG CollapseMonitor] reset_temporal_state() called on loss function
Epoch 10: val_loss=0.971338152885437
Epoch 10: train_loss=0.9627535939216614

[CollapseMonitor] Epoch 10
  [DEBUG] Processed 9 batches from val_dataloader
  [DEBUG] Predictions shape after concat: (260,)
  [DEBUG] All predictions list length: 9
  [DEBUG] First batch shape: (32,)
  Pred std: 0.033173, range: 0.159113, mean: 0.154352
  Pos: 100.0%, Neg: 0.0%, Unique: 260
  Dir Acc: 60.77%, Pred Sharpe: 73.8634
  Composite: 0.4885 (dist_match: 0.6077, actual_pos: 60.8%, pred_pos: 100.0%)
  Collapse penalty: 0.000000 (threshold: 0.005000)
  Saved validation predictions to: experiments/06a_weekly_sweep/h16_enc12_d015_bs32/collapse_monitoring/val_predictions_epoch10.npy
  Gradient norms:
    lstm_encoder: 0.008361
    lstm_decoder: 0.008086
    output_layer: 0.314638
  VSN output std:
    encoder: 0.181712
  Attention entropy: 2.474917
  Saved to: experiments/06a_weekly_sweep/h16_enc12_d015_bs32/collapse_monitoring/collapse_monitor_latest.json
[DEBUG CollapseMonitor] on_validation_epoch_start called for epoch 11
[DEBUG CollapseMonitor] reset_temporal_state() called on loss function
Epoch 11: val_loss=0.9655539393424988
Epoch 11: train_loss=0.9623356461524963

[CollapseMonitor] Epoch 11
  [DEBUG] Processed 9 batches from val_dataloader
  [DEBUG] Predictions shape after concat: (260,)
  [DEBUG] All predictions list length: 9
  [DEBUG] First batch shape: (32,)
  Pred std: 0.033066, range: 0.156824, mean: 0.225131
  Pos: 100.0%, Neg: 0.0%, Unique: 260
  Dir Acc: 60.77%, Pred Sharpe: 108.0813
  Composite: 0.4885 (dist_match: 0.6077, actual_pos: 60.8%, pred_pos: 100.0%)
  Collapse penalty: 0.000000 (threshold: 0.005000)
  Saved validation predictions to: experiments/06a_weekly_sweep/h16_enc12_d015_bs32/collapse_monitoring/val_predictions_epoch11.npy
  Gradient norms:
    lstm_encoder: 0.007786
    lstm_decoder: 0.007552
    output_layer: 0.297066
  VSN output std:
    encoder: 0.183058
  Attention entropy: 2.474878
  Saved to: experiments/06a_weekly_sweep/h16_enc12_d015_bs32/collapse_monitoring/collapse_monitor_latest.json
[DEBUG CollapseMonitor] on_validation_epoch_start called for epoch 12
[DEBUG CollapseMonitor] reset_temporal_state() called on loss function
Epoch 12: val_loss=0.9643761515617371
Epoch 12: train_loss=0.9550517201423645

[CollapseMonitor] Epoch 12
  [DEBUG] Processed 9 batches from val_dataloader
  [DEBUG] Predictions shape after concat: (260,)
  [DEBUG] All predictions list length: 9
  [DEBUG] First batch shape: (32,)
  Pred std: 0.031878, range: 0.148705, mean: 0.220481
  Pos: 100.0%, Neg: 0.0%, Unique: 260
  Dir Acc: 60.77%, Pred Sharpe: 109.7955
  Composite: 0.4885 (dist_match: 0.6077, actual_pos: 60.8%, pred_pos: 100.0%)
  Collapse penalty: 0.000000 (threshold: 0.005000)
  Saved validation predictions to: experiments/06a_weekly_sweep/h16_enc12_d015_bs32/collapse_monitoring/val_predictions_epoch12.npy
  Gradient norms:
    lstm_encoder: 0.008096
    lstm_decoder: 0.007786
    output_layer: 0.310510
  VSN output std:
    encoder: 0.182297
  Attention entropy: 2.475140
  Saved to: experiments/06a_weekly_sweep/h16_enc12_d015_bs32/collapse_monitoring/collapse_monitor_latest.json
[DEBUG CollapseMonitor] on_validation_epoch_start called for epoch 13
[DEBUG CollapseMonitor] reset_temporal_state() called on loss function
Epoch 13: val_loss=0.9621258974075317
Epoch 13: train_loss=0.9532216191291809

[CollapseMonitor] Epoch 13
  [DEBUG] Processed 9 batches from val_dataloader
  [DEBUG] Predictions shape after concat: (260,)
  [DEBUG] All predictions list length: 9
  [DEBUG] First batch shape: (32,)
  Pred std: 0.029835, range: 0.137373, mean: 0.209860
  Pos: 100.0%, Neg: 0.0%, Unique: 260
  Dir Acc: 60.77%, Pred Sharpe: 111.6600
  Composite: 0.4885 (dist_match: 0.6077, actual_pos: 60.8%, pred_pos: 100.0%)
  Collapse penalty: 0.000000 (threshold: 0.005000)
  Saved validation predictions to: experiments/06a_weekly_sweep/h16_enc12_d015_bs32/collapse_monitoring/val_predictions_epoch13.npy
  Gradient norms:
    lstm_encoder: 0.007858
    lstm_decoder: 0.007471
    output_layer: 0.293290
  VSN output std:
    encoder: 0.182020
  Attention entropy: 2.473395
  Saved to: experiments/06a_weekly_sweep/h16_enc12_d015_bs32/collapse_monitoring/collapse_monitor_latest.json
[DEBUG CollapseMonitor] on_validation_epoch_start called for epoch 14
[DEBUG CollapseMonitor] reset_temporal_state() called on loss function
Epoch 14: val_loss=0.9609177112579346
Epoch 14: train_loss=0.9447998404502869

[CollapseMonitor] Epoch 14
  [DEBUG] Processed 9 batches from val_dataloader
  [DEBUG] Predictions shape after concat: (260,)
  [DEBUG] All predictions list length: 9
  [DEBUG] First batch shape: (32,)
  Pred std: 0.027485, range: 0.128406, mean: 0.197428
  Pos: 100.0%, Neg: 0.0%, Unique: 259
  Dir Acc: 60.77%, Pred Sharpe: 114.0296
  Composite: 0.4885 (dist_match: 0.6077, actual_pos: 60.8%, pred_pos: 100.0%)
  Collapse penalty: 0.000000 (threshold: 0.005000)
  Saved validation predictions to: experiments/06a_weekly_sweep/h16_enc12_d015_bs32/collapse_monitoring/val_predictions_epoch14.npy
  Gradient norms:
    lstm_encoder: 0.007881
    lstm_decoder: 0.007184
    output_layer: 0.267550
  VSN output std:
    encoder: 0.183002
  Attention entropy: 2.471869
  Saved to: experiments/06a_weekly_sweep/h16_enc12_d015_bs32/collapse_monitoring/collapse_monitor_latest.json
[DEBUG CollapseMonitor] on_validation_epoch_start called for epoch 15
[DEBUG CollapseMonitor] reset_temporal_state() called on loss function
Epoch 15: val_loss=0.9590679407119751
Epoch 15: train_loss=0.943751335144043

[CollapseMonitor] Epoch 15
  [DEBUG] Processed 9 batches from val_dataloader
  [DEBUG] Predictions shape after concat: (260,)
  [DEBUG] All predictions list length: 9
  [DEBUG] First batch shape: (32,)
  Pred std: 0.026467, range: 0.124781, mean: 0.204991
  Pos: 100.0%, Neg: 0.0%, Unique: 260
  Dir Acc: 60.77%, Pred Sharpe: 122.9486
  Composite: 0.4885 (dist_match: 0.6077, actual_pos: 60.8%, pred_pos: 100.0%)
  Collapse penalty: 0.000000 (threshold: 0.005000)
  Saved validation predictions to: experiments/06a_weekly_sweep/h16_enc12_d015_bs32/collapse_monitoring/val_predictions_epoch15.npy
  Gradient norms:
    lstm_encoder: 0.007886
    lstm_decoder: 0.007209
    output_layer: 0.273817
  VSN output std:
    encoder: 0.185604
  Attention entropy: 2.469356
  Saved to: experiments/06a_weekly_sweep/h16_enc12_d015_bs32/collapse_monitoring/collapse_monitor_latest.json
[DEBUG CollapseMonitor] on_validation_epoch_start called for epoch 16
[DEBUG CollapseMonitor] reset_temporal_state() called on loss function
Epoch 16: val_loss=0.9599272608757019
Epoch 16: train_loss=0.9422110319137573

[CollapseMonitor] Epoch 16
  [DEBUG] Processed 9 batches from val_dataloader
  [DEBUG] Predictions shape after concat: (260,)
  [DEBUG] All predictions list length: 9
  [DEBUG] First batch shape: (32,)
  Pred std: 0.026360, range: 0.123524, mean: 0.161637
  Pos: 100.0%, Neg: 0.0%, Unique: 260
  Dir Acc: 60.77%, Pred Sharpe: 97.3425
  Composite: 0.4885 (dist_match: 0.6077, actual_pos: 60.8%, pred_pos: 100.0%)
  Collapse penalty: 0.000000 (threshold: 0.005000)
  Saved validation predictions to: experiments/06a_weekly_sweep/h16_enc12_d015_bs32/collapse_monitoring/val_predictions_epoch16.npy
  Gradient norms:
    lstm_encoder: 0.008296
    lstm_decoder: 0.008232
    output_layer: 0.305027
  VSN output std:
    encoder: 0.186807
  Attention entropy: 2.465949
  Saved to: experiments/06a_weekly_sweep/h16_enc12_d015_bs32/collapse_monitoring/collapse_monitor_latest.json
[DEBUG CollapseMonitor] on_validation_epoch_start called for epoch 17
[DEBUG CollapseMonitor] reset_temporal_state() called on loss function
Epoch 17: val_loss=0.9571881890296936
Epoch 17: train_loss=0.9379960894584656

[CollapseMonitor] Epoch 17
  [DEBUG] Processed 9 batches from val_dataloader
  [DEBUG] Predictions shape after concat: (260,)
  [DEBUG] All predictions list length: 9
  [DEBUG] First batch shape: (32,)
  Pred std: 0.027089, range: 0.126854, mean: 0.254129
  Pos: 100.0%, Neg: 0.0%, Unique: 258
  Dir Acc: 60.77%, Pred Sharpe: 148.9209
  Composite: 0.4885 (dist_match: 0.6077, actual_pos: 60.8%, pred_pos: 100.0%)
  Collapse penalty: 0.000000 (threshold: 0.005000)
  Saved validation predictions to: experiments/06a_weekly_sweep/h16_enc12_d015_bs32/collapse_monitoring/val_predictions_epoch17.npy
  Gradient norms:
    lstm_encoder: 0.008063
    lstm_decoder: 0.007126
    output_layer: 0.260668
  VSN output std:
    encoder: 0.189873
  Attention entropy: 2.463391
  Saved to: experiments/06a_weekly_sweep/h16_enc12_d015_bs32/collapse_monitoring/collapse_monitor_latest.json
[DEBUG CollapseMonitor] on_validation_epoch_start called for epoch 18
[DEBUG CollapseMonitor] reset_temporal_state() called on loss function
Epoch 18: val_loss=0.9546332955360413
Epoch 18: train_loss=0.9398008584976196

[CollapseMonitor] Epoch 18
  [DEBUG] Processed 9 batches from val_dataloader
  [DEBUG] Predictions shape after concat: (260,)
  [DEBUG] All predictions list length: 9
  [DEBUG] First batch shape: (32,)
  Pred std: 0.026290, range: 0.131630, mean: 0.227871
  Pos: 100.0%, Neg: 0.0%, Unique: 260
  Dir Acc: 60.77%, Pred Sharpe: 137.5941
  Composite: 0.4885 (dist_match: 0.6077, actual_pos: 60.8%, pred_pos: 100.0%)
  Collapse penalty: 0.000000 (threshold: 0.005000)
  Saved validation predictions to: experiments/06a_weekly_sweep/h16_enc12_d015_bs32/collapse_monitoring/val_predictions_epoch18.npy
  Gradient norms:
    lstm_encoder: 0.007579
    lstm_decoder: 0.006807
    output_layer: 0.253092
  VSN output std:
    encoder: 0.191969
  Attention entropy: 2.456008
  Saved to: experiments/06a_weekly_sweep/h16_enc12_d015_bs32/collapse_monitoring/collapse_monitor_latest.json
[DEBUG CollapseMonitor] on_validation_epoch_start called for epoch 19
[DEBUG CollapseMonitor] reset_temporal_state() called on loss function
Epoch 19: val_loss=0.955779492855072
Epoch 19: train_loss=0.9370627999305725

[CollapseMonitor] Epoch 19
  [DEBUG] Processed 9 batches from val_dataloader
  [DEBUG] Predictions shape after concat: (260,)
  [DEBUG] All predictions list length: 9
  [DEBUG] First batch shape: (32,)
  Pred std: 0.024152, range: 0.128039, mean: 0.191392
  Pos: 100.0%, Neg: 0.0%, Unique: 260
  Dir Acc: 60.77%, Pred Sharpe: 125.7993
  Composite: 0.4885 (dist_match: 0.6077, actual_pos: 60.8%, pred_pos: 100.0%)
  Collapse penalty: 0.000000 (threshold: 0.005000)
  Saved validation predictions to: experiments/06a_weekly_sweep/h16_enc12_d015_bs32/collapse_monitoring/val_predictions_epoch19.npy
  Gradient norms:
    lstm_encoder: 0.008329
    lstm_decoder: 0.007588
    output_layer: 0.271892
  VSN output std:
    encoder: 0.194994
  Attention entropy: 2.454618
  Saved to: experiments/06a_weekly_sweep/h16_enc12_d015_bs32/collapse_monitoring/collapse_monitor_latest.json
[DEBUG CollapseMonitor] on_validation_epoch_start called for epoch 20
[DEBUG CollapseMonitor] reset_temporal_state() called on loss function
Epoch 20: val_loss=0.955866813659668
Epoch 20: train_loss=0.9342944622039795

[CollapseMonitor] Epoch 20
  [DEBUG] Processed 9 batches from val_dataloader
  [DEBUG] Predictions shape after concat: (260,)
  [DEBUG] All predictions list length: 9
  [DEBUG] First batch shape: (32,)
  Pred std: 0.023285, range: 0.122073, mean: 0.194189
  Pos: 100.0%, Neg: 0.0%, Unique: 259
  Dir Acc: 60.77%, Pred Sharpe: 132.3870
  Composite: 0.4885 (dist_match: 0.6077, actual_pos: 60.8%, pred_pos: 100.0%)
  Collapse penalty: 0.000000 (threshold: 0.005000)
  Saved validation predictions to: experiments/06a_weekly_sweep/h16_enc12_d015_bs32/collapse_monitoring/val_predictions_epoch20.npy
  Gradient norms:
    lstm_encoder: 0.008376
    lstm_decoder: 0.006864
    output_layer: 0.249631
  VSN output std:
    encoder: 0.197281
  Attention entropy: 2.453440
  Saved to: experiments/06a_weekly_sweep/h16_enc12_d015_bs32/collapse_monitoring/collapse_monitor_latest.json
[DEBUG CollapseMonitor] on_validation_epoch_start called for epoch 21
[DEBUG CollapseMonitor] reset_temporal_state() called on loss function
Epoch 21: val_loss=0.9529213309288025
Epoch 21: train_loss=0.9342728853225708

[CollapseMonitor] Epoch 21
  [DEBUG] Processed 9 batches from val_dataloader
  [DEBUG] Predictions shape after concat: (260,)
  [DEBUG] All predictions list length: 9
  [DEBUG] First batch shape: (32,)
  Pred std: 0.022436, range: 0.125714, mean: 0.216700
  Pos: 100.0%, Neg: 0.0%, Unique: 259
  Dir Acc: 60.77%, Pred Sharpe: 153.3282
  Composite: 0.4885 (dist_match: 0.6077, actual_pos: 60.8%, pred_pos: 100.0%)
  Collapse penalty: 0.000000 (threshold: 0.005000)
  Saved validation predictions to: experiments/06a_weekly_sweep/h16_enc12_d015_bs32/collapse_monitoring/val_predictions_epoch21.npy
  Gradient norms:
    lstm_encoder: 0.009189
    lstm_decoder: 0.007507
    output_layer: 0.256812
  VSN output std:
    encoder: 0.195500
  Attention entropy: 2.446869
  Saved to: experiments/06a_weekly_sweep/h16_enc12_d015_bs32/collapse_monitoring/collapse_monitor_latest.json
[DEBUG CollapseMonitor] on_validation_epoch_start called for epoch 22
[DEBUG CollapseMonitor] reset_temporal_state() called on loss function
Epoch 22: val_loss=0.9516577124595642
Epoch 22: train_loss=0.9318312406539917

[CollapseMonitor] Epoch 22
  [DEBUG] Processed 9 batches from val_dataloader
  [DEBUG] Predictions shape after concat: (260,)
  [DEBUG] All predictions list length: 9
  [DEBUG] First batch shape: (32,)
  Pred std: 0.024182, range: 0.148066, mean: 0.198822
  Pos: 100.0%, Neg: 0.0%, Unique: 259
  Dir Acc: 60.77%, Pred Sharpe: 130.5194
  Composite: 0.4885 (dist_match: 0.6077, actual_pos: 60.8%, pred_pos: 100.0%)
  Collapse penalty: 0.000000 (threshold: 0.005000)
  Saved validation predictions to: experiments/06a_weekly_sweep/h16_enc12_d015_bs32/collapse_monitoring/val_predictions_epoch22.npy
  Gradient norms:
    lstm_encoder: 0.009831
    lstm_decoder: 0.007901
    output_layer: 0.272975
  VSN output std:
    encoder: 0.193439
  Attention entropy: 2.432205
  Saved to: experiments/06a_weekly_sweep/h16_enc12_d015_bs32/collapse_monitoring/collapse_monitor_latest.json
[DEBUG CollapseMonitor] on_validation_epoch_start called for epoch 23
[DEBUG CollapseMonitor] reset_temporal_state() called on loss function
Epoch 23: val_loss=0.9471263885498047
Epoch 23: train_loss=0.9276806712150574

[CollapseMonitor] Epoch 23
  [DEBUG] Processed 9 batches from val_dataloader
  [DEBUG] Predictions shape after concat: (260,)
  [DEBUG] All predictions list length: 9
  [DEBUG] First batch shape: (32,)
  Pred std: 0.022601, range: 0.159359, mean: 0.247560
  Pos: 100.0%, Neg: 0.0%, Unique: 260
  Dir Acc: 60.77%, Pred Sharpe: 173.8820
  Composite: 0.4885 (dist_match: 0.6077, actual_pos: 60.8%, pred_pos: 100.0%)
  Collapse penalty: 0.000000 (threshold: 0.005000)
  Saved validation predictions to: experiments/06a_weekly_sweep/h16_enc12_d015_bs32/collapse_monitoring/val_predictions_epoch23.npy
  Gradient norms:
    lstm_encoder: 0.010526
    lstm_decoder: 0.008422
    output_layer: 0.283239
  VSN output std:
    encoder: 0.192957
  Attention entropy: 2.426882
  Saved to: experiments/06a_weekly_sweep/h16_enc12_d015_bs32/collapse_monitoring/collapse_monitor_latest.json
[DEBUG CollapseMonitor] on_validation_epoch_start called for epoch 24
[DEBUG CollapseMonitor] reset_temporal_state() called on loss function
Epoch 24: val_loss=0.9440625905990601
Epoch 24: train_loss=0.9297072291374207

[CollapseMonitor] Epoch 24
  [DEBUG] Processed 9 batches from val_dataloader
  [DEBUG] Predictions shape after concat: (260,)
  [DEBUG] All predictions list length: 9
  [DEBUG] First batch shape: (32,)
  Pred std: 0.021778, range: 0.145288, mean: 0.261272
  Pos: 100.0%, Neg: 0.0%, Unique: 260
  Dir Acc: 60.77%, Pred Sharpe: 190.4446
  Composite: 0.4885 (dist_match: 0.6077, actual_pos: 60.8%, pred_pos: 100.0%)
  Collapse penalty: 0.000000 (threshold: 0.005000)
  Saved validation predictions to: experiments/06a_weekly_sweep/h16_enc12_d015_bs32/collapse_monitoring/val_predictions_epoch24.npy
  Gradient norms:
    lstm_encoder: 0.010665
    lstm_decoder: 0.008170
    output_layer: 0.268527
  VSN output std:
    encoder: 0.189589
  Attention entropy: 2.402903
  Saved to: experiments/06a_weekly_sweep/h16_enc12_d015_bs32/collapse_monitoring/collapse_monitor_latest.json
[DEBUG CollapseMonitor] on_validation_epoch_start called for epoch 25
[DEBUG CollapseMonitor] reset_temporal_state() called on loss function
Epoch 25: val_loss=0.942960262298584
Epoch 25: train_loss=0.9263091683387756

[CollapseMonitor] Epoch 25
  [DEBUG] Processed 9 batches from val_dataloader
  [DEBUG] Predictions shape after concat: (260,)
  [DEBUG] All predictions list length: 9
  [DEBUG] First batch shape: (32,)
  Pred std: 0.024704, range: 0.172993, mean: 0.201245
  Pos: 100.0%, Neg: 0.0%, Unique: 259
  Dir Acc: 60.77%, Pred Sharpe: 129.3180
  Composite: 0.4885 (dist_match: 0.6077, actual_pos: 60.8%, pred_pos: 100.0%)
  Collapse penalty: 0.000000 (threshold: 0.005000)
  Saved validation predictions to: experiments/06a_weekly_sweep/h16_enc12_d015_bs32/collapse_monitoring/val_predictions_epoch25.npy
  Gradient norms:
    lstm_encoder: 0.011208
    lstm_decoder: 0.007991
    output_layer: 0.246903
  VSN output std:
    encoder: 0.188508
  Attention entropy: 2.412674
  Saved to: experiments/06a_weekly_sweep/h16_enc12_d015_bs32/collapse_monitoring/collapse_monitor_latest.json
[DEBUG CollapseMonitor] on_validation_epoch_start called for epoch 26
[DEBUG CollapseMonitor] reset_temporal_state() called on loss function
Epoch 26: val_loss=0.9399920701980591
Epoch 26: train_loss=0.9227786064147949

[CollapseMonitor] Epoch 26
  [DEBUG] Processed 9 batches from val_dataloader
  [DEBUG] Predictions shape after concat: (260,)
  [DEBUG] All predictions list length: 9
  [DEBUG] First batch shape: (32,)
  Pred std: 0.028008, range: 0.189340, mean: 0.206042
  Pos: 100.0%, Neg: 0.0%, Unique: 259
  Dir Acc: 60.77%, Pred Sharpe: 116.7795
  Composite: 0.4885 (dist_match: 0.6077, actual_pos: 60.8%, pred_pos: 100.0%)
  Collapse penalty: 0.000000 (threshold: 0.005000)
  Saved validation predictions to: experiments/06a_weekly_sweep/h16_enc12_d015_bs32/collapse_monitoring/val_predictions_epoch26.npy
  Gradient norms:
    lstm_encoder: 0.011741
    lstm_decoder: 0.007998
    output_layer: 0.238555
  VSN output std:
    encoder: 0.184082
  Attention entropy: 2.389806
  Saved to: experiments/06a_weekly_sweep/h16_enc12_d015_bs32/collapse_monitoring/collapse_monitor_latest.json
[DEBUG CollapseMonitor] on_validation_epoch_start called for epoch 27
[DEBUG CollapseMonitor] reset_temporal_state() called on loss function
Epoch 27: val_loss=0.9361705780029297
Epoch 27: train_loss=0.9224987626075745

[CollapseMonitor] Epoch 27
  [DEBUG] Processed 9 batches from val_dataloader
  [DEBUG] Predictions shape after concat: (260,)
  [DEBUG] All predictions list length: 9
  [DEBUG] First batch shape: (32,)
  Pred std: 0.027523, range: 0.198113, mean: 0.246645
  Pos: 100.0%, Neg: 0.0%, Unique: 260
  Dir Acc: 60.77%, Pred Sharpe: 142.2598
  Composite: 0.4885 (dist_match: 0.6077, actual_pos: 60.8%, pred_pos: 100.0%)
  Collapse penalty: 0.000000 (threshold: 0.005000)
  Saved validation predictions to: experiments/06a_weekly_sweep/h16_enc12_d015_bs32/collapse_monitoring/val_predictions_epoch27.npy
  Gradient norms:
    lstm_encoder: 0.011578
    lstm_decoder: 0.008364
    output_layer: 0.258562
  VSN output std:
    encoder: 0.182405
  Attention entropy: 2.382041
  Saved to: experiments/06a_weekly_sweep/h16_enc12_d015_bs32/collapse_monitoring/collapse_monitor_latest.json
[DEBUG CollapseMonitor] on_validation_epoch_start called for epoch 28
[DEBUG CollapseMonitor] reset_temporal_state() called on loss function
Epoch 28: val_loss=0.9334631562232971
Epoch 28: train_loss=0.9221223592758179

[CollapseMonitor] Epoch 28
  [DEBUG] Processed 9 batches from val_dataloader
  [DEBUG] Predictions shape after concat: (260,)
  [DEBUG] All predictions list length: 9
  [DEBUG] First batch shape: (32,)
  Pred std: 0.028904, range: 0.216174, mean: 0.253792
  Pos: 100.0%, Neg: 0.0%, Unique: 259
  Dir Acc: 60.77%, Pred Sharpe: 139.3864
  Composite: 0.4885 (dist_match: 0.6077, actual_pos: 60.8%, pred_pos: 100.0%)
  Collapse penalty: 0.000000 (threshold: 0.005000)
  Saved validation predictions to: experiments/06a_weekly_sweep/h16_enc12_d015_bs32/collapse_monitoring/val_predictions_epoch28.npy
  Gradient norms:
    lstm_encoder: 0.011883
    lstm_decoder: 0.008011
    output_layer: 0.246323
  VSN output std:
    encoder: 0.180958
  Attention entropy: 2.388153
  Saved to: experiments/06a_weekly_sweep/h16_enc12_d015_bs32/collapse_monitoring/collapse_monitor_latest.json
[DEBUG CollapseMonitor] on_validation_epoch_start called for epoch 29
[DEBUG CollapseMonitor] reset_temporal_state() called on loss function
Epoch 29: val_loss=0.9322222471237183
Epoch 29: train_loss=0.919881284236908

[CollapseMonitor] Epoch 29
  [DEBUG] Processed 9 batches from val_dataloader
  [DEBUG] Predictions shape after concat: (260,)
  [DEBUG] All predictions list length: 9
  [DEBUG] First batch shape: (32,)
  Pred std: 0.051016, range: 0.249126, mean: 0.276292
  Pos: 100.0%, Neg: 0.0%, Unique: 259
  Dir Acc: 60.77%, Pred Sharpe: 85.9738
  Composite: 0.4885 (dist_match: 0.6077, actual_pos: 60.8%, pred_pos: 100.0%)
  Collapse penalty: 0.000000 (threshold: 0.005000)
  Saved validation predictions to: experiments/06a_weekly_sweep/h16_enc12_d015_bs32/collapse_monitoring/val_predictions_epoch29.npy
  Gradient norms:
    lstm_encoder: 0.012913
    lstm_decoder: 0.008779
    output_layer: 0.259445
  VSN output std:
    encoder: 0.179761
  Attention entropy: 2.370709
  Saved to: experiments/06a_weekly_sweep/h16_enc12_d015_bs32/collapse_monitoring/collapse_monitor_latest.json
[DEBUG CollapseMonitor] on_validation_epoch_start called for epoch 30
[DEBUG CollapseMonitor] reset_temporal_state() called on loss function
Epoch 30: val_loss=0.9305061101913452
Epoch 30: train_loss=0.9104182124137878

[CollapseMonitor] Epoch 30
  [DEBUG] Processed 9 batches from val_dataloader
  [DEBUG] Predictions shape after concat: (260,)
  [DEBUG] All predictions list length: 9
  [DEBUG] First batch shape: (32,)
  Pred std: 0.054171, range: 0.265404, mean: 0.274746
  Pos: 100.0%, Neg: 0.0%, Unique: 259
  Dir Acc: 60.77%, Pred Sharpe: 80.5125
  Composite: 0.4885 (dist_match: 0.6077, actual_pos: 60.8%, pred_pos: 100.0%)
  Collapse penalty: 0.000000 (threshold: 0.005000)
  Saved validation predictions to: experiments/06a_weekly_sweep/h16_enc12_d015_bs32/collapse_monitoring/val_predictions_epoch30.npy
  Gradient norms:
    lstm_encoder: 0.013796
    lstm_decoder: 0.009025
    output_layer: 0.262898
  VSN output std:
    encoder: 0.181941
  Attention entropy: 2.366419
  Saved to: experiments/06a_weekly_sweep/h16_enc12_d015_bs32/collapse_monitoring/collapse_monitor_latest.json
[DEBUG CollapseMonitor] on_validation_epoch_start called for epoch 31
[DEBUG CollapseMonitor] reset_temporal_state() called on loss function
Epoch 31: val_loss=0.9290416240692139
Epoch 31: train_loss=0.9100297689437866

[CollapseMonitor] Epoch 31
  [DEBUG] Processed 9 batches from val_dataloader
  [DEBUG] Predictions shape after concat: (260,)
  [DEBUG] All predictions list length: 9
  [DEBUG] First batch shape: (32,)
  Pred std: 0.056684, range: 0.267868, mean: 0.256722
  Pos: 100.0%, Neg: 0.0%, Unique: 260
  Dir Acc: 60.77%, Pred Sharpe: 71.8957
  Composite: 0.4885 (dist_match: 0.6077, actual_pos: 60.8%, pred_pos: 100.0%)
  Collapse penalty: 0.000000 (threshold: 0.005000)
  Saved validation predictions to: experiments/06a_weekly_sweep/h16_enc12_d015_bs32/collapse_monitoring/val_predictions_epoch31.npy
  Gradient norms:
    lstm_encoder: 0.013532
    lstm_decoder: 0.009374
    output_layer: 0.290791
  VSN output std:
    encoder: 0.181337
  Attention entropy: 2.362488
  Saved to: experiments/06a_weekly_sweep/h16_enc12_d015_bs32/collapse_monitoring/collapse_monitor_latest.json
[DEBUG CollapseMonitor] on_validation_epoch_start called for epoch 32
[DEBUG CollapseMonitor] reset_temporal_state() called on loss function
Epoch 32: val_loss=0.9289991855621338
Epoch 32: train_loss=0.9146577715873718

[CollapseMonitor] Epoch 32
  [DEBUG] Processed 9 batches from val_dataloader
  [DEBUG] Predictions shape after concat: (260,)
  [DEBUG] All predictions list length: 9
  [DEBUG] First batch shape: (32,)
  Pred std: 0.067980, range: 0.296723, mean: 0.316353
  Pos: 100.0%, Neg: 0.0%, Unique: 260
  Dir Acc: 60.77%, Pred Sharpe: 73.8736
  Composite: 0.4885 (dist_match: 0.6077, actual_pos: 60.8%, pred_pos: 100.0%)
  Collapse penalty: 0.000000 (threshold: 0.005000)
  Saved validation predictions to: experiments/06a_weekly_sweep/h16_enc12_d015_bs32/collapse_monitoring/val_predictions_epoch32.npy
  Gradient norms:
    lstm_encoder: 0.013692
    lstm_decoder: 0.009455
    output_layer: 0.286986
  VSN output std:
    encoder: 0.181729
  Attention entropy: 2.374888
  Saved to: experiments/06a_weekly_sweep/h16_enc12_d015_bs32/collapse_monitoring/collapse_monitor_latest.json
[DEBUG CollapseMonitor] on_validation_epoch_start called for epoch 33
[DEBUG CollapseMonitor] reset_temporal_state() called on loss function
Epoch 33: val_loss=0.929421067237854
Epoch 33: train_loss=0.9095468521118164

[CollapseMonitor] Epoch 33
  [DEBUG] Processed 9 batches from val_dataloader
  [DEBUG] Predictions shape after concat: (260,)
  [DEBUG] All predictions list length: 9
  [DEBUG] First batch shape: (32,)
  Pred std: 0.062874, range: 0.267719, mean: 0.290883
  Pos: 100.0%, Neg: 0.0%, Unique: 260
  Dir Acc: 60.77%, Pred Sharpe: 73.4423
  Composite: 0.4885 (dist_match: 0.6077, actual_pos: 60.8%, pred_pos: 100.0%)
  Collapse penalty: 0.000000 (threshold: 0.005000)
  Saved validation predictions to: experiments/06a_weekly_sweep/h16_enc12_d015_bs32/collapse_monitoring/val_predictions_epoch33.npy
  Gradient norms:
    lstm_encoder: 0.014155
    lstm_decoder: 0.009321
    output_layer: 0.265615
  VSN output std:
    encoder: 0.181629
  Attention entropy: 2.382230
  Saved to: experiments/06a_weekly_sweep/h16_enc12_d015_bs32/collapse_monitoring/collapse_monitor_latest.json
[DEBUG CollapseMonitor] on_validation_epoch_start called for epoch 34
[DEBUG CollapseMonitor] reset_temporal_state() called on loss function
Epoch 34: val_loss=0.9315164685249329
Epoch 34: train_loss=0.9026508927345276

[CollapseMonitor] Epoch 34
  [DEBUG] Processed 9 batches from val_dataloader
  [DEBUG] Predictions shape after concat: (260,)
  [DEBUG] All predictions list length: 9
  [DEBUG] First batch shape: (32,)
  Pred std: 0.049345, range: 0.241232, mean: 0.299752
  Pos: 100.0%, Neg: 0.0%, Unique: 260
  Dir Acc: 60.77%, Pred Sharpe: 96.4322
  Composite: 0.4885 (dist_match: 0.6077, actual_pos: 60.8%, pred_pos: 100.0%)
  Collapse penalty: 0.000000 (threshold: 0.005000)
  Saved validation predictions to: experiments/06a_weekly_sweep/h16_enc12_d015_bs32/collapse_monitoring/val_predictions_epoch34.npy
  Gradient norms:
    lstm_encoder: 0.013320
    lstm_decoder: 0.008826
    output_layer: 0.255419
  VSN output std:
    encoder: 0.180325
  Attention entropy: 2.409919
  Saved to: experiments/06a_weekly_sweep/h16_enc12_d015_bs32/collapse_monitoring/collapse_monitor_latest.json
[DEBUG CollapseMonitor] on_validation_epoch_start called for epoch 35
[DEBUG CollapseMonitor] reset_temporal_state() called on loss function
Epoch 35: val_loss=0.931065022945404
Epoch 35: train_loss=0.9074758887290955

[CollapseMonitor] Epoch 35
  [DEBUG] Processed 9 batches from val_dataloader
  [DEBUG] Predictions shape after concat: (260,)
  [DEBUG] All predictions list length: 9
  [DEBUG] First batch shape: (32,)
  Pred std: 0.037115, range: 0.198291, mean: 0.292768
  Pos: 100.0%, Neg: 0.0%, Unique: 260
  Dir Acc: 60.77%, Pred Sharpe: 125.2218
  Composite: 0.4885 (dist_match: 0.6077, actual_pos: 60.8%, pred_pos: 100.0%)
  Collapse penalty: 0.000000 (threshold: 0.005000)
  Saved validation predictions to: experiments/06a_weekly_sweep/h16_enc12_d015_bs32/collapse_monitoring/val_predictions_epoch35.npy
  Gradient norms:
    lstm_encoder: 0.014302
    lstm_decoder: 0.009298
    output_layer: 0.261722
  VSN output std:
    encoder: 0.180044
  Attention entropy: 2.420893
  Saved to: experiments/06a_weekly_sweep/h16_enc12_d015_bs32/collapse_monitoring/collapse_monitor_latest.json
[DEBUG CollapseMonitor] on_validation_epoch_start called for epoch 36
[DEBUG CollapseMonitor] reset_temporal_state() called on loss function
Epoch 36: val_loss=0.9292300343513489
Epoch 36: train_loss=0.9016067385673523

[CollapseMonitor] Epoch 36
  [DEBUG] Processed 9 batches from val_dataloader
  [DEBUG] Predictions shape after concat: (260,)
  [DEBUG] All predictions list length: 9
  [DEBUG] First batch shape: (32,)
  Pred std: 0.049845, range: 0.249301, mean: 0.285847
  Pos: 100.0%, Neg: 0.0%, Unique: 260
  Dir Acc: 60.77%, Pred Sharpe: 91.0360
  Composite: 0.4885 (dist_match: 0.6077, actual_pos: 60.8%, pred_pos: 100.0%)
  Collapse penalty: 0.000000 (threshold: 0.005000)
  Saved validation predictions to: experiments/06a_weekly_sweep/h16_enc12_d015_bs32/collapse_monitoring/val_predictions_epoch36.npy
  Gradient norms:
    lstm_encoder: 0.013590
    lstm_decoder: 0.009326
    output_layer: 0.266310
  VSN output std:
    encoder: 0.180043
  Attention entropy: 2.394299
  Saved to: experiments/06a_weekly_sweep/h16_enc12_d015_bs32/collapse_monitoring/collapse_monitor_latest.json
[DEBUG CollapseMonitor] on_validation_epoch_start called for epoch 37
[DEBUG CollapseMonitor] reset_temporal_state() called on loss function
Epoch 37: val_loss=0.9294270873069763
Epoch 37: train_loss=0.9065669178962708

[CollapseMonitor] Epoch 37
  [DEBUG] Processed 9 batches from val_dataloader
  [DEBUG] Predictions shape after concat: (260,)
  [DEBUG] All predictions list length: 9
  [DEBUG] First batch shape: (32,)
  Pred std: 0.051340, range: 0.256503, mean: 0.291541
  Pos: 100.0%, Neg: 0.0%, Unique: 260
  Dir Acc: 60.77%, Pred Sharpe: 90.1462
  Composite: 0.4885 (dist_match: 0.6077, actual_pos: 60.8%, pred_pos: 100.0%)
  Collapse penalty: 0.000000 (threshold: 0.005000)
  Saved validation predictions to: experiments/06a_weekly_sweep/h16_enc12_d015_bs32/collapse_monitoring/val_predictions_epoch37.npy
  Gradient norms:
    lstm_encoder: 0.015022
    lstm_decoder: 0.009892
    output_layer: 0.263992
  VSN output std:
    encoder: 0.180070
  Attention entropy: 2.406243
  Saved to: experiments/06a_weekly_sweep/h16_enc12_d015_bs32/collapse_monitoring/collapse_monitor_latest.json
[DEBUG CollapseMonitor] on_validation_epoch_start called for epoch 38
[DEBUG CollapseMonitor] reset_temporal_state() called on loss function
Epoch 38: val_loss=0.9295912981033325
Epoch 38: train_loss=0.9059692621231079

[CollapseMonitor] Epoch 38
  [DEBUG] Processed 9 batches from val_dataloader
  [DEBUG] Predictions shape after concat: (260,)
  [DEBUG] All predictions list length: 9
  [DEBUG] First batch shape: (32,)
  Pred std: 0.059745, range: 0.276400, mean: 0.292946
  Pos: 100.0%, Neg: 0.0%, Unique: 260
  Dir Acc: 60.77%, Pred Sharpe: 77.8372
  Composite: 0.4885 (dist_match: 0.6077, actual_pos: 60.8%, pred_pos: 100.0%)
  Collapse penalty: 0.000000 (threshold: 0.005000)
  Saved validation predictions to: experiments/06a_weekly_sweep/h16_enc12_d015_bs32/collapse_monitoring/val_predictions_epoch38.npy
  Gradient norms:
    lstm_encoder: 0.014718
    lstm_decoder: 0.009913
    output_layer: 0.280123
  VSN output std:
    encoder: 0.180027
  Attention entropy: 2.410133
  Saved to: experiments/06a_weekly_sweep/h16_enc12_d015_bs32/collapse_monitoring/collapse_monitor_latest.json
[DEBUG CollapseMonitor] on_validation_epoch_start called for epoch 39
[DEBUG CollapseMonitor] reset_temporal_state() called on loss function
Epoch 39: val_loss=0.9295347929000854
Epoch 39: train_loss=0.9081906080245972

[CollapseMonitor] Epoch 39
  [DEBUG] Processed 9 batches from val_dataloader
  [DEBUG] Predictions shape after concat: (260,)
  [DEBUG] All predictions list length: 9
  [DEBUG] First batch shape: (32,)
  Pred std: 0.058160, range: 0.267978, mean: 0.287217
  Pos: 100.0%, Neg: 0.0%, Unique: 260
  Dir Acc: 60.77%, Pred Sharpe: 78.3951
  Composite: 0.4885 (dist_match: 0.6077, actual_pos: 60.8%, pred_pos: 100.0%)
  Collapse penalty: 0.000000 (threshold: 0.005000)
  Saved validation predictions to: experiments/06a_weekly_sweep/h16_enc12_d015_bs32/collapse_monitoring/val_predictions_epoch39.npy
  Gradient norms:
    lstm_encoder: 0.015589
    lstm_decoder: 0.010289
    output_layer: 0.264111
  VSN output std:
    encoder: 0.179795
  Attention entropy: 2.409842
  Saved to: experiments/06a_weekly_sweep/h16_enc12_d015_bs32/collapse_monitoring/collapse_monitor_latest.json
[DEBUG CollapseMonitor] on_validation_epoch_start called for epoch 40
[DEBUG CollapseMonitor] reset_temporal_state() called on loss function
Epoch 40: val_loss=0.928692102432251
Epoch 40: train_loss=0.8986450433731079

[CollapseMonitor] Epoch 40
  [DEBUG] Processed 9 batches from val_dataloader
  [DEBUG] Predictions shape after concat: (260,)
  [DEBUG] All predictions list length: 9
  [DEBUG] First batch shape: (32,)
  Pred std: 0.051779, range: 0.248118, mean: 0.309514
  Pos: 100.0%, Neg: 0.0%, Unique: 260
  Dir Acc: 60.77%, Pred Sharpe: 94.8921
  Composite: 0.4885 (dist_match: 0.6077, actual_pos: 60.8%, pred_pos: 100.0%)
  Collapse penalty: 0.000000 (threshold: 0.005000)
  Saved validation predictions to: experiments/06a_weekly_sweep/h16_enc12_d015_bs32/collapse_monitoring/val_predictions_epoch40.npy
  Gradient norms:
    lstm_encoder: 0.014445
    lstm_decoder: 0.009392
    output_layer: 0.263352
  VSN output std:
    encoder: 0.179769
  Attention entropy: 2.407708
  Saved to: experiments/06a_weekly_sweep/h16_enc12_d015_bs32/collapse_monitoring/collapse_monitor_latest.json
[DEBUG CollapseMonitor] on_validation_epoch_start called for epoch 41
[DEBUG CollapseMonitor] reset_temporal_state() called on loss function
Epoch 41: val_loss=0.9297736287117004
Epoch 41: train_loss=0.9027122259140015

[CollapseMonitor] Epoch 41
  [DEBUG] Processed 9 batches from val_dataloader
  [DEBUG] Predictions shape after concat: (260,)
  [DEBUG] All predictions list length: 9
  [DEBUG] First batch shape: (32,)
  Pred std: 0.050838, range: 0.256982, mean: 0.305637
  Pos: 100.0%, Neg: 0.0%, Unique: 260
  Dir Acc: 60.77%, Pred Sharpe: 95.4366
  Composite: 0.4885 (dist_match: 0.6077, actual_pos: 60.8%, pred_pos: 100.0%)
  Collapse penalty: 0.000000 (threshold: 0.005000)
  Saved validation predictions to: experiments/06a_weekly_sweep/h16_enc12_d015_bs32/collapse_monitoring/val_predictions_epoch41.npy
  Gradient norms:
    lstm_encoder: 0.014510
    lstm_decoder: 0.009242
    output_layer: 0.252139
  VSN output std:
    encoder: 0.179671
  Attention entropy: 2.421896
  Saved to: experiments/06a_weekly_sweep/h16_enc12_d015_bs32/collapse_monitoring/collapse_monitor_latest.json
[DEBUG CollapseMonitor] on_validation_epoch_start called for epoch 42
[DEBUG CollapseMonitor] reset_temporal_state() called on loss function
Epoch 42: val_loss=0.9295920729637146
Epoch 42: train_loss=0.9020484685897827

[CollapseMonitor] Epoch 42
  [DEBUG] Processed 9 batches from val_dataloader
  [DEBUG] Predictions shape after concat: (260,)
  [DEBUG] All predictions list length: 9
  [DEBUG] First batch shape: (32,)
  Pred std: 0.046335, range: 0.237560, mean: 0.289250
  Pos: 100.0%, Neg: 0.0%, Unique: 259
  Dir Acc: 60.77%, Pred Sharpe: 99.0988
  Composite: 0.4885 (dist_match: 0.6077, actual_pos: 60.8%, pred_pos: 100.0%)
  Collapse penalty: 0.000000 (threshold: 0.005000)
  Saved validation predictions to: experiments/06a_weekly_sweep/h16_enc12_d015_bs32/collapse_monitoring/val_predictions_epoch42.npy
  Gradient norms:
    lstm_encoder: 0.014250
    lstm_decoder: 0.009699
    output_layer: 0.252088
  VSN output std:
    encoder: 0.179208
  Attention entropy: 2.419806
  Saved to: experiments/06a_weekly_sweep/h16_enc12_d015_bs32/collapse_monitoring/collapse_monitor_latest.json
[DEBUG CollapseMonitor] on_validation_epoch_start called for epoch 43
[DEBUG CollapseMonitor] reset_temporal_state() called on loss function
Epoch 43: val_loss=0.9294190406799316
Epoch 43: train_loss=0.9017326235771179

[CollapseMonitor] Epoch 43
  [DEBUG] Processed 9 batches from val_dataloader
  [DEBUG] Predictions shape after concat: (260,)
  [DEBUG] All predictions list length: 9
  [DEBUG] First batch shape: (32,)
  Pred std: 0.043832, range: 0.231138, mean: 0.304929
  Pos: 100.0%, Neg: 0.0%, Unique: 260
  Dir Acc: 60.77%, Pred Sharpe: 110.4347
  Composite: 0.4885 (dist_match: 0.6077, actual_pos: 60.8%, pred_pos: 100.0%)
  Collapse penalty: 0.000000 (threshold: 0.005000)
  Saved validation predictions to: experiments/06a_weekly_sweep/h16_enc12_d015_bs32/collapse_monitoring/val_predictions_epoch43.npy
  Gradient norms:
    lstm_encoder: 0.014614
    lstm_decoder: 0.009385
    output_layer: 0.251570
  VSN output std:
    encoder: 0.179635
  Attention entropy: 2.420708
  Saved to: experiments/06a_weekly_sweep/h16_enc12_d015_bs32/collapse_monitoring/collapse_monitor_latest.json
[DEBUG CollapseMonitor] on_validation_epoch_start called for epoch 44
[DEBUG CollapseMonitor] reset_temporal_state() called on loss function
Epoch 44: val_loss=0.9304449558258057
Epoch 44: train_loss=0.8967543244361877

[CollapseMonitor] Epoch 44
  [DEBUG] Processed 9 batches from val_dataloader
  [DEBUG] Predictions shape after concat: (260,)
  [DEBUG] All predictions list length: 9
  [DEBUG] First batch shape: (32,)
  Pred std: 0.042568, range: 0.217149, mean: 0.282882
  Pos: 100.0%, Neg: 0.0%, Unique: 260
  Dir Acc: 60.77%, Pred Sharpe: 105.4928
  Composite: 0.4885 (dist_match: 0.6077, actual_pos: 60.8%, pred_pos: 100.0%)
  Collapse penalty: 0.000000 (threshold: 0.005000)
  Saved validation predictions to: experiments/06a_weekly_sweep/h16_enc12_d015_bs32/collapse_monitoring/val_predictions_epoch44.npy
  Gradient norms:
    lstm_encoder: 0.013974
    lstm_decoder: 0.009543
    output_layer: 0.259152
  VSN output std:
    encoder: 0.179319
  Attention entropy: 2.420159
  Saved to: experiments/06a_weekly_sweep/h16_enc12_d015_bs32/collapse_monitoring/collapse_monitor_latest.json
[DEBUG CollapseMonitor] on_validation_epoch_start called for epoch 45
[DEBUG CollapseMonitor] reset_temporal_state() called on loss function
Epoch 45: val_loss=0.9295063018798828
Epoch 45: train_loss=0.9027959108352661

[CollapseMonitor] Epoch 45
  [DEBUG] Processed 9 batches from val_dataloader
  [DEBUG] Predictions shape after concat: (260,)
  [DEBUG] All predictions list length: 9
  [DEBUG] First batch shape: (32,)
  Pred std: 0.047429, range: 0.226281, mean: 0.288324
  Pos: 100.0%, Neg: 0.0%, Unique: 260
  Dir Acc: 60.77%, Pred Sharpe: 96.5030
  Composite: 0.4885 (dist_match: 0.6077, actual_pos: 60.8%, pred_pos: 100.0%)
  Collapse penalty: 0.000000 (threshold: 0.005000)
  Saved validation predictions to: experiments/06a_weekly_sweep/h16_enc12_d015_bs32/collapse_monitoring/val_predictions_epoch45.npy
  Gradient norms:
    lstm_encoder: 0.014569
    lstm_decoder: 0.009931
    output_layer: 0.277151
  VSN output std:
    encoder: 0.179554
  Attention entropy: 2.409163
  Saved to: experiments/06a_weekly_sweep/h16_enc12_d015_bs32/collapse_monitoring/collapse_monitor_latest.json
[DEBUG CollapseMonitor] on_validation_epoch_start called for epoch 46
[DEBUG CollapseMonitor] reset_temporal_state() called on loss function
Epoch 46: val_loss=0.9290643930435181
Epoch 46: train_loss=0.9040472507476807

[CollapseMonitor] Epoch 46
  [DEBUG] Processed 9 batches from val_dataloader
  [DEBUG] Predictions shape after concat: (260,)
  [DEBUG] All predictions list length: 9
  [DEBUG] First batch shape: (32,)
  Pred std: 0.047358, range: 0.223999, mean: 0.299535
  Pos: 100.0%, Neg: 0.0%, Unique: 260
  Dir Acc: 60.77%, Pred Sharpe: 100.4041
  Composite: 0.4885 (dist_match: 0.6077, actual_pos: 60.8%, pred_pos: 100.0%)
  Collapse penalty: 0.000000 (threshold: 0.005000)
  Saved validation predictions to: experiments/06a_weekly_sweep/h16_enc12_d015_bs32/collapse_monitoring/val_predictions_epoch46.npy
  Gradient norms:
    lstm_encoder: 0.014553
    lstm_decoder: 0.009549
    output_layer: 0.269262
  VSN output std:
    encoder: 0.179624
  Attention entropy: 2.409001
  Saved to: experiments/06a_weekly_sweep/h16_enc12_d015_bs32/collapse_monitoring/collapse_monitor_latest.json
[DEBUG CollapseMonitor] on_validation_epoch_start called for epoch 47
[DEBUG CollapseMonitor] reset_temporal_state() called on loss function
Epoch 47: val_loss=0.9288881421089172
Epoch 47: train_loss=0.8997430205345154

[CollapseMonitor] Epoch 47
  [DEBUG] Processed 9 batches from val_dataloader
  [DEBUG] Predictions shape after concat: (260,)
  [DEBUG] All predictions list length: 9
  [DEBUG] First batch shape: (32,)
  Pred std: 0.047414, range: 0.227554, mean: 0.303213
  Pos: 100.0%, Neg: 0.0%, Unique: 259
  Dir Acc: 60.77%, Pred Sharpe: 101.5176
  Composite: 0.4885 (dist_match: 0.6077, actual_pos: 60.8%, pred_pos: 100.0%)
  Collapse penalty: 0.000000 (threshold: 0.005000)
  Saved validation predictions to: experiments/06a_weekly_sweep/h16_enc12_d015_bs32/collapse_monitoring/val_predictions_epoch47.npy
  Gradient norms:
    lstm_encoder: 0.014851
    lstm_decoder: 0.010045
    output_layer: 0.277972
  VSN output std:
    encoder: 0.180012
  Attention entropy: 2.410970
  Saved to: experiments/06a_weekly_sweep/h16_enc12_d015_bs32/collapse_monitoring/collapse_monitor_latest.json
[DEBUG CollapseMonitor] on_validation_epoch_start called for epoch 48
[DEBUG CollapseMonitor] reset_temporal_state() called on loss function
Epoch 48: val_loss=0.9288087487220764
Epoch 48: train_loss=0.9030858278274536

[CollapseMonitor] Epoch 48
  [DEBUG] Processed 9 batches from val_dataloader
  [DEBUG] Predictions shape after concat: (260,)
  [DEBUG] All predictions list length: 9
  [DEBUG] First batch shape: (32,)
  Pred std: 0.048786, range: 0.229981, mean: 0.309529
  Pos: 100.0%, Neg: 0.0%, Unique: 258
  Dir Acc: 60.77%, Pred Sharpe: 100.7187
  Composite: 0.4885 (dist_match: 0.6077, actual_pos: 60.8%, pred_pos: 100.0%)
  Collapse penalty: 0.000000 (threshold: 0.005000)
  Saved validation predictions to: experiments/06a_weekly_sweep/h16_enc12_d015_bs32/collapse_monitoring/val_predictions_epoch48.npy
  Gradient norms:
    lstm_encoder: 0.015392
    lstm_decoder: 0.009889
    output_layer: 0.275158
  VSN output std:
    encoder: 0.180108
  Attention entropy: 2.408022
  Saved to: experiments/06a_weekly_sweep/h16_enc12_d015_bs32/collapse_monitoring/collapse_monitor_latest.json
[DEBUG CollapseMonitor] on_validation_epoch_start called for epoch 49
[DEBUG CollapseMonitor] reset_temporal_state() called on loss function
Epoch 49: val_loss=0.9288580417633057
Epoch 49: train_loss=0.9016650319099426

[CollapseMonitor] Epoch 49
  [DEBUG] Processed 9 batches from val_dataloader
  [DEBUG] Predictions shape after concat: (260,)
  [DEBUG] All predictions list length: 9
  [DEBUG] First batch shape: (32,)
  Pred std: 0.047864, range: 0.228876, mean: 0.318168
  Pos: 100.0%, Neg: 0.0%, Unique: 260
  Dir Acc: 60.77%, Pred Sharpe: 105.5234
  Composite: 0.4885 (dist_match: 0.6077, actual_pos: 60.8%, pred_pos: 100.0%)
  Collapse penalty: 0.000000 (threshold: 0.005000)
  Saved validation predictions to: experiments/06a_weekly_sweep/h16_enc12_d015_bs32/collapse_monitoring/val_predictions_epoch49.npy
  Gradient norms:
    lstm_encoder: 0.014537
    lstm_decoder: 0.009641
    output_layer: 0.255558
  VSN output std:
    encoder: 0.179984
  Attention entropy: 2.409998
  Saved to: experiments/06a_weekly_sweep/h16_enc12_d015_bs32/collapse_monitoring/collapse_monitor_latest.json
[DEBUG CollapseMonitor] on_validation_epoch_start called for epoch 50
[DEBUG CollapseMonitor] reset_temporal_state() called on loss function
Epoch 50: val_loss=0.9286870956420898
Epoch 50: train_loss=0.8981088399887085

[CollapseMonitor] Epoch 50
  [DEBUG] Processed 9 batches from val_dataloader
  [DEBUG] Predictions shape after concat: (260,)
  [DEBUG] All predictions list length: 9
  [DEBUG] First batch shape: (32,)
  Pred std: 0.049649, range: 0.230698, mean: 0.302294
  Pos: 100.0%, Neg: 0.0%, Unique: 260
  Dir Acc: 60.77%, Pred Sharpe: 96.6538
  Composite: 0.4885 (dist_match: 0.6077, actual_pos: 60.8%, pred_pos: 100.0%)
  Collapse penalty: 0.000000 (threshold: 0.005000)
  Saved validation predictions to: experiments/06a_weekly_sweep/h16_enc12_d015_bs32/collapse_monitoring/val_predictions_epoch50.npy
  Gradient norms:
    lstm_encoder: 0.013697
    lstm_decoder: 0.009434
    output_layer: 0.272998
  VSN output std:
    encoder: 0.179808
  Attention entropy: 2.403138
  Saved to: experiments/06a_weekly_sweep/h16_enc12_d015_bs32/collapse_monitoring/collapse_monitor_latest.json
[DEBUG CollapseMonitor] on_validation_epoch_start called for epoch 51
[DEBUG CollapseMonitor] reset_temporal_state() called on loss function
Epoch 51: val_loss=0.9285081624984741
Epoch 51: train_loss=0.8991649150848389

[CollapseMonitor] Epoch 51
  [DEBUG] Processed 9 batches from val_dataloader
  [DEBUG] Predictions shape after concat: (260,)
  [DEBUG] All predictions list length: 9
  [DEBUG] First batch shape: (32,)
  Pred std: 0.051470, range: 0.238509, mean: 0.297391
  Pos: 100.0%, Neg: 0.0%, Unique: 260
  Dir Acc: 60.77%, Pred Sharpe: 91.7225
  Composite: 0.4885 (dist_match: 0.6077, actual_pos: 60.8%, pred_pos: 100.0%)
  Collapse penalty: 0.000000 (threshold: 0.005000)
  Saved validation predictions to: experiments/06a_weekly_sweep/h16_enc12_d015_bs32/collapse_monitoring/val_predictions_epoch51.npy
  Gradient norms:
    lstm_encoder: 0.014409
    lstm_decoder: 0.009567
    output_layer: 0.254452
  VSN output std:
    encoder: 0.180102
  Attention entropy: 2.405272
  Saved to: experiments/06a_weekly_sweep/h16_enc12_d015_bs32/collapse_monitoring/collapse_monitor_latest.json
[DEBUG CollapseMonitor] on_validation_epoch_start called for epoch 52
[DEBUG CollapseMonitor] reset_temporal_state() called on loss function
Epoch 52: val_loss=0.9284968376159668
Epoch 52: train_loss=0.9004980325698853

[CollapseMonitor] Epoch 52
  [DEBUG] Processed 9 batches from val_dataloader
  [DEBUG] Predictions shape after concat: (260,)
  [DEBUG] All predictions list length: 9
  [DEBUG] First batch shape: (32,)
  Pred std: 0.050602, range: 0.241999, mean: 0.328078
  Pos: 100.0%, Neg: 0.0%, Unique: 259
  Dir Acc: 60.77%, Pred Sharpe: 102.9233
  Composite: 0.4885 (dist_match: 0.6077, actual_pos: 60.8%, pred_pos: 100.0%)
  Collapse penalty: 0.000000 (threshold: 0.005000)
  Saved validation predictions to: experiments/06a_weekly_sweep/h16_enc12_d015_bs32/collapse_monitoring/val_predictions_epoch52.npy
  Gradient norms:
    lstm_encoder: 0.016628
    lstm_decoder: 0.010887
    output_layer: 0.285138
  VSN output std:
    encoder: 0.180225
  Attention entropy: 2.411925
  Saved to: experiments/06a_weekly_sweep/h16_enc12_d015_bs32/collapse_monitoring/collapse_monitor_latest.json
[DEBUG CollapseMonitor] on_validation_epoch_start called for epoch 53
[DEBUG CollapseMonitor] reset_temporal_state() called on loss function
Epoch 53: val_loss=0.9286847710609436
Epoch 53: train_loss=0.8995233178138733

[CollapseMonitor] Epoch 53
  [DEBUG] Processed 9 batches from val_dataloader
  [DEBUG] Predictions shape after concat: (260,)
  [DEBUG] All predictions list length: 9
  [DEBUG] First batch shape: (32,)
  Pred std: 0.050477, range: 0.243367, mean: 0.324641
  Pos: 100.0%, Neg: 0.0%, Unique: 259
  Dir Acc: 60.77%, Pred Sharpe: 102.0959
  Composite: 0.4885 (dist_match: 0.6077, actual_pos: 60.8%, pred_pos: 100.0%)
  Collapse penalty: 0.000000 (threshold: 0.005000)
  Saved validation predictions to: experiments/06a_weekly_sweep/h16_enc12_d015_bs32/collapse_monitoring/val_predictions_epoch53.npy
  Gradient norms:
    lstm_encoder: 0.015168
    lstm_decoder: 0.009710
    output_layer: 0.253334
  VSN output std:
    encoder: 0.180242
  Attention entropy: 2.411863
  Saved to: experiments/06a_weekly_sweep/h16_enc12_d015_bs32/collapse_monitoring/collapse_monitor_latest.json
[DEBUG CollapseMonitor] on_validation_epoch_start called for epoch 54
[DEBUG CollapseMonitor] reset_temporal_state() called on loss function
Epoch 54: val_loss=0.9292406439781189
Epoch 54: train_loss=0.9018228054046631

[CollapseMonitor] Epoch 54
  [DEBUG] Processed 9 batches from val_dataloader
  [DEBUG] Predictions shape after concat: (260,)
  [DEBUG] All predictions list length: 9
  [DEBUG] First batch shape: (32,)
  Pred std: 0.048652, range: 0.239044, mean: 0.327113
  Pos: 100.0%, Neg: 0.0%, Unique: 260
  Dir Acc: 60.77%, Pred Sharpe: 106.7318
  Composite: 0.4885 (dist_match: 0.6077, actual_pos: 60.8%, pred_pos: 100.0%)
  Collapse penalty: 0.000000 (threshold: 0.005000)
  Saved validation predictions to: experiments/06a_weekly_sweep/h16_enc12_d015_bs32/collapse_monitoring/val_predictions_epoch54.npy
  Gradient norms:
    lstm_encoder: 0.014660
    lstm_decoder: 0.009812
    output_layer: 0.260510
  VSN output std:
    encoder: 0.179711
  Attention entropy: 2.416183
  Saved to: experiments/06a_weekly_sweep/h16_enc12_d015_bs32/collapse_monitoring/collapse_monitor_latest.json
[DEBUG CollapseMonitor] on_validation_epoch_start called for epoch 55
[DEBUG CollapseMonitor] reset_temporal_state() called on loss function
Epoch 55: val_loss=0.9295310974121094
Epoch 55: train_loss=0.8958996534347534

[CollapseMonitor] Epoch 55
  [DEBUG] Processed 9 batches from val_dataloader
  [DEBUG] Predictions shape after concat: (260,)
  [DEBUG] All predictions list length: 9
  [DEBUG] First batch shape: (32,)
  Pred std: 0.047291, range: 0.245637, mean: 0.335650
  Pos: 100.0%, Neg: 0.0%, Unique: 260
  Dir Acc: 60.77%, Pred Sharpe: 112.6690
  Composite: 0.4885 (dist_match: 0.6077, actual_pos: 60.8%, pred_pos: 100.0%)
  Collapse penalty: 0.000000 (threshold: 0.005000)
  Saved validation predictions to: experiments/06a_weekly_sweep/h16_enc12_d015_bs32/collapse_monitoring/val_predictions_epoch55.npy
  Gradient norms:
    lstm_encoder: 0.016187
    lstm_decoder: 0.010685
    output_layer: 0.273914
  VSN output std:
    encoder: 0.179461
  Attention entropy: 2.420588
  Saved to: experiments/06a_weekly_sweep/h16_enc12_d015_bs32/collapse_monitoring/collapse_monitor_latest.json
[DEBUG CollapseMonitor] on_validation_epoch_start called for epoch 56
[DEBUG CollapseMonitor] reset_temporal_state() called on loss function
Epoch 56: val_loss=0.9291695356369019
Epoch 56: train_loss=0.9009456038475037

[CollapseMonitor] Epoch 56
  [DEBUG] Processed 9 batches from val_dataloader
  [DEBUG] Predictions shape after concat: (260,)
  [DEBUG] All predictions list length: 9
  [DEBUG] First batch shape: (32,)
  Pred std: 0.048239, range: 0.249801, mean: 0.348024
  Pos: 100.0%, Neg: 0.0%, Unique: 260
  Dir Acc: 60.77%, Pred Sharpe: 114.5270
  Composite: 0.4885 (dist_match: 0.6077, actual_pos: 60.8%, pred_pos: 100.0%)
  Collapse penalty: 0.000000 (threshold: 0.005000)
  Saved validation predictions to: experiments/06a_weekly_sweep/h16_enc12_d015_bs32/collapse_monitoring/val_predictions_epoch56.npy
  Gradient norms:
    lstm_encoder: 0.015552
    lstm_decoder: 0.010166
    output_layer: 0.262993
  VSN output std:
    encoder: 0.179736
  Attention entropy: 2.419044
  Saved to: experiments/06a_weekly_sweep/h16_enc12_d015_bs32/collapse_monitoring/collapse_monitor_latest.json
[DEBUG CollapseMonitor] on_validation_epoch_start called for epoch 57
[DEBUG CollapseMonitor] reset_temporal_state() called on loss function
Epoch 57: val_loss=0.9290498495101929
Epoch 57: train_loss=0.8965168595314026

[CollapseMonitor] Epoch 57
  [DEBUG] Processed 9 batches from val_dataloader
  [DEBUG] Predictions shape after concat: (260,)
  [DEBUG] All predictions list length: 9
  [DEBUG] First batch shape: (32,)
  Pred std: 0.048747, range: 0.252845, mean: 0.344863
  Pos: 100.0%, Neg: 0.0%, Unique: 260
  Dir Acc: 60.77%, Pred Sharpe: 112.3051
  Composite: 0.4885 (dist_match: 0.6077, actual_pos: 60.8%, pred_pos: 100.0%)
  Collapse penalty: 0.000000 (threshold: 0.005000)
  Saved validation predictions to: experiments/06a_weekly_sweep/h16_enc12_d015_bs32/collapse_monitoring/val_predictions_epoch57.npy
  Gradient norms:
    lstm_encoder: 0.014891
    lstm_decoder: 0.009919
    output_layer: 0.272162
  VSN output std:
    encoder: 0.179840
  Attention entropy: 2.419608
  Saved to: experiments/06a_weekly_sweep/h16_enc12_d015_bs32/collapse_monitoring/collapse_monitor_latest.json
[DEBUG CollapseMonitor] on_validation_epoch_start called for epoch 58
[DEBUG CollapseMonitor] reset_temporal_state() called on loss function
Epoch 58: val_loss=0.9289806485176086
Epoch 58: train_loss=0.8968151807785034

[CollapseMonitor] Epoch 58
  [DEBUG] Processed 9 batches from val_dataloader
  [DEBUG] Predictions shape after concat: (260,)
  [DEBUG] All predictions list length: 9
  [DEBUG] First batch shape: (32,)
  Pred std: 0.048430, range: 0.254668, mean: 0.354142
  Pos: 100.0%, Neg: 0.0%, Unique: 259
  Dir Acc: 60.77%, Pred Sharpe: 116.0819
  Composite: 0.4885 (dist_match: 0.6077, actual_pos: 60.8%, pred_pos: 100.0%)
  Collapse penalty: 0.000000 (threshold: 0.005000)
  Saved validation predictions to: experiments/06a_weekly_sweep/h16_enc12_d015_bs32/collapse_monitoring/val_predictions_epoch58.npy
  Gradient norms:
    lstm_encoder: 0.014953
    lstm_decoder: 0.009457
    output_layer: 0.242904
  VSN output std:
    encoder: 0.179990
  Attention entropy: 2.421163
  Saved to: experiments/06a_weekly_sweep/h16_enc12_d015_bs32/collapse_monitoring/collapse_monitor_latest.json
[DEBUG CollapseMonitor] on_validation_epoch_start called for epoch 59
[DEBUG CollapseMonitor] reset_temporal_state() called on loss function
Epoch 59: val_loss=0.9292775392532349
Epoch 59: train_loss=0.8987091183662415

[CollapseMonitor] Epoch 59
  [DEBUG] Processed 9 batches from val_dataloader
  [DEBUG] Predictions shape after concat: (260,)
  [DEBUG] All predictions list length: 9
  [DEBUG] First batch shape: (32,)
  Pred std: 0.048940, range: 0.260052, mean: 0.345011
  Pos: 100.0%, Neg: 0.0%, Unique: 259
  Dir Acc: 60.77%, Pred Sharpe: 111.9109
  Composite: 0.4885 (dist_match: 0.6077, actual_pos: 60.8%, pred_pos: 100.0%)
  Collapse penalty: 0.000000 (threshold: 0.005000)
  Saved validation predictions to: experiments/06a_weekly_sweep/h16_enc12_d015_bs32/collapse_monitoring/val_predictions_epoch59.npy
  Gradient norms:
    lstm_encoder: 0.016538
    lstm_decoder: 0.010500
    output_layer: 0.268333
  VSN output std:
    encoder: 0.179883
  Attention entropy: 2.421004
  Saved to: experiments/06a_weekly_sweep/h16_enc12_d015_bs32/collapse_monitoring/collapse_monitor_latest.json
[DEBUG CollapseMonitor] on_validation_epoch_start called for epoch 60
[DEBUG CollapseMonitor] reset_temporal_state() called on loss function
Epoch 60: val_loss=0.9292169213294983
Epoch 60: train_loss=0.8933886885643005

[CollapseMonitor] Epoch 60
  [DEBUG] Processed 9 batches from val_dataloader
  [DEBUG] Predictions shape after concat: (260,)
  [DEBUG] All predictions list length: 9
  [DEBUG] First batch shape: (32,)
  Pred std: 0.049915, range: 0.268075, mean: 0.339886
  Pos: 100.0%, Neg: 0.0%, Unique: 260
  Dir Acc: 60.77%, Pred Sharpe: 108.0932
  Composite: 0.4885 (dist_match: 0.6077, actual_pos: 60.8%, pred_pos: 100.0%)
  Collapse penalty: 0.000000 (threshold: 0.005000)
  Saved validation predictions to: experiments/06a_weekly_sweep/h16_enc12_d015_bs32/collapse_monitoring/val_predictions_epoch60.npy
  Gradient norms:
    lstm_encoder: 0.014216
    lstm_decoder: 0.009562
    output_layer: 0.248861
  VSN output std:
    encoder: 0.179925
  Attention entropy: 2.420661
  Saved to: experiments/06a_weekly_sweep/h16_enc12_d015_bs32/collapse_monitoring/collapse_monitor_latest.json
[DEBUG CollapseMonitor] on_validation_epoch_start called for epoch 61
[DEBUG CollapseMonitor] reset_temporal_state() called on loss function
Epoch 61: val_loss=0.9293422698974609
Epoch 61: train_loss=0.9006175398826599

[CollapseMonitor] Epoch 61
  [DEBUG] Processed 9 batches from val_dataloader
  [DEBUG] Predictions shape after concat: (260,)
  [DEBUG] All predictions list length: 9
  [DEBUG] First batch shape: (32,)
  Pred std: 0.050029, range: 0.270965, mean: 0.329842
  Pos: 100.0%, Neg: 0.0%, Unique: 260
  Dir Acc: 60.77%, Pred Sharpe: 104.6613
  Composite: 0.4885 (dist_match: 0.6077, actual_pos: 60.8%, pred_pos: 100.0%)
  Collapse penalty: 0.000000 (threshold: 0.005000)
  Saved validation predictions to: experiments/06a_weekly_sweep/h16_enc12_d015_bs32/collapse_monitoring/val_predictions_epoch61.npy
  Gradient norms:
    lstm_encoder: 0.015368
    lstm_decoder: 0.010060
    output_layer: 0.262536
  VSN output std:
    encoder: 0.180150
  Attention entropy: 2.421235
  Saved to: experiments/06a_weekly_sweep/h16_enc12_d015_bs32/collapse_monitoring/collapse_monitor_latest.json
[DEBUG CollapseMonitor] on_validation_epoch_start called for epoch 62
[DEBUG CollapseMonitor] reset_temporal_state() called on loss function
Epoch 62: val_loss=0.9294532537460327
Epoch 62: train_loss=0.8970947265625

[CollapseMonitor] Epoch 62
  [DEBUG] Processed 9 batches from val_dataloader
  [DEBUG] Predictions shape after concat: (260,)
  [DEBUG] All predictions list length: 9
  [DEBUG] First batch shape: (32,)
  Pred std: 0.049441, range: 0.268410, mean: 0.329179
  Pos: 100.0%, Neg: 0.0%, Unique: 259
  Dir Acc: 60.77%, Pred Sharpe: 105.6929
  Composite: 0.4885 (dist_match: 0.6077, actual_pos: 60.8%, pred_pos: 100.0%)
  Collapse penalty: 0.000000 (threshold: 0.005000)
  Saved validation predictions to: experiments/06a_weekly_sweep/h16_enc12_d015_bs32/collapse_monitoring/val_predictions_epoch62.npy
  Gradient norms:
    lstm_encoder: 0.015257
    lstm_decoder: 0.009839
    output_layer: 0.251028
  VSN output std:
    encoder: 0.180113
  Attention entropy: 2.421869
  Saved to: experiments/06a_weekly_sweep/h16_enc12_d015_bs32/collapse_monitoring/collapse_monitor_latest.json
[DEBUG CollapseMonitor] on_validation_epoch_start called for epoch 63
[DEBUG CollapseMonitor] reset_temporal_state() called on loss function
Epoch 63: val_loss=0.9291682839393616
Epoch 63: train_loss=0.8985286355018616

[CollapseMonitor] Epoch 63
  [DEBUG] Processed 9 batches from val_dataloader
  [DEBUG] Predictions shape after concat: (260,)
  [DEBUG] All predictions list length: 9
  [DEBUG] First batch shape: (32,)
  Pred std: 0.051198, range: 0.276856, mean: 0.323563
  Pos: 100.0%, Neg: 0.0%, Unique: 260
  Dir Acc: 60.77%, Pred Sharpe: 100.3251
  Composite: 0.4885 (dist_match: 0.6077, actual_pos: 60.8%, pred_pos: 100.0%)
  Collapse penalty: 0.000000 (threshold: 0.005000)
  Saved validation predictions to: experiments/06a_weekly_sweep/h16_enc12_d015_bs32/collapse_monitoring/val_predictions_epoch63.npy
  Gradient norms:
    lstm_encoder: 0.015157
    lstm_decoder: 0.009544
    output_layer: 0.254499
  VSN output std:
    encoder: 0.180188
  Attention entropy: 2.418890
  Saved to: experiments/06a_weekly_sweep/h16_enc12_d015_bs32/collapse_monitoring/collapse_monitor_latest.json
[DEBUG CollapseMonitor] on_validation_epoch_start called for epoch 64
[DEBUG CollapseMonitor] reset_temporal_state() called on loss function
Epoch 64: val_loss=0.9289523959159851
Epoch 64: train_loss=0.8990431427955627

[CollapseMonitor] Epoch 64
  [DEBUG] Processed 9 batches from val_dataloader
  [DEBUG] Predictions shape after concat: (260,)
  [DEBUG] All predictions list length: 9
  [DEBUG] First batch shape: (32,)
  Pred std: 0.053024, range: 0.290361, mean: 0.323538
  Pos: 100.0%, Neg: 0.0%, Unique: 260
  Dir Acc: 60.77%, Pred Sharpe: 96.8619
  Composite: 0.4885 (dist_match: 0.6077, actual_pos: 60.8%, pred_pos: 100.0%)
  Collapse penalty: 0.000000 (threshold: 0.005000)
  Saved validation predictions to: experiments/06a_weekly_sweep/h16_enc12_d015_bs32/collapse_monitoring/val_predictions_epoch64.npy
  Gradient norms:
    lstm_encoder: 0.015139
    lstm_decoder: 0.010042
    output_layer: 0.267357
  VSN output std:
    encoder: 0.180145
  Attention entropy: 2.416191
  Saved to: experiments/06a_weekly_sweep/h16_enc12_d015_bs32/collapse_monitoring/collapse_monitor_latest.json
[DEBUG CollapseMonitor] on_validation_epoch_start called for epoch 65
[DEBUG CollapseMonitor] reset_temporal_state() called on loss function
Epoch 65: val_loss=0.9290416836738586
Epoch 65: train_loss=0.9005024433135986

[CollapseMonitor] Epoch 65
  [DEBUG] Processed 9 batches from val_dataloader
  [DEBUG] Predictions shape after concat: (260,)
  [DEBUG] All predictions list length: 9
  [DEBUG] First batch shape: (32,)
  Pred std: 0.052901, range: 0.286833, mean: 0.321065
  Pos: 100.0%, Neg: 0.0%, Unique: 260
  Dir Acc: 60.77%, Pred Sharpe: 96.3451
  Composite: 0.4885 (dist_match: 0.6077, actual_pos: 60.8%, pred_pos: 100.0%)
  Collapse penalty: 0.000000 (threshold: 0.005000)
  Saved validation predictions to: experiments/06a_weekly_sweep/h16_enc12_d015_bs32/collapse_monitoring/val_predictions_epoch65.npy
  Gradient norms:
    lstm_encoder: 0.014227
    lstm_decoder: 0.009377
    output_layer: 0.256726
  VSN output std:
    encoder: 0.180282
  Attention entropy: 2.416208
  Saved to: experiments/06a_weekly_sweep/h16_enc12_d015_bs32/collapse_monitoring/collapse_monitor_latest.json
[DEBUG CollapseMonitor] on_validation_epoch_start called for epoch 66
[DEBUG CollapseMonitor] reset_temporal_state() called on loss function
Epoch 66: val_loss=0.9292690753936768
Epoch 66: train_loss=0.9022203087806702

[CollapseMonitor] Epoch 66
  [DEBUG] Processed 9 batches from val_dataloader
  [DEBUG] Predictions shape after concat: (260,)
  [DEBUG] All predictions list length: 9
  [DEBUG] First batch shape: (32,)
  Pred std: 0.051512, range: 0.283458, mean: 0.317152
  Pos: 100.0%, Neg: 0.0%, Unique: 260
  Dir Acc: 60.77%, Pred Sharpe: 97.7372
  Composite: 0.4885 (dist_match: 0.6077, actual_pos: 60.8%, pred_pos: 100.0%)
  Collapse penalty: 0.000000 (threshold: 0.005000)
  Saved validation predictions to: experiments/06a_weekly_sweep/h16_enc12_d015_bs32/collapse_monitoring/val_predictions_epoch66.npy
  Gradient norms:
    lstm_encoder: 0.015303
    lstm_decoder: 0.010285
    output_layer: 0.274069
  VSN output std:
    encoder: 0.180178
  Attention entropy: 2.419198
  Saved to: experiments/06a_weekly_sweep/h16_enc12_d015_bs32/collapse_monitoring/collapse_monitor_latest.json
[DEBUG CollapseMonitor] on_validation_epoch_start called for epoch 67
[DEBUG CollapseMonitor] reset_temporal_state() called on loss function
Epoch 67: val_loss=0.9292839765548706
Epoch 67: train_loss=0.8938760161399841

[CollapseMonitor] Epoch 67
  [DEBUG] Processed 9 batches from val_dataloader
  [DEBUG] Predictions shape after concat: (260,)
  [DEBUG] All predictions list length: 9
  [DEBUG] First batch shape: (32,)
  Pred std: 0.050918, range: 0.280918, mean: 0.319976
  Pos: 100.0%, Neg: 0.0%, Unique: 260
  Dir Acc: 60.77%, Pred Sharpe: 99.7586
  Composite: 0.4885 (dist_match: 0.6077, actual_pos: 60.8%, pred_pos: 100.0%)
  Collapse penalty: 0.000000 (threshold: 0.005000)
  Saved validation predictions to: experiments/06a_weekly_sweep/h16_enc12_d015_bs32/collapse_monitoring/val_predictions_epoch67.npy
  Gradient norms:
    lstm_encoder: 0.016150
    lstm_decoder: 0.010671
    output_layer: 0.286709
  VSN output std:
    encoder: 0.180188
  Attention entropy: 2.420280
  Saved to: experiments/06a_weekly_sweep/h16_enc12_d015_bs32/collapse_monitoring/collapse_monitor_latest.json


======================================================================
Training complete
======================================================================

Best val_loss checkpoint: experiments/06a_weekly_sweep/h16_enc12_d015_bs32/checkpoints/tft-epoch=epoch=52-valloss=val_loss=0.9285.ckpt
Best validation loss: 0.928497
Checkpoints saved:
  - Best val_loss: experiments/06a_weekly_sweep/h16_enc12_d015_bs32/checkpoints/tft-epoch=epoch=52-valloss=val_loss=0.9285.ckpt
  - Best pred_std: experiments/06a_weekly_sweep/h16_enc12_d015_bs32/checkpoints/tft-epoch=epoch=32-predstd=val_pred_std=0.0680.ckpt
  - Best unique: experiments/06a_weekly_sweep/h16_enc12_d015_bs32/checkpoints/tft-epoch=epoch=00-unique=val_num_unique=260.ckpt
  - Best dir_acc: experiments/06a_weekly_sweep/h16_enc12_d015_bs32/checkpoints/tft-epoch=epoch=00-diracc=val_dir_acc=0.6077.ckpt
  - Best sharpe: experiments/06a_weekly_sweep/h16_enc12_d015_bs32/checkpoints/tft-epoch=epoch=24-sharpe=val_sharpe=190.4446.ckpt
  - Best composite: experiments/06a_weekly_sweep/h16_enc12_d015_bs32/checkpoints/tft-epoch=epoch=00-composite=val_composite=0.4885.ckpt
Completed at: 2025-11-29 20:48:30
Log saved to: experiments/06a_weekly_sweep/h16_enc12_d015_bs32/training_20251129_203923.log
======================================================================
