
[INFO] Using AUTO device selection.

[INFO] Patched matplotlib.Axes.errorbar to abs() negative yerr for robustness.
======================================================================
Training TFT: 02b_vintage_sweep/baseline_h20_drop0.20
======================================================================
Logging to: experiments/02b_vintage_sweep/baseline_h20_drop0.20/training_20251122_170447.log
Started at: 2025-11-22 17:04:47
======================================================================
Configuration saved to: experiments/02b_vintage_sweep/baseline_h20_drop0.20/config.json

Loading data splits...
Train: 6074 samples
Val: 1302 samples
Test: 1302 samples

Preparing TimeSeriesDataSet...

Dropping source columns (used for staleness only): ['CPI']

Final features for TFT: ['SP500_Returns', 'VIX', 'Treasury_10Y', 'Yield_Spread', 'Inflation_YoY']

======================================================================
FEATURE STATISTICS - BEFORE NORMALIZATION
======================================================================
VIX                             mean= 19.7438  std=  8.0295  min=  9.3100  max= 80.8600
Treasury_10Y                    mean=  4.7672  std=  1.6903  min=  1.4300  max=  8.3600
Yield_Spread                    mean=  1.2778  std=  0.9179  min= -0.5200  max=  2.9100
Inflation_YoY                   mean=  2.5322  std=  1.1865  min= -2.1498  max=  6.7300

======================================================================
FEATURES AFTER GROUPNORMALIZER (first batch, last timestep)
======================================================================
VIX                             normalized_value=  1.0000
Treasury_10Y                    normalized_value= -0.0500
Yield_Spread                    normalized_value=  0.0817
Inflation_YoY                   normalized_value=  0.8774
======================================================================

Batches per epoch: 94
[DEBUG] Validation batches: 21
[DEBUG] Validation dataset size: 1282
[DEBUG] Batch size: 64

Initializing model...

================================================================================
BASELINE MODEL FEATURE CONFIGURATION (after from_dataset)
================================================================================
tft.hparams.time_varying_reals_encoder: ['relative_time_idx', 'VIX', 'Treasury_10Y', 'Yield_Spread', 'Inflation_YoY']
  Count: 5

tft.hparams.time_varying_reals_decoder: ['relative_time_idx']
  Count: 1

tft.hparams.x_reals (all reals passed to model): ['encoder_length', 'relative_time_idx', 'VIX', 'Treasury_10Y', 'Yield_Spread', 'Inflation_YoY']
  Count: 6

Encoder VSN configuration:
  num_inputs: 5
  input_sizes: {'relative_time_idx': 16, 'VIX': 16, 'Treasury_10Y': 16, 'Yield_Spread': 16, 'Inflation_YoY': 16}
  flattened_grn.fc1: in_features=80, out_features=5
  → Params in fc1: 400 (should be 5*16*5=400 if 5 features)
================================================================================


>>> Using standard QuantileLoss (no distribution penalties)
Model parameters: 31,557

Starting training...
Checkpoints will be saved to: experiments/02b_vintage_sweep/baseline_h20_drop0.20/checkpoints/
Logs will be saved to: experiments/02b_vintage_sweep/baseline_h20_drop0.20/logs/

Epoch 0: val_loss=N/A
Epoch 0: val_loss=0.558229386806488
Epoch 0: train_loss=0.6427234411239624

[CollapseMonitor] Epoch 0
  [DEBUG] Processed 21 batches from val_dataloader
  [DEBUG] Predictions shape after concat: (1282,)
  [DEBUG] All predictions list length: 21
  [DEBUG] First batch shape: (64,)
  Pred std: 0.026813, range: 0.135679, mean: 0.223073
  Pos: 100.0%, Neg: 0.0%, Unique: 1259
  Saved validation predictions to: experiments/02b_vintage_sweep/baseline_h20_drop0.20/collapse_monitoring/val_predictions_epoch0.npy
  Gradient norms:
    lstm_encoder: 0.010615
    lstm_decoder: 0.008920
    multihead_attn: 0.010548
    output_layer: 0.630698
  VSN output std:
    encoder: 0.247370
  Attention entropy: 2.993141
  Saved to: experiments/02b_vintage_sweep/baseline_h20_drop0.20/collapse_monitoring/collapse_monitor_epoch0.json
Epoch 1: val_loss=0.48560193181037903
Epoch 1: train_loss=0.5510819554328918

[CollapseMonitor] Epoch 1
  [DEBUG] Processed 21 batches from val_dataloader
  [DEBUG] Predictions shape after concat: (1282,)
  [DEBUG] All predictions list length: 21
  [DEBUG] First batch shape: (64,)
  Pred std: 0.008660, range: 0.054328, mean: 0.115982
  Pos: 100.0%, Neg: 0.0%, Unique: 1246
  Saved validation predictions to: experiments/02b_vintage_sweep/baseline_h20_drop0.20/collapse_monitoring/val_predictions_epoch1.npy
  Gradient norms:
    lstm_encoder: 0.007203
    lstm_decoder: 0.006235
    multihead_attn: 0.007247
    output_layer: 0.407970
  VSN output std:
    encoder: 0.248893
  Attention entropy: 2.993276
  Saved to: experiments/02b_vintage_sweep/baseline_h20_drop0.20/collapse_monitoring/collapse_monitor_epoch1.json
Epoch 2: val_loss=0.4586242437362671
Epoch 2: train_loss=0.49195119738578796

[CollapseMonitor] Epoch 2
  [DEBUG] Processed 21 batches from val_dataloader
  [DEBUG] Predictions shape after concat: (1282,)
  [DEBUG] All predictions list length: 21
  [DEBUG] First batch shape: (64,)
  Pred std: 0.009664, range: 0.051002, mean: 0.121051
  Pos: 100.0%, Neg: 0.0%, Unique: 1240
  Saved validation predictions to: experiments/02b_vintage_sweep/baseline_h20_drop0.20/collapse_monitoring/val_predictions_epoch2.npy
  Gradient norms:
    lstm_encoder: 0.004118
    lstm_decoder: 0.003831
    multihead_attn: 0.004926
    output_layer: 0.210612
  VSN output std:
    encoder: 0.244927
  Attention entropy: 2.992309
  Saved to: experiments/02b_vintage_sweep/baseline_h20_drop0.20/collapse_monitoring/collapse_monitor_epoch2.json
Epoch 3: val_loss=0.45278388261795044
Epoch 3: train_loss=0.4702896475791931

[CollapseMonitor] Epoch 3
  [DEBUG] Processed 21 batches from val_dataloader
  [DEBUG] Predictions shape after concat: (1282,)
  [DEBUG] All predictions list length: 21
  [DEBUG] First batch shape: (64,)
  Pred std: 0.007240, range: 0.037719, mean: 0.098911
  Pos: 100.0%, Neg: 0.0%, Unique: 1237
  Saved validation predictions to: experiments/02b_vintage_sweep/baseline_h20_drop0.20/collapse_monitoring/val_predictions_epoch3.npy
  Gradient norms:
    lstm_encoder: 0.003285
    lstm_decoder: 0.003220
    multihead_attn: 0.003632
    output_layer: 0.126378
  VSN output std:
    encoder: 0.238765
  Attention entropy: 2.991531
  Saved to: experiments/02b_vintage_sweep/baseline_h20_drop0.20/collapse_monitoring/collapse_monitor_epoch3.json
Epoch 4: val_loss=0.4507003128528595
Epoch 4: train_loss=0.46099311113357544

[CollapseMonitor] Epoch 4
  [DEBUG] Processed 21 batches from val_dataloader
  [DEBUG] Predictions shape after concat: (1282,)
  [DEBUG] All predictions list length: 21
  [DEBUG] First batch shape: (64,)
  Pred std: 0.006637, range: 0.032898, mean: 0.073627
  Pos: 100.0%, Neg: 0.0%, Unique: 1230
  Saved validation predictions to: experiments/02b_vintage_sweep/baseline_h20_drop0.20/collapse_monitoring/val_predictions_epoch4.npy
  Gradient norms:
    lstm_encoder: 0.003233
    lstm_decoder: 0.003506
    multihead_attn: 0.003047
    output_layer: 0.113756
  VSN output std:
    encoder: 0.232293
  Attention entropy: 2.990717
  Saved to: experiments/02b_vintage_sweep/baseline_h20_drop0.20/collapse_monitoring/collapse_monitor_epoch4.json
Epoch 5: val_loss=0.449322909116745
Epoch 5: train_loss=0.45702654123306274

[CollapseMonitor] Epoch 5
  [DEBUG] Processed 21 batches from val_dataloader
  [DEBUG] Predictions shape after concat: (1282,)
  [DEBUG] All predictions list length: 21
  [DEBUG] First batch shape: (64,)
  Pred std: 0.007019, range: 0.034537, mean: 0.096327
  Pos: 100.0%, Neg: 0.0%, Unique: 1226
  Saved validation predictions to: experiments/02b_vintage_sweep/baseline_h20_drop0.20/collapse_monitoring/val_predictions_epoch5.npy
  Gradient norms:
    lstm_encoder: 0.003075
    lstm_decoder: 0.003288
    multihead_attn: 0.002671
    output_layer: 0.110659
  VSN output std:
    encoder: 0.230654
  Attention entropy: 2.991130
  Saved to: experiments/02b_vintage_sweep/baseline_h20_drop0.20/collapse_monitoring/collapse_monitor_epoch5.json
Epoch 6: val_loss=0.44864338636398315
Epoch 6: train_loss=0.4544811546802521

[CollapseMonitor] Epoch 6
  [DEBUG] Processed 21 batches from val_dataloader
  [DEBUG] Predictions shape after concat: (1282,)
  [DEBUG] All predictions list length: 21
  [DEBUG] First batch shape: (64,)
  Pred std: 0.007846, range: 0.041624, mean: 0.067428
  Pos: 100.0%, Neg: 0.0%, Unique: 1234
  Saved validation predictions to: experiments/02b_vintage_sweep/baseline_h20_drop0.20/collapse_monitoring/val_predictions_epoch6.npy
  Gradient norms:
    lstm_encoder: 0.003005
    lstm_decoder: 0.003352
    multihead_attn: 0.002623
    output_layer: 0.108286
  VSN output std:
    encoder: 0.221778
  Attention entropy: 2.990502
  Saved to: experiments/02b_vintage_sweep/baseline_h20_drop0.20/collapse_monitoring/collapse_monitor_epoch6.json
Epoch 7: val_loss=0.44659820199012756
Epoch 7: train_loss=0.45143094658851624

[CollapseMonitor] Epoch 7
  [DEBUG] Processed 21 batches from val_dataloader
  [DEBUG] Predictions shape after concat: (1282,)
  [DEBUG] All predictions list length: 21
  [DEBUG] First batch shape: (64,)
  Pred std: 0.008980, range: 0.046676, mean: 0.073893
  Pos: 100.0%, Neg: 0.0%, Unique: 1249
  Saved validation predictions to: experiments/02b_vintage_sweep/baseline_h20_drop0.20/collapse_monitoring/val_predictions_epoch7.npy
  Gradient norms:
    lstm_encoder: 0.003251
    lstm_decoder: 0.003331
    multihead_attn: 0.002784
    output_layer: 0.106742
  VSN output std:
    encoder: 0.222948
  Attention entropy: 2.991545
  Saved to: experiments/02b_vintage_sweep/baseline_h20_drop0.20/collapse_monitoring/collapse_monitor_epoch7.json
Epoch 8: val_loss=0.4410632848739624
Epoch 8: train_loss=0.4496772587299347

[CollapseMonitor] Epoch 8
  [DEBUG] Processed 21 batches from val_dataloader
  [DEBUG] Predictions shape after concat: (1282,)
  [DEBUG] All predictions list length: 21
  [DEBUG] First batch shape: (64,)
  Pred std: 0.013172, range: 0.064457, mean: 0.090973
  Pos: 100.0%, Neg: 0.0%, Unique: 1266
  Saved validation predictions to: experiments/02b_vintage_sweep/baseline_h20_drop0.20/collapse_monitoring/val_predictions_epoch8.npy
  Gradient norms:
    lstm_encoder: 0.003568
    lstm_decoder: 0.003497
    multihead_attn: 0.003413
    output_layer: 0.107552
  VSN output std:
    encoder: 0.192779
  Attention entropy: 2.990001
  Saved to: experiments/02b_vintage_sweep/baseline_h20_drop0.20/collapse_monitoring/collapse_monitor_epoch8.json
Epoch 9: val_loss=0.4392283260822296
Epoch 9: train_loss=0.4470312297344208

[CollapseMonitor] Epoch 9
  [DEBUG] Processed 21 batches from val_dataloader
  [DEBUG] Predictions shape after concat: (1282,)
  [DEBUG] All predictions list length: 21
  [DEBUG] First batch shape: (64,)
  Pred std: 0.011153, range: 0.067175, mean: 0.079627
  Pos: 100.0%, Neg: 0.0%, Unique: 1258
  Saved validation predictions to: experiments/02b_vintage_sweep/baseline_h20_drop0.20/collapse_monitoring/val_predictions_epoch9.npy
  Gradient norms:
    lstm_encoder: 0.003631
    lstm_decoder: 0.003259
    multihead_attn: 0.003900
    output_layer: 0.100563
  VSN output std:
    encoder: 0.203954
  Attention entropy: 2.990819
  Saved to: experiments/02b_vintage_sweep/baseline_h20_drop0.20/collapse_monitoring/collapse_monitor_epoch9.json
Epoch 10: val_loss=0.4337698221206665
Epoch 10: train_loss=0.44418320059776306

[CollapseMonitor] Epoch 10
  [DEBUG] Processed 21 batches from val_dataloader
  [DEBUG] Predictions shape after concat: (1282,)
  [DEBUG] All predictions list length: 21
  [DEBUG] First batch shape: (64,)
  Pred std: 0.014911, range: 0.100348, mean: 0.066157
  Pos: 99.6%, Neg: 0.4%, Unique: 1256
  Saved validation predictions to: experiments/02b_vintage_sweep/baseline_h20_drop0.20/collapse_monitoring/val_predictions_epoch10.npy
  Gradient norms:
    lstm_encoder: 0.003672
    lstm_decoder: 0.003228
    multihead_attn: 0.003997
    output_layer: 0.102687
  VSN output std:
    encoder: 0.201787
  Attention entropy: 2.986455
  Saved to: experiments/02b_vintage_sweep/baseline_h20_drop0.20/collapse_monitoring/collapse_monitor_epoch10.json
Epoch 11: val_loss=0.43485915660858154
Epoch 11: train_loss=0.4414520263671875

[CollapseMonitor] Epoch 11
  [DEBUG] Processed 21 batches from val_dataloader
  [DEBUG] Predictions shape after concat: (1282,)
  [DEBUG] All predictions list length: 21
  [DEBUG] First batch shape: (64,)
  Pred std: 0.012192, range: 0.054239, mean: 0.056712
  Pos: 100.0%, Neg: 0.0%, Unique: 1263
  Saved validation predictions to: experiments/02b_vintage_sweep/baseline_h20_drop0.20/collapse_monitoring/val_predictions_epoch11.npy
  Gradient norms:
    lstm_encoder: 0.003801
    lstm_decoder: 0.003412
    multihead_attn: 0.004058
    output_layer: 0.106667
  VSN output std:
    encoder: 0.200242
  Attention entropy: 2.989853
  Saved to: experiments/02b_vintage_sweep/baseline_h20_drop0.20/collapse_monitoring/collapse_monitor_epoch11.json
Epoch 12: val_loss=0.43164315819740295
Epoch 12: train_loss=0.4396764934062958

[CollapseMonitor] Epoch 12
  [DEBUG] Processed 21 batches from val_dataloader
  [DEBUG] Predictions shape after concat: (1282,)
  [DEBUG] All predictions list length: 21
  [DEBUG] First batch shape: (64,)
  Pred std: 0.010581, range: 0.058815, mean: 0.096060
  Pos: 100.0%, Neg: 0.0%, Unique: 1249
  Saved validation predictions to: experiments/02b_vintage_sweep/baseline_h20_drop0.20/collapse_monitoring/val_predictions_epoch12.npy
  Gradient norms:
    lstm_encoder: 0.003737
    lstm_decoder: 0.003266
    multihead_attn: 0.004049
    output_layer: 0.107175
  VSN output std:
    encoder: 0.197134
  Attention entropy: 2.989637
  Saved to: experiments/02b_vintage_sweep/baseline_h20_drop0.20/collapse_monitoring/collapse_monitor_epoch12.json
Epoch 13: val_loss=0.43157902359962463
Epoch 13: train_loss=0.4367772042751312

[CollapseMonitor] Epoch 13
  [DEBUG] Processed 21 batches from val_dataloader
  [DEBUG] Predictions shape after concat: (1282,)
  [DEBUG] All predictions list length: 21
  [DEBUG] First batch shape: (64,)
  Pred std: 0.010896, range: 0.058233, mean: 0.034071
  Pos: 100.0%, Neg: 0.0%, Unique: 1256
  Saved validation predictions to: experiments/02b_vintage_sweep/baseline_h20_drop0.20/collapse_monitoring/val_predictions_epoch13.npy
  Gradient norms:
    lstm_encoder: 0.004013
    lstm_decoder: 0.003264
    multihead_attn: 0.004248
    output_layer: 0.103605
  VSN output std:
    encoder: 0.198184
  Attention entropy: 2.989179
  Saved to: experiments/02b_vintage_sweep/baseline_h20_drop0.20/collapse_monitoring/collapse_monitor_epoch13.json
Epoch 14: val_loss=0.42974328994750977
Epoch 14: train_loss=0.43707361817359924

[CollapseMonitor] Epoch 14
  [DEBUG] Processed 21 batches from val_dataloader
  [DEBUG] Predictions shape after concat: (1282,)
  [DEBUG] All predictions list length: 21
  [DEBUG] First batch shape: (64,)
  Pred std: 0.010356, range: 0.062861, mean: 0.059531
  Pos: 100.0%, Neg: 0.0%, Unique: 1260
  Saved validation predictions to: experiments/02b_vintage_sweep/baseline_h20_drop0.20/collapse_monitoring/val_predictions_epoch14.npy
  Gradient norms:
    lstm_encoder: 0.004093
    lstm_decoder: 0.003297
    multihead_attn: 0.004453
    output_layer: 0.102126
  VSN output std:
    encoder: 0.194044
  Attention entropy: 2.987239
  Saved to: experiments/02b_vintage_sweep/baseline_h20_drop0.20/collapse_monitoring/collapse_monitor_epoch14.json
Epoch 15: val_loss=0.42763715982437134
Epoch 15: train_loss=0.4351825714111328

[CollapseMonitor] Epoch 15
  [DEBUG] Processed 21 batches from val_dataloader
  [DEBUG] Predictions shape after concat: (1282,)
  [DEBUG] All predictions list length: 21
  [DEBUG] First batch shape: (64,)
  Pred std: 0.011912, range: 0.068679, mean: 0.062324
  Pos: 100.0%, Neg: 0.0%, Unique: 1246
  Saved validation predictions to: experiments/02b_vintage_sweep/baseline_h20_drop0.20/collapse_monitoring/val_predictions_epoch15.npy
  Gradient norms:
    lstm_encoder: 0.004390
    lstm_decoder: 0.003470
    multihead_attn: 0.004608
    output_layer: 0.098646
  VSN output std:
    encoder: 0.193643
  Attention entropy: 2.985525
  Saved to: experiments/02b_vintage_sweep/baseline_h20_drop0.20/collapse_monitoring/collapse_monitor_epoch15.json
Epoch 16: val_loss=0.4273340702056885
Epoch 16: train_loss=0.43529075384140015

[CollapseMonitor] Epoch 16
  [DEBUG] Processed 21 batches from val_dataloader
  [DEBUG] Predictions shape after concat: (1282,)
  [DEBUG] All predictions list length: 21
  [DEBUG] First batch shape: (64,)
  Pred std: 0.009913, range: 0.065884, mean: 0.032103
  Pos: 100.0%, Neg: 0.0%, Unique: 1250
  Saved validation predictions to: experiments/02b_vintage_sweep/baseline_h20_drop0.20/collapse_monitoring/val_predictions_epoch16.npy
  Gradient norms:
    lstm_encoder: 0.004785
    lstm_decoder: 0.003806
    multihead_attn: 0.004515
    output_layer: 0.111632
  VSN output std:
    encoder: 0.192168
  Attention entropy: 2.981869
  Saved to: experiments/02b_vintage_sweep/baseline_h20_drop0.20/collapse_monitoring/collapse_monitor_epoch16.json
Epoch 17: val_loss=0.4256756603717804
Epoch 17: train_loss=0.4338822066783905

[CollapseMonitor] Epoch 17
  [DEBUG] Processed 21 batches from val_dataloader
  [DEBUG] Predictions shape after concat: (1282,)
  [DEBUG] All predictions list length: 21
  [DEBUG] First batch shape: (64,)
  Pred std: 0.012646, range: 0.079148, mean: 0.110791
  Pos: 100.0%, Neg: 0.0%, Unique: 1249
  Saved validation predictions to: experiments/02b_vintage_sweep/baseline_h20_drop0.20/collapse_monitoring/val_predictions_epoch17.npy
  Gradient norms:
    lstm_encoder: 0.004703
    lstm_decoder: 0.003662
    multihead_attn: 0.004186
    output_layer: 0.105248
  VSN output std:
    encoder: 0.193669
  Attention entropy: 2.976800
  Saved to: experiments/02b_vintage_sweep/baseline_h20_drop0.20/collapse_monitoring/collapse_monitor_epoch17.json
Epoch 18: val_loss=0.4238944947719574
Epoch 18: train_loss=0.43295052647590637

[CollapseMonitor] Epoch 18
  [DEBUG] Processed 21 batches from val_dataloader
  [DEBUG] Predictions shape after concat: (1282,)
  [DEBUG] All predictions list length: 21
  [DEBUG] First batch shape: (64,)
  Pred std: 0.011147, range: 0.071211, mean: 0.064495
  Pos: 100.0%, Neg: 0.0%, Unique: 1247
  Saved validation predictions to: experiments/02b_vintage_sweep/baseline_h20_drop0.20/collapse_monitoring/val_predictions_epoch18.npy
  Gradient norms:
    lstm_encoder: 0.005276
    lstm_decoder: 0.003943
    multihead_attn: 0.004405
    output_layer: 0.107880
  VSN output std:
    encoder: 0.190451
  Attention entropy: 2.974719
  Saved to: experiments/02b_vintage_sweep/baseline_h20_drop0.20/collapse_monitoring/collapse_monitor_epoch18.json
Epoch 19: val_loss=0.42284247279167175
Epoch 19: train_loss=0.4303828775882721

[CollapseMonitor] Epoch 19
  [DEBUG] Processed 21 batches from val_dataloader
  [DEBUG] Predictions shape after concat: (1282,)
  [DEBUG] All predictions list length: 21
  [DEBUG] First batch shape: (64,)
  Pred std: 0.011107, range: 0.072070, mean: 0.055349
  Pos: 100.0%, Neg: 0.0%, Unique: 1252
  Saved validation predictions to: experiments/02b_vintage_sweep/baseline_h20_drop0.20/collapse_monitoring/val_predictions_epoch19.npy
  Gradient norms:
    lstm_encoder: 0.005191
    lstm_decoder: 0.003888
    multihead_attn: 0.004334
    output_layer: 0.103331
  VSN output std:
    encoder: 0.190266
  Attention entropy: 2.967196
  Saved to: experiments/02b_vintage_sweep/baseline_h20_drop0.20/collapse_monitoring/collapse_monitor_epoch19.json
Epoch 20: val_loss=0.4220047891139984
Epoch 20: train_loss=0.4303392171859741

[CollapseMonitor] Epoch 20
  [DEBUG] Processed 21 batches from val_dataloader
  [DEBUG] Predictions shape after concat: (1282,)
  [DEBUG] All predictions list length: 21
  [DEBUG] First batch shape: (64,)
  Pred std: 0.009805, range: 0.070083, mean: 0.030837
  Pos: 100.0%, Neg: 0.0%, Unique: 1258
  Saved validation predictions to: experiments/02b_vintage_sweep/baseline_h20_drop0.20/collapse_monitoring/val_predictions_epoch20.npy
  Gradient norms:
    lstm_encoder: 0.005640
    lstm_decoder: 0.004048
    multihead_attn: 0.004351
    output_layer: 0.103262
  VSN output std:
    encoder: 0.187281
  Attention entropy: 2.964258
  Saved to: experiments/02b_vintage_sweep/baseline_h20_drop0.20/collapse_monitoring/collapse_monitor_epoch20.json
Epoch 21: val_loss=0.4216289520263672
Epoch 21: train_loss=0.43001580238342285

[CollapseMonitor] Epoch 21
  [DEBUG] Processed 21 batches from val_dataloader
  [DEBUG] Predictions shape after concat: (1282,)
  [DEBUG] All predictions list length: 21
  [DEBUG] First batch shape: (64,)
  Pred std: 0.015153, range: 0.102753, mean: 0.072914
  Pos: 100.0%, Neg: 0.0%, Unique: 1249
  Saved validation predictions to: experiments/02b_vintage_sweep/baseline_h20_drop0.20/collapse_monitoring/val_predictions_epoch21.npy
  Gradient norms:
    lstm_encoder: 0.005799
    lstm_decoder: 0.004145
    multihead_attn: 0.004030
    output_layer: 0.106443
  VSN output std:
    encoder: 0.179572
  Attention entropy: 2.962562
  Saved to: experiments/02b_vintage_sweep/baseline_h20_drop0.20/collapse_monitoring/collapse_monitor_epoch21.json
Epoch 22: val_loss=0.41969549655914307
Epoch 22: train_loss=0.42964354157447815

[CollapseMonitor] Epoch 22
  [DEBUG] Processed 21 batches from val_dataloader
  [DEBUG] Predictions shape after concat: (1282,)
  [DEBUG] All predictions list length: 21
  [DEBUG] First batch shape: (64,)
  Pred std: 0.015828, range: 0.094253, mean: 0.033777
  Pos: 100.0%, Neg: 0.0%, Unique: 1246
  Saved validation predictions to: experiments/02b_vintage_sweep/baseline_h20_drop0.20/collapse_monitoring/val_predictions_epoch22.npy
  Gradient norms:
    lstm_encoder: 0.006264
    lstm_decoder: 0.004403
    multihead_attn: 0.004411
    output_layer: 0.109352
  VSN output std:
    encoder: 0.175560
  Attention entropy: 2.960530
  Saved to: experiments/02b_vintage_sweep/baseline_h20_drop0.20/collapse_monitoring/collapse_monitor_epoch22.json
Epoch 23: val_loss=0.4185566306114197
Epoch 23: train_loss=0.4272739589214325

[CollapseMonitor] Epoch 23
  [DEBUG] Processed 21 batches from val_dataloader
  [DEBUG] Predictions shape after concat: (1282,)
  [DEBUG] All predictions list length: 21
  [DEBUG] First batch shape: (64,)
  Pred std: 0.012007, range: 0.081692, mean: 0.060821
  Pos: 100.0%, Neg: 0.0%, Unique: 1257
  Saved validation predictions to: experiments/02b_vintage_sweep/baseline_h20_drop0.20/collapse_monitoring/val_predictions_epoch23.npy
  Gradient norms:
    lstm_encoder: 0.006687
    lstm_decoder: 0.004638
    multihead_attn: 0.004513
    output_layer: 0.107480
  VSN output std:
    encoder: 0.176737
  Attention entropy: 2.949565
  Saved to: experiments/02b_vintage_sweep/baseline_h20_drop0.20/collapse_monitoring/collapse_monitor_epoch23.json
Epoch 24: val_loss=0.41589513421058655
Epoch 24: train_loss=0.42827147245407104

[CollapseMonitor] Epoch 24
  [DEBUG] Processed 21 batches from val_dataloader
  [DEBUG] Predictions shape after concat: (1282,)
  [DEBUG] All predictions list length: 21
  [DEBUG] First batch shape: (64,)
  Pred std: 0.009276, range: 0.068889, mean: 0.091559
  Pos: 100.0%, Neg: 0.0%, Unique: 1252
  Saved validation predictions to: experiments/02b_vintage_sweep/baseline_h20_drop0.20/collapse_monitoring/val_predictions_epoch24.npy
  Gradient norms:
    lstm_encoder: 0.006664
    lstm_decoder: 0.004396
    multihead_attn: 0.004144
    output_layer: 0.102672
  VSN output std:
    encoder: 0.178437
  Attention entropy: 2.936319
  Saved to: experiments/02b_vintage_sweep/baseline_h20_drop0.20/collapse_monitoring/collapse_monitor_epoch24.json
Epoch 25: val_loss=0.416316956281662
Epoch 25: train_loss=0.42786481976509094

[CollapseMonitor] Epoch 25
  [DEBUG] Processed 21 batches from val_dataloader
  [DEBUG] Predictions shape after concat: (1282,)
  [DEBUG] All predictions list length: 21
  [DEBUG] First batch shape: (64,)
  Pred std: 0.011527, range: 0.083106, mean: 0.065453
  Pos: 100.0%, Neg: 0.0%, Unique: 1256
  Saved validation predictions to: experiments/02b_vintage_sweep/baseline_h20_drop0.20/collapse_monitoring/val_predictions_epoch25.npy
  Gradient norms:
    lstm_encoder: 0.006772
    lstm_decoder: 0.004550
    multihead_attn: 0.004119
    output_layer: 0.099090
  VSN output std:
    encoder: 0.173628
  Attention entropy: 2.939849
  Saved to: experiments/02b_vintage_sweep/baseline_h20_drop0.20/collapse_monitoring/collapse_monitor_epoch25.json
Epoch 26: val_loss=0.4164476692676544
Epoch 26: train_loss=0.42670896649360657

[CollapseMonitor] Epoch 26
  [DEBUG] Processed 21 batches from val_dataloader
  [DEBUG] Predictions shape after concat: (1282,)
  [DEBUG] All predictions list length: 21
  [DEBUG] First batch shape: (64,)
  Pred std: 0.011696, range: 0.087072, mean: 0.054256
  Pos: 100.0%, Neg: 0.0%, Unique: 1232
  Saved validation predictions to: experiments/02b_vintage_sweep/baseline_h20_drop0.20/collapse_monitoring/val_predictions_epoch26.npy
  Gradient norms:
    lstm_encoder: 0.007046
    lstm_decoder: 0.004730
    multihead_attn: 0.003854
    output_layer: 0.103176
  VSN output std:
    encoder: 0.173911
  Attention entropy: 2.939832
  Saved to: experiments/02b_vintage_sweep/baseline_h20_drop0.20/collapse_monitoring/collapse_monitor_epoch26.json
Epoch 27: val_loss=0.4160442054271698
Epoch 27: train_loss=0.4261718988418579

[CollapseMonitor] Epoch 27
  [DEBUG] Processed 21 batches from val_dataloader
  [DEBUG] Predictions shape after concat: (1282,)
  [DEBUG] All predictions list length: 21
  [DEBUG] First batch shape: (64,)
  Pred std: 0.013417, range: 0.101182, mean: 0.098425
  Pos: 100.0%, Neg: 0.0%, Unique: 1251
  Saved validation predictions to: experiments/02b_vintage_sweep/baseline_h20_drop0.20/collapse_monitoring/val_predictions_epoch27.npy
  Gradient norms:
    lstm_encoder: 0.007772
    lstm_decoder: 0.004905
    multihead_attn: 0.003710
    output_layer: 0.106025
  VSN output std:
    encoder: 0.170617
  Attention entropy: 2.941883
  Saved to: experiments/02b_vintage_sweep/baseline_h20_drop0.20/collapse_monitoring/collapse_monitor_epoch27.json
Epoch 28: val_loss=0.41416695713996887
Epoch 28: train_loss=0.42597949504852295

[CollapseMonitor] Epoch 28
  [DEBUG] Processed 21 batches from val_dataloader
  [DEBUG] Predictions shape after concat: (1282,)
  [DEBUG] All predictions list length: 21
  [DEBUG] First batch shape: (64,)
  Pred std: 0.020300, range: 0.116529, mean: 0.010936
  Pos: 73.3%, Neg: 26.7%, Unique: 1265
  Saved validation predictions to: experiments/02b_vintage_sweep/baseline_h20_drop0.20/collapse_monitoring/val_predictions_epoch28.npy
  Gradient norms:
    lstm_encoder: 0.008012
    lstm_decoder: 0.005002
    multihead_attn: 0.003696
    output_layer: 0.104451
  VSN output std:
    encoder: 0.164106
  Attention entropy: 2.936668
  Saved to: experiments/02b_vintage_sweep/baseline_h20_drop0.20/collapse_monitoring/collapse_monitor_epoch28.json
Epoch 29: val_loss=0.41230443120002747
Epoch 29: train_loss=0.4253462255001068

[CollapseMonitor] Epoch 29
  [DEBUG] Processed 21 batches from val_dataloader
  [DEBUG] Predictions shape after concat: (1282,)
  [DEBUG] All predictions list length: 21
  [DEBUG] First batch shape: (64,)
  Pred std: 0.018241, range: 0.112374, mean: 0.045240
  Pos: 100.0%, Neg: 0.0%, Unique: 1256
  Saved validation predictions to: experiments/02b_vintage_sweep/baseline_h20_drop0.20/collapse_monitoring/val_predictions_epoch29.npy
  Gradient norms:
    lstm_encoder: 0.008220
    lstm_decoder: 0.005185
    multihead_attn: 0.003514
    output_layer: 0.106626
  VSN output std:
    encoder: 0.159847
  Attention entropy: 2.921302
  Saved to: experiments/02b_vintage_sweep/baseline_h20_drop0.20/collapse_monitoring/collapse_monitor_epoch29.json
Epoch 30: val_loss=0.40899163484573364
Epoch 30: train_loss=0.4244668781757355

[CollapseMonitor] Epoch 30
  [DEBUG] Processed 21 batches from val_dataloader
  [DEBUG] Predictions shape after concat: (1282,)
  [DEBUG] All predictions list length: 21
  [DEBUG] First batch shape: (64,)
  Pred std: 0.009524, range: 0.068487, mean: 0.047922
  Pos: 100.0%, Neg: 0.0%, Unique: 1252
  Saved validation predictions to: experiments/02b_vintage_sweep/baseline_h20_drop0.20/collapse_monitoring/val_predictions_epoch30.npy
  Gradient norms:
    lstm_encoder: 0.008728
    lstm_decoder: 0.005462
    multihead_attn: 0.003709
    output_layer: 0.112475
  VSN output std:
    encoder: 0.160765
  Attention entropy: 2.897730
  Saved to: experiments/02b_vintage_sweep/baseline_h20_drop0.20/collapse_monitoring/collapse_monitor_epoch30.json
Epoch 31: val_loss=0.4090082049369812
Epoch 31: train_loss=0.424205482006073

[CollapseMonitor] Epoch 31
  [DEBUG] Processed 21 batches from val_dataloader
  [DEBUG] Predictions shape after concat: (1282,)
  [DEBUG] All predictions list length: 21
  [DEBUG] First batch shape: (64,)
  Pred std: 0.007553, range: 0.063048, mean: 0.064568
  Pos: 100.0%, Neg: 0.0%, Unique: 1248
  Saved validation predictions to: experiments/02b_vintage_sweep/baseline_h20_drop0.20/collapse_monitoring/val_predictions_epoch31.npy
  Gradient norms:
    lstm_encoder: 0.009060
    lstm_decoder: 0.005388
    multihead_attn: 0.003769
    output_layer: 0.107405
  VSN output std:
    encoder: 0.161857
  Attention entropy: 2.899519
  Saved to: experiments/02b_vintage_sweep/baseline_h20_drop0.20/collapse_monitoring/collapse_monitor_epoch31.json
Epoch 32: val_loss=0.4085295796394348
Epoch 32: train_loss=0.42361435294151306

[CollapseMonitor] Epoch 32
  [DEBUG] Processed 21 batches from val_dataloader
  [DEBUG] Predictions shape after concat: (1282,)
  [DEBUG] All predictions list length: 21
  [DEBUG] First batch shape: (64,)
  Pred std: 0.013901, range: 0.102994, mean: 0.037913
  Pos: 100.0%, Neg: 0.0%, Unique: 1229
  Saved validation predictions to: experiments/02b_vintage_sweep/baseline_h20_drop0.20/collapse_monitoring/val_predictions_epoch32.npy
  Gradient norms:
    lstm_encoder: 0.009455
    lstm_decoder: 0.005688
    multihead_attn: 0.003806
    output_layer: 0.108670
  VSN output std:
    encoder: 0.156800
  Attention entropy: 2.910241
  Saved to: experiments/02b_vintage_sweep/baseline_h20_drop0.20/collapse_monitoring/collapse_monitor_epoch32.json
Epoch 33: val_loss=0.40725985169410706
Epoch 33: train_loss=0.4226182997226715

[CollapseMonitor] Epoch 33
  [DEBUG] Processed 21 batches from val_dataloader
  [DEBUG] Predictions shape after concat: (1282,)
  [DEBUG] All predictions list length: 21
  [DEBUG] First batch shape: (64,)
  Pred std: 0.016368, range: 0.115324, mean: 0.038713
  Pos: 100.0%, Neg: 0.0%, Unique: 1251
  Saved validation predictions to: experiments/02b_vintage_sweep/baseline_h20_drop0.20/collapse_monitoring/val_predictions_epoch33.npy
  Gradient norms:
    lstm_encoder: 0.009408
    lstm_decoder: 0.005500
    multihead_attn: 0.003537
    output_layer: 0.105303
  VSN output std:
    encoder: 0.156374
  Attention entropy: 2.899750
  Saved to: experiments/02b_vintage_sweep/baseline_h20_drop0.20/collapse_monitoring/collapse_monitor_epoch33.json
Epoch 34: val_loss=0.4074890911579132
Epoch 34: train_loss=0.4231764078140259

[CollapseMonitor] Epoch 34
  [DEBUG] Processed 21 batches from val_dataloader
  [DEBUG] Predictions shape after concat: (1282,)
  [DEBUG] All predictions list length: 21
  [DEBUG] First batch shape: (64,)
  Pred std: 0.018146, range: 0.128593, mean: 0.048675
  Pos: 100.0%, Neg: 0.0%, Unique: 1247
  Saved validation predictions to: experiments/02b_vintage_sweep/baseline_h20_drop0.20/collapse_monitoring/val_predictions_epoch34.npy
  Gradient norms:
    lstm_encoder: 0.010504
    lstm_decoder: 0.005752
    multihead_attn: 0.003504
    output_layer: 0.098285
  VSN output std:
    encoder: 0.155562
  Attention entropy: 2.896873
  Saved to: experiments/02b_vintage_sweep/baseline_h20_drop0.20/collapse_monitoring/collapse_monitor_epoch34.json
Epoch 35: val_loss=0.40667200088500977
Epoch 35: train_loss=0.42283162474632263

[CollapseMonitor] Epoch 35
  [DEBUG] Processed 21 batches from val_dataloader
  [DEBUG] Predictions shape after concat: (1282,)
  [DEBUG] All predictions list length: 21
  [DEBUG] First batch shape: (64,)
  Pred std: 0.023249, range: 0.170266, mean: 0.088350
  Pos: 100.0%, Neg: 0.0%, Unique: 1256
  Saved validation predictions to: experiments/02b_vintage_sweep/baseline_h20_drop0.20/collapse_monitoring/val_predictions_epoch35.npy
  Gradient norms:
    lstm_encoder: 0.011228
    lstm_decoder: 0.006017
    multihead_attn: 0.003437
    output_layer: 0.106555
  VSN output std:
    encoder: 0.153970
  Attention entropy: 2.902548
  Saved to: experiments/02b_vintage_sweep/baseline_h20_drop0.20/collapse_monitoring/collapse_monitor_epoch35.json
Epoch 36: val_loss=0.40634283423423767
Epoch 36: train_loss=0.4225051999092102

[CollapseMonitor] Epoch 36
  [DEBUG] Processed 21 batches from val_dataloader
  [DEBUG] Predictions shape after concat: (1282,)
  [DEBUG] All predictions list length: 21
  [DEBUG] First batch shape: (64,)
  Pred std: 0.017412, range: 0.131090, mean: 0.049906
  Pos: 100.0%, Neg: 0.0%, Unique: 1248
  Saved validation predictions to: experiments/02b_vintage_sweep/baseline_h20_drop0.20/collapse_monitoring/val_predictions_epoch36.npy
  Gradient norms:
    lstm_encoder: 0.011632
    lstm_decoder: 0.006036
    multihead_attn: 0.003357
    output_layer: 0.101871
  VSN output std:
    encoder: 0.153901
  Attention entropy: 2.908330
  Saved to: experiments/02b_vintage_sweep/baseline_h20_drop0.20/collapse_monitoring/collapse_monitor_epoch36.json
Epoch 37: val_loss=0.40394580364227295
Epoch 37: train_loss=0.42133229970932007

[CollapseMonitor] Epoch 37
  [DEBUG] Processed 21 batches from val_dataloader
  [DEBUG] Predictions shape after concat: (1282,)
  [DEBUG] All predictions list length: 21
  [DEBUG] First batch shape: (64,)
  Pred std: 0.031216, range: 0.186070, mean: 0.033302
  Pos: 100.0%, Neg: 0.0%, Unique: 1252
  Saved validation predictions to: experiments/02b_vintage_sweep/baseline_h20_drop0.20/collapse_monitoring/val_predictions_epoch37.npy
  Gradient norms:
    lstm_encoder: 0.011845
    lstm_decoder: 0.006291
    multihead_attn: 0.003012
    output_layer: 0.114360
  VSN output std:
    encoder: 0.152955
  Attention entropy: 2.895094
  Saved to: experiments/02b_vintage_sweep/baseline_h20_drop0.20/collapse_monitoring/collapse_monitor_epoch37.json
Epoch 38: val_loss=0.40589791536331177
Epoch 38: train_loss=0.42243674397468567

[CollapseMonitor] Epoch 38
  [DEBUG] Processed 21 batches from val_dataloader
  [DEBUG] Predictions shape after concat: (1282,)
  [DEBUG] All predictions list length: 21
  [DEBUG] First batch shape: (64,)
  Pred std: 0.023414, range: 0.160710, mean: 0.075439
  Pos: 100.0%, Neg: 0.0%, Unique: 1251
  Saved validation predictions to: experiments/02b_vintage_sweep/baseline_h20_drop0.20/collapse_monitoring/val_predictions_epoch38.npy
  Gradient norms:
    lstm_encoder: 0.012803
    lstm_decoder: 0.006419
    multihead_attn: 0.003185
    output_layer: 0.102480
  VSN output std:
    encoder: 0.152550
  Attention entropy: 2.913181
  Saved to: experiments/02b_vintage_sweep/baseline_h20_drop0.20/collapse_monitoring/collapse_monitor_epoch38.json
Epoch 39: val_loss=0.40276914834976196
Epoch 39: train_loss=0.42173051834106445

[CollapseMonitor] Epoch 39
  [DEBUG] Processed 21 batches from val_dataloader
  [DEBUG] Predictions shape after concat: (1282,)
  [DEBUG] All predictions list length: 21
  [DEBUG] First batch shape: (64,)
  Pred std: 0.026372, range: 0.176856, mean: 0.072003
  Pos: 100.0%, Neg: 0.0%, Unique: 1264
  Saved validation predictions to: experiments/02b_vintage_sweep/baseline_h20_drop0.20/collapse_monitoring/val_predictions_epoch39.npy
  Gradient norms:
    lstm_encoder: 0.013197
    lstm_decoder: 0.006352
    multihead_attn: 0.003173
    output_layer: 0.105599
  VSN output std:
    encoder: 0.155873
  Attention entropy: 2.906751
  Saved to: experiments/02b_vintage_sweep/baseline_h20_drop0.20/collapse_monitoring/collapse_monitor_epoch39.json
Epoch 40: val_loss=0.403476744890213
Epoch 40: train_loss=0.42179709672927856

[CollapseMonitor] Epoch 40
  [DEBUG] Processed 21 batches from val_dataloader
  [DEBUG] Predictions shape after concat: (1282,)
  [DEBUG] All predictions list length: 21
  [DEBUG] First batch shape: (64,)
  Pred std: 0.032552, range: 0.204402, mean: 0.056832
  Pos: 100.0%, Neg: 0.0%, Unique: 1264
  Saved validation predictions to: experiments/02b_vintage_sweep/baseline_h20_drop0.20/collapse_monitoring/val_predictions_epoch40.npy
  Gradient norms:
    lstm_encoder: 0.013877
    lstm_decoder: 0.006615
    multihead_attn: 0.003197
    output_layer: 0.105025
  VSN output std:
    encoder: 0.155186
  Attention entropy: 2.907904
  Saved to: experiments/02b_vintage_sweep/baseline_h20_drop0.20/collapse_monitoring/collapse_monitor_epoch40.json
Epoch 41: val_loss=0.4026899039745331
Epoch 41: train_loss=0.42163196206092834

[CollapseMonitor] Epoch 41
  [DEBUG] Processed 21 batches from val_dataloader
  [DEBUG] Predictions shape after concat: (1282,)
  [DEBUG] All predictions list length: 21
  [DEBUG] First batch shape: (64,)
  Pred std: 0.028567, range: 0.188661, mean: 0.090852
  Pos: 100.0%, Neg: 0.0%, Unique: 1265
  Saved validation predictions to: experiments/02b_vintage_sweep/baseline_h20_drop0.20/collapse_monitoring/val_predictions_epoch41.npy
  Gradient norms:
    lstm_encoder: 0.014363
    lstm_decoder: 0.006406
    multihead_attn: 0.003134
    output_layer: 0.097647
  VSN output std:
    encoder: 0.153546
  Attention entropy: 2.899095
  Saved to: experiments/02b_vintage_sweep/baseline_h20_drop0.20/collapse_monitoring/collapse_monitor_epoch41.json
Epoch 42: val_loss=0.40316519141197205
Epoch 42: train_loss=0.421776682138443

[CollapseMonitor] Epoch 42
  [DEBUG] Processed 21 batches from val_dataloader
  [DEBUG] Predictions shape after concat: (1282,)
  [DEBUG] All predictions list length: 21
  [DEBUG] First batch shape: (64,)
  Pred std: 0.034487, range: 0.218575, mean: 0.031961
  Pos: 100.0%, Neg: 0.0%, Unique: 1267
  Saved validation predictions to: experiments/02b_vintage_sweep/baseline_h20_drop0.20/collapse_monitoring/val_predictions_epoch42.npy
  Gradient norms:
    lstm_encoder: 0.015416
    lstm_decoder: 0.006666
    multihead_attn: 0.003099
    output_layer: 0.099480
  VSN output std:
    encoder: 0.152644
  Attention entropy: 2.893508
  Saved to: experiments/02b_vintage_sweep/baseline_h20_drop0.20/collapse_monitoring/collapse_monitor_epoch42.json
Epoch 43: val_loss=0.4040921628475189
Epoch 43: train_loss=0.42083773016929626

[CollapseMonitor] Epoch 43
  [DEBUG] Processed 21 batches from val_dataloader
  [DEBUG] Predictions shape after concat: (1282,)
  [DEBUG] All predictions list length: 21
  [DEBUG] First batch shape: (64,)
  Pred std: 0.029367, range: 0.202853, mean: 0.064175
  Pos: 100.0%, Neg: 0.0%, Unique: 1260
  Saved validation predictions to: experiments/02b_vintage_sweep/baseline_h20_drop0.20/collapse_monitoring/val_predictions_epoch43.npy
  Gradient norms:
    lstm_encoder: 0.016713
    lstm_decoder: 0.006989
    multihead_attn: 0.003248
    output_layer: 0.106150
  VSN output std:
    encoder: 0.153233
  Attention entropy: 2.899779
  Saved to: experiments/02b_vintage_sweep/baseline_h20_drop0.20/collapse_monitoring/collapse_monitor_epoch43.json
Epoch 44: val_loss=0.40369799733161926
Epoch 44: train_loss=0.4210081994533539

[CollapseMonitor] Epoch 44
  [DEBUG] Processed 21 batches from val_dataloader
  [DEBUG] Predictions shape after concat: (1282,)
  [DEBUG] All predictions list length: 21
  [DEBUG] First batch shape: (64,)
  Pred std: 0.022851, range: 0.176175, mean: 0.050391
  Pos: 100.0%, Neg: 0.0%, Unique: 1262
  Saved validation predictions to: experiments/02b_vintage_sweep/baseline_h20_drop0.20/collapse_monitoring/val_predictions_epoch44.npy
  Gradient norms:
    lstm_encoder: 0.018264
    lstm_decoder: 0.007408
    multihead_attn: 0.003427
    output_layer: 0.101083
  VSN output std:
    encoder: 0.152000
  Attention entropy: 2.894437
  Saved to: experiments/02b_vintage_sweep/baseline_h20_drop0.20/collapse_monitoring/collapse_monitor_epoch44.json
Epoch 45: val_loss=0.4020572900772095
Epoch 45: train_loss=0.4216458201408386

[CollapseMonitor] Epoch 45
  [DEBUG] Processed 21 batches from val_dataloader
  [DEBUG] Predictions shape after concat: (1282,)
  [DEBUG] All predictions list length: 21
  [DEBUG] First batch shape: (64,)
  Pred std: 0.028221, range: 0.218684, mean: 0.043069
  Pos: 100.0%, Neg: 0.0%, Unique: 1268
  Saved validation predictions to: experiments/02b_vintage_sweep/baseline_h20_drop0.20/collapse_monitoring/val_predictions_epoch45.npy
  Gradient norms:
    lstm_encoder: 0.018061
    lstm_decoder: 0.007344
    multihead_attn: 0.003139
    output_layer: 0.096063
  VSN output std:
    encoder: 0.152945
  Attention entropy: 2.902414
  Saved to: experiments/02b_vintage_sweep/baseline_h20_drop0.20/collapse_monitoring/collapse_monitor_epoch45.json
Epoch 46: val_loss=0.40182337164878845
Epoch 46: train_loss=0.42028674483299255

[CollapseMonitor] Epoch 46
  [DEBUG] Processed 21 batches from val_dataloader
  [DEBUG] Predictions shape after concat: (1282,)
  [DEBUG] All predictions list length: 21
  [DEBUG] First batch shape: (64,)
  Pred std: 0.027486, range: 0.214973, mean: 0.046762
  Pos: 100.0%, Neg: 0.0%, Unique: 1257
  Saved validation predictions to: experiments/02b_vintage_sweep/baseline_h20_drop0.20/collapse_monitoring/val_predictions_epoch46.npy
  Gradient norms:
    lstm_encoder: 0.018668
    lstm_decoder: 0.007176
    multihead_attn: 0.003283
    output_layer: 0.104699
  VSN output std:
    encoder: 0.153309
  Attention entropy: 2.900038
  Saved to: experiments/02b_vintage_sweep/baseline_h20_drop0.20/collapse_monitoring/collapse_monitor_epoch46.json
Epoch 47: val_loss=0.4005696773529053
Epoch 47: train_loss=0.4206208884716034

[CollapseMonitor] Epoch 47
  [DEBUG] Processed 21 batches from val_dataloader
  [DEBUG] Predictions shape after concat: (1282,)
  [DEBUG] All predictions list length: 21
  [DEBUG] First batch shape: (64,)
  Pred std: 0.037331, range: 0.252170, mean: 0.071900
  Pos: 100.0%, Neg: 0.0%, Unique: 1265
  Saved validation predictions to: experiments/02b_vintage_sweep/baseline_h20_drop0.20/collapse_monitoring/val_predictions_epoch47.npy
  Gradient norms:
    lstm_encoder: 0.019185
    lstm_decoder: 0.007393
    multihead_attn: 0.002968
    output_layer: 0.102522
  VSN output std:
    encoder: 0.153356
  Attention entropy: 2.902263
  Saved to: experiments/02b_vintage_sweep/baseline_h20_drop0.20/collapse_monitoring/collapse_monitor_epoch47.json
Epoch 48: val_loss=0.40008682012557983
Epoch 48: train_loss=0.4197979271411896

[CollapseMonitor] Epoch 48
  [DEBUG] Processed 21 batches from val_dataloader
  [DEBUG] Predictions shape after concat: (1282,)
  [DEBUG] All predictions list length: 21
  [DEBUG] First batch shape: (64,)
  Pred std: 0.033812, range: 0.234452, mean: 0.038068
  Pos: 100.0%, Neg: 0.0%, Unique: 1261
  Saved validation predictions to: experiments/02b_vintage_sweep/baseline_h20_drop0.20/collapse_monitoring/val_predictions_epoch48.npy
  Gradient norms:
    lstm_encoder: 0.021373
    lstm_decoder: 0.008055
    multihead_attn: 0.003010
    output_layer: 0.101608
  VSN output std:
    encoder: 0.153827
  Attention entropy: 2.900386
  Saved to: experiments/02b_vintage_sweep/baseline_h20_drop0.20/collapse_monitoring/collapse_monitor_epoch48.json
Epoch 49: val_loss=0.4013788104057312
Epoch 49: train_loss=0.42017263174057007

[CollapseMonitor] Epoch 49
  [DEBUG] Processed 21 batches from val_dataloader
  [DEBUG] Predictions shape after concat: (1282,)
  [DEBUG] All predictions list length: 21
  [DEBUG] First batch shape: (64,)
  Pred std: 0.027988, range: 0.230969, mean: 0.096514
  Pos: 100.0%, Neg: 0.0%, Unique: 1266
  Saved validation predictions to: experiments/02b_vintage_sweep/baseline_h20_drop0.20/collapse_monitoring/val_predictions_epoch49.npy
  Gradient norms:
    lstm_encoder: 0.022341
    lstm_decoder: 0.007951
    multihead_attn: 0.002988
    output_layer: 0.103952
  VSN output std:
    encoder: 0.152617
  Attention entropy: 2.910065
  Saved to: experiments/02b_vintage_sweep/baseline_h20_drop0.20/collapse_monitoring/collapse_monitor_epoch49.json
Epoch 50: val_loss=0.4002745449542999
Epoch 50: train_loss=0.41955575346946716

[CollapseMonitor] Epoch 50
  [DEBUG] Processed 21 batches from val_dataloader
  [DEBUG] Predictions shape after concat: (1282,)
  [DEBUG] All predictions list length: 21
  [DEBUG] First batch shape: (64,)
  Pred std: 0.037359, range: 0.260506, mean: 0.099356
  Pos: 100.0%, Neg: 0.0%, Unique: 1267
  Saved validation predictions to: experiments/02b_vintage_sweep/baseline_h20_drop0.20/collapse_monitoring/val_predictions_epoch50.npy
  Gradient norms:
    lstm_encoder: 0.022580
    lstm_decoder: 0.007717
    multihead_attn: 0.002954
    output_layer: 0.102136
  VSN output std:
    encoder: 0.155066
  Attention entropy: 2.913385
  Saved to: experiments/02b_vintage_sweep/baseline_h20_drop0.20/collapse_monitoring/collapse_monitor_epoch50.json
Epoch 51: val_loss=0.4009145200252533
Epoch 51: train_loss=0.4198879599571228

[CollapseMonitor] Epoch 51
  [DEBUG] Processed 21 batches from val_dataloader
  [DEBUG] Predictions shape after concat: (1282,)
  [DEBUG] All predictions list length: 21
  [DEBUG] First batch shape: (64,)
  Pred std: 0.037900, range: 0.279076, mean: 0.062462
  Pos: 100.0%, Neg: 0.0%, Unique: 1271
  Saved validation predictions to: experiments/02b_vintage_sweep/baseline_h20_drop0.20/collapse_monitoring/val_predictions_epoch51.npy
  Gradient norms:
    lstm_encoder: 0.022512
    lstm_decoder: 0.007974
    multihead_attn: 0.002828
    output_layer: 0.102854
  VSN output std:
    encoder: 0.153047
  Attention entropy: 2.916966
  Saved to: experiments/02b_vintage_sweep/baseline_h20_drop0.20/collapse_monitoring/collapse_monitor_epoch51.json
Epoch 52: val_loss=0.3992297053337097
Epoch 52: train_loss=0.4199814200401306

[CollapseMonitor] Epoch 52
  [DEBUG] Processed 21 batches from val_dataloader
  [DEBUG] Predictions shape after concat: (1282,)
  [DEBUG] All predictions list length: 21
  [DEBUG] First batch shape: (64,)
  Pred std: 0.037221, range: 0.255766, mean: 0.083660
  Pos: 100.0%, Neg: 0.0%, Unique: 1270
  Saved validation predictions to: experiments/02b_vintage_sweep/baseline_h20_drop0.20/collapse_monitoring/val_predictions_epoch52.npy
  Gradient norms:
    lstm_encoder: 0.023385
    lstm_decoder: 0.008433
    multihead_attn: 0.003404
    output_layer: 0.096327
  VSN output std:
    encoder: 0.155463
  Attention entropy: 2.909616
  Saved to: experiments/02b_vintage_sweep/baseline_h20_drop0.20/collapse_monitoring/collapse_monitor_epoch52.json
Epoch 53: val_loss=0.40023699402809143
Epoch 53: train_loss=0.41944706439971924

[CollapseMonitor] Epoch 53
  [DEBUG] Processed 21 batches from val_dataloader
  [DEBUG] Predictions shape after concat: (1282,)
  [DEBUG] All predictions list length: 21
  [DEBUG] First batch shape: (64,)
  Pred std: 0.036185, range: 0.241670, mean: 0.048554
  Pos: 100.0%, Neg: 0.0%, Unique: 1268
  Saved validation predictions to: experiments/02b_vintage_sweep/baseline_h20_drop0.20/collapse_monitoring/val_predictions_epoch53.npy
  Gradient norms:
    lstm_encoder: 0.022000
    lstm_decoder: 0.008145
    multihead_attn: 0.002897
    output_layer: 0.100851
  VSN output std:
    encoder: 0.158798
  Attention entropy: 2.931549
  Saved to: experiments/02b_vintage_sweep/baseline_h20_drop0.20/collapse_monitoring/collapse_monitor_epoch53.json
Epoch 54: val_loss=0.39905497431755066
Epoch 54: train_loss=0.4201100468635559

[CollapseMonitor] Epoch 54
  [DEBUG] Processed 21 batches from val_dataloader
  [DEBUG] Predictions shape after concat: (1282,)
  [DEBUG] All predictions list length: 21
  [DEBUG] First batch shape: (64,)
  Pred std: 0.043770, range: 0.314372, mean: 0.048559
  Pos: 100.0%, Neg: 0.0%, Unique: 1268
  Saved validation predictions to: experiments/02b_vintage_sweep/baseline_h20_drop0.20/collapse_monitoring/val_predictions_epoch54.npy
  Gradient norms:
    lstm_encoder: 0.027636
    lstm_decoder: 0.008993
    multihead_attn: 0.002934
    output_layer: 0.101291
  VSN output std:
    encoder: 0.153608
  Attention entropy: 2.912946
  Saved to: experiments/02b_vintage_sweep/baseline_h20_drop0.20/collapse_monitoring/collapse_monitor_epoch54.json
Epoch 55: val_loss=0.4011555016040802
Epoch 55: train_loss=0.4193127453327179

[CollapseMonitor] Epoch 55
  [DEBUG] Processed 21 batches from val_dataloader
  [DEBUG] Predictions shape after concat: (1282,)
  [DEBUG] All predictions list length: 21
  [DEBUG] First batch shape: (64,)
  Pred std: 0.033456, range: 0.263317, mean: 0.066759
  Pos: 100.0%, Neg: 0.0%, Unique: 1267
  Saved validation predictions to: experiments/02b_vintage_sweep/baseline_h20_drop0.20/collapse_monitoring/val_predictions_epoch55.npy
  Gradient norms:
    lstm_encoder: 0.025299
    lstm_decoder: 0.008642
    multihead_attn: 0.003060
    output_layer: 0.104203
  VSN output std:
    encoder: 0.152291
  Attention entropy: 2.919481
  Saved to: experiments/02b_vintage_sweep/baseline_h20_drop0.20/collapse_monitoring/collapse_monitor_epoch55.json
Epoch 56: val_loss=0.39892762899398804
Epoch 56: train_loss=0.4192611277103424

[CollapseMonitor] Epoch 56
  [DEBUG] Processed 21 batches from val_dataloader
  [DEBUG] Predictions shape after concat: (1282,)
  [DEBUG] All predictions list length: 21
  [DEBUG] First batch shape: (64,)
  Pred std: 0.032579, range: 0.246410, mean: 0.096676
  Pos: 100.0%, Neg: 0.0%, Unique: 1267
  Saved validation predictions to: experiments/02b_vintage_sweep/baseline_h20_drop0.20/collapse_monitoring/val_predictions_epoch56.npy
  Gradient norms:
    lstm_encoder: 0.026788
    lstm_decoder: 0.008471
    multihead_attn: 0.003023
    output_layer: 0.102708
  VSN output std:
    encoder: 0.153620
  Attention entropy: 2.914073
  Saved to: experiments/02b_vintage_sweep/baseline_h20_drop0.20/collapse_monitoring/collapse_monitor_epoch56.json
Epoch 57: val_loss=0.4045020341873169
Epoch 57: train_loss=0.4189801812171936

[CollapseMonitor] Epoch 57
  [DEBUG] Processed 21 batches from val_dataloader
  [DEBUG] Predictions shape after concat: (1282,)
  [DEBUG] All predictions list length: 21
  [DEBUG] First batch shape: (64,)
  Pred std: 0.028008, range: 0.220469, mean: 0.049190
  Pos: 100.0%, Neg: 0.0%, Unique: 1267
  Saved validation predictions to: experiments/02b_vintage_sweep/baseline_h20_drop0.20/collapse_monitoring/val_predictions_epoch57.npy
  Gradient norms:
    lstm_encoder: 0.027398
    lstm_decoder: 0.008779
    multihead_attn: 0.003213
    output_layer: 0.103281
  VSN output std:
    encoder: 0.153694
  Attention entropy: 2.941411
  Saved to: experiments/02b_vintage_sweep/baseline_h20_drop0.20/collapse_monitoring/collapse_monitor_epoch57.json
Epoch 58: val_loss=0.40153688192367554
Epoch 58: train_loss=0.41893813014030457

[CollapseMonitor] Epoch 58
  [DEBUG] Processed 21 batches from val_dataloader
  [DEBUG] Predictions shape after concat: (1282,)
  [DEBUG] All predictions list length: 21
  [DEBUG] First batch shape: (64,)
  Pred std: 0.033500, range: 0.220896, mean: 0.059383
  Pos: 100.0%, Neg: 0.0%, Unique: 1264
  Saved validation predictions to: experiments/02b_vintage_sweep/baseline_h20_drop0.20/collapse_monitoring/val_predictions_epoch58.npy
  Gradient norms:
    lstm_encoder: 0.028770
    lstm_decoder: 0.009167
    multihead_attn: 0.003364
    output_layer: 0.106907
  VSN output std:
    encoder: 0.156654
  Attention entropy: 2.936583
  Saved to: experiments/02b_vintage_sweep/baseline_h20_drop0.20/collapse_monitoring/collapse_monitor_epoch58.json
Epoch 59: val_loss=0.4002282917499542
Epoch 59: train_loss=0.41871967911720276

[CollapseMonitor] Epoch 59
  [DEBUG] Processed 21 batches from val_dataloader
  [DEBUG] Predictions shape after concat: (1282,)
  [DEBUG] All predictions list length: 21
  [DEBUG] First batch shape: (64,)
  Pred std: 0.031836, range: 0.262507, mean: 0.089672
  Pos: 100.0%, Neg: 0.0%, Unique: 1269
  Saved validation predictions to: experiments/02b_vintage_sweep/baseline_h20_drop0.20/collapse_monitoring/val_predictions_epoch59.npy
  Gradient norms:
    lstm_encoder: 0.028952
    lstm_decoder: 0.009317
    multihead_attn: 0.003986
    output_layer: 0.102909
  VSN output std:
    encoder: 0.153764
  Attention entropy: 2.933810
  Saved to: experiments/02b_vintage_sweep/baseline_h20_drop0.20/collapse_monitoring/collapse_monitor_epoch59.json
Epoch 60: val_loss=0.3999594748020172
Epoch 60: train_loss=0.418949156999588

[CollapseMonitor] Epoch 60
  [DEBUG] Processed 21 batches from val_dataloader
  [DEBUG] Predictions shape after concat: (1282,)
  [DEBUG] All predictions list length: 21
  [DEBUG] First batch shape: (64,)
  Pred std: 0.035005, range: 0.291587, mean: 0.109801
  Pos: 100.0%, Neg: 0.0%, Unique: 1265
  Saved validation predictions to: experiments/02b_vintage_sweep/baseline_h20_drop0.20/collapse_monitoring/val_predictions_epoch60.npy
  Gradient norms:
    lstm_encoder: 0.030419
    lstm_decoder: 0.009417
    multihead_attn: 0.003435
    output_layer: 0.100174
  VSN output std:
    encoder: 0.153624
  Attention entropy: 2.935727
  Saved to: experiments/02b_vintage_sweep/baseline_h20_drop0.20/collapse_monitoring/collapse_monitor_epoch60.json
Epoch 61: val_loss=0.40226078033447266
Epoch 61: train_loss=0.4188193082809448

[CollapseMonitor] Epoch 61
  [DEBUG] Processed 21 batches from val_dataloader
  [DEBUG] Predictions shape after concat: (1282,)
  [DEBUG] All predictions list length: 21
  [DEBUG] First batch shape: (64,)
  Pred std: 0.039576, range: 0.244185, mean: 0.093009
  Pos: 100.0%, Neg: 0.0%, Unique: 1270
  Saved validation predictions to: experiments/02b_vintage_sweep/baseline_h20_drop0.20/collapse_monitoring/val_predictions_epoch61.npy
  Gradient norms:
    lstm_encoder: 0.030532
    lstm_decoder: 0.009356
    multihead_attn: 0.003684
    output_layer: 0.101513
  VSN output std:
    encoder: 0.153228
  Attention entropy: 2.942783
  Saved to: experiments/02b_vintage_sweep/baseline_h20_drop0.20/collapse_monitoring/collapse_monitor_epoch61.json
Epoch 62: val_loss=0.3989139795303345
Epoch 62: train_loss=0.4196363389492035

[CollapseMonitor] Epoch 62
  [DEBUG] Processed 21 batches from val_dataloader
  [DEBUG] Predictions shape after concat: (1282,)
  [DEBUG] All predictions list length: 21
  [DEBUG] First batch shape: (64,)
  Pred std: 0.042509, range: 0.313248, mean: 0.086928
  Pos: 100.0%, Neg: 0.0%, Unique: 1270
  Saved validation predictions to: experiments/02b_vintage_sweep/baseline_h20_drop0.20/collapse_monitoring/val_predictions_epoch62.npy
  Gradient norms:
    lstm_encoder: 0.033926
    lstm_decoder: 0.010056
    multihead_attn: 0.003881
    output_layer: 0.102409
  VSN output std:
    encoder: 0.153318
  Attention entropy: 2.938611
  Saved to: experiments/02b_vintage_sweep/baseline_h20_drop0.20/collapse_monitoring/collapse_monitor_epoch62.json
Epoch 63: val_loss=0.4020974636077881
Epoch 63: train_loss=0.41915643215179443

[CollapseMonitor] Epoch 63
  [DEBUG] Processed 21 batches from val_dataloader
  [DEBUG] Predictions shape after concat: (1282,)
  [DEBUG] All predictions list length: 21
  [DEBUG] First batch shape: (64,)
  Pred std: 0.041972, range: 0.262041, mean: 0.080440
  Pos: 100.0%, Neg: 0.0%, Unique: 1273
  Saved validation predictions to: experiments/02b_vintage_sweep/baseline_h20_drop0.20/collapse_monitoring/val_predictions_epoch63.npy
  Gradient norms:
    lstm_encoder: 0.032179
    lstm_decoder: 0.010271
    multihead_attn: 0.003314
    output_layer: 0.110870
  VSN output std:
    encoder: 0.153215
  Attention entropy: 2.948415
  Saved to: experiments/02b_vintage_sweep/baseline_h20_drop0.20/collapse_monitoring/collapse_monitor_epoch63.json
Epoch 64: val_loss=0.39883583784103394
Epoch 64: train_loss=0.4178943932056427

[CollapseMonitor] Epoch 64
  [DEBUG] Processed 21 batches from val_dataloader
  [DEBUG] Predictions shape after concat: (1282,)
  [DEBUG] All predictions list length: 21
  [DEBUG] First batch shape: (64,)
  Pred std: 0.042657, range: 0.291296, mean: 0.085079
  Pos: 100.0%, Neg: 0.0%, Unique: 1263
  Saved validation predictions to: experiments/02b_vintage_sweep/baseline_h20_drop0.20/collapse_monitoring/val_predictions_epoch64.npy
  Gradient norms:
    lstm_encoder: 0.032933
    lstm_decoder: 0.010222
    multihead_attn: 0.003415
    output_layer: 0.101655
  VSN output std:
    encoder: 0.152910
  Attention entropy: 2.945899
  Saved to: experiments/02b_vintage_sweep/baseline_h20_drop0.20/collapse_monitoring/collapse_monitor_epoch64.json
Epoch 65: val_loss=0.39919716119766235
Epoch 65: train_loss=0.41794875264167786

[CollapseMonitor] Epoch 65
  [DEBUG] Processed 21 batches from val_dataloader
  [DEBUG] Predictions shape after concat: (1282,)
  [DEBUG] All predictions list length: 21
  [DEBUG] First batch shape: (64,)
  Pred std: 0.043479, range: 0.289942, mean: 0.078158
  Pos: 100.0%, Neg: 0.0%, Unique: 1275
  Saved validation predictions to: experiments/02b_vintage_sweep/baseline_h20_drop0.20/collapse_monitoring/val_predictions_epoch65.npy
  Gradient norms:
    lstm_encoder: 0.030369
    lstm_decoder: 0.009239
    multihead_attn: 0.003512
    output_layer: 0.101420
  VSN output std:
    encoder: 0.151636
  Attention entropy: 2.944587
  Saved to: experiments/02b_vintage_sweep/baseline_h20_drop0.20/collapse_monitoring/collapse_monitor_epoch65.json
Epoch 66: val_loss=0.4014667868614197
Epoch 66: train_loss=0.41749244928359985

[CollapseMonitor] Epoch 66
  [DEBUG] Processed 21 batches from val_dataloader
  [DEBUG] Predictions shape after concat: (1282,)
  [DEBUG] All predictions list length: 21
  [DEBUG] First batch shape: (64,)
  Pred std: 0.043585, range: 0.247325, mean: 0.078866
  Pos: 100.0%, Neg: 0.0%, Unique: 1269
  Saved validation predictions to: experiments/02b_vintage_sweep/baseline_h20_drop0.20/collapse_monitoring/val_predictions_epoch66.npy
  Gradient norms:
    lstm_encoder: 0.034144
    lstm_decoder: 0.009702
    multihead_attn: 0.003385
    output_layer: 0.104359
  VSN output std:
    encoder: 0.152313
  Attention entropy: 2.951291
  Saved to: experiments/02b_vintage_sweep/baseline_h20_drop0.20/collapse_monitoring/collapse_monitor_epoch66.json
Epoch 67: val_loss=0.40078115463256836
Epoch 67: train_loss=0.4181341230869293

[CollapseMonitor] Epoch 67
  [DEBUG] Processed 21 batches from val_dataloader
  [DEBUG] Predictions shape after concat: (1282,)
  [DEBUG] All predictions list length: 21
  [DEBUG] First batch shape: (64,)
  Pred std: 0.043013, range: 0.257461, mean: 0.089519
  Pos: 100.0%, Neg: 0.0%, Unique: 1272
  Saved validation predictions to: experiments/02b_vintage_sweep/baseline_h20_drop0.20/collapse_monitoring/val_predictions_epoch67.npy
  Gradient norms:
    lstm_encoder: 0.031680
    lstm_decoder: 0.009603
    multihead_attn: 0.003638
    output_layer: 0.100049
  VSN output std:
    encoder: 0.151844
  Attention entropy: 2.950712
  Saved to: experiments/02b_vintage_sweep/baseline_h20_drop0.20/collapse_monitoring/collapse_monitor_epoch67.json
Epoch 68: val_loss=0.4008004367351532
Epoch 68: train_loss=0.4180443584918976

[CollapseMonitor] Epoch 68
  [DEBUG] Processed 21 batches from val_dataloader
  [DEBUG] Predictions shape after concat: (1282,)
  [DEBUG] All predictions list length: 21
  [DEBUG] First batch shape: (64,)
  Pred std: 0.044126, range: 0.260250, mean: 0.092124
  Pos: 100.0%, Neg: 0.0%, Unique: 1264
  Saved validation predictions to: experiments/02b_vintage_sweep/baseline_h20_drop0.20/collapse_monitoring/val_predictions_epoch68.npy
  Gradient norms:
    lstm_encoder: 0.033237
    lstm_decoder: 0.009774
    multihead_attn: 0.003639
    output_layer: 0.096258
  VSN output std:
    encoder: 0.153422
  Attention entropy: 2.951276
  Saved to: experiments/02b_vintage_sweep/baseline_h20_drop0.20/collapse_monitoring/collapse_monitor_epoch68.json
Epoch 69: val_loss=0.3989394009113312
Epoch 69: train_loss=0.4173628091812134

[CollapseMonitor] Epoch 69
  [DEBUG] Processed 21 batches from val_dataloader
  [DEBUG] Predictions shape after concat: (1282,)
  [DEBUG] All predictions list length: 21
  [DEBUG] First batch shape: (64,)
  Pred std: 0.047088, range: 0.288371, mean: 0.085235
  Pos: 100.0%, Neg: 0.0%, Unique: 1271
  Saved validation predictions to: experiments/02b_vintage_sweep/baseline_h20_drop0.20/collapse_monitoring/val_predictions_epoch69.npy
  Gradient norms:
    lstm_encoder: 0.035163
    lstm_decoder: 0.009928
    multihead_attn: 0.004021
    output_layer: 0.101420
  VSN output std:
    encoder: 0.153808
  Attention entropy: 2.949842
  Saved to: experiments/02b_vintage_sweep/baseline_h20_drop0.20/collapse_monitoring/collapse_monitor_epoch69.json
Epoch 70: val_loss=0.4010278880596161
Epoch 70: train_loss=0.4183495342731476

[CollapseMonitor] Epoch 70
  [DEBUG] Processed 21 batches from val_dataloader
  [DEBUG] Predictions shape after concat: (1282,)
  [DEBUG] All predictions list length: 21
  [DEBUG] First batch shape: (64,)
  Pred std: 0.045621, range: 0.258581, mean: 0.091676
  Pos: 100.0%, Neg: 0.0%, Unique: 1273
  Saved validation predictions to: experiments/02b_vintage_sweep/baseline_h20_drop0.20/collapse_monitoring/val_predictions_epoch70.npy
  Gradient norms:
    lstm_encoder: 0.031511
    lstm_decoder: 0.009503
    multihead_attn: 0.003707
    output_layer: 0.098417
  VSN output std:
    encoder: 0.151619
  Attention entropy: 2.951614
  Saved to: experiments/02b_vintage_sweep/baseline_h20_drop0.20/collapse_monitoring/collapse_monitor_epoch70.json
Epoch 71: val_loss=0.4010079801082611
Epoch 71: train_loss=0.41711702942848206

[CollapseMonitor] Epoch 71
  [DEBUG] Processed 21 batches from val_dataloader
  [DEBUG] Predictions shape after concat: (1282,)
  [DEBUG] All predictions list length: 21
  [DEBUG] First batch shape: (64,)
  Pred std: 0.045189, range: 0.262637, mean: 0.077298
  Pos: 100.0%, Neg: 0.0%, Unique: 1274
  Saved validation predictions to: experiments/02b_vintage_sweep/baseline_h20_drop0.20/collapse_monitoring/val_predictions_epoch71.npy
  Gradient norms:
    lstm_encoder: 0.034065
    lstm_decoder: 0.009960
    multihead_attn: 0.003749
    output_layer: 0.102314
  VSN output std:
    encoder: 0.152825
  Attention entropy: 2.952852
  Saved to: experiments/02b_vintage_sweep/baseline_h20_drop0.20/collapse_monitoring/collapse_monitor_epoch71.json
Epoch 72: val_loss=0.4012196958065033
Epoch 72: train_loss=0.4175558388233185

[CollapseMonitor] Epoch 72
  [DEBUG] Processed 21 batches from val_dataloader
  [DEBUG] Predictions shape after concat: (1282,)
  [DEBUG] All predictions list length: 21
  [DEBUG] First batch shape: (64,)
  Pred std: 0.046196, range: 0.262717, mean: 0.086082
  Pos: 100.0%, Neg: 0.0%, Unique: 1265
  Saved validation predictions to: experiments/02b_vintage_sweep/baseline_h20_drop0.20/collapse_monitoring/val_predictions_epoch72.npy
  Gradient norms:
    lstm_encoder: 0.032607
    lstm_decoder: 0.009346
    multihead_attn: 0.004036
    output_layer: 0.099186
  VSN output std:
    encoder: 0.152579
  Attention entropy: 2.952221
  Saved to: experiments/02b_vintage_sweep/baseline_h20_drop0.20/collapse_monitoring/collapse_monitor_epoch72.json
Epoch 73: val_loss=0.40189027786254883
Epoch 73: train_loss=0.41711920499801636

[CollapseMonitor] Epoch 73
  [DEBUG] Processed 21 batches from val_dataloader
  [DEBUG] Predictions shape after concat: (1282,)
  [DEBUG] All predictions list length: 21
  [DEBUG] First batch shape: (64,)
  Pred std: 0.046285, range: 0.258150, mean: 0.086417
  Pos: 100.0%, Neg: 0.0%, Unique: 1273
  Saved validation predictions to: experiments/02b_vintage_sweep/baseline_h20_drop0.20/collapse_monitoring/val_predictions_epoch73.npy
  Gradient norms:
    lstm_encoder: 0.034670
    lstm_decoder: 0.010502
    multihead_attn: 0.003850
    output_layer: 0.106973
  VSN output std:
    encoder: 0.152408
  Attention entropy: 2.952168
  Saved to: experiments/02b_vintage_sweep/baseline_h20_drop0.20/collapse_monitoring/collapse_monitor_epoch73.json
Epoch 74: val_loss=0.4011085629463196
Epoch 74: train_loss=0.417348176240921

[CollapseMonitor] Epoch 74
  [DEBUG] Processed 21 batches from val_dataloader
  [DEBUG] Predictions shape after concat: (1282,)
  [DEBUG] All predictions list length: 21
  [DEBUG] First batch shape: (64,)
  Pred std: 0.047950, range: 0.258783, mean: 0.089824
  Pos: 100.0%, Neg: 0.0%, Unique: 1270
  Saved validation predictions to: experiments/02b_vintage_sweep/baseline_h20_drop0.20/collapse_monitoring/val_predictions_epoch74.npy
  Gradient norms:
    lstm_encoder: 0.035156
    lstm_decoder: 0.010061
    multihead_attn: 0.003936
    output_layer: 0.105814
  VSN output std:
    encoder: 0.152714
  Attention entropy: 2.953014
  Saved to: experiments/02b_vintage_sweep/baseline_h20_drop0.20/collapse_monitoring/collapse_monitor_epoch74.json


======================================================================
Training complete
======================================================================

Best model checkpoint: experiments/02b_vintage_sweep/baseline_h20_drop0.20/checkpoints/tft-epoch=64-val_loss=0.3988.ckpt
Best validation loss: 0.398836
Completed at: 2025-11-22 17:34:32
Log saved to: experiments/02b_vintage_sweep/baseline_h20_drop0.20/training_20251122_170447.log
======================================================================
