
[INFO] Using AUTO device selection.

[INFO] Patched matplotlib.Axes.errorbar to abs() negative yerr for robustness.
======================================================================
Training TFT: 06b_rolling/daily_7q_h10/fold_2019
======================================================================
Logging to: experiments/06b_rolling/daily_7q_h10/fold_2019/training_20251213_174435.log
Started at: 2025-12-13 17:44:35
======================================================================

Loading data splits...
Train: 2469 samples
Val: 219 samples
Test: 220 samples

Preparing TimeSeriesDataSet...

Dropping source columns (used for staleness only): ['CPI']

Final features for TFT: ['SP500_Returns', 'VIX', 'Treasury_10Y', 'Yield_Spread', 'Inflation_YoY', 'cumret_5', 'cumret_10', 'cumret_20', 'cumret_30']

======================================================================
FEATURE STATISTICS - BEFORE NORMALIZATION
======================================================================
VIX                             mean= 20.1807  std=  9.9428  min=  9.1400  max= 80.8600
Treasury_10Y                    mean=  2.5956  std=  0.7028  min=  1.3700  max=  4.2700
Yield_Spread                    mean=  1.7983  std=  0.5878  min=  0.6500  max=  2.9100
Inflation_YoY                   mean=  1.7381  std=  1.4431  min= -2.1498  max=  5.4850

======================================================================
TARGET CONFIGURATION
======================================================================
Target variable: SP500_Returns
  Mode: Point return prediction (single-step)
  Target stats: mean=0.0254, std=1.2732
  Dropping unused cumret columns: ['cumret_5', 'cumret_10', 'cumret_20', 'cumret_30']
======================================================================

======================================================================
FEATURES AFTER GROUPNORMALIZER (first batch, last timestep)
======================================================================
VIX                             normalized_value=  1.0000
Treasury_10Y                    normalized_value= -0.0500
Yield_Spread                    normalized_value= -0.7304
Inflation_YoY                   normalized_value=  0.0347
======================================================================

Configuration saved to: experiments/06b_rolling/daily_7q_h10/fold_2019/config.json
[DEBUG] VIX train values: [23.17 22.49 23.94 23.79 25.43]
[DEBUG] VIX val values: [9.77 9.15 9.22 9.22 9.52]
Batches per epoch: 38
[DEBUG] Validation batches: 3
[DEBUG] Validation dataset size: 190
[DEBUG] Batch size: 64

Initializing model...

Quantile configuration: 7q
  Quantiles: [0.02, 0.1, 0.25, 0.5, 0.75, 0.9, 0.98]
  Output size: 7
  Median index: 3

Using standard QuantileLoss (no penalties)

[REGIME OUTPUT] Disabled (using baseline output layer)

[STALENESS ATTENTION] Disabled

================================================================================
BASELINE MODEL FEATURE CONFIGURATION (after from_dataset)
================================================================================
tft.hparams.time_varying_reals_encoder: ['relative_time_idx', 'VIX', 'Treasury_10Y', 'Yield_Spread', 'Inflation_YoY']
  Count: 5

tft.hparams.time_varying_reals_decoder: ['relative_time_idx']
  Count: 1

tft.hparams.x_reals (all reals passed to model): ['encoder_length', 'relative_time_idx', 'VIX', 'Treasury_10Y', 'Yield_Spread', 'Inflation_YoY']
  Count: 6

Encoder VSN configuration:
  num_inputs: 5
  input_sizes: {'relative_time_idx': 16, 'VIX': 16, 'Treasury_10Y': 16, 'Yield_Spread': 16, 'Inflation_YoY': 16}
  flattened_grn.fc1: in_features=80, out_features=5
  -> Params in fc1: 400 (should be 5*16*5=400 if 5 features)
================================================================================

Model parameters: 22,615

Starting training...
Checkpoints will be saved to: experiments/06b_rolling/daily_7q_h10/fold_2019/checkpoints/
Logs will be saved to: experiments/06b_rolling/daily_7q_h10/fold_2019/logs/

[DEBUG CollapseMonitor] on_validation_epoch_start called for epoch 0
[DEBUG CollapseMonitor] reset_temporal_state() called on loss function
Epoch 0: val_loss=N/A
[DEBUG CollapseMonitor] on_validation_epoch_start called for epoch 0
[DEBUG CollapseMonitor] reset_temporal_state() called on loss function
Epoch 0: val_loss=0.6501486301422119
Epoch 0: train_loss=0.7816071510314941

[CollapseMonitor] Epoch 0
  [DEBUG] Processed 3 batches, 10 horizon(s)
  Multi-horizon metrics (10 horizons):
    h1: std=0.0101, dir_acc=52.6%, pos=100%, unique=190, sharpe=131.12
    h2: std=0.0082, dir_acc=52.6%, pos=100%, unique=188, sharpe=297.54
    h3: std=0.0070, dir_acc=52.6%, pos=100%, unique=189, sharpe=426.33
    h4: std=0.0064, dir_acc=53.2%, pos=100%, unique=189, sharpe=523.12
    h5: std=0.0060, dir_acc=53.7%, pos=100%, unique=189, sharpe=599.23
    ... (5 more horizons)
  Aggregate: std_avg=0.0064, dir_acc_avg=53.2%, composite_avg=0.4071
  H1 detail: range=0.0340, mean=0.0833, dist_match=0.5263
  Collapse penalty: 0.000000 (threshold: 0.005000)
  Saved validation predictions to: experiments/06b_rolling/daily_7q_h10/fold_2019/collapse_monitoring/val_predictions_epoch0.npz
  Gradient norms:
    lstm_encoder: 0.002906
    lstm_decoder: 0.027504
    output_layer: 0.760496
  VSN output std:
    encoder: 0.266218
  Attention entropy: 2.995101
  Saved to: experiments/06b_rolling/daily_7q_h10/fold_2019/collapse_monitoring/collapse_monitor_latest.json
[DEBUG CollapseMonitor] on_validation_epoch_start called for epoch 1
[DEBUG CollapseMonitor] reset_temporal_state() called on loss function
Epoch 1: val_loss=0.5856907963752747
Epoch 1: train_loss=0.7356827855110168

[CollapseMonitor] Epoch 1
  [DEBUG] Processed 3 batches, 10 horizon(s)
  Multi-horizon metrics (10 horizons):
    h1: std=0.0072, dir_acc=52.6%, pos=100%, unique=190, sharpe=105.31
    h2: std=0.0060, dir_acc=52.6%, pos=100%, unique=190, sharpe=259.07
    h3: std=0.0053, dir_acc=52.6%, pos=100%, unique=188, sharpe=367.95
    h4: std=0.0049, dir_acc=53.2%, pos=100%, unique=187, sharpe=434.21
    h5: std=0.0048, dir_acc=53.7%, pos=100%, unique=190, sharpe=462.93
    ... (5 more horizons)
  Aggregate: std_avg=0.0053, dir_acc_avg=53.2%, composite_avg=0.4071
  H1 detail: range=0.0239, mean=0.0479, dist_match=0.5263
  Collapse penalty: 0.000000 (threshold: 0.005000)
  Saved validation predictions to: experiments/06b_rolling/daily_7q_h10/fold_2019/collapse_monitoring/val_predictions_epoch1.npz
  Gradient norms:
    lstm_encoder: 0.002565
    lstm_decoder: 0.025445
    output_layer: 0.707301
  VSN output std:
    encoder: 0.265589
  Attention entropy: 2.995412
  Saved to: experiments/06b_rolling/daily_7q_h10/fold_2019/collapse_monitoring/collapse_monitor_latest.json
[DEBUG CollapseMonitor] on_validation_epoch_start called for epoch 2
[DEBUG CollapseMonitor] reset_temporal_state() called on loss function
Epoch 2: val_loss=0.5226886868476868
Epoch 2: train_loss=0.6748830676078796

[CollapseMonitor] Epoch 2
  [DEBUG] Processed 3 batches, 10 horizon(s)
  Multi-horizon metrics (10 horizons):
    h1: std=0.0057, dir_acc=52.6%, pos=100%, unique=188, sharpe=117.94
    h2: std=0.0044, dir_acc=52.6%, pos=100%, unique=189, sharpe=278.85
    h3: std=0.0038, dir_acc=52.6%, pos=100%, unique=189, sharpe=374.52
    h4: std=0.0036, dir_acc=53.2%, pos=100%, unique=182, sharpe=409.04
    h5: std=0.0035, dir_acc=53.7%, pos=100%, unique=189, sharpe=397.45
    ... (5 more horizons)
  Aggregate: std_avg=0.0042, dir_acc_avg=53.2%, composite_avg=0.4071
  H1 detail: range=0.0186, mean=0.0423, dist_match=0.5263
  Collapse penalty: 0.000000 (threshold: 0.005000)
  Saved validation predictions to: experiments/06b_rolling/daily_7q_h10/fold_2019/collapse_monitoring/val_predictions_epoch2.npz
  Gradient norms:
    lstm_encoder: 0.001917
    lstm_decoder: 0.021093
    output_layer: 0.618842
  VSN output std:
    encoder: 0.265090
  Attention entropy: 2.995552
  Saved to: experiments/06b_rolling/daily_7q_h10/fold_2019/collapse_monitoring/collapse_monitor_latest.json
[DEBUG CollapseMonitor] on_validation_epoch_start called for epoch 3
[DEBUG CollapseMonitor] reset_temporal_state() called on loss function
Epoch 3: val_loss=0.46529364585876465
Epoch 3: train_loss=0.6176141500473022

[CollapseMonitor] Epoch 3
  [DEBUG] Processed 3 batches, 10 horizon(s)
  Multi-horizon metrics (10 horizons):
    h1: std=0.0050, dir_acc=47.4%, pos=0%, unique=189, sharpe=-56.20
    h2: std=0.0035, dir_acc=52.6%, pos=100%, unique=189, sharpe=63.00
    h3: std=0.0030, dir_acc=52.6%, pos=100%, unique=188, sharpe=113.61
    h4: std=0.0027, dir_acc=53.2%, pos=100%, unique=187, sharpe=101.36
    h5: std=0.0027, dir_acc=53.7%, pos=100%, unique=185, sharpe=47.61
    ... (5 more horizons)
  Aggregate: std_avg=0.0033, dir_acc_avg=49.3%, composite_avg=0.3681
  H1 detail: range=0.0163, mean=-0.0176, dist_match=0.4737
  Collapse penalty: 0.000000 (threshold: 0.005000)
  Saved validation predictions to: experiments/06b_rolling/daily_7q_h10/fold_2019/collapse_monitoring/val_predictions_epoch3.npz
  Gradient norms:
    lstm_encoder: 0.001240
    lstm_decoder: 0.014363
    output_layer: 0.489457
  VSN output std:
    encoder: 0.264846
  Attention entropy: 2.995572
  Saved to: experiments/06b_rolling/daily_7q_h10/fold_2019/collapse_monitoring/collapse_monitor_latest.json
[DEBUG CollapseMonitor] on_validation_epoch_start called for epoch 4
[DEBUG CollapseMonitor] reset_temporal_state() called on loss function
Epoch 4: val_loss=0.4299357235431671
Epoch 4: train_loss=0.5724113583564758

[CollapseMonitor] Epoch 4
  [DEBUG] Processed 3 batches, 10 horizon(s)
  Multi-horizon metrics (10 horizons):
    h1: std=0.0048, dir_acc=47.4%, pos=0%, unique=187, sharpe=-102.76
    h2: std=0.0033, dir_acc=51.6%, pos=98%, unique=189, sharpe=27.48
    h3: std=0.0027, dir_acc=52.6%, pos=100%, unique=185, sharpe=88.56
    h4: std=0.0025, dir_acc=53.2%, pos=100%, unique=186, sharpe=85.83
    h5: std=0.0024, dir_acc=53.7%, pos=100%, unique=187, sharpe=39.19
    ... (5 more horizons)
  Aggregate: std_avg=0.0029, dir_acc_avg=49.2%, composite_avg=0.3679
  H1 detail: range=0.0160, mean=-0.0309, dist_match=0.4737
  Collapse penalty: 0.000000 (threshold: 0.005000)
  Saved validation predictions to: experiments/06b_rolling/daily_7q_h10/fold_2019/collapse_monitoring/val_predictions_epoch4.npz
  Gradient norms:
    lstm_encoder: 0.001004
    lstm_decoder: 0.009405
    output_layer: 0.345481
  VSN output std:
    encoder: 0.264487
  Attention entropy: 2.995555
  Saved to: experiments/06b_rolling/daily_7q_h10/fold_2019/collapse_monitoring/collapse_monitor_latest.json
[DEBUG CollapseMonitor] on_validation_epoch_start called for epoch 5
[DEBUG CollapseMonitor] reset_temporal_state() called on loss function
Epoch 5: val_loss=0.41062697768211365
Epoch 5: train_loss=0.5422133207321167

[CollapseMonitor] Epoch 5
  [DEBUG] Processed 3 batches, 10 horizon(s)
  Multi-horizon metrics (10 horizons):
    h1: std=0.0047, dir_acc=47.4%, pos=0%, unique=190, sharpe=-32.63
    h2: std=0.0032, dir_acc=52.6%, pos=100%, unique=185, sharpe=151.80
    h3: std=0.0027, dir_acc=52.6%, pos=100%, unique=185, sharpe=252.50
    h4: std=0.0024, dir_acc=53.2%, pos=100%, unique=187, sharpe=276.04
    h5: std=0.0023, dir_acc=53.7%, pos=100%, unique=187, sharpe=245.38
    ... (5 more horizons)
  Aggregate: std_avg=0.0028, dir_acc_avg=51.4%, composite_avg=0.3956
  H1 detail: range=0.0160, mean=-0.0096, dist_match=0.4737
  Collapse penalty: 0.000000 (threshold: 0.005000)
  Saved validation predictions to: experiments/06b_rolling/daily_7q_h10/fold_2019/collapse_monitoring/val_predictions_epoch5.npz
  Gradient norms:
    lstm_encoder: 0.000825
    lstm_decoder: 0.005384
    output_layer: 0.220393
  VSN output std:
    encoder: 0.263311
  Attention entropy: 2.995541
  Saved to: experiments/06b_rolling/daily_7q_h10/fold_2019/collapse_monitoring/collapse_monitor_latest.json
[DEBUG CollapseMonitor] on_validation_epoch_start called for epoch 6
[DEBUG CollapseMonitor] reset_temporal_state() called on loss function
Epoch 6: val_loss=0.398254930973053
Epoch 6: train_loss=0.5238059163093567

[CollapseMonitor] Epoch 6
  [DEBUG] Processed 3 batches, 10 horizon(s)
  Multi-horizon metrics (10 horizons):
    h1: std=0.0044, dir_acc=51.1%, pos=76%, unique=189, sharpe=15.50
    h2: std=0.0031, dir_acc=52.6%, pos=100%, unique=186, sharpe=256.25
    h3: std=0.0026, dir_acc=52.6%, pos=100%, unique=186, sharpe=391.61
    h4: std=0.0023, dir_acc=53.2%, pos=100%, unique=183, sharpe=432.15
    h5: std=0.0023, dir_acc=53.7%, pos=100%, unique=185, sharpe=406.82
    ... (5 more horizons)
  Aggregate: std_avg=0.0027, dir_acc_avg=53.2%, composite_avg=0.4198
  H1 detail: range=0.0154, mean=0.0043, dist_match=0.7632
  Collapse penalty: 0.000000 (threshold: 0.005000)
  Saved validation predictions to: experiments/06b_rolling/daily_7q_h10/fold_2019/collapse_monitoring/val_predictions_epoch6.npz
  Gradient norms:
    lstm_encoder: 0.000648
    lstm_decoder: 0.003212
    output_layer: 0.142662
  VSN output std:
    encoder: 0.261159
  Attention entropy: 2.995541
  Saved to: experiments/06b_rolling/daily_7q_h10/fold_2019/collapse_monitoring/collapse_monitor_latest.json
[DEBUG CollapseMonitor] on_validation_epoch_start called for epoch 7
[DEBUG CollapseMonitor] reset_temporal_state() called on loss function
Epoch 7: val_loss=0.39259037375450134
Epoch 7: train_loss=0.5118610262870789

[CollapseMonitor] Epoch 7
  [DEBUG] Processed 3 batches, 10 horizon(s)
  Multi-horizon metrics (10 horizons):
    h1: std=0.0037, dir_acc=47.4%, pos=0%, unique=188, sharpe=-43.60
    h2: std=0.0025, dir_acc=52.6%, pos=100%, unique=186, sharpe=240.81
    h3: std=0.0021, dir_acc=52.6%, pos=100%, unique=186, sharpe=399.69
    h4: std=0.0020, dir_acc=53.2%, pos=100%, unique=182, sharpe=437.74
    h5: std=0.0020, dir_acc=53.7%, pos=100%, unique=183, sharpe=395.99
    ... (5 more horizons)
  Aggregate: std_avg=0.0023, dir_acc_avg=52.2%, composite_avg=0.3974
  H1 detail: range=0.0131, mean=-0.0102, dist_match=0.4737
  Collapse penalty: 0.000000 (threshold: 0.005000)
  Saved validation predictions to: experiments/06b_rolling/daily_7q_h10/fold_2019/collapse_monitoring/val_predictions_epoch7.npz
  Gradient norms:
    lstm_encoder: 0.000546
    lstm_decoder: 0.002217
    output_layer: 0.095999
  VSN output std:
    encoder: 0.259415
  Attention entropy: 2.995518
  Saved to: experiments/06b_rolling/daily_7q_h10/fold_2019/collapse_monitoring/collapse_monitor_latest.json
[DEBUG CollapseMonitor] on_validation_epoch_start called for epoch 8
[DEBUG CollapseMonitor] reset_temporal_state() called on loss function
Epoch 8: val_loss=0.39039018750190735
Epoch 8: train_loss=0.506712019443512

[CollapseMonitor] Epoch 8
  [DEBUG] Processed 3 batches, 10 horizon(s)
  Multi-horizon metrics (10 horizons):
    h1: std=0.0031, dir_acc=47.4%, pos=0%, unique=187, sharpe=-69.39
    h2: std=0.0020, dir_acc=52.6%, pos=100%, unique=185, sharpe=294.63
    h3: std=0.0017, dir_acc=52.6%, pos=100%, unique=178, sharpe=494.94
    h4: std=0.0017, dir_acc=53.2%, pos=100%, unique=179, sharpe=529.94
    h5: std=0.0017, dir_acc=53.7%, pos=100%, unique=182, sharpe=468.93
    ... (5 more horizons)
  Aggregate: std_avg=0.0020, dir_acc_avg=52.6%, composite_avg=0.4090
  H1 detail: range=0.0118, mean=-0.0135, dist_match=0.4737
  Collapse penalty: 0.000000 (threshold: 0.005000)
  Saved validation predictions to: experiments/06b_rolling/daily_7q_h10/fold_2019/collapse_monitoring/val_predictions_epoch8.npz
  Gradient norms:
    lstm_encoder: 0.000493
    lstm_decoder: 0.001997
    output_layer: 0.072821
  VSN output std:
    encoder: 0.258786
  Attention entropy: 2.995396
  Saved to: experiments/06b_rolling/daily_7q_h10/fold_2019/collapse_monitoring/collapse_monitor_latest.json
[DEBUG CollapseMonitor] on_validation_epoch_start called for epoch 9
[DEBUG CollapseMonitor] reset_temporal_state() called on loss function
Epoch 9: val_loss=0.38909775018692017
Epoch 9: train_loss=0.5027527809143066

[CollapseMonitor] Epoch 9
  [DEBUG] Processed 3 batches, 10 horizon(s)
  Multi-horizon metrics (10 horizons):
    h1: std=0.0023, dir_acc=47.4%, pos=0%, unique=188, sharpe=-173.41
    h2: std=0.0013, dir_acc=52.6%, pos=100%, unique=186, sharpe=295.19
    h3: std=0.0012, dir_acc=52.6%, pos=100%, unique=184, sharpe=546.10
    h4: std=0.0014, dir_acc=53.2%, pos=100%, unique=176, sharpe=552.25
    h5: std=0.0015, dir_acc=53.7%, pos=100%, unique=178, sharpe=467.71
    ... (5 more horizons)
  Aggregate: std_avg=0.0019, dir_acc_avg=52.6%, composite_avg=0.4018
  H1 detail: range=0.0111, mean=-0.0255, dist_match=0.4737
  Collapse penalty: 0.000000 (threshold: 0.005000)
  Saved validation predictions to: experiments/06b_rolling/daily_7q_h10/fold_2019/collapse_monitoring/val_predictions_epoch9.npz
  Gradient norms:
    lstm_encoder: 0.000443
    lstm_decoder: 0.001690
    output_layer: 0.057288
  VSN output std:
    encoder: 0.258283
  Attention entropy: 2.994925
  Saved to: experiments/06b_rolling/daily_7q_h10/fold_2019/collapse_monitoring/collapse_monitor_latest.json
[DEBUG CollapseMonitor] on_validation_epoch_start called for epoch 10
[DEBUG CollapseMonitor] reset_temporal_state() called on loss function
Epoch 10: val_loss=0.38864678144454956
Epoch 10: train_loss=0.49918872117996216

[CollapseMonitor] Epoch 10
  [DEBUG] Processed 3 batches, 10 horizon(s)
  Multi-horizon metrics (10 horizons):
    h1: std=0.0022, dir_acc=47.9%, pos=3%, unique=189, sharpe=-64.82
    h2: std=0.0011, dir_acc=52.6%, pos=100%, unique=183, sharpe=549.63
    h3: std=0.0007, dir_acc=52.6%, pos=100%, unique=177, sharpe=1264.19
    h4: std=0.0009, dir_acc=53.2%, pos=100%, unique=181, sharpe=1095.54
    h5: std=0.0014, dir_acc=53.7%, pos=100%, unique=185, sharpe=710.54
    ... (5 more horizons)
  Aggregate: std_avg=0.0022, dir_acc_avg=52.7%, composite_avg=0.4028
  H1 detail: range=0.0139, mean=-0.0088, dist_match=0.5000
  Collapse penalty: 0.000000 (threshold: 0.005000)
  Saved validation predictions to: experiments/06b_rolling/daily_7q_h10/fold_2019/collapse_monitoring/val_predictions_epoch10.npz
  Gradient norms:
    lstm_encoder: 0.000417
    lstm_decoder: 0.001699
    output_layer: 0.050738
  VSN output std:
    encoder: 0.256458
  Attention entropy: 2.992172
  Saved to: experiments/06b_rolling/daily_7q_h10/fold_2019/collapse_monitoring/collapse_monitor_latest.json
[DEBUG CollapseMonitor] on_validation_epoch_start called for epoch 11
[DEBUG CollapseMonitor] reset_temporal_state() called on loss function
Epoch 11: val_loss=0.3881205916404724
Epoch 11: train_loss=0.49621620774269104

[CollapseMonitor] Epoch 11
  [DEBUG] Processed 3 batches, 10 horizon(s)
  Multi-horizon metrics (10 horizons):
    h1: std=0.0023, dir_acc=47.4%, pos=0%, unique=186, sharpe=-133.49
    h2: std=0.0016, dir_acc=52.6%, pos=100%, unique=187, sharpe=200.77
    h3: std=0.0015, dir_acc=52.6%, pos=100%, unique=180, sharpe=409.54
    h4: std=0.0024, dir_acc=53.2%, pos=100%, unique=184, sharpe=297.35
    h5: std=0.0039, dir_acc=53.7%, pos=100%, unique=189, sharpe=198.75
    ... (5 more horizons)
  Aggregate: std_avg=0.0053, dir_acc_avg=52.6%, composite_avg=0.4018
  H1 detail: range=0.0156, mean=-0.0193, dist_match=0.4737
  Collapse penalty: 0.000000 (threshold: 0.005000)
  Saved validation predictions to: experiments/06b_rolling/daily_7q_h10/fold_2019/collapse_monitoring/val_predictions_epoch11.npz
  Gradient norms:
    lstm_encoder: 0.000460
    lstm_decoder: 0.001830
    output_layer: 0.051302
  VSN output std:
    encoder: 0.250496
  Attention entropy: 2.988157
  Saved to: experiments/06b_rolling/daily_7q_h10/fold_2019/collapse_monitoring/collapse_monitor_latest.json
[DEBUG CollapseMonitor] on_validation_epoch_start called for epoch 12
[DEBUG CollapseMonitor] reset_temporal_state() called on loss function
Epoch 12: val_loss=0.3882426619529724
Epoch 12: train_loss=0.4933873116970062

[CollapseMonitor] Epoch 12
  [DEBUG] Processed 3 batches, 10 horizon(s)
  Multi-horizon metrics (10 horizons):
    h1: std=0.0048, dir_acc=46.3%, pos=11%, unique=189, sharpe=-12.99
    h2: std=0.0041, dir_acc=52.6%, pos=100%, unique=187, sharpe=115.55
    h3: std=0.0055, dir_acc=52.6%, pos=100%, unique=182, sharpe=131.69
    h4: std=0.0079, dir_acc=53.2%, pos=100%, unique=185, sharpe=109.30
    h5: std=0.0106, dir_acc=53.7%, pos=100%, unique=186, sharpe=90.04
    ... (5 more horizons)
  Aggregate: std_avg=0.0118, dir_acc_avg=52.5%, composite_avg=0.4035
  H1 detail: range=0.0240, mean=-0.0039, dist_match=0.5789
  Collapse penalty: 0.000000 (threshold: 0.005000)
  Saved validation predictions to: experiments/06b_rolling/daily_7q_h10/fold_2019/collapse_monitoring/val_predictions_epoch12.npz
  Gradient norms:
    lstm_encoder: 0.000472
    lstm_decoder: 0.001615
    output_layer: 0.047473
  VSN output std:
    encoder: 0.244342
  Attention entropy: 2.982124
  Saved to: experiments/06b_rolling/daily_7q_h10/fold_2019/collapse_monitoring/collapse_monitor_latest.json
[DEBUG CollapseMonitor] on_validation_epoch_start called for epoch 13
[DEBUG CollapseMonitor] reset_temporal_state() called on loss function
Epoch 13: val_loss=0.38760247826576233
Epoch 13: train_loss=0.48855364322662354

[CollapseMonitor] Epoch 13
  [DEBUG] Processed 3 batches, 10 horizon(s)
  Multi-horizon metrics (10 horizons):
    h1: std=0.0083, dir_acc=50.0%, pos=81%, unique=185, sharpe=14.92
    h2: std=0.0076, dir_acc=52.6%, pos=100%, unique=187, sharpe=76.19
    h3: std=0.0094, dir_acc=52.6%, pos=100%, unique=182, sharpe=85.74
    h4: std=0.0123, dir_acc=53.2%, pos=100%, unique=184, sharpe=76.76
    h5: std=0.0154, dir_acc=53.7%, pos=100%, unique=186, sharpe=67.19
    ... (5 more horizons)
  Aggregate: std_avg=0.0166, dir_acc_avg=52.9%, composite_avg=0.4099
  H1 detail: range=0.0372, mean=0.0078, dist_match=0.7211
  Collapse penalty: 0.000000 (threshold: 0.005000)
  Saved validation predictions to: experiments/06b_rolling/daily_7q_h10/fold_2019/collapse_monitoring/val_predictions_epoch13.npz
  Gradient norms:
    lstm_encoder: 0.000468
    lstm_decoder: 0.001584
    output_layer: 0.045276
  VSN output std:
    encoder: 0.242169
  Attention entropy: 2.978504
  Saved to: experiments/06b_rolling/daily_7q_h10/fold_2019/collapse_monitoring/collapse_monitor_latest.json
[DEBUG CollapseMonitor] on_validation_epoch_start called for epoch 14
[DEBUG CollapseMonitor] reset_temporal_state() called on loss function
Epoch 14: val_loss=0.3869798481464386
Epoch 14: train_loss=0.4862356185913086

[CollapseMonitor] Epoch 14
  [DEBUG] Processed 3 batches, 10 horizon(s)
  Multi-horizon metrics (10 horizons):
    h1: std=0.0156, dir_acc=49.5%, pos=68%, unique=188, sharpe=4.92
    h2: std=0.0147, dir_acc=52.1%, pos=97%, unique=186, sharpe=34.50
    h3: std=0.0167, dir_acc=52.1%, pos=98%, unique=187, sharpe=42.97
    h4: std=0.0197, dir_acc=52.6%, pos=98%, unique=187, sharpe=42.07
    h5: std=0.0231, dir_acc=53.2%, pos=98%, unique=187, sharpe=39.17
    ... (5 more horizons)
  Aggregate: std_avg=0.0246, dir_acc_avg=53.2%, composite_avg=0.4266
  H1 detail: range=0.0569, mean=0.0048, dist_match=0.8421
  Collapse penalty: 0.000000 (threshold: 0.005000)
  Saved validation predictions to: experiments/06b_rolling/daily_7q_h10/fold_2019/collapse_monitoring/val_predictions_epoch14.npz
  Gradient norms:
    lstm_encoder: 0.000485
    lstm_decoder: 0.001668
    output_layer: 0.045257
  VSN output std:
    encoder: 0.237897
  Attention entropy: 2.972941
  Saved to: experiments/06b_rolling/daily_7q_h10/fold_2019/collapse_monitoring/collapse_monitor_latest.json
[DEBUG CollapseMonitor] on_validation_epoch_start called for epoch 15
[DEBUG CollapseMonitor] reset_temporal_state() called on loss function
Epoch 15: val_loss=0.387513667345047
Epoch 15: train_loss=0.4825699031352997

[CollapseMonitor] Epoch 15
  [DEBUG] Processed 3 batches, 10 horizon(s)
  Multi-horizon metrics (10 horizons):
    h1: std=0.0182, dir_acc=48.4%, pos=73%, unique=187, sharpe=4.63
    h2: std=0.0175, dir_acc=48.4%, pos=89%, unique=188, sharpe=28.07
    h3: std=0.0191, dir_acc=51.1%, pos=95%, unique=185, sharpe=35.63
    h4: std=0.0216, dir_acc=51.1%, pos=95%, unique=189, sharpe=35.86
    h5: std=0.0245, dir_acc=52.6%, pos=91%, unique=185, sharpe=34.23
    ... (5 more horizons)
  Aggregate: std_avg=0.0254, dir_acc_avg=52.1%, composite_avg=0.4265
  H1 detail: range=0.0691, mean=0.0053, dist_match=0.8000
  Collapse penalty: 0.000000 (threshold: 0.005000)
  Saved validation predictions to: experiments/06b_rolling/daily_7q_h10/fold_2019/collapse_monitoring/val_predictions_epoch15.npz
  Gradient norms:
    lstm_encoder: 0.000500
    lstm_decoder: 0.001813
    output_layer: 0.046444
  VSN output std:
    encoder: 0.238297
  Attention entropy: 2.976688
  Saved to: experiments/06b_rolling/daily_7q_h10/fold_2019/collapse_monitoring/collapse_monitor_latest.json
[DEBUG CollapseMonitor] on_validation_epoch_start called for epoch 16
[DEBUG CollapseMonitor] reset_temporal_state() called on loss function
Epoch 16: val_loss=0.38783320784568787
Epoch 16: train_loss=0.47980016469955444

[CollapseMonitor] Epoch 16
  [DEBUG] Processed 3 batches, 10 horizon(s)
  Multi-horizon metrics (10 horizons):
    h1: std=0.0195, dir_acc=50.0%, pos=83%, unique=188, sharpe=20.29
    h2: std=0.0187, dir_acc=53.7%, pos=99%, unique=186, sharpe=43.23
    h3: std=0.0200, dir_acc=52.6%, pos=100%, unique=189, sharpe=49.36
    h4: std=0.0222, dir_acc=53.2%, pos=100%, unique=187, sharpe=47.80
    h5: std=0.0249, dir_acc=52.6%, pos=98%, unique=188, sharpe=44.38
    ... (5 more horizons)
  Aggregate: std_avg=0.0260, dir_acc_avg=53.6%, composite_avg=0.4211
  H1 detail: range=0.0693, mean=0.0250, dist_match=0.7000
  Collapse penalty: 0.000000 (threshold: 0.005000)
  Saved validation predictions to: experiments/06b_rolling/daily_7q_h10/fold_2019/collapse_monitoring/val_predictions_epoch16.npz
  Gradient norms:
    lstm_encoder: 0.000498
    lstm_decoder: 0.001645
    output_layer: 0.040512
  VSN output std:
    encoder: 0.234851
  Attention entropy: 2.976534
  Saved to: experiments/06b_rolling/daily_7q_h10/fold_2019/collapse_monitoring/collapse_monitor_latest.json
[DEBUG CollapseMonitor] on_validation_epoch_start called for epoch 17
[DEBUG CollapseMonitor] reset_temporal_state() called on loss function
Epoch 17: val_loss=0.387693852186203
Epoch 17: train_loss=0.4767601490020752

[CollapseMonitor] Epoch 17
  [DEBUG] Processed 3 batches, 10 horizon(s)
  Multi-horizon metrics (10 horizons):
    h1: std=0.0222, dir_acc=48.4%, pos=74%, unique=190, sharpe=11.33
    h2: std=0.0216, dir_acc=50.5%, pos=96%, unique=185, sharpe=29.96
    h3: std=0.0228, dir_acc=51.6%, pos=97%, unique=188, sharpe=35.21
    h4: std=0.0250, dir_acc=51.6%, pos=96%, unique=187, sharpe=34.51
    h5: std=0.0275, dir_acc=52.1%, pos=92%, unique=187, sharpe=32.27
    ... (5 more horizons)
  Aggregate: std_avg=0.0286, dir_acc_avg=52.4%, composite_avg=0.4258
  H1 detail: range=0.0736, mean=0.0158, dist_match=0.7895
  Collapse penalty: 0.000000 (threshold: 0.005000)
  Saved validation predictions to: experiments/06b_rolling/daily_7q_h10/fold_2019/collapse_monitoring/val_predictions_epoch17.npz
  Gradient norms:
    lstm_encoder: 0.000594
    lstm_decoder: 0.001624
    output_layer: 0.043309
  VSN output std:
    encoder: 0.232121
  Attention entropy: 2.977373
  Saved to: experiments/06b_rolling/daily_7q_h10/fold_2019/collapse_monitoring/collapse_monitor_latest.json
[DEBUG CollapseMonitor] on_validation_epoch_start called for epoch 18
[DEBUG CollapseMonitor] reset_temporal_state() called on loss function
Epoch 18: val_loss=0.38725924491882324
Epoch 18: train_loss=0.47406506538391113

[CollapseMonitor] Epoch 18
  [DEBUG] Processed 3 batches, 10 horizon(s)
  Multi-horizon metrics (10 horizons):
    h1: std=0.0249, dir_acc=51.1%, pos=67%, unique=188, sharpe=4.96
    h2: std=0.0248, dir_acc=51.1%, pos=84%, unique=190, sharpe=22.08
    h3: std=0.0270, dir_acc=52.1%, pos=88%, unique=187, sharpe=25.82
    h4: std=0.0302, dir_acc=51.6%, pos=86%, unique=189, sharpe=24.10
    h5: std=0.0341, dir_acc=50.0%, pos=83%, unique=190, sharpe=21.17
    ... (5 more horizons)
  Aggregate: std_avg=0.0368, dir_acc_avg=51.8%, composite_avg=0.4501
  H1 detail: range=0.0788, mean=0.0078, dist_match=0.8579
  Collapse penalty: 0.000000 (threshold: 0.005000)
  Saved validation predictions to: experiments/06b_rolling/daily_7q_h10/fold_2019/collapse_monitoring/val_predictions_epoch18.npz
  Gradient norms:
    lstm_encoder: 0.000524
    lstm_decoder: 0.001538
    output_layer: 0.038347
  VSN output std:
    encoder: 0.214824
  Attention entropy: 2.974316
  Saved to: experiments/06b_rolling/daily_7q_h10/fold_2019/collapse_monitoring/collapse_monitor_latest.json
[DEBUG CollapseMonitor] on_validation_epoch_start called for epoch 19
[DEBUG CollapseMonitor] reset_temporal_state() called on loss function
Epoch 19: val_loss=0.38767921924591064
Epoch 19: train_loss=0.4740118086338043

[CollapseMonitor] Epoch 19
  [DEBUG] Processed 3 batches, 10 horizon(s)
  Multi-horizon metrics (10 horizons):
    h1: std=0.0229, dir_acc=51.1%, pos=64%, unique=188, sharpe=1.37
    h2: std=0.0232, dir_acc=48.9%, pos=83%, unique=189, sharpe=19.98
    h3: std=0.0254, dir_acc=50.5%, pos=86%, unique=189, sharpe=24.47
    h4: std=0.0284, dir_acc=50.5%, pos=85%, unique=186, sharpe=23.47
    h5: std=0.0318, dir_acc=50.5%, pos=82%, unique=186, sharpe=21.26
    ... (5 more horizons)
  Aggregate: std_avg=0.0334, dir_acc_avg=51.5%, composite_avg=0.4449
  H1 detail: range=0.0732, mean=0.0020, dist_match=0.8895
  Collapse penalty: 0.000000 (threshold: 0.005000)
  Saved validation predictions to: experiments/06b_rolling/daily_7q_h10/fold_2019/collapse_monitoring/val_predictions_epoch19.npz
  Gradient norms:
    lstm_encoder: 0.000635
    lstm_decoder: 0.001566
    output_layer: 0.039922
  VSN output std:
    encoder: 0.211486
  Attention entropy: 2.973820
  Saved to: experiments/06b_rolling/daily_7q_h10/fold_2019/collapse_monitoring/collapse_monitor_latest.json
[DEBUG CollapseMonitor] on_validation_epoch_start called for epoch 20
[DEBUG CollapseMonitor] reset_temporal_state() called on loss function
Epoch 20: val_loss=0.38734692335128784
Epoch 20: train_loss=0.4721788167953491

[CollapseMonitor] Epoch 20
  [DEBUG] Processed 3 batches, 10 horizon(s)
  Multi-horizon metrics (10 horizons):
    h1: std=0.0247, dir_acc=51.1%, pos=61%, unique=189, sharpe=-2.37
    h2: std=0.0251, dir_acc=51.6%, pos=75%, unique=189, sharpe=14.93
    h3: std=0.0276, dir_acc=49.5%, pos=80%, unique=188, sharpe=19.19
    h4: std=0.0309, dir_acc=50.5%, pos=78%, unique=190, sharpe=18.42
    h5: std=0.0346, dir_acc=50.5%, pos=76%, unique=187, sharpe=16.50
    ... (5 more horizons)
  Aggregate: std_avg=0.0367, dir_acc_avg=51.3%, composite_avg=0.4566
  H1 detail: range=0.0777, mean=-0.0037, dist_match=0.9211
  Collapse penalty: 0.000000 (threshold: 0.005000)
  Saved validation predictions to: experiments/06b_rolling/daily_7q_h10/fold_2019/collapse_monitoring/val_predictions_epoch20.npz
  Gradient norms:
    lstm_encoder: 0.000628
    lstm_decoder: 0.001690
    output_layer: 0.041054
  VSN output std:
    encoder: 0.206547
  Attention entropy: 2.972663
  Saved to: experiments/06b_rolling/daily_7q_h10/fold_2019/collapse_monitoring/collapse_monitor_latest.json
[DEBUG CollapseMonitor] on_validation_epoch_start called for epoch 21
[DEBUG CollapseMonitor] reset_temporal_state() called on loss function
Epoch 21: val_loss=0.38726237416267395
Epoch 21: train_loss=0.47215086221694946

[CollapseMonitor] Epoch 21
  [DEBUG] Processed 3 batches, 10 horizon(s)
  Multi-horizon metrics (10 horizons):
    h1: std=0.0221, dir_acc=52.1%, pos=59%, unique=190, sharpe=-2.04
    h2: std=0.0229, dir_acc=52.1%, pos=78%, unique=188, sharpe=16.91
    h3: std=0.0255, dir_acc=50.5%, pos=83%, unique=189, sharpe=20.97
    h4: std=0.0291, dir_acc=48.9%, pos=80%, unique=190, sharpe=19.58
    h5: std=0.0331, dir_acc=51.1%, pos=76%, unique=189, sharpe=17.09
    ... (5 more horizons)
  Aggregate: std_avg=0.0355, dir_acc_avg=51.0%, composite_avg=0.4539
  H1 detail: range=0.0714, mean=-0.0028, dist_match=0.9316
  Collapse penalty: 0.000000 (threshold: 0.005000)
  Saved validation predictions to: experiments/06b_rolling/daily_7q_h10/fold_2019/collapse_monitoring/val_predictions_epoch21.npz
  Gradient norms:
    lstm_encoder: 0.000665
    lstm_decoder: 0.001589
    output_layer: 0.037627
  VSN output std:
    encoder: 0.203224
  Attention entropy: 2.969174
  Saved to: experiments/06b_rolling/daily_7q_h10/fold_2019/collapse_monitoring/collapse_monitor_latest.json
[DEBUG CollapseMonitor] on_validation_epoch_start called for epoch 22
[DEBUG CollapseMonitor] reset_temporal_state() called on loss function
Epoch 22: val_loss=0.3868725895881653
Epoch 22: train_loss=0.47158703207969666

[CollapseMonitor] Epoch 22
  [DEBUG] Processed 3 batches, 10 horizon(s)
  Multi-horizon metrics (10 horizons):
    h1: std=0.0200, dir_acc=52.1%, pos=59%, unique=189, sharpe=-0.78
    h2: std=0.0213, dir_acc=49.5%, pos=81%, unique=189, sharpe=19.52
    h3: std=0.0242, dir_acc=50.0%, pos=85%, unique=190, sharpe=22.89
    h4: std=0.0281, dir_acc=48.9%, pos=81%, unique=190, sharpe=20.69
    h5: std=0.0325, dir_acc=50.5%, pos=76%, unique=188, sharpe=17.61
    ... (5 more horizons)
  Aggregate: std_avg=0.0352, dir_acc_avg=50.7%, composite_avg=0.4520
  H1 detail: range=0.0654, mean=-0.0010, dist_match=0.9316
  Collapse penalty: 0.000000 (threshold: 0.005000)
  Saved validation predictions to: experiments/06b_rolling/daily_7q_h10/fold_2019/collapse_monitoring/val_predictions_epoch22.npz
  Gradient norms:
    lstm_encoder: 0.000682
    lstm_decoder: 0.001614
    output_layer: 0.039403
  VSN output std:
    encoder: 0.195840
  Attention entropy: 2.966949
  Saved to: experiments/06b_rolling/daily_7q_h10/fold_2019/collapse_monitoring/collapse_monitor_latest.json
[DEBUG CollapseMonitor] on_validation_epoch_start called for epoch 23
[DEBUG CollapseMonitor] reset_temporal_state() called on loss function
Epoch 23: val_loss=0.38691338896751404
Epoch 23: train_loss=0.470391184091568

[CollapseMonitor] Epoch 23
  [DEBUG] Processed 3 batches, 10 horizon(s)
  Multi-horizon metrics (10 horizons):
    h1: std=0.0184, dir_acc=51.1%, pos=61%, unique=189, sharpe=2.82
    h2: std=0.0199, dir_acc=50.5%, pos=88%, unique=190, sharpe=24.33
    h3: std=0.0228, dir_acc=52.6%, pos=100%, unique=190, sharpe=27.34
    h4: std=0.0267, dir_acc=52.1%, pos=87%, unique=189, sharpe=24.44
    h5: std=0.0310, dir_acc=50.5%, pos=80%, unique=190, sharpe=20.72
    ... (5 more horizons)
  Aggregate: std_avg=0.0337, dir_acc_avg=51.4%, composite_avg=0.4471
  H1 detail: range=0.0619, mean=0.0033, dist_match=0.9211
  Collapse penalty: 0.000000 (threshold: 0.005000)
  Saved validation predictions to: experiments/06b_rolling/daily_7q_h10/fold_2019/collapse_monitoring/val_predictions_epoch23.npz
  Gradient norms:
    lstm_encoder: 0.000657
    lstm_decoder: 0.001652
    output_layer: 0.038572
  VSN output std:
    encoder: 0.196443
  Attention entropy: 2.964475
  Saved to: experiments/06b_rolling/daily_7q_h10/fold_2019/collapse_monitoring/collapse_monitor_latest.json
[DEBUG CollapseMonitor] on_validation_epoch_start called for epoch 24
[DEBUG CollapseMonitor] reset_temporal_state() called on loss function
Epoch 24: val_loss=0.38623693585395813
Epoch 24: train_loss=0.46784457564353943

[CollapseMonitor] Epoch 24
  [DEBUG] Processed 3 batches, 10 horizon(s)
  Multi-horizon metrics (10 horizons):
    h1: std=0.0141, dir_acc=48.9%, pos=52%, unique=190, sharpe=-3.24
    h2: std=0.0159, dir_acc=50.0%, pos=89%, unique=190, sharpe=23.86
    h3: std=0.0190, dir_acc=52.6%, pos=99%, unique=190, sharpe=26.58
    h4: std=0.0231, dir_acc=50.5%, pos=85%, unique=188, sharpe=22.45
    h5: std=0.0279, dir_acc=48.9%, pos=76%, unique=190, sharpe=17.87
    ... (5 more horizons)
  Aggregate: std_avg=0.0312, dir_acc_avg=50.4%, composite_avg=0.4460
  H1 detail: range=0.0514, mean=-0.0029, dist_match=0.9947
  Collapse penalty: 0.000000 (threshold: 0.005000)
  Saved validation predictions to: experiments/06b_rolling/daily_7q_h10/fold_2019/collapse_monitoring/val_predictions_epoch24.npz
  Gradient norms:
    lstm_encoder: 0.000744
    lstm_decoder: 0.001703
    output_layer: 0.040360
  VSN output std:
    encoder: 0.193974
  Attention entropy: 2.958198
  Saved to: experiments/06b_rolling/daily_7q_h10/fold_2019/collapse_monitoring/collapse_monitor_latest.json
[DEBUG CollapseMonitor] on_validation_epoch_start called for epoch 25
[DEBUG CollapseMonitor] reset_temporal_state() called on loss function
Epoch 25: val_loss=0.3862951993942261
Epoch 25: train_loss=0.4691838324069977

[CollapseMonitor] Epoch 25
  [DEBUG] Processed 3 batches, 10 horizon(s)
  Multi-horizon metrics (10 horizons):
    h1: std=0.0158, dir_acc=50.0%, pos=62%, unique=190, sharpe=5.66
    h2: std=0.0177, dir_acc=52.1%, pos=99%, unique=190, sharpe=28.67
    h3: std=0.0209, dir_acc=52.6%, pos=100%, unique=189, sharpe=29.96
    h4: std=0.0250, dir_acc=52.6%, pos=95%, unique=190, sharpe=25.25
    h5: std=0.0299, dir_acc=50.5%, pos=80%, unique=189, sharpe=20.29
    ... (5 more horizons)
  Aggregate: std_avg=0.0333, dir_acc_avg=51.3%, composite_avg=0.4439
  H1 detail: range=0.0550, mean=0.0056, dist_match=0.9105
  Collapse penalty: 0.000000 (threshold: 0.005000)
  Saved validation predictions to: experiments/06b_rolling/daily_7q_h10/fold_2019/collapse_monitoring/val_predictions_epoch25.npz
  Gradient norms:
    lstm_encoder: 0.000702
    lstm_decoder: 0.001629
    output_layer: 0.037880
  VSN output std:
    encoder: 0.194702
  Attention entropy: 2.955132
  Saved to: experiments/06b_rolling/daily_7q_h10/fold_2019/collapse_monitoring/collapse_monitor_latest.json
[DEBUG CollapseMonitor] on_validation_epoch_start called for epoch 26
[DEBUG CollapseMonitor] reset_temporal_state() called on loss function
Epoch 26: val_loss=0.38608142733573914
Epoch 26: train_loss=0.46834489703178406

[CollapseMonitor] Epoch 26
  [DEBUG] Processed 3 batches, 10 horizon(s)
  Multi-horizon metrics (10 horizons):
    h1: std=0.0110, dir_acc=48.4%, pos=69%, unique=189, sharpe=8.40
    h2: std=0.0128, dir_acc=52.6%, pos=99%, unique=189, sharpe=38.55
    h3: std=0.0157, dir_acc=52.6%, pos=100%, unique=190, sharpe=37.78
    h4: std=0.0198, dir_acc=53.2%, pos=100%, unique=189, sharpe=29.50
    h5: std=0.0247, dir_acc=51.6%, pos=83%, unique=190, sharpe=21.99
    ... (5 more horizons)
  Aggregate: std_avg=0.0288, dir_acc_avg=51.2%, composite_avg=0.4406
  H1 detail: range=0.0533, mean=0.0058, dist_match=0.8316
  Collapse penalty: 0.000000 (threshold: 0.005000)
  Saved validation predictions to: experiments/06b_rolling/daily_7q_h10/fold_2019/collapse_monitoring/val_predictions_epoch26.npz
  Gradient norms:
    lstm_encoder: 0.000744
    lstm_decoder: 0.001684
    output_layer: 0.038783
  VSN output std:
    encoder: 0.200267
  Attention entropy: 2.953449
  Saved to: experiments/06b_rolling/daily_7q_h10/fold_2019/collapse_monitoring/collapse_monitor_latest.json
[DEBUG CollapseMonitor] on_validation_epoch_start called for epoch 27
[DEBUG CollapseMonitor] reset_temporal_state() called on loss function
Epoch 27: val_loss=0.3866191804409027
Epoch 27: train_loss=0.46798333525657654

[CollapseMonitor] Epoch 27
  [DEBUG] Processed 3 batches, 10 horizon(s)
  Multi-horizon metrics (10 horizons):
    h1: std=0.0104, dir_acc=47.9%, pos=69%, unique=189, sharpe=4.35
    h2: std=0.0120, dir_acc=52.6%, pos=99%, unique=190, sharpe=37.15
    h3: std=0.0146, dir_acc=52.6%, pos=100%, unique=189, sharpe=37.07
    h4: std=0.0185, dir_acc=53.2%, pos=100%, unique=188, sharpe=28.69
    h5: std=0.0234, dir_acc=50.0%, pos=82%, unique=187, sharpe=20.97
    ... (5 more horizons)
  Aggregate: std_avg=0.0276, dir_acc_avg=50.9%, composite_avg=0.4397
  H1 detail: range=0.0541, mean=0.0028, dist_match=0.8368
  Collapse penalty: 0.000000 (threshold: 0.005000)
  Saved validation predictions to: experiments/06b_rolling/daily_7q_h10/fold_2019/collapse_monitoring/val_predictions_epoch27.npz
  Gradient norms:
    lstm_encoder: 0.000747
    lstm_decoder: 0.001689
    output_layer: 0.039306
  VSN output std:
    encoder: 0.203639
  Attention entropy: 2.950655
  Saved to: experiments/06b_rolling/daily_7q_h10/fold_2019/collapse_monitoring/collapse_monitor_latest.json
[DEBUG CollapseMonitor] on_validation_epoch_start called for epoch 28
[DEBUG CollapseMonitor] reset_temporal_state() called on loss function
Epoch 28: val_loss=0.38813528418540955
Epoch 28: train_loss=0.46688395738601685

[CollapseMonitor] Epoch 28
  [DEBUG] Processed 3 batches, 10 horizon(s)
  Multi-horizon metrics (10 horizons):
    h1: std=0.0127, dir_acc=47.4%, pos=71%, unique=188, sharpe=3.94
    h2: std=0.0141, dir_acc=51.1%, pos=97%, unique=190, sharpe=30.37
    h3: std=0.0159, dir_acc=52.1%, pos=98%, unique=190, sharpe=31.42
    h4: std=0.0191, dir_acc=51.6%, pos=88%, unique=188, sharpe=24.56
    h5: std=0.0234, dir_acc=47.9%, pos=75%, unique=189, sharpe=17.55
    ... (5 more horizons)
  Aggregate: std_avg=0.0280, dir_acc_avg=50.0%, composite_avg=0.4427
  H1 detail: range=0.0619, mean=0.0032, dist_match=0.8211
  Collapse penalty: 0.000000 (threshold: 0.005000)
  Saved validation predictions to: experiments/06b_rolling/daily_7q_h10/fold_2019/collapse_monitoring/val_predictions_epoch28.npz
  Gradient norms:
    lstm_encoder: 0.000814
    lstm_decoder: 0.001398
    output_layer: 0.034067
  VSN output std:
    encoder: 0.218063
  Attention entropy: 2.950169
  Saved to: experiments/06b_rolling/daily_7q_h10/fold_2019/collapse_monitoring/collapse_monitor_latest.json
[DEBUG CollapseMonitor] on_validation_epoch_start called for epoch 29
[DEBUG CollapseMonitor] reset_temporal_state() called on loss function
Epoch 29: val_loss=0.38843175768852234
Epoch 29: train_loss=0.46603211760520935

[CollapseMonitor] Epoch 29
  [DEBUG] Processed 3 batches, 10 horizon(s)
  Multi-horizon metrics (10 horizons):
    h1: std=0.0136, dir_acc=47.9%, pos=69%, unique=189, sharpe=3.97
    h2: std=0.0151, dir_acc=50.5%, pos=96%, unique=189, sharpe=28.85
    h3: std=0.0171, dir_acc=51.6%, pos=98%, unique=190, sharpe=30.00
    h4: std=0.0205, dir_acc=50.0%, pos=86%, unique=190, sharpe=23.89
    h5: std=0.0251, dir_acc=47.4%, pos=77%, unique=190, sharpe=17.57
    ... (5 more horizons)
  Aggregate: std_avg=0.0297, dir_acc_avg=49.7%, composite_avg=0.4401
  H1 detail: range=0.0624, mean=0.0034, dist_match=0.8368
  Collapse penalty: 0.000000 (threshold: 0.005000)
  Saved validation predictions to: experiments/06b_rolling/daily_7q_h10/fold_2019/collapse_monitoring/val_predictions_epoch29.npz
  Gradient norms:
    lstm_encoder: 0.000796
    lstm_decoder: 0.001604
    output_layer: 0.035917
  VSN output std:
    encoder: 0.213044
  Attention entropy: 2.947402
  Saved to: experiments/06b_rolling/daily_7q_h10/fold_2019/collapse_monitoring/collapse_monitor_latest.json
[DEBUG CollapseMonitor] on_validation_epoch_start called for epoch 30
[DEBUG CollapseMonitor] reset_temporal_state() called on loss function
Epoch 30: val_loss=0.38951724767684937
Epoch 30: train_loss=0.4646855294704437

[CollapseMonitor] Epoch 30
  [DEBUG] Processed 3 batches, 10 horizon(s)
  Multi-horizon metrics (10 horizons):
    h1: std=0.0145, dir_acc=48.4%, pos=74%, unique=190, sharpe=12.15
    h2: std=0.0158, dir_acc=52.6%, pos=98%, unique=189, sharpe=34.98
    h3: std=0.0173, dir_acc=52.1%, pos=99%, unique=189, sharpe=35.89
    h4: std=0.0203, dir_acc=52.1%, pos=96%, unique=188, sharpe=29.19
    h5: std=0.0245, dir_acc=50.0%, pos=82%, unique=190, sharpe=21.92
    ... (5 more horizons)
  Aggregate: std_avg=0.0292, dir_acc_avg=50.9%, composite_avg=0.4412
  H1 detail: range=0.0654, mean=0.0111, dist_match=0.7895
  Collapse penalty: 0.000000 (threshold: 0.005000)
  Saved validation predictions to: experiments/06b_rolling/daily_7q_h10/fold_2019/collapse_monitoring/val_predictions_epoch30.npz
  Gradient norms:
    lstm_encoder: 0.000977
    lstm_decoder: 0.001598
    output_layer: 0.038564
  VSN output std:
    encoder: 0.214521
  Attention entropy: 2.944629
  Saved to: experiments/06b_rolling/daily_7q_h10/fold_2019/collapse_monitoring/collapse_monitor_latest.json
[DEBUG CollapseMonitor] on_validation_epoch_start called for epoch 31
[DEBUG CollapseMonitor] reset_temporal_state() called on loss function
Epoch 31: val_loss=0.3900935649871826
Epoch 31: train_loss=0.4655057489871979

[CollapseMonitor] Epoch 31
  [DEBUG] Processed 3 batches, 10 horizon(s)
  Multi-horizon metrics (10 horizons):
    h1: std=0.0176, dir_acc=47.4%, pos=71%, unique=190, sharpe=5.18
    h2: std=0.0189, dir_acc=49.5%, pos=87%, unique=189, sharpe=24.36
    h3: std=0.0203, dir_acc=50.0%, pos=91%, unique=189, sharpe=25.94
    h4: std=0.0230, dir_acc=50.0%, pos=81%, unique=190, sharpe=21.45
    h5: std=0.0270, dir_acc=47.9%, pos=75%, unique=190, sharpe=16.18
    ... (5 more horizons)
  Aggregate: std_avg=0.0317, dir_acc_avg=49.4%, composite_avg=0.4436
  H1 detail: range=0.0714, mean=0.0057, dist_match=0.8211
  Collapse penalty: 0.000000 (threshold: 0.005000)
  Saved validation predictions to: experiments/06b_rolling/daily_7q_h10/fold_2019/collapse_monitoring/val_predictions_epoch31.npz
  Gradient norms:
    lstm_encoder: 0.000860
    lstm_decoder: 0.001822
    output_layer: 0.039158
  VSN output std:
    encoder: 0.219551
  Attention entropy: 2.942664
  Saved to: experiments/06b_rolling/daily_7q_h10/fold_2019/collapse_monitoring/collapse_monitor_latest.json
[DEBUG CollapseMonitor] on_validation_epoch_start called for epoch 32
[DEBUG CollapseMonitor] reset_temporal_state() called on loss function
Epoch 32: val_loss=0.3904927968978882
Epoch 32: train_loss=0.46409159898757935

[CollapseMonitor] Epoch 32
  [DEBUG] Processed 3 batches, 10 horizon(s)
  Multi-horizon metrics (10 horizons):
    h1: std=0.0169, dir_acc=47.4%, pos=71%, unique=190, sharpe=4.37
    h2: std=0.0181, dir_acc=48.9%, pos=88%, unique=190, sharpe=24.41
    h3: std=0.0194, dir_acc=50.0%, pos=91%, unique=188, sharpe=26.22
    h4: std=0.0220, dir_acc=49.5%, pos=82%, unique=190, sharpe=21.65
    h5: std=0.0258, dir_acc=46.8%, pos=76%, unique=189, sharpe=16.21
    ... (5 more horizons)
  Aggregate: std_avg=0.0305, dir_acc_avg=49.2%, composite_avg=0.4413
  H1 detail: range=0.0749, mean=0.0047, dist_match=0.8211
  Collapse penalty: 0.000000 (threshold: 0.005000)
  Saved validation predictions to: experiments/06b_rolling/daily_7q_h10/fold_2019/collapse_monitoring/val_predictions_epoch32.npz
  Gradient norms:
    lstm_encoder: 0.000860
    lstm_decoder: 0.001574
    output_layer: 0.035823
  VSN output std:
    encoder: 0.219359
  Attention entropy: 2.941898
  Saved to: experiments/06b_rolling/daily_7q_h10/fold_2019/collapse_monitoring/collapse_monitor_latest.json
[DEBUG CollapseMonitor] on_validation_epoch_start called for epoch 33
[DEBUG CollapseMonitor] reset_temporal_state() called on loss function
Epoch 33: val_loss=0.390097051858902
Epoch 33: train_loss=0.4630986750125885

[CollapseMonitor] Epoch 33
  [DEBUG] Processed 3 batches, 10 horizon(s)
  Multi-horizon metrics (10 horizons):
    h1: std=0.0196, dir_acc=47.4%, pos=69%, unique=189, sharpe=2.00
    h2: std=0.0208, dir_acc=47.9%, pos=77%, unique=189, sharpe=19.33
    h3: std=0.0220, dir_acc=48.9%, pos=81%, unique=189, sharpe=21.31
    h4: std=0.0244, dir_acc=48.4%, pos=77%, unique=189, sharpe=17.98
    h5: std=0.0280, dir_acc=47.9%, pos=74%, unique=190, sharpe=13.73
    ... (5 more horizons)
  Aggregate: std_avg=0.0324, dir_acc_avg=49.1%, composite_avg=0.4469
  H1 detail: range=0.0804, mean=0.0025, dist_match=0.8316
  Collapse penalty: 0.000000 (threshold: 0.005000)
  Saved validation predictions to: experiments/06b_rolling/daily_7q_h10/fold_2019/collapse_monitoring/val_predictions_epoch33.npz
  Gradient norms:
    lstm_encoder: 0.000939
    lstm_decoder: 0.001778
    output_layer: 0.034532
  VSN output std:
    encoder: 0.219104
  Attention entropy: 2.941321
  Saved to: experiments/06b_rolling/daily_7q_h10/fold_2019/collapse_monitoring/collapse_monitor_latest.json
[DEBUG CollapseMonitor] on_validation_epoch_start called for epoch 34
[DEBUG CollapseMonitor] reset_temporal_state() called on loss function
Epoch 34: val_loss=0.3907669186592102
Epoch 34: train_loss=0.4639945328235626

[CollapseMonitor] Epoch 34
  [DEBUG] Processed 3 batches, 10 horizon(s)
  Multi-horizon metrics (10 horizons):
    h1: std=0.0174, dir_acc=47.9%, pos=69%, unique=190, sharpe=1.74
    h2: std=0.0186, dir_acc=49.5%, pos=82%, unique=190, sharpe=21.19
    h3: std=0.0197, dir_acc=50.5%, pos=84%, unique=190, sharpe=23.20
    h4: std=0.0222, dir_acc=47.9%, pos=79%, unique=190, sharpe=19.20
    h5: std=0.0258, dir_acc=48.4%, pos=74%, unique=190, sharpe=14.26
    ... (5 more horizons)
  Aggregate: std_avg=0.0304, dir_acc_avg=49.3%, composite_avg=0.4479
  H1 detail: range=0.0811, mean=0.0019, dist_match=0.8368
  Collapse penalty: 0.000000 (threshold: 0.005000)
  Saved validation predictions to: experiments/06b_rolling/daily_7q_h10/fold_2019/collapse_monitoring/val_predictions_epoch34.npz
  Gradient norms:
    lstm_encoder: 0.000934
    lstm_decoder: 0.001710
    output_layer: 0.036364
  VSN output std:
    encoder: 0.218619
  Attention entropy: 2.940195
  Saved to: experiments/06b_rolling/daily_7q_h10/fold_2019/collapse_monitoring/collapse_monitor_latest.json
[DEBUG CollapseMonitor] on_validation_epoch_start called for epoch 35
[DEBUG CollapseMonitor] reset_temporal_state() called on loss function
Epoch 35: val_loss=0.39132219552993774
Epoch 35: train_loss=0.4642527103424072

[CollapseMonitor] Epoch 35
  [DEBUG] Processed 3 batches, 10 horizon(s)
  Multi-horizon metrics (10 horizons):
    h1: std=0.0178, dir_acc=46.8%, pos=70%, unique=190, sharpe=3.69
    h2: std=0.0190, dir_acc=51.1%, pos=85%, unique=190, sharpe=22.60
    h3: std=0.0201, dir_acc=50.0%, pos=88%, unique=190, sharpe=24.52
    h4: std=0.0225, dir_acc=48.9%, pos=80%, unique=190, sharpe=20.46
    h5: std=0.0260, dir_acc=47.4%, pos=76%, unique=189, sharpe=15.39
    ... (5 more horizons)
  Aggregate: std_avg=0.0306, dir_acc_avg=49.4%, composite_avg=0.4451
  H1 detail: range=0.0825, mean=0.0041, dist_match=0.8263
  Collapse penalty: 0.000000 (threshold: 0.005000)
  Saved validation predictions to: experiments/06b_rolling/daily_7q_h10/fold_2019/collapse_monitoring/val_predictions_epoch35.npz
  Gradient norms:
    lstm_encoder: 0.000971
    lstm_decoder: 0.001612
    output_layer: 0.036474
  VSN output std:
    encoder: 0.219604
  Attention entropy: 2.938776
  Saved to: experiments/06b_rolling/daily_7q_h10/fold_2019/collapse_monitoring/collapse_monitor_latest.json
[DEBUG CollapseMonitor] on_validation_epoch_start called for epoch 36
[DEBUG CollapseMonitor] reset_temporal_state() called on loss function
Epoch 36: val_loss=0.39234963059425354
Epoch 36: train_loss=0.4642268121242523

[CollapseMonitor] Epoch 36
  [DEBUG] Processed 3 batches, 10 horizon(s)
  Multi-horizon metrics (10 horizons):
    h1: std=0.0193, dir_acc=51.6%, pos=60%, unique=190, sharpe=-2.24
    h2: std=0.0205, dir_acc=50.5%, pos=77%, unique=190, sharpe=15.37
    h3: std=0.0215, dir_acc=48.9%, pos=78%, unique=188, sharpe=17.40
    h4: std=0.0238, dir_acc=47.9%, pos=75%, unique=189, sharpe=14.21
    h5: std=0.0272, dir_acc=48.9%, pos=69%, unique=189, sharpe=10.11
    ... (5 more horizons)
  Aggregate: std_avg=0.0318, dir_acc_avg=49.9%, composite_avg=0.4651
  H1 detail: range=0.0836, mean=-0.0027, dist_match=0.9263
  Collapse penalty: 0.000000 (threshold: 0.005000)
  Saved validation predictions to: experiments/06b_rolling/daily_7q_h10/fold_2019/collapse_monitoring/val_predictions_epoch36.npz
  Gradient norms:
    lstm_encoder: 0.000914
    lstm_decoder: 0.001605
    output_layer: 0.034302
  VSN output std:
    encoder: 0.221660
  Attention entropy: 2.938588
  Saved to: experiments/06b_rolling/daily_7q_h10/fold_2019/collapse_monitoring/collapse_monitor_latest.json


======================================================================
Training complete
======================================================================

Best val_loss checkpoint: experiments/06b_rolling/daily_7q_h10/fold_2019/checkpoints/tft-epoch=epoch=26-valloss=val_loss=0.3861.ckpt
Best validation loss: 0.386081
Checkpoints saved:
  - Best val_loss: experiments/06b_rolling/daily_7q_h10/fold_2019/checkpoints/tft-epoch=epoch=26-valloss=val_loss=0.3861.ckpt
  - Best pred_std: experiments/06b_rolling/daily_7q_h10/fold_2019/checkpoints/tft-epoch=epoch=18-predstd=val_pred_std=0.0249.ckpt
  - Best unique: experiments/06b_rolling/daily_7q_h10/fold_2019/checkpoints/tft-epoch=epoch=00-unique=val_num_unique=190.ckpt
  - Best dir_acc: experiments/06b_rolling/daily_7q_h10/fold_2019/checkpoints/tft-epoch=epoch=00-diracc=val_dir_acc=0.5263.ckpt
  - Best sharpe: experiments/06b_rolling/daily_7q_h10/fold_2019/checkpoints/tft-epoch=epoch=00-sharpe=val_sharpe=131.1198.ckpt
  - Best composite: experiments/06b_rolling/daily_7q_h10/fold_2019/checkpoints/tft-epoch=epoch=21-composite=val_composite=0.5032.ckpt
Completed at: 2025-12-13 17:48:38
Log saved to: experiments/06b_rolling/daily_7q_h10/fold_2019/training_20251213_174435.log
======================================================================
