Logging to: experiments/12b_feature_sweep/core_dynamics_weekly_7q_h5_enc12_s42/vsn_analysis/vsn_analysis_20251213_234437.log
Analysis started at: 2025-12-13 23:44:37
======================================================================
Experiment: 12b_feature_sweep/core_dynamics_weekly_7q_h5_enc12_s42
Output directory: experiments/12b_feature_sweep/core_dynamics_weekly_7q_h5_enc12_s42/vsn_analysis
Loading config from: experiments/12b_feature_sweep/core_dynamics_weekly_7q_h5_enc12_s42/config.json
Using best checkpoint: experiments/12b_feature_sweep/core_dynamics_weekly_7q_h5_enc12_s42/checkpoints/tft-epoch=epoch=51-valloss=val_loss=1.0837.ckpt

Loading data...
Loading test data from: data/splits/vintage/core_dynamics_weekly_vintage_test.csv
  Train samples: 908
  Test samples: 195

Preparing test dataset...
Test dataset size: 183

Loading model...
Loading model from: experiments/12b_feature_sweep/core_dynamics_weekly_7q_h5_enc12_s42/checkpoints/tft-epoch=epoch=51-valloss=val_loss=1.0837.ckpt
  Model loaded on device: cuda

Extracting VSN weights...
  Encoder variables (9): ['relative_time_idx', 'VIX', 'Treasury_10Y', 'Yield_Spread', 'Inflation_YoY']...
  Decoder variables (1): ['relative_time_idx']
  Static variables (1): ['encoder_length']

  DEBUG: Output type: <class 'pytorch_forecasting.utils.TupleOutputMixIn.to_network_output.<locals>.Output'>
  DEBUG: Output fields (NamedTuple): ('prediction', 'encoder_attention', 'decoder_attention', 'static_variables', 'encoder_variables', 'decoder_variables', 'decoder_lengths', 'encoder_lengths')
  DEBUG: output.encoder_variables shape: torch.Size([64, 12, 1, 9])
  DEBUG: output.static_variables shape: torch.Size([64, 1, 1])
  DEBUG: output.decoder_variables shape: torch.Size([64, 1, 1, 1])

Extraction complete:
  Samples: 183
  Encoder VSN shape: (183, 9)
  Decoder VSN shape: (183, 1)

Analysis period: 2022-04-15 to 2025-10-10

Creating temporal periods:
  2022: 38 samples
  2023: 52 samples
  2024: 52 samples
  2025: 41 samples

Analyzing VSN weights by period...

Comparing VSN patterns across periods...

Creating visualizations...
Saved VSN heatmap: experiments/12b_feature_sweep/core_dynamics_weekly_7q_h5_enc12_s42/vsn_analysis/vsn_heatmap.png
Saved VSN comparison: experiments/12b_feature_sweep/core_dynamics_weekly_7q_h5_enc12_s42/vsn_analysis/vsn_comparison.png
Saved concentration plot: experiments/12b_feature_sweep/core_dynamics_weekly_7q_h5_enc12_s42/vsn_analysis/vsn_concentration.png

Saving results...
Saved results: experiments/12b_feature_sweep/core_dynamics_weekly_7q_h5_enc12_s42/vsn_analysis/vsn_analysis_results.json

======================================================================
VSN ANALYSIS SUMMARY
======================================================================

Per-Period Feature Importance:
----------------------------------------------------------------------

2022 (38 samples):
  Concentration: 0.3768
  Top 5 features:
    VIX                            0.5841
    CPI                            0.1579
    VIX_relative                   0.0557
    Treasury_10Y                   0.0515
    Treasury_10Y_change            0.0409

2023 (52 samples):
  Concentration: 0.2989
  Top 5 features:
    VIX                            0.4839
    CPI                            0.2218
    VIX_relative                   0.0759
    Treasury_10Y                   0.0664
    Treasury_10Y_change            0.0524

2024 (52 samples):
  Concentration: 0.2583
  Top 5 features:
    VIX                            0.4064
    CPI                            0.2707
    VIX_relative                   0.0839
    Treasury_10Y                   0.0831
    Treasury_10Y_change            0.0586

2025 (41 samples):
  Concentration: 0.2543
  Top 5 features:
    VIX                            0.4056
    CPI                            0.2607
    Treasury_10Y                   0.0923
    VIX_relative                   0.0871
    Treasury_10Y_change            0.0570

----------------------------------------------------------------------
Period Comparisons:
----------------------------------------------------------------------

2022_vs_2023:
  Cosine similarity: 0.9844
  L2 distance: 0.1224
  Biggest increases: CPI(+0.064), VIX_relative(+0.020), Treasury_10Y(+0.015)
  Biggest decreases: VIX(-0.100), Inflation_YoY(-0.010), Yield_Spread(-0.003)

2022_vs_2024:
  Cosine similarity: 0.9432
  L2 distance: 0.2158
  Biggest increases: CPI(+0.113), Treasury_10Y(+0.032), VIX_relative(+0.028)
  Biggest decreases: VIX(-0.178), Inflation_YoY(-0.010), Yield_Spread(-0.007)

2022_vs_2025:
  Cosine similarity: 0.9459
  L2 distance: 0.2133
  Biggest increases: CPI(+0.103), Treasury_10Y(+0.041), VIX_relative(+0.031)
  Biggest decreases: VIX(-0.178), Yield_Spread(-0.010), Inflation_YoY(-0.009)

2023_vs_2024:
  Cosine similarity: 0.9868
  L2 distance: 0.0938
  Biggest increases: CPI(+0.049), Treasury_10Y(+0.017), VIX_relative(+0.008)
  Biggest decreases: VIX(-0.078), Yield_Spread(-0.004), Inflation_YoY(-0.000)

2023_vs_2025:
  Cosine similarity: 0.9878
  L2 distance: 0.0922
  Biggest increases: CPI(+0.039), Treasury_10Y(+0.026), VIX_relative(+0.011)
  Biggest decreases: VIX(-0.078), Yield_Spread(-0.006), relative_time_idx(+0.000)

2024_vs_2025:
  Cosine similarity: 0.9996
  L2 distance: 0.0144
  Biggest increases: Treasury_10Y(+0.009), VIX_relative(+0.003), VIX_spike(+0.001)
  Biggest decreases: CPI(-0.010), Yield_Spread(-0.002), Treasury_10Y_change(-0.002)

======================================================================

Analysis complete!
Results saved to: experiments/12b_feature_sweep/core_dynamics_weekly_7q_h5_enc12_s42/vsn_analysis
  - vsn_analysis_results.json
  - vsn_heatmap.png
  - vsn_comparison.png
  - vsn_concentration.png
