Logging to: experiments/01_staleness_features_fixed/sweep_stale_h16_drop0.15_lr5/vsn_analysis/vsn_analysis_20251210_125224.log
Analysis started at: 2025-12-10 12:52:24
======================================================================
Experiment: 01_staleness_features_fixed/sweep_stale_h16_drop0.15_lr5
Output directory: experiments/01_staleness_features_fixed/sweep_stale_h16_drop0.15_lr5/vsn_analysis
Loading config from: experiments/01_staleness_features_fixed/sweep_stale_h16_drop0.15_lr5/config.json
Using best checkpoint: experiments/01_staleness_features_fixed/sweep_stale_h16_drop0.15_lr5/checkpoints/tft-epoch=97-val_loss=0.3969.ckpt

Loading data...
Loading test data from: data/splits/fixed/core_proposal_daily_fixed_test.csv
Adding staleness features...
  Train samples: 6066
  Test samples: 1300

Preparing test dataset...
Test dataset size: 1280

Loading model...
Loading model from: experiments/01_staleness_features_fixed/sweep_stale_h16_drop0.15_lr5/checkpoints/tft-epoch=97-val_loss=0.3969.ckpt
  Model loaded on device: cpu

Extracting VSN weights...
  Encoder variables (7): ['relative_time_idx', 'VIX', 'Treasury_10Y', 'Yield_Spread', 'Inflation_YoY']...
  Decoder variables (1): ['relative_time_idx']
  Static variables (1): ['encoder_length']

  DEBUG: Output type: <class 'pytorch_forecasting.utils.TupleOutputMixIn.to_network_output.<locals>.Output'>
  DEBUG: Output fields (NamedTuple): ('prediction', 'encoder_attention', 'decoder_attention', 'static_variables', 'encoder_variables', 'decoder_variables', 'decoder_lengths', 'encoder_lengths')
  DEBUG: output.encoder_variables shape: torch.Size([64, 20, 1, 7])
  DEBUG: output.static_variables shape: torch.Size([64, 1, 1])
  DEBUG: output.decoder_variables shape: torch.Size([64, 1, 1, 1])
  Processed batch 20/20

Extraction complete:
  Samples: 1280
  Encoder VSN shape: (1280, 7)
  Decoder VSN shape: (1280, 1)

Analysis period: 2020-08-19 to 2025-10-06

Creating temporal periods:
  2020: 92 samples
  2021: 250 samples
  2022: 249 samples
  2023: 249 samples
  2024: 250 samples
  2025: 190 samples

Analyzing VSN weights by period...

Comparing VSN patterns across periods...

Creating visualizations...
Saved VSN heatmap: experiments/01_staleness_features_fixed/sweep_stale_h16_drop0.15_lr5/vsn_analysis/vsn_heatmap.png
Saved VSN comparison: experiments/01_staleness_features_fixed/sweep_stale_h16_drop0.15_lr5/vsn_analysis/vsn_comparison.png
Saved concentration plot: experiments/01_staleness_features_fixed/sweep_stale_h16_drop0.15_lr5/vsn_analysis/vsn_concentration.png

Saving results...
Saved results: experiments/01_staleness_features_fixed/sweep_stale_h16_drop0.15_lr5/vsn_analysis/vsn_analysis_results.json

======================================================================
VSN ANALYSIS SUMMARY
======================================================================

Per-Period Feature Importance:
----------------------------------------------------------------------

2020 (92 samples):
  Concentration: 0.2369
  Top 5 features:
    VIX                            0.3778
    Treasury_10Y                   0.2064
    relative_time_idx              0.1879
    CPI_is_fresh                   0.0884
    days_since_CPI_update          0.0778

2021 (250 samples):
  Concentration: 0.2369
  Top 5 features:
    VIX                            0.3781
    Treasury_10Y                   0.2180
    relative_time_idx              0.1745
    CPI_is_fresh                   0.1019
    days_since_CPI_update          0.0504

2022 (249 samples):
  Concentration: 0.2623
  Top 5 features:
    Yield_Spread                   0.3519
    VIX                            0.3407
    days_since_CPI_update          0.0997
    relative_time_idx              0.0825
    Inflation_YoY                  0.0538

2023 (249 samples):
  Concentration: 0.3214
  Top 5 features:
    VIX                            0.5270
    Treasury_10Y                   0.1176
    CPI_is_fresh                   0.1171
    days_since_CPI_update          0.0927
    relative_time_idx              0.0658

2024 (250 samples):
  Concentration: 0.2381
  Top 5 features:
    VIX                            0.4017
    Treasury_10Y                   0.1588
    CPI_is_fresh                   0.1465
    relative_time_idx              0.1322
    days_since_CPI_update          0.1018

2025 (190 samples):
  Concentration: 0.2464
  Top 5 features:
    VIX                            0.4133
    CPI_is_fresh                   0.1622
    relative_time_idx              0.1517
    Treasury_10Y                   0.1294
    days_since_CPI_update          0.0878

----------------------------------------------------------------------
Period Comparisons:
----------------------------------------------------------------------

2020_vs_2021:
  Cosine similarity: 0.9968
  L2 distance: 0.0388
  Biggest increases: Yield_Spread(+0.016), CPI_is_fresh(+0.014), Treasury_10Y(+0.012)
  Biggest decreases: days_since_CPI_update(-0.027), relative_time_idx(-0.013), Inflation_YoY(-0.001)

2020_vs_2022:
  Cosine similarity: 0.6877
  L2 distance: 0.3954
  Biggest increases: Yield_Spread(+0.337), days_since_CPI_update(+0.022), Inflation_YoY(+0.007)
  Biggest decreases: Treasury_10Y(-0.162), relative_time_idx(-0.105), CPI_is_fresh(-0.062)

2020_vs_2023:
  Cosine similarity: 0.9275
  L2 distance: 0.2155
  Biggest increases: VIX(+0.149), CPI_is_fresh(+0.029), Yield_Spread(+0.020)
  Biggest decreases: relative_time_idx(-0.122), Treasury_10Y(-0.089), Inflation_YoY(-0.002)

2020_vs_2024:
  Cosine similarity: 0.9792
  L2 distance: 0.0995
  Biggest increases: CPI_is_fresh(+0.058), days_since_CPI_update(+0.024), VIX(+0.024)
  Biggest decreases: relative_time_idx(-0.056), Treasury_10Y(-0.048), Inflation_YoY(-0.002)

2020_vs_2025:
  Cosine similarity: 0.9710
  L2 distance: 0.1187
  Biggest increases: CPI_is_fresh(+0.074), VIX(+0.035), days_since_CPI_update(+0.010)
  Biggest decreases: Treasury_10Y(-0.077), relative_time_idx(-0.036), Inflation_YoY(-0.007)

2021_vs_2022:
  Cosine similarity: 0.6986
  L2 distance: 0.3885
  Biggest increases: Yield_Spread(+0.321), days_since_CPI_update(+0.049), Inflation_YoY(+0.008)
  Biggest decreases: Treasury_10Y(-0.173), relative_time_idx(-0.092), CPI_is_fresh(-0.075)

2021_vs_2023:
  Cosine similarity: 0.9281
  L2 distance: 0.2147
  Biggest increases: VIX(+0.149), days_since_CPI_update(+0.042), CPI_is_fresh(+0.015)
  Biggest decreases: relative_time_idx(-0.109), Treasury_10Y(-0.100), Inflation_YoY(-0.001)

2021_vs_2024:
  Cosine similarity: 0.9773
  L2 distance: 0.1038
  Biggest increases: days_since_CPI_update(+0.051), CPI_is_fresh(+0.045), VIX(+0.024)
  Biggest decreases: Treasury_10Y(-0.059), relative_time_idx(-0.042), Yield_Spread(-0.017)

2021_vs_2025:
  Cosine similarity: 0.9693
  L2 distance: 0.1221
  Biggest increases: CPI_is_fresh(+0.060), days_since_CPI_update(+0.037), VIX(+0.035)
  Biggest decreases: Treasury_10Y(-0.089), relative_time_idx(-0.023), Yield_Spread(-0.015)

2022_vs_2023:
  Cosine similarity: 0.7483
  L2 distance: 0.3862
  Biggest increases: VIX(+0.186), CPI_is_fresh(+0.090), Treasury_10Y(+0.073)
  Biggest decreases: Yield_Spread(-0.317), relative_time_idx(-0.017), Inflation_YoY(-0.009)

2022_vs_2024:
  Cosine similarity: 0.7060
  L2 distance: 0.3841
  Biggest increases: CPI_is_fresh(+0.120), Treasury_10Y(+0.114), VIX(+0.061)
  Biggest decreases: Yield_Spread(-0.337), Inflation_YoY(-0.009), days_since_CPI_update(+0.002)

2022_vs_2025:
  Cosine similarity: 0.7078
  L2 distance: 0.3858
  Biggest increases: CPI_is_fresh(+0.136), Treasury_10Y(+0.085), VIX(+0.073)
  Biggest decreases: Yield_Spread(-0.336), Inflation_YoY(-0.014), days_since_CPI_update(-0.012)

2023_vs_2024:
  Cosine similarity: 0.9694
  L2 distance: 0.1521
  Biggest increases: relative_time_idx(+0.066), Treasury_10Y(+0.041), CPI_is_fresh(+0.029)
  Biggest decreases: VIX(-0.125), Yield_Spread(-0.020), Inflation_YoY(-0.000)

2023_vs_2025:
  Cosine similarity: 0.9682
  L2 distance: 0.1513
  Biggest increases: relative_time_idx(+0.086), CPI_is_fresh(+0.045), Treasury_10Y(+0.012)
  Biggest decreases: VIX(-0.114), Yield_Spread(-0.019), Inflation_YoY(-0.005)

2024_vs_2025:
  Cosine similarity: 0.9963
  L2 distance: 0.0430
  Biggest increases: relative_time_idx(+0.020), CPI_is_fresh(+0.016), VIX(+0.012)
  Biggest decreases: Treasury_10Y(-0.029), days_since_CPI_update(-0.014), Inflation_YoY(-0.005)

======================================================================

Analysis complete!
Results saved to: experiments/01_staleness_features_fixed/sweep_stale_h16_drop0.15_lr5/vsn_analysis
  - vsn_analysis_results.json
  - vsn_heatmap.png
  - vsn_comparison.png
  - vsn_concentration.png
