Logging to: experiments/11_staleness_attention/baseline_no_staleness/vsn_analysis/vsn_analysis_20251210_181809.log
Analysis started at: 2025-12-10 18:18:09
======================================================================
Experiment: 11_staleness_attention/baseline_no_staleness
Output directory: experiments/11_staleness_attention/baseline_no_staleness/vsn_analysis
Loading config from: experiments/11_staleness_attention/baseline_no_staleness/config.json
Using best checkpoint: experiments/11_staleness_attention/baseline_no_staleness/checkpoints/tft-epoch=epoch=57-valloss=val_loss=0.3993.ckpt

Loading data...
Loading test data from: data/splits/vintage/core_proposal_daily_vintage_test.csv
  Train samples: 6074
  Test samples: 1302

Preparing test dataset...
Test dataset size: 1282

Loading model...
Loading model from: experiments/11_staleness_attention/baseline_no_staleness/checkpoints/tft-epoch=epoch=57-valloss=val_loss=0.3993.ckpt
  Model loaded on device: cpu

Extracting VSN weights...
  Encoder variables (5): ['relative_time_idx', 'VIX', 'Treasury_10Y', 'Yield_Spread', 'Inflation_YoY']
  Decoder variables (1): ['relative_time_idx']
  Static variables (1): ['encoder_length']

  DEBUG: Output type: <class 'pytorch_forecasting.utils.TupleOutputMixIn.to_network_output.<locals>.Output'>
  DEBUG: Output fields (NamedTuple): ('prediction', 'encoder_attention', 'decoder_attention', 'static_variables', 'encoder_variables', 'decoder_variables', 'decoder_lengths', 'encoder_lengths')
  DEBUG: output.encoder_variables shape: torch.Size([64, 20, 1, 5])
  DEBUG: output.static_variables shape: torch.Size([64, 1, 1])
  DEBUG: output.decoder_variables shape: torch.Size([64, 1, 1, 1])
  Processed batch 20/21

Extraction complete:
  Samples: 1282
  Encoder VSN shape: (1282, 5)
  Decoder VSN shape: (1282, 1)

Analysis period: 2020-08-17 to 2025-10-06

Creating temporal periods:
  2020: 94 samples
  2021: 250 samples
  2022: 249 samples
  2023: 249 samples
  2024: 250 samples
  2025: 190 samples

Analyzing VSN weights by period...

Comparing VSN patterns across periods...

Creating visualizations...
Saved VSN heatmap: experiments/11_staleness_attention/baseline_no_staleness/vsn_analysis/vsn_heatmap.png
Saved VSN comparison: experiments/11_staleness_attention/baseline_no_staleness/vsn_analysis/vsn_comparison.png
Saved concentration plot: experiments/11_staleness_attention/baseline_no_staleness/vsn_analysis/vsn_concentration.png

Saving results...
Saved results: experiments/11_staleness_attention/baseline_no_staleness/vsn_analysis/vsn_analysis_results.json

======================================================================
VSN ANALYSIS SUMMARY
======================================================================

Per-Period Feature Importance:
----------------------------------------------------------------------

2020 (94 samples):
  Concentration: 0.2711
  Top 5 features:
    Treasury_10Y                   0.3482
    VIX                            0.2884
    Inflation_YoY                  0.2304
    Yield_Spread                   0.1156
    relative_time_idx              0.0175

2021 (250 samples):
  Concentration: 0.3131
  Top 5 features:
    Treasury_10Y                   0.4591
    VIX                            0.2661
    Yield_Spread                   0.1499
    Inflation_YoY                  0.0875
    relative_time_idx              0.0374

2022 (249 samples):
  Concentration: 0.4893
  Top 5 features:
    VIX                            0.6732
    Treasury_10Y                   0.1620
    Inflation_YoY                  0.0670
    Yield_Spread                   0.0659
    relative_time_idx              0.0319

2023 (249 samples):
  Concentration: 0.2860
  Top 5 features:
    VIX                            0.3748
    Yield_Spread                   0.2739
    Treasury_10Y                   0.2541
    Inflation_YoY                  0.0730
    relative_time_idx              0.0241

2024 (250 samples):
  Concentration: 0.2856
  Top 5 features:
    Yield_Spread                   0.3968
    Treasury_10Y                   0.2579
    VIX                            0.2292
    Inflation_YoY                  0.0925
    relative_time_idx              0.0236

2025 (190 samples):
  Concentration: 0.2688
  Top 5 features:
    Yield_Spread                   0.3542
    VIX                            0.2859
    Treasury_10Y                   0.2120
    Inflation_YoY                  0.1278
    relative_time_idx              0.0201

----------------------------------------------------------------------
Period Comparisons:
----------------------------------------------------------------------

2020_vs_2021:
  Cosine similarity: 0.9429
  L2 distance: 0.1865
  Biggest increases: Treasury_10Y(+0.111), Yield_Spread(+0.034), relative_time_idx(+0.020)
  Biggest decreases: Inflation_YoY(-0.143), VIX(-0.022), relative_time_idx(+0.020)

2020_vs_2022:
  Cosine similarity: 0.7527
  L2 distance: 0.4606
  Biggest increases: VIX(+0.385), relative_time_idx(+0.014), Yield_Spread(-0.050)
  Biggest decreases: Treasury_10Y(-0.186), Inflation_YoY(-0.163), Yield_Spread(-0.050)

2020_vs_2023:
  Cosine similarity: 0.8814
  L2 distance: 0.2574
  Biggest increases: Yield_Spread(+0.158), VIX(+0.086), relative_time_idx(+0.007)
  Biggest decreases: Inflation_YoY(-0.157), Treasury_10Y(-0.094), relative_time_idx(+0.007)

2020_vs_2024:
  Cosine similarity: 0.8030
  L2 distance: 0.3314
  Biggest increases: Yield_Spread(+0.281), relative_time_idx(+0.006), VIX(-0.059)
  Biggest decreases: Inflation_YoY(-0.138), Treasury_10Y(-0.090), VIX(-0.059)

2020_vs_2025:
  Cosine similarity: 0.8407
  L2 distance: 0.2933
  Biggest increases: Yield_Spread(+0.239), relative_time_idx(+0.003), VIX(-0.002)
  Biggest decreases: Treasury_10Y(-0.136), Inflation_YoY(-0.103), VIX(-0.002)

2021_vs_2022:
  Cosine similarity: 0.6909
  L2 distance: 0.5114
  Biggest increases: VIX(+0.407), relative_time_idx(-0.006), Inflation_YoY(-0.021)
  Biggest decreases: Treasury_10Y(-0.297), Yield_Spread(-0.084), Inflation_YoY(-0.021)

2021_vs_2023:
  Cosine similarity: 0.8846
  L2 distance: 0.2639
  Biggest increases: Yield_Spread(+0.124), VIX(+0.109), relative_time_idx(-0.013)
  Biggest decreases: Treasury_10Y(-0.205), Inflation_YoY(-0.015), relative_time_idx(-0.013)

2021_vs_2024:
  Cosine similarity: 0.8287
  L2 distance: 0.3210
  Biggest increases: Yield_Spread(+0.247), Inflation_YoY(+0.005), relative_time_idx(-0.014)
  Biggest decreases: Treasury_10Y(-0.201), VIX(-0.037), relative_time_idx(-0.014)

2021_vs_2025:
  Cosine similarity: 0.8217
  L2 distance: 0.3242
  Biggest increases: Yield_Spread(+0.204), Inflation_YoY(+0.040), VIX(+0.020)
  Biggest decreases: Treasury_10Y(-0.247), relative_time_idx(-0.017), VIX(+0.020)

2022_vs_2023:
  Cosine similarity: 0.8479
  L2 distance: 0.3754
  Biggest increases: Yield_Spread(+0.208), Treasury_10Y(+0.092), Inflation_YoY(+0.006)
  Biggest decreases: VIX(-0.298), relative_time_idx(-0.008), Inflation_YoY(+0.006)

2022_vs_2024:
  Cosine similarity: 0.6130
  L2 distance: 0.5627
  Biggest increases: Yield_Spread(+0.331), Treasury_10Y(+0.096), Inflation_YoY(+0.026)
  Biggest decreases: VIX(-0.444), relative_time_idx(-0.008), Inflation_YoY(+0.026)

2022_vs_2025:
  Cosine similarity: 0.7150
  L2 distance: 0.4894
  Biggest increases: Yield_Spread(+0.288), Inflation_YoY(+0.061), Treasury_10Y(+0.050)
  Biggest decreases: VIX(-0.387), relative_time_idx(-0.012), Treasury_10Y(+0.050)

2023_vs_2024:
  Cosine similarity: 0.9358
  L2 distance: 0.1916
  Biggest increases: Yield_Spread(+0.123), Inflation_YoY(+0.019), Treasury_10Y(+0.004)
  Biggest decreases: VIX(-0.146), relative_time_idx(-0.001), Treasury_10Y(+0.004)

2023_vs_2025:
  Cosine similarity: 0.9660
  L2 distance: 0.1383
  Biggest increases: Yield_Spread(+0.080), Inflation_YoY(+0.055), relative_time_idx(-0.004)
  Biggest decreases: VIX(-0.089), Treasury_10Y(-0.042), relative_time_idx(-0.004)

2024_vs_2025:
  Cosine similarity: 0.9853
  L2 distance: 0.0917
  Biggest increases: VIX(+0.057), Inflation_YoY(+0.035), relative_time_idx(-0.003)
  Biggest decreases: Treasury_10Y(-0.046), Yield_Spread(-0.043), relative_time_idx(-0.003)

======================================================================

Analysis complete!
Results saved to: experiments/11_staleness_attention/baseline_no_staleness/vsn_analysis
  - vsn_analysis_results.json
  - vsn_heatmap.png
  - vsn_comparison.png
  - vsn_concentration.png
