======================================================================
Training TFT: 01_staleness_features_fixed/sweep_stale_h12_drop0.20_lr5
======================================================================
Logging to: experiments/01_staleness_features_fixed/sweep_stale_h12_drop0.20_lr5/training_20251029_210657.log
Started at: 2025-10-29 21:06:57
======================================================================
Configuration saved to: experiments/01_staleness_features_fixed/sweep_stale_h12_drop0.20_lr5/config.json

Loading data splits...
Train: 6066 samples
Val: 1300 samples
Test: 1300 samples

Preparing TimeSeriesDataSet...

Adding staleness features to data...

======================================================================
Adding Staleness Features
======================================================================
Mode: Fixed lag

Processing: Inflation_YoY (detecting from CPI)
  Updates detected: 280
  Avg days stale: 10.9
  Max days stale: 60

======================================================================
Total staleness features added: 2
======================================================================


======================================================================
Adding Staleness Features
======================================================================
Mode: Fixed lag

Processing: Inflation_YoY (detecting from CPI)
  Updates detected: 62
  Avg days stale: 10.3
  Max days stale: 42

======================================================================
Total staleness features added: 2
======================================================================


Dropping source columns (used for staleness only): ['CPI']

Final features for TFT: ['SP500_Returns', 'VIX', 'Treasury_10Y', 'Yield_Spread', 'Inflation_YoY', 'days_since_CPI_update', 'CPI_is_fresh']

======================================================================
FEATURE STATISTICS - BEFORE NORMALIZATION
======================================================================
VIX                             mean= 19.7193  std=  8.0201  min=  9.3100  max= 80.8600
Treasury_10Y                    mean=  4.7588  std=  1.6860  min=  1.4300  max=  8.3600
Yield_Spread                    mean=  1.2786  std=  0.9184  min= -0.5200  max=  2.9100
Inflation_YoY                   mean=  2.5055  std=  1.1650  min= -1.9588  max=  5.7255
days_since_CPI_update           mean= 10.8539  std=  7.6096  min=  0.0000  max= 60.0000
CPI_is_fresh                    mean=  0.0462  std=  0.2098  min=  0.0000  max=  1.0000

======================================================================
NORMALIZING STALENESS FEATURES (log transform)
======================================================================
Max staleness observed: train=60, val=42
Using normalization max: 65 days


STALENESS FEATURES - AFTER MANUAL NORMALIZATION
days_since_CPI_update           mean=  0.5270  std=  0.1974  min=  0.0000  max=  0.9812

======================================================================
FEATURES AFTER GROUPNORMALIZER (first batch, last timestep)
======================================================================
VIX                             normalized_value=  1.0000
Treasury_10Y                    normalized_value= -0.0500
Yield_Spread                    normalized_value= -0.4214
Inflation_YoY                   normalized_value= -0.9721
days_since_CPI_update           normalized_value=  1.5369
CPI_is_fresh                    normalized_value=  0.8557
======================================================================

Batches per epoch: 94
[DEBUG] Validation batches: 20
[DEBUG] Validation dataset size: 1280
[DEBUG] Batch size: 64

Initializing model...
Model parameters: 16,011

Starting training...
Checkpoints will be saved to: experiments/01_staleness_features_fixed/sweep_stale_h12_drop0.20_lr5/checkpoints/
Logs will be saved to: experiments/01_staleness_features_fixed/sweep_stale_h12_drop0.20_lr5/logs/

Epoch 0: val_loss=N/A
Epoch 0: val_loss=0.7092822790145874
Epoch 0: train_loss=0.7941944599151611

[CollapseMonitor] Epoch 0
  [DEBUG] Processed 20 batches from val_dataloader
  [DEBUG] Predictions shape after concat: (1280,)
  [DEBUG] All predictions list length: 20
  [DEBUG] First batch shape: (64,)
  Pred std: 0.028007, range: 0.160246, mean: -0.494948
  Pos: 0.0%, Neg: 100.0%, Unique: 1267
  Saved validation predictions to: experiments/01_staleness_features_fixed/sweep_stale_h12_drop0.20_lr5/collapse_monitoring/val_predictions_epoch0.npy
  Gradient norms:
    lstm_encoder: 0.015480
    lstm_decoder: 0.021744
    multihead_attn: 0.012474
    output_layer: 0.675859
  VSN output std:
    encoder: 0.103863
  Attention entropy: 2.972129
  Saved to: experiments/01_staleness_features_fixed/sweep_stale_h12_drop0.20_lr5/collapse_monitoring/collapse_monitor_epoch0.json
Epoch 1: val_loss=0.5785028338432312
Epoch 1: train_loss=0.6811547875404358

[CollapseMonitor] Epoch 1
  [DEBUG] Processed 20 batches from val_dataloader
  [DEBUG] Predictions shape after concat: (1280,)
  [DEBUG] All predictions list length: 20
  [DEBUG] First batch shape: (64,)
  Pred std: 0.026603, range: 0.154762, mean: -0.164327
  Pos: 0.0%, Neg: 100.0%, Unique: 1270
  Saved validation predictions to: experiments/01_staleness_features_fixed/sweep_stale_h12_drop0.20_lr5/collapse_monitoring/val_predictions_epoch1.npy
  Gradient norms:
    lstm_encoder: 0.012243
    lstm_decoder: 0.014496
    multihead_attn: 0.009380
    output_layer: 0.536772
  VSN output std:
    encoder: 0.108898
  Attention entropy: 2.975060
  Saved to: experiments/01_staleness_features_fixed/sweep_stale_h12_drop0.20_lr5/collapse_monitoring/collapse_monitor_epoch1.json
Epoch 2: val_loss=0.5072047114372253
Epoch 2: train_loss=0.575217604637146

[CollapseMonitor] Epoch 2
  [DEBUG] Processed 20 batches from val_dataloader
  [DEBUG] Predictions shape after concat: (1280,)
  [DEBUG] All predictions list length: 20
  [DEBUG] First batch shape: (64,)
  Pred std: 0.019338, range: 0.117504, mean: 0.029914
  Pos: 92.5%, Neg: 7.5%, Unique: 1254
  Saved validation predictions to: experiments/01_staleness_features_fixed/sweep_stale_h12_drop0.20_lr5/collapse_monitoring/val_predictions_epoch2.npy
  Gradient norms:
    lstm_encoder: 0.007402
    lstm_decoder: 0.009326
    multihead_attn: 0.005002
    output_layer: 0.339324
  VSN output std:
    encoder: 0.112374
  Attention entropy: 2.970060
  Saved to: experiments/01_staleness_features_fixed/sweep_stale_h12_drop0.20_lr5/collapse_monitoring/collapse_monitor_epoch2.json
Epoch 3: val_loss=0.47660452127456665
Epoch 3: train_loss=0.5172014236450195

[CollapseMonitor] Epoch 3
  [DEBUG] Processed 20 batches from val_dataloader
  [DEBUG] Predictions shape after concat: (1280,)
  [DEBUG] All predictions list length: 20
  [DEBUG] First batch shape: (64,)
  Pred std: 0.006295, range: 0.036305, mean: 0.056177
  Pos: 100.0%, Neg: 0.0%, Unique: 1240
  Saved validation predictions to: experiments/01_staleness_features_fixed/sweep_stale_h12_drop0.20_lr5/collapse_monitoring/val_predictions_epoch3.npy
  Gradient norms:
    lstm_encoder: 0.004134
    lstm_decoder: 0.005522
    multihead_attn: 0.003321
    output_layer: 0.214685
  VSN output std:
    encoder: 0.113648
  Attention entropy: 2.972874
  Saved to: experiments/01_staleness_features_fixed/sweep_stale_h12_drop0.20_lr5/collapse_monitoring/collapse_monitor_epoch3.json
Epoch 4: val_loss=0.4637618064880371
Epoch 4: train_loss=0.48819395899772644

[CollapseMonitor] Epoch 4
  [DEBUG] Processed 20 batches from val_dataloader
  [DEBUG] Predictions shape after concat: (1280,)
  [DEBUG] All predictions list length: 20
  [DEBUG] First batch shape: (64,)
  Pred std: 0.005781, range: 0.033303, mean: 0.066821
  Pos: 100.0%, Neg: 0.0%, Unique: 1234
  Saved validation predictions to: experiments/01_staleness_features_fixed/sweep_stale_h12_drop0.20_lr5/collapse_monitoring/val_predictions_epoch4.npy
  Gradient norms:
    lstm_encoder: 0.002586
    lstm_decoder: 0.003708
    multihead_attn: 0.002206
    output_layer: 0.149407
  VSN output std:
    encoder: 0.114867
  Attention entropy: 2.977458
  Saved to: experiments/01_staleness_features_fixed/sweep_stale_h12_drop0.20_lr5/collapse_monitoring/collapse_monitor_epoch4.json
Epoch 5: val_loss=0.45678606629371643
Epoch 5: train_loss=0.47279122471809387

[CollapseMonitor] Epoch 5
  [DEBUG] Processed 20 batches from val_dataloader
  [DEBUG] Predictions shape after concat: (1280,)
  [DEBUG] All predictions list length: 20
  [DEBUG] First batch shape: (64,)
  Pred std: 0.005451, range: 0.032334, mean: 0.062081
  Pos: 100.0%, Neg: 0.0%, Unique: 1227
  Saved validation predictions to: experiments/01_staleness_features_fixed/sweep_stale_h12_drop0.20_lr5/collapse_monitoring/val_predictions_epoch5.npy
  Gradient norms:
    lstm_encoder: 0.002150
    lstm_decoder: 0.003367
    multihead_attn: 0.001874
    output_layer: 0.115692
  VSN output std:
    encoder: 0.114578
  Attention entropy: 2.978239
  Saved to: experiments/01_staleness_features_fixed/sweep_stale_h12_drop0.20_lr5/collapse_monitoring/collapse_monitor_epoch5.json
Epoch 6: val_loss=0.45374712347984314
Epoch 6: train_loss=0.4662964940071106

[CollapseMonitor] Epoch 6
  [DEBUG] Processed 20 batches from val_dataloader
  [DEBUG] Predictions shape after concat: (1280,)
  [DEBUG] All predictions list length: 20
  [DEBUG] First batch shape: (64,)
  Pred std: 0.005386, range: 0.031923, mean: 0.071594
  Pos: 100.0%, Neg: 0.0%, Unique: 1215
  Saved validation predictions to: experiments/01_staleness_features_fixed/sweep_stale_h12_drop0.20_lr5/collapse_monitoring/val_predictions_epoch6.npy
  Gradient norms:
    lstm_encoder: 0.002198
    lstm_decoder: 0.003261
    multihead_attn: 0.001738
    output_layer: 0.108859
  VSN output std:
    encoder: 0.116784
  Attention entropy: 2.977734
  Saved to: experiments/01_staleness_features_fixed/sweep_stale_h12_drop0.20_lr5/collapse_monitoring/collapse_monitor_epoch6.json
Epoch 7: val_loss=0.45109838247299194
Epoch 7: train_loss=0.461476594209671

[CollapseMonitor] Epoch 7
  [DEBUG] Processed 20 batches from val_dataloader
  [DEBUG] Predictions shape after concat: (1280,)
  [DEBUG] All predictions list length: 20
  [DEBUG] First batch shape: (64,)
  Pred std: 0.006569, range: 0.036737, mean: 0.070954
  Pos: 100.0%, Neg: 0.0%, Unique: 1217
  Saved validation predictions to: experiments/01_staleness_features_fixed/sweep_stale_h12_drop0.20_lr5/collapse_monitoring/val_predictions_epoch7.npy
  Gradient norms:
    lstm_encoder: 0.002198
    lstm_decoder: 0.003360
    multihead_attn: 0.001414
    output_layer: 0.098604
  VSN output std:
    encoder: 0.116889
  Attention entropy: 2.981527
  Saved to: experiments/01_staleness_features_fixed/sweep_stale_h12_drop0.20_lr5/collapse_monitoring/collapse_monitor_epoch7.json
Epoch 8: val_loss=0.45025667548179626
Epoch 8: train_loss=0.4585472643375397

[CollapseMonitor] Epoch 8
  [DEBUG] Processed 20 batches from val_dataloader
  [DEBUG] Predictions shape after concat: (1280,)
  [DEBUG] All predictions list length: 20
  [DEBUG] First batch shape: (64,)
  Pred std: 0.006566, range: 0.034231, mean: 0.055405
  Pos: 100.0%, Neg: 0.0%, Unique: 1217
  Saved validation predictions to: experiments/01_staleness_features_fixed/sweep_stale_h12_drop0.20_lr5/collapse_monitoring/val_predictions_epoch8.npy
  Gradient norms:
    lstm_encoder: 0.002104
    lstm_decoder: 0.003225
    multihead_attn: 0.001393
    output_layer: 0.096557
  VSN output std:
    encoder: 0.116950
  Attention entropy: 2.981220
  Saved to: experiments/01_staleness_features_fixed/sweep_stale_h12_drop0.20_lr5/collapse_monitoring/collapse_monitor_epoch8.json
Epoch 9: val_loss=0.44918185472488403
Epoch 9: train_loss=0.456048846244812

[CollapseMonitor] Epoch 9
  [DEBUG] Processed 20 batches from val_dataloader
  [DEBUG] Predictions shape after concat: (1280,)
  [DEBUG] All predictions list length: 20
  [DEBUG] First batch shape: (64,)
  Pred std: 0.007781, range: 0.036721, mean: 0.038378
  Pos: 100.0%, Neg: 0.0%, Unique: 1225
  Saved validation predictions to: experiments/01_staleness_features_fixed/sweep_stale_h12_drop0.20_lr5/collapse_monitoring/val_predictions_epoch9.npy
  Gradient norms:
    lstm_encoder: 0.002102
    lstm_decoder: 0.003016
    multihead_attn: 0.001222
    output_layer: 0.089593
  VSN output std:
    encoder: 0.116397
  Attention entropy: 2.983076
  Saved to: experiments/01_staleness_features_fixed/sweep_stale_h12_drop0.20_lr5/collapse_monitoring/collapse_monitor_epoch9.json
Epoch 10: val_loss=0.4484117925167084
Epoch 10: train_loss=0.4551268517971039

[CollapseMonitor] Epoch 10
  [DEBUG] Processed 20 batches from val_dataloader
  [DEBUG] Predictions shape after concat: (1280,)
  [DEBUG] All predictions list length: 20
  [DEBUG] First batch shape: (64,)
  Pred std: 0.009999, range: 0.044903, mean: 0.053957
  Pos: 100.0%, Neg: 0.0%, Unique: 1233
  Saved validation predictions to: experiments/01_staleness_features_fixed/sweep_stale_h12_drop0.20_lr5/collapse_monitoring/val_predictions_epoch10.npy
  Gradient norms:
    lstm_encoder: 0.002308
    lstm_decoder: 0.003111
    multihead_attn: 0.001309
    output_layer: 0.091247
  VSN output std:
    encoder: 0.117770
  Attention entropy: 2.983612
  Saved to: experiments/01_staleness_features_fixed/sweep_stale_h12_drop0.20_lr5/collapse_monitoring/collapse_monitor_epoch10.json
Epoch 11: val_loss=0.44760650396347046
Epoch 11: train_loss=0.4536699056625366

[CollapseMonitor] Epoch 11
  [DEBUG] Processed 20 batches from val_dataloader
  [DEBUG] Predictions shape after concat: (1280,)
  [DEBUG] All predictions list length: 20
  [DEBUG] First batch shape: (64,)
  Pred std: 0.014816, range: 0.065042, mean: 0.052714
  Pos: 100.0%, Neg: 0.0%, Unique: 1247
  Saved validation predictions to: experiments/01_staleness_features_fixed/sweep_stale_h12_drop0.20_lr5/collapse_monitoring/val_predictions_epoch11.npy
  Gradient norms:
    lstm_encoder: 0.002950
    lstm_decoder: 0.003207
    multihead_attn: 0.001305
    output_layer: 0.088222
  VSN output std:
    encoder: 0.117400
  Attention entropy: 2.979548
  Saved to: experiments/01_staleness_features_fixed/sweep_stale_h12_drop0.20_lr5/collapse_monitoring/collapse_monitor_epoch11.json
Epoch 12: val_loss=0.4461069703102112
Epoch 12: train_loss=0.4521898627281189

[CollapseMonitor] Epoch 12
  [DEBUG] Processed 20 batches from val_dataloader
  [DEBUG] Predictions shape after concat: (1280,)
  [DEBUG] All predictions list length: 20
  [DEBUG] First batch shape: (64,)
  Pred std: 0.028153, range: 0.113251, mean: 0.066182
  Pos: 100.0%, Neg: 0.0%, Unique: 1261
  Saved validation predictions to: experiments/01_staleness_features_fixed/sweep_stale_h12_drop0.20_lr5/collapse_monitoring/val_predictions_epoch12.npy
  Gradient norms:
    lstm_encoder: 0.003886
    lstm_decoder: 0.003475
    multihead_attn: 0.001343
    output_layer: 0.088017
  VSN output std:
    encoder: 0.118041
  Attention entropy: 2.981547
  Saved to: experiments/01_staleness_features_fixed/sweep_stale_h12_drop0.20_lr5/collapse_monitoring/collapse_monitor_epoch12.json
Epoch 13: val_loss=0.44414186477661133
Epoch 13: train_loss=0.4518376290798187

[CollapseMonitor] Epoch 13
  [DEBUG] Processed 20 batches from val_dataloader
  [DEBUG] Predictions shape after concat: (1280,)
  [DEBUG] All predictions list length: 20
  [DEBUG] First batch shape: (64,)
  Pred std: 0.044518, range: 0.165222, mean: 0.053713
  Pos: 100.0%, Neg: 0.0%, Unique: 1259
  Saved validation predictions to: experiments/01_staleness_features_fixed/sweep_stale_h12_drop0.20_lr5/collapse_monitoring/val_predictions_epoch13.npy
  Gradient norms:
    lstm_encoder: 0.004871
    lstm_decoder: 0.003796
    multihead_attn: 0.001521
    output_layer: 0.091029
  VSN output std:
    encoder: 0.123713
  Attention entropy: 2.981989
  Saved to: experiments/01_staleness_features_fixed/sweep_stale_h12_drop0.20_lr5/collapse_monitoring/collapse_monitor_epoch13.json
Epoch 14: val_loss=0.44174081087112427
Epoch 14: train_loss=0.44853299856185913

[CollapseMonitor] Epoch 14
  [DEBUG] Processed 20 batches from val_dataloader
  [DEBUG] Predictions shape after concat: (1280,)
  [DEBUG] All predictions list length: 20
  [DEBUG] First batch shape: (64,)
  Pred std: 0.056547, range: 0.194942, mean: 0.053364
  Pos: 100.0%, Neg: 0.0%, Unique: 1269
  Saved validation predictions to: experiments/01_staleness_features_fixed/sweep_stale_h12_drop0.20_lr5/collapse_monitoring/val_predictions_epoch14.npy
  Gradient norms:
    lstm_encoder: 0.006234
    lstm_decoder: 0.004047
    multihead_attn: 0.001616
    output_layer: 0.083350
  VSN output std:
    encoder: 0.126646
  Attention entropy: 2.983244
  Saved to: experiments/01_staleness_features_fixed/sweep_stale_h12_drop0.20_lr5/collapse_monitoring/collapse_monitor_epoch14.json
Epoch 15: val_loss=0.4380284249782562
Epoch 15: train_loss=0.44667333364486694

[CollapseMonitor] Epoch 15
  [DEBUG] Processed 20 batches from val_dataloader
  [DEBUG] Predictions shape after concat: (1280,)
  [DEBUG] All predictions list length: 20
  [DEBUG] First batch shape: (64,)
  Pred std: 0.057620, range: 0.191497, mean: 0.066173
  Pos: 100.0%, Neg: 0.0%, Unique: 1269
  Saved validation predictions to: experiments/01_staleness_features_fixed/sweep_stale_h12_drop0.20_lr5/collapse_monitoring/val_predictions_epoch15.npy
  Gradient norms:
    lstm_encoder: 0.008078
    lstm_decoder: 0.004285
    multihead_attn: 0.001651
    output_layer: 0.082961
  VSN output std:
    encoder: 0.125186
  Attention entropy: 2.980401
  Saved to: experiments/01_staleness_features_fixed/sweep_stale_h12_drop0.20_lr5/collapse_monitoring/collapse_monitor_epoch15.json
Epoch 16: val_loss=0.43408697843551636
Epoch 16: train_loss=0.4440394341945648

[CollapseMonitor] Epoch 16
  [DEBUG] Processed 20 batches from val_dataloader
  [DEBUG] Predictions shape after concat: (1280,)
  [DEBUG] All predictions list length: 20
  [DEBUG] First batch shape: (64,)
  Pred std: 0.045673, range: 0.157342, mean: 0.091866
  Pos: 100.0%, Neg: 0.0%, Unique: 1260
  Saved validation predictions to: experiments/01_staleness_features_fixed/sweep_stale_h12_drop0.20_lr5/collapse_monitoring/val_predictions_epoch16.npy
  Gradient norms:
    lstm_encoder: 0.009206
    lstm_decoder: 0.004790
    multihead_attn: 0.001856
    output_layer: 0.091584
  VSN output std:
    encoder: 0.124884
  Attention entropy: 2.982648
  Saved to: experiments/01_staleness_features_fixed/sweep_stale_h12_drop0.20_lr5/collapse_monitoring/collapse_monitor_epoch16.json
Epoch 17: val_loss=0.43116694688796997
Epoch 17: train_loss=0.44150757789611816

[CollapseMonitor] Epoch 17
  [DEBUG] Processed 20 batches from val_dataloader
  [DEBUG] Predictions shape after concat: (1280,)
  [DEBUG] All predictions list length: 20
  [DEBUG] First batch shape: (64,)
  Pred std: 0.036589, range: 0.139190, mean: 0.058686
  Pos: 100.0%, Neg: 0.0%, Unique: 1252
  Saved validation predictions to: experiments/01_staleness_features_fixed/sweep_stale_h12_drop0.20_lr5/collapse_monitoring/val_predictions_epoch17.npy
  Gradient norms:
    lstm_encoder: 0.009952
    lstm_decoder: 0.005050
    multihead_attn: 0.001844
    output_layer: 0.091263
  VSN output std:
    encoder: 0.124623
  Attention entropy: 2.980760
  Saved to: experiments/01_staleness_features_fixed/sweep_stale_h12_drop0.20_lr5/collapse_monitoring/collapse_monitor_epoch17.json
Epoch 18: val_loss=0.42913079261779785
Epoch 18: train_loss=0.43875664472579956

[CollapseMonitor] Epoch 18
  [DEBUG] Processed 20 batches from val_dataloader
  [DEBUG] Predictions shape after concat: (1280,)
  [DEBUG] All predictions list length: 20
  [DEBUG] First batch shape: (64,)
  Pred std: 0.017233, range: 0.090761, mean: 0.084850
  Pos: 100.0%, Neg: 0.0%, Unique: 1249
  Saved validation predictions to: experiments/01_staleness_features_fixed/sweep_stale_h12_drop0.20_lr5/collapse_monitoring/val_predictions_epoch18.npy
  Gradient norms:
    lstm_encoder: 0.011800
    lstm_decoder: 0.005407
    multihead_attn: 0.001988
    output_layer: 0.086834
  VSN output std:
    encoder: 0.123848
  Attention entropy: 2.982648
  Saved to: experiments/01_staleness_features_fixed/sweep_stale_h12_drop0.20_lr5/collapse_monitoring/collapse_monitor_epoch18.json
Epoch 19: val_loss=0.4277569651603699
Epoch 19: train_loss=0.43811407685279846

[CollapseMonitor] Epoch 19
  [DEBUG] Processed 20 batches from val_dataloader
  [DEBUG] Predictions shape after concat: (1280,)
  [DEBUG] All predictions list length: 20
  [DEBUG] First batch shape: (64,)
  Pred std: 0.011005, range: 0.075894, mean: 0.067817
  Pos: 100.0%, Neg: 0.0%, Unique: 1251
  Saved validation predictions to: experiments/01_staleness_features_fixed/sweep_stale_h12_drop0.20_lr5/collapse_monitoring/val_predictions_epoch19.npy
  Gradient norms:
    lstm_encoder: 0.011368
    lstm_decoder: 0.005301
    multihead_attn: 0.001781
    output_layer: 0.095283
  VSN output std:
    encoder: 0.124742
  Attention entropy: 2.982246
  Saved to: experiments/01_staleness_features_fixed/sweep_stale_h12_drop0.20_lr5/collapse_monitoring/collapse_monitor_epoch19.json
Epoch 20: val_loss=0.42640939354896545
Epoch 20: train_loss=0.4370731711387634

[CollapseMonitor] Epoch 20
  [DEBUG] Processed 20 batches from val_dataloader
  [DEBUG] Predictions shape after concat: (1280,)
  [DEBUG] All predictions list length: 20
  [DEBUG] First batch shape: (64,)
  Pred std: 0.011969, range: 0.080556, mean: 0.078695
  Pos: 100.0%, Neg: 0.0%, Unique: 1244
  Saved validation predictions to: experiments/01_staleness_features_fixed/sweep_stale_h12_drop0.20_lr5/collapse_monitoring/val_predictions_epoch20.npy
  Gradient norms:
    lstm_encoder: 0.013760
    lstm_decoder: 0.005712
    multihead_attn: 0.001848
    output_layer: 0.090971
  VSN output std:
    encoder: 0.122227
  Attention entropy: 2.979347
  Saved to: experiments/01_staleness_features_fixed/sweep_stale_h12_drop0.20_lr5/collapse_monitoring/collapse_monitor_epoch20.json
Epoch 21: val_loss=0.42469125986099243
Epoch 21: train_loss=0.43592193722724915

[CollapseMonitor] Epoch 21
  [DEBUG] Processed 20 batches from val_dataloader
  [DEBUG] Predictions shape after concat: (1280,)
  [DEBUG] All predictions list length: 20
  [DEBUG] First batch shape: (64,)
  Pred std: 0.016483, range: 0.094835, mean: 0.082129
  Pos: 100.0%, Neg: 0.0%, Unique: 1248
  Saved validation predictions to: experiments/01_staleness_features_fixed/sweep_stale_h12_drop0.20_lr5/collapse_monitoring/val_predictions_epoch21.npy
  Gradient norms:
    lstm_encoder: 0.014801
    lstm_decoder: 0.005659
    multihead_attn: 0.001841
    output_layer: 0.090870
  VSN output std:
    encoder: 0.117692
  Attention entropy: 2.978934
  Saved to: experiments/01_staleness_features_fixed/sweep_stale_h12_drop0.20_lr5/collapse_monitoring/collapse_monitor_epoch21.json
Epoch 22: val_loss=0.423636257648468
Epoch 22: train_loss=0.4334012567996979

[CollapseMonitor] Epoch 22
  [DEBUG] Processed 20 batches from val_dataloader
  [DEBUG] Predictions shape after concat: (1280,)
  [DEBUG] All predictions list length: 20
  [DEBUG] First batch shape: (64,)
  Pred std: 0.013067, range: 0.084983, mean: 0.035588
  Pos: 100.0%, Neg: 0.0%, Unique: 1250
  Saved validation predictions to: experiments/01_staleness_features_fixed/sweep_stale_h12_drop0.20_lr5/collapse_monitoring/val_predictions_epoch22.npy
  Gradient norms:
    lstm_encoder: 0.014707
    lstm_decoder: 0.005783
    multihead_attn: 0.001798
    output_layer: 0.088239
  VSN output std:
    encoder: 0.110026
  Attention entropy: 2.981886
  Saved to: experiments/01_staleness_features_fixed/sweep_stale_h12_drop0.20_lr5/collapse_monitoring/collapse_monitor_epoch22.json
Epoch 23: val_loss=0.42167988419532776
Epoch 23: train_loss=0.4325513541698456

[CollapseMonitor] Epoch 23
  [DEBUG] Processed 20 batches from val_dataloader
  [DEBUG] Predictions shape after concat: (1280,)
  [DEBUG] All predictions list length: 20
  [DEBUG] First batch shape: (64,)
  Pred std: 0.014773, range: 0.095955, mean: 0.070663
  Pos: 100.0%, Neg: 0.0%, Unique: 1244
  Saved validation predictions to: experiments/01_staleness_features_fixed/sweep_stale_h12_drop0.20_lr5/collapse_monitoring/val_predictions_epoch23.npy
  Gradient norms:
    lstm_encoder: 0.017063
    lstm_decoder: 0.006265
    multihead_attn: 0.001801
    output_layer: 0.084704
  VSN output std:
    encoder: 0.107168
  Attention entropy: 2.982877
  Saved to: experiments/01_staleness_features_fixed/sweep_stale_h12_drop0.20_lr5/collapse_monitoring/collapse_monitor_epoch23.json
Epoch 24: val_loss=0.42047739028930664
Epoch 24: train_loss=0.4322417974472046

[CollapseMonitor] Epoch 24
  [DEBUG] Processed 20 batches from val_dataloader
  [DEBUG] Predictions shape after concat: (1280,)
  [DEBUG] All predictions list length: 20
  [DEBUG] First batch shape: (64,)
  Pred std: 0.018361, range: 0.107549, mean: 0.042086
  Pos: 100.0%, Neg: 0.0%, Unique: 1260
  Saved validation predictions to: experiments/01_staleness_features_fixed/sweep_stale_h12_drop0.20_lr5/collapse_monitoring/val_predictions_epoch24.npy
  Gradient norms:
    lstm_encoder: 0.018345
    lstm_decoder: 0.006593
    multihead_attn: 0.001861
    output_layer: 0.093304
  VSN output std:
    encoder: 0.099668
  Attention entropy: 2.983232
  Saved to: experiments/01_staleness_features_fixed/sweep_stale_h12_drop0.20_lr5/collapse_monitoring/collapse_monitor_epoch24.json
Epoch 25: val_loss=0.4189359247684479
Epoch 25: train_loss=0.4318802058696747

[CollapseMonitor] Epoch 25
  [DEBUG] Processed 20 batches from val_dataloader
  [DEBUG] Predictions shape after concat: (1280,)
  [DEBUG] All predictions list length: 20
  [DEBUG] First batch shape: (64,)
  Pred std: 0.014662, range: 0.107000, mean: 0.046826
  Pos: 100.0%, Neg: 0.0%, Unique: 1258
  Saved validation predictions to: experiments/01_staleness_features_fixed/sweep_stale_h12_drop0.20_lr5/collapse_monitoring/val_predictions_epoch25.npy
  Gradient norms:
    lstm_encoder: 0.018584
    lstm_decoder: 0.006743
    multihead_attn: 0.001970
    output_layer: 0.084295
  VSN output std:
    encoder: 0.104490
  Attention entropy: 2.982654
  Saved to: experiments/01_staleness_features_fixed/sweep_stale_h12_drop0.20_lr5/collapse_monitoring/collapse_monitor_epoch25.json
Epoch 26: val_loss=0.4182271957397461
Epoch 26: train_loss=0.43108299374580383

[CollapseMonitor] Epoch 26
  [DEBUG] Processed 20 batches from val_dataloader
  [DEBUG] Predictions shape after concat: (1280,)
  [DEBUG] All predictions list length: 20
  [DEBUG] First batch shape: (64,)
  Pred std: 0.016157, range: 0.111663, mean: 0.045658
  Pos: 100.0%, Neg: 0.0%, Unique: 1249
  Saved validation predictions to: experiments/01_staleness_features_fixed/sweep_stale_h12_drop0.20_lr5/collapse_monitoring/val_predictions_epoch26.npy
  Gradient norms:
    lstm_encoder: 0.021339
    lstm_decoder: 0.007022
    multihead_attn: 0.001953
    output_layer: 0.090230
  VSN output std:
    encoder: 0.097694
  Attention entropy: 2.985148
  Saved to: experiments/01_staleness_features_fixed/sweep_stale_h12_drop0.20_lr5/collapse_monitoring/collapse_monitor_epoch26.json
Epoch 27: val_loss=0.4171620309352875
Epoch 27: train_loss=0.42948007583618164

[CollapseMonitor] Epoch 27
  [DEBUG] Processed 20 batches from val_dataloader
  [DEBUG] Predictions shape after concat: (1280,)
  [DEBUG] All predictions list length: 20
  [DEBUG] First batch shape: (64,)
  Pred std: 0.023974, range: 0.133263, mean: 0.054236
  Pos: 100.0%, Neg: 0.0%, Unique: 1244
  Saved validation predictions to: experiments/01_staleness_features_fixed/sweep_stale_h12_drop0.20_lr5/collapse_monitoring/val_predictions_epoch27.npy
  Gradient norms:
    lstm_encoder: 0.021299
    lstm_decoder: 0.007003
    multihead_attn: 0.001962
    output_layer: 0.090822
  VSN output std:
    encoder: 0.097381
  Attention entropy: 2.983424
  Saved to: experiments/01_staleness_features_fixed/sweep_stale_h12_drop0.20_lr5/collapse_monitoring/collapse_monitor_epoch27.json
Epoch 28: val_loss=0.4164098799228668
Epoch 28: train_loss=0.4283714294433594

[CollapseMonitor] Epoch 28
  [DEBUG] Processed 20 batches from val_dataloader
  [DEBUG] Predictions shape after concat: (1280,)
  [DEBUG] All predictions list length: 20
  [DEBUG] First batch shape: (64,)
  Pred std: 0.022186, range: 0.129846, mean: 0.052314
  Pos: 100.0%, Neg: 0.0%, Unique: 1240
  Saved validation predictions to: experiments/01_staleness_features_fixed/sweep_stale_h12_drop0.20_lr5/collapse_monitoring/val_predictions_epoch28.npy
  Gradient norms:
    lstm_encoder: 0.020420
    lstm_decoder: 0.007236
    multihead_attn: 0.001859
    output_layer: 0.089252
  VSN output std:
    encoder: 0.096718
  Attention entropy: 2.982206
  Saved to: experiments/01_staleness_features_fixed/sweep_stale_h12_drop0.20_lr5/collapse_monitoring/collapse_monitor_epoch28.json
Epoch 29: val_loss=0.4156400263309479
Epoch 29: train_loss=0.4288616478443146

[CollapseMonitor] Epoch 29
  [DEBUG] Processed 20 batches from val_dataloader
  [DEBUG] Predictions shape after concat: (1280,)
  [DEBUG] All predictions list length: 20
  [DEBUG] First batch shape: (64,)
  Pred std: 0.020559, range: 0.132923, mean: 0.071236
  Pos: 100.0%, Neg: 0.0%, Unique: 1261
  Saved validation predictions to: experiments/01_staleness_features_fixed/sweep_stale_h12_drop0.20_lr5/collapse_monitoring/val_predictions_epoch29.npy
  Gradient norms:
    lstm_encoder: 0.019527
    lstm_decoder: 0.007316
    multihead_attn: 0.001892
    output_layer: 0.085831
  VSN output std:
    encoder: 0.097194
  Attention entropy: 2.985108
  Saved to: experiments/01_staleness_features_fixed/sweep_stale_h12_drop0.20_lr5/collapse_monitoring/collapse_monitor_epoch29.json
Epoch 30: val_loss=0.41501015424728394
Epoch 30: train_loss=0.4279024600982666

[CollapseMonitor] Epoch 30
  [DEBUG] Processed 20 batches from val_dataloader
  [DEBUG] Predictions shape after concat: (1280,)
  [DEBUG] All predictions list length: 20
  [DEBUG] First batch shape: (64,)
  Pred std: 0.020599, range: 0.132479, mean: 0.077924
  Pos: 100.0%, Neg: 0.0%, Unique: 1252
  Saved validation predictions to: experiments/01_staleness_features_fixed/sweep_stale_h12_drop0.20_lr5/collapse_monitoring/val_predictions_epoch30.npy
  Gradient norms:
    lstm_encoder: 0.021506
    lstm_decoder: 0.007595
    multihead_attn: 0.001795
    output_layer: 0.092255
  VSN output std:
    encoder: 0.095567
  Attention entropy: 2.983185
  Saved to: experiments/01_staleness_features_fixed/sweep_stale_h12_drop0.20_lr5/collapse_monitoring/collapse_monitor_epoch30.json
Epoch 31: val_loss=0.4148814082145691
Epoch 31: train_loss=0.4274166524410248

[CollapseMonitor] Epoch 31
  [DEBUG] Processed 20 batches from val_dataloader
  [DEBUG] Predictions shape after concat: (1280,)
  [DEBUG] All predictions list length: 20
  [DEBUG] First batch shape: (64,)
  Pred std: 0.021291, range: 0.139379, mean: 0.053807
  Pos: 100.0%, Neg: 0.0%, Unique: 1254
  Saved validation predictions to: experiments/01_staleness_features_fixed/sweep_stale_h12_drop0.20_lr5/collapse_monitoring/val_predictions_epoch31.npy
  Gradient norms:
    lstm_encoder: 0.021423
    lstm_decoder: 0.007738
    multihead_attn: 0.001815
    output_layer: 0.089734
  VSN output std:
    encoder: 0.090993
  Attention entropy: 2.983672
  Saved to: experiments/01_staleness_features_fixed/sweep_stale_h12_drop0.20_lr5/collapse_monitoring/collapse_monitor_epoch31.json
Epoch 32: val_loss=0.41240930557250977
Epoch 32: train_loss=0.42723602056503296

[CollapseMonitor] Epoch 32
  [DEBUG] Processed 20 batches from val_dataloader
  [DEBUG] Predictions shape after concat: (1280,)
  [DEBUG] All predictions list length: 20
  [DEBUG] First batch shape: (64,)
  Pred std: 0.029035, range: 0.163531, mean: 0.050501
  Pos: 100.0%, Neg: 0.0%, Unique: 1250
  Saved validation predictions to: experiments/01_staleness_features_fixed/sweep_stale_h12_drop0.20_lr5/collapse_monitoring/val_predictions_epoch32.npy
  Gradient norms:
    lstm_encoder: 0.022011
    lstm_decoder: 0.007758
    multihead_attn: 0.001770
    output_layer: 0.089268
  VSN output std:
    encoder: 0.087392
  Attention entropy: 2.982896
  Saved to: experiments/01_staleness_features_fixed/sweep_stale_h12_drop0.20_lr5/collapse_monitoring/collapse_monitor_epoch32.json
Epoch 33: val_loss=0.41319409012794495
Epoch 33: train_loss=0.4261664152145386

[CollapseMonitor] Epoch 33
  [DEBUG] Processed 20 batches from val_dataloader
  [DEBUG] Predictions shape after concat: (1280,)
  [DEBUG] All predictions list length: 20
  [DEBUG] First batch shape: (64,)
  Pred std: 0.025165, range: 0.159765, mean: 0.088582
  Pos: 100.0%, Neg: 0.0%, Unique: 1256
  Saved validation predictions to: experiments/01_staleness_features_fixed/sweep_stale_h12_drop0.20_lr5/collapse_monitoring/val_predictions_epoch33.npy
  Gradient norms:
    lstm_encoder: 0.019847
    lstm_decoder: 0.007690
    multihead_attn: 0.001822
    output_layer: 0.086614
  VSN output std:
    encoder: 0.086930
  Attention entropy: 2.983217
  Saved to: experiments/01_staleness_features_fixed/sweep_stale_h12_drop0.20_lr5/collapse_monitoring/collapse_monitor_epoch33.json
Epoch 34: val_loss=0.41104522347450256
Epoch 34: train_loss=0.42647796869277954

[CollapseMonitor] Epoch 34
  [DEBUG] Processed 20 batches from val_dataloader
  [DEBUG] Predictions shape after concat: (1280,)
  [DEBUG] All predictions list length: 20
  [DEBUG] First batch shape: (64,)
  Pred std: 0.030405, range: 0.178162, mean: 0.067723
  Pos: 100.0%, Neg: 0.0%, Unique: 1251
  Saved validation predictions to: experiments/01_staleness_features_fixed/sweep_stale_h12_drop0.20_lr5/collapse_monitoring/val_predictions_epoch34.npy
  Gradient norms:
    lstm_encoder: 0.023669
    lstm_decoder: 0.008393
    multihead_attn: 0.001790
    output_layer: 0.090124
  VSN output std:
    encoder: 0.086912
  Attention entropy: 2.983123
  Saved to: experiments/01_staleness_features_fixed/sweep_stale_h12_drop0.20_lr5/collapse_monitoring/collapse_monitor_epoch34.json
Epoch 35: val_loss=0.4115546643733978
Epoch 35: train_loss=0.42560049891471863

[CollapseMonitor] Epoch 35
  [DEBUG] Processed 20 batches from val_dataloader
  [DEBUG] Predictions shape after concat: (1280,)
  [DEBUG] All predictions list length: 20
  [DEBUG] First batch shape: (64,)
  Pred std: 0.029515, range: 0.185858, mean: 0.044549
  Pos: 100.0%, Neg: 0.0%, Unique: 1250
  Saved validation predictions to: experiments/01_staleness_features_fixed/sweep_stale_h12_drop0.20_lr5/collapse_monitoring/val_predictions_epoch35.npy
  Gradient norms:
    lstm_encoder: 0.023524
    lstm_decoder: 0.008272
    multihead_attn: 0.001787
    output_layer: 0.091283
  VSN output std:
    encoder: 0.083899
  Attention entropy: 2.984215
  Saved to: experiments/01_staleness_features_fixed/sweep_stale_h12_drop0.20_lr5/collapse_monitoring/collapse_monitor_epoch35.json
Epoch 36: val_loss=0.4105554223060608
Epoch 36: train_loss=0.42577803134918213

[CollapseMonitor] Epoch 36
  [DEBUG] Processed 20 batches from val_dataloader
  [DEBUG] Predictions shape after concat: (1280,)
  [DEBUG] All predictions list length: 20
  [DEBUG] First batch shape: (64,)
  Pred std: 0.032855, range: 0.194281, mean: 0.047326
  Pos: 100.0%, Neg: 0.0%, Unique: 1248
  Saved validation predictions to: experiments/01_staleness_features_fixed/sweep_stale_h12_drop0.20_lr5/collapse_monitoring/val_predictions_epoch36.npy
  Gradient norms:
    lstm_encoder: 0.023800
    lstm_decoder: 0.008958
    multihead_attn: 0.001978
    output_layer: 0.090886
  VSN output std:
    encoder: 0.085598
  Attention entropy: 2.981339
  Saved to: experiments/01_staleness_features_fixed/sweep_stale_h12_drop0.20_lr5/collapse_monitoring/collapse_monitor_epoch36.json
Epoch 37: val_loss=0.41102805733680725
Epoch 37: train_loss=0.42549052834510803

[CollapseMonitor] Epoch 37
  [DEBUG] Processed 20 batches from val_dataloader
  [DEBUG] Predictions shape after concat: (1280,)
  [DEBUG] All predictions list length: 20
  [DEBUG] First batch shape: (64,)
  Pred std: 0.027926, range: 0.177605, mean: 0.077347
  Pos: 100.0%, Neg: 0.0%, Unique: 1253
  Saved validation predictions to: experiments/01_staleness_features_fixed/sweep_stale_h12_drop0.20_lr5/collapse_monitoring/val_predictions_epoch37.npy
  Gradient norms:
    lstm_encoder: 0.025353
    lstm_decoder: 0.009328
    multihead_attn: 0.001942
    output_layer: 0.094681
  VSN output std:
    encoder: 0.082742
  Attention entropy: 2.978764
  Saved to: experiments/01_staleness_features_fixed/sweep_stale_h12_drop0.20_lr5/collapse_monitoring/collapse_monitor_epoch37.json
Epoch 38: val_loss=0.41051429510116577
Epoch 38: train_loss=0.4251851439476013

[CollapseMonitor] Epoch 38
  [DEBUG] Processed 20 batches from val_dataloader
  [DEBUG] Predictions shape after concat: (1280,)
  [DEBUG] All predictions list length: 20
  [DEBUG] First batch shape: (64,)
  Pred std: 0.030626, range: 0.197572, mean: 0.074679
  Pos: 100.0%, Neg: 0.0%, Unique: 1254
  Saved validation predictions to: experiments/01_staleness_features_fixed/sweep_stale_h12_drop0.20_lr5/collapse_monitoring/val_predictions_epoch38.npy
  Gradient norms:
    lstm_encoder: 0.022948
    lstm_decoder: 0.008721
    multihead_attn: 0.001837
    output_layer: 0.092498
  VSN output std:
    encoder: 0.085588
  Attention entropy: 2.977440
  Saved to: experiments/01_staleness_features_fixed/sweep_stale_h12_drop0.20_lr5/collapse_monitoring/collapse_monitor_epoch38.json
Epoch 39: val_loss=0.4096336364746094
Epoch 39: train_loss=0.4252218008041382

[CollapseMonitor] Epoch 39
  [DEBUG] Processed 20 batches from val_dataloader
  [DEBUG] Predictions shape after concat: (1280,)
  [DEBUG] All predictions list length: 20
  [DEBUG] First batch shape: (64,)
  Pred std: 0.034208, range: 0.210436, mean: 0.069115
  Pos: 100.0%, Neg: 0.0%, Unique: 1248
  Saved validation predictions to: experiments/01_staleness_features_fixed/sweep_stale_h12_drop0.20_lr5/collapse_monitoring/val_predictions_epoch39.npy
  Gradient norms:
    lstm_encoder: 0.023279
    lstm_decoder: 0.009371
    multihead_attn: 0.001949
    output_layer: 0.094606
  VSN output std:
    encoder: 0.083186
  Attention entropy: 2.976364
  Saved to: experiments/01_staleness_features_fixed/sweep_stale_h12_drop0.20_lr5/collapse_monitoring/collapse_monitor_epoch39.json
Epoch 40: val_loss=0.4088510572910309
Epoch 40: train_loss=0.4251396358013153

[CollapseMonitor] Epoch 40
  [DEBUG] Processed 20 batches from val_dataloader
  [DEBUG] Predictions shape after concat: (1280,)
  [DEBUG] All predictions list length: 20
  [DEBUG] First batch shape: (64,)
  Pred std: 0.034706, range: 0.210625, mean: 0.065583
  Pos: 100.0%, Neg: 0.0%, Unique: 1250
  Saved validation predictions to: experiments/01_staleness_features_fixed/sweep_stale_h12_drop0.20_lr5/collapse_monitoring/val_predictions_epoch40.npy
  Gradient norms:
    lstm_encoder: 0.026152
    lstm_decoder: 0.010087
    multihead_attn: 0.001870
    output_layer: 0.091111
  VSN output std:
    encoder: 0.084239
  Attention entropy: 2.977204
  Saved to: experiments/01_staleness_features_fixed/sweep_stale_h12_drop0.20_lr5/collapse_monitoring/collapse_monitor_epoch40.json
Epoch 41: val_loss=0.4086570143699646
Epoch 41: train_loss=0.42470458149909973

[CollapseMonitor] Epoch 41
  [DEBUG] Processed 20 batches from val_dataloader
  [DEBUG] Predictions shape after concat: (1280,)
  [DEBUG] All predictions list length: 20
  [DEBUG] First batch shape: (64,)
  Pred std: 0.029207, range: 0.191920, mean: 0.065026
  Pos: 100.0%, Neg: 0.0%, Unique: 1251
  Saved validation predictions to: experiments/01_staleness_features_fixed/sweep_stale_h12_drop0.20_lr5/collapse_monitoring/val_predictions_epoch41.npy
  Gradient norms:
    lstm_encoder: 0.024006
    lstm_decoder: 0.009353
    multihead_attn: 0.001781
    output_layer: 0.094460
  VSN output std:
    encoder: 0.083829
  Attention entropy: 2.978934
  Saved to: experiments/01_staleness_features_fixed/sweep_stale_h12_drop0.20_lr5/collapse_monitoring/collapse_monitor_epoch41.json
Epoch 42: val_loss=0.40759411454200745
Epoch 42: train_loss=0.42381957173347473

[CollapseMonitor] Epoch 42
  [DEBUG] Processed 20 batches from val_dataloader
  [DEBUG] Predictions shape after concat: (1280,)
  [DEBUG] All predictions list length: 20
  [DEBUG] First batch shape: (64,)
  Pred std: 0.036353, range: 0.214904, mean: 0.097570
  Pos: 100.0%, Neg: 0.0%, Unique: 1252
  Saved validation predictions to: experiments/01_staleness_features_fixed/sweep_stale_h12_drop0.20_lr5/collapse_monitoring/val_predictions_epoch42.npy
  Gradient norms:
    lstm_encoder: 0.026125
    lstm_decoder: 0.010786
    multihead_attn: 0.001837
    output_layer: 0.093125
  VSN output std:
    encoder: 0.082260
  Attention entropy: 2.977275
  Saved to: experiments/01_staleness_features_fixed/sweep_stale_h12_drop0.20_lr5/collapse_monitoring/collapse_monitor_epoch42.json
Epoch 43: val_loss=0.4065625071525574
Epoch 43: train_loss=0.4247520864009857

[CollapseMonitor] Epoch 43
  [DEBUG] Processed 20 batches from val_dataloader
  [DEBUG] Predictions shape after concat: (1280,)
  [DEBUG] All predictions list length: 20
  [DEBUG] First batch shape: (64,)
  Pred std: 0.036489, range: 0.220390, mean: 0.079940
  Pos: 100.0%, Neg: 0.0%, Unique: 1248
  Saved validation predictions to: experiments/01_staleness_features_fixed/sweep_stale_h12_drop0.20_lr5/collapse_monitoring/val_predictions_epoch43.npy
  Gradient norms:
    lstm_encoder: 0.025332
    lstm_decoder: 0.009298
    multihead_attn: 0.001719
    output_layer: 0.088607
  VSN output std:
    encoder: 0.083435
  Attention entropy: 2.978987
  Saved to: experiments/01_staleness_features_fixed/sweep_stale_h12_drop0.20_lr5/collapse_monitoring/collapse_monitor_epoch43.json
Epoch 44: val_loss=0.4073825776576996
Epoch 44: train_loss=0.42312631011009216

[CollapseMonitor] Epoch 44
  [DEBUG] Processed 20 batches from val_dataloader
  [DEBUG] Predictions shape after concat: (1280,)
  [DEBUG] All predictions list length: 20
  [DEBUG] First batch shape: (64,)
  Pred std: 0.034540, range: 0.215846, mean: 0.075555
  Pos: 100.0%, Neg: 0.0%, Unique: 1238
  Saved validation predictions to: experiments/01_staleness_features_fixed/sweep_stale_h12_drop0.20_lr5/collapse_monitoring/val_predictions_epoch44.npy
  Gradient norms:
    lstm_encoder: 0.025890
    lstm_decoder: 0.009954
    multihead_attn: 0.001643
    output_layer: 0.092383
  VSN output std:
    encoder: 0.080959
  Attention entropy: 2.975929
  Saved to: experiments/01_staleness_features_fixed/sweep_stale_h12_drop0.20_lr5/collapse_monitoring/collapse_monitor_epoch44.json
Epoch 45: val_loss=0.4085865020751953
Epoch 45: train_loss=0.42370447516441345

[CollapseMonitor] Epoch 45
  [DEBUG] Processed 20 batches from val_dataloader
  [DEBUG] Predictions shape after concat: (1280,)
  [DEBUG] All predictions list length: 20
  [DEBUG] First batch shape: (64,)
  Pred std: 0.031172, range: 0.220801, mean: 0.075780
  Pos: 100.0%, Neg: 0.0%, Unique: 1245
  Saved validation predictions to: experiments/01_staleness_features_fixed/sweep_stale_h12_drop0.20_lr5/collapse_monitoring/val_predictions_epoch45.npy
  Gradient norms:
    lstm_encoder: 0.028602
    lstm_decoder: 0.011294
    multihead_attn: 0.001893
    output_layer: 0.089984
  VSN output std:
    encoder: 0.083137
  Attention entropy: 2.976435
  Saved to: experiments/01_staleness_features_fixed/sweep_stale_h12_drop0.20_lr5/collapse_monitoring/collapse_monitor_epoch45.json
Epoch 46: val_loss=0.4064110219478607
Epoch 46: train_loss=0.4232327342033386

[CollapseMonitor] Epoch 46
  [DEBUG] Processed 20 batches from val_dataloader
  [DEBUG] Predictions shape after concat: (1280,)
  [DEBUG] All predictions list length: 20
  [DEBUG] First batch shape: (64,)
  Pred std: 0.037388, range: 0.240666, mean: 0.073813
  Pos: 100.0%, Neg: 0.0%, Unique: 1245
  Saved validation predictions to: experiments/01_staleness_features_fixed/sweep_stale_h12_drop0.20_lr5/collapse_monitoring/val_predictions_epoch46.npy
  Gradient norms:
    lstm_encoder: 0.027573
    lstm_decoder: 0.010625
    multihead_attn: 0.001890
    output_layer: 0.096796
  VSN output std:
    encoder: 0.082627
  Attention entropy: 2.973150
  Saved to: experiments/01_staleness_features_fixed/sweep_stale_h12_drop0.20_lr5/collapse_monitoring/collapse_monitor_epoch46.json
Epoch 47: val_loss=0.4057541489601135
Epoch 47: train_loss=0.4236040711402893

[CollapseMonitor] Epoch 47
  [DEBUG] Processed 20 batches from val_dataloader
  [DEBUG] Predictions shape after concat: (1280,)
  [DEBUG] All predictions list length: 20
  [DEBUG] First batch shape: (64,)
  Pred std: 0.031565, range: 0.214910, mean: 0.089905
  Pos: 100.0%, Neg: 0.0%, Unique: 1235
  Saved validation predictions to: experiments/01_staleness_features_fixed/sweep_stale_h12_drop0.20_lr5/collapse_monitoring/val_predictions_epoch47.npy
  Gradient norms:
    lstm_encoder: 0.026866
    lstm_decoder: 0.010140
    multihead_attn: 0.001819
    output_layer: 0.088692
  VSN output std:
    encoder: 0.082213
  Attention entropy: 2.969785
  Saved to: experiments/01_staleness_features_fixed/sweep_stale_h12_drop0.20_lr5/collapse_monitoring/collapse_monitor_epoch47.json
Epoch 48: val_loss=0.4045183062553406
Epoch 48: train_loss=0.421619176864624

[CollapseMonitor] Epoch 48
  [DEBUG] Processed 20 batches from val_dataloader
  [DEBUG] Predictions shape after concat: (1280,)
  [DEBUG] All predictions list length: 20
  [DEBUG] First batch shape: (64,)
  Pred std: 0.036270, range: 0.226577, mean: 0.078607
  Pos: 100.0%, Neg: 0.0%, Unique: 1251
  Saved validation predictions to: experiments/01_staleness_features_fixed/sweep_stale_h12_drop0.20_lr5/collapse_monitoring/val_predictions_epoch48.npy
  Gradient norms:
    lstm_encoder: 0.027867
    lstm_decoder: 0.010972
    multihead_attn: 0.002033
    output_layer: 0.091412
  VSN output std:
    encoder: 0.082410
  Attention entropy: 2.965781
  Saved to: experiments/01_staleness_features_fixed/sweep_stale_h12_drop0.20_lr5/collapse_monitoring/collapse_monitor_epoch48.json
Epoch 49: val_loss=0.40417441725730896
Epoch 49: train_loss=0.42306867241859436

[CollapseMonitor] Epoch 49
  [DEBUG] Processed 20 batches from val_dataloader
  [DEBUG] Predictions shape after concat: (1280,)
  [DEBUG] All predictions list length: 20
  [DEBUG] First batch shape: (64,)
  Pred std: 0.041071, range: 0.250776, mean: 0.035771
  Pos: 99.7%, Neg: 0.3%, Unique: 1248
  Saved validation predictions to: experiments/01_staleness_features_fixed/sweep_stale_h12_drop0.20_lr5/collapse_monitoring/val_predictions_epoch49.npy
  Gradient norms:
    lstm_encoder: 0.027840
    lstm_decoder: 0.010855
    multihead_attn: 0.001990
    output_layer: 0.094381
  VSN output std:
    encoder: 0.080513
  Attention entropy: 2.969051
  Saved to: experiments/01_staleness_features_fixed/sweep_stale_h12_drop0.20_lr5/collapse_monitoring/collapse_monitor_epoch49.json
Epoch 50: val_loss=0.40484848618507385
Epoch 50: train_loss=0.42269572615623474

[CollapseMonitor] Epoch 50
  [DEBUG] Processed 20 batches from val_dataloader
  [DEBUG] Predictions shape after concat: (1280,)
  [DEBUG] All predictions list length: 20
  [DEBUG] First batch shape: (64,)
  Pred std: 0.041128, range: 0.257654, mean: 0.076812
  Pos: 100.0%, Neg: 0.0%, Unique: 1251
  Saved validation predictions to: experiments/01_staleness_features_fixed/sweep_stale_h12_drop0.20_lr5/collapse_monitoring/val_predictions_epoch50.npy
  Gradient norms:
    lstm_encoder: 0.030833
    lstm_decoder: 0.012120
    multihead_attn: 0.001964
    output_layer: 0.090873
  VSN output std:
    encoder: 0.081938
  Attention entropy: 2.969615
  Saved to: experiments/01_staleness_features_fixed/sweep_stale_h12_drop0.20_lr5/collapse_monitoring/collapse_monitor_epoch50.json
Epoch 51: val_loss=0.4034562110900879
Epoch 51: train_loss=0.4226955771446228

[CollapseMonitor] Epoch 51
  [DEBUG] Processed 20 batches from val_dataloader
  [DEBUG] Predictions shape after concat: (1280,)
  [DEBUG] All predictions list length: 20
  [DEBUG] First batch shape: (64,)
  Pred std: 0.041824, range: 0.241426, mean: 0.095870
  Pos: 100.0%, Neg: 0.0%, Unique: 1235
  Saved validation predictions to: experiments/01_staleness_features_fixed/sweep_stale_h12_drop0.20_lr5/collapse_monitoring/val_predictions_epoch51.npy
  Gradient norms:
    lstm_encoder: 0.031352
    lstm_decoder: 0.011855
    multihead_attn: 0.002055
    output_layer: 0.091627
  VSN output std:
    encoder: 0.083700
  Attention entropy: 2.962329
  Saved to: experiments/01_staleness_features_fixed/sweep_stale_h12_drop0.20_lr5/collapse_monitoring/collapse_monitor_epoch51.json
Epoch 52: val_loss=0.4033297002315521
Epoch 52: train_loss=0.42178112268447876

[CollapseMonitor] Epoch 52
  [DEBUG] Processed 20 batches from val_dataloader
  [DEBUG] Predictions shape after concat: (1280,)
  [DEBUG] All predictions list length: 20
  [DEBUG] First batch shape: (64,)
  Pred std: 0.042899, range: 0.250919, mean: 0.071854
  Pos: 100.0%, Neg: 0.0%, Unique: 1246
  Saved validation predictions to: experiments/01_staleness_features_fixed/sweep_stale_h12_drop0.20_lr5/collapse_monitoring/val_predictions_epoch52.npy
  Gradient norms:
    lstm_encoder: 0.028497
    lstm_decoder: 0.011590
    multihead_attn: 0.001978
    output_layer: 0.095061
  VSN output std:
    encoder: 0.081801
  Attention entropy: 2.966222
  Saved to: experiments/01_staleness_features_fixed/sweep_stale_h12_drop0.20_lr5/collapse_monitoring/collapse_monitor_epoch52.json
Epoch 53: val_loss=0.4030296802520752
Epoch 53: train_loss=0.4226525127887726

[CollapseMonitor] Epoch 53
  [DEBUG] Processed 20 batches from val_dataloader
  [DEBUG] Predictions shape after concat: (1280,)
  [DEBUG] All predictions list length: 20
  [DEBUG] First batch shape: (64,)
  Pred std: 0.040291, range: 0.242396, mean: 0.056082
  Pos: 100.0%, Neg: 0.0%, Unique: 1245
  Saved validation predictions to: experiments/01_staleness_features_fixed/sweep_stale_h12_drop0.20_lr5/collapse_monitoring/val_predictions_epoch53.npy
  Gradient norms:
    lstm_encoder: 0.029322
    lstm_decoder: 0.011467
    multihead_attn: 0.002092
    output_layer: 0.090022
  VSN output std:
    encoder: 0.083158
  Attention entropy: 2.965744
  Saved to: experiments/01_staleness_features_fixed/sweep_stale_h12_drop0.20_lr5/collapse_monitoring/collapse_monitor_epoch53.json
Epoch 54: val_loss=0.404653936624527
Epoch 54: train_loss=0.42252662777900696

[CollapseMonitor] Epoch 54
  [DEBUG] Processed 20 batches from val_dataloader
  [DEBUG] Predictions shape after concat: (1280,)
  [DEBUG] All predictions list length: 20
  [DEBUG] First batch shape: (64,)
  Pred std: 0.035419, range: 0.230530, mean: 0.093492
  Pos: 100.0%, Neg: 0.0%, Unique: 1247
  Saved validation predictions to: experiments/01_staleness_features_fixed/sweep_stale_h12_drop0.20_lr5/collapse_monitoring/val_predictions_epoch54.npy
  Gradient norms:
    lstm_encoder: 0.032541
    lstm_decoder: 0.012522
    multihead_attn: 0.002031
    output_layer: 0.089214
  VSN output std:
    encoder: 0.083163
  Attention entropy: 2.967190
  Saved to: experiments/01_staleness_features_fixed/sweep_stale_h12_drop0.20_lr5/collapse_monitoring/collapse_monitor_epoch54.json
Epoch 55: val_loss=0.40299224853515625
Epoch 55: train_loss=0.4211685061454773

[CollapseMonitor] Epoch 55
  [DEBUG] Processed 20 batches from val_dataloader
  [DEBUG] Predictions shape after concat: (1280,)
  [DEBUG] All predictions list length: 20
  [DEBUG] First batch shape: (64,)
  Pred std: 0.037390, range: 0.249611, mean: 0.038197
  Pos: 100.0%, Neg: 0.0%, Unique: 1249
  Saved validation predictions to: experiments/01_staleness_features_fixed/sweep_stale_h12_drop0.20_lr5/collapse_monitoring/val_predictions_epoch55.npy
  Gradient norms:
    lstm_encoder: 0.026946
    lstm_decoder: 0.010914
    multihead_attn: 0.001893
    output_layer: 0.090249
  VSN output std:
    encoder: 0.083446
  Attention entropy: 2.962935
  Saved to: experiments/01_staleness_features_fixed/sweep_stale_h12_drop0.20_lr5/collapse_monitoring/collapse_monitor_epoch55.json
Epoch 56: val_loss=0.40267401933670044
Epoch 56: train_loss=0.42186105251312256

[CollapseMonitor] Epoch 56
  [DEBUG] Processed 20 batches from val_dataloader
  [DEBUG] Predictions shape after concat: (1280,)
  [DEBUG] All predictions list length: 20
  [DEBUG] First batch shape: (64,)
  Pred std: 0.038257, range: 0.251623, mean: 0.072004
  Pos: 100.0%, Neg: 0.0%, Unique: 1248
  Saved validation predictions to: experiments/01_staleness_features_fixed/sweep_stale_h12_drop0.20_lr5/collapse_monitoring/val_predictions_epoch56.npy
  Gradient norms:
    lstm_encoder: 0.029071
    lstm_decoder: 0.011721
    multihead_attn: 0.002085
    output_layer: 0.096319
  VSN output std:
    encoder: 0.085318
  Attention entropy: 2.961441
  Saved to: experiments/01_staleness_features_fixed/sweep_stale_h12_drop0.20_lr5/collapse_monitoring/collapse_monitor_epoch56.json
Epoch 57: val_loss=0.4031130373477936
Epoch 57: train_loss=0.42100659012794495

[CollapseMonitor] Epoch 57
  [DEBUG] Processed 20 batches from val_dataloader
  [DEBUG] Predictions shape after concat: (1280,)
  [DEBUG] All predictions list length: 20
  [DEBUG] First batch shape: (64,)
  Pred std: 0.040601, range: 0.265081, mean: 0.070420
  Pos: 100.0%, Neg: 0.0%, Unique: 1251
  Saved validation predictions to: experiments/01_staleness_features_fixed/sweep_stale_h12_drop0.20_lr5/collapse_monitoring/val_predictions_epoch57.npy
  Gradient norms:
    lstm_encoder: 0.031347
    lstm_decoder: 0.011821
    multihead_attn: 0.002105
    output_layer: 0.097429
  VSN output std:
    encoder: 0.084258
  Attention entropy: 2.965789
  Saved to: experiments/01_staleness_features_fixed/sweep_stale_h12_drop0.20_lr5/collapse_monitoring/collapse_monitor_epoch57.json
Epoch 58: val_loss=0.40264883637428284
Epoch 58: train_loss=0.4220796823501587

[CollapseMonitor] Epoch 58
  [DEBUG] Processed 20 batches from val_dataloader
  [DEBUG] Predictions shape after concat: (1280,)
  [DEBUG] All predictions list length: 20
  [DEBUG] First batch shape: (64,)
  Pred std: 0.037456, range: 0.243132, mean: 0.091446
  Pos: 100.0%, Neg: 0.0%, Unique: 1246
  Saved validation predictions to: experiments/01_staleness_features_fixed/sweep_stale_h12_drop0.20_lr5/collapse_monitoring/val_predictions_epoch58.npy
  Gradient norms:
    lstm_encoder: 0.030406
    lstm_decoder: 0.011361
    multihead_attn: 0.002106
    output_layer: 0.093473
  VSN output std:
    encoder: 0.082368
  Attention entropy: 2.961087
  Saved to: experiments/01_staleness_features_fixed/sweep_stale_h12_drop0.20_lr5/collapse_monitoring/collapse_monitor_epoch58.json
Epoch 59: val_loss=0.40244966745376587
Epoch 59: train_loss=0.4214154779911041

[CollapseMonitor] Epoch 59
  [DEBUG] Processed 20 batches from val_dataloader
  [DEBUG] Predictions shape after concat: (1280,)
  [DEBUG] All predictions list length: 20
  [DEBUG] First batch shape: (64,)
  Pred std: 0.042456, range: 0.263740, mean: 0.081539
  Pos: 100.0%, Neg: 0.0%, Unique: 1250
  Saved validation predictions to: experiments/01_staleness_features_fixed/sweep_stale_h12_drop0.20_lr5/collapse_monitoring/val_predictions_epoch59.npy
  Gradient norms:
    lstm_encoder: 0.033939
    lstm_decoder: 0.013195
    multihead_attn: 0.002238
    output_layer: 0.093475
  VSN output std:
    encoder: 0.079945
  Attention entropy: 2.957388
  Saved to: experiments/01_staleness_features_fixed/sweep_stale_h12_drop0.20_lr5/collapse_monitoring/collapse_monitor_epoch59.json
Epoch 60: val_loss=0.4019646644592285
Epoch 60: train_loss=0.4214402437210083

[CollapseMonitor] Epoch 60
  [DEBUG] Processed 20 batches from val_dataloader
  [DEBUG] Predictions shape after concat: (1280,)
  [DEBUG] All predictions list length: 20
  [DEBUG] First batch shape: (64,)
  Pred std: 0.037936, range: 0.244858, mean: 0.076186
  Pos: 100.0%, Neg: 0.0%, Unique: 1249
  Saved validation predictions to: experiments/01_staleness_features_fixed/sweep_stale_h12_drop0.20_lr5/collapse_monitoring/val_predictions_epoch60.npy
  Gradient norms:
    lstm_encoder: 0.032585
    lstm_decoder: 0.013202
    multihead_attn: 0.002153
    output_layer: 0.093269
  VSN output std:
    encoder: 0.084346
  Attention entropy: 2.955842
  Saved to: experiments/01_staleness_features_fixed/sweep_stale_h12_drop0.20_lr5/collapse_monitoring/collapse_monitor_epoch60.json
Epoch 61: val_loss=0.4022280275821686
Epoch 61: train_loss=0.422063946723938

[CollapseMonitor] Epoch 61
  [DEBUG] Processed 20 batches from val_dataloader
  [DEBUG] Predictions shape after concat: (1280,)
  [DEBUG] All predictions list length: 20
  [DEBUG] First batch shape: (64,)
  Pred std: 0.036741, range: 0.241375, mean: 0.059785
  Pos: 100.0%, Neg: 0.0%, Unique: 1251
  Saved validation predictions to: experiments/01_staleness_features_fixed/sweep_stale_h12_drop0.20_lr5/collapse_monitoring/val_predictions_epoch61.npy
  Gradient norms:
    lstm_encoder: 0.038596
    lstm_decoder: 0.013812
    multihead_attn: 0.002131
    output_layer: 0.095578
  VSN output std:
    encoder: 0.083563
  Attention entropy: 2.953346
  Saved to: experiments/01_staleness_features_fixed/sweep_stale_h12_drop0.20_lr5/collapse_monitoring/collapse_monitor_epoch61.json
Epoch 62: val_loss=0.40188589692115784
Epoch 62: train_loss=0.4209756553173065

[CollapseMonitor] Epoch 62
  [DEBUG] Processed 20 batches from val_dataloader
  [DEBUG] Predictions shape after concat: (1280,)
  [DEBUG] All predictions list length: 20
  [DEBUG] First batch shape: (64,)
  Pred std: 0.030679, range: 0.215631, mean: 0.056946
  Pos: 100.0%, Neg: 0.0%, Unique: 1250
  Saved validation predictions to: experiments/01_staleness_features_fixed/sweep_stale_h12_drop0.20_lr5/collapse_monitoring/val_predictions_epoch62.npy
  Gradient norms:
    lstm_encoder: 0.036261
    lstm_decoder: 0.014505
    multihead_attn: 0.002332
    output_layer: 0.098571
  VSN output std:
    encoder: 0.079527
  Attention entropy: 2.954685
  Saved to: experiments/01_staleness_features_fixed/sweep_stale_h12_drop0.20_lr5/collapse_monitoring/collapse_monitor_epoch62.json
Epoch 63: val_loss=0.4019041061401367
Epoch 63: train_loss=0.41962066292762756

[CollapseMonitor] Epoch 63
  [DEBUG] Processed 20 batches from val_dataloader
  [DEBUG] Predictions shape after concat: (1280,)
  [DEBUG] All predictions list length: 20
  [DEBUG] First batch shape: (64,)
  Pred std: 0.035780, range: 0.228132, mean: 0.095781
  Pos: 100.0%, Neg: 0.0%, Unique: 1240
  Saved validation predictions to: experiments/01_staleness_features_fixed/sweep_stale_h12_drop0.20_lr5/collapse_monitoring/val_predictions_epoch63.npy
  Gradient norms:
    lstm_encoder: 0.033218
    lstm_decoder: 0.012736
    multihead_attn: 0.001943
    output_layer: 0.089334
  VSN output std:
    encoder: 0.078464
  Attention entropy: 2.955951
  Saved to: experiments/01_staleness_features_fixed/sweep_stale_h12_drop0.20_lr5/collapse_monitoring/collapse_monitor_epoch63.json
Epoch 64: val_loss=0.4016354978084564
Epoch 64: train_loss=0.42027348279953003

[CollapseMonitor] Epoch 64
  [DEBUG] Processed 20 batches from val_dataloader
  [DEBUG] Predictions shape after concat: (1280,)
  [DEBUG] All predictions list length: 20
  [DEBUG] First batch shape: (64,)
  Pred std: 0.039599, range: 0.254377, mean: 0.065925
  Pos: 100.0%, Neg: 0.0%, Unique: 1245
  Saved validation predictions to: experiments/01_staleness_features_fixed/sweep_stale_h12_drop0.20_lr5/collapse_monitoring/val_predictions_epoch64.npy
  Gradient norms:
    lstm_encoder: 0.034572
    lstm_decoder: 0.014029
    multihead_attn: 0.002154
    output_layer: 0.098009
  VSN output std:
    encoder: 0.080580
  Attention entropy: 2.957633
  Saved to: experiments/01_staleness_features_fixed/sweep_stale_h12_drop0.20_lr5/collapse_monitoring/collapse_monitor_epoch64.json
Epoch 65: val_loss=0.4007047712802887
Epoch 65: train_loss=0.4206293821334839

[CollapseMonitor] Epoch 65
  [DEBUG] Processed 20 batches from val_dataloader
  [DEBUG] Predictions shape after concat: (1280,)
  [DEBUG] All predictions list length: 20
  [DEBUG] First batch shape: (64,)
  Pred std: 0.034817, range: 0.230666, mean: 0.054652
  Pos: 100.0%, Neg: 0.0%, Unique: 1245
  Saved validation predictions to: experiments/01_staleness_features_fixed/sweep_stale_h12_drop0.20_lr5/collapse_monitoring/val_predictions_epoch65.npy
  Gradient norms:
    lstm_encoder: 0.033534
    lstm_decoder: 0.013752
    multihead_attn: 0.002192
    output_layer: 0.102260
  VSN output std:
    encoder: 0.080164
  Attention entropy: 2.958615
  Saved to: experiments/01_staleness_features_fixed/sweep_stale_h12_drop0.20_lr5/collapse_monitoring/collapse_monitor_epoch65.json
Epoch 66: val_loss=0.4025809168815613
Epoch 66: train_loss=0.4201624095439911

[CollapseMonitor] Epoch 66
  [DEBUG] Processed 20 batches from val_dataloader
  [DEBUG] Predictions shape after concat: (1280,)
  [DEBUG] All predictions list length: 20
  [DEBUG] First batch shape: (64,)
  Pred std: 0.036484, range: 0.254082, mean: 0.058140
  Pos: 100.0%, Neg: 0.0%, Unique: 1241
  Saved validation predictions to: experiments/01_staleness_features_fixed/sweep_stale_h12_drop0.20_lr5/collapse_monitoring/val_predictions_epoch66.npy
  Gradient norms:
    lstm_encoder: 0.042502
    lstm_decoder: 0.015232
    multihead_attn: 0.002042
    output_layer: 0.099399
  VSN output std:
    encoder: 0.079600
  Attention entropy: 2.962347
  Saved to: experiments/01_staleness_features_fixed/sweep_stale_h12_drop0.20_lr5/collapse_monitoring/collapse_monitor_epoch66.json
Epoch 67: val_loss=0.40077710151672363
Epoch 67: train_loss=0.4197012782096863

[CollapseMonitor] Epoch 67
  [DEBUG] Processed 20 batches from val_dataloader
  [DEBUG] Predictions shape after concat: (1280,)
  [DEBUG] All predictions list length: 20
  [DEBUG] First batch shape: (64,)
  Pred std: 0.035062, range: 0.229569, mean: 0.090484
  Pos: 100.0%, Neg: 0.0%, Unique: 1241
  Saved validation predictions to: experiments/01_staleness_features_fixed/sweep_stale_h12_drop0.20_lr5/collapse_monitoring/val_predictions_epoch67.npy
  Gradient norms:
    lstm_encoder: 0.039983
    lstm_decoder: 0.014318
    multihead_attn: 0.002032
    output_layer: 0.089794
  VSN output std:
    encoder: 0.082022
  Attention entropy: 2.959740
  Saved to: experiments/01_staleness_features_fixed/sweep_stale_h12_drop0.20_lr5/collapse_monitoring/collapse_monitor_epoch67.json
Epoch 68: val_loss=0.40084272623062134
Epoch 68: train_loss=0.42085668444633484

[CollapseMonitor] Epoch 68
  [DEBUG] Processed 20 batches from val_dataloader
  [DEBUG] Predictions shape after concat: (1280,)
  [DEBUG] All predictions list length: 20
  [DEBUG] First batch shape: (64,)
  Pred std: 0.032543, range: 0.223660, mean: 0.070941
  Pos: 100.0%, Neg: 0.0%, Unique: 1249
  Saved validation predictions to: experiments/01_staleness_features_fixed/sweep_stale_h12_drop0.20_lr5/collapse_monitoring/val_predictions_epoch68.npy
  Gradient norms:
    lstm_encoder: 0.039125
    lstm_decoder: 0.014026
    multihead_attn: 0.001945
    output_layer: 0.097251
  VSN output std:
    encoder: 0.081161
  Attention entropy: 2.960717
  Saved to: experiments/01_staleness_features_fixed/sweep_stale_h12_drop0.20_lr5/collapse_monitoring/collapse_monitor_epoch68.json
Epoch 69: val_loss=0.3994641900062561
Epoch 69: train_loss=0.4205726981163025

[CollapseMonitor] Epoch 69
  [DEBUG] Processed 20 batches from val_dataloader
  [DEBUG] Predictions shape after concat: (1280,)
  [DEBUG] All predictions list length: 20
  [DEBUG] First batch shape: (64,)
  Pred std: 0.037945, range: 0.241012, mean: 0.089971
  Pos: 100.0%, Neg: 0.0%, Unique: 1240
  Saved validation predictions to: experiments/01_staleness_features_fixed/sweep_stale_h12_drop0.20_lr5/collapse_monitoring/val_predictions_epoch69.npy
  Gradient norms:
    lstm_encoder: 0.039647
    lstm_decoder: 0.014733
    multihead_attn: 0.002083
    output_layer: 0.093731
  VSN output std:
    encoder: 0.086061
  Attention entropy: 2.959272
  Saved to: experiments/01_staleness_features_fixed/sweep_stale_h12_drop0.20_lr5/collapse_monitoring/collapse_monitor_epoch69.json
Epoch 70: val_loss=0.4005556106567383
Epoch 70: train_loss=0.4205351769924164

[CollapseMonitor] Epoch 70
  [DEBUG] Processed 20 batches from val_dataloader
  [DEBUG] Predictions shape after concat: (1280,)
  [DEBUG] All predictions list length: 20
  [DEBUG] First batch shape: (64,)
  Pred std: 0.031162, range: 0.220549, mean: 0.083400
  Pos: 100.0%, Neg: 0.0%, Unique: 1231
  Saved validation predictions to: experiments/01_staleness_features_fixed/sweep_stale_h12_drop0.20_lr5/collapse_monitoring/val_predictions_epoch70.npy
  Gradient norms:
    lstm_encoder: 0.042075
    lstm_decoder: 0.014498
    multihead_attn: 0.002031
    output_layer: 0.088996
  VSN output std:
    encoder: 0.083672
  Attention entropy: 2.959106
  Saved to: experiments/01_staleness_features_fixed/sweep_stale_h12_drop0.20_lr5/collapse_monitoring/collapse_monitor_epoch70.json
Epoch 71: val_loss=0.4011600911617279
Epoch 71: train_loss=0.41980791091918945

[CollapseMonitor] Epoch 71
  [DEBUG] Processed 20 batches from val_dataloader
  [DEBUG] Predictions shape after concat: (1280,)
  [DEBUG] All predictions list length: 20
  [DEBUG] First batch shape: (64,)
  Pred std: 0.043790, range: 0.284676, mean: 0.096731
  Pos: 100.0%, Neg: 0.0%, Unique: 1246
  Saved validation predictions to: experiments/01_staleness_features_fixed/sweep_stale_h12_drop0.20_lr5/collapse_monitoring/val_predictions_epoch71.npy
  Gradient norms:
    lstm_encoder: 0.039696
    lstm_decoder: 0.014022
    multihead_attn: 0.002115
    output_layer: 0.092044
  VSN output std:
    encoder: 0.079829
  Attention entropy: 2.957066
  Saved to: experiments/01_staleness_features_fixed/sweep_stale_h12_drop0.20_lr5/collapse_monitoring/collapse_monitor_epoch71.json
Epoch 72: val_loss=0.4025324881076813
Epoch 72: train_loss=0.4197336435317993

[CollapseMonitor] Epoch 72
  [DEBUG] Processed 20 batches from val_dataloader
  [DEBUG] Predictions shape after concat: (1280,)
  [DEBUG] All predictions list length: 20
  [DEBUG] First batch shape: (64,)
  Pred std: 0.039613, range: 0.271946, mean: 0.067197
  Pos: 100.0%, Neg: 0.0%, Unique: 1243
  Saved validation predictions to: experiments/01_staleness_features_fixed/sweep_stale_h12_drop0.20_lr5/collapse_monitoring/val_predictions_epoch72.npy
  Gradient norms:
    lstm_encoder: 0.042027
    lstm_decoder: 0.014761
    multihead_attn: 0.002105
    output_layer: 0.092208
  VSN output std:
    encoder: 0.079553
  Attention entropy: 2.951423
  Saved to: experiments/01_staleness_features_fixed/sweep_stale_h12_drop0.20_lr5/collapse_monitoring/collapse_monitor_epoch72.json
Epoch 73: val_loss=0.40186309814453125
Epoch 73: train_loss=0.4196356236934662

[CollapseMonitor] Epoch 73
  [DEBUG] Processed 20 batches from val_dataloader
  [DEBUG] Predictions shape after concat: (1280,)
  [DEBUG] All predictions list length: 20
  [DEBUG] First batch shape: (64,)
  Pred std: 0.041162, range: 0.274583, mean: 0.056605
  Pos: 100.0%, Neg: 0.0%, Unique: 1249
  Saved validation predictions to: experiments/01_staleness_features_fixed/sweep_stale_h12_drop0.20_lr5/collapse_monitoring/val_predictions_epoch73.npy
  Gradient norms:
    lstm_encoder: 0.038871
    lstm_decoder: 0.014498
    multihead_attn: 0.001976
    output_layer: 0.094161
  VSN output std:
    encoder: 0.079358
  Attention entropy: 2.951884
  Saved to: experiments/01_staleness_features_fixed/sweep_stale_h12_drop0.20_lr5/collapse_monitoring/collapse_monitor_epoch73.json
Epoch 74: val_loss=0.3999379575252533
Epoch 74: train_loss=0.41977301239967346

[CollapseMonitor] Epoch 74
  [DEBUG] Processed 20 batches from val_dataloader
  [DEBUG] Predictions shape after concat: (1280,)
  [DEBUG] All predictions list length: 20
  [DEBUG] First batch shape: (64,)
  Pred std: 0.041404, range: 0.273241, mean: 0.066816
  Pos: 100.0%, Neg: 0.0%, Unique: 1249
  Saved validation predictions to: experiments/01_staleness_features_fixed/sweep_stale_h12_drop0.20_lr5/collapse_monitoring/val_predictions_epoch74.npy
  Gradient norms:
    lstm_encoder: 0.036804
    lstm_decoder: 0.014321
    multihead_attn: 0.002081
    output_layer: 0.090000
  VSN output std:
    encoder: 0.079409
  Attention entropy: 2.956737
  Saved to: experiments/01_staleness_features_fixed/sweep_stale_h12_drop0.20_lr5/collapse_monitoring/collapse_monitor_epoch74.json
Epoch 75: val_loss=0.40057173371315
Epoch 75: train_loss=0.42065832018852234

[CollapseMonitor] Epoch 75
  [DEBUG] Processed 20 batches from val_dataloader
  [DEBUG] Predictions shape after concat: (1280,)
  [DEBUG] All predictions list length: 20
  [DEBUG] First batch shape: (64,)
  Pred std: 0.040990, range: 0.274292, mean: 0.071564
  Pos: 100.0%, Neg: 0.0%, Unique: 1248
  Saved validation predictions to: experiments/01_staleness_features_fixed/sweep_stale_h12_drop0.20_lr5/collapse_monitoring/val_predictions_epoch75.npy
  Gradient norms:
    lstm_encoder: 0.041389
    lstm_decoder: 0.015166
    multihead_attn: 0.001961
    output_layer: 0.092133
  VSN output std:
    encoder: 0.077067
  Attention entropy: 2.959020
  Saved to: experiments/01_staleness_features_fixed/sweep_stale_h12_drop0.20_lr5/collapse_monitoring/collapse_monitor_epoch75.json
Epoch 76: val_loss=0.40039533376693726
Epoch 76: train_loss=0.4206983745098114

[CollapseMonitor] Epoch 76
  [DEBUG] Processed 20 batches from val_dataloader
  [DEBUG] Predictions shape after concat: (1280,)
  [DEBUG] All predictions list length: 20
  [DEBUG] First batch shape: (64,)
  Pred std: 0.043475, range: 0.289183, mean: 0.064142
  Pos: 100.0%, Neg: 0.0%, Unique: 1263
  Saved validation predictions to: experiments/01_staleness_features_fixed/sweep_stale_h12_drop0.20_lr5/collapse_monitoring/val_predictions_epoch76.npy
  Gradient norms:
    lstm_encoder: 0.040328
    lstm_decoder: 0.014626
    multihead_attn: 0.002020
    output_layer: 0.092732
  VSN output std:
    encoder: 0.078195
  Attention entropy: 2.959045
  Saved to: experiments/01_staleness_features_fixed/sweep_stale_h12_drop0.20_lr5/collapse_monitoring/collapse_monitor_epoch76.json
Epoch 77: val_loss=0.4002964496612549
Epoch 77: train_loss=0.42042919993400574

[CollapseMonitor] Epoch 77
  [DEBUG] Processed 20 batches from val_dataloader
  [DEBUG] Predictions shape after concat: (1280,)
  [DEBUG] All predictions list length: 20
  [DEBUG] First batch shape: (64,)
  Pred std: 0.044142, range: 0.289268, mean: 0.075377
  Pos: 100.0%, Neg: 0.0%, Unique: 1254
  Saved validation predictions to: experiments/01_staleness_features_fixed/sweep_stale_h12_drop0.20_lr5/collapse_monitoring/val_predictions_epoch77.npy
  Gradient norms:
    lstm_encoder: 0.046458
    lstm_decoder: 0.016195
    multihead_attn: 0.002032
    output_layer: 0.096226
  VSN output std:
    encoder: 0.078327
  Attention entropy: 2.958510
  Saved to: experiments/01_staleness_features_fixed/sweep_stale_h12_drop0.20_lr5/collapse_monitoring/collapse_monitor_epoch77.json
Epoch 78: val_loss=0.39972153306007385
Epoch 78: train_loss=0.4194074273109436

[CollapseMonitor] Epoch 78
  [DEBUG] Processed 20 batches from val_dataloader
  [DEBUG] Predictions shape after concat: (1280,)
  [DEBUG] All predictions list length: 20
  [DEBUG] First batch shape: (64,)
  Pred std: 0.044943, range: 0.291806, mean: 0.078335
  Pos: 100.0%, Neg: 0.0%, Unique: 1246
  Saved validation predictions to: experiments/01_staleness_features_fixed/sweep_stale_h12_drop0.20_lr5/collapse_monitoring/val_predictions_epoch78.npy
  Gradient norms:
    lstm_encoder: 0.041872
    lstm_decoder: 0.014984
    multihead_attn: 0.001982
    output_layer: 0.091105
  VSN output std:
    encoder: 0.080143
  Attention entropy: 2.959453
  Saved to: experiments/01_staleness_features_fixed/sweep_stale_h12_drop0.20_lr5/collapse_monitoring/collapse_monitor_epoch78.json
Epoch 79: val_loss=0.40055710077285767
Epoch 79: train_loss=0.4201330542564392

[CollapseMonitor] Epoch 79
  [DEBUG] Processed 20 batches from val_dataloader
  [DEBUG] Predictions shape after concat: (1280,)
  [DEBUG] All predictions list length: 20
  [DEBUG] First batch shape: (64,)
  Pred std: 0.042521, range: 0.288132, mean: 0.066986
  Pos: 100.0%, Neg: 0.0%, Unique: 1245
  Saved validation predictions to: experiments/01_staleness_features_fixed/sweep_stale_h12_drop0.20_lr5/collapse_monitoring/val_predictions_epoch79.npy
  Gradient norms:
    lstm_encoder: 0.037990
    lstm_decoder: 0.013421
    multihead_attn: 0.001935
    output_layer: 0.086659
  VSN output std:
    encoder: 0.080659
  Attention entropy: 2.960158
  Saved to: experiments/01_staleness_features_fixed/sweep_stale_h12_drop0.20_lr5/collapse_monitoring/collapse_monitor_epoch79.json


======================================================================
Training complete
======================================================================

Best model checkpoint: experiments/01_staleness_features_fixed/sweep_stale_h12_drop0.20_lr5/checkpoints/tft-epoch=69-val_loss=0.3995.ckpt
Best validation loss: 0.399464
Completed at: 2025-10-29 22:03:24
Log saved to: experiments/01_staleness_features_fixed/sweep_stale_h12_drop0.20_lr5/training_20251029_210657.log
======================================================================
