Logging to: experiments/01_staleness_features_fixed/sweep_stale_h18_drop0.30_lr3/vsn_analysis/vsn_analysis_20251210_125237.log
Analysis started at: 2025-12-10 12:52:37
======================================================================
Experiment: 01_staleness_features_fixed/sweep_stale_h18_drop0.30_lr3
Output directory: experiments/01_staleness_features_fixed/sweep_stale_h18_drop0.30_lr3/vsn_analysis
Loading config from: experiments/01_staleness_features_fixed/sweep_stale_h18_drop0.30_lr3/config.json
Using best checkpoint: experiments/01_staleness_features_fixed/sweep_stale_h18_drop0.30_lr3/checkpoints/tft-epoch=96-val_loss=0.3959.ckpt

Loading data...
Loading test data from: data/splits/fixed/core_proposal_daily_fixed_test.csv
Adding staleness features...
  Train samples: 6066
  Test samples: 1300

Preparing test dataset...
Test dataset size: 1280

Loading model...
Loading model from: experiments/01_staleness_features_fixed/sweep_stale_h18_drop0.30_lr3/checkpoints/tft-epoch=96-val_loss=0.3959.ckpt
  Model loaded on device: cpu

Extracting VSN weights...
  Encoder variables (7): ['relative_time_idx', 'VIX', 'Treasury_10Y', 'Yield_Spread', 'Inflation_YoY']...
  Decoder variables (1): ['relative_time_idx']
  Static variables (1): ['encoder_length']

  DEBUG: Output type: <class 'pytorch_forecasting.utils.TupleOutputMixIn.to_network_output.<locals>.Output'>
  DEBUG: Output fields (NamedTuple): ('prediction', 'encoder_attention', 'decoder_attention', 'static_variables', 'encoder_variables', 'decoder_variables', 'decoder_lengths', 'encoder_lengths')
  DEBUG: output.encoder_variables shape: torch.Size([64, 20, 1, 7])
  DEBUG: output.static_variables shape: torch.Size([64, 1, 1])
  DEBUG: output.decoder_variables shape: torch.Size([64, 1, 1, 1])
  Processed batch 20/20

Extraction complete:
  Samples: 1280
  Encoder VSN shape: (1280, 7)
  Decoder VSN shape: (1280, 1)

Analysis period: 2020-08-19 to 2025-10-06

Creating temporal periods:
  2020: 92 samples
  2021: 250 samples
  2022: 249 samples
  2023: 249 samples
  2024: 250 samples
  2025: 190 samples

Analyzing VSN weights by period...

Comparing VSN patterns across periods...

Creating visualizations...
Saved VSN heatmap: experiments/01_staleness_features_fixed/sweep_stale_h18_drop0.30_lr3/vsn_analysis/vsn_heatmap.png
Saved VSN comparison: experiments/01_staleness_features_fixed/sweep_stale_h18_drop0.30_lr3/vsn_analysis/vsn_comparison.png
Saved concentration plot: experiments/01_staleness_features_fixed/sweep_stale_h18_drop0.30_lr3/vsn_analysis/vsn_concentration.png

Saving results...
Saved results: experiments/01_staleness_features_fixed/sweep_stale_h18_drop0.30_lr3/vsn_analysis/vsn_analysis_results.json

======================================================================
VSN ANALYSIS SUMMARY
======================================================================

Per-Period Feature Importance:
----------------------------------------------------------------------

2020 (92 samples):
  Concentration: 0.4714
  Top 5 features:
    VIX                            0.6680
    Inflation_YoY                  0.1119
    CPI_is_fresh                   0.0869
    days_since_CPI_update          0.0571
    relative_time_idx              0.0286

2021 (250 samples):
  Concentration: 0.4686
  Top 5 features:
    VIX                            0.6666
    Inflation_YoY                  0.0965
    CPI_is_fresh                   0.0935
    days_since_CPI_update          0.0624
    relative_time_idx              0.0336

2022 (249 samples):
  Concentration: 0.4728
  Top 5 features:
    VIX                            0.6709
    CPI_is_fresh                   0.0906
    Inflation_YoY                  0.0831
    days_since_CPI_update          0.0692
    relative_time_idx              0.0380

2023 (249 samples):
  Concentration: 0.4308
  Top 5 features:
    VIX                            0.6330
    CPI_is_fresh                   0.1152
    Inflation_YoY                  0.0983
    days_since_CPI_update          0.0682
    relative_time_idx              0.0367

2024 (250 samples):
  Concentration: 0.3988
  Top 5 features:
    VIX                            0.6011
    CPI_is_fresh                   0.1308
    Inflation_YoY                  0.1138
    days_since_CPI_update          0.0694
    relative_time_idx              0.0354

2025 (190 samples):
  Concentration: 0.4106
  Top 5 features:
    VIX                            0.6125
    CPI_is_fresh                   0.1302
    Inflation_YoY                  0.1080
    days_since_CPI_update          0.0672
    relative_time_idx              0.0323

----------------------------------------------------------------------
Period Comparisons:
----------------------------------------------------------------------

2020_vs_2021:
  Cosine similarity: 0.9996
  L2 distance: 0.0191
  Biggest increases: CPI_is_fresh(+0.007), days_since_CPI_update(+0.005), relative_time_idx(+0.005)
  Biggest decreases: Inflation_YoY(-0.015), Treasury_10Y(-0.004), VIX(-0.001)

2020_vs_2022:
  Cosine similarity: 0.9987
  L2 distance: 0.0345
  Biggest increases: days_since_CPI_update(+0.012), relative_time_idx(+0.009), Yield_Spread(+0.007)
  Biggest decreases: Inflation_YoY(-0.029), Treasury_10Y(-0.007), VIX(+0.003)

2020_vs_2023:
  Cosine similarity: 0.9983
  L2 distance: 0.0498
  Biggest increases: CPI_is_fresh(+0.028), days_since_CPI_update(+0.011), relative_time_idx(+0.008)
  Biggest decreases: VIX(-0.035), Inflation_YoY(-0.014), Treasury_10Y(-0.006)

2020_vs_2024:
  Cosine similarity: 0.9958
  L2 distance: 0.0816
  Biggest increases: CPI_is_fresh(+0.044), days_since_CPI_update(+0.012), relative_time_idx(+0.007)
  Biggest decreases: VIX(-0.067), Treasury_10Y(-0.005), Inflation_YoY(+0.002)

2020_vs_2025:
  Cosine similarity: 0.9966
  L2 distance: 0.0716
  Biggest increases: CPI_is_fresh(+0.043), days_since_CPI_update(+0.010), Yield_Spread(+0.006)
  Biggest decreases: VIX(-0.055), Inflation_YoY(-0.004), Treasury_10Y(-0.004)

2021_vs_2022:
  Cosine similarity: 0.9997
  L2 distance: 0.0172
  Biggest increases: days_since_CPI_update(+0.007), relative_time_idx(+0.004), VIX(+0.004)
  Biggest decreases: Inflation_YoY(-0.013), Treasury_10Y(-0.003), CPI_is_fresh(-0.003)

2021_vs_2023:
  Cosine similarity: 0.9990
  L2 distance: 0.0408
  Biggest increases: CPI_is_fresh(+0.022), days_since_CPI_update(+0.006), Yield_Spread(+0.003)
  Biggest decreases: VIX(-0.034), Treasury_10Y(-0.002), Inflation_YoY(+0.002)

2021_vs_2024:
  Cosine similarity: 0.9963
  L2 distance: 0.0777
  Biggest increases: CPI_is_fresh(+0.037), Inflation_YoY(+0.017), days_since_CPI_update(+0.007)
  Biggest decreases: VIX(-0.065), Treasury_10Y(-0.001), relative_time_idx(+0.002)

2021_vs_2025:
  Cosine similarity: 0.9971
  L2 distance: 0.0666
  Biggest increases: CPI_is_fresh(+0.037), Inflation_YoY(+0.012), days_since_CPI_update(+0.005)
  Biggest decreases: VIX(-0.054), relative_time_idx(-0.001), Treasury_10Y(+0.000)

2022_vs_2023:
  Cosine similarity: 0.9985
  L2 distance: 0.0478
  Biggest increases: CPI_is_fresh(+0.025), Inflation_YoY(+0.015), Treasury_10Y(+0.001)
  Biggest decreases: VIX(-0.038), relative_time_idx(-0.001), days_since_CPI_update(-0.001)

2022_vs_2024:
  Cosine similarity: 0.9950
  L2 distance: 0.0863
  Biggest increases: CPI_is_fresh(+0.040), Inflation_YoY(+0.031), Treasury_10Y(+0.002)
  Biggest decreases: VIX(-0.070), relative_time_idx(-0.003), Yield_Spread(-0.001)

2022_vs_2025:
  Cosine similarity: 0.9961
  L2 distance: 0.0752
  Biggest increases: CPI_is_fresh(+0.040), Inflation_YoY(+0.025), Treasury_10Y(+0.003)
  Biggest decreases: VIX(-0.058), relative_time_idx(-0.006), days_since_CPI_update(-0.002)

2023_vs_2024:
  Cosine similarity: 0.9989
  L2 distance: 0.0387
  Biggest increases: Inflation_YoY(+0.016), CPI_is_fresh(+0.016), days_since_CPI_update(+0.001)
  Biggest decreases: VIX(-0.032), relative_time_idx(-0.001), Yield_Spread(-0.000)

2023_vs_2025:
  Cosine similarity: 0.9994
  L2 distance: 0.0276
  Biggest increases: CPI_is_fresh(+0.015), Inflation_YoY(+0.010), Treasury_10Y(+0.002)
  Biggest decreases: VIX(-0.020), relative_time_idx(-0.004), days_since_CPI_update(-0.001)

2024_vs_2025:
  Cosine similarity: 0.9999
  L2 distance: 0.0133
  Biggest increases: VIX(+0.011), Treasury_10Y(+0.001), CPI_is_fresh(-0.001)
  Biggest decreases: Inflation_YoY(-0.006), relative_time_idx(-0.003), days_since_CPI_update(-0.002)

======================================================================

Analysis complete!
Results saved to: experiments/01_staleness_features_fixed/sweep_stale_h18_drop0.30_lr3/vsn_analysis
  - vsn_analysis_results.json
  - vsn_heatmap.png
  - vsn_comparison.png
  - vsn_concentration.png
