
[INFO] Using AUTO device selection.

[INFO] Patched matplotlib.Axes.errorbar to abs() negative yerr for robustness.
======================================================================
Training TFT: wf_monthly_weekly_enc12/fold_202404
======================================================================
Logging to: experiments/wf_monthly_weekly_enc12/fold_202404/training_20251203_051631.log
Started at: 2025-12-03 05:16:31
======================================================================
Configuration saved to: experiments/wf_monthly_weekly_enc12/fold_202404/config.json

Loading data splits...
Train: 1721 samples
Val: 13 samples
Test: 16 samples

Preparing TimeSeriesDataSet...

Dropping source columns (used for staleness only): ['CPI']

Final features for TFT: ['SP500_Returns', 'VIX', 'Treasury_10Y', 'Yield_Spread', 'Inflation_YoY']

======================================================================
FEATURE STATISTICS - BEFORE NORMALIZATION
======================================================================
VIX                             mean= 19.4709  std=  7.8440  min=  9.3400  max= 74.6180
Treasury_10Y                    mean=  4.1169  std=  1.8737  min=  0.5500  max=  8.3400
Yield_Spread                    mean=  1.0795  std=  0.9193  min= -1.0600  max=  2.9100
Inflation_YoY                   mean=  2.6526  std=  1.6178  min= -2.1498  max=  9.2350

======================================================================
FEATURES AFTER GROUPNORMALIZER (first batch, last timestep)
======================================================================
VIX                             normalized_value=  1.0000
Treasury_10Y                    normalized_value= -0.0833
Yield_Spread                    normalized_value=  0.7835
Inflation_YoY                   normalized_value=  0.9092
======================================================================

[DEBUG] VIX train values: [31.318 31.68  23.47  21.908 22.596]
[DEBUG] VIX val values: [13.68  12.734 14.015 13.118 13.798]
Batches per epoch: 106
[DEBUG] Validation batches: 1
[DEBUG] Validation dataset size: 1
[DEBUG] Batch size: 16

Initializing model...

Using standard QuantileLoss (no penalties)

[REGIME OUTPUT] Disabled (using baseline output layer)

================================================================================
BASELINE MODEL FEATURE CONFIGURATION (after from_dataset)
================================================================================
tft.hparams.time_varying_reals_encoder: ['relative_time_idx', 'VIX', 'Treasury_10Y', 'Yield_Spread', 'Inflation_YoY']
  Count: 5

tft.hparams.time_varying_reals_decoder: ['relative_time_idx']
  Count: 1

tft.hparams.x_reals (all reals passed to model): ['encoder_length', 'relative_time_idx', 'VIX', 'Treasury_10Y', 'Yield_Spread', 'Inflation_YoY']
  Count: 6

Encoder VSN configuration:
  num_inputs: 5
  input_sizes: {'relative_time_idx': 16, 'VIX': 16, 'Treasury_10Y': 16, 'Yield_Spread': 16, 'Inflation_YoY': 16}
  flattened_grn.fc1: in_features=80, out_features=5
  -> Params in fc1: 400 (should be 5*16*5=400 if 5 features)
================================================================================

Model parameters: 22,615

Starting training...
Checkpoints will be saved to: experiments/wf_monthly_weekly_enc12/fold_202404/checkpoints/
Logs will be saved to: experiments/wf_monthly_weekly_enc12/fold_202404/logs/

[DEBUG CollapseMonitor] on_validation_epoch_start called for epoch 0
[DEBUG CollapseMonitor] reset_temporal_state() called on loss function
Epoch 0: val_loss=N/A
[DEBUG CollapseMonitor] on_validation_epoch_start called for epoch 0
[DEBUG CollapseMonitor] reset_temporal_state() called on loss function
Epoch 0: val_loss=0.35516324639320374
Epoch 0: train_loss=1.4213026762008667

[CollapseMonitor] Epoch 0
  [DEBUG] Processed 1 batches from val_dataloader
  [DEBUG] Predictions shape after concat: (1,)
  [DEBUG] All predictions list length: 1
  [DEBUG] First batch shape: (1,)
  Pred std: 0.000000, range: 0.000000, mean: 0.277277
  Pos: 100.0%, Neg: 0.0%, Unique: 1
  Dir Acc: 100.00%, Pred Sharpe: 0.0000
  Composite: 1.0000 (dist_match: 1.0000, actual_pos: 100.0%, pred_pos: 100.0%)
  Collapse penalty: 0.000000 (threshold: 0.005000)
  Saved validation predictions to: experiments/wf_monthly_weekly_enc12/fold_202404/collapse_monitoring/val_predictions_epoch0.npy
  Gradient norms:
    lstm_encoder: 0.023407
    lstm_decoder: 0.029566
    output_layer: 1.329477
  VSN output std:
    encoder: 0.263565
  Attention entropy: 2.483854
  Saved to: experiments/wf_monthly_weekly_enc12/fold_202404/collapse_monitoring/collapse_monitor_latest.json
[DEBUG CollapseMonitor] on_validation_epoch_start called for epoch 1
[DEBUG CollapseMonitor] reset_temporal_state() called on loss function
Epoch 1: val_loss=0.19917529821395874
Epoch 1: train_loss=1.2043638229370117

[CollapseMonitor] Epoch 1
  [DEBUG] Processed 1 batches from val_dataloader
  [DEBUG] Predictions shape after concat: (1,)
  [DEBUG] All predictions list length: 1
  [DEBUG] First batch shape: (1,)
  Pred std: 0.000000, range: 0.000000, mean: 0.218132
  Pos: 100.0%, Neg: 0.0%, Unique: 1
  Dir Acc: 100.00%, Pred Sharpe: 0.0000
  Composite: 1.0000 (dist_match: 1.0000, actual_pos: 100.0%, pred_pos: 100.0%)
  Collapse penalty: 0.000000 (threshold: 0.005000)
  Saved validation predictions to: experiments/wf_monthly_weekly_enc12/fold_202404/collapse_monitoring/val_predictions_epoch1.npy
  Gradient norms:
    lstm_encoder: 0.018005
    lstm_decoder: 0.019707
    output_layer: 0.981936
  VSN output std:
    encoder: 0.262836
  Attention entropy: 2.484632
  Saved to: experiments/wf_monthly_weekly_enc12/fold_202404/collapse_monitoring/collapse_monitor_latest.json
[DEBUG CollapseMonitor] on_validation_epoch_start called for epoch 2
[DEBUG CollapseMonitor] reset_temporal_state() called on loss function
Epoch 2: val_loss=0.32249534130096436
Epoch 2: train_loss=1.0421713590621948

[CollapseMonitor] Epoch 2
  [DEBUG] Processed 1 batches from val_dataloader
  [DEBUG] Predictions shape after concat: (1,)
  [DEBUG] All predictions list length: 1
  [DEBUG] First batch shape: (1,)
  Pred std: 0.000000, range: 0.000000, mean: 0.227465
  Pos: 100.0%, Neg: 0.0%, Unique: 1
  Dir Acc: 100.00%, Pred Sharpe: 0.0000
  Composite: 1.0000 (dist_match: 1.0000, actual_pos: 100.0%, pred_pos: 100.0%)
  Collapse penalty: 0.000000 (threshold: 0.005000)
  Saved validation predictions to: experiments/wf_monthly_weekly_enc12/fold_202404/collapse_monitoring/val_predictions_epoch2.npy
  Gradient norms:
    lstm_encoder: 0.013711
    lstm_decoder: 0.013324
    output_layer: 0.603491
  VSN output std:
    encoder: 0.262841
  Attention entropy: 2.484791
  Saved to: experiments/wf_monthly_weekly_enc12/fold_202404/collapse_monitoring/collapse_monitor_latest.json
[DEBUG CollapseMonitor] on_validation_epoch_start called for epoch 3
[DEBUG CollapseMonitor] reset_temporal_state() called on loss function
Epoch 3: val_loss=0.3624730110168457
Epoch 3: train_loss=0.9887600541114807

[CollapseMonitor] Epoch 3
  [DEBUG] Processed 1 batches from val_dataloader
  [DEBUG] Predictions shape after concat: (1,)
  [DEBUG] All predictions list length: 1
  [DEBUG] First batch shape: (1,)
  Pred std: 0.000000, range: 0.000000, mean: 0.243180
  Pos: 100.0%, Neg: 0.0%, Unique: 1
  Dir Acc: 100.00%, Pred Sharpe: 0.0000
  Composite: 1.0000 (dist_match: 1.0000, actual_pos: 100.0%, pred_pos: 100.0%)
  Collapse penalty: 0.000000 (threshold: 0.005000)
  Saved validation predictions to: experiments/wf_monthly_weekly_enc12/fold_202404/collapse_monitoring/val_predictions_epoch3.npy
  Gradient norms:
    lstm_encoder: 0.011983
    lstm_decoder: 0.011479
    output_layer: 0.453170
  VSN output std:
    encoder: 0.258714
  Attention entropy: 2.484817
  Saved to: experiments/wf_monthly_weekly_enc12/fold_202404/collapse_monitoring/collapse_monitor_latest.json
[DEBUG CollapseMonitor] on_validation_epoch_start called for epoch 4
[DEBUG CollapseMonitor] reset_temporal_state() called on loss function
Epoch 4: val_loss=0.37132707238197327
Epoch 4: train_loss=0.9708719849586487

[CollapseMonitor] Epoch 4
  [DEBUG] Processed 1 batches from val_dataloader
  [DEBUG] Predictions shape after concat: (1,)
  [DEBUG] All predictions list length: 1
  [DEBUG] First batch shape: (1,)
  Pred std: 0.000000, range: 0.000000, mean: 0.229824
  Pos: 100.0%, Neg: 0.0%, Unique: 1
  Dir Acc: 100.00%, Pred Sharpe: 0.0000
  Composite: 1.0000 (dist_match: 1.0000, actual_pos: 100.0%, pred_pos: 100.0%)
  Collapse penalty: 0.000000 (threshold: 0.005000)
  Saved validation predictions to: experiments/wf_monthly_weekly_enc12/fold_202404/collapse_monitoring/val_predictions_epoch4.npy
  Gradient norms:
    lstm_encoder: 0.011061
    lstm_decoder: 0.010569
    output_layer: 0.406261
  VSN output std:
    encoder: 0.258481
  Attention entropy: 2.484832
  Saved to: experiments/wf_monthly_weekly_enc12/fold_202404/collapse_monitoring/collapse_monitor_latest.json
[DEBUG CollapseMonitor] on_validation_epoch_start called for epoch 5
[DEBUG CollapseMonitor] reset_temporal_state() called on loss function
Epoch 5: val_loss=0.3685193657875061
Epoch 5: train_loss=0.9554058313369751

[CollapseMonitor] Epoch 5
  [DEBUG] Processed 1 batches from val_dataloader
  [DEBUG] Predictions shape after concat: (1,)
  [DEBUG] All predictions list length: 1
  [DEBUG] First batch shape: (1,)
  Pred std: 0.000000, range: 0.000000, mean: 0.314462
  Pos: 100.0%, Neg: 0.0%, Unique: 1
  Dir Acc: 100.00%, Pred Sharpe: 0.0000
  Composite: 1.0000 (dist_match: 1.0000, actual_pos: 100.0%, pred_pos: 100.0%)
  Collapse penalty: 0.000000 (threshold: 0.005000)
  Saved validation predictions to: experiments/wf_monthly_weekly_enc12/fold_202404/collapse_monitoring/val_predictions_epoch5.npy
  Gradient norms:
    lstm_encoder: 0.010895
    lstm_decoder: 0.010292
    output_layer: 0.385704
  VSN output std:
    encoder: 0.257966
  Attention entropy: 2.484822
  Saved to: experiments/wf_monthly_weekly_enc12/fold_202404/collapse_monitoring/collapse_monitor_latest.json
[DEBUG CollapseMonitor] on_validation_epoch_start called for epoch 6
[DEBUG CollapseMonitor] reset_temporal_state() called on loss function
Epoch 6: val_loss=0.3899080157279968
Epoch 6: train_loss=0.9538977742195129

[CollapseMonitor] Epoch 6
  [DEBUG] Processed 1 batches from val_dataloader
  [DEBUG] Predictions shape after concat: (1,)
  [DEBUG] All predictions list length: 1
  [DEBUG] First batch shape: (1,)
  Pred std: 0.000000, range: 0.000000, mean: 0.210098
  Pos: 100.0%, Neg: 0.0%, Unique: 1
  Dir Acc: 100.00%, Pred Sharpe: 0.0000
  Composite: 1.0000 (dist_match: 1.0000, actual_pos: 100.0%, pred_pos: 100.0%)
  Collapse penalty: 0.000000 (threshold: 0.005000)
  Saved validation predictions to: experiments/wf_monthly_weekly_enc12/fold_202404/collapse_monitoring/val_predictions_epoch6.npy
  Gradient norms:
    lstm_encoder: 0.010647
    lstm_decoder: 0.010505
    output_layer: 0.383750
  VSN output std:
    encoder: 0.257551
  Attention entropy: 2.484834
  Saved to: experiments/wf_monthly_weekly_enc12/fold_202404/collapse_monitoring/collapse_monitor_latest.json
[DEBUG CollapseMonitor] on_validation_epoch_start called for epoch 7
[DEBUG CollapseMonitor] reset_temporal_state() called on loss function
Epoch 7: val_loss=0.38415688276290894
Epoch 7: train_loss=0.9506475329399109

[CollapseMonitor] Epoch 7
  [DEBUG] Processed 1 batches from val_dataloader
  [DEBUG] Predictions shape after concat: (1,)
  [DEBUG] All predictions list length: 1
  [DEBUG] First batch shape: (1,)
  Pred std: 0.000000, range: 0.000000, mean: 0.308500
  Pos: 100.0%, Neg: 0.0%, Unique: 1
  Dir Acc: 100.00%, Pred Sharpe: 0.0000
  Composite: 1.0000 (dist_match: 1.0000, actual_pos: 100.0%, pred_pos: 100.0%)
  Collapse penalty: 0.000000 (threshold: 0.005000)
  Saved validation predictions to: experiments/wf_monthly_weekly_enc12/fold_202404/collapse_monitoring/val_predictions_epoch7.npy
  Gradient norms:
    lstm_encoder: 0.011329
    lstm_decoder: 0.010986
    output_layer: 0.407901
  VSN output std:
    encoder: 0.258114
  Attention entropy: 2.484819
  Saved to: experiments/wf_monthly_weekly_enc12/fold_202404/collapse_monitoring/collapse_monitor_latest.json
[DEBUG CollapseMonitor] on_validation_epoch_start called for epoch 8
[DEBUG CollapseMonitor] reset_temporal_state() called on loss function
Epoch 8: val_loss=0.3902652859687805
Epoch 8: train_loss=0.9475647807121277

[CollapseMonitor] Epoch 8
  [DEBUG] Processed 1 batches from val_dataloader
  [DEBUG] Predictions shape after concat: (1,)
  [DEBUG] All predictions list length: 1
  [DEBUG] First batch shape: (1,)
  Pred std: 0.000000, range: 0.000000, mean: 0.232594
  Pos: 100.0%, Neg: 0.0%, Unique: 1
  Dir Acc: 100.00%, Pred Sharpe: 0.0000
  Composite: 1.0000 (dist_match: 1.0000, actual_pos: 100.0%, pred_pos: 100.0%)
  Collapse penalty: 0.000000 (threshold: 0.005000)
  Saved validation predictions to: experiments/wf_monthly_weekly_enc12/fold_202404/collapse_monitoring/val_predictions_epoch8.npy
  Gradient norms:
    lstm_encoder: 0.011400
    lstm_decoder: 0.010887
    output_layer: 0.384508
  VSN output std:
    encoder: 0.256680
  Attention entropy: 2.484802
  Saved to: experiments/wf_monthly_weekly_enc12/fold_202404/collapse_monitoring/collapse_monitor_latest.json
[DEBUG CollapseMonitor] on_validation_epoch_start called for epoch 9
[DEBUG CollapseMonitor] reset_temporal_state() called on loss function
Epoch 9: val_loss=0.3810745179653168
Epoch 9: train_loss=0.9409360885620117

[CollapseMonitor] Epoch 9
  [DEBUG] Processed 1 batches from val_dataloader
  [DEBUG] Predictions shape after concat: (1,)
  [DEBUG] All predictions list length: 1
  [DEBUG] First batch shape: (1,)
  Pred std: 0.000000, range: 0.000000, mean: 0.286966
  Pos: 100.0%, Neg: 0.0%, Unique: 1
  Dir Acc: 100.00%, Pred Sharpe: 0.0000
  Composite: 1.0000 (dist_match: 1.0000, actual_pos: 100.0%, pred_pos: 100.0%)
  Collapse penalty: 0.000000 (threshold: 0.005000)
  Saved validation predictions to: experiments/wf_monthly_weekly_enc12/fold_202404/collapse_monitoring/val_predictions_epoch9.npy
  Gradient norms:
    lstm_encoder: 0.011670
    lstm_decoder: 0.010670
    output_layer: 0.369758
  VSN output std:
    encoder: 0.257329
  Attention entropy: 2.484810
  Saved to: experiments/wf_monthly_weekly_enc12/fold_202404/collapse_monitoring/collapse_monitor_latest.json
[DEBUG CollapseMonitor] on_validation_epoch_start called for epoch 10
[DEBUG CollapseMonitor] reset_temporal_state() called on loss function
Epoch 10: val_loss=0.38438522815704346
Epoch 10: train_loss=0.94455486536026

[CollapseMonitor] Epoch 10
  [DEBUG] Processed 1 batches from val_dataloader
  [DEBUG] Predictions shape after concat: (1,)
  [DEBUG] All predictions list length: 1
  [DEBUG] First batch shape: (1,)
  Pred std: 0.000000, range: 0.000000, mean: 0.254330
  Pos: 100.0%, Neg: 0.0%, Unique: 1
  Dir Acc: 100.00%, Pred Sharpe: 0.0000
  Composite: 1.0000 (dist_match: 1.0000, actual_pos: 100.0%, pred_pos: 100.0%)
  Collapse penalty: 0.000000 (threshold: 0.005000)
  Saved validation predictions to: experiments/wf_monthly_weekly_enc12/fold_202404/collapse_monitoring/val_predictions_epoch10.npy
  Gradient norms:
    lstm_encoder: 0.012313
    lstm_decoder: 0.011106
    output_layer: 0.400206
  VSN output std:
    encoder: 0.254846
  Attention entropy: 2.484785
  Saved to: experiments/wf_monthly_weekly_enc12/fold_202404/collapse_monitoring/collapse_monitor_latest.json
[DEBUG CollapseMonitor] on_validation_epoch_start called for epoch 11
[DEBUG CollapseMonitor] reset_temporal_state() called on loss function
Epoch 11: val_loss=0.37135133147239685
Epoch 11: train_loss=0.9440397024154663

[CollapseMonitor] Epoch 11
  [DEBUG] Processed 1 batches from val_dataloader
  [DEBUG] Predictions shape after concat: (1,)
  [DEBUG] All predictions list length: 1
  [DEBUG] First batch shape: (1,)
  Pred std: 0.000000, range: 0.000000, mean: 0.360124
  Pos: 100.0%, Neg: 0.0%, Unique: 1
  Dir Acc: 100.00%, Pred Sharpe: 0.0000
  Composite: 1.0000 (dist_match: 1.0000, actual_pos: 100.0%, pred_pos: 100.0%)
  Collapse penalty: 0.000000 (threshold: 0.005000)
  Saved validation predictions to: experiments/wf_monthly_weekly_enc12/fold_202404/collapse_monitoring/val_predictions_epoch11.npy
  Gradient norms:
    lstm_encoder: 0.012765
    lstm_decoder: 0.011002
    output_layer: 0.389352
  VSN output std:
    encoder: 0.253630
  Attention entropy: 2.484733
  Saved to: experiments/wf_monthly_weekly_enc12/fold_202404/collapse_monitoring/collapse_monitor_latest.json


======================================================================
Training complete
======================================================================

Best val_loss checkpoint: experiments/wf_monthly_weekly_enc12/fold_202404/checkpoints/tft-epoch=epoch=01-valloss=val_loss=0.1992.ckpt
Best validation loss: 0.199175
Checkpoints saved:
  - Best val_loss: experiments/wf_monthly_weekly_enc12/fold_202404/checkpoints/tft-epoch=epoch=01-valloss=val_loss=0.1992.ckpt
  - Best pred_std: experiments/wf_monthly_weekly_enc12/fold_202404/checkpoints/tft-epoch=epoch=00-predstd=val_pred_std=0.0000.ckpt
  - Best unique: experiments/wf_monthly_weekly_enc12/fold_202404/checkpoints/tft-epoch=epoch=00-unique=val_num_unique=1.ckpt
  - Best dir_acc: experiments/wf_monthly_weekly_enc12/fold_202404/checkpoints/tft-epoch=epoch=00-diracc=val_dir_acc=1.0000.ckpt
  - Best sharpe: experiments/wf_monthly_weekly_enc12/fold_202404/checkpoints/tft-epoch=epoch=00-sharpe=val_sharpe=0.0000.ckpt
  - Best composite: experiments/wf_monthly_weekly_enc12/fold_202404/checkpoints/tft-epoch=epoch=00-composite=val_composite=1.0000.ckpt
Completed at: 2025-12-03 05:18:48
Log saved to: experiments/wf_monthly_weekly_enc12/fold_202404/training_20251203_051631.log
======================================================================
