======================================================================
Training TFT: 00_baseline_exploration/sweep_lr_0.0003
======================================================================
Logging to: experiments/00_baseline_exploration/sweep_lr_0.0003/training_20251029_202334.log
Started at: 2025-10-29 20:23:34
======================================================================
Configuration saved to: experiments/00_baseline_exploration/sweep_lr_0.0003/config.json

Loading data splits...
Train: 6066 samples
Val: 1300 samples
Test: 1300 samples

Preparing TimeSeriesDataSet...

Dropping source columns (used for staleness only): ['CPI']

Final features for TFT: ['SP500_Returns', 'VIX', 'Treasury_10Y', 'Yield_Spread', 'Inflation_YoY']

======================================================================
FEATURE STATISTICS - BEFORE NORMALIZATION
======================================================================
VIX                             mean= 19.7193  std=  8.0201  min=  9.3100  max= 80.8600
Treasury_10Y                    mean=  4.7588  std=  1.6860  min=  1.4300  max=  8.3600
Yield_Spread                    mean=  1.2786  std=  0.9184  min= -0.5200  max=  2.9100
Inflation_YoY                   mean=  2.5055  std=  1.1650  min= -1.9588  max=  5.7255

======================================================================
FEATURES AFTER GROUPNORMALIZER (first batch, last timestep)
======================================================================
VIX                             normalized_value=  1.0000
Treasury_10Y                    normalized_value= -0.0500
Yield_Spread                    normalized_value= -0.4214
Inflation_YoY                   normalized_value= -0.9721
======================================================================

Batches per epoch: 94
[DEBUG] Validation batches: 20
[DEBUG] Validation dataset size: 1280
[DEBUG] Batch size: 64

Initializing model...
Model parameters: 66,975

Starting training...
Checkpoints will be saved to: experiments/00_baseline_exploration/sweep_lr_0.0003/checkpoints/
Logs will be saved to: experiments/00_baseline_exploration/sweep_lr_0.0003/logs/

Epoch 0: val_loss=N/A
Epoch 0: val_loss=0.5655982494354248
Epoch 0: train_loss=0.6597364544868469

[CollapseMonitor] Epoch 0
  [DEBUG] Processed 20 batches from val_dataloader
  [DEBUG] Predictions shape after concat: (1280,)
  [DEBUG] All predictions list length: 20
  [DEBUG] First batch shape: (64,)
  Pred std: 0.030897, range: 0.191697, mean: -0.105818
  Pos: 1.8%, Neg: 98.2%, Unique: 1259
  Saved validation predictions to: experiments/00_baseline_exploration/sweep_lr_0.0003/collapse_monitoring/val_predictions_epoch0.npy
  Gradient norms:
    lstm_encoder: 0.017198
    lstm_decoder: 0.023251
    multihead_attn: 0.013700
    output_layer: 0.765265
  VSN output std:
    encoder: 0.156513
  Attention entropy: 2.989885
  Saved to: experiments/00_baseline_exploration/sweep_lr_0.0003/collapse_monitoring/collapse_monitor_epoch0.json
Epoch 1: val_loss=0.4753955900669098
Epoch 1: train_loss=0.54111248254776

[CollapseMonitor] Epoch 1
  [DEBUG] Processed 20 batches from val_dataloader
  [DEBUG] Predictions shape after concat: (1280,)
  [DEBUG] All predictions list length: 20
  [DEBUG] First batch shape: (64,)
  Pred std: 0.026635, range: 0.140577, mean: 0.096861
  Pos: 100.0%, Neg: 0.0%, Unique: 1265
  Saved validation predictions to: experiments/00_baseline_exploration/sweep_lr_0.0003/collapse_monitoring/val_predictions_epoch1.npy
  Gradient norms:
    lstm_encoder: 0.009647
    lstm_decoder: 0.012184
    multihead_attn: 0.007968
    output_layer: 0.413484
  VSN output std:
    encoder: 0.160626
  Attention entropy: 2.988912
  Saved to: experiments/00_baseline_exploration/sweep_lr_0.0003/collapse_monitoring/collapse_monitor_epoch1.json
Epoch 2: val_loss=0.4563964307308197
Epoch 2: train_loss=0.4820041358470917

[CollapseMonitor] Epoch 2
  [DEBUG] Processed 20 batches from val_dataloader
  [DEBUG] Predictions shape after concat: (1280,)
  [DEBUG] All predictions list length: 20
  [DEBUG] First batch shape: (64,)
  Pred std: 0.019039, range: 0.063557, mean: 0.116056
  Pos: 100.0%, Neg: 0.0%, Unique: 1260
  Saved validation predictions to: experiments/00_baseline_exploration/sweep_lr_0.0003/collapse_monitoring/val_predictions_epoch2.npy
  Gradient norms:
    lstm_encoder: 0.004764
    lstm_decoder: 0.005647
    multihead_attn: 0.003504
    output_layer: 0.196510
  VSN output std:
    encoder: 0.186801
  Attention entropy: 2.993914
  Saved to: experiments/00_baseline_exploration/sweep_lr_0.0003/collapse_monitoring/collapse_monitor_epoch2.json
Epoch 3: val_loss=0.4519007205963135
Epoch 3: train_loss=0.46463778614997864

[CollapseMonitor] Epoch 3
  [DEBUG] Processed 20 batches from val_dataloader
  [DEBUG] Predictions shape after concat: (1280,)
  [DEBUG] All predictions list length: 20
  [DEBUG] First batch shape: (64,)
  Pred std: 0.017238, range: 0.057761, mean: 0.090729
  Pos: 100.0%, Neg: 0.0%, Unique: 1267
  Saved validation predictions to: experiments/00_baseline_exploration/sweep_lr_0.0003/collapse_monitoring/val_predictions_epoch3.npy
  Gradient norms:
    lstm_encoder: 0.003862
    lstm_decoder: 0.004434
    multihead_attn: 0.002725
    output_layer: 0.146243
  VSN output std:
    encoder: 0.201347
  Attention entropy: 2.995059
  Saved to: experiments/00_baseline_exploration/sweep_lr_0.0003/collapse_monitoring/collapse_monitor_epoch3.json
Epoch 4: val_loss=0.45044249296188354
Epoch 4: train_loss=0.4586995244026184

[CollapseMonitor] Epoch 4
  [DEBUG] Processed 20 batches from val_dataloader
  [DEBUG] Predictions shape after concat: (1280,)
  [DEBUG] All predictions list length: 20
  [DEBUG] First batch shape: (64,)
  Pred std: 0.015995, range: 0.053421, mean: 0.093778
  Pos: 100.0%, Neg: 0.0%, Unique: 1256
  Saved validation predictions to: experiments/00_baseline_exploration/sweep_lr_0.0003/collapse_monitoring/val_predictions_epoch4.npy
  Gradient norms:
    lstm_encoder: 0.003401
    lstm_decoder: 0.003870
    multihead_attn: 0.002248
    output_layer: 0.129712
  VSN output std:
    encoder: 0.206763
  Attention entropy: 2.995335
  Saved to: experiments/00_baseline_exploration/sweep_lr_0.0003/collapse_monitoring/collapse_monitor_epoch4.json
Epoch 5: val_loss=0.44895854592323303
Epoch 5: train_loss=0.45654529333114624

[CollapseMonitor] Epoch 5
  [DEBUG] Processed 20 batches from val_dataloader
  [DEBUG] Predictions shape after concat: (1280,)
  [DEBUG] All predictions list length: 20
  [DEBUG] First batch shape: (64,)
  Pred std: 0.016988, range: 0.056436, mean: 0.063641
  Pos: 100.0%, Neg: 0.0%, Unique: 1253
  Saved validation predictions to: experiments/00_baseline_exploration/sweep_lr_0.0003/collapse_monitoring/val_predictions_epoch5.npy
  Gradient norms:
    lstm_encoder: 0.003247
    lstm_decoder: 0.003705
    multihead_attn: 0.002048
    output_layer: 0.125449
  VSN output std:
    encoder: 0.206011
  Attention entropy: 2.995363
  Saved to: experiments/00_baseline_exploration/sweep_lr_0.0003/collapse_monitoring/collapse_monitor_epoch5.json
Epoch 6: val_loss=0.4491221010684967
Epoch 6: train_loss=0.4537384808063507

[CollapseMonitor] Epoch 6
  [DEBUG] Processed 20 batches from val_dataloader
  [DEBUG] Predictions shape after concat: (1280,)
  [DEBUG] All predictions list length: 20
  [DEBUG] First batch shape: (64,)
  Pred std: 0.018134, range: 0.059565, mean: 0.072542
  Pos: 100.0%, Neg: 0.0%, Unique: 1267
  Saved validation predictions to: experiments/00_baseline_exploration/sweep_lr_0.0003/collapse_monitoring/val_predictions_epoch6.npy
  Gradient norms:
    lstm_encoder: 0.003198
    lstm_decoder: 0.003591
    multihead_attn: 0.001941
    output_layer: 0.120268
  VSN output std:
    encoder: 0.200774
  Attention entropy: 2.995296
  Saved to: experiments/00_baseline_exploration/sweep_lr_0.0003/collapse_monitoring/collapse_monitor_epoch6.json
Epoch 7: val_loss=0.4483412206172943
Epoch 7: train_loss=0.45396173000335693

[CollapseMonitor] Epoch 7
  [DEBUG] Processed 20 batches from val_dataloader
  [DEBUG] Predictions shape after concat: (1280,)
  [DEBUG] All predictions list length: 20
  [DEBUG] First batch shape: (64,)
  Pred std: 0.021913, range: 0.070152, mean: 0.063525
  Pos: 100.0%, Neg: 0.0%, Unique: 1263
  Saved validation predictions to: experiments/00_baseline_exploration/sweep_lr_0.0003/collapse_monitoring/val_predictions_epoch7.npy
  Gradient norms:
    lstm_encoder: 0.003075
    lstm_decoder: 0.003325
    multihead_attn: 0.001722
    output_layer: 0.116973
  VSN output std:
    encoder: 0.189948
  Attention entropy: 2.995296
  Saved to: experiments/00_baseline_exploration/sweep_lr_0.0003/collapse_monitoring/collapse_monitor_epoch7.json
Epoch 8: val_loss=0.4477163255214691
Epoch 8: train_loss=0.45387253165245056

[CollapseMonitor] Epoch 8
  [DEBUG] Processed 20 batches from val_dataloader
  [DEBUG] Predictions shape after concat: (1280,)
  [DEBUG] All predictions list length: 20
  [DEBUG] First batch shape: (64,)
  Pred std: 0.025982, range: 0.096656, mean: 0.058758
  Pos: 100.0%, Neg: 0.0%, Unique: 1260
  Saved validation predictions to: experiments/00_baseline_exploration/sweep_lr_0.0003/collapse_monitoring/val_predictions_epoch8.npy
  Gradient norms:
    lstm_encoder: 0.003348
    lstm_decoder: 0.003564
    multihead_attn: 0.001765
    output_layer: 0.123770
  VSN output std:
    encoder: 0.166851
  Attention entropy: 2.995291
  Saved to: experiments/00_baseline_exploration/sweep_lr_0.0003/collapse_monitoring/collapse_monitor_epoch8.json
Epoch 9: val_loss=0.4459342360496521
Epoch 9: train_loss=0.4532144367694855

[CollapseMonitor] Epoch 9
  [DEBUG] Processed 20 batches from val_dataloader
  [DEBUG] Predictions shape after concat: (1280,)
  [DEBUG] All predictions list length: 20
  [DEBUG] First batch shape: (64,)
  Pred std: 0.040327, range: 0.206542, mean: 0.063110
  Pos: 100.0%, Neg: 0.0%, Unique: 1266
  Saved validation predictions to: experiments/00_baseline_exploration/sweep_lr_0.0003/collapse_monitoring/val_predictions_epoch9.npy
  Gradient norms:
    lstm_encoder: 0.003670
    lstm_decoder: 0.003585
    multihead_attn: 0.001830
    output_layer: 0.115881
  VSN output std:
    encoder: 0.144622
  Attention entropy: 2.994939
  Saved to: experiments/00_baseline_exploration/sweep_lr_0.0003/collapse_monitoring/collapse_monitor_epoch9.json
Epoch 10: val_loss=0.44240671396255493
Epoch 10: train_loss=0.4510669708251953

[CollapseMonitor] Epoch 10
  [DEBUG] Processed 20 batches from val_dataloader
  [DEBUG] Predictions shape after concat: (1280,)
  [DEBUG] All predictions list length: 20
  [DEBUG] First batch shape: (64,)
  Pred std: 0.070599, range: 0.314455, mean: 0.073626
  Pos: 94.8%, Neg: 5.2%, Unique: 1270
  Saved validation predictions to: experiments/00_baseline_exploration/sweep_lr_0.0003/collapse_monitoring/val_predictions_epoch10.npy
  Gradient norms:
    lstm_encoder: 0.004624
    lstm_decoder: 0.003879
    multihead_attn: 0.002052
    output_layer: 0.122701
  VSN output std:
    encoder: 0.186756
  Attention entropy: 2.991765
  Saved to: experiments/00_baseline_exploration/sweep_lr_0.0003/collapse_monitoring/collapse_monitor_epoch10.json
Epoch 11: val_loss=0.43656522035598755
Epoch 11: train_loss=0.4477616250514984

[CollapseMonitor] Epoch 11
  [DEBUG] Processed 20 batches from val_dataloader
  [DEBUG] Predictions shape after concat: (1280,)
  [DEBUG] All predictions list length: 20
  [DEBUG] First batch shape: (64,)
  Pred std: 0.071056, range: 0.302987, mean: 0.070351
  Pos: 95.0%, Neg: 5.0%, Unique: 1271
  Saved validation predictions to: experiments/00_baseline_exploration/sweep_lr_0.0003/collapse_monitoring/val_predictions_epoch11.npy
  Gradient norms:
    lstm_encoder: 0.005526
    lstm_decoder: 0.004132
    multihead_attn: 0.002248
    output_layer: 0.115378
  VSN output std:
    encoder: 0.189368
  Attention entropy: 2.990012
  Saved to: experiments/00_baseline_exploration/sweep_lr_0.0003/collapse_monitoring/collapse_monitor_epoch11.json
Epoch 12: val_loss=0.4309239983558655
Epoch 12: train_loss=0.4423842430114746

[CollapseMonitor] Epoch 12
  [DEBUG] Processed 20 batches from val_dataloader
  [DEBUG] Predictions shape after concat: (1280,)
  [DEBUG] All predictions list length: 20
  [DEBUG] First batch shape: (64,)
  Pred std: 0.069241, range: 0.284634, mean: 0.089909
  Pos: 100.0%, Neg: 0.0%, Unique: 1271
  Saved validation predictions to: experiments/00_baseline_exploration/sweep_lr_0.0003/collapse_monitoring/val_predictions_epoch12.npy
  Gradient norms:
    lstm_encoder: 0.006263
    lstm_decoder: 0.004400
    multihead_attn: 0.002448
    output_layer: 0.120788
  VSN output std:
    encoder: 0.202386
  Attention entropy: 2.985757
  Saved to: experiments/00_baseline_exploration/sweep_lr_0.0003/collapse_monitoring/collapse_monitor_epoch12.json
Epoch 13: val_loss=0.42752575874328613
Epoch 13: train_loss=0.4397802948951721

[CollapseMonitor] Epoch 13
  [DEBUG] Processed 20 batches from val_dataloader
  [DEBUG] Predictions shape after concat: (1280,)
  [DEBUG] All predictions list length: 20
  [DEBUG] First batch shape: (64,)
  Pred std: 0.042542, range: 0.183917, mean: 0.080392
  Pos: 100.0%, Neg: 0.0%, Unique: 1269
  Saved validation predictions to: experiments/00_baseline_exploration/sweep_lr_0.0003/collapse_monitoring/val_predictions_epoch13.npy
  Gradient norms:
    lstm_encoder: 0.007111
    lstm_decoder: 0.004519
    multihead_attn: 0.002435
    output_layer: 0.124063
  VSN output std:
    encoder: 0.193354
  Attention entropy: 2.981243
  Saved to: experiments/00_baseline_exploration/sweep_lr_0.0003/collapse_monitoring/collapse_monitor_epoch13.json
Epoch 14: val_loss=0.4243355393409729
Epoch 14: train_loss=0.43803495168685913

[CollapseMonitor] Epoch 14
  [DEBUG] Processed 20 batches from val_dataloader
  [DEBUG] Predictions shape after concat: (1280,)
  [DEBUG] All predictions list length: 20
  [DEBUG] First batch shape: (64,)
  Pred std: 0.027362, range: 0.130504, mean: 0.083388
  Pos: 100.0%, Neg: 0.0%, Unique: 1264
  Saved validation predictions to: experiments/00_baseline_exploration/sweep_lr_0.0003/collapse_monitoring/val_predictions_epoch14.npy
  Gradient norms:
    lstm_encoder: 0.007429
    lstm_decoder: 0.004660
    multihead_attn: 0.002414
    output_layer: 0.123012
  VSN output std:
    encoder: 0.192405
  Attention entropy: 2.982380
  Saved to: experiments/00_baseline_exploration/sweep_lr_0.0003/collapse_monitoring/collapse_monitor_epoch14.json
Epoch 15: val_loss=0.4219764173030853
Epoch 15: train_loss=0.4351484477519989

[CollapseMonitor] Epoch 15
  [DEBUG] Processed 20 batches from val_dataloader
  [DEBUG] Predictions shape after concat: (1280,)
  [DEBUG] All predictions list length: 20
  [DEBUG] First batch shape: (64,)
  Pred std: 0.027274, range: 0.142873, mean: 0.074391
  Pos: 100.0%, Neg: 0.0%, Unique: 1249
  Saved validation predictions to: experiments/00_baseline_exploration/sweep_lr_0.0003/collapse_monitoring/val_predictions_epoch15.npy
  Gradient norms:
    lstm_encoder: 0.007762
    lstm_decoder: 0.005077
    multihead_attn: 0.002512
    output_layer: 0.128709
  VSN output std:
    encoder: 0.181044
  Attention entropy: 2.977430
  Saved to: experiments/00_baseline_exploration/sweep_lr_0.0003/collapse_monitoring/collapse_monitor_epoch15.json
Epoch 16: val_loss=0.41947951912879944
Epoch 16: train_loss=0.4338107109069824

[CollapseMonitor] Epoch 16
  [DEBUG] Processed 20 batches from val_dataloader
  [DEBUG] Predictions shape after concat: (1280,)
  [DEBUG] All predictions list length: 20
  [DEBUG] First batch shape: (64,)
  Pred std: 0.022674, range: 0.137476, mean: 0.064187
  Pos: 100.0%, Neg: 0.0%, Unique: 1259
  Saved validation predictions to: experiments/00_baseline_exploration/sweep_lr_0.0003/collapse_monitoring/val_predictions_epoch16.npy
  Gradient norms:
    lstm_encoder: 0.007655
    lstm_decoder: 0.004812
    multihead_attn: 0.002339
    output_layer: 0.119682
  VSN output std:
    encoder: 0.178442
  Attention entropy: 2.974832
  Saved to: experiments/00_baseline_exploration/sweep_lr_0.0003/collapse_monitoring/collapse_monitor_epoch16.json
Epoch 17: val_loss=0.41776806116104126
Epoch 17: train_loss=0.43092259764671326

[CollapseMonitor] Epoch 17
  [DEBUG] Processed 20 batches from val_dataloader
  [DEBUG] Predictions shape after concat: (1280,)
  [DEBUG] All predictions list length: 20
  [DEBUG] First batch shape: (64,)
  Pred std: 0.022027, range: 0.138630, mean: 0.096465
  Pos: 100.0%, Neg: 0.0%, Unique: 1253
  Saved validation predictions to: experiments/00_baseline_exploration/sweep_lr_0.0003/collapse_monitoring/val_predictions_epoch17.npy
  Gradient norms:
    lstm_encoder: 0.007624
    lstm_decoder: 0.004981
    multihead_attn: 0.002495
    output_layer: 0.122104
  VSN output std:
    encoder: 0.177452
  Attention entropy: 2.972952
  Saved to: experiments/00_baseline_exploration/sweep_lr_0.0003/collapse_monitoring/collapse_monitor_epoch17.json
Epoch 18: val_loss=0.41629618406295776
Epoch 18: train_loss=0.42918622493743896

[CollapseMonitor] Epoch 18
  [DEBUG] Processed 20 batches from val_dataloader
  [DEBUG] Predictions shape after concat: (1280,)
  [DEBUG] All predictions list length: 20
  [DEBUG] First batch shape: (64,)
  Pred std: 0.028500, range: 0.160772, mean: 0.092235
  Pos: 100.0%, Neg: 0.0%, Unique: 1249
  Saved validation predictions to: experiments/00_baseline_exploration/sweep_lr_0.0003/collapse_monitoring/val_predictions_epoch18.npy
  Gradient norms:
    lstm_encoder: 0.008466
    lstm_decoder: 0.005390
    multihead_attn: 0.002550
    output_layer: 0.122590
  VSN output std:
    encoder: 0.178803
  Attention entropy: 2.968313
  Saved to: experiments/00_baseline_exploration/sweep_lr_0.0003/collapse_monitoring/collapse_monitor_epoch18.json
Epoch 19: val_loss=0.4147211015224457
Epoch 19: train_loss=0.4293676018714905

[CollapseMonitor] Epoch 19
  [DEBUG] Processed 20 batches from val_dataloader
  [DEBUG] Predictions shape after concat: (1280,)
  [DEBUG] All predictions list length: 20
  [DEBUG] First batch shape: (64,)
  Pred std: 0.035494, range: 0.176101, mean: 0.073552
  Pos: 100.0%, Neg: 0.0%, Unique: 1246
  Saved validation predictions to: experiments/00_baseline_exploration/sweep_lr_0.0003/collapse_monitoring/val_predictions_epoch19.npy
  Gradient norms:
    lstm_encoder: 0.008692
    lstm_decoder: 0.005554
    multihead_attn: 0.002591
    output_layer: 0.122263
  VSN output std:
    encoder: 0.179494
  Attention entropy: 2.969130
  Saved to: experiments/00_baseline_exploration/sweep_lr_0.0003/collapse_monitoring/collapse_monitor_epoch19.json
Epoch 20: val_loss=0.41364187002182007
Epoch 20: train_loss=0.42827489972114563

[CollapseMonitor] Epoch 20
  [DEBUG] Processed 20 batches from val_dataloader
  [DEBUG] Predictions shape after concat: (1280,)
  [DEBUG] All predictions list length: 20
  [DEBUG] First batch shape: (64,)
  Pred std: 0.031793, range: 0.165975, mean: 0.086909
  Pos: 100.0%, Neg: 0.0%, Unique: 1253
  Saved validation predictions to: experiments/00_baseline_exploration/sweep_lr_0.0003/collapse_monitoring/val_predictions_epoch20.npy
  Gradient norms:
    lstm_encoder: 0.008967
    lstm_decoder: 0.005709
    multihead_attn: 0.002282
    output_layer: 0.121676
  VSN output std:
    encoder: 0.180320
  Attention entropy: 2.964763
  Saved to: experiments/00_baseline_exploration/sweep_lr_0.0003/collapse_monitoring/collapse_monitor_epoch20.json
Epoch 21: val_loss=0.412058025598526
Epoch 21: train_loss=0.4274488389492035

[CollapseMonitor] Epoch 21
  [DEBUG] Processed 20 batches from val_dataloader
  [DEBUG] Predictions shape after concat: (1280,)
  [DEBUG] All predictions list length: 20
  [DEBUG] First batch shape: (64,)
  Pred std: 0.024315, range: 0.144480, mean: 0.081408
  Pos: 100.0%, Neg: 0.0%, Unique: 1252
  Saved validation predictions to: experiments/00_baseline_exploration/sweep_lr_0.0003/collapse_monitoring/val_predictions_epoch21.npy
  Gradient norms:
    lstm_encoder: 0.008786
    lstm_decoder: 0.005698
    multihead_attn: 0.002426
    output_layer: 0.121218
  VSN output std:
    encoder: 0.182075
  Attention entropy: 2.963044
  Saved to: experiments/00_baseline_exploration/sweep_lr_0.0003/collapse_monitoring/collapse_monitor_epoch21.json
Epoch 22: val_loss=0.41134509444236755
Epoch 22: train_loss=0.42674556374549866

[CollapseMonitor] Epoch 22
  [DEBUG] Processed 20 batches from val_dataloader
  [DEBUG] Predictions shape after concat: (1280,)
  [DEBUG] All predictions list length: 20
  [DEBUG] First batch shape: (64,)
  Pred std: 0.022499, range: 0.133380, mean: 0.085362
  Pos: 100.0%, Neg: 0.0%, Unique: 1239
  Saved validation predictions to: experiments/00_baseline_exploration/sweep_lr_0.0003/collapse_monitoring/val_predictions_epoch22.npy
  Gradient norms:
    lstm_encoder: 0.009156
    lstm_decoder: 0.006114
    multihead_attn: 0.002529
    output_layer: 0.127551
  VSN output std:
    encoder: 0.182052
  Attention entropy: 2.965547
  Saved to: experiments/00_baseline_exploration/sweep_lr_0.0003/collapse_monitoring/collapse_monitor_epoch22.json
Epoch 23: val_loss=0.41001397371292114
Epoch 23: train_loss=0.42679283022880554

[CollapseMonitor] Epoch 23
  [DEBUG] Processed 20 batches from val_dataloader
  [DEBUG] Predictions shape after concat: (1280,)
  [DEBUG] All predictions list length: 20
  [DEBUG] First batch shape: (64,)
  Pred std: 0.033766, range: 0.165694, mean: 0.073613
  Pos: 100.0%, Neg: 0.0%, Unique: 1244
  Saved validation predictions to: experiments/00_baseline_exploration/sweep_lr_0.0003/collapse_monitoring/val_predictions_epoch23.npy
  Gradient norms:
    lstm_encoder: 0.009260
    lstm_decoder: 0.006338
    multihead_attn: 0.002443
    output_layer: 0.128732
  VSN output std:
    encoder: 0.183388
  Attention entropy: 2.962153
  Saved to: experiments/00_baseline_exploration/sweep_lr_0.0003/collapse_monitoring/collapse_monitor_epoch23.json
Epoch 24: val_loss=0.4098827838897705
Epoch 24: train_loss=0.4260556101799011

[CollapseMonitor] Epoch 24
  [DEBUG] Processed 20 batches from val_dataloader
  [DEBUG] Predictions shape after concat: (1280,)
  [DEBUG] All predictions list length: 20
  [DEBUG] First batch shape: (64,)
  Pred std: 0.032883, range: 0.190320, mean: 0.060079
  Pos: 100.0%, Neg: 0.0%, Unique: 1247
  Saved validation predictions to: experiments/00_baseline_exploration/sweep_lr_0.0003/collapse_monitoring/val_predictions_epoch24.npy
  Gradient norms:
    lstm_encoder: 0.008964
    lstm_decoder: 0.006299
    multihead_attn: 0.002416
    output_layer: 0.123830
  VSN output std:
    encoder: 0.184667
  Attention entropy: 2.958234
  Saved to: experiments/00_baseline_exploration/sweep_lr_0.0003/collapse_monitoring/collapse_monitor_epoch24.json
Epoch 25: val_loss=0.40923649072647095
Epoch 25: train_loss=0.4255448877811432

[CollapseMonitor] Epoch 25
  [DEBUG] Processed 20 batches from val_dataloader
  [DEBUG] Predictions shape after concat: (1280,)
  [DEBUG] All predictions list length: 20
  [DEBUG] First batch shape: (64,)
  Pred std: 0.029185, range: 0.180165, mean: 0.084179
  Pos: 100.0%, Neg: 0.0%, Unique: 1251
  Saved validation predictions to: experiments/00_baseline_exploration/sweep_lr_0.0003/collapse_monitoring/val_predictions_epoch25.npy
  Gradient norms:
    lstm_encoder: 0.009418
    lstm_decoder: 0.006577
    multihead_attn: 0.002535
    output_layer: 0.125762
  VSN output std:
    encoder: 0.183298
  Attention entropy: 2.960768
  Saved to: experiments/00_baseline_exploration/sweep_lr_0.0003/collapse_monitoring/collapse_monitor_epoch25.json
Epoch 26: val_loss=0.40816769003868103
Epoch 26: train_loss=0.4248066842556

[CollapseMonitor] Epoch 26
  [DEBUG] Processed 20 batches from val_dataloader
  [DEBUG] Predictions shape after concat: (1280,)
  [DEBUG] All predictions list length: 20
  [DEBUG] First batch shape: (64,)
  Pred std: 0.030857, range: 0.185220, mean: 0.067258
  Pos: 100.0%, Neg: 0.0%, Unique: 1241
  Saved validation predictions to: experiments/00_baseline_exploration/sweep_lr_0.0003/collapse_monitoring/val_predictions_epoch26.npy
  Gradient norms:
    lstm_encoder: 0.009217
    lstm_decoder: 0.006447
    multihead_attn: 0.002364
    output_layer: 0.120530
  VSN output std:
    encoder: 0.184827
  Attention entropy: 2.955164
  Saved to: experiments/00_baseline_exploration/sweep_lr_0.0003/collapse_monitoring/collapse_monitor_epoch26.json
Epoch 27: val_loss=0.4077162742614746
Epoch 27: train_loss=0.42565375566482544

[CollapseMonitor] Epoch 27
  [DEBUG] Processed 20 batches from val_dataloader
  [DEBUG] Predictions shape after concat: (1280,)
  [DEBUG] All predictions list length: 20
  [DEBUG] First batch shape: (64,)
  Pred std: 0.030297, range: 0.168174, mean: 0.097110
  Pos: 100.0%, Neg: 0.0%, Unique: 1240
  Saved validation predictions to: experiments/00_baseline_exploration/sweep_lr_0.0003/collapse_monitoring/val_predictions_epoch27.npy
  Gradient norms:
    lstm_encoder: 0.009160
    lstm_decoder: 0.006645
    multihead_attn: 0.002499
    output_layer: 0.124449
  VSN output std:
    encoder: 0.187086
  Attention entropy: 2.944771
  Saved to: experiments/00_baseline_exploration/sweep_lr_0.0003/collapse_monitoring/collapse_monitor_epoch27.json
Epoch 28: val_loss=0.4070769250392914
Epoch 28: train_loss=0.4245738089084625

[CollapseMonitor] Epoch 28
  [DEBUG] Processed 20 batches from val_dataloader
  [DEBUG] Predictions shape after concat: (1280,)
  [DEBUG] All predictions list length: 20
  [DEBUG] First batch shape: (64,)
  Pred std: 0.032628, range: 0.200038, mean: 0.060826
  Pos: 100.0%, Neg: 0.0%, Unique: 1239
  Saved validation predictions to: experiments/00_baseline_exploration/sweep_lr_0.0003/collapse_monitoring/val_predictions_epoch28.npy
  Gradient norms:
    lstm_encoder: 0.009056
    lstm_decoder: 0.006793
    multihead_attn: 0.002284
    output_layer: 0.127561
  VSN output std:
    encoder: 0.184889
  Attention entropy: 2.947715
  Saved to: experiments/00_baseline_exploration/sweep_lr_0.0003/collapse_monitoring/collapse_monitor_epoch28.json
Epoch 29: val_loss=0.4070323407649994
Epoch 29: train_loss=0.42500707507133484

[CollapseMonitor] Epoch 29
  [DEBUG] Processed 20 batches from val_dataloader
  [DEBUG] Predictions shape after concat: (1280,)
  [DEBUG] All predictions list length: 20
  [DEBUG] First batch shape: (64,)
  Pred std: 0.038633, range: 0.216429, mean: 0.063159
  Pos: 100.0%, Neg: 0.0%, Unique: 1244
  Saved validation predictions to: experiments/00_baseline_exploration/sweep_lr_0.0003/collapse_monitoring/val_predictions_epoch29.npy
  Gradient norms:
    lstm_encoder: 0.009913
    lstm_decoder: 0.007150
    multihead_attn: 0.002394
    output_layer: 0.121669
  VSN output std:
    encoder: 0.181901
  Attention entropy: 2.947911
  Saved to: experiments/00_baseline_exploration/sweep_lr_0.0003/collapse_monitoring/collapse_monitor_epoch29.json
Epoch 30: val_loss=0.4060581624507904
Epoch 30: train_loss=0.4229622185230255

[CollapseMonitor] Epoch 30
  [DEBUG] Processed 20 batches from val_dataloader
  [DEBUG] Predictions shape after concat: (1280,)
  [DEBUG] All predictions list length: 20
  [DEBUG] First batch shape: (64,)
  Pred std: 0.037180, range: 0.225214, mean: 0.041883
  Pos: 99.2%, Neg: 0.8%, Unique: 1246
  Saved validation predictions to: experiments/00_baseline_exploration/sweep_lr_0.0003/collapse_monitoring/val_predictions_epoch30.npy
  Gradient norms:
    lstm_encoder: 0.009946
    lstm_decoder: 0.007326
    multihead_attn: 0.002500
    output_layer: 0.124116
  VSN output std:
    encoder: 0.185296
  Attention entropy: 2.935248
  Saved to: experiments/00_baseline_exploration/sweep_lr_0.0003/collapse_monitoring/collapse_monitor_epoch30.json
Epoch 31: val_loss=0.4053385257720947
Epoch 31: train_loss=0.42382878065109253

[CollapseMonitor] Epoch 31
  [DEBUG] Processed 20 batches from val_dataloader
  [DEBUG] Predictions shape after concat: (1280,)
  [DEBUG] All predictions list length: 20
  [DEBUG] First batch shape: (64,)
  Pred std: 0.042167, range: 0.237883, mean: 0.094573
  Pos: 100.0%, Neg: 0.0%, Unique: 1241
  Saved validation predictions to: experiments/00_baseline_exploration/sweep_lr_0.0003/collapse_monitoring/val_predictions_epoch31.npy
  Gradient norms:
    lstm_encoder: 0.010356
    lstm_decoder: 0.007600
    multihead_attn: 0.002245
    output_layer: 0.127415
  VSN output std:
    encoder: 0.188877
  Attention entropy: 2.924476
  Saved to: experiments/00_baseline_exploration/sweep_lr_0.0003/collapse_monitoring/collapse_monitor_epoch31.json
Epoch 32: val_loss=0.4045000672340393
Epoch 32: train_loss=0.42402487993240356

[CollapseMonitor] Epoch 32
  [DEBUG] Processed 20 batches from val_dataloader
  [DEBUG] Predictions shape after concat: (1280,)
  [DEBUG] All predictions list length: 20
  [DEBUG] First batch shape: (64,)
  Pred std: 0.038977, range: 0.223609, mean: 0.104065
  Pos: 100.0%, Neg: 0.0%, Unique: 1256
  Saved validation predictions to: experiments/00_baseline_exploration/sweep_lr_0.0003/collapse_monitoring/val_predictions_epoch32.npy
  Gradient norms:
    lstm_encoder: 0.010477
    lstm_decoder: 0.007800
    multihead_attn: 0.002336
    output_layer: 0.130920
  VSN output std:
    encoder: 0.190048
  Attention entropy: 2.921896
  Saved to: experiments/00_baseline_exploration/sweep_lr_0.0003/collapse_monitoring/collapse_monitor_epoch32.json
Epoch 33: val_loss=0.40387099981307983
Epoch 33: train_loss=0.42299458384513855

[CollapseMonitor] Epoch 33
  [DEBUG] Processed 20 batches from val_dataloader
  [DEBUG] Predictions shape after concat: (1280,)
  [DEBUG] All predictions list length: 20
  [DEBUG] First batch shape: (64,)
  Pred std: 0.041588, range: 0.228349, mean: 0.071329
  Pos: 100.0%, Neg: 0.0%, Unique: 1243
  Saved validation predictions to: experiments/00_baseline_exploration/sweep_lr_0.0003/collapse_monitoring/val_predictions_epoch33.npy
  Gradient norms:
    lstm_encoder: 0.010673
    lstm_decoder: 0.007818
    multihead_attn: 0.002392
    output_layer: 0.126174
  VSN output std:
    encoder: 0.188338
  Attention entropy: 2.927969
  Saved to: experiments/00_baseline_exploration/sweep_lr_0.0003/collapse_monitoring/collapse_monitor_epoch33.json
Epoch 34: val_loss=0.40311259031295776
Epoch 34: train_loss=0.42316922545433044

[CollapseMonitor] Epoch 34
  [DEBUG] Processed 20 batches from val_dataloader
  [DEBUG] Predictions shape after concat: (1280,)
  [DEBUG] All predictions list length: 20
  [DEBUG] First batch shape: (64,)
  Pred std: 0.038889, range: 0.240171, mean: 0.081900
  Pos: 100.0%, Neg: 0.0%, Unique: 1250
  Saved validation predictions to: experiments/00_baseline_exploration/sweep_lr_0.0003/collapse_monitoring/val_predictions_epoch34.npy
  Gradient norms:
    lstm_encoder: 0.010047
    lstm_decoder: 0.007324
    multihead_attn: 0.002375
    output_layer: 0.123116
  VSN output std:
    encoder: 0.188157
  Attention entropy: 2.920288
  Saved to: experiments/00_baseline_exploration/sweep_lr_0.0003/collapse_monitoring/collapse_monitor_epoch34.json
Epoch 35: val_loss=0.40274181962013245
Epoch 35: train_loss=0.4213637113571167

[CollapseMonitor] Epoch 35
  [DEBUG] Processed 20 batches from val_dataloader
  [DEBUG] Predictions shape after concat: (1280,)
  [DEBUG] All predictions list length: 20
  [DEBUG] First batch shape: (64,)
  Pred std: 0.039301, range: 0.258224, mean: 0.071010
  Pos: 100.0%, Neg: 0.0%, Unique: 1254
  Saved validation predictions to: experiments/00_baseline_exploration/sweep_lr_0.0003/collapse_monitoring/val_predictions_epoch35.npy
  Gradient norms:
    lstm_encoder: 0.011044
    lstm_decoder: 0.008166
    multihead_attn: 0.002400
    output_layer: 0.124128
  VSN output std:
    encoder: 0.186398
  Attention entropy: 2.896512
  Saved to: experiments/00_baseline_exploration/sweep_lr_0.0003/collapse_monitoring/collapse_monitor_epoch35.json
Epoch 36: val_loss=0.4026648998260498
Epoch 36: train_loss=0.4226182997226715

[CollapseMonitor] Epoch 36
  [DEBUG] Processed 20 batches from val_dataloader
  [DEBUG] Predictions shape after concat: (1280,)
  [DEBUG] All predictions list length: 20
  [DEBUG] First batch shape: (64,)
  Pred std: 0.047648, range: 0.274836, mean: 0.094563
  Pos: 100.0%, Neg: 0.0%, Unique: 1248
  Saved validation predictions to: experiments/00_baseline_exploration/sweep_lr_0.0003/collapse_monitoring/val_predictions_epoch36.npy
  Gradient norms:
    lstm_encoder: 0.010702
    lstm_decoder: 0.007905
    multihead_attn: 0.002461
    output_layer: 0.124082
  VSN output std:
    encoder: 0.187451
  Attention entropy: 2.891431
  Saved to: experiments/00_baseline_exploration/sweep_lr_0.0003/collapse_monitoring/collapse_monitor_epoch36.json
Epoch 37: val_loss=0.40194886922836304
Epoch 37: train_loss=0.4223458170890808

[CollapseMonitor] Epoch 37
  [DEBUG] Processed 20 batches from val_dataloader
  [DEBUG] Predictions shape after concat: (1280,)
  [DEBUG] All predictions list length: 20
  [DEBUG] First batch shape: (64,)
  Pred std: 0.040333, range: 0.243246, mean: 0.106885
  Pos: 100.0%, Neg: 0.0%, Unique: 1251
  Saved validation predictions to: experiments/00_baseline_exploration/sweep_lr_0.0003/collapse_monitoring/val_predictions_epoch37.npy
  Gradient norms:
    lstm_encoder: 0.010102
    lstm_decoder: 0.007666
    multihead_attn: 0.002467
    output_layer: 0.110063
  VSN output std:
    encoder: 0.187649
  Attention entropy: 2.886886
  Saved to: experiments/00_baseline_exploration/sweep_lr_0.0003/collapse_monitoring/collapse_monitor_epoch37.json
Epoch 38: val_loss=0.4021274447441101
Epoch 38: train_loss=0.42184317111968994

[CollapseMonitor] Epoch 38
  [DEBUG] Processed 20 batches from val_dataloader
  [DEBUG] Predictions shape after concat: (1280,)
  [DEBUG] All predictions list length: 20
  [DEBUG] First batch shape: (64,)
  Pred std: 0.043378, range: 0.273541, mean: 0.082532
  Pos: 100.0%, Neg: 0.0%, Unique: 1260
  Saved validation predictions to: experiments/00_baseline_exploration/sweep_lr_0.0003/collapse_monitoring/val_predictions_epoch38.npy
  Gradient norms:
    lstm_encoder: 0.011005
    lstm_decoder: 0.008368
    multihead_attn: 0.002424
    output_layer: 0.123431
  VSN output std:
    encoder: 0.187295
  Attention entropy: 2.890170
  Saved to: experiments/00_baseline_exploration/sweep_lr_0.0003/collapse_monitoring/collapse_monitor_epoch38.json
Epoch 39: val_loss=0.4014337956905365
Epoch 39: train_loss=0.42131736874580383

[CollapseMonitor] Epoch 39
  [DEBUG] Processed 20 batches from val_dataloader
  [DEBUG] Predictions shape after concat: (1280,)
  [DEBUG] All predictions list length: 20
  [DEBUG] First batch shape: (64,)
  Pred std: 0.035454, range: 0.251073, mean: 0.088207
  Pos: 100.0%, Neg: 0.0%, Unique: 1249
  Saved validation predictions to: experiments/00_baseline_exploration/sweep_lr_0.0003/collapse_monitoring/val_predictions_epoch39.npy
  Gradient norms:
    lstm_encoder: 0.011352
    lstm_decoder: 0.008325
    multihead_attn: 0.002373
    output_layer: 0.128877
  VSN output std:
    encoder: 0.186679
  Attention entropy: 2.887887
  Saved to: experiments/00_baseline_exploration/sweep_lr_0.0003/collapse_monitoring/collapse_monitor_epoch39.json
Epoch 40: val_loss=0.4011971056461334
Epoch 40: train_loss=0.4212358891963959

[CollapseMonitor] Epoch 40
  [DEBUG] Processed 20 batches from val_dataloader
  [DEBUG] Predictions shape after concat: (1280,)
  [DEBUG] All predictions list length: 20
  [DEBUG] First batch shape: (64,)
  Pred std: 0.040539, range: 0.276747, mean: 0.065389
  Pos: 99.8%, Neg: 0.2%, Unique: 1257
  Saved validation predictions to: experiments/00_baseline_exploration/sweep_lr_0.0003/collapse_monitoring/val_predictions_epoch40.npy
  Gradient norms:
    lstm_encoder: 0.011780
    lstm_decoder: 0.008798
    multihead_attn: 0.002700
    output_layer: 0.124291
  VSN output std:
    encoder: 0.191732
  Attention entropy: 2.846863
  Saved to: experiments/00_baseline_exploration/sweep_lr_0.0003/collapse_monitoring/collapse_monitor_epoch40.json
Epoch 41: val_loss=0.4007684588432312
Epoch 41: train_loss=0.42082080245018005

[CollapseMonitor] Epoch 41
  [DEBUG] Processed 20 batches from val_dataloader
  [DEBUG] Predictions shape after concat: (1280,)
  [DEBUG] All predictions list length: 20
  [DEBUG] First batch shape: (64,)
  Pred std: 0.045523, range: 0.293150, mean: 0.064942
  Pos: 100.0%, Neg: 0.0%, Unique: 1258
  Saved validation predictions to: experiments/00_baseline_exploration/sweep_lr_0.0003/collapse_monitoring/val_predictions_epoch41.npy
  Gradient norms:
    lstm_encoder: 0.011770
    lstm_decoder: 0.008854
    multihead_attn: 0.002883
    output_layer: 0.119488
  VSN output std:
    encoder: 0.194569
  Attention entropy: 2.837322
  Saved to: experiments/00_baseline_exploration/sweep_lr_0.0003/collapse_monitoring/collapse_monitor_epoch41.json
Epoch 42: val_loss=0.400186687707901
Epoch 42: train_loss=0.42151251435279846

[CollapseMonitor] Epoch 42
  [DEBUG] Processed 20 batches from val_dataloader
  [DEBUG] Predictions shape after concat: (1280,)
  [DEBUG] All predictions list length: 20
  [DEBUG] First batch shape: (64,)
  Pred std: 0.043059, range: 0.272072, mean: 0.083680
  Pos: 100.0%, Neg: 0.0%, Unique: 1255
  Saved validation predictions to: experiments/00_baseline_exploration/sweep_lr_0.0003/collapse_monitoring/val_predictions_epoch42.npy
  Gradient norms:
    lstm_encoder: 0.012280
    lstm_decoder: 0.008912
    multihead_attn: 0.002688
    output_layer: 0.121197
  VSN output std:
    encoder: 0.195657
  Attention entropy: 2.830431
  Saved to: experiments/00_baseline_exploration/sweep_lr_0.0003/collapse_monitoring/collapse_monitor_epoch42.json
Epoch 43: val_loss=0.3994308114051819
Epoch 43: train_loss=0.4211356043815613

[CollapseMonitor] Epoch 43
  [DEBUG] Processed 20 batches from val_dataloader
  [DEBUG] Predictions shape after concat: (1280,)
  [DEBUG] All predictions list length: 20
  [DEBUG] First batch shape: (64,)
  Pred std: 0.044345, range: 0.260150, mean: 0.078496
  Pos: 100.0%, Neg: 0.0%, Unique: 1263
  Saved validation predictions to: experiments/00_baseline_exploration/sweep_lr_0.0003/collapse_monitoring/val_predictions_epoch43.npy
  Gradient norms:
    lstm_encoder: 0.012242
    lstm_decoder: 0.008916
    multihead_attn: 0.002808
    output_layer: 0.116592
  VSN output std:
    encoder: 0.197239
  Attention entropy: 2.837251
  Saved to: experiments/00_baseline_exploration/sweep_lr_0.0003/collapse_monitoring/collapse_monitor_epoch43.json
Epoch 44: val_loss=0.4001745283603668
Epoch 44: train_loss=0.42112407088279724

[CollapseMonitor] Epoch 44
  [DEBUG] Processed 20 batches from val_dataloader
  [DEBUG] Predictions shape after concat: (1280,)
  [DEBUG] All predictions list length: 20
  [DEBUG] First batch shape: (64,)
  Pred std: 0.048634, range: 0.291597, mean: 0.073844
  Pos: 100.0%, Neg: 0.0%, Unique: 1260
  Saved validation predictions to: experiments/00_baseline_exploration/sweep_lr_0.0003/collapse_monitoring/val_predictions_epoch44.npy
  Gradient norms:
    lstm_encoder: 0.011952
    lstm_decoder: 0.008675
    multihead_attn: 0.002444
    output_layer: 0.122294
  VSN output std:
    encoder: 0.198682
  Attention entropy: 2.832385
  Saved to: experiments/00_baseline_exploration/sweep_lr_0.0003/collapse_monitoring/collapse_monitor_epoch44.json
Epoch 45: val_loss=0.4003119468688965
Epoch 45: train_loss=0.42073139548301697

[CollapseMonitor] Epoch 45
  [DEBUG] Processed 20 batches from val_dataloader
  [DEBUG] Predictions shape after concat: (1280,)
  [DEBUG] All predictions list length: 20
  [DEBUG] First batch shape: (64,)
  Pred std: 0.045289, range: 0.293810, mean: 0.095524
  Pos: 100.0%, Neg: 0.0%, Unique: 1258
  Saved validation predictions to: experiments/00_baseline_exploration/sweep_lr_0.0003/collapse_monitoring/val_predictions_epoch45.npy
  Gradient norms:
    lstm_encoder: 0.013073
    lstm_decoder: 0.009553
    multihead_attn: 0.002593
    output_layer: 0.121448
  VSN output std:
    encoder: 0.197915
  Attention entropy: 2.845680
  Saved to: experiments/00_baseline_exploration/sweep_lr_0.0003/collapse_monitoring/collapse_monitor_epoch45.json
Epoch 46: val_loss=0.3994287848472595
Epoch 46: train_loss=0.42058196663856506

[CollapseMonitor] Epoch 46
  [DEBUG] Processed 20 batches from val_dataloader
  [DEBUG] Predictions shape after concat: (1280,)
  [DEBUG] All predictions list length: 20
  [DEBUG] First batch shape: (64,)
  Pred std: 0.042563, range: 0.275162, mean: 0.068779
  Pos: 100.0%, Neg: 0.0%, Unique: 1255
  Saved validation predictions to: experiments/00_baseline_exploration/sweep_lr_0.0003/collapse_monitoring/val_predictions_epoch46.npy
  Gradient norms:
    lstm_encoder: 0.013536
    lstm_decoder: 0.010041
    multihead_attn: 0.002774
    output_layer: 0.128730
  VSN output std:
    encoder: 0.200554
  Attention entropy: 2.820276
  Saved to: experiments/00_baseline_exploration/sweep_lr_0.0003/collapse_monitoring/collapse_monitor_epoch46.json
Epoch 47: val_loss=0.399981826543808
Epoch 47: train_loss=0.4206557273864746

[CollapseMonitor] Epoch 47
  [DEBUG] Processed 20 batches from val_dataloader
  [DEBUG] Predictions shape after concat: (1280,)
  [DEBUG] All predictions list length: 20
  [DEBUG] First batch shape: (64,)
  Pred std: 0.040464, range: 0.271289, mean: 0.075103
  Pos: 100.0%, Neg: 0.0%, Unique: 1266
  Saved validation predictions to: experiments/00_baseline_exploration/sweep_lr_0.0003/collapse_monitoring/val_predictions_epoch47.npy
  Gradient norms:
    lstm_encoder: 0.013294
    lstm_decoder: 0.009651
    multihead_attn: 0.002713
    output_layer: 0.128394
  VSN output std:
    encoder: 0.197459
  Attention entropy: 2.801077
  Saved to: experiments/00_baseline_exploration/sweep_lr_0.0003/collapse_monitoring/collapse_monitor_epoch47.json
Epoch 48: val_loss=0.40002694725990295
Epoch 48: train_loss=0.4195370674133301

[CollapseMonitor] Epoch 48
  [DEBUG] Processed 20 batches from val_dataloader
  [DEBUG] Predictions shape after concat: (1280,)
  [DEBUG] All predictions list length: 20
  [DEBUG] First batch shape: (64,)
  Pred std: 0.047945, range: 0.304985, mean: 0.081405
  Pos: 100.0%, Neg: 0.0%, Unique: 1265
  Saved validation predictions to: experiments/00_baseline_exploration/sweep_lr_0.0003/collapse_monitoring/val_predictions_epoch48.npy
  Gradient norms:
    lstm_encoder: 0.014322
    lstm_decoder: 0.009770
    multihead_attn: 0.002828
    output_layer: 0.124567
  VSN output std:
    encoder: 0.193668
  Attention entropy: 2.749520
  Saved to: experiments/00_baseline_exploration/sweep_lr_0.0003/collapse_monitoring/collapse_monitor_epoch48.json
Epoch 49: val_loss=0.3982621133327484
Epoch 49: train_loss=0.42075762152671814

[CollapseMonitor] Epoch 49
  [DEBUG] Processed 20 batches from val_dataloader
  [DEBUG] Predictions shape after concat: (1280,)
  [DEBUG] All predictions list length: 20
  [DEBUG] First batch shape: (64,)
  Pred std: 0.049945, range: 0.313248, mean: 0.073564
  Pos: 100.0%, Neg: 0.0%, Unique: 1269
  Saved validation predictions to: experiments/00_baseline_exploration/sweep_lr_0.0003/collapse_monitoring/val_predictions_epoch49.npy
  Gradient norms:
    lstm_encoder: 0.014318
    lstm_decoder: 0.009694
    multihead_attn: 0.002785
    output_layer: 0.114872
  VSN output std:
    encoder: 0.194929
  Attention entropy: 2.749436
  Saved to: experiments/00_baseline_exploration/sweep_lr_0.0003/collapse_monitoring/collapse_monitor_epoch49.json
Epoch 50: val_loss=0.39832037687301636
Epoch 50: train_loss=0.41965463757514954

[CollapseMonitor] Epoch 50
  [DEBUG] Processed 20 batches from val_dataloader
  [DEBUG] Predictions shape after concat: (1280,)
  [DEBUG] All predictions list length: 20
  [DEBUG] First batch shape: (64,)
  Pred std: 0.044614, range: 0.292879, mean: 0.083952
  Pos: 100.0%, Neg: 0.0%, Unique: 1264
  Saved validation predictions to: experiments/00_baseline_exploration/sweep_lr_0.0003/collapse_monitoring/val_predictions_epoch50.npy
  Gradient norms:
    lstm_encoder: 0.014518
    lstm_decoder: 0.009482
    multihead_attn: 0.002977
    output_layer: 0.114992
  VSN output std:
    encoder: 0.193316
  Attention entropy: 2.735075
  Saved to: experiments/00_baseline_exploration/sweep_lr_0.0003/collapse_monitoring/collapse_monitor_epoch50.json
Epoch 51: val_loss=0.3978564143180847
Epoch 51: train_loss=0.41965004801750183

[CollapseMonitor] Epoch 51
  [DEBUG] Processed 20 batches from val_dataloader
  [DEBUG] Predictions shape after concat: (1280,)
  [DEBUG] All predictions list length: 20
  [DEBUG] First batch shape: (64,)
  Pred std: 0.048876, range: 0.302217, mean: 0.086841
  Pos: 100.0%, Neg: 0.0%, Unique: 1263
  Saved validation predictions to: experiments/00_baseline_exploration/sweep_lr_0.0003/collapse_monitoring/val_predictions_epoch51.npy
  Gradient norms:
    lstm_encoder: 0.015172
    lstm_decoder: 0.010034
    multihead_attn: 0.002991
    output_layer: 0.118450
  VSN output std:
    encoder: 0.195660
  Attention entropy: 2.746976
  Saved to: experiments/00_baseline_exploration/sweep_lr_0.0003/collapse_monitoring/collapse_monitor_epoch51.json
Epoch 52: val_loss=0.3984972834587097
Epoch 52: train_loss=0.41953063011169434

[CollapseMonitor] Epoch 52
  [DEBUG] Processed 20 batches from val_dataloader
  [DEBUG] Predictions shape after concat: (1280,)
  [DEBUG] All predictions list length: 20
  [DEBUG] First batch shape: (64,)
  Pred std: 0.045233, range: 0.298634, mean: 0.076206
  Pos: 100.0%, Neg: 0.0%, Unique: 1263
  Saved validation predictions to: experiments/00_baseline_exploration/sweep_lr_0.0003/collapse_monitoring/val_predictions_epoch52.npy
  Gradient norms:
    lstm_encoder: 0.014573
    lstm_decoder: 0.009438
    multihead_attn: 0.002940
    output_layer: 0.117720
  VSN output std:
    encoder: 0.193287
  Attention entropy: 2.736787
  Saved to: experiments/00_baseline_exploration/sweep_lr_0.0003/collapse_monitoring/collapse_monitor_epoch52.json
Epoch 53: val_loss=0.397678941488266
Epoch 53: train_loss=0.4199103116989136

[CollapseMonitor] Epoch 53
  [DEBUG] Processed 20 batches from val_dataloader
  [DEBUG] Predictions shape after concat: (1280,)
  [DEBUG] All predictions list length: 20
  [DEBUG] First batch shape: (64,)
  Pred std: 0.045674, range: 0.301767, mean: 0.069639
  Pos: 100.0%, Neg: 0.0%, Unique: 1254
  Saved validation predictions to: experiments/00_baseline_exploration/sweep_lr_0.0003/collapse_monitoring/val_predictions_epoch53.npy
  Gradient norms:
    lstm_encoder: 0.015581
    lstm_decoder: 0.010298
    multihead_attn: 0.003210
    output_layer: 0.125363
  VSN output std:
    encoder: 0.194996
  Attention entropy: 2.740966
  Saved to: experiments/00_baseline_exploration/sweep_lr_0.0003/collapse_monitoring/collapse_monitor_epoch53.json
Epoch 54: val_loss=0.39852792024612427
Epoch 54: train_loss=0.4197680354118347

[CollapseMonitor] Epoch 54
  [DEBUG] Processed 20 batches from val_dataloader
  [DEBUG] Predictions shape after concat: (1280,)
  [DEBUG] All predictions list length: 20
  [DEBUG] First batch shape: (64,)
  Pred std: 0.039909, range: 0.265109, mean: 0.100525
  Pos: 100.0%, Neg: 0.0%, Unique: 1266
  Saved validation predictions to: experiments/00_baseline_exploration/sweep_lr_0.0003/collapse_monitoring/val_predictions_epoch54.npy
  Gradient norms:
    lstm_encoder: 0.016225
    lstm_decoder: 0.010677
    multihead_attn: 0.002988
    output_layer: 0.131536
  VSN output std:
    encoder: 0.192137
  Attention entropy: 2.728029
  Saved to: experiments/00_baseline_exploration/sweep_lr_0.0003/collapse_monitoring/collapse_monitor_epoch54.json
Epoch 55: val_loss=0.3982731103897095
Epoch 55: train_loss=0.41945916414260864

[CollapseMonitor] Epoch 55
  [DEBUG] Processed 20 batches from val_dataloader
  [DEBUG] Predictions shape after concat: (1280,)
  [DEBUG] All predictions list length: 20
  [DEBUG] First batch shape: (64,)
  Pred std: 0.040632, range: 0.269308, mean: 0.089415
  Pos: 100.0%, Neg: 0.0%, Unique: 1264
  Saved validation predictions to: experiments/00_baseline_exploration/sweep_lr_0.0003/collapse_monitoring/val_predictions_epoch55.npy
  Gradient norms:
    lstm_encoder: 0.015570
    lstm_decoder: 0.009657
    multihead_attn: 0.002948
    output_layer: 0.119387
  VSN output std:
    encoder: 0.190265
  Attention entropy: 2.735867
  Saved to: experiments/00_baseline_exploration/sweep_lr_0.0003/collapse_monitoring/collapse_monitor_epoch55.json
Epoch 56: val_loss=0.3981078565120697
Epoch 56: train_loss=0.4192534387111664

[CollapseMonitor] Epoch 56
  [DEBUG] Processed 20 batches from val_dataloader
  [DEBUG] Predictions shape after concat: (1280,)
  [DEBUG] All predictions list length: 20
  [DEBUG] First batch shape: (64,)
  Pred std: 0.043421, range: 0.286528, mean: 0.082591
  Pos: 100.0%, Neg: 0.0%, Unique: 1257
  Saved validation predictions to: experiments/00_baseline_exploration/sweep_lr_0.0003/collapse_monitoring/val_predictions_epoch56.npy
  Gradient norms:
    lstm_encoder: 0.016781
    lstm_decoder: 0.010572
    multihead_attn: 0.002878
    output_layer: 0.126024
  VSN output std:
    encoder: 0.191987
  Attention entropy: 2.728698
  Saved to: experiments/00_baseline_exploration/sweep_lr_0.0003/collapse_monitoring/collapse_monitor_epoch56.json
Epoch 57: val_loss=0.39753788709640503
Epoch 57: train_loss=0.4194437265396118

[CollapseMonitor] Epoch 57
  [DEBUG] Processed 20 batches from val_dataloader
  [DEBUG] Predictions shape after concat: (1280,)
  [DEBUG] All predictions list length: 20
  [DEBUG] First batch shape: (64,)
  Pred std: 0.042039, range: 0.292922, mean: 0.067177
  Pos: 99.9%, Neg: 0.1%, Unique: 1261
  Saved validation predictions to: experiments/00_baseline_exploration/sweep_lr_0.0003/collapse_monitoring/val_predictions_epoch57.npy
  Gradient norms:
    lstm_encoder: 0.017336
    lstm_decoder: 0.011177
    multihead_attn: 0.002857
    output_layer: 0.119753
  VSN output std:
    encoder: 0.194239
  Attention entropy: 2.741545
  Saved to: experiments/00_baseline_exploration/sweep_lr_0.0003/collapse_monitoring/collapse_monitor_epoch57.json
Epoch 58: val_loss=0.3986603617668152
Epoch 58: train_loss=0.4187973141670227

[CollapseMonitor] Epoch 58
  [DEBUG] Processed 20 batches from val_dataloader
  [DEBUG] Predictions shape after concat: (1280,)
  [DEBUG] All predictions list length: 20
  [DEBUG] First batch shape: (64,)
  Pred std: 0.038440, range: 0.258386, mean: 0.097775
  Pos: 100.0%, Neg: 0.0%, Unique: 1255
  Saved validation predictions to: experiments/00_baseline_exploration/sweep_lr_0.0003/collapse_monitoring/val_predictions_epoch58.npy
  Gradient norms:
    lstm_encoder: 0.016228
    lstm_decoder: 0.010127
    multihead_attn: 0.003249
    output_layer: 0.118389
  VSN output std:
    encoder: 0.190466
  Attention entropy: 2.757899
  Saved to: experiments/00_baseline_exploration/sweep_lr_0.0003/collapse_monitoring/collapse_monitor_epoch58.json
Epoch 59: val_loss=0.39883267879486084
Epoch 59: train_loss=0.41924726963043213

[CollapseMonitor] Epoch 59
  [DEBUG] Processed 20 batches from val_dataloader
  [DEBUG] Predictions shape after concat: (1280,)
  [DEBUG] All predictions list length: 20
  [DEBUG] First batch shape: (64,)
  Pred std: 0.042371, range: 0.272893, mean: 0.077511
  Pos: 100.0%, Neg: 0.0%, Unique: 1265
  Saved validation predictions to: experiments/00_baseline_exploration/sweep_lr_0.0003/collapse_monitoring/val_predictions_epoch59.npy
  Gradient norms:
    lstm_encoder: 0.016531
    lstm_decoder: 0.010016
    multihead_attn: 0.002895
    output_layer: 0.113023
  VSN output std:
    encoder: 0.192200
  Attention entropy: 2.749551
  Saved to: experiments/00_baseline_exploration/sweep_lr_0.0003/collapse_monitoring/collapse_monitor_epoch59.json
Epoch 60: val_loss=0.39809322357177734
Epoch 60: train_loss=0.4189624488353729

[CollapseMonitor] Epoch 60
  [DEBUG] Processed 20 batches from val_dataloader
  [DEBUG] Predictions shape after concat: (1280,)
  [DEBUG] All predictions list length: 20
  [DEBUG] First batch shape: (64,)
  Pred std: 0.042365, range: 0.272895, mean: 0.080524
  Pos: 100.0%, Neg: 0.0%, Unique: 1270
  Saved validation predictions to: experiments/00_baseline_exploration/sweep_lr_0.0003/collapse_monitoring/val_predictions_epoch60.npy
  Gradient norms:
    lstm_encoder: 0.017704
    lstm_decoder: 0.010867
    multihead_attn: 0.003228
    output_layer: 0.121182
  VSN output std:
    encoder: 0.188400
  Attention entropy: 2.739158
  Saved to: experiments/00_baseline_exploration/sweep_lr_0.0003/collapse_monitoring/collapse_monitor_epoch60.json
Epoch 61: val_loss=0.3978327214717865
Epoch 61: train_loss=0.418324738740921

[CollapseMonitor] Epoch 61
  [DEBUG] Processed 20 batches from val_dataloader
  [DEBUG] Predictions shape after concat: (1280,)
  [DEBUG] All predictions list length: 20
  [DEBUG] First batch shape: (64,)
  Pred std: 0.045808, range: 0.296603, mean: 0.079033
  Pos: 100.0%, Neg: 0.0%, Unique: 1269
  Saved validation predictions to: experiments/00_baseline_exploration/sweep_lr_0.0003/collapse_monitoring/val_predictions_epoch61.npy
  Gradient norms:
    lstm_encoder: 0.018763
    lstm_decoder: 0.011001
    multihead_attn: 0.003477
    output_layer: 0.124038
  VSN output std:
    encoder: 0.187841
  Attention entropy: 2.760776
  Saved to: experiments/00_baseline_exploration/sweep_lr_0.0003/collapse_monitoring/collapse_monitor_epoch61.json
Epoch 62: val_loss=0.3982963263988495
Epoch 62: train_loss=0.41825056076049805

[CollapseMonitor] Epoch 62
  [DEBUG] Processed 20 batches from val_dataloader
  [DEBUG] Predictions shape after concat: (1280,)
  [DEBUG] All predictions list length: 20
  [DEBUG] First batch shape: (64,)
  Pred std: 0.046588, range: 0.291204, mean: 0.076876
  Pos: 100.0%, Neg: 0.0%, Unique: 1264
  Saved validation predictions to: experiments/00_baseline_exploration/sweep_lr_0.0003/collapse_monitoring/val_predictions_epoch62.npy
  Gradient norms:
    lstm_encoder: 0.017739
    lstm_decoder: 0.011647
    multihead_attn: 0.003162
    output_layer: 0.124959
  VSN output std:
    encoder: 0.184695
  Attention entropy: 2.768710
  Saved to: experiments/00_baseline_exploration/sweep_lr_0.0003/collapse_monitoring/collapse_monitor_epoch62.json
Epoch 63: val_loss=0.3976597189903259
Epoch 63: train_loss=0.4183778166770935

[CollapseMonitor] Epoch 63
  [DEBUG] Processed 20 batches from val_dataloader
  [DEBUG] Predictions shape after concat: (1280,)
  [DEBUG] All predictions list length: 20
  [DEBUG] First batch shape: (64,)
  Pred std: 0.046864, range: 0.304754, mean: 0.076275
  Pos: 100.0%, Neg: 0.0%, Unique: 1262
  Saved validation predictions to: experiments/00_baseline_exploration/sweep_lr_0.0003/collapse_monitoring/val_predictions_epoch63.npy
  Gradient norms:
    lstm_encoder: 0.019821
    lstm_decoder: 0.012191
    multihead_attn: 0.003191
    output_layer: 0.129489
  VSN output std:
    encoder: 0.186379
  Attention entropy: 2.766013
  Saved to: experiments/00_baseline_exploration/sweep_lr_0.0003/collapse_monitoring/collapse_monitor_epoch63.json
Epoch 64: val_loss=0.3981561064720154
Epoch 64: train_loss=0.41841408610343933

[CollapseMonitor] Epoch 64
  [DEBUG] Processed 20 batches from val_dataloader
  [DEBUG] Predictions shape after concat: (1280,)
  [DEBUG] All predictions list length: 20
  [DEBUG] First batch shape: (64,)
  Pred std: 0.044559, range: 0.287693, mean: 0.077593
  Pos: 100.0%, Neg: 0.0%, Unique: 1269
  Saved validation predictions to: experiments/00_baseline_exploration/sweep_lr_0.0003/collapse_monitoring/val_predictions_epoch64.npy
  Gradient norms:
    lstm_encoder: 0.019204
    lstm_decoder: 0.011846
    multihead_attn: 0.003463
    output_layer: 0.126621
  VSN output std:
    encoder: 0.185829
  Attention entropy: 2.756554
  Saved to: experiments/00_baseline_exploration/sweep_lr_0.0003/collapse_monitoring/collapse_monitor_epoch64.json
Epoch 65: val_loss=0.39766445755958557
Epoch 65: train_loss=0.4179341197013855

[CollapseMonitor] Epoch 65
  [DEBUG] Processed 20 batches from val_dataloader
  [DEBUG] Predictions shape after concat: (1280,)
  [DEBUG] All predictions list length: 20
  [DEBUG] First batch shape: (64,)
  Pred std: 0.044686, range: 0.292838, mean: 0.087847
  Pos: 100.0%, Neg: 0.0%, Unique: 1263
  Saved validation predictions to: experiments/00_baseline_exploration/sweep_lr_0.0003/collapse_monitoring/val_predictions_epoch65.npy
  Gradient norms:
    lstm_encoder: 0.019749
    lstm_decoder: 0.011781
    multihead_attn: 0.003387
    output_layer: 0.130385
  VSN output std:
    encoder: 0.185732
  Attention entropy: 2.755056
  Saved to: experiments/00_baseline_exploration/sweep_lr_0.0003/collapse_monitoring/collapse_monitor_epoch65.json
Epoch 66: val_loss=0.3980606198310852
Epoch 66: train_loss=0.41837045550346375

[CollapseMonitor] Epoch 66
  [DEBUG] Processed 20 batches from val_dataloader
  [DEBUG] Predictions shape after concat: (1280,)
  [DEBUG] All predictions list length: 20
  [DEBUG] First batch shape: (64,)
  Pred std: 0.044572, range: 0.291472, mean: 0.075227
  Pos: 100.0%, Neg: 0.0%, Unique: 1264
  Saved validation predictions to: experiments/00_baseline_exploration/sweep_lr_0.0003/collapse_monitoring/val_predictions_epoch66.npy
  Gradient norms:
    lstm_encoder: 0.019257
    lstm_decoder: 0.011740
    multihead_attn: 0.003297
    output_layer: 0.124254
  VSN output std:
    encoder: 0.184188
  Attention entropy: 2.760103
  Saved to: experiments/00_baseline_exploration/sweep_lr_0.0003/collapse_monitoring/collapse_monitor_epoch66.json
Epoch 67: val_loss=0.39795947074890137
Epoch 67: train_loss=0.41970136761665344

[CollapseMonitor] Epoch 67
  [DEBUG] Processed 20 batches from val_dataloader
  [DEBUG] Predictions shape after concat: (1280,)
  [DEBUG] All predictions list length: 20
  [DEBUG] First batch shape: (64,)
  Pred std: 0.043625, range: 0.280234, mean: 0.081301
  Pos: 100.0%, Neg: 0.0%, Unique: 1263
  Saved validation predictions to: experiments/00_baseline_exploration/sweep_lr_0.0003/collapse_monitoring/val_predictions_epoch67.npy
  Gradient norms:
    lstm_encoder: 0.017361
    lstm_decoder: 0.010812
    multihead_attn: 0.003173
    output_layer: 0.116457
  VSN output std:
    encoder: 0.185989
  Attention entropy: 2.758390
  Saved to: experiments/00_baseline_exploration/sweep_lr_0.0003/collapse_monitoring/collapse_monitor_epoch67.json


======================================================================
Training complete
======================================================================

Best model checkpoint: experiments/00_baseline_exploration/sweep_lr_0.0003/checkpoints/tft-epoch=57-val_loss=0.3975.ckpt
Best validation loss: 0.397538
Completed at: 2025-10-29 21:06:54
Log saved to: experiments/00_baseline_exploration/sweep_lr_0.0003/training_20251029_202334.log
======================================================================
