Loaded: 06c_weekly_refined (12 experiments, 212 checkpoints)

======================================================================
PHASE: 06c_weekly_refined
======================================================================

SUMMARY:
  Experiments: 12
  Total checkpoints evaluated: 212

BEST CHECKPOINT PER EXPERIMENT (by dir_acc):
----------------------------------------------------------------------
    experiment  epoch  ckpt_metric  dir_acc   sharpe  healthy_pct  num_negative
h16_enc8_lr5e4     37 val_pred_std 0.581132 1.052045    18.113208            18
h16_enc8_lr1e4      0          NaN 0.566038 0.920343     1.886792             0
h24_enc8_lr1e4      0          NaN 0.566038 0.920343     2.264151             0
h24_enc8_lr5e4      0          NaN 0.566038 0.920343     2.264151             0
h16_enc4_lr1e4      0          NaN 0.565056 0.895949     1.858736             0
h16_enc4_lr5e4      0          NaN 0.565056 0.895949     1.858736             0
h24_enc4_lr1e4      0          NaN 0.565056 0.895949     2.230483             0
h24_enc4_lr5e4      0          NaN 0.565056 0.895949     2.230483             0
h16_enc6_lr1e4      0          NaN 0.561798 0.855150     1.872659             0
h16_enc6_lr5e4      0          NaN 0.561798 0.855150     1.872659             0
h24_enc6_lr1e4      0          NaN 0.561798 0.855150     2.247191             0
h24_enc6_lr5e4      0          NaN 0.561798 0.855150     2.247191             0

TOP 5 CHECKPOINTS OVERALL:
----------------------------------------------------------------------
    experiment  epoch  ckpt_metric  dir_acc   sharpe  healthy_pct  num_negative
h16_enc8_lr5e4     37 val_pred_std 0.581132 1.052045    18.113208            18
h16_enc8_lr5e4     38 val_pred_std 0.577358 0.972651     7.547170             3
h16_enc8_lr5e4     39 val_pred_std 0.573585 0.925828    11.698113             8
h16_enc8_lr1e4      0          NaN 0.566038 0.920343     1.886792             0
h16_enc8_lr1e4      1          NaN 0.566038 0.920343     1.886792             0

PERFORMANCE BY CHECKPOINT SELECTION METRIC:
----------------------------------------------------------------------
               dir_acc          sharpe         healthy_pct         total_return        
                  mean     std    mean     std        mean     std         mean     std
ckpt_metric                                                                            
val_loss        0.5643  0.0019  0.8903  0.0276      2.0633  0.1819       0.9784  0.0425
val_num_unique  0.5651  0.0017  0.9041  0.0267      1.9551  0.1515       0.9957  0.0390
val_pred_std    0.5655  0.0044  0.8983  0.0413      2.9344  3.3948       0.9898  0.0600
val_sharpe      0.5644  0.0018  0.8920  0.0265      1.8725  0.0119       0.9818  0.0407

HYPERPARAMETER CORRELATIONS WITH METRICS:
----------------------------------------------------------------------
                dir_acc  sharpe  healthy_pct
hidden_size      -0.251  -0.211       -0.263
encoder_length    0.388   0.450        0.376
learning_rate     0.251   0.211        0.305

