
[INFO] Using AUTO device selection.

[INFO] Patched matplotlib.Axes.errorbar to abs() negative yerr for robustness.
======================================================================
Training TFT: wf_monthly_weekly_enc12/fold_202403
======================================================================
Logging to: experiments/wf_monthly_weekly_enc12/fold_202403/training_20251203_051311.log
Started at: 2025-12-03 05:13:11
======================================================================
Configuration saved to: experiments/wf_monthly_weekly_enc12/fold_202403/config.json

Loading data splits...
Train: 1716 samples
Val: 13 samples
Test: 17 samples

Preparing TimeSeriesDataSet...

Dropping source columns (used for staleness only): ['CPI']

Final features for TFT: ['SP500_Returns', 'VIX', 'Treasury_10Y', 'Yield_Spread', 'Inflation_YoY']

======================================================================
FEATURE STATISTICS - BEFORE NORMALIZATION
======================================================================
VIX                             mean= 19.4906  std=  7.8470  min=  9.3400  max= 74.6180
Treasury_10Y                    mean=  4.1172  std=  1.8764  min=  0.5500  max=  8.3400
Yield_Spread                    mean=  1.0838  std=  0.9170  min= -1.0600  max=  2.9100
Inflation_YoY                   mean=  2.6510  std=  1.6198  min= -2.1498  max=  9.2350

======================================================================
FEATURES AFTER GROUPNORMALIZER (first batch, last timestep)
======================================================================
VIX                             normalized_value=  1.0000
Treasury_10Y                    normalized_value= -0.0833
Yield_Spread                    normalized_value=  1.1635
Inflation_YoY                   normalized_value= -0.3184
======================================================================

[DEBUG] VIX train values: [31.318 31.68  23.47  21.908 22.596]
[DEBUG] VIX val values: [12.782 12.862 12.33  13.088 12.585]
Batches per epoch: 106
[DEBUG] Validation batches: 1
[DEBUG] Validation dataset size: 1
[DEBUG] Batch size: 16

Initializing model...

Using standard QuantileLoss (no penalties)

[REGIME OUTPUT] Disabled (using baseline output layer)

================================================================================
BASELINE MODEL FEATURE CONFIGURATION (after from_dataset)
================================================================================
tft.hparams.time_varying_reals_encoder: ['relative_time_idx', 'VIX', 'Treasury_10Y', 'Yield_Spread', 'Inflation_YoY']
  Count: 5

tft.hparams.time_varying_reals_decoder: ['relative_time_idx']
  Count: 1

tft.hparams.x_reals (all reals passed to model): ['encoder_length', 'relative_time_idx', 'VIX', 'Treasury_10Y', 'Yield_Spread', 'Inflation_YoY']
  Count: 6

Encoder VSN configuration:
  num_inputs: 5
  input_sizes: {'relative_time_idx': 16, 'VIX': 16, 'Treasury_10Y': 16, 'Yield_Spread': 16, 'Inflation_YoY': 16}
  flattened_grn.fc1: in_features=80, out_features=5
  -> Params in fc1: 400 (should be 5*16*5=400 if 5 features)
================================================================================

Model parameters: 22,615

Starting training...
Checkpoints will be saved to: experiments/wf_monthly_weekly_enc12/fold_202403/checkpoints/
Logs will be saved to: experiments/wf_monthly_weekly_enc12/fold_202403/logs/

[DEBUG CollapseMonitor] on_validation_epoch_start called for epoch 0
[DEBUG CollapseMonitor] reset_temporal_state() called on loss function
Epoch 0: val_loss=N/A
[DEBUG CollapseMonitor] on_validation_epoch_start called for epoch 0
[DEBUG CollapseMonitor] reset_temporal_state() called on loss function
Epoch 0: val_loss=1.1419380903244019
Epoch 0: train_loss=1.4310640096664429

[CollapseMonitor] Epoch 0
  [DEBUG] Processed 1 batches from val_dataloader
  [DEBUG] Predictions shape after concat: (1,)
  [DEBUG] All predictions list length: 1
  [DEBUG] First batch shape: (1,)
  Pred std: 0.000000, range: 0.000000, mean: 0.237226
  Pos: 100.0%, Neg: 0.0%, Unique: 1
  Dir Acc: 100.00%, Pred Sharpe: 0.0000
  Composite: 1.0000 (dist_match: 1.0000, actual_pos: 100.0%, pred_pos: 100.0%)
  Collapse penalty: 0.000000 (threshold: 0.005000)
  Saved validation predictions to: experiments/wf_monthly_weekly_enc12/fold_202403/collapse_monitoring/val_predictions_epoch0.npy
  Gradient norms:
    lstm_encoder: 0.022394
    lstm_decoder: 0.028734
    output_layer: 1.325451
  VSN output std:
    encoder: 0.262199
  Attention entropy: 2.484497
  Saved to: experiments/wf_monthly_weekly_enc12/fold_202403/collapse_monitoring/collapse_monitor_latest.json
[DEBUG CollapseMonitor] on_validation_epoch_start called for epoch 1
[DEBUG CollapseMonitor] reset_temporal_state() called on loss function
Epoch 1: val_loss=0.8660253286361694
Epoch 1: train_loss=1.2034275531768799

[CollapseMonitor] Epoch 1
  [DEBUG] Processed 1 batches from val_dataloader
  [DEBUG] Predictions shape after concat: (1,)
  [DEBUG] All predictions list length: 1
  [DEBUG] First batch shape: (1,)
  Pred std: 0.000000, range: 0.000000, mean: 0.170483
  Pos: 100.0%, Neg: 0.0%, Unique: 1
  Dir Acc: 100.00%, Pred Sharpe: 0.0000
  Composite: 1.0000 (dist_match: 1.0000, actual_pos: 100.0%, pred_pos: 100.0%)
  Collapse penalty: 0.000000 (threshold: 0.005000)
  Saved validation predictions to: experiments/wf_monthly_weekly_enc12/fold_202403/collapse_monitoring/val_predictions_epoch1.npy
  Gradient norms:
    lstm_encoder: 0.018864
    lstm_decoder: 0.020321
    output_layer: 0.987638
  VSN output std:
    encoder: 0.260512
  Attention entropy: 2.484716
  Saved to: experiments/wf_monthly_weekly_enc12/fold_202403/collapse_monitoring/collapse_monitor_latest.json
[DEBUG CollapseMonitor] on_validation_epoch_start called for epoch 2
[DEBUG CollapseMonitor] reset_temporal_state() called on loss function
Epoch 2: val_loss=0.6213140487670898
Epoch 2: train_loss=1.042798399925232

[CollapseMonitor] Epoch 2
  [DEBUG] Processed 1 batches from val_dataloader
  [DEBUG] Predictions shape after concat: (1,)
  [DEBUG] All predictions list length: 1
  [DEBUG] First batch shape: (1,)
  Pred std: 0.000000, range: 0.000000, mean: 0.198269
  Pos: 100.0%, Neg: 0.0%, Unique: 1
  Dir Acc: 100.00%, Pred Sharpe: 0.0000
  Composite: 1.0000 (dist_match: 1.0000, actual_pos: 100.0%, pred_pos: 100.0%)
  Collapse penalty: 0.000000 (threshold: 0.005000)
  Saved validation predictions to: experiments/wf_monthly_weekly_enc12/fold_202403/collapse_monitoring/val_predictions_epoch2.npy
  Gradient norms:
    lstm_encoder: 0.014003
    lstm_decoder: 0.013423
    output_layer: 0.605177
  VSN output std:
    encoder: 0.258680
  Attention entropy: 2.484786
  Saved to: experiments/wf_monthly_weekly_enc12/fold_202403/collapse_monitoring/collapse_monitor_latest.json
[DEBUG CollapseMonitor] on_validation_epoch_start called for epoch 3
[DEBUG CollapseMonitor] reset_temporal_state() called on loss function
Epoch 3: val_loss=0.5988895297050476
Epoch 3: train_loss=0.9863079786300659

[CollapseMonitor] Epoch 3
  [DEBUG] Processed 1 batches from val_dataloader
  [DEBUG] Predictions shape after concat: (1,)
  [DEBUG] All predictions list length: 1
  [DEBUG] First batch shape: (1,)
  Pred std: 0.000000, range: 0.000000, mean: 0.236683
  Pos: 100.0%, Neg: 0.0%, Unique: 1
  Dir Acc: 100.00%, Pred Sharpe: 0.0000
  Composite: 1.0000 (dist_match: 1.0000, actual_pos: 100.0%, pred_pos: 100.0%)
  Collapse penalty: 0.000000 (threshold: 0.005000)
  Saved validation predictions to: experiments/wf_monthly_weekly_enc12/fold_202403/collapse_monitoring/val_predictions_epoch3.npy
  Gradient norms:
    lstm_encoder: 0.012382
    lstm_decoder: 0.011956
    output_layer: 0.459102
  VSN output std:
    encoder: 0.260767
  Attention entropy: 2.484795
  Saved to: experiments/wf_monthly_weekly_enc12/fold_202403/collapse_monitoring/collapse_monitor_latest.json
[DEBUG CollapseMonitor] on_validation_epoch_start called for epoch 4
[DEBUG CollapseMonitor] reset_temporal_state() called on loss function
Epoch 4: val_loss=0.6248618960380554
Epoch 4: train_loss=0.9720004796981812

[CollapseMonitor] Epoch 4
  [DEBUG] Processed 1 batches from val_dataloader
  [DEBUG] Predictions shape after concat: (1,)
  [DEBUG] All predictions list length: 1
  [DEBUG] First batch shape: (1,)
  Pred std: 0.000000, range: 0.000000, mean: 0.144494
  Pos: 100.0%, Neg: 0.0%, Unique: 1
  Dir Acc: 100.00%, Pred Sharpe: 0.0000
  Composite: 1.0000 (dist_match: 1.0000, actual_pos: 100.0%, pred_pos: 100.0%)
  Collapse penalty: 0.000000 (threshold: 0.005000)
  Saved validation predictions to: experiments/wf_monthly_weekly_enc12/fold_202403/collapse_monitoring/val_predictions_epoch4.npy
  Gradient norms:
    lstm_encoder: 0.011123
    lstm_decoder: 0.010675
    output_layer: 0.406770
  VSN output std:
    encoder: 0.259964
  Attention entropy: 2.484834
  Saved to: experiments/wf_monthly_weekly_enc12/fold_202403/collapse_monitoring/collapse_monitor_latest.json
[DEBUG CollapseMonitor] on_validation_epoch_start called for epoch 5
[DEBUG CollapseMonitor] reset_temporal_state() called on loss function
Epoch 5: val_loss=0.5598481893539429
Epoch 5: train_loss=0.9607104063034058

[CollapseMonitor] Epoch 5
  [DEBUG] Processed 1 batches from val_dataloader
  [DEBUG] Predictions shape after concat: (1,)
  [DEBUG] All predictions list length: 1
  [DEBUG] First batch shape: (1,)
  Pred std: 0.000000, range: 0.000000, mean: 0.377262
  Pos: 100.0%, Neg: 0.0%, Unique: 1
  Dir Acc: 100.00%, Pred Sharpe: 0.0000
  Composite: 1.0000 (dist_match: 1.0000, actual_pos: 100.0%, pred_pos: 100.0%)
  Collapse penalty: 0.000000 (threshold: 0.005000)
  Saved validation predictions to: experiments/wf_monthly_weekly_enc12/fold_202403/collapse_monitoring/val_predictions_epoch5.npy
  Gradient norms:
    lstm_encoder: 0.011342
    lstm_decoder: 0.010822
    output_layer: 0.398819
  VSN output std:
    encoder: 0.259898
  Attention entropy: 2.484823
  Saved to: experiments/wf_monthly_weekly_enc12/fold_202403/collapse_monitoring/collapse_monitor_latest.json
[DEBUG CollapseMonitor] on_validation_epoch_start called for epoch 6
[DEBUG CollapseMonitor] reset_temporal_state() called on loss function
Epoch 6: val_loss=0.6019837260246277
Epoch 6: train_loss=0.9574422240257263

[CollapseMonitor] Epoch 6
  [DEBUG] Processed 1 batches from val_dataloader
  [DEBUG] Predictions shape after concat: (1,)
  [DEBUG] All predictions list length: 1
  [DEBUG] First batch shape: (1,)
  Pred std: 0.000000, range: 0.000000, mean: 0.190805
  Pos: 100.0%, Neg: 0.0%, Unique: 1
  Dir Acc: 100.00%, Pred Sharpe: 0.0000
  Composite: 1.0000 (dist_match: 1.0000, actual_pos: 100.0%, pred_pos: 100.0%)
  Collapse penalty: 0.000000 (threshold: 0.005000)
  Saved validation predictions to: experiments/wf_monthly_weekly_enc12/fold_202403/collapse_monitoring/val_predictions_epoch6.npy
  Gradient norms:
    lstm_encoder: 0.011570
    lstm_decoder: 0.011051
    output_layer: 0.406560
  VSN output std:
    encoder: 0.256283
  Attention entropy: 2.484789
  Saved to: experiments/wf_monthly_weekly_enc12/fold_202403/collapse_monitoring/collapse_monitor_latest.json
[DEBUG CollapseMonitor] on_validation_epoch_start called for epoch 7
[DEBUG CollapseMonitor] reset_temporal_state() called on loss function
Epoch 7: val_loss=0.5968064665794373
Epoch 7: train_loss=0.9487800002098083

[CollapseMonitor] Epoch 7
  [DEBUG] Processed 1 batches from val_dataloader
  [DEBUG] Predictions shape after concat: (1,)
  [DEBUG] All predictions list length: 1
  [DEBUG] First batch shape: (1,)
  Pred std: 0.000000, range: 0.000000, mean: 0.299019
  Pos: 100.0%, Neg: 0.0%, Unique: 1
  Dir Acc: 100.00%, Pred Sharpe: 0.0000
  Composite: 1.0000 (dist_match: 1.0000, actual_pos: 100.0%, pred_pos: 100.0%)
  Collapse penalty: 0.000000 (threshold: 0.005000)
  Saved validation predictions to: experiments/wf_monthly_weekly_enc12/fold_202403/collapse_monitoring/val_predictions_epoch7.npy
  Gradient norms:
    lstm_encoder: 0.011199
    lstm_decoder: 0.010045
    output_layer: 0.377723
  VSN output std:
    encoder: 0.255432
  Attention entropy: 2.484794
  Saved to: experiments/wf_monthly_weekly_enc12/fold_202403/collapse_monitoring/collapse_monitor_latest.json
[DEBUG CollapseMonitor] on_validation_epoch_start called for epoch 8
[DEBUG CollapseMonitor] reset_temporal_state() called on loss function
Epoch 8: val_loss=0.6344883441925049
Epoch 8: train_loss=0.9469180703163147

[CollapseMonitor] Epoch 8
  [DEBUG] Processed 1 batches from val_dataloader
  [DEBUG] Predictions shape after concat: (1,)
  [DEBUG] All predictions list length: 1
  [DEBUG] First batch shape: (1,)
  Pred std: 0.000000, range: 0.000000, mean: 0.176400
  Pos: 100.0%, Neg: 0.0%, Unique: 1
  Dir Acc: 100.00%, Pred Sharpe: 0.0000
  Composite: 1.0000 (dist_match: 1.0000, actual_pos: 100.0%, pred_pos: 100.0%)
  Collapse penalty: 0.000000 (threshold: 0.005000)
  Saved validation predictions to: experiments/wf_monthly_weekly_enc12/fold_202403/collapse_monitoring/val_predictions_epoch8.npy
  Gradient norms:
    lstm_encoder: 0.012321
    lstm_decoder: 0.010730
    output_layer: 0.390429
  VSN output std:
    encoder: 0.255592
  Attention entropy: 2.484769
  Saved to: experiments/wf_monthly_weekly_enc12/fold_202403/collapse_monitoring/collapse_monitor_latest.json
[DEBUG CollapseMonitor] on_validation_epoch_start called for epoch 9
[DEBUG CollapseMonitor] reset_temporal_state() called on loss function
Epoch 9: val_loss=0.6111021041870117
Epoch 9: train_loss=0.9456944465637207

[CollapseMonitor] Epoch 9
  [DEBUG] Processed 1 batches from val_dataloader
  [DEBUG] Predictions shape after concat: (1,)
  [DEBUG] All predictions list length: 1
  [DEBUG] First batch shape: (1,)
  Pred std: 0.000000, range: 0.000000, mean: 0.297593
  Pos: 100.0%, Neg: 0.0%, Unique: 1
  Dir Acc: 100.00%, Pred Sharpe: 0.0000
  Composite: 1.0000 (dist_match: 1.0000, actual_pos: 100.0%, pred_pos: 100.0%)
  Collapse penalty: 0.000000 (threshold: 0.005000)
  Saved validation predictions to: experiments/wf_monthly_weekly_enc12/fold_202403/collapse_monitoring/val_predictions_epoch9.npy
  Gradient norms:
    lstm_encoder: 0.013084
    lstm_decoder: 0.010631
    output_layer: 0.374668
  VSN output std:
    encoder: 0.249210
  Attention entropy: 2.484640
  Saved to: experiments/wf_monthly_weekly_enc12/fold_202403/collapse_monitoring/collapse_monitor_latest.json
[DEBUG CollapseMonitor] on_validation_epoch_start called for epoch 10
[DEBUG CollapseMonitor] reset_temporal_state() called on loss function
Epoch 10: val_loss=0.6023530960083008
Epoch 10: train_loss=0.9396819472312927

[CollapseMonitor] Epoch 10
  [DEBUG] Processed 1 batches from val_dataloader
  [DEBUG] Predictions shape after concat: (1,)
  [DEBUG] All predictions list length: 1
  [DEBUG] First batch shape: (1,)
  Pred std: 0.000000, range: 0.000000, mean: 0.329131
  Pos: 100.0%, Neg: 0.0%, Unique: 1
  Dir Acc: 100.00%, Pred Sharpe: 0.0000
  Composite: 1.0000 (dist_match: 1.0000, actual_pos: 100.0%, pred_pos: 100.0%)
  Collapse penalty: 0.000000 (threshold: 0.005000)
  Saved validation predictions to: experiments/wf_monthly_weekly_enc12/fold_202403/collapse_monitoring/val_predictions_epoch10.npy
  Gradient norms:
    lstm_encoder: 0.015195
    lstm_decoder: 0.011323
    output_layer: 0.384371
  VSN output std:
    encoder: 0.252526
  Attention entropy: 2.484577
  Saved to: experiments/wf_monthly_weekly_enc12/fold_202403/collapse_monitoring/collapse_monitor_latest.json
[DEBUG CollapseMonitor] on_validation_epoch_start called for epoch 11
[DEBUG CollapseMonitor] reset_temporal_state() called on loss function
Epoch 11: val_loss=0.6057683229446411
Epoch 11: train_loss=0.9342470765113831

[CollapseMonitor] Epoch 11
  [DEBUG] Processed 1 batches from val_dataloader
  [DEBUG] Predictions shape after concat: (1,)
  [DEBUG] All predictions list length: 1
  [DEBUG] First batch shape: (1,)
  Pred std: 0.000000, range: 0.000000, mean: 0.331339
  Pos: 100.0%, Neg: 0.0%, Unique: 1
  Dir Acc: 100.00%, Pred Sharpe: 0.0000
  Composite: 1.0000 (dist_match: 1.0000, actual_pos: 100.0%, pred_pos: 100.0%)
  Collapse penalty: 0.000000 (threshold: 0.005000)
  Saved validation predictions to: experiments/wf_monthly_weekly_enc12/fold_202403/collapse_monitoring/val_predictions_epoch11.npy
  Gradient norms:
    lstm_encoder: 0.015725
    lstm_decoder: 0.011837
    output_layer: 0.391997
  VSN output std:
    encoder: 0.246473
  Attention entropy: 2.484483
  Saved to: experiments/wf_monthly_weekly_enc12/fold_202403/collapse_monitoring/collapse_monitor_latest.json
[DEBUG CollapseMonitor] on_validation_epoch_start called for epoch 12
[DEBUG CollapseMonitor] reset_temporal_state() called on loss function
Epoch 12: val_loss=0.6127186417579651
Epoch 12: train_loss=0.9365526437759399

[CollapseMonitor] Epoch 12
  [DEBUG] Processed 1 batches from val_dataloader
  [DEBUG] Predictions shape after concat: (1,)
  [DEBUG] All predictions list length: 1
  [DEBUG] First batch shape: (1,)
  Pred std: 0.000000, range: 0.000000, mean: 0.296404
  Pos: 100.0%, Neg: 0.0%, Unique: 1
  Dir Acc: 100.00%, Pred Sharpe: 0.0000
  Composite: 1.0000 (dist_match: 1.0000, actual_pos: 100.0%, pred_pos: 100.0%)
  Collapse penalty: 0.000000 (threshold: 0.005000)
  Saved validation predictions to: experiments/wf_monthly_weekly_enc12/fold_202403/collapse_monitoring/val_predictions_epoch12.npy
  Gradient norms:
    lstm_encoder: 0.016185
    lstm_decoder: 0.011469
    output_layer: 0.361896
  VSN output std:
    encoder: 0.248639
  Attention entropy: 2.484497
  Saved to: experiments/wf_monthly_weekly_enc12/fold_202403/collapse_monitoring/collapse_monitor_latest.json
[DEBUG CollapseMonitor] on_validation_epoch_start called for epoch 13
[DEBUG CollapseMonitor] reset_temporal_state() called on loss function
Epoch 13: val_loss=0.5948776602745056
Epoch 13: train_loss=0.9314113259315491

[CollapseMonitor] Epoch 13
  [DEBUG] Processed 1 batches from val_dataloader
  [DEBUG] Predictions shape after concat: (1,)
  [DEBUG] All predictions list length: 1
  [DEBUG] First batch shape: (1,)
  Pred std: 0.000000, range: 0.000000, mean: 0.336808
  Pos: 100.0%, Neg: 0.0%, Unique: 1
  Dir Acc: 100.00%, Pred Sharpe: 0.0000
  Composite: 1.0000 (dist_match: 1.0000, actual_pos: 100.0%, pred_pos: 100.0%)
  Collapse penalty: 0.000000 (threshold: 0.005000)
  Saved validation predictions to: experiments/wf_monthly_weekly_enc12/fold_202403/collapse_monitoring/val_predictions_epoch13.npy
  Gradient norms:
    lstm_encoder: 0.017779
    lstm_decoder: 0.012683
    output_layer: 0.405132
  VSN output std:
    encoder: 0.250436
  Attention entropy: 2.484502
  Saved to: experiments/wf_monthly_weekly_enc12/fold_202403/collapse_monitoring/collapse_monitor_latest.json
[DEBUG CollapseMonitor] on_validation_epoch_start called for epoch 14
[DEBUG CollapseMonitor] reset_temporal_state() called on loss function
Epoch 14: val_loss=0.6278675198554993
Epoch 14: train_loss=0.9291015267372131

[CollapseMonitor] Epoch 14
  [DEBUG] Processed 1 batches from val_dataloader
  [DEBUG] Predictions shape after concat: (1,)
  [DEBUG] All predictions list length: 1
  [DEBUG] First batch shape: (1,)
  Pred std: 0.000000, range: 0.000000, mean: 0.289092
  Pos: 100.0%, Neg: 0.0%, Unique: 1
  Dir Acc: 100.00%, Pred Sharpe: 0.0000
  Composite: 1.0000 (dist_match: 1.0000, actual_pos: 100.0%, pred_pos: 100.0%)
  Collapse penalty: 0.000000 (threshold: 0.005000)
  Saved validation predictions to: experiments/wf_monthly_weekly_enc12/fold_202403/collapse_monitoring/val_predictions_epoch14.npy
  Gradient norms:
    lstm_encoder: 0.017636
    lstm_decoder: 0.012748
    output_layer: 0.387418
  VSN output std:
    encoder: 0.253555
  Attention entropy: 2.484499
  Saved to: experiments/wf_monthly_weekly_enc12/fold_202403/collapse_monitoring/collapse_monitor_latest.json
[DEBUG CollapseMonitor] on_validation_epoch_start called for epoch 15
[DEBUG CollapseMonitor] reset_temporal_state() called on loss function
Epoch 15: val_loss=0.5981472730636597
Epoch 15: train_loss=0.9293116331100464

[CollapseMonitor] Epoch 15
  [DEBUG] Processed 1 batches from val_dataloader
  [DEBUG] Predictions shape after concat: (1,)
  [DEBUG] All predictions list length: 1
  [DEBUG] First batch shape: (1,)
  Pred std: 0.000000, range: 0.000000, mean: 0.341647
  Pos: 100.0%, Neg: 0.0%, Unique: 1
  Dir Acc: 100.00%, Pred Sharpe: 0.0000
  Composite: 1.0000 (dist_match: 1.0000, actual_pos: 100.0%, pred_pos: 100.0%)
  Collapse penalty: 0.000000 (threshold: 0.005000)
  Saved validation predictions to: experiments/wf_monthly_weekly_enc12/fold_202403/collapse_monitoring/val_predictions_epoch15.npy
  Gradient norms:
    lstm_encoder: 0.018988
    lstm_decoder: 0.013294
    output_layer: 0.398805
  VSN output std:
    encoder: 0.251437
  Attention entropy: 2.484440
  Saved to: experiments/wf_monthly_weekly_enc12/fold_202403/collapse_monitoring/collapse_monitor_latest.json


======================================================================
Training complete
======================================================================

Best val_loss checkpoint: experiments/wf_monthly_weekly_enc12/fold_202403/checkpoints/tft-epoch=epoch=05-valloss=val_loss=0.5598.ckpt
Best validation loss: 0.559848
Checkpoints saved:
  - Best val_loss: experiments/wf_monthly_weekly_enc12/fold_202403/checkpoints/tft-epoch=epoch=05-valloss=val_loss=0.5598.ckpt
  - Best pred_std: experiments/wf_monthly_weekly_enc12/fold_202403/checkpoints/tft-epoch=epoch=00-predstd=val_pred_std=0.0000.ckpt
  - Best unique: experiments/wf_monthly_weekly_enc12/fold_202403/checkpoints/tft-epoch=epoch=00-unique=val_num_unique=1.ckpt
  - Best dir_acc: experiments/wf_monthly_weekly_enc12/fold_202403/checkpoints/tft-epoch=epoch=00-diracc=val_dir_acc=1.0000.ckpt
  - Best sharpe: experiments/wf_monthly_weekly_enc12/fold_202403/checkpoints/tft-epoch=epoch=00-sharpe=val_sharpe=0.0000.ckpt
  - Best composite: experiments/wf_monthly_weekly_enc12/fold_202403/checkpoints/tft-epoch=epoch=00-composite=val_composite=1.0000.ckpt
Completed at: 2025-12-03 05:16:21
Log saved to: experiments/wf_monthly_weekly_enc12/fold_202403/training_20251203_051311.log
======================================================================
