======================================================================
Training TFT: 01_staleness_features_fixed/sweep_stale_h22_drop0.20_lr5
======================================================================
Logging to: experiments/01_staleness_features_fixed/sweep_stale_h22_drop0.20_lr5/training_20251030_022441.log
Started at: 2025-10-30 02:24:41
======================================================================
Configuration saved to: experiments/01_staleness_features_fixed/sweep_stale_h22_drop0.20_lr5/config.json

Loading data splits...
Train: 6066 samples
Val: 1300 samples
Test: 1300 samples

Preparing TimeSeriesDataSet...

Adding staleness features to data...

======================================================================
Adding Staleness Features
======================================================================
Mode: Fixed lag

Processing: Inflation_YoY (detecting from CPI)
  Updates detected: 280
  Avg days stale: 10.9
  Max days stale: 60

======================================================================
Total staleness features added: 2
======================================================================


======================================================================
Adding Staleness Features
======================================================================
Mode: Fixed lag

Processing: Inflation_YoY (detecting from CPI)
  Updates detected: 62
  Avg days stale: 10.3
  Max days stale: 42

======================================================================
Total staleness features added: 2
======================================================================


Dropping source columns (used for staleness only): ['CPI']

Final features for TFT: ['SP500_Returns', 'VIX', 'Treasury_10Y', 'Yield_Spread', 'Inflation_YoY', 'days_since_CPI_update', 'CPI_is_fresh']

======================================================================
FEATURE STATISTICS - BEFORE NORMALIZATION
======================================================================
VIX                             mean= 19.7193  std=  8.0201  min=  9.3100  max= 80.8600
Treasury_10Y                    mean=  4.7588  std=  1.6860  min=  1.4300  max=  8.3600
Yield_Spread                    mean=  1.2786  std=  0.9184  min= -0.5200  max=  2.9100
Inflation_YoY                   mean=  2.5055  std=  1.1650  min= -1.9588  max=  5.7255
days_since_CPI_update           mean= 10.8539  std=  7.6096  min=  0.0000  max= 60.0000
CPI_is_fresh                    mean=  0.0462  std=  0.2098  min=  0.0000  max=  1.0000

======================================================================
NORMALIZING STALENESS FEATURES (log transform)
======================================================================
Max staleness observed: train=60, val=42
Using normalization max: 65 days


STALENESS FEATURES - AFTER MANUAL NORMALIZATION
days_since_CPI_update           mean=  0.5270  std=  0.1974  min=  0.0000  max=  0.9812

======================================================================
FEATURES AFTER GROUPNORMALIZER (first batch, last timestep)
======================================================================
VIX                             normalized_value=  1.0000
Treasury_10Y                    normalized_value= -0.0500
Yield_Spread                    normalized_value= -0.4214
Inflation_YoY                   normalized_value= -0.9721
days_since_CPI_update           normalized_value=  1.5369
CPI_is_fresh                    normalized_value=  0.8557
======================================================================

Batches per epoch: 94
[DEBUG] Validation batches: 20
[DEBUG] Validation dataset size: 1280
[DEBUG] Batch size: 64

Initializing model...
Model parameters: 39,846

Starting training...
Checkpoints will be saved to: experiments/01_staleness_features_fixed/sweep_stale_h22_drop0.20_lr5/checkpoints/
Logs will be saved to: experiments/01_staleness_features_fixed/sweep_stale_h22_drop0.20_lr5/logs/

Epoch 0: val_loss=N/A
Epoch 0: val_loss=0.7626520395278931
Epoch 0: train_loss=0.9716862440109253

[CollapseMonitor] Epoch 0
  [DEBUG] Processed 20 batches from val_dataloader
  [DEBUG] Predictions shape after concat: (1280,)
  [DEBUG] All predictions list length: 20
  [DEBUG] First batch shape: (64,)
  Pred std: 0.029647, range: 0.142550, mean: 0.136060
  Pos: 100.0%, Neg: 0.0%, Unique: 1277
  Saved validation predictions to: experiments/01_staleness_features_fixed/sweep_stale_h22_drop0.20_lr5/collapse_monitoring/val_predictions_epoch0.npy
  Gradient norms:
    lstm_encoder: 0.026837
    lstm_decoder: 0.028997
    multihead_attn: 0.015991
    output_layer: 1.044678
  VSN output std:
    encoder: 0.130910
  Attention entropy: 2.987964
  Saved to: experiments/01_staleness_features_fixed/sweep_stale_h22_drop0.20_lr5/collapse_monitoring/collapse_monitor_epoch0.json
Epoch 1: val_loss=0.5435603260993958
Epoch 1: train_loss=0.7259138226509094

[CollapseMonitor] Epoch 1
  [DEBUG] Processed 20 batches from val_dataloader
  [DEBUG] Predictions shape after concat: (1280,)
  [DEBUG] All predictions list length: 20
  [DEBUG] First batch shape: (64,)
  Pred std: 0.023049, range: 0.109416, mean: 0.027594
  Pos: 89.1%, Neg: 10.9%, Unique: 1273
  Saved validation predictions to: experiments/01_staleness_features_fixed/sweep_stale_h22_drop0.20_lr5/collapse_monitoring/val_predictions_epoch1.npy
  Gradient norms:
    lstm_encoder: 0.016899
    lstm_decoder: 0.018104
    multihead_attn: 0.011177
    output_layer: 0.738442
  VSN output std:
    encoder: 0.129974
  Attention entropy: 2.986548
  Saved to: experiments/01_staleness_features_fixed/sweep_stale_h22_drop0.20_lr5/collapse_monitoring/collapse_monitor_epoch1.json
Epoch 2: val_loss=0.4708642363548279
Epoch 2: train_loss=0.5480714440345764

[CollapseMonitor] Epoch 2
  [DEBUG] Processed 20 batches from val_dataloader
  [DEBUG] Predictions shape after concat: (1280,)
  [DEBUG] All predictions list length: 20
  [DEBUG] First batch shape: (64,)
  Pred std: 0.019040, range: 0.080812, mean: 0.045015
  Pos: 100.0%, Neg: 0.0%, Unique: 1260
  Saved validation predictions to: experiments/01_staleness_features_fixed/sweep_stale_h22_drop0.20_lr5/collapse_monitoring/val_predictions_epoch2.npy
  Gradient norms:
    lstm_encoder: 0.007515
    lstm_decoder: 0.007947
    multihead_attn: 0.007095
    output_layer: 0.373564
  VSN output std:
    encoder: 0.135448
  Attention entropy: 2.983496
  Saved to: experiments/01_staleness_features_fixed/sweep_stale_h22_drop0.20_lr5/collapse_monitoring/collapse_monitor_epoch2.json
Epoch 3: val_loss=0.45287618041038513
Epoch 3: train_loss=0.48109641671180725

[CollapseMonitor] Epoch 3
  [DEBUG] Processed 20 batches from val_dataloader
  [DEBUG] Predictions shape after concat: (1280,)
  [DEBUG] All predictions list length: 20
  [DEBUG] First batch shape: (64,)
  Pred std: 0.025141, range: 0.105655, mean: 0.024541
  Pos: 84.4%, Neg: 15.6%, Unique: 1271
  Saved validation predictions to: experiments/01_staleness_features_fixed/sweep_stale_h22_drop0.20_lr5/collapse_monitoring/val_predictions_epoch3.npy
  Gradient norms:
    lstm_encoder: 0.004215
    lstm_decoder: 0.004021
    multihead_attn: 0.004818
    output_layer: 0.170047
  VSN output std:
    encoder: 0.144156
  Attention entropy: 2.982523
  Saved to: experiments/01_staleness_features_fixed/sweep_stale_h22_drop0.20_lr5/collapse_monitoring/collapse_monitor_epoch3.json
Epoch 4: val_loss=0.44621938467025757
Epoch 4: train_loss=0.46112027764320374

[CollapseMonitor] Epoch 4
  [DEBUG] Processed 20 batches from val_dataloader
  [DEBUG] Predictions shape after concat: (1280,)
  [DEBUG] All predictions list length: 20
  [DEBUG] First batch shape: (64,)
  Pred std: 0.030781, range: 0.126983, mean: 0.014693
  Pos: 77.7%, Neg: 22.3%, Unique: 1274
  Saved validation predictions to: experiments/01_staleness_features_fixed/sweep_stale_h22_drop0.20_lr5/collapse_monitoring/val_predictions_epoch4.npy
  Gradient norms:
    lstm_encoder: 0.003820
    lstm_decoder: 0.003466
    multihead_attn: 0.004399
    output_layer: 0.125722
  VSN output std:
    encoder: 0.144485
  Attention entropy: 2.982822
  Saved to: experiments/01_staleness_features_fixed/sweep_stale_h22_drop0.20_lr5/collapse_monitoring/collapse_monitor_epoch4.json
Epoch 5: val_loss=0.4405829906463623
Epoch 5: train_loss=0.4525020718574524

[CollapseMonitor] Epoch 5
  [DEBUG] Processed 20 batches from val_dataloader
  [DEBUG] Predictions shape after concat: (1280,)
  [DEBUG] All predictions list length: 20
  [DEBUG] First batch shape: (64,)
  Pred std: 0.028823, range: 0.113074, mean: 0.029206
  Pos: 83.0%, Neg: 17.0%, Unique: 1263
  Saved validation predictions to: experiments/01_staleness_features_fixed/sweep_stale_h22_drop0.20_lr5/collapse_monitoring/val_predictions_epoch5.npy
  Gradient norms:
    lstm_encoder: 0.003832
    lstm_decoder: 0.003294
    multihead_attn: 0.004335
    output_layer: 0.120519
  VSN output std:
    encoder: 0.143954
  Attention entropy: 2.981235
  Saved to: experiments/01_staleness_features_fixed/sweep_stale_h22_drop0.20_lr5/collapse_monitoring/collapse_monitor_epoch5.json
Epoch 6: val_loss=0.43501535058021545
Epoch 6: train_loss=0.44667601585388184

[CollapseMonitor] Epoch 6
  [DEBUG] Processed 20 batches from val_dataloader
  [DEBUG] Predictions shape after concat: (1280,)
  [DEBUG] All predictions list length: 20
  [DEBUG] First batch shape: (64,)
  Pred std: 0.014589, range: 0.063363, mean: 0.002984
  Pos: 50.1%, Neg: 49.9%, Unique: 1258
  Saved validation predictions to: experiments/01_staleness_features_fixed/sweep_stale_h22_drop0.20_lr5/collapse_monitoring/val_predictions_epoch6.npy
  Gradient norms:
    lstm_encoder: 0.004288
    lstm_decoder: 0.003221
    multihead_attn: 0.004284
    output_layer: 0.107377
  VSN output std:
    encoder: 0.143776
  Attention entropy: 2.974949
  Saved to: experiments/01_staleness_features_fixed/sweep_stale_h22_drop0.20_lr5/collapse_monitoring/collapse_monitor_epoch6.json
Epoch 7: val_loss=0.4305579662322998
Epoch 7: train_loss=0.4431634545326233

[CollapseMonitor] Epoch 7
  [DEBUG] Processed 20 batches from val_dataloader
  [DEBUG] Predictions shape after concat: (1280,)
  [DEBUG] All predictions list length: 20
  [DEBUG] First batch shape: (64,)
  Pred std: 0.006130, range: 0.036160, mean: 0.046688
  Pos: 100.0%, Neg: 0.0%, Unique: 1251
  Saved validation predictions to: experiments/01_staleness_features_fixed/sweep_stale_h22_drop0.20_lr5/collapse_monitoring/val_predictions_epoch7.npy
  Gradient norms:
    lstm_encoder: 0.004378
    lstm_decoder: 0.003184
    multihead_attn: 0.004629
    output_layer: 0.106488
  VSN output std:
    encoder: 0.144341
  Attention entropy: 2.967270
  Saved to: experiments/01_staleness_features_fixed/sweep_stale_h22_drop0.20_lr5/collapse_monitoring/collapse_monitor_epoch7.json
Epoch 8: val_loss=0.4289644658565521
Epoch 8: train_loss=0.44027823209762573

[CollapseMonitor] Epoch 8
  [DEBUG] Processed 20 batches from val_dataloader
  [DEBUG] Predictions shape after concat: (1280,)
  [DEBUG] All predictions list length: 20
  [DEBUG] First batch shape: (64,)
  Pred std: 0.007788, range: 0.040286, mean: 0.024356
  Pos: 100.0%, Neg: 0.0%, Unique: 1213
  Saved validation predictions to: experiments/01_staleness_features_fixed/sweep_stale_h22_drop0.20_lr5/collapse_monitoring/val_predictions_epoch8.npy
  Gradient norms:
    lstm_encoder: 0.004984
    lstm_decoder: 0.003582
    multihead_attn: 0.004822
    output_layer: 0.116528
  VSN output std:
    encoder: 0.144343
  Attention entropy: 2.969738
  Saved to: experiments/01_staleness_features_fixed/sweep_stale_h22_drop0.20_lr5/collapse_monitoring/collapse_monitor_epoch8.json
Epoch 9: val_loss=0.4265076220035553
Epoch 9: train_loss=0.43896228075027466

[CollapseMonitor] Epoch 9
  [DEBUG] Processed 20 batches from val_dataloader
  [DEBUG] Predictions shape after concat: (1280,)
  [DEBUG] All predictions list length: 20
  [DEBUG] First batch shape: (64,)
  Pred std: 0.006976, range: 0.029854, mean: 0.085458
  Pos: 100.0%, Neg: 0.0%, Unique: 1245
  Saved validation predictions to: experiments/01_staleness_features_fixed/sweep_stale_h22_drop0.20_lr5/collapse_monitoring/val_predictions_epoch9.npy
  Gradient norms:
    lstm_encoder: 0.005472
    lstm_decoder: 0.003542
    multihead_attn: 0.004900
    output_layer: 0.110978
  VSN output std:
    encoder: 0.144115
  Attention entropy: 2.966134
  Saved to: experiments/01_staleness_features_fixed/sweep_stale_h22_drop0.20_lr5/collapse_monitoring/collapse_monitor_epoch9.json
Epoch 10: val_loss=0.42385730147361755
Epoch 10: train_loss=0.434939444065094

[CollapseMonitor] Epoch 10
  [DEBUG] Processed 20 batches from val_dataloader
  [DEBUG] Predictions shape after concat: (1280,)
  [DEBUG] All predictions list length: 20
  [DEBUG] First batch shape: (64,)
  Pred std: 0.008506, range: 0.034831, mean: 0.075579
  Pos: 100.0%, Neg: 0.0%, Unique: 1247
  Saved validation predictions to: experiments/01_staleness_features_fixed/sweep_stale_h22_drop0.20_lr5/collapse_monitoring/val_predictions_epoch10.npy
  Gradient norms:
    lstm_encoder: 0.005859
    lstm_decoder: 0.003858
    multihead_attn: 0.004898
    output_layer: 0.112955
  VSN output std:
    encoder: 0.144306
  Attention entropy: 2.963555
  Saved to: experiments/01_staleness_features_fixed/sweep_stale_h22_drop0.20_lr5/collapse_monitoring/collapse_monitor_epoch10.json
Epoch 11: val_loss=0.423186719417572
Epoch 11: train_loss=0.43334564566612244

[CollapseMonitor] Epoch 11
  [DEBUG] Processed 20 batches from val_dataloader
  [DEBUG] Predictions shape after concat: (1280,)
  [DEBUG] All predictions list length: 20
  [DEBUG] First batch shape: (64,)
  Pred std: 0.011882, range: 0.054046, mean: 0.064172
  Pos: 100.0%, Neg: 0.0%, Unique: 1241
  Saved validation predictions to: experiments/01_staleness_features_fixed/sweep_stale_h22_drop0.20_lr5/collapse_monitoring/val_predictions_epoch11.npy
  Gradient norms:
    lstm_encoder: 0.005704
    lstm_decoder: 0.003758
    multihead_attn: 0.004906
    output_layer: 0.108041
  VSN output std:
    encoder: 0.142612
  Attention entropy: 2.963523
  Saved to: experiments/01_staleness_features_fixed/sweep_stale_h22_drop0.20_lr5/collapse_monitoring/collapse_monitor_epoch11.json
Epoch 12: val_loss=0.4214530885219574
Epoch 12: train_loss=0.4339450001716614

[CollapseMonitor] Epoch 12
  [DEBUG] Processed 20 batches from val_dataloader
  [DEBUG] Predictions shape after concat: (1280,)
  [DEBUG] All predictions list length: 20
  [DEBUG] First batch shape: (64,)
  Pred std: 0.007024, range: 0.036752, mean: 0.045202
  Pos: 100.0%, Neg: 0.0%, Unique: 1242
  Saved validation predictions to: experiments/01_staleness_features_fixed/sweep_stale_h22_drop0.20_lr5/collapse_monitoring/val_predictions_epoch12.npy
  Gradient norms:
    lstm_encoder: 0.005873
    lstm_decoder: 0.003829
    multihead_attn: 0.004519
    output_layer: 0.107229
  VSN output std:
    encoder: 0.143307
  Attention entropy: 2.945072
  Saved to: experiments/01_staleness_features_fixed/sweep_stale_h22_drop0.20_lr5/collapse_monitoring/collapse_monitor_epoch12.json
Epoch 13: val_loss=0.4208756387233734
Epoch 13: train_loss=0.431894987821579

[CollapseMonitor] Epoch 13
  [DEBUG] Processed 20 batches from val_dataloader
  [DEBUG] Predictions shape after concat: (1280,)
  [DEBUG] All predictions list length: 20
  [DEBUG] First batch shape: (64,)
  Pred std: 0.012353, range: 0.057067, mean: 0.057885
  Pos: 100.0%, Neg: 0.0%, Unique: 1253
  Saved validation predictions to: experiments/01_staleness_features_fixed/sweep_stale_h22_drop0.20_lr5/collapse_monitoring/val_predictions_epoch13.npy
  Gradient norms:
    lstm_encoder: 0.007120
    lstm_decoder: 0.004400
    multihead_attn: 0.004673
    output_layer: 0.112629
  VSN output std:
    encoder: 0.140151
  Attention entropy: 2.936580
  Saved to: experiments/01_staleness_features_fixed/sweep_stale_h22_drop0.20_lr5/collapse_monitoring/collapse_monitor_epoch13.json
Epoch 14: val_loss=0.4196260869503021
Epoch 14: train_loss=0.4320976436138153

[CollapseMonitor] Epoch 14
  [DEBUG] Processed 20 batches from val_dataloader
  [DEBUG] Predictions shape after concat: (1280,)
  [DEBUG] All predictions list length: 20
  [DEBUG] First batch shape: (64,)
  Pred std: 0.010982, range: 0.059733, mean: 0.059469
  Pos: 100.0%, Neg: 0.0%, Unique: 1243
  Saved validation predictions to: experiments/01_staleness_features_fixed/sweep_stale_h22_drop0.20_lr5/collapse_monitoring/val_predictions_epoch14.npy
  Gradient norms:
    lstm_encoder: 0.007566
    lstm_decoder: 0.004247
    multihead_attn: 0.004850
    output_layer: 0.109216
  VSN output std:
    encoder: 0.143297
  Attention entropy: 2.909971
  Saved to: experiments/01_staleness_features_fixed/sweep_stale_h22_drop0.20_lr5/collapse_monitoring/collapse_monitor_epoch14.json
Epoch 15: val_loss=0.41756945848464966
Epoch 15: train_loss=0.431531697511673

[CollapseMonitor] Epoch 15
  [DEBUG] Processed 20 batches from val_dataloader
  [DEBUG] Predictions shape after concat: (1280,)
  [DEBUG] All predictions list length: 20
  [DEBUG] First batch shape: (64,)
  Pred std: 0.007936, range: 0.045919, mean: 0.055191
  Pos: 100.0%, Neg: 0.0%, Unique: 1252
  Saved validation predictions to: experiments/01_staleness_features_fixed/sweep_stale_h22_drop0.20_lr5/collapse_monitoring/val_predictions_epoch15.npy
  Gradient norms:
    lstm_encoder: 0.007634
    lstm_decoder: 0.004239
    multihead_attn: 0.004735
    output_layer: 0.103947
  VSN output std:
    encoder: 0.140494
  Attention entropy: 2.876385
  Saved to: experiments/01_staleness_features_fixed/sweep_stale_h22_drop0.20_lr5/collapse_monitoring/collapse_monitor_epoch15.json
Epoch 16: val_loss=0.4167293608188629
Epoch 16: train_loss=0.4302547872066498

[CollapseMonitor] Epoch 16
  [DEBUG] Processed 20 batches from val_dataloader
  [DEBUG] Predictions shape after concat: (1280,)
  [DEBUG] All predictions list length: 20
  [DEBUG] First batch shape: (64,)
  Pred std: 0.010975, range: 0.052556, mean: 0.063747
  Pos: 100.0%, Neg: 0.0%, Unique: 1241
  Saved validation predictions to: experiments/01_staleness_features_fixed/sweep_stale_h22_drop0.20_lr5/collapse_monitoring/val_predictions_epoch16.npy
  Gradient norms:
    lstm_encoder: 0.009425
    lstm_decoder: 0.004736
    multihead_attn: 0.005005
    output_layer: 0.108064
  VSN output std:
    encoder: 0.145064
  Attention entropy: 2.832600
  Saved to: experiments/01_staleness_features_fixed/sweep_stale_h22_drop0.20_lr5/collapse_monitoring/collapse_monitor_epoch16.json
Epoch 17: val_loss=0.415780633687973
Epoch 17: train_loss=0.4284442663192749

[CollapseMonitor] Epoch 17
  [DEBUG] Processed 20 batches from val_dataloader
  [DEBUG] Predictions shape after concat: (1280,)
  [DEBUG] All predictions list length: 20
  [DEBUG] First batch shape: (64,)
  Pred std: 0.014272, range: 0.058964, mean: 0.045751
  Pos: 100.0%, Neg: 0.0%, Unique: 1254
  Saved validation predictions to: experiments/01_staleness_features_fixed/sweep_stale_h22_drop0.20_lr5/collapse_monitoring/val_predictions_epoch17.npy
  Gradient norms:
    lstm_encoder: 0.010599
    lstm_decoder: 0.004875
    multihead_attn: 0.004914
    output_layer: 0.101597
  VSN output std:
    encoder: 0.148722
  Attention entropy: 2.779223
  Saved to: experiments/01_staleness_features_fixed/sweep_stale_h22_drop0.20_lr5/collapse_monitoring/collapse_monitor_epoch17.json
Epoch 18: val_loss=0.4134775698184967
Epoch 18: train_loss=0.42833495140075684

[CollapseMonitor] Epoch 18
  [DEBUG] Processed 20 batches from val_dataloader
  [DEBUG] Predictions shape after concat: (1280,)
  [DEBUG] All predictions list length: 20
  [DEBUG] First batch shape: (64,)
  Pred std: 0.013312, range: 0.077728, mean: 0.066325
  Pos: 100.0%, Neg: 0.0%, Unique: 1263
  Saved validation predictions to: experiments/01_staleness_features_fixed/sweep_stale_h22_drop0.20_lr5/collapse_monitoring/val_predictions_epoch18.npy
  Gradient norms:
    lstm_encoder: 0.012787
    lstm_decoder: 0.005160
    multihead_attn: 0.004729
    output_layer: 0.108238
  VSN output std:
    encoder: 0.151131
  Attention entropy: 2.703763
  Saved to: experiments/01_staleness_features_fixed/sweep_stale_h22_drop0.20_lr5/collapse_monitoring/collapse_monitor_epoch18.json
Epoch 19: val_loss=0.4134908616542816
Epoch 19: train_loss=0.42823296785354614

[CollapseMonitor] Epoch 19
  [DEBUG] Processed 20 batches from val_dataloader
  [DEBUG] Predictions shape after concat: (1280,)
  [DEBUG] All predictions list length: 20
  [DEBUG] First batch shape: (64,)
  Pred std: 0.012951, range: 0.056573, mean: 0.027623
  Pos: 100.0%, Neg: 0.0%, Unique: 1250
  Saved validation predictions to: experiments/01_staleness_features_fixed/sweep_stale_h22_drop0.20_lr5/collapse_monitoring/val_predictions_epoch19.npy
  Gradient norms:
    lstm_encoder: 0.014874
    lstm_decoder: 0.005405
    multihead_attn: 0.004719
    output_layer: 0.115904
  VSN output std:
    encoder: 0.146842
  Attention entropy: 2.676044
  Saved to: experiments/01_staleness_features_fixed/sweep_stale_h22_drop0.20_lr5/collapse_monitoring/collapse_monitor_epoch19.json
Epoch 20: val_loss=0.4105662405490875
Epoch 20: train_loss=0.4265556335449219

[CollapseMonitor] Epoch 20
  [DEBUG] Processed 20 batches from val_dataloader
  [DEBUG] Predictions shape after concat: (1280,)
  [DEBUG] All predictions list length: 20
  [DEBUG] First batch shape: (64,)
  Pred std: 0.014672, range: 0.063114, mean: 0.050110
  Pos: 100.0%, Neg: 0.0%, Unique: 1257
  Saved validation predictions to: experiments/01_staleness_features_fixed/sweep_stale_h22_drop0.20_lr5/collapse_monitoring/val_predictions_epoch20.npy
  Gradient norms:
    lstm_encoder: 0.018520
    lstm_decoder: 0.005455
    multihead_attn: 0.005179
    output_layer: 0.108631
  VSN output std:
    encoder: 0.145365
  Attention entropy: 2.629105
  Saved to: experiments/01_staleness_features_fixed/sweep_stale_h22_drop0.20_lr5/collapse_monitoring/collapse_monitor_epoch20.json
Epoch 21: val_loss=0.41052308678627014
Epoch 21: train_loss=0.4259073734283447

[CollapseMonitor] Epoch 21
  [DEBUG] Processed 20 batches from val_dataloader
  [DEBUG] Predictions shape after concat: (1280,)
  [DEBUG] All predictions list length: 20
  [DEBUG] First batch shape: (64,)
  Pred std: 0.012133, range: 0.057735, mean: 0.068398
  Pos: 100.0%, Neg: 0.0%, Unique: 1263
  Saved validation predictions to: experiments/01_staleness_features_fixed/sweep_stale_h22_drop0.20_lr5/collapse_monitoring/val_predictions_epoch21.npy
  Gradient norms:
    lstm_encoder: 0.020511
    lstm_decoder: 0.005715
    multihead_attn: 0.004869
    output_layer: 0.104062
  VSN output std:
    encoder: 0.142853
  Attention entropy: 2.601266
  Saved to: experiments/01_staleness_features_fixed/sweep_stale_h22_drop0.20_lr5/collapse_monitoring/collapse_monitor_epoch21.json
Epoch 22: val_loss=0.40785473585128784
Epoch 22: train_loss=0.42570698261260986

[CollapseMonitor] Epoch 22
  [DEBUG] Processed 20 batches from val_dataloader
  [DEBUG] Predictions shape after concat: (1280,)
  [DEBUG] All predictions list length: 20
  [DEBUG] First batch shape: (64,)
  Pred std: 0.018409, range: 0.094862, mean: 0.108095
  Pos: 100.0%, Neg: 0.0%, Unique: 1258
  Saved validation predictions to: experiments/01_staleness_features_fixed/sweep_stale_h22_drop0.20_lr5/collapse_monitoring/val_predictions_epoch22.npy
  Gradient norms:
    lstm_encoder: 0.023157
    lstm_decoder: 0.006095
    multihead_attn: 0.004940
    output_layer: 0.109224
  VSN output std:
    encoder: 0.147960
  Attention entropy: 2.556915
  Saved to: experiments/01_staleness_features_fixed/sweep_stale_h22_drop0.20_lr5/collapse_monitoring/collapse_monitor_epoch22.json
Epoch 23: val_loss=0.40844225883483887
Epoch 23: train_loss=0.4254913628101349

[CollapseMonitor] Epoch 23
  [DEBUG] Processed 20 batches from val_dataloader
  [DEBUG] Predictions shape after concat: (1280,)
  [DEBUG] All predictions list length: 20
  [DEBUG] First batch shape: (64,)
  Pred std: 0.018863, range: 0.109212, mean: 0.078555
  Pos: 100.0%, Neg: 0.0%, Unique: 1264
  Saved validation predictions to: experiments/01_staleness_features_fixed/sweep_stale_h22_drop0.20_lr5/collapse_monitoring/val_predictions_epoch23.npy
  Gradient norms:
    lstm_encoder: 0.032328
    lstm_decoder: 0.006406
    multihead_attn: 0.005177
    output_layer: 0.105475
  VSN output std:
    encoder: 0.145645
  Attention entropy: 2.523832
  Saved to: experiments/01_staleness_features_fixed/sweep_stale_h22_drop0.20_lr5/collapse_monitoring/collapse_monitor_epoch23.json
Epoch 24: val_loss=0.40936654806137085
Epoch 24: train_loss=0.42494940757751465

[CollapseMonitor] Epoch 24
  [DEBUG] Processed 20 batches from val_dataloader
  [DEBUG] Predictions shape after concat: (1280,)
  [DEBUG] All predictions list length: 20
  [DEBUG] First batch shape: (64,)
  Pred std: 0.020272, range: 0.126527, mean: 0.030369
  Pos: 100.0%, Neg: 0.0%, Unique: 1255
  Saved validation predictions to: experiments/01_staleness_features_fixed/sweep_stale_h22_drop0.20_lr5/collapse_monitoring/val_predictions_epoch24.npy
  Gradient norms:
    lstm_encoder: 0.030973
    lstm_decoder: 0.006720
    multihead_attn: 0.005248
    output_layer: 0.101662
  VSN output std:
    encoder: 0.145303
  Attention entropy: 2.535454
  Saved to: experiments/01_staleness_features_fixed/sweep_stale_h22_drop0.20_lr5/collapse_monitoring/collapse_monitor_epoch24.json
Epoch 25: val_loss=0.4066428244113922
Epoch 25: train_loss=0.42529600858688354

[CollapseMonitor] Epoch 25
  [DEBUG] Processed 20 batches from val_dataloader
  [DEBUG] Predictions shape after concat: (1280,)
  [DEBUG] All predictions list length: 20
  [DEBUG] First batch shape: (64,)
  Pred std: 0.013987, range: 0.104636, mean: 0.058290
  Pos: 100.0%, Neg: 0.0%, Unique: 1241
  Saved validation predictions to: experiments/01_staleness_features_fixed/sweep_stale_h22_drop0.20_lr5/collapse_monitoring/val_predictions_epoch25.npy
  Gradient norms:
    lstm_encoder: 0.034920
    lstm_decoder: 0.007744
    multihead_attn: 0.005276
    output_layer: 0.113617
  VSN output std:
    encoder: 0.143108
  Attention entropy: 2.506219
  Saved to: experiments/01_staleness_features_fixed/sweep_stale_h22_drop0.20_lr5/collapse_monitoring/collapse_monitor_epoch25.json
Epoch 26: val_loss=0.40630969405174255
Epoch 26: train_loss=0.42469289898872375

[CollapseMonitor] Epoch 26
  [DEBUG] Processed 20 batches from val_dataloader
  [DEBUG] Predictions shape after concat: (1280,)
  [DEBUG] All predictions list length: 20
  [DEBUG] First batch shape: (64,)
  Pred std: 0.029649, range: 0.178436, mean: 0.055144
  Pos: 100.0%, Neg: 0.0%, Unique: 1260
  Saved validation predictions to: experiments/01_staleness_features_fixed/sweep_stale_h22_drop0.20_lr5/collapse_monitoring/val_predictions_epoch26.npy
  Gradient norms:
    lstm_encoder: 0.035757
    lstm_decoder: 0.008092
    multihead_attn: 0.005141
    output_layer: 0.110056
  VSN output std:
    encoder: 0.144130
  Attention entropy: 2.466225
  Saved to: experiments/01_staleness_features_fixed/sweep_stale_h22_drop0.20_lr5/collapse_monitoring/collapse_monitor_epoch26.json
Epoch 27: val_loss=0.4049585461616516
Epoch 27: train_loss=0.42356815934181213

[CollapseMonitor] Epoch 27
  [DEBUG] Processed 20 batches from val_dataloader
  [DEBUG] Predictions shape after concat: (1280,)
  [DEBUG] All predictions list length: 20
  [DEBUG] First batch shape: (64,)
  Pred std: 0.030711, range: 0.172495, mean: 0.063306
  Pos: 100.0%, Neg: 0.0%, Unique: 1261
  Saved validation predictions to: experiments/01_staleness_features_fixed/sweep_stale_h22_drop0.20_lr5/collapse_monitoring/val_predictions_epoch27.npy
  Gradient norms:
    lstm_encoder: 0.033861
    lstm_decoder: 0.007753
    multihead_attn: 0.004898
    output_layer: 0.114584
  VSN output std:
    encoder: 0.143469
  Attention entropy: 2.463808
  Saved to: experiments/01_staleness_features_fixed/sweep_stale_h22_drop0.20_lr5/collapse_monitoring/collapse_monitor_epoch27.json
Epoch 28: val_loss=0.4045768678188324
Epoch 28: train_loss=0.42417001724243164

[CollapseMonitor] Epoch 28
  [DEBUG] Processed 20 batches from val_dataloader
  [DEBUG] Predictions shape after concat: (1280,)
  [DEBUG] All predictions list length: 20
  [DEBUG] First batch shape: (64,)
  Pred std: 0.016214, range: 0.112879, mean: 0.055823
  Pos: 100.0%, Neg: 0.0%, Unique: 1237
  Saved validation predictions to: experiments/01_staleness_features_fixed/sweep_stale_h22_drop0.20_lr5/collapse_monitoring/val_predictions_epoch28.npy
  Gradient norms:
    lstm_encoder: 0.037746
    lstm_decoder: 0.007946
    multihead_attn: 0.004851
    output_layer: 0.108274
  VSN output std:
    encoder: 0.141360
  Attention entropy: 2.500671
  Saved to: experiments/01_staleness_features_fixed/sweep_stale_h22_drop0.20_lr5/collapse_monitoring/collapse_monitor_epoch28.json
Epoch 29: val_loss=0.4048845171928406
Epoch 29: train_loss=0.4239397943019867

[CollapseMonitor] Epoch 29
  [DEBUG] Processed 20 batches from val_dataloader
  [DEBUG] Predictions shape after concat: (1280,)
  [DEBUG] All predictions list length: 20
  [DEBUG] First batch shape: (64,)
  Pred std: 0.021601, range: 0.143319, mean: 0.046098
  Pos: 100.0%, Neg: 0.0%, Unique: 1253
  Saved validation predictions to: experiments/01_staleness_features_fixed/sweep_stale_h22_drop0.20_lr5/collapse_monitoring/val_predictions_epoch29.npy
  Gradient norms:
    lstm_encoder: 0.034752
    lstm_decoder: 0.008689
    multihead_attn: 0.004655
    output_layer: 0.114982
  VSN output std:
    encoder: 0.142577
  Attention entropy: 2.530278
  Saved to: experiments/01_staleness_features_fixed/sweep_stale_h22_drop0.20_lr5/collapse_monitoring/collapse_monitor_epoch29.json
Epoch 30: val_loss=0.4030555784702301
Epoch 30: train_loss=0.42343196272850037

[CollapseMonitor] Epoch 30
  [DEBUG] Processed 20 batches from val_dataloader
  [DEBUG] Predictions shape after concat: (1280,)
  [DEBUG] All predictions list length: 20
  [DEBUG] First batch shape: (64,)
  Pred std: 0.028781, range: 0.172754, mean: 0.067695
  Pos: 100.0%, Neg: 0.0%, Unique: 1264
  Saved validation predictions to: experiments/01_staleness_features_fixed/sweep_stale_h22_drop0.20_lr5/collapse_monitoring/val_predictions_epoch30.npy
  Gradient norms:
    lstm_encoder: 0.034916
    lstm_decoder: 0.008710
    multihead_attn: 0.004641
    output_layer: 0.112947
  VSN output std:
    encoder: 0.140802
  Attention entropy: 2.502929
  Saved to: experiments/01_staleness_features_fixed/sweep_stale_h22_drop0.20_lr5/collapse_monitoring/collapse_monitor_epoch30.json
Epoch 31: val_loss=0.40304821729660034
Epoch 31: train_loss=0.4237058460712433

[CollapseMonitor] Epoch 31
  [DEBUG] Processed 20 batches from val_dataloader
  [DEBUG] Predictions shape after concat: (1280,)
  [DEBUG] All predictions list length: 20
  [DEBUG] First batch shape: (64,)
  Pred std: 0.017662, range: 0.102984, mean: 0.064831
  Pos: 100.0%, Neg: 0.0%, Unique: 1252
  Saved validation predictions to: experiments/01_staleness_features_fixed/sweep_stale_h22_drop0.20_lr5/collapse_monitoring/val_predictions_epoch31.npy
  Gradient norms:
    lstm_encoder: 0.034033
    lstm_decoder: 0.008774
    multihead_attn: 0.004462
    output_layer: 0.112111
  VSN output std:
    encoder: 0.139106
  Attention entropy: 2.530172
  Saved to: experiments/01_staleness_features_fixed/sweep_stale_h22_drop0.20_lr5/collapse_monitoring/collapse_monitor_epoch31.json
Epoch 32: val_loss=0.403710275888443
Epoch 32: train_loss=0.4231094717979431

[CollapseMonitor] Epoch 32
  [DEBUG] Processed 20 batches from val_dataloader
  [DEBUG] Predictions shape after concat: (1280,)
  [DEBUG] All predictions list length: 20
  [DEBUG] First batch shape: (64,)
  Pred std: 0.026676, range: 0.153064, mean: 0.027270
  Pos: 100.0%, Neg: 0.0%, Unique: 1252
  Saved validation predictions to: experiments/01_staleness_features_fixed/sweep_stale_h22_drop0.20_lr5/collapse_monitoring/val_predictions_epoch32.npy
  Gradient norms:
    lstm_encoder: 0.034673
    lstm_decoder: 0.009106
    multihead_attn: 0.004703
    output_layer: 0.105802
  VSN output std:
    encoder: 0.139097
  Attention entropy: 2.489333
  Saved to: experiments/01_staleness_features_fixed/sweep_stale_h22_drop0.20_lr5/collapse_monitoring/collapse_monitor_epoch32.json
Epoch 33: val_loss=0.4032037854194641
Epoch 33: train_loss=0.42202749848365784

[CollapseMonitor] Epoch 33
  [DEBUG] Processed 20 batches from val_dataloader
  [DEBUG] Predictions shape after concat: (1280,)
  [DEBUG] All predictions list length: 20
  [DEBUG] First batch shape: (64,)
  Pred std: 0.019733, range: 0.121275, mean: 0.029862
  Pos: 100.0%, Neg: 0.0%, Unique: 1252
  Saved validation predictions to: experiments/01_staleness_features_fixed/sweep_stale_h22_drop0.20_lr5/collapse_monitoring/val_predictions_epoch33.npy
  Gradient norms:
    lstm_encoder: 0.040874
    lstm_decoder: 0.009436
    multihead_attn: 0.004427
    output_layer: 0.102685
  VSN output std:
    encoder: 0.140967
  Attention entropy: 2.472798
  Saved to: experiments/01_staleness_features_fixed/sweep_stale_h22_drop0.20_lr5/collapse_monitoring/collapse_monitor_epoch33.json
Epoch 34: val_loss=0.4021989703178406
Epoch 34: train_loss=0.42292940616607666

[CollapseMonitor] Epoch 34
  [DEBUG] Processed 20 batches from val_dataloader
  [DEBUG] Predictions shape after concat: (1280,)
  [DEBUG] All predictions list length: 20
  [DEBUG] First batch shape: (64,)
  Pred std: 0.022152, range: 0.143029, mean: 0.045147
  Pos: 100.0%, Neg: 0.0%, Unique: 1247
  Saved validation predictions to: experiments/01_staleness_features_fixed/sweep_stale_h22_drop0.20_lr5/collapse_monitoring/val_predictions_epoch34.npy
  Gradient norms:
    lstm_encoder: 0.037242
    lstm_decoder: 0.009310
    multihead_attn: 0.004389
    output_layer: 0.111758
  VSN output std:
    encoder: 0.141399
  Attention entropy: 2.516763
  Saved to: experiments/01_staleness_features_fixed/sweep_stale_h22_drop0.20_lr5/collapse_monitoring/collapse_monitor_epoch34.json
Epoch 35: val_loss=0.4012935757637024
Epoch 35: train_loss=0.4225735068321228

[CollapseMonitor] Epoch 35
  [DEBUG] Processed 20 batches from val_dataloader
  [DEBUG] Predictions shape after concat: (1280,)
  [DEBUG] All predictions list length: 20
  [DEBUG] First batch shape: (64,)
  Pred std: 0.025624, range: 0.162297, mean: 0.040758
  Pos: 100.0%, Neg: 0.0%, Unique: 1255
  Saved validation predictions to: experiments/01_staleness_features_fixed/sweep_stale_h22_drop0.20_lr5/collapse_monitoring/val_predictions_epoch35.npy
  Gradient norms:
    lstm_encoder: 0.036400
    lstm_decoder: 0.010019
    multihead_attn: 0.004291
    output_layer: 0.118226
  VSN output std:
    encoder: 0.142228
  Attention entropy: 2.492316
  Saved to: experiments/01_staleness_features_fixed/sweep_stale_h22_drop0.20_lr5/collapse_monitoring/collapse_monitor_epoch35.json
Epoch 36: val_loss=0.4025011956691742
Epoch 36: train_loss=0.4216229319572449

[CollapseMonitor] Epoch 36
  [DEBUG] Processed 20 batches from val_dataloader
  [DEBUG] Predictions shape after concat: (1280,)
  [DEBUG] All predictions list length: 20
  [DEBUG] First batch shape: (64,)
  Pred std: 0.016573, range: 0.114950, mean: 0.093517
  Pos: 100.0%, Neg: 0.0%, Unique: 1242
  Saved validation predictions to: experiments/01_staleness_features_fixed/sweep_stale_h22_drop0.20_lr5/collapse_monitoring/val_predictions_epoch36.npy
  Gradient norms:
    lstm_encoder: 0.041831
    lstm_decoder: 0.010297
    multihead_attn: 0.004968
    output_layer: 0.111794
  VSN output std:
    encoder: 0.139903
  Attention entropy: 2.518131
  Saved to: experiments/01_staleness_features_fixed/sweep_stale_h22_drop0.20_lr5/collapse_monitoring/collapse_monitor_epoch36.json
Epoch 37: val_loss=0.40028780698776245
Epoch 37: train_loss=0.42231571674346924

[CollapseMonitor] Epoch 37
  [DEBUG] Processed 20 batches from val_dataloader
  [DEBUG] Predictions shape after concat: (1280,)
  [DEBUG] All predictions list length: 20
  [DEBUG] First batch shape: (64,)
  Pred std: 0.028038, range: 0.164803, mean: 0.088366
  Pos: 100.0%, Neg: 0.0%, Unique: 1260
  Saved validation predictions to: experiments/01_staleness_features_fixed/sweep_stale_h22_drop0.20_lr5/collapse_monitoring/val_predictions_epoch37.npy
  Gradient norms:
    lstm_encoder: 0.039979
    lstm_decoder: 0.010507
    multihead_attn: 0.004624
    output_layer: 0.114779
  VSN output std:
    encoder: 0.138485
  Attention entropy: 2.497375
  Saved to: experiments/01_staleness_features_fixed/sweep_stale_h22_drop0.20_lr5/collapse_monitoring/collapse_monitor_epoch37.json
Epoch 38: val_loss=0.4009719491004944
Epoch 38: train_loss=0.42240244150161743

[CollapseMonitor] Epoch 38
  [DEBUG] Processed 20 batches from val_dataloader
  [DEBUG] Predictions shape after concat: (1280,)
  [DEBUG] All predictions list length: 20
  [DEBUG] First batch shape: (64,)
  Pred std: 0.029913, range: 0.163118, mean: 0.041452
  Pos: 100.0%, Neg: 0.0%, Unique: 1266
  Saved validation predictions to: experiments/01_staleness_features_fixed/sweep_stale_h22_drop0.20_lr5/collapse_monitoring/val_predictions_epoch38.npy
  Gradient norms:
    lstm_encoder: 0.040211
    lstm_decoder: 0.010101
    multihead_attn: 0.004246
    output_layer: 0.105875
  VSN output std:
    encoder: 0.136247
  Attention entropy: 2.512250
  Saved to: experiments/01_staleness_features_fixed/sweep_stale_h22_drop0.20_lr5/collapse_monitoring/collapse_monitor_epoch38.json
Epoch 39: val_loss=0.4010251462459564
Epoch 39: train_loss=0.4211270213127136

[CollapseMonitor] Epoch 39
  [DEBUG] Processed 20 batches from val_dataloader
  [DEBUG] Predictions shape after concat: (1280,)
  [DEBUG] All predictions list length: 20
  [DEBUG] First batch shape: (64,)
  Pred std: 0.024573, range: 0.157663, mean: 0.062161
  Pos: 100.0%, Neg: 0.0%, Unique: 1257
  Saved validation predictions to: experiments/01_staleness_features_fixed/sweep_stale_h22_drop0.20_lr5/collapse_monitoring/val_predictions_epoch39.npy
  Gradient norms:
    lstm_encoder: 0.038614
    lstm_decoder: 0.009714
    multihead_attn: 0.004344
    output_layer: 0.107333
  VSN output std:
    encoder: 0.134711
  Attention entropy: 2.492418
  Saved to: experiments/01_staleness_features_fixed/sweep_stale_h22_drop0.20_lr5/collapse_monitoring/collapse_monitor_epoch39.json
Epoch 40: val_loss=0.40185409784317017
Epoch 40: train_loss=0.4228324890136719

[CollapseMonitor] Epoch 40
  [DEBUG] Processed 20 batches from val_dataloader
  [DEBUG] Predictions shape after concat: (1280,)
  [DEBUG] All predictions list length: 20
  [DEBUG] First batch shape: (64,)
  Pred std: 0.018735, range: 0.116534, mean: 0.079445
  Pos: 100.0%, Neg: 0.0%, Unique: 1255
  Saved validation predictions to: experiments/01_staleness_features_fixed/sweep_stale_h22_drop0.20_lr5/collapse_monitoring/val_predictions_epoch40.npy
  Gradient norms:
    lstm_encoder: 0.041072
    lstm_decoder: 0.010542
    multihead_attn: 0.004227
    output_layer: 0.105507
  VSN output std:
    encoder: 0.134289
  Attention entropy: 2.513440
  Saved to: experiments/01_staleness_features_fixed/sweep_stale_h22_drop0.20_lr5/collapse_monitoring/collapse_monitor_epoch40.json
Epoch 41: val_loss=0.40019744634628296
Epoch 41: train_loss=0.42115887999534607

[CollapseMonitor] Epoch 41
  [DEBUG] Processed 20 batches from val_dataloader
  [DEBUG] Predictions shape after concat: (1280,)
  [DEBUG] All predictions list length: 20
  [DEBUG] First batch shape: (64,)
  Pred std: 0.021317, range: 0.110959, mean: 0.073688
  Pos: 100.0%, Neg: 0.0%, Unique: 1259
  Saved validation predictions to: experiments/01_staleness_features_fixed/sweep_stale_h22_drop0.20_lr5/collapse_monitoring/val_predictions_epoch41.npy
  Gradient norms:
    lstm_encoder: 0.041306
    lstm_decoder: 0.009891
    multihead_attn: 0.004380
    output_layer: 0.111444
  VSN output std:
    encoder: 0.129729
  Attention entropy: 2.483948
  Saved to: experiments/01_staleness_features_fixed/sweep_stale_h22_drop0.20_lr5/collapse_monitoring/collapse_monitor_epoch41.json
Epoch 42: val_loss=0.3990324139595032
Epoch 42: train_loss=0.42116624116897583

[CollapseMonitor] Epoch 42
  [DEBUG] Processed 20 batches from val_dataloader
  [DEBUG] Predictions shape after concat: (1280,)
  [DEBUG] All predictions list length: 20
  [DEBUG] First batch shape: (64,)
  Pred std: 0.025898, range: 0.147348, mean: 0.067874
  Pos: 100.0%, Neg: 0.0%, Unique: 1266
  Saved validation predictions to: experiments/01_staleness_features_fixed/sweep_stale_h22_drop0.20_lr5/collapse_monitoring/val_predictions_epoch42.npy
  Gradient norms:
    lstm_encoder: 0.046934
    lstm_decoder: 0.011906
    multihead_attn: 0.004272
    output_layer: 0.110695
  VSN output std:
    encoder: 0.128834
  Attention entropy: 2.481201
  Saved to: experiments/01_staleness_features_fixed/sweep_stale_h22_drop0.20_lr5/collapse_monitoring/collapse_monitor_epoch42.json
Epoch 43: val_loss=0.4012128710746765
Epoch 43: train_loss=0.4193491041660309

[CollapseMonitor] Epoch 43
  [DEBUG] Processed 20 batches from val_dataloader
  [DEBUG] Predictions shape after concat: (1280,)
  [DEBUG] All predictions list length: 20
  [DEBUG] First batch shape: (64,)
  Pred std: 0.025979, range: 0.173056, mean: 0.026594
  Pos: 99.8%, Neg: 0.2%, Unique: 1257
  Saved validation predictions to: experiments/01_staleness_features_fixed/sweep_stale_h22_drop0.20_lr5/collapse_monitoring/val_predictions_epoch43.npy
  Gradient norms:
    lstm_encoder: 0.045886
    lstm_decoder: 0.011159
    multihead_attn: 0.004262
    output_layer: 0.114509
  VSN output std:
    encoder: 0.129247
  Attention entropy: 2.485988
  Saved to: experiments/01_staleness_features_fixed/sweep_stale_h22_drop0.20_lr5/collapse_monitoring/collapse_monitor_epoch43.json
Epoch 44: val_loss=0.399267315864563
Epoch 44: train_loss=0.4205347001552582

[CollapseMonitor] Epoch 44
  [DEBUG] Processed 20 batches from val_dataloader
  [DEBUG] Predictions shape after concat: (1280,)
  [DEBUG] All predictions list length: 20
  [DEBUG] First batch shape: (64,)
  Pred std: 0.024392, range: 0.154683, mean: 0.065166
  Pos: 100.0%, Neg: 0.0%, Unique: 1259
  Saved validation predictions to: experiments/01_staleness_features_fixed/sweep_stale_h22_drop0.20_lr5/collapse_monitoring/val_predictions_epoch44.npy
  Gradient norms:
    lstm_encoder: 0.044159
    lstm_decoder: 0.011349
    multihead_attn: 0.003864
    output_layer: 0.102157
  VSN output std:
    encoder: 0.127582
  Attention entropy: 2.451043
  Saved to: experiments/01_staleness_features_fixed/sweep_stale_h22_drop0.20_lr5/collapse_monitoring/collapse_monitor_epoch44.json
Epoch 45: val_loss=0.40045881271362305
Epoch 45: train_loss=0.4215838313102722

[CollapseMonitor] Epoch 45
  [DEBUG] Processed 20 batches from val_dataloader
  [DEBUG] Predictions shape after concat: (1280,)
  [DEBUG] All predictions list length: 20
  [DEBUG] First batch shape: (64,)
  Pred std: 0.021312, range: 0.126557, mean: 0.072847
  Pos: 100.0%, Neg: 0.0%, Unique: 1258
  Saved validation predictions to: experiments/01_staleness_features_fixed/sweep_stale_h22_drop0.20_lr5/collapse_monitoring/val_predictions_epoch45.npy
  Gradient norms:
    lstm_encoder: 0.043323
    lstm_decoder: 0.011249
    multihead_attn: 0.003853
    output_layer: 0.112552
  VSN output std:
    encoder: 0.124228
  Attention entropy: 2.445433
  Saved to: experiments/01_staleness_features_fixed/sweep_stale_h22_drop0.20_lr5/collapse_monitoring/collapse_monitor_epoch45.json
Epoch 46: val_loss=0.4008738100528717
Epoch 46: train_loss=0.41958996653556824

[CollapseMonitor] Epoch 46
  [DEBUG] Processed 20 batches from val_dataloader
  [DEBUG] Predictions shape after concat: (1280,)
  [DEBUG] All predictions list length: 20
  [DEBUG] First batch shape: (64,)
  Pred std: 0.026740, range: 0.193556, mean: 0.063893
  Pos: 100.0%, Neg: 0.0%, Unique: 1263
  Saved validation predictions to: experiments/01_staleness_features_fixed/sweep_stale_h22_drop0.20_lr5/collapse_monitoring/val_predictions_epoch46.npy
  Gradient norms:
    lstm_encoder: 0.050943
    lstm_decoder: 0.011494
    multihead_attn: 0.004546
    output_layer: 0.107740
  VSN output std:
    encoder: 0.127406
  Attention entropy: 2.470372
  Saved to: experiments/01_staleness_features_fixed/sweep_stale_h22_drop0.20_lr5/collapse_monitoring/collapse_monitor_epoch46.json
Epoch 47: val_loss=0.39879894256591797
Epoch 47: train_loss=0.4209875166416168

[CollapseMonitor] Epoch 47
  [DEBUG] Processed 20 batches from val_dataloader
  [DEBUG] Predictions shape after concat: (1280,)
  [DEBUG] All predictions list length: 20
  [DEBUG] First batch shape: (64,)
  Pred std: 0.025041, range: 0.152947, mean: 0.071830
  Pos: 100.0%, Neg: 0.0%, Unique: 1259
  Saved validation predictions to: experiments/01_staleness_features_fixed/sweep_stale_h22_drop0.20_lr5/collapse_monitoring/val_predictions_epoch47.npy
  Gradient norms:
    lstm_encoder: 0.048805
    lstm_decoder: 0.011162
    multihead_attn: 0.003952
    output_layer: 0.104365
  VSN output std:
    encoder: 0.125885
  Attention entropy: 2.493222
  Saved to: experiments/01_staleness_features_fixed/sweep_stale_h22_drop0.20_lr5/collapse_monitoring/collapse_monitor_epoch47.json
Epoch 48: val_loss=0.39886966347694397
Epoch 48: train_loss=0.41924095153808594

[CollapseMonitor] Epoch 48
  [DEBUG] Processed 20 batches from val_dataloader
  [DEBUG] Predictions shape after concat: (1280,)
  [DEBUG] All predictions list length: 20
  [DEBUG] First batch shape: (64,)
  Pred std: 0.017404, range: 0.142181, mean: 0.094727
  Pos: 100.0%, Neg: 0.0%, Unique: 1259
  Saved validation predictions to: experiments/01_staleness_features_fixed/sweep_stale_h22_drop0.20_lr5/collapse_monitoring/val_predictions_epoch48.npy
  Gradient norms:
    lstm_encoder: 0.046598
    lstm_decoder: 0.011385
    multihead_attn: 0.003803
    output_layer: 0.109493
  VSN output std:
    encoder: 0.127050
  Attention entropy: 2.507713
  Saved to: experiments/01_staleness_features_fixed/sweep_stale_h22_drop0.20_lr5/collapse_monitoring/collapse_monitor_epoch48.json
Epoch 49: val_loss=0.3971026539802551
Epoch 49: train_loss=0.42032602429389954

[CollapseMonitor] Epoch 49
  [DEBUG] Processed 20 batches from val_dataloader
  [DEBUG] Predictions shape after concat: (1280,)
  [DEBUG] All predictions list length: 20
  [DEBUG] First batch shape: (64,)
  Pred std: 0.022696, range: 0.142356, mean: 0.086867
  Pos: 100.0%, Neg: 0.0%, Unique: 1260
  Saved validation predictions to: experiments/01_staleness_features_fixed/sweep_stale_h22_drop0.20_lr5/collapse_monitoring/val_predictions_epoch49.npy
  Gradient norms:
    lstm_encoder: 0.049715
    lstm_decoder: 0.012740
    multihead_attn: 0.003928
    output_layer: 0.105709
  VSN output std:
    encoder: 0.126959
  Attention entropy: 2.517688
  Saved to: experiments/01_staleness_features_fixed/sweep_stale_h22_drop0.20_lr5/collapse_monitoring/collapse_monitor_epoch49.json
Epoch 50: val_loss=0.4008217453956604
Epoch 50: train_loss=0.41932544112205505

[CollapseMonitor] Epoch 50
  [DEBUG] Processed 20 batches from val_dataloader
  [DEBUG] Predictions shape after concat: (1280,)
  [DEBUG] All predictions list length: 20
  [DEBUG] First batch shape: (64,)
  Pred std: 0.028989, range: 0.168755, mean: 0.053598
  Pos: 100.0%, Neg: 0.0%, Unique: 1266
  Saved validation predictions to: experiments/01_staleness_features_fixed/sweep_stale_h22_drop0.20_lr5/collapse_monitoring/val_predictions_epoch50.npy
  Gradient norms:
    lstm_encoder: 0.045429
    lstm_decoder: 0.011770
    multihead_attn: 0.003578
    output_layer: 0.110792
  VSN output std:
    encoder: 0.125604
  Attention entropy: 2.465492
  Saved to: experiments/01_staleness_features_fixed/sweep_stale_h22_drop0.20_lr5/collapse_monitoring/collapse_monitor_epoch50.json
Epoch 51: val_loss=0.39876118302345276
Epoch 51: train_loss=0.41997843980789185

[CollapseMonitor] Epoch 51
  [DEBUG] Processed 20 batches from val_dataloader
  [DEBUG] Predictions shape after concat: (1280,)
  [DEBUG] All predictions list length: 20
  [DEBUG] First batch shape: (64,)
  Pred std: 0.021878, range: 0.120002, mean: 0.076605
  Pos: 100.0%, Neg: 0.0%, Unique: 1258
  Saved validation predictions to: experiments/01_staleness_features_fixed/sweep_stale_h22_drop0.20_lr5/collapse_monitoring/val_predictions_epoch51.npy
  Gradient norms:
    lstm_encoder: 0.051262
    lstm_decoder: 0.013091
    multihead_attn: 0.003887
    output_layer: 0.105481
  VSN output std:
    encoder: 0.125766
  Attention entropy: 2.513304
  Saved to: experiments/01_staleness_features_fixed/sweep_stale_h22_drop0.20_lr5/collapse_monitoring/collapse_monitor_epoch51.json
Epoch 52: val_loss=0.39866629242897034
Epoch 52: train_loss=0.41967055201530457

[CollapseMonitor] Epoch 52
  [DEBUG] Processed 20 batches from val_dataloader
  [DEBUG] Predictions shape after concat: (1280,)
  [DEBUG] All predictions list length: 20
  [DEBUG] First batch shape: (64,)
  Pred std: 0.027387, range: 0.183616, mean: 0.057373
  Pos: 100.0%, Neg: 0.0%, Unique: 1262
  Saved validation predictions to: experiments/01_staleness_features_fixed/sweep_stale_h22_drop0.20_lr5/collapse_monitoring/val_predictions_epoch52.npy
  Gradient norms:
    lstm_encoder: 0.048048
    lstm_decoder: 0.013284
    multihead_attn: 0.003676
    output_layer: 0.107745
  VSN output std:
    encoder: 0.125383
  Attention entropy: 2.509773
  Saved to: experiments/01_staleness_features_fixed/sweep_stale_h22_drop0.20_lr5/collapse_monitoring/collapse_monitor_epoch52.json
Epoch 53: val_loss=0.3974990248680115
Epoch 53: train_loss=0.4197055697441101

[CollapseMonitor] Epoch 53
  [DEBUG] Processed 20 batches from val_dataloader
  [DEBUG] Predictions shape after concat: (1280,)
  [DEBUG] All predictions list length: 20
  [DEBUG] First batch shape: (64,)
  Pred std: 0.031532, range: 0.205899, mean: 0.028657
  Pos: 95.9%, Neg: 4.1%, Unique: 1267
  Saved validation predictions to: experiments/01_staleness_features_fixed/sweep_stale_h22_drop0.20_lr5/collapse_monitoring/val_predictions_epoch53.npy
  Gradient norms:
    lstm_encoder: 0.045739
    lstm_decoder: 0.012364
    multihead_attn: 0.003523
    output_layer: 0.105750
  VSN output std:
    encoder: 0.122426
  Attention entropy: 2.506546
  Saved to: experiments/01_staleness_features_fixed/sweep_stale_h22_drop0.20_lr5/collapse_monitoring/collapse_monitor_epoch53.json
Epoch 54: val_loss=0.4001399874687195
Epoch 54: train_loss=0.41996729373931885

[CollapseMonitor] Epoch 54
  [DEBUG] Processed 20 batches from val_dataloader
  [DEBUG] Predictions shape after concat: (1280,)
  [DEBUG] All predictions list length: 20
  [DEBUG] First batch shape: (64,)
  Pred std: 0.023395, range: 0.141060, mean: 0.070104
  Pos: 100.0%, Neg: 0.0%, Unique: 1268
  Saved validation predictions to: experiments/01_staleness_features_fixed/sweep_stale_h22_drop0.20_lr5/collapse_monitoring/val_predictions_epoch54.npy
  Gradient norms:
    lstm_encoder: 0.046830
    lstm_decoder: 0.012755
    multihead_attn: 0.003657
    output_layer: 0.107990
  VSN output std:
    encoder: 0.123511
  Attention entropy: 2.519536
  Saved to: experiments/01_staleness_features_fixed/sweep_stale_h22_drop0.20_lr5/collapse_monitoring/collapse_monitor_epoch54.json
Epoch 55: val_loss=0.39818719029426575
Epoch 55: train_loss=0.4195394814014435

[CollapseMonitor] Epoch 55
  [DEBUG] Processed 20 batches from val_dataloader
  [DEBUG] Predictions shape after concat: (1280,)
  [DEBUG] All predictions list length: 20
  [DEBUG] First batch shape: (64,)
  Pred std: 0.025768, range: 0.148390, mean: 0.078673
  Pos: 100.0%, Neg: 0.0%, Unique: 1270
  Saved validation predictions to: experiments/01_staleness_features_fixed/sweep_stale_h22_drop0.20_lr5/collapse_monitoring/val_predictions_epoch55.npy
  Gradient norms:
    lstm_encoder: 0.046992
    lstm_decoder: 0.012199
    multihead_attn: 0.003604
    output_layer: 0.110543
  VSN output std:
    encoder: 0.124431
  Attention entropy: 2.540488
  Saved to: experiments/01_staleness_features_fixed/sweep_stale_h22_drop0.20_lr5/collapse_monitoring/collapse_monitor_epoch55.json
Epoch 56: val_loss=0.39734816551208496
Epoch 56: train_loss=0.4182488024234772

[CollapseMonitor] Epoch 56
  [DEBUG] Processed 20 batches from val_dataloader
  [DEBUG] Predictions shape after concat: (1280,)
  [DEBUG] All predictions list length: 20
  [DEBUG] First batch shape: (64,)
  Pred std: 0.032943, range: 0.189724, mean: 0.062108
  Pos: 100.0%, Neg: 0.0%, Unique: 1270
  Saved validation predictions to: experiments/01_staleness_features_fixed/sweep_stale_h22_drop0.20_lr5/collapse_monitoring/val_predictions_epoch56.npy
  Gradient norms:
    lstm_encoder: 0.051546
    lstm_decoder: 0.012992
    multihead_attn: 0.003775
    output_layer: 0.110853
  VSN output std:
    encoder: 0.123936
  Attention entropy: 2.539579
  Saved to: experiments/01_staleness_features_fixed/sweep_stale_h22_drop0.20_lr5/collapse_monitoring/collapse_monitor_epoch56.json
Epoch 57: val_loss=0.3994184136390686
Epoch 57: train_loss=0.4178105592727661

[CollapseMonitor] Epoch 57
  [DEBUG] Processed 20 batches from val_dataloader
  [DEBUG] Predictions shape after concat: (1280,)
  [DEBUG] All predictions list length: 20
  [DEBUG] First batch shape: (64,)
  Pred std: 0.026369, range: 0.152762, mean: 0.053373
  Pos: 100.0%, Neg: 0.0%, Unique: 1267
  Saved validation predictions to: experiments/01_staleness_features_fixed/sweep_stale_h22_drop0.20_lr5/collapse_monitoring/val_predictions_epoch57.npy
  Gradient norms:
    lstm_encoder: 0.051120
    lstm_decoder: 0.012063
    multihead_attn: 0.004046
    output_layer: 0.103162
  VSN output std:
    encoder: 0.123903
  Attention entropy: 2.529329
  Saved to: experiments/01_staleness_features_fixed/sweep_stale_h22_drop0.20_lr5/collapse_monitoring/collapse_monitor_epoch57.json
Epoch 58: val_loss=0.40099209547042847
Epoch 58: train_loss=0.41864529252052307

[CollapseMonitor] Epoch 58
  [DEBUG] Processed 20 batches from val_dataloader
  [DEBUG] Predictions shape after concat: (1280,)
  [DEBUG] All predictions list length: 20
  [DEBUG] First batch shape: (64,)
  Pred std: 0.027397, range: 0.143783, mean: 0.057766
  Pos: 100.0%, Neg: 0.0%, Unique: 1263
  Saved validation predictions to: experiments/01_staleness_features_fixed/sweep_stale_h22_drop0.20_lr5/collapse_monitoring/val_predictions_epoch58.npy
  Gradient norms:
    lstm_encoder: 0.052248
    lstm_decoder: 0.012307
    multihead_attn: 0.003921
    output_layer: 0.098404
  VSN output std:
    encoder: 0.122112
  Attention entropy: 2.581619
  Saved to: experiments/01_staleness_features_fixed/sweep_stale_h22_drop0.20_lr5/collapse_monitoring/collapse_monitor_epoch58.json
Epoch 59: val_loss=0.39919769763946533
Epoch 59: train_loss=0.41939598321914673

[CollapseMonitor] Epoch 59
  [DEBUG] Processed 20 batches from val_dataloader
  [DEBUG] Predictions shape after concat: (1280,)
  [DEBUG] All predictions list length: 20
  [DEBUG] First batch shape: (64,)
  Pred std: 0.026629, range: 0.155425, mean: 0.051813
  Pos: 100.0%, Neg: 0.0%, Unique: 1258
  Saved validation predictions to: experiments/01_staleness_features_fixed/sweep_stale_h22_drop0.20_lr5/collapse_monitoring/val_predictions_epoch59.npy
  Gradient norms:
    lstm_encoder: 0.050885
    lstm_decoder: 0.013091
    multihead_attn: 0.003659
    output_layer: 0.107040
  VSN output std:
    encoder: 0.122452
  Attention entropy: 2.550439
  Saved to: experiments/01_staleness_features_fixed/sweep_stale_h22_drop0.20_lr5/collapse_monitoring/collapse_monitor_epoch59.json


======================================================================
Training complete
======================================================================

Best model checkpoint: experiments/01_staleness_features_fixed/sweep_stale_h22_drop0.20_lr5/checkpoints/tft-epoch=49-val_loss=0.3971.ckpt
Best validation loss: 0.397103
Completed at: 2025-10-30 03:08:25
Log saved to: experiments/01_staleness_features_fixed/sweep_stale_h22_drop0.20_lr5/training_20251030_022441.log
======================================================================
