
[INFO] Using AUTO device selection.

[INFO] Patched matplotlib.Axes.errorbar to abs() negative yerr for robustness.
======================================================================
Training TFT: 02b_vintage_sweep/baseline_h14_drop0.30
======================================================================
Logging to: experiments/02b_vintage_sweep/baseline_h14_drop0.30/training_20251122_155950.log
Started at: 2025-11-22 15:59:50
======================================================================
Configuration saved to: experiments/02b_vintage_sweep/baseline_h14_drop0.30/config.json

Loading data splits...
Train: 6074 samples
Val: 1302 samples
Test: 1302 samples

Preparing TimeSeriesDataSet...

Dropping source columns (used for staleness only): ['CPI']

Final features for TFT: ['SP500_Returns', 'VIX', 'Treasury_10Y', 'Yield_Spread', 'Inflation_YoY']

======================================================================
FEATURE STATISTICS - BEFORE NORMALIZATION
======================================================================
VIX                             mean= 19.7438  std=  8.0295  min=  9.3100  max= 80.8600
Treasury_10Y                    mean=  4.7672  std=  1.6903  min=  1.4300  max=  8.3600
Yield_Spread                    mean=  1.2778  std=  0.9179  min= -0.5200  max=  2.9100
Inflation_YoY                   mean=  2.5322  std=  1.1865  min= -2.1498  max=  6.7300

======================================================================
FEATURES AFTER GROUPNORMALIZER (first batch, last timestep)
======================================================================
VIX                             normalized_value=  1.0000
Treasury_10Y                    normalized_value= -0.0500
Yield_Spread                    normalized_value=  0.0817
Inflation_YoY                   normalized_value=  0.8774
======================================================================

Batches per epoch: 94
[DEBUG] Validation batches: 21
[DEBUG] Validation dataset size: 1282
[DEBUG] Batch size: 64

Initializing model...

================================================================================
BASELINE MODEL FEATURE CONFIGURATION (after from_dataset)
================================================================================
tft.hparams.time_varying_reals_encoder: ['relative_time_idx', 'VIX', 'Treasury_10Y', 'Yield_Spread', 'Inflation_YoY']
  Count: 5

tft.hparams.time_varying_reals_decoder: ['relative_time_idx']
  Count: 1

tft.hparams.x_reals (all reals passed to model): ['encoder_length', 'relative_time_idx', 'VIX', 'Treasury_10Y', 'Yield_Spread', 'Inflation_YoY']
  Count: 6

Encoder VSN configuration:
  num_inputs: 5
  input_sizes: {'relative_time_idx': 16, 'VIX': 16, 'Treasury_10Y': 16, 'Yield_Spread': 16, 'Inflation_YoY': 16}
  flattened_grn.fc1: in_features=80, out_features=5
  → Params in fc1: 400 (should be 5*16*5=400 if 5 features)
================================================================================


>>> Using standard QuantileLoss (no distribution penalties)
Model parameters: 18,184

Starting training...
Checkpoints will be saved to: experiments/02b_vintage_sweep/baseline_h14_drop0.30/checkpoints/
Logs will be saved to: experiments/02b_vintage_sweep/baseline_h14_drop0.30/logs/

Epoch 0: val_loss=N/A
Epoch 0: val_loss=0.9372992515563965
Epoch 0: train_loss=1.0532100200653076

[CollapseMonitor] Epoch 0
  [DEBUG] Processed 21 batches from val_dataloader
  [DEBUG] Predictions shape after concat: (1282,)
  [DEBUG] All predictions list length: 21
  [DEBUG] First batch shape: (64,)
  Pred std: 0.057507, range: 0.202911, mean: -0.126417
  Pos: 0.0%, Neg: 100.0%, Unique: 1272
  Saved validation predictions to: experiments/02b_vintage_sweep/baseline_h14_drop0.30/collapse_monitoring/val_predictions_epoch0.npy
  Gradient norms:
    lstm_encoder: 0.013600
    lstm_decoder: 0.018398
    multihead_attn: 0.010712
    output_layer: 0.981970
  VSN output std:
    encoder: 0.202549
  Attention entropy: 2.988535
  Saved to: experiments/02b_vintage_sweep/baseline_h14_drop0.30/collapse_monitoring/collapse_monitor_epoch0.json
Epoch 1: val_loss=0.7565820813179016
Epoch 1: train_loss=0.9087346792221069

[CollapseMonitor] Epoch 1
  [DEBUG] Processed 21 batches from val_dataloader
  [DEBUG] Predictions shape after concat: (1282,)
  [DEBUG] All predictions list length: 21
  [DEBUG] First batch shape: (64,)
  Pred std: 0.046624, range: 0.144222, mean: -0.248117
  Pos: 0.0%, Neg: 100.0%, Unique: 1266
  Saved validation predictions to: experiments/02b_vintage_sweep/baseline_h14_drop0.30/collapse_monitoring/val_predictions_epoch1.npy
  Gradient norms:
    lstm_encoder: 0.012544
    lstm_decoder: 0.014851
    multihead_attn: 0.008063
    output_layer: 0.868644
  VSN output std:
    encoder: 0.242871
  Attention entropy: 2.994184
  Saved to: experiments/02b_vintage_sweep/baseline_h14_drop0.30/collapse_monitoring/collapse_monitor_epoch1.json
Epoch 2: val_loss=0.5822985768318176
Epoch 2: train_loss=0.7328082323074341

[CollapseMonitor] Epoch 2
  [DEBUG] Processed 21 batches from val_dataloader
  [DEBUG] Predictions shape after concat: (1282,)
  [DEBUG] All predictions list length: 21
  [DEBUG] First batch shape: (64,)
  Pred std: 0.026845, range: 0.099031, mean: -0.211178
  Pos: 0.0%, Neg: 100.0%, Unique: 1270
  Saved validation predictions to: experiments/02b_vintage_sweep/baseline_h14_drop0.30/collapse_monitoring/val_predictions_epoch2.npy
  Gradient norms:
    lstm_encoder: 0.011116
    lstm_decoder: 0.011765
    multihead_attn: 0.006393
    output_layer: 0.659423
  VSN output std:
    encoder: 0.209807
  Attention entropy: 2.994071
  Saved to: experiments/02b_vintage_sweep/baseline_h14_drop0.30/collapse_monitoring/collapse_monitor_epoch2.json
Epoch 3: val_loss=0.4902416169643402
Epoch 3: train_loss=0.5848029255867004

[CollapseMonitor] Epoch 3
  [DEBUG] Processed 21 batches from val_dataloader
  [DEBUG] Predictions shape after concat: (1282,)
  [DEBUG] All predictions list length: 21
  [DEBUG] First batch shape: (64,)
  Pred std: 0.012450, range: 0.062760, mean: -0.114444
  Pos: 0.0%, Neg: 100.0%, Unique: 1257
  Saved validation predictions to: experiments/02b_vintage_sweep/baseline_h14_drop0.30/collapse_monitoring/val_predictions_epoch3.npy
  Gradient norms:
    lstm_encoder: 0.007849
    lstm_decoder: 0.007655
    multihead_attn: 0.003753
    output_layer: 0.402098
  VSN output std:
    encoder: 0.184306
  Attention entropy: 2.992892
  Saved to: experiments/02b_vintage_sweep/baseline_h14_drop0.30/collapse_monitoring/collapse_monitor_epoch3.json
Epoch 4: val_loss=0.4642173647880554
Epoch 4: train_loss=0.5069279074668884

[CollapseMonitor] Epoch 4
  [DEBUG] Processed 21 batches from val_dataloader
  [DEBUG] Predictions shape after concat: (1282,)
  [DEBUG] All predictions list length: 21
  [DEBUG] First batch shape: (64,)
  Pred std: 0.008560, range: 0.046751, mean: -0.071821
  Pos: 0.0%, Neg: 100.0%, Unique: 1243
  Saved validation predictions to: experiments/02b_vintage_sweep/baseline_h14_drop0.30/collapse_monitoring/val_predictions_epoch4.npy
  Gradient norms:
    lstm_encoder: 0.004596
    lstm_decoder: 0.004165
    multihead_attn: 0.002055
    output_layer: 0.223337
  VSN output std:
    encoder: 0.175786
  Attention entropy: 2.993102
  Saved to: experiments/02b_vintage_sweep/baseline_h14_drop0.30/collapse_monitoring/collapse_monitor_epoch4.json
Epoch 5: val_loss=0.45412740111351013
Epoch 5: train_loss=0.4783904254436493

[CollapseMonitor] Epoch 5
  [DEBUG] Processed 21 batches from val_dataloader
  [DEBUG] Predictions shape after concat: (1282,)
  [DEBUG] All predictions list length: 21
  [DEBUG] First batch shape: (64,)
  Pred std: 0.007056, range: 0.037023, mean: -0.000103
  Pos: 60.3%, Neg: 39.7%, Unique: 1228
  Saved validation predictions to: experiments/02b_vintage_sweep/baseline_h14_drop0.30/collapse_monitoring/val_predictions_epoch5.npy
  Gradient norms:
    lstm_encoder: 0.003098
    lstm_decoder: 0.002768
    multihead_attn: 0.001438
    output_layer: 0.140218
  VSN output std:
    encoder: 0.173875
  Attention entropy: 2.993291
  Saved to: experiments/02b_vintage_sweep/baseline_h14_drop0.30/collapse_monitoring/collapse_monitor_epoch5.json
Epoch 6: val_loss=0.45087650418281555
Epoch 6: train_loss=0.46534547209739685

[CollapseMonitor] Epoch 6
  [DEBUG] Processed 21 batches from val_dataloader
  [DEBUG] Predictions shape after concat: (1282,)
  [DEBUG] All predictions list length: 21
  [DEBUG] First batch shape: (64,)
  Pred std: 0.005498, range: 0.028686, mean: 0.003704
  Pos: 83.9%, Neg: 16.1%, Unique: 1233
  Saved validation predictions to: experiments/02b_vintage_sweep/baseline_h14_drop0.30/collapse_monitoring/val_predictions_epoch6.npy
  Gradient norms:
    lstm_encoder: 0.002392
    lstm_decoder: 0.002229
    multihead_attn: 0.001192
    output_layer: 0.110431
  VSN output std:
    encoder: 0.174442
  Attention entropy: 2.992943
  Saved to: experiments/02b_vintage_sweep/baseline_h14_drop0.30/collapse_monitoring/collapse_monitor_epoch6.json
Epoch 7: val_loss=0.45019373297691345
Epoch 7: train_loss=0.458972692489624

[CollapseMonitor] Epoch 7
  [DEBUG] Processed 21 batches from val_dataloader
  [DEBUG] Predictions shape after concat: (1282,)
  [DEBUG] All predictions list length: 21
  [DEBUG] First batch shape: (64,)
  Pred std: 0.004817, range: 0.024851, mean: 0.000552
  Pos: 66.8%, Neg: 33.2%, Unique: 1207
  Saved validation predictions to: experiments/02b_vintage_sweep/baseline_h14_drop0.30/collapse_monitoring/val_predictions_epoch7.npy
  Gradient norms:
    lstm_encoder: 0.002280
    lstm_decoder: 0.002058
    multihead_attn: 0.001047
    output_layer: 0.099697
  VSN output std:
    encoder: 0.175719
  Attention entropy: 2.992838
  Saved to: experiments/02b_vintage_sweep/baseline_h14_drop0.30/collapse_monitoring/collapse_monitor_epoch7.json
Epoch 8: val_loss=0.44927048683166504
Epoch 8: train_loss=0.45691627264022827

[CollapseMonitor] Epoch 8
  [DEBUG] Processed 21 batches from val_dataloader
  [DEBUG] Predictions shape after concat: (1282,)
  [DEBUG] All predictions list length: 21
  [DEBUG] First batch shape: (64,)
  Pred std: 0.004479, range: 0.023384, mean: 0.035137
  Pos: 100.0%, Neg: 0.0%, Unique: 1192
  Saved validation predictions to: experiments/02b_vintage_sweep/baseline_h14_drop0.30/collapse_monitoring/val_predictions_epoch8.npy
  Gradient norms:
    lstm_encoder: 0.002217
    lstm_decoder: 0.002127
    multihead_attn: 0.000993
    output_layer: 0.100209
  VSN output std:
    encoder: 0.177191
  Attention entropy: 2.992387
  Saved to: experiments/02b_vintage_sweep/baseline_h14_drop0.30/collapse_monitoring/collapse_monitor_epoch8.json
Epoch 9: val_loss=0.4488557279109955
Epoch 9: train_loss=0.4566422998905182

[CollapseMonitor] Epoch 9
  [DEBUG] Processed 21 batches from val_dataloader
  [DEBUG] Predictions shape after concat: (1282,)
  [DEBUG] All predictions list length: 21
  [DEBUG] First batch shape: (64,)
  Pred std: 0.003680, range: 0.018774, mean: 0.022394
  Pos: 100.0%, Neg: 0.0%, Unique: 1180
  Saved validation predictions to: experiments/02b_vintage_sweep/baseline_h14_drop0.30/collapse_monitoring/val_predictions_epoch9.npy
  Gradient norms:
    lstm_encoder: 0.002161
    lstm_decoder: 0.002010
    multihead_attn: 0.000924
    output_layer: 0.096798
  VSN output std:
    encoder: 0.178600
  Attention entropy: 2.991898
  Saved to: experiments/02b_vintage_sweep/baseline_h14_drop0.30/collapse_monitoring/collapse_monitor_epoch9.json
Epoch 10: val_loss=0.44859781861305237
Epoch 10: train_loss=0.45523396134376526

[CollapseMonitor] Epoch 10
  [DEBUG] Processed 21 batches from val_dataloader
  [DEBUG] Predictions shape after concat: (1282,)
  [DEBUG] All predictions list length: 21
  [DEBUG] First batch shape: (64,)
  Pred std: 0.003185, range: 0.017520, mean: 0.017599
  Pos: 100.0%, Neg: 0.0%, Unique: 1163
  Saved validation predictions to: experiments/02b_vintage_sweep/baseline_h14_drop0.30/collapse_monitoring/val_predictions_epoch10.npy
  Gradient norms:
    lstm_encoder: 0.002042
    lstm_decoder: 0.002020
    multihead_attn: 0.000878
    output_layer: 0.092520
  VSN output std:
    encoder: 0.174264
  Attention entropy: 2.992642
  Saved to: experiments/02b_vintage_sweep/baseline_h14_drop0.30/collapse_monitoring/collapse_monitor_epoch10.json
Epoch 11: val_loss=0.4482176601886749
Epoch 11: train_loss=0.45573535561561584

[CollapseMonitor] Epoch 11
  [DEBUG] Processed 21 batches from val_dataloader
  [DEBUG] Predictions shape after concat: (1282,)
  [DEBUG] All predictions list length: 21
  [DEBUG] First batch shape: (64,)
  Pred std: 0.002863, range: 0.016699, mean: 0.043510
  Pos: 100.0%, Neg: 0.0%, Unique: 1147
  Saved validation predictions to: experiments/02b_vintage_sweep/baseline_h14_drop0.30/collapse_monitoring/val_predictions_epoch11.npy
  Gradient norms:
    lstm_encoder: 0.001987
    lstm_decoder: 0.001878
    multihead_attn: 0.000796
    output_layer: 0.088563
  VSN output std:
    encoder: 0.174134
  Attention entropy: 2.992914
  Saved to: experiments/02b_vintage_sweep/baseline_h14_drop0.30/collapse_monitoring/collapse_monitor_epoch11.json
Epoch 12: val_loss=0.4479962885379791
Epoch 12: train_loss=0.4540902078151703

[CollapseMonitor] Epoch 12
  [DEBUG] Processed 21 batches from val_dataloader
  [DEBUG] Predictions shape after concat: (1282,)
  [DEBUG] All predictions list length: 21
  [DEBUG] First batch shape: (64,)
  Pred std: 0.003258, range: 0.019253, mean: 0.027812
  Pos: 100.0%, Neg: 0.0%, Unique: 1192
  Saved validation predictions to: experiments/02b_vintage_sweep/baseline_h14_drop0.30/collapse_monitoring/val_predictions_epoch12.npy
  Gradient norms:
    lstm_encoder: 0.002237
    lstm_decoder: 0.002007
    multihead_attn: 0.000746
    output_layer: 0.091990
  VSN output std:
    encoder: 0.174941
  Attention entropy: 2.991140
  Saved to: experiments/02b_vintage_sweep/baseline_h14_drop0.30/collapse_monitoring/collapse_monitor_epoch12.json
Epoch 13: val_loss=0.44826585054397583
Epoch 13: train_loss=0.45410388708114624

[CollapseMonitor] Epoch 13
  [DEBUG] Processed 21 batches from val_dataloader
  [DEBUG] Predictions shape after concat: (1282,)
  [DEBUG] All predictions list length: 21
  [DEBUG] First batch shape: (64,)
  Pred std: 0.003093, range: 0.016620, mean: 0.024709
  Pos: 100.0%, Neg: 0.0%, Unique: 1184
  Saved validation predictions to: experiments/02b_vintage_sweep/baseline_h14_drop0.30/collapse_monitoring/val_predictions_epoch13.npy
  Gradient norms:
    lstm_encoder: 0.002152
    lstm_decoder: 0.001880
    multihead_attn: 0.000730
    output_layer: 0.090556
  VSN output std:
    encoder: 0.188916
  Attention entropy: 2.987224
  Saved to: experiments/02b_vintage_sweep/baseline_h14_drop0.30/collapse_monitoring/collapse_monitor_epoch13.json
Epoch 14: val_loss=0.4479009211063385
Epoch 14: train_loss=0.4543539881706238

[CollapseMonitor] Epoch 14
  [DEBUG] Processed 21 batches from val_dataloader
  [DEBUG] Predictions shape after concat: (1282,)
  [DEBUG] All predictions list length: 21
  [DEBUG] First batch shape: (64,)
  Pred std: 0.003562, range: 0.019456, mean: 0.032933
  Pos: 100.0%, Neg: 0.0%, Unique: 1210
  Saved validation predictions to: experiments/02b_vintage_sweep/baseline_h14_drop0.30/collapse_monitoring/val_predictions_epoch14.npy
  Gradient norms:
    lstm_encoder: 0.002342
    lstm_decoder: 0.001943
    multihead_attn: 0.000709
    output_layer: 0.091877
  VSN output std:
    encoder: 0.208520
  Attention entropy: 2.984810
  Saved to: experiments/02b_vintage_sweep/baseline_h14_drop0.30/collapse_monitoring/collapse_monitor_epoch14.json
Epoch 15: val_loss=0.4475025236606598
Epoch 15: train_loss=0.4521861672401428

[CollapseMonitor] Epoch 15
  [DEBUG] Processed 21 batches from val_dataloader
  [DEBUG] Predictions shape after concat: (1282,)
  [DEBUG] All predictions list length: 21
  [DEBUG] First batch shape: (64,)
  Pred std: 0.004716, range: 0.028619, mean: 0.033305
  Pos: 100.0%, Neg: 0.0%, Unique: 1213
  Saved validation predictions to: experiments/02b_vintage_sweep/baseline_h14_drop0.30/collapse_monitoring/val_predictions_epoch15.npy
  Gradient norms:
    lstm_encoder: 0.002510
    lstm_decoder: 0.001823
    multihead_attn: 0.000680
    output_layer: 0.087186
  VSN output std:
    encoder: 0.227247
  Attention entropy: 2.985066
  Saved to: experiments/02b_vintage_sweep/baseline_h14_drop0.30/collapse_monitoring/collapse_monitor_epoch15.json
Epoch 16: val_loss=0.4464575946331024
Epoch 16: train_loss=0.4517730474472046

[CollapseMonitor] Epoch 16
  [DEBUG] Processed 21 batches from val_dataloader
  [DEBUG] Predictions shape after concat: (1282,)
  [DEBUG] All predictions list length: 21
  [DEBUG] First batch shape: (64,)
  Pred std: 0.005305, range: 0.028929, mean: 0.051527
  Pos: 100.0%, Neg: 0.0%, Unique: 1224
  Saved validation predictions to: experiments/02b_vintage_sweep/baseline_h14_drop0.30/collapse_monitoring/val_predictions_epoch16.npy
  Gradient norms:
    lstm_encoder: 0.003050
    lstm_decoder: 0.002064
    multihead_attn: 0.000750
    output_layer: 0.093432
  VSN output std:
    encoder: 0.199587
  Attention entropy: 2.986114
  Saved to: experiments/02b_vintage_sweep/baseline_h14_drop0.30/collapse_monitoring/collapse_monitor_epoch16.json
Epoch 17: val_loss=0.44512221217155457
Epoch 17: train_loss=0.45087936520576477

[CollapseMonitor] Epoch 17
  [DEBUG] Processed 21 batches from val_dataloader
  [DEBUG] Predictions shape after concat: (1282,)
  [DEBUG] All predictions list length: 21
  [DEBUG] First batch shape: (64,)
  Pred std: 0.006743, range: 0.040262, mean: 0.030207
  Pos: 100.0%, Neg: 0.0%, Unique: 1230
  Saved validation predictions to: experiments/02b_vintage_sweep/baseline_h14_drop0.30/collapse_monitoring/val_predictions_epoch17.npy
  Gradient norms:
    lstm_encoder: 0.003524
    lstm_decoder: 0.002003
    multihead_attn: 0.000746
    output_layer: 0.085935
  VSN output std:
    encoder: 0.171467
  Attention entropy: 2.988242
  Saved to: experiments/02b_vintage_sweep/baseline_h14_drop0.30/collapse_monitoring/collapse_monitor_epoch17.json
Epoch 18: val_loss=0.443033903837204
Epoch 18: train_loss=0.4518011808395386

[CollapseMonitor] Epoch 18
  [DEBUG] Processed 21 batches from val_dataloader
  [DEBUG] Predictions shape after concat: (1282,)
  [DEBUG] All predictions list length: 21
  [DEBUG] First batch shape: (64,)
  Pred std: 0.008180, range: 0.041629, mean: 0.002088
  Pos: 38.6%, Neg: 61.4%, Unique: 1209
  Saved validation predictions to: experiments/02b_vintage_sweep/baseline_h14_drop0.30/collapse_monitoring/val_predictions_epoch18.npy
  Gradient norms:
    lstm_encoder: 0.004083
    lstm_decoder: 0.002259
    multihead_attn: 0.000751
    output_layer: 0.090830
  VSN output std:
    encoder: 0.185218
  Attention entropy: 2.985215
  Saved to: experiments/02b_vintage_sweep/baseline_h14_drop0.30/collapse_monitoring/collapse_monitor_epoch18.json
Epoch 19: val_loss=0.44088515639305115
Epoch 19: train_loss=0.44996118545532227

[CollapseMonitor] Epoch 19
  [DEBUG] Processed 21 batches from val_dataloader
  [DEBUG] Predictions shape after concat: (1282,)
  [DEBUG] All predictions list length: 21
  [DEBUG] First batch shape: (64,)
  Pred std: 0.009202, range: 0.043830, mean: 0.006973
  Pos: 85.9%, Neg: 14.1%, Unique: 1230
  Saved validation predictions to: experiments/02b_vintage_sweep/baseline_h14_drop0.30/collapse_monitoring/val_predictions_epoch19.npy
  Gradient norms:
    lstm_encoder: 0.004564
    lstm_decoder: 0.002387
    multihead_attn: 0.000749
    output_layer: 0.094428
  VSN output std:
    encoder: 0.200889
  Attention entropy: 2.985562
  Saved to: experiments/02b_vintage_sweep/baseline_h14_drop0.30/collapse_monitoring/collapse_monitor_epoch19.json
Epoch 20: val_loss=0.43708574771881104
Epoch 20: train_loss=0.44831961393356323

[CollapseMonitor] Epoch 20
  [DEBUG] Processed 21 batches from val_dataloader
  [DEBUG] Predictions shape after concat: (1282,)
  [DEBUG] All predictions list length: 21
  [DEBUG] First batch shape: (64,)
  Pred std: 0.016929, range: 0.071159, mean: 0.036807
  Pos: 100.0%, Neg: 0.0%, Unique: 1238
  Saved validation predictions to: experiments/02b_vintage_sweep/baseline_h14_drop0.30/collapse_monitoring/val_predictions_epoch20.npy
  Gradient norms:
    lstm_encoder: 0.005591
    lstm_decoder: 0.002644
    multihead_attn: 0.000773
    output_layer: 0.097626
  VSN output std:
    encoder: 0.219952
  Attention entropy: 2.989399
  Saved to: experiments/02b_vintage_sweep/baseline_h14_drop0.30/collapse_monitoring/collapse_monitor_epoch20.json
Epoch 21: val_loss=0.43280819058418274
Epoch 21: train_loss=0.44549569487571716

[CollapseMonitor] Epoch 21
  [DEBUG] Processed 21 batches from val_dataloader
  [DEBUG] Predictions shape after concat: (1282,)
  [DEBUG] All predictions list length: 21
  [DEBUG] First batch shape: (64,)
  Pred std: 0.019404, range: 0.090477, mean: 0.068074
  Pos: 100.0%, Neg: 0.0%, Unique: 1249
  Saved validation predictions to: experiments/02b_vintage_sweep/baseline_h14_drop0.30/collapse_monitoring/val_predictions_epoch21.npy
  Gradient norms:
    lstm_encoder: 0.005840
    lstm_decoder: 0.002602
    multihead_attn: 0.000849
    output_layer: 0.095235
  VSN output std:
    encoder: 0.232008
  Attention entropy: 2.990469
  Saved to: experiments/02b_vintage_sweep/baseline_h14_drop0.30/collapse_monitoring/collapse_monitor_epoch21.json
Epoch 22: val_loss=0.42955178022384644
Epoch 22: train_loss=0.4428231716156006

[CollapseMonitor] Epoch 22
  [DEBUG] Processed 21 batches from val_dataloader
  [DEBUG] Predictions shape after concat: (1282,)
  [DEBUG] All predictions list length: 21
  [DEBUG] First batch shape: (64,)
  Pred std: 0.024011, range: 0.104570, mean: 0.036644
  Pos: 100.0%, Neg: 0.0%, Unique: 1240
  Saved validation predictions to: experiments/02b_vintage_sweep/baseline_h14_drop0.30/collapse_monitoring/val_predictions_epoch22.npy
  Gradient norms:
    lstm_encoder: 0.005925
    lstm_decoder: 0.002715
    multihead_attn: 0.000978
    output_layer: 0.095044
  VSN output std:
    encoder: 0.238053
  Attention entropy: 2.989740
  Saved to: experiments/02b_vintage_sweep/baseline_h14_drop0.30/collapse_monitoring/collapse_monitor_epoch22.json
Epoch 23: val_loss=0.427045613527298
Epoch 23: train_loss=0.44115597009658813

[CollapseMonitor] Epoch 23
  [DEBUG] Processed 21 batches from val_dataloader
  [DEBUG] Predictions shape after concat: (1282,)
  [DEBUG] All predictions list length: 21
  [DEBUG] First batch shape: (64,)
  Pred std: 0.020519, range: 0.105406, mean: 0.063073
  Pos: 100.0%, Neg: 0.0%, Unique: 1257
  Saved validation predictions to: experiments/02b_vintage_sweep/baseline_h14_drop0.30/collapse_monitoring/val_predictions_epoch23.npy
  Gradient norms:
    lstm_encoder: 0.006071
    lstm_decoder: 0.002804
    multihead_attn: 0.001098
    output_layer: 0.092088
  VSN output std:
    encoder: 0.246075
  Attention entropy: 2.989789
  Saved to: experiments/02b_vintage_sweep/baseline_h14_drop0.30/collapse_monitoring/collapse_monitor_epoch23.json
Epoch 24: val_loss=0.42468932271003723
Epoch 24: train_loss=0.4376099705696106

[CollapseMonitor] Epoch 24
  [DEBUG] Processed 21 batches from val_dataloader
  [DEBUG] Predictions shape after concat: (1282,)
  [DEBUG] All predictions list length: 21
  [DEBUG] First batch shape: (64,)
  Pred std: 0.019406, range: 0.108391, mean: 0.027992
  Pos: 94.4%, Neg: 5.6%, Unique: 1256
  Saved validation predictions to: experiments/02b_vintage_sweep/baseline_h14_drop0.30/collapse_monitoring/val_predictions_epoch24.npy
  Gradient norms:
    lstm_encoder: 0.006689
    lstm_decoder: 0.003086
    multihead_attn: 0.001355
    output_layer: 0.095762
  VSN output std:
    encoder: 0.251818
  Attention entropy: 2.989574
  Saved to: experiments/02b_vintage_sweep/baseline_h14_drop0.30/collapse_monitoring/collapse_monitor_epoch24.json
Epoch 25: val_loss=0.4221331775188446
Epoch 25: train_loss=0.43821364641189575

[CollapseMonitor] Epoch 25
  [DEBUG] Processed 21 batches from val_dataloader
  [DEBUG] Predictions shape after concat: (1282,)
  [DEBUG] All predictions list length: 21
  [DEBUG] First batch shape: (64,)
  Pred std: 0.020781, range: 0.110543, mean: 0.043898
  Pos: 99.0%, Neg: 1.0%, Unique: 1248
  Saved validation predictions to: experiments/02b_vintage_sweep/baseline_h14_drop0.30/collapse_monitoring/val_predictions_epoch25.npy
  Gradient norms:
    lstm_encoder: 0.007523
    lstm_decoder: 0.003312
    multihead_attn: 0.001373
    output_layer: 0.095166
  VSN output std:
    encoder: 0.258737
  Attention entropy: 2.988728
  Saved to: experiments/02b_vintage_sweep/baseline_h14_drop0.30/collapse_monitoring/collapse_monitor_epoch25.json
Epoch 26: val_loss=0.42100489139556885
Epoch 26: train_loss=0.436652809381485

[CollapseMonitor] Epoch 26
  [DEBUG] Processed 21 batches from val_dataloader
  [DEBUG] Predictions shape after concat: (1282,)
  [DEBUG] All predictions list length: 21
  [DEBUG] First batch shape: (64,)
  Pred std: 0.019211, range: 0.104337, mean: 0.034927
  Pos: 96.3%, Neg: 3.7%, Unique: 1257
  Saved validation predictions to: experiments/02b_vintage_sweep/baseline_h14_drop0.30/collapse_monitoring/val_predictions_epoch26.npy
  Gradient norms:
    lstm_encoder: 0.006938
    lstm_decoder: 0.003254
    multihead_attn: 0.001357
    output_layer: 0.096320
  VSN output std:
    encoder: 0.256189
  Attention entropy: 2.987378
  Saved to: experiments/02b_vintage_sweep/baseline_h14_drop0.30/collapse_monitoring/collapse_monitor_epoch26.json
Epoch 27: val_loss=0.41871505975723267
Epoch 27: train_loss=0.4349697530269623

[CollapseMonitor] Epoch 27
  [DEBUG] Processed 21 batches from val_dataloader
  [DEBUG] Predictions shape after concat: (1282,)
  [DEBUG] All predictions list length: 21
  [DEBUG] First batch shape: (64,)
  Pred std: 0.019670, range: 0.107082, mean: 0.039741
  Pos: 96.1%, Neg: 3.9%, Unique: 1256
  Saved validation predictions to: experiments/02b_vintage_sweep/baseline_h14_drop0.30/collapse_monitoring/val_predictions_epoch27.npy
  Gradient norms:
    lstm_encoder: 0.007983
    lstm_decoder: 0.003690
    multihead_attn: 0.001583
    output_layer: 0.094004
  VSN output std:
    encoder: 0.262180
  Attention entropy: 2.986956
  Saved to: experiments/02b_vintage_sweep/baseline_h14_drop0.30/collapse_monitoring/collapse_monitor_epoch27.json
Epoch 28: val_loss=0.41698017716407776
Epoch 28: train_loss=0.4334346652030945

[CollapseMonitor] Epoch 28
  [DEBUG] Processed 21 batches from val_dataloader
  [DEBUG] Predictions shape after concat: (1282,)
  [DEBUG] All predictions list length: 21
  [DEBUG] First batch shape: (64,)
  Pred std: 0.022394, range: 0.116599, mean: 0.064908
  Pos: 100.0%, Neg: 0.0%, Unique: 1266
  Saved validation predictions to: experiments/02b_vintage_sweep/baseline_h14_drop0.30/collapse_monitoring/val_predictions_epoch28.npy
  Gradient norms:
    lstm_encoder: 0.008062
    lstm_decoder: 0.003623
    multihead_attn: 0.001620
    output_layer: 0.092172
  VSN output std:
    encoder: 0.265684
  Attention entropy: 2.986915
  Saved to: experiments/02b_vintage_sweep/baseline_h14_drop0.30/collapse_monitoring/collapse_monitor_epoch28.json
Epoch 29: val_loss=0.4155457615852356
Epoch 29: train_loss=0.43176472187042236

[CollapseMonitor] Epoch 29
  [DEBUG] Processed 21 batches from val_dataloader
  [DEBUG] Predictions shape after concat: (1282,)
  [DEBUG] All predictions list length: 21
  [DEBUG] First batch shape: (64,)
  Pred std: 0.018955, range: 0.089184, mean: 0.038688
  Pos: 100.0%, Neg: 0.0%, Unique: 1259
  Saved validation predictions to: experiments/02b_vintage_sweep/baseline_h14_drop0.30/collapse_monitoring/val_predictions_epoch29.npy
  Gradient norms:
    lstm_encoder: 0.008160
    lstm_decoder: 0.003760
    multihead_attn: 0.001607
    output_layer: 0.089603
  VSN output std:
    encoder: 0.264048
  Attention entropy: 2.983186
  Saved to: experiments/02b_vintage_sweep/baseline_h14_drop0.30/collapse_monitoring/collapse_monitor_epoch29.json
Epoch 30: val_loss=0.41493821144104004
Epoch 30: train_loss=0.43237775564193726

[CollapseMonitor] Epoch 30
  [DEBUG] Processed 21 batches from val_dataloader
  [DEBUG] Predictions shape after concat: (1282,)
  [DEBUG] All predictions list length: 21
  [DEBUG] First batch shape: (64,)
  Pred std: 0.015949, range: 0.086432, mean: 0.037556
  Pos: 100.0%, Neg: 0.0%, Unique: 1262
  Saved validation predictions to: experiments/02b_vintage_sweep/baseline_h14_drop0.30/collapse_monitoring/val_predictions_epoch30.npy
  Gradient norms:
    lstm_encoder: 0.008767
    lstm_decoder: 0.004104
    multihead_attn: 0.001899
    output_layer: 0.089757
  VSN output std:
    encoder: 0.262487
  Attention entropy: 2.985763
  Saved to: experiments/02b_vintage_sweep/baseline_h14_drop0.30/collapse_monitoring/collapse_monitor_epoch30.json
Epoch 31: val_loss=0.4143823981285095
Epoch 31: train_loss=0.43112021684646606

[CollapseMonitor] Epoch 31
  [DEBUG] Processed 21 batches from val_dataloader
  [DEBUG] Predictions shape after concat: (1282,)
  [DEBUG] All predictions list length: 21
  [DEBUG] First batch shape: (64,)
  Pred std: 0.016624, range: 0.083446, mean: 0.041123
  Pos: 100.0%, Neg: 0.0%, Unique: 1259
  Saved validation predictions to: experiments/02b_vintage_sweep/baseline_h14_drop0.30/collapse_monitoring/val_predictions_epoch31.npy
  Gradient norms:
    lstm_encoder: 0.009270
    lstm_decoder: 0.004331
    multihead_attn: 0.001880
    output_layer: 0.092033
  VSN output std:
    encoder: 0.254796
  Attention entropy: 2.984161
  Saved to: experiments/02b_vintage_sweep/baseline_h14_drop0.30/collapse_monitoring/collapse_monitor_epoch31.json
Epoch 32: val_loss=0.41336265206336975
Epoch 32: train_loss=0.4283905327320099

[CollapseMonitor] Epoch 32
  [DEBUG] Processed 21 batches from val_dataloader
  [DEBUG] Predictions shape after concat: (1282,)
  [DEBUG] All predictions list length: 21
  [DEBUG] First batch shape: (64,)
  Pred std: 0.020923, range: 0.088899, mean: 0.047540
  Pos: 100.0%, Neg: 0.0%, Unique: 1261
  Saved validation predictions to: experiments/02b_vintage_sweep/baseline_h14_drop0.30/collapse_monitoring/val_predictions_epoch32.npy
  Gradient norms:
    lstm_encoder: 0.010131
    lstm_decoder: 0.004666
    multihead_attn: 0.001980
    output_layer: 0.089601
  VSN output std:
    encoder: 0.245788
  Attention entropy: 2.983289
  Saved to: experiments/02b_vintage_sweep/baseline_h14_drop0.30/collapse_monitoring/collapse_monitor_epoch32.json
Epoch 33: val_loss=0.4122820496559143
Epoch 33: train_loss=0.4287969768047333

[CollapseMonitor] Epoch 33
  [DEBUG] Processed 21 batches from val_dataloader
  [DEBUG] Predictions shape after concat: (1282,)
  [DEBUG] All predictions list length: 21
  [DEBUG] First batch shape: (64,)
  Pred std: 0.016211, range: 0.078147, mean: 0.050684
  Pos: 100.0%, Neg: 0.0%, Unique: 1265
  Saved validation predictions to: experiments/02b_vintage_sweep/baseline_h14_drop0.30/collapse_monitoring/val_predictions_epoch33.npy
  Gradient norms:
    lstm_encoder: 0.010503
    lstm_decoder: 0.004948
    multihead_attn: 0.001944
    output_layer: 0.089995
  VSN output std:
    encoder: 0.246164
  Attention entropy: 2.984224
  Saved to: experiments/02b_vintage_sweep/baseline_h14_drop0.30/collapse_monitoring/collapse_monitor_epoch33.json
Epoch 34: val_loss=0.41074293851852417
Epoch 34: train_loss=0.4285512864589691

[CollapseMonitor] Epoch 34
  [DEBUG] Processed 21 batches from val_dataloader
  [DEBUG] Predictions shape after concat: (1282,)
  [DEBUG] All predictions list length: 21
  [DEBUG] First batch shape: (64,)
  Pred std: 0.023631, range: 0.094955, mean: 0.046222
  Pos: 100.0%, Neg: 0.0%, Unique: 1268
  Saved validation predictions to: experiments/02b_vintage_sweep/baseline_h14_drop0.30/collapse_monitoring/val_predictions_epoch34.npy
  Gradient norms:
    lstm_encoder: 0.009810
    lstm_decoder: 0.004924
    multihead_attn: 0.001874
    output_layer: 0.096374
  VSN output std:
    encoder: 0.254063
  Attention entropy: 2.982441
  Saved to: experiments/02b_vintage_sweep/baseline_h14_drop0.30/collapse_monitoring/collapse_monitor_epoch34.json
Epoch 35: val_loss=0.41028204560279846
Epoch 35: train_loss=0.42726394534111023

[CollapseMonitor] Epoch 35
  [DEBUG] Processed 21 batches from val_dataloader
  [DEBUG] Predictions shape after concat: (1282,)
  [DEBUG] All predictions list length: 21
  [DEBUG] First batch shape: (64,)
  Pred std: 0.024988, range: 0.115219, mean: 0.023936
  Pos: 81.2%, Neg: 18.8%, Unique: 1265
  Saved validation predictions to: experiments/02b_vintage_sweep/baseline_h14_drop0.30/collapse_monitoring/val_predictions_epoch35.npy
  Gradient norms:
    lstm_encoder: 0.010067
    lstm_decoder: 0.005125
    multihead_attn: 0.001942
    output_layer: 0.091186
  VSN output std:
    encoder: 0.253629
  Attention entropy: 2.984317
  Saved to: experiments/02b_vintage_sweep/baseline_h14_drop0.30/collapse_monitoring/collapse_monitor_epoch35.json
Epoch 36: val_loss=0.4094943404197693
Epoch 36: train_loss=0.4263233542442322

[CollapseMonitor] Epoch 36
  [DEBUG] Processed 21 batches from val_dataloader
  [DEBUG] Predictions shape after concat: (1282,)
  [DEBUG] All predictions list length: 21
  [DEBUG] First batch shape: (64,)
  Pred std: 0.021885, range: 0.110521, mean: 0.060025
  Pos: 100.0%, Neg: 0.0%, Unique: 1261
  Saved validation predictions to: experiments/02b_vintage_sweep/baseline_h14_drop0.30/collapse_monitoring/val_predictions_epoch36.npy
  Gradient norms:
    lstm_encoder: 0.010377
    lstm_decoder: 0.005347
    multihead_attn: 0.002017
    output_layer: 0.092372
  VSN output std:
    encoder: 0.247172
  Attention entropy: 2.983517
  Saved to: experiments/02b_vintage_sweep/baseline_h14_drop0.30/collapse_monitoring/collapse_monitor_epoch36.json
Epoch 37: val_loss=0.4091254472732544
Epoch 37: train_loss=0.42696523666381836

[CollapseMonitor] Epoch 37
  [DEBUG] Processed 21 batches from val_dataloader
  [DEBUG] Predictions shape after concat: (1282,)
  [DEBUG] All predictions list length: 21
  [DEBUG] First batch shape: (64,)
  Pred std: 0.016458, range: 0.095451, mean: 0.043513
  Pos: 100.0%, Neg: 0.0%, Unique: 1261
  Saved validation predictions to: experiments/02b_vintage_sweep/baseline_h14_drop0.30/collapse_monitoring/val_predictions_epoch37.npy
  Gradient norms:
    lstm_encoder: 0.010928
    lstm_decoder: 0.005571
    multihead_attn: 0.002078
    output_layer: 0.089934
  VSN output std:
    encoder: 0.253416
  Attention entropy: 2.984444
  Saved to: experiments/02b_vintage_sweep/baseline_h14_drop0.30/collapse_monitoring/collapse_monitor_epoch37.json
Epoch 38: val_loss=0.4086570739746094
Epoch 38: train_loss=0.4268050789833069

[CollapseMonitor] Epoch 38
  [DEBUG] Processed 21 batches from val_dataloader
  [DEBUG] Predictions shape after concat: (1282,)
  [DEBUG] All predictions list length: 21
  [DEBUG] First batch shape: (64,)
  Pred std: 0.021671, range: 0.135510, mean: 0.008662
  Pos: 57.6%, Neg: 42.4%, Unique: 1253
  Saved validation predictions to: experiments/02b_vintage_sweep/baseline_h14_drop0.30/collapse_monitoring/val_predictions_epoch38.npy
  Gradient norms:
    lstm_encoder: 0.010960
    lstm_decoder: 0.005925
    multihead_attn: 0.002240
    output_layer: 0.099255
  VSN output std:
    encoder: 0.264240
  Attention entropy: 2.982584
  Saved to: experiments/02b_vintage_sweep/baseline_h14_drop0.30/collapse_monitoring/collapse_monitor_epoch38.json
Epoch 39: val_loss=0.40775418281555176
Epoch 39: train_loss=0.4266294836997986

[CollapseMonitor] Epoch 39
  [DEBUG] Processed 21 batches from val_dataloader
  [DEBUG] Predictions shape after concat: (1282,)
  [DEBUG] All predictions list length: 21
  [DEBUG] First batch shape: (64,)
  Pred std: 0.015937, range: 0.094664, mean: 0.062506
  Pos: 100.0%, Neg: 0.0%, Unique: 1268
  Saved validation predictions to: experiments/02b_vintage_sweep/baseline_h14_drop0.30/collapse_monitoring/val_predictions_epoch39.npy
  Gradient norms:
    lstm_encoder: 0.011467
    lstm_decoder: 0.006047
    multihead_attn: 0.002158
    output_layer: 0.091167
  VSN output std:
    encoder: 0.250302
  Attention entropy: 2.982813
  Saved to: experiments/02b_vintage_sweep/baseline_h14_drop0.30/collapse_monitoring/collapse_monitor_epoch39.json
Epoch 40: val_loss=0.4082249402999878
Epoch 40: train_loss=0.4256688058376312

[CollapseMonitor] Epoch 40
  [DEBUG] Processed 21 batches from val_dataloader
  [DEBUG] Predictions shape after concat: (1282,)
  [DEBUG] All predictions list length: 21
  [DEBUG] First batch shape: (64,)
  Pred std: 0.012717, range: 0.063337, mean: 0.052785
  Pos: 100.0%, Neg: 0.0%, Unique: 1260
  Saved validation predictions to: experiments/02b_vintage_sweep/baseline_h14_drop0.30/collapse_monitoring/val_predictions_epoch40.npy
  Gradient norms:
    lstm_encoder: 0.011165
    lstm_decoder: 0.005990
    multihead_attn: 0.002038
    output_layer: 0.099343
  VSN output std:
    encoder: 0.247800
  Attention entropy: 2.980494
  Saved to: experiments/02b_vintage_sweep/baseline_h14_drop0.30/collapse_monitoring/collapse_monitor_epoch40.json
Epoch 41: val_loss=0.40629661083221436
Epoch 41: train_loss=0.424765944480896

[CollapseMonitor] Epoch 41
  [DEBUG] Processed 21 batches from val_dataloader
  [DEBUG] Predictions shape after concat: (1282,)
  [DEBUG] All predictions list length: 21
  [DEBUG] First batch shape: (64,)
  Pred std: 0.025498, range: 0.144395, mean: 0.061112
  Pos: 100.0%, Neg: 0.0%, Unique: 1269
  Saved validation predictions to: experiments/02b_vintage_sweep/baseline_h14_drop0.30/collapse_monitoring/val_predictions_epoch41.npy
  Gradient norms:
    lstm_encoder: 0.011870
    lstm_decoder: 0.006426
    multihead_attn: 0.001989
    output_layer: 0.086980
  VSN output std:
    encoder: 0.237479
  Attention entropy: 2.981279
  Saved to: experiments/02b_vintage_sweep/baseline_h14_drop0.30/collapse_monitoring/collapse_monitor_epoch41.json
Epoch 42: val_loss=0.4074225127696991
Epoch 42: train_loss=0.4252716898918152

[CollapseMonitor] Epoch 42
  [DEBUG] Processed 21 batches from val_dataloader
  [DEBUG] Predictions shape after concat: (1282,)
  [DEBUG] All predictions list length: 21
  [DEBUG] First batch shape: (64,)
  Pred std: 0.026163, range: 0.139413, mean: 0.057973
  Pos: 100.0%, Neg: 0.0%, Unique: 1271
  Saved validation predictions to: experiments/02b_vintage_sweep/baseline_h14_drop0.30/collapse_monitoring/val_predictions_epoch42.npy
  Gradient norms:
    lstm_encoder: 0.012190
    lstm_decoder: 0.006477
    multihead_attn: 0.001922
    output_layer: 0.091595
  VSN output std:
    encoder: 0.223700
  Attention entropy: 2.980736
  Saved to: experiments/02b_vintage_sweep/baseline_h14_drop0.30/collapse_monitoring/collapse_monitor_epoch42.json
Epoch 43: val_loss=0.40567684173583984
Epoch 43: train_loss=0.4258759617805481

[CollapseMonitor] Epoch 43
  [DEBUG] Processed 21 batches from val_dataloader
  [DEBUG] Predictions shape after concat: (1282,)
  [DEBUG] All predictions list length: 21
  [DEBUG] First batch shape: (64,)
  Pred std: 0.024523, range: 0.133882, mean: 0.057622
  Pos: 100.0%, Neg: 0.0%, Unique: 1267
  Saved validation predictions to: experiments/02b_vintage_sweep/baseline_h14_drop0.30/collapse_monitoring/val_predictions_epoch43.npy
  Gradient norms:
    lstm_encoder: 0.014002
    lstm_decoder: 0.007245
    multihead_attn: 0.001901
    output_layer: 0.098670
  VSN output std:
    encoder: 0.239184
  Attention entropy: 2.980620
  Saved to: experiments/02b_vintage_sweep/baseline_h14_drop0.30/collapse_monitoring/collapse_monitor_epoch43.json
Epoch 44: val_loss=0.4057374894618988
Epoch 44: train_loss=0.4242296814918518

[CollapseMonitor] Epoch 44
  [DEBUG] Processed 21 batches from val_dataloader
  [DEBUG] Predictions shape after concat: (1282,)
  [DEBUG] All predictions list length: 21
  [DEBUG] First batch shape: (64,)
  Pred std: 0.028474, range: 0.163452, mean: 0.045163
  Pos: 100.0%, Neg: 0.0%, Unique: 1269
  Saved validation predictions to: experiments/02b_vintage_sweep/baseline_h14_drop0.30/collapse_monitoring/val_predictions_epoch44.npy
  Gradient norms:
    lstm_encoder: 0.013219
    lstm_decoder: 0.007040
    multihead_attn: 0.001958
    output_layer: 0.092431
  VSN output std:
    encoder: 0.236409
  Attention entropy: 2.978641
  Saved to: experiments/02b_vintage_sweep/baseline_h14_drop0.30/collapse_monitoring/collapse_monitor_epoch44.json
Epoch 45: val_loss=0.40373650193214417
Epoch 45: train_loss=0.42458346486091614

[CollapseMonitor] Epoch 45
  [DEBUG] Processed 21 batches from val_dataloader
  [DEBUG] Predictions shape after concat: (1282,)
  [DEBUG] All predictions list length: 21
  [DEBUG] First batch shape: (64,)
  Pred std: 0.030679, range: 0.173341, mean: 0.078504
  Pos: 100.0%, Neg: 0.0%, Unique: 1264
  Saved validation predictions to: experiments/02b_vintage_sweep/baseline_h14_drop0.30/collapse_monitoring/val_predictions_epoch45.npy
  Gradient norms:
    lstm_encoder: 0.013910
    lstm_decoder: 0.007284
    multihead_attn: 0.001916
    output_layer: 0.093702
  VSN output std:
    encoder: 0.236878
  Attention entropy: 2.977804
  Saved to: experiments/02b_vintage_sweep/baseline_h14_drop0.30/collapse_monitoring/collapse_monitor_epoch45.json
Epoch 46: val_loss=0.4042017161846161
Epoch 46: train_loss=0.42435288429260254

[CollapseMonitor] Epoch 46
  [DEBUG] Processed 21 batches from val_dataloader
  [DEBUG] Predictions shape after concat: (1282,)
  [DEBUG] All predictions list length: 21
  [DEBUG] First batch shape: (64,)
  Pred std: 0.035028, range: 0.198009, mean: 0.083133
  Pos: 100.0%, Neg: 0.0%, Unique: 1274
  Saved validation predictions to: experiments/02b_vintage_sweep/baseline_h14_drop0.30/collapse_monitoring/val_predictions_epoch46.npy
  Gradient norms:
    lstm_encoder: 0.014690
    lstm_decoder: 0.008007
    multihead_attn: 0.001967
    output_layer: 0.093549
  VSN output std:
    encoder: 0.231780
  Attention entropy: 2.980407
  Saved to: experiments/02b_vintage_sweep/baseline_h14_drop0.30/collapse_monitoring/collapse_monitor_epoch46.json
Epoch 47: val_loss=0.4053460955619812
Epoch 47: train_loss=0.4237564504146576

[CollapseMonitor] Epoch 47
  [DEBUG] Processed 21 batches from val_dataloader
  [DEBUG] Predictions shape after concat: (1282,)
  [DEBUG] All predictions list length: 21
  [DEBUG] First batch shape: (64,)
  Pred std: 0.035331, range: 0.211488, mean: 0.040514
  Pos: 99.6%, Neg: 0.4%, Unique: 1265
  Saved validation predictions to: experiments/02b_vintage_sweep/baseline_h14_drop0.30/collapse_monitoring/val_predictions_epoch47.npy
  Gradient norms:
    lstm_encoder: 0.015951
    lstm_decoder: 0.007684
    multihead_attn: 0.001939
    output_layer: 0.094012
  VSN output std:
    encoder: 0.222758
  Attention entropy: 2.979195
  Saved to: experiments/02b_vintage_sweep/baseline_h14_drop0.30/collapse_monitoring/collapse_monitor_epoch47.json
Epoch 48: val_loss=0.4042430818080902
Epoch 48: train_loss=0.4233245551586151

[CollapseMonitor] Epoch 48
  [DEBUG] Processed 21 batches from val_dataloader
  [DEBUG] Predictions shape after concat: (1282,)
  [DEBUG] All predictions list length: 21
  [DEBUG] First batch shape: (64,)
  Pred std: 0.039311, range: 0.223690, mean: 0.060958
  Pos: 100.0%, Neg: 0.0%, Unique: 1274
  Saved validation predictions to: experiments/02b_vintage_sweep/baseline_h14_drop0.30/collapse_monitoring/val_predictions_epoch48.npy
  Gradient norms:
    lstm_encoder: 0.016030
    lstm_decoder: 0.007482
    multihead_attn: 0.001832
    output_layer: 0.092141
  VSN output std:
    encoder: 0.225645
  Attention entropy: 2.978822
  Saved to: experiments/02b_vintage_sweep/baseline_h14_drop0.30/collapse_monitoring/collapse_monitor_epoch48.json
Epoch 49: val_loss=0.4037172794342041
Epoch 49: train_loss=0.422487735748291

[CollapseMonitor] Epoch 49
  [DEBUG] Processed 21 batches from val_dataloader
  [DEBUG] Predictions shape after concat: (1282,)
  [DEBUG] All predictions list length: 21
  [DEBUG] First batch shape: (64,)
  Pred std: 0.037376, range: 0.217244, mean: 0.064054
  Pos: 100.0%, Neg: 0.0%, Unique: 1269
  Saved validation predictions to: experiments/02b_vintage_sweep/baseline_h14_drop0.30/collapse_monitoring/val_predictions_epoch49.npy
  Gradient norms:
    lstm_encoder: 0.018623
    lstm_decoder: 0.008381
    multihead_attn: 0.001975
    output_layer: 0.094747
  VSN output std:
    encoder: 0.223793
  Attention entropy: 2.978533
  Saved to: experiments/02b_vintage_sweep/baseline_h14_drop0.30/collapse_monitoring/collapse_monitor_epoch49.json
Epoch 50: val_loss=0.40391266345977783
Epoch 50: train_loss=0.4224335551261902

[CollapseMonitor] Epoch 50
  [DEBUG] Processed 21 batches from val_dataloader
  [DEBUG] Predictions shape after concat: (1282,)
  [DEBUG] All predictions list length: 21
  [DEBUG] First batch shape: (64,)
  Pred std: 0.041279, range: 0.226789, mean: 0.083764
  Pos: 100.0%, Neg: 0.0%, Unique: 1272
  Saved validation predictions to: experiments/02b_vintage_sweep/baseline_h14_drop0.30/collapse_monitoring/val_predictions_epoch50.npy
  Gradient norms:
    lstm_encoder: 0.018159
    lstm_decoder: 0.008088
    multihead_attn: 0.001871
    output_layer: 0.090859
  VSN output std:
    encoder: 0.217301
  Attention entropy: 2.976363
  Saved to: experiments/02b_vintage_sweep/baseline_h14_drop0.30/collapse_monitoring/collapse_monitor_epoch50.json
Epoch 51: val_loss=0.4034915566444397
Epoch 51: train_loss=0.4231061041355133

[CollapseMonitor] Epoch 51
  [DEBUG] Processed 21 batches from val_dataloader
  [DEBUG] Predictions shape after concat: (1282,)
  [DEBUG] All predictions list length: 21
  [DEBUG] First batch shape: (64,)
  Pred std: 0.038883, range: 0.220585, mean: 0.054573
  Pos: 100.0%, Neg: 0.0%, Unique: 1269
  Saved validation predictions to: experiments/02b_vintage_sweep/baseline_h14_drop0.30/collapse_monitoring/val_predictions_epoch51.npy
  Gradient norms:
    lstm_encoder: 0.018609
    lstm_decoder: 0.008301
    multihead_attn: 0.001962
    output_layer: 0.095904
  VSN output std:
    encoder: 0.228111
  Attention entropy: 2.975882
  Saved to: experiments/02b_vintage_sweep/baseline_h14_drop0.30/collapse_monitoring/collapse_monitor_epoch51.json
Epoch 52: val_loss=0.4030294716358185
Epoch 52: train_loss=0.4225119352340698

[CollapseMonitor] Epoch 52
  [DEBUG] Processed 21 batches from val_dataloader
  [DEBUG] Predictions shape after concat: (1282,)
  [DEBUG] All predictions list length: 21
  [DEBUG] First batch shape: (64,)
  Pred std: 0.037813, range: 0.213768, mean: 0.049394
  Pos: 100.0%, Neg: 0.0%, Unique: 1261
  Saved validation predictions to: experiments/02b_vintage_sweep/baseline_h14_drop0.30/collapse_monitoring/val_predictions_epoch52.npy
  Gradient norms:
    lstm_encoder: 0.018832
    lstm_decoder: 0.008234
    multihead_attn: 0.001772
    output_layer: 0.093302
  VSN output std:
    encoder: 0.228820
  Attention entropy: 2.974489
  Saved to: experiments/02b_vintage_sweep/baseline_h14_drop0.30/collapse_monitoring/collapse_monitor_epoch52.json
Epoch 53: val_loss=0.4028739333152771
Epoch 53: train_loss=0.4231182336807251

[CollapseMonitor] Epoch 53
  [DEBUG] Processed 21 batches from val_dataloader
  [DEBUG] Predictions shape after concat: (1282,)
  [DEBUG] All predictions list length: 21
  [DEBUG] First batch shape: (64,)
  Pred std: 0.033672, range: 0.185014, mean: 0.061257
  Pos: 100.0%, Neg: 0.0%, Unique: 1271
  Saved validation predictions to: experiments/02b_vintage_sweep/baseline_h14_drop0.30/collapse_monitoring/val_predictions_epoch53.npy
  Gradient norms:
    lstm_encoder: 0.021170
    lstm_decoder: 0.008559
    multihead_attn: 0.002009
    output_layer: 0.094109
  VSN output std:
    encoder: 0.226236
  Attention entropy: 2.971922
  Saved to: experiments/02b_vintage_sweep/baseline_h14_drop0.30/collapse_monitoring/collapse_monitor_epoch53.json
Epoch 54: val_loss=0.4039051830768585
Epoch 54: train_loss=0.4229901134967804

[CollapseMonitor] Epoch 54
  [DEBUG] Processed 21 batches from val_dataloader
  [DEBUG] Predictions shape after concat: (1282,)
  [DEBUG] All predictions list length: 21
  [DEBUG] First batch shape: (64,)
  Pred std: 0.034291, range: 0.188271, mean: 0.063991
  Pos: 100.0%, Neg: 0.0%, Unique: 1269
  Saved validation predictions to: experiments/02b_vintage_sweep/baseline_h14_drop0.30/collapse_monitoring/val_predictions_epoch54.npy
  Gradient norms:
    lstm_encoder: 0.021187
    lstm_decoder: 0.008527
    multihead_attn: 0.001900
    output_layer: 0.090458
  VSN output std:
    encoder: 0.218379
  Attention entropy: 2.972633
  Saved to: experiments/02b_vintage_sweep/baseline_h14_drop0.30/collapse_monitoring/collapse_monitor_epoch54.json
Epoch 55: val_loss=0.4023590385913849
Epoch 55: train_loss=0.4224811792373657

[CollapseMonitor] Epoch 55
  [DEBUG] Processed 21 batches from val_dataloader
  [DEBUG] Predictions shape after concat: (1282,)
  [DEBUG] All predictions list length: 21
  [DEBUG] First batch shape: (64,)
  Pred std: 0.037154, range: 0.201024, mean: 0.065268
  Pos: 100.0%, Neg: 0.0%, Unique: 1269
  Saved validation predictions to: experiments/02b_vintage_sweep/baseline_h14_drop0.30/collapse_monitoring/val_predictions_epoch55.npy
  Gradient norms:
    lstm_encoder: 0.020854
    lstm_decoder: 0.008170
    multihead_attn: 0.001833
    output_layer: 0.089221
  VSN output std:
    encoder: 0.221250
  Attention entropy: 2.972810
  Saved to: experiments/02b_vintage_sweep/baseline_h14_drop0.30/collapse_monitoring/collapse_monitor_epoch55.json
Epoch 56: val_loss=0.40236321091651917
Epoch 56: train_loss=0.42220959067344666

[CollapseMonitor] Epoch 56
  [DEBUG] Processed 21 batches from val_dataloader
  [DEBUG] Predictions shape after concat: (1282,)
  [DEBUG] All predictions list length: 21
  [DEBUG] First batch shape: (64,)
  Pred std: 0.036412, range: 0.190610, mean: 0.068336
  Pos: 100.0%, Neg: 0.0%, Unique: 1268
  Saved validation predictions to: experiments/02b_vintage_sweep/baseline_h14_drop0.30/collapse_monitoring/val_predictions_epoch56.npy
  Gradient norms:
    lstm_encoder: 0.021954
    lstm_decoder: 0.008829
    multihead_attn: 0.001902
    output_layer: 0.087872
  VSN output std:
    encoder: 0.216106
  Attention entropy: 2.973278
  Saved to: experiments/02b_vintage_sweep/baseline_h14_drop0.30/collapse_monitoring/collapse_monitor_epoch56.json
Epoch 57: val_loss=0.40200963616371155
Epoch 57: train_loss=0.42254382371902466

[CollapseMonitor] Epoch 57
  [DEBUG] Processed 21 batches from val_dataloader
  [DEBUG] Predictions shape after concat: (1282,)
  [DEBUG] All predictions list length: 21
  [DEBUG] First batch shape: (64,)
  Pred std: 0.037448, range: 0.199326, mean: 0.056197
  Pos: 100.0%, Neg: 0.0%, Unique: 1268
  Saved validation predictions to: experiments/02b_vintage_sweep/baseline_h14_drop0.30/collapse_monitoring/val_predictions_epoch57.npy
  Gradient norms:
    lstm_encoder: 0.021609
    lstm_decoder: 0.009129
    multihead_attn: 0.001781
    output_layer: 0.092487
  VSN output std:
    encoder: 0.219416
  Attention entropy: 2.973088
  Saved to: experiments/02b_vintage_sweep/baseline_h14_drop0.30/collapse_monitoring/collapse_monitor_epoch57.json
Epoch 58: val_loss=0.40222835540771484
Epoch 58: train_loss=0.42177367210388184

[CollapseMonitor] Epoch 58
  [DEBUG] Processed 21 batches from val_dataloader
  [DEBUG] Predictions shape after concat: (1282,)
  [DEBUG] All predictions list length: 21
  [DEBUG] First batch shape: (64,)
  Pred std: 0.040608, range: 0.216124, mean: 0.070115
  Pos: 100.0%, Neg: 0.0%, Unique: 1270
  Saved validation predictions to: experiments/02b_vintage_sweep/baseline_h14_drop0.30/collapse_monitoring/val_predictions_epoch58.npy
  Gradient norms:
    lstm_encoder: 0.024731
    lstm_decoder: 0.009582
    multihead_attn: 0.001917
    output_layer: 0.100365
  VSN output std:
    encoder: 0.225019
  Attention entropy: 2.972005
  Saved to: experiments/02b_vintage_sweep/baseline_h14_drop0.30/collapse_monitoring/collapse_monitor_epoch58.json
Epoch 59: val_loss=0.4015596807003021
Epoch 59: train_loss=0.42216652631759644

[CollapseMonitor] Epoch 59
  [DEBUG] Processed 21 batches from val_dataloader
  [DEBUG] Predictions shape after concat: (1282,)
  [DEBUG] All predictions list length: 21
  [DEBUG] First batch shape: (64,)
  Pred std: 0.039061, range: 0.204545, mean: 0.067524
  Pos: 100.0%, Neg: 0.0%, Unique: 1271
  Saved validation predictions to: experiments/02b_vintage_sweep/baseline_h14_drop0.30/collapse_monitoring/val_predictions_epoch59.npy
  Gradient norms:
    lstm_encoder: 0.024340
    lstm_decoder: 0.008472
    multihead_attn: 0.001953
    output_layer: 0.095809
  VSN output std:
    encoder: 0.223744
  Attention entropy: 2.972554
  Saved to: experiments/02b_vintage_sweep/baseline_h14_drop0.30/collapse_monitoring/collapse_monitor_epoch59.json
Epoch 60: val_loss=0.4015078842639923
Epoch 60: train_loss=0.4220295250415802

[CollapseMonitor] Epoch 60
  [DEBUG] Processed 21 batches from val_dataloader
  [DEBUG] Predictions shape after concat: (1282,)
  [DEBUG] All predictions list length: 21
  [DEBUG] First batch shape: (64,)
  Pred std: 0.038851, range: 0.199957, mean: 0.063584
  Pos: 100.0%, Neg: 0.0%, Unique: 1265
  Saved validation predictions to: experiments/02b_vintage_sweep/baseline_h14_drop0.30/collapse_monitoring/val_predictions_epoch60.npy
  Gradient norms:
    lstm_encoder: 0.026012
    lstm_decoder: 0.009400
    multihead_attn: 0.001944
    output_layer: 0.094594
  VSN output std:
    encoder: 0.220935
  Attention entropy: 2.971049
  Saved to: experiments/02b_vintage_sweep/baseline_h14_drop0.30/collapse_monitoring/collapse_monitor_epoch60.json
Epoch 61: val_loss=0.4019591510295868
Epoch 61: train_loss=0.42216843366622925

[CollapseMonitor] Epoch 61
  [DEBUG] Processed 21 batches from val_dataloader
  [DEBUG] Predictions shape after concat: (1282,)
  [DEBUG] All predictions list length: 21
  [DEBUG] First batch shape: (64,)
  Pred std: 0.039529, range: 0.203566, mean: 0.065946
  Pos: 100.0%, Neg: 0.0%, Unique: 1267
  Saved validation predictions to: experiments/02b_vintage_sweep/baseline_h14_drop0.30/collapse_monitoring/val_predictions_epoch61.npy
  Gradient norms:
    lstm_encoder: 0.027067
    lstm_decoder: 0.009629
    multihead_attn: 0.001869
    output_layer: 0.100929
  VSN output std:
    encoder: 0.216348
  Attention entropy: 2.970809
  Saved to: experiments/02b_vintage_sweep/baseline_h14_drop0.30/collapse_monitoring/collapse_monitor_epoch61.json
Epoch 62: val_loss=0.4007608890533447
Epoch 62: train_loss=0.4222775399684906

[CollapseMonitor] Epoch 62
  [DEBUG] Processed 21 batches from val_dataloader
  [DEBUG] Predictions shape after concat: (1282,)
  [DEBUG] All predictions list length: 21
  [DEBUG] First batch shape: (64,)
  Pred std: 0.040052, range: 0.202469, mean: 0.063029
  Pos: 100.0%, Neg: 0.0%, Unique: 1267
  Saved validation predictions to: experiments/02b_vintage_sweep/baseline_h14_drop0.30/collapse_monitoring/val_predictions_epoch62.npy
  Gradient norms:
    lstm_encoder: 0.023541
    lstm_decoder: 0.009002
    multihead_attn: 0.001888
    output_layer: 0.093096
  VSN output std:
    encoder: 0.217666
  Attention entropy: 2.971912
  Saved to: experiments/02b_vintage_sweep/baseline_h14_drop0.30/collapse_monitoring/collapse_monitor_epoch62.json
Epoch 63: val_loss=0.40204790234565735
Epoch 63: train_loss=0.4220812916755676

[CollapseMonitor] Epoch 63
  [DEBUG] Processed 21 batches from val_dataloader
  [DEBUG] Predictions shape after concat: (1282,)
  [DEBUG] All predictions list length: 21
  [DEBUG] First batch shape: (64,)
  Pred std: 0.036548, range: 0.184677, mean: 0.063029
  Pos: 100.0%, Neg: 0.0%, Unique: 1270
  Saved validation predictions to: experiments/02b_vintage_sweep/baseline_h14_drop0.30/collapse_monitoring/val_predictions_epoch63.npy
  Gradient norms:
    lstm_encoder: 0.024872
    lstm_decoder: 0.008652
    multihead_attn: 0.001880
    output_layer: 0.092026
  VSN output std:
    encoder: 0.217648
  Attention entropy: 2.970849
  Saved to: experiments/02b_vintage_sweep/baseline_h14_drop0.30/collapse_monitoring/collapse_monitor_epoch63.json
Epoch 64: val_loss=0.4014015197753906
Epoch 64: train_loss=0.42142197489738464

[CollapseMonitor] Epoch 64
  [DEBUG] Processed 21 batches from val_dataloader
  [DEBUG] Predictions shape after concat: (1282,)
  [DEBUG] All predictions list length: 21
  [DEBUG] First batch shape: (64,)
  Pred std: 0.037230, range: 0.188471, mean: 0.061710
  Pos: 100.0%, Neg: 0.0%, Unique: 1268
  Saved validation predictions to: experiments/02b_vintage_sweep/baseline_h14_drop0.30/collapse_monitoring/val_predictions_epoch64.npy
  Gradient norms:
    lstm_encoder: 0.027177
    lstm_decoder: 0.009650
    multihead_attn: 0.002039
    output_layer: 0.090236
  VSN output std:
    encoder: 0.215117
  Attention entropy: 2.969285
  Saved to: experiments/02b_vintage_sweep/baseline_h14_drop0.30/collapse_monitoring/collapse_monitor_epoch64.json
Epoch 65: val_loss=0.4013597071170807
Epoch 65: train_loss=0.4221019446849823

[CollapseMonitor] Epoch 65
  [DEBUG] Processed 21 batches from val_dataloader
  [DEBUG] Predictions shape after concat: (1282,)
  [DEBUG] All predictions list length: 21
  [DEBUG] First batch shape: (64,)
  Pred std: 0.039591, range: 0.200626, mean: 0.069771
  Pos: 100.0%, Neg: 0.0%, Unique: 1268
  Saved validation predictions to: experiments/02b_vintage_sweep/baseline_h14_drop0.30/collapse_monitoring/val_predictions_epoch65.npy
  Gradient norms:
    lstm_encoder: 0.024337
    lstm_decoder: 0.009309
    multihead_attn: 0.001952
    output_layer: 0.095082
  VSN output std:
    encoder: 0.207791
  Attention entropy: 2.971099
  Saved to: experiments/02b_vintage_sweep/baseline_h14_drop0.30/collapse_monitoring/collapse_monitor_epoch65.json
Epoch 66: val_loss=0.401437371969223
Epoch 66: train_loss=0.42168787121772766

[CollapseMonitor] Epoch 66
  [DEBUG] Processed 21 batches from val_dataloader
  [DEBUG] Predictions shape after concat: (1282,)
  [DEBUG] All predictions list length: 21
  [DEBUG] First batch shape: (64,)
  Pred std: 0.037912, range: 0.185993, mean: 0.082164
  Pos: 100.0%, Neg: 0.0%, Unique: 1273
  Saved validation predictions to: experiments/02b_vintage_sweep/baseline_h14_drop0.30/collapse_monitoring/val_predictions_epoch66.npy
  Gradient norms:
    lstm_encoder: 0.027269
    lstm_decoder: 0.009943
    multihead_attn: 0.002061
    output_layer: 0.102774
  VSN output std:
    encoder: 0.201963
  Attention entropy: 2.972552
  Saved to: experiments/02b_vintage_sweep/baseline_h14_drop0.30/collapse_monitoring/collapse_monitor_epoch66.json
Epoch 67: val_loss=0.4013831317424774
Epoch 67: train_loss=0.42141082882881165

[CollapseMonitor] Epoch 67
  [DEBUG] Processed 21 batches from val_dataloader
  [DEBUG] Predictions shape after concat: (1282,)
  [DEBUG] All predictions list length: 21
  [DEBUG] First batch shape: (64,)
  Pred std: 0.039722, range: 0.198624, mean: 0.074145
  Pos: 100.0%, Neg: 0.0%, Unique: 1271
  Saved validation predictions to: experiments/02b_vintage_sweep/baseline_h14_drop0.30/collapse_monitoring/val_predictions_epoch67.npy
  Gradient norms:
    lstm_encoder: 0.024742
    lstm_decoder: 0.009140
    multihead_attn: 0.001965
    output_layer: 0.093687
  VSN output std:
    encoder: 0.201686
  Attention entropy: 2.974182
  Saved to: experiments/02b_vintage_sweep/baseline_h14_drop0.30/collapse_monitoring/collapse_monitor_epoch67.json
Epoch 68: val_loss=0.4010826647281647
Epoch 68: train_loss=0.4221841096878052

[CollapseMonitor] Epoch 68
  [DEBUG] Processed 21 batches from val_dataloader
  [DEBUG] Predictions shape after concat: (1282,)
  [DEBUG] All predictions list length: 21
  [DEBUG] First batch shape: (64,)
  Pred std: 0.039917, range: 0.194354, mean: 0.081773
  Pos: 100.0%, Neg: 0.0%, Unique: 1272
  Saved validation predictions to: experiments/02b_vintage_sweep/baseline_h14_drop0.30/collapse_monitoring/val_predictions_epoch68.npy
  Gradient norms:
    lstm_encoder: 0.027183
    lstm_decoder: 0.009853
    multihead_attn: 0.001993
    output_layer: 0.095911
  VSN output std:
    encoder: 0.200931
  Attention entropy: 2.973989
  Saved to: experiments/02b_vintage_sweep/baseline_h14_drop0.30/collapse_monitoring/collapse_monitor_epoch68.json
Epoch 69: val_loss=0.4011637568473816
Epoch 69: train_loss=0.42033371329307556

[CollapseMonitor] Epoch 69
  [DEBUG] Processed 21 batches from val_dataloader
  [DEBUG] Predictions shape after concat: (1282,)
  [DEBUG] All predictions list length: 21
  [DEBUG] First batch shape: (64,)
  Pred std: 0.039693, range: 0.197122, mean: 0.075626
  Pos: 100.0%, Neg: 0.0%, Unique: 1278
  Saved validation predictions to: experiments/02b_vintage_sweep/baseline_h14_drop0.30/collapse_monitoring/val_predictions_epoch69.npy
  Gradient norms:
    lstm_encoder: 0.028036
    lstm_decoder: 0.010362
    multihead_attn: 0.002201
    output_layer: 0.092915
  VSN output std:
    encoder: 0.201937
  Attention entropy: 2.973096
  Saved to: experiments/02b_vintage_sweep/baseline_h14_drop0.30/collapse_monitoring/collapse_monitor_epoch69.json
Epoch 70: val_loss=0.40136417746543884
Epoch 70: train_loss=0.4211873710155487

[CollapseMonitor] Epoch 70
  [DEBUG] Processed 21 batches from val_dataloader
  [DEBUG] Predictions shape after concat: (1282,)
  [DEBUG] All predictions list length: 21
  [DEBUG] First batch shape: (64,)
  Pred std: 0.039564, range: 0.197105, mean: 0.075034
  Pos: 100.0%, Neg: 0.0%, Unique: 1272
  Saved validation predictions to: experiments/02b_vintage_sweep/baseline_h14_drop0.30/collapse_monitoring/val_predictions_epoch70.npy
  Gradient norms:
    lstm_encoder: 0.029399
    lstm_decoder: 0.010471
    multihead_attn: 0.001998
    output_layer: 0.092862
  VSN output std:
    encoder: 0.203447
  Attention entropy: 2.971568
  Saved to: experiments/02b_vintage_sweep/baseline_h14_drop0.30/collapse_monitoring/collapse_monitor_epoch70.json
Epoch 71: val_loss=0.4012625515460968
Epoch 71: train_loss=0.42154157161712646

[CollapseMonitor] Epoch 71
  [DEBUG] Processed 21 batches from val_dataloader
  [DEBUG] Predictions shape after concat: (1282,)
  [DEBUG] All predictions list length: 21
  [DEBUG] First batch shape: (64,)
  Pred std: 0.039708, range: 0.197350, mean: 0.076958
  Pos: 100.0%, Neg: 0.0%, Unique: 1268
  Saved validation predictions to: experiments/02b_vintage_sweep/baseline_h14_drop0.30/collapse_monitoring/val_predictions_epoch71.npy
  Gradient norms:
    lstm_encoder: 0.026538
    lstm_decoder: 0.010057
    multihead_attn: 0.002070
    output_layer: 0.093616
  VSN output std:
    encoder: 0.203998
  Attention entropy: 2.971814
  Saved to: experiments/02b_vintage_sweep/baseline_h14_drop0.30/collapse_monitoring/collapse_monitor_epoch71.json
Epoch 72: val_loss=0.40067851543426514
Epoch 72: train_loss=0.4215563237667084

[CollapseMonitor] Epoch 72
  [DEBUG] Processed 21 batches from val_dataloader
  [DEBUG] Predictions shape after concat: (1282,)
  [DEBUG] All predictions list length: 21
  [DEBUG] First batch shape: (64,)
  Pred std: 0.039499, range: 0.192907, mean: 0.075798
  Pos: 100.0%, Neg: 0.0%, Unique: 1268
  Saved validation predictions to: experiments/02b_vintage_sweep/baseline_h14_drop0.30/collapse_monitoring/val_predictions_epoch72.npy
  Gradient norms:
    lstm_encoder: 0.028994
    lstm_decoder: 0.010245
    multihead_attn: 0.002125
    output_layer: 0.097913
  VSN output std:
    encoder: 0.204989
  Attention entropy: 2.971500
  Saved to: experiments/02b_vintage_sweep/baseline_h14_drop0.30/collapse_monitoring/collapse_monitor_epoch72.json
Epoch 73: val_loss=0.40135103464126587
Epoch 73: train_loss=0.4214291572570801

[CollapseMonitor] Epoch 73
  [DEBUG] Processed 21 batches from val_dataloader
  [DEBUG] Predictions shape after concat: (1282,)
  [DEBUG] All predictions list length: 21
  [DEBUG] First batch shape: (64,)
  Pred std: 0.039030, range: 0.190858, mean: 0.078787
  Pos: 100.0%, Neg: 0.0%, Unique: 1275
  Saved validation predictions to: experiments/02b_vintage_sweep/baseline_h14_drop0.30/collapse_monitoring/val_predictions_epoch73.npy
  Gradient norms:
    lstm_encoder: 0.027192
    lstm_decoder: 0.009996
    multihead_attn: 0.002019
    output_layer: 0.086422
  VSN output std:
    encoder: 0.201043
  Attention entropy: 2.973250
  Saved to: experiments/02b_vintage_sweep/baseline_h14_drop0.30/collapse_monitoring/collapse_monitor_epoch73.json
Epoch 74: val_loss=0.4012073576450348
Epoch 74: train_loss=0.4218212366104126

[CollapseMonitor] Epoch 74
  [DEBUG] Processed 21 batches from val_dataloader
  [DEBUG] Predictions shape after concat: (1282,)
  [DEBUG] All predictions list length: 21
  [DEBUG] First batch shape: (64,)
  Pred std: 0.040388, range: 0.197938, mean: 0.079610
  Pos: 100.0%, Neg: 0.0%, Unique: 1269
  Saved validation predictions to: experiments/02b_vintage_sweep/baseline_h14_drop0.30/collapse_monitoring/val_predictions_epoch74.npy
  Gradient norms:
    lstm_encoder: 0.029823
    lstm_decoder: 0.010088
    multihead_attn: 0.002004
    output_layer: 0.095309
  VSN output std:
    encoder: 0.198812
  Attention entropy: 2.974193
  Saved to: experiments/02b_vintage_sweep/baseline_h14_drop0.30/collapse_monitoring/collapse_monitor_epoch74.json
Epoch 75: val_loss=0.4012492597103119
Epoch 75: train_loss=0.4210258722305298

[CollapseMonitor] Epoch 75
  [DEBUG] Processed 21 batches from val_dataloader
  [DEBUG] Predictions shape after concat: (1282,)
  [DEBUG] All predictions list length: 21
  [DEBUG] First batch shape: (64,)
  Pred std: 0.040270, range: 0.198763, mean: 0.079313
  Pos: 100.0%, Neg: 0.0%, Unique: 1272
  Saved validation predictions to: experiments/02b_vintage_sweep/baseline_h14_drop0.30/collapse_monitoring/val_predictions_epoch75.npy
  Gradient norms:
    lstm_encoder: 0.030767
    lstm_decoder: 0.010115
    multihead_attn: 0.002023
    output_layer: 0.101082
  VSN output std:
    encoder: 0.197904
  Attention entropy: 2.974087
  Saved to: experiments/02b_vintage_sweep/baseline_h14_drop0.30/collapse_monitoring/collapse_monitor_epoch75.json
Epoch 76: val_loss=0.4013056755065918
Epoch 76: train_loss=0.42043188214302063

[CollapseMonitor] Epoch 76
  [DEBUG] Processed 21 batches from val_dataloader
  [DEBUG] Predictions shape after concat: (1282,)
  [DEBUG] All predictions list length: 21
  [DEBUG] First batch shape: (64,)
  Pred std: 0.040877, range: 0.204591, mean: 0.073751
  Pos: 100.0%, Neg: 0.0%, Unique: 1274
  Saved validation predictions to: experiments/02b_vintage_sweep/baseline_h14_drop0.30/collapse_monitoring/val_predictions_epoch76.npy
  Gradient norms:
    lstm_encoder: 0.028818
    lstm_decoder: 0.009398
    multihead_attn: 0.002009
    output_layer: 0.091643
  VSN output std:
    encoder: 0.199600
  Attention entropy: 2.972467
  Saved to: experiments/02b_vintage_sweep/baseline_h14_drop0.30/collapse_monitoring/collapse_monitor_epoch76.json
Epoch 77: val_loss=0.4010469317436218
Epoch 77: train_loss=0.42091089487075806

[CollapseMonitor] Epoch 77
  [DEBUG] Processed 21 batches from val_dataloader
  [DEBUG] Predictions shape after concat: (1282,)
  [DEBUG] All predictions list length: 21
  [DEBUG] First batch shape: (64,)
  Pred std: 0.040902, range: 0.203259, mean: 0.075784
  Pos: 100.0%, Neg: 0.0%, Unique: 1274
  Saved validation predictions to: experiments/02b_vintage_sweep/baseline_h14_drop0.30/collapse_monitoring/val_predictions_epoch77.npy
  Gradient norms:
    lstm_encoder: 0.026560
    lstm_decoder: 0.009500
    multihead_attn: 0.001960
    output_layer: 0.096504
  VSN output std:
    encoder: 0.200356
  Attention entropy: 2.971971
  Saved to: experiments/02b_vintage_sweep/baseline_h14_drop0.30/collapse_monitoring/collapse_monitor_epoch77.json
Epoch 78: val_loss=0.401138037443161
Epoch 78: train_loss=0.4216249883174896

[CollapseMonitor] Epoch 78
  [DEBUG] Processed 21 batches from val_dataloader
  [DEBUG] Predictions shape after concat: (1282,)
  [DEBUG] All predictions list length: 21
  [DEBUG] First batch shape: (64,)
  Pred std: 0.040956, range: 0.203684, mean: 0.073953
  Pos: 100.0%, Neg: 0.0%, Unique: 1270
  Saved validation predictions to: experiments/02b_vintage_sweep/baseline_h14_drop0.30/collapse_monitoring/val_predictions_epoch78.npy
  Gradient norms:
    lstm_encoder: 0.030842
    lstm_decoder: 0.010322
    multihead_attn: 0.002110
    output_layer: 0.093641
  VSN output std:
    encoder: 0.199629
  Attention entropy: 2.972303
  Saved to: experiments/02b_vintage_sweep/baseline_h14_drop0.30/collapse_monitoring/collapse_monitor_epoch78.json
Epoch 79: val_loss=0.4013028144836426
Epoch 79: train_loss=0.4211181104183197

[CollapseMonitor] Epoch 79
  [DEBUG] Processed 21 batches from val_dataloader
  [DEBUG] Predictions shape after concat: (1282,)
  [DEBUG] All predictions list length: 21
  [DEBUG] First batch shape: (64,)
  Pred std: 0.041305, range: 0.204394, mean: 0.078707
  Pos: 100.0%, Neg: 0.0%, Unique: 1268
  Saved validation predictions to: experiments/02b_vintage_sweep/baseline_h14_drop0.30/collapse_monitoring/val_predictions_epoch79.npy
  Gradient norms:
    lstm_encoder: 0.030838
    lstm_decoder: 0.010351
    multihead_attn: 0.002134
    output_layer: 0.092822
  VSN output std:
    encoder: 0.198984
  Attention entropy: 2.972374
  Saved to: experiments/02b_vintage_sweep/baseline_h14_drop0.30/collapse_monitoring/collapse_monitor_epoch79.json
Epoch 80: val_loss=0.40113577246665955
Epoch 80: train_loss=0.4206587076187134

[CollapseMonitor] Epoch 80
  [DEBUG] Processed 21 batches from val_dataloader
  [DEBUG] Predictions shape after concat: (1282,)
  [DEBUG] All predictions list length: 21
  [DEBUG] First batch shape: (64,)
  Pred std: 0.041529, range: 0.205001, mean: 0.076629
  Pos: 100.0%, Neg: 0.0%, Unique: 1272
  Saved validation predictions to: experiments/02b_vintage_sweep/baseline_h14_drop0.30/collapse_monitoring/val_predictions_epoch80.npy
  Gradient norms:
    lstm_encoder: 0.028636
    lstm_decoder: 0.010383
    multihead_attn: 0.002045
    output_layer: 0.094872
  VSN output std:
    encoder: 0.200086
  Attention entropy: 2.971369
  Saved to: experiments/02b_vintage_sweep/baseline_h14_drop0.30/collapse_monitoring/collapse_monitor_epoch80.json
Epoch 81: val_loss=0.40125036239624023
Epoch 81: train_loss=0.4207088351249695

[CollapseMonitor] Epoch 81
  [DEBUG] Processed 21 batches from val_dataloader
  [DEBUG] Predictions shape after concat: (1282,)
  [DEBUG] All predictions list length: 21
  [DEBUG] First batch shape: (64,)
  Pred std: 0.041362, range: 0.204241, mean: 0.074290
  Pos: 100.0%, Neg: 0.0%, Unique: 1275
  Saved validation predictions to: experiments/02b_vintage_sweep/baseline_h14_drop0.30/collapse_monitoring/val_predictions_epoch81.npy
  Gradient norms:
    lstm_encoder: 0.029739
    lstm_decoder: 0.010472
    multihead_attn: 0.002112
    output_layer: 0.090914
  VSN output std:
    encoder: 0.198983
  Attention entropy: 2.971318
  Saved to: experiments/02b_vintage_sweep/baseline_h14_drop0.30/collapse_monitoring/collapse_monitor_epoch81.json
Epoch 82: val_loss=0.4009678065776825
Epoch 82: train_loss=0.4214761257171631

[CollapseMonitor] Epoch 82
  [DEBUG] Processed 21 batches from val_dataloader
  [DEBUG] Predictions shape after concat: (1282,)
  [DEBUG] All predictions list length: 21
  [DEBUG] First batch shape: (64,)
  Pred std: 0.042087, range: 0.206657, mean: 0.076276
  Pos: 100.0%, Neg: 0.0%, Unique: 1274
  Saved validation predictions to: experiments/02b_vintage_sweep/baseline_h14_drop0.30/collapse_monitoring/val_predictions_epoch82.npy
  Gradient norms:
    lstm_encoder: 0.028210
    lstm_decoder: 0.009868
    multihead_attn: 0.002089
    output_layer: 0.084852
  VSN output std:
    encoder: 0.199534
  Attention entropy: 2.970764
  Saved to: experiments/02b_vintage_sweep/baseline_h14_drop0.30/collapse_monitoring/collapse_monitor_epoch82.json


======================================================================
Training complete
======================================================================

Best model checkpoint: experiments/02b_vintage_sweep/baseline_h14_drop0.30/checkpoints/tft-epoch=72-val_loss=0.4007.ckpt
Best validation loss: 0.400679
Completed at: 2025-11-22 16:34:15
Log saved to: experiments/02b_vintage_sweep/baseline_h14_drop0.30/training_20251122_155950.log
======================================================================
