Logging to: experiments/02b_vintage_sweep/baseline_h12_drop0.10/vsn_analysis/vsn_analysis_20251129_151313.log
Analysis started at: 2025-11-29 15:13:13
======================================================================
Experiment: 02b_vintage_sweep/baseline_h12_drop0.10
Output directory: experiments/02b_vintage_sweep/baseline_h12_drop0.10/vsn_analysis
Loading config from: experiments/02b_vintage_sweep/baseline_h12_drop0.10/config.json
Using best checkpoint: experiments/02b_vintage_sweep/baseline_h12_drop0.10/checkpoints/tft-epoch=88-val_loss=0.3957.ckpt

Loading data...
Loading test data from: data/splits/vintage/core_proposal_daily_vintage_test.csv
  Train samples: 6074
  Test samples: 1302

Preparing test dataset...
Test dataset size: 1282

Loading model...
Loading model from: experiments/02b_vintage_sweep/baseline_h12_drop0.10/checkpoints/tft-epoch=88-val_loss=0.3957.ckpt
Model loaded on device: cuda

Extracting VSN weights...
  Encoder variables (5): ['relative_time_idx', 'VIX', 'Treasury_10Y', 'Yield_Spread', 'Inflation_YoY']
  Decoder variables (1): ['relative_time_idx']
  Static variables (1): ['encoder_length']

  DEBUG: Output type: <class 'pytorch_forecasting.utils.TupleOutputMixIn.to_network_output.<locals>.Output'>
  DEBUG: Output fields (NamedTuple): ('prediction', 'encoder_attention', 'decoder_attention', 'static_variables', 'encoder_variables', 'decoder_variables', 'decoder_lengths', 'encoder_lengths')
  DEBUG: output.encoder_variables shape: torch.Size([64, 20, 1, 5])
  DEBUG: output.static_variables shape: torch.Size([64, 1, 1])
  DEBUG: output.decoder_variables shape: torch.Size([64, 1, 1, 1])
  Processed batch 20/21

Extraction complete:
  Samples: 1282
  Encoder VSN shape: (1282, 5)
  Decoder VSN shape: (1282, 1)

Analysis period: 2020-08-17 to 2025-10-06

Creating temporal periods:
  2020: 94 samples
  2021: 250 samples
  2022: 249 samples
  2023: 249 samples
  2024: 250 samples
  2025: 190 samples

Analyzing VSN weights by period...

Comparing VSN patterns across periods...

Creating visualizations...
Saved VSN heatmap: experiments/02b_vintage_sweep/baseline_h12_drop0.10/vsn_analysis/vsn_heatmap.png
Saved VSN comparison: experiments/02b_vintage_sweep/baseline_h12_drop0.10/vsn_analysis/vsn_comparison.png
Saved concentration plot: experiments/02b_vintage_sweep/baseline_h12_drop0.10/vsn_analysis/vsn_concentration.png

Saving results...
Saved results: experiments/02b_vintage_sweep/baseline_h12_drop0.10/vsn_analysis/vsn_analysis_results.json

======================================================================
VSN ANALYSIS SUMMARY
======================================================================

Per-Period Feature Importance:
----------------------------------------------------------------------

2020 (94 samples):
  Concentration: 0.5186
  Top 5 features:
    VIX                            0.6986
    Treasury_10Y                   0.1434
    Inflation_YoY                  0.0844
    Yield_Spread                   0.0430
    relative_time_idx              0.0305

2021 (250 samples):
  Concentration: 0.3538
  Top 5 features:
    VIX                            0.5241
    Treasury_10Y                   0.2406
    relative_time_idx              0.1215
    Yield_Spread                   0.0587
    Inflation_YoY                  0.0551

2022 (249 samples):
  Concentration: 0.3618
  Top 5 features:
    VIX                            0.5452
    Treasury_10Y                   0.1819
    relative_time_idx              0.1275
    Yield_Spread                   0.1207
    Inflation_YoY                  0.0247

2023 (249 samples):
  Concentration: 0.2834
  Top 5 features:
    VIX                            0.4134
    Yield_Spread                   0.2434
    relative_time_idx              0.1959
    Treasury_10Y                   0.1185
    Inflation_YoY                  0.0287

2024 (250 samples):
  Concentration: 0.2991
  Top 5 features:
    Yield_Spread                   0.4300
    VIX                            0.2583
    relative_time_idx              0.2043
    Inflation_YoY                  0.0538
    Treasury_10Y                   0.0536

2025 (190 samples):
  Concentration: 0.3154
  Top 5 features:
    Yield_Spread                   0.4201
    VIX                            0.3398
    Inflation_YoY                  0.1098
    relative_time_idx              0.1029
    Treasury_10Y                   0.0274

----------------------------------------------------------------------
Period Comparisons:
----------------------------------------------------------------------

2020_vs_2021:
  Cosine similarity: 0.9608
  L2 distance: 0.2220
  Biggest increases: Treasury_10Y(+0.097), relative_time_idx(+0.091), Yield_Spread(+0.016)
  Biggest decreases: VIX(-0.175), Inflation_YoY(-0.029), Yield_Spread(+0.016)

2020_vs_2022:
  Cosine similarity: 0.9655
  L2 distance: 0.2098
  Biggest increases: relative_time_idx(+0.097), Yield_Spread(+0.078), Treasury_10Y(+0.038)
  Biggest decreases: VIX(-0.153), Inflation_YoY(-0.060), Treasury_10Y(+0.038)

2020_vs_2023:
  Cosine similarity: 0.8470
  L2 distance: 0.3906
  Biggest increases: Yield_Spread(+0.200), relative_time_idx(+0.165), Treasury_10Y(-0.025)
  Biggest decreases: VIX(-0.285), Inflation_YoY(-0.056), Treasury_10Y(-0.025)

2020_vs_2024:
  Cosine similarity: 0.5520
  L2 distance: 0.6188
  Biggest increases: Yield_Spread(+0.387), relative_time_idx(+0.174), Inflation_YoY(-0.031)
  Biggest decreases: VIX(-0.440), Treasury_10Y(-0.090), Inflation_YoY(-0.031)

2020_vs_2025:
  Cosine similarity: 0.6721
  L2 distance: 0.5388
  Biggest increases: Yield_Spread(+0.377), relative_time_idx(+0.072), Inflation_YoY(+0.025)
  Biggest decreases: VIX(-0.359), Treasury_10Y(-0.116), Inflation_YoY(+0.025)

2021_vs_2022:
  Cosine similarity: 0.9879
  L2 distance: 0.0933
  Biggest increases: Yield_Spread(+0.062), VIX(+0.021), relative_time_idx(+0.006)
  Biggest decreases: Treasury_10Y(-0.059), Inflation_YoY(-0.030), relative_time_idx(+0.006)

2021_vs_2023:
  Cosine similarity: 0.8996
  L2 distance: 0.2598
  Biggest increases: Yield_Spread(+0.185), relative_time_idx(+0.074), Inflation_YoY(-0.026)
  Biggest decreases: Treasury_10Y(-0.122), VIX(-0.111), Inflation_YoY(-0.026)

2021_vs_2024:
  Cosine similarity: 0.6187
  L2 distance: 0.5004
  Biggest increases: Yield_Spread(+0.371), relative_time_idx(+0.083), Inflation_YoY(-0.001)
  Biggest decreases: VIX(-0.266), Treasury_10Y(-0.187), Inflation_YoY(-0.001)

2021_vs_2025:
  Cosine similarity: 0.6822
  L2 distance: 0.4619
  Biggest increases: Yield_Spread(+0.361), Inflation_YoY(+0.055), relative_time_idx(-0.019)
  Biggest decreases: Treasury_10Y(-0.213), VIX(-0.184), relative_time_idx(-0.019)

2022_vs_2023:
  Cosine similarity: 0.9432
  L2 distance: 0.2029
  Biggest increases: Yield_Spread(+0.123), relative_time_idx(+0.068), Inflation_YoY(+0.004)
  Biggest decreases: VIX(-0.132), Treasury_10Y(-0.063), Inflation_YoY(+0.004)

2022_vs_2024:
  Cosine similarity: 0.6986
  L2 distance: 0.4486
  Biggest increases: Yield_Spread(+0.309), relative_time_idx(+0.077), Inflation_YoY(+0.029)
  Biggest decreases: VIX(-0.287), Treasury_10Y(-0.128), Inflation_YoY(+0.029)

2022_vs_2025:
  Cosine similarity: 0.7602
  L2 distance: 0.4045
  Biggest increases: Yield_Spread(+0.299), Inflation_YoY(+0.085), relative_time_idx(-0.025)
  Biggest decreases: VIX(-0.205), Treasury_10Y(-0.155), relative_time_idx(-0.025)

2023_vs_2024:
  Cosine similarity: 0.8908
  L2 distance: 0.2526
  Biggest increases: Yield_Spread(+0.187), Inflation_YoY(+0.025), relative_time_idx(+0.008)
  Biggest decreases: VIX(-0.155), Treasury_10Y(-0.065), relative_time_idx(+0.008)

2023_vs_2025:
  Cosine similarity: 0.9007
  L2 distance: 0.2454
  Biggest increases: Yield_Spread(+0.177), Inflation_YoY(+0.081), VIX(-0.074)
  Biggest decreases: relative_time_idx(-0.093), Treasury_10Y(-0.091), VIX(-0.074)

2024_vs_2025:
  Cosine similarity: 0.9664
  L2 distance: 0.1445
  Biggest increases: VIX(+0.082), Inflation_YoY(+0.056), Yield_Spread(-0.010)
  Biggest decreases: relative_time_idx(-0.101), Treasury_10Y(-0.026), Yield_Spread(-0.010)

======================================================================

Analysis complete!
Results saved to: experiments/02b_vintage_sweep/baseline_h12_drop0.10/vsn_analysis
  - vsn_analysis_results.json
  - vsn_heatmap.png
  - vsn_comparison.png
  - vsn_concentration.png
