======================================================================
Training TFT: 00_baseline_exploration/sweep_encoder_10
======================================================================
Logging to: experiments/00_baseline_exploration/sweep_encoder_10/training_20251029_194816.log
Started at: 2025-10-29 19:48:16
======================================================================
Configuration saved to: experiments/00_baseline_exploration/sweep_encoder_10/config.json

Loading data splits...
Train: 6066 samples
Val: 1300 samples
Test: 1300 samples

Preparing TimeSeriesDataSet...

Dropping source columns (used for staleness only): ['CPI']

Final features for TFT: ['SP500_Returns', 'VIX', 'Treasury_10Y', 'Yield_Spread', 'Inflation_YoY']

======================================================================
FEATURE STATISTICS - BEFORE NORMALIZATION
======================================================================
VIX                             mean= 19.7193  std=  8.0201  min=  9.3100  max= 80.8600
Treasury_10Y                    mean=  4.7588  std=  1.6860  min=  1.4300  max=  8.3600
Yield_Spread                    mean=  1.2786  std=  0.9184  min= -0.5200  max=  2.9100
Inflation_YoY                   mean=  2.5055  std=  1.1650  min= -1.9588  max=  5.7255

======================================================================
FEATURES AFTER GROUPNORMALIZER (first batch, last timestep)
======================================================================
VIX                             normalized_value=  1.0000
Treasury_10Y                    normalized_value= -0.1000
Yield_Spread                    normalized_value= -0.3790
Inflation_YoY                   normalized_value=  1.4896
======================================================================

Batches per epoch: 94
[DEBUG] Validation batches: 21
[DEBUG] Validation dataset size: 1290
[DEBUG] Batch size: 64

Initializing model...
Model parameters: 66,975

Starting training...
Checkpoints will be saved to: experiments/00_baseline_exploration/sweep_encoder_10/checkpoints/
Logs will be saved to: experiments/00_baseline_exploration/sweep_encoder_10/logs/

Epoch 0: val_loss=N/A
Epoch 0: val_loss=0.5167455077171326
Epoch 0: train_loss=0.6366447806358337

[CollapseMonitor] Epoch 0
  [DEBUG] Processed 21 batches from val_dataloader
  [DEBUG] Predictions shape after concat: (1290,)
  [DEBUG] All predictions list length: 21
  [DEBUG] First batch shape: (64,)
  Pred std: 0.033038, range: 0.219299, mean: -0.018022
  Pos: 22.6%, Neg: 77.4%, Unique: 1275
  Saved validation predictions to: experiments/00_baseline_exploration/sweep_encoder_10/collapse_monitoring/val_predictions_epoch0.npy
  Gradient norms:
    lstm_encoder: 0.015269
    lstm_decoder: 0.021197
    multihead_attn: 0.012711
    output_layer: 0.702599
  VSN output std:
    encoder: 0.148665
  Attention entropy: 2.295318
  Saved to: experiments/00_baseline_exploration/sweep_encoder_10/collapse_monitoring/collapse_monitor_epoch0.json
Epoch 1: val_loss=0.45713087916374207
Epoch 1: train_loss=0.503174901008606

[CollapseMonitor] Epoch 1
  [DEBUG] Processed 21 batches from val_dataloader
  [DEBUG] Predictions shape after concat: (1290,)
  [DEBUG] All predictions list length: 21
  [DEBUG] First batch shape: (64,)
  Pred std: 0.020567, range: 0.071226, mean: 0.104837
  Pos: 100.0%, Neg: 0.0%, Unique: 1263
  Saved validation predictions to: experiments/00_baseline_exploration/sweep_encoder_10/collapse_monitoring/val_predictions_epoch1.npy
  Gradient norms:
    lstm_encoder: 0.006316
    lstm_decoder: 0.008017
    multihead_attn: 0.005096
    output_layer: 0.278934
  VSN output std:
    encoder: 0.177214
  Attention entropy: 2.298721
  Saved to: experiments/00_baseline_exploration/sweep_encoder_10/collapse_monitoring/collapse_monitor_epoch1.json
Epoch 2: val_loss=0.45032915472984314
Epoch 2: train_loss=0.4660298228263855

[CollapseMonitor] Epoch 2
  [DEBUG] Processed 21 batches from val_dataloader
  [DEBUG] Predictions shape after concat: (1290,)
  [DEBUG] All predictions list length: 21
  [DEBUG] First batch shape: (64,)
  Pred std: 0.017804, range: 0.060958, mean: 0.111977
  Pos: 100.0%, Neg: 0.0%, Unique: 1273
  Saved validation predictions to: experiments/00_baseline_exploration/sweep_encoder_10/collapse_monitoring/val_predictions_epoch2.npy
  Gradient norms:
    lstm_encoder: 0.003606
    lstm_decoder: 0.004269
    multihead_attn: 0.002660
    output_layer: 0.141210
  VSN output std:
    encoder: 0.197748
  Attention entropy: 2.300962
  Saved to: experiments/00_baseline_exploration/sweep_encoder_10/collapse_monitoring/collapse_monitor_epoch2.json
Epoch 3: val_loss=0.4483508765697479
Epoch 3: train_loss=0.45763030648231506

[CollapseMonitor] Epoch 3
  [DEBUG] Processed 21 batches from val_dataloader
  [DEBUG] Predictions shape after concat: (1290,)
  [DEBUG] All predictions list length: 21
  [DEBUG] First batch shape: (64,)
  Pred std: 0.015310, range: 0.052891, mean: 0.077776
  Pos: 100.0%, Neg: 0.0%, Unique: 1262
  Saved validation predictions to: experiments/00_baseline_exploration/sweep_encoder_10/collapse_monitoring/val_predictions_epoch3.npy
  Gradient norms:
    lstm_encoder: 0.003262
    lstm_decoder: 0.003882
    multihead_attn: 0.002280
    output_layer: 0.131945
  VSN output std:
    encoder: 0.204892
  Attention entropy: 2.301949
  Saved to: experiments/00_baseline_exploration/sweep_encoder_10/collapse_monitoring/collapse_monitor_epoch3.json
Epoch 4: val_loss=0.44784635305404663
Epoch 4: train_loss=0.45543724298477173

[CollapseMonitor] Epoch 4
  [DEBUG] Processed 21 batches from val_dataloader
  [DEBUG] Predictions shape after concat: (1290,)
  [DEBUG] All predictions list length: 21
  [DEBUG] First batch shape: (64,)
  Pred std: 0.014627, range: 0.049585, mean: 0.090851
  Pos: 100.0%, Neg: 0.0%, Unique: 1270
  Saved validation predictions to: experiments/00_baseline_exploration/sweep_encoder_10/collapse_monitoring/val_predictions_epoch4.npy
  Gradient norms:
    lstm_encoder: 0.002853
    lstm_decoder: 0.003323
    multihead_attn: 0.001854
    output_layer: 0.116313
  VSN output std:
    encoder: 0.204824
  Attention entropy: 2.302217
  Saved to: experiments/00_baseline_exploration/sweep_encoder_10/collapse_monitoring/collapse_monitor_epoch4.json
Epoch 5: val_loss=0.4470289647579193
Epoch 5: train_loss=0.45373931527137756

[CollapseMonitor] Epoch 5
  [DEBUG] Processed 21 batches from val_dataloader
  [DEBUG] Predictions shape after concat: (1290,)
  [DEBUG] All predictions list length: 21
  [DEBUG] First batch shape: (64,)
  Pred std: 0.015114, range: 0.054635, mean: 0.065015
  Pos: 100.0%, Neg: 0.0%, Unique: 1266
  Saved validation predictions to: experiments/00_baseline_exploration/sweep_encoder_10/collapse_monitoring/val_predictions_epoch5.npy
  Gradient norms:
    lstm_encoder: 0.002963
    lstm_decoder: 0.003356
    multihead_attn: 0.001843
    output_layer: 0.121966
  VSN output std:
    encoder: 0.188189
  Attention entropy: 2.302245
  Saved to: experiments/00_baseline_exploration/sweep_encoder_10/collapse_monitoring/collapse_monitor_epoch5.json
Epoch 6: val_loss=0.44589290022850037
Epoch 6: train_loss=0.45327088236808777

[CollapseMonitor] Epoch 6
  [DEBUG] Processed 21 batches from val_dataloader
  [DEBUG] Predictions shape after concat: (1290,)
  [DEBUG] All predictions list length: 21
  [DEBUG] First batch shape: (64,)
  Pred std: 0.030556, range: 0.159372, mean: 0.050608
  Pos: 100.0%, Neg: 0.0%, Unique: 1271
  Saved validation predictions to: experiments/00_baseline_exploration/sweep_encoder_10/collapse_monitoring/val_predictions_epoch6.npy
  Gradient norms:
    lstm_encoder: 0.003193
    lstm_decoder: 0.003400
    multihead_attn: 0.001731
    output_layer: 0.115974
  VSN output std:
    encoder: 0.149815
  Attention entropy: 2.302081
  Saved to: experiments/00_baseline_exploration/sweep_encoder_10/collapse_monitoring/collapse_monitor_epoch6.json
Epoch 7: val_loss=0.4413014352321625
Epoch 7: train_loss=0.4512273967266083

[CollapseMonitor] Epoch 7
  [DEBUG] Processed 21 batches from val_dataloader
  [DEBUG] Predictions shape after concat: (1290,)
  [DEBUG] All predictions list length: 21
  [DEBUG] First batch shape: (64,)
  Pred std: 0.063227, range: 0.287614, mean: 0.104840
  Pos: 100.0%, Neg: 0.0%, Unique: 1279
  Saved validation predictions to: experiments/00_baseline_exploration/sweep_encoder_10/collapse_monitoring/val_predictions_epoch7.npy
  Gradient norms:
    lstm_encoder: 0.004049
    lstm_decoder: 0.003664
    multihead_attn: 0.002002
    output_layer: 0.121915
  VSN output std:
    encoder: 0.178487
  Attention entropy: 2.298364
  Saved to: experiments/00_baseline_exploration/sweep_encoder_10/collapse_monitoring/collapse_monitor_epoch7.json
Epoch 8: val_loss=0.43419983983039856
Epoch 8: train_loss=0.4468942880630493

[CollapseMonitor] Epoch 8
  [DEBUG] Processed 21 batches from val_dataloader
  [DEBUG] Predictions shape after concat: (1290,)
  [DEBUG] All predictions list length: 21
  [DEBUG] First batch shape: (64,)
  Pred std: 0.072615, range: 0.284844, mean: 0.084590
  Pos: 100.0%, Neg: 0.0%, Unique: 1286
  Saved validation predictions to: experiments/00_baseline_exploration/sweep_encoder_10/collapse_monitoring/val_predictions_epoch8.npy
  Gradient norms:
    lstm_encoder: 0.005058
    lstm_decoder: 0.004139
    multihead_attn: 0.002504
    output_layer: 0.131990
  VSN output std:
    encoder: 0.200269
  Attention entropy: 2.296946
  Saved to: experiments/00_baseline_exploration/sweep_encoder_10/collapse_monitoring/collapse_monitor_epoch8.json
Epoch 9: val_loss=0.42554643750190735
Epoch 9: train_loss=0.4410865008831024

[CollapseMonitor] Epoch 9
  [DEBUG] Processed 21 batches from val_dataloader
  [DEBUG] Predictions shape after concat: (1290,)
  [DEBUG] All predictions list length: 21
  [DEBUG] First batch shape: (64,)
  Pred std: 0.049356, range: 0.193296, mean: 0.050094
  Pos: 97.1%, Neg: 2.9%, Unique: 1282
  Saved validation predictions to: experiments/00_baseline_exploration/sweep_encoder_10/collapse_monitoring/val_predictions_epoch9.npy
  Gradient norms:
    lstm_encoder: 0.005525
    lstm_decoder: 0.004343
    multihead_attn: 0.002593
    output_layer: 0.133500
  VSN output std:
    encoder: 0.179196
  Attention entropy: 2.292629
  Saved to: experiments/00_baseline_exploration/sweep_encoder_10/collapse_monitoring/collapse_monitor_epoch9.json
Epoch 10: val_loss=0.42188650369644165
Epoch 10: train_loss=0.43738242983818054

[CollapseMonitor] Epoch 10
  [DEBUG] Processed 21 batches from val_dataloader
  [DEBUG] Predictions shape after concat: (1290,)
  [DEBUG] All predictions list length: 21
  [DEBUG] First batch shape: (64,)
  Pred std: 0.029965, range: 0.144389, mean: 0.078429
  Pos: 100.0%, Neg: 0.0%, Unique: 1273
  Saved validation predictions to: experiments/00_baseline_exploration/sweep_encoder_10/collapse_monitoring/val_predictions_epoch10.npy
  Gradient norms:
    lstm_encoder: 0.006387
    lstm_decoder: 0.004527
    multihead_attn: 0.002783
    output_layer: 0.125841
  VSN output std:
    encoder: 0.183583
  Attention entropy: 2.294561
  Saved to: experiments/00_baseline_exploration/sweep_encoder_10/collapse_monitoring/collapse_monitor_epoch10.json
Epoch 11: val_loss=0.41845542192459106
Epoch 11: train_loss=0.43468788266181946

[CollapseMonitor] Epoch 11
  [DEBUG] Processed 21 batches from val_dataloader
  [DEBUG] Predictions shape after concat: (1290,)
  [DEBUG] All predictions list length: 21
  [DEBUG] First batch shape: (64,)
  Pred std: 0.031386, range: 0.162571, mean: 0.068200
  Pos: 100.0%, Neg: 0.0%, Unique: 1265
  Saved validation predictions to: experiments/00_baseline_exploration/sweep_encoder_10/collapse_monitoring/val_predictions_epoch11.npy
  Gradient norms:
    lstm_encoder: 0.006775
    lstm_decoder: 0.004552
    multihead_attn: 0.002639
    output_layer: 0.126910
  VSN output std:
    encoder: 0.182986
  Attention entropy: 2.295669
  Saved to: experiments/00_baseline_exploration/sweep_encoder_10/collapse_monitoring/collapse_monitor_epoch11.json
Epoch 12: val_loss=0.41567718982696533
Epoch 12: train_loss=0.4304378628730774

[CollapseMonitor] Epoch 12
  [DEBUG] Processed 21 batches from val_dataloader
  [DEBUG] Predictions shape after concat: (1290,)
  [DEBUG] All predictions list length: 21
  [DEBUG] First batch shape: (64,)
  Pred std: 0.018805, range: 0.125488, mean: 0.069439
  Pos: 100.0%, Neg: 0.0%, Unique: 1261
  Saved validation predictions to: experiments/00_baseline_exploration/sweep_encoder_10/collapse_monitoring/val_predictions_epoch12.npy
  Gradient norms:
    lstm_encoder: 0.006881
    lstm_decoder: 0.004457
    multihead_attn: 0.002801
    output_layer: 0.113389
  VSN output std:
    encoder: 0.181280
  Attention entropy: 2.293685
  Saved to: experiments/00_baseline_exploration/sweep_encoder_10/collapse_monitoring/collapse_monitor_epoch12.json
Epoch 13: val_loss=0.4134159982204437
Epoch 13: train_loss=0.429864764213562

[CollapseMonitor] Epoch 13
  [DEBUG] Processed 21 batches from val_dataloader
  [DEBUG] Predictions shape after concat: (1290,)
  [DEBUG] All predictions list length: 21
  [DEBUG] First batch shape: (64,)
  Pred std: 0.022986, range: 0.128251, mean: 0.090865
  Pos: 100.0%, Neg: 0.0%, Unique: 1256
  Saved validation predictions to: experiments/00_baseline_exploration/sweep_encoder_10/collapse_monitoring/val_predictions_epoch13.npy
  Gradient norms:
    lstm_encoder: 0.007344
    lstm_decoder: 0.004825
    multihead_attn: 0.002660
    output_layer: 0.115596
  VSN output std:
    encoder: 0.176033
  Attention entropy: 2.292768
  Saved to: experiments/00_baseline_exploration/sweep_encoder_10/collapse_monitoring/collapse_monitor_epoch13.json
Epoch 14: val_loss=0.4115400016307831
Epoch 14: train_loss=0.4294111728668213

[CollapseMonitor] Epoch 14
  [DEBUG] Processed 21 batches from val_dataloader
  [DEBUG] Predictions shape after concat: (1290,)
  [DEBUG] All predictions list length: 21
  [DEBUG] First batch shape: (64,)
  Pred std: 0.033457, range: 0.158539, mean: 0.055657
  Pos: 100.0%, Neg: 0.0%, Unique: 1244
  Saved validation predictions to: experiments/00_baseline_exploration/sweep_encoder_10/collapse_monitoring/val_predictions_epoch14.npy
  Gradient norms:
    lstm_encoder: 0.007958
    lstm_decoder: 0.005185
    multihead_attn: 0.002798
    output_layer: 0.125370
  VSN output std:
    encoder: 0.171306
  Attention entropy: 2.292919
  Saved to: experiments/00_baseline_exploration/sweep_encoder_10/collapse_monitoring/collapse_monitor_epoch14.json
Epoch 15: val_loss=0.4094105362892151
Epoch 15: train_loss=0.4279191792011261

[CollapseMonitor] Epoch 15
  [DEBUG] Processed 21 batches from val_dataloader
  [DEBUG] Predictions shape after concat: (1290,)
  [DEBUG] All predictions list length: 21
  [DEBUG] First batch shape: (64,)
  Pred std: 0.030965, range: 0.145256, mean: 0.078279
  Pos: 100.0%, Neg: 0.0%, Unique: 1249
  Saved validation predictions to: experiments/00_baseline_exploration/sweep_encoder_10/collapse_monitoring/val_predictions_epoch15.npy
  Gradient norms:
    lstm_encoder: 0.009172
    lstm_decoder: 0.005873
    multihead_attn: 0.002801
    output_layer: 0.130170
  VSN output std:
    encoder: 0.182650
  Attention entropy: 2.288352
  Saved to: experiments/00_baseline_exploration/sweep_encoder_10/collapse_monitoring/collapse_monitor_epoch15.json
Epoch 16: val_loss=0.4087439775466919
Epoch 16: train_loss=0.4267720580101013

[CollapseMonitor] Epoch 16
  [DEBUG] Processed 21 batches from val_dataloader
  [DEBUG] Predictions shape after concat: (1290,)
  [DEBUG] All predictions list length: 21
  [DEBUG] First batch shape: (64,)
  Pred std: 0.024594, range: 0.123815, mean: 0.097476
  Pos: 100.0%, Neg: 0.0%, Unique: 1242
  Saved validation predictions to: experiments/00_baseline_exploration/sweep_encoder_10/collapse_monitoring/val_predictions_epoch16.npy
  Gradient norms:
    lstm_encoder: 0.007841
    lstm_decoder: 0.005221
    multihead_attn: 0.002691
    output_layer: 0.121753
  VSN output std:
    encoder: 0.183724
  Attention entropy: 2.286375
  Saved to: experiments/00_baseline_exploration/sweep_encoder_10/collapse_monitoring/collapse_monitor_epoch16.json
Epoch 17: val_loss=0.4078666865825653
Epoch 17: train_loss=0.4265412986278534

[CollapseMonitor] Epoch 17
  [DEBUG] Processed 21 batches from val_dataloader
  [DEBUG] Predictions shape after concat: (1290,)
  [DEBUG] All predictions list length: 21
  [DEBUG] First batch shape: (64,)
  Pred std: 0.036612, range: 0.168929, mean: 0.055865
  Pos: 100.0%, Neg: 0.0%, Unique: 1243
  Saved validation predictions to: experiments/00_baseline_exploration/sweep_encoder_10/collapse_monitoring/val_predictions_epoch17.npy
  Gradient norms:
    lstm_encoder: 0.008598
    lstm_decoder: 0.005661
    multihead_attn: 0.002603
    output_layer: 0.124819
  VSN output std:
    encoder: 0.179386
  Attention entropy: 2.279388
  Saved to: experiments/00_baseline_exploration/sweep_encoder_10/collapse_monitoring/collapse_monitor_epoch17.json
Epoch 18: val_loss=0.4071739912033081
Epoch 18: train_loss=0.4237593710422516

[CollapseMonitor] Epoch 18
  [DEBUG] Processed 21 batches from val_dataloader
  [DEBUG] Predictions shape after concat: (1290,)
  [DEBUG] All predictions list length: 21
  [DEBUG] First batch shape: (64,)
  Pred std: 0.034530, range: 0.222418, mean: 0.065918
  Pos: 100.0%, Neg: 0.0%, Unique: 1264
  Saved validation predictions to: experiments/00_baseline_exploration/sweep_encoder_10/collapse_monitoring/val_predictions_epoch18.npy
  Gradient norms:
    lstm_encoder: 0.008157
    lstm_decoder: 0.005384
    multihead_attn: 0.002531
    output_layer: 0.118088
  VSN output std:
    encoder: 0.183523
  Attention entropy: 2.274627
  Saved to: experiments/00_baseline_exploration/sweep_encoder_10/collapse_monitoring/collapse_monitor_epoch18.json
Epoch 19: val_loss=0.40638551115989685
Epoch 19: train_loss=0.4246874749660492

[CollapseMonitor] Epoch 19
  [DEBUG] Processed 21 batches from val_dataloader
  [DEBUG] Predictions shape after concat: (1290,)
  [DEBUG] All predictions list length: 21
  [DEBUG] First batch shape: (64,)
  Pred std: 0.026939, range: 0.183491, mean: 0.087318
  Pos: 100.0%, Neg: 0.0%, Unique: 1246
  Saved validation predictions to: experiments/00_baseline_exploration/sweep_encoder_10/collapse_monitoring/val_predictions_epoch19.npy
  Gradient norms:
    lstm_encoder: 0.008849
    lstm_decoder: 0.006129
    multihead_attn: 0.002628
    output_layer: 0.132876
  VSN output std:
    encoder: 0.183254
  Attention entropy: 2.272549
  Saved to: experiments/00_baseline_exploration/sweep_encoder_10/collapse_monitoring/collapse_monitor_epoch19.json
Epoch 20: val_loss=0.40471020340919495
Epoch 20: train_loss=0.42411643266677856

[CollapseMonitor] Epoch 20
  [DEBUG] Processed 21 batches from val_dataloader
  [DEBUG] Predictions shape after concat: (1290,)
  [DEBUG] All predictions list length: 21
  [DEBUG] First batch shape: (64,)
  Pred std: 0.029245, range: 0.181306, mean: 0.062807
  Pos: 100.0%, Neg: 0.0%, Unique: 1256
  Saved validation predictions to: experiments/00_baseline_exploration/sweep_encoder_10/collapse_monitoring/val_predictions_epoch20.npy
  Gradient norms:
    lstm_encoder: 0.008472
    lstm_decoder: 0.005907
    multihead_attn: 0.002619
    output_layer: 0.121671
  VSN output std:
    encoder: 0.184532
  Attention entropy: 2.273455
  Saved to: experiments/00_baseline_exploration/sweep_encoder_10/collapse_monitoring/collapse_monitor_epoch20.json
Epoch 21: val_loss=0.4042738378047943
Epoch 21: train_loss=0.4237011969089508

[CollapseMonitor] Epoch 21
  [DEBUG] Processed 21 batches from val_dataloader
  [DEBUG] Predictions shape after concat: (1290,)
  [DEBUG] All predictions list length: 21
  [DEBUG] First batch shape: (64,)
  Pred std: 0.018875, range: 0.122131, mean: 0.120558
  Pos: 100.0%, Neg: 0.0%, Unique: 1249
  Saved validation predictions to: experiments/00_baseline_exploration/sweep_encoder_10/collapse_monitoring/val_predictions_epoch21.npy
  Gradient norms:
    lstm_encoder: 0.009135
    lstm_decoder: 0.006524
    multihead_attn: 0.002837
    output_layer: 0.125721
  VSN output std:
    encoder: 0.186536
  Attention entropy: 2.263100
  Saved to: experiments/00_baseline_exploration/sweep_encoder_10/collapse_monitoring/collapse_monitor_epoch21.json
Epoch 22: val_loss=0.4029441177845001
Epoch 22: train_loss=0.42394471168518066

[CollapseMonitor] Epoch 22
  [DEBUG] Processed 21 batches from val_dataloader
  [DEBUG] Predictions shape after concat: (1290,)
  [DEBUG] All predictions list length: 21
  [DEBUG] First batch shape: (64,)
  Pred std: 0.043868, range: 0.228599, mean: 0.077578
  Pos: 100.0%, Neg: 0.0%, Unique: 1237
  Saved validation predictions to: experiments/00_baseline_exploration/sweep_encoder_10/collapse_monitoring/val_predictions_epoch22.npy
  Gradient norms:
    lstm_encoder: 0.008632
    lstm_decoder: 0.005997
    multihead_attn: 0.002682
    output_layer: 0.122300
  VSN output std:
    encoder: 0.181308
  Attention entropy: 2.263346
  Saved to: experiments/00_baseline_exploration/sweep_encoder_10/collapse_monitoring/collapse_monitor_epoch22.json
Epoch 23: val_loss=0.402660608291626
Epoch 23: train_loss=0.42311161756515503

[CollapseMonitor] Epoch 23
  [DEBUG] Processed 21 batches from val_dataloader
  [DEBUG] Predictions shape after concat: (1290,)
  [DEBUG] All predictions list length: 21
  [DEBUG] First batch shape: (64,)
  Pred std: 0.027236, range: 0.174459, mean: 0.061529
  Pos: 100.0%, Neg: 0.0%, Unique: 1248
  Saved validation predictions to: experiments/00_baseline_exploration/sweep_encoder_10/collapse_monitoring/val_predictions_epoch23.npy
  Gradient norms:
    lstm_encoder: 0.008625
    lstm_decoder: 0.006207
    multihead_attn: 0.002824
    output_layer: 0.119109
  VSN output std:
    encoder: 0.186946
  Attention entropy: 2.254100
  Saved to: experiments/00_baseline_exploration/sweep_encoder_10/collapse_monitoring/collapse_monitor_epoch23.json
Epoch 24: val_loss=0.4025697112083435
Epoch 24: train_loss=0.42274340987205505

[CollapseMonitor] Epoch 24
  [DEBUG] Processed 21 batches from val_dataloader
  [DEBUG] Predictions shape after concat: (1290,)
  [DEBUG] All predictions list length: 21
  [DEBUG] First batch shape: (64,)
  Pred std: 0.031336, range: 0.183665, mean: 0.108583
  Pos: 100.0%, Neg: 0.0%, Unique: 1230
  Saved validation predictions to: experiments/00_baseline_exploration/sweep_encoder_10/collapse_monitoring/val_predictions_epoch24.npy
  Gradient norms:
    lstm_encoder: 0.009274
    lstm_decoder: 0.006567
    multihead_attn: 0.002994
    output_layer: 0.123659
  VSN output std:
    encoder: 0.189481
  Attention entropy: 2.255649
  Saved to: experiments/00_baseline_exploration/sweep_encoder_10/collapse_monitoring/collapse_monitor_epoch24.json
Epoch 25: val_loss=0.4013439416885376
Epoch 25: train_loss=0.42242181301116943

[CollapseMonitor] Epoch 25
  [DEBUG] Processed 21 batches from val_dataloader
  [DEBUG] Predictions shape after concat: (1290,)
  [DEBUG] All predictions list length: 21
  [DEBUG] First batch shape: (64,)
  Pred std: 0.041170, range: 0.221542, mean: 0.055889
  Pos: 100.0%, Neg: 0.0%, Unique: 1245
  Saved validation predictions to: experiments/00_baseline_exploration/sweep_encoder_10/collapse_monitoring/val_predictions_epoch25.npy
  Gradient norms:
    lstm_encoder: 0.009130
    lstm_decoder: 0.006625
    multihead_attn: 0.002952
    output_layer: 0.123057
  VSN output std:
    encoder: 0.190604
  Attention entropy: 2.243202
  Saved to: experiments/00_baseline_exploration/sweep_encoder_10/collapse_monitoring/collapse_monitor_epoch25.json
Epoch 26: val_loss=0.4003988206386566
Epoch 26: train_loss=0.4220329821109772

[CollapseMonitor] Epoch 26
  [DEBUG] Processed 21 batches from val_dataloader
  [DEBUG] Predictions shape after concat: (1290,)
  [DEBUG] All predictions list length: 21
  [DEBUG] First batch shape: (64,)
  Pred std: 0.030242, range: 0.180244, mean: 0.073035
  Pos: 100.0%, Neg: 0.0%, Unique: 1240
  Saved validation predictions to: experiments/00_baseline_exploration/sweep_encoder_10/collapse_monitoring/val_predictions_epoch26.npy
  Gradient norms:
    lstm_encoder: 0.008959
    lstm_decoder: 0.006559
    multihead_attn: 0.002625
    output_layer: 0.116022
  VSN output std:
    encoder: 0.190565
  Attention entropy: 2.242082
  Saved to: experiments/00_baseline_exploration/sweep_encoder_10/collapse_monitoring/collapse_monitor_epoch26.json
Epoch 27: val_loss=0.40059152245521545
Epoch 27: train_loss=0.42310845851898193

[CollapseMonitor] Epoch 27
  [DEBUG] Processed 21 batches from val_dataloader
  [DEBUG] Predictions shape after concat: (1290,)
  [DEBUG] All predictions list length: 21
  [DEBUG] First batch shape: (64,)
  Pred std: 0.020873, range: 0.159760, mean: 0.099593
  Pos: 100.0%, Neg: 0.0%, Unique: 1243
  Saved validation predictions to: experiments/00_baseline_exploration/sweep_encoder_10/collapse_monitoring/val_predictions_epoch27.npy
  Gradient norms:
    lstm_encoder: 0.008890
    lstm_decoder: 0.006478
    multihead_attn: 0.002424
    output_layer: 0.119813
  VSN output std:
    encoder: 0.188451
  Attention entropy: 2.247499
  Saved to: experiments/00_baseline_exploration/sweep_encoder_10/collapse_monitoring/collapse_monitor_epoch27.json
Epoch 28: val_loss=0.400586873292923
Epoch 28: train_loss=0.4223572015762329

[CollapseMonitor] Epoch 28
  [DEBUG] Processed 21 batches from val_dataloader
  [DEBUG] Predictions shape after concat: (1290,)
  [DEBUG] All predictions list length: 21
  [DEBUG] First batch shape: (64,)
  Pred std: 0.027471, range: 0.176185, mean: 0.076818
  Pos: 100.0%, Neg: 0.0%, Unique: 1248
  Saved validation predictions to: experiments/00_baseline_exploration/sweep_encoder_10/collapse_monitoring/val_predictions_epoch28.npy
  Gradient norms:
    lstm_encoder: 0.009231
    lstm_decoder: 0.006688
    multihead_attn: 0.002684
    output_layer: 0.114867
  VSN output std:
    encoder: 0.194710
  Attention entropy: 2.232246
  Saved to: experiments/00_baseline_exploration/sweep_encoder_10/collapse_monitoring/collapse_monitor_epoch28.json
Epoch 29: val_loss=0.40085312724113464
Epoch 29: train_loss=0.4221999943256378

[CollapseMonitor] Epoch 29
  [DEBUG] Processed 21 batches from val_dataloader
  [DEBUG] Predictions shape after concat: (1290,)
  [DEBUG] All predictions list length: 21
  [DEBUG] First batch shape: (64,)
  Pred std: 0.022147, range: 0.160548, mean: 0.089406
  Pos: 100.0%, Neg: 0.0%, Unique: 1249
  Saved validation predictions to: experiments/00_baseline_exploration/sweep_encoder_10/collapse_monitoring/val_predictions_epoch29.npy
  Gradient norms:
    lstm_encoder: 0.009992
    lstm_decoder: 0.007962
    multihead_attn: 0.002755
    output_layer: 0.130057
  VSN output std:
    encoder: 0.194156
  Attention entropy: 2.217582
  Saved to: experiments/00_baseline_exploration/sweep_encoder_10/collapse_monitoring/collapse_monitor_epoch29.json
Epoch 30: val_loss=0.40003663301467896
Epoch 30: train_loss=0.42123594880104065

[CollapseMonitor] Epoch 30
  [DEBUG] Processed 21 batches from val_dataloader
  [DEBUG] Predictions shape after concat: (1290,)
  [DEBUG] All predictions list length: 21
  [DEBUG] First batch shape: (64,)
  Pred std: 0.021824, range: 0.172044, mean: 0.056319
  Pos: 100.0%, Neg: 0.0%, Unique: 1246
  Saved validation predictions to: experiments/00_baseline_exploration/sweep_encoder_10/collapse_monitoring/val_predictions_epoch30.npy
  Gradient norms:
    lstm_encoder: 0.010107
    lstm_decoder: 0.007522
    multihead_attn: 0.002868
    output_layer: 0.121152
  VSN output std:
    encoder: 0.194260
  Attention entropy: 2.228776
  Saved to: experiments/00_baseline_exploration/sweep_encoder_10/collapse_monitoring/collapse_monitor_epoch30.json
Epoch 31: val_loss=0.4000151753425598
Epoch 31: train_loss=0.4203624725341797

[CollapseMonitor] Epoch 31
  [DEBUG] Processed 21 batches from val_dataloader
  [DEBUG] Predictions shape after concat: (1290,)
  [DEBUG] All predictions list length: 21
  [DEBUG] First batch shape: (64,)
  Pred std: 0.020933, range: 0.155309, mean: 0.086923
  Pos: 100.0%, Neg: 0.0%, Unique: 1248
  Saved validation predictions to: experiments/00_baseline_exploration/sweep_encoder_10/collapse_monitoring/val_predictions_epoch31.npy
  Gradient norms:
    lstm_encoder: 0.009711
    lstm_decoder: 0.007177
    multihead_attn: 0.002841
    output_layer: 0.116281
  VSN output std:
    encoder: 0.198643
  Attention entropy: 2.218240
  Saved to: experiments/00_baseline_exploration/sweep_encoder_10/collapse_monitoring/collapse_monitor_epoch31.json
Epoch 32: val_loss=0.39862173795700073
Epoch 32: train_loss=0.4211265444755554

[CollapseMonitor] Epoch 32
  [DEBUG] Processed 21 batches from val_dataloader
  [DEBUG] Predictions shape after concat: (1290,)
  [DEBUG] All predictions list length: 21
  [DEBUG] First batch shape: (64,)
  Pred std: 0.021070, range: 0.179653, mean: 0.094307
  Pos: 100.0%, Neg: 0.0%, Unique: 1246
  Saved validation predictions to: experiments/00_baseline_exploration/sweep_encoder_10/collapse_monitoring/val_predictions_epoch32.npy
  Gradient norms:
    lstm_encoder: 0.010792
    lstm_decoder: 0.008068
    multihead_attn: 0.003133
    output_layer: 0.133605
  VSN output std:
    encoder: 0.199766
  Attention entropy: 2.210482
  Saved to: experiments/00_baseline_exploration/sweep_encoder_10/collapse_monitoring/collapse_monitor_epoch32.json
Epoch 33: val_loss=0.40065640211105347
Epoch 33: train_loss=0.42095229029655457

[CollapseMonitor] Epoch 33
  [DEBUG] Processed 21 batches from val_dataloader
  [DEBUG] Predictions shape after concat: (1290,)
  [DEBUG] All predictions list length: 21
  [DEBUG] First batch shape: (64,)
  Pred std: 0.035509, range: 0.269865, mean: 0.063635
  Pos: 100.0%, Neg: 0.0%, Unique: 1252
  Saved validation predictions to: experiments/00_baseline_exploration/sweep_encoder_10/collapse_monitoring/val_predictions_epoch33.npy
  Gradient norms:
    lstm_encoder: 0.010743
    lstm_decoder: 0.007842
    multihead_attn: 0.002880
    output_layer: 0.127709
  VSN output std:
    encoder: 0.193003
  Attention entropy: 2.212652
  Saved to: experiments/00_baseline_exploration/sweep_encoder_10/collapse_monitoring/collapse_monitor_epoch33.json
Epoch 34: val_loss=0.39859047532081604
Epoch 34: train_loss=0.42065927386283875

[CollapseMonitor] Epoch 34
  [DEBUG] Processed 21 batches from val_dataloader
  [DEBUG] Predictions shape after concat: (1290,)
  [DEBUG] All predictions list length: 21
  [DEBUG] First batch shape: (64,)
  Pred std: 0.032438, range: 0.223537, mean: 0.064029
  Pos: 100.0%, Neg: 0.0%, Unique: 1251
  Saved validation predictions to: experiments/00_baseline_exploration/sweep_encoder_10/collapse_monitoring/val_predictions_epoch34.npy
  Gradient norms:
    lstm_encoder: 0.010923
    lstm_decoder: 0.007826
    multihead_attn: 0.002917
    output_layer: 0.122453
  VSN output std:
    encoder: 0.198010
  Attention entropy: 2.225334
  Saved to: experiments/00_baseline_exploration/sweep_encoder_10/collapse_monitoring/collapse_monitor_epoch34.json
Epoch 35: val_loss=0.3981209695339203
Epoch 35: train_loss=0.4201509952545166

[CollapseMonitor] Epoch 35
  [DEBUG] Processed 21 batches from val_dataloader
  [DEBUG] Predictions shape after concat: (1290,)
  [DEBUG] All predictions list length: 21
  [DEBUG] First batch shape: (64,)
  Pred std: 0.027618, range: 0.228282, mean: 0.068697
  Pos: 100.0%, Neg: 0.0%, Unique: 1250
  Saved validation predictions to: experiments/00_baseline_exploration/sweep_encoder_10/collapse_monitoring/val_predictions_epoch35.npy
  Gradient norms:
    lstm_encoder: 0.011037
    lstm_decoder: 0.007730
    multihead_attn: 0.002779
    output_layer: 0.117068
  VSN output std:
    encoder: 0.198995
  Attention entropy: 2.216847
  Saved to: experiments/00_baseline_exploration/sweep_encoder_10/collapse_monitoring/collapse_monitor_epoch35.json
Epoch 36: val_loss=0.3978216052055359
Epoch 36: train_loss=0.42060258984565735

[CollapseMonitor] Epoch 36
  [DEBUG] Processed 21 batches from val_dataloader
  [DEBUG] Predictions shape after concat: (1290,)
  [DEBUG] All predictions list length: 21
  [DEBUG] First batch shape: (64,)
  Pred std: 0.024190, range: 0.225409, mean: 0.119059
  Pos: 100.0%, Neg: 0.0%, Unique: 1264
  Saved validation predictions to: experiments/00_baseline_exploration/sweep_encoder_10/collapse_monitoring/val_predictions_epoch36.npy
  Gradient norms:
    lstm_encoder: 0.012800
    lstm_decoder: 0.008778
    multihead_attn: 0.002575
    output_layer: 0.132722
  VSN output std:
    encoder: 0.194900
  Attention entropy: 2.231434
  Saved to: experiments/00_baseline_exploration/sweep_encoder_10/collapse_monitoring/collapse_monitor_epoch36.json
Epoch 37: val_loss=0.3974889814853668
Epoch 37: train_loss=0.42028480768203735

[CollapseMonitor] Epoch 37
  [DEBUG] Processed 21 batches from val_dataloader
  [DEBUG] Predictions shape after concat: (1290,)
  [DEBUG] All predictions list length: 21
  [DEBUG] First batch shape: (64,)
  Pred std: 0.031488, range: 0.265997, mean: 0.084202
  Pos: 100.0%, Neg: 0.0%, Unique: 1252
  Saved validation predictions to: experiments/00_baseline_exploration/sweep_encoder_10/collapse_monitoring/val_predictions_epoch37.npy
  Gradient norms:
    lstm_encoder: 0.013713
    lstm_decoder: 0.009201
    multihead_attn: 0.003204
    output_layer: 0.132838
  VSN output std:
    encoder: 0.192077
  Attention entropy: 2.227295
  Saved to: experiments/00_baseline_exploration/sweep_encoder_10/collapse_monitoring/collapse_monitor_epoch37.json
Epoch 38: val_loss=0.39733394980430603
Epoch 38: train_loss=0.42093151807785034

[CollapseMonitor] Epoch 38
  [DEBUG] Processed 21 batches from val_dataloader
  [DEBUG] Predictions shape after concat: (1290,)
  [DEBUG] All predictions list length: 21
  [DEBUG] First batch shape: (64,)
  Pred std: 0.027876, range: 0.247216, mean: 0.078575
  Pos: 100.0%, Neg: 0.0%, Unique: 1261
  Saved validation predictions to: experiments/00_baseline_exploration/sweep_encoder_10/collapse_monitoring/val_predictions_epoch38.npy
  Gradient norms:
    lstm_encoder: 0.013042
    lstm_decoder: 0.008048
    multihead_attn: 0.002604
    output_layer: 0.112161
  VSN output std:
    encoder: 0.192089
  Attention entropy: 2.211729
  Saved to: experiments/00_baseline_exploration/sweep_encoder_10/collapse_monitoring/collapse_monitor_epoch38.json
Epoch 39: val_loss=0.3975135087966919
Epoch 39: train_loss=0.4191189110279083

[CollapseMonitor] Epoch 39
  [DEBUG] Processed 21 batches from val_dataloader
  [DEBUG] Predictions shape after concat: (1290,)
  [DEBUG] All predictions list length: 21
  [DEBUG] First batch shape: (64,)
  Pred std: 0.033355, range: 0.270495, mean: 0.088212
  Pos: 100.0%, Neg: 0.0%, Unique: 1264
  Saved validation predictions to: experiments/00_baseline_exploration/sweep_encoder_10/collapse_monitoring/val_predictions_epoch39.npy
  Gradient norms:
    lstm_encoder: 0.014389
    lstm_decoder: 0.009123
    multihead_attn: 0.002771
    output_layer: 0.123910
  VSN output std:
    encoder: 0.194344
  Attention entropy: 2.222711
  Saved to: experiments/00_baseline_exploration/sweep_encoder_10/collapse_monitoring/collapse_monitor_epoch39.json
Epoch 40: val_loss=0.3965635895729065
Epoch 40: train_loss=0.4206419885158539

[CollapseMonitor] Epoch 40
  [DEBUG] Processed 21 batches from val_dataloader
  [DEBUG] Predictions shape after concat: (1290,)
  [DEBUG] All predictions list length: 21
  [DEBUG] First batch shape: (64,)
  Pred std: 0.034095, range: 0.277469, mean: 0.089407
  Pos: 100.0%, Neg: 0.0%, Unique: 1265
  Saved validation predictions to: experiments/00_baseline_exploration/sweep_encoder_10/collapse_monitoring/val_predictions_epoch40.npy
  Gradient norms:
    lstm_encoder: 0.014827
    lstm_decoder: 0.009727
    multihead_attn: 0.002652
    output_layer: 0.121687
  VSN output std:
    encoder: 0.203059
  Attention entropy: 2.208005
  Saved to: experiments/00_baseline_exploration/sweep_encoder_10/collapse_monitoring/collapse_monitor_epoch40.json
Epoch 41: val_loss=0.39673247933387756
Epoch 41: train_loss=0.41982680559158325

[CollapseMonitor] Epoch 41
  [DEBUG] Processed 21 batches from val_dataloader
  [DEBUG] Predictions shape after concat: (1290,)
  [DEBUG] All predictions list length: 21
  [DEBUG] First batch shape: (64,)
  Pred std: 0.037634, range: 0.298288, mean: 0.097968
  Pos: 100.0%, Neg: 0.0%, Unique: 1267
  Saved validation predictions to: experiments/00_baseline_exploration/sweep_encoder_10/collapse_monitoring/val_predictions_epoch41.npy
  Gradient norms:
    lstm_encoder: 0.014687
    lstm_decoder: 0.008879
    multihead_attn: 0.002858
    output_layer: 0.127474
  VSN output std:
    encoder: 0.196753
  Attention entropy: 2.212169
  Saved to: experiments/00_baseline_exploration/sweep_encoder_10/collapse_monitoring/collapse_monitor_epoch41.json
Epoch 42: val_loss=0.3972840905189514
Epoch 42: train_loss=0.41907939314842224

[CollapseMonitor] Epoch 42
  [DEBUG] Processed 21 batches from val_dataloader
  [DEBUG] Predictions shape after concat: (1290,)
  [DEBUG] All predictions list length: 21
  [DEBUG] First batch shape: (64,)
  Pred std: 0.035858, range: 0.295228, mean: 0.073282
  Pos: 99.9%, Neg: 0.1%, Unique: 1271
  Saved validation predictions to: experiments/00_baseline_exploration/sweep_encoder_10/collapse_monitoring/val_predictions_epoch42.npy
  Gradient norms:
    lstm_encoder: 0.014517
    lstm_decoder: 0.008710
    multihead_attn: 0.002869
    output_layer: 0.120955
  VSN output std:
    encoder: 0.197087
  Attention entropy: 2.215877
  Saved to: experiments/00_baseline_exploration/sweep_encoder_10/collapse_monitoring/collapse_monitor_epoch42.json
Epoch 43: val_loss=0.3958795964717865
Epoch 43: train_loss=0.4194379448890686

[CollapseMonitor] Epoch 43
  [DEBUG] Processed 21 batches from val_dataloader
  [DEBUG] Predictions shape after concat: (1290,)
  [DEBUG] All predictions list length: 21
  [DEBUG] First batch shape: (64,)
  Pred std: 0.035506, range: 0.294641, mean: 0.099386
  Pos: 100.0%, Neg: 0.0%, Unique: 1265
  Saved validation predictions to: experiments/00_baseline_exploration/sweep_encoder_10/collapse_monitoring/val_predictions_epoch43.npy
  Gradient norms:
    lstm_encoder: 0.016302
    lstm_decoder: 0.009991
    multihead_attn: 0.002597
    output_layer: 0.123542
  VSN output std:
    encoder: 0.202632
  Attention entropy: 2.214192
  Saved to: experiments/00_baseline_exploration/sweep_encoder_10/collapse_monitoring/collapse_monitor_epoch43.json
Epoch 44: val_loss=0.3956249952316284
Epoch 44: train_loss=0.41937944293022156

[CollapseMonitor] Epoch 44
  [DEBUG] Processed 21 batches from val_dataloader
  [DEBUG] Predictions shape after concat: (1290,)
  [DEBUG] All predictions list length: 21
  [DEBUG] First batch shape: (64,)
  Pred std: 0.030329, range: 0.273955, mean: 0.070137
  Pos: 99.8%, Neg: 0.2%, Unique: 1272
  Saved validation predictions to: experiments/00_baseline_exploration/sweep_encoder_10/collapse_monitoring/val_predictions_epoch44.npy
  Gradient norms:
    lstm_encoder: 0.015833
    lstm_decoder: 0.009368
    multihead_attn: 0.002990
    output_layer: 0.130871
  VSN output std:
    encoder: 0.203185
  Attention entropy: 2.225549
  Saved to: experiments/00_baseline_exploration/sweep_encoder_10/collapse_monitoring/collapse_monitor_epoch44.json
Epoch 45: val_loss=0.3957132399082184
Epoch 45: train_loss=0.41930124163627625

[CollapseMonitor] Epoch 45
  [DEBUG] Processed 21 batches from val_dataloader
  [DEBUG] Predictions shape after concat: (1290,)
  [DEBUG] All predictions list length: 21
  [DEBUG] First batch shape: (64,)
  Pred std: 0.040619, range: 0.288310, mean: 0.086223
  Pos: 100.0%, Neg: 0.0%, Unique: 1276
  Saved validation predictions to: experiments/00_baseline_exploration/sweep_encoder_10/collapse_monitoring/val_predictions_epoch45.npy
  Gradient norms:
    lstm_encoder: 0.016400
    lstm_decoder: 0.010080
    multihead_attn: 0.003219
    output_layer: 0.115150
  VSN output std:
    encoder: 0.199042
  Attention entropy: 2.218141
  Saved to: experiments/00_baseline_exploration/sweep_encoder_10/collapse_monitoring/collapse_monitor_epoch45.json
Epoch 46: val_loss=0.3967677056789398
Epoch 46: train_loss=0.41879934072494507

[CollapseMonitor] Epoch 46
  [DEBUG] Processed 21 batches from val_dataloader
  [DEBUG] Predictions shape after concat: (1290,)
  [DEBUG] All predictions list length: 21
  [DEBUG] First batch shape: (64,)
  Pred std: 0.050940, range: 0.349645, mean: 0.059071
  Pos: 99.4%, Neg: 0.6%, Unique: 1277
  Saved validation predictions to: experiments/00_baseline_exploration/sweep_encoder_10/collapse_monitoring/val_predictions_epoch46.npy
  Gradient norms:
    lstm_encoder: 0.016248
    lstm_decoder: 0.009693
    multihead_attn: 0.003003
    output_layer: 0.124594
  VSN output std:
    encoder: 0.199330
  Attention entropy: 2.214241
  Saved to: experiments/00_baseline_exploration/sweep_encoder_10/collapse_monitoring/collapse_monitor_epoch46.json
Epoch 47: val_loss=0.3956621289253235
Epoch 47: train_loss=0.4189145565032959

[CollapseMonitor] Epoch 47
  [DEBUG] Processed 21 batches from val_dataloader
  [DEBUG] Predictions shape after concat: (1290,)
  [DEBUG] All predictions list length: 21
  [DEBUG] First batch shape: (64,)
  Pred std: 0.040752, range: 0.330678, mean: 0.073444
  Pos: 99.7%, Neg: 0.3%, Unique: 1280
  Saved validation predictions to: experiments/00_baseline_exploration/sweep_encoder_10/collapse_monitoring/val_predictions_epoch47.npy
  Gradient norms:
    lstm_encoder: 0.017714
    lstm_decoder: 0.009926
    multihead_attn: 0.003123
    output_layer: 0.120242
  VSN output std:
    encoder: 0.203776
  Attention entropy: 2.230176
  Saved to: experiments/00_baseline_exploration/sweep_encoder_10/collapse_monitoring/collapse_monitor_epoch47.json
Epoch 48: val_loss=0.3991214334964752
Epoch 48: train_loss=0.41914960741996765

[CollapseMonitor] Epoch 48
  [DEBUG] Processed 21 batches from val_dataloader
  [DEBUG] Predictions shape after concat: (1290,)
  [DEBUG] All predictions list length: 21
  [DEBUG] First batch shape: (64,)
  Pred std: 0.044677, range: 0.335167, mean: 0.076472
  Pos: 99.8%, Neg: 0.2%, Unique: 1283
  Saved validation predictions to: experiments/00_baseline_exploration/sweep_encoder_10/collapse_monitoring/val_predictions_epoch48.npy
  Gradient norms:
    lstm_encoder: 0.017007
    lstm_decoder: 0.009853
    multihead_attn: 0.003072
    output_layer: 0.118858
  VSN output std:
    encoder: 0.200989
  Attention entropy: 2.206984
  Saved to: experiments/00_baseline_exploration/sweep_encoder_10/collapse_monitoring/collapse_monitor_epoch48.json
Epoch 49: val_loss=0.3997613489627838
Epoch 49: train_loss=0.41998928785324097

[CollapseMonitor] Epoch 49
  [DEBUG] Processed 21 batches from val_dataloader
  [DEBUG] Predictions shape after concat: (1290,)
  [DEBUG] All predictions list length: 21
  [DEBUG] First batch shape: (64,)
  Pred std: 0.044746, range: 0.329688, mean: 0.056930
  Pos: 98.4%, Neg: 1.6%, Unique: 1284
  Saved validation predictions to: experiments/00_baseline_exploration/sweep_encoder_10/collapse_monitoring/val_predictions_epoch49.npy
  Gradient norms:
    lstm_encoder: 0.018225
    lstm_decoder: 0.010073
    multihead_attn: 0.003312
    output_layer: 0.120146
  VSN output std:
    encoder: 0.198448
  Attention entropy: 2.198008
  Saved to: experiments/00_baseline_exploration/sweep_encoder_10/collapse_monitoring/collapse_monitor_epoch49.json
Epoch 50: val_loss=0.396356999874115
Epoch 50: train_loss=0.4187915623188019

[CollapseMonitor] Epoch 50
  [DEBUG] Processed 21 batches from val_dataloader
  [DEBUG] Predictions shape after concat: (1290,)
  [DEBUG] All predictions list length: 21
  [DEBUG] First batch shape: (64,)
  Pred std: 0.040462, range: 0.312940, mean: 0.102974
  Pos: 99.9%, Neg: 0.1%, Unique: 1279
  Saved validation predictions to: experiments/00_baseline_exploration/sweep_encoder_10/collapse_monitoring/val_predictions_epoch50.npy
  Gradient norms:
    lstm_encoder: 0.019542
    lstm_decoder: 0.010343
    multihead_attn: 0.003015
    output_layer: 0.126071
  VSN output std:
    encoder: 0.197978
  Attention entropy: 2.208841
  Saved to: experiments/00_baseline_exploration/sweep_encoder_10/collapse_monitoring/collapse_monitor_epoch50.json
Epoch 51: val_loss=0.3983374238014221
Epoch 51: train_loss=0.41856032609939575

[CollapseMonitor] Epoch 51
  [DEBUG] Processed 21 batches from val_dataloader
  [DEBUG] Predictions shape after concat: (1290,)
  [DEBUG] All predictions list length: 21
  [DEBUG] First batch shape: (64,)
  Pred std: 0.045740, range: 0.358766, mean: 0.072774
  Pos: 99.1%, Neg: 0.9%, Unique: 1279
  Saved validation predictions to: experiments/00_baseline_exploration/sweep_encoder_10/collapse_monitoring/val_predictions_epoch51.npy
  Gradient norms:
    lstm_encoder: 0.020348
    lstm_decoder: 0.011232
    multihead_attn: 0.002994
    output_layer: 0.120451
  VSN output std:
    encoder: 0.194260
  Attention entropy: 2.211320
  Saved to: experiments/00_baseline_exploration/sweep_encoder_10/collapse_monitoring/collapse_monitor_epoch51.json
Epoch 52: val_loss=0.3993302583694458
Epoch 52: train_loss=0.41826480627059937

[CollapseMonitor] Epoch 52
  [DEBUG] Processed 21 batches from val_dataloader
  [DEBUG] Predictions shape after concat: (1290,)
  [DEBUG] All predictions list length: 21
  [DEBUG] First batch shape: (64,)
  Pred std: 0.039733, range: 0.334693, mean: 0.099110
  Pos: 99.8%, Neg: 0.2%, Unique: 1277
  Saved validation predictions to: experiments/00_baseline_exploration/sweep_encoder_10/collapse_monitoring/val_predictions_epoch52.npy
  Gradient norms:
    lstm_encoder: 0.020623
    lstm_decoder: 0.010795
    multihead_attn: 0.003057
    output_layer: 0.126644
  VSN output std:
    encoder: 0.189254
  Attention entropy: 2.221689
  Saved to: experiments/00_baseline_exploration/sweep_encoder_10/collapse_monitoring/collapse_monitor_epoch52.json
Epoch 53: val_loss=0.3965582251548767
Epoch 53: train_loss=0.417890340089798

[CollapseMonitor] Epoch 53
  [DEBUG] Processed 21 batches from val_dataloader
  [DEBUG] Predictions shape after concat: (1290,)
  [DEBUG] All predictions list length: 21
  [DEBUG] First batch shape: (64,)
  Pred std: 0.043260, range: 0.335862, mean: 0.083743
  Pos: 99.2%, Neg: 0.8%, Unique: 1281
  Saved validation predictions to: experiments/00_baseline_exploration/sweep_encoder_10/collapse_monitoring/val_predictions_epoch53.npy
  Gradient norms:
    lstm_encoder: 0.020434
    lstm_decoder: 0.010760
    multihead_attn: 0.002850
    output_layer: 0.122035
  VSN output std:
    encoder: 0.192954
  Attention entropy: 2.223556
  Saved to: experiments/00_baseline_exploration/sweep_encoder_10/collapse_monitoring/collapse_monitor_epoch53.json
Epoch 54: val_loss=0.3994863033294678
Epoch 54: train_loss=0.4180101454257965

[CollapseMonitor] Epoch 54
  [DEBUG] Processed 21 batches from val_dataloader
  [DEBUG] Predictions shape after concat: (1290,)
  [DEBUG] All predictions list length: 21
  [DEBUG] First batch shape: (64,)
  Pred std: 0.044316, range: 0.348216, mean: 0.104085
  Pos: 99.9%, Neg: 0.1%, Unique: 1283
  Saved validation predictions to: experiments/00_baseline_exploration/sweep_encoder_10/collapse_monitoring/val_predictions_epoch54.npy
  Gradient norms:
    lstm_encoder: 0.020284
    lstm_decoder: 0.010622
    multihead_attn: 0.002923
    output_layer: 0.119237
  VSN output std:
    encoder: 0.189456
  Attention entropy: 2.217251
  Saved to: experiments/00_baseline_exploration/sweep_encoder_10/collapse_monitoring/collapse_monitor_epoch54.json


======================================================================
Training complete
======================================================================

Best model checkpoint: experiments/00_baseline_exploration/sweep_encoder_10/checkpoints/tft-epoch=44-val_loss=0.3956.ckpt
Best validation loss: 0.395625
Completed at: 2025-10-29 20:23:02
Log saved to: experiments/00_baseline_exploration/sweep_encoder_10/training_20251029_194816.log
======================================================================
