Logging to: experiments/02b_vintage_sweep/baseline_h12_drop0.25/vsn_analysis/vsn_analysis_20251129_151321.log
Analysis started at: 2025-11-29 15:13:21
======================================================================
Experiment: 02b_vintage_sweep/baseline_h12_drop0.25
Output directory: experiments/02b_vintage_sweep/baseline_h12_drop0.25/vsn_analysis
Loading config from: experiments/02b_vintage_sweep/baseline_h12_drop0.25/config.json
Using best checkpoint: experiments/02b_vintage_sweep/baseline_h12_drop0.25/checkpoints/tft-epoch=97-val_loss=0.3925.ckpt

Loading data...
Loading test data from: data/splits/vintage/core_proposal_daily_vintage_test.csv
  Train samples: 6074
  Test samples: 1302

Preparing test dataset...
Test dataset size: 1282

Loading model...
Loading model from: experiments/02b_vintage_sweep/baseline_h12_drop0.25/checkpoints/tft-epoch=97-val_loss=0.3925.ckpt
Model loaded on device: cuda

Extracting VSN weights...
  Encoder variables (5): ['relative_time_idx', 'VIX', 'Treasury_10Y', 'Yield_Spread', 'Inflation_YoY']
  Decoder variables (1): ['relative_time_idx']
  Static variables (1): ['encoder_length']

  DEBUG: Output type: <class 'pytorch_forecasting.utils.TupleOutputMixIn.to_network_output.<locals>.Output'>
  DEBUG: Output fields (NamedTuple): ('prediction', 'encoder_attention', 'decoder_attention', 'static_variables', 'encoder_variables', 'decoder_variables', 'decoder_lengths', 'encoder_lengths')
  DEBUG: output.encoder_variables shape: torch.Size([64, 20, 1, 5])
  DEBUG: output.static_variables shape: torch.Size([64, 1, 1])
  DEBUG: output.decoder_variables shape: torch.Size([64, 1, 1, 1])
  Processed batch 20/21

Extraction complete:
  Samples: 1282
  Encoder VSN shape: (1282, 5)
  Decoder VSN shape: (1282, 1)

Analysis period: 2020-08-17 to 2025-10-06

Creating temporal periods:
  2020: 94 samples
  2021: 250 samples
  2022: 249 samples
  2023: 249 samples
  2024: 250 samples
  2025: 190 samples

Analyzing VSN weights by period...

Comparing VSN patterns across periods...

Creating visualizations...
Saved VSN heatmap: experiments/02b_vintage_sweep/baseline_h12_drop0.25/vsn_analysis/vsn_heatmap.png
Saved VSN comparison: experiments/02b_vintage_sweep/baseline_h12_drop0.25/vsn_analysis/vsn_comparison.png
Saved concentration plot: experiments/02b_vintage_sweep/baseline_h12_drop0.25/vsn_analysis/vsn_concentration.png

Saving results...
Saved results: experiments/02b_vintage_sweep/baseline_h12_drop0.25/vsn_analysis/vsn_analysis_results.json

======================================================================
VSN ANALYSIS SUMMARY
======================================================================

Per-Period Feature Importance:
----------------------------------------------------------------------

2020 (94 samples):
  Concentration: 0.6257
  Top 5 features:
    VIX                            0.7823
    Inflation_YoY                  0.0913
    Treasury_10Y                   0.0488
    Yield_Spread                   0.0440
    relative_time_idx              0.0336

2021 (250 samples):
  Concentration: 0.4804
  Top 5 features:
    VIX                            0.6689
    relative_time_idx              0.1466
    Treasury_10Y                   0.0685
    Yield_Spread                   0.0602
    Inflation_YoY                  0.0557

2022 (249 samples):
  Concentration: 0.4387
  Top 5 features:
    VIX                            0.6274
    relative_time_idx              0.1676
    Yield_Spread                   0.1034
    Treasury_10Y                   0.0745
    Inflation_YoY                  0.0271

2023 (249 samples):
  Concentration: 0.3313
  Top 5 features:
    VIX                            0.4872
    Yield_Spread                   0.2301
    relative_time_idx              0.1920
    Treasury_10Y                   0.0490
    Inflation_YoY                  0.0418

2024 (250 samples):
  Concentration: 0.2939
  Top 5 features:
    VIX                            0.3901
    Yield_Spread                   0.3147
    relative_time_idx              0.1896
    Inflation_YoY                  0.0775
    Treasury_10Y                   0.0282

2025 (190 samples):
  Concentration: 0.3172
  Top 5 features:
    VIX                            0.4579
    Yield_Spread                   0.2789
    Inflation_YoY                  0.1323
    relative_time_idx              0.1085
    Treasury_10Y                   0.0225

----------------------------------------------------------------------
Period Comparisons:
----------------------------------------------------------------------

2020_vs_2021:
  Cosine similarity: 0.9836
  L2 distance: 0.1659
  Biggest increases: relative_time_idx(+0.113), Treasury_10Y(+0.020), Yield_Spread(+0.016)
  Biggest decreases: VIX(-0.113), Inflation_YoY(-0.036), Yield_Spread(+0.016)

2020_vs_2022:
  Cosine similarity: 0.9679
  L2 distance: 0.2241
  Biggest increases: relative_time_idx(+0.134), Yield_Spread(+0.059), Treasury_10Y(+0.026)
  Biggest decreases: VIX(-0.155), Inflation_YoY(-0.064), Treasury_10Y(+0.026)

2020_vs_2023:
  Cosine similarity: 0.8871
  L2 distance: 0.3864
  Biggest increases: Yield_Spread(+0.186), relative_time_idx(+0.158), Treasury_10Y(+0.000)
  Biggest decreases: VIX(-0.295), Inflation_YoY(-0.050), Treasury_10Y(+0.000)

2020_vs_2024:
  Cosine similarity: 0.7784
  L2 distance: 0.5020
  Biggest increases: Yield_Spread(+0.271), relative_time_idx(+0.156), Inflation_YoY(-0.014)
  Biggest decreases: VIX(-0.392), Treasury_10Y(-0.021), Inflation_YoY(-0.014)

2020_vs_2025:
  Cosine similarity: 0.8692
  L2 distance: 0.4104
  Biggest increases: Yield_Spread(+0.235), relative_time_idx(+0.075), Inflation_YoY(+0.041)
  Biggest decreases: VIX(-0.324), Treasury_10Y(-0.026), Inflation_YoY(+0.041)

2021_vs_2022:
  Cosine similarity: 0.9957
  L2 distance: 0.0699
  Biggest increases: Yield_Spread(+0.043), relative_time_idx(+0.021), Treasury_10Y(+0.006)
  Biggest decreases: VIX(-0.042), Inflation_YoY(-0.029), Treasury_10Y(+0.006)

2021_vs_2023:
  Cosine similarity: 0.9364
  L2 distance: 0.2540
  Biggest increases: Yield_Spread(+0.170), relative_time_idx(+0.045), Inflation_YoY(-0.014)
  Biggest decreases: VIX(-0.182), Treasury_10Y(-0.020), Inflation_YoY(-0.014)

2021_vs_2024:
  Cosine similarity: 0.8355
  L2 distance: 0.3827
  Biggest increases: Yield_Spread(+0.254), relative_time_idx(+0.043), Inflation_YoY(+0.022)
  Biggest decreases: VIX(-0.279), Treasury_10Y(-0.040), Inflation_YoY(+0.022)

2021_vs_2025:
  Cosine similarity: 0.8912
  L2 distance: 0.3191
  Biggest increases: Yield_Spread(+0.219), Inflation_YoY(+0.077), relative_time_idx(-0.038)
  Biggest decreases: VIX(-0.211), Treasury_10Y(-0.046), relative_time_idx(-0.038)

2022_vs_2023:
  Cosine similarity: 0.9611
  L2 distance: 0.1929
  Biggest increases: Yield_Spread(+0.127), relative_time_idx(+0.024), Inflation_YoY(+0.015)
  Biggest decreases: VIX(-0.140), Treasury_10Y(-0.026), Inflation_YoY(+0.015)

2022_vs_2024:
  Cosine similarity: 0.8723
  L2 distance: 0.3258
  Biggest increases: Yield_Spread(+0.211), Inflation_YoY(+0.050), relative_time_idx(+0.022)
  Biggest decreases: VIX(-0.237), Treasury_10Y(-0.046), relative_time_idx(+0.022)

2022_vs_2025:
  Cosine similarity: 0.9102
  L2 distance: 0.2771
  Biggest increases: Yield_Spread(+0.176), Inflation_YoY(+0.105), Treasury_10Y(-0.052)
  Biggest decreases: VIX(-0.170), relative_time_idx(-0.059), Treasury_10Y(-0.052)

2023_vs_2024:
  Cosine similarity: 0.9725
  L2 distance: 0.1352
  Biggest increases: Yield_Spread(+0.085), Inflation_YoY(+0.036), relative_time_idx(-0.002)
  Biggest decreases: VIX(-0.097), Treasury_10Y(-0.021), relative_time_idx(-0.002)

2023_vs_2025:
  Cosine similarity: 0.9708
  L2 distance: 0.1382
  Biggest increases: Inflation_YoY(+0.090), Yield_Spread(+0.049), Treasury_10Y(-0.027)
  Biggest decreases: relative_time_idx(-0.083), VIX(-0.029), Treasury_10Y(-0.027)

2024_vs_2025:
  Cosine similarity: 0.9754
  L2 distance: 0.1244
  Biggest increases: VIX(+0.068), Inflation_YoY(+0.055), Treasury_10Y(-0.006)
  Biggest decreases: relative_time_idx(-0.081), Yield_Spread(-0.036), Treasury_10Y(-0.006)

======================================================================

Analysis complete!
Results saved to: experiments/02b_vintage_sweep/baseline_h12_drop0.25/vsn_analysis
  - vsn_analysis_results.json
  - vsn_heatmap.png
  - vsn_comparison.png
  - vsn_concentration.png
