Logging to: experiments/06a_weekly_sweep/h8_enc8_d030_bs32/vsn_analysis/vsn_analysis_20251129_215126.log
Analysis started at: 2025-11-29 21:51:26
======================================================================
Experiment: 06a_weekly_sweep/h8_enc8_d030_bs32
Output directory: experiments/06a_weekly_sweep/h8_enc8_d030_bs32/vsn_analysis
Loading config from: experiments/06a_weekly_sweep/h8_enc8_d030_bs32/config.json
Using best checkpoint: experiments/06a_weekly_sweep/h8_enc8_d030_bs32/checkpoints/tft-epoch=epoch=99-valloss=val_loss=0.9166.ckpt

Loading data...
Loading test data from: data/splits/vintage/core_proposal_weekly_vintage_test.csv
  Train samples: 1269
  Test samples: 273

Preparing test dataset...
Test dataset size: 265

Loading model...
Loading model from: experiments/06a_weekly_sweep/h8_enc8_d030_bs32/checkpoints/tft-epoch=epoch=99-valloss=val_loss=0.9166.ckpt
Model loaded on device: cuda

Extracting VSN weights...
  Encoder variables (5): ['relative_time_idx', 'VIX', 'Treasury_10Y', 'Yield_Spread', 'Inflation_YoY']
  Decoder variables (1): ['relative_time_idx']
  Static variables (1): ['encoder_length']

  DEBUG: Output type: <class 'pytorch_forecasting.utils.TupleOutputMixIn.to_network_output.<locals>.Output'>
  DEBUG: Output fields (NamedTuple): ('prediction', 'encoder_attention', 'decoder_attention', 'static_variables', 'encoder_variables', 'decoder_variables', 'decoder_lengths', 'encoder_lengths')
  DEBUG: output.encoder_variables shape: torch.Size([64, 8, 1, 5])
  DEBUG: output.static_variables shape: torch.Size([64, 1, 1])
  DEBUG: output.decoder_variables shape: torch.Size([64, 1, 1, 1])

Extraction complete:
  Samples: 265
  Encoder VSN shape: (265, 5)
  Decoder VSN shape: (265, 1)

Analysis period: 2020-09-18 to 2025-10-10

Creating temporal periods:
  2020: 15 samples
  2021: 53 samples
  2022: 52 samples
  2023: 52 samples
  2024: 52 samples
  2025: 41 samples

Analyzing VSN weights by period...

Comparing VSN patterns across periods...

Creating visualizations...
Saved VSN heatmap: experiments/06a_weekly_sweep/h8_enc8_d030_bs32/vsn_analysis/vsn_heatmap.png
Saved VSN comparison: experiments/06a_weekly_sweep/h8_enc8_d030_bs32/vsn_analysis/vsn_comparison.png
Saved concentration plot: experiments/06a_weekly_sweep/h8_enc8_d030_bs32/vsn_analysis/vsn_concentration.png

Saving results...
Saved results: experiments/06a_weekly_sweep/h8_enc8_d030_bs32/vsn_analysis/vsn_analysis_results.json

======================================================================
VSN ANALYSIS SUMMARY
======================================================================

Per-Period Feature Importance:
----------------------------------------------------------------------

2020 (15 samples):
  Concentration: 0.4044
  Top 5 features:
    VIX                            0.5857
    relative_time_idx              0.1822
    Yield_Spread                   0.1594
    Treasury_10Y                   0.0405
    Inflation_YoY                  0.0322

2021 (53 samples):
  Concentration: 0.3661
  Top 5 features:
    VIX                            0.5197
    relative_time_idx              0.2821
    Yield_Spread                   0.1080
    Treasury_10Y                   0.0634
    Inflation_YoY                  0.0269

2022 (52 samples):
  Concentration: 0.2969
  Top 5 features:
    VIX                            0.4263
    relative_time_idx              0.2583
    Yield_Spread                   0.1945
    Treasury_10Y                   0.1011
    Inflation_YoY                  0.0198

2023 (52 samples):
  Concentration: 0.2925
  Top 5 features:
    VIX                            0.3655
    Yield_Spread                   0.3452
    relative_time_idx              0.1755
    Treasury_10Y                   0.0920
    Inflation_YoY                  0.0218

2024 (52 samples):
  Concentration: 0.3026
  Top 5 features:
    VIX                            0.3973
    Yield_Spread                   0.3335
    relative_time_idx              0.1594
    Treasury_10Y                   0.0878
    Inflation_YoY                  0.0221

2025 (41 samples):
  Concentration: 0.3471
  Top 5 features:
    VIX                            0.5164
    Yield_Spread                   0.2229
    relative_time_idx              0.1477
    Treasury_10Y                   0.0924
    Inflation_YoY                  0.0206

----------------------------------------------------------------------
Period Comparisons:
----------------------------------------------------------------------

2020_vs_2021:
  Cosine similarity: 0.9784
  L2 distance: 0.1324
  Biggest increases: relative_time_idx(+0.100), Treasury_10Y(+0.023), Inflation_YoY(-0.005)
  Biggest decreases: VIX(-0.066), Yield_Spread(-0.051), Inflation_YoY(-0.005)

2020_vs_2022:
  Cosine similarity: 0.9596
  L2 distance: 0.1904
  Biggest increases: relative_time_idx(+0.076), Treasury_10Y(+0.061), Yield_Spread(+0.035)
  Biggest decreases: VIX(-0.159), Inflation_YoY(-0.012), Yield_Spread(+0.035)

2020_vs_2023:
  Cosine similarity: 0.8883
  L2 distance: 0.2930
  Biggest increases: Yield_Spread(+0.186), Treasury_10Y(+0.051), relative_time_idx(-0.007)
  Biggest decreases: VIX(-0.220), Inflation_YoY(-0.010), relative_time_idx(-0.007)

2020_vs_2024:
  Cosine similarity: 0.9123
  L2 distance: 0.2621
  Biggest increases: Yield_Spread(+0.174), Treasury_10Y(+0.047), Inflation_YoY(-0.010)
  Biggest decreases: VIX(-0.188), relative_time_idx(-0.023), Inflation_YoY(-0.010)

2020_vs_2025:
  Cosine similarity: 0.9858
  L2 distance: 0.1134
  Biggest increases: Yield_Spread(+0.063), Treasury_10Y(+0.052), Inflation_YoY(-0.012)
  Biggest decreases: VIX(-0.069), relative_time_idx(-0.034), Inflation_YoY(-0.012)

2021_vs_2022:
  Cosine similarity: 0.9778
  L2 distance: 0.1351
  Biggest increases: Yield_Spread(+0.086), Treasury_10Y(+0.038), Inflation_YoY(-0.007)
  Biggest decreases: VIX(-0.093), relative_time_idx(-0.024), Inflation_YoY(-0.007)

2021_vs_2023:
  Cosine similarity: 0.8653
  L2 distance: 0.3038
  Biggest increases: Yield_Spread(+0.237), Treasury_10Y(+0.029), Inflation_YoY(-0.005)
  Biggest decreases: VIX(-0.154), relative_time_idx(-0.107), Inflation_YoY(-0.005)

2021_vs_2024:
  Cosine similarity: 0.8821
  L2 distance: 0.2855
  Biggest increases: Yield_Spread(+0.226), Treasury_10Y(+0.024), Inflation_YoY(-0.005)
  Biggest decreases: relative_time_idx(-0.123), VIX(-0.122), Inflation_YoY(-0.005)

2021_vs_2025:
  Cosine similarity: 0.9552
  L2 distance: 0.1793
  Biggest increases: Yield_Spread(+0.115), Treasury_10Y(+0.029), VIX(-0.003)
  Biggest decreases: relative_time_idx(-0.134), Inflation_YoY(-0.006), VIX(-0.003)

2022_vs_2023:
  Cosine similarity: 0.9434
  L2 distance: 0.1827
  Biggest increases: Yield_Spread(+0.151), Inflation_YoY(+0.002), Treasury_10Y(-0.009)
  Biggest decreases: relative_time_idx(-0.083), VIX(-0.061), Treasury_10Y(-0.009)

2022_vs_2024:
  Cosine similarity: 0.9498
  L2 distance: 0.1736
  Biggest increases: Yield_Spread(+0.139), Inflation_YoY(+0.002), Treasury_10Y(-0.013)
  Biggest decreases: relative_time_idx(-0.099), VIX(-0.029), Treasury_10Y(-0.013)

2022_vs_2025:
  Cosine similarity: 0.9700
  L2 distance: 0.1457
  Biggest increases: VIX(+0.090), Yield_Spread(+0.028), Inflation_YoY(+0.001)
  Biggest decreases: relative_time_idx(-0.111), Treasury_10Y(-0.009), Inflation_YoY(+0.001)

2023_vs_2024:
  Cosine similarity: 0.9978
  L2 distance: 0.0377
  Biggest increases: VIX(+0.032), Inflation_YoY(+0.000), Treasury_10Y(-0.004)
  Biggest decreases: relative_time_idx(-0.016), Yield_Spread(-0.012), Treasury_10Y(-0.004)

2023_vs_2025:
  Cosine similarity: 0.9432
  L2 distance: 0.1963
  Biggest increases: VIX(+0.151), Treasury_10Y(+0.000), Inflation_YoY(-0.001)
  Biggest decreases: Yield_Spread(-0.122), relative_time_idx(-0.028), Inflation_YoY(-0.001)

2024_vs_2025:
  Cosine similarity: 0.9613
  L2 distance: 0.1631
  Biggest increases: VIX(+0.119), Treasury_10Y(+0.005), Inflation_YoY(-0.001)
  Biggest decreases: Yield_Spread(-0.111), relative_time_idx(-0.012), Inflation_YoY(-0.001)

======================================================================

Analysis complete!
Results saved to: experiments/06a_weekly_sweep/h8_enc8_d030_bs32/vsn_analysis
  - vsn_analysis_results.json
  - vsn_heatmap.png
  - vsn_comparison.png
  - vsn_concentration.png
