Logging to: experiments/12b_feature_sweep/macro_heavy_weekly_7q_h3_enc8_s42/attention_analysis_year/attention_analysis_20251213_234156.log
Analysis started at: 2025-12-13 23:41:56
======================================================================
Experiment: 12b_feature_sweep/macro_heavy_weekly_7q_h3_enc8_s42
Output directory: experiments/12b_feature_sweep/macro_heavy_weekly_7q_h3_enc8_s42/attention_analysis_year
Using best checkpoint: experiments/12b_feature_sweep/macro_heavy_weekly_7q_h3_enc8_s42/checkpoints/tft-epoch=epoch=27-valloss=val_loss=0.7390.ckpt

Loading data...
Loading test data from: data/splits/vintage/macro_heavy_weekly_vintage_test.csv
  Train samples: 1239
  Test samples: 243

Preparing test dataset...
Test dataset size after filtering: 235

Loading model...
Loading model from: experiments/12b_feature_sweep/macro_heavy_weekly_7q_h3_enc8_s42/checkpoints/tft-epoch=epoch=27-valloss=val_loss=0.7390.ckpt
  Loaded baseline model, moved to device: cuda

Extracting attention patterns...
Extracting attention patterns...
Total batches to process: 2

Total predictions: 235
Total actuals: 235
Attention shape: (235, 8)
Encoder variables shape: (235, 7)

Prediction period: 2020-09-18T00:00:00.000000000 to 2025-03-14T00:00:00.000000000
Total predictions: 235

Creating temporal periods:
  2020: 15 samples
  2021: 53 samples
  2022: 52 samples
  2023: 52 samples
  2024: 52 samples
  2025: 11 samples

Attention over 8 encoder timesteps

Analyzing attention patterns by period...

Comparing attention patterns across periods...

Creating visualizations...
Saved attention heatmap: experiments/12b_feature_sweep/macro_heavy_weekly_7q_h3_enc8_s42/attention_analysis_year/attention_heatmap.png
Saved attention trends: experiments/12b_feature_sweep/macro_heavy_weekly_7q_h3_enc8_s42/attention_analysis_year/attention_trends.png
Saved feature importance comparison: experiments/12b_feature_sweep/macro_heavy_weekly_7q_h3_enc8_s42/attention_analysis_year/temporal_attention_comparison.png

Saving results...
Saved results: experiments/12b_feature_sweep/macro_heavy_weekly_7q_h3_enc8_s42/attention_analysis_year/attention_analysis_results.json

======================================================================
ATTENTION ANALYSIS SUMMARY
======================================================================

Per-Period Statistics:
----------------------------------------------------------------------

2020:
  Samples: 15
  Entropy: 1.7616 +/- 0.2055
  Concentration: 0.1254
  Top 5 features:
    t-2                            0.1365
    t-3                            0.1291
    t-7                            0.1288
    t-6                            0.1259
    t-4                            0.1245

2021:
  Samples: 53
  Entropy: 1.8198 +/- 0.2405
  Concentration: 0.1259
  Top 5 features:
    t-8                            0.1402
    t-1                            0.1396
    t-2                            0.1314
    t-3                            0.1270
    t-4                            0.1230

2022:
  Samples: 52
  Entropy: 1.9616 +/- 0.1162
  Concentration: 0.1251
  Top 5 features:
    t-6                            0.1302
    t-5                            0.1280
    t-7                            0.1272
    t-1                            0.1256
    t-8                            0.1248

2023:
  Samples: 52
  Entropy: 1.9775 +/- 0.1344
  Concentration: 0.1269
  Top 5 features:
    t-8                            0.1594
    t-7                            0.1369
    t-6                            0.1269
    t-5                            0.1210
    t-4                            0.1175

2024:
  Samples: 52
  Entropy: 1.9037 +/- 0.3675
  Concentration: 0.1250
  Top 5 features:
    t-8                            0.1286
    t-5                            0.1255
    t-6                            0.1249
    t-1                            0.1249
    t-7                            0.1246

2025:
  Samples: 11
  Entropy: 2.0375 +/- 0.0939
  Concentration: 0.1257
  Top 5 features:
    t-1                            0.1464
    t-8                            0.1309
    t-7                            0.1242
    t-6                            0.1224
    t-5                            0.1212

----------------------------------------------------------------------
Period Comparisons:
----------------------------------------------------------------------

2020_vs_2021:
  Cosine similarity: 0.9925
  L2 distance: 0.0434
  Entropy change: 0.0582
  Concentration change: 0.0005

2020_vs_2022:
  Cosine similarity: 0.9976
  L2 distance: 0.0243
  Entropy change: 0.2001
  Concentration change: -0.0004

2020_vs_2023:
  Cosine similarity: 0.9855
  L2 distance: 0.0605
  Entropy change: 0.2159
  Concentration change: 0.0014

2020_vs_2024:
  Cosine similarity: 0.9975
  L2 distance: 0.0248
  Entropy change: 0.1422
  Concentration change: -0.0004

2020_vs_2025:
  Cosine similarity: 0.9935
  L2 distance: 0.0405
  Entropy change: 0.2759
  Concentration change: 0.0002

2021_vs_2022:
  Cosine similarity: 0.9948
  L2 distance: 0.0362
  Entropy change: 0.1418
  Concentration change: -0.0009

2021_vs_2023:
  Cosine similarity: 0.9897
  L2 distance: 0.0511
  Entropy change: 0.1577
  Concentration change: 0.0009

2021_vs_2024:
  Cosine similarity: 0.9966
  L2 distance: 0.0294
  Entropy change: 0.0839
  Concentration change: -0.0009

2021_vs_2025:
  Cosine similarity: 0.9970
  L2 distance: 0.0273
  Entropy change: 0.2177
  Concentration change: -0.0003

2022_vs_2023:
  Cosine similarity: 0.9932
  L2 distance: 0.0415
  Entropy change: 0.0159
  Concentration change: 0.0018

2022_vs_2024:
  Cosine similarity: 0.9997
  L2 distance: 0.0088
  Entropy change: -0.0579
  Concentration change: -0.0001

2022_vs_2025:
  Cosine similarity: 0.9975
  L2 distance: 0.0251
  Entropy change: 0.0758
  Concentration change: 0.0006

2023_vs_2024:
  Cosine similarity: 0.9938
  L2 distance: 0.0397
  Entropy change: -0.0738
  Concentration change: -0.0018

2023_vs_2025:
  Cosine similarity: 0.9910
  L2 distance: 0.0478
  Entropy change: 0.0600
  Concentration change: -0.0012

2024_vs_2025:
  Cosine similarity: 0.9976
  L2 distance: 0.0244
  Entropy change: 0.1338
  Concentration change: 0.0006

======================================================================

Analysis complete!
Results saved to: experiments/12b_feature_sweep/macro_heavy_weekly_7q_h3_enc8_s42/attention_analysis_year
  - attention_analysis_results.json
  - attention_heatmap.png
  - attention_trends.png
  - temporal_attention_comparison.png
