
[INFO] Using AUTO device selection.

[INFO] Patched matplotlib.Axes.errorbar to abs() negative yerr for robustness.
======================================================================
Training TFT: h16d025_baseline
======================================================================
Logging to: experiments/h16d025_baseline/training_20251122_232601.log
Started at: 2025-11-22 23:26:01
======================================================================
Configuration saved to: experiments/h16d025_baseline/config.json

Loading data splits...
Train: 6074 samples
Val: 1302 samples
Test: 1302 samples

Preparing TimeSeriesDataSet...

Dropping source columns (used for staleness only): ['CPI']

Final features for TFT: ['SP500_Returns', 'VIX', 'Treasury_10Y', 'Yield_Spread', 'Inflation_YoY']

======================================================================
FEATURE STATISTICS - BEFORE NORMALIZATION
======================================================================
VIX                             mean= 19.7438  std=  8.0295  min=  9.3100  max= 80.8600
Treasury_10Y                    mean=  4.7672  std=  1.6903  min=  1.4300  max=  8.3600
Yield_Spread                    mean=  1.2778  std=  0.9179  min= -0.5200  max=  2.9100
Inflation_YoY                   mean=  2.5322  std=  1.1865  min= -2.1498  max=  6.7300

======================================================================
FEATURES AFTER GROUPNORMALIZER (first batch, last timestep)
======================================================================
VIX                             normalized_value=  1.0000
Treasury_10Y                    normalized_value= -0.0500
Yield_Spread                    normalized_value=  0.0817
Inflation_YoY                   normalized_value=  0.8774
======================================================================

Batches per epoch: 94
[DEBUG] Validation batches: 21
[DEBUG] Validation dataset size: 1282
[DEBUG] Batch size: 64

Initializing model...

Using standard QuantileLoss (no penalties)

================================================================================
BASELINE MODEL FEATURE CONFIGURATION (after from_dataset)
================================================================================
tft.hparams.time_varying_reals_encoder: ['relative_time_idx', 'VIX', 'Treasury_10Y', 'Yield_Spread', 'Inflation_YoY']
  Count: 5

tft.hparams.time_varying_reals_decoder: ['relative_time_idx']
  Count: 1

tft.hparams.x_reals (all reals passed to model): ['encoder_length', 'relative_time_idx', 'VIX', 'Treasury_10Y', 'Yield_Spread', 'Inflation_YoY']
  Count: 6

Encoder VSN configuration:
  num_inputs: 5
  input_sizes: {'relative_time_idx': 16, 'VIX': 16, 'Treasury_10Y': 16, 'Yield_Spread': 16, 'Inflation_YoY': 16}
  flattened_grn.fc1: in_features=80, out_features=5
  -> Params in fc1: 400 (should be 5*16*5=400 if 5 features)
================================================================================

Model parameters: 22,615

Starting training...
Checkpoints will be saved to: experiments/h16d025_baseline/checkpoints/
Logs will be saved to: experiments/h16d025_baseline/logs/

[DEBUG CollapseMonitor] on_validation_epoch_start called for epoch 0
[DEBUG CollapseMonitor] reset_temporal_state() called on loss function
Epoch 0: val_loss=N/A
[DEBUG CollapseMonitor] on_validation_epoch_start called for epoch 0
[DEBUG CollapseMonitor] reset_temporal_state() called on loss function
Epoch 0: val_loss=0.6002683639526367
Epoch 0: train_loss=0.6950733661651611

[CollapseMonitor] Epoch 0
  [DEBUG] Processed 21 batches from val_dataloader
  [DEBUG] Predictions shape after concat: (1282,)
  [DEBUG] All predictions list length: 21
  [DEBUG] First batch shape: (64,)
  Pred std: 0.032570, range: 0.127348, mean: 0.039245
  Pos: 92.3%, Neg: 7.7%, Unique: 1267
  Collapse penalty: 0.000000 (threshold: 0.005000)
  Saved validation predictions to: experiments/h16d025_baseline/collapse_monitoring/val_predictions_epoch0.npy
  Gradient norms:
    lstm_encoder: 0.008575
    lstm_decoder: 0.013127
    output_layer: 0.610299
  VSN output std:
    encoder: 0.154970
  Attention entropy: 2.990634
  Saved to: experiments/h16d025_baseline/collapse_monitoring/collapse_monitor_epoch0.json
[DEBUG CollapseMonitor] on_validation_epoch_start called for epoch 1
[DEBUG CollapseMonitor] reset_temporal_state() called on loss function
Epoch 1: val_loss=0.5020385384559631
Epoch 1: train_loss=0.5897588729858398

[CollapseMonitor] Epoch 1
  [DEBUG] Processed 21 batches from val_dataloader
  [DEBUG] Predictions shape after concat: (1282,)
  [DEBUG] All predictions list length: 21
  [DEBUG] First batch shape: (64,)
  Pred std: 0.021813, range: 0.092046, mean: -0.019925
  Pos: 20.0%, Neg: 80.0%, Unique: 1271
  Collapse penalty: 0.000000 (threshold: 0.005000)
  Saved validation predictions to: experiments/h16d025_baseline/collapse_monitoring/val_predictions_epoch1.npy
  Gradient norms:
    lstm_encoder: 0.006823
    lstm_decoder: 0.009055
    output_layer: 0.454801
  VSN output std:
    encoder: 0.164923
  Attention entropy: 2.992142
  Saved to: experiments/h16d025_baseline/collapse_monitoring/collapse_monitor_epoch1.json
[DEBUG CollapseMonitor] on_validation_epoch_start called for epoch 2
[DEBUG CollapseMonitor] reset_temporal_state() called on loss function
Epoch 2: val_loss=0.4656272232532501
Epoch 2: train_loss=0.5077558159828186

[CollapseMonitor] Epoch 2
  [DEBUG] Processed 21 batches from val_dataloader
  [DEBUG] Predictions shape after concat: (1282,)
  [DEBUG] All predictions list length: 21
  [DEBUG] First batch shape: (64,)
  Pred std: 0.018620, range: 0.089824, mean: 0.018380
  Pos: 88.3%, Neg: 11.7%, Unique: 1266
  Collapse penalty: 0.000000 (threshold: 0.005000)
  Saved validation predictions to: experiments/h16d025_baseline/collapse_monitoring/val_predictions_epoch2.npy
  Gradient norms:
    lstm_encoder: 0.004737
    lstm_decoder: 0.004802
    output_layer: 0.254452
  VSN output std:
    encoder: 0.168802
  Attention entropy: 2.993416
  Saved to: experiments/h16d025_baseline/collapse_monitoring/collapse_monitor_epoch2.json
[DEBUG CollapseMonitor] on_validation_epoch_start called for epoch 3
[DEBUG CollapseMonitor] reset_temporal_state() called on loss function
Epoch 3: val_loss=0.45692479610443115
Epoch 3: train_loss=0.4753747582435608

[CollapseMonitor] Epoch 3
  [DEBUG] Processed 21 batches from val_dataloader
  [DEBUG] Predictions shape after concat: (1282,)
  [DEBUG] All predictions list length: 21
  [DEBUG] First batch shape: (64,)
  Pred std: 0.016935, range: 0.083329, mean: 0.012330
  Pos: 82.8%, Neg: 17.2%, Unique: 1267
  Collapse penalty: 0.000000 (threshold: 0.005000)
  Saved validation predictions to: experiments/h16d025_baseline/collapse_monitoring/val_predictions_epoch3.npy
  Gradient norms:
    lstm_encoder: 0.003212
    lstm_decoder: 0.003062
    output_layer: 0.138878
  VSN output std:
    encoder: 0.170666
  Attention entropy: 2.993734
  Saved to: experiments/h16d025_baseline/collapse_monitoring/collapse_monitor_epoch3.json
[DEBUG CollapseMonitor] on_validation_epoch_start called for epoch 4
[DEBUG CollapseMonitor] reset_temporal_state() called on loss function
Epoch 4: val_loss=0.4521021246910095
Epoch 4: train_loss=0.46432554721832275

[CollapseMonitor] Epoch 4
  [DEBUG] Processed 21 batches from val_dataloader
  [DEBUG] Predictions shape after concat: (1282,)
  [DEBUG] All predictions list length: 21
  [DEBUG] First batch shape: (64,)
  Pred std: 0.016464, range: 0.082345, mean: 0.022507
  Pos: 93.7%, Neg: 6.3%, Unique: 1263
  Collapse penalty: 0.000000 (threshold: 0.005000)
  Saved validation predictions to: experiments/h16d025_baseline/collapse_monitoring/val_predictions_epoch4.npy
  Gradient norms:
    lstm_encoder: 0.003180
    lstm_decoder: 0.002964
    output_layer: 0.111862
  VSN output std:
    encoder: 0.185101
  Attention entropy: 2.993797
  Saved to: experiments/h16d025_baseline/collapse_monitoring/collapse_monitor_epoch4.json
[DEBUG CollapseMonitor] on_validation_epoch_start called for epoch 5
[DEBUG CollapseMonitor] reset_temporal_state() called on loss function
Epoch 5: val_loss=0.4496006667613983
Epoch 5: train_loss=0.460763156414032

[CollapseMonitor] Epoch 5
  [DEBUG] Processed 21 batches from val_dataloader
  [DEBUG] Predictions shape after concat: (1282,)
  [DEBUG] All predictions list length: 21
  [DEBUG] First batch shape: (64,)
  Pred std: 0.015028, range: 0.078207, mean: 0.041121
  Pos: 100.0%, Neg: 0.0%, Unique: 1246
  Collapse penalty: 0.000000 (threshold: 0.005000)
  Saved validation predictions to: experiments/h16d025_baseline/collapse_monitoring/val_predictions_epoch5.npy
  Gradient norms:
    lstm_encoder: 0.003181
    lstm_decoder: 0.002736
    output_layer: 0.098095
  VSN output std:
    encoder: 0.187249
  Attention entropy: 2.993270
  Saved to: experiments/h16d025_baseline/collapse_monitoring/collapse_monitor_epoch5.json
[DEBUG CollapseMonitor] on_validation_epoch_start called for epoch 6
[DEBUG CollapseMonitor] reset_temporal_state() called on loss function
Epoch 6: val_loss=0.4473950266838074
Epoch 6: train_loss=0.4565286934375763

[CollapseMonitor] Epoch 6
  [DEBUG] Processed 21 batches from val_dataloader
  [DEBUG] Predictions shape after concat: (1282,)
  [DEBUG] All predictions list length: 21
  [DEBUG] First batch shape: (64,)
  Pred std: 0.015548, range: 0.083907, mean: 0.014345
  Pos: 89.2%, Neg: 10.8%, Unique: 1268
  Collapse penalty: 0.000000 (threshold: 0.005000)
  Saved validation predictions to: experiments/h16d025_baseline/collapse_monitoring/val_predictions_epoch6.npy
  Gradient norms:
    lstm_encoder: 0.003222
    lstm_decoder: 0.002631
    output_layer: 0.087856
  VSN output std:
    encoder: 0.185425
  Attention entropy: 2.991428
  Saved to: experiments/h16d025_baseline/collapse_monitoring/collapse_monitor_epoch6.json
[DEBUG CollapseMonitor] on_validation_epoch_start called for epoch 7
[DEBUG CollapseMonitor] reset_temporal_state() called on loss function
Epoch 7: val_loss=0.44468963146209717
Epoch 7: train_loss=0.45403358340263367

[CollapseMonitor] Epoch 7
  [DEBUG] Processed 21 batches from val_dataloader
  [DEBUG] Predictions shape after concat: (1282,)
  [DEBUG] All predictions list length: 21
  [DEBUG] First batch shape: (64,)
  Pred std: 0.012872, range: 0.079530, mean: 0.021074
  Pos: 99.0%, Neg: 1.0%, Unique: 1252
  Collapse penalty: 0.000000 (threshold: 0.005000)
  Saved validation predictions to: experiments/h16d025_baseline/collapse_monitoring/val_predictions_epoch7.npy
  Gradient norms:
    lstm_encoder: 0.003763
    lstm_decoder: 0.002873
    output_layer: 0.094127
  VSN output std:
    encoder: 0.180385
  Attention entropy: 2.985293
  Saved to: experiments/h16d025_baseline/collapse_monitoring/collapse_monitor_epoch7.json
[DEBUG CollapseMonitor] on_validation_epoch_start called for epoch 8
[DEBUG CollapseMonitor] reset_temporal_state() called on loss function
Epoch 8: val_loss=0.4396821856498718
Epoch 8: train_loss=0.45121267437934875

[CollapseMonitor] Epoch 8
  [DEBUG] Processed 21 batches from val_dataloader
  [DEBUG] Predictions shape after concat: (1282,)
  [DEBUG] All predictions list length: 21
  [DEBUG] First batch shape: (64,)
  Pred std: 0.013165, range: 0.109595, mean: 0.053261
  Pos: 100.0%, Neg: 0.0%, Unique: 1256
  Collapse penalty: 0.000000 (threshold: 0.005000)
  Saved validation predictions to: experiments/h16d025_baseline/collapse_monitoring/val_predictions_epoch8.npy
  Gradient norms:
    lstm_encoder: 0.004253
    lstm_decoder: 0.003078
    output_layer: 0.094311
  VSN output std:
    encoder: 0.174461
  Attention entropy: 2.982467
  Saved to: experiments/h16d025_baseline/collapse_monitoring/collapse_monitor_epoch8.json
[DEBUG CollapseMonitor] on_validation_epoch_start called for epoch 9
[DEBUG CollapseMonitor] reset_temporal_state() called on loss function
Epoch 9: val_loss=0.4332267642021179
Epoch 9: train_loss=0.44531792402267456

[CollapseMonitor] Epoch 9
  [DEBUG] Processed 21 batches from val_dataloader
  [DEBUG] Predictions shape after concat: (1282,)
  [DEBUG] All predictions list length: 21
  [DEBUG] First batch shape: (64,)
  Pred std: 0.014191, range: 0.137375, mean: 0.050033
  Pos: 99.1%, Neg: 0.9%, Unique: 1240
  Collapse penalty: 0.000000 (threshold: 0.005000)
  Saved validation predictions to: experiments/h16d025_baseline/collapse_monitoring/val_predictions_epoch9.npy
  Gradient norms:
    lstm_encoder: 0.004994
    lstm_decoder: 0.003441
    output_layer: 0.100128
  VSN output std:
    encoder: 0.174518
  Attention entropy: 2.984663
  Saved to: experiments/h16d025_baseline/collapse_monitoring/collapse_monitor_epoch9.json
[DEBUG CollapseMonitor] on_validation_epoch_start called for epoch 10
[DEBUG CollapseMonitor] reset_temporal_state() called on loss function
Epoch 10: val_loss=0.4293244779109955
Epoch 10: train_loss=0.4425133168697357

[CollapseMonitor] Epoch 10
  [DEBUG] Processed 21 batches from val_dataloader
  [DEBUG] Predictions shape after concat: (1282,)
  [DEBUG] All predictions list length: 21
  [DEBUG] First batch shape: (64,)
  Pred std: 0.014038, range: 0.137597, mean: 0.073931
  Pos: 100.0%, Neg: 0.0%, Unique: 1236
  Collapse penalty: 0.000000 (threshold: 0.005000)
  Saved validation predictions to: experiments/h16d025_baseline/collapse_monitoring/val_predictions_epoch10.npy
  Gradient norms:
    lstm_encoder: 0.005462
    lstm_decoder: 0.003623
    output_layer: 0.099505
  VSN output std:
    encoder: 0.172617
  Attention entropy: 2.984383
  Saved to: experiments/h16d025_baseline/collapse_monitoring/collapse_monitor_epoch10.json
[DEBUG CollapseMonitor] on_validation_epoch_start called for epoch 11
[DEBUG CollapseMonitor] reset_temporal_state() called on loss function
Epoch 11: val_loss=0.4265333414077759
Epoch 11: train_loss=0.4397945702075958

[CollapseMonitor] Epoch 11
  [DEBUG] Processed 21 batches from val_dataloader
  [DEBUG] Predictions shape after concat: (1282,)
  [DEBUG] All predictions list length: 21
  [DEBUG] First batch shape: (64,)
  Pred std: 0.014850, range: 0.134670, mean: 0.070794
  Pos: 100.0%, Neg: 0.0%, Unique: 1250
  Collapse penalty: 0.000000 (threshold: 0.005000)
  Saved validation predictions to: experiments/h16d025_baseline/collapse_monitoring/val_predictions_epoch11.npy
  Gradient norms:
    lstm_encoder: 0.005672
    lstm_decoder: 0.003635
    output_layer: 0.096912
  VSN output std:
    encoder: 0.170609
  Attention entropy: 2.981395
  Saved to: experiments/h16d025_baseline/collapse_monitoring/collapse_monitor_epoch11.json
[DEBUG CollapseMonitor] on_validation_epoch_start called for epoch 12
[DEBUG CollapseMonitor] reset_temporal_state() called on loss function
Epoch 12: val_loss=0.42568087577819824
Epoch 12: train_loss=0.43834418058395386

[CollapseMonitor] Epoch 12
  [DEBUG] Processed 21 batches from val_dataloader
  [DEBUG] Predictions shape after concat: (1282,)
  [DEBUG] All predictions list length: 21
  [DEBUG] First batch shape: (64,)
  Pred std: 0.016920, range: 0.141106, mean: 0.060190
  Pos: 98.9%, Neg: 1.1%, Unique: 1240
  Collapse penalty: 0.000000 (threshold: 0.005000)
  Saved validation predictions to: experiments/h16d025_baseline/collapse_monitoring/val_predictions_epoch12.npy
  Gradient norms:
    lstm_encoder: 0.005844
    lstm_decoder: 0.003678
    output_layer: 0.093449
  VSN output std:
    encoder: 0.169424
  Attention entropy: 2.985165
  Saved to: experiments/h16d025_baseline/collapse_monitoring/collapse_monitor_epoch12.json
[DEBUG CollapseMonitor] on_validation_epoch_start called for epoch 13
[DEBUG CollapseMonitor] reset_temporal_state() called on loss function
Epoch 13: val_loss=0.42584627866744995
Epoch 13: train_loss=0.4359351098537445

[CollapseMonitor] Epoch 13
  [DEBUG] Processed 21 batches from val_dataloader
  [DEBUG] Predictions shape after concat: (1282,)
  [DEBUG] All predictions list length: 21
  [DEBUG] First batch shape: (64,)
  Pred std: 0.016966, range: 0.146313, mean: 0.032370
  Pos: 94.5%, Neg: 5.5%, Unique: 1253
  Collapse penalty: 0.000000 (threshold: 0.005000)
  Saved validation predictions to: experiments/h16d025_baseline/collapse_monitoring/val_predictions_epoch13.npy
  Gradient norms:
    lstm_encoder: 0.006017
    lstm_decoder: 0.003775
    output_layer: 0.102856
  VSN output std:
    encoder: 0.169089
  Attention entropy: 2.986437
  Saved to: experiments/h16d025_baseline/collapse_monitoring/collapse_monitor_epoch13.json
[DEBUG CollapseMonitor] on_validation_epoch_start called for epoch 14
[DEBUG CollapseMonitor] reset_temporal_state() called on loss function
Epoch 14: val_loss=0.424306184053421
Epoch 14: train_loss=0.43612751364707947

[CollapseMonitor] Epoch 14
  [DEBUG] Processed 21 batches from val_dataloader
  [DEBUG] Predictions shape after concat: (1282,)
  [DEBUG] All predictions list length: 21
  [DEBUG] First batch shape: (64,)
  Pred std: 0.016392, range: 0.161710, mean: 0.064992
  Pos: 99.1%, Neg: 0.9%, Unique: 1254
  Collapse penalty: 0.000000 (threshold: 0.005000)
  Saved validation predictions to: experiments/h16d025_baseline/collapse_monitoring/val_predictions_epoch14.npy
  Gradient norms:
    lstm_encoder: 0.006266
    lstm_decoder: 0.003723
    output_layer: 0.091891
  VSN output std:
    encoder: 0.166095
  Attention entropy: 2.989921
  Saved to: experiments/h16d025_baseline/collapse_monitoring/collapse_monitor_epoch14.json
[DEBUG CollapseMonitor] on_validation_epoch_start called for epoch 15
[DEBUG CollapseMonitor] reset_temporal_state() called on loss function
Epoch 15: val_loss=0.4240763187408447
Epoch 15: train_loss=0.43327128887176514

[CollapseMonitor] Epoch 15
  [DEBUG] Processed 21 batches from val_dataloader
  [DEBUG] Predictions shape after concat: (1282,)
  [DEBUG] All predictions list length: 21
  [DEBUG] First batch shape: (64,)
  Pred std: 0.016773, range: 0.170269, mean: 0.034764
  Pos: 96.4%, Neg: 3.6%, Unique: 1250
  Collapse penalty: 0.000000 (threshold: 0.005000)
  Saved validation predictions to: experiments/h16d025_baseline/collapse_monitoring/val_predictions_epoch15.npy
  Gradient norms:
    lstm_encoder: 0.006329
    lstm_decoder: 0.003740
    output_layer: 0.095478
  VSN output std:
    encoder: 0.166387
  Attention entropy: 2.992621
  Saved to: experiments/h16d025_baseline/collapse_monitoring/collapse_monitor_epoch15.json
[DEBUG CollapseMonitor] on_validation_epoch_start called for epoch 16
[DEBUG CollapseMonitor] reset_temporal_state() called on loss function
Epoch 16: val_loss=0.42193469405174255
Epoch 16: train_loss=0.43301674723625183

[CollapseMonitor] Epoch 16
  [DEBUG] Processed 21 batches from val_dataloader
  [DEBUG] Predictions shape after concat: (1282,)
  [DEBUG] All predictions list length: 21
  [DEBUG] First batch shape: (64,)
  Pred std: 0.017797, range: 0.179132, mean: 0.077244
  Pos: 99.3%, Neg: 0.7%, Unique: 1257
  Collapse penalty: 0.000000 (threshold: 0.005000)
  Saved validation predictions to: experiments/h16d025_baseline/collapse_monitoring/val_predictions_epoch16.npy
  Gradient norms:
    lstm_encoder: 0.007519
    lstm_decoder: 0.004101
    output_layer: 0.097670
  VSN output std:
    encoder: 0.164961
  Attention entropy: 2.990415
  Saved to: experiments/h16d025_baseline/collapse_monitoring/collapse_monitor_epoch16.json
[DEBUG CollapseMonitor] on_validation_epoch_start called for epoch 17
[DEBUG CollapseMonitor] reset_temporal_state() called on loss function
Epoch 17: val_loss=0.4200535714626312
Epoch 17: train_loss=0.4332742393016815

[CollapseMonitor] Epoch 17
  [DEBUG] Processed 21 batches from val_dataloader
  [DEBUG] Predictions shape after concat: (1282,)
  [DEBUG] All predictions list length: 21
  [DEBUG] First batch shape: (64,)
  Pred std: 0.020462, range: 0.182469, mean: 0.068418
  Pos: 97.5%, Neg: 2.5%, Unique: 1260
  Collapse penalty: 0.000000 (threshold: 0.005000)
  Saved validation predictions to: experiments/h16d025_baseline/collapse_monitoring/val_predictions_epoch17.npy
  Gradient norms:
    lstm_encoder: 0.007041
    lstm_decoder: 0.003930
    output_layer: 0.088245
  VSN output std:
    encoder: 0.165764
  Attention entropy: 2.988924
  Saved to: experiments/h16d025_baseline/collapse_monitoring/collapse_monitor_epoch17.json
[DEBUG CollapseMonitor] on_validation_epoch_start called for epoch 18
[DEBUG CollapseMonitor] reset_temporal_state() called on loss function
Epoch 18: val_loss=0.41918158531188965
Epoch 18: train_loss=0.43111303448677063

[CollapseMonitor] Epoch 18
  [DEBUG] Processed 21 batches from val_dataloader
  [DEBUG] Predictions shape after concat: (1282,)
  [DEBUG] All predictions list length: 21
  [DEBUG] First batch shape: (64,)
  Pred std: 0.018065, range: 0.182594, mean: 0.078439
  Pos: 99.6%, Neg: 0.4%, Unique: 1249
  Collapse penalty: 0.000000 (threshold: 0.005000)
  Saved validation predictions to: experiments/h16d025_baseline/collapse_monitoring/val_predictions_epoch18.npy
  Gradient norms:
    lstm_encoder: 0.007888
    lstm_decoder: 0.004254
    output_layer: 0.097517
  VSN output std:
    encoder: 0.165469
  Attention entropy: 2.989922
  Saved to: experiments/h16d025_baseline/collapse_monitoring/collapse_monitor_epoch18.json
[DEBUG CollapseMonitor] on_validation_epoch_start called for epoch 19
[DEBUG CollapseMonitor] reset_temporal_state() called on loss function
Epoch 19: val_loss=0.41711729764938354
Epoch 19: train_loss=0.43105727434158325

[CollapseMonitor] Epoch 19
  [DEBUG] Processed 21 batches from val_dataloader
  [DEBUG] Predictions shape after concat: (1282,)
  [DEBUG] All predictions list length: 21
  [DEBUG] First batch shape: (64,)
  Pred std: 0.016713, range: 0.159380, mean: 0.078159
  Pos: 99.9%, Neg: 0.1%, Unique: 1265
  Collapse penalty: 0.000000 (threshold: 0.005000)
  Saved validation predictions to: experiments/h16d025_baseline/collapse_monitoring/val_predictions_epoch19.npy
  Gradient norms:
    lstm_encoder: 0.007577
    lstm_decoder: 0.004265
    output_layer: 0.097244
  VSN output std:
    encoder: 0.166384
  Attention entropy: 2.985896
  Saved to: experiments/h16d025_baseline/collapse_monitoring/collapse_monitor_epoch19.json
[DEBUG CollapseMonitor] on_validation_epoch_start called for epoch 20
[DEBUG CollapseMonitor] reset_temporal_state() called on loss function
Epoch 20: val_loss=0.41736525297164917
Epoch 20: train_loss=0.4301382899284363

[CollapseMonitor] Epoch 20
  [DEBUG] Processed 21 batches from val_dataloader
  [DEBUG] Predictions shape after concat: (1282,)
  [DEBUG] All predictions list length: 21
  [DEBUG] First batch shape: (64,)
  Pred std: 0.017074, range: 0.162036, mean: 0.060162
  Pos: 99.1%, Neg: 0.9%, Unique: 1253
  Collapse penalty: 0.000000 (threshold: 0.005000)
  Saved validation predictions to: experiments/h16d025_baseline/collapse_monitoring/val_predictions_epoch20.npy
  Gradient norms:
    lstm_encoder: 0.008260
    lstm_decoder: 0.004580
    output_layer: 0.098181
  VSN output std:
    encoder: 0.163646
  Attention entropy: 2.986646
  Saved to: experiments/h16d025_baseline/collapse_monitoring/collapse_monitor_epoch20.json
[DEBUG CollapseMonitor] on_validation_epoch_start called for epoch 21
[DEBUG CollapseMonitor] reset_temporal_state() called on loss function
Epoch 21: val_loss=0.41668006777763367
Epoch 21: train_loss=0.42930343747138977

[CollapseMonitor] Epoch 21
  [DEBUG] Processed 21 batches from val_dataloader
  [DEBUG] Predictions shape after concat: (1282,)
  [DEBUG] All predictions list length: 21
  [DEBUG] First batch shape: (64,)
  Pred std: 0.016015, range: 0.151525, mean: 0.059605
  Pos: 99.5%, Neg: 0.5%, Unique: 1268
  Collapse penalty: 0.000000 (threshold: 0.005000)
  Saved validation predictions to: experiments/h16d025_baseline/collapse_monitoring/val_predictions_epoch21.npy
  Gradient norms:
    lstm_encoder: 0.008033
    lstm_decoder: 0.004353
    output_layer: 0.090785
  VSN output std:
    encoder: 0.163778
  Attention entropy: 2.984660
  Saved to: experiments/h16d025_baseline/collapse_monitoring/collapse_monitor_epoch21.json
[DEBUG CollapseMonitor] on_validation_epoch_start called for epoch 22
[DEBUG CollapseMonitor] reset_temporal_state() called on loss function
Epoch 22: val_loss=0.41508719325065613
Epoch 22: train_loss=0.42825451493263245

[CollapseMonitor] Epoch 22
  [DEBUG] Processed 21 batches from val_dataloader
  [DEBUG] Predictions shape after concat: (1282,)
  [DEBUG] All predictions list length: 21
  [DEBUG] First batch shape: (64,)
  Pred std: 0.024705, range: 0.190103, mean: 0.055661
  Pos: 99.8%, Neg: 0.2%, Unique: 1265
  Collapse penalty: 0.000000 (threshold: 0.005000)
  Saved validation predictions to: experiments/h16d025_baseline/collapse_monitoring/val_predictions_epoch22.npy
  Gradient norms:
    lstm_encoder: 0.008500
    lstm_decoder: 0.004742
    output_layer: 0.089148
  VSN output std:
    encoder: 0.165789
  Attention entropy: 2.981907
  Saved to: experiments/h16d025_baseline/collapse_monitoring/collapse_monitor_epoch22.json
[DEBUG CollapseMonitor] on_validation_epoch_start called for epoch 23
[DEBUG CollapseMonitor] reset_temporal_state() called on loss function
Epoch 23: val_loss=0.4141143560409546
Epoch 23: train_loss=0.4279380440711975

[CollapseMonitor] Epoch 23
  [DEBUG] Processed 21 batches from val_dataloader
  [DEBUG] Predictions shape after concat: (1282,)
  [DEBUG] All predictions list length: 21
  [DEBUG] First batch shape: (64,)
  Pred std: 0.020356, range: 0.188563, mean: 0.047991
  Pos: 98.5%, Neg: 1.5%, Unique: 1256
  Collapse penalty: 0.000000 (threshold: 0.005000)
  Saved validation predictions to: experiments/h16d025_baseline/collapse_monitoring/val_predictions_epoch23.npy
  Gradient norms:
    lstm_encoder: 0.009279
    lstm_decoder: 0.005031
    output_layer: 0.092249
  VSN output std:
    encoder: 0.166475
  Attention entropy: 2.978842
  Saved to: experiments/h16d025_baseline/collapse_monitoring/collapse_monitor_epoch23.json
[DEBUG CollapseMonitor] on_validation_epoch_start called for epoch 24
[DEBUG CollapseMonitor] reset_temporal_state() called on loss function
Epoch 24: val_loss=0.4132806062698364
Epoch 24: train_loss=0.42792442440986633

[CollapseMonitor] Epoch 24
  [DEBUG] Processed 21 batches from val_dataloader
  [DEBUG] Predictions shape after concat: (1282,)
  [DEBUG] All predictions list length: 21
  [DEBUG] First batch shape: (64,)
  Pred std: 0.025925, range: 0.206228, mean: 0.070617
  Pos: 100.0%, Neg: 0.0%, Unique: 1259
  Collapse penalty: 0.000000 (threshold: 0.005000)
  Saved validation predictions to: experiments/h16d025_baseline/collapse_monitoring/val_predictions_epoch24.npy
  Gradient norms:
    lstm_encoder: 0.009008
    lstm_decoder: 0.005072
    output_layer: 0.096807
  VSN output std:
    encoder: 0.166908
  Attention entropy: 2.975304
  Saved to: experiments/h16d025_baseline/collapse_monitoring/collapse_monitor_epoch24.json
[DEBUG CollapseMonitor] on_validation_epoch_start called for epoch 25
[DEBUG CollapseMonitor] reset_temporal_state() called on loss function
Epoch 25: val_loss=0.4127122163772583
Epoch 25: train_loss=0.42770522832870483

[CollapseMonitor] Epoch 25
  [DEBUG] Processed 21 batches from val_dataloader
  [DEBUG] Predictions shape after concat: (1282,)
  [DEBUG] All predictions list length: 21
  [DEBUG] First batch shape: (64,)
  Pred std: 0.024243, range: 0.197180, mean: 0.055084
  Pos: 99.8%, Neg: 0.2%, Unique: 1258
  Collapse penalty: 0.000000 (threshold: 0.005000)
  Saved validation predictions to: experiments/h16d025_baseline/collapse_monitoring/val_predictions_epoch25.npy
  Gradient norms:
    lstm_encoder: 0.008387
    lstm_decoder: 0.004746
    output_layer: 0.087885
  VSN output std:
    encoder: 0.168712
  Attention entropy: 2.980273
  Saved to: experiments/h16d025_baseline/collapse_monitoring/collapse_monitor_epoch25.json
[DEBUG CollapseMonitor] on_validation_epoch_start called for epoch 26
[DEBUG CollapseMonitor] reset_temporal_state() called on loss function
Epoch 26: val_loss=0.41205328702926636
Epoch 26: train_loss=0.4257379174232483

[CollapseMonitor] Epoch 26
  [DEBUG] Processed 21 batches from val_dataloader
  [DEBUG] Predictions shape after concat: (1282,)
  [DEBUG] All predictions list length: 21
  [DEBUG] First batch shape: (64,)
  Pred std: 0.024057, range: 0.198063, mean: 0.068443
  Pos: 100.0%, Neg: 0.0%, Unique: 1256
  Collapse penalty: 0.000000 (threshold: 0.005000)
  Saved validation predictions to: experiments/h16d025_baseline/collapse_monitoring/val_predictions_epoch26.npy
  Gradient norms:
    lstm_encoder: 0.009380
    lstm_decoder: 0.005401
    output_layer: 0.096873
  VSN output std:
    encoder: 0.168672
  Attention entropy: 2.981596
  Saved to: experiments/h16d025_baseline/collapse_monitoring/collapse_monitor_epoch26.json
[DEBUG CollapseMonitor] on_validation_epoch_start called for epoch 27
[DEBUG CollapseMonitor] reset_temporal_state() called on loss function
Epoch 27: val_loss=0.41073402762413025
Epoch 27: train_loss=0.42701104283332825

[CollapseMonitor] Epoch 27
  [DEBUG] Processed 21 batches from val_dataloader
  [DEBUG] Predictions shape after concat: (1282,)
  [DEBUG] All predictions list length: 21
  [DEBUG] First batch shape: (64,)
  Pred std: 0.026333, range: 0.228639, mean: 0.041471
  Pos: 97.3%, Neg: 2.7%, Unique: 1257
  Collapse penalty: 0.000000 (threshold: 0.005000)
  Saved validation predictions to: experiments/h16d025_baseline/collapse_monitoring/val_predictions_epoch27.npy
  Gradient norms:
    lstm_encoder: 0.009168
    lstm_decoder: 0.005444
    output_layer: 0.093463
  VSN output std:
    encoder: 0.170325
  Attention entropy: 2.973475
  Saved to: experiments/h16d025_baseline/collapse_monitoring/collapse_monitor_epoch27.json
[DEBUG CollapseMonitor] on_validation_epoch_start called for epoch 28
[DEBUG CollapseMonitor] reset_temporal_state() called on loss function
Epoch 28: val_loss=0.4109089970588684
Epoch 28: train_loss=0.42613691091537476

[CollapseMonitor] Epoch 28
  [DEBUG] Processed 21 batches from val_dataloader
  [DEBUG] Predictions shape after concat: (1282,)
  [DEBUG] All predictions list length: 21
  [DEBUG] First batch shape: (64,)
  Pred std: 0.024710, range: 0.209152, mean: 0.055350
  Pos: 99.5%, Neg: 0.5%, Unique: 1251
  Collapse penalty: 0.000000 (threshold: 0.005000)
  Saved validation predictions to: experiments/h16d025_baseline/collapse_monitoring/val_predictions_epoch28.npy
  Gradient norms:
    lstm_encoder: 0.009418
    lstm_decoder: 0.005508
    output_layer: 0.096356
  VSN output std:
    encoder: 0.167891
  Attention entropy: 2.979509
  Saved to: experiments/h16d025_baseline/collapse_monitoring/collapse_monitor_epoch28.json
[DEBUG CollapseMonitor] on_validation_epoch_start called for epoch 29
[DEBUG CollapseMonitor] reset_temporal_state() called on loss function
Epoch 29: val_loss=0.40998533368110657
Epoch 29: train_loss=0.42645499110221863

[CollapseMonitor] Epoch 29
  [DEBUG] Processed 21 batches from val_dataloader
  [DEBUG] Predictions shape after concat: (1282,)
  [DEBUG] All predictions list length: 21
  [DEBUG] First batch shape: (64,)
  Pred std: 0.023318, range: 0.203411, mean: 0.049119
  Pos: 98.0%, Neg: 2.0%, Unique: 1245
  Collapse penalty: 0.000000 (threshold: 0.005000)
  Saved validation predictions to: experiments/h16d025_baseline/collapse_monitoring/val_predictions_epoch29.npy
  Gradient norms:
    lstm_encoder: 0.009334
    lstm_decoder: 0.005543
    output_layer: 0.094965
  VSN output std:
    encoder: 0.170439
  Attention entropy: 2.980138
  Saved to: experiments/h16d025_baseline/collapse_monitoring/collapse_monitor_epoch29.json
[DEBUG CollapseMonitor] on_validation_epoch_start called for epoch 30
[DEBUG CollapseMonitor] reset_temporal_state() called on loss function
Epoch 30: val_loss=0.4098548889160156
Epoch 30: train_loss=0.4244741201400757

[CollapseMonitor] Epoch 30
  [DEBUG] Processed 21 batches from val_dataloader
  [DEBUG] Predictions shape after concat: (1282,)
  [DEBUG] All predictions list length: 21
  [DEBUG] First batch shape: (64,)
  Pred std: 0.032011, range: 0.237013, mean: 0.034723
  Pos: 98.9%, Neg: 1.1%, Unique: 1260
  Collapse penalty: 0.000000 (threshold: 0.005000)
  Saved validation predictions to: experiments/h16d025_baseline/collapse_monitoring/val_predictions_epoch30.npy
  Gradient norms:
    lstm_encoder: 0.009869
    lstm_decoder: 0.005911
    output_layer: 0.094424
  VSN output std:
    encoder: 0.170441
  Attention entropy: 2.976130
  Saved to: experiments/h16d025_baseline/collapse_monitoring/collapse_monitor_epoch30.json
[DEBUG CollapseMonitor] on_validation_epoch_start called for epoch 31
[DEBUG CollapseMonitor] reset_temporal_state() called on loss function
Epoch 31: val_loss=0.4089452028274536
Epoch 31: train_loss=0.42512884736061096

[CollapseMonitor] Epoch 31
  [DEBUG] Processed 21 batches from val_dataloader
  [DEBUG] Predictions shape after concat: (1282,)
  [DEBUG] All predictions list length: 21
  [DEBUG] First batch shape: (64,)
  Pred std: 0.026796, range: 0.205694, mean: 0.093153
  Pos: 100.0%, Neg: 0.0%, Unique: 1257
  Collapse penalty: 0.000000 (threshold: 0.005000)
  Saved validation predictions to: experiments/h16d025_baseline/collapse_monitoring/val_predictions_epoch31.npy
  Gradient norms:
    lstm_encoder: 0.010828
    lstm_decoder: 0.006335
    output_layer: 0.096780
  VSN output std:
    encoder: 0.167463
  Attention entropy: 2.972247
  Saved to: experiments/h16d025_baseline/collapse_monitoring/collapse_monitor_epoch31.json
[DEBUG CollapseMonitor] on_validation_epoch_start called for epoch 32
[DEBUG CollapseMonitor] reset_temporal_state() called on loss function
Epoch 32: val_loss=0.40800943970680237
Epoch 32: train_loss=0.42451468110084534

[CollapseMonitor] Epoch 32
  [DEBUG] Processed 21 batches from val_dataloader
  [DEBUG] Predictions shape after concat: (1282,)
  [DEBUG] All predictions list length: 21
  [DEBUG] First batch shape: (64,)
  Pred std: 0.026893, range: 0.211950, mean: 0.069196
  Pos: 100.0%, Neg: 0.0%, Unique: 1254
  Collapse penalty: 0.000000 (threshold: 0.005000)
  Saved validation predictions to: experiments/h16d025_baseline/collapse_monitoring/val_predictions_epoch32.npy
  Gradient norms:
    lstm_encoder: 0.009799
    lstm_decoder: 0.005903
    output_layer: 0.089865
  VSN output std:
    encoder: 0.167212
  Attention entropy: 2.970737
  Saved to: experiments/h16d025_baseline/collapse_monitoring/collapse_monitor_epoch32.json
[DEBUG CollapseMonitor] on_validation_epoch_start called for epoch 33
[DEBUG CollapseMonitor] reset_temporal_state() called on loss function
Epoch 33: val_loss=0.40766289830207825
Epoch 33: train_loss=0.42406585812568665

[CollapseMonitor] Epoch 33
  [DEBUG] Processed 21 batches from val_dataloader
  [DEBUG] Predictions shape after concat: (1282,)
  [DEBUG] All predictions list length: 21
  [DEBUG] First batch shape: (64,)
  Pred std: 0.034299, range: 0.249488, mean: 0.050271
  Pos: 100.0%, Neg: 0.0%, Unique: 1253
  Collapse penalty: 0.000000 (threshold: 0.005000)
  Saved validation predictions to: experiments/h16d025_baseline/collapse_monitoring/val_predictions_epoch33.npy
  Gradient norms:
    lstm_encoder: 0.011233
    lstm_decoder: 0.006626
    output_layer: 0.090580
  VSN output std:
    encoder: 0.166788
  Attention entropy: 2.969241
  Saved to: experiments/h16d025_baseline/collapse_monitoring/collapse_monitor_epoch33.json
[DEBUG CollapseMonitor] on_validation_epoch_start called for epoch 34
[DEBUG CollapseMonitor] reset_temporal_state() called on loss function
Epoch 34: val_loss=0.40755367279052734
Epoch 34: train_loss=0.42187419533729553

[CollapseMonitor] Epoch 34
  [DEBUG] Processed 21 batches from val_dataloader
  [DEBUG] Predictions shape after concat: (1282,)
  [DEBUG] All predictions list length: 21
  [DEBUG] First batch shape: (64,)
  Pred std: 0.033714, range: 0.257276, mean: 0.055014
  Pos: 100.0%, Neg: 0.0%, Unique: 1256
  Collapse penalty: 0.000000 (threshold: 0.005000)
  Saved validation predictions to: experiments/h16d025_baseline/collapse_monitoring/val_predictions_epoch34.npy
  Gradient norms:
    lstm_encoder: 0.010474
    lstm_decoder: 0.006399
    output_layer: 0.091403
  VSN output std:
    encoder: 0.167398
  Attention entropy: 2.964378
  Saved to: experiments/h16d025_baseline/collapse_monitoring/collapse_monitor_epoch34.json
[DEBUG CollapseMonitor] on_validation_epoch_start called for epoch 35
[DEBUG CollapseMonitor] reset_temporal_state() called on loss function
Epoch 35: val_loss=0.4073713421821594
Epoch 35: train_loss=0.42430761456489563

[CollapseMonitor] Epoch 35
  [DEBUG] Processed 21 batches from val_dataloader
  [DEBUG] Predictions shape after concat: (1282,)
  [DEBUG] All predictions list length: 21
  [DEBUG] First batch shape: (64,)
  Pred std: 0.028304, range: 0.233510, mean: 0.022428
  Pos: 96.1%, Neg: 3.9%, Unique: 1261
  Collapse penalty: 0.000000 (threshold: 0.005000)
  Saved validation predictions to: experiments/h16d025_baseline/collapse_monitoring/val_predictions_epoch35.npy
  Gradient norms:
    lstm_encoder: 0.010902
    lstm_decoder: 0.006757
    output_layer: 0.094051
  VSN output std:
    encoder: 0.170387
  Attention entropy: 2.970176
  Saved to: experiments/h16d025_baseline/collapse_monitoring/collapse_monitor_epoch35.json
[DEBUG CollapseMonitor] on_validation_epoch_start called for epoch 36
[DEBUG CollapseMonitor] reset_temporal_state() called on loss function
Epoch 36: val_loss=0.4059661030769348
Epoch 36: train_loss=0.4234641492366791

[CollapseMonitor] Epoch 36
  [DEBUG] Processed 21 batches from val_dataloader
  [DEBUG] Predictions shape after concat: (1282,)
  [DEBUG] All predictions list length: 21
  [DEBUG] First batch shape: (64,)
  Pred std: 0.028209, range: 0.236167, mean: 0.075945
  Pos: 100.0%, Neg: 0.0%, Unique: 1258
  Collapse penalty: 0.000000 (threshold: 0.005000)
  Saved validation predictions to: experiments/h16d025_baseline/collapse_monitoring/val_predictions_epoch36.npy
  Gradient norms:
    lstm_encoder: 0.011317
    lstm_decoder: 0.006996
    output_layer: 0.095416
  VSN output std:
    encoder: 0.173033
  Attention entropy: 2.966861
  Saved to: experiments/h16d025_baseline/collapse_monitoring/collapse_monitor_epoch36.json
[DEBUG CollapseMonitor] on_validation_epoch_start called for epoch 37
[DEBUG CollapseMonitor] reset_temporal_state() called on loss function
Epoch 37: val_loss=0.40679293870925903
Epoch 37: train_loss=0.4240233600139618

[CollapseMonitor] Epoch 37
  [DEBUG] Processed 21 batches from val_dataloader
  [DEBUG] Predictions shape after concat: (1282,)
  [DEBUG] All predictions list length: 21
  [DEBUG] First batch shape: (64,)
  Pred std: 0.034414, range: 0.273794, mean: 0.022630
  Pos: 94.4%, Neg: 5.6%, Unique: 1259
  Collapse penalty: 0.000000 (threshold: 0.005000)
  Saved validation predictions to: experiments/h16d025_baseline/collapse_monitoring/val_predictions_epoch37.npy
  Gradient norms:
    lstm_encoder: 0.011744
    lstm_decoder: 0.007172
    output_layer: 0.093499
  VSN output std:
    encoder: 0.172016
  Attention entropy: 2.968914
  Saved to: experiments/h16d025_baseline/collapse_monitoring/collapse_monitor_epoch37.json
[DEBUG CollapseMonitor] on_validation_epoch_start called for epoch 38
[DEBUG CollapseMonitor] reset_temporal_state() called on loss function
Epoch 38: val_loss=0.4059213101863861
Epoch 38: train_loss=0.42353034019470215

[CollapseMonitor] Epoch 38
  [DEBUG] Processed 21 batches from val_dataloader
  [DEBUG] Predictions shape after concat: (1282,)
  [DEBUG] All predictions list length: 21
  [DEBUG] First batch shape: (64,)
  Pred std: 0.032018, range: 0.243226, mean: 0.091330
  Pos: 100.0%, Neg: 0.0%, Unique: 1261
  Collapse penalty: 0.000000 (threshold: 0.005000)
  Saved validation predictions to: experiments/h16d025_baseline/collapse_monitoring/val_predictions_epoch38.npy
  Gradient norms:
    lstm_encoder: 0.011621
    lstm_decoder: 0.007224
    output_layer: 0.101409
  VSN output std:
    encoder: 0.173039
  Attention entropy: 2.962455
  Saved to: experiments/h16d025_baseline/collapse_monitoring/collapse_monitor_epoch38.json
[DEBUG CollapseMonitor] on_validation_epoch_start called for epoch 39
[DEBUG CollapseMonitor] reset_temporal_state() called on loss function
Epoch 39: val_loss=0.4056331217288971
Epoch 39: train_loss=0.42319655418395996

[CollapseMonitor] Epoch 39
  [DEBUG] Processed 21 batches from val_dataloader
  [DEBUG] Predictions shape after concat: (1282,)
  [DEBUG] All predictions list length: 21
  [DEBUG] First batch shape: (64,)
  Pred std: 0.022353, range: 0.209392, mean: 0.084335
  Pos: 100.0%, Neg: 0.0%, Unique: 1265
  Collapse penalty: 0.000000 (threshold: 0.005000)
  Saved validation predictions to: experiments/h16d025_baseline/collapse_monitoring/val_predictions_epoch39.npy
  Gradient norms:
    lstm_encoder: 0.011992
    lstm_decoder: 0.007430
    output_layer: 0.097284
  VSN output std:
    encoder: 0.172896
  Attention entropy: 2.960777
  Saved to: experiments/h16d025_baseline/collapse_monitoring/collapse_monitor_epoch39.json
[DEBUG CollapseMonitor] on_validation_epoch_start called for epoch 40
[DEBUG CollapseMonitor] reset_temporal_state() called on loss function
Epoch 40: val_loss=0.4047211706638336
Epoch 40: train_loss=0.42365020513534546

[CollapseMonitor] Epoch 40
  [DEBUG] Processed 21 batches from val_dataloader
  [DEBUG] Predictions shape after concat: (1282,)
  [DEBUG] All predictions list length: 21
  [DEBUG] First batch shape: (64,)
  Pred std: 0.031913, range: 0.252178, mean: 0.077063
  Pos: 100.0%, Neg: 0.0%, Unique: 1260
  Collapse penalty: 0.000000 (threshold: 0.005000)
  Saved validation predictions to: experiments/h16d025_baseline/collapse_monitoring/val_predictions_epoch40.npy
  Gradient norms:
    lstm_encoder: 0.012247
    lstm_decoder: 0.007362
    output_layer: 0.092077
  VSN output std:
    encoder: 0.176325
  Attention entropy: 2.957652
  Saved to: experiments/h16d025_baseline/collapse_monitoring/collapse_monitor_epoch40.json
[DEBUG CollapseMonitor] on_validation_epoch_start called for epoch 41
[DEBUG CollapseMonitor] reset_temporal_state() called on loss function
Epoch 41: val_loss=0.4055840075016022
Epoch 41: train_loss=0.4234899580478668

[CollapseMonitor] Epoch 41
  [DEBUG] Processed 21 batches from val_dataloader
  [DEBUG] Predictions shape after concat: (1282,)
  [DEBUG] All predictions list length: 21
  [DEBUG] First batch shape: (64,)
  Pred std: 0.030591, range: 0.247649, mean: 0.071888
  Pos: 100.0%, Neg: 0.0%, Unique: 1259
  Collapse penalty: 0.000000 (threshold: 0.005000)
  Saved validation predictions to: experiments/h16d025_baseline/collapse_monitoring/val_predictions_epoch41.npy
  Gradient norms:
    lstm_encoder: 0.013005
    lstm_decoder: 0.007815
    output_layer: 0.100248
  VSN output std:
    encoder: 0.172115
  Attention entropy: 2.963937
  Saved to: experiments/h16d025_baseline/collapse_monitoring/collapse_monitor_epoch41.json
[DEBUG CollapseMonitor] on_validation_epoch_start called for epoch 42
[DEBUG CollapseMonitor] reset_temporal_state() called on loss function
Epoch 42: val_loss=0.40394723415374756
Epoch 42: train_loss=0.42309749126434326

[CollapseMonitor] Epoch 42
  [DEBUG] Processed 21 batches from val_dataloader
  [DEBUG] Predictions shape after concat: (1282,)
  [DEBUG] All predictions list length: 21
  [DEBUG] First batch shape: (64,)
  Pred std: 0.026665, range: 0.226444, mean: 0.082323
  Pos: 100.0%, Neg: 0.0%, Unique: 1260
  Collapse penalty: 0.000000 (threshold: 0.005000)
  Saved validation predictions to: experiments/h16d025_baseline/collapse_monitoring/val_predictions_epoch42.npy
  Gradient norms:
    lstm_encoder: 0.012932
    lstm_decoder: 0.007457
    output_layer: 0.094572
  VSN output std:
    encoder: 0.173183
  Attention entropy: 2.956931
  Saved to: experiments/h16d025_baseline/collapse_monitoring/collapse_monitor_epoch42.json
[DEBUG CollapseMonitor] on_validation_epoch_start called for epoch 43
[DEBUG CollapseMonitor] reset_temporal_state() called on loss function
Epoch 43: val_loss=0.40478429198265076
Epoch 43: train_loss=0.421261727809906

[CollapseMonitor] Epoch 43
  [DEBUG] Processed 21 batches from val_dataloader
  [DEBUG] Predictions shape after concat: (1282,)
  [DEBUG] All predictions list length: 21
  [DEBUG] First batch shape: (64,)
  Pred std: 0.027595, range: 0.231542, mean: 0.055270
  Pos: 100.0%, Neg: 0.0%, Unique: 1265
  Collapse penalty: 0.000000 (threshold: 0.005000)
  Saved validation predictions to: experiments/h16d025_baseline/collapse_monitoring/val_predictions_epoch43.npy
  Gradient norms:
    lstm_encoder: 0.013765
    lstm_decoder: 0.007790
    output_layer: 0.099574
  VSN output std:
    encoder: 0.174111
  Attention entropy: 2.960264
  Saved to: experiments/h16d025_baseline/collapse_monitoring/collapse_monitor_epoch43.json
[DEBUG CollapseMonitor] on_validation_epoch_start called for epoch 44
[DEBUG CollapseMonitor] reset_temporal_state() called on loss function
Epoch 44: val_loss=0.40347909927368164
Epoch 44: train_loss=0.4220355451107025

[CollapseMonitor] Epoch 44
  [DEBUG] Processed 21 batches from val_dataloader
  [DEBUG] Predictions shape after concat: (1282,)
  [DEBUG] All predictions list length: 21
  [DEBUG] First batch shape: (64,)
  Pred std: 0.024303, range: 0.199858, mean: 0.076254
  Pos: 100.0%, Neg: 0.0%, Unique: 1263
  Collapse penalty: 0.000000 (threshold: 0.005000)
  Saved validation predictions to: experiments/h16d025_baseline/collapse_monitoring/val_predictions_epoch44.npy
  Gradient norms:
    lstm_encoder: 0.016819
    lstm_decoder: 0.008818
    output_layer: 0.096150
  VSN output std:
    encoder: 0.173723
  Attention entropy: 2.959438
  Saved to: experiments/h16d025_baseline/collapse_monitoring/collapse_monitor_epoch44.json
[DEBUG CollapseMonitor] on_validation_epoch_start called for epoch 45
[DEBUG CollapseMonitor] reset_temporal_state() called on loss function
Epoch 45: val_loss=0.40282297134399414
Epoch 45: train_loss=0.421322762966156

[CollapseMonitor] Epoch 45
  [DEBUG] Processed 21 batches from val_dataloader
  [DEBUG] Predictions shape after concat: (1282,)
  [DEBUG] All predictions list length: 21
  [DEBUG] First batch shape: (64,)
  Pred std: 0.029204, range: 0.221692, mean: 0.075616
  Pos: 100.0%, Neg: 0.0%, Unique: 1259
  Collapse penalty: 0.000000 (threshold: 0.005000)
  Saved validation predictions to: experiments/h16d025_baseline/collapse_monitoring/val_predictions_epoch45.npy
  Gradient norms:
    lstm_encoder: 0.016348
    lstm_decoder: 0.008304
    output_layer: 0.092364
  VSN output std:
    encoder: 0.175158
  Attention entropy: 2.952064
  Saved to: experiments/h16d025_baseline/collapse_monitoring/collapse_monitor_epoch45.json
[DEBUG CollapseMonitor] on_validation_epoch_start called for epoch 46
[DEBUG CollapseMonitor] reset_temporal_state() called on loss function
Epoch 46: val_loss=0.40199634432792664
Epoch 46: train_loss=0.42158666253089905

[CollapseMonitor] Epoch 46
  [DEBUG] Processed 21 batches from val_dataloader
  [DEBUG] Predictions shape after concat: (1282,)
  [DEBUG] All predictions list length: 21
  [DEBUG] First batch shape: (64,)
  Pred std: 0.039521, range: 0.280701, mean: 0.057120
  Pos: 99.9%, Neg: 0.1%, Unique: 1271
  Collapse penalty: 0.000000 (threshold: 0.005000)
  Saved validation predictions to: experiments/h16d025_baseline/collapse_monitoring/val_predictions_epoch46.npy
  Gradient norms:
    lstm_encoder: 0.017227
    lstm_decoder: 0.008731
    output_layer: 0.090921
  VSN output std:
    encoder: 0.171424
  Attention entropy: 2.949111
  Saved to: experiments/h16d025_baseline/collapse_monitoring/collapse_monitor_epoch46.json
[DEBUG CollapseMonitor] on_validation_epoch_start called for epoch 47
[DEBUG CollapseMonitor] reset_temporal_state() called on loss function
Epoch 47: val_loss=0.402073472738266
Epoch 47: train_loss=0.42174413800239563

[CollapseMonitor] Epoch 47
  [DEBUG] Processed 21 batches from val_dataloader
  [DEBUG] Predictions shape after concat: (1282,)
  [DEBUG] All predictions list length: 21
  [DEBUG] First batch shape: (64,)
  Pred std: 0.035783, range: 0.270028, mean: 0.059130
  Pos: 99.8%, Neg: 0.2%, Unique: 1273
  Collapse penalty: 0.000000 (threshold: 0.005000)
  Saved validation predictions to: experiments/h16d025_baseline/collapse_monitoring/val_predictions_epoch47.npy
  Gradient norms:
    lstm_encoder: 0.018869
    lstm_decoder: 0.008899
    output_layer: 0.095107
  VSN output std:
    encoder: 0.173383
  Attention entropy: 2.948626
  Saved to: experiments/h16d025_baseline/collapse_monitoring/collapse_monitor_epoch47.json
[DEBUG CollapseMonitor] on_validation_epoch_start called for epoch 48
[DEBUG CollapseMonitor] reset_temporal_state() called on loss function
Epoch 48: val_loss=0.4024569094181061
Epoch 48: train_loss=0.4226585924625397

[CollapseMonitor] Epoch 48
  [DEBUG] Processed 21 batches from val_dataloader
  [DEBUG] Predictions shape after concat: (1282,)
  [DEBUG] All predictions list length: 21
  [DEBUG] First batch shape: (64,)
  Pred std: 0.035865, range: 0.270970, mean: 0.050345
  Pos: 99.1%, Neg: 0.9%, Unique: 1264
  Collapse penalty: 0.000000 (threshold: 0.005000)
  Saved validation predictions to: experiments/h16d025_baseline/collapse_monitoring/val_predictions_epoch48.npy
  Gradient norms:
    lstm_encoder: 0.019854
    lstm_decoder: 0.010064
    output_layer: 0.096341
  VSN output std:
    encoder: 0.171937
  Attention entropy: 2.952299
  Saved to: experiments/h16d025_baseline/collapse_monitoring/collapse_monitor_epoch48.json
[DEBUG CollapseMonitor] on_validation_epoch_start called for epoch 49
[DEBUG CollapseMonitor] reset_temporal_state() called on loss function
Epoch 49: val_loss=0.4009309411048889
Epoch 49: train_loss=0.4211263358592987

[CollapseMonitor] Epoch 49
  [DEBUG] Processed 21 batches from val_dataloader
  [DEBUG] Predictions shape after concat: (1282,)
  [DEBUG] All predictions list length: 21
  [DEBUG] First batch shape: (64,)
  Pred std: 0.034218, range: 0.262265, mean: 0.065889
  Pos: 99.5%, Neg: 0.5%, Unique: 1262
  Collapse penalty: 0.000000 (threshold: 0.005000)
  Saved validation predictions to: experiments/h16d025_baseline/collapse_monitoring/val_predictions_epoch49.npy
  Gradient norms:
    lstm_encoder: 0.020110
    lstm_decoder: 0.009447
    output_layer: 0.092245
  VSN output std:
    encoder: 0.172735
  Attention entropy: 2.943944
  Saved to: experiments/h16d025_baseline/collapse_monitoring/collapse_monitor_epoch49.json
[DEBUG CollapseMonitor] on_validation_epoch_start called for epoch 50
[DEBUG CollapseMonitor] reset_temporal_state() called on loss function
Epoch 50: val_loss=0.40211373567581177
Epoch 50: train_loss=0.4215300679206848

[CollapseMonitor] Epoch 50
  [DEBUG] Processed 21 batches from val_dataloader
  [DEBUG] Predictions shape after concat: (1282,)
  [DEBUG] All predictions list length: 21
  [DEBUG] First batch shape: (64,)
  Pred std: 0.025353, range: 0.187971, mean: 0.072264
  Pos: 100.0%, Neg: 0.0%, Unique: 1266
  Collapse penalty: 0.000000 (threshold: 0.005000)
  Saved validation predictions to: experiments/h16d025_baseline/collapse_monitoring/val_predictions_epoch50.npy
  Gradient norms:
    lstm_encoder: 0.020324
    lstm_decoder: 0.009494
    output_layer: 0.098066
  VSN output std:
    encoder: 0.172074
  Attention entropy: 2.951071
  Saved to: experiments/h16d025_baseline/collapse_monitoring/collapse_monitor_epoch50.json
[DEBUG CollapseMonitor] on_validation_epoch_start called for epoch 51
[DEBUG CollapseMonitor] reset_temporal_state() called on loss function
Epoch 51: val_loss=0.4021936357021332
Epoch 51: train_loss=0.42175427079200745

[CollapseMonitor] Epoch 51
  [DEBUG] Processed 21 batches from val_dataloader
  [DEBUG] Predictions shape after concat: (1282,)
  [DEBUG] All predictions list length: 21
  [DEBUG] First batch shape: (64,)
  Pred std: 0.030102, range: 0.225593, mean: 0.041203
  Pos: 96.0%, Neg: 4.0%, Unique: 1270
  Collapse penalty: 0.000000 (threshold: 0.005000)
  Saved validation predictions to: experiments/h16d025_baseline/collapse_monitoring/val_predictions_epoch51.npy
  Gradient norms:
    lstm_encoder: 0.020225
    lstm_decoder: 0.009805
    output_layer: 0.101153
  VSN output std:
    encoder: 0.171409
  Attention entropy: 2.951078
  Saved to: experiments/h16d025_baseline/collapse_monitoring/collapse_monitor_epoch51.json
[DEBUG CollapseMonitor] on_validation_epoch_start called for epoch 52
[DEBUG CollapseMonitor] reset_temporal_state() called on loss function
Epoch 52: val_loss=0.40021395683288574
Epoch 52: train_loss=0.4224195182323456

[CollapseMonitor] Epoch 52
  [DEBUG] Processed 21 batches from val_dataloader
  [DEBUG] Predictions shape after concat: (1282,)
  [DEBUG] All predictions list length: 21
  [DEBUG] First batch shape: (64,)
  Pred std: 0.034097, range: 0.247535, mean: 0.064688
  Pos: 98.3%, Neg: 1.7%, Unique: 1270
  Collapse penalty: 0.000000 (threshold: 0.005000)
  Saved validation predictions to: experiments/h16d025_baseline/collapse_monitoring/val_predictions_epoch52.npy
  Gradient norms:
    lstm_encoder: 0.022911
    lstm_decoder: 0.010866
    output_layer: 0.095808
  VSN output std:
    encoder: 0.172746
  Attention entropy: 2.945517
  Saved to: experiments/h16d025_baseline/collapse_monitoring/collapse_monitor_epoch52.json
[DEBUG CollapseMonitor] on_validation_epoch_start called for epoch 53
[DEBUG CollapseMonitor] reset_temporal_state() called on loss function
Epoch 53: val_loss=0.4008773863315582
Epoch 53: train_loss=0.42203375697135925

[CollapseMonitor] Epoch 53
  [DEBUG] Processed 21 batches from val_dataloader
  [DEBUG] Predictions shape after concat: (1282,)
  [DEBUG] All predictions list length: 21
  [DEBUG] First batch shape: (64,)
  Pred std: 0.032771, range: 0.219831, mean: 0.086009
  Pos: 100.0%, Neg: 0.0%, Unique: 1262
  Collapse penalty: 0.000000 (threshold: 0.005000)
  Saved validation predictions to: experiments/h16d025_baseline/collapse_monitoring/val_predictions_epoch53.npy
  Gradient norms:
    lstm_encoder: 0.021496
    lstm_decoder: 0.009269
    output_layer: 0.092115
  VSN output std:
    encoder: 0.167836
  Attention entropy: 2.942381
  Saved to: experiments/h16d025_baseline/collapse_monitoring/collapse_monitor_epoch53.json
[DEBUG CollapseMonitor] on_validation_epoch_start called for epoch 54
[DEBUG CollapseMonitor] reset_temporal_state() called on loss function
Epoch 54: val_loss=0.40227851271629333
Epoch 54: train_loss=0.4213067293167114

[CollapseMonitor] Epoch 54
  [DEBUG] Processed 21 batches from val_dataloader
  [DEBUG] Predictions shape after concat: (1282,)
  [DEBUG] All predictions list length: 21
  [DEBUG] First batch shape: (64,)
  Pred std: 0.032504, range: 0.213052, mean: 0.073719
  Pos: 100.0%, Neg: 0.0%, Unique: 1278
  Collapse penalty: 0.000000 (threshold: 0.005000)
  Saved validation predictions to: experiments/h16d025_baseline/collapse_monitoring/val_predictions_epoch54.npy
  Gradient norms:
    lstm_encoder: 0.023090
    lstm_decoder: 0.010379
    output_layer: 0.096934
  VSN output std:
    encoder: 0.167801
  Attention entropy: 2.954949
  Saved to: experiments/h16d025_baseline/collapse_monitoring/collapse_monitor_epoch54.json
[DEBUG CollapseMonitor] on_validation_epoch_start called for epoch 55
[DEBUG CollapseMonitor] reset_temporal_state() called on loss function
Epoch 55: val_loss=0.4005199670791626
Epoch 55: train_loss=0.42116907238960266

[CollapseMonitor] Epoch 55
  [DEBUG] Processed 21 batches from val_dataloader
  [DEBUG] Predictions shape after concat: (1282,)
  [DEBUG] All predictions list length: 21
  [DEBUG] First batch shape: (64,)
  Pred std: 0.033986, range: 0.224692, mean: 0.076742
  Pos: 100.0%, Neg: 0.0%, Unique: 1267
  Collapse penalty: 0.000000 (threshold: 0.005000)
  Saved validation predictions to: experiments/h16d025_baseline/collapse_monitoring/val_predictions_epoch55.npy
  Gradient norms:
    lstm_encoder: 0.023666
    lstm_decoder: 0.010549
    output_layer: 0.098350
  VSN output std:
    encoder: 0.167381
  Attention entropy: 2.949093
  Saved to: experiments/h16d025_baseline/collapse_monitoring/collapse_monitor_epoch55.json
[DEBUG CollapseMonitor] on_validation_epoch_start called for epoch 56
[DEBUG CollapseMonitor] reset_temporal_state() called on loss function
Epoch 56: val_loss=0.39985278248786926
Epoch 56: train_loss=0.4214302599430084

[CollapseMonitor] Epoch 56
  [DEBUG] Processed 21 batches from val_dataloader
  [DEBUG] Predictions shape after concat: (1282,)
  [DEBUG] All predictions list length: 21
  [DEBUG] First batch shape: (64,)
  Pred std: 0.030429, range: 0.197774, mean: 0.111307
  Pos: 100.0%, Neg: 0.0%, Unique: 1271
  Collapse penalty: 0.000000 (threshold: 0.005000)
  Saved validation predictions to: experiments/h16d025_baseline/collapse_monitoring/val_predictions_epoch56.npy
  Gradient norms:
    lstm_encoder: 0.026322
    lstm_decoder: 0.011002
    output_layer: 0.096374
  VSN output std:
    encoder: 0.165622
  Attention entropy: 2.945335
  Saved to: experiments/h16d025_baseline/collapse_monitoring/collapse_monitor_epoch56.json
[DEBUG CollapseMonitor] on_validation_epoch_start called for epoch 57
[DEBUG CollapseMonitor] reset_temporal_state() called on loss function
Epoch 57: val_loss=0.3992575705051422
Epoch 57: train_loss=0.42070525884628296

[CollapseMonitor] Epoch 57
  [DEBUG] Processed 21 batches from val_dataloader
  [DEBUG] Predictions shape after concat: (1282,)
  [DEBUG] All predictions list length: 21
  [DEBUG] First batch shape: (64,)
  Pred std: 0.031659, range: 0.201576, mean: 0.087459
  Pos: 100.0%, Neg: 0.0%, Unique: 1260
  Collapse penalty: 0.000000 (threshold: 0.005000)
  Saved validation predictions to: experiments/h16d025_baseline/collapse_monitoring/val_predictions_epoch57.npy
  Gradient norms:
    lstm_encoder: 0.024295
    lstm_decoder: 0.010550
    output_layer: 0.089216
  VSN output std:
    encoder: 0.163258
  Attention entropy: 2.947883
  Saved to: experiments/h16d025_baseline/collapse_monitoring/collapse_monitor_epoch57.json
[DEBUG CollapseMonitor] on_validation_epoch_start called for epoch 58
[DEBUG CollapseMonitor] reset_temporal_state() called on loss function
Epoch 58: val_loss=0.4004439115524292
Epoch 58: train_loss=0.4199784994125366

[CollapseMonitor] Epoch 58
  [DEBUG] Processed 21 batches from val_dataloader
  [DEBUG] Predictions shape after concat: (1282,)
  [DEBUG] All predictions list length: 21
  [DEBUG] First batch shape: (64,)
  Pred std: 0.025033, range: 0.169902, mean: 0.056369
  Pos: 98.8%, Neg: 1.2%, Unique: 1270
  Collapse penalty: 0.000000 (threshold: 0.005000)
  Saved validation predictions to: experiments/h16d025_baseline/collapse_monitoring/val_predictions_epoch58.npy
  Gradient norms:
    lstm_encoder: 0.021843
    lstm_decoder: 0.010196
    output_layer: 0.094151
  VSN output std:
    encoder: 0.165798
  Attention entropy: 2.944664
  Saved to: experiments/h16d025_baseline/collapse_monitoring/collapse_monitor_epoch58.json
[DEBUG CollapseMonitor] on_validation_epoch_start called for epoch 59
[DEBUG CollapseMonitor] reset_temporal_state() called on loss function
Epoch 59: val_loss=0.40273499488830566
Epoch 59: train_loss=0.421116441488266

[CollapseMonitor] Epoch 59
  [DEBUG] Processed 21 batches from val_dataloader
  [DEBUG] Predictions shape after concat: (1282,)
  [DEBUG] All predictions list length: 21
  [DEBUG] First batch shape: (64,)
  Pred std: 0.026377, range: 0.188536, mean: 0.086805
  Pos: 100.0%, Neg: 0.0%, Unique: 1274
  Collapse penalty: 0.000000 (threshold: 0.005000)
  Saved validation predictions to: experiments/h16d025_baseline/collapse_monitoring/val_predictions_epoch59.npy
  Gradient norms:
    lstm_encoder: 0.024399
    lstm_decoder: 0.010862
    output_layer: 0.091800
  VSN output std:
    encoder: 0.166789
  Attention entropy: 2.950620
  Saved to: experiments/h16d025_baseline/collapse_monitoring/collapse_monitor_epoch59.json
[DEBUG CollapseMonitor] on_validation_epoch_start called for epoch 60
[DEBUG CollapseMonitor] reset_temporal_state() called on loss function
Epoch 60: val_loss=0.4005155861377716
Epoch 60: train_loss=0.4201858639717102

[CollapseMonitor] Epoch 60
  [DEBUG] Processed 21 batches from val_dataloader
  [DEBUG] Predictions shape after concat: (1282,)
  [DEBUG] All predictions list length: 21
  [DEBUG] First batch shape: (64,)
  Pred std: 0.031570, range: 0.234075, mean: 0.082367
  Pos: 100.0%, Neg: 0.0%, Unique: 1275
  Collapse penalty: 0.000000 (threshold: 0.005000)
  Saved validation predictions to: experiments/h16d025_baseline/collapse_monitoring/val_predictions_epoch60.npy
  Gradient norms:
    lstm_encoder: 0.024074
    lstm_decoder: 0.010906
    output_layer: 0.093601
  VSN output std:
    encoder: 0.167666
  Attention entropy: 2.936420
  Saved to: experiments/h16d025_baseline/collapse_monitoring/collapse_monitor_epoch60.json
[DEBUG CollapseMonitor] on_validation_epoch_start called for epoch 61
[DEBUG CollapseMonitor] reset_temporal_state() called on loss function
Epoch 61: val_loss=0.39904555678367615
Epoch 61: train_loss=0.4202442467212677

[CollapseMonitor] Epoch 61
  [DEBUG] Processed 21 batches from val_dataloader
  [DEBUG] Predictions shape after concat: (1282,)
  [DEBUG] All predictions list length: 21
  [DEBUG] First batch shape: (64,)
  Pred std: 0.033840, range: 0.234673, mean: 0.074149
  Pos: 100.0%, Neg: 0.0%, Unique: 1272
  Collapse penalty: 0.000000 (threshold: 0.005000)
  Saved validation predictions to: experiments/h16d025_baseline/collapse_monitoring/val_predictions_epoch61.npy
  Gradient norms:
    lstm_encoder: 0.026080
    lstm_decoder: 0.010951
    output_layer: 0.094297
  VSN output std:
    encoder: 0.167692
  Attention entropy: 2.936830
  Saved to: experiments/h16d025_baseline/collapse_monitoring/collapse_monitor_epoch61.json
[DEBUG CollapseMonitor] on_validation_epoch_start called for epoch 62
[DEBUG CollapseMonitor] reset_temporal_state() called on loss function
Epoch 62: val_loss=0.40105029940605164
Epoch 62: train_loss=0.4207998514175415

[CollapseMonitor] Epoch 62
  [DEBUG] Processed 21 batches from val_dataloader
  [DEBUG] Predictions shape after concat: (1282,)
  [DEBUG] All predictions list length: 21
  [DEBUG] First batch shape: (64,)
  Pred std: 0.029974, range: 0.217982, mean: 0.062035
  Pos: 99.5%, Neg: 0.5%, Unique: 1266
  Collapse penalty: 0.000000 (threshold: 0.005000)
  Saved validation predictions to: experiments/h16d025_baseline/collapse_monitoring/val_predictions_epoch62.npy
  Gradient norms:
    lstm_encoder: 0.025204
    lstm_decoder: 0.011060
    output_layer: 0.088880
  VSN output std:
    encoder: 0.167158
  Attention entropy: 2.945211
  Saved to: experiments/h16d025_baseline/collapse_monitoring/collapse_monitor_epoch62.json
[DEBUG CollapseMonitor] on_validation_epoch_start called for epoch 63
[DEBUG CollapseMonitor] reset_temporal_state() called on loss function
Epoch 63: val_loss=0.3985093832015991
Epoch 63: train_loss=0.41954711079597473

[CollapseMonitor] Epoch 63
  [DEBUG] Processed 21 batches from val_dataloader
  [DEBUG] Predictions shape after concat: (1282,)
  [DEBUG] All predictions list length: 21
  [DEBUG] First batch shape: (64,)
  Pred std: 0.035108, range: 0.234754, mean: 0.053106
  Pos: 98.5%, Neg: 1.5%, Unique: 1270
  Collapse penalty: 0.000000 (threshold: 0.005000)
  Saved validation predictions to: experiments/h16d025_baseline/collapse_monitoring/val_predictions_epoch63.npy
  Gradient norms:
    lstm_encoder: 0.029285
    lstm_decoder: 0.011983
    output_layer: 0.094238
  VSN output std:
    encoder: 0.169193
  Attention entropy: 2.933209
  Saved to: experiments/h16d025_baseline/collapse_monitoring/collapse_monitor_epoch63.json
[DEBUG CollapseMonitor] on_validation_epoch_start called for epoch 64
[DEBUG CollapseMonitor] reset_temporal_state() called on loss function
Epoch 64: val_loss=0.39920076727867126
Epoch 64: train_loss=0.42001593112945557

[CollapseMonitor] Epoch 64
  [DEBUG] Processed 21 batches from val_dataloader
  [DEBUG] Predictions shape after concat: (1282,)
  [DEBUG] All predictions list length: 21
  [DEBUG] First batch shape: (64,)
  Pred std: 0.039516, range: 0.263549, mean: 0.055717
  Pos: 98.4%, Neg: 1.6%, Unique: 1269
  Collapse penalty: 0.000000 (threshold: 0.005000)
  Saved validation predictions to: experiments/h16d025_baseline/collapse_monitoring/val_predictions_epoch64.npy
  Gradient norms:
    lstm_encoder: 0.023790
    lstm_decoder: 0.010712
    output_layer: 0.091518
  VSN output std:
    encoder: 0.169842
  Attention entropy: 2.936115
  Saved to: experiments/h16d025_baseline/collapse_monitoring/collapse_monitor_epoch64.json
[DEBUG CollapseMonitor] on_validation_epoch_start called for epoch 65
[DEBUG CollapseMonitor] reset_temporal_state() called on loss function
Epoch 65: val_loss=0.3987448215484619
Epoch 65: train_loss=0.4180360436439514

[CollapseMonitor] Epoch 65
  [DEBUG] Processed 21 batches from val_dataloader
  [DEBUG] Predictions shape after concat: (1282,)
  [DEBUG] All predictions list length: 21
  [DEBUG] First batch shape: (64,)
  Pred std: 0.038299, range: 0.262991, mean: 0.104338
  Pos: 100.0%, Neg: 0.0%, Unique: 1275
  Collapse penalty: 0.000000 (threshold: 0.005000)
  Saved validation predictions to: experiments/h16d025_baseline/collapse_monitoring/val_predictions_epoch65.npy
  Gradient norms:
    lstm_encoder: 0.027913
    lstm_decoder: 0.011765
    output_layer: 0.089516
  VSN output std:
    encoder: 0.166850
  Attention entropy: 2.931608
  Saved to: experiments/h16d025_baseline/collapse_monitoring/collapse_monitor_epoch65.json
[DEBUG CollapseMonitor] on_validation_epoch_start called for epoch 66
[DEBUG CollapseMonitor] reset_temporal_state() called on loss function
Epoch 66: val_loss=0.4007045030593872
Epoch 66: train_loss=0.4188711643218994

[CollapseMonitor] Epoch 66
  [DEBUG] Processed 21 batches from val_dataloader
  [DEBUG] Predictions shape after concat: (1282,)
  [DEBUG] All predictions list length: 21
  [DEBUG] First batch shape: (64,)
  Pred std: 0.032912, range: 0.241619, mean: 0.101880
  Pos: 100.0%, Neg: 0.0%, Unique: 1274
  Collapse penalty: 0.000000 (threshold: 0.005000)
  Saved validation predictions to: experiments/h16d025_baseline/collapse_monitoring/val_predictions_epoch66.npy
  Gradient norms:
    lstm_encoder: 0.027480
    lstm_decoder: 0.011383
    output_layer: 0.097746
  VSN output std:
    encoder: 0.166227
  Attention entropy: 2.940261
  Saved to: experiments/h16d025_baseline/collapse_monitoring/collapse_monitor_epoch66.json
[DEBUG CollapseMonitor] on_validation_epoch_start called for epoch 67
[DEBUG CollapseMonitor] reset_temporal_state() called on loss function
Epoch 67: val_loss=0.39944037795066833
Epoch 67: train_loss=0.41931140422821045

[CollapseMonitor] Epoch 67
  [DEBUG] Processed 21 batches from val_dataloader
  [DEBUG] Predictions shape after concat: (1282,)
  [DEBUG] All predictions list length: 21
  [DEBUG] First batch shape: (64,)
  Pred std: 0.035212, range: 0.246085, mean: 0.088378
  Pos: 100.0%, Neg: 0.0%, Unique: 1273
  Collapse penalty: 0.000000 (threshold: 0.005000)
  Saved validation predictions to: experiments/h16d025_baseline/collapse_monitoring/val_predictions_epoch67.npy
  Gradient norms:
    lstm_encoder: 0.029146
    lstm_decoder: 0.012502
    output_layer: 0.098439
  VSN output std:
    encoder: 0.167031
  Attention entropy: 2.940618
  Saved to: experiments/h16d025_baseline/collapse_monitoring/collapse_monitor_epoch67.json
[DEBUG CollapseMonitor] on_validation_epoch_start called for epoch 68
[DEBUG CollapseMonitor] reset_temporal_state() called on loss function
Epoch 68: val_loss=0.4013407230377197
Epoch 68: train_loss=0.4202304184436798

[CollapseMonitor] Epoch 68
  [DEBUG] Processed 21 batches from val_dataloader
  [DEBUG] Predictions shape after concat: (1282,)
  [DEBUG] All predictions list length: 21
  [DEBUG] First batch shape: (64,)
  Pred std: 0.032695, range: 0.241407, mean: 0.082466
  Pos: 100.0%, Neg: 0.0%, Unique: 1271
  Collapse penalty: 0.000000 (threshold: 0.005000)
  Saved validation predictions to: experiments/h16d025_baseline/collapse_monitoring/val_predictions_epoch68.npy
  Gradient norms:
    lstm_encoder: 0.028017
    lstm_decoder: 0.012260
    output_layer: 0.094814
  VSN output std:
    encoder: 0.167662
  Attention entropy: 2.948133
  Saved to: experiments/h16d025_baseline/collapse_monitoring/collapse_monitor_epoch68.json
[DEBUG CollapseMonitor] on_validation_epoch_start called for epoch 69
[DEBUG CollapseMonitor] reset_temporal_state() called on loss function
Epoch 69: val_loss=0.4009261727333069
Epoch 69: train_loss=0.41898292303085327

[CollapseMonitor] Epoch 69
  [DEBUG] Processed 21 batches from val_dataloader
  [DEBUG] Predictions shape after concat: (1282,)
  [DEBUG] All predictions list length: 21
  [DEBUG] First batch shape: (64,)
  Pred std: 0.032313, range: 0.239453, mean: 0.094604
  Pos: 100.0%, Neg: 0.0%, Unique: 1271
  Collapse penalty: 0.000000 (threshold: 0.005000)
  Saved validation predictions to: experiments/h16d025_baseline/collapse_monitoring/val_predictions_epoch69.npy
  Gradient norms:
    lstm_encoder: 0.026060
    lstm_decoder: 0.011465
    output_layer: 0.096823
  VSN output std:
    encoder: 0.167576
  Attention entropy: 2.946213
  Saved to: experiments/h16d025_baseline/collapse_monitoring/collapse_monitor_epoch69.json
[DEBUG CollapseMonitor] on_validation_epoch_start called for epoch 70
[DEBUG CollapseMonitor] reset_temporal_state() called on loss function
Epoch 70: val_loss=0.40120911598205566
Epoch 70: train_loss=0.41981765627861023

[CollapseMonitor] Epoch 70
  [DEBUG] Processed 21 batches from val_dataloader
  [DEBUG] Predictions shape after concat: (1282,)
  [DEBUG] All predictions list length: 21
  [DEBUG] First batch shape: (64,)
  Pred std: 0.031589, range: 0.239336, mean: 0.077500
  Pos: 99.5%, Neg: 0.5%, Unique: 1268
  Collapse penalty: 0.000000 (threshold: 0.005000)
  Saved validation predictions to: experiments/h16d025_baseline/collapse_monitoring/val_predictions_epoch70.npy
  Gradient norms:
    lstm_encoder: 0.028585
    lstm_decoder: 0.011928
    output_layer: 0.097788
  VSN output std:
    encoder: 0.168108
  Attention entropy: 2.948068
  Saved to: experiments/h16d025_baseline/collapse_monitoring/collapse_monitor_epoch70.json
[DEBUG CollapseMonitor] on_validation_epoch_start called for epoch 71
[DEBUG CollapseMonitor] reset_temporal_state() called on loss function
Epoch 71: val_loss=0.4007492661476135
Epoch 71: train_loss=0.4196712374687195

[CollapseMonitor] Epoch 71
  [DEBUG] Processed 21 batches from val_dataloader
  [DEBUG] Predictions shape after concat: (1282,)
  [DEBUG] All predictions list length: 21
  [DEBUG] First batch shape: (64,)
  Pred std: 0.035092, range: 0.264022, mean: 0.079635
  Pos: 99.0%, Neg: 1.0%, Unique: 1268
  Collapse penalty: 0.000000 (threshold: 0.005000)
  Saved validation predictions to: experiments/h16d025_baseline/collapse_monitoring/val_predictions_epoch71.npy
  Gradient norms:
    lstm_encoder: 0.032651
    lstm_decoder: 0.012267
    output_layer: 0.089762
  VSN output std:
    encoder: 0.168172
  Attention entropy: 2.942486
  Saved to: experiments/h16d025_baseline/collapse_monitoring/collapse_monitor_epoch71.json
[DEBUG CollapseMonitor] on_validation_epoch_start called for epoch 72
[DEBUG CollapseMonitor] reset_temporal_state() called on loss function
Epoch 72: val_loss=0.3998950123786926
Epoch 72: train_loss=0.41995397210121155

[CollapseMonitor] Epoch 72
  [DEBUG] Processed 21 batches from val_dataloader
  [DEBUG] Predictions shape after concat: (1282,)
  [DEBUG] All predictions list length: 21
  [DEBUG] First batch shape: (64,)
  Pred std: 0.034893, range: 0.264962, mean: 0.081192
  Pos: 99.2%, Neg: 0.8%, Unique: 1272
  Collapse penalty: 0.000000 (threshold: 0.005000)
  Saved validation predictions to: experiments/h16d025_baseline/collapse_monitoring/val_predictions_epoch72.npy
  Gradient norms:
    lstm_encoder: 0.029220
    lstm_decoder: 0.011988
    output_layer: 0.097934
  VSN output std:
    encoder: 0.168991
  Attention entropy: 2.941113
  Saved to: experiments/h16d025_baseline/collapse_monitoring/collapse_monitor_epoch72.json
[DEBUG CollapseMonitor] on_validation_epoch_start called for epoch 73
[DEBUG CollapseMonitor] reset_temporal_state() called on loss function
Epoch 73: val_loss=0.40188804268836975
Epoch 73: train_loss=0.4202417731285095

[CollapseMonitor] Epoch 73
  [DEBUG] Processed 21 batches from val_dataloader
  [DEBUG] Predictions shape after concat: (1282,)
  [DEBUG] All predictions list length: 21
  [DEBUG] First batch shape: (64,)
  Pred std: 0.033068, range: 0.258362, mean: 0.078638
  Pos: 99.1%, Neg: 0.9%, Unique: 1264
  Collapse penalty: 0.000000 (threshold: 0.005000)
  Saved validation predictions to: experiments/h16d025_baseline/collapse_monitoring/val_predictions_epoch73.npy
  Gradient norms:
    lstm_encoder: 0.030400
    lstm_decoder: 0.012071
    output_layer: 0.095173
  VSN output std:
    encoder: 0.167822
  Attention entropy: 2.947516
  Saved to: experiments/h16d025_baseline/collapse_monitoring/collapse_monitor_epoch73.json


======================================================================
Training complete
======================================================================

Best model checkpoint: experiments/h16d025_baseline/checkpoints/tft-epoch=63-val_loss=0.3985.ckpt
Best validation loss: 0.398509
Completed at: 2025-11-23 00:04:42
Log saved to: experiments/h16d025_baseline/training_20251122_232601.log
======================================================================
