Logging to: experiments/12b_feature_sweep/market_only_weekly_7q_h5_enc8_s42/vsn_analysis/vsn_analysis_20251213_234527.log
Analysis started at: 2025-12-13 23:45:27
======================================================================
Experiment: 12b_feature_sweep/market_only_weekly_7q_h5_enc8_s42
Output directory: experiments/12b_feature_sweep/market_only_weekly_7q_h5_enc8_s42/vsn_analysis
Loading config from: experiments/12b_feature_sweep/market_only_weekly_7q_h5_enc8_s42/config.json
Using best checkpoint: experiments/12b_feature_sweep/market_only_weekly_7q_h5_enc8_s42/checkpoints/tft-epoch=epoch=34-valloss=val_loss=1.0915.ckpt

Loading data...
Loading test data from: data/splits/vintage/market_only_weekly_vintage_test.csv
  Train samples: 908
  Test samples: 195

Preparing test dataset...
Test dataset size: 187

Loading model...
Loading model from: experiments/12b_feature_sweep/market_only_weekly_7q_h5_enc8_s42/checkpoints/tft-epoch=epoch=34-valloss=val_loss=1.0915.ckpt
  Model loaded on device: cuda

Extracting VSN weights...
  Encoder variables (5): ['relative_time_idx', 'VIX', 'Treasury_10Y', 'Yield_Spread', 'SP500_Volatility']
  Decoder variables (1): ['relative_time_idx']
  Static variables (1): ['encoder_length']

  DEBUG: Output type: <class 'pytorch_forecasting.utils.TupleOutputMixIn.to_network_output.<locals>.Output'>
  DEBUG: Output fields (NamedTuple): ('prediction', 'encoder_attention', 'decoder_attention', 'static_variables', 'encoder_variables', 'decoder_variables', 'decoder_lengths', 'encoder_lengths')
  DEBUG: output.encoder_variables shape: torch.Size([64, 8, 1, 5])
  DEBUG: output.static_variables shape: torch.Size([64, 1, 1])
  DEBUG: output.decoder_variables shape: torch.Size([64, 1, 1, 1])

Extraction complete:
  Samples: 187
  Encoder VSN shape: (187, 5)
  Decoder VSN shape: (187, 1)

Analysis period: 2022-03-18 to 2025-10-10

Creating temporal periods:
  2022: 42 samples
  2023: 52 samples
  2024: 52 samples
  2025: 41 samples

Analyzing VSN weights by period...

Comparing VSN patterns across periods...

Creating visualizations...
Saved VSN heatmap: experiments/12b_feature_sweep/market_only_weekly_7q_h5_enc8_s42/vsn_analysis/vsn_heatmap.png
Saved VSN comparison: experiments/12b_feature_sweep/market_only_weekly_7q_h5_enc8_s42/vsn_analysis/vsn_comparison.png
Saved concentration plot: experiments/12b_feature_sweep/market_only_weekly_7q_h5_enc8_s42/vsn_analysis/vsn_concentration.png

Saving results...
Saved results: experiments/12b_feature_sweep/market_only_weekly_7q_h5_enc8_s42/vsn_analysis/vsn_analysis_results.json

======================================================================
VSN ANALYSIS SUMMARY
======================================================================

Per-Period Feature Importance:
----------------------------------------------------------------------

2022 (42 samples):
  Concentration: 0.3971
  Top 5 features:
    VIX                            0.5807
    Yield_Spread                   0.1997
    Treasury_10Y                   0.1219
    SP500_Volatility               0.0615
    relative_time_idx              0.0362

2023 (52 samples):
  Concentration: 0.3227
  Top 5 features:
    VIX                            0.4418
    Yield_Spread                   0.3165
    SP500_Volatility               0.1517
    Treasury_10Y                   0.0567
    relative_time_idx              0.0333

2024 (52 samples):
  Concentration: 0.2934
  Top 5 features:
    Yield_Spread                   0.3854
    VIX                            0.2699
    SP500_Volatility               0.2619
    Treasury_10Y                   0.0436
    relative_time_idx              0.0392

2025 (41 samples):
  Concentration: 0.3041
  Top 5 features:
    VIX                            0.4286
    SP500_Volatility               0.2560
    Yield_Spread                   0.2252
    relative_time_idx              0.0471
    Treasury_10Y                   0.0430

----------------------------------------------------------------------
Period Comparisons:
----------------------------------------------------------------------

2022_vs_2023:
  Cosine similarity: 0.9421
  L2 distance: 0.2129
  Biggest increases: Yield_Spread(+0.117), SP500_Volatility(+0.090), relative_time_idx(-0.003)
  Biggest decreases: VIX(-0.139), Treasury_10Y(-0.065), relative_time_idx(-0.003)

2022_vs_2024:
  Cosine similarity: 0.7516
  L2 distance: 0.4212
  Biggest increases: SP500_Volatility(+0.200), Yield_Spread(+0.186), relative_time_idx(+0.003)
  Biggest decreases: VIX(-0.311), Treasury_10Y(-0.078), relative_time_idx(+0.003)

2022_vs_2025:
  Cosine similarity: 0.9111
  L2 distance: 0.2607
  Biggest increases: SP500_Volatility(+0.195), Yield_Spread(+0.026), relative_time_idx(+0.011)
  Biggest decreases: VIX(-0.152), Treasury_10Y(-0.079), relative_time_idx(+0.011)

2023_vs_2024:
  Cosine similarity: 0.9253
  L2 distance: 0.2160
  Biggest increases: SP500_Volatility(+0.110), Yield_Spread(+0.069), relative_time_idx(+0.006)
  Biggest decreases: VIX(-0.172), Treasury_10Y(-0.013), relative_time_idx(+0.006)

2023_vs_2025:
  Cosine similarity: 0.9689
  L2 distance: 0.1406
  Biggest increases: SP500_Volatility(+0.104), relative_time_idx(+0.014), VIX(-0.013)
  Biggest decreases: Yield_Spread(-0.091), Treasury_10Y(-0.014), VIX(-0.013)

2024_vs_2025:
  Cosine similarity: 0.9149
  L2 distance: 0.2257
  Biggest increases: VIX(+0.159), relative_time_idx(+0.008), Treasury_10Y(-0.001)
  Biggest decreases: Yield_Spread(-0.160), SP500_Volatility(-0.006), Treasury_10Y(-0.001)

======================================================================

Analysis complete!
Results saved to: experiments/12b_feature_sweep/market_only_weekly_7q_h5_enc8_s42/vsn_analysis
  - vsn_analysis_results.json
  - vsn_heatmap.png
  - vsn_comparison.png
  - vsn_concentration.png
