
[INFO] Using AUTO device selection.

[INFO] Patched matplotlib.Axes.errorbar to abs() negative yerr for robustness.
======================================================================
Training TFT: 06b_rolling/daily_3q_h10_drop025/fold_2019
======================================================================
Logging to: experiments/06b_rolling/daily_3q_h10_drop025/fold_2019/training_20251214_172955.log
Started at: 2025-12-14 17:29:55
======================================================================

Loading data splits...
Train: 2469 samples
Val: 219 samples
Test: 220 samples

Preparing TimeSeriesDataSet...

Dropping source columns (used for staleness only): ['CPI']

Final features for TFT: ['SP500_Returns', 'VIX', 'Treasury_10Y', 'Yield_Spread', 'Inflation_YoY', 'cumret_5', 'cumret_10', 'cumret_20', 'cumret_30']

======================================================================
FEATURE STATISTICS - BEFORE NORMALIZATION
======================================================================
VIX                             mean= 20.1807  std=  9.9428  min=  9.1400  max= 80.8600
Treasury_10Y                    mean=  2.5956  std=  0.7028  min=  1.3700  max=  4.2700
Yield_Spread                    mean=  1.7983  std=  0.5878  min=  0.6500  max=  2.9100
Inflation_YoY                   mean=  1.7381  std=  1.4431  min= -2.1498  max=  5.4850

======================================================================
TARGET CONFIGURATION
======================================================================
Target variable: SP500_Returns
  Mode: Point return prediction (single-step)
  Target stats: mean=0.0254, std=1.2732
  Dropping unused cumret columns: ['cumret_5', 'cumret_10', 'cumret_20', 'cumret_30']
======================================================================

======================================================================
FEATURES AFTER GROUPNORMALIZER (first batch, last timestep)
======================================================================
VIX                             normalized_value=  1.0000
Treasury_10Y                    normalized_value= -0.0500
Yield_Spread                    normalized_value= -0.7304
Inflation_YoY                   normalized_value=  0.0347
======================================================================

Configuration saved to: experiments/06b_rolling/daily_3q_h10_drop025/fold_2019/config.json
[DEBUG] VIX train values: [23.17 22.49 23.94 23.79 25.43]
[DEBUG] VIX val values: [9.77 9.15 9.22 9.22 9.52]
Batches per epoch: 38
[DEBUG] Validation batches: 3
[DEBUG] Validation dataset size: 190
[DEBUG] Batch size: 64

Initializing model...

Quantile configuration: 3q
  Quantiles: [0.1, 0.5, 0.9]
  Output size: 3
  Median index: 1

Using standard QuantileLoss (no penalties)

[REGIME OUTPUT] Disabled (using baseline output layer)

[STALENESS ATTENTION] Disabled

================================================================================
BASELINE MODEL FEATURE CONFIGURATION (after from_dataset)
================================================================================
tft.hparams.time_varying_reals_encoder: ['relative_time_idx', 'VIX', 'Treasury_10Y', 'Yield_Spread', 'Inflation_YoY']
  Count: 5

tft.hparams.time_varying_reals_decoder: ['relative_time_idx']
  Count: 1

tft.hparams.x_reals (all reals passed to model): ['encoder_length', 'relative_time_idx', 'VIX', 'Treasury_10Y', 'Yield_Spread', 'Inflation_YoY']
  Count: 6

Encoder VSN configuration:
  num_inputs: 5
  input_sizes: {'relative_time_idx': 16, 'VIX': 16, 'Treasury_10Y': 16, 'Yield_Spread': 16, 'Inflation_YoY': 16}
  flattened_grn.fc1: in_features=80, out_features=5
  -> Params in fc1: 400 (should be 5*16*5=400 if 5 features)
================================================================================

Model parameters: 22,547

Starting training...
Checkpoints will be saved to: experiments/06b_rolling/daily_3q_h10_drop025/fold_2019/checkpoints/
Logs will be saved to: experiments/06b_rolling/daily_3q_h10_drop025/fold_2019/logs/

[DEBUG CollapseMonitor] on_validation_epoch_start called for epoch 0
[DEBUG CollapseMonitor] reset_temporal_state() called on loss function
Epoch 0: val_loss=N/A
[DEBUG CollapseMonitor] on_validation_epoch_start called for epoch 0
[DEBUG CollapseMonitor] reset_temporal_state() called on loss function
Epoch 0: val_loss=0.49066928029060364
Epoch 0: train_loss=0.637116551399231

[CollapseMonitor] Epoch 0
  [DEBUG] Processed 3 batches, 10 horizon(s)
  Multi-horizon metrics (10 horizons):
    h1: std=0.0058, dir_acc=47.4%, pos=0%, unique=188, sharpe=-1393.98
    h2: std=0.0051, dir_acc=47.4%, pos=0%, unique=189, sharpe=-1681.67
    h3: std=0.0047, dir_acc=47.4%, pos=0%, unique=188, sharpe=-1713.66
    h4: std=0.0043, dir_acc=46.8%, pos=0%, unique=189, sharpe=-1648.15
    h5: std=0.0040, dir_acc=46.3%, pos=0%, unique=188, sharpe=-1538.52
    ... (5 more horizons)
  Aggregate: std_avg=0.0039, dir_acc_avg=46.8%, composite_avg=0.3439
  H1 detail: range=0.0233, mean=-0.5104, dist_match=0.4737
  Collapse penalty: 0.000000 (threshold: 0.005000)
  Saved validation predictions to: experiments/06b_rolling/daily_3q_h10_drop025/fold_2019/collapse_monitoring/val_predictions_epoch0.npz
  Gradient norms:
    lstm_encoder: 0.003244
    lstm_decoder: 0.026126
    output_layer: 0.477097
  VSN output std:
    encoder: 0.266747
  Attention entropy: 2.994754
  Saved to: experiments/06b_rolling/daily_3q_h10_drop025/fold_2019/collapse_monitoring/collapse_monitor_latest.json
[DEBUG CollapseMonitor] on_validation_epoch_start called for epoch 1
[DEBUG CollapseMonitor] reset_temporal_state() called on loss function
Epoch 1: val_loss=0.4635410010814667
Epoch 1: train_loss=0.6091111898422241

[CollapseMonitor] Epoch 1
  [DEBUG] Processed 3 batches, 10 horizon(s)
  Multi-horizon metrics (10 horizons):
    h1: std=0.0059, dir_acc=47.4%, pos=0%, unique=187, sharpe=-562.57
    h2: std=0.0045, dir_acc=47.4%, pos=0%, unique=186, sharpe=-740.30
    h3: std=0.0038, dir_acc=47.4%, pos=0%, unique=188, sharpe=-685.42
    h4: std=0.0033, dir_acc=46.8%, pos=0%, unique=188, sharpe=-503.48
    h5: std=0.0029, dir_acc=46.3%, pos=0%, unique=185, sharpe=-233.21
    ... (5 more horizons)
  Aggregate: std_avg=0.0031, dir_acc_avg=50.2%, composite_avg=0.3776
  H1 detail: range=0.0218, mean=-0.2080, dist_match=0.4737
  Collapse penalty: 0.000000 (threshold: 0.005000)
  Saved validation predictions to: experiments/06b_rolling/daily_3q_h10_drop025/fold_2019/collapse_monitoring/val_predictions_epoch1.npz
  Gradient norms:
    lstm_encoder: 0.002605
    lstm_decoder: 0.017375
    output_layer: 0.317576
  VSN output std:
    encoder: 0.267436
  Attention entropy: 2.994388
  Saved to: experiments/06b_rolling/daily_3q_h10_drop025/fold_2019/collapse_monitoring/collapse_monitor_latest.json
[DEBUG CollapseMonitor] on_validation_epoch_start called for epoch 2
[DEBUG CollapseMonitor] reset_temporal_state() called on loss function
Epoch 2: val_loss=0.46545860171318054
Epoch 2: train_loss=0.5895259380340576

[CollapseMonitor] Epoch 2
  [DEBUG] Processed 3 batches, 10 horizon(s)
  Multi-horizon metrics (10 horizons):
    h1: std=0.0044, dir_acc=47.4%, pos=95%, unique=188, sharpe=30.42
    h2: std=0.0030, dir_acc=52.6%, pos=100%, unique=187, sharpe=53.47
    h3: std=0.0026, dir_acc=52.6%, pos=100%, unique=188, sharpe=300.47
    h4: std=0.0022, dir_acc=53.2%, pos=100%, unique=187, sharpe=697.01
    h5: std=0.0020, dir_acc=53.7%, pos=100%, unique=187, sharpe=1209.61
    ... (5 more horizons)
  Aggregate: std_avg=0.0021, dir_acc_avg=52.6%, composite_avg=0.4043
  H1 detail: range=0.0179, mean=0.0085, dist_match=0.5789
  Collapse penalty: 0.000000 (threshold: 0.005000)
  Saved validation predictions to: experiments/06b_rolling/daily_3q_h10_drop025/fold_2019/collapse_monitoring/val_predictions_epoch2.npz
  Gradient norms:
    lstm_encoder: 0.001374
    lstm_decoder: 0.005108
    output_layer: 0.092389
  VSN output std:
    encoder: 0.267759
  Attention entropy: 2.994189
  Saved to: experiments/06b_rolling/daily_3q_h10_drop025/fold_2019/collapse_monitoring/collapse_monitor_latest.json
[DEBUG CollapseMonitor] on_validation_epoch_start called for epoch 3
[DEBUG CollapseMonitor] reset_temporal_state() called on loss function
Epoch 3: val_loss=0.4616203010082245
Epoch 3: train_loss=0.5849422216415405

[CollapseMonitor] Epoch 3
  [DEBUG] Processed 3 batches, 10 horizon(s)
  Multi-horizon metrics (10 horizons):
    h1: std=0.0028, dir_acc=51.1%, pos=98%, unique=187, sharpe=51.92
    h2: std=0.0020, dir_acc=47.4%, pos=0%, unique=186, sharpe=-119.93
    h3: std=0.0018, dir_acc=52.6%, pos=100%, unique=185, sharpe=34.48
    h4: std=0.0017, dir_acc=53.2%, pos=100%, unique=182, sharpe=341.31
    h5: std=0.0016, dir_acc=53.7%, pos=100%, unique=185, sharpe=729.98
    ... (5 more horizons)
  Aggregate: std_avg=0.0017, dir_acc_avg=52.5%, composite_avg=0.4010
  H1 detail: range=0.0151, mean=0.0090, dist_match=0.5421
  Collapse penalty: 0.000000 (threshold: 0.005000)
  Saved validation predictions to: experiments/06b_rolling/daily_3q_h10_drop025/fold_2019/collapse_monitoring/val_predictions_epoch3.npz
  Gradient norms:
    lstm_encoder: 0.001057
    lstm_decoder: 0.003286
    output_layer: 0.062088
  VSN output std:
    encoder: 0.267177
  Attention entropy: 2.994354
  Saved to: experiments/06b_rolling/daily_3q_h10_drop025/fold_2019/collapse_monitoring/collapse_monitor_latest.json
[DEBUG CollapseMonitor] on_validation_epoch_start called for epoch 4
[DEBUG CollapseMonitor] reset_temporal_state() called on loss function
Epoch 4: val_loss=0.46019238233566284
Epoch 4: train_loss=0.5781947374343872

[CollapseMonitor] Epoch 4
  [DEBUG] Processed 3 batches, 10 horizon(s)
  Multi-horizon metrics (10 horizons):
    h1: std=0.0020, dir_acc=52.6%, pos=100%, unique=186, sharpe=486.80
    h2: std=0.0011, dir_acc=52.6%, pos=100%, unique=182, sharpe=345.72
    h3: std=0.0012, dir_acc=52.6%, pos=100%, unique=177, sharpe=392.47
    h4: std=0.0012, dir_acc=53.2%, pos=100%, unique=184, sharpe=670.89
    h5: std=0.0012, dir_acc=53.7%, pos=100%, unique=186, sharpe=1045.68
    ... (5 more horizons)
  Aggregate: std_avg=0.0012, dir_acc_avg=53.2%, composite_avg=0.4071
  H1 detail: range=0.0134, mean=0.0603, dist_match=0.5263
  Collapse penalty: 0.000000 (threshold: 0.005000)
  Saved validation predictions to: experiments/06b_rolling/daily_3q_h10_drop025/fold_2019/collapse_monitoring/val_predictions_epoch4.npz
  Gradient norms:
    lstm_encoder: 0.000974
    lstm_decoder: 0.003024
    output_layer: 0.060023
  VSN output std:
    encoder: 0.266150
  Attention entropy: 2.994535
  Saved to: experiments/06b_rolling/daily_3q_h10_drop025/fold_2019/collapse_monitoring/collapse_monitor_latest.json
[DEBUG CollapseMonitor] on_validation_epoch_start called for epoch 5
[DEBUG CollapseMonitor] reset_temporal_state() called on loss function
Epoch 5: val_loss=0.4592680335044861
Epoch 5: train_loss=0.5782853960990906

[CollapseMonitor] Epoch 5
  [DEBUG] Processed 3 batches, 10 horizon(s)
  Multi-horizon metrics (10 horizons):
    h1: std=0.0022, dir_acc=52.6%, pos=100%, unique=189, sharpe=622.14
    h2: std=0.0009, dir_acc=52.6%, pos=100%, unique=183, sharpe=797.51
    h3: std=0.0010, dir_acc=52.6%, pos=100%, unique=183, sharpe=704.26
    h4: std=0.0010, dir_acc=53.2%, pos=100%, unique=174, sharpe=899.14
    h5: std=0.0010, dir_acc=53.7%, pos=100%, unique=182, sharpe=1218.87
    ... (5 more horizons)
  Aggregate: std_avg=0.0011, dir_acc_avg=53.2%, composite_avg=0.4071
  H1 detail: range=0.0151, mean=0.0853, dist_match=0.5263
  Collapse penalty: 0.000000 (threshold: 0.005000)
  Saved validation predictions to: experiments/06b_rolling/daily_3q_h10_drop025/fold_2019/collapse_monitoring/val_predictions_epoch5.npz
  Gradient norms:
    lstm_encoder: 0.000891
    lstm_decoder: 0.002760
    output_layer: 0.061549
  VSN output std:
    encoder: 0.264749
  Attention entropy: 2.994553
  Saved to: experiments/06b_rolling/daily_3q_h10_drop025/fold_2019/collapse_monitoring/collapse_monitor_latest.json
[DEBUG CollapseMonitor] on_validation_epoch_start called for epoch 6
[DEBUG CollapseMonitor] reset_temporal_state() called on loss function
Epoch 6: val_loss=0.4580635130405426
Epoch 6: train_loss=0.5751585960388184

[CollapseMonitor] Epoch 6
  [DEBUG] Processed 3 batches, 10 horizon(s)
  Multi-horizon metrics (10 horizons):
    h1: std=0.0036, dir_acc=52.6%, pos=100%, unique=189, sharpe=367.45
    h2: std=0.0025, dir_acc=52.6%, pos=100%, unique=184, sharpe=247.30
    h3: std=0.0023, dir_acc=52.6%, pos=100%, unique=183, sharpe=228.93
    h4: std=0.0022, dir_acc=53.2%, pos=100%, unique=188, sharpe=320.97
    h5: std=0.0020, dir_acc=53.7%, pos=100%, unique=188, sharpe=469.72
    ... (5 more horizons)
  Aggregate: std_avg=0.0021, dir_acc_avg=53.2%, composite_avg=0.4071
  H1 detail: range=0.0257, mean=0.0844, dist_match=0.5263
  Collapse penalty: 0.000000 (threshold: 0.005000)
  Saved validation predictions to: experiments/06b_rolling/daily_3q_h10_drop025/fold_2019/collapse_monitoring/val_predictions_epoch6.npz
  Gradient norms:
    lstm_encoder: 0.000861
    lstm_decoder: 0.002827
    output_layer: 0.060452
  VSN output std:
    encoder: 0.262684
  Attention entropy: 2.991133
  Saved to: experiments/06b_rolling/daily_3q_h10_drop025/fold_2019/collapse_monitoring/collapse_monitor_latest.json
[DEBUG CollapseMonitor] on_validation_epoch_start called for epoch 7
[DEBUG CollapseMonitor] reset_temporal_state() called on loss function
Epoch 7: val_loss=0.45714327692985535
Epoch 7: train_loss=0.5744410753250122

[CollapseMonitor] Epoch 7
  [DEBUG] Processed 3 batches, 10 horizon(s)
  Multi-horizon metrics (10 horizons):
    h1: std=0.0109, dir_acc=52.6%, pos=100%, unique=186, sharpe=138.08
    h2: std=0.0100, dir_acc=52.6%, pos=100%, unique=185, sharpe=75.97
    h3: std=0.0090, dir_acc=52.6%, pos=100%, unique=183, sharpe=70.40
    h4: std=0.0081, dir_acc=53.2%, pos=100%, unique=185, sharpe=93.10
    h5: std=0.0073, dir_acc=53.7%, pos=100%, unique=186, sharpe=131.43
    ... (5 more horizons)
  Aggregate: std_avg=0.0072, dir_acc_avg=53.2%, composite_avg=0.4071
  H1 detail: range=0.0469, mean=0.0950, dist_match=0.5263
  Collapse penalty: 0.000000 (threshold: 0.005000)
  Saved validation predictions to: experiments/06b_rolling/daily_3q_h10_drop025/fold_2019/collapse_monitoring/val_predictions_epoch7.npz
  Gradient norms:
    lstm_encoder: 0.000859
    lstm_decoder: 0.002504
    output_layer: 0.052428
  VSN output std:
    encoder: 0.258497
  Attention entropy: 2.978279
  Saved to: experiments/06b_rolling/daily_3q_h10_drop025/fold_2019/collapse_monitoring/collapse_monitor_latest.json
[DEBUG CollapseMonitor] on_validation_epoch_start called for epoch 8
[DEBUG CollapseMonitor] reset_temporal_state() called on loss function
Epoch 8: val_loss=0.4558161199092865
Epoch 8: train_loss=0.5712335109710693

[CollapseMonitor] Epoch 8
  [DEBUG] Processed 3 batches, 10 horizon(s)
  Multi-horizon metrics (10 horizons):
    h1: std=0.0200, dir_acc=52.6%, pos=100%, unique=190, sharpe=54.18
    h2: std=0.0189, dir_acc=52.6%, pos=100%, unique=180, sharpe=15.26
    h3: std=0.0177, dir_acc=52.6%, pos=100%, unique=183, sharpe=8.44
    h4: std=0.0164, dir_acc=53.2%, pos=100%, unique=177, sharpe=15.38
    h5: std=0.0152, dir_acc=53.7%, pos=100%, unique=185, sharpe=28.81
    ... (5 more horizons)
  Aggregate: std_avg=0.0147, dir_acc_avg=53.2%, composite_avg=0.4071
  H1 detail: range=0.0827, mean=0.0682, dist_match=0.5263
  Collapse penalty: 0.000000 (threshold: 0.005000)
  Saved validation predictions to: experiments/06b_rolling/daily_3q_h10_drop025/fold_2019/collapse_monitoring/val_predictions_epoch8.npz
  Gradient norms:
    lstm_encoder: 0.000840
    lstm_decoder: 0.002511
    output_layer: 0.057562
  VSN output std:
    encoder: 0.254859
  Attention entropy: 2.972912
  Saved to: experiments/06b_rolling/daily_3q_h10_drop025/fold_2019/collapse_monitoring/collapse_monitor_latest.json
[DEBUG CollapseMonitor] on_validation_epoch_start called for epoch 9
[DEBUG CollapseMonitor] reset_temporal_state() called on loss function
Epoch 9: val_loss=0.4537558853626251
Epoch 9: train_loss=0.5683217644691467

[CollapseMonitor] Epoch 9
  [DEBUG] Processed 3 batches, 10 horizon(s)
  Multi-horizon metrics (10 horizons):
    h1: std=0.0354, dir_acc=52.6%, pos=100%, unique=187, sharpe=39.56
    h2: std=0.0341, dir_acc=52.6%, pos=100%, unique=186, sharpe=16.36
    h3: std=0.0334, dir_acc=52.6%, pos=100%, unique=183, sharpe=11.90
    h4: std=0.0325, dir_acc=53.2%, pos=100%, unique=184, sharpe=14.90
    h5: std=0.0313, dir_acc=53.7%, pos=100%, unique=182, sharpe=20.85
    ... (5 more horizons)
  Aggregate: std_avg=0.0300, dir_acc_avg=53.2%, composite_avg=0.4071
  H1 detail: range=0.1307, mean=0.0881, dist_match=0.5263
  Collapse penalty: 0.000000 (threshold: 0.005000)
  Saved validation predictions to: experiments/06b_rolling/daily_3q_h10_drop025/fold_2019/collapse_monitoring/val_predictions_epoch9.npz
  Gradient norms:
    lstm_encoder: 0.000830
    lstm_decoder: 0.002589
    output_layer: 0.061150
  VSN output std:
    encoder: 0.250219
  Attention entropy: 2.949505
  Saved to: experiments/06b_rolling/daily_3q_h10_drop025/fold_2019/collapse_monitoring/collapse_monitor_latest.json
[DEBUG CollapseMonitor] on_validation_epoch_start called for epoch 10
[DEBUG CollapseMonitor] reset_temporal_state() called on loss function
Epoch 10: val_loss=0.44969844818115234
Epoch 10: train_loss=0.5655577778816223

[CollapseMonitor] Epoch 10
  [DEBUG] Processed 3 batches, 10 horizon(s)
  Multi-horizon metrics (10 horizons):
    h1: std=0.0484, dir_acc=52.6%, pos=100%, unique=187, sharpe=29.19
    h2: std=0.0489, dir_acc=48.4%, pos=44%, unique=188, sharpe=10.08
    h3: std=0.0497, dir_acc=48.4%, pos=41%, unique=187, sharpe=5.71
    h4: std=0.0500, dir_acc=50.0%, pos=41%, unique=186, sharpe=6.90
    h5: std=0.0499, dir_acc=49.5%, pos=44%, unique=187, sharpe=10.05
    ... (5 more horizons)
  Aggregate: std_avg=0.0481, dir_acc_avg=51.6%, composite_avg=0.4309
  H1 detail: range=0.1635, mean=0.0889, dist_match=0.5263
  Collapse penalty: 0.000000 (threshold: 0.005000)
  Saved validation predictions to: experiments/06b_rolling/daily_3q_h10_drop025/fold_2019/collapse_monitoring/val_predictions_epoch10.npz
  Gradient norms:
    lstm_encoder: 0.000846
    lstm_decoder: 0.002847
    output_layer: 0.065008
  VSN output std:
    encoder: 0.227770
  Attention entropy: 2.920477
  Saved to: experiments/06b_rolling/daily_3q_h10_drop025/fold_2019/collapse_monitoring/collapse_monitor_latest.json
[DEBUG CollapseMonitor] on_validation_epoch_start called for epoch 11
[DEBUG CollapseMonitor] reset_temporal_state() called on loss function
Epoch 11: val_loss=0.447144478559494
Epoch 11: train_loss=0.5634509325027466

[CollapseMonitor] Epoch 11
  [DEBUG] Processed 3 batches, 10 horizon(s)
  Multi-horizon metrics (10 horizons):
    h1: std=0.0469, dir_acc=52.6%, pos=100%, unique=190, sharpe=33.26
    h2: std=0.0497, dir_acc=52.6%, pos=100%, unique=189, sharpe=13.12
    h3: std=0.0529, dir_acc=48.4%, pos=41%, unique=184, sharpe=7.79
    h4: std=0.0548, dir_acc=50.0%, pos=41%, unique=189, sharpe=8.33
    h5: std=0.0559, dir_acc=49.5%, pos=44%, unique=190, sharpe=10.82
    ... (5 more horizons)
  Aggregate: std_avg=0.0536, dir_acc_avg=52.0%, composite_avg=0.4247
  H1 detail: range=0.1533, mean=0.0982, dist_match=0.5263
  Collapse penalty: 0.000000 (threshold: 0.005000)
  Saved validation predictions to: experiments/06b_rolling/daily_3q_h10_drop025/fold_2019/collapse_monitoring/val_predictions_epoch11.npz
  Gradient norms:
    lstm_encoder: 0.000932
    lstm_decoder: 0.002428
    output_layer: 0.055428
  VSN output std:
    encoder: 0.206241
  Attention entropy: 2.919107
  Saved to: experiments/06b_rolling/daily_3q_h10_drop025/fold_2019/collapse_monitoring/collapse_monitor_latest.json
[DEBUG CollapseMonitor] on_validation_epoch_start called for epoch 12
[DEBUG CollapseMonitor] reset_temporal_state() called on loss function
Epoch 12: val_loss=0.4464765191078186
Epoch 12: train_loss=0.5587577223777771

[CollapseMonitor] Epoch 12
  [DEBUG] Processed 3 batches, 10 horizon(s)
  Multi-horizon metrics (10 horizons):
    h1: std=0.0458, dir_acc=52.6%, pos=100%, unique=190, sharpe=34.74
    h2: std=0.0484, dir_acc=52.6%, pos=100%, unique=190, sharpe=14.42
    h3: std=0.0518, dir_acc=47.9%, pos=39%, unique=189, sharpe=8.49
    h4: std=0.0541, dir_acc=49.5%, pos=39%, unique=190, sharpe=8.44
    h5: std=0.0556, dir_acc=50.0%, pos=66%, unique=190, sharpe=10.37
    ... (5 more horizons)
  Aggregate: std_avg=0.0537, dir_acc_avg=51.9%, composite_avg=0.4228
  H1 detail: range=0.1569, mean=0.1001, dist_match=0.5263
  Collapse penalty: 0.000000 (threshold: 0.005000)
  Saved validation predictions to: experiments/06b_rolling/daily_3q_h10_drop025/fold_2019/collapse_monitoring/val_predictions_epoch12.npz
  Gradient norms:
    lstm_encoder: 0.000993
    lstm_decoder: 0.002635
    output_layer: 0.060534
  VSN output std:
    encoder: 0.205453
  Attention entropy: 2.918557
  Saved to: experiments/06b_rolling/daily_3q_h10_drop025/fold_2019/collapse_monitoring/collapse_monitor_latest.json
[DEBUG CollapseMonitor] on_validation_epoch_start called for epoch 13
[DEBUG CollapseMonitor] reset_temporal_state() called on loss function
Epoch 13: val_loss=0.44679147005081177
Epoch 13: train_loss=0.5579342246055603

[CollapseMonitor] Epoch 13
  [DEBUG] Processed 3 batches, 10 horizon(s)
  Multi-horizon metrics (10 horizons):
    h1: std=0.0516, dir_acc=52.6%, pos=100%, unique=190, sharpe=35.57
    h2: std=0.0546, dir_acc=52.6%, pos=100%, unique=189, sharpe=18.53
    h3: std=0.0586, dir_acc=52.6%, pos=92%, unique=189, sharpe=13.01
    h4: std=0.0615, dir_acc=53.7%, pos=90%, unique=190, sharpe=12.57
    h5: std=0.0635, dir_acc=53.7%, pos=100%, unique=188, sharpe=13.87
    ... (5 more horizons)
  Aggregate: std_avg=0.0620, dir_acc_avg=53.2%, composite_avg=0.4124
  H1 detail: range=0.1591, mean=0.1156, dist_match=0.5263
  Collapse penalty: 0.000000 (threshold: 0.005000)
  Saved validation predictions to: experiments/06b_rolling/daily_3q_h10_drop025/fold_2019/collapse_monitoring/val_predictions_epoch13.npz
  Gradient norms:
    lstm_encoder: 0.000976
    lstm_decoder: 0.002523
    output_layer: 0.051731
  VSN output std:
    encoder: 0.210493
  Attention entropy: 2.913772
  Saved to: experiments/06b_rolling/daily_3q_h10_drop025/fold_2019/collapse_monitoring/collapse_monitor_latest.json
[DEBUG CollapseMonitor] on_validation_epoch_start called for epoch 14
[DEBUG CollapseMonitor] reset_temporal_state() called on loss function
Epoch 14: val_loss=0.4473170340061188
Epoch 14: train_loss=0.5547314882278442

[CollapseMonitor] Epoch 14
  [DEBUG] Processed 3 batches, 10 horizon(s)
  Multi-horizon metrics (10 horizons):
    h1: std=0.0520, dir_acc=52.6%, pos=100%, unique=190, sharpe=31.09
    h2: std=0.0533, dir_acc=52.6%, pos=100%, unique=190, sharpe=15.69
    h3: std=0.0567, dir_acc=47.4%, pos=64%, unique=188, sharpe=10.17
    h4: std=0.0591, dir_acc=47.9%, pos=43%, unique=190, sharpe=9.58
    h5: std=0.0609, dir_acc=52.6%, pos=81%, unique=188, sharpe=10.75
    ... (5 more horizons)
  Aggregate: std_avg=0.0596, dir_acc_avg=52.0%, composite_avg=0.4211
  H1 detail: range=0.1644, mean=0.1018, dist_match=0.5263
  Collapse penalty: 0.000000 (threshold: 0.005000)
  Saved validation predictions to: experiments/06b_rolling/daily_3q_h10_drop025/fold_2019/collapse_monitoring/val_predictions_epoch14.npz
  Gradient norms:
    lstm_encoder: 0.001148
    lstm_decoder: 0.002531
    output_layer: 0.052402
  VSN output std:
    encoder: 0.229295
  Attention entropy: 2.918171
  Saved to: experiments/06b_rolling/daily_3q_h10_drop025/fold_2019/collapse_monitoring/collapse_monitor_latest.json
[DEBUG CollapseMonitor] on_validation_epoch_start called for epoch 15
[DEBUG CollapseMonitor] reset_temporal_state() called on loss function
Epoch 15: val_loss=0.4484921097755432
Epoch 15: train_loss=0.5527071952819824

[CollapseMonitor] Epoch 15
  [DEBUG] Processed 3 batches, 10 horizon(s)
  Multi-horizon metrics (10 horizons):
    h1: std=0.0504, dir_acc=52.6%, pos=100%, unique=190, sharpe=35.02
    h2: std=0.0510, dir_acc=52.6%, pos=100%, unique=188, sharpe=20.50
    h3: std=0.0541, dir_acc=52.6%, pos=100%, unique=189, sharpe=14.75
    h4: std=0.0564, dir_acc=53.2%, pos=100%, unique=188, sharpe=13.88
    h5: std=0.0580, dir_acc=53.7%, pos=100%, unique=190, sharpe=14.81
    ... (5 more horizons)
  Aggregate: std_avg=0.0569, dir_acc_avg=53.2%, composite_avg=0.4071
  H1 detail: range=0.1542, mean=0.1112, dist_match=0.5263
  Collapse penalty: 0.000000 (threshold: 0.005000)
  Saved validation predictions to: experiments/06b_rolling/daily_3q_h10_drop025/fold_2019/collapse_monitoring/val_predictions_epoch15.npz
  Gradient norms:
    lstm_encoder: 0.001125
    lstm_decoder: 0.002512
    output_layer: 0.054244
  VSN output std:
    encoder: 0.241817
  Attention entropy: 2.921129
  Saved to: experiments/06b_rolling/daily_3q_h10_drop025/fold_2019/collapse_monitoring/collapse_monitor_latest.json
[DEBUG CollapseMonitor] on_validation_epoch_start called for epoch 16
[DEBUG CollapseMonitor] reset_temporal_state() called on loss function
Epoch 16: val_loss=0.4496716856956482
Epoch 16: train_loss=0.5517968535423279

[CollapseMonitor] Epoch 16
  [DEBUG] Processed 3 batches, 10 horizon(s)
  Multi-horizon metrics (10 horizons):
    h1: std=0.0478, dir_acc=52.6%, pos=100%, unique=190, sharpe=34.38
    h2: std=0.0479, dir_acc=52.6%, pos=100%, unique=189, sharpe=19.74
    h3: std=0.0505, dir_acc=52.6%, pos=100%, unique=188, sharpe=13.94
    h4: std=0.0523, dir_acc=53.2%, pos=100%, unique=189, sharpe=13.09
    h5: std=0.0536, dir_acc=53.7%, pos=100%, unique=188, sharpe=14.08
    ... (5 more horizons)
  Aggregate: std_avg=0.0528, dir_acc_avg=53.2%, composite_avg=0.4071
  H1 detail: range=0.1489, mean=0.1036, dist_match=0.5263
  Collapse penalty: 0.000000 (threshold: 0.005000)
  Saved validation predictions to: experiments/06b_rolling/daily_3q_h10_drop025/fold_2019/collapse_monitoring/val_predictions_epoch16.npz
  Gradient norms:
    lstm_encoder: 0.001101
    lstm_decoder: 0.002653
    output_layer: 0.060912
  VSN output std:
    encoder: 0.233750
  Attention entropy: 2.928638
  Saved to: experiments/06b_rolling/daily_3q_h10_drop025/fold_2019/collapse_monitoring/collapse_monitor_latest.json
[DEBUG CollapseMonitor] on_validation_epoch_start called for epoch 17
[DEBUG CollapseMonitor] reset_temporal_state() called on loss function
Epoch 17: val_loss=0.4499649107456207
Epoch 17: train_loss=0.5480923652648926

[CollapseMonitor] Epoch 17
  [DEBUG] Processed 3 batches, 10 horizon(s)
  Multi-horizon metrics (10 horizons):
    h1: std=0.0467, dir_acc=52.6%, pos=100%, unique=188, sharpe=36.32
    h2: std=0.0459, dir_acc=52.6%, pos=100%, unique=190, sharpe=22.31
    h3: std=0.0478, dir_acc=52.6%, pos=100%, unique=190, sharpe=16.41
    h4: std=0.0492, dir_acc=53.2%, pos=100%, unique=189, sharpe=15.46
    h5: std=0.0502, dir_acc=53.7%, pos=100%, unique=190, sharpe=16.41
    ... (5 more horizons)
  Aggregate: std_avg=0.0497, dir_acc_avg=53.2%, composite_avg=0.4071
  H1 detail: range=0.1491, mean=0.1069, dist_match=0.5263
  Collapse penalty: 0.000000 (threshold: 0.005000)
  Saved validation predictions to: experiments/06b_rolling/daily_3q_h10_drop025/fold_2019/collapse_monitoring/val_predictions_epoch17.npz
  Gradient norms:
    lstm_encoder: 0.001147
    lstm_decoder: 0.002385
    output_layer: 0.050973
  VSN output std:
    encoder: 0.238272
  Attention entropy: 2.933495
  Saved to: experiments/06b_rolling/daily_3q_h10_drop025/fold_2019/collapse_monitoring/collapse_monitor_latest.json
[DEBUG CollapseMonitor] on_validation_epoch_start called for epoch 18
[DEBUG CollapseMonitor] reset_temporal_state() called on loss function
Epoch 18: val_loss=0.4506935775279999
Epoch 18: train_loss=0.5486875772476196

[CollapseMonitor] Epoch 18
  [DEBUG] Processed 3 batches, 10 horizon(s)
  Multi-horizon metrics (10 horizons):
    h1: std=0.0430, dir_acc=52.6%, pos=100%, unique=189, sharpe=38.02
    h2: std=0.0428, dir_acc=52.6%, pos=100%, unique=189, sharpe=23.11
    h3: std=0.0454, dir_acc=52.6%, pos=100%, unique=185, sharpe=16.83
    h4: std=0.0474, dir_acc=53.2%, pos=100%, unique=186, sharpe=15.72
    h5: std=0.0490, dir_acc=53.7%, pos=100%, unique=189, sharpe=16.57
    ... (5 more horizons)
  Aggregate: std_avg=0.0486, dir_acc_avg=53.2%, composite_avg=0.4071
  H1 detail: range=0.1328, mean=0.1030, dist_match=0.5263
  Collapse penalty: 0.000000 (threshold: 0.005000)
  Saved validation predictions to: experiments/06b_rolling/daily_3q_h10_drop025/fold_2019/collapse_monitoring/val_predictions_epoch18.npz
  Gradient norms:
    lstm_encoder: 0.001274
    lstm_decoder: 0.002598
    output_layer: 0.055418
  VSN output std:
    encoder: 0.244823
  Attention entropy: 2.932069
  Saved to: experiments/06b_rolling/daily_3q_h10_drop025/fold_2019/collapse_monitoring/collapse_monitor_latest.json
[DEBUG CollapseMonitor] on_validation_epoch_start called for epoch 19
[DEBUG CollapseMonitor] reset_temporal_state() called on loss function
Epoch 19: val_loss=0.4519365131855011
Epoch 19: train_loss=0.5484554171562195

[CollapseMonitor] Epoch 19
  [DEBUG] Processed 3 batches, 10 horizon(s)
  Multi-horizon metrics (10 horizons):
    h1: std=0.0414, dir_acc=52.6%, pos=100%, unique=190, sharpe=39.39
    h2: std=0.0419, dir_acc=52.6%, pos=100%, unique=188, sharpe=24.21
    h3: std=0.0452, dir_acc=52.6%, pos=100%, unique=189, sharpe=17.88
    h4: std=0.0480, dir_acc=53.2%, pos=100%, unique=187, sharpe=16.71
    h5: std=0.0502, dir_acc=53.7%, pos=100%, unique=188, sharpe=17.44
    ... (5 more horizons)
  Aggregate: std_avg=0.0501, dir_acc_avg=53.2%, composite_avg=0.4071
  H1 detail: range=0.1204, mean=0.1026, dist_match=0.5263
  Collapse penalty: 0.000000 (threshold: 0.005000)
  Saved validation predictions to: experiments/06b_rolling/daily_3q_h10_drop025/fold_2019/collapse_monitoring/val_predictions_epoch19.npz
  Gradient norms:
    lstm_encoder: 0.001200
    lstm_decoder: 0.002593
    output_layer: 0.052410
  VSN output std:
    encoder: 0.248012
  Attention entropy: 2.931977
  Saved to: experiments/06b_rolling/daily_3q_h10_drop025/fold_2019/collapse_monitoring/collapse_monitor_latest.json
[DEBUG CollapseMonitor] on_validation_epoch_start called for epoch 20
[DEBUG CollapseMonitor] reset_temporal_state() called on loss function
Epoch 20: val_loss=0.45222753286361694
Epoch 20: train_loss=0.5464271903038025

[CollapseMonitor] Epoch 20
  [DEBUG] Processed 3 batches, 10 horizon(s)
  Multi-horizon metrics (10 horizons):
    h1: std=0.0393, dir_acc=52.6%, pos=100%, unique=190, sharpe=40.99
    h2: std=0.0397, dir_acc=52.6%, pos=100%, unique=189, sharpe=25.54
    h3: std=0.0429, dir_acc=52.6%, pos=100%, unique=189, sharpe=18.97
    h4: std=0.0456, dir_acc=53.2%, pos=100%, unique=187, sharpe=17.68
    h5: std=0.0479, dir_acc=53.7%, pos=100%, unique=188, sharpe=18.35
    ... (5 more horizons)
  Aggregate: std_avg=0.0478, dir_acc_avg=53.2%, composite_avg=0.4071
  H1 detail: range=0.1164, mean=0.1015, dist_match=0.5263
  Collapse penalty: 0.000000 (threshold: 0.005000)
  Saved validation predictions to: experiments/06b_rolling/daily_3q_h10_drop025/fold_2019/collapse_monitoring/val_predictions_epoch20.npz
  Gradient norms:
    lstm_encoder: 0.001265
    lstm_decoder: 0.002729
    output_layer: 0.054680
  VSN output std:
    encoder: 0.249075
  Attention entropy: 2.933552
  Saved to: experiments/06b_rolling/daily_3q_h10_drop025/fold_2019/collapse_monitoring/collapse_monitor_latest.json
[DEBUG CollapseMonitor] on_validation_epoch_start called for epoch 21
[DEBUG CollapseMonitor] reset_temporal_state() called on loss function
Epoch 21: val_loss=0.4520155191421509
Epoch 21: train_loss=0.5466386079788208

[CollapseMonitor] Epoch 21
  [DEBUG] Processed 3 batches, 10 horizon(s)
  Multi-horizon metrics (10 horizons):
    h1: std=0.0372, dir_acc=52.6%, pos=100%, unique=187, sharpe=41.42
    h2: std=0.0370, dir_acc=52.6%, pos=100%, unique=190, sharpe=25.74
    h3: std=0.0398, dir_acc=52.6%, pos=100%, unique=188, sharpe=18.84
    h4: std=0.0422, dir_acc=53.2%, pos=100%, unique=188, sharpe=17.44
    h5: std=0.0442, dir_acc=53.7%, pos=100%, unique=188, sharpe=18.12
    ... (5 more horizons)
  Aggregate: std_avg=0.0441, dir_acc_avg=53.2%, composite_avg=0.4071
  H1 detail: range=0.1142, mean=0.0970, dist_match=0.5263
  Collapse penalty: 0.000000 (threshold: 0.005000)
  Saved validation predictions to: experiments/06b_rolling/daily_3q_h10_drop025/fold_2019/collapse_monitoring/val_predictions_epoch21.npz
  Gradient norms:
    lstm_encoder: 0.001253
    lstm_decoder: 0.002803
    output_layer: 0.056530
  VSN output std:
    encoder: 0.250606
  Attention entropy: 2.936293
  Saved to: experiments/06b_rolling/daily_3q_h10_drop025/fold_2019/collapse_monitoring/collapse_monitor_latest.json
[DEBUG CollapseMonitor] on_validation_epoch_start called for epoch 22
[DEBUG CollapseMonitor] reset_temporal_state() called on loss function
Epoch 22: val_loss=0.4528105556964874
Epoch 22: train_loss=0.5455684065818787

[CollapseMonitor] Epoch 22
  [DEBUG] Processed 3 batches, 10 horizon(s)
  Multi-horizon metrics (10 horizons):
    h1: std=0.0354, dir_acc=52.6%, pos=100%, unique=188, sharpe=44.54
    h2: std=0.0354, dir_acc=52.6%, pos=100%, unique=189, sharpe=28.49
    h3: std=0.0384, dir_acc=52.6%, pos=100%, unique=190, sharpe=21.11
    h4: std=0.0410, dir_acc=53.2%, pos=100%, unique=189, sharpe=19.41
    h5: std=0.0433, dir_acc=53.7%, pos=100%, unique=190, sharpe=19.87
    ... (5 more horizons)
  Aggregate: std_avg=0.0433, dir_acc_avg=53.2%, composite_avg=0.4071
  H1 detail: range=0.1077, mean=0.0994, dist_match=0.5263
  Collapse penalty: 0.000000 (threshold: 0.005000)
  Saved validation predictions to: experiments/06b_rolling/daily_3q_h10_drop025/fold_2019/collapse_monitoring/val_predictions_epoch22.npz
  Gradient norms:
    lstm_encoder: 0.001326
    lstm_decoder: 0.002756
    output_layer: 0.058545
  VSN output std:
    encoder: 0.250876
  Attention entropy: 2.937142
  Saved to: experiments/06b_rolling/daily_3q_h10_drop025/fold_2019/collapse_monitoring/collapse_monitor_latest.json
[DEBUG CollapseMonitor] on_validation_epoch_start called for epoch 23
[DEBUG CollapseMonitor] reset_temporal_state() called on loss function
Epoch 23: val_loss=0.4528235197067261
Epoch 23: train_loss=0.544774055480957

[CollapseMonitor] Epoch 23
  [DEBUG] Processed 3 batches, 10 horizon(s)
  Multi-horizon metrics (10 horizons):
    h1: std=0.0344, dir_acc=52.6%, pos=100%, unique=189, sharpe=46.40
    h2: std=0.0344, dir_acc=52.6%, pos=100%, unique=187, sharpe=30.26
    h3: std=0.0373, dir_acc=52.6%, pos=100%, unique=188, sharpe=22.66
    h4: std=0.0399, dir_acc=53.2%, pos=100%, unique=188, sharpe=20.77
    h5: std=0.0420, dir_acc=53.7%, pos=100%, unique=188, sharpe=21.08
    ... (5 more horizons)
  Aggregate: std_avg=0.0421, dir_acc_avg=53.2%, composite_avg=0.4071
  H1 detail: range=0.1037, mean=0.1007, dist_match=0.5263
  Collapse penalty: 0.000000 (threshold: 0.005000)
  Saved validation predictions to: experiments/06b_rolling/daily_3q_h10_drop025/fold_2019/collapse_monitoring/val_predictions_epoch23.npz
  Gradient norms:
    lstm_encoder: 0.001423
    lstm_decoder: 0.002867
    output_layer: 0.060190
  VSN output std:
    encoder: 0.250137
  Attention entropy: 2.937241
  Saved to: experiments/06b_rolling/daily_3q_h10_drop025/fold_2019/collapse_monitoring/collapse_monitor_latest.json
[DEBUG CollapseMonitor] on_validation_epoch_start called for epoch 24
[DEBUG CollapseMonitor] reset_temporal_state() called on loss function
Epoch 24: val_loss=0.45301297307014465
Epoch 24: train_loss=0.5458748936653137

[CollapseMonitor] Epoch 24
  [DEBUG] Processed 3 batches, 10 horizon(s)
  Multi-horizon metrics (10 horizons):
    h1: std=0.0340, dir_acc=52.6%, pos=100%, unique=190, sharpe=47.29
    h2: std=0.0336, dir_acc=52.6%, pos=100%, unique=187, sharpe=31.64
    h3: std=0.0363, dir_acc=52.6%, pos=100%, unique=188, sharpe=23.99
    h4: std=0.0387, dir_acc=53.2%, pos=100%, unique=189, sharpe=22.02
    h5: std=0.0407, dir_acc=53.7%, pos=100%, unique=189, sharpe=22.27
    ... (5 more horizons)
  Aggregate: std_avg=0.0409, dir_acc_avg=53.2%, composite_avg=0.4071
  H1 detail: range=0.1029, mean=0.1013, dist_match=0.5263
  Collapse penalty: 0.000000 (threshold: 0.005000)
  Saved validation predictions to: experiments/06b_rolling/daily_3q_h10_drop025/fold_2019/collapse_monitoring/val_predictions_epoch24.npz
  Gradient norms:
    lstm_encoder: 0.001319
    lstm_decoder: 0.002627
    output_layer: 0.052601
  VSN output std:
    encoder: 0.249243
  Attention entropy: 2.935002
  Saved to: experiments/06b_rolling/daily_3q_h10_drop025/fold_2019/collapse_monitoring/collapse_monitor_latest.json
[DEBUG CollapseMonitor] on_validation_epoch_start called for epoch 25
[DEBUG CollapseMonitor] reset_temporal_state() called on loss function
Epoch 25: val_loss=0.45430561900138855
Epoch 25: train_loss=0.5439784526824951

[CollapseMonitor] Epoch 25
  [DEBUG] Processed 3 batches, 10 horizon(s)
  Multi-horizon metrics (10 horizons):
    h1: std=0.0353, dir_acc=52.6%, pos=100%, unique=188, sharpe=48.16
    h2: std=0.0352, dir_acc=52.6%, pos=100%, unique=189, sharpe=33.47
    h3: std=0.0384, dir_acc=52.6%, pos=100%, unique=188, sharpe=26.07
    h4: std=0.0412, dir_acc=53.2%, pos=100%, unique=187, sharpe=23.99
    h5: std=0.0435, dir_acc=53.7%, pos=100%, unique=187, sharpe=24.00
    ... (5 more horizons)
  Aggregate: std_avg=0.0438, dir_acc_avg=53.2%, composite_avg=0.4071
  H1 detail: range=0.0984, mean=0.1070, dist_match=0.5263
  Collapse penalty: 0.000000 (threshold: 0.005000)
  Saved validation predictions to: experiments/06b_rolling/daily_3q_h10_drop025/fold_2019/collapse_monitoring/val_predictions_epoch25.npz
  Gradient norms:
    lstm_encoder: 0.001573
    lstm_decoder: 0.002960
    output_layer: 0.059658
  VSN output std:
    encoder: 0.249880
  Attention entropy: 2.934112
  Saved to: experiments/06b_rolling/daily_3q_h10_drop025/fold_2019/collapse_monitoring/collapse_monitor_latest.json
[DEBUG CollapseMonitor] on_validation_epoch_start called for epoch 26
[DEBUG CollapseMonitor] reset_temporal_state() called on loss function
Epoch 26: val_loss=0.4537196159362793
Epoch 26: train_loss=0.5442162156105042

[CollapseMonitor] Epoch 26
  [DEBUG] Processed 3 batches, 10 horizon(s)
  Multi-horizon metrics (10 horizons):
    h1: std=0.0314, dir_acc=52.6%, pos=100%, unique=189, sharpe=46.07
    h2: std=0.0311, dir_acc=52.6%, pos=100%, unique=187, sharpe=30.01
    h3: std=0.0342, dir_acc=52.6%, pos=100%, unique=187, sharpe=22.08
    h4: std=0.0369, dir_acc=53.2%, pos=100%, unique=189, sharpe=20.02
    h5: std=0.0393, dir_acc=53.7%, pos=100%, unique=185, sharpe=20.21
    ... (5 more horizons)
  Aggregate: std_avg=0.0396, dir_acc_avg=53.2%, composite_avg=0.4071
  H1 detail: range=0.0920, mean=0.0912, dist_match=0.5263
  Collapse penalty: 0.000000 (threshold: 0.005000)
  Saved validation predictions to: experiments/06b_rolling/daily_3q_h10_drop025/fold_2019/collapse_monitoring/val_predictions_epoch26.npz
  Gradient norms:
    lstm_encoder: 0.001399
    lstm_decoder: 0.002790
    output_layer: 0.051139
  VSN output std:
    encoder: 0.247702
  Attention entropy: 2.935044
  Saved to: experiments/06b_rolling/daily_3q_h10_drop025/fold_2019/collapse_monitoring/collapse_monitor_latest.json
[DEBUG CollapseMonitor] on_validation_epoch_start called for epoch 27
[DEBUG CollapseMonitor] reset_temporal_state() called on loss function
Epoch 27: val_loss=0.4541661739349365
Epoch 27: train_loss=0.543979823589325

[CollapseMonitor] Epoch 27
  [DEBUG] Processed 3 batches, 10 horizon(s)
  Multi-horizon metrics (10 horizons):
    h1: std=0.0311, dir_acc=52.6%, pos=100%, unique=188, sharpe=50.70
    h2: std=0.0307, dir_acc=52.6%, pos=100%, unique=190, sharpe=34.84
    h3: std=0.0338, dir_acc=52.6%, pos=100%, unique=188, sharpe=26.53
    h4: std=0.0365, dir_acc=53.2%, pos=100%, unique=189, sharpe=24.16
    h5: std=0.0388, dir_acc=53.7%, pos=100%, unique=187, sharpe=24.10
    ... (5 more horizons)
  Aggregate: std_avg=0.0391, dir_acc_avg=53.2%, composite_avg=0.4071
  H1 detail: range=0.0910, mean=0.0992, dist_match=0.5263
  Collapse penalty: 0.000000 (threshold: 0.005000)
  Saved validation predictions to: experiments/06b_rolling/daily_3q_h10_drop025/fold_2019/collapse_monitoring/val_predictions_epoch27.npz
  Gradient norms:
    lstm_encoder: 0.001478
    lstm_decoder: 0.002670
    output_layer: 0.053446
  VSN output std:
    encoder: 0.247663
  Attention entropy: 2.934739
  Saved to: experiments/06b_rolling/daily_3q_h10_drop025/fold_2019/collapse_monitoring/collapse_monitor_latest.json


======================================================================
Training complete
======================================================================

Best val_loss checkpoint: experiments/06b_rolling/daily_3q_h10_drop025/fold_2019/checkpoints/tft-epoch=epoch=12-valloss=val_loss=0.4465.ckpt
Best validation loss: 0.446477
Checkpoints saved:
  - Best val_loss: experiments/06b_rolling/daily_3q_h10_drop025/fold_2019/checkpoints/tft-epoch=epoch=12-valloss=val_loss=0.4465.ckpt
  - Best pred_std: experiments/06b_rolling/daily_3q_h10_drop025/fold_2019/checkpoints/tft-epoch=epoch=14-predstd=val_pred_std=0.0520.ckpt
  - Best unique: experiments/06b_rolling/daily_3q_h10_drop025/fold_2019/checkpoints/tft-epoch=epoch=08-unique=val_num_unique=190.ckpt
  - Best dir_acc: experiments/06b_rolling/daily_3q_h10_drop025/fold_2019/checkpoints/tft-epoch=epoch=04-diracc=val_dir_acc=0.5263.ckpt
  - Best sharpe: experiments/06b_rolling/daily_3q_h10_drop025/fold_2019/checkpoints/tft-epoch=epoch=05-sharpe=val_sharpe=622.1415.ckpt
  - Best composite: experiments/06b_rolling/daily_3q_h10_drop025/fold_2019/checkpoints/tft-epoch=epoch=04-composite=val_composite=0.4017.ckpt
Completed at: 2025-12-14 17:32:57
Log saved to: experiments/06b_rolling/daily_3q_h10_drop025/fold_2019/training_20251214_172955.log
======================================================================
