Logging to: experiments/02b_vintage_sweep/baseline_h20_drop0.20/vsn_analysis/vsn_analysis_20251129_151415.log
Analysis started at: 2025-11-29 15:14:15
======================================================================
Experiment: 02b_vintage_sweep/baseline_h20_drop0.20
Output directory: experiments/02b_vintage_sweep/baseline_h20_drop0.20/vsn_analysis
Loading config from: experiments/02b_vintage_sweep/baseline_h20_drop0.20/config.json
Using best checkpoint: experiments/02b_vintage_sweep/baseline_h20_drop0.20/checkpoints/tft-epoch=64-val_loss=0.3988.ckpt

Loading data...
Loading test data from: data/splits/vintage/core_proposal_daily_vintage_test.csv
  Train samples: 6074
  Test samples: 1302

Preparing test dataset...
Test dataset size: 1282

Loading model...
Loading model from: experiments/02b_vintage_sweep/baseline_h20_drop0.20/checkpoints/tft-epoch=64-val_loss=0.3988.ckpt
Model loaded on device: cuda

Extracting VSN weights...
  Encoder variables (5): ['relative_time_idx', 'VIX', 'Treasury_10Y', 'Yield_Spread', 'Inflation_YoY']
  Decoder variables (1): ['relative_time_idx']
  Static variables (1): ['encoder_length']

  DEBUG: Output type: <class 'pytorch_forecasting.utils.TupleOutputMixIn.to_network_output.<locals>.Output'>
  DEBUG: Output fields (NamedTuple): ('prediction', 'encoder_attention', 'decoder_attention', 'static_variables', 'encoder_variables', 'decoder_variables', 'decoder_lengths', 'encoder_lengths')
  DEBUG: output.encoder_variables shape: torch.Size([64, 20, 1, 5])
  DEBUG: output.static_variables shape: torch.Size([64, 1, 1])
  DEBUG: output.decoder_variables shape: torch.Size([64, 1, 1, 1])
  Processed batch 20/21

Extraction complete:
  Samples: 1282
  Encoder VSN shape: (1282, 5)
  Decoder VSN shape: (1282, 1)

Analysis period: 2020-08-17 to 2025-10-06

Creating temporal periods:
  2020: 94 samples
  2021: 250 samples
  2022: 249 samples
  2023: 249 samples
  2024: 250 samples
  2025: 190 samples

Analyzing VSN weights by period...

Comparing VSN patterns across periods...

Creating visualizations...
Saved VSN heatmap: experiments/02b_vintage_sweep/baseline_h20_drop0.20/vsn_analysis/vsn_heatmap.png
Saved VSN comparison: experiments/02b_vintage_sweep/baseline_h20_drop0.20/vsn_analysis/vsn_comparison.png
Saved concentration plot: experiments/02b_vintage_sweep/baseline_h20_drop0.20/vsn_analysis/vsn_concentration.png

Saving results...
Saved results: experiments/02b_vintage_sweep/baseline_h20_drop0.20/vsn_analysis/vsn_analysis_results.json

======================================================================
VSN ANALYSIS SUMMARY
======================================================================

Per-Period Feature Importance:
----------------------------------------------------------------------

2020 (94 samples):
  Concentration: 0.3351
  Top 5 features:
    Inflation_YoY                  0.5080
    VIX                            0.2005
    Treasury_10Y                   0.1589
    relative_time_idx              0.1036
    Yield_Spread                   0.0291

2021 (250 samples):
  Concentration: 0.2735
  Top 5 features:
    Inflation_YoY                  0.3710
    VIX                            0.2776
    Treasury_10Y                   0.2141
    relative_time_idx              0.1110
    Yield_Spread                   0.0263

2022 (249 samples):
  Concentration: 0.2894
  Top 5 features:
    Inflation_YoY                  0.3607
    relative_time_idx              0.3381
    VIX                            0.1960
    Treasury_10Y                   0.0763
    Yield_Spread                   0.0290

2023 (249 samples):
  Concentration: 0.3113
  Top 5 features:
    Inflation_YoY                  0.4076
    VIX                            0.3497
    Treasury_10Y                   0.1072
    relative_time_idx              0.1011
    Yield_Spread                   0.0344

2024 (250 samples):
  Concentration: 0.3292
  Top 5 features:
    VIX                            0.4285
    Inflation_YoY                  0.3540
    Treasury_10Y                   0.1271
    Yield_Spread                   0.0453
    relative_time_idx              0.0451

2025 (190 samples):
  Concentration: 0.3237
  Top 5 features:
    VIX                            0.3955
    Inflation_YoY                  0.3867
    Treasury_10Y                   0.1079
    relative_time_idx              0.0566
    Yield_Spread                   0.0532

----------------------------------------------------------------------
Period Comparisons:
----------------------------------------------------------------------

2020_vs_2021:
  Cosine similarity: 0.9592
  L2 distance: 0.1668
  Biggest increases: VIX(+0.077), Treasury_10Y(+0.055), relative_time_idx(+0.007)
  Biggest decreases: Inflation_YoY(-0.137), Yield_Spread(-0.003), relative_time_idx(+0.007)

2020_vs_2022:
  Cosine similarity: 0.8686
  L2 distance: 0.2890
  Biggest increases: relative_time_idx(+0.234), Yield_Spread(-0.000), VIX(-0.005)
  Biggest decreases: Inflation_YoY(-0.147), Treasury_10Y(-0.083), VIX(-0.005)

2020_vs_2023:
  Cosine similarity: 0.9464
  L2 distance: 0.1872
  Biggest increases: VIX(+0.149), Yield_Spread(+0.005), relative_time_idx(-0.002)
  Biggest decreases: Inflation_YoY(-0.100), Treasury_10Y(-0.052), relative_time_idx(-0.002)

2020_vs_2024:
  Cosine similarity: 0.8791
  L2 distance: 0.2835
  Biggest increases: VIX(+0.228), Yield_Spread(+0.016), Treasury_10Y(-0.032)
  Biggest decreases: Inflation_YoY(-0.154), relative_time_idx(-0.058), Treasury_10Y(-0.032)

2020_vs_2025:
  Cosine similarity: 0.9119
  L2 distance: 0.2411
  Biggest increases: VIX(+0.195), Yield_Spread(+0.024), relative_time_idx(-0.047)
  Biggest decreases: Inflation_YoY(-0.121), Treasury_10Y(-0.051), relative_time_idx(-0.047)

2021_vs_2022:
  Cosine similarity: 0.8630
  L2 distance: 0.2781
  Biggest increases: relative_time_idx(+0.227), Yield_Spread(+0.003), Inflation_YoY(-0.010)
  Biggest decreases: Treasury_10Y(-0.138), VIX(-0.082), Inflation_YoY(-0.010)

2021_vs_2023:
  Cosine similarity: 0.9710
  L2 distance: 0.1347
  Biggest increases: VIX(+0.072), Inflation_YoY(+0.037), Yield_Spread(+0.008)
  Biggest decreases: Treasury_10Y(-0.107), relative_time_idx(-0.010), Yield_Spread(+0.008)

2021_vs_2024:
  Cosine similarity: 0.9454
  L2 distance: 0.1880
  Biggest increases: VIX(+0.151), Yield_Spread(+0.019), Inflation_YoY(-0.017)
  Biggest decreases: Treasury_10Y(-0.087), relative_time_idx(-0.066), Inflation_YoY(-0.017)

2021_vs_2025:
  Cosine similarity: 0.9546
  L2 distance: 0.1707
  Biggest increases: VIX(+0.118), Yield_Spread(+0.027), Inflation_YoY(+0.016)
  Biggest decreases: Treasury_10Y(-0.106), relative_time_idx(-0.054), Inflation_YoY(+0.016)

2022_vs_2023:
  Cosine similarity: 0.8625
  L2 distance: 0.2880
  Biggest increases: VIX(+0.154), Inflation_YoY(+0.047), Treasury_10Y(+0.031)
  Biggest decreases: relative_time_idx(-0.237), Yield_Spread(+0.005), Treasury_10Y(+0.031)

2022_vs_2024:
  Cosine similarity: 0.7708
  L2 distance: 0.3778
  Biggest increases: VIX(+0.232), Treasury_10Y(+0.051), Yield_Spread(+0.016)
  Biggest decreases: relative_time_idx(-0.293), Inflation_YoY(-0.007), Yield_Spread(+0.016)

2022_vs_2025:
  Cosine similarity: 0.8035
  L2 distance: 0.3482
  Biggest increases: VIX(+0.200), Treasury_10Y(+0.032), Inflation_YoY(+0.026)
  Biggest decreases: relative_time_idx(-0.281), Yield_Spread(+0.024), Inflation_YoY(+0.026)

2023_vs_2024:
  Cosine similarity: 0.9805
  L2 distance: 0.1128
  Biggest increases: VIX(+0.079), Treasury_10Y(+0.020), Yield_Spread(+0.011)
  Biggest decreases: relative_time_idx(-0.056), Inflation_YoY(-0.054), Yield_Spread(+0.011)

2023_vs_2025:
  Cosine similarity: 0.9925
  L2 distance: 0.0697
  Biggest increases: VIX(+0.046), Yield_Spread(+0.019), Treasury_10Y(+0.001)
  Biggest decreases: relative_time_idx(-0.044), Inflation_YoY(-0.021), Treasury_10Y(+0.001)

2024_vs_2025:
  Cosine similarity: 0.9959
  L2 distance: 0.0522
  Biggest increases: Inflation_YoY(+0.033), relative_time_idx(+0.012), Yield_Spread(+0.008)
  Biggest decreases: VIX(-0.033), Treasury_10Y(-0.019), Yield_Spread(+0.008)

======================================================================

Analysis complete!
Results saved to: experiments/02b_vintage_sweep/baseline_h20_drop0.20/vsn_analysis
  - vsn_analysis_results.json
  - vsn_heatmap.png
  - vsn_comparison.png
  - vsn_concentration.png
