================================================================================
PENALTY SWEEP ANALYSIS
================================================================================

Found 63 experiments:
  - h16d010_baseline
  - h16d010_dirw1.0
  - h16d010_dirw1.0_colw0.1t0.035
  - h16d010_dirw1.0_extremew5.0p90
  - h16d010_dirw2.0
  - h16d010_dirw2.0_colw0.1t0.035
  - h16d010_dirw2.0_extremew5.0p90
  - h16d010_extremew5.0p90
  - h16d015_alpha0.1
  - h16d015_alpha0.5
  - h16d015_alpha1.0
  - h16d015_baseline
  - h16d015_dirw0.1
  - h16d015_dirw0.1_colw0.1t0.035
  - h16d015_dirw0.2
  - h16d015_dirw0.2_colw0.1t0.035
  - h16d015_dirw0.5
  - h16d015_dirw1.0
  - h16d015_dirw1.0_colw0.1t0.035
  - h16d015_dirw1.0_extremew5.0p90
  - h16d015_dirw10.0
  - h16d015_dirw10.0_colw0.1t0.035
  - h16d015_dirw100.0
  - h16d015_dirw2.0
  - h16d015_dirw2.0_colw0.1t0.035
  - h16d015_dirw2.0_colw0.5t0.005
  - h16d015_dirw2.0_colw0.5t0.010
  - h16d015_dirw2.0_colw1.0t0.005
  - h16d015_dirw2.0_colw1.0t0.010
  - h16d015_dirw2.0_extremew10.0p90
  - h16d015_dirw2.0_extremew2.0p90
  - h16d015_dirw2.0_extremew2.0p95
  - h16d015_dirw2.0_extremew3.0p90
  - h16d015_dirw2.0_extremew3.0p95
  - h16d015_dirw2.0_extremew5.0p75
  - h16d015_dirw2.0_extremew5.0p90
  - h16d015_dirw2.0_extremew5.0p95
  - h16d015_dirw3.0
  - h16d015_dirw3.0_colw0.1t0.035
  - h16d015_dirw3.0_colw0.5t0.005
  - h16d015_dirw3.0_colw0.5t0.010
  - h16d015_dirw3.0_colw1.0t0.005
  - h16d015_dirw3.0_colw1.0t0.010
  - h16d015_dirw5.0
  - h16d015_dirw5.0_colw0.1t0.035
  - h16d015_varcw0.1t0.005
  - h16d015_varcw0.1t0.020
  - h16d015_varcw0.1t0.035
  - h16d015_varcw0.1t0.050
  - h16d015_varcw0.1t0.075
  - h16d015_varcw0.1t1.000
  - h16d015_varcw0.5t0.005
  - h16d015_varcw0.5t0.010
  - h16d015_varcw1.0t0.005
  - h16d015_varcw1.0t0.010
  - h16d025_baseline
  - h16d025_dirw1.0
  - h16d025_dirw1.0_colw0.1t0.035
  - h16d025_dirw1.0_extremew5.0p90
  - h16d025_dirw2.0
  - h16d025_dirw2.0_colw0.1t0.035
  - h16d025_dirw2.0_extremew5.0p90
  - h16d025_extremew5.0p90

Successfully loaded 63 experiments

================================================================================
COLLAPSE PREVENTION EFFECTIVENESS
================================================================================

Ranked by healthy prediction percentage:
                     experiment  collapse_weight  collapse_threshold  directional_weight  healthy_pct  degraded_pct  unidirectional_pct  weak_collapse_pct  strong_collapse_pct
h16d015_dirw2.0_extremew10.0p90              0.0               0.005                 2.0    75.741030      9.672387           14.352574           0.234009             0.000000
                h16d010_dirw1.0              0.0               0.005                 1.0    63.572543     13.182527           23.244930           0.000000             0.000000
                h16d010_dirw2.0              0.0               0.005                 2.0    63.182527     14.586583           22.230889           0.000000             0.000000
 h16d025_dirw1.0_extremew5.0p90              0.0               0.005                 1.0    62.948518     13.416537           15.600624           2.574103             5.460218
         h16d015_varcw0.1t0.035              0.1               0.035                 0.0    62.090484     15.054602           22.854914           0.000000             0.000000
  h16d015_dirw1.0_colw0.1t0.035              0.1               0.035                 1.0    62.090484     15.054602           22.854914           0.000000             0.000000
  h16d015_dirw0.2_colw0.1t0.035              0.1               0.035                 0.2    62.090484     15.054602           22.854914           0.000000             0.000000
  h16d015_dirw0.1_colw0.1t0.035              0.1               0.035                 0.1    62.090484     15.054602           22.854914           0.000000             0.000000
                h16d015_dirw0.1              0.0               0.005                 0.1    62.012480     15.132605           22.854914           0.000000             0.000000
                h16d015_dirw1.0              0.0               0.005                 1.0    62.012480     15.132605           22.854914           0.000000             0.000000
                h16d015_dirw0.5              0.0               0.005                 0.5    62.012480     15.132605           22.854914           0.000000             0.000000
                h16d015_dirw0.2              0.0               0.005                 0.2    62.012480     15.132605           22.854914           0.000000             0.000000
               h16d015_baseline              0.0               0.005                 0.0    62.012480     15.132605           22.854914           0.000000             0.000000
         h16d015_varcw0.1t0.050              0.1               0.050                 0.0    62.012480     15.132605           22.854914           0.000000             0.000000
         h16d015_varcw0.5t0.010              0.5               0.010                 0.0    62.012480     15.132605           22.854914           0.000000             0.000000
         h16d015_varcw1.0t0.005              1.0               0.005                 0.0    62.012480     15.132605           22.854914           0.000000             0.000000
         h16d015_varcw1.0t0.010              1.0               0.010                 0.0    62.012480     15.132605           22.854914           0.000000             0.000000
         h16d015_varcw0.1t0.020              0.1               0.020                 0.0    62.012480     15.132605           22.854914           0.000000             0.000000
         h16d015_varcw0.1t0.005              0.1               0.005                 0.0    62.012480     15.132605           22.854914           0.000000             0.000000
         h16d015_varcw0.5t0.005              0.5               0.005                 0.0    62.012480     15.132605           22.854914           0.000000             0.000000
               h16d010_baseline              0.0               0.005                 0.0    61.154446     12.948518           25.897036           0.000000             0.000000
  h16d010_dirw1.0_colw0.1t0.035              0.1               0.035                 1.0    60.686427     14.352574           24.960998           0.000000             0.000000
                h16d025_dirw1.0              0.0               0.005                 1.0    59.828393     28.705148            6.942278           0.702028             3.822153
  h16d010_dirw2.0_colw0.1t0.035              0.1               0.035                 2.0    59.516381     16.302652           24.180967           0.000000             0.000000
         h16d015_varcw0.1t0.075              0.1               0.075                 0.0    58.658346     17.394696           23.946958           0.000000             0.000000
 h16d015_dirw1.0_extremew5.0p90              0.0               0.005                 1.0    57.956318     15.444618           22.152886           1.248050             3.198128
 h16d015_dirw2.0_extremew2.0p90              0.0               0.005                 2.0    57.176287     10.842434           28.705148           1.794072             1.482059
 h16d015_dirw2.0_extremew5.0p90              0.0               0.005                 2.0    55.694228     19.032761           20.280811           1.248050             3.744150
         h16d025_extremew5.0p90              0.0               0.005                 0.0    54.836193     12.090484           26.833073           1.950078             4.290172
 h16d015_dirw2.0_extremew2.0p95              0.0               0.005                 2.0    52.886115      6.786271           37.831513           1.326053             1.170047
 h16d025_dirw2.0_extremew5.0p90              0.0               0.005                 2.0    52.886115     13.338534           23.166927           3.744150             6.864275
         h16d010_extremew5.0p90              0.0               0.005                 0.0    51.248050      9.204368           37.129485           2.418097             0.000000
 h16d015_dirw2.0_extremew3.0p90              0.0               0.005                 2.0    50.936037      7.410296           37.441498           0.624025             3.588144
 h16d010_dirw1.0_extremew5.0p90              0.0               0.005                 1.0    50.936037     10.998440           34.321373           0.780031             2.964119
 h16d010_dirw2.0_extremew5.0p90              0.0               0.005                 2.0    50.936037     10.998440           34.321373           0.780031             2.964119
               h16d025_baseline              0.0               0.005                 0.0    49.843994      6.474259           43.291732           0.390016             0.000000
  h16d025_dirw1.0_colw0.1t0.035              0.1               0.035                 1.0    40.951638      4.446178           51.872075           2.730109             0.000000
 h16d015_dirw2.0_extremew5.0p95              0.0               0.005                 2.0    39.391576      2.028081           42.433697           2.574103            13.572543
 h16d015_dirw2.0_extremew3.0p95              0.0               0.005                 2.0    39.157566      3.432137           52.652106           1.170047             3.588144
               h16d015_alpha0.1              0.0               0.005                 2.0    36.817473      4.446178           56.318253           2.418097             0.000000
                h16d025_dirw2.0              0.0               0.005                 2.0    34.009360      1.950078           60.920437           3.120125             0.000000
  h16d025_dirw2.0_colw0.1t0.035              0.1               0.035                 2.0    33.931357      2.106084           60.842434           3.120125             0.000000
  h16d015_dirw2.0_colw0.1t0.035              0.1               0.035                 2.0    28.705148     31.747270           34.165367           1.950078             3.432137
  h16d015_dirw2.0_colw1.0t0.005              1.0               0.005                 2.0    28.705148     31.747270           34.165367           1.950078             3.432137
  h16d015_dirw2.0_colw1.0t0.010              1.0               0.010                 2.0    28.705148     31.747270           34.165367           1.950078             3.432137
  h16d015_dirw5.0_colw0.1t0.035              0.1               0.035                 5.0    28.705148     31.747270           34.165367           1.950078             3.432137
                h16d015_dirw5.0              0.0               0.005                 5.0    28.705148     31.747270           34.165367           1.950078             3.432137
  h16d015_dirw2.0_colw0.5t0.010              0.5               0.010                 2.0    28.705148     31.747270           34.165367           1.950078             3.432137
  h16d015_dirw2.0_colw0.5t0.005              0.5               0.005                 2.0    28.705148     31.747270           34.165367           1.950078             3.432137
                h16d015_dirw3.0              0.0               0.005                 3.0    28.705148     31.747270           34.165367           1.950078             3.432137
  h16d015_dirw3.0_colw0.1t0.035              0.1               0.035                 3.0    28.705148     31.747270           34.165367           1.950078             3.432137
  h16d015_dirw3.0_colw0.5t0.005              0.5               0.005                 3.0    28.705148     31.747270           34.165367           1.950078             3.432137
  h16d015_dirw3.0_colw0.5t0.010              0.5               0.010                 3.0    28.705148     31.747270           34.165367           1.950078             3.432137
  h16d015_dirw3.0_colw1.0t0.005              1.0               0.005                 3.0    28.705148     31.747270           34.165367           1.950078             3.432137
  h16d015_dirw3.0_colw1.0t0.010              1.0               0.010                 3.0    28.705148     31.747270           34.165367           1.950078             3.432137
                h16d015_dirw2.0              0.0               0.005                 2.0    28.705148     31.747270           34.165367           1.950078             3.432137
               h16d015_dirw10.0              0.0               0.005                10.0    27.145086     26.989080           40.093604           1.716069             4.056162
 h16d015_dirw10.0_colw0.1t0.035              0.1               0.035                10.0    27.145086     26.989080           40.093604           1.716069             4.056162
               h16d015_alpha1.0              0.0               0.005                 2.0    18.720749      0.234009           76.833073           1.170047             3.042122
         h16d015_varcw0.1t1.000              0.1               1.000                 0.0    14.664587     20.670827           61.700468           2.964119             0.000000
               h16d015_alpha0.5              0.0               0.005                 2.0     7.020281      0.000000           88.689548           1.170047             3.120125
 h16d015_dirw2.0_extremew5.0p75              0.0               0.005                 2.0     2.340094      0.000000           97.659906           0.000000             0.000000
              h16d015_dirw100.0              0.0               0.005               100.0     2.262090      4.680187           17.394696          26.131045            49.531981

Collapse mode distribution:
                     experiment  healthy_pct  degraded_pct  unidirectional_pct  weak_collapse_pct  strong_collapse_pct
               h16d010_baseline    61.154446     12.948518           25.897036           0.000000             0.000000
                h16d010_dirw1.0    63.572543     13.182527           23.244930           0.000000             0.000000
  h16d010_dirw1.0_colw0.1t0.035    60.686427     14.352574           24.960998           0.000000             0.000000
 h16d010_dirw1.0_extremew5.0p90    50.936037     10.998440           34.321373           0.780031             2.964119
                h16d010_dirw2.0    63.182527     14.586583           22.230889           0.000000             0.000000
  h16d010_dirw2.0_colw0.1t0.035    59.516381     16.302652           24.180967           0.000000             0.000000
 h16d010_dirw2.0_extremew5.0p90    50.936037     10.998440           34.321373           0.780031             2.964119
         h16d010_extremew5.0p90    51.248050      9.204368           37.129485           2.418097             0.000000
               h16d015_alpha0.1    36.817473      4.446178           56.318253           2.418097             0.000000
               h16d015_alpha0.5     7.020281      0.000000           88.689548           1.170047             3.120125
               h16d015_alpha1.0    18.720749      0.234009           76.833073           1.170047             3.042122
               h16d015_baseline    62.012480     15.132605           22.854914           0.000000             0.000000
                h16d015_dirw0.1    62.012480     15.132605           22.854914           0.000000             0.000000
  h16d015_dirw0.1_colw0.1t0.035    62.090484     15.054602           22.854914           0.000000             0.000000
                h16d015_dirw0.2    62.012480     15.132605           22.854914           0.000000             0.000000
  h16d015_dirw0.2_colw0.1t0.035    62.090484     15.054602           22.854914           0.000000             0.000000
                h16d015_dirw0.5    62.012480     15.132605           22.854914           0.000000             0.000000
                h16d015_dirw1.0    62.012480     15.132605           22.854914           0.000000             0.000000
  h16d015_dirw1.0_colw0.1t0.035    62.090484     15.054602           22.854914           0.000000             0.000000
 h16d015_dirw1.0_extremew5.0p90    57.956318     15.444618           22.152886           1.248050             3.198128
               h16d015_dirw10.0    27.145086     26.989080           40.093604           1.716069             4.056162
 h16d015_dirw10.0_colw0.1t0.035    27.145086     26.989080           40.093604           1.716069             4.056162
              h16d015_dirw100.0     2.262090      4.680187           17.394696          26.131045            49.531981
                h16d015_dirw2.0    28.705148     31.747270           34.165367           1.950078             3.432137
  h16d015_dirw2.0_colw0.1t0.035    28.705148     31.747270           34.165367           1.950078             3.432137
  h16d015_dirw2.0_colw0.5t0.005    28.705148     31.747270           34.165367           1.950078             3.432137
  h16d015_dirw2.0_colw0.5t0.010    28.705148     31.747270           34.165367           1.950078             3.432137
  h16d015_dirw2.0_colw1.0t0.005    28.705148     31.747270           34.165367           1.950078             3.432137
  h16d015_dirw2.0_colw1.0t0.010    28.705148     31.747270           34.165367           1.950078             3.432137
h16d015_dirw2.0_extremew10.0p90    75.741030      9.672387           14.352574           0.234009             0.000000
 h16d015_dirw2.0_extremew2.0p90    57.176287     10.842434           28.705148           1.794072             1.482059
 h16d015_dirw2.0_extremew2.0p95    52.886115      6.786271           37.831513           1.326053             1.170047
 h16d015_dirw2.0_extremew3.0p90    50.936037      7.410296           37.441498           0.624025             3.588144
 h16d015_dirw2.0_extremew3.0p95    39.157566      3.432137           52.652106           1.170047             3.588144
 h16d015_dirw2.0_extremew5.0p75     2.340094      0.000000           97.659906           0.000000             0.000000
 h16d015_dirw2.0_extremew5.0p90    55.694228     19.032761           20.280811           1.248050             3.744150
 h16d015_dirw2.0_extremew5.0p95    39.391576      2.028081           42.433697           2.574103            13.572543
                h16d015_dirw3.0    28.705148     31.747270           34.165367           1.950078             3.432137
  h16d015_dirw3.0_colw0.1t0.035    28.705148     31.747270           34.165367           1.950078             3.432137
  h16d015_dirw3.0_colw0.5t0.005    28.705148     31.747270           34.165367           1.950078             3.432137
  h16d015_dirw3.0_colw0.5t0.010    28.705148     31.747270           34.165367           1.950078             3.432137
  h16d015_dirw3.0_colw1.0t0.005    28.705148     31.747270           34.165367           1.950078             3.432137
  h16d015_dirw3.0_colw1.0t0.010    28.705148     31.747270           34.165367           1.950078             3.432137
                h16d015_dirw5.0    28.705148     31.747270           34.165367           1.950078             3.432137
  h16d015_dirw5.0_colw0.1t0.035    28.705148     31.747270           34.165367           1.950078             3.432137
         h16d015_varcw0.1t0.005    62.012480     15.132605           22.854914           0.000000             0.000000
         h16d015_varcw0.1t0.020    62.012480     15.132605           22.854914           0.000000             0.000000
         h16d015_varcw0.1t0.035    62.090484     15.054602           22.854914           0.000000             0.000000
         h16d015_varcw0.1t0.050    62.012480     15.132605           22.854914           0.000000             0.000000
         h16d015_varcw0.1t0.075    58.658346     17.394696           23.946958           0.000000             0.000000
         h16d015_varcw0.1t1.000    14.664587     20.670827           61.700468           2.964119             0.000000
         h16d015_varcw0.5t0.005    62.012480     15.132605           22.854914           0.000000             0.000000
         h16d015_varcw0.5t0.010    62.012480     15.132605           22.854914           0.000000             0.000000
         h16d015_varcw1.0t0.005    62.012480     15.132605           22.854914           0.000000             0.000000
         h16d015_varcw1.0t0.010    62.012480     15.132605           22.854914           0.000000             0.000000
               h16d025_baseline    49.843994      6.474259           43.291732           0.390016             0.000000
                h16d025_dirw1.0    59.828393     28.705148            6.942278           0.702028             3.822153
  h16d025_dirw1.0_colw0.1t0.035    40.951638      4.446178           51.872075           2.730109             0.000000
 h16d025_dirw1.0_extremew5.0p90    62.948518     13.416537           15.600624           2.574103             5.460218
                h16d025_dirw2.0    34.009360      1.950078           60.920437           3.120125             0.000000
  h16d025_dirw2.0_colw0.1t0.035    33.931357      2.106084           60.842434           3.120125             0.000000
 h16d025_dirw2.0_extremew5.0p90    52.886115     13.338534           23.166927           3.744150             6.864275
         h16d025_extremew5.0p90    54.836193     12.090484           26.833073           1.950078             4.290172

================================================================================
STATISTICAL PERFORMANCE
================================================================================

Ranked by MSE (lower is better):
                     experiment  collapse_weight  directional_weight  stat_mse  stat_mae   stat_r2
 h16d015_dirw2.0_extremew5.0p95              0.0                 2.0  1.165895  0.771711  0.007737
 h16d015_dirw2.0_extremew3.0p95              0.0                 2.0  1.168195  0.772340  0.005779
 h16d015_dirw2.0_extremew2.0p95              0.0                 2.0  1.168692  0.772002  0.005356
 h16d015_dirw1.0_extremew5.0p90              0.0                 1.0  1.169450  0.772430  0.004711
               h16d015_alpha0.1              0.0                 2.0  1.169523  0.771237  0.004649
               h16d015_alpha0.5              0.0                 2.0  1.170010  0.770941  0.004234
         h16d015_varcw0.1t0.035              0.1                 0.0  1.170319  0.772367  0.003971
  h16d015_dirw1.0_colw0.1t0.035              0.1                 1.0  1.170319  0.772367  0.003971
  h16d015_dirw0.2_colw0.1t0.035              0.1                 0.2  1.170319  0.772367  0.003971
  h16d015_dirw0.1_colw0.1t0.035              0.1                 0.1  1.170319  0.772367  0.003971
         h16d015_varcw0.5t0.010              0.5                 0.0  1.170342  0.772409  0.003951
               h16d015_baseline              0.0                 0.0  1.170342  0.772409  0.003951
                h16d015_dirw0.1              0.0                 0.1  1.170342  0.772409  0.003951
                h16d015_dirw0.2              0.0                 0.2  1.170342  0.772409  0.003951
         h16d015_varcw0.5t0.005              0.5                 0.0  1.170342  0.772409  0.003951
                h16d015_dirw0.5              0.0                 0.5  1.170342  0.772409  0.003951
                h16d015_dirw1.0              0.0                 1.0  1.170342  0.772409  0.003951
         h16d015_varcw0.1t0.005              0.1                 0.0  1.170342  0.772409  0.003951
         h16d015_varcw1.0t0.005              1.0                 0.0  1.170342  0.772409  0.003951
         h16d015_varcw1.0t0.010              1.0                 0.0  1.170342  0.772409  0.003951
         h16d015_varcw0.1t0.020              0.1                 0.0  1.170342  0.772409  0.003951
         h16d015_varcw0.1t0.050              0.1                 0.0  1.170415  0.772335  0.003889
 h16d015_dirw2.0_extremew3.0p90              0.0                 2.0  1.170467  0.772290  0.003845
 h16d015_dirw2.0_extremew2.0p90              0.0                 2.0  1.170497  0.772457  0.003820
         h16d015_varcw0.1t0.075              0.1                 0.0  1.170730  0.772905  0.003621
                h16d010_dirw1.0              0.0                 1.0  1.170768  0.772260  0.003589
               h16d015_alpha1.0              0.0                 2.0  1.170925  0.771427  0.003456
  h16d010_dirw1.0_colw0.1t0.035              0.1                 1.0  1.170966  0.772307  0.003420
               h16d010_baseline              0.0                 0.0  1.171049  0.772170  0.003350
 h16d025_dirw2.0_extremew5.0p90              0.0                 2.0  1.171209  0.773253  0.003214
 h16d010_dirw1.0_extremew5.0p90              0.0                 1.0  1.171323  0.772116  0.003117
 h16d010_dirw2.0_extremew5.0p90              0.0                 2.0  1.171323  0.772116  0.003117
         h16d025_extremew5.0p90              0.0                 0.0  1.171530  0.773068  0.002941
                h16d010_dirw2.0              0.0                 2.0  1.171661  0.771985  0.002829
               h16d025_baseline              0.0                 0.0  1.171819  0.772375  0.002694
 h16d025_dirw1.0_extremew5.0p90              0.0                 1.0  1.172072  0.773453  0.002480
  h16d025_dirw1.0_colw0.1t0.035              0.1                 1.0  1.172389  0.772319  0.002210
                h16d025_dirw2.0              0.0                 2.0  1.172400  0.772352  0.002200
  h16d025_dirw2.0_colw0.1t0.035              0.1                 2.0  1.172408  0.772361  0.002193
         h16d010_extremew5.0p90              0.0                 0.0  1.172819  0.772367  0.001844
  h16d010_dirw2.0_colw0.1t0.035              0.1                 2.0  1.172897  0.773373  0.001777
 h16d015_dirw2.0_extremew5.0p90              0.0                 2.0  1.172903  0.774804  0.001772
  h16d015_dirw2.0_colw1.0t0.010              1.0                 2.0  1.173258  0.771857  0.001470
  h16d015_dirw5.0_colw0.1t0.035              0.1                 5.0  1.173258  0.771857  0.001470
                h16d015_dirw2.0              0.0                 2.0  1.173258  0.771857  0.001470
  h16d015_dirw3.0_colw1.0t0.010              1.0                 3.0  1.173258  0.771857  0.001470
  h16d015_dirw2.0_colw1.0t0.005              1.0                 2.0  1.173258  0.771857  0.001470
  h16d015_dirw2.0_colw0.5t0.010              0.5                 2.0  1.173258  0.771857  0.001470
  h16d015_dirw2.0_colw0.5t0.005              0.5                 2.0  1.173258  0.771857  0.001470
  h16d015_dirw2.0_colw0.1t0.035              0.1                 2.0  1.173258  0.771857  0.001470
                h16d015_dirw3.0              0.0                 3.0  1.173258  0.771857  0.001470
                h16d015_dirw5.0              0.0                 5.0  1.173258  0.771857  0.001470
  h16d015_dirw3.0_colw0.1t0.035              0.1                 3.0  1.173258  0.771857  0.001470
  h16d015_dirw3.0_colw0.5t0.010              0.5                 3.0  1.173258  0.771857  0.001470
  h16d015_dirw3.0_colw1.0t0.005              1.0                 3.0  1.173258  0.771857  0.001470
  h16d015_dirw3.0_colw0.5t0.005              0.5                 3.0  1.173258  0.771857  0.001470
               h16d015_dirw10.0              0.0                10.0  1.174079  0.771587  0.000771
 h16d015_dirw10.0_colw0.1t0.035              0.1                10.0  1.174079  0.771587  0.000771
                h16d025_dirw1.0              0.0                 1.0  1.174920  0.773911  0.000055
 h16d015_dirw2.0_extremew5.0p75              0.0                 2.0  1.175035  0.771960 -0.000043
              h16d015_dirw100.0              0.0               100.0  1.180827  0.775419 -0.004971
h16d015_dirw2.0_extremew10.0p90              0.0                 2.0  1.181673  0.779718 -0.005692
         h16d015_varcw0.1t1.000              0.1                 0.0  1.913895  0.890510 -0.628868

================================================================================
FINANCIAL PERFORMANCE
================================================================================

Ranked by Sharpe ratio (higher is better):
                     experiment  collapse_weight  directional_weight  fin_sharpe_ratio  fin_directional_accuracy  fin_total_return  fin_max_drawdown
                h16d010_dirw1.0              0.0                 1.0          1.054255                  0.535101          1.072866         -0.175337
 h16d010_dirw1.0_extremew5.0p90              0.0                 1.0          1.016005                  0.535881          1.053363         -0.185107
 h16d010_dirw2.0_extremew5.0p90              0.0                 2.0          1.016005                  0.535881          1.053363         -0.185107
         h16d010_extremew5.0p90              0.0                 0.0          0.979148                  0.535101          1.015365         -0.180594
               h16d015_alpha0.1              0.0                 2.0          0.978447                  0.539782          1.135083         -0.187025
               h16d015_dirw10.0              0.0                10.0          0.968928                  0.542122          0.976086         -0.192690
 h16d015_dirw10.0_colw0.1t0.035              0.1                10.0          0.968928                  0.542122          0.976086         -0.192690
 h16d015_dirw2.0_extremew5.0p95              0.0                 2.0          0.966571                  0.543682          1.060102         -0.189022
  h16d010_dirw2.0_colw0.1t0.035              0.1                 2.0          0.965816                  0.527301          0.867243         -0.179879
               h16d025_baseline              0.0                 0.0          0.958706                  0.537441          1.090811         -0.193207
         h16d025_extremew5.0p90              0.0                 0.0          0.937078                  0.532761          1.006164         -0.179879
 h16d015_dirw2.0_extremew3.0p90              0.0                 2.0          0.927263                  0.539782          1.009970         -0.179349
  h16d025_dirw1.0_colw0.1t0.035              0.1                 1.0          0.923086                  0.532761          1.049302         -0.211585
 h16d015_dirw2.0_extremew2.0p95              0.0                 2.0          0.921509                  0.541342          0.975085         -0.175337
 h16d015_dirw2.0_extremew2.0p90              0.0                 2.0          0.921276                  0.535101          0.990075         -0.175312
         h16d015_varcw0.1t0.075              0.1                 0.0          0.916831                  0.524961          0.864184         -0.188429
                h16d025_dirw2.0              0.0                 2.0          0.913641                  0.535881          1.040441         -0.219082
  h16d025_dirw2.0_colw0.1t0.035              0.1                 2.0          0.906979                  0.535101          1.028671         -0.219082
 h16d015_dirw2.0_extremew3.0p95              0.0                 2.0          0.904027                  0.539002          0.995493         -0.196780
                h16d010_dirw2.0              0.0                 2.0          0.897765                  0.535101          0.872525         -0.175337
 h16d025_dirw2.0_extremew5.0p90              0.0                 2.0          0.882039                  0.531201          0.917964         -0.179879
               h16d015_alpha1.0              0.0                 2.0          0.875815                  0.539782          0.991293         -0.235420
               h16d015_alpha0.5              0.0                 2.0          0.850358                  0.538222          0.950486         -0.245016
 h16d025_dirw1.0_extremew5.0p90              0.0                 1.0          0.841411                  0.524961          0.851599         -0.179879
 h16d015_dirw2.0_extremew5.0p75              0.0                 2.0          0.838029                  0.537441          0.931256         -0.252460
 h16d015_dirw1.0_extremew5.0p90              0.0                 1.0          0.829548                  0.519501          0.814274         -0.175337
  h16d015_dirw0.2_colw0.1t0.035              0.1                 0.2          0.800240                  0.524181          0.736460         -0.179879
         h16d015_varcw0.1t0.035              0.1                 0.0          0.800240                  0.524181          0.736460         -0.179879
  h16d015_dirw0.1_colw0.1t0.035              0.1                 0.1          0.800240                  0.524181          0.736460         -0.179879
  h16d015_dirw1.0_colw0.1t0.035              0.1                 1.0          0.800240                  0.524181          0.736460         -0.179879
  h16d015_dirw3.0_colw0.5t0.010              0.5                 3.0          0.784577                  0.535881          0.719891         -0.181161
  h16d015_dirw3.0_colw0.5t0.005              0.5                 3.0          0.784577                  0.535881          0.719891         -0.181161
                h16d015_dirw3.0              0.0                 3.0          0.784577                  0.535881          0.719891         -0.181161
  h16d015_dirw3.0_colw1.0t0.010              1.0                 3.0          0.784577                  0.535881          0.719891         -0.181161
  h16d015_dirw3.0_colw1.0t0.005              1.0                 3.0          0.784577                  0.535881          0.719891         -0.181161
  h16d015_dirw3.0_colw0.1t0.035              0.1                 3.0          0.784577                  0.535881          0.719891         -0.181161
  h16d015_dirw5.0_colw0.1t0.035              0.1                 5.0          0.784577                  0.535881          0.719891         -0.181161
  h16d015_dirw2.0_colw1.0t0.010              1.0                 2.0          0.784577                  0.535881          0.719891         -0.181161
  h16d015_dirw2.0_colw1.0t0.005              1.0                 2.0          0.784577                  0.535881          0.719891         -0.181161
  h16d015_dirw2.0_colw0.5t0.010              0.5                 2.0          0.784577                  0.535881          0.719891         -0.181161
  h16d015_dirw2.0_colw0.5t0.005              0.5                 2.0          0.784577                  0.535881          0.719891         -0.181161
  h16d015_dirw2.0_colw0.1t0.035              0.1                 2.0          0.784577                  0.535881          0.719891         -0.181161
                h16d015_dirw2.0              0.0                 2.0          0.784577                  0.535881          0.719891         -0.181161
                h16d015_dirw5.0              0.0                 5.0          0.784577                  0.535881          0.719891         -0.181161
         h16d015_varcw0.1t0.050              0.1                 0.0          0.779838                  0.524181          0.712334         -0.179879
         h16d015_varcw0.5t0.010              0.5                 0.0          0.758674                  0.522621          0.683964         -0.179879
         h16d015_varcw0.5t0.005              0.5                 0.0          0.758674                  0.522621          0.683964         -0.179879
         h16d015_varcw1.0t0.005              1.0                 0.0          0.758674                  0.522621          0.683964         -0.179879
         h16d015_varcw1.0t0.010              1.0                 0.0          0.758674                  0.522621          0.683964         -0.179879
                h16d015_dirw0.2              0.0                 0.2          0.758674                  0.522621          0.683964         -0.179879
         h16d015_varcw0.1t0.020              0.1                 0.0          0.758674                  0.522621          0.683964         -0.179879
         h16d015_varcw0.1t0.005              0.1                 0.0          0.758674                  0.522621          0.683964         -0.179879
               h16d015_baseline              0.0                 0.0          0.758674                  0.522621          0.683964         -0.179879
                h16d015_dirw0.1              0.0                 0.1          0.758674                  0.522621          0.683964         -0.179879
                h16d015_dirw1.0              0.0                 1.0          0.758674                  0.522621          0.683964         -0.179879
                h16d015_dirw0.5              0.0                 0.5          0.758674                  0.522621          0.683964         -0.179879
  h16d010_dirw1.0_colw0.1t0.035              0.1                 1.0          0.751745                  0.528081          0.720308         -0.190172
               h16d010_baseline              0.0                 0.0          0.722907                  0.532761          0.683114         -0.197636
                h16d025_dirw1.0              0.0                 1.0          0.686582                  0.505460          0.562999         -0.175312
 h16d015_dirw2.0_extremew5.0p90              0.0                 2.0          0.676228                  0.482839          0.571946         -0.189321
         h16d015_varcw0.1t1.000              0.1                 0.0          0.640923                  0.542902          0.514454         -0.284392
h16d015_dirw2.0_extremew10.0p90              0.0                 2.0          0.624961                  0.503900          0.517293         -0.179879
              h16d015_dirw100.0              0.0               100.0          0.412022                  0.467239          0.044996         -0.040061

================================================================================
PENALTY TRADE-OFFS
================================================================================

Baseline performance:
  Healthy %: 62.0%
  MSE: 1.1703
  Sharpe: 0.7587

Improvements over baseline:
h16d010_baseline:
  Collapse weight: 0.0, threshold: 0.005
  Directional weight: 0.0
  Healthy %: -0.9pp
  MSE: +0.0007 (worse)
  Sharpe: -0.0358 (worse)

h16d010_dirw1.0:
  Collapse weight: 0.0, threshold: 0.005
  Directional weight: 1.0
  Healthy %: +1.6pp
  MSE: +0.0004 (worse)
  Sharpe: +0.2956 (better)

h16d010_dirw1.0_colw0.1t0.035:
  Collapse weight: 0.1, threshold: 0.035
  Directional weight: 1.0
  Healthy %: -1.3pp
  MSE: +0.0006 (worse)
  Sharpe: -0.0069 (worse)

h16d010_dirw1.0_extremew5.0p90:
  Collapse weight: 0.0, threshold: 0.005
  Directional weight: 1.0
  Healthy %: -11.1pp
  MSE: +0.0010 (worse)
  Sharpe: +0.2573 (better)

h16d010_dirw2.0:
  Collapse weight: 0.0, threshold: 0.005
  Directional weight: 2.0
  Healthy %: +1.2pp
  MSE: +0.0013 (worse)
  Sharpe: +0.1391 (better)

h16d010_dirw2.0_colw0.1t0.035:
  Collapse weight: 0.1, threshold: 0.035
  Directional weight: 2.0
  Healthy %: -2.5pp
  MSE: +0.0026 (worse)
  Sharpe: +0.2071 (better)

h16d010_dirw2.0_extremew5.0p90:
  Collapse weight: 0.0, threshold: 0.005
  Directional weight: 2.0
  Healthy %: -11.1pp
  MSE: +0.0010 (worse)
  Sharpe: +0.2573 (better)

h16d010_extremew5.0p90:
  Collapse weight: 0.0, threshold: 0.005
  Directional weight: 0.0
  Healthy %: -10.8pp
  MSE: +0.0025 (worse)
  Sharpe: +0.2205 (better)

h16d015_alpha0.1:
  Collapse weight: 0.0, threshold: 0.005
  Directional weight: 2.0
  Healthy %: -25.2pp
  MSE: -0.0008 (better)
  Sharpe: +0.2198 (better)

h16d015_alpha0.5:
  Collapse weight: 0.0, threshold: 0.005
  Directional weight: 2.0
  Healthy %: -55.0pp
  MSE: -0.0003 (better)
  Sharpe: +0.0917 (better)

h16d015_alpha1.0:
  Collapse weight: 0.0, threshold: 0.005
  Directional weight: 2.0
  Healthy %: -43.3pp
  MSE: +0.0006 (worse)
  Sharpe: +0.1171 (better)

h16d015_baseline:
  Collapse weight: 0.0, threshold: 0.005
  Directional weight: 0.0
  Healthy %: +0.0pp
  MSE: +0.0000 (worse)
  Sharpe: +0.0000 (worse)

h16d015_dirw0.1:
  Collapse weight: 0.0, threshold: 0.005
  Directional weight: 0.1
  Healthy %: +0.0pp
  MSE: +0.0000 (worse)
  Sharpe: +0.0000 (worse)

h16d015_dirw0.1_colw0.1t0.035:
  Collapse weight: 0.1, threshold: 0.035
  Directional weight: 0.1
  Healthy %: +0.1pp
  MSE: -0.0000 (better)
  Sharpe: +0.0416 (better)

h16d015_dirw0.2:
  Collapse weight: 0.0, threshold: 0.005
  Directional weight: 0.2
  Healthy %: +0.0pp
  MSE: +0.0000 (worse)
  Sharpe: +0.0000 (worse)

h16d015_dirw0.2_colw0.1t0.035:
  Collapse weight: 0.1, threshold: 0.035
  Directional weight: 0.2
  Healthy %: +0.1pp
  MSE: -0.0000 (better)
  Sharpe: +0.0416 (better)

h16d015_dirw0.5:
  Collapse weight: 0.0, threshold: 0.005
  Directional weight: 0.5
  Healthy %: +0.0pp
  MSE: +0.0000 (worse)
  Sharpe: +0.0000 (worse)

h16d015_dirw1.0:
  Collapse weight: 0.0, threshold: 0.005
  Directional weight: 1.0
  Healthy %: +0.0pp
  MSE: +0.0000 (worse)
  Sharpe: +0.0000 (worse)

h16d015_dirw1.0_colw0.1t0.035:
  Collapse weight: 0.1, threshold: 0.035
  Directional weight: 1.0
  Healthy %: +0.1pp
  MSE: -0.0000 (better)
  Sharpe: +0.0416 (better)

h16d015_dirw1.0_extremew5.0p90:
  Collapse weight: 0.0, threshold: 0.005
  Directional weight: 1.0
  Healthy %: -4.1pp
  MSE: -0.0009 (better)
  Sharpe: +0.0709 (better)

h16d015_dirw10.0:
  Collapse weight: 0.0, threshold: 0.005
  Directional weight: 10.0
  Healthy %: -34.9pp
  MSE: +0.0037 (worse)
  Sharpe: +0.2103 (better)

h16d015_dirw10.0_colw0.1t0.035:
  Collapse weight: 0.1, threshold: 0.035
  Directional weight: 10.0
  Healthy %: -34.9pp
  MSE: +0.0037 (worse)
  Sharpe: +0.2103 (better)

h16d015_dirw100.0:
  Collapse weight: 0.0, threshold: 0.005
  Directional weight: 100.0
  Healthy %: -59.8pp
  MSE: +0.0105 (worse)
  Sharpe: -0.3467 (worse)

h16d015_dirw2.0:
  Collapse weight: 0.0, threshold: 0.005
  Directional weight: 2.0
  Healthy %: -33.3pp
  MSE: +0.0029 (worse)
  Sharpe: +0.0259 (better)

h16d015_dirw2.0_colw0.1t0.035:
  Collapse weight: 0.1, threshold: 0.035
  Directional weight: 2.0
  Healthy %: -33.3pp
  MSE: +0.0029 (worse)
  Sharpe: +0.0259 (better)

h16d015_dirw2.0_colw0.5t0.005:
  Collapse weight: 0.5, threshold: 0.005
  Directional weight: 2.0
  Healthy %: -33.3pp
  MSE: +0.0029 (worse)
  Sharpe: +0.0259 (better)

h16d015_dirw2.0_colw0.5t0.010:
  Collapse weight: 0.5, threshold: 0.01
  Directional weight: 2.0
  Healthy %: -33.3pp
  MSE: +0.0029 (worse)
  Sharpe: +0.0259 (better)

h16d015_dirw2.0_colw1.0t0.005:
  Collapse weight: 1.0, threshold: 0.005
  Directional weight: 2.0
  Healthy %: -33.3pp
  MSE: +0.0029 (worse)
  Sharpe: +0.0259 (better)

h16d015_dirw2.0_colw1.0t0.010:
  Collapse weight: 1.0, threshold: 0.01
  Directional weight: 2.0
  Healthy %: -33.3pp
  MSE: +0.0029 (worse)
  Sharpe: +0.0259 (better)

h16d015_dirw2.0_extremew10.0p90:
  Collapse weight: 0.0, threshold: 0.005
  Directional weight: 2.0
  Healthy %: +13.7pp
  MSE: +0.0113 (worse)
  Sharpe: -0.1337 (worse)

h16d015_dirw2.0_extremew2.0p90:
  Collapse weight: 0.0, threshold: 0.005
  Directional weight: 2.0
  Healthy %: -4.8pp
  MSE: +0.0002 (worse)
  Sharpe: +0.1626 (better)

h16d015_dirw2.0_extremew2.0p95:
  Collapse weight: 0.0, threshold: 0.005
  Directional weight: 2.0
  Healthy %: -9.1pp
  MSE: -0.0017 (better)
  Sharpe: +0.1628 (better)

h16d015_dirw2.0_extremew3.0p90:
  Collapse weight: 0.0, threshold: 0.005
  Directional weight: 2.0
  Healthy %: -11.1pp
  MSE: +0.0001 (worse)
  Sharpe: +0.1686 (better)

h16d015_dirw2.0_extremew3.0p95:
  Collapse weight: 0.0, threshold: 0.005
  Directional weight: 2.0
  Healthy %: -22.9pp
  MSE: -0.0021 (better)
  Sharpe: +0.1454 (better)

h16d015_dirw2.0_extremew5.0p75:
  Collapse weight: 0.0, threshold: 0.005
  Directional weight: 2.0
  Healthy %: -59.7pp
  MSE: +0.0047 (worse)
  Sharpe: +0.0794 (better)

h16d015_dirw2.0_extremew5.0p90:
  Collapse weight: 0.0, threshold: 0.005
  Directional weight: 2.0
  Healthy %: -6.3pp
  MSE: +0.0026 (worse)
  Sharpe: -0.0824 (worse)

h16d015_dirw2.0_extremew5.0p95:
  Collapse weight: 0.0, threshold: 0.005
  Directional weight: 2.0
  Healthy %: -22.6pp
  MSE: -0.0044 (better)
  Sharpe: +0.2079 (better)

h16d015_dirw3.0:
  Collapse weight: 0.0, threshold: 0.005
  Directional weight: 3.0
  Healthy %: -33.3pp
  MSE: +0.0029 (worse)
  Sharpe: +0.0259 (better)

h16d015_dirw3.0_colw0.1t0.035:
  Collapse weight: 0.1, threshold: 0.035
  Directional weight: 3.0
  Healthy %: -33.3pp
  MSE: +0.0029 (worse)
  Sharpe: +0.0259 (better)

h16d015_dirw3.0_colw0.5t0.005:
  Collapse weight: 0.5, threshold: 0.005
  Directional weight: 3.0
  Healthy %: -33.3pp
  MSE: +0.0029 (worse)
  Sharpe: +0.0259 (better)

h16d015_dirw3.0_colw0.5t0.010:
  Collapse weight: 0.5, threshold: 0.01
  Directional weight: 3.0
  Healthy %: -33.3pp
  MSE: +0.0029 (worse)
  Sharpe: +0.0259 (better)

h16d015_dirw3.0_colw1.0t0.005:
  Collapse weight: 1.0, threshold: 0.005
  Directional weight: 3.0
  Healthy %: -33.3pp
  MSE: +0.0029 (worse)
  Sharpe: +0.0259 (better)

h16d015_dirw3.0_colw1.0t0.010:
  Collapse weight: 1.0, threshold: 0.01
  Directional weight: 3.0
  Healthy %: -33.3pp
  MSE: +0.0029 (worse)
  Sharpe: +0.0259 (better)

h16d015_dirw5.0:
  Collapse weight: 0.0, threshold: 0.005
  Directional weight: 5.0
  Healthy %: -33.3pp
  MSE: +0.0029 (worse)
  Sharpe: +0.0259 (better)

h16d015_dirw5.0_colw0.1t0.035:
  Collapse weight: 0.1, threshold: 0.035
  Directional weight: 5.0
  Healthy %: -33.3pp
  MSE: +0.0029 (worse)
  Sharpe: +0.0259 (better)

h16d015_varcw0.1t0.005:
  Collapse weight: 0.1, threshold: 0.005
  Directional weight: 0.0
  Healthy %: +0.0pp
  MSE: +0.0000 (worse)
  Sharpe: +0.0000 (worse)

h16d015_varcw0.1t0.020:
  Collapse weight: 0.1, threshold: 0.02
  Directional weight: 0.0
  Healthy %: +0.0pp
  MSE: +0.0000 (worse)
  Sharpe: +0.0000 (worse)

h16d015_varcw0.1t0.035:
  Collapse weight: 0.1, threshold: 0.035
  Directional weight: 0.0
  Healthy %: +0.1pp
  MSE: -0.0000 (better)
  Sharpe: +0.0416 (better)

h16d015_varcw0.1t0.050:
  Collapse weight: 0.1, threshold: 0.05
  Directional weight: 0.0
  Healthy %: +0.0pp
  MSE: +0.0001 (worse)
  Sharpe: +0.0212 (better)

h16d015_varcw0.1t0.075:
  Collapse weight: 0.1, threshold: 0.075
  Directional weight: 0.0
  Healthy %: -3.4pp
  MSE: +0.0004 (worse)
  Sharpe: +0.1582 (better)

h16d015_varcw0.1t1.000:
  Collapse weight: 0.1, threshold: 1.0
  Directional weight: 0.0
  Healthy %: -47.3pp
  MSE: +0.7436 (worse)
  Sharpe: -0.1178 (worse)

h16d015_varcw0.5t0.005:
  Collapse weight: 0.5, threshold: 0.005
  Directional weight: 0.0
  Healthy %: +0.0pp
  MSE: +0.0000 (worse)
  Sharpe: +0.0000 (worse)

h16d015_varcw0.5t0.010:
  Collapse weight: 0.5, threshold: 0.01
  Directional weight: 0.0
  Healthy %: +0.0pp
  MSE: +0.0000 (worse)
  Sharpe: +0.0000 (worse)

h16d015_varcw1.0t0.005:
  Collapse weight: 1.0, threshold: 0.005
  Directional weight: 0.0
  Healthy %: +0.0pp
  MSE: +0.0000 (worse)
  Sharpe: +0.0000 (worse)

h16d015_varcw1.0t0.010:
  Collapse weight: 1.0, threshold: 0.01
  Directional weight: 0.0
  Healthy %: +0.0pp
  MSE: +0.0000 (worse)
  Sharpe: +0.0000 (worse)

h16d025_baseline:
  Collapse weight: 0.0, threshold: 0.005
  Directional weight: 0.0
  Healthy %: -12.2pp
  MSE: +0.0015 (worse)
  Sharpe: +0.2000 (better)

h16d025_dirw1.0:
  Collapse weight: 0.0, threshold: 0.005
  Directional weight: 1.0
  Healthy %: -2.2pp
  MSE: +0.0046 (worse)
  Sharpe: -0.0721 (worse)

h16d025_dirw1.0_colw0.1t0.035:
  Collapse weight: 0.1, threshold: 0.035
  Directional weight: 1.0
  Healthy %: -21.1pp
  MSE: +0.0020 (worse)
  Sharpe: +0.1644 (better)

h16d025_dirw1.0_extremew5.0p90:
  Collapse weight: 0.0, threshold: 0.005
  Directional weight: 1.0
  Healthy %: +0.9pp
  MSE: +0.0017 (worse)
  Sharpe: +0.0827 (better)

h16d025_dirw2.0:
  Collapse weight: 0.0, threshold: 0.005
  Directional weight: 2.0
  Healthy %: -28.0pp
  MSE: +0.0021 (worse)
  Sharpe: +0.1550 (better)

h16d025_dirw2.0_colw0.1t0.035:
  Collapse weight: 0.1, threshold: 0.035
  Directional weight: 2.0
  Healthy %: -28.1pp
  MSE: +0.0021 (worse)
  Sharpe: +0.1483 (better)

h16d025_dirw2.0_extremew5.0p90:
  Collapse weight: 0.0, threshold: 0.005
  Directional weight: 2.0
  Healthy %: -9.1pp
  MSE: +0.0009 (worse)
  Sharpe: +0.1234 (better)

h16d025_extremew5.0p90:
  Collapse weight: 0.0, threshold: 0.005
  Directional weight: 0.0
  Healthy %: -7.2pp
  MSE: +0.0012 (worse)
  Sharpe: +0.1784 (better)

================================================================================
RECOMMENDATIONS
================================================================================

Best configurations:

  Most healthy predictions: h16d015_dirw2.0_extremew10.0p90
    Collapse: weight=0.000, threshold=0.005
    Directional: weight=2.000
    Healthy %: 75.7%

  Best MSE: h16d015_dirw2.0_extremew5.0p95
    MSE: 1.1659
    Healthy %: 39.4%

  Best Sharpe ratio: h16d010_dirw1.0
    Sharpe: 1.0543
    Healthy %: 63.6%

  Best overall (composite score): h16d010_dirw1.0
    Collapse: weight=0.000, threshold=0.005
    Directional: weight=1.000
    Healthy %: 63.6%
    MSE: 1.1708
    Sharpe: 1.0543

================================================================================
Analysis complete. Results saved to experiments/04_custom_losses/penalty_sweep_*/
================================================================================
