
[INFO] Using AUTO device selection.

[INFO] Patched matplotlib.Axes.errorbar to abs() negative yerr for robustness.
======================================================================
Training TFT: wf_monthly_weekly_enc12/fold_202201
======================================================================
Logging to: experiments/wf_monthly_weekly_enc12/fold_202201/training_20251203_032421.log
Started at: 2025-12-03 03:24:21
======================================================================
Configuration saved to: experiments/wf_monthly_weekly_enc12/fold_202201/config.json

Loading data splits...
Train: 1603 samples
Val: 14 samples
Test: 16 samples

Preparing TimeSeriesDataSet...

Dropping source columns (used for staleness only): ['CPI']

Final features for TFT: ['SP500_Returns', 'VIX', 'Treasury_10Y', 'Yield_Spread', 'Inflation_YoY']

======================================================================
FEATURE STATISTICS - BEFORE NORMALIZATION
======================================================================
VIX                             mean= 19.3565  std=  7.9819  min=  9.3400  max= 74.6180
Treasury_10Y                    mean=  4.1822  std=  1.9078  min=  0.5500  max=  8.3400
Yield_Spread                    mean=  1.1723  std=  0.8685  min= -0.5200  max=  2.9100
Inflation_YoY                   mean=  2.3844  std=  1.2148  min= -2.1498  max=  6.7300

======================================================================
FEATURES AFTER GROUPNORMALIZER (first batch, last timestep)
======================================================================
VIX                             normalized_value=  1.0000
Treasury_10Y                    normalized_value= -0.0833
Yield_Spread                    normalized_value= -0.7134
Inflation_YoY                   normalized_value= -0.8611
======================================================================

[DEBUG] VIX train values: [31.318 31.68  23.47  21.908 22.596]
[DEBUG] VIX val values: [21.772  20.714  17.9125 15.588  16.198 ]
Batches per epoch: 99
[DEBUG] Validation batches: 1
[DEBUG] Validation dataset size: 2
[DEBUG] Batch size: 16

Initializing model...

Using standard QuantileLoss (no penalties)

[REGIME OUTPUT] Disabled (using baseline output layer)

================================================================================
BASELINE MODEL FEATURE CONFIGURATION (after from_dataset)
================================================================================
tft.hparams.time_varying_reals_encoder: ['relative_time_idx', 'VIX', 'Treasury_10Y', 'Yield_Spread', 'Inflation_YoY']
  Count: 5

tft.hparams.time_varying_reals_decoder: ['relative_time_idx']
  Count: 1

tft.hparams.x_reals (all reals passed to model): ['encoder_length', 'relative_time_idx', 'VIX', 'Treasury_10Y', 'Yield_Spread', 'Inflation_YoY']
  Count: 6

Encoder VSN configuration:
  num_inputs: 5
  input_sizes: {'relative_time_idx': 16, 'VIX': 16, 'Treasury_10Y': 16, 'Yield_Spread': 16, 'Inflation_YoY': 16}
  flattened_grn.fc1: in_features=80, out_features=5
  -> Params in fc1: 400 (should be 5*16*5=400 if 5 features)
================================================================================

Model parameters: 22,615

Starting training...
Checkpoints will be saved to: experiments/wf_monthly_weekly_enc12/fold_202201/checkpoints/
Logs will be saved to: experiments/wf_monthly_weekly_enc12/fold_202201/logs/

[DEBUG CollapseMonitor] on_validation_epoch_start called for epoch 0
[DEBUG CollapseMonitor] reset_temporal_state() called on loss function
Epoch 0: val_loss=N/A
[DEBUG CollapseMonitor] on_validation_epoch_start called for epoch 0
[DEBUG CollapseMonitor] reset_temporal_state() called on loss function
Epoch 0: val_loss=1.1292624473571777
Epoch 0: train_loss=1.4193450212478638

[CollapseMonitor] Epoch 0
  [DEBUG] Processed 1 batches from val_dataloader
  [DEBUG] Predictions shape after concat: (2,)
  [DEBUG] All predictions list length: 1
  [DEBUG] First batch shape: (2,)
  Pred std: 0.004516, range: 0.009031, mean: 0.313824
  Pos: 100.0%, Neg: 0.0%, Unique: 2
  Dir Acc: 100.00%, Pred Sharpe: 1103.2500
  Composite: 1.0000 (dist_match: 1.0000, actual_pos: 100.0%, pred_pos: 100.0%)
  Collapse penalty: 0.000000 (threshold: 0.005000)
  Saved validation predictions to: experiments/wf_monthly_weekly_enc12/fold_202201/collapse_monitoring/val_predictions_epoch0.npy
  Gradient norms:
    lstm_encoder: 0.022631
    lstm_decoder: 0.029338
    output_layer: 1.349471
  VSN output std:
    encoder: 0.136396
  Attention entropy: 2.480862
  Saved to: experiments/wf_monthly_weekly_enc12/fold_202201/collapse_monitoring/collapse_monitor_latest.json
[DEBUG CollapseMonitor] on_validation_epoch_start called for epoch 1
[DEBUG CollapseMonitor] reset_temporal_state() called on loss function
Epoch 1: val_loss=0.9338648319244385
Epoch 1: train_loss=1.2078887224197388

[CollapseMonitor] Epoch 1
  [DEBUG] Processed 1 batches from val_dataloader
  [DEBUG] Predictions shape after concat: (2,)
  [DEBUG] All predictions list length: 1
  [DEBUG] First batch shape: (2,)
  Pred std: 0.002398, range: 0.004795, mean: 0.223132
  Pos: 100.0%, Neg: 0.0%, Unique: 2
  Dir Acc: 100.00%, Pred Sharpe: 1477.3524
  Composite: 1.0000 (dist_match: 1.0000, actual_pos: 100.0%, pred_pos: 100.0%)
  Collapse penalty: 0.000000 (threshold: 0.005000)
  Saved validation predictions to: experiments/wf_monthly_weekly_enc12/fold_202201/collapse_monitoring/val_predictions_epoch1.npy
  Gradient norms:
    lstm_encoder: 0.019597
    lstm_decoder: 0.022005
    output_layer: 1.022918
  VSN output std:
    encoder: 0.135809
  Attention entropy: 2.482020
  Saved to: experiments/wf_monthly_weekly_enc12/fold_202201/collapse_monitoring/collapse_monitor_latest.json
[DEBUG CollapseMonitor] on_validation_epoch_start called for epoch 2
[DEBUG CollapseMonitor] reset_temporal_state() called on loss function
Epoch 2: val_loss=0.7908904552459717
Epoch 2: train_loss=1.0491218566894531

[CollapseMonitor] Epoch 2
  [DEBUG] Processed 1 batches from val_dataloader
  [DEBUG] Predictions shape after concat: (2,)
  [DEBUG] All predictions list length: 1
  [DEBUG] First batch shape: (2,)
  Pred std: 0.001362, range: 0.002724, mean: 0.183615
  Pos: 100.0%, Neg: 0.0%, Unique: 2
  Dir Acc: 100.00%, Pred Sharpe: 2139.8890
  Composite: 1.0000 (dist_match: 1.0000, actual_pos: 100.0%, pred_pos: 100.0%)
  Collapse penalty: 0.000000 (threshold: 0.005000)
  Saved validation predictions to: experiments/wf_monthly_weekly_enc12/fold_202201/collapse_monitoring/val_predictions_epoch2.npy
  Gradient norms:
    lstm_encoder: 0.014442
    lstm_decoder: 0.013690
    output_layer: 0.650790
  VSN output std:
    encoder: 0.135443
  Attention entropy: 2.482058
  Saved to: experiments/wf_monthly_weekly_enc12/fold_202201/collapse_monitoring/collapse_monitor_latest.json
[DEBUG CollapseMonitor] on_validation_epoch_start called for epoch 3
[DEBUG CollapseMonitor] reset_temporal_state() called on loss function
Epoch 3: val_loss=0.6712790727615356
Epoch 3: train_loss=0.9835699796676636

[CollapseMonitor] Epoch 3
  [DEBUG] Processed 1 batches from val_dataloader
  [DEBUG] Predictions shape after concat: (2,)
  [DEBUG] All predictions list length: 1
  [DEBUG] First batch shape: (2,)
  Pred std: 0.001232, range: 0.002465, mean: 0.181470
  Pos: 100.0%, Neg: 0.0%, Unique: 2
  Dir Acc: 100.00%, Pred Sharpe: 2337.7642
  Composite: 1.0000 (dist_match: 1.0000, actual_pos: 100.0%, pred_pos: 100.0%)
  Collapse penalty: 0.000000 (threshold: 0.005000)
  Saved validation predictions to: experiments/wf_monthly_weekly_enc12/fold_202201/collapse_monitoring/val_predictions_epoch3.npy
  Gradient norms:
    lstm_encoder: 0.011945
    lstm_decoder: 0.011239
    output_layer: 0.445958
  VSN output std:
    encoder: 0.134854
  Attention entropy: 2.481019
  Saved to: experiments/wf_monthly_weekly_enc12/fold_202201/collapse_monitoring/collapse_monitor_latest.json
[DEBUG CollapseMonitor] on_validation_epoch_start called for epoch 4
[DEBUG CollapseMonitor] reset_temporal_state() called on loss function
Epoch 4: val_loss=0.6596043109893799
Epoch 4: train_loss=0.9599486589431763

[CollapseMonitor] Epoch 4
  [DEBUG] Processed 1 batches from val_dataloader
  [DEBUG] Predictions shape after concat: (2,)
  [DEBUG] All predictions list length: 1
  [DEBUG] First batch shape: (2,)
  Pred std: 0.001297, range: 0.002593, mean: 0.231452
  Pos: 100.0%, Neg: 0.0%, Unique: 2
  Dir Acc: 100.00%, Pred Sharpe: 2833.7518
  Composite: 1.0000 (dist_match: 1.0000, actual_pos: 100.0%, pred_pos: 100.0%)
  Collapse penalty: 0.000000 (threshold: 0.005000)
  Saved validation predictions to: experiments/wf_monthly_weekly_enc12/fold_202201/collapse_monitoring/val_predictions_epoch4.npy
  Gradient norms:
    lstm_encoder: 0.011681
    lstm_decoder: 0.011104
    output_layer: 0.413161
  VSN output std:
    encoder: 0.132658
  Attention entropy: 2.480385
  Saved to: experiments/wf_monthly_weekly_enc12/fold_202201/collapse_monitoring/collapse_monitor_latest.json
[DEBUG CollapseMonitor] on_validation_epoch_start called for epoch 5
[DEBUG CollapseMonitor] reset_temporal_state() called on loss function
Epoch 5: val_loss=0.6659833192825317
Epoch 5: train_loss=0.9492051005363464

[CollapseMonitor] Epoch 5
  [DEBUG] Processed 1 batches from val_dataloader
  [DEBUG] Predictions shape after concat: (2,)
  [DEBUG] All predictions list length: 1
  [DEBUG] First batch shape: (2,)
  Pred std: 0.001209, range: 0.002419, mean: 0.206052
  Pos: 100.0%, Neg: 0.0%, Unique: 2
  Dir Acc: 100.00%, Pred Sharpe: 2704.4558
  Composite: 1.0000 (dist_match: 1.0000, actual_pos: 100.0%, pred_pos: 100.0%)
  Collapse penalty: 0.000000 (threshold: 0.005000)
  Saved validation predictions to: experiments/wf_monthly_weekly_enc12/fold_202201/collapse_monitoring/val_predictions_epoch5.npy
  Gradient norms:
    lstm_encoder: 0.011087
    lstm_decoder: 0.010736
    output_layer: 0.392061
  VSN output std:
    encoder: 0.132469
  Attention entropy: 2.480956
  Saved to: experiments/wf_monthly_weekly_enc12/fold_202201/collapse_monitoring/collapse_monitor_latest.json
[DEBUG CollapseMonitor] on_validation_epoch_start called for epoch 6
[DEBUG CollapseMonitor] reset_temporal_state() called on loss function
Epoch 6: val_loss=0.6756833791732788
Epoch 6: train_loss=0.9467318058013916

[CollapseMonitor] Epoch 6
  [DEBUG] Processed 1 batches from val_dataloader
  [DEBUG] Predictions shape after concat: (2,)
  [DEBUG] All predictions list length: 1
  [DEBUG] First batch shape: (2,)
  Pred std: 0.001574, range: 0.003149, mean: 0.209259
  Pos: 100.0%, Neg: 0.0%, Unique: 2
  Dir Acc: 100.00%, Pred Sharpe: 2110.0216
  Composite: 1.0000 (dist_match: 1.0000, actual_pos: 100.0%, pred_pos: 100.0%)
  Collapse penalty: 0.000000 (threshold: 0.005000)
  Saved validation predictions to: experiments/wf_monthly_weekly_enc12/fold_202201/collapse_monitoring/val_predictions_epoch6.npy
  Gradient norms:
    lstm_encoder: 0.010854
    lstm_decoder: 0.010056
    output_layer: 0.364154
  VSN output std:
    encoder: 0.131884
  Attention entropy: 2.478822
  Saved to: experiments/wf_monthly_weekly_enc12/fold_202201/collapse_monitoring/collapse_monitor_latest.json
[DEBUG CollapseMonitor] on_validation_epoch_start called for epoch 7
[DEBUG CollapseMonitor] reset_temporal_state() called on loss function
Epoch 7: val_loss=0.6406141519546509
Epoch 7: train_loss=0.9416869282722473

[CollapseMonitor] Epoch 7
  [DEBUG] Processed 1 batches from val_dataloader
  [DEBUG] Predictions shape after concat: (2,)
  [DEBUG] All predictions list length: 1
  [DEBUG] First batch shape: (2,)
  Pred std: 0.002145, range: 0.004290, mean: 0.339478
  Pos: 100.0%, Neg: 0.0%, Unique: 2
  Dir Acc: 100.00%, Pred Sharpe: 2512.4868
  Composite: 1.0000 (dist_match: 1.0000, actual_pos: 100.0%, pred_pos: 100.0%)
  Collapse penalty: 0.000000 (threshold: 0.005000)
  Saved validation predictions to: experiments/wf_monthly_weekly_enc12/fold_202201/collapse_monitoring/val_predictions_epoch7.npy
  Gradient norms:
    lstm_encoder: 0.011593
    lstm_decoder: 0.010378
    output_layer: 0.375576
  VSN output std:
    encoder: 0.131974
  Attention entropy: 2.479189
  Saved to: experiments/wf_monthly_weekly_enc12/fold_202201/collapse_monitoring/collapse_monitor_latest.json
[DEBUG CollapseMonitor] on_validation_epoch_start called for epoch 8
[DEBUG CollapseMonitor] reset_temporal_state() called on loss function
Epoch 8: val_loss=0.6552484631538391
Epoch 8: train_loss=0.9363248348236084

[CollapseMonitor] Epoch 8
  [DEBUG] Processed 1 batches from val_dataloader
  [DEBUG] Predictions shape after concat: (2,)
  [DEBUG] All predictions list length: 1
  [DEBUG] First batch shape: (2,)
  Pred std: 0.002613, range: 0.005226, mean: 0.318897
  Pos: 100.0%, Neg: 0.0%, Unique: 2
  Dir Acc: 100.00%, Pred Sharpe: 1937.4822
  Composite: 1.0000 (dist_match: 1.0000, actual_pos: 100.0%, pred_pos: 100.0%)
  Collapse penalty: 0.000000 (threshold: 0.005000)
  Saved validation predictions to: experiments/wf_monthly_weekly_enc12/fold_202201/collapse_monitoring/val_predictions_epoch8.npy
  Gradient norms:
    lstm_encoder: 0.012555
    lstm_decoder: 0.011226
    output_layer: 0.390601
  VSN output std:
    encoder: 0.129742
  Attention entropy: 2.479693
  Saved to: experiments/wf_monthly_weekly_enc12/fold_202201/collapse_monitoring/collapse_monitor_latest.json
[DEBUG CollapseMonitor] on_validation_epoch_start called for epoch 9
[DEBUG CollapseMonitor] reset_temporal_state() called on loss function
Epoch 9: val_loss=0.6551387906074524
Epoch 9: train_loss=0.9338287115097046

[CollapseMonitor] Epoch 9
  [DEBUG] Processed 1 batches from val_dataloader
  [DEBUG] Predictions shape after concat: (2,)
  [DEBUG] All predictions list length: 1
  [DEBUG] First batch shape: (2,)
  Pred std: 0.003089, range: 0.006179, mean: 0.343327
  Pos: 100.0%, Neg: 0.0%, Unique: 2
  Dir Acc: 100.00%, Pred Sharpe: 1764.1460
  Composite: 1.0000 (dist_match: 1.0000, actual_pos: 100.0%, pred_pos: 100.0%)
  Collapse penalty: 0.000000 (threshold: 0.005000)
  Saved validation predictions to: experiments/wf_monthly_weekly_enc12/fold_202201/collapse_monitoring/val_predictions_epoch9.npy
  Gradient norms:
    lstm_encoder: 0.012291
    lstm_decoder: 0.010502
    output_layer: 0.366474
  VSN output std:
    encoder: 0.126419
  Attention entropy: 2.475056
  Saved to: experiments/wf_monthly_weekly_enc12/fold_202201/collapse_monitoring/collapse_monitor_latest.json
[DEBUG CollapseMonitor] on_validation_epoch_start called for epoch 10
[DEBUG CollapseMonitor] reset_temporal_state() called on loss function
Epoch 10: val_loss=0.6522650718688965
Epoch 10: train_loss=0.9298689961433411

[CollapseMonitor] Epoch 10
  [DEBUG] Processed 1 batches from val_dataloader
  [DEBUG] Predictions shape after concat: (2,)
  [DEBUG] All predictions list length: 1
  [DEBUG] First batch shape: (2,)
  Pred std: 0.004345, range: 0.008690, mean: 0.308801
  Pos: 100.0%, Neg: 0.0%, Unique: 2
  Dir Acc: 100.00%, Pred Sharpe: 1128.2618
  Composite: 1.0000 (dist_match: 1.0000, actual_pos: 100.0%, pred_pos: 100.0%)
  Collapse penalty: 0.000000 (threshold: 0.005000)
  Saved validation predictions to: experiments/wf_monthly_weekly_enc12/fold_202201/collapse_monitoring/val_predictions_epoch10.npy
  Gradient norms:
    lstm_encoder: 0.014293
    lstm_decoder: 0.011282
    output_layer: 0.380280
  VSN output std:
    encoder: 0.122873
  Attention entropy: 2.407435
  Saved to: experiments/wf_monthly_weekly_enc12/fold_202201/collapse_monitoring/collapse_monitor_latest.json
[DEBUG CollapseMonitor] on_validation_epoch_start called for epoch 11
[DEBUG CollapseMonitor] reset_temporal_state() called on loss function
Epoch 11: val_loss=0.6543984413146973
Epoch 11: train_loss=0.9257572293281555

[CollapseMonitor] Epoch 11
  [DEBUG] Processed 1 batches from val_dataloader
  [DEBUG] Predictions shape after concat: (2,)
  [DEBUG] All predictions list length: 1
  [DEBUG] First batch shape: (2,)
  Pred std: 0.005804, range: 0.011608, mean: 0.336248
  Pos: 100.0%, Neg: 0.0%, Unique: 2
  Dir Acc: 100.00%, Pred Sharpe: 919.6945
  Composite: 1.0000 (dist_match: 1.0000, actual_pos: 100.0%, pred_pos: 100.0%)
  Collapse penalty: 0.000000 (threshold: 0.005000)
  Saved validation predictions to: experiments/wf_monthly_weekly_enc12/fold_202201/collapse_monitoring/val_predictions_epoch11.npy
  Gradient norms:
    lstm_encoder: 0.015049
    lstm_decoder: 0.011392
    output_layer: 0.369966
  VSN output std:
    encoder: 0.143286
  Attention entropy: 2.110469
  Saved to: experiments/wf_monthly_weekly_enc12/fold_202201/collapse_monitoring/collapse_monitor_latest.json
[DEBUG CollapseMonitor] on_validation_epoch_start called for epoch 12
[DEBUG CollapseMonitor] reset_temporal_state() called on loss function
Epoch 12: val_loss=0.65104079246521
Epoch 12: train_loss=0.9222443699836731

[CollapseMonitor] Epoch 12
  [DEBUG] Processed 1 batches from val_dataloader
  [DEBUG] Predictions shape after concat: (2,)
  [DEBUG] All predictions list length: 1
  [DEBUG] First batch shape: (2,)
  Pred std: 0.007653, range: 0.015307, mean: 0.334004
  Pos: 100.0%, Neg: 0.0%, Unique: 2
  Dir Acc: 100.00%, Pred Sharpe: 692.7797
  Composite: 1.0000 (dist_match: 1.0000, actual_pos: 100.0%, pred_pos: 100.0%)
  Collapse penalty: 0.000000 (threshold: 0.005000)
  Saved validation predictions to: experiments/wf_monthly_weekly_enc12/fold_202201/collapse_monitoring/val_predictions_epoch12.npy
  Gradient norms:
    lstm_encoder: 0.016672
    lstm_decoder: 0.011967
    output_layer: 0.385256
  VSN output std:
    encoder: 0.144084
  Attention entropy: 2.320468
  Saved to: experiments/wf_monthly_weekly_enc12/fold_202201/collapse_monitoring/collapse_monitor_latest.json
[DEBUG CollapseMonitor] on_validation_epoch_start called for epoch 13
[DEBUG CollapseMonitor] reset_temporal_state() called on loss function
Epoch 13: val_loss=0.6562151312828064
Epoch 13: train_loss=0.9141820073127747

[CollapseMonitor] Epoch 13
  [DEBUG] Processed 1 batches from val_dataloader
  [DEBUG] Predictions shape after concat: (2,)
  [DEBUG] All predictions list length: 1
  [DEBUG] First batch shape: (2,)
  Pred std: 0.008013, range: 0.016027, mean: 0.329537
  Pos: 100.0%, Neg: 0.0%, Unique: 2
  Dir Acc: 100.00%, Pred Sharpe: 652.8130
  Composite: 1.0000 (dist_match: 1.0000, actual_pos: 100.0%, pred_pos: 100.0%)
  Collapse penalty: 0.000000 (threshold: 0.005000)
  Saved validation predictions to: experiments/wf_monthly_weekly_enc12/fold_202201/collapse_monitoring/val_predictions_epoch13.npy
  Gradient norms:
    lstm_encoder: 0.018443
    lstm_decoder: 0.012574
    output_layer: 0.371952
  VSN output std:
    encoder: 0.155573
  Attention entropy: 2.313832
  Saved to: experiments/wf_monthly_weekly_enc12/fold_202201/collapse_monitoring/collapse_monitor_latest.json
[DEBUG CollapseMonitor] on_validation_epoch_start called for epoch 14
[DEBUG CollapseMonitor] reset_temporal_state() called on loss function
Epoch 14: val_loss=0.6504433155059814
Epoch 14: train_loss=0.9142109751701355

[CollapseMonitor] Epoch 14
  [DEBUG] Processed 1 batches from val_dataloader
  [DEBUG] Predictions shape after concat: (2,)
  [DEBUG] All predictions list length: 1
  [DEBUG] First batch shape: (2,)
  Pred std: 0.007997, range: 0.015994, mean: 0.359710
  Pos: 100.0%, Neg: 0.0%, Unique: 2
  Dir Acc: 100.00%, Pred Sharpe: 714.0406
  Composite: 1.0000 (dist_match: 1.0000, actual_pos: 100.0%, pred_pos: 100.0%)
  Collapse penalty: 0.000000 (threshold: 0.005000)
  Saved validation predictions to: experiments/wf_monthly_weekly_enc12/fold_202201/collapse_monitoring/val_predictions_epoch14.npy
  Gradient norms:
    lstm_encoder: 0.018000
    lstm_decoder: 0.012826
    output_layer: 0.378598
  VSN output std:
    encoder: 0.154881
  Attention entropy: 2.333229
  Saved to: experiments/wf_monthly_weekly_enc12/fold_202201/collapse_monitoring/collapse_monitor_latest.json
[DEBUG CollapseMonitor] on_validation_epoch_start called for epoch 15
[DEBUG CollapseMonitor] reset_temporal_state() called on loss function
Epoch 15: val_loss=0.6583682298660278
Epoch 15: train_loss=0.9118883609771729

[CollapseMonitor] Epoch 15
  [DEBUG] Processed 1 batches from val_dataloader
  [DEBUG] Predictions shape after concat: (2,)
  [DEBUG] All predictions list length: 1
  [DEBUG] First batch shape: (2,)
  Pred std: 0.008345, range: 0.016691, mean: 0.322414
  Pos: 100.0%, Neg: 0.0%, Unique: 2
  Dir Acc: 100.00%, Pred Sharpe: 613.2869
  Composite: 1.0000 (dist_match: 1.0000, actual_pos: 100.0%, pred_pos: 100.0%)
  Collapse penalty: 0.000000 (threshold: 0.005000)
  Saved validation predictions to: experiments/wf_monthly_weekly_enc12/fold_202201/collapse_monitoring/val_predictions_epoch15.npy
  Gradient norms:
    lstm_encoder: 0.018119
    lstm_decoder: 0.012560
    output_layer: 0.375910
  VSN output std:
    encoder: 0.159569
  Attention entropy: 2.268627
  Saved to: experiments/wf_monthly_weekly_enc12/fold_202201/collapse_monitoring/collapse_monitor_latest.json
[DEBUG CollapseMonitor] on_validation_epoch_start called for epoch 16
[DEBUG CollapseMonitor] reset_temporal_state() called on loss function
Epoch 16: val_loss=0.6735575199127197
Epoch 16: train_loss=0.9106058478355408

[CollapseMonitor] Epoch 16
  [DEBUG] Processed 1 batches from val_dataloader
  [DEBUG] Predictions shape after concat: (2,)
  [DEBUG] All predictions list length: 1
  [DEBUG] First batch shape: (2,)
  Pred std: 0.008819, range: 0.017638, mean: 0.280448
  Pos: 100.0%, Neg: 0.0%, Unique: 2
  Dir Acc: 100.00%, Pred Sharpe: 504.8218
  Composite: 1.0000 (dist_match: 1.0000, actual_pos: 100.0%, pred_pos: 100.0%)
  Collapse penalty: 0.000000 (threshold: 0.005000)
  Saved validation predictions to: experiments/wf_monthly_weekly_enc12/fold_202201/collapse_monitoring/val_predictions_epoch16.npy
  Gradient norms:
    lstm_encoder: 0.019423
    lstm_decoder: 0.013192
    output_layer: 0.381860
  VSN output std:
    encoder: 0.158142
  Attention entropy: 2.285002
  Saved to: experiments/wf_monthly_weekly_enc12/fold_202201/collapse_monitoring/collapse_monitor_latest.json
[DEBUG CollapseMonitor] on_validation_epoch_start called for epoch 17
[DEBUG CollapseMonitor] reset_temporal_state() called on loss function
Epoch 17: val_loss=0.6668896079063416
Epoch 17: train_loss=0.9095790386199951

[CollapseMonitor] Epoch 17
  [DEBUG] Processed 1 batches from val_dataloader
  [DEBUG] Predictions shape after concat: (2,)
  [DEBUG] All predictions list length: 1
  [DEBUG] First batch shape: (2,)
  Pred std: 0.009154, range: 0.018309, mean: 0.293505
  Pos: 100.0%, Neg: 0.0%, Unique: 2
  Dir Acc: 100.00%, Pred Sharpe: 508.9687
  Composite: 1.0000 (dist_match: 1.0000, actual_pos: 100.0%, pred_pos: 100.0%)
  Collapse penalty: 0.000000 (threshold: 0.005000)
  Saved validation predictions to: experiments/wf_monthly_weekly_enc12/fold_202201/collapse_monitoring/val_predictions_epoch17.npy
  Gradient norms:
    lstm_encoder: 0.019668
    lstm_decoder: 0.013338
    output_layer: 0.378907
  VSN output std:
    encoder: 0.156799
  Attention entropy: 2.296235
  Saved to: experiments/wf_monthly_weekly_enc12/fold_202201/collapse_monitoring/collapse_monitor_latest.json


======================================================================
Training complete
======================================================================

Best val_loss checkpoint: experiments/wf_monthly_weekly_enc12/fold_202201/checkpoints/tft-epoch=epoch=07-valloss=val_loss=0.6406.ckpt
Best validation loss: 0.640614
Checkpoints saved:
  - Best val_loss: experiments/wf_monthly_weekly_enc12/fold_202201/checkpoints/tft-epoch=epoch=07-valloss=val_loss=0.6406.ckpt
  - Best pred_std: experiments/wf_monthly_weekly_enc12/fold_202201/checkpoints/tft-epoch=epoch=17-predstd=val_pred_std=0.0092.ckpt
  - Best unique: experiments/wf_monthly_weekly_enc12/fold_202201/checkpoints/tft-epoch=epoch=00-unique=val_num_unique=2.ckpt
  - Best dir_acc: experiments/wf_monthly_weekly_enc12/fold_202201/checkpoints/tft-epoch=epoch=00-diracc=val_dir_acc=1.0000.ckpt
  - Best sharpe: experiments/wf_monthly_weekly_enc12/fold_202201/checkpoints/tft-epoch=epoch=04-sharpe=val_sharpe=2833.7517.ckpt
  - Best composite: experiments/wf_monthly_weekly_enc12/fold_202201/checkpoints/tft-epoch=epoch=00-composite=val_composite=1.0000.ckpt
Completed at: 2025-12-03 03:27:32
Log saved to: experiments/wf_monthly_weekly_enc12/fold_202201/training_20251203_032421.log
======================================================================
