Logging to: experiments/02b_vintage_sweep/baseline_h10_drop0.30/vsn_analysis/vsn_analysis_20251129_151310.log
Analysis started at: 2025-11-29 15:13:10
======================================================================
Experiment: 02b_vintage_sweep/baseline_h10_drop0.30
Output directory: experiments/02b_vintage_sweep/baseline_h10_drop0.30/vsn_analysis
Loading config from: experiments/02b_vintage_sweep/baseline_h10_drop0.30/config.json
Using best checkpoint: experiments/02b_vintage_sweep/baseline_h10_drop0.30/checkpoints/tft-epoch=74-val_loss=0.4001.ckpt

Loading data...
Loading test data from: data/splits/vintage/core_proposal_daily_vintage_test.csv
  Train samples: 6074
  Test samples: 1302

Preparing test dataset...
Test dataset size: 1282

Loading model...
Loading model from: experiments/02b_vintage_sweep/baseline_h10_drop0.30/checkpoints/tft-epoch=74-val_loss=0.4001.ckpt
Model loaded on device: cuda

Extracting VSN weights...
  Encoder variables (5): ['relative_time_idx', 'VIX', 'Treasury_10Y', 'Yield_Spread', 'Inflation_YoY']
  Decoder variables (1): ['relative_time_idx']
  Static variables (1): ['encoder_length']

  DEBUG: Output type: <class 'pytorch_forecasting.utils.TupleOutputMixIn.to_network_output.<locals>.Output'>
  DEBUG: Output fields (NamedTuple): ('prediction', 'encoder_attention', 'decoder_attention', 'static_variables', 'encoder_variables', 'decoder_variables', 'decoder_lengths', 'encoder_lengths')
  DEBUG: output.encoder_variables shape: torch.Size([64, 20, 1, 5])
  DEBUG: output.static_variables shape: torch.Size([64, 1, 1])
  DEBUG: output.decoder_variables shape: torch.Size([64, 1, 1, 1])
  Processed batch 20/21

Extraction complete:
  Samples: 1282
  Encoder VSN shape: (1282, 5)
  Decoder VSN shape: (1282, 1)

Analysis period: 2020-08-17 to 2025-10-06

Creating temporal periods:
  2020: 94 samples
  2021: 250 samples
  2022: 249 samples
  2023: 249 samples
  2024: 250 samples
  2025: 190 samples

Analyzing VSN weights by period...

Comparing VSN patterns across periods...

Creating visualizations...
Saved VSN heatmap: experiments/02b_vintage_sweep/baseline_h10_drop0.30/vsn_analysis/vsn_heatmap.png
Saved VSN comparison: experiments/02b_vintage_sweep/baseline_h10_drop0.30/vsn_analysis/vsn_comparison.png
Saved concentration plot: experiments/02b_vintage_sweep/baseline_h10_drop0.30/vsn_analysis/vsn_concentration.png

Saving results...
Saved results: experiments/02b_vintage_sweep/baseline_h10_drop0.30/vsn_analysis/vsn_analysis_results.json

======================================================================
VSN ANALYSIS SUMMARY
======================================================================

Per-Period Feature Importance:
----------------------------------------------------------------------

2020 (94 samples):
  Concentration: 0.5147
  Top 5 features:
    VIX                            0.6951
    Inflation_YoY                  0.1506
    Treasury_10Y                   0.0769
    Yield_Spread                   0.0389
    relative_time_idx              0.0385

2021 (250 samples):
  Concentration: 0.5312
  Top 5 features:
    VIX                            0.7101
    Inflation_YoY                  0.1334
    Treasury_10Y                   0.0762
    relative_time_idx              0.0466
    Yield_Spread                   0.0337

2022 (249 samples):
  Concentration: 0.5639
  Top 5 features:
    VIX                            0.7371
    Inflation_YoY                  0.1110
    Treasury_10Y                   0.0679
    relative_time_idx              0.0515
    Yield_Spread                   0.0325

2023 (249 samples):
  Concentration: 0.5541
  Top 5 features:
    VIX                            0.7287
    Inflation_YoY                  0.1252
    Treasury_10Y                   0.0629
    relative_time_idx              0.0479
    Yield_Spread                   0.0353

2024 (250 samples):
  Concentration: 0.5408
  Top 5 features:
    VIX                            0.7172
    Inflation_YoY                  0.1381
    Treasury_10Y                   0.0621
    relative_time_idx              0.0454
    Yield_Spread                   0.0372

2025 (190 samples):
  Concentration: 0.5413
  Top 5 features:
    VIX                            0.7175
    Inflation_YoY                  0.1394
    Treasury_10Y                   0.0605
    relative_time_idx              0.0430
    Yield_Spread                   0.0395

----------------------------------------------------------------------
Period Comparisons:
----------------------------------------------------------------------

2020_vs_2021:
  Cosine similarity: 0.9995
  L2 distance: 0.0248
  Biggest increases: VIX(+0.015), relative_time_idx(+0.008), Treasury_10Y(-0.001)
  Biggest decreases: Inflation_YoY(-0.017), Yield_Spread(-0.005), Treasury_10Y(-0.001)

2020_vs_2022:
  Cosine similarity: 0.9977
  L2 distance: 0.0603
  Biggest increases: VIX(+0.042), relative_time_idx(+0.013), Yield_Spread(-0.006)
  Biggest decreases: Inflation_YoY(-0.040), Treasury_10Y(-0.009), Yield_Spread(-0.006)

2020_vs_2023:
  Cosine similarity: 0.9987
  L2 distance: 0.0455
  Biggest increases: VIX(+0.034), relative_time_idx(+0.009), Yield_Spread(-0.004)
  Biggest decreases: Inflation_YoY(-0.025), Treasury_10Y(-0.014), Yield_Spread(-0.004)

2020_vs_2024:
  Cosine similarity: 0.9994
  L2 distance: 0.0303
  Biggest increases: VIX(+0.022), relative_time_idx(+0.007), Yield_Spread(-0.002)
  Biggest decreases: Treasury_10Y(-0.015), Inflation_YoY(-0.013), Yield_Spread(-0.002)

2020_vs_2025:
  Cosine similarity: 0.9994
  L2 distance: 0.0302
  Biggest increases: VIX(+0.022), relative_time_idx(+0.005), Yield_Spread(+0.001)
  Biggest decreases: Treasury_10Y(-0.016), Inflation_YoY(-0.011), Yield_Spread(+0.001)

2021_vs_2022:
  Cosine similarity: 0.9992
  L2 distance: 0.0364
  Biggest increases: VIX(+0.027), relative_time_idx(+0.005), Yield_Spread(-0.001)
  Biggest decreases: Inflation_YoY(-0.022), Treasury_10Y(-0.008), Yield_Spread(-0.001)

2021_vs_2023:
  Cosine similarity: 0.9997
  L2 distance: 0.0243
  Biggest increases: VIX(+0.019), Yield_Spread(+0.002), relative_time_idx(+0.001)
  Biggest decreases: Treasury_10Y(-0.013), Inflation_YoY(-0.008), relative_time_idx(+0.001)

2021_vs_2024:
  Cosine similarity: 0.9998
  L2 distance: 0.0169
  Biggest increases: VIX(+0.007), Inflation_YoY(+0.005), Yield_Spread(+0.003)
  Biggest decreases: Treasury_10Y(-0.014), relative_time_idx(-0.001), Yield_Spread(+0.003)

2021_vs_2025:
  Cosine similarity: 0.9997
  L2 distance: 0.0196
  Biggest increases: VIX(+0.007), Inflation_YoY(+0.006), Yield_Spread(+0.006)
  Biggest decreases: Treasury_10Y(-0.016), relative_time_idx(-0.004), Yield_Spread(+0.006)

2022_vs_2023:
  Cosine similarity: 0.9998
  L2 distance: 0.0179
  Biggest increases: Inflation_YoY(+0.014), Yield_Spread(+0.003), relative_time_idx(-0.004)
  Biggest decreases: VIX(-0.008), Treasury_10Y(-0.005), relative_time_idx(-0.004)

2022_vs_2024:
  Cosine similarity: 0.9991
  L2 distance: 0.0350
  Biggest increases: Inflation_YoY(+0.027), Yield_Spread(+0.005), Treasury_10Y(-0.006)
  Biggest decreases: VIX(-0.020), relative_time_idx(-0.006), Treasury_10Y(-0.006)

2022_vs_2025:
  Cosine similarity: 0.9990
  L2 distance: 0.0370
  Biggest increases: Inflation_YoY(+0.028), Yield_Spread(+0.007), Treasury_10Y(-0.007)
  Biggest decreases: VIX(-0.020), relative_time_idx(-0.008), Treasury_10Y(-0.007)

2023_vs_2024:
  Cosine similarity: 0.9998
  L2 distance: 0.0175
  Biggest increases: Inflation_YoY(+0.013), Yield_Spread(+0.002), Treasury_10Y(-0.001)
  Biggest decreases: VIX(-0.011), relative_time_idx(-0.003), Treasury_10Y(-0.001)

2023_vs_2025:
  Cosine similarity: 0.9997
  L2 distance: 0.0194
  Biggest increases: Inflation_YoY(+0.014), Yield_Spread(+0.004), Treasury_10Y(-0.002)
  Biggest decreases: VIX(-0.011), relative_time_idx(-0.005), Treasury_10Y(-0.002)

2024_vs_2025:
  Cosine similarity: 1.0000
  L2 distance: 0.0039
  Biggest increases: Yield_Spread(+0.002), Inflation_YoY(+0.001), VIX(+0.000)
  Biggest decreases: relative_time_idx(-0.002), Treasury_10Y(-0.002), VIX(+0.000)

======================================================================

Analysis complete!
Results saved to: experiments/02b_vintage_sweep/baseline_h10_drop0.30/vsn_analysis
  - vsn_analysis_results.json
  - vsn_heatmap.png
  - vsn_comparison.png
  - vsn_concentration.png
