
[INFO] Using AUTO device selection.

[INFO] Patched matplotlib.Axes.errorbar to abs() negative yerr for robustness.
======================================================================
Training TFT: wf_monthly_weekly_enc12/fold_202003
======================================================================
Logging to: experiments/wf_monthly_weekly_enc12/fold_202003/training_20251203_015458.log
Started at: 2025-12-03 01:54:58
======================================================================
Configuration saved to: experiments/wf_monthly_weekly_enc12/fold_202003/config.json

Loading data splits...
Train: 1508 samples
Val: 13 samples
Test: 16 samples

Preparing TimeSeriesDataSet...

Dropping source columns (used for staleness only): ['CPI']

Final features for TFT: ['SP500_Returns', 'VIX', 'Treasury_10Y', 'Yield_Spread', 'Inflation_YoY']

======================================================================
FEATURE STATISTICS - BEFORE NORMALIZATION
======================================================================
VIX                             mean= 19.0248  std=  7.6797  min=  9.3400  max= 72.9160
Treasury_10Y                    mean=  4.3735  std=  1.8002  min=  1.3700  max=  8.3400
Yield_Spread                    mean=  1.1963  std=  0.8839  min= -0.5200  max=  2.9100
Inflation_YoY                   mean=  2.3944  std=  1.1876  min= -2.1498  max=  6.7300

======================================================================
FEATURES AFTER GROUPNORMALIZER (first batch, last timestep)
======================================================================
VIX                             normalized_value=  1.0000
Treasury_10Y                    normalized_value= -0.0833
Yield_Spread                    normalized_value=  0.5923
Inflation_YoY                   normalized_value= -0.4354
======================================================================

[DEBUG] VIX train values: [31.318 31.68  23.47  21.908 22.596]
[DEBUG] VIX val values: [14.762  14.62   12.404  12.84   13.7725]
Batches per epoch: 93
[DEBUG] Validation batches: 1
[DEBUG] Validation dataset size: 1
[DEBUG] Batch size: 16

Initializing model...

Using standard QuantileLoss (no penalties)

[REGIME OUTPUT] Disabled (using baseline output layer)

================================================================================
BASELINE MODEL FEATURE CONFIGURATION (after from_dataset)
================================================================================
tft.hparams.time_varying_reals_encoder: ['relative_time_idx', 'VIX', 'Treasury_10Y', 'Yield_Spread', 'Inflation_YoY']
  Count: 5

tft.hparams.time_varying_reals_decoder: ['relative_time_idx']
  Count: 1

tft.hparams.x_reals (all reals passed to model): ['encoder_length', 'relative_time_idx', 'VIX', 'Treasury_10Y', 'Yield_Spread', 'Inflation_YoY']
  Count: 6

Encoder VSN configuration:
  num_inputs: 5
  input_sizes: {'relative_time_idx': 16, 'VIX': 16, 'Treasury_10Y': 16, 'Yield_Spread': 16, 'Inflation_YoY': 16}
  flattened_grn.fc1: in_features=80, out_features=5
  -> Params in fc1: 400 (should be 5*16*5=400 if 5 features)
================================================================================

Model parameters: 22,615

Starting training...
Checkpoints will be saved to: experiments/wf_monthly_weekly_enc12/fold_202003/checkpoints/
Logs will be saved to: experiments/wf_monthly_weekly_enc12/fold_202003/logs/

[DEBUG CollapseMonitor] on_validation_epoch_start called for epoch 0
[DEBUG CollapseMonitor] reset_temporal_state() called on loss function
Epoch 0: val_loss=N/A
[DEBUG CollapseMonitor] on_validation_epoch_start called for epoch 0
[DEBUG CollapseMonitor] reset_temporal_state() called on loss function
Epoch 0: val_loss=10.509029388427734
Epoch 0: train_loss=1.3905341625213623

[CollapseMonitor] Epoch 0
  [DEBUG] Processed 1 batches from val_dataloader
  [DEBUG] Predictions shape after concat: (1,)
  [DEBUG] All predictions list length: 1
  [DEBUG] First batch shape: (1,)
  Pred std: 0.000000, range: 0.000000, mean: 0.221875
  Pos: 100.0%, Neg: 0.0%, Unique: 1
  Dir Acc: 0.00%, Pred Sharpe: 0.0000
  Composite: 0.0000 (dist_match: 0.0000, actual_pos: 0.0%, pred_pos: 100.0%)
  Collapse penalty: 0.000000 (threshold: 0.005000)
  Saved validation predictions to: experiments/wf_monthly_weekly_enc12/fold_202003/collapse_monitoring/val_predictions_epoch0.npy
  Gradient norms:
    lstm_encoder: 0.022041
    lstm_decoder: 0.028542
    output_layer: 1.306454
  VSN output std:
    encoder: 0.197698
  Attention entropy: 2.484776
  Saved to: experiments/wf_monthly_weekly_enc12/fold_202003/collapse_monitoring/collapse_monitor_latest.json
[DEBUG CollapseMonitor] on_validation_epoch_start called for epoch 1
[DEBUG CollapseMonitor] reset_temporal_state() called on loss function
Epoch 1: val_loss=10.1411714553833
Epoch 1: train_loss=1.1950539350509644

[CollapseMonitor] Epoch 1
  [DEBUG] Processed 1 batches from val_dataloader
  [DEBUG] Predictions shape after concat: (1,)
  [DEBUG] All predictions list length: 1
  [DEBUG] First batch shape: (1,)
  Pred std: 0.000000, range: 0.000000, mean: 0.157076
  Pos: 100.0%, Neg: 0.0%, Unique: 1
  Dir Acc: 0.00%, Pred Sharpe: 0.0000
  Composite: 0.0000 (dist_match: 0.0000, actual_pos: 0.0%, pred_pos: 100.0%)
  Collapse penalty: 0.000000 (threshold: 0.005000)
  Saved validation predictions to: experiments/wf_monthly_weekly_enc12/fold_202003/collapse_monitoring/val_predictions_epoch1.npy
  Gradient norms:
    lstm_encoder: 0.018905
    lstm_decoder: 0.021465
    output_layer: 1.023400
  VSN output std:
    encoder: 0.199437
  Attention entropy: 2.484889
  Saved to: experiments/wf_monthly_weekly_enc12/fold_202003/collapse_monitoring/collapse_monitor_latest.json
[DEBUG CollapseMonitor] on_validation_epoch_start called for epoch 2
[DEBUG CollapseMonitor] reset_temporal_state() called on loss function
Epoch 2: val_loss=9.913293838500977
Epoch 2: train_loss=1.044739842414856

[CollapseMonitor] Epoch 2
  [DEBUG] Processed 1 batches from val_dataloader
  [DEBUG] Predictions shape after concat: (1,)
  [DEBUG] All predictions list length: 1
  [DEBUG] First batch shape: (1,)
  Pred std: 0.000000, range: 0.000000, mean: 0.112169
  Pos: 100.0%, Neg: 0.0%, Unique: 1
  Dir Acc: 0.00%, Pred Sharpe: 0.0000
  Composite: 0.0000 (dist_match: 0.0000, actual_pos: 0.0%, pred_pos: 100.0%)
  Collapse penalty: 0.000000 (threshold: 0.005000)
  Saved validation predictions to: experiments/wf_monthly_weekly_enc12/fold_202003/collapse_monitoring/val_predictions_epoch2.npy
  Gradient norms:
    lstm_encoder: 0.014773
    lstm_decoder: 0.014305
    output_layer: 0.673839
  VSN output std:
    encoder: 0.194873
  Attention entropy: 2.484856
  Saved to: experiments/wf_monthly_weekly_enc12/fold_202003/collapse_monitoring/collapse_monitor_latest.json
[DEBUG CollapseMonitor] on_validation_epoch_start called for epoch 3
[DEBUG CollapseMonitor] reset_temporal_state() called on loss function
Epoch 3: val_loss=9.810908317565918
Epoch 3: train_loss=0.9651197791099548

[CollapseMonitor] Epoch 3
  [DEBUG] Processed 1 batches from val_dataloader
  [DEBUG] Predictions shape after concat: (1,)
  [DEBUG] All predictions list length: 1
  [DEBUG] First batch shape: (1,)
  Pred std: 0.000000, range: 0.000000, mean: 0.212514
  Pos: 100.0%, Neg: 0.0%, Unique: 1
  Dir Acc: 0.00%, Pred Sharpe: 0.0000
  Composite: 0.0000 (dist_match: 0.0000, actual_pos: 0.0%, pred_pos: 100.0%)
  Collapse penalty: 0.000000 (threshold: 0.005000)
  Saved validation predictions to: experiments/wf_monthly_weekly_enc12/fold_202003/collapse_monitoring/val_predictions_epoch3.npy
  Gradient norms:
    lstm_encoder: 0.012063
    lstm_decoder: 0.011364
    output_layer: 0.454535
  VSN output std:
    encoder: 0.193245
  Attention entropy: 2.484834
  Saved to: experiments/wf_monthly_weekly_enc12/fold_202003/collapse_monitoring/collapse_monitor_latest.json
[DEBUG CollapseMonitor] on_validation_epoch_start called for epoch 4
[DEBUG CollapseMonitor] reset_temporal_state() called on loss function
Epoch 4: val_loss=9.779726028442383
Epoch 4: train_loss=0.9420565366744995

[CollapseMonitor] Epoch 4
  [DEBUG] Processed 1 batches from val_dataloader
  [DEBUG] Predictions shape after concat: (1,)
  [DEBUG] All predictions list length: 1
  [DEBUG] First batch shape: (1,)
  Pred std: 0.000000, range: 0.000000, mean: 0.221489
  Pos: 100.0%, Neg: 0.0%, Unique: 1
  Dir Acc: 0.00%, Pred Sharpe: 0.0000
  Composite: 0.0000 (dist_match: 0.0000, actual_pos: 0.0%, pred_pos: 100.0%)
  Collapse penalty: 0.000000 (threshold: 0.005000)
  Saved validation predictions to: experiments/wf_monthly_weekly_enc12/fold_202003/collapse_monitoring/val_predictions_epoch4.npy
  Gradient norms:
    lstm_encoder: 0.010927
    lstm_decoder: 0.010560
    output_layer: 0.420581
  VSN output std:
    encoder: 0.197084
  Attention entropy: 2.484888
  Saved to: experiments/wf_monthly_weekly_enc12/fold_202003/collapse_monitoring/collapse_monitor_latest.json
[DEBUG CollapseMonitor] on_validation_epoch_start called for epoch 5
[DEBUG CollapseMonitor] reset_temporal_state() called on loss function
Epoch 5: val_loss=9.757379531860352
Epoch 5: train_loss=0.9235048294067383

[CollapseMonitor] Epoch 5
  [DEBUG] Processed 1 batches from val_dataloader
  [DEBUG] Predictions shape after concat: (1,)
  [DEBUG] All predictions list length: 1
  [DEBUG] First batch shape: (1,)
  Pred std: 0.000000, range: 0.000000, mean: 0.241438
  Pos: 100.0%, Neg: 0.0%, Unique: 1
  Dir Acc: 0.00%, Pred Sharpe: 0.0000
  Composite: 0.0000 (dist_match: 0.0000, actual_pos: 0.0%, pred_pos: 100.0%)
  Collapse penalty: 0.000000 (threshold: 0.005000)
  Saved validation predictions to: experiments/wf_monthly_weekly_enc12/fold_202003/collapse_monitoring/val_predictions_epoch5.npy
  Gradient norms:
    lstm_encoder: 0.011106
    lstm_decoder: 0.010487
    output_layer: 0.400938
  VSN output std:
    encoder: 0.192272
  Attention entropy: 2.484905
  Saved to: experiments/wf_monthly_weekly_enc12/fold_202003/collapse_monitoring/collapse_monitor_latest.json
[DEBUG CollapseMonitor] on_validation_epoch_start called for epoch 6
[DEBUG CollapseMonitor] reset_temporal_state() called on loss function
Epoch 6: val_loss=9.73110580444336
Epoch 6: train_loss=0.9216565489768982

[CollapseMonitor] Epoch 6
  [DEBUG] Processed 1 batches from val_dataloader
  [DEBUG] Predictions shape after concat: (1,)
  [DEBUG] All predictions list length: 1
  [DEBUG] First batch shape: (1,)
  Pred std: 0.000000, range: 0.000000, mean: 0.239628
  Pos: 100.0%, Neg: 0.0%, Unique: 1
  Dir Acc: 0.00%, Pred Sharpe: 0.0000
  Composite: 0.0000 (dist_match: 0.0000, actual_pos: 0.0%, pred_pos: 100.0%)
  Collapse penalty: 0.000000 (threshold: 0.005000)
  Saved validation predictions to: experiments/wf_monthly_weekly_enc12/fold_202003/collapse_monitoring/val_predictions_epoch6.npy
  Gradient norms:
    lstm_encoder: 0.010846
    lstm_decoder: 0.010547
    output_layer: 0.404625
  VSN output std:
    encoder: 0.188308
  Attention entropy: 2.484898
  Saved to: experiments/wf_monthly_weekly_enc12/fold_202003/collapse_monitoring/collapse_monitor_latest.json
[DEBUG CollapseMonitor] on_validation_epoch_start called for epoch 7
[DEBUG CollapseMonitor] reset_temporal_state() called on loss function
Epoch 7: val_loss=9.708742141723633
Epoch 7: train_loss=0.9032741189002991

[CollapseMonitor] Epoch 7
  [DEBUG] Processed 1 batches from val_dataloader
  [DEBUG] Predictions shape after concat: (1,)
  [DEBUG] All predictions list length: 1
  [DEBUG] First batch shape: (1,)
  Pred std: 0.000000, range: 0.000000, mean: 0.282808
  Pos: 100.0%, Neg: 0.0%, Unique: 1
  Dir Acc: 0.00%, Pred Sharpe: 0.0000
  Composite: 0.0000 (dist_match: 0.0000, actual_pos: 0.0%, pred_pos: 100.0%)
  Collapse penalty: 0.000000 (threshold: 0.005000)
  Saved validation predictions to: experiments/wf_monthly_weekly_enc12/fold_202003/collapse_monitoring/val_predictions_epoch7.npy
  Gradient norms:
    lstm_encoder: 0.010748
    lstm_decoder: 0.010557
    output_layer: 0.384499
  VSN output std:
    encoder: 0.195499
  Attention entropy: 2.484893
  Saved to: experiments/wf_monthly_weekly_enc12/fold_202003/collapse_monitoring/collapse_monitor_latest.json
[DEBUG CollapseMonitor] on_validation_epoch_start called for epoch 8
[DEBUG CollapseMonitor] reset_temporal_state() called on loss function
Epoch 8: val_loss=9.604962348937988
Epoch 8: train_loss=0.9125170707702637

[CollapseMonitor] Epoch 8
  [DEBUG] Processed 1 batches from val_dataloader
  [DEBUG] Predictions shape after concat: (1,)
  [DEBUG] All predictions list length: 1
  [DEBUG] First batch shape: (1,)
  Pred std: 0.000000, range: 0.000000, mean: 0.201980
  Pos: 100.0%, Neg: 0.0%, Unique: 1
  Dir Acc: 0.00%, Pred Sharpe: 0.0000
  Composite: 0.0000 (dist_match: 0.0000, actual_pos: 0.0%, pred_pos: 100.0%)
  Collapse penalty: 0.000000 (threshold: 0.005000)
  Saved validation predictions to: experiments/wf_monthly_weekly_enc12/fold_202003/collapse_monitoring/val_predictions_epoch8.npy
  Gradient norms:
    lstm_encoder: 0.010162
    lstm_decoder: 0.009502
    output_layer: 0.345768
  VSN output std:
    encoder: 0.207978
  Attention entropy: 2.484816
  Saved to: experiments/wf_monthly_weekly_enc12/fold_202003/collapse_monitoring/collapse_monitor_latest.json
[DEBUG CollapseMonitor] on_validation_epoch_start called for epoch 9
[DEBUG CollapseMonitor] reset_temporal_state() called on loss function
Epoch 9: val_loss=9.661218643188477
Epoch 9: train_loss=0.9073972702026367

[CollapseMonitor] Epoch 9
  [DEBUG] Processed 1 batches from val_dataloader
  [DEBUG] Predictions shape after concat: (1,)
  [DEBUG] All predictions list length: 1
  [DEBUG] First batch shape: (1,)
  Pred std: 0.000000, range: 0.000000, mean: 0.181696
  Pos: 100.0%, Neg: 0.0%, Unique: 1
  Dir Acc: 0.00%, Pred Sharpe: 0.0000
  Composite: 0.0000 (dist_match: 0.0000, actual_pos: 0.0%, pred_pos: 100.0%)
  Collapse penalty: 0.000000 (threshold: 0.005000)
  Saved validation predictions to: experiments/wf_monthly_weekly_enc12/fold_202003/collapse_monitoring/val_predictions_epoch9.npy
  Gradient norms:
    lstm_encoder: 0.011174
    lstm_decoder: 0.010009
    output_layer: 0.351309
  VSN output std:
    encoder: 0.204199
  Attention entropy: 2.484833
  Saved to: experiments/wf_monthly_weekly_enc12/fold_202003/collapse_monitoring/collapse_monitor_latest.json
[DEBUG CollapseMonitor] on_validation_epoch_start called for epoch 10
[DEBUG CollapseMonitor] reset_temporal_state() called on loss function
Epoch 10: val_loss=9.672029495239258
Epoch 10: train_loss=0.9088361263275146

[CollapseMonitor] Epoch 10
  [DEBUG] Processed 1 batches from val_dataloader
  [DEBUG] Predictions shape after concat: (1,)
  [DEBUG] All predictions list length: 1
  [DEBUG] First batch shape: (1,)
  Pred std: 0.000000, range: 0.000000, mean: 0.303726
  Pos: 100.0%, Neg: 0.0%, Unique: 1
  Dir Acc: 0.00%, Pred Sharpe: 0.0000
  Composite: 0.0000 (dist_match: 0.0000, actual_pos: 0.0%, pred_pos: 100.0%)
  Collapse penalty: 0.000000 (threshold: 0.005000)
  Saved validation predictions to: experiments/wf_monthly_weekly_enc12/fold_202003/collapse_monitoring/val_predictions_epoch10.npy
  Gradient norms:
    lstm_encoder: 0.011906
    lstm_decoder: 0.010199
    output_layer: 0.355222
  VSN output std:
    encoder: 0.202111
  Attention entropy: 2.484796
  Saved to: experiments/wf_monthly_weekly_enc12/fold_202003/collapse_monitoring/collapse_monitor_latest.json
[DEBUG CollapseMonitor] on_validation_epoch_start called for epoch 11
[DEBUG CollapseMonitor] reset_temporal_state() called on loss function
Epoch 11: val_loss=9.690274238586426
Epoch 11: train_loss=0.8971797227859497

[CollapseMonitor] Epoch 11
  [DEBUG] Processed 1 batches from val_dataloader
  [DEBUG] Predictions shape after concat: (1,)
  [DEBUG] All predictions list length: 1
  [DEBUG] First batch shape: (1,)
  Pred std: 0.000000, range: 0.000000, mean: 0.273119
  Pos: 100.0%, Neg: 0.0%, Unique: 1
  Dir Acc: 0.00%, Pred Sharpe: 0.0000
  Composite: 0.0000 (dist_match: 0.0000, actual_pos: 0.0%, pred_pos: 100.0%)
  Collapse penalty: 0.000000 (threshold: 0.005000)
  Saved validation predictions to: experiments/wf_monthly_weekly_enc12/fold_202003/collapse_monitoring/val_predictions_epoch11.npy
  Gradient norms:
    lstm_encoder: 0.012910
    lstm_decoder: 0.010607
    output_layer: 0.379178
  VSN output std:
    encoder: 0.194143
  Attention entropy: 2.484659
  Saved to: experiments/wf_monthly_weekly_enc12/fold_202003/collapse_monitoring/collapse_monitor_latest.json
[DEBUG CollapseMonitor] on_validation_epoch_start called for epoch 12
[DEBUG CollapseMonitor] reset_temporal_state() called on loss function
Epoch 12: val_loss=9.78785514831543
Epoch 12: train_loss=0.9032889008522034

[CollapseMonitor] Epoch 12
  [DEBUG] Processed 1 batches from val_dataloader
  [DEBUG] Predictions shape after concat: (1,)
  [DEBUG] All predictions list length: 1
  [DEBUG] First batch shape: (1,)
  Pred std: 0.000000, range: 0.000000, mean: 0.280598
  Pos: 100.0%, Neg: 0.0%, Unique: 1
  Dir Acc: 0.00%, Pred Sharpe: 0.0000
  Composite: 0.0000 (dist_match: 0.0000, actual_pos: 0.0%, pred_pos: 100.0%)
  Collapse penalty: 0.000000 (threshold: 0.005000)
  Saved validation predictions to: experiments/wf_monthly_weekly_enc12/fold_202003/collapse_monitoring/val_predictions_epoch12.npy
  Gradient norms:
    lstm_encoder: 0.013863
    lstm_decoder: 0.011269
    output_layer: 0.385869
  VSN output std:
    encoder: 0.184578
  Attention entropy: 2.484254
  Saved to: experiments/wf_monthly_weekly_enc12/fold_202003/collapse_monitoring/collapse_monitor_latest.json
[DEBUG CollapseMonitor] on_validation_epoch_start called for epoch 13
[DEBUG CollapseMonitor] reset_temporal_state() called on loss function
Epoch 13: val_loss=9.816183090209961
Epoch 13: train_loss=0.899142861366272

[CollapseMonitor] Epoch 13
  [DEBUG] Processed 1 batches from val_dataloader
  [DEBUG] Predictions shape after concat: (1,)
  [DEBUG] All predictions list length: 1
  [DEBUG] First batch shape: (1,)
  Pred std: 0.000000, range: 0.000000, mean: 0.260031
  Pos: 100.0%, Neg: 0.0%, Unique: 1
  Dir Acc: 0.00%, Pred Sharpe: 0.0000
  Composite: 0.0000 (dist_match: 0.0000, actual_pos: 0.0%, pred_pos: 100.0%)
  Collapse penalty: 0.000000 (threshold: 0.005000)
  Saved validation predictions to: experiments/wf_monthly_weekly_enc12/fold_202003/collapse_monitoring/val_predictions_epoch13.npy
  Gradient norms:
    lstm_encoder: 0.015038
    lstm_decoder: 0.011202
    output_layer: 0.357334
  VSN output std:
    encoder: 0.174107
  Attention entropy: 2.483617
  Saved to: experiments/wf_monthly_weekly_enc12/fold_202003/collapse_monitoring/collapse_monitor_latest.json
[DEBUG CollapseMonitor] on_validation_epoch_start called for epoch 14
[DEBUG CollapseMonitor] reset_temporal_state() called on loss function
Epoch 14: val_loss=9.819395065307617
Epoch 14: train_loss=0.8965418934822083

[CollapseMonitor] Epoch 14
  [DEBUG] Processed 1 batches from val_dataloader
  [DEBUG] Predictions shape after concat: (1,)
  [DEBUG] All predictions list length: 1
  [DEBUG] First batch shape: (1,)
  Pred std: 0.000000, range: 0.000000, mean: 0.283863
  Pos: 100.0%, Neg: 0.0%, Unique: 1
  Dir Acc: 0.00%, Pred Sharpe: 0.0000
  Composite: 0.0000 (dist_match: 0.0000, actual_pos: 0.0%, pred_pos: 100.0%)
  Collapse penalty: 0.000000 (threshold: 0.005000)
  Saved validation predictions to: experiments/wf_monthly_weekly_enc12/fold_202003/collapse_monitoring/val_predictions_epoch14.npy
  Gradient norms:
    lstm_encoder: 0.015471
    lstm_decoder: 0.011668
    output_layer: 0.369160
  VSN output std:
    encoder: 0.174222
  Attention entropy: 2.483342
  Saved to: experiments/wf_monthly_weekly_enc12/fold_202003/collapse_monitoring/collapse_monitor_latest.json
[DEBUG CollapseMonitor] on_validation_epoch_start called for epoch 15
[DEBUG CollapseMonitor] reset_temporal_state() called on loss function
Epoch 15: val_loss=9.86346435546875
Epoch 15: train_loss=0.8909155130386353

[CollapseMonitor] Epoch 15
  [DEBUG] Processed 1 batches from val_dataloader
  [DEBUG] Predictions shape after concat: (1,)
  [DEBUG] All predictions list length: 1
  [DEBUG] First batch shape: (1,)
  Pred std: 0.000000, range: 0.000000, mean: 0.293256
  Pos: 100.0%, Neg: 0.0%, Unique: 1
  Dir Acc: 0.00%, Pred Sharpe: 0.0000
  Composite: 0.0000 (dist_match: 0.0000, actual_pos: 0.0%, pred_pos: 100.0%)
  Collapse penalty: 0.000000 (threshold: 0.005000)
  Saved validation predictions to: experiments/wf_monthly_weekly_enc12/fold_202003/collapse_monitoring/val_predictions_epoch15.npy
  Gradient norms:
    lstm_encoder: 0.016495
    lstm_decoder: 0.012092
    output_layer: 0.370855
  VSN output std:
    encoder: 0.175066
  Attention entropy: 2.482728
  Saved to: experiments/wf_monthly_weekly_enc12/fold_202003/collapse_monitoring/collapse_monitor_latest.json
[DEBUG CollapseMonitor] on_validation_epoch_start called for epoch 16
[DEBUG CollapseMonitor] reset_temporal_state() called on loss function
Epoch 16: val_loss=9.879528045654297
Epoch 16: train_loss=0.8884710669517517

[CollapseMonitor] Epoch 16
  [DEBUG] Processed 1 batches from val_dataloader
  [DEBUG] Predictions shape after concat: (1,)
  [DEBUG] All predictions list length: 1
  [DEBUG] First batch shape: (1,)
  Pred std: 0.000000, range: 0.000000, mean: 0.356483
  Pos: 100.0%, Neg: 0.0%, Unique: 1
  Dir Acc: 0.00%, Pred Sharpe: 0.0000
  Composite: 0.0000 (dist_match: 0.0000, actual_pos: 0.0%, pred_pos: 100.0%)
  Collapse penalty: 0.000000 (threshold: 0.005000)
  Saved validation predictions to: experiments/wf_monthly_weekly_enc12/fold_202003/collapse_monitoring/val_predictions_epoch16.npy
  Gradient norms:
    lstm_encoder: 0.016864
    lstm_decoder: 0.011990
    output_layer: 0.348142
  VSN output std:
    encoder: 0.171083
  Attention entropy: 2.482056
  Saved to: experiments/wf_monthly_weekly_enc12/fold_202003/collapse_monitoring/collapse_monitor_latest.json
[DEBUG CollapseMonitor] on_validation_epoch_start called for epoch 17
[DEBUG CollapseMonitor] reset_temporal_state() called on loss function
Epoch 17: val_loss=9.946876525878906
Epoch 17: train_loss=0.8866758346557617

[CollapseMonitor] Epoch 17
  [DEBUG] Processed 1 batches from val_dataloader
  [DEBUG] Predictions shape after concat: (1,)
  [DEBUG] All predictions list length: 1
  [DEBUG] First batch shape: (1,)
  Pred std: 0.000000, range: 0.000000, mean: 0.277183
  Pos: 100.0%, Neg: 0.0%, Unique: 1
  Dir Acc: 0.00%, Pred Sharpe: 0.0000
  Composite: 0.0000 (dist_match: 0.0000, actual_pos: 0.0%, pred_pos: 100.0%)
  Collapse penalty: 0.000000 (threshold: 0.005000)
  Saved validation predictions to: experiments/wf_monthly_weekly_enc12/fold_202003/collapse_monitoring/val_predictions_epoch17.npy
  Gradient norms:
    lstm_encoder: 0.016954
    lstm_decoder: 0.012012
    output_layer: 0.350650
  VSN output std:
    encoder: 0.173540
  Attention entropy: 2.482396
  Saved to: experiments/wf_monthly_weekly_enc12/fold_202003/collapse_monitoring/collapse_monitor_latest.json
[DEBUG CollapseMonitor] on_validation_epoch_start called for epoch 18
[DEBUG CollapseMonitor] reset_temporal_state() called on loss function
Epoch 18: val_loss=9.94304084777832
Epoch 18: train_loss=0.8859367966651917

[CollapseMonitor] Epoch 18
  [DEBUG] Processed 1 batches from val_dataloader
  [DEBUG] Predictions shape after concat: (1,)
  [DEBUG] All predictions list length: 1
  [DEBUG] First batch shape: (1,)
  Pred std: 0.000000, range: 0.000000, mean: 0.335034
  Pos: 100.0%, Neg: 0.0%, Unique: 1
  Dir Acc: 0.00%, Pred Sharpe: 0.0000
  Composite: 0.0000 (dist_match: 0.0000, actual_pos: 0.0%, pred_pos: 100.0%)
  Collapse penalty: 0.000000 (threshold: 0.005000)
  Saved validation predictions to: experiments/wf_monthly_weekly_enc12/fold_202003/collapse_monitoring/val_predictions_epoch18.npy
  Gradient norms:
    lstm_encoder: 0.018988
    lstm_decoder: 0.013212
    output_layer: 0.366649
  VSN output std:
    encoder: 0.173302
  Attention entropy: 2.482413
  Saved to: experiments/wf_monthly_weekly_enc12/fold_202003/collapse_monitoring/collapse_monitor_latest.json


======================================================================
Training complete
======================================================================

Best val_loss checkpoint: experiments/wf_monthly_weekly_enc12/fold_202003/checkpoints/tft-epoch=epoch=08-valloss=val_loss=9.6050.ckpt
Best validation loss: 9.604962
Checkpoints saved:
  - Best val_loss: experiments/wf_monthly_weekly_enc12/fold_202003/checkpoints/tft-epoch=epoch=08-valloss=val_loss=9.6050.ckpt
  - Best pred_std: experiments/wf_monthly_weekly_enc12/fold_202003/checkpoints/tft-epoch=epoch=00-predstd=val_pred_std=0.0000.ckpt
  - Best unique: experiments/wf_monthly_weekly_enc12/fold_202003/checkpoints/tft-epoch=epoch=00-unique=val_num_unique=1.ckpt
  - Best dir_acc: experiments/wf_monthly_weekly_enc12/fold_202003/checkpoints/tft-epoch=epoch=00-diracc=val_dir_acc=0.0000.ckpt
  - Best sharpe: experiments/wf_monthly_weekly_enc12/fold_202003/checkpoints/tft-epoch=epoch=00-sharpe=val_sharpe=0.0000.ckpt
  - Best composite: experiments/wf_monthly_weekly_enc12/fold_202003/checkpoints/tft-epoch=epoch=00-composite=val_composite=0.0000.ckpt
Completed at: 2025-12-03 01:58:16
Log saved to: experiments/wf_monthly_weekly_enc12/fold_202003/training_20251203_015458.log
======================================================================
