======================================================================
Training TFT: 00_baseline_exploration/sweep_hidden_64
======================================================================
Logging to: experiments/00_baseline_exploration/sweep_hidden_64/training_20251029_202332.log
Started at: 2025-10-29 20:23:32
======================================================================
Configuration saved to: experiments/00_baseline_exploration/sweep_hidden_64/config.json

Loading data splits...
Train: 6066 samples
Val: 1300 samples
Test: 1300 samples

Preparing TimeSeriesDataSet...

Dropping source columns (used for staleness only): ['CPI']

Final features for TFT: ['SP500_Returns', 'VIX', 'Treasury_10Y', 'Yield_Spread', 'Inflation_YoY']

======================================================================
FEATURE STATISTICS - BEFORE NORMALIZATION
======================================================================
VIX                             mean= 19.7193  std=  8.0201  min=  9.3100  max= 80.8600
Treasury_10Y                    mean=  4.7588  std=  1.6860  min=  1.4300  max=  8.3600
Yield_Spread                    mean=  1.2786  std=  0.9184  min= -0.5200  max=  2.9100
Inflation_YoY                   mean=  2.5055  std=  1.1650  min= -1.9588  max=  5.7255

======================================================================
FEATURES AFTER GROUPNORMALIZER (first batch, last timestep)
======================================================================
VIX                             normalized_value=  1.0000
Treasury_10Y                    normalized_value= -0.0500
Yield_Spread                    normalized_value= -0.4214
Inflation_YoY                   normalized_value= -0.9721
======================================================================

Batches per epoch: 94
[DEBUG] Validation batches: 20
[DEBUG] Validation dataset size: 1280
[DEBUG] Batch size: 64

Initializing model...
Model parameters: 231,823

Starting training...
Checkpoints will be saved to: experiments/00_baseline_exploration/sweep_hidden_64/checkpoints/
Logs will be saved to: experiments/00_baseline_exploration/sweep_hidden_64/logs/

Epoch 0: val_loss=N/A
Epoch 0: val_loss=0.6592612266540527
Epoch 0: train_loss=1.1008611917495728

[CollapseMonitor] Epoch 0
  [DEBUG] Processed 20 batches from val_dataloader
  [DEBUG] Predictions shape after concat: (1280,)
  [DEBUG] All predictions list length: 20
  [DEBUG] First batch shape: (64,)
  Pred std: 0.067449, range: 0.236184, mean: -0.840893
  Pos: 0.0%, Neg: 100.0%, Unique: 1273
  Saved validation predictions to: experiments/00_baseline_exploration/sweep_hidden_64/collapse_monitoring/val_predictions_epoch0.npy
  Gradient norms:
    lstm_encoder: 0.049576
    lstm_decoder: 0.055737
    multihead_attn: 0.036547
    output_layer: 1.669509
  VSN output std:
    encoder: 0.162534
  Attention entropy: 2.977943
  Saved to: experiments/00_baseline_exploration/sweep_hidden_64/collapse_monitoring/collapse_monitor_epoch0.json
Epoch 1: val_loss=0.4537828862667084
Epoch 1: train_loss=0.5518102645874023

[CollapseMonitor] Epoch 1
  [DEBUG] Processed 20 batches from val_dataloader
  [DEBUG] Predictions shape after concat: (1280,)
  [DEBUG] All predictions list length: 20
  [DEBUG] First batch shape: (64,)
  Pred std: 0.013030, range: 0.058219, mean: -0.018250
  Pos: 9.2%, Neg: 90.8%, Unique: 1260
  Saved validation predictions to: experiments/00_baseline_exploration/sweep_hidden_64/collapse_monitoring/val_predictions_epoch1.npy
  Gradient norms:
    lstm_encoder: 0.015698
    lstm_decoder: 0.017460
    multihead_attn: 0.009140
    output_layer: 0.529608
  VSN output std:
    encoder: 0.153162
  Attention entropy: 2.983048
  Saved to: experiments/00_baseline_exploration/sweep_hidden_64/collapse_monitoring/collapse_monitor_epoch1.json
Epoch 2: val_loss=0.4461976885795593
Epoch 2: train_loss=0.4601561427116394

[CollapseMonitor] Epoch 2
  [DEBUG] Processed 20 batches from val_dataloader
  [DEBUG] Predictions shape after concat: (1280,)
  [DEBUG] All predictions list length: 20
  [DEBUG] First batch shape: (64,)
  Pred std: 0.013989, range: 0.071347, mean: 0.083988
  Pos: 100.0%, Neg: 0.0%, Unique: 1261
  Saved validation predictions to: experiments/00_baseline_exploration/sweep_hidden_64/collapse_monitoring/val_predictions_epoch2.npy
  Gradient norms:
    lstm_encoder: 0.005916
    lstm_decoder: 0.005933
    multihead_attn: 0.003969
    output_layer: 0.168797
  VSN output std:
    encoder: 0.154262
  Attention entropy: 2.979443
  Saved to: experiments/00_baseline_exploration/sweep_hidden_64/collapse_monitoring/collapse_monitor_epoch2.json
Epoch 3: val_loss=0.4366087019443512
Epoch 3: train_loss=0.4520743489265442

[CollapseMonitor] Epoch 3
  [DEBUG] Processed 20 batches from val_dataloader
  [DEBUG] Predictions shape after concat: (1280,)
  [DEBUG] All predictions list length: 20
  [DEBUG] First batch shape: (64,)
  Pred std: 0.012511, range: 0.092247, mean: 0.045824
  Pos: 99.5%, Neg: 0.5%, Unique: 1250
  Saved validation predictions to: experiments/00_baseline_exploration/sweep_hidden_64/collapse_monitoring/val_predictions_epoch3.npy
  Gradient norms:
    lstm_encoder: 0.006293
    lstm_decoder: 0.006066
    multihead_attn: 0.004254
    output_layer: 0.170343
  VSN output std:
    encoder: 0.171286
  Attention entropy: 2.980976
  Saved to: experiments/00_baseline_exploration/sweep_hidden_64/collapse_monitoring/collapse_monitor_epoch3.json
Epoch 4: val_loss=0.42734479904174805
Epoch 4: train_loss=0.44335511326789856

[CollapseMonitor] Epoch 4
  [DEBUG] Processed 20 batches from val_dataloader
  [DEBUG] Predictions shape after concat: (1280,)
  [DEBUG] All predictions list length: 20
  [DEBUG] First batch shape: (64,)
  Pred std: 0.017840, range: 0.107941, mean: 0.106108
  Pos: 100.0%, Neg: 0.0%, Unique: 1261
  Saved validation predictions to: experiments/00_baseline_exploration/sweep_hidden_64/collapse_monitoring/val_predictions_epoch4.npy
  Gradient norms:
    lstm_encoder: 0.006998
    lstm_decoder: 0.006298
    multihead_attn: 0.005431
    output_layer: 0.168737
  VSN output std:
    encoder: 0.179111
  Attention entropy: 2.985403
  Saved to: experiments/00_baseline_exploration/sweep_hidden_64/collapse_monitoring/collapse_monitor_epoch4.json
Epoch 5: val_loss=0.4225333333015442
Epoch 5: train_loss=0.43785783648490906

[CollapseMonitor] Epoch 5
  [DEBUG] Processed 20 batches from val_dataloader
  [DEBUG] Predictions shape after concat: (1280,)
  [DEBUG] All predictions list length: 20
  [DEBUG] First batch shape: (64,)
  Pred std: 0.023883, range: 0.151864, mean: 0.104566
  Pos: 100.0%, Neg: 0.0%, Unique: 1270
  Saved validation predictions to: experiments/00_baseline_exploration/sweep_hidden_64/collapse_monitoring/val_predictions_epoch5.npy
  Gradient norms:
    lstm_encoder: 0.007471
    lstm_decoder: 0.006417
    multihead_attn: 0.005432
    output_layer: 0.166751
  VSN output std:
    encoder: 0.186554
  Attention entropy: 2.979414
  Saved to: experiments/00_baseline_exploration/sweep_hidden_64/collapse_monitoring/collapse_monitor_epoch5.json
Epoch 6: val_loss=0.4190356731414795
Epoch 6: train_loss=0.43335285782814026

[CollapseMonitor] Epoch 6
  [DEBUG] Processed 20 batches from val_dataloader
  [DEBUG] Predictions shape after concat: (1280,)
  [DEBUG] All predictions list length: 20
  [DEBUG] First batch shape: (64,)
  Pred std: 0.034309, range: 0.183447, mean: 0.025806
  Pos: 77.0%, Neg: 23.0%, Unique: 1274
  Saved validation predictions to: experiments/00_baseline_exploration/sweep_hidden_64/collapse_monitoring/val_predictions_epoch6.npy
  Gradient norms:
    lstm_encoder: 0.007821
    lstm_decoder: 0.006437
    multihead_attn: 0.005186
    output_layer: 0.161974
  VSN output std:
    encoder: 0.201121
  Attention entropy: 2.963114
  Saved to: experiments/00_baseline_exploration/sweep_hidden_64/collapse_monitoring/collapse_monitor_epoch6.json
Epoch 7: val_loss=0.41717928647994995
Epoch 7: train_loss=0.4318390190601349

[CollapseMonitor] Epoch 7
  [DEBUG] Processed 20 batches from val_dataloader
  [DEBUG] Predictions shape after concat: (1280,)
  [DEBUG] All predictions list length: 20
  [DEBUG] First batch shape: (64,)
  Pred std: 0.029390, range: 0.233882, mean: 0.086111
  Pos: 98.6%, Neg: 1.4%, Unique: 1271
  Saved validation predictions to: experiments/00_baseline_exploration/sweep_hidden_64/collapse_monitoring/val_predictions_epoch7.npy
  Gradient norms:
    lstm_encoder: 0.008648
    lstm_decoder: 0.006996
    multihead_attn: 0.004648
    output_layer: 0.163691
  VSN output std:
    encoder: 0.195453
  Attention entropy: 2.943529
  Saved to: experiments/00_baseline_exploration/sweep_hidden_64/collapse_monitoring/collapse_monitor_epoch7.json
Epoch 8: val_loss=0.41268038749694824
Epoch 8: train_loss=0.4295428991317749

[CollapseMonitor] Epoch 8
  [DEBUG] Processed 20 batches from val_dataloader
  [DEBUG] Predictions shape after concat: (1280,)
  [DEBUG] All predictions list length: 20
  [DEBUG] First batch shape: (64,)
  Pred std: 0.043897, range: 0.280664, mean: 0.093464
  Pos: 99.5%, Neg: 0.5%, Unique: 1276
  Saved validation predictions to: experiments/00_baseline_exploration/sweep_hidden_64/collapse_monitoring/val_predictions_epoch8.npy
  Gradient norms:
    lstm_encoder: 0.009339
    lstm_decoder: 0.007045
    multihead_attn: 0.004543
    output_layer: 0.152842
  VSN output std:
    encoder: 0.187323
  Attention entropy: 2.903232
  Saved to: experiments/00_baseline_exploration/sweep_hidden_64/collapse_monitoring/collapse_monitor_epoch8.json
Epoch 9: val_loss=0.41196298599243164
Epoch 9: train_loss=0.42797204852104187

[CollapseMonitor] Epoch 9
  [DEBUG] Processed 20 batches from val_dataloader
  [DEBUG] Predictions shape after concat: (1280,)
  [DEBUG] All predictions list length: 20
  [DEBUG] First batch shape: (64,)
  Pred std: 0.039129, range: 0.266001, mean: 0.046548
  Pos: 97.2%, Neg: 2.8%, Unique: 1267
  Saved validation predictions to: experiments/00_baseline_exploration/sweep_hidden_64/collapse_monitoring/val_predictions_epoch9.npy
  Gradient norms:
    lstm_encoder: 0.009638
    lstm_decoder: 0.007286
    multihead_attn: 0.004270
    output_layer: 0.155902
  VSN output std:
    encoder: 0.183951
  Attention entropy: 2.889418
  Saved to: experiments/00_baseline_exploration/sweep_hidden_64/collapse_monitoring/collapse_monitor_epoch9.json
Epoch 10: val_loss=0.41032418608665466
Epoch 10: train_loss=0.4270833134651184

[CollapseMonitor] Epoch 10
  [DEBUG] Processed 20 batches from val_dataloader
  [DEBUG] Predictions shape after concat: (1280,)
  [DEBUG] All predictions list length: 20
  [DEBUG] First batch shape: (64,)
  Pred std: 0.048962, range: 0.321432, mean: 0.046016
  Pos: 86.3%, Neg: 13.7%, Unique: 1267
  Saved validation predictions to: experiments/00_baseline_exploration/sweep_hidden_64/collapse_monitoring/val_predictions_epoch10.npy
  Gradient norms:
    lstm_encoder: 0.010907
    lstm_decoder: 0.008300
    multihead_attn: 0.004183
    output_layer: 0.172436
  VSN output std:
    encoder: 0.177737
  Attention entropy: 2.826349
  Saved to: experiments/00_baseline_exploration/sweep_hidden_64/collapse_monitoring/collapse_monitor_epoch10.json
Epoch 11: val_loss=0.4084393084049225
Epoch 11: train_loss=0.42601701617240906

[CollapseMonitor] Epoch 11
  [DEBUG] Processed 20 batches from val_dataloader
  [DEBUG] Predictions shape after concat: (1280,)
  [DEBUG] All predictions list length: 20
  [DEBUG] First batch shape: (64,)
  Pred std: 0.041556, range: 0.320661, mean: 0.071151
  Pos: 98.8%, Neg: 1.2%, Unique: 1264
  Saved validation predictions to: experiments/00_baseline_exploration/sweep_hidden_64/collapse_monitoring/val_predictions_epoch11.npy
  Gradient norms:
    lstm_encoder: 0.010995
    lstm_decoder: 0.008318
    multihead_attn: 0.003761
    output_layer: 0.170429
  VSN output std:
    encoder: 0.195981
  Attention entropy: 2.796217
  Saved to: experiments/00_baseline_exploration/sweep_hidden_64/collapse_monitoring/collapse_monitor_epoch11.json
Epoch 12: val_loss=0.40660661458969116
Epoch 12: train_loss=0.4251008927822113

[CollapseMonitor] Epoch 12
  [DEBUG] Processed 20 batches from val_dataloader
  [DEBUG] Predictions shape after concat: (1280,)
  [DEBUG] All predictions list length: 20
  [DEBUG] First batch shape: (64,)
  Pred std: 0.048761, range: 0.410102, mean: 0.032997
  Pos: 94.0%, Neg: 6.0%, Unique: 1271
  Saved validation predictions to: experiments/00_baseline_exploration/sweep_hidden_64/collapse_monitoring/val_predictions_epoch12.npy
  Gradient norms:
    lstm_encoder: 0.011384
    lstm_decoder: 0.008652
    multihead_attn: 0.003522
    output_layer: 0.175464
  VSN output std:
    encoder: 0.187749
  Attention entropy: 2.769579
  Saved to: experiments/00_baseline_exploration/sweep_hidden_64/collapse_monitoring/collapse_monitor_epoch12.json
Epoch 13: val_loss=0.40655604004859924
Epoch 13: train_loss=0.4251357913017273

[CollapseMonitor] Epoch 13
  [DEBUG] Processed 20 batches from val_dataloader
  [DEBUG] Predictions shape after concat: (1280,)
  [DEBUG] All predictions list length: 20
  [DEBUG] First batch shape: (64,)
  Pred std: 0.046584, range: 0.408842, mean: 0.113715
  Pos: 98.0%, Neg: 2.0%, Unique: 1263
  Saved validation predictions to: experiments/00_baseline_exploration/sweep_hidden_64/collapse_monitoring/val_predictions_epoch13.npy
  Gradient norms:
    lstm_encoder: 0.011148
    lstm_decoder: 0.008602
    multihead_attn: 0.003358
    output_layer: 0.172546
  VSN output std:
    encoder: 0.194238
  Attention entropy: 2.728479
  Saved to: experiments/00_baseline_exploration/sweep_hidden_64/collapse_monitoring/collapse_monitor_epoch13.json
Epoch 14: val_loss=0.40378713607788086
Epoch 14: train_loss=0.4242522418498993

[CollapseMonitor] Epoch 14
  [DEBUG] Processed 20 batches from val_dataloader
  [DEBUG] Predictions shape after concat: (1280,)
  [DEBUG] All predictions list length: 20
  [DEBUG] First batch shape: (64,)
  Pred std: 0.045355, range: 0.403894, mean: 0.051321
  Pos: 93.0%, Neg: 7.0%, Unique: 1273
  Saved validation predictions to: experiments/00_baseline_exploration/sweep_hidden_64/collapse_monitoring/val_predictions_epoch14.npy
  Gradient norms:
    lstm_encoder: 0.011329
    lstm_decoder: 0.008974
    multihead_attn: 0.003200
    output_layer: 0.173582
  VSN output std:
    encoder: 0.181891
  Attention entropy: 2.742157
  Saved to: experiments/00_baseline_exploration/sweep_hidden_64/collapse_monitoring/collapse_monitor_epoch14.json
Epoch 15: val_loss=0.40345174074172974
Epoch 15: train_loss=0.42340001463890076

[CollapseMonitor] Epoch 15
  [DEBUG] Processed 20 batches from val_dataloader
  [DEBUG] Predictions shape after concat: (1280,)
  [DEBUG] All predictions list length: 20
  [DEBUG] First batch shape: (64,)
  Pred std: 0.058587, range: 0.471869, mean: 0.038242
  Pos: 93.8%, Neg: 6.2%, Unique: 1266
  Saved validation predictions to: experiments/00_baseline_exploration/sweep_hidden_64/collapse_monitoring/val_predictions_epoch15.npy
  Gradient norms:
    lstm_encoder: 0.012043
    lstm_decoder: 0.009085
    multihead_attn: 0.003194
    output_layer: 0.169099
  VSN output std:
    encoder: 0.185828
  Attention entropy: 2.684470
  Saved to: experiments/00_baseline_exploration/sweep_hidden_64/collapse_monitoring/collapse_monitor_epoch15.json
Epoch 16: val_loss=0.4043924808502197
Epoch 16: train_loss=0.42361268401145935

[CollapseMonitor] Epoch 16
  [DEBUG] Processed 20 batches from val_dataloader
  [DEBUG] Predictions shape after concat: (1280,)
  [DEBUG] All predictions list length: 20
  [DEBUG] First batch shape: (64,)
  Pred std: 0.060780, range: 0.486922, mean: 0.070229
  Pos: 97.7%, Neg: 2.3%, Unique: 1260
  Saved validation predictions to: experiments/00_baseline_exploration/sweep_hidden_64/collapse_monitoring/val_predictions_epoch16.npy
  Gradient norms:
    lstm_encoder: 0.012034
    lstm_decoder: 0.009159
    multihead_attn: 0.003151
    output_layer: 0.175874
  VSN output std:
    encoder: 0.196294
  Attention entropy: 2.690014
  Saved to: experiments/00_baseline_exploration/sweep_hidden_64/collapse_monitoring/collapse_monitor_epoch16.json
Epoch 17: val_loss=0.4018239378929138
Epoch 17: train_loss=0.42340120673179626

[CollapseMonitor] Epoch 17
  [DEBUG] Processed 20 batches from val_dataloader
  [DEBUG] Predictions shape after concat: (1280,)
  [DEBUG] All predictions list length: 20
  [DEBUG] First batch shape: (64,)
  Pred std: 0.059578, range: 0.506408, mean: 0.055569
  Pos: 92.7%, Neg: 7.3%, Unique: 1268
  Saved validation predictions to: experiments/00_baseline_exploration/sweep_hidden_64/collapse_monitoring/val_predictions_epoch17.npy
  Gradient norms:
    lstm_encoder: 0.012559
    lstm_decoder: 0.009809
    multihead_attn: 0.003132
    output_layer: 0.167660
  VSN output std:
    encoder: 0.198282
  Attention entropy: 2.644697
  Saved to: experiments/00_baseline_exploration/sweep_hidden_64/collapse_monitoring/collapse_monitor_epoch17.json
Epoch 18: val_loss=0.3998142182826996
Epoch 18: train_loss=0.4231330454349518

[CollapseMonitor] Epoch 18
  [DEBUG] Processed 20 batches from val_dataloader
  [DEBUG] Predictions shape after concat: (1280,)
  [DEBUG] All predictions list length: 20
  [DEBUG] First batch shape: (64,)
  Pred std: 0.061094, range: 0.367543, mean: 0.127929
  Pos: 100.0%, Neg: 0.0%, Unique: 1274
  Saved validation predictions to: experiments/00_baseline_exploration/sweep_hidden_64/collapse_monitoring/val_predictions_epoch18.npy
  Gradient norms:
    lstm_encoder: 0.011733
    lstm_decoder: 0.008786
    multihead_attn: 0.002826
    output_layer: 0.163700
  VSN output std:
    encoder: 0.188448
  Attention entropy: 2.706454
  Saved to: experiments/00_baseline_exploration/sweep_hidden_64/collapse_monitoring/collapse_monitor_epoch18.json
Epoch 19: val_loss=0.39959990978240967
Epoch 19: train_loss=0.42116960883140564

[CollapseMonitor] Epoch 19
  [DEBUG] Processed 20 batches from val_dataloader
  [DEBUG] Predictions shape after concat: (1280,)
  [DEBUG] All predictions list length: 20
  [DEBUG] First batch shape: (64,)
  Pred std: 0.045889, range: 0.405425, mean: 0.107839
  Pos: 99.4%, Neg: 0.6%, Unique: 1274
  Saved validation predictions to: experiments/00_baseline_exploration/sweep_hidden_64/collapse_monitoring/val_predictions_epoch19.npy
  Gradient norms:
    lstm_encoder: 0.012450
    lstm_decoder: 0.009258
    multihead_attn: 0.002765
    output_layer: 0.165036
  VSN output std:
    encoder: 0.188480
  Attention entropy: 2.682113
  Saved to: experiments/00_baseline_exploration/sweep_hidden_64/collapse_monitoring/collapse_monitor_epoch19.json
Epoch 20: val_loss=0.3995339274406433
Epoch 20: train_loss=0.42116814851760864

[CollapseMonitor] Epoch 20
  [DEBUG] Processed 20 batches from val_dataloader
  [DEBUG] Predictions shape after concat: (1280,)
  [DEBUG] All predictions list length: 20
  [DEBUG] First batch shape: (64,)
  Pred std: 0.056221, range: 0.392579, mean: 0.047159
  Pos: 96.0%, Neg: 4.0%, Unique: 1268
  Saved validation predictions to: experiments/00_baseline_exploration/sweep_hidden_64/collapse_monitoring/val_predictions_epoch20.npy
  Gradient norms:
    lstm_encoder: 0.013352
    lstm_decoder: 0.009776
    multihead_attn: 0.002980
    output_layer: 0.167050
  VSN output std:
    encoder: 0.187258
  Attention entropy: 2.714542
  Saved to: experiments/00_baseline_exploration/sweep_hidden_64/collapse_monitoring/collapse_monitor_epoch20.json
Epoch 21: val_loss=0.399958074092865
Epoch 21: train_loss=0.4225292503833771

[CollapseMonitor] Epoch 21
  [DEBUG] Processed 20 batches from val_dataloader
  [DEBUG] Predictions shape after concat: (1280,)
  [DEBUG] All predictions list length: 20
  [DEBUG] First batch shape: (64,)
  Pred std: 0.049644, range: 0.397993, mean: 0.023999
  Pos: 67.5%, Neg: 32.5%, Unique: 1274
  Saved validation predictions to: experiments/00_baseline_exploration/sweep_hidden_64/collapse_monitoring/val_predictions_epoch21.npy
  Gradient norms:
    lstm_encoder: 0.013618
    lstm_decoder: 0.009682
    multihead_attn: 0.002914
    output_layer: 0.171447
  VSN output std:
    encoder: 0.183156
  Attention entropy: 2.726165
  Saved to: experiments/00_baseline_exploration/sweep_hidden_64/collapse_monitoring/collapse_monitor_epoch21.json
Epoch 22: val_loss=0.3979716897010803
Epoch 22: train_loss=0.421358197927475

[CollapseMonitor] Epoch 22
  [DEBUG] Processed 20 batches from val_dataloader
  [DEBUG] Predictions shape after concat: (1280,)
  [DEBUG] All predictions list length: 20
  [DEBUG] First batch shape: (64,)
  Pred std: 0.050654, range: 0.379615, mean: 0.082344
  Pos: 99.4%, Neg: 0.6%, Unique: 1272
  Saved validation predictions to: experiments/00_baseline_exploration/sweep_hidden_64/collapse_monitoring/val_predictions_epoch22.npy
  Gradient norms:
    lstm_encoder: 0.014552
    lstm_decoder: 0.010100
    multihead_attn: 0.002912
    output_layer: 0.173907
  VSN output std:
    encoder: 0.189559
  Attention entropy: 2.754436
  Saved to: experiments/00_baseline_exploration/sweep_hidden_64/collapse_monitoring/collapse_monitor_epoch22.json
Epoch 23: val_loss=0.3980056047439575
Epoch 23: train_loss=0.4208979606628418

[CollapseMonitor] Epoch 23
  [DEBUG] Processed 20 batches from val_dataloader
  [DEBUG] Predictions shape after concat: (1280,)
  [DEBUG] All predictions list length: 20
  [DEBUG] First batch shape: (64,)
  Pred std: 0.061461, range: 0.376966, mean: 0.094654
  Pos: 100.0%, Neg: 0.0%, Unique: 1274
  Saved validation predictions to: experiments/00_baseline_exploration/sweep_hidden_64/collapse_monitoring/val_predictions_epoch23.npy
  Gradient norms:
    lstm_encoder: 0.014981
    lstm_decoder: 0.010452
    multihead_attn: 0.002753
    output_layer: 0.162265
  VSN output std:
    encoder: 0.191721
  Attention entropy: 2.794986
  Saved to: experiments/00_baseline_exploration/sweep_hidden_64/collapse_monitoring/collapse_monitor_epoch23.json
Epoch 24: val_loss=0.39897769689559937
Epoch 24: train_loss=0.4211546778678894

[CollapseMonitor] Epoch 24
  [DEBUG] Processed 20 batches from val_dataloader
  [DEBUG] Predictions shape after concat: (1280,)
  [DEBUG] All predictions list length: 20
  [DEBUG] First batch shape: (64,)
  Pred std: 0.053023, range: 0.359296, mean: 0.099025
  Pos: 100.0%, Neg: 0.0%, Unique: 1278
  Saved validation predictions to: experiments/00_baseline_exploration/sweep_hidden_64/collapse_monitoring/val_predictions_epoch24.npy
  Gradient norms:
    lstm_encoder: 0.015307
    lstm_decoder: 0.010659
    multihead_attn: 0.003058
    output_layer: 0.169312
  VSN output std:
    encoder: 0.186185
  Attention entropy: 2.771210
  Saved to: experiments/00_baseline_exploration/sweep_hidden_64/collapse_monitoring/collapse_monitor_epoch24.json
Epoch 25: val_loss=0.3989151120185852
Epoch 25: train_loss=0.42073193192481995

[CollapseMonitor] Epoch 25
  [DEBUG] Processed 20 batches from val_dataloader
  [DEBUG] Predictions shape after concat: (1280,)
  [DEBUG] All predictions list length: 20
  [DEBUG] First batch shape: (64,)
  Pred std: 0.046261, range: 0.394838, mean: 0.062363
  Pos: 97.3%, Neg: 2.7%, Unique: 1271
  Saved validation predictions to: experiments/00_baseline_exploration/sweep_hidden_64/collapse_monitoring/val_predictions_epoch25.npy
  Gradient norms:
    lstm_encoder: 0.016419
    lstm_decoder: 0.010884
    multihead_attn: 0.002926
    output_layer: 0.156343
  VSN output std:
    encoder: 0.184494
  Attention entropy: 2.782984
  Saved to: experiments/00_baseline_exploration/sweep_hidden_64/collapse_monitoring/collapse_monitor_epoch25.json
Epoch 26: val_loss=0.3979880213737488
Epoch 26: train_loss=0.42017248272895813

[CollapseMonitor] Epoch 26
  [DEBUG] Processed 20 batches from val_dataloader
  [DEBUG] Predictions shape after concat: (1280,)
  [DEBUG] All predictions list length: 20
  [DEBUG] First batch shape: (64,)
  Pred std: 0.048204, range: 0.444496, mean: 0.063642
  Pos: 96.6%, Neg: 3.4%, Unique: 1271
  Saved validation predictions to: experiments/00_baseline_exploration/sweep_hidden_64/collapse_monitoring/val_predictions_epoch26.npy
  Gradient norms:
    lstm_encoder: 0.017224
    lstm_decoder: 0.010876
    multihead_attn: 0.003136
    output_layer: 0.156275
  VSN output std:
    encoder: 0.199463
  Attention entropy: 2.802957
  Saved to: experiments/00_baseline_exploration/sweep_hidden_64/collapse_monitoring/collapse_monitor_epoch26.json
Epoch 27: val_loss=0.4006260335445404
Epoch 27: train_loss=0.4195076525211334

[CollapseMonitor] Epoch 27
  [DEBUG] Processed 20 batches from val_dataloader
  [DEBUG] Predictions shape after concat: (1280,)
  [DEBUG] All predictions list length: 20
  [DEBUG] First batch shape: (64,)
  Pred std: 0.051245, range: 0.352042, mean: 0.071758
  Pos: 98.0%, Neg: 2.0%, Unique: 1276
  Saved validation predictions to: experiments/00_baseline_exploration/sweep_hidden_64/collapse_monitoring/val_predictions_epoch27.npy
  Gradient norms:
    lstm_encoder: 0.018505
    lstm_decoder: 0.011060
    multihead_attn: 0.002861
    output_layer: 0.149996
  VSN output std:
    encoder: 0.187457
  Attention entropy: 2.837637
  Saved to: experiments/00_baseline_exploration/sweep_hidden_64/collapse_monitoring/collapse_monitor_epoch27.json
Epoch 28: val_loss=0.3972178101539612
Epoch 28: train_loss=0.4195502698421478

[CollapseMonitor] Epoch 28
  [DEBUG] Processed 20 batches from val_dataloader
  [DEBUG] Predictions shape after concat: (1280,)
  [DEBUG] All predictions list length: 20
  [DEBUG] First batch shape: (64,)
  Pred std: 0.049328, range: 0.315574, mean: 0.114685
  Pos: 99.8%, Neg: 0.2%, Unique: 1275
  Saved validation predictions to: experiments/00_baseline_exploration/sweep_hidden_64/collapse_monitoring/val_predictions_epoch28.npy
  Gradient norms:
    lstm_encoder: 0.020710
    lstm_decoder: 0.012656
    multihead_attn: 0.002989
    output_layer: 0.173804
  VSN output std:
    encoder: 0.188927
  Attention entropy: 2.825751
  Saved to: experiments/00_baseline_exploration/sweep_hidden_64/collapse_monitoring/collapse_monitor_epoch28.json
Epoch 29: val_loss=0.397635281085968
Epoch 29: train_loss=0.41839057207107544

[CollapseMonitor] Epoch 29
  [DEBUG] Processed 20 batches from val_dataloader
  [DEBUG] Predictions shape after concat: (1280,)
  [DEBUG] All predictions list length: 20
  [DEBUG] First batch shape: (64,)
  Pred std: 0.053997, range: 0.342191, mean: 0.112131
  Pos: 99.5%, Neg: 0.5%, Unique: 1277
  Saved validation predictions to: experiments/00_baseline_exploration/sweep_hidden_64/collapse_monitoring/val_predictions_epoch29.npy
  Gradient norms:
    lstm_encoder: 0.019378
    lstm_decoder: 0.011471
    multihead_attn: 0.003148
    output_layer: 0.167597
  VSN output std:
    encoder: 0.188444
  Attention entropy: 2.831639
  Saved to: experiments/00_baseline_exploration/sweep_hidden_64/collapse_monitoring/collapse_monitor_epoch29.json
Epoch 30: val_loss=0.3964724838733673
Epoch 30: train_loss=0.4197815954685211

[CollapseMonitor] Epoch 30
  [DEBUG] Processed 20 batches from val_dataloader
  [DEBUG] Predictions shape after concat: (1280,)
  [DEBUG] All predictions list length: 20
  [DEBUG] First batch shape: (64,)
  Pred std: 0.053027, range: 0.365325, mean: 0.088220
  Pos: 99.1%, Neg: 0.9%, Unique: 1271
  Saved validation predictions to: experiments/00_baseline_exploration/sweep_hidden_64/collapse_monitoring/val_predictions_epoch30.npy
  Gradient norms:
    lstm_encoder: 0.020958
    lstm_decoder: 0.011836
    multihead_attn: 0.002958
    output_layer: 0.163072
  VSN output std:
    encoder: 0.192553
  Attention entropy: 2.813278
  Saved to: experiments/00_baseline_exploration/sweep_hidden_64/collapse_monitoring/collapse_monitor_epoch30.json
Epoch 31: val_loss=0.3955521583557129
Epoch 31: train_loss=0.4191950261592865

[CollapseMonitor] Epoch 31
  [DEBUG] Processed 20 batches from val_dataloader
  [DEBUG] Predictions shape after concat: (1280,)
  [DEBUG] All predictions list length: 20
  [DEBUG] First batch shape: (64,)
  Pred std: 0.055687, range: 0.356622, mean: 0.123924
  Pos: 99.9%, Neg: 0.1%, Unique: 1278
  Saved validation predictions to: experiments/00_baseline_exploration/sweep_hidden_64/collapse_monitoring/val_predictions_epoch31.npy
  Gradient norms:
    lstm_encoder: 0.021540
    lstm_decoder: 0.012474
    multihead_attn: 0.002985
    output_layer: 0.169912
  VSN output std:
    encoder: 0.191290
  Attention entropy: 2.818563
  Saved to: experiments/00_baseline_exploration/sweep_hidden_64/collapse_monitoring/collapse_monitor_epoch31.json
Epoch 32: val_loss=0.3961288034915924
Epoch 32: train_loss=0.4183085560798645

[CollapseMonitor] Epoch 32
  [DEBUG] Processed 20 batches from val_dataloader
  [DEBUG] Predictions shape after concat: (1280,)
  [DEBUG] All predictions list length: 20
  [DEBUG] First batch shape: (64,)
  Pred std: 0.045375, range: 0.344824, mean: 0.113244
  Pos: 99.3%, Neg: 0.7%, Unique: 1278
  Saved validation predictions to: experiments/00_baseline_exploration/sweep_hidden_64/collapse_monitoring/val_predictions_epoch32.npy
  Gradient norms:
    lstm_encoder: 0.022227
    lstm_decoder: 0.012278
    multihead_attn: 0.003074
    output_layer: 0.167728
  VSN output std:
    encoder: 0.189094
  Attention entropy: 2.821978
  Saved to: experiments/00_baseline_exploration/sweep_hidden_64/collapse_monitoring/collapse_monitor_epoch32.json
Epoch 33: val_loss=0.39845409989356995
Epoch 33: train_loss=0.4187941551208496

[CollapseMonitor] Epoch 33
  [DEBUG] Processed 20 batches from val_dataloader
  [DEBUG] Predictions shape after concat: (1280,)
  [DEBUG] All predictions list length: 20
  [DEBUG] First batch shape: (64,)
  Pred std: 0.054819, range: 0.335490, mean: 0.105869
  Pos: 99.6%, Neg: 0.4%, Unique: 1273
  Saved validation predictions to: experiments/00_baseline_exploration/sweep_hidden_64/collapse_monitoring/val_predictions_epoch33.npy
  Gradient norms:
    lstm_encoder: 0.022670
    lstm_decoder: 0.012427
    multihead_attn: 0.003349
    output_layer: 0.160566
  VSN output std:
    encoder: 0.185006
  Attention entropy: 2.825841
  Saved to: experiments/00_baseline_exploration/sweep_hidden_64/collapse_monitoring/collapse_monitor_epoch33.json
Epoch 34: val_loss=0.3956894278526306
Epoch 34: train_loss=0.4180103838443756

[CollapseMonitor] Epoch 34
  [DEBUG] Processed 20 batches from val_dataloader
  [DEBUG] Predictions shape after concat: (1280,)
  [DEBUG] All predictions list length: 20
  [DEBUG] First batch shape: (64,)
  Pred std: 0.054062, range: 0.389998, mean: 0.069931
  Pos: 98.5%, Neg: 1.5%, Unique: 1272
  Saved validation predictions to: experiments/00_baseline_exploration/sweep_hidden_64/collapse_monitoring/val_predictions_epoch34.npy
  Gradient norms:
    lstm_encoder: 0.025183
    lstm_decoder: 0.013554
    multihead_attn: 0.003597
    output_layer: 0.164677
  VSN output std:
    encoder: 0.192290
  Attention entropy: 2.803666
  Saved to: experiments/00_baseline_exploration/sweep_hidden_64/collapse_monitoring/collapse_monitor_epoch34.json
Epoch 35: val_loss=0.3965629041194916
Epoch 35: train_loss=0.4186505973339081

[CollapseMonitor] Epoch 35
  [DEBUG] Processed 20 batches from val_dataloader
  [DEBUG] Predictions shape after concat: (1280,)
  [DEBUG] All predictions list length: 20
  [DEBUG] First batch shape: (64,)
  Pred std: 0.066161, range: 0.365934, mean: 0.086006
  Pos: 99.1%, Neg: 0.9%, Unique: 1275
  Saved validation predictions to: experiments/00_baseline_exploration/sweep_hidden_64/collapse_monitoring/val_predictions_epoch35.npy
  Gradient norms:
    lstm_encoder: 0.024805
    lstm_decoder: 0.012704
    multihead_attn: 0.003494
    output_layer: 0.167489
  VSN output std:
    encoder: 0.190952
  Attention entropy: 2.809083
  Saved to: experiments/00_baseline_exploration/sweep_hidden_64/collapse_monitoring/collapse_monitor_epoch35.json
Epoch 36: val_loss=0.396394819021225
Epoch 36: train_loss=0.41826581954956055

[CollapseMonitor] Epoch 36
  [DEBUG] Processed 20 batches from val_dataloader
  [DEBUG] Predictions shape after concat: (1280,)
  [DEBUG] All predictions list length: 20
  [DEBUG] First batch shape: (64,)
  Pred std: 0.061743, range: 0.362775, mean: 0.114734
  Pos: 99.8%, Neg: 0.2%, Unique: 1276
  Saved validation predictions to: experiments/00_baseline_exploration/sweep_hidden_64/collapse_monitoring/val_predictions_epoch36.npy
  Gradient norms:
    lstm_encoder: 0.025722
    lstm_decoder: 0.013564
    multihead_attn: 0.003506
    output_layer: 0.168030
  VSN output std:
    encoder: 0.189363
  Attention entropy: 2.814190
  Saved to: experiments/00_baseline_exploration/sweep_hidden_64/collapse_monitoring/collapse_monitor_epoch36.json
Epoch 37: val_loss=0.39656609296798706
Epoch 37: train_loss=0.41744691133499146

[CollapseMonitor] Epoch 37
  [DEBUG] Processed 20 batches from val_dataloader
  [DEBUG] Predictions shape after concat: (1280,)
  [DEBUG] All predictions list length: 20
  [DEBUG] First batch shape: (64,)
  Pred std: 0.062679, range: 0.380695, mean: 0.093475
  Pos: 99.4%, Neg: 0.6%, Unique: 1276
  Saved validation predictions to: experiments/00_baseline_exploration/sweep_hidden_64/collapse_monitoring/val_predictions_epoch37.npy
  Gradient norms:
    lstm_encoder: 0.025501
    lstm_decoder: 0.013129
    multihead_attn: 0.003119
    output_layer: 0.160360
  VSN output std:
    encoder: 0.188770
  Attention entropy: 2.824354
  Saved to: experiments/00_baseline_exploration/sweep_hidden_64/collapse_monitoring/collapse_monitor_epoch37.json
Epoch 38: val_loss=0.3965819478034973
Epoch 38: train_loss=0.4176326394081116

[CollapseMonitor] Epoch 38
  [DEBUG] Processed 20 batches from val_dataloader
  [DEBUG] Predictions shape after concat: (1280,)
  [DEBUG] All predictions list length: 20
  [DEBUG] First batch shape: (64,)
  Pred std: 0.054947, range: 0.366504, mean: 0.107038
  Pos: 99.5%, Neg: 0.5%, Unique: 1277
  Saved validation predictions to: experiments/00_baseline_exploration/sweep_hidden_64/collapse_monitoring/val_predictions_epoch38.npy
  Gradient norms:
    lstm_encoder: 0.024275
    lstm_decoder: 0.012447
    multihead_attn: 0.003168
    output_layer: 0.160612
  VSN output std:
    encoder: 0.187229
  Attention entropy: 2.832293
  Saved to: experiments/00_baseline_exploration/sweep_hidden_64/collapse_monitoring/collapse_monitor_epoch38.json
Epoch 39: val_loss=0.3950485587120056
Epoch 39: train_loss=0.417449027299881

[CollapseMonitor] Epoch 39
  [DEBUG] Processed 20 batches from val_dataloader
  [DEBUG] Predictions shape after concat: (1280,)
  [DEBUG] All predictions list length: 20
  [DEBUG] First batch shape: (64,)
  Pred std: 0.055657, range: 0.369123, mean: 0.079067
  Pos: 98.8%, Neg: 1.2%, Unique: 1274
  Saved validation predictions to: experiments/00_baseline_exploration/sweep_hidden_64/collapse_monitoring/val_predictions_epoch39.npy
  Gradient norms:
    lstm_encoder: 0.025992
    lstm_decoder: 0.013108
    multihead_attn: 0.003229
    output_layer: 0.169078
  VSN output std:
    encoder: 0.190709
  Attention entropy: 2.816133
  Saved to: experiments/00_baseline_exploration/sweep_hidden_64/collapse_monitoring/collapse_monitor_epoch39.json
Epoch 40: val_loss=0.3969041705131531
Epoch 40: train_loss=0.4175232946872711

[CollapseMonitor] Epoch 40
  [DEBUG] Processed 20 batches from val_dataloader
  [DEBUG] Predictions shape after concat: (1280,)
  [DEBUG] All predictions list length: 20
  [DEBUG] First batch shape: (64,)
  Pred std: 0.058302, range: 0.397459, mean: 0.083208
  Pos: 99.0%, Neg: 1.0%, Unique: 1270
  Saved validation predictions to: experiments/00_baseline_exploration/sweep_hidden_64/collapse_monitoring/val_predictions_epoch40.npy
  Gradient norms:
    lstm_encoder: 0.025285
    lstm_decoder: 0.012997
    multihead_attn: 0.003261
    output_layer: 0.155088
  VSN output std:
    encoder: 0.187853
  Attention entropy: 2.838458
  Saved to: experiments/00_baseline_exploration/sweep_hidden_64/collapse_monitoring/collapse_monitor_epoch40.json
Epoch 41: val_loss=0.3966006338596344
Epoch 41: train_loss=0.41711246967315674

[CollapseMonitor] Epoch 41
  [DEBUG] Processed 20 batches from val_dataloader
  [DEBUG] Predictions shape after concat: (1280,)
  [DEBUG] All predictions list length: 20
  [DEBUG] First batch shape: (64,)
  Pred std: 0.057546, range: 0.407825, mean: 0.082571
  Pos: 99.0%, Neg: 1.0%, Unique: 1273
  Saved validation predictions to: experiments/00_baseline_exploration/sweep_hidden_64/collapse_monitoring/val_predictions_epoch41.npy
  Gradient norms:
    lstm_encoder: 0.026649
    lstm_decoder: 0.013461
    multihead_attn: 0.003246
    output_layer: 0.157739
  VSN output std:
    encoder: 0.187362
  Attention entropy: 2.844374
  Saved to: experiments/00_baseline_exploration/sweep_hidden_64/collapse_monitoring/collapse_monitor_epoch41.json
Epoch 42: val_loss=0.3957568109035492
Epoch 42: train_loss=0.41730552911758423

[CollapseMonitor] Epoch 42
  [DEBUG] Processed 20 batches from val_dataloader
  [DEBUG] Predictions shape after concat: (1280,)
  [DEBUG] All predictions list length: 20
  [DEBUG] First batch shape: (64,)
  Pred std: 0.052038, range: 0.362642, mean: 0.115112
  Pos: 99.5%, Neg: 0.5%, Unique: 1272
  Saved validation predictions to: experiments/00_baseline_exploration/sweep_hidden_64/collapse_monitoring/val_predictions_epoch42.npy
  Gradient norms:
    lstm_encoder: 0.027213
    lstm_decoder: 0.013210
    multihead_attn: 0.003414
    output_layer: 0.161184
  VSN output std:
    encoder: 0.187268
  Attention entropy: 2.832722
  Saved to: experiments/00_baseline_exploration/sweep_hidden_64/collapse_monitoring/collapse_monitor_epoch42.json
Epoch 43: val_loss=0.39714738726615906
Epoch 43: train_loss=0.41724079847335815

[CollapseMonitor] Epoch 43
  [DEBUG] Processed 20 batches from val_dataloader
  [DEBUG] Predictions shape after concat: (1280,)
  [DEBUG] All predictions list length: 20
  [DEBUG] First batch shape: (64,)
  Pred std: 0.054560, range: 0.390440, mean: 0.113159
  Pos: 99.5%, Neg: 0.5%, Unique: 1279
  Saved validation predictions to: experiments/00_baseline_exploration/sweep_hidden_64/collapse_monitoring/val_predictions_epoch43.npy
  Gradient norms:
    lstm_encoder: 0.027390
    lstm_decoder: 0.013428
    multihead_attn: 0.003517
    output_layer: 0.159226
  VSN output std:
    encoder: 0.187556
  Attention entropy: 2.829963
  Saved to: experiments/00_baseline_exploration/sweep_hidden_64/collapse_monitoring/collapse_monitor_epoch43.json
Epoch 44: val_loss=0.39759641885757446
Epoch 44: train_loss=0.41620194911956787

[CollapseMonitor] Epoch 44
  [DEBUG] Processed 20 batches from val_dataloader
  [DEBUG] Predictions shape after concat: (1280,)
  [DEBUG] All predictions list length: 20
  [DEBUG] First batch shape: (64,)
  Pred std: 0.053408, range: 0.405484, mean: 0.105471
  Pos: 99.3%, Neg: 0.7%, Unique: 1273
  Saved validation predictions to: experiments/00_baseline_exploration/sweep_hidden_64/collapse_monitoring/val_predictions_epoch44.npy
  Gradient norms:
    lstm_encoder: 0.027976
    lstm_decoder: 0.013791
    multihead_attn: 0.003564
    output_layer: 0.166888
  VSN output std:
    encoder: 0.187308
  Attention entropy: 2.835556
  Saved to: experiments/00_baseline_exploration/sweep_hidden_64/collapse_monitoring/collapse_monitor_epoch44.json
Epoch 45: val_loss=0.3952964246273041
Epoch 45: train_loss=0.4180103838443756

[CollapseMonitor] Epoch 45
  [DEBUG] Processed 20 batches from val_dataloader
  [DEBUG] Predictions shape after concat: (1280,)
  [DEBUG] All predictions list length: 20
  [DEBUG] First batch shape: (64,)
  Pred std: 0.055779, range: 0.402931, mean: 0.093735
  Pos: 98.9%, Neg: 1.1%, Unique: 1273
  Saved validation predictions to: experiments/00_baseline_exploration/sweep_hidden_64/collapse_monitoring/val_predictions_epoch45.npy
  Gradient norms:
    lstm_encoder: 0.027671
    lstm_decoder: 0.013730
    multihead_attn: 0.003863
    output_layer: 0.159143
  VSN output std:
    encoder: 0.188294
  Attention entropy: 2.824654
  Saved to: experiments/00_baseline_exploration/sweep_hidden_64/collapse_monitoring/collapse_monitor_epoch45.json
Epoch 46: val_loss=0.3966260850429535
Epoch 46: train_loss=0.4155825078487396

[CollapseMonitor] Epoch 46
  [DEBUG] Processed 20 batches from val_dataloader
  [DEBUG] Predictions shape after concat: (1280,)
  [DEBUG] All predictions list length: 20
  [DEBUG] First batch shape: (64,)
  Pred std: 0.057598, range: 0.410984, mean: 0.105770
  Pos: 99.3%, Neg: 0.7%, Unique: 1275
  Saved validation predictions to: experiments/00_baseline_exploration/sweep_hidden_64/collapse_monitoring/val_predictions_epoch46.npy
  Gradient norms:
    lstm_encoder: 0.028363
    lstm_decoder: 0.013564
    multihead_attn: 0.003729
    output_layer: 0.168403
  VSN output std:
    encoder: 0.188023
  Attention entropy: 2.831465
  Saved to: experiments/00_baseline_exploration/sweep_hidden_64/collapse_monitoring/collapse_monitor_epoch46.json
Epoch 47: val_loss=0.3966301381587982
Epoch 47: train_loss=0.41638678312301636

[CollapseMonitor] Epoch 47
  [DEBUG] Processed 20 batches from val_dataloader
  [DEBUG] Predictions shape after concat: (1280,)
  [DEBUG] All predictions list length: 20
  [DEBUG] First batch shape: (64,)
  Pred std: 0.058978, range: 0.415150, mean: 0.109593
  Pos: 99.4%, Neg: 0.6%, Unique: 1270
  Saved validation predictions to: experiments/00_baseline_exploration/sweep_hidden_64/collapse_monitoring/val_predictions_epoch47.npy
  Gradient norms:
    lstm_encoder: 0.030058
    lstm_decoder: 0.013912
    multihead_attn: 0.003800
    output_layer: 0.164688
  VSN output std:
    encoder: 0.188002
  Attention entropy: 2.834671
  Saved to: experiments/00_baseline_exploration/sweep_hidden_64/collapse_monitoring/collapse_monitor_epoch47.json
Epoch 48: val_loss=0.39643773436546326
Epoch 48: train_loss=0.41699716448783875

[CollapseMonitor] Epoch 48
  [DEBUG] Processed 20 batches from val_dataloader
  [DEBUG] Predictions shape after concat: (1280,)
  [DEBUG] All predictions list length: 20
  [DEBUG] First batch shape: (64,)
  Pred std: 0.057996, range: 0.417587, mean: 0.099607
  Pos: 99.2%, Neg: 0.8%, Unique: 1273
  Saved validation predictions to: experiments/00_baseline_exploration/sweep_hidden_64/collapse_monitoring/val_predictions_epoch48.npy
  Gradient norms:
    lstm_encoder: 0.028679
    lstm_decoder: 0.013237
    multihead_attn: 0.003711
    output_layer: 0.156486
  VSN output std:
    encoder: 0.187826
  Attention entropy: 2.839669
  Saved to: experiments/00_baseline_exploration/sweep_hidden_64/collapse_monitoring/collapse_monitor_epoch48.json
Epoch 49: val_loss=0.3969390392303467
Epoch 49: train_loss=0.41603806614875793

[CollapseMonitor] Epoch 49
  [DEBUG] Processed 20 batches from val_dataloader
  [DEBUG] Predictions shape after concat: (1280,)
  [DEBUG] All predictions list length: 20
  [DEBUG] First batch shape: (64,)
  Pred std: 0.060262, range: 0.433712, mean: 0.109575
  Pos: 99.5%, Neg: 0.5%, Unique: 1277
  Saved validation predictions to: experiments/00_baseline_exploration/sweep_hidden_64/collapse_monitoring/val_predictions_epoch49.npy
  Gradient norms:
    lstm_encoder: 0.027796
    lstm_decoder: 0.013265
    multihead_attn: 0.003389
    output_layer: 0.158903
  VSN output std:
    encoder: 0.187456
  Attention entropy: 2.843184
  Saved to: experiments/00_baseline_exploration/sweep_hidden_64/collapse_monitoring/collapse_monitor_epoch49.json


======================================================================
Training complete
======================================================================

Best model checkpoint: experiments/00_baseline_exploration/sweep_hidden_64/checkpoints/tft-epoch=39-val_loss=0.3950.ckpt
Best validation loss: 0.395049
Completed at: 2025-10-29 20:55:56
Log saved to: experiments/00_baseline_exploration/sweep_hidden_64/training_20251029_202332.log
======================================================================
