Logging to: experiments/02b_vintage_sweep/baseline_h14_drop0.15/vsn_analysis/vsn_analysis_20251129_151330.log
Analysis started at: 2025-11-29 15:13:30
======================================================================
Experiment: 02b_vintage_sweep/baseline_h14_drop0.15
Output directory: experiments/02b_vintage_sweep/baseline_h14_drop0.15/vsn_analysis
Loading config from: experiments/02b_vintage_sweep/baseline_h14_drop0.15/config.json
Using best checkpoint: experiments/02b_vintage_sweep/baseline_h14_drop0.15/checkpoints/tft-epoch=72-val_loss=0.3984.ckpt

Loading data...
Loading test data from: data/splits/vintage/core_proposal_daily_vintage_test.csv
  Train samples: 6074
  Test samples: 1302

Preparing test dataset...
Test dataset size: 1282

Loading model...
Loading model from: experiments/02b_vintage_sweep/baseline_h14_drop0.15/checkpoints/tft-epoch=72-val_loss=0.3984.ckpt
Model loaded on device: cuda

Extracting VSN weights...
  Encoder variables (5): ['relative_time_idx', 'VIX', 'Treasury_10Y', 'Yield_Spread', 'Inflation_YoY']
  Decoder variables (1): ['relative_time_idx']
  Static variables (1): ['encoder_length']

  DEBUG: Output type: <class 'pytorch_forecasting.utils.TupleOutputMixIn.to_network_output.<locals>.Output'>
  DEBUG: Output fields (NamedTuple): ('prediction', 'encoder_attention', 'decoder_attention', 'static_variables', 'encoder_variables', 'decoder_variables', 'decoder_lengths', 'encoder_lengths')
  DEBUG: output.encoder_variables shape: torch.Size([64, 20, 1, 5])
  DEBUG: output.static_variables shape: torch.Size([64, 1, 1])
  DEBUG: output.decoder_variables shape: torch.Size([64, 1, 1, 1])
  Processed batch 20/21

Extraction complete:
  Samples: 1282
  Encoder VSN shape: (1282, 5)
  Decoder VSN shape: (1282, 1)

Analysis period: 2020-08-17 to 2025-10-06

Creating temporal periods:
  2020: 94 samples
  2021: 250 samples
  2022: 249 samples
  2023: 249 samples
  2024: 250 samples
  2025: 190 samples

Analyzing VSN weights by period...

Comparing VSN patterns across periods...

Creating visualizations...
Saved VSN heatmap: experiments/02b_vintage_sweep/baseline_h14_drop0.15/vsn_analysis/vsn_heatmap.png
Saved VSN comparison: experiments/02b_vintage_sweep/baseline_h14_drop0.15/vsn_analysis/vsn_comparison.png
Saved concentration plot: experiments/02b_vintage_sweep/baseline_h14_drop0.15/vsn_analysis/vsn_concentration.png

Saving results...
Saved results: experiments/02b_vintage_sweep/baseline_h14_drop0.15/vsn_analysis/vsn_analysis_results.json

======================================================================
VSN ANALYSIS SUMMARY
======================================================================

Per-Period Feature Importance:
----------------------------------------------------------------------

2020 (94 samples):
  Concentration: 0.2814
  Top 5 features:
    Treasury_10Y                   0.4138
    VIX                            0.2266
    Inflation_YoY                  0.1837
    Yield_Spread                   0.1573
    relative_time_idx              0.0187

2021 (250 samples):
  Concentration: 0.3777
  Top 5 features:
    VIX                            0.5537
    Treasury_10Y                   0.1933
    Inflation_YoY                  0.1740
    Yield_Spread                   0.0545
    relative_time_idx              0.0246

2022 (249 samples):
  Concentration: 0.3762
  Top 5 features:
    VIX                            0.5475
    Treasury_10Y                   0.2088
    Inflation_YoY                  0.1741
    Yield_Spread                   0.0442
    relative_time_idx              0.0254

2023 (249 samples):
  Concentration: 0.4264
  Top 5 features:
    VIX                            0.6147
    Treasury_10Y                   0.1617
    Inflation_YoY                  0.1277
    Yield_Spread                   0.0754
    relative_time_idx              0.0205

2024 (250 samples):
  Concentration: 0.4446
  Top 5 features:
    VIX                            0.6353
    Inflation_YoY                  0.1337
    Treasury_10Y                   0.1162
    Yield_Spread                   0.0958
    relative_time_idx              0.0189

2025 (190 samples):
  Concentration: 0.4359
  Top 5 features:
    VIX                            0.6259
    Inflation_YoY                  0.1528
    Treasury_10Y                   0.1012
    Yield_Spread                   0.1009
    relative_time_idx              0.0192

----------------------------------------------------------------------
Period Comparisons:
----------------------------------------------------------------------

2020_vs_2021:
  Cosine similarity: 0.7558
  L2 distance: 0.4078
  Biggest increases: VIX(+0.327), relative_time_idx(+0.006), Inflation_YoY(-0.010)
  Biggest decreases: Treasury_10Y(-0.221), Yield_Spread(-0.103), Inflation_YoY(-0.010)

2020_vs_2022:
  Cosine similarity: 0.7679
  L2 distance: 0.3974
  Biggest increases: VIX(+0.321), relative_time_idx(+0.007), Inflation_YoY(-0.010)
  Biggest decreases: Treasury_10Y(-0.205), Yield_Spread(-0.113), Inflation_YoY(-0.010)

2020_vs_2023:
  Cosine similarity: 0.6984
  L2 distance: 0.4733
  Biggest increases: VIX(+0.388), relative_time_idx(+0.002), Inflation_YoY(-0.056)
  Biggest decreases: Treasury_10Y(-0.252), Yield_Spread(-0.082), Inflation_YoY(-0.056)

2020_vs_2024:
  Cosine similarity: 0.6561
  L2 distance: 0.5118
  Biggest increases: VIX(+0.409), relative_time_idx(+0.000), Inflation_YoY(-0.050)
  Biggest decreases: Treasury_10Y(-0.298), Yield_Spread(-0.061), Inflation_YoY(-0.050)

2020_vs_2025:
  Cosine similarity: 0.6510
  L2 distance: 0.5112
  Biggest increases: VIX(+0.399), relative_time_idx(+0.001), Inflation_YoY(-0.031)
  Biggest decreases: Treasury_10Y(-0.313), Yield_Spread(-0.056), Inflation_YoY(-0.031)

2021_vs_2022:
  Cosine similarity: 0.9995
  L2 distance: 0.0196
  Biggest increases: Treasury_10Y(+0.016), relative_time_idx(+0.001), Inflation_YoY(+0.000)
  Biggest decreases: Yield_Spread(-0.010), VIX(-0.006), Inflation_YoY(+0.000)

2021_vs_2023:
  Cosine similarity: 0.9927
  L2 distance: 0.0855
  Biggest increases: VIX(+0.061), Yield_Spread(+0.021), relative_time_idx(-0.004)
  Biggest decreases: Inflation_YoY(-0.046), Treasury_10Y(-0.032), relative_time_idx(-0.004)

2021_vs_2024:
  Cosine similarity: 0.9838
  L2 distance: 0.1264
  Biggest increases: VIX(+0.082), Yield_Spread(+0.041), relative_time_idx(-0.006)
  Biggest decreases: Treasury_10Y(-0.077), Inflation_YoY(-0.040), relative_time_idx(-0.006)

2021_vs_2025:
  Cosine similarity: 0.9824
  L2 distance: 0.1278
  Biggest increases: VIX(+0.072), Yield_Spread(+0.046), relative_time_idx(-0.005)
  Biggest decreases: Treasury_10Y(-0.092), Inflation_YoY(-0.021), relative_time_idx(-0.005)

2022_vs_2023:
  Cosine similarity: 0.9896
  L2 distance: 0.0994
  Biggest increases: VIX(+0.067), Yield_Spread(+0.031), relative_time_idx(-0.005)
  Biggest decreases: Treasury_10Y(-0.047), Inflation_YoY(-0.046), relative_time_idx(-0.005)

2022_vs_2024:
  Cosine similarity: 0.9783
  L2 distance: 0.1436
  Biggest increases: VIX(+0.088), Yield_Spread(+0.052), relative_time_idx(-0.007)
  Biggest decreases: Treasury_10Y(-0.093), Inflation_YoY(-0.040), relative_time_idx(-0.007)

2022_vs_2025:
  Cosine similarity: 0.9762
  L2 distance: 0.1464
  Biggest increases: VIX(+0.078), Yield_Spread(+0.057), relative_time_idx(-0.006)
  Biggest decreases: Treasury_10Y(-0.108), Inflation_YoY(-0.021), relative_time_idx(-0.006)

2023_vs_2024:
  Cosine similarity: 0.9968
  L2 distance: 0.0543
  Biggest increases: VIX(+0.021), Yield_Spread(+0.020), Inflation_YoY(+0.006)
  Biggest decreases: Treasury_10Y(-0.045), relative_time_idx(-0.002), Inflation_YoY(+0.006)

2023_vs_2025:
  Cosine similarity: 0.9942
  L2 distance: 0.0712
  Biggest increases: Yield_Spread(+0.025), Inflation_YoY(+0.025), VIX(+0.011)
  Biggest decreases: Treasury_10Y(-0.061), relative_time_idx(-0.001), VIX(+0.011)

2024_vs_2025:
  Cosine similarity: 0.9992
  L2 distance: 0.0266
  Biggest increases: Inflation_YoY(+0.019), Yield_Spread(+0.005), relative_time_idx(+0.000)
  Biggest decreases: Treasury_10Y(-0.015), VIX(-0.009), relative_time_idx(+0.000)

======================================================================

Analysis complete!
Results saved to: experiments/02b_vintage_sweep/baseline_h14_drop0.15/vsn_analysis
  - vsn_analysis_results.json
  - vsn_heatmap.png
  - vsn_comparison.png
  - vsn_concentration.png
