
[INFO] Using AUTO device selection.

[INFO] Patched matplotlib.Axes.errorbar to abs() negative yerr for robustness.
======================================================================
Training TFT: 05a_regime_output/learn3r_d025_lb1_mlp
======================================================================
Logging to: experiments/05a_regime_output/learn3r_d025_lb1_mlp/training_20251127_222302.log
Started at: 2025-11-27 22:23:02
======================================================================
Configuration saved to: experiments/05a_regime_output/learn3r_d025_lb1_mlp/config.json

Loading data splits...
Train: 6074 samples
Val: 1302 samples
Test: 1302 samples

Preparing TimeSeriesDataSet...

Dropping source columns (used for staleness only): ['CPI']

Final features for TFT: ['SP500_Returns', 'VIX', 'Treasury_10Y', 'Yield_Spread', 'Inflation_YoY']

======================================================================
FEATURE STATISTICS - BEFORE NORMALIZATION
======================================================================
VIX                             mean= 19.7438  std=  8.0295  min=  9.3100  max= 80.8600
Treasury_10Y                    mean=  4.7672  std=  1.6903  min=  1.4300  max=  8.3600
Yield_Spread                    mean=  1.2778  std=  0.9179  min= -0.5200  max=  2.9100
Inflation_YoY                   mean=  2.5322  std=  1.1865  min= -2.1498  max=  6.7300

======================================================================
FEATURES AFTER GROUPNORMALIZER (first batch, last timestep)
======================================================================
VIX                             normalized_value=  1.0000
Treasury_10Y                    normalized_value= -0.0500
Yield_Spread                    normalized_value=  0.0817
Inflation_YoY                   normalized_value=  0.8774
======================================================================

[DEBUG] VIX train values: [28.95 30.38 33.3  31.33 32.63]
[DEBUG] VIX val values: [14.31 15.15 15.13 12.86 13.85]
Batches per epoch: 94
[DEBUG] Validation batches: 21
[DEBUG] Validation dataset size: 1282
[DEBUG] Batch size: 64

Initializing model...

Using standard QuantileLoss (no penalties)

[REGIME OUTPUT] Replaced output layer:
  Mode: learned
  Strategy: learned
  Experts: 3 x MLP(16)
  Training routing: soft
  Load balance weight: 1.0
  Parameters: {'total': 1224, 'experts': 1173, 'router': 51, 'expert_type': 'mlp', 'expert_hidden_size': 16}

[REGIME OUTPUT] Enabled with 3 regimes, mode=learned, strategy=learned, training=soft

================================================================================
BASELINE MODEL FEATURE CONFIGURATION (after from_dataset)
================================================================================
tft.hparams.time_varying_reals_encoder: ['relative_time_idx', 'VIX', 'Treasury_10Y', 'Yield_Spread', 'Inflation_YoY']
  Count: 5

tft.hparams.time_varying_reals_decoder: ['relative_time_idx']
  Count: 1

tft.hparams.x_reals (all reals passed to model): ['encoder_length', 'relative_time_idx', 'VIX', 'Treasury_10Y', 'Yield_Spread', 'Inflation_YoY']
  Count: 6

Encoder VSN configuration:
  num_inputs: 5
  input_sizes: {'relative_time_idx': 16, 'VIX': 16, 'Treasury_10Y': 16, 'Yield_Spread': 16, 'Inflation_YoY': 16}
  flattened_grn.fc1: in_features=80, out_features=5
  -> Params in fc1: 400 (should be 5*16*5=400 if 5 features)
================================================================================

Model parameters: 23,720

Starting training...
Checkpoints will be saved to: experiments/05a_regime_output/learn3r_d025_lb1_mlp/checkpoints/
Logs will be saved to: experiments/05a_regime_output/learn3r_d025_lb1_mlp/logs/

[DEBUG CollapseMonitor] on_validation_epoch_start called for epoch 0
[DEBUG CollapseMonitor] reset_temporal_state() called on loss function
Epoch 0: val_loss=N/A
[DEBUG CollapseMonitor] on_validation_epoch_start called for epoch 0
[DEBUG CollapseMonitor] reset_temporal_state() called on loss function
Epoch 0: val_loss=0.7229171395301819
Epoch 0: train_loss=0.798816978931427

[CollapseMonitor] Epoch 0
  [DEBUG] Processed 21 batches from val_dataloader
  [DEBUG] Predictions shape after concat: (1282,)
  [DEBUG] All predictions list length: 21
  [DEBUG] First batch shape: (64,)
  Pred std: 0.007156, range: 0.028801, mean: -0.083403
  Pos: 0.0%, Neg: 100.0%, Unique: 1230
  Collapse penalty: 0.000000 (threshold: 0.005000)
  Saved validation predictions to: experiments/05a_regime_output/learn3r_d025_lb1_mlp/collapse_monitoring/val_predictions_epoch0.npy
  Gradient norms:
    lstm_encoder: 0.004771
    lstm_decoder: 0.004799
    output_layer: 0.093726
  VSN output std:
    encoder: 0.154347
  Attention entropy: 2.990697
  Regime diagnostics:
    Routing entropy: 1.0979 (normalized: 0.9994)
    Dominant regime: 100.0%
    Regime assignments: 0=100.0%, 1=0.0%, 2=0.0%
    Avg routing weights: R0=0.3424, R1=0.3418, R2=0.3157
    Expert 0: std=0.030684, mean=0.038820
      WARNING: Expert 0 collapsed (std < 0.05)
    Expert 1: std=0.021678, mean=-0.041338
      WARNING: Expert 1 collapsed (std < 0.05)
    Expert 2: std=0.004010, mean=-0.343284
      WARNING: Expert 2 collapsed (std < 0.05)
    VIX correlation (regime_1): -0.436
  Expert weight divergence (0 vs 1): diff=3.2065, cosine=0.0217
  Expert weight divergence (0 vs 2): diff=3.0849, cosine=0.1236
  Expert weight divergence (1 vs 2): diff=3.2086, cosine=0.0603
    INFO: Good expert divergence (cosine < 0.5) - experts learning different functions
  Saved to: experiments/05a_regime_output/learn3r_d025_lb1_mlp/collapse_monitoring/collapse_monitor_epoch0.json
[DEBUG CollapseMonitor] on_validation_epoch_start called for epoch 1
[DEBUG CollapseMonitor] reset_temporal_state() called on loss function
Epoch 1: val_loss=0.6687096953392029
Epoch 1: train_loss=0.755059003829956

[CollapseMonitor] Epoch 1
  [DEBUG] Processed 21 batches from val_dataloader
  [DEBUG] Predictions shape after concat: (1282,)
  [DEBUG] All predictions list length: 21
  [DEBUG] First batch shape: (64,)
  Pred std: 0.005608, range: 0.021428, mean: -0.028523
  Pos: 0.0%, Neg: 100.0%, Unique: 1222
  Collapse penalty: 0.000000 (threshold: 0.005000)
  Saved validation predictions to: experiments/05a_regime_output/learn3r_d025_lb1_mlp/collapse_monitoring/val_predictions_epoch1.npy
  Gradient norms:
    lstm_encoder: 0.002973
    lstm_decoder: 0.003129
    output_layer: 0.081790
  VSN output std:
    encoder: 0.159630
  Attention entropy: 2.991971
  Regime diagnostics:
    Routing entropy: 1.0946 (normalized: 0.9963)
    Dominant regime: 100.0%
    Regime assignments: 0=0.0%, 1=100.0%, 2=0.0%
    Avg routing weights: R0=0.3538, R1=0.3548, R2=0.2914
    Expert 0: std=0.018693, mean=0.031643
      WARNING: Expert 0 collapsed (std < 0.05)
    Expert 1: std=0.008570, mean=0.013150
      WARNING: Expert 1 collapsed (std < 0.05)
    Expert 2: std=0.002334, mean=-0.258265
      WARNING: Expert 2 collapsed (std < 0.05)
    VIX correlation (regime_1): -0.589
  Expert weight divergence (0 vs 1): diff=3.2065, cosine=0.0237
  Expert weight divergence (0 vs 2): diff=3.0774, cosine=0.1270
  Expert weight divergence (1 vs 2): diff=3.2066, cosine=0.0619
    INFO: Good expert divergence (cosine < 0.5) - experts learning different functions
  Saved to: experiments/05a_regime_output/learn3r_d025_lb1_mlp/collapse_monitoring/collapse_monitor_epoch1.json
[DEBUG CollapseMonitor] on_validation_epoch_start called for epoch 2
[DEBUG CollapseMonitor] reset_temporal_state() called on loss function
Epoch 2: val_loss=0.6169123649597168
Epoch 2: train_loss=0.7003820538520813

[CollapseMonitor] Epoch 2
  [DEBUG] Processed 21 batches from val_dataloader
  [DEBUG] Predictions shape after concat: (1282,)
  [DEBUG] All predictions list length: 21
  [DEBUG] First batch shape: (64,)
  Pred std: 0.003724, range: 0.016752, mean: 0.032662
  Pos: 100.0%, Neg: 0.0%, Unique: 1164
  Collapse penalty: 0.000000 (threshold: 0.005000)
  Saved validation predictions to: experiments/05a_regime_output/learn3r_d025_lb1_mlp/collapse_monitoring/val_predictions_epoch2.npy
  Gradient norms:
    lstm_encoder: 0.001813
    lstm_decoder: 0.002022
    output_layer: 0.074798
  VSN output std:
    encoder: 0.173783
  Attention entropy: 2.994498
  Regime diagnostics:
    Routing entropy: 1.0892 (normalized: 0.9914)
    Dominant regime: 100.0%
    Regime assignments: 0=100.0%, 1=0.0%, 2=0.0%
    Avg routing weights: R0=0.3751, R1=0.3540, R2=0.2709
    Expert 0: std=0.007667, mean=0.086357
      WARNING: Expert 0 collapsed (std < 0.05)
    Expert 1: std=0.001308, mean=-0.003401
      WARNING: Expert 1 collapsed (std < 0.05)
    Expert 2: std=0.002112, mean=-0.129426
      WARNING: Expert 2 collapsed (std < 0.05)
    VIX correlation (regime_1): 0.054
  Expert weight divergence (0 vs 1): diff=3.2155, cosine=0.0263
  Expert weight divergence (0 vs 2): diff=3.0771, cosine=0.1307
  Expert weight divergence (1 vs 2): diff=3.2172, cosine=0.0615
    INFO: Good expert divergence (cosine < 0.5) - experts learning different functions
  Saved to: experiments/05a_regime_output/learn3r_d025_lb1_mlp/collapse_monitoring/collapse_monitor_epoch2.json
[DEBUG CollapseMonitor] on_validation_epoch_start called for epoch 3
[DEBUG CollapseMonitor] reset_temporal_state() called on loss function
Epoch 3: val_loss=0.5587682127952576
Epoch 3: train_loss=0.6391143798828125

[CollapseMonitor] Epoch 3
  [DEBUG] Processed 21 batches from val_dataloader
  [DEBUG] Predictions shape after concat: (1282,)
  [DEBUG] All predictions list length: 21
  [DEBUG] First batch shape: (64,)
  Pred std: 0.002341, range: 0.011793, mean: 0.047389
  Pos: 100.0%, Neg: 0.0%, Unique: 1168
  Collapse penalty: 0.000000 (threshold: 0.005000)
  Saved validation predictions to: experiments/05a_regime_output/learn3r_d025_lb1_mlp/collapse_monitoring/val_predictions_epoch3.npy
  Gradient norms:
    lstm_encoder: 0.001461
    lstm_decoder: 0.001768
    output_layer: 0.071821
  VSN output std:
    encoder: 0.192063
  Attention entropy: 2.995278
  Regime diagnostics:
    Routing entropy: 1.0863 (normalized: 0.9888)
    Dominant regime: 100.0%
    Regime assignments: 0=100.0%, 1=0.0%, 2=0.0%
    Avg routing weights: R0=0.3951, R1=0.3369, R2=0.2680
    Expert 0: std=0.004332, mean=0.074924
      WARNING: Expert 0 collapsed (std < 0.05)
    Expert 1: std=0.001033, mean=-0.022141
      WARNING: Expert 1 collapsed (std < 0.05)
    Expert 2: std=0.000806, mean=-0.044561
      WARNING: Expert 2 collapsed (std < 0.05)
    VIX correlation (regime_1): -0.102
  Expert weight divergence (0 vs 1): diff=3.2301, cosine=0.0354
  Expert weight divergence (0 vs 2): diff=3.0925, cosine=0.1359
  Expert weight divergence (1 vs 2): diff=3.2437, cosine=0.0599
    INFO: Good expert divergence (cosine < 0.5) - experts learning different functions
  Saved to: experiments/05a_regime_output/learn3r_d025_lb1_mlp/collapse_monitoring/collapse_monitor_epoch3.json
[DEBUG CollapseMonitor] on_validation_epoch_start called for epoch 4
[DEBUG CollapseMonitor] reset_temporal_state() called on loss function
Epoch 4: val_loss=0.511618435382843
Epoch 4: train_loss=0.5719790458679199

[CollapseMonitor] Epoch 4
  [DEBUG] Processed 21 batches from val_dataloader
  [DEBUG] Predictions shape after concat: (1282,)
  [DEBUG] All predictions list length: 21
  [DEBUG] First batch shape: (64,)
  Pred std: 0.001894, range: 0.009313, mean: 0.046593
  Pos: 100.0%, Neg: 0.0%, Unique: 1132
  Collapse penalty: 0.000000 (threshold: 0.005000)
  Saved validation predictions to: experiments/05a_regime_output/learn3r_d025_lb1_mlp/collapse_monitoring/val_predictions_epoch4.npy
  Gradient norms:
    lstm_encoder: 0.001226
    lstm_decoder: 0.001368
    output_layer: 0.063939
  VSN output std:
    encoder: 0.203476
  Attention entropy: 2.995356
  Regime diagnostics:
    Routing entropy: 1.0919 (normalized: 0.9939)
    Dominant regime: 100.0%
    Regime assignments: 0=100.0%, 1=0.0%, 2=0.0%
    Avg routing weights: R0=0.3673, R1=0.3526, R2=0.2802
    Expert 0: std=0.002744, mean=0.038194
      WARNING: Expert 0 collapsed (std < 0.05)
    Expert 1: std=0.001086, mean=-0.031308
      WARNING: Expert 1 collapsed (std < 0.05)
    Expert 2: std=0.001489, mean=0.023677
      WARNING: Expert 2 collapsed (std < 0.05)
    VIX correlation (regime_1): -0.220
  Expert weight divergence (0 vs 1): diff=3.2508, cosine=0.0476
  Expert weight divergence (0 vs 2): diff=3.1185, cosine=0.1413
  Expert weight divergence (1 vs 2): diff=3.2836, cosine=0.0575
    INFO: Good expert divergence (cosine < 0.5) - experts learning different functions
  Saved to: experiments/05a_regime_output/learn3r_d025_lb1_mlp/collapse_monitoring/collapse_monitor_epoch4.json
[DEBUG CollapseMonitor] on_validation_epoch_start called for epoch 5
[DEBUG CollapseMonitor] reset_temporal_state() called on loss function
Epoch 5: val_loss=0.4789871573448181
Epoch 5: train_loss=0.5175583362579346

[CollapseMonitor] Epoch 5
  [DEBUG] Processed 21 batches from val_dataloader
  [DEBUG] Predictions shape after concat: (1282,)
  [DEBUG] All predictions list length: 21
  [DEBUG] First batch shape: (64,)
  Pred std: 0.001552, range: 0.007464, mean: 0.051295
  Pos: 100.0%, Neg: 0.0%, Unique: 1096
  Collapse penalty: 0.000000 (threshold: 0.005000)
  Saved validation predictions to: experiments/05a_regime_output/learn3r_d025_lb1_mlp/collapse_monitoring/val_predictions_epoch5.npy
  Gradient norms:
    lstm_encoder: 0.000868
    lstm_decoder: 0.000864
    output_layer: 0.049126
  VSN output std:
    encoder: 0.204503
  Attention entropy: 2.995259
  Regime diagnostics:
    Routing entropy: 1.0966 (normalized: 0.9981)
    Dominant regime: 100.0%
    Regime assignments: 0=100.0%, 1=0.0%, 2=0.0%
    Avg routing weights: R0=0.3534, R1=0.3426, R2=0.3041
    Expert 0: std=0.002013, mean=0.016837
      WARNING: Expert 0 collapsed (std < 0.05)
    Expert 1: std=0.000849, mean=0.006918
      WARNING: Expert 1 collapsed (std < 0.05)
    Expert 2: std=0.001264, mean=0.018411
      WARNING: Expert 2 collapsed (std < 0.05)
    VIX correlation (regime_1): -0.423
  Expert weight divergence (0 vs 1): diff=3.2750, cosine=0.0622
  Expert weight divergence (0 vs 2): diff=3.1470, cosine=0.1511
  Expert weight divergence (1 vs 2): diff=3.3272, cosine=0.0574
    INFO: Good expert divergence (cosine < 0.5) - experts learning different functions
  Saved to: experiments/05a_regime_output/learn3r_d025_lb1_mlp/collapse_monitoring/collapse_monitor_epoch5.json
[DEBUG CollapseMonitor] on_validation_epoch_start called for epoch 6
[DEBUG CollapseMonitor] reset_temporal_state() called on loss function
Epoch 6: val_loss=0.4608767628669739
Epoch 6: train_loss=0.4830724000930786

[CollapseMonitor] Epoch 6
  [DEBUG] Processed 21 batches from val_dataloader
  [DEBUG] Predictions shape after concat: (1282,)
  [DEBUG] All predictions list length: 21
  [DEBUG] First batch shape: (64,)
  Pred std: 0.001478, range: 0.007222, mean: 0.042020
  Pos: 100.0%, Neg: 0.0%, Unique: 1092
  Collapse penalty: 0.000000 (threshold: 0.005000)
  Saved validation predictions to: experiments/05a_regime_output/learn3r_d025_lb1_mlp/collapse_monitoring/val_predictions_epoch6.npy
  Gradient norms:
    lstm_encoder: 0.000670
    lstm_decoder: 0.000647
    output_layer: 0.036341
  VSN output std:
    encoder: 0.200424
  Attention entropy: 2.995087
  Regime diagnostics:
    Routing entropy: 1.0976 (normalized: 0.9991)
    Dominant regime: 100.0%
    Regime assignments: 0=100.0%, 1=0.0%, 2=0.0%
    Avg routing weights: R0=0.3503, R1=0.3359, R2=0.3138
    Expert 0: std=0.001574, mean=-0.028294
      WARNING: Expert 0 collapsed (std < 0.05)
    Expert 1: std=0.000729, mean=0.024201
      WARNING: Expert 1 collapsed (std < 0.05)
    Expert 2: std=0.001285, mean=0.024267
      WARNING: Expert 2 collapsed (std < 0.05)
    VIX correlation (regime_1): -0.539
  Expert weight divergence (0 vs 1): diff=3.3042, cosine=0.0772
  Expert weight divergence (0 vs 2): diff=3.1825, cosine=0.1641
  Expert weight divergence (1 vs 2): diff=3.3749, cosine=0.0592
    INFO: Good expert divergence (cosine < 0.5) - experts learning different functions
  Saved to: experiments/05a_regime_output/learn3r_d025_lb1_mlp/collapse_monitoring/collapse_monitor_epoch6.json
[DEBUG CollapseMonitor] on_validation_epoch_start called for epoch 7
[DEBUG CollapseMonitor] reset_temporal_state() called on loss function
Epoch 7: val_loss=0.4536595642566681
Epoch 7: train_loss=0.4644944965839386

[CollapseMonitor] Epoch 7
  [DEBUG] Processed 21 batches from val_dataloader
  [DEBUG] Predictions shape after concat: (1282,)
  [DEBUG] All predictions list length: 21
  [DEBUG] First batch shape: (64,)
  Pred std: 0.001867, range: 0.009132, mean: 0.038743
  Pos: 100.0%, Neg: 0.0%, Unique: 1104
  Collapse penalty: 0.000000 (threshold: 0.005000)
  Saved validation predictions to: experiments/05a_regime_output/learn3r_d025_lb1_mlp/collapse_monitoring/val_predictions_epoch7.npy
  Gradient norms:
    lstm_encoder: 0.000597
    lstm_decoder: 0.000551
    output_layer: 0.027889
  VSN output std:
    encoder: 0.193649
  Attention entropy: 2.994979
  Regime diagnostics:
    Routing entropy: 1.0980 (normalized: 0.9995)
    Dominant regime: 100.0%
    Regime assignments: 0=100.0%, 1=0.0%, 2=0.0%
    Avg routing weights: R0=0.3493, R1=0.3257, R2=0.3250
    Expert 0: std=0.001512, mean=-0.051459
      WARNING: Expert 0 collapsed (std < 0.05)
    Expert 1: std=0.000822, mean=0.026355
      WARNING: Expert 1 collapsed (std < 0.05)
    Expert 2: std=0.001383, mean=0.037236
      WARNING: Expert 2 collapsed (std < 0.05)
    VIX correlation (regime_1): -0.562
  Expert weight divergence (0 vs 1): diff=3.3277, cosine=0.0882
  Expert weight divergence (0 vs 2): diff=3.2130, cosine=0.1739
  Expert weight divergence (1 vs 2): diff=3.4091, cosine=0.0617
    INFO: Good expert divergence (cosine < 0.5) - experts learning different functions
  Saved to: experiments/05a_regime_output/learn3r_d025_lb1_mlp/collapse_monitoring/collapse_monitor_epoch7.json
[DEBUG CollapseMonitor] on_validation_epoch_start called for epoch 8
[DEBUG CollapseMonitor] reset_temporal_state() called on loss function
Epoch 8: val_loss=0.45026326179504395
Epoch 8: train_loss=0.4583350121974945

[CollapseMonitor] Epoch 8
  [DEBUG] Processed 21 batches from val_dataloader
  [DEBUG] Predictions shape after concat: (1282,)
  [DEBUG] All predictions list length: 21
  [DEBUG] First batch shape: (64,)
  Pred std: 0.002464, range: 0.011519, mean: 0.053042
  Pos: 100.0%, Neg: 0.0%, Unique: 1125
  Collapse penalty: 0.000000 (threshold: 0.005000)
  Saved validation predictions to: experiments/05a_regime_output/learn3r_d025_lb1_mlp/collapse_monitoring/val_predictions_epoch8.npy
  Gradient norms:
    lstm_encoder: 0.000669
    lstm_decoder: 0.000590
    output_layer: 0.025473
  VSN output std:
    encoder: 0.184034
  Attention entropy: 2.994945
  Regime diagnostics:
    Routing entropy: 1.0983 (normalized: 0.9997)
    Dominant regime: 100.0%
    Regime assignments: 0=100.0%, 1=0.0%, 2=0.0%
    Avg routing weights: R0=0.3433, R1=0.3236, R2=0.3331
    Expert 0: std=0.001508, mean=-0.044332
      WARNING: Expert 0 collapsed (std < 0.05)
    Expert 1: std=0.001105, mean=0.024244
      WARNING: Expert 1 collapsed (std < 0.05)
    Expert 2: std=0.001870, mean=0.067513
      WARNING: Expert 2 collapsed (std < 0.05)
    VIX correlation (regime_1): -0.134
  Expert weight divergence (0 vs 1): diff=3.3417, cosine=0.0950
  Expert weight divergence (0 vs 2): diff=3.2323, cosine=0.1807
  Expert weight divergence (1 vs 2): diff=3.4288, cosine=0.0642
    INFO: Good expert divergence (cosine < 0.5) - experts learning different functions
  Saved to: experiments/05a_regime_output/learn3r_d025_lb1_mlp/collapse_monitoring/collapse_monitor_epoch8.json
[DEBUG CollapseMonitor] on_validation_epoch_start called for epoch 9
[DEBUG CollapseMonitor] reset_temporal_state() called on loss function
Epoch 9: val_loss=0.44790926575660706
Epoch 9: train_loss=0.4540144205093384

[CollapseMonitor] Epoch 9
  [DEBUG] Processed 21 batches from val_dataloader
  [DEBUG] Predictions shape after concat: (1282,)
  [DEBUG] All predictions list length: 21
  [DEBUG] First batch shape: (64,)
  Pred std: 0.006595, range: 0.029302, mean: 0.066593
  Pos: 100.0%, Neg: 0.0%, Unique: 1230
  Collapse penalty: 0.000000 (threshold: 0.005000)
  Saved validation predictions to: experiments/05a_regime_output/learn3r_d025_lb1_mlp/collapse_monitoring/val_predictions_epoch9.npy
  Gradient norms:
    lstm_encoder: 0.000862
    lstm_decoder: 0.000751
    output_layer: 0.026055
  VSN output std:
    encoder: 0.172002
  Attention entropy: 2.994431
  Regime diagnostics:
    Routing entropy: 1.0985 (normalized: 0.9999)
    Dominant regime: 100.0%
    Regime assignments: 0=100.0%, 1=0.0%, 2=0.0%
    Avg routing weights: R0=0.3390, R1=0.3299, R2=0.3310
    Expert 0: std=0.003741, mean=-0.014246
      WARNING: Expert 0 collapsed (std < 0.05)
    Expert 1: std=0.004528, mean=0.024484
      WARNING: Expert 1 collapsed (std < 0.05)
    Expert 2: std=0.009731, mean=0.067840
      WARNING: Expert 2 collapsed (std < 0.05)
    VIX correlation (regime_1): 0.630
  Expert weight divergence (0 vs 1): diff=3.3551, cosine=0.0987
  Expert weight divergence (0 vs 2): diff=3.2466, cosine=0.1850
  Expert weight divergence (1 vs 2): diff=3.4445, cosine=0.0656
    INFO: Good expert divergence (cosine < 0.5) - experts learning different functions
  Saved to: experiments/05a_regime_output/learn3r_d025_lb1_mlp/collapse_monitoring/collapse_monitor_epoch9.json
[DEBUG CollapseMonitor] on_validation_epoch_start called for epoch 10
[DEBUG CollapseMonitor] reset_temporal_state() called on loss function
Epoch 10: val_loss=0.4406229257583618
Epoch 10: train_loss=0.45115527510643005

[CollapseMonitor] Epoch 10
  [DEBUG] Processed 21 batches from val_dataloader
  [DEBUG] Predictions shape after concat: (1282,)
  [DEBUG] All predictions list length: 21
  [DEBUG] First batch shape: (64,)
  Pred std: 0.017539, range: 0.063107, mean: 0.043668
  Pos: 100.0%, Neg: 0.0%, Unique: 1243
  Collapse penalty: 0.000000 (threshold: 0.005000)
  Saved validation predictions to: experiments/05a_regime_output/learn3r_d025_lb1_mlp/collapse_monitoring/val_predictions_epoch10.npy
  Gradient norms:
    lstm_encoder: 0.001272
    lstm_decoder: 0.001080
    output_layer: 0.027375
  VSN output std:
    encoder: 0.174271
  Attention entropy: 2.989060
  Regime diagnostics:
    Routing entropy: 1.0985 (normalized: 0.9999)
    Dominant regime: 89.4%
    Regime assignments: 0=10.6%, 1=0.0%, 2=89.4%
    Avg routing weights: R0=0.3322, R1=0.3288, R2=0.3389
    Expert 0: std=0.023396, mean=0.064713
      WARNING: Expert 0 collapsed (std < 0.05)
    Expert 1: std=0.018178, mean=-0.010023
      WARNING: Expert 1 collapsed (std < 0.05)
    Expert 2: std=0.038373, mean=-0.044708
      WARNING: Expert 2 collapsed (std < 0.05)
    VIX correlation (regime_1): 0.704
  Expert weight divergence (0 vs 1): diff=3.3681, cosine=0.1026
  Expert weight divergence (0 vs 2): diff=3.2570, cosine=0.1901
  Expert weight divergence (1 vs 2): diff=3.4624, cosine=0.0653
    INFO: Good expert divergence (cosine < 0.5) - experts learning different functions
  Saved to: experiments/05a_regime_output/learn3r_d025_lb1_mlp/collapse_monitoring/collapse_monitor_epoch10.json
[DEBUG CollapseMonitor] on_validation_epoch_start called for epoch 11
[DEBUG CollapseMonitor] reset_temporal_state() called on loss function
Epoch 11: val_loss=0.43031448125839233
Epoch 11: train_loss=0.4447821378707886

[CollapseMonitor] Epoch 11
  [DEBUG] Processed 21 batches from val_dataloader
  [DEBUG] Predictions shape after concat: (1282,)
  [DEBUG] All predictions list length: 21
  [DEBUG] First batch shape: (64,)
  Pred std: 0.022300, range: 0.081378, mean: 0.059666
  Pos: 100.0%, Neg: 0.0%, Unique: 1226
  Collapse penalty: 0.000000 (threshold: 0.005000)
  Saved validation predictions to: experiments/05a_regime_output/learn3r_d025_lb1_mlp/collapse_monitoring/val_predictions_epoch11.npy
  Gradient norms:
    lstm_encoder: 0.002095
    lstm_decoder: 0.001493
    output_layer: 0.026318
  VSN output std:
    encoder: 0.207219
  Attention entropy: 2.963599
  Regime diagnostics:
    Routing entropy: 1.0981 (normalized: 0.9996)
    Dominant regime: 86.9%
    Regime assignments: 0=11.7%, 1=1.4%, 2=86.9%
    Avg routing weights: R0=0.3278, R1=0.3320, R2=0.3402
    Expert 0: std=0.099793, mean=0.218112
    Expert 1: std=0.057898, mean=-0.058402
    Expert 2: std=0.088532, mean=-0.095865
    VIX correlation (regime_1): 0.715
  Expert weight divergence (0 vs 1): diff=3.3898, cosine=0.1082
  Expert weight divergence (0 vs 2): diff=3.2759, cosine=0.1943
  Expert weight divergence (1 vs 2): diff=3.4891, cosine=0.0633
    INFO: Good expert divergence (cosine < 0.5) - experts learning different functions
  Saved to: experiments/05a_regime_output/learn3r_d025_lb1_mlp/collapse_monitoring/collapse_monitor_epoch11.json
[DEBUG CollapseMonitor] on_validation_epoch_start called for epoch 12
[DEBUG CollapseMonitor] reset_temporal_state() called on loss function
Epoch 12: val_loss=0.42512595653533936
Epoch 12: train_loss=0.4380296766757965

[CollapseMonitor] Epoch 12
  [DEBUG] Processed 21 batches from val_dataloader
  [DEBUG] Predictions shape after concat: (1282,)
  [DEBUG] All predictions list length: 21
  [DEBUG] First batch shape: (64,)
  Pred std: 0.010926, range: 0.079165, mean: 0.049554
  Pos: 100.0%, Neg: 0.0%, Unique: 1235
  Collapse penalty: 0.000000 (threshold: 0.005000)
  Saved validation predictions to: experiments/05a_regime_output/learn3r_d025_lb1_mlp/collapse_monitoring/val_predictions_epoch12.npy
  Gradient norms:
    lstm_encoder: 0.002595
    lstm_decoder: 0.001787
    output_layer: 0.025055
  VSN output std:
    encoder: 0.224357
  Attention entropy: 2.960936
  Regime diagnostics:
    Routing entropy: 1.0977 (normalized: 0.9992)
    Dominant regime: 86.1%
    Regime assignments: 0=12.8%, 1=1.1%, 2=86.1%
    Avg routing weights: R0=0.3258, R1=0.3302, R2=0.3441
    Expert 0: std=0.141779, mean=0.263149
    Expert 1: std=0.069601, mean=-0.096293
    Expert 2: std=0.082112, mean=-0.110583
    VIX correlation (regime_1): 0.743
  Expert weight divergence (0 vs 1): diff=3.4109, cosine=0.1136
  Expert weight divergence (0 vs 2): diff=3.2889, cosine=0.2022
  Expert weight divergence (1 vs 2): diff=3.5147, cosine=0.0630
    INFO: Good expert divergence (cosine < 0.5) - experts learning different functions
  Saved to: experiments/05a_regime_output/learn3r_d025_lb1_mlp/collapse_monitoring/collapse_monitor_epoch12.json
[DEBUG CollapseMonitor] on_validation_epoch_start called for epoch 13
[DEBUG CollapseMonitor] reset_temporal_state() called on loss function
Epoch 13: val_loss=0.4227672517299652
Epoch 13: train_loss=0.43549153208732605

[CollapseMonitor] Epoch 13
  [DEBUG] Processed 21 batches from val_dataloader
  [DEBUG] Predictions shape after concat: (1282,)
  [DEBUG] All predictions list length: 21
  [DEBUG] First batch shape: (64,)
  Pred std: 0.011080, range: 0.099257, mean: 0.078802
  Pos: 100.0%, Neg: 0.0%, Unique: 1241
  Collapse penalty: 0.000000 (threshold: 0.005000)
  Saved validation predictions to: experiments/05a_regime_output/learn3r_d025_lb1_mlp/collapse_monitoring/val_predictions_epoch13.npy
  Gradient norms:
    lstm_encoder: 0.003157
    lstm_decoder: 0.002322
    output_layer: 0.026638
  VSN output std:
    encoder: 0.222594
  Attention entropy: 2.966675
  Regime diagnostics:
    Routing entropy: 1.0971 (normalized: 0.9986)
    Dominant regime: 88.1%
    Regime assignments: 0=11.9%, 1=0.0%, 2=88.1%
    Avg routing weights: R0=0.3240, R1=0.3242, R2=0.3519
    Expert 0: std=0.148302, mean=0.323185
    Expert 1: std=0.071080, mean=-0.095872
    Expert 2: std=0.077265, mean=-0.085478
    VIX correlation (regime_1): 0.773
  Expert weight divergence (0 vs 1): diff=3.4241, cosine=0.1182
  Expert weight divergence (0 vs 2): diff=3.3005, cosine=0.2074
  Expert weight divergence (1 vs 2): diff=3.5292, cosine=0.0650
    INFO: Good expert divergence (cosine < 0.5) - experts learning different functions
  Saved to: experiments/05a_regime_output/learn3r_d025_lb1_mlp/collapse_monitoring/collapse_monitor_epoch13.json
[DEBUG CollapseMonitor] on_validation_epoch_start called for epoch 14
[DEBUG CollapseMonitor] reset_temporal_state() called on loss function
Epoch 14: val_loss=0.4209184944629669
Epoch 14: train_loss=0.43384885787963867

[CollapseMonitor] Epoch 14
  [DEBUG] Processed 21 batches from val_dataloader
  [DEBUG] Predictions shape after concat: (1282,)
  [DEBUG] All predictions list length: 21
  [DEBUG] First batch shape: (64,)
  Pred std: 0.012147, range: 0.097871, mean: 0.057453
  Pos: 100.0%, Neg: 0.0%, Unique: 1251
  Collapse penalty: 0.000000 (threshold: 0.005000)
  Saved validation predictions to: experiments/05a_regime_output/learn3r_d025_lb1_mlp/collapse_monitoring/val_predictions_epoch14.npy
  Gradient norms:
    lstm_encoder: 0.003534
    lstm_decoder: 0.002588
    output_layer: 0.028273
  VSN output std:
    encoder: 0.218285
  Attention entropy: 2.971326
  Regime diagnostics:
    Routing entropy: 1.0974 (normalized: 0.9989)
    Dominant regime: 85.3%
    Regime assignments: 0=10.8%, 1=3.9%, 2=85.3%
    Avg routing weights: R0=0.3214, R1=0.3342, R2=0.3443
    Expert 0: std=0.146001, mean=0.296997
    Expert 1: std=0.068909, mean=-0.112731
    Expert 2: std=0.067331, mean=-0.094359
    VIX correlation (regime_1): 0.831
  Expert weight divergence (0 vs 1): diff=3.4368, cosine=0.1219
  Expert weight divergence (0 vs 2): diff=3.3116, cosine=0.2113
  Expert weight divergence (1 vs 2): diff=3.5441, cosine=0.0658
    INFO: Good expert divergence (cosine < 0.5) - experts learning different functions
  Saved to: experiments/05a_regime_output/learn3r_d025_lb1_mlp/collapse_monitoring/collapse_monitor_epoch14.json
[DEBUG CollapseMonitor] on_validation_epoch_start called for epoch 15
[DEBUG CollapseMonitor] reset_temporal_state() called on loss function
Epoch 15: val_loss=0.42061272263526917
Epoch 15: train_loss=0.4314901828765869

[CollapseMonitor] Epoch 15
  [DEBUG] Processed 21 batches from val_dataloader
  [DEBUG] Predictions shape after concat: (1282,)
  [DEBUG] All predictions list length: 21
  [DEBUG] First batch shape: (64,)
  Pred std: 0.013357, range: 0.083930, mean: 0.060725
  Pos: 100.0%, Neg: 0.0%, Unique: 1250
  Collapse penalty: 0.000000 (threshold: 0.005000)
  Saved validation predictions to: experiments/05a_regime_output/learn3r_d025_lb1_mlp/collapse_monitoring/val_predictions_epoch15.npy
  Gradient norms:
    lstm_encoder: 0.004504
    lstm_decoder: 0.003258
    output_layer: 0.026901
  VSN output std:
    encoder: 0.192168
  Attention entropy: 2.981877
  Regime diagnostics:
    Routing entropy: 1.0971 (normalized: 0.9986)
    Dominant regime: 89.1%
    Regime assignments: 0=8.3%, 1=2.7%, 2=89.1%
    Avg routing weights: R0=0.3156, R1=0.3320, R2=0.3524
    Expert 0: std=0.086548, mean=0.332238
    Expert 1: std=0.044131, mean=-0.126744
      WARNING: Expert 1 collapsed (std < 0.05)
    Expert 2: std=0.044663, mean=-0.111905
      WARNING: Expert 2 collapsed (std < 0.05)
    VIX correlation (regime_1): 0.831
  Expert weight divergence (0 vs 1): diff=3.4518, cosine=0.1239
  Expert weight divergence (0 vs 2): diff=3.3227, cosine=0.2148
  Expert weight divergence (1 vs 2): diff=3.5594, cosine=0.0667
    INFO: Good expert divergence (cosine < 0.5) - experts learning different functions
  Saved to: experiments/05a_regime_output/learn3r_d025_lb1_mlp/collapse_monitoring/collapse_monitor_epoch15.json
[DEBUG CollapseMonitor] on_validation_epoch_start called for epoch 16
[DEBUG CollapseMonitor] reset_temporal_state() called on loss function
Epoch 16: val_loss=0.4165627956390381
Epoch 16: train_loss=0.4308069944381714

[CollapseMonitor] Epoch 16
  [DEBUG] Processed 21 batches from val_dataloader
  [DEBUG] Predictions shape after concat: (1282,)
  [DEBUG] All predictions list length: 21
  [DEBUG] First batch shape: (64,)
  Pred std: 0.017625, range: 0.085113, mean: 0.084420
  Pos: 100.0%, Neg: 0.0%, Unique: 1263
  Collapse penalty: 0.000000 (threshold: 0.005000)
  Saved validation predictions to: experiments/05a_regime_output/learn3r_d025_lb1_mlp/collapse_monitoring/val_predictions_epoch16.npy
  Gradient norms:
    lstm_encoder: 0.005360
    lstm_decoder: 0.003886
    output_layer: 0.027876
  VSN output std:
    encoder: 0.209409
  Attention entropy: 2.980237
  Regime diagnostics:
    Routing entropy: 1.0973 (normalized: 0.9988)
    Dominant regime: 85.3%
    Regime assignments: 0=14.7%, 1=0.0%, 2=85.3%
    Avg routing weights: R0=0.3258, R1=0.3267, R2=0.3475
    Expert 0: std=0.090977, mean=0.355725
    Expert 1: std=0.052303, mean=-0.119421
    Expert 2: std=0.053319, mean=-0.089578
    VIX correlation (regime_1): 0.851
  Expert weight divergence (0 vs 1): diff=3.4681, cosine=0.1256
  Expert weight divergence (0 vs 2): diff=3.3342, cosine=0.2178
  Expert weight divergence (1 vs 2): diff=3.5720, cosine=0.0673
    INFO: Good expert divergence (cosine < 0.5) - experts learning different functions
  Saved to: experiments/05a_regime_output/learn3r_d025_lb1_mlp/collapse_monitoring/collapse_monitor_epoch16.json
[DEBUG CollapseMonitor] on_validation_epoch_start called for epoch 17
[DEBUG CollapseMonitor] reset_temporal_state() called on loss function
Epoch 17: val_loss=0.41550925374031067
Epoch 17: train_loss=0.4276568293571472

[CollapseMonitor] Epoch 17
  [DEBUG] Processed 21 batches from val_dataloader
  [DEBUG] Predictions shape after concat: (1282,)
  [DEBUG] All predictions list length: 21
  [DEBUG] First batch shape: (64,)
  Pred std: 0.020999, range: 0.089098, mean: 0.070538
  Pos: 100.0%, Neg: 0.0%, Unique: 1263
  Collapse penalty: 0.000000 (threshold: 0.005000)
  Saved validation predictions to: experiments/05a_regime_output/learn3r_d025_lb1_mlp/collapse_monitoring/val_predictions_epoch17.npy
  Gradient norms:
    lstm_encoder: 0.006240
    lstm_decoder: 0.004473
    output_layer: 0.026090
  VSN output std:
    encoder: 0.203405
  Attention entropy: 2.980695
  Regime diagnostics:
    Routing entropy: 1.0967 (normalized: 0.9983)
    Dominant regime: 86.9%
    Regime assignments: 0=11.2%, 1=1.9%, 2=86.9%
    Avg routing weights: R0=0.3176, R1=0.3290, R2=0.3534
    Expert 0: std=0.068779, mean=0.359564
    Expert 1: std=0.037272, mean=-0.133318
      WARNING: Expert 1 collapsed (std < 0.05)
    Expert 2: std=0.060808, mean=-0.108223
    VIX correlation (regime_1): 0.874
  Expert weight divergence (0 vs 1): diff=3.4800, cosine=0.1292
  Expert weight divergence (0 vs 2): diff=3.3468, cosine=0.2195
  Expert weight divergence (1 vs 2): diff=3.5838, cosine=0.0679
    INFO: Good expert divergence (cosine < 0.5) - experts learning different functions
  Saved to: experiments/05a_regime_output/learn3r_d025_lb1_mlp/collapse_monitoring/collapse_monitor_epoch17.json
[DEBUG CollapseMonitor] on_validation_epoch_start called for epoch 18
[DEBUG CollapseMonitor] reset_temporal_state() called on loss function
Epoch 18: val_loss=0.41386568546295166
Epoch 18: train_loss=0.42755287885665894

[CollapseMonitor] Epoch 18
  [DEBUG] Processed 21 batches from val_dataloader
  [DEBUG] Predictions shape after concat: (1282,)
  [DEBUG] All predictions list length: 21
  [DEBUG] First batch shape: (64,)
  Pred std: 0.021408, range: 0.090677, mean: 0.063663
  Pos: 100.0%, Neg: 0.0%, Unique: 1264
  Collapse penalty: 0.000000 (threshold: 0.005000)
  Saved validation predictions to: experiments/05a_regime_output/learn3r_d025_lb1_mlp/collapse_monitoring/val_predictions_epoch18.npy
  Gradient norms:
    lstm_encoder: 0.007195
    lstm_decoder: 0.005222
    output_layer: 0.028676
  VSN output std:
    encoder: 0.181672
  Attention entropy: 2.976867
  Regime diagnostics:
    Routing entropy: 1.0965 (normalized: 0.9981)
    Dominant regime: 87.2%
    Regime assignments: 0=10.2%, 1=2.7%, 2=87.2%
    Avg routing weights: R0=0.3165, R1=0.3300, R2=0.3535
    Expert 0: std=0.073641, mean=0.354635
    Expert 1: std=0.040838, mean=-0.128877
      WARNING: Expert 1 collapsed (std < 0.05)
    Expert 2: std=0.061718, mean=-0.131240
    VIX correlation (regime_1): 0.829
  Expert weight divergence (0 vs 1): diff=3.4946, cosine=0.1313
  Expert weight divergence (0 vs 2): diff=3.3569, cosine=0.2225
  Expert weight divergence (1 vs 2): diff=3.5958, cosine=0.0691
    INFO: Good expert divergence (cosine < 0.5) - experts learning different functions
  Saved to: experiments/05a_regime_output/learn3r_d025_lb1_mlp/collapse_monitoring/collapse_monitor_epoch18.json
[DEBUG CollapseMonitor] on_validation_epoch_start called for epoch 19
[DEBUG CollapseMonitor] reset_temporal_state() called on loss function
Epoch 19: val_loss=0.41322946548461914
Epoch 19: train_loss=0.4280076026916504

[CollapseMonitor] Epoch 19
  [DEBUG] Processed 21 batches from val_dataloader
  [DEBUG] Predictions shape after concat: (1282,)
  [DEBUG] All predictions list length: 21
  [DEBUG] First batch shape: (64,)
  Pred std: 0.020744, range: 0.084667, mean: 0.063110
  Pos: 100.0%, Neg: 0.0%, Unique: 1250
  Collapse penalty: 0.000000 (threshold: 0.005000)
  Saved validation predictions to: experiments/05a_regime_output/learn3r_d025_lb1_mlp/collapse_monitoring/val_predictions_epoch19.npy
  Gradient norms:
    lstm_encoder: 0.007296
    lstm_decoder: 0.005052
    output_layer: 0.027368
  VSN output std:
    encoder: 0.189901
  Attention entropy: 2.978428
  Regime diagnostics:
    Routing entropy: 1.0960 (normalized: 0.9976)
    Dominant regime: 88.0%
    Regime assignments: 0=9.2%, 1=2.8%, 2=88.0%
    Avg routing weights: R0=0.3114, R1=0.3301, R2=0.3584
    Expert 0: std=0.058837, mean=0.358084
    Expert 1: std=0.031687, mean=-0.125339
      WARNING: Expert 1 collapsed (std < 0.05)
    Expert 2: std=0.056784, mean=-0.130957
    VIX correlation (regime_1): 0.857
  Expert weight divergence (0 vs 1): diff=3.5046, cosine=0.1337
  Expert weight divergence (0 vs 2): diff=3.3634, cosine=0.2258
  Expert weight divergence (1 vs 2): diff=3.6026, cosine=0.0708
    INFO: Good expert divergence (cosine < 0.5) - experts learning different functions
  Saved to: experiments/05a_regime_output/learn3r_d025_lb1_mlp/collapse_monitoring/collapse_monitor_epoch19.json
[DEBUG CollapseMonitor] on_validation_epoch_start called for epoch 20
[DEBUG CollapseMonitor] reset_temporal_state() called on loss function
Epoch 20: val_loss=0.4120851457118988
Epoch 20: train_loss=0.42701250314712524

[CollapseMonitor] Epoch 20
  [DEBUG] Processed 21 batches from val_dataloader
  [DEBUG] Predictions shape after concat: (1282,)
  [DEBUG] All predictions list length: 21
  [DEBUG] First batch shape: (64,)
  Pred std: 0.018376, range: 0.078084, mean: 0.075717
  Pos: 100.0%, Neg: 0.0%, Unique: 1262
  Collapse penalty: 0.000000 (threshold: 0.005000)
  Saved validation predictions to: experiments/05a_regime_output/learn3r_d025_lb1_mlp/collapse_monitoring/val_predictions_epoch20.npy
  Gradient norms:
    lstm_encoder: 0.008003
    lstm_decoder: 0.005726
    output_layer: 0.026961
  VSN output std:
    encoder: 0.214415
  Attention entropy: 2.974872
  Regime diagnostics:
    Routing entropy: 1.0971 (normalized: 0.9986)
    Dominant regime: 81.9%
    Regime assignments: 0=13.0%, 1=5.2%, 2=81.9%
    Avg routing weights: R0=0.3208, R1=0.3335, R2=0.3456
    Expert 0: std=0.070734, mean=0.359152
    Expert 1: std=0.037298, mean=-0.117148
      WARNING: Expert 1 collapsed (std < 0.05)
    Expert 2: std=0.053326, mean=-0.110884
    VIX correlation (regime_1): 0.834
  Expert weight divergence (0 vs 1): diff=3.5157, cosine=0.1361
  Expert weight divergence (0 vs 2): diff=3.3710, cosine=0.2286
  Expert weight divergence (1 vs 2): diff=3.6099, cosine=0.0721
    INFO: Good expert divergence (cosine < 0.5) - experts learning different functions
  Saved to: experiments/05a_regime_output/learn3r_d025_lb1_mlp/collapse_monitoring/collapse_monitor_epoch20.json
[DEBUG CollapseMonitor] on_validation_epoch_start called for epoch 21
[DEBUG CollapseMonitor] reset_temporal_state() called on loss function
Epoch 21: val_loss=0.40978237986564636
Epoch 21: train_loss=0.42471346259117126

[CollapseMonitor] Epoch 21
  [DEBUG] Processed 21 batches from val_dataloader
  [DEBUG] Predictions shape after concat: (1282,)
  [DEBUG] All predictions list length: 21
  [DEBUG] First batch shape: (64,)
  Pred std: 0.017897, range: 0.076251, mean: 0.041106
  Pos: 100.0%, Neg: 0.0%, Unique: 1259
  Collapse penalty: 0.000000 (threshold: 0.005000)
  Saved validation predictions to: experiments/05a_regime_output/learn3r_d025_lb1_mlp/collapse_monitoring/val_predictions_epoch21.npy
  Gradient norms:
    lstm_encoder: 0.008161
    lstm_decoder: 0.006091
    output_layer: 0.026346
  VSN output std:
    encoder: 0.210843
  Attention entropy: 2.973083
  Regime diagnostics:
    Routing entropy: 1.0957 (normalized: 0.9974)
    Dominant regime: 87.5%
    Regime assignments: 0=11.1%, 1=1.4%, 2=87.5%
    Avg routing weights: R0=0.3120, R1=0.3292, R2=0.3587
    Expert 0: std=0.069482, mean=0.336257
    Expert 1: std=0.033232, mean=-0.133711
      WARNING: Expert 1 collapsed (std < 0.05)
    Expert 2: std=0.058886, mean=-0.153086
    VIX correlation (regime_1): 0.809
  Expert weight divergence (0 vs 1): diff=3.5269, cosine=0.1376
  Expert weight divergence (0 vs 2): diff=3.3776, cosine=0.2317
  Expert weight divergence (1 vs 2): diff=3.6179, cosine=0.0728
    INFO: Good expert divergence (cosine < 0.5) - experts learning different functions
  Saved to: experiments/05a_regime_output/learn3r_d025_lb1_mlp/collapse_monitoring/collapse_monitor_epoch21.json
[DEBUG CollapseMonitor] on_validation_epoch_start called for epoch 22
[DEBUG CollapseMonitor] reset_temporal_state() called on loss function
Epoch 22: val_loss=0.40967386960983276
Epoch 22: train_loss=0.42468395829200745

[CollapseMonitor] Epoch 22
  [DEBUG] Processed 21 batches from val_dataloader
  [DEBUG] Predictions shape after concat: (1282,)
  [DEBUG] All predictions list length: 21
  [DEBUG] First batch shape: (64,)
  Pred std: 0.020310, range: 0.081254, mean: 0.050621
  Pos: 100.0%, Neg: 0.0%, Unique: 1262
  Collapse penalty: 0.000000 (threshold: 0.005000)
  Saved validation predictions to: experiments/05a_regime_output/learn3r_d025_lb1_mlp/collapse_monitoring/val_predictions_epoch22.npy
  Gradient norms:
    lstm_encoder: 0.008773
    lstm_decoder: 0.006582
    output_layer: 0.027620
  VSN output std:
    encoder: 0.215464
  Attention entropy: 2.975059
  Regime diagnostics:
    Routing entropy: 1.0958 (normalized: 0.9975)
    Dominant regime: 85.6%
    Regime assignments: 0=9.5%, 1=4.8%, 2=85.6%
    Avg routing weights: R0=0.3099, R1=0.3329, R2=0.3571
    Expert 0: std=0.051436, mean=0.351197
    Expert 1: std=0.024305, mean=-0.124470
      WARNING: Expert 1 collapsed (std < 0.05)
    Expert 2: std=0.058720, mean=-0.152948
    VIX correlation (regime_1): 0.870
  Expert weight divergence (0 vs 1): diff=3.5390, cosine=0.1388
  Expert weight divergence (0 vs 2): diff=3.3848, cosine=0.2341
  Expert weight divergence (1 vs 2): diff=3.6243, cosine=0.0740
    INFO: Good expert divergence (cosine < 0.5) - experts learning different functions
  Saved to: experiments/05a_regime_output/learn3r_d025_lb1_mlp/collapse_monitoring/collapse_monitor_epoch22.json
[DEBUG CollapseMonitor] on_validation_epoch_start called for epoch 23
[DEBUG CollapseMonitor] reset_temporal_state() called on loss function
Epoch 23: val_loss=0.4079926311969757
Epoch 23: train_loss=0.42441895604133606

[CollapseMonitor] Epoch 23
  [DEBUG] Processed 21 batches from val_dataloader
  [DEBUG] Predictions shape after concat: (1282,)
  [DEBUG] All predictions list length: 21
  [DEBUG] First batch shape: (64,)
  Pred std: 0.017914, range: 0.073442, mean: 0.064198
  Pos: 100.0%, Neg: 0.0%, Unique: 1252
  Collapse penalty: 0.000000 (threshold: 0.005000)
  Saved validation predictions to: experiments/05a_regime_output/learn3r_d025_lb1_mlp/collapse_monitoring/val_predictions_epoch23.npy
  Gradient norms:
    lstm_encoder: 0.008635
    lstm_decoder: 0.006358
    output_layer: 0.026542
  VSN output std:
    encoder: 0.207228
  Attention entropy: 2.972707
  Regime diagnostics:
    Routing entropy: 1.0959 (normalized: 0.9975)
    Dominant regime: 86.4%
    Regime assignments: 0=12.0%, 1=1.6%, 2=86.4%
    Avg routing weights: R0=0.3122, R1=0.3305, R2=0.3572
    Expert 0: std=0.059742, mean=0.357739
    Expert 1: std=0.028939, mean=-0.103542
      WARNING: Expert 1 collapsed (std < 0.05)
    Expert 2: std=0.058902, mean=-0.145353
    VIX correlation (regime_1): 0.789
  Expert weight divergence (0 vs 1): diff=3.5490, cosine=0.1398
  Expert weight divergence (0 vs 2): diff=3.3902, cosine=0.2365
  Expert weight divergence (1 vs 2): diff=3.6299, cosine=0.0753
    INFO: Good expert divergence (cosine < 0.5) - experts learning different functions
  Saved to: experiments/05a_regime_output/learn3r_d025_lb1_mlp/collapse_monitoring/collapse_monitor_epoch23.json
[DEBUG CollapseMonitor] on_validation_epoch_start called for epoch 24
[DEBUG CollapseMonitor] reset_temporal_state() called on loss function
Epoch 24: val_loss=0.40644901990890503
Epoch 24: train_loss=0.42387276887893677

[CollapseMonitor] Epoch 24
  [DEBUG] Processed 21 batches from val_dataloader
  [DEBUG] Predictions shape after concat: (1282,)
  [DEBUG] All predictions list length: 21
  [DEBUG] First batch shape: (64,)
  Pred std: 0.026489, range: 0.094473, mean: 0.073040
  Pos: 100.0%, Neg: 0.0%, Unique: 1258
  Collapse penalty: 0.000000 (threshold: 0.005000)
  Saved validation predictions to: experiments/05a_regime_output/learn3r_d025_lb1_mlp/collapse_monitoring/val_predictions_epoch24.npy
  Gradient norms:
    lstm_encoder: 0.010832
    lstm_decoder: 0.007262
    output_layer: 0.027011
  VSN output std:
    encoder: 0.184830
  Attention entropy: 2.973115
  Regime diagnostics:
    Routing entropy: 1.0954 (normalized: 0.9970)
    Dominant regime: 85.0%
    Regime assignments: 0=8.4%, 1=6.6%, 2=85.0%
    Avg routing weights: R0=0.3072, R1=0.3354, R2=0.3573
    Expert 0: std=0.046192, mean=0.380122
      WARNING: Expert 0 collapsed (std < 0.05)
    Expert 1: std=0.024985, mean=-0.091835
      WARNING: Expert 1 collapsed (std < 0.05)
    Expert 2: std=0.062598, mean=-0.158646
    VIX correlation (regime_1): 0.808
  Expert weight divergence (0 vs 1): diff=3.5611, cosine=0.1414
  Expert weight divergence (0 vs 2): diff=3.3952, cosine=0.2398
  Expert weight divergence (1 vs 2): diff=3.6357, cosine=0.0772
    INFO: Good expert divergence (cosine < 0.5) - experts learning different functions
  Saved to: experiments/05a_regime_output/learn3r_d025_lb1_mlp/collapse_monitoring/collapse_monitor_epoch24.json
[DEBUG CollapseMonitor] on_validation_epoch_start called for epoch 25
[DEBUG CollapseMonitor] reset_temporal_state() called on loss function
Epoch 25: val_loss=0.4068440794944763
Epoch 25: train_loss=0.4238325357437134

[CollapseMonitor] Epoch 25
  [DEBUG] Processed 21 batches from val_dataloader
  [DEBUG] Predictions shape after concat: (1282,)
  [DEBUG] All predictions list length: 21
  [DEBUG] First batch shape: (64,)
  Pred std: 0.021356, range: 0.079633, mean: 0.049928
  Pos: 100.0%, Neg: 0.0%, Unique: 1267
  Collapse penalty: 0.000000 (threshold: 0.005000)
  Saved validation predictions to: experiments/05a_regime_output/learn3r_d025_lb1_mlp/collapse_monitoring/val_predictions_epoch25.npy
  Gradient norms:
    lstm_encoder: 0.011988
    lstm_decoder: 0.007607
    output_layer: 0.027245
  VSN output std:
    encoder: 0.207098
  Attention entropy: 2.973497
  Regime diagnostics:
    Routing entropy: 1.0962 (normalized: 0.9978)
    Dominant regime: 84.1%
    Regime assignments: 0=13.0%, 1=3.0%, 2=84.1%
    Avg routing weights: R0=0.3146, R1=0.3334, R2=0.3520
    Expert 0: std=0.046615, mean=0.340844
      WARNING: Expert 0 collapsed (std < 0.05)
    Expert 1: std=0.021368, mean=-0.112188
      WARNING: Expert 1 collapsed (std < 0.05)
    Expert 2: std=0.058013, mean=-0.167669
    VIX correlation (regime_1): 0.810
  Expert weight divergence (0 vs 1): diff=3.5665, cosine=0.1425
  Expert weight divergence (0 vs 2): diff=3.3998, cosine=0.2411
  Expert weight divergence (1 vs 2): diff=3.6385, cosine=0.0781
    INFO: Good expert divergence (cosine < 0.5) - experts learning different functions
  Saved to: experiments/05a_regime_output/learn3r_d025_lb1_mlp/collapse_monitoring/collapse_monitor_epoch25.json
[DEBUG CollapseMonitor] on_validation_epoch_start called for epoch 26
[DEBUG CollapseMonitor] reset_temporal_state() called on loss function
Epoch 26: val_loss=0.4062010943889618
Epoch 26: train_loss=0.4235915243625641

[CollapseMonitor] Epoch 26
  [DEBUG] Processed 21 batches from val_dataloader
  [DEBUG] Predictions shape after concat: (1282,)
  [DEBUG] All predictions list length: 21
  [DEBUG] First batch shape: (64,)
  Pred std: 0.024085, range: 0.091280, mean: 0.080458
  Pos: 100.0%, Neg: 0.0%, Unique: 1258
  Collapse penalty: 0.000000 (threshold: 0.005000)
  Saved validation predictions to: experiments/05a_regime_output/learn3r_d025_lb1_mlp/collapse_monitoring/val_predictions_epoch26.npy
  Gradient norms:
    lstm_encoder: 0.012887
    lstm_decoder: 0.007977
    output_layer: 0.027041
  VSN output std:
    encoder: 0.207527
  Attention entropy: 2.975233
  Regime diagnostics:
    Routing entropy: 1.0957 (normalized: 0.9973)
    Dominant regime: 85.5%
    Regime assignments: 0=10.2%, 1=4.4%, 2=85.5%
    Avg routing weights: R0=0.3098, R1=0.3324, R2=0.3578
    Expert 0: std=0.043203, mean=0.395970
      WARNING: Expert 0 collapsed (std < 0.05)
    Expert 1: std=0.017166, mean=-0.089415
      WARNING: Expert 1 collapsed (std < 0.05)
    Expert 2: std=0.061781, mean=-0.156432
    VIX correlation (regime_1): 0.875
  Expert weight divergence (0 vs 1): diff=3.5751, cosine=0.1441
  Expert weight divergence (0 vs 2): diff=3.4028, cosine=0.2445
  Expert weight divergence (1 vs 2): diff=3.6406, cosine=0.0805
    INFO: Good expert divergence (cosine < 0.5) - experts learning different functions
  Saved to: experiments/05a_regime_output/learn3r_d025_lb1_mlp/collapse_monitoring/collapse_monitor_epoch26.json
[DEBUG CollapseMonitor] on_validation_epoch_start called for epoch 27
[DEBUG CollapseMonitor] reset_temporal_state() called on loss function
Epoch 27: val_loss=0.4049869775772095
Epoch 27: train_loss=0.42453545331954956

[CollapseMonitor] Epoch 27
  [DEBUG] Processed 21 batches from val_dataloader
  [DEBUG] Predictions shape after concat: (1282,)
  [DEBUG] All predictions list length: 21
  [DEBUG] First batch shape: (64,)
  Pred std: 0.021839, range: 0.085669, mean: 0.066292
  Pos: 100.0%, Neg: 0.0%, Unique: 1264
  Collapse penalty: 0.000000 (threshold: 0.005000)
  Saved validation predictions to: experiments/05a_regime_output/learn3r_d025_lb1_mlp/collapse_monitoring/val_predictions_epoch27.npy
  Gradient norms:
    lstm_encoder: 0.013327
    lstm_decoder: 0.008212
    output_layer: 0.025827
  VSN output std:
    encoder: 0.192489
  Attention entropy: 2.969809
  Regime diagnostics:
    Routing entropy: 1.0958 (normalized: 0.9974)
    Dominant regime: 86.1%
    Regime assignments: 0=13.6%, 1=0.3%, 2=86.1%
    Avg routing weights: R0=0.3138, R1=0.3290, R2=0.3572
    Expert 0: std=0.047127, mean=0.369899
      WARNING: Expert 0 collapsed (std < 0.05)
    Expert 1: std=0.019968, mean=-0.089188
      WARNING: Expert 1 collapsed (std < 0.05)
    Expert 2: std=0.060121, mean=-0.174819
    VIX correlation (regime_1): 0.826
  Expert weight divergence (0 vs 1): diff=3.5839, cosine=0.1463
  Expert weight divergence (0 vs 2): diff=3.4091, cosine=0.2465
  Expert weight divergence (1 vs 2): diff=3.6464, cosine=0.0816
    INFO: Good expert divergence (cosine < 0.5) - experts learning different functions
  Saved to: experiments/05a_regime_output/learn3r_d025_lb1_mlp/collapse_monitoring/collapse_monitor_epoch27.json
[DEBUG CollapseMonitor] on_validation_epoch_start called for epoch 28
[DEBUG CollapseMonitor] reset_temporal_state() called on loss function
Epoch 28: val_loss=0.4059695303440094
Epoch 28: train_loss=0.4239630103111267

[CollapseMonitor] Epoch 28
  [DEBUG] Processed 21 batches from val_dataloader
  [DEBUG] Predictions shape after concat: (1282,)
  [DEBUG] All predictions list length: 21
  [DEBUG] First batch shape: (64,)
  Pred std: 0.019653, range: 0.080740, mean: 0.064763
  Pos: 100.0%, Neg: 0.0%, Unique: 1265
  Collapse penalty: 0.000000 (threshold: 0.005000)
  Saved validation predictions to: experiments/05a_regime_output/learn3r_d025_lb1_mlp/collapse_monitoring/val_predictions_epoch28.npy
  Gradient norms:
    lstm_encoder: 0.012796
    lstm_decoder: 0.008558
    output_layer: 0.025727
  VSN output std:
    encoder: 0.202558
  Attention entropy: 2.976088
  Regime diagnostics:
    Routing entropy: 1.0964 (normalized: 0.9980)
    Dominant regime: 86.6%
    Regime assignments: 0=13.4%, 1=0.0%, 2=86.6%
    Avg routing weights: R0=0.3149, R1=0.3302, R2=0.3549
    Expert 0: std=0.037653, mean=0.370441
      WARNING: Expert 0 collapsed (std < 0.05)
    Expert 1: std=0.013594, mean=-0.093395
      WARNING: Expert 1 collapsed (std < 0.05)
    Expert 2: std=0.054178, mean=-0.176475
    VIX correlation (regime_1): 0.860
  Expert weight divergence (0 vs 1): diff=3.5914, cosine=0.1467
  Expert weight divergence (0 vs 2): diff=3.4141, cosine=0.2481
  Expert weight divergence (1 vs 2): diff=3.6485, cosine=0.0834
    INFO: Good expert divergence (cosine < 0.5) - experts learning different functions
  Saved to: experiments/05a_regime_output/learn3r_d025_lb1_mlp/collapse_monitoring/collapse_monitor_epoch28.json
[DEBUG CollapseMonitor] on_validation_epoch_start called for epoch 29
[DEBUG CollapseMonitor] reset_temporal_state() called on loss function
Epoch 29: val_loss=0.4058111310005188
Epoch 29: train_loss=0.4227369725704193

[CollapseMonitor] Epoch 29
  [DEBUG] Processed 21 batches from val_dataloader
  [DEBUG] Predictions shape after concat: (1282,)
  [DEBUG] All predictions list length: 21
  [DEBUG] First batch shape: (64,)
  Pred std: 0.019416, range: 0.078996, mean: 0.078786
  Pos: 100.0%, Neg: 0.0%, Unique: 1254
  Collapse penalty: 0.000000 (threshold: 0.005000)
  Saved validation predictions to: experiments/05a_regime_output/learn3r_d025_lb1_mlp/collapse_monitoring/val_predictions_epoch29.npy
  Gradient norms:
    lstm_encoder: 0.014228
    lstm_decoder: 0.008320
    output_layer: 0.026445
  VSN output std:
    encoder: 0.213183
  Attention entropy: 2.977636
  Regime diagnostics:
    Routing entropy: 1.0959 (normalized: 0.9975)
    Dominant regime: 88.9%
    Regime assignments: 0=10.8%, 1=0.3%, 2=88.9%
    Avg routing weights: R0=0.3110, R1=0.3304, R2=0.3586
    Expert 0: std=0.038563, mean=0.391754
      WARNING: Expert 0 collapsed (std < 0.05)
    Expert 1: std=0.013600, mean=-0.082109
      WARNING: Expert 1 collapsed (std < 0.05)
    Expert 2: std=0.054714, mean=-0.161406
    VIX correlation (regime_1): 0.878
  Expert weight divergence (0 vs 1): diff=3.5975, cosine=0.1476
  Expert weight divergence (0 vs 2): diff=3.4159, cosine=0.2501
  Expert weight divergence (1 vs 2): diff=3.6492, cosine=0.0846
    INFO: Good expert divergence (cosine < 0.5) - experts learning different functions
  Saved to: experiments/05a_regime_output/learn3r_d025_lb1_mlp/collapse_monitoring/collapse_monitor_epoch29.json
[DEBUG CollapseMonitor] on_validation_epoch_start called for epoch 30
[DEBUG CollapseMonitor] reset_temporal_state() called on loss function
Epoch 30: val_loss=0.40333130955696106
Epoch 30: train_loss=0.42237403988838196

[CollapseMonitor] Epoch 30
  [DEBUG] Processed 21 batches from val_dataloader
  [DEBUG] Predictions shape after concat: (1282,)
  [DEBUG] All predictions list length: 21
  [DEBUG] First batch shape: (64,)
  Pred std: 0.021607, range: 0.087966, mean: 0.073564
  Pos: 100.0%, Neg: 0.0%, Unique: 1262
  Collapse penalty: 0.000000 (threshold: 0.005000)
  Saved validation predictions to: experiments/05a_regime_output/learn3r_d025_lb1_mlp/collapse_monitoring/val_predictions_epoch30.npy
  Gradient norms:
    lstm_encoder: 0.015754
    lstm_decoder: 0.009019
    output_layer: 0.024550
  VSN output std:
    encoder: 0.212243
  Attention entropy: 2.975653
  Regime diagnostics:
    Routing entropy: 1.0957 (normalized: 0.9974)
    Dominant regime: 84.4%
    Regime assignments: 0=10.5%, 1=5.2%, 2=84.4%
    Avg routing weights: R0=0.3099, R1=0.3349, R2=0.3553
    Expert 0: std=0.043315, mean=0.380960
      WARNING: Expert 0 collapsed (std < 0.05)
    Expert 1: std=0.015961, mean=-0.080536
      WARNING: Expert 1 collapsed (std < 0.05)
    Expert 2: std=0.058896, mean=-0.167164
    VIX correlation (regime_1): 0.842
  Expert weight divergence (0 vs 1): diff=3.6097, cosine=0.1490
  Expert weight divergence (0 vs 2): diff=3.4237, cosine=0.2519
  Expert weight divergence (1 vs 2): diff=3.6552, cosine=0.0859
    INFO: Good expert divergence (cosine < 0.5) - experts learning different functions
  Saved to: experiments/05a_regime_output/learn3r_d025_lb1_mlp/collapse_monitoring/collapse_monitor_epoch30.json
[DEBUG CollapseMonitor] on_validation_epoch_start called for epoch 31
[DEBUG CollapseMonitor] reset_temporal_state() called on loss function
Epoch 31: val_loss=0.40310779213905334
Epoch 31: train_loss=0.42186591029167175

[CollapseMonitor] Epoch 31
  [DEBUG] Processed 21 batches from val_dataloader
  [DEBUG] Predictions shape after concat: (1282,)
  [DEBUG] All predictions list length: 21
  [DEBUG] First batch shape: (64,)
  Pred std: 0.021474, range: 0.085826, mean: 0.055929
  Pos: 100.0%, Neg: 0.0%, Unique: 1261
  Collapse penalty: 0.000000 (threshold: 0.005000)
  Saved validation predictions to: experiments/05a_regime_output/learn3r_d025_lb1_mlp/collapse_monitoring/val_predictions_epoch31.npy
  Gradient norms:
    lstm_encoder: 0.017946
    lstm_decoder: 0.009621
    output_layer: 0.025153
  VSN output std:
    encoder: 0.211845
  Attention entropy: 2.980006
  Regime diagnostics:
    Routing entropy: 1.0959 (normalized: 0.9975)
    Dominant regime: 81.2%
    Regime assignments: 0=8.9%, 1=9.8%, 2=81.2%
    Avg routing weights: R0=0.3100, R1=0.3396, R2=0.3504
    Expert 0: std=0.039251, mean=0.347868
      WARNING: Expert 0 collapsed (std < 0.05)
    Expert 1: std=0.016120, mean=-0.093750
      WARNING: Expert 1 collapsed (std < 0.05)
    Expert 2: std=0.055721, mean=-0.170790
    VIX correlation (regime_1): 0.706
  Expert weight divergence (0 vs 1): diff=3.6179, cosine=0.1507
  Expert weight divergence (0 vs 2): diff=3.4296, cosine=0.2535
  Expert weight divergence (1 vs 2): diff=3.6606, cosine=0.0864
    INFO: Good expert divergence (cosine < 0.5) - experts learning different functions
  Saved to: experiments/05a_regime_output/learn3r_d025_lb1_mlp/collapse_monitoring/collapse_monitor_epoch31.json
[DEBUG CollapseMonitor] on_validation_epoch_start called for epoch 32
[DEBUG CollapseMonitor] reset_temporal_state() called on loss function
Epoch 32: val_loss=0.4022756814956665
Epoch 32: train_loss=0.42124566435813904

[CollapseMonitor] Epoch 32
  [DEBUG] Processed 21 batches from val_dataloader
  [DEBUG] Predictions shape after concat: (1282,)
  [DEBUG] All predictions list length: 21
  [DEBUG] First batch shape: (64,)
  Pred std: 0.017083, range: 0.077071, mean: 0.076203
  Pos: 100.0%, Neg: 0.0%, Unique: 1243
  Collapse penalty: 0.000000 (threshold: 0.005000)
  Saved validation predictions to: experiments/05a_regime_output/learn3r_d025_lb1_mlp/collapse_monitoring/val_predictions_epoch32.npy
  Gradient norms:
    lstm_encoder: 0.019765
    lstm_decoder: 0.009575
    output_layer: 0.024351
  VSN output std:
    encoder: 0.214265
  Attention entropy: 2.981851
  Regime diagnostics:
    Routing entropy: 1.0962 (normalized: 0.9978)
    Dominant regime: 82.2%
    Regime assignments: 0=14.7%, 1=3.1%, 2=82.2%
    Avg routing weights: R0=0.3158, R1=0.3351, R2=0.3491
    Expert 0: std=0.046994, mean=0.369687
      WARNING: Expert 0 collapsed (std < 0.05)
    Expert 1: std=0.016259, mean=-0.081418
      WARNING: Expert 1 collapsed (std < 0.05)
    Expert 2: std=0.053450, mean=-0.152704
    VIX correlation (regime_1): 0.528
  Expert weight divergence (0 vs 1): diff=3.6271, cosine=0.1521
  Expert weight divergence (0 vs 2): diff=3.4338, cosine=0.2557
  Expert weight divergence (1 vs 2): diff=3.6615, cosine=0.0882
    INFO: Good expert divergence (cosine < 0.5) - experts learning different functions
  Saved to: experiments/05a_regime_output/learn3r_d025_lb1_mlp/collapse_monitoring/collapse_monitor_epoch32.json
[DEBUG CollapseMonitor] on_validation_epoch_start called for epoch 33
[DEBUG CollapseMonitor] reset_temporal_state() called on loss function
Epoch 33: val_loss=0.40348300337791443
Epoch 33: train_loss=0.42156094312667847

[CollapseMonitor] Epoch 33
  [DEBUG] Processed 21 batches from val_dataloader
  [DEBUG] Predictions shape after concat: (1282,)
  [DEBUG] All predictions list length: 21
  [DEBUG] First batch shape: (64,)
  Pred std: 0.017217, range: 0.075545, mean: 0.081816
  Pos: 100.0%, Neg: 0.0%, Unique: 1251
  Collapse penalty: 0.000000 (threshold: 0.005000)
  Saved validation predictions to: experiments/05a_regime_output/learn3r_d025_lb1_mlp/collapse_monitoring/val_predictions_epoch33.npy
  Gradient norms:
    lstm_encoder: 0.019465
    lstm_decoder: 0.010658
    output_layer: 0.026118
  VSN output std:
    encoder: 0.213282
  Attention entropy: 2.985854
  Regime diagnostics:
    Routing entropy: 1.0966 (normalized: 0.9982)
    Dominant regime: 84.1%
    Regime assignments: 0=15.9%, 1=0.0%, 2=84.1%
    Avg routing weights: R0=0.3174, R1=0.3319, R2=0.3508
    Expert 0: std=0.038290, mean=0.379254
      WARNING: Expert 0 collapsed (std < 0.05)
    Expert 1: std=0.013320, mean=-0.081819
      WARNING: Expert 1 collapsed (std < 0.05)
    Expert 2: std=0.048375, mean=-0.151446
      WARNING: Expert 2 collapsed (std < 0.05)
    VIX correlation (regime_1): 0.316
  Expert weight divergence (0 vs 1): diff=3.6342, cosine=0.1524
  Expert weight divergence (0 vs 2): diff=3.4359, cosine=0.2580
  Expert weight divergence (1 vs 2): diff=3.6607, cosine=0.0900
    INFO: Good expert divergence (cosine < 0.5) - experts learning different functions
  Saved to: experiments/05a_regime_output/learn3r_d025_lb1_mlp/collapse_monitoring/collapse_monitor_epoch33.json
[DEBUG CollapseMonitor] on_validation_epoch_start called for epoch 34
[DEBUG CollapseMonitor] reset_temporal_state() called on loss function
Epoch 34: val_loss=0.4023244082927704
Epoch 34: train_loss=0.42137542366981506

[CollapseMonitor] Epoch 34
  [DEBUG] Processed 21 batches from val_dataloader
  [DEBUG] Predictions shape after concat: (1282,)
  [DEBUG] All predictions list length: 21
  [DEBUG] First batch shape: (64,)
  Pred std: 0.023913, range: 0.111929, mean: 0.060838
  Pos: 100.0%, Neg: 0.0%, Unique: 1253
  Collapse penalty: 0.000000 (threshold: 0.005000)
  Saved validation predictions to: experiments/05a_regime_output/learn3r_d025_lb1_mlp/collapse_monitoring/val_predictions_epoch34.npy
  Gradient norms:
    lstm_encoder: 0.020421
    lstm_decoder: 0.010429
    output_layer: 0.025792
  VSN output std:
    encoder: 0.212130
  Attention entropy: 2.983363
  Regime diagnostics:
    Routing entropy: 1.0951 (normalized: 0.9968)
    Dominant regime: 84.8%
    Regime assignments: 0=6.4%, 1=8.8%, 2=84.8%
    Avg routing weights: R0=0.3029, R1=0.3390, R2=0.3581
    Expert 0: std=0.033812, mean=0.364784
      WARNING: Expert 0 collapsed (std < 0.05)
    Expert 1: std=0.015414, mean=-0.083906
      WARNING: Expert 1 collapsed (std < 0.05)
    Expert 2: std=0.049054, mean=-0.175252
      WARNING: Expert 2 collapsed (std < 0.05)
    VIX correlation (regime_1): 0.058
  Expert weight divergence (0 vs 1): diff=3.6390, cosine=0.1521
  Expert weight divergence (0 vs 2): diff=3.4369, cosine=0.2595
  Expert weight divergence (1 vs 2): diff=3.6619, cosine=0.0903
    INFO: Good expert divergence (cosine < 0.5) - experts learning different functions
  Saved to: experiments/05a_regime_output/learn3r_d025_lb1_mlp/collapse_monitoring/collapse_monitor_epoch34.json
[DEBUG CollapseMonitor] on_validation_epoch_start called for epoch 35
[DEBUG CollapseMonitor] reset_temporal_state() called on loss function
Epoch 35: val_loss=0.4027637541294098
Epoch 35: train_loss=0.42109328508377075

[CollapseMonitor] Epoch 35
  [DEBUG] Processed 21 batches from val_dataloader
  [DEBUG] Predictions shape after concat: (1282,)
  [DEBUG] All predictions list length: 21
  [DEBUG] First batch shape: (64,)
  Pred std: 0.020443, range: 0.099292, mean: 0.063709
  Pos: 100.0%, Neg: 0.0%, Unique: 1229
  Collapse penalty: 0.000000 (threshold: 0.005000)
  Saved validation predictions to: experiments/05a_regime_output/learn3r_d025_lb1_mlp/collapse_monitoring/val_predictions_epoch35.npy
  Gradient norms:
    lstm_encoder: 0.021189
    lstm_decoder: 0.010533
    output_layer: 0.025243
  VSN output std:
    encoder: 0.207984
  Attention entropy: 2.986389
  Regime diagnostics:
    Routing entropy: 1.0962 (normalized: 0.9978)
    Dominant regime: 79.5%
    Regime assignments: 0=10.6%, 1=9.8%, 2=79.5%
    Avg routing weights: R0=0.3114, R1=0.3387, R2=0.3499
    Expert 0: std=0.031779, mean=0.346798
      WARNING: Expert 0 collapsed (std < 0.05)
    Expert 1: std=0.018385, mean=-0.074222
      WARNING: Expert 1 collapsed (std < 0.05)
    Expert 2: std=0.049513, mean=-0.171717
      WARNING: Expert 2 collapsed (std < 0.05)
    VIX correlation (regime_1): -0.061
  Expert weight divergence (0 vs 1): diff=3.6452, cosine=0.1528
  Expert weight divergence (0 vs 2): diff=3.4413, cosine=0.2602
  Expert weight divergence (1 vs 2): diff=3.6645, cosine=0.0911
    INFO: Good expert divergence (cosine < 0.5) - experts learning different functions
  Saved to: experiments/05a_regime_output/learn3r_d025_lb1_mlp/collapse_monitoring/collapse_monitor_epoch35.json
[DEBUG CollapseMonitor] on_validation_epoch_start called for epoch 36
[DEBUG CollapseMonitor] reset_temporal_state() called on loss function
Epoch 36: val_loss=0.40140342712402344
Epoch 36: train_loss=0.4216640293598175

[CollapseMonitor] Epoch 36
  [DEBUG] Processed 21 batches from val_dataloader
  [DEBUG] Predictions shape after concat: (1282,)
  [DEBUG] All predictions list length: 21
  [DEBUG] First batch shape: (64,)
  Pred std: 0.021612, range: 0.105736, mean: 0.071102
  Pos: 100.0%, Neg: 0.0%, Unique: 1237
  Collapse penalty: 0.000000 (threshold: 0.005000)
  Saved validation predictions to: experiments/05a_regime_output/learn3r_d025_lb1_mlp/collapse_monitoring/val_predictions_epoch36.npy
  Gradient norms:
    lstm_encoder: 0.020711
    lstm_decoder: 0.011108
    output_layer: 0.025479
  VSN output std:
    encoder: 0.205759
  Attention entropy: 2.984161
  Regime diagnostics:
    Routing entropy: 1.0954 (normalized: 0.9971)
    Dominant regime: 84.5%
    Regime assignments: 0=11.9%, 1=3.6%, 2=84.5%
    Avg routing weights: R0=0.3079, R1=0.3347, R2=0.3573
    Expert 0: std=0.032848, mean=0.354033
      WARNING: Expert 0 collapsed (std < 0.05)
    Expert 1: std=0.021199, mean=-0.060214
      WARNING: Expert 1 collapsed (std < 0.05)
    Expert 2: std=0.049718, mean=-0.167703
      WARNING: Expert 2 collapsed (std < 0.05)
    VIX correlation (regime_1): 0.285
  Expert weight divergence (0 vs 1): diff=3.6495, cosine=0.1535
  Expert weight divergence (0 vs 2): diff=3.4428, cosine=0.2618
  Expert weight divergence (1 vs 2): diff=3.6653, cosine=0.0923
    INFO: Good expert divergence (cosine < 0.5) - experts learning different functions
  Saved to: experiments/05a_regime_output/learn3r_d025_lb1_mlp/collapse_monitoring/collapse_monitor_epoch36.json
[DEBUG CollapseMonitor] on_validation_epoch_start called for epoch 37
[DEBUG CollapseMonitor] reset_temporal_state() called on loss function
Epoch 37: val_loss=0.4019823372364044
Epoch 37: train_loss=0.42049798369407654

[CollapseMonitor] Epoch 37
  [DEBUG] Processed 21 batches from val_dataloader
  [DEBUG] Predictions shape after concat: (1282,)
  [DEBUG] All predictions list length: 21
  [DEBUG] First batch shape: (64,)
  Pred std: 0.024139, range: 0.113800, mean: 0.057494
  Pos: 100.0%, Neg: 0.0%, Unique: 1229
  Collapse penalty: 0.000000 (threshold: 0.005000)
  Saved validation predictions to: experiments/05a_regime_output/learn3r_d025_lb1_mlp/collapse_monitoring/val_predictions_epoch37.npy
  Gradient norms:
    lstm_encoder: 0.021106
    lstm_decoder: 0.011290
    output_layer: 0.024142
  VSN output std:
    encoder: 0.207812
  Attention entropy: 2.988616
  Regime diagnostics:
    Routing entropy: 1.0960 (normalized: 0.9976)
    Dominant regime: 81.7%
    Regime assignments: 0=8.9%, 1=9.4%, 2=81.7%
    Avg routing weights: R0=0.3096, R1=0.3390, R2=0.3514
    Expert 0: std=0.027922, mean=0.333428
      WARNING: Expert 0 collapsed (std < 0.05)
    Expert 1: std=0.019062, mean=-0.070931
      WARNING: Expert 1 collapsed (std < 0.05)
    Expert 2: std=0.047009, mean=-0.178959
      WARNING: Expert 2 collapsed (std < 0.05)
    VIX correlation (regime_1): -0.127
  Expert weight divergence (0 vs 1): diff=3.6549, cosine=0.1550
  Expert weight divergence (0 vs 2): diff=3.4478, cosine=0.2628
  Expert weight divergence (1 vs 2): diff=3.6683, cosine=0.0931
    INFO: Good expert divergence (cosine < 0.5) - experts learning different functions
  Saved to: experiments/05a_regime_output/learn3r_d025_lb1_mlp/collapse_monitoring/collapse_monitor_epoch37.json
[DEBUG CollapseMonitor] on_validation_epoch_start called for epoch 38
[DEBUG CollapseMonitor] reset_temporal_state() called on loss function
Epoch 38: val_loss=0.4011523127555847
Epoch 38: train_loss=0.42104509472846985

[CollapseMonitor] Epoch 38
  [DEBUG] Processed 21 batches from val_dataloader
  [DEBUG] Predictions shape after concat: (1282,)
  [DEBUG] All predictions list length: 21
  [DEBUG] First batch shape: (64,)
  Pred std: 0.022363, range: 0.094459, mean: 0.066404
  Pos: 100.0%, Neg: 0.0%, Unique: 1227
  Collapse penalty: 0.000000 (threshold: 0.005000)
  Saved validation predictions to: experiments/05a_regime_output/learn3r_d025_lb1_mlp/collapse_monitoring/val_predictions_epoch38.npy
  Gradient norms:
    lstm_encoder: 0.024987
    lstm_decoder: 0.012145
    output_layer: 0.026686
  VSN output std:
    encoder: 0.206817
  Attention entropy: 2.988470
  Regime diagnostics:
    Routing entropy: 1.0961 (normalized: 0.9977)
    Dominant regime: 83.1%
    Regime assignments: 0=14.1%, 1=2.8%, 2=83.1%
    Avg routing weights: R0=0.3127, R1=0.3350, R2=0.3523
    Expert 0: std=0.031002, mean=0.347944
      WARNING: Expert 0 collapsed (std < 0.05)
    Expert 1: std=0.019880, mean=-0.074282
      WARNING: Expert 1 collapsed (std < 0.05)
    Expert 2: std=0.048465, mean=-0.167815
      WARNING: Expert 2 collapsed (std < 0.05)
    VIX correlation (regime_1): -0.278
  Expert weight divergence (0 vs 1): diff=3.6640, cosine=0.1564
  Expert weight divergence (0 vs 2): diff=3.4553, cosine=0.2643
  Expert weight divergence (1 vs 2): diff=3.6712, cosine=0.0946
    INFO: Good expert divergence (cosine < 0.5) - experts learning different functions
  Saved to: experiments/05a_regime_output/learn3r_d025_lb1_mlp/collapse_monitoring/collapse_monitor_epoch38.json
[DEBUG CollapseMonitor] on_validation_epoch_start called for epoch 39
[DEBUG CollapseMonitor] reset_temporal_state() called on loss function
Epoch 39: val_loss=0.40104392170906067
Epoch 39: train_loss=0.42005065083503723

[CollapseMonitor] Epoch 39
  [DEBUG] Processed 21 batches from val_dataloader
  [DEBUG] Predictions shape after concat: (1282,)
  [DEBUG] All predictions list length: 21
  [DEBUG] First batch shape: (64,)
  Pred std: 0.026961, range: 0.121026, mean: 0.061454
  Pos: 100.0%, Neg: 0.0%, Unique: 1236
  Collapse penalty: 0.000000 (threshold: 0.005000)
  Saved validation predictions to: experiments/05a_regime_output/learn3r_d025_lb1_mlp/collapse_monitoring/val_predictions_epoch39.npy
  Gradient norms:
    lstm_encoder: 0.025519
    lstm_decoder: 0.012689
    output_layer: 0.025988
  VSN output std:
    encoder: 0.204689
  Attention entropy: 2.987961
  Regime diagnostics:
    Routing entropy: 1.0944 (normalized: 0.9961)
    Dominant regime: 86.4%
    Regime assignments: 0=6.9%, 1=6.7%, 2=86.4%
    Avg routing weights: R0=0.3005, R1=0.3380, R2=0.3615
    Expert 0: std=0.033000, mean=0.356693
      WARNING: Expert 0 collapsed (std < 0.05)
    Expert 1: std=0.021926, mean=-0.069506
      WARNING: Expert 1 collapsed (std < 0.05)
    Expert 2: std=0.049920, mean=-0.178240
      WARNING: Expert 2 collapsed (std < 0.05)
    VIX correlation (regime_1): -0.132
  Expert weight divergence (0 vs 1): diff=3.6688, cosine=0.1575
  Expert weight divergence (0 vs 2): diff=3.4588, cosine=0.2655
  Expert weight divergence (1 vs 2): diff=3.6745, cosine=0.0949
    INFO: Good expert divergence (cosine < 0.5) - experts learning different functions
  Saved to: experiments/05a_regime_output/learn3r_d025_lb1_mlp/collapse_monitoring/collapse_monitor_epoch39.json
[DEBUG CollapseMonitor] on_validation_epoch_start called for epoch 40
[DEBUG CollapseMonitor] reset_temporal_state() called on loss function
Epoch 40: val_loss=0.40019476413726807
Epoch 40: train_loss=0.4198829233646393

[CollapseMonitor] Epoch 40
  [DEBUG] Processed 21 batches from val_dataloader
  [DEBUG] Predictions shape after concat: (1282,)
  [DEBUG] All predictions list length: 21
  [DEBUG] First batch shape: (64,)
  Pred std: 0.029102, range: 0.117983, mean: 0.062126
  Pos: 100.0%, Neg: 0.0%, Unique: 1230
  Collapse penalty: 0.000000 (threshold: 0.005000)
  Saved validation predictions to: experiments/05a_regime_output/learn3r_d025_lb1_mlp/collapse_monitoring/val_predictions_epoch40.npy
  Gradient norms:
    lstm_encoder: 0.024439
    lstm_decoder: 0.012081
    output_layer: 0.024070
  VSN output std:
    encoder: 0.207130
  Attention entropy: 2.987391
  Regime diagnostics:
    Routing entropy: 1.0959 (normalized: 0.9975)
    Dominant regime: 81.2%
    Regime assignments: 0=14.5%, 1=4.2%, 2=81.2%
    Avg routing weights: R0=0.3128, R1=0.3368, R2=0.3504
    Expert 0: std=0.037551, mean=0.348001
      WARNING: Expert 0 collapsed (std < 0.05)
    Expert 1: std=0.021328, mean=-0.083389
      WARNING: Expert 1 collapsed (std < 0.05)
    Expert 2: std=0.052009, mean=-0.172223
    VIX correlation (regime_1): -0.495
  Expert weight divergence (0 vs 1): diff=3.6753, cosine=0.1592
  Expert weight divergence (0 vs 2): diff=3.4628, cosine=0.2677
  Expert weight divergence (1 vs 2): diff=3.6774, cosine=0.0959
    INFO: Good expert divergence (cosine < 0.5) - experts learning different functions
  Saved to: experiments/05a_regime_output/learn3r_d025_lb1_mlp/collapse_monitoring/collapse_monitor_epoch40.json
[DEBUG CollapseMonitor] on_validation_epoch_start called for epoch 41
[DEBUG CollapseMonitor] reset_temporal_state() called on loss function
Epoch 41: val_loss=0.399882048368454
Epoch 41: train_loss=0.4191378355026245

[CollapseMonitor] Epoch 41
  [DEBUG] Processed 21 batches from val_dataloader
  [DEBUG] Predictions shape after concat: (1282,)
  [DEBUG] All predictions list length: 21
  [DEBUG] First batch shape: (64,)
  Pred std: 0.023824, range: 0.103498, mean: 0.063259
  Pos: 100.0%, Neg: 0.0%, Unique: 1233
  Collapse penalty: 0.000000 (threshold: 0.005000)
  Saved validation predictions to: experiments/05a_regime_output/learn3r_d025_lb1_mlp/collapse_monitoring/val_predictions_epoch41.npy
  Gradient norms:
    lstm_encoder: 0.025734
    lstm_decoder: 0.012243
    output_layer: 0.025498
  VSN output std:
    encoder: 0.200653
  Attention entropy: 2.986597
  Regime diagnostics:
    Routing entropy: 1.0956 (normalized: 0.9972)
    Dominant regime: 82.8%
    Regime assignments: 0=15.8%, 1=1.4%, 2=82.8%
    Avg routing weights: R0=0.3121, R1=0.3340, R2=0.3539
    Expert 0: std=0.040831, mean=0.358887
      WARNING: Expert 0 collapsed (std < 0.05)
    Expert 1: std=0.022209, mean=-0.081686
      WARNING: Expert 1 collapsed (std < 0.05)
    Expert 2: std=0.051925, mean=-0.175551
    VIX correlation (regime_1): -0.428
  Expert weight divergence (0 vs 1): diff=3.6766, cosine=0.1607
  Expert weight divergence (0 vs 2): diff=3.4639, cosine=0.2688
  Expert weight divergence (1 vs 2): diff=3.6779, cosine=0.0966
    INFO: Good expert divergence (cosine < 0.5) - experts learning different functions
  Saved to: experiments/05a_regime_output/learn3r_d025_lb1_mlp/collapse_monitoring/collapse_monitor_epoch41.json
[DEBUG CollapseMonitor] on_validation_epoch_start called for epoch 42
[DEBUG CollapseMonitor] reset_temporal_state() called on loss function
Epoch 42: val_loss=0.3989635407924652
Epoch 42: train_loss=0.41988223791122437

[CollapseMonitor] Epoch 42
  [DEBUG] Processed 21 batches from val_dataloader
  [DEBUG] Predictions shape after concat: (1282,)
  [DEBUG] All predictions list length: 21
  [DEBUG] First batch shape: (64,)
  Pred std: 0.023570, range: 0.105002, mean: 0.032311
  Pos: 100.0%, Neg: 0.0%, Unique: 1248
  Collapse penalty: 0.000000 (threshold: 0.005000)
  Saved validation predictions to: experiments/05a_regime_output/learn3r_d025_lb1_mlp/collapse_monitoring/val_predictions_epoch42.npy
  Gradient norms:
    lstm_encoder: 0.023428
    lstm_decoder: 0.012284
    output_layer: 0.025301
  VSN output std:
    encoder: 0.197153
  Attention entropy: 2.985206
  Regime diagnostics:
    Routing entropy: 1.0946 (normalized: 0.9963)
    Dominant regime: 79.7%
    Regime assignments: 0=11.4%, 1=8.9%, 2=79.7%
    Avg routing weights: R0=0.3045, R1=0.3401, R2=0.3554
    Expert 0: std=0.042232, mean=0.322807
      WARNING: Expert 0 collapsed (std < 0.05)
    Expert 1: std=0.022911, mean=-0.102490
      WARNING: Expert 1 collapsed (std < 0.05)
    Expert 2: std=0.052912, mean=-0.191355
    VIX correlation (regime_1): -0.436
  Expert weight divergence (0 vs 1): diff=3.6833, cosine=0.1619
  Expert weight divergence (0 vs 2): diff=3.4677, cosine=0.2708
  Expert weight divergence (1 vs 2): diff=3.6821, cosine=0.0972
    INFO: Good expert divergence (cosine < 0.5) - experts learning different functions
  Saved to: experiments/05a_regime_output/learn3r_d025_lb1_mlp/collapse_monitoring/collapse_monitor_epoch42.json
[DEBUG CollapseMonitor] on_validation_epoch_start called for epoch 43
[DEBUG CollapseMonitor] reset_temporal_state() called on loss function
Epoch 43: val_loss=0.4004678428173065
Epoch 43: train_loss=0.4200272262096405

[CollapseMonitor] Epoch 43
  [DEBUG] Processed 21 batches from val_dataloader
  [DEBUG] Predictions shape after concat: (1282,)
  [DEBUG] All predictions list length: 21
  [DEBUG] First batch shape: (64,)
  Pred std: 0.023106, range: 0.106740, mean: 0.067090
  Pos: 100.0%, Neg: 0.0%, Unique: 1241
  Collapse penalty: 0.000000 (threshold: 0.005000)
  Saved validation predictions to: experiments/05a_regime_output/learn3r_d025_lb1_mlp/collapse_monitoring/val_predictions_epoch43.npy
  Gradient norms:
    lstm_encoder: 0.024539
    lstm_decoder: 0.013714
    output_layer: 0.027172
  VSN output std:
    encoder: 0.196942
  Attention entropy: 2.987073
  Regime diagnostics:
    Routing entropy: 1.0955 (normalized: 0.9972)
    Dominant regime: 81.9%
    Regime assignments: 0=13.9%, 1=4.2%, 2=81.9%
    Avg routing weights: R0=0.3099, R1=0.3366, R2=0.3536
    Expert 0: std=0.039274, mean=0.357455
      WARNING: Expert 0 collapsed (std < 0.05)
    Expert 1: std=0.020118, mean=-0.078783
      WARNING: Expert 1 collapsed (std < 0.05)
    Expert 2: std=0.049335, mean=-0.165949
      WARNING: Expert 2 collapsed (std < 0.05)
    VIX correlation (regime_1): -0.443
  Expert weight divergence (0 vs 1): diff=3.6850, cosine=0.1621
  Expert weight divergence (0 vs 2): diff=3.4676, cosine=0.2716
  Expert weight divergence (1 vs 2): diff=3.6790, cosine=0.0991
    INFO: Good expert divergence (cosine < 0.5) - experts learning different functions
  Saved to: experiments/05a_regime_output/learn3r_d025_lb1_mlp/collapse_monitoring/collapse_monitor_epoch43.json
[DEBUG CollapseMonitor] on_validation_epoch_start called for epoch 44
[DEBUG CollapseMonitor] reset_temporal_state() called on loss function
Epoch 44: val_loss=0.4010002017021179
Epoch 44: train_loss=0.4200597405433655

[CollapseMonitor] Epoch 44
  [DEBUG] Processed 21 batches from val_dataloader
  [DEBUG] Predictions shape after concat: (1282,)
  [DEBUG] All predictions list length: 21
  [DEBUG] First batch shape: (64,)
  Pred std: 0.020935, range: 0.095031, mean: 0.035440
  Pos: 100.0%, Neg: 0.0%, Unique: 1239
  Collapse penalty: 0.000000 (threshold: 0.005000)
  Saved validation predictions to: experiments/05a_regime_output/learn3r_d025_lb1_mlp/collapse_monitoring/val_predictions_epoch44.npy
  Gradient norms:
    lstm_encoder: 0.023230
    lstm_decoder: 0.012889
    output_layer: 0.025720
  VSN output std:
    encoder: 0.204456
  Attention entropy: 2.988747
  Regime diagnostics:
    Routing entropy: 1.0946 (normalized: 0.9964)
    Dominant regime: 82.5%
    Regime assignments: 0=8.4%, 1=9.1%, 2=82.5%
    Avg routing weights: R0=0.3027, R1=0.3395, R2=0.3578
    Expert 0: std=0.039100, mean=0.315806
      WARNING: Expert 0 collapsed (std < 0.05)
    Expert 1: std=0.020378, mean=-0.097766
      WARNING: Expert 1 collapsed (std < 0.05)
    Expert 2: std=0.045293, mean=-0.177166
      WARNING: Expert 2 collapsed (std < 0.05)
    VIX correlation (regime_1): -0.538
  Expert weight divergence (0 vs 1): diff=3.6908, cosine=0.1628
  Expert weight divergence (0 vs 2): diff=3.4733, cosine=0.2721
  Expert weight divergence (1 vs 2): diff=3.6819, cosine=0.0991
    INFO: Good expert divergence (cosine < 0.5) - experts learning different functions
  Saved to: experiments/05a_regime_output/learn3r_d025_lb1_mlp/collapse_monitoring/collapse_monitor_epoch44.json
[DEBUG CollapseMonitor] on_validation_epoch_start called for epoch 45
[DEBUG CollapseMonitor] reset_temporal_state() called on loss function
Epoch 45: val_loss=0.4016556441783905
Epoch 45: train_loss=0.4198036193847656

[CollapseMonitor] Epoch 45
  [DEBUG] Processed 21 batches from val_dataloader
  [DEBUG] Predictions shape after concat: (1282,)
  [DEBUG] All predictions list length: 21
  [DEBUG] First batch shape: (64,)
  Pred std: 0.021152, range: 0.097553, mean: 0.052110
  Pos: 100.0%, Neg: 0.0%, Unique: 1239
  Collapse penalty: 0.000000 (threshold: 0.005000)
  Saved validation predictions to: experiments/05a_regime_output/learn3r_d025_lb1_mlp/collapse_monitoring/val_predictions_epoch45.npy
  Gradient norms:
    lstm_encoder: 0.024008
    lstm_decoder: 0.012814
    output_layer: 0.026652
  VSN output std:
    encoder: 0.202749
  Attention entropy: 2.988766
  Regime diagnostics:
    Routing entropy: 1.0960 (normalized: 0.9976)
    Dominant regime: 67.2%
    Regime assignments: 0=13.4%, 1=19.4%, 2=67.2%
    Avg routing weights: R0=0.3133, R1=0.3416, R2=0.3451
    Expert 0: std=0.038858, mean=0.326892
      WARNING: Expert 0 collapsed (std < 0.05)
    Expert 1: std=0.018736, mean=-0.094647
      WARNING: Expert 1 collapsed (std < 0.05)
    Expert 2: std=0.047356, mean=-0.163836
      WARNING: Expert 2 collapsed (std < 0.05)
    VIX correlation (regime_1): -0.666
  Expert weight divergence (0 vs 1): diff=3.6931, cosine=0.1636
  Expert weight divergence (0 vs 2): diff=3.4740, cosine=0.2735
  Expert weight divergence (1 vs 2): diff=3.6820, cosine=0.1006
    INFO: Good expert divergence (cosine < 0.5) - experts learning different functions
  Saved to: experiments/05a_regime_output/learn3r_d025_lb1_mlp/collapse_monitoring/collapse_monitor_epoch45.json
[DEBUG CollapseMonitor] on_validation_epoch_start called for epoch 46
[DEBUG CollapseMonitor] reset_temporal_state() called on loss function
Epoch 46: val_loss=0.40173348784446716
Epoch 46: train_loss=0.419910192489624

[CollapseMonitor] Epoch 46
  [DEBUG] Processed 21 batches from val_dataloader
  [DEBUG] Predictions shape after concat: (1282,)
  [DEBUG] All predictions list length: 21
  [DEBUG] First batch shape: (64,)
  Pred std: 0.019212, range: 0.093834, mean: 0.069119
  Pos: 100.0%, Neg: 0.0%, Unique: 1261
  Collapse penalty: 0.000000 (threshold: 0.005000)
  Saved validation predictions to: experiments/05a_regime_output/learn3r_d025_lb1_mlp/collapse_monitoring/val_predictions_epoch46.npy
  Gradient norms:
    lstm_encoder: 0.026574
    lstm_decoder: 0.012938
    output_layer: 0.025033
  VSN output std:
    encoder: 0.200113
  Attention entropy: 2.988938
  Regime diagnostics:
    Routing entropy: 1.0956 (normalized: 0.9973)
    Dominant regime: 81.4%
    Regime assignments: 0=16.4%, 1=2.2%, 2=81.4%
    Avg routing weights: R0=0.3119, R1=0.3357, R2=0.3524
    Expert 0: std=0.041850, mean=0.361293
      WARNING: Expert 0 collapsed (std < 0.05)
    Expert 1: std=0.018404, mean=-0.082964
      WARNING: Expert 1 collapsed (std < 0.05)
    Expert 2: std=0.048714, mean=-0.160393
      WARNING: Expert 2 collapsed (std < 0.05)
    VIX correlation (regime_1): -0.658
  Expert weight divergence (0 vs 1): diff=3.6955, cosine=0.1642
  Expert weight divergence (0 vs 2): diff=3.4744, cosine=0.2742
  Expert weight divergence (1 vs 2): diff=3.6801, cosine=0.1013
    INFO: Good expert divergence (cosine < 0.5) - experts learning different functions
  Saved to: experiments/05a_regime_output/learn3r_d025_lb1_mlp/collapse_monitoring/collapse_monitor_epoch46.json
[DEBUG CollapseMonitor] on_validation_epoch_start called for epoch 47
[DEBUG CollapseMonitor] reset_temporal_state() called on loss function
Epoch 47: val_loss=0.40014609694480896
Epoch 47: train_loss=0.4191560447216034

[CollapseMonitor] Epoch 47
  [DEBUG] Processed 21 batches from val_dataloader
  [DEBUG] Predictions shape after concat: (1282,)
  [DEBUG] All predictions list length: 21
  [DEBUG] First batch shape: (64,)
  Pred std: 0.022399, range: 0.104421, mean: 0.065049
  Pos: 100.0%, Neg: 0.0%, Unique: 1251
  Collapse penalty: 0.000000 (threshold: 0.005000)
  Saved validation predictions to: experiments/05a_regime_output/learn3r_d025_lb1_mlp/collapse_monitoring/val_predictions_epoch47.npy
  Gradient norms:
    lstm_encoder: 0.024332
    lstm_decoder: 0.013195
    output_layer: 0.026882
  VSN output std:
    encoder: 0.204423
  Attention entropy: 2.989928
  Regime diagnostics:
    Routing entropy: 1.0955 (normalized: 0.9971)
    Dominant regime: 77.5%
    Regime assignments: 0=14.8%, 1=7.7%, 2=77.5%
    Avg routing weights: R0=0.3109, R1=0.3387, R2=0.3504
    Expert 0: std=0.042828, mean=0.359104
      WARNING: Expert 0 collapsed (std < 0.05)
    Expert 1: std=0.018445, mean=-0.089141
      WARNING: Expert 1 collapsed (std < 0.05)
    Expert 2: std=0.049686, mean=-0.162169
      WARNING: Expert 2 collapsed (std < 0.05)
    VIX correlation (regime_1): -0.708
  Expert weight divergence (0 vs 1): diff=3.7008, cosine=0.1651
  Expert weight divergence (0 vs 2): diff=3.4774, cosine=0.2758
  Expert weight divergence (1 vs 2): diff=3.6830, cosine=0.1017
    INFO: Good expert divergence (cosine < 0.5) - experts learning different functions
  Saved to: experiments/05a_regime_output/learn3r_d025_lb1_mlp/collapse_monitoring/collapse_monitor_epoch47.json
[DEBUG CollapseMonitor] on_validation_epoch_start called for epoch 48
[DEBUG CollapseMonitor] reset_temporal_state() called on loss function
Epoch 48: val_loss=0.3998248875141144
Epoch 48: train_loss=0.4196223020553589

[CollapseMonitor] Epoch 48
  [DEBUG] Processed 21 batches from val_dataloader
  [DEBUG] Predictions shape after concat: (1282,)
  [DEBUG] All predictions list length: 21
  [DEBUG] First batch shape: (64,)
  Pred std: 0.024752, range: 0.114168, mean: 0.074930
  Pos: 100.0%, Neg: 0.0%, Unique: 1261
  Collapse penalty: 0.000000 (threshold: 0.005000)
  Saved validation predictions to: experiments/05a_regime_output/learn3r_d025_lb1_mlp/collapse_monitoring/val_predictions_epoch48.npy
  Gradient norms:
    lstm_encoder: 0.025872
    lstm_decoder: 0.013755
    output_layer: 0.027316
  VSN output std:
    encoder: 0.202585
  Attention entropy: 2.989981
  Regime diagnostics:
    Routing entropy: 1.0954 (normalized: 0.9971)
    Dominant regime: 74.1%
    Regime assignments: 0=15.8%, 1=10.2%, 2=74.1%
    Avg routing weights: R0=0.3119, R1=0.3393, R2=0.3488
    Expert 0: std=0.041952, mean=0.373083
      WARNING: Expert 0 collapsed (std < 0.05)
    Expert 1: std=0.019221, mean=-0.081901
      WARNING: Expert 1 collapsed (std < 0.05)
    Expert 2: std=0.051302, mean=-0.160173
    VIX correlation (regime_1): -0.724
  Expert weight divergence (0 vs 1): diff=3.7039, cosine=0.1651
  Expert weight divergence (0 vs 2): diff=3.4788, cosine=0.2765
  Expert weight divergence (1 vs 2): diff=3.6833, cosine=0.1024
    INFO: Good expert divergence (cosine < 0.5) - experts learning different functions
  Saved to: experiments/05a_regime_output/learn3r_d025_lb1_mlp/collapse_monitoring/collapse_monitor_epoch48.json
[DEBUG CollapseMonitor] on_validation_epoch_start called for epoch 49
[DEBUG CollapseMonitor] reset_temporal_state() called on loss function
Epoch 49: val_loss=0.4007969796657562
Epoch 49: train_loss=0.42038390040397644

[CollapseMonitor] Epoch 49
  [DEBUG] Processed 21 batches from val_dataloader
  [DEBUG] Predictions shape after concat: (1282,)
  [DEBUG] All predictions list length: 21
  [DEBUG] First batch shape: (64,)
  Pred std: 0.023244, range: 0.110762, mean: 0.064714
  Pos: 100.0%, Neg: 0.0%, Unique: 1252
  Collapse penalty: 0.000000 (threshold: 0.005000)
  Saved validation predictions to: experiments/05a_regime_output/learn3r_d025_lb1_mlp/collapse_monitoring/val_predictions_epoch49.npy
  Gradient norms:
    lstm_encoder: 0.028822
    lstm_decoder: 0.013739
    output_layer: 0.024577
  VSN output std:
    encoder: 0.202579
  Attention entropy: 2.990725
  Regime diagnostics:
    Routing entropy: 1.0949 (normalized: 0.9966)
    Dominant regime: 82.5%
    Regime assignments: 0=12.8%, 1=4.7%, 2=82.5%
    Avg routing weights: R0=0.3064, R1=0.3373, R2=0.3563
    Expert 0: std=0.041502, mean=0.365541
      WARNING: Expert 0 collapsed (std < 0.05)
    Expert 1: std=0.018798, mean=-0.087719
      WARNING: Expert 1 collapsed (std < 0.05)
    Expert 2: std=0.047890, mean=-0.164682
      WARNING: Expert 2 collapsed (std < 0.05)
    VIX correlation (regime_1): -0.689
  Expert weight divergence (0 vs 1): diff=3.7057, cosine=0.1650
  Expert weight divergence (0 vs 2): diff=3.4791, cosine=0.2770
  Expert weight divergence (1 vs 2): diff=3.6836, cosine=0.1025
    INFO: Good expert divergence (cosine < 0.5) - experts learning different functions
  Saved to: experiments/05a_regime_output/learn3r_d025_lb1_mlp/collapse_monitoring/collapse_monitor_epoch49.json
[DEBUG CollapseMonitor] on_validation_epoch_start called for epoch 50
[DEBUG CollapseMonitor] reset_temporal_state() called on loss function
Epoch 50: val_loss=0.3998083174228668
Epoch 50: train_loss=0.4195314645767212

[CollapseMonitor] Epoch 50
  [DEBUG] Processed 21 batches from val_dataloader
  [DEBUG] Predictions shape after concat: (1282,)
  [DEBUG] All predictions list length: 21
  [DEBUG] First batch shape: (64,)
  Pred std: 0.022237, range: 0.108759, mean: 0.061815
  Pos: 100.0%, Neg: 0.0%, Unique: 1257
  Collapse penalty: 0.000000 (threshold: 0.005000)
  Saved validation predictions to: experiments/05a_regime_output/learn3r_d025_lb1_mlp/collapse_monitoring/val_predictions_epoch50.npy
  Gradient norms:
    lstm_encoder: 0.025800
    lstm_decoder: 0.013374
    output_layer: 0.025557
  VSN output std:
    encoder: 0.199269
  Attention entropy: 2.989889
  Regime diagnostics:
    Routing entropy: 1.0943 (normalized: 0.9961)
    Dominant regime: 84.4%
    Regime assignments: 0=14.2%, 1=1.4%, 2=84.4%
    Avg routing weights: R0=0.3053, R1=0.3355, R2=0.3593
    Expert 0: std=0.044537, mean=0.363407
      WARNING: Expert 0 collapsed (std < 0.05)
    Expert 1: std=0.019797, mean=-0.085910
      WARNING: Expert 1 collapsed (std < 0.05)
    Expert 2: std=0.049900, mean=-0.169293
      WARNING: Expert 2 collapsed (std < 0.05)
    VIX correlation (regime_1): -0.663
  Expert weight divergence (0 vs 1): diff=3.7077, cosine=0.1654
  Expert weight divergence (0 vs 2): diff=3.4805, cosine=0.2775
  Expert weight divergence (1 vs 2): diff=3.6834, cosine=0.1030
    INFO: Good expert divergence (cosine < 0.5) - experts learning different functions
  Saved to: experiments/05a_regime_output/learn3r_d025_lb1_mlp/collapse_monitoring/collapse_monitor_epoch50.json
[DEBUG CollapseMonitor] on_validation_epoch_start called for epoch 51
[DEBUG CollapseMonitor] reset_temporal_state() called on loss function
Epoch 51: val_loss=0.4007645547389984
Epoch 51: train_loss=0.4205409586429596

[CollapseMonitor] Epoch 51
  [DEBUG] Processed 21 batches from val_dataloader
  [DEBUG] Predictions shape after concat: (1282,)
  [DEBUG] All predictions list length: 21
  [DEBUG] First batch shape: (64,)
  Pred std: 0.024230, range: 0.118247, mean: 0.061860
  Pos: 100.0%, Neg: 0.0%, Unique: 1248
  Collapse penalty: 0.000000 (threshold: 0.005000)
  Saved validation predictions to: experiments/05a_regime_output/learn3r_d025_lb1_mlp/collapse_monitoring/val_predictions_epoch51.npy
  Gradient norms:
    lstm_encoder: 0.026392
    lstm_decoder: 0.013774
    output_layer: 0.025799
  VSN output std:
    encoder: 0.200429
  Attention entropy: 2.989929
  Regime diagnostics:
    Routing entropy: 1.0942 (normalized: 0.9959)
    Dominant regime: 86.9%
    Regime assignments: 0=11.6%, 1=1.6%, 2=86.9%
    Avg routing weights: R0=0.3026, R1=0.3362, R2=0.3612
    Expert 0: std=0.039479, mean=0.369484
      WARNING: Expert 0 collapsed (std < 0.05)
    Expert 1: std=0.018933, mean=-0.085110
      WARNING: Expert 1 collapsed (std < 0.05)
    Expert 2: std=0.046588, mean=-0.173577
      WARNING: Expert 2 collapsed (std < 0.05)
    VIX correlation (regime_1): -0.670
  Expert weight divergence (0 vs 1): diff=3.7094, cosine=0.1658
  Expert weight divergence (0 vs 2): diff=3.4803, cosine=0.2787
  Expert weight divergence (1 vs 2): diff=3.6830, cosine=0.1037
    INFO: Good expert divergence (cosine < 0.5) - experts learning different functions
  Saved to: experiments/05a_regime_output/learn3r_d025_lb1_mlp/collapse_monitoring/collapse_monitor_epoch51.json
[DEBUG CollapseMonitor] on_validation_epoch_start called for epoch 52
[DEBUG CollapseMonitor] reset_temporal_state() called on loss function
Epoch 52: val_loss=0.4013828635215759
Epoch 52: train_loss=0.41849285364151

[CollapseMonitor] Epoch 52
  [DEBUG] Processed 21 batches from val_dataloader
  [DEBUG] Predictions shape after concat: (1282,)
  [DEBUG] All predictions list length: 21
  [DEBUG] First batch shape: (64,)
  Pred std: 0.026914, range: 0.126400, mean: 0.066749
  Pos: 100.0%, Neg: 0.0%, Unique: 1255
  Collapse penalty: 0.000000 (threshold: 0.005000)
  Saved validation predictions to: experiments/05a_regime_output/learn3r_d025_lb1_mlp/collapse_monitoring/val_predictions_epoch52.npy
  Gradient norms:
    lstm_encoder: 0.025352
    lstm_decoder: 0.014014
    output_layer: 0.025439
  VSN output std:
    encoder: 0.198563
  Attention entropy: 2.989963
  Regime diagnostics:
    Routing entropy: 1.0953 (normalized: 0.9970)
    Dominant regime: 73.6%
    Regime assignments: 0=13.0%, 1=13.4%, 2=73.6%
    Avg routing weights: R0=0.3085, R1=0.3409, R2=0.3506
    Expert 0: std=0.036899, mean=0.363655
      WARNING: Expert 0 collapsed (std < 0.05)
    Expert 1: std=0.019062, mean=-0.084326
      WARNING: Expert 1 collapsed (std < 0.05)
    Expert 2: std=0.047879, mean=-0.168633
      WARNING: Expert 2 collapsed (std < 0.05)
    VIX correlation (regime_1): -0.728
  Expert weight divergence (0 vs 1): diff=3.7116, cosine=0.1660
  Expert weight divergence (0 vs 2): diff=3.4808, cosine=0.2794
  Expert weight divergence (1 vs 2): diff=3.6840, cosine=0.1041
    INFO: Good expert divergence (cosine < 0.5) - experts learning different functions
  Saved to: experiments/05a_regime_output/learn3r_d025_lb1_mlp/collapse_monitoring/collapse_monitor_epoch52.json


======================================================================
Training complete
======================================================================

Best val_loss checkpoint: experiments/05a_regime_output/learn3r_d025_lb1_mlp/checkpoints/tft-epoch=epoch=42-valloss=val_loss=0.3990.ckpt
Best validation loss: 0.398964
Checkpoints saved:
  - Best val_loss: experiments/05a_regime_output/learn3r_d025_lb1_mlp/checkpoints/tft-epoch=epoch=42-valloss=val_loss=0.3990.ckpt
  - Best pred_std: experiments/05a_regime_output/learn3r_d025_lb1_mlp/checkpoints/tft-epoch=epoch=40-predstd=val_pred_std=0.0291.ckpt
  - Best unique: experiments/05a_regime_output/learn3r_d025_lb1_mlp/checkpoints/tft-epoch=epoch=25-unique=val_num_unique=1267.ckpt
  - Last epoch: experiments/05a_regime_output/learn3r_d025_lb1_mlp/checkpoints/tft-last.ckpt
Completed at: 2025-11-27 22:44:03
Log saved to: experiments/05a_regime_output/learn3r_d025_lb1_mlp/training_20251127_222302.log
======================================================================
