
[INFO] Using AUTO device selection.

[INFO] Patched matplotlib.Axes.errorbar to abs() negative yerr for robustness.
======================================================================
Training TFT: 02b_vintage_sweep/baseline_h18_drop0.30
======================================================================
Logging to: experiments/02b_vintage_sweep/baseline_h18_drop0.30/training_20251122_165211.log
Started at: 2025-11-22 16:52:11
======================================================================
Configuration saved to: experiments/02b_vintage_sweep/baseline_h18_drop0.30/config.json

Loading data splits...
Train: 6074 samples
Val: 1302 samples
Test: 1302 samples

Preparing TimeSeriesDataSet...

Dropping source columns (used for staleness only): ['CPI']

Final features for TFT: ['SP500_Returns', 'VIX', 'Treasury_10Y', 'Yield_Spread', 'Inflation_YoY']

======================================================================
FEATURE STATISTICS - BEFORE NORMALIZATION
======================================================================
VIX                             mean= 19.7438  std=  8.0295  min=  9.3100  max= 80.8600
Treasury_10Y                    mean=  4.7672  std=  1.6903  min=  1.4300  max=  8.3600
Yield_Spread                    mean=  1.2778  std=  0.9179  min= -0.5200  max=  2.9100
Inflation_YoY                   mean=  2.5322  std=  1.1865  min= -2.1498  max=  6.7300

======================================================================
FEATURES AFTER GROUPNORMALIZER (first batch, last timestep)
======================================================================
VIX                             normalized_value=  1.0000
Treasury_10Y                    normalized_value= -0.0500
Yield_Spread                    normalized_value=  0.0817
Inflation_YoY                   normalized_value=  0.8774
======================================================================

Batches per epoch: 94
[DEBUG] Validation batches: 21
[DEBUG] Validation dataset size: 1282
[DEBUG] Batch size: 64

Initializing model...

================================================================================
BASELINE MODEL FEATURE CONFIGURATION (after from_dataset)
================================================================================
tft.hparams.time_varying_reals_encoder: ['relative_time_idx', 'VIX', 'Treasury_10Y', 'Yield_Spread', 'Inflation_YoY']
  Count: 5

tft.hparams.time_varying_reals_decoder: ['relative_time_idx']
  Count: 1

tft.hparams.x_reals (all reals passed to model): ['encoder_length', 'relative_time_idx', 'VIX', 'Treasury_10Y', 'Yield_Spread', 'Inflation_YoY']
  Count: 6

Encoder VSN configuration:
  num_inputs: 5
  input_sizes: {'relative_time_idx': 16, 'VIX': 16, 'Treasury_10Y': 16, 'Yield_Spread': 16, 'Inflation_YoY': 16}
  flattened_grn.fc1: in_features=80, out_features=5
  → Params in fc1: 400 (should be 5*16*5=400 if 5 features)
================================================================================


>>> Using standard QuantileLoss (no distribution penalties)
Model parameters: 27,054

Starting training...
Checkpoints will be saved to: experiments/02b_vintage_sweep/baseline_h18_drop0.30/checkpoints/
Logs will be saved to: experiments/02b_vintage_sweep/baseline_h18_drop0.30/logs/

Epoch 0: val_loss=N/A
Epoch 0: val_loss=0.8051031231880188
Epoch 0: train_loss=0.9169160723686218

[CollapseMonitor] Epoch 0
  [DEBUG] Processed 21 batches from val_dataloader
  [DEBUG] Predictions shape after concat: (1282,)
  [DEBUG] All predictions list length: 21
  [DEBUG] First batch shape: (64,)
  Pred std: 0.037698, range: 0.138295, mean: 0.287326
  Pos: 100.0%, Neg: 0.0%, Unique: 1270
  Saved validation predictions to: experiments/02b_vintage_sweep/baseline_h18_drop0.30/collapse_monitoring/val_predictions_epoch0.npy
  Gradient norms:
    lstm_encoder: 0.016656
    lstm_decoder: 0.022087
    multihead_attn: 0.006491
    output_layer: 0.914705
  VSN output std:
    encoder: 0.220730
  Attention entropy: 2.987332
  Saved to: experiments/02b_vintage_sweep/baseline_h18_drop0.30/collapse_monitoring/collapse_monitor_epoch0.json
Epoch 1: val_loss=0.5996679067611694
Epoch 1: train_loss=0.7708606123924255

[CollapseMonitor] Epoch 1
  [DEBUG] Processed 21 batches from val_dataloader
  [DEBUG] Predictions shape after concat: (1282,)
  [DEBUG] All predictions list length: 21
  [DEBUG] First batch shape: (64,)
  Pred std: 0.054938, range: 0.199228, mean: 0.403852
  Pos: 100.0%, Neg: 0.0%, Unique: 1278
  Saved validation predictions to: experiments/02b_vintage_sweep/baseline_h18_drop0.30/collapse_monitoring/val_predictions_epoch1.npy
  Gradient norms:
    lstm_encoder: 0.013675
    lstm_decoder: 0.018074
    multihead_attn: 0.007003
    output_layer: 0.753395
  VSN output std:
    encoder: 0.217741
  Attention entropy: 2.975052
  Saved to: experiments/02b_vintage_sweep/baseline_h18_drop0.30/collapse_monitoring/collapse_monitor_epoch1.json
Epoch 2: val_loss=0.5028826594352722
Epoch 2: train_loss=0.6058956980705261

[CollapseMonitor] Epoch 2
  [DEBUG] Processed 21 batches from val_dataloader
  [DEBUG] Predictions shape after concat: (1282,)
  [DEBUG] All predictions list length: 21
  [DEBUG] First batch shape: (64,)
  Pred std: 0.028195, range: 0.117030, mean: 0.402485
  Pos: 100.0%, Neg: 0.0%, Unique: 1271
  Saved validation predictions to: experiments/02b_vintage_sweep/baseline_h18_drop0.30/collapse_monitoring/val_predictions_epoch2.npy
  Gradient norms:
    lstm_encoder: 0.007461
    lstm_decoder: 0.009459
    multihead_attn: 0.004227
    output_layer: 0.453176
  VSN output std:
    encoder: 0.203974
  Attention entropy: 2.970014
  Saved to: experiments/02b_vintage_sweep/baseline_h18_drop0.30/collapse_monitoring/collapse_monitor_epoch2.json
Epoch 3: val_loss=0.46480655670166016
Epoch 3: train_loss=0.5170430541038513

[CollapseMonitor] Epoch 3
  [DEBUG] Processed 21 batches from val_dataloader
  [DEBUG] Predictions shape after concat: (1282,)
  [DEBUG] All predictions list length: 21
  [DEBUG] First batch shape: (64,)
  Pred std: 0.016827, range: 0.080222, mean: 0.207929
  Pos: 100.0%, Neg: 0.0%, Unique: 1264
  Saved validation predictions to: experiments/02b_vintage_sweep/baseline_h18_drop0.30/collapse_monitoring/val_predictions_epoch3.npy
  Gradient norms:
    lstm_encoder: 0.003751
    lstm_decoder: 0.004271
    multihead_attn: 0.002385
    output_layer: 0.244695
  VSN output std:
    encoder: 0.151748
  Attention entropy: 2.975718
  Saved to: experiments/02b_vintage_sweep/baseline_h18_drop0.30/collapse_monitoring/collapse_monitor_epoch3.json
Epoch 4: val_loss=0.45278820395469666
Epoch 4: train_loss=0.4773930013179779

[CollapseMonitor] Epoch 4
  [DEBUG] Processed 21 batches from val_dataloader
  [DEBUG] Predictions shape after concat: (1282,)
  [DEBUG] All predictions list length: 21
  [DEBUG] First batch shape: (64,)
  Pred std: 0.016323, range: 0.073483, mean: 0.129342
  Pos: 100.0%, Neg: 0.0%, Unique: 1258
  Saved validation predictions to: experiments/02b_vintage_sweep/baseline_h18_drop0.30/collapse_monitoring/val_predictions_epoch4.npy
  Gradient norms:
    lstm_encoder: 0.002544
    lstm_decoder: 0.002561
    multihead_attn: 0.001778
    output_layer: 0.141191
  VSN output std:
    encoder: 0.137350
  Attention entropy: 2.974167
  Saved to: experiments/02b_vintage_sweep/baseline_h18_drop0.30/collapse_monitoring/collapse_monitor_epoch4.json
Epoch 5: val_loss=0.4477676749229431
Epoch 5: train_loss=0.462340384721756

[CollapseMonitor] Epoch 5
  [DEBUG] Processed 21 batches from val_dataloader
  [DEBUG] Predictions shape after concat: (1282,)
  [DEBUG] All predictions list length: 21
  [DEBUG] First batch shape: (64,)
  Pred std: 0.019428, range: 0.078321, mean: 0.084184
  Pos: 100.0%, Neg: 0.0%, Unique: 1261
  Saved validation predictions to: experiments/02b_vintage_sweep/baseline_h18_drop0.30/collapse_monitoring/val_predictions_epoch5.npy
  Gradient norms:
    lstm_encoder: 0.002291
    lstm_decoder: 0.002179
    multihead_attn: 0.001653
    output_layer: 0.116321
  VSN output std:
    encoder: 0.158088
  Attention entropy: 2.965843
  Saved to: experiments/02b_vintage_sweep/baseline_h18_drop0.30/collapse_monitoring/collapse_monitor_epoch5.json
Epoch 6: val_loss=0.44459283351898193
Epoch 6: train_loss=0.45425546169281006

[CollapseMonitor] Epoch 6
  [DEBUG] Processed 21 batches from val_dataloader
  [DEBUG] Predictions shape after concat: (1282,)
  [DEBUG] All predictions list length: 21
  [DEBUG] First batch shape: (64,)
  Pred std: 0.025879, range: 0.095864, mean: 0.064292
  Pos: 100.0%, Neg: 0.0%, Unique: 1266
  Saved validation predictions to: experiments/02b_vintage_sweep/baseline_h18_drop0.30/collapse_monitoring/val_predictions_epoch6.npy
  Gradient norms:
    lstm_encoder: 0.002529
    lstm_decoder: 0.002176
    multihead_attn: 0.001668
    output_layer: 0.111462
  VSN output std:
    encoder: 0.189007
  Attention entropy: 2.953523
  Saved to: experiments/02b_vintage_sweep/baseline_h18_drop0.30/collapse_monitoring/collapse_monitor_epoch6.json
Epoch 7: val_loss=0.44089606404304504
Epoch 7: train_loss=0.45463505387306213

[CollapseMonitor] Epoch 7
  [DEBUG] Processed 21 batches from val_dataloader
  [DEBUG] Predictions shape after concat: (1282,)
  [DEBUG] All predictions list length: 21
  [DEBUG] First batch shape: (64,)
  Pred std: 0.033186, range: 0.117083, mean: 0.045660
  Pos: 100.0%, Neg: 0.0%, Unique: 1259
  Saved validation predictions to: experiments/02b_vintage_sweep/baseline_h18_drop0.30/collapse_monitoring/val_predictions_epoch7.npy
  Gradient norms:
    lstm_encoder: 0.002679
    lstm_decoder: 0.002178
    multihead_attn: 0.001813
    output_layer: 0.101351
  VSN output std:
    encoder: 0.224901
  Attention entropy: 2.960182
  Saved to: experiments/02b_vintage_sweep/baseline_h18_drop0.30/collapse_monitoring/collapse_monitor_epoch7.json
Epoch 8: val_loss=0.43666988611221313
Epoch 8: train_loss=0.45049574971199036

[CollapseMonitor] Epoch 8
  [DEBUG] Processed 21 batches from val_dataloader
  [DEBUG] Predictions shape after concat: (1282,)
  [DEBUG] All predictions list length: 21
  [DEBUG] First batch shape: (64,)
  Pred std: 0.042670, range: 0.146835, mean: 0.070641
  Pos: 100.0%, Neg: 0.0%, Unique: 1249
  Saved validation predictions to: experiments/02b_vintage_sweep/baseline_h18_drop0.30/collapse_monitoring/val_predictions_epoch8.npy
  Gradient norms:
    lstm_encoder: 0.002968
    lstm_decoder: 0.002235
    multihead_attn: 0.001762
    output_layer: 0.103069
  VSN output std:
    encoder: 0.249436
  Attention entropy: 2.966561
  Saved to: experiments/02b_vintage_sweep/baseline_h18_drop0.30/collapse_monitoring/collapse_monitor_epoch8.json
Epoch 9: val_loss=0.4326494634151459
Epoch 9: train_loss=0.4472509026527405

[CollapseMonitor] Epoch 9
  [DEBUG] Processed 21 batches from val_dataloader
  [DEBUG] Predictions shape after concat: (1282,)
  [DEBUG] All predictions list length: 21
  [DEBUG] First batch shape: (64,)
  Pred std: 0.044842, range: 0.152880, mean: 0.037232
  Pos: 100.0%, Neg: 0.0%, Unique: 1233
  Saved validation predictions to: experiments/02b_vintage_sweep/baseline_h18_drop0.30/collapse_monitoring/val_predictions_epoch9.npy
  Gradient norms:
    lstm_encoder: 0.003349
    lstm_decoder: 0.002413
    multihead_attn: 0.001990
    output_layer: 0.101857
  VSN output std:
    encoder: 0.261538
  Attention entropy: 2.966990
  Saved to: experiments/02b_vintage_sweep/baseline_h18_drop0.30/collapse_monitoring/collapse_monitor_epoch9.json
Epoch 10: val_loss=0.42961812019348145
Epoch 10: train_loss=0.4422677159309387

[CollapseMonitor] Epoch 10
  [DEBUG] Processed 21 batches from val_dataloader
  [DEBUG] Predictions shape after concat: (1282,)
  [DEBUG] All predictions list length: 21
  [DEBUG] First batch shape: (64,)
  Pred std: 0.049042, range: 0.165133, mean: 0.036570
  Pos: 100.0%, Neg: 0.0%, Unique: 1244
  Saved validation predictions to: experiments/02b_vintage_sweep/baseline_h18_drop0.30/collapse_monitoring/val_predictions_epoch10.npy
  Gradient norms:
    lstm_encoder: 0.003962
    lstm_decoder: 0.002609
    multihead_attn: 0.002118
    output_layer: 0.108090
  VSN output std:
    encoder: 0.269329
  Attention entropy: 2.974652
  Saved to: experiments/02b_vintage_sweep/baseline_h18_drop0.30/collapse_monitoring/collapse_monitor_epoch10.json
Epoch 11: val_loss=0.4259408414363861
Epoch 11: train_loss=0.4411197304725647

[CollapseMonitor] Epoch 11
  [DEBUG] Processed 21 batches from val_dataloader
  [DEBUG] Predictions shape after concat: (1282,)
  [DEBUG] All predictions list length: 21
  [DEBUG] First batch shape: (64,)
  Pred std: 0.048221, range: 0.160796, mean: 0.068783
  Pos: 100.0%, Neg: 0.0%, Unique: 1246
  Saved validation predictions to: experiments/02b_vintage_sweep/baseline_h18_drop0.30/collapse_monitoring/val_predictions_epoch11.npy
  Gradient norms:
    lstm_encoder: 0.004222
    lstm_decoder: 0.002628
    multihead_attn: 0.002220
    output_layer: 0.104863
  VSN output std:
    encoder: 0.273400
  Attention entropy: 2.973328
  Saved to: experiments/02b_vintage_sweep/baseline_h18_drop0.30/collapse_monitoring/collapse_monitor_epoch11.json
Epoch 12: val_loss=0.4251907467842102
Epoch 12: train_loss=0.4374937415122986

[CollapseMonitor] Epoch 12
  [DEBUG] Processed 21 batches from val_dataloader
  [DEBUG] Predictions shape after concat: (1282,)
  [DEBUG] All predictions list length: 21
  [DEBUG] First batch shape: (64,)
  Pred std: 0.044278, range: 0.149676, mean: 0.058490
  Pos: 100.0%, Neg: 0.0%, Unique: 1227
  Saved validation predictions to: experiments/02b_vintage_sweep/baseline_h18_drop0.30/collapse_monitoring/val_predictions_epoch12.npy
  Gradient norms:
    lstm_encoder: 0.004703
    lstm_decoder: 0.002853
    multihead_attn: 0.002318
    output_layer: 0.106788
  VSN output std:
    encoder: 0.274296
  Attention entropy: 2.977309
  Saved to: experiments/02b_vintage_sweep/baseline_h18_drop0.30/collapse_monitoring/collapse_monitor_epoch12.json
Epoch 13: val_loss=0.42246606945991516
Epoch 13: train_loss=0.4378017783164978

[CollapseMonitor] Epoch 13
  [DEBUG] Processed 21 batches from val_dataloader
  [DEBUG] Predictions shape after concat: (1282,)
  [DEBUG] All predictions list length: 21
  [DEBUG] First batch shape: (64,)
  Pred std: 0.039804, range: 0.135149, mean: 0.053770
  Pos: 100.0%, Neg: 0.0%, Unique: 1225
  Saved validation predictions to: experiments/02b_vintage_sweep/baseline_h18_drop0.30/collapse_monitoring/val_predictions_epoch13.npy
  Gradient norms:
    lstm_encoder: 0.005037
    lstm_decoder: 0.002928
    multihead_attn: 0.002270
    output_layer: 0.099432
  VSN output std:
    encoder: 0.268961
  Attention entropy: 2.980492
  Saved to: experiments/02b_vintage_sweep/baseline_h18_drop0.30/collapse_monitoring/collapse_monitor_epoch13.json
Epoch 14: val_loss=0.42080411314964294
Epoch 14: train_loss=0.4360519051551819

[CollapseMonitor] Epoch 14
  [DEBUG] Processed 21 batches from val_dataloader
  [DEBUG] Predictions shape after concat: (1282,)
  [DEBUG] All predictions list length: 21
  [DEBUG] First batch shape: (64,)
  Pred std: 0.040356, range: 0.138332, mean: 0.048745
  Pos: 100.0%, Neg: 0.0%, Unique: 1210
  Saved validation predictions to: experiments/02b_vintage_sweep/baseline_h18_drop0.30/collapse_monitoring/val_predictions_epoch14.npy
  Gradient norms:
    lstm_encoder: 0.005562
    lstm_decoder: 0.003251
    multihead_attn: 0.002201
    output_layer: 0.106390
  VSN output std:
    encoder: 0.266894
  Attention entropy: 2.979552
  Saved to: experiments/02b_vintage_sweep/baseline_h18_drop0.30/collapse_monitoring/collapse_monitor_epoch14.json
Epoch 15: val_loss=0.4189015030860901
Epoch 15: train_loss=0.4332337975502014

[CollapseMonitor] Epoch 15
  [DEBUG] Processed 21 batches from val_dataloader
  [DEBUG] Predictions shape after concat: (1282,)
  [DEBUG] All predictions list length: 21
  [DEBUG] First batch shape: (64,)
  Pred std: 0.042802, range: 0.148419, mean: 0.032625
  Pos: 100.0%, Neg: 0.0%, Unique: 1213
  Saved validation predictions to: experiments/02b_vintage_sweep/baseline_h18_drop0.30/collapse_monitoring/val_predictions_epoch15.npy
  Gradient norms:
    lstm_encoder: 0.005830
    lstm_decoder: 0.003288
    multihead_attn: 0.002296
    output_layer: 0.099444
  VSN output std:
    encoder: 0.257989
  Attention entropy: 2.978424
  Saved to: experiments/02b_vintage_sweep/baseline_h18_drop0.30/collapse_monitoring/collapse_monitor_epoch15.json
Epoch 16: val_loss=0.41739481687545776
Epoch 16: train_loss=0.43305328488349915

[CollapseMonitor] Epoch 16
  [DEBUG] Processed 21 batches from val_dataloader
  [DEBUG] Predictions shape after concat: (1282,)
  [DEBUG] All predictions list length: 21
  [DEBUG] First batch shape: (64,)
  Pred std: 0.033626, range: 0.120885, mean: 0.054974
  Pos: 100.0%, Neg: 0.0%, Unique: 1197
  Saved validation predictions to: experiments/02b_vintage_sweep/baseline_h18_drop0.30/collapse_monitoring/val_predictions_epoch16.npy
  Gradient norms:
    lstm_encoder: 0.006287
    lstm_decoder: 0.003555
    multihead_attn: 0.002253
    output_layer: 0.103398
  VSN output std:
    encoder: 0.247846
  Attention entropy: 2.983878
  Saved to: experiments/02b_vintage_sweep/baseline_h18_drop0.30/collapse_monitoring/collapse_monitor_epoch16.json
Epoch 17: val_loss=0.4167928993701935
Epoch 17: train_loss=0.4311160147190094

[CollapseMonitor] Epoch 17
  [DEBUG] Processed 21 batches from val_dataloader
  [DEBUG] Predictions shape after concat: (1282,)
  [DEBUG] All predictions list length: 21
  [DEBUG] First batch shape: (64,)
  Pred std: 0.023644, range: 0.090577, mean: 0.058218
  Pos: 100.0%, Neg: 0.0%, Unique: 1209
  Saved validation predictions to: experiments/02b_vintage_sweep/baseline_h18_drop0.30/collapse_monitoring/val_predictions_epoch17.npy
  Gradient norms:
    lstm_encoder: 0.006677
    lstm_decoder: 0.003883
    multihead_attn: 0.002533
    output_layer: 0.109078
  VSN output std:
    encoder: 0.254167
  Attention entropy: 2.987742
  Saved to: experiments/02b_vintage_sweep/baseline_h18_drop0.30/collapse_monitoring/collapse_monitor_epoch17.json
Epoch 18: val_loss=0.41541561484336853
Epoch 18: train_loss=0.43080613017082214

[CollapseMonitor] Epoch 18
  [DEBUG] Processed 21 batches from val_dataloader
  [DEBUG] Predictions shape after concat: (1282,)
  [DEBUG] All predictions list length: 21
  [DEBUG] First batch shape: (64,)
  Pred std: 0.028335, range: 0.113569, mean: 0.033584
  Pos: 100.0%, Neg: 0.0%, Unique: 1221
  Saved validation predictions to: experiments/02b_vintage_sweep/baseline_h18_drop0.30/collapse_monitoring/val_predictions_epoch18.npy
  Gradient norms:
    lstm_encoder: 0.007038
    lstm_decoder: 0.004003
    multihead_attn: 0.002461
    output_layer: 0.101803
  VSN output std:
    encoder: 0.246184
  Attention entropy: 2.985187
  Saved to: experiments/02b_vintage_sweep/baseline_h18_drop0.30/collapse_monitoring/collapse_monitor_epoch18.json
Epoch 19: val_loss=0.4140218496322632
Epoch 19: train_loss=0.42920324206352234

[CollapseMonitor] Epoch 19
  [DEBUG] Processed 21 batches from val_dataloader
  [DEBUG] Predictions shape after concat: (1282,)
  [DEBUG] All predictions list length: 21
  [DEBUG] First batch shape: (64,)
  Pred std: 0.026030, range: 0.105728, mean: 0.058290
  Pos: 100.0%, Neg: 0.0%, Unique: 1210
  Saved validation predictions to: experiments/02b_vintage_sweep/baseline_h18_drop0.30/collapse_monitoring/val_predictions_epoch19.npy
  Gradient norms:
    lstm_encoder: 0.007546
    lstm_decoder: 0.004063
    multihead_attn: 0.002418
    output_layer: 0.101109
  VSN output std:
    encoder: 0.249929
  Attention entropy: 2.980455
  Saved to: experiments/02b_vintage_sweep/baseline_h18_drop0.30/collapse_monitoring/collapse_monitor_epoch19.json
Epoch 20: val_loss=0.4131089448928833
Epoch 20: train_loss=0.42779889702796936

[CollapseMonitor] Epoch 20
  [DEBUG] Processed 21 batches from val_dataloader
  [DEBUG] Predictions shape after concat: (1282,)
  [DEBUG] All predictions list length: 21
  [DEBUG] First batch shape: (64,)
  Pred std: 0.020140, range: 0.087263, mean: 0.061692
  Pos: 100.0%, Neg: 0.0%, Unique: 1228
  Saved validation predictions to: experiments/02b_vintage_sweep/baseline_h18_drop0.30/collapse_monitoring/val_predictions_epoch20.npy
  Gradient norms:
    lstm_encoder: 0.007716
    lstm_decoder: 0.004150
    multihead_attn: 0.002206
    output_layer: 0.099054
  VSN output std:
    encoder: 0.251277
  Attention entropy: 2.974639
  Saved to: experiments/02b_vintage_sweep/baseline_h18_drop0.30/collapse_monitoring/collapse_monitor_epoch20.json
Epoch 21: val_loss=0.4126000702381134
Epoch 21: train_loss=0.42908570170402527

[CollapseMonitor] Epoch 21
  [DEBUG] Processed 21 batches from val_dataloader
  [DEBUG] Predictions shape after concat: (1282,)
  [DEBUG] All predictions list length: 21
  [DEBUG] First batch shape: (64,)
  Pred std: 0.022281, range: 0.097582, mean: 0.047780
  Pos: 100.0%, Neg: 0.0%, Unique: 1243
  Saved validation predictions to: experiments/02b_vintage_sweep/baseline_h18_drop0.30/collapse_monitoring/val_predictions_epoch21.npy
  Gradient norms:
    lstm_encoder: 0.008062
    lstm_decoder: 0.004401
    multihead_attn: 0.002135
    output_layer: 0.101899
  VSN output std:
    encoder: 0.243251
  Attention entropy: 2.980536
  Saved to: experiments/02b_vintage_sweep/baseline_h18_drop0.30/collapse_monitoring/collapse_monitor_epoch21.json
Epoch 22: val_loss=0.41093599796295166
Epoch 22: train_loss=0.42833954095840454

[CollapseMonitor] Epoch 22
  [DEBUG] Processed 21 batches from val_dataloader
  [DEBUG] Predictions shape after concat: (1282,)
  [DEBUG] All predictions list length: 21
  [DEBUG] First batch shape: (64,)
  Pred std: 0.018141, range: 0.080157, mean: 0.077125
  Pos: 100.0%, Neg: 0.0%, Unique: 1228
  Saved validation predictions to: experiments/02b_vintage_sweep/baseline_h18_drop0.30/collapse_monitoring/val_predictions_epoch22.npy
  Gradient norms:
    lstm_encoder: 0.008900
    lstm_decoder: 0.004728
    multihead_attn: 0.002125
    output_layer: 0.101156
  VSN output std:
    encoder: 0.249412
  Attention entropy: 2.976839
  Saved to: experiments/02b_vintage_sweep/baseline_h18_drop0.30/collapse_monitoring/collapse_monitor_epoch22.json
Epoch 23: val_loss=0.4105258882045746
Epoch 23: train_loss=0.42788225412368774

[CollapseMonitor] Epoch 23
  [DEBUG] Processed 21 batches from val_dataloader
  [DEBUG] Predictions shape after concat: (1282,)
  [DEBUG] All predictions list length: 21
  [DEBUG] First batch shape: (64,)
  Pred std: 0.024888, range: 0.108768, mean: 0.058098
  Pos: 100.0%, Neg: 0.0%, Unique: 1224
  Saved validation predictions to: experiments/02b_vintage_sweep/baseline_h18_drop0.30/collapse_monitoring/val_predictions_epoch23.npy
  Gradient norms:
    lstm_encoder: 0.009726
    lstm_decoder: 0.005138
    multihead_attn: 0.002239
    output_layer: 0.098789
  VSN output std:
    encoder: 0.237047
  Attention entropy: 2.975663
  Saved to: experiments/02b_vintage_sweep/baseline_h18_drop0.30/collapse_monitoring/collapse_monitor_epoch23.json
Epoch 24: val_loss=0.41060101985931396
Epoch 24: train_loss=0.4267779290676117

[CollapseMonitor] Epoch 24
  [DEBUG] Processed 21 batches from val_dataloader
  [DEBUG] Predictions shape after concat: (1282,)
  [DEBUG] All predictions list length: 21
  [DEBUG] First batch shape: (64,)
  Pred std: 0.023872, range: 0.111709, mean: 0.059606
  Pos: 100.0%, Neg: 0.0%, Unique: 1209
  Saved validation predictions to: experiments/02b_vintage_sweep/baseline_h18_drop0.30/collapse_monitoring/val_predictions_epoch24.npy
  Gradient norms:
    lstm_encoder: 0.009841
    lstm_decoder: 0.005270
    multihead_attn: 0.002300
    output_layer: 0.100898
  VSN output std:
    encoder: 0.210155
  Attention entropy: 2.972121
  Saved to: experiments/02b_vintage_sweep/baseline_h18_drop0.30/collapse_monitoring/collapse_monitor_epoch24.json
Epoch 25: val_loss=0.4097317159175873
Epoch 25: train_loss=0.4263615608215332

[CollapseMonitor] Epoch 25
  [DEBUG] Processed 21 batches from val_dataloader
  [DEBUG] Predictions shape after concat: (1282,)
  [DEBUG] All predictions list length: 21
  [DEBUG] First batch shape: (64,)
  Pred std: 0.022881, range: 0.112108, mean: 0.054299
  Pos: 100.0%, Neg: 0.0%, Unique: 1210
  Saved validation predictions to: experiments/02b_vintage_sweep/baseline_h18_drop0.30/collapse_monitoring/val_predictions_epoch25.npy
  Gradient norms:
    lstm_encoder: 0.010365
    lstm_decoder: 0.005610
    multihead_attn: 0.002415
    output_layer: 0.104676
  VSN output std:
    encoder: 0.225014
  Attention entropy: 2.975353
  Saved to: experiments/02b_vintage_sweep/baseline_h18_drop0.30/collapse_monitoring/collapse_monitor_epoch25.json
Epoch 26: val_loss=0.40923020243644714
Epoch 26: train_loss=0.42606183886528015

[CollapseMonitor] Epoch 26
  [DEBUG] Processed 21 batches from val_dataloader
  [DEBUG] Predictions shape after concat: (1282,)
  [DEBUG] All predictions list length: 21
  [DEBUG] First batch shape: (64,)
  Pred std: 0.018711, range: 0.099277, mean: 0.063679
  Pos: 100.0%, Neg: 0.0%, Unique: 1229
  Saved validation predictions to: experiments/02b_vintage_sweep/baseline_h18_drop0.30/collapse_monitoring/val_predictions_epoch26.npy
  Gradient norms:
    lstm_encoder: 0.010211
    lstm_decoder: 0.005405
    multihead_attn: 0.002393
    output_layer: 0.104376
  VSN output std:
    encoder: 0.240400
  Attention entropy: 2.973390
  Saved to: experiments/02b_vintage_sweep/baseline_h18_drop0.30/collapse_monitoring/collapse_monitor_epoch26.json
Epoch 27: val_loss=0.4081978499889374
Epoch 27: train_loss=0.42602866888046265

[CollapseMonitor] Epoch 27
  [DEBUG] Processed 21 batches from val_dataloader
  [DEBUG] Predictions shape after concat: (1282,)
  [DEBUG] All predictions list length: 21
  [DEBUG] First batch shape: (64,)
  Pred std: 0.017200, range: 0.093809, mean: 0.084424
  Pos: 100.0%, Neg: 0.0%, Unique: 1200
  Saved validation predictions to: experiments/02b_vintage_sweep/baseline_h18_drop0.30/collapse_monitoring/val_predictions_epoch27.npy
  Gradient norms:
    lstm_encoder: 0.010833
    lstm_decoder: 0.005739
    multihead_attn: 0.002406
    output_layer: 0.102503
  VSN output std:
    encoder: 0.238422
  Attention entropy: 2.968868
  Saved to: experiments/02b_vintage_sweep/baseline_h18_drop0.30/collapse_monitoring/collapse_monitor_epoch27.json
Epoch 28: val_loss=0.40694937109947205
Epoch 28: train_loss=0.425944983959198

[CollapseMonitor] Epoch 28
  [DEBUG] Processed 21 batches from val_dataloader
  [DEBUG] Predictions shape after concat: (1282,)
  [DEBUG] All predictions list length: 21
  [DEBUG] First batch shape: (64,)
  Pred std: 0.028437, range: 0.146222, mean: 0.045659
  Pos: 100.0%, Neg: 0.0%, Unique: 1225
  Saved validation predictions to: experiments/02b_vintage_sweep/baseline_h18_drop0.30/collapse_monitoring/val_predictions_epoch28.npy
  Gradient norms:
    lstm_encoder: 0.011184
    lstm_decoder: 0.005897
    multihead_attn: 0.002361
    output_layer: 0.098284
  VSN output std:
    encoder: 0.229267
  Attention entropy: 2.961455
  Saved to: experiments/02b_vintage_sweep/baseline_h18_drop0.30/collapse_monitoring/collapse_monitor_epoch28.json
Epoch 29: val_loss=0.40766018629074097
Epoch 29: train_loss=0.42587730288505554

[CollapseMonitor] Epoch 29
  [DEBUG] Processed 21 batches from val_dataloader
  [DEBUG] Predictions shape after concat: (1282,)
  [DEBUG] All predictions list length: 21
  [DEBUG] First batch shape: (64,)
  Pred std: 0.024592, range: 0.129186, mean: 0.066002
  Pos: 100.0%, Neg: 0.0%, Unique: 1222
  Saved validation predictions to: experiments/02b_vintage_sweep/baseline_h18_drop0.30/collapse_monitoring/val_predictions_epoch29.npy
  Gradient norms:
    lstm_encoder: 0.011798
    lstm_decoder: 0.006062
    multihead_attn: 0.002310
    output_layer: 0.104855
  VSN output std:
    encoder: 0.223294
  Attention entropy: 2.960132
  Saved to: experiments/02b_vintage_sweep/baseline_h18_drop0.30/collapse_monitoring/collapse_monitor_epoch29.json
Epoch 30: val_loss=0.4063704013824463
Epoch 30: train_loss=0.42492440342903137

[CollapseMonitor] Epoch 30
  [DEBUG] Processed 21 batches from val_dataloader
  [DEBUG] Predictions shape after concat: (1282,)
  [DEBUG] All predictions list length: 21
  [DEBUG] First batch shape: (64,)
  Pred std: 0.021137, range: 0.123227, mean: 0.070046
  Pos: 100.0%, Neg: 0.0%, Unique: 1227
  Saved validation predictions to: experiments/02b_vintage_sweep/baseline_h18_drop0.30/collapse_monitoring/val_predictions_epoch30.npy
  Gradient norms:
    lstm_encoder: 0.011755
    lstm_decoder: 0.006273
    multihead_attn: 0.002088
    output_layer: 0.114072
  VSN output std:
    encoder: 0.217477
  Attention entropy: 2.955763
  Saved to: experiments/02b_vintage_sweep/baseline_h18_drop0.30/collapse_monitoring/collapse_monitor_epoch30.json
Epoch 31: val_loss=0.40537145733833313
Epoch 31: train_loss=0.4236956238746643

[CollapseMonitor] Epoch 31
  [DEBUG] Processed 21 batches from val_dataloader
  [DEBUG] Predictions shape after concat: (1282,)
  [DEBUG] All predictions list length: 21
  [DEBUG] First batch shape: (64,)
  Pred std: 0.021845, range: 0.132047, mean: 0.068039
  Pos: 100.0%, Neg: 0.0%, Unique: 1249
  Saved validation predictions to: experiments/02b_vintage_sweep/baseline_h18_drop0.30/collapse_monitoring/val_predictions_epoch31.npy
  Gradient norms:
    lstm_encoder: 0.011832
    lstm_decoder: 0.006055
    multihead_attn: 0.002048
    output_layer: 0.101597
  VSN output std:
    encoder: 0.224352
  Attention entropy: 2.955209
  Saved to: experiments/02b_vintage_sweep/baseline_h18_drop0.30/collapse_monitoring/collapse_monitor_epoch31.json
Epoch 32: val_loss=0.4058924913406372
Epoch 32: train_loss=0.42307576537132263

[CollapseMonitor] Epoch 32
  [DEBUG] Processed 21 batches from val_dataloader
  [DEBUG] Predictions shape after concat: (1282,)
  [DEBUG] All predictions list length: 21
  [DEBUG] First batch shape: (64,)
  Pred std: 0.025978, range: 0.147018, mean: 0.069668
  Pos: 100.0%, Neg: 0.0%, Unique: 1218
  Saved validation predictions to: experiments/02b_vintage_sweep/baseline_h18_drop0.30/collapse_monitoring/val_predictions_epoch32.npy
  Gradient norms:
    lstm_encoder: 0.013290
    lstm_decoder: 0.006436
    multihead_attn: 0.002044
    output_layer: 0.101536
  VSN output std:
    encoder: 0.222514
  Attention entropy: 2.966465
  Saved to: experiments/02b_vintage_sweep/baseline_h18_drop0.30/collapse_monitoring/collapse_monitor_epoch32.json
Epoch 33: val_loss=0.4042193293571472
Epoch 33: train_loss=0.4245074391365051

[CollapseMonitor] Epoch 33
  [DEBUG] Processed 21 batches from val_dataloader
  [DEBUG] Predictions shape after concat: (1282,)
  [DEBUG] All predictions list length: 21
  [DEBUG] First batch shape: (64,)
  Pred std: 0.027299, range: 0.154595, mean: 0.077234
  Pos: 100.0%, Neg: 0.0%, Unique: 1230
  Saved validation predictions to: experiments/02b_vintage_sweep/baseline_h18_drop0.30/collapse_monitoring/val_predictions_epoch33.npy
  Gradient norms:
    lstm_encoder: 0.014116
    lstm_decoder: 0.006788
    multihead_attn: 0.002045
    output_layer: 0.104756
  VSN output std:
    encoder: 0.233914
  Attention entropy: 2.957942
  Saved to: experiments/02b_vintage_sweep/baseline_h18_drop0.30/collapse_monitoring/collapse_monitor_epoch33.json
Epoch 34: val_loss=0.4052622616291046
Epoch 34: train_loss=0.4242190420627594

[CollapseMonitor] Epoch 34
  [DEBUG] Processed 21 batches from val_dataloader
  [DEBUG] Predictions shape after concat: (1282,)
  [DEBUG] All predictions list length: 21
  [DEBUG] First batch shape: (64,)
  Pred std: 0.029720, range: 0.170034, mean: 0.071035
  Pos: 100.0%, Neg: 0.0%, Unique: 1229
  Saved validation predictions to: experiments/02b_vintage_sweep/baseline_h18_drop0.30/collapse_monitoring/val_predictions_epoch34.npy
  Gradient norms:
    lstm_encoder: 0.015684
    lstm_decoder: 0.006940
    multihead_attn: 0.002064
    output_layer: 0.104396
  VSN output std:
    encoder: 0.229154
  Attention entropy: 2.964394
  Saved to: experiments/02b_vintage_sweep/baseline_h18_drop0.30/collapse_monitoring/collapse_monitor_epoch34.json
Epoch 35: val_loss=0.40389519929885864
Epoch 35: train_loss=0.4242520034313202

[CollapseMonitor] Epoch 35
  [DEBUG] Processed 21 batches from val_dataloader
  [DEBUG] Predictions shape after concat: (1282,)
  [DEBUG] All predictions list length: 21
  [DEBUG] First batch shape: (64,)
  Pred std: 0.034834, range: 0.192381, mean: 0.076196
  Pos: 100.0%, Neg: 0.0%, Unique: 1232
  Saved validation predictions to: experiments/02b_vintage_sweep/baseline_h18_drop0.30/collapse_monitoring/val_predictions_epoch35.npy
  Gradient norms:
    lstm_encoder: 0.015893
    lstm_decoder: 0.007233
    multihead_attn: 0.002020
    output_layer: 0.115795
  VSN output std:
    encoder: 0.233308
  Attention entropy: 2.961436
  Saved to: experiments/02b_vintage_sweep/baseline_h18_drop0.30/collapse_monitoring/collapse_monitor_epoch35.json
Epoch 36: val_loss=0.4030260443687439
Epoch 36: train_loss=0.42354482412338257

[CollapseMonitor] Epoch 36
  [DEBUG] Processed 21 batches from val_dataloader
  [DEBUG] Predictions shape after concat: (1282,)
  [DEBUG] All predictions list length: 21
  [DEBUG] First batch shape: (64,)
  Pred std: 0.029062, range: 0.174798, mean: 0.065409
  Pos: 100.0%, Neg: 0.0%, Unique: 1235
  Saved validation predictions to: experiments/02b_vintage_sweep/baseline_h18_drop0.30/collapse_monitoring/val_predictions_epoch36.npy
  Gradient norms:
    lstm_encoder: 0.016407
    lstm_decoder: 0.007241
    multihead_attn: 0.002071
    output_layer: 0.113898
  VSN output std:
    encoder: 0.231801
  Attention entropy: 2.955528
  Saved to: experiments/02b_vintage_sweep/baseline_h18_drop0.30/collapse_monitoring/collapse_monitor_epoch36.json
Epoch 37: val_loss=0.4035220444202423
Epoch 37: train_loss=0.4236700236797333

[CollapseMonitor] Epoch 37
  [DEBUG] Processed 21 batches from val_dataloader
  [DEBUG] Predictions shape after concat: (1282,)
  [DEBUG] All predictions list length: 21
  [DEBUG] First batch shape: (64,)
  Pred std: 0.023895, range: 0.142769, mean: 0.076665
  Pos: 100.0%, Neg: 0.0%, Unique: 1230
  Saved validation predictions to: experiments/02b_vintage_sweep/baseline_h18_drop0.30/collapse_monitoring/val_predictions_epoch37.npy
  Gradient norms:
    lstm_encoder: 0.016542
    lstm_decoder: 0.007141
    multihead_attn: 0.002122
    output_layer: 0.100032
  VSN output std:
    encoder: 0.232224
  Attention entropy: 2.960888
  Saved to: experiments/02b_vintage_sweep/baseline_h18_drop0.30/collapse_monitoring/collapse_monitor_epoch37.json
Epoch 38: val_loss=0.4030364155769348
Epoch 38: train_loss=0.42345404624938965

[CollapseMonitor] Epoch 38
  [DEBUG] Processed 21 batches from val_dataloader
  [DEBUG] Predictions shape after concat: (1282,)
  [DEBUG] All predictions list length: 21
  [DEBUG] First batch shape: (64,)
  Pred std: 0.028431, range: 0.165900, mean: 0.074316
  Pos: 100.0%, Neg: 0.0%, Unique: 1235
  Saved validation predictions to: experiments/02b_vintage_sweep/baseline_h18_drop0.30/collapse_monitoring/val_predictions_epoch38.npy
  Gradient norms:
    lstm_encoder: 0.018659
    lstm_decoder: 0.007601
    multihead_attn: 0.002223
    output_layer: 0.107813
  VSN output std:
    encoder: 0.228155
  Attention entropy: 2.960256
  Saved to: experiments/02b_vintage_sweep/baseline_h18_drop0.30/collapse_monitoring/collapse_monitor_epoch38.json
Epoch 39: val_loss=0.4036152958869934
Epoch 39: train_loss=0.4227913022041321

[CollapseMonitor] Epoch 39
  [DEBUG] Processed 21 batches from val_dataloader
  [DEBUG] Predictions shape after concat: (1282,)
  [DEBUG] All predictions list length: 21
  [DEBUG] First batch shape: (64,)
  Pred std: 0.026610, range: 0.165919, mean: 0.052373
  Pos: 100.0%, Neg: 0.0%, Unique: 1231
  Saved validation predictions to: experiments/02b_vintage_sweep/baseline_h18_drop0.30/collapse_monitoring/val_predictions_epoch39.npy
  Gradient norms:
    lstm_encoder: 0.019239
    lstm_decoder: 0.007807
    multihead_attn: 0.002147
    output_layer: 0.108380
  VSN output std:
    encoder: 0.220745
  Attention entropy: 2.956745
  Saved to: experiments/02b_vintage_sweep/baseline_h18_drop0.30/collapse_monitoring/collapse_monitor_epoch39.json
Epoch 40: val_loss=0.4016365706920624
Epoch 40: train_loss=0.42225342988967896

[CollapseMonitor] Epoch 40
  [DEBUG] Processed 21 batches from val_dataloader
  [DEBUG] Predictions shape after concat: (1282,)
  [DEBUG] All predictions list length: 21
  [DEBUG] First batch shape: (64,)
  Pred std: 0.030346, range: 0.188730, mean: 0.046007
  Pos: 100.0%, Neg: 0.0%, Unique: 1217
  Saved validation predictions to: experiments/02b_vintage_sweep/baseline_h18_drop0.30/collapse_monitoring/val_predictions_epoch40.npy
  Gradient norms:
    lstm_encoder: 0.018924
    lstm_decoder: 0.007625
    multihead_attn: 0.002035
    output_layer: 0.096654
  VSN output std:
    encoder: 0.220956
  Attention entropy: 2.951405
  Saved to: experiments/02b_vintage_sweep/baseline_h18_drop0.30/collapse_monitoring/collapse_monitor_epoch40.json
Epoch 41: val_loss=0.4017102122306824
Epoch 41: train_loss=0.42265474796295166

[CollapseMonitor] Epoch 41
  [DEBUG] Processed 21 batches from val_dataloader
  [DEBUG] Predictions shape after concat: (1282,)
  [DEBUG] All predictions list length: 21
  [DEBUG] First batch shape: (64,)
  Pred std: 0.028751, range: 0.188016, mean: 0.056277
  Pos: 100.0%, Neg: 0.0%, Unique: 1231
  Saved validation predictions to: experiments/02b_vintage_sweep/baseline_h18_drop0.30/collapse_monitoring/val_predictions_epoch41.npy
  Gradient norms:
    lstm_encoder: 0.021603
    lstm_decoder: 0.007973
    multihead_attn: 0.002120
    output_layer: 0.107534
  VSN output std:
    encoder: 0.221998
  Attention entropy: 2.952426
  Saved to: experiments/02b_vintage_sweep/baseline_h18_drop0.30/collapse_monitoring/collapse_monitor_epoch41.json
Epoch 42: val_loss=0.4018220007419586
Epoch 42: train_loss=0.4215743839740753

[CollapseMonitor] Epoch 42
  [DEBUG] Processed 21 batches from val_dataloader
  [DEBUG] Predictions shape after concat: (1282,)
  [DEBUG] All predictions list length: 21
  [DEBUG] First batch shape: (64,)
  Pred std: 0.025195, range: 0.172366, mean: 0.042467
  Pos: 100.0%, Neg: 0.0%, Unique: 1214
  Saved validation predictions to: experiments/02b_vintage_sweep/baseline_h18_drop0.30/collapse_monitoring/val_predictions_epoch42.npy
  Gradient norms:
    lstm_encoder: 0.022287
    lstm_decoder: 0.008743
    multihead_attn: 0.002139
    output_layer: 0.105251
  VSN output std:
    encoder: 0.219938
  Attention entropy: 2.953442
  Saved to: experiments/02b_vintage_sweep/baseline_h18_drop0.30/collapse_monitoring/collapse_monitor_epoch42.json
Epoch 43: val_loss=0.401321142911911
Epoch 43: train_loss=0.4218722879886627

[CollapseMonitor] Epoch 43
  [DEBUG] Processed 21 batches from val_dataloader
  [DEBUG] Predictions shape after concat: (1282,)
  [DEBUG] All predictions list length: 21
  [DEBUG] First batch shape: (64,)
  Pred std: 0.023852, range: 0.162880, mean: 0.069781
  Pos: 100.0%, Neg: 0.0%, Unique: 1197
  Saved validation predictions to: experiments/02b_vintage_sweep/baseline_h18_drop0.30/collapse_monitoring/val_predictions_epoch43.npy
  Gradient norms:
    lstm_encoder: 0.022445
    lstm_decoder: 0.008535
    multihead_attn: 0.002200
    output_layer: 0.100791
  VSN output std:
    encoder: 0.229226
  Attention entropy: 2.953977
  Saved to: experiments/02b_vintage_sweep/baseline_h18_drop0.30/collapse_monitoring/collapse_monitor_epoch43.json
Epoch 44: val_loss=0.4002421200275421
Epoch 44: train_loss=0.4223400354385376

[CollapseMonitor] Epoch 44
  [DEBUG] Processed 21 batches from val_dataloader
  [DEBUG] Predictions shape after concat: (1282,)
  [DEBUG] All predictions list length: 21
  [DEBUG] First batch shape: (64,)
  Pred std: 0.026027, range: 0.178621, mean: 0.061594
  Pos: 100.0%, Neg: 0.0%, Unique: 1216
  Saved validation predictions to: experiments/02b_vintage_sweep/baseline_h18_drop0.30/collapse_monitoring/val_predictions_epoch44.npy
  Gradient norms:
    lstm_encoder: 0.025726
    lstm_decoder: 0.008487
    multihead_attn: 0.002128
    output_layer: 0.102872
  VSN output std:
    encoder: 0.228868
  Attention entropy: 2.947797
  Saved to: experiments/02b_vintage_sweep/baseline_h18_drop0.30/collapse_monitoring/collapse_monitor_epoch44.json
Epoch 45: val_loss=0.40067562460899353
Epoch 45: train_loss=0.42236509919166565

[CollapseMonitor] Epoch 45
  [DEBUG] Processed 21 batches from val_dataloader
  [DEBUG] Predictions shape after concat: (1282,)
  [DEBUG] All predictions list length: 21
  [DEBUG] First batch shape: (64,)
  Pred std: 0.033810, range: 0.215072, mean: 0.043755
  Pos: 100.0%, Neg: 0.0%, Unique: 1208
  Saved validation predictions to: experiments/02b_vintage_sweep/baseline_h18_drop0.30/collapse_monitoring/val_predictions_epoch45.npy
  Gradient norms:
    lstm_encoder: 0.026227
    lstm_decoder: 0.009465
    multihead_attn: 0.002106
    output_layer: 0.106203
  VSN output std:
    encoder: 0.229379
  Attention entropy: 2.942692
  Saved to: experiments/02b_vintage_sweep/baseline_h18_drop0.30/collapse_monitoring/collapse_monitor_epoch45.json
Epoch 46: val_loss=0.39967477321624756
Epoch 46: train_loss=0.42158037424087524

[CollapseMonitor] Epoch 46
  [DEBUG] Processed 21 batches from val_dataloader
  [DEBUG] Predictions shape after concat: (1282,)
  [DEBUG] All predictions list length: 21
  [DEBUG] First batch shape: (64,)
  Pred std: 0.027006, range: 0.178576, mean: 0.070665
  Pos: 100.0%, Neg: 0.0%, Unique: 1219
  Saved validation predictions to: experiments/02b_vintage_sweep/baseline_h18_drop0.30/collapse_monitoring/val_predictions_epoch46.npy
  Gradient norms:
    lstm_encoder: 0.027636
    lstm_decoder: 0.009158
    multihead_attn: 0.002075
    output_layer: 0.105479
  VSN output std:
    encoder: 0.224782
  Attention entropy: 2.942898
  Saved to: experiments/02b_vintage_sweep/baseline_h18_drop0.30/collapse_monitoring/collapse_monitor_epoch46.json
Epoch 47: val_loss=0.3998717665672302
Epoch 47: train_loss=0.4220450520515442

[CollapseMonitor] Epoch 47
  [DEBUG] Processed 21 batches from val_dataloader
  [DEBUG] Predictions shape after concat: (1282,)
  [DEBUG] All predictions list length: 21
  [DEBUG] First batch shape: (64,)
  Pred std: 0.028196, range: 0.199418, mean: 0.058738
  Pos: 100.0%, Neg: 0.0%, Unique: 1219
  Saved validation predictions to: experiments/02b_vintage_sweep/baseline_h18_drop0.30/collapse_monitoring/val_predictions_epoch47.npy
  Gradient norms:
    lstm_encoder: 0.025128
    lstm_decoder: 0.008478
    multihead_attn: 0.002043
    output_layer: 0.102649
  VSN output std:
    encoder: 0.224406
  Attention entropy: 2.942215
  Saved to: experiments/02b_vintage_sweep/baseline_h18_drop0.30/collapse_monitoring/collapse_monitor_epoch47.json
Epoch 48: val_loss=0.3995189070701599
Epoch 48: train_loss=0.42120376229286194

[CollapseMonitor] Epoch 48
  [DEBUG] Processed 21 batches from val_dataloader
  [DEBUG] Predictions shape after concat: (1282,)
  [DEBUG] All predictions list length: 21
  [DEBUG] First batch shape: (64,)
  Pred std: 0.028817, range: 0.196549, mean: 0.080009
  Pos: 100.0%, Neg: 0.0%, Unique: 1224
  Saved validation predictions to: experiments/02b_vintage_sweep/baseline_h18_drop0.30/collapse_monitoring/val_predictions_epoch48.npy
  Gradient norms:
    lstm_encoder: 0.028242
    lstm_decoder: 0.009367
    multihead_attn: 0.002242
    output_layer: 0.102326
  VSN output std:
    encoder: 0.224640
  Attention entropy: 2.932621
  Saved to: experiments/02b_vintage_sweep/baseline_h18_drop0.30/collapse_monitoring/collapse_monitor_epoch48.json
Epoch 49: val_loss=0.39869624376296997
Epoch 49: train_loss=0.4201411306858063

[CollapseMonitor] Epoch 49
  [DEBUG] Processed 21 batches from val_dataloader
  [DEBUG] Predictions shape after concat: (1282,)
  [DEBUG] All predictions list length: 21
  [DEBUG] First batch shape: (64,)
  Pred std: 0.030442, range: 0.212605, mean: 0.056648
  Pos: 100.0%, Neg: 0.0%, Unique: 1215
  Saved validation predictions to: experiments/02b_vintage_sweep/baseline_h18_drop0.30/collapse_monitoring/val_predictions_epoch49.npy
  Gradient norms:
    lstm_encoder: 0.027702
    lstm_decoder: 0.009278
    multihead_attn: 0.002182
    output_layer: 0.102394
  VSN output std:
    encoder: 0.227995
  Attention entropy: 2.926803
  Saved to: experiments/02b_vintage_sweep/baseline_h18_drop0.30/collapse_monitoring/collapse_monitor_epoch49.json
Epoch 50: val_loss=0.3983217477798462
Epoch 50: train_loss=0.41981884837150574

[CollapseMonitor] Epoch 50
  [DEBUG] Processed 21 batches from val_dataloader
  [DEBUG] Predictions shape after concat: (1282,)
  [DEBUG] All predictions list length: 21
  [DEBUG] First batch shape: (64,)
  Pred std: 0.027948, range: 0.202050, mean: 0.048922
  Pos: 100.0%, Neg: 0.0%, Unique: 1197
  Saved validation predictions to: experiments/02b_vintage_sweep/baseline_h18_drop0.30/collapse_monitoring/val_predictions_epoch50.npy
  Gradient norms:
    lstm_encoder: 0.026645
    lstm_decoder: 0.009210
    multihead_attn: 0.002194
    output_layer: 0.101511
  VSN output std:
    encoder: 0.216402
  Attention entropy: 2.926319
  Saved to: experiments/02b_vintage_sweep/baseline_h18_drop0.30/collapse_monitoring/collapse_monitor_epoch50.json
Epoch 51: val_loss=0.39882203936576843
Epoch 51: train_loss=0.42081862688064575

[CollapseMonitor] Epoch 51
  [DEBUG] Processed 21 batches from val_dataloader
  [DEBUG] Predictions shape after concat: (1282,)
  [DEBUG] All predictions list length: 21
  [DEBUG] First batch shape: (64,)
  Pred std: 0.027312, range: 0.197132, mean: 0.050262
  Pos: 100.0%, Neg: 0.0%, Unique: 1193
  Saved validation predictions to: experiments/02b_vintage_sweep/baseline_h18_drop0.30/collapse_monitoring/val_predictions_epoch51.npy
  Gradient norms:
    lstm_encoder: 0.032889
    lstm_decoder: 0.009410
    multihead_attn: 0.002384
    output_layer: 0.100518
  VSN output std:
    encoder: 0.215439
  Attention entropy: 2.940974
  Saved to: experiments/02b_vintage_sweep/baseline_h18_drop0.30/collapse_monitoring/collapse_monitor_epoch51.json
Epoch 52: val_loss=0.39982718229293823
Epoch 52: train_loss=0.4221976697444916

[CollapseMonitor] Epoch 52
  [DEBUG] Processed 21 batches from val_dataloader
  [DEBUG] Predictions shape after concat: (1282,)
  [DEBUG] All predictions list length: 21
  [DEBUG] First batch shape: (64,)
  Pred std: 0.026160, range: 0.186862, mean: 0.037932
  Pos: 100.0%, Neg: 0.0%, Unique: 1198
  Saved validation predictions to: experiments/02b_vintage_sweep/baseline_h18_drop0.30/collapse_monitoring/val_predictions_epoch52.npy
  Gradient norms:
    lstm_encoder: 0.029097
    lstm_decoder: 0.009542
    multihead_attn: 0.002198
    output_layer: 0.107268
  VSN output std:
    encoder: 0.215949
  Attention entropy: 2.951529
  Saved to: experiments/02b_vintage_sweep/baseline_h18_drop0.30/collapse_monitoring/collapse_monitor_epoch52.json
Epoch 53: val_loss=0.39903396368026733
Epoch 53: train_loss=0.4221948981285095

[CollapseMonitor] Epoch 53
  [DEBUG] Processed 21 batches from val_dataloader
  [DEBUG] Predictions shape after concat: (1282,)
  [DEBUG] All predictions list length: 21
  [DEBUG] First batch shape: (64,)
  Pred std: 0.025339, range: 0.172725, mean: 0.078276
  Pos: 100.0%, Neg: 0.0%, Unique: 1196
  Saved validation predictions to: experiments/02b_vintage_sweep/baseline_h18_drop0.30/collapse_monitoring/val_predictions_epoch53.npy
  Gradient norms:
    lstm_encoder: 0.029359
    lstm_decoder: 0.009510
    multihead_attn: 0.002219
    output_layer: 0.103126
  VSN output std:
    encoder: 0.207543
  Attention entropy: 2.951544
  Saved to: experiments/02b_vintage_sweep/baseline_h18_drop0.30/collapse_monitoring/collapse_monitor_epoch53.json
Epoch 54: val_loss=0.39836376905441284
Epoch 54: train_loss=0.42018184065818787

[CollapseMonitor] Epoch 54
  [DEBUG] Processed 21 batches from val_dataloader
  [DEBUG] Predictions shape after concat: (1282,)
  [DEBUG] All predictions list length: 21
  [DEBUG] First batch shape: (64,)
  Pred std: 0.028287, range: 0.197194, mean: 0.061173
  Pos: 100.0%, Neg: 0.0%, Unique: 1176
  Saved validation predictions to: experiments/02b_vintage_sweep/baseline_h18_drop0.30/collapse_monitoring/val_predictions_epoch54.npy
  Gradient norms:
    lstm_encoder: 0.029962
    lstm_decoder: 0.009672
    multihead_attn: 0.002307
    output_layer: 0.104493
  VSN output std:
    encoder: 0.210514
  Attention entropy: 2.943257
  Saved to: experiments/02b_vintage_sweep/baseline_h18_drop0.30/collapse_monitoring/collapse_monitor_epoch54.json
Epoch 55: val_loss=0.39880436658859253
Epoch 55: train_loss=0.42174676060676575

[CollapseMonitor] Epoch 55
  [DEBUG] Processed 21 batches from val_dataloader
  [DEBUG] Predictions shape after concat: (1282,)
  [DEBUG] All predictions list length: 21
  [DEBUG] First batch shape: (64,)
  Pred std: 0.032898, range: 0.227980, mean: 0.043444
  Pos: 100.0%, Neg: 0.0%, Unique: 1198
  Saved validation predictions to: experiments/02b_vintage_sweep/baseline_h18_drop0.30/collapse_monitoring/val_predictions_epoch55.npy
  Gradient norms:
    lstm_encoder: 0.030404
    lstm_decoder: 0.009990
    multihead_attn: 0.002189
    output_layer: 0.113504
  VSN output std:
    encoder: 0.214653
  Attention entropy: 2.936253
  Saved to: experiments/02b_vintage_sweep/baseline_h18_drop0.30/collapse_monitoring/collapse_monitor_epoch55.json
Epoch 56: val_loss=0.39798951148986816
Epoch 56: train_loss=0.42034992575645447

[CollapseMonitor] Epoch 56
  [DEBUG] Processed 21 batches from val_dataloader
  [DEBUG] Predictions shape after concat: (1282,)
  [DEBUG] All predictions list length: 21
  [DEBUG] First batch shape: (64,)
  Pred std: 0.031032, range: 0.210611, mean: 0.063848
  Pos: 100.0%, Neg: 0.0%, Unique: 1190
  Saved validation predictions to: experiments/02b_vintage_sweep/baseline_h18_drop0.30/collapse_monitoring/val_predictions_epoch56.npy
  Gradient norms:
    lstm_encoder: 0.030762
    lstm_decoder: 0.009815
    multihead_attn: 0.002210
    output_layer: 0.102772
  VSN output std:
    encoder: 0.212777
  Attention entropy: 2.936989
  Saved to: experiments/02b_vintage_sweep/baseline_h18_drop0.30/collapse_monitoring/collapse_monitor_epoch56.json
Epoch 57: val_loss=0.39760079979896545
Epoch 57: train_loss=0.41938817501068115

[CollapseMonitor] Epoch 57
  [DEBUG] Processed 21 batches from val_dataloader
  [DEBUG] Predictions shape after concat: (1282,)
  [DEBUG] All predictions list length: 21
  [DEBUG] First batch shape: (64,)
  Pred std: 0.030380, range: 0.207335, mean: 0.057107
  Pos: 100.0%, Neg: 0.0%, Unique: 1191
  Saved validation predictions to: experiments/02b_vintage_sweep/baseline_h18_drop0.30/collapse_monitoring/val_predictions_epoch57.npy
  Gradient norms:
    lstm_encoder: 0.032190
    lstm_decoder: 0.010011
    multihead_attn: 0.002060
    output_layer: 0.104170
  VSN output std:
    encoder: 0.215095
  Attention entropy: 2.937599
  Saved to: experiments/02b_vintage_sweep/baseline_h18_drop0.30/collapse_monitoring/collapse_monitor_epoch57.json
Epoch 58: val_loss=0.39782989025115967
Epoch 58: train_loss=0.420370876789093

[CollapseMonitor] Epoch 58
  [DEBUG] Processed 21 batches from val_dataloader
  [DEBUG] Predictions shape after concat: (1282,)
  [DEBUG] All predictions list length: 21
  [DEBUG] First batch shape: (64,)
  Pred std: 0.028759, range: 0.201944, mean: 0.057337
  Pos: 100.0%, Neg: 0.0%, Unique: 1189
  Saved validation predictions to: experiments/02b_vintage_sweep/baseline_h18_drop0.30/collapse_monitoring/val_predictions_epoch58.npy
  Gradient norms:
    lstm_encoder: 0.029848
    lstm_decoder: 0.009681
    multihead_attn: 0.002148
    output_layer: 0.097604
  VSN output std:
    encoder: 0.207541
  Attention entropy: 2.942205
  Saved to: experiments/02b_vintage_sweep/baseline_h18_drop0.30/collapse_monitoring/collapse_monitor_epoch58.json
Epoch 59: val_loss=0.3979508876800537
Epoch 59: train_loss=0.4197041392326355

[CollapseMonitor] Epoch 59
  [DEBUG] Processed 21 batches from val_dataloader
  [DEBUG] Predictions shape after concat: (1282,)
  [DEBUG] All predictions list length: 21
  [DEBUG] First batch shape: (64,)
  Pred std: 0.027727, range: 0.196906, mean: 0.059920
  Pos: 100.0%, Neg: 0.0%, Unique: 1203
  Saved validation predictions to: experiments/02b_vintage_sweep/baseline_h18_drop0.30/collapse_monitoring/val_predictions_epoch59.npy
  Gradient norms:
    lstm_encoder: 0.034319
    lstm_decoder: 0.010135
    multihead_attn: 0.002095
    output_layer: 0.104978
  VSN output std:
    encoder: 0.213732
  Attention entropy: 2.941637
  Saved to: experiments/02b_vintage_sweep/baseline_h18_drop0.30/collapse_monitoring/collapse_monitor_epoch59.json
Epoch 60: val_loss=0.3969009220600128
Epoch 60: train_loss=0.4198440909385681

[CollapseMonitor] Epoch 60
  [DEBUG] Processed 21 batches from val_dataloader
  [DEBUG] Predictions shape after concat: (1282,)
  [DEBUG] All predictions list length: 21
  [DEBUG] First batch shape: (64,)
  Pred std: 0.028148, range: 0.195047, mean: 0.061458
  Pos: 100.0%, Neg: 0.0%, Unique: 1193
  Saved validation predictions to: experiments/02b_vintage_sweep/baseline_h18_drop0.30/collapse_monitoring/val_predictions_epoch60.npy
  Gradient norms:
    lstm_encoder: 0.033930
    lstm_decoder: 0.010588
    multihead_attn: 0.002164
    output_layer: 0.103892
  VSN output std:
    encoder: 0.215843
  Attention entropy: 2.935919
  Saved to: experiments/02b_vintage_sweep/baseline_h18_drop0.30/collapse_monitoring/collapse_monitor_epoch60.json
Epoch 61: val_loss=0.3975382447242737
Epoch 61: train_loss=0.4204629063606262

[CollapseMonitor] Epoch 61
  [DEBUG] Processed 21 batches from val_dataloader
  [DEBUG] Predictions shape after concat: (1282,)
  [DEBUG] All predictions list length: 21
  [DEBUG] First batch shape: (64,)
  Pred std: 0.026223, range: 0.188886, mean: 0.053119
  Pos: 100.0%, Neg: 0.0%, Unique: 1179
  Saved validation predictions to: experiments/02b_vintage_sweep/baseline_h18_drop0.30/collapse_monitoring/val_predictions_epoch61.npy
  Gradient norms:
    lstm_encoder: 0.035776
    lstm_decoder: 0.010572
    multihead_attn: 0.002250
    output_layer: 0.100787
  VSN output std:
    encoder: 0.212968
  Attention entropy: 2.936954
  Saved to: experiments/02b_vintage_sweep/baseline_h18_drop0.30/collapse_monitoring/collapse_monitor_epoch61.json
Epoch 62: val_loss=0.3973560631275177
Epoch 62: train_loss=0.41998130083084106

[CollapseMonitor] Epoch 62
  [DEBUG] Processed 21 batches from val_dataloader
  [DEBUG] Predictions shape after concat: (1282,)
  [DEBUG] All predictions list length: 21
  [DEBUG] First batch shape: (64,)
  Pred std: 0.027846, range: 0.198587, mean: 0.062649
  Pos: 100.0%, Neg: 0.0%, Unique: 1180
  Saved validation predictions to: experiments/02b_vintage_sweep/baseline_h18_drop0.30/collapse_monitoring/val_predictions_epoch62.npy
  Gradient norms:
    lstm_encoder: 0.036293
    lstm_decoder: 0.010562
    multihead_attn: 0.002232
    output_layer: 0.100581
  VSN output std:
    encoder: 0.216158
  Attention entropy: 2.934242
  Saved to: experiments/02b_vintage_sweep/baseline_h18_drop0.30/collapse_monitoring/collapse_monitor_epoch62.json
Epoch 63: val_loss=0.3971124589443207
Epoch 63: train_loss=0.4200393259525299

[CollapseMonitor] Epoch 63
  [DEBUG] Processed 21 batches from val_dataloader
  [DEBUG] Predictions shape after concat: (1282,)
  [DEBUG] All predictions list length: 21
  [DEBUG] First batch shape: (64,)
  Pred std: 0.025935, range: 0.188708, mean: 0.057851
  Pos: 100.0%, Neg: 0.0%, Unique: 1200
  Saved validation predictions to: experiments/02b_vintage_sweep/baseline_h18_drop0.30/collapse_monitoring/val_predictions_epoch63.npy
  Gradient norms:
    lstm_encoder: 0.033721
    lstm_decoder: 0.010339
    multihead_attn: 0.002196
    output_layer: 0.100216
  VSN output std:
    encoder: 0.216092
  Attention entropy: 2.931402
  Saved to: experiments/02b_vintage_sweep/baseline_h18_drop0.30/collapse_monitoring/collapse_monitor_epoch63.json
Epoch 64: val_loss=0.396408349275589
Epoch 64: train_loss=0.42015525698661804

[CollapseMonitor] Epoch 64
  [DEBUG] Processed 21 batches from val_dataloader
  [DEBUG] Predictions shape after concat: (1282,)
  [DEBUG] All predictions list length: 21
  [DEBUG] First batch shape: (64,)
  Pred std: 0.027956, range: 0.197964, mean: 0.062024
  Pos: 100.0%, Neg: 0.0%, Unique: 1201
  Saved validation predictions to: experiments/02b_vintage_sweep/baseline_h18_drop0.30/collapse_monitoring/val_predictions_epoch64.npy
  Gradient norms:
    lstm_encoder: 0.036905
    lstm_decoder: 0.011123
    multihead_attn: 0.002330
    output_layer: 0.107898
  VSN output std:
    encoder: 0.217316
  Attention entropy: 2.929732
  Saved to: experiments/02b_vintage_sweep/baseline_h18_drop0.30/collapse_monitoring/collapse_monitor_epoch64.json
Epoch 65: val_loss=0.3968745768070221
Epoch 65: train_loss=0.41942641139030457

[CollapseMonitor] Epoch 65
  [DEBUG] Processed 21 batches from val_dataloader
  [DEBUG] Predictions shape after concat: (1282,)
  [DEBUG] All predictions list length: 21
  [DEBUG] First batch shape: (64,)
  Pred std: 0.029703, range: 0.205096, mean: 0.065820
  Pos: 100.0%, Neg: 0.0%, Unique: 1186
  Saved validation predictions to: experiments/02b_vintage_sweep/baseline_h18_drop0.30/collapse_monitoring/val_predictions_epoch65.npy
  Gradient norms:
    lstm_encoder: 0.034966
    lstm_decoder: 0.010915
    multihead_attn: 0.002226
    output_layer: 0.104676
  VSN output std:
    encoder: 0.211552
  Attention entropy: 2.936792
  Saved to: experiments/02b_vintage_sweep/baseline_h18_drop0.30/collapse_monitoring/collapse_monitor_epoch65.json
Epoch 66: val_loss=0.39674732089042664
Epoch 66: train_loss=0.4202917516231537

[CollapseMonitor] Epoch 66
  [DEBUG] Processed 21 batches from val_dataloader
  [DEBUG] Predictions shape after concat: (1282,)
  [DEBUG] All predictions list length: 21
  [DEBUG] First batch shape: (64,)
  Pred std: 0.029452, range: 0.204424, mean: 0.066567
  Pos: 100.0%, Neg: 0.0%, Unique: 1180
  Saved validation predictions to: experiments/02b_vintage_sweep/baseline_h18_drop0.30/collapse_monitoring/val_predictions_epoch66.npy
  Gradient norms:
    lstm_encoder: 0.031790
    lstm_decoder: 0.010479
    multihead_attn: 0.002049
    output_layer: 0.098504
  VSN output std:
    encoder: 0.213270
  Attention entropy: 2.936072
  Saved to: experiments/02b_vintage_sweep/baseline_h18_drop0.30/collapse_monitoring/collapse_monitor_epoch66.json
Epoch 67: val_loss=0.3968714773654938
Epoch 67: train_loss=0.42027249932289124

[CollapseMonitor] Epoch 67
  [DEBUG] Processed 21 batches from val_dataloader
  [DEBUG] Predictions shape after concat: (1282,)
  [DEBUG] All predictions list length: 21
  [DEBUG] First batch shape: (64,)
  Pred std: 0.028018, range: 0.198593, mean: 0.061306
  Pos: 100.0%, Neg: 0.0%, Unique: 1197
  Saved validation predictions to: experiments/02b_vintage_sweep/baseline_h18_drop0.30/collapse_monitoring/val_predictions_epoch67.npy
  Gradient norms:
    lstm_encoder: 0.033416
    lstm_decoder: 0.010620
    multihead_attn: 0.002136
    output_layer: 0.113903
  VSN output std:
    encoder: 0.213824
  Attention entropy: 2.938119
  Saved to: experiments/02b_vintage_sweep/baseline_h18_drop0.30/collapse_monitoring/collapse_monitor_epoch67.json
Epoch 68: val_loss=0.3961220383644104
Epoch 68: train_loss=0.41944852471351624

[CollapseMonitor] Epoch 68
  [DEBUG] Processed 21 batches from val_dataloader
  [DEBUG] Predictions shape after concat: (1282,)
  [DEBUG] All predictions list length: 21
  [DEBUG] First batch shape: (64,)
  Pred std: 0.029840, range: 0.208405, mean: 0.056688
  Pos: 100.0%, Neg: 0.0%, Unique: 1170
  Saved validation predictions to: experiments/02b_vintage_sweep/baseline_h18_drop0.30/collapse_monitoring/val_predictions_epoch68.npy
  Gradient norms:
    lstm_encoder: 0.033633
    lstm_decoder: 0.010668
    multihead_attn: 0.002201
    output_layer: 0.104302
  VSN output std:
    encoder: 0.215770
  Attention entropy: 2.933111
  Saved to: experiments/02b_vintage_sweep/baseline_h18_drop0.30/collapse_monitoring/collapse_monitor_epoch68.json
Epoch 69: val_loss=0.3979843258857727
Epoch 69: train_loss=0.42066147923469543

[CollapseMonitor] Epoch 69
  [DEBUG] Processed 21 batches from val_dataloader
  [DEBUG] Predictions shape after concat: (1282,)
  [DEBUG] All predictions list length: 21
  [DEBUG] First batch shape: (64,)
  Pred std: 0.027894, range: 0.202424, mean: 0.048441
  Pos: 100.0%, Neg: 0.0%, Unique: 1166
  Saved validation predictions to: experiments/02b_vintage_sweep/baseline_h18_drop0.30/collapse_monitoring/val_predictions_epoch69.npy
  Gradient norms:
    lstm_encoder: 0.039262
    lstm_decoder: 0.011923
    multihead_attn: 0.002245
    output_layer: 0.105593
  VSN output std:
    encoder: 0.207916
  Attention entropy: 2.940438
  Saved to: experiments/02b_vintage_sweep/baseline_h18_drop0.30/collapse_monitoring/collapse_monitor_epoch69.json
Epoch 70: val_loss=0.3973039388656616
Epoch 70: train_loss=0.41942891478538513

[CollapseMonitor] Epoch 70
  [DEBUG] Processed 21 batches from val_dataloader
  [DEBUG] Predictions shape after concat: (1282,)
  [DEBUG] All predictions list length: 21
  [DEBUG] First batch shape: (64,)
  Pred std: 0.027901, range: 0.196763, mean: 0.072601
  Pos: 100.0%, Neg: 0.0%, Unique: 1180
  Saved validation predictions to: experiments/02b_vintage_sweep/baseline_h18_drop0.30/collapse_monitoring/val_predictions_epoch70.npy
  Gradient norms:
    lstm_encoder: 0.036591
    lstm_decoder: 0.011092
    multihead_attn: 0.002171
    output_layer: 0.097798
  VSN output std:
    encoder: 0.214143
  Attention entropy: 2.939289
  Saved to: experiments/02b_vintage_sweep/baseline_h18_drop0.30/collapse_monitoring/collapse_monitor_epoch70.json
Epoch 71: val_loss=0.3963518440723419
Epoch 71: train_loss=0.41998517513275146

[CollapseMonitor] Epoch 71
  [DEBUG] Processed 21 batches from val_dataloader
  [DEBUG] Predictions shape after concat: (1282,)
  [DEBUG] All predictions list length: 21
  [DEBUG] First batch shape: (64,)
  Pred std: 0.031020, range: 0.214415, mean: 0.068085
  Pos: 100.0%, Neg: 0.0%, Unique: 1180
  Saved validation predictions to: experiments/02b_vintage_sweep/baseline_h18_drop0.30/collapse_monitoring/val_predictions_epoch71.npy
  Gradient norms:
    lstm_encoder: 0.035157
    lstm_decoder: 0.010951
    multihead_attn: 0.002299
    output_layer: 0.100662
  VSN output std:
    encoder: 0.212580
  Attention entropy: 2.935980
  Saved to: experiments/02b_vintage_sweep/baseline_h18_drop0.30/collapse_monitoring/collapse_monitor_epoch71.json
Epoch 72: val_loss=0.3965277373790741
Epoch 72: train_loss=0.42041248083114624

[CollapseMonitor] Epoch 72
  [DEBUG] Processed 21 batches from val_dataloader
  [DEBUG] Predictions shape after concat: (1282,)
  [DEBUG] All predictions list length: 21
  [DEBUG] First batch shape: (64,)
  Pred std: 0.030947, range: 0.218336, mean: 0.058559
  Pos: 100.0%, Neg: 0.0%, Unique: 1175
  Saved validation predictions to: experiments/02b_vintage_sweep/baseline_h18_drop0.30/collapse_monitoring/val_predictions_epoch72.npy
  Gradient norms:
    lstm_encoder: 0.035681
    lstm_decoder: 0.010610
    multihead_attn: 0.002300
    output_layer: 0.110328
  VSN output std:
    encoder: 0.215728
  Attention entropy: 2.934138
  Saved to: experiments/02b_vintage_sweep/baseline_h18_drop0.30/collapse_monitoring/collapse_monitor_epoch72.json
Epoch 73: val_loss=0.3970677852630615
Epoch 73: train_loss=0.41945427656173706

[CollapseMonitor] Epoch 73
  [DEBUG] Processed 21 batches from val_dataloader
  [DEBUG] Predictions shape after concat: (1282,)
  [DEBUG] All predictions list length: 21
  [DEBUG] First batch shape: (64,)
  Pred std: 0.030365, range: 0.219285, mean: 0.061218
  Pos: 100.0%, Neg: 0.0%, Unique: 1169
  Saved validation predictions to: experiments/02b_vintage_sweep/baseline_h18_drop0.30/collapse_monitoring/val_predictions_epoch73.npy
  Gradient norms:
    lstm_encoder: 0.034146
    lstm_decoder: 0.010150
    multihead_attn: 0.002159
    output_layer: 0.102439
  VSN output std:
    encoder: 0.216767
  Attention entropy: 2.935622
  Saved to: experiments/02b_vintage_sweep/baseline_h18_drop0.30/collapse_monitoring/collapse_monitor_epoch73.json
Epoch 74: val_loss=0.39625900983810425
Epoch 74: train_loss=0.42039740085601807

[CollapseMonitor] Epoch 74
  [DEBUG] Processed 21 batches from val_dataloader
  [DEBUG] Predictions shape after concat: (1282,)
  [DEBUG] All predictions list length: 21
  [DEBUG] First batch shape: (64,)
  Pred std: 0.031390, range: 0.225091, mean: 0.062259
  Pos: 100.0%, Neg: 0.0%, Unique: 1197
  Saved validation predictions to: experiments/02b_vintage_sweep/baseline_h18_drop0.30/collapse_monitoring/val_predictions_epoch74.npy
  Gradient norms:
    lstm_encoder: 0.033201
    lstm_decoder: 0.010714
    multihead_attn: 0.002154
    output_layer: 0.104569
  VSN output std:
    encoder: 0.215563
  Attention entropy: 2.934002
  Saved to: experiments/02b_vintage_sweep/baseline_h18_drop0.30/collapse_monitoring/collapse_monitor_epoch74.json
Epoch 75: val_loss=0.3962441682815552
Epoch 75: train_loss=0.4190538823604584

[CollapseMonitor] Epoch 75
  [DEBUG] Processed 21 batches from val_dataloader
  [DEBUG] Predictions shape after concat: (1282,)
  [DEBUG] All predictions list length: 21
  [DEBUG] First batch shape: (64,)
  Pred std: 0.031434, range: 0.225710, mean: 0.060284
  Pos: 100.0%, Neg: 0.0%, Unique: 1186
  Saved validation predictions to: experiments/02b_vintage_sweep/baseline_h18_drop0.30/collapse_monitoring/val_predictions_epoch75.npy
  Gradient norms:
    lstm_encoder: 0.034639
    lstm_decoder: 0.011095
    multihead_attn: 0.002072
    output_layer: 0.097255
  VSN output std:
    encoder: 0.215626
  Attention entropy: 2.933777
  Saved to: experiments/02b_vintage_sweep/baseline_h18_drop0.30/collapse_monitoring/collapse_monitor_epoch75.json
Epoch 76: val_loss=0.39596185088157654
Epoch 76: train_loss=0.4192097783088684

[CollapseMonitor] Epoch 76
  [DEBUG] Processed 21 batches from val_dataloader
  [DEBUG] Predictions shape after concat: (1282,)
  [DEBUG] All predictions list length: 21
  [DEBUG] First batch shape: (64,)
  Pred std: 0.030846, range: 0.219853, mean: 0.060814
  Pos: 100.0%, Neg: 0.0%, Unique: 1196
  Saved validation predictions to: experiments/02b_vintage_sweep/baseline_h18_drop0.30/collapse_monitoring/val_predictions_epoch76.npy
  Gradient norms:
    lstm_encoder: 0.036943
    lstm_decoder: 0.011011
    multihead_attn: 0.002264
    output_layer: 0.113273
  VSN output std:
    encoder: 0.214058
  Attention entropy: 2.934000
  Saved to: experiments/02b_vintage_sweep/baseline_h18_drop0.30/collapse_monitoring/collapse_monitor_epoch76.json
Epoch 77: val_loss=0.3970286548137665
Epoch 77: train_loss=0.41901880502700806

[CollapseMonitor] Epoch 77
  [DEBUG] Processed 21 batches from val_dataloader
  [DEBUG] Predictions shape after concat: (1282,)
  [DEBUG] All predictions list length: 21
  [DEBUG] First batch shape: (64,)
  Pred std: 0.028945, range: 0.212088, mean: 0.060237
  Pos: 100.0%, Neg: 0.0%, Unique: 1194
  Saved validation predictions to: experiments/02b_vintage_sweep/baseline_h18_drop0.30/collapse_monitoring/val_predictions_epoch77.npy
  Gradient norms:
    lstm_encoder: 0.037048
    lstm_decoder: 0.010585
    multihead_attn: 0.002323
    output_layer: 0.101707
  VSN output std:
    encoder: 0.210697
  Attention entropy: 2.937684
  Saved to: experiments/02b_vintage_sweep/baseline_h18_drop0.30/collapse_monitoring/collapse_monitor_epoch77.json
Epoch 78: val_loss=0.3966417610645294
Epoch 78: train_loss=0.4193399250507355

[CollapseMonitor] Epoch 78
  [DEBUG] Processed 21 batches from val_dataloader
  [DEBUG] Predictions shape after concat: (1282,)
  [DEBUG] All predictions list length: 21
  [DEBUG] First batch shape: (64,)
  Pred std: 0.028943, range: 0.212005, mean: 0.060666
  Pos: 100.0%, Neg: 0.0%, Unique: 1182
  Saved validation predictions to: experiments/02b_vintage_sweep/baseline_h18_drop0.30/collapse_monitoring/val_predictions_epoch78.npy
  Gradient norms:
    lstm_encoder: 0.036012
    lstm_decoder: 0.010783
    multihead_attn: 0.002196
    output_layer: 0.100753
  VSN output std:
    encoder: 0.207280
  Attention entropy: 2.937297
  Saved to: experiments/02b_vintage_sweep/baseline_h18_drop0.30/collapse_monitoring/collapse_monitor_epoch78.json
Epoch 79: val_loss=0.39645296335220337
Epoch 79: train_loss=0.4191705286502838

[CollapseMonitor] Epoch 79
  [DEBUG] Processed 21 batches from val_dataloader
  [DEBUG] Predictions shape after concat: (1282,)
  [DEBUG] All predictions list length: 21
  [DEBUG] First batch shape: (64,)
  Pred std: 0.030563, range: 0.223650, mean: 0.054485
  Pos: 100.0%, Neg: 0.0%, Unique: 1180
  Saved validation predictions to: experiments/02b_vintage_sweep/baseline_h18_drop0.30/collapse_monitoring/val_predictions_epoch79.npy
  Gradient norms:
    lstm_encoder: 0.035313
    lstm_decoder: 0.010147
    multihead_attn: 0.002229
    output_layer: 0.099210
  VSN output std:
    encoder: 0.207471
  Attention entropy: 2.937888
  Saved to: experiments/02b_vintage_sweep/baseline_h18_drop0.30/collapse_monitoring/collapse_monitor_epoch79.json
Epoch 80: val_loss=0.3960016965866089
Epoch 80: train_loss=0.41916143894195557

[CollapseMonitor] Epoch 80
  [DEBUG] Processed 21 batches from val_dataloader
  [DEBUG] Predictions shape after concat: (1282,)
  [DEBUG] All predictions list length: 21
  [DEBUG] First batch shape: (64,)
  Pred std: 0.032157, range: 0.232429, mean: 0.055526
  Pos: 100.0%, Neg: 0.0%, Unique: 1193
  Saved validation predictions to: experiments/02b_vintage_sweep/baseline_h18_drop0.30/collapse_monitoring/val_predictions_epoch80.npy
  Gradient norms:
    lstm_encoder: 0.039129
    lstm_decoder: 0.011173
    multihead_attn: 0.002475
    output_layer: 0.094220
  VSN output std:
    encoder: 0.205794
  Attention entropy: 2.937684
  Saved to: experiments/02b_vintage_sweep/baseline_h18_drop0.30/collapse_monitoring/collapse_monitor_epoch80.json
Epoch 81: val_loss=0.3962246775627136
Epoch 81: train_loss=0.41964852809906006

[CollapseMonitor] Epoch 81
  [DEBUG] Processed 21 batches from val_dataloader
  [DEBUG] Predictions shape after concat: (1282,)
  [DEBUG] All predictions list length: 21
  [DEBUG] First batch shape: (64,)
  Pred std: 0.030101, range: 0.218232, mean: 0.065052
  Pos: 100.0%, Neg: 0.0%, Unique: 1201
  Saved validation predictions to: experiments/02b_vintage_sweep/baseline_h18_drop0.30/collapse_monitoring/val_predictions_epoch81.npy
  Gradient norms:
    lstm_encoder: 0.034748
    lstm_decoder: 0.010543
    multihead_attn: 0.002372
    output_layer: 0.102972
  VSN output std:
    encoder: 0.202893
  Attention entropy: 2.939084
  Saved to: experiments/02b_vintage_sweep/baseline_h18_drop0.30/collapse_monitoring/collapse_monitor_epoch81.json
Epoch 82: val_loss=0.39640650153160095
Epoch 82: train_loss=0.4188140034675598

[CollapseMonitor] Epoch 82
  [DEBUG] Processed 21 batches from val_dataloader
  [DEBUG] Predictions shape after concat: (1282,)
  [DEBUG] All predictions list length: 21
  [DEBUG] First batch shape: (64,)
  Pred std: 0.030437, range: 0.222403, mean: 0.057644
  Pos: 100.0%, Neg: 0.0%, Unique: 1196
  Saved validation predictions to: experiments/02b_vintage_sweep/baseline_h18_drop0.30/collapse_monitoring/val_predictions_epoch82.npy
  Gradient norms:
    lstm_encoder: 0.036570
    lstm_decoder: 0.010990
    multihead_attn: 0.002300
    output_layer: 0.100439
  VSN output std:
    encoder: 0.201338
  Attention entropy: 2.940265
  Saved to: experiments/02b_vintage_sweep/baseline_h18_drop0.30/collapse_monitoring/collapse_monitor_epoch82.json
Epoch 83: val_loss=0.396493136882782
Epoch 83: train_loss=0.4192752540111542

[CollapseMonitor] Epoch 83
  [DEBUG] Processed 21 batches from val_dataloader
  [DEBUG] Predictions shape after concat: (1282,)
  [DEBUG] All predictions list length: 21
  [DEBUG] First batch shape: (64,)
  Pred std: 0.029532, range: 0.215859, mean: 0.058339
  Pos: 100.0%, Neg: 0.0%, Unique: 1191
  Saved validation predictions to: experiments/02b_vintage_sweep/baseline_h18_drop0.30/collapse_monitoring/val_predictions_epoch83.npy
  Gradient norms:
    lstm_encoder: 0.042769
    lstm_decoder: 0.011417
    multihead_attn: 0.002289
    output_layer: 0.100288
  VSN output std:
    encoder: 0.202380
  Attention entropy: 2.940538
  Saved to: experiments/02b_vintage_sweep/baseline_h18_drop0.30/collapse_monitoring/collapse_monitor_epoch83.json
Epoch 84: val_loss=0.39669495820999146
Epoch 84: train_loss=0.4198848605155945

[CollapseMonitor] Epoch 84
  [DEBUG] Processed 21 batches from val_dataloader
  [DEBUG] Predictions shape after concat: (1282,)
  [DEBUG] All predictions list length: 21
  [DEBUG] First batch shape: (64,)
  Pred std: 0.029446, range: 0.214772, mean: 0.062126
  Pos: 100.0%, Neg: 0.0%, Unique: 1192
  Saved validation predictions to: experiments/02b_vintage_sweep/baseline_h18_drop0.30/collapse_monitoring/val_predictions_epoch84.npy
  Gradient norms:
    lstm_encoder: 0.037054
    lstm_decoder: 0.011241
    multihead_attn: 0.002288
    output_layer: 0.106410
  VSN output std:
    encoder: 0.202084
  Attention entropy: 2.941812
  Saved to: experiments/02b_vintage_sweep/baseline_h18_drop0.30/collapse_monitoring/collapse_monitor_epoch84.json
Epoch 85: val_loss=0.3966706395149231
Epoch 85: train_loss=0.41969239711761475

[CollapseMonitor] Epoch 85
  [DEBUG] Processed 21 batches from val_dataloader
  [DEBUG] Predictions shape after concat: (1282,)
  [DEBUG] All predictions list length: 21
  [DEBUG] First batch shape: (64,)
  Pred std: 0.029116, range: 0.214697, mean: 0.057848
  Pos: 100.0%, Neg: 0.0%, Unique: 1190
  Saved validation predictions to: experiments/02b_vintage_sweep/baseline_h18_drop0.30/collapse_monitoring/val_predictions_epoch85.npy
  Gradient norms:
    lstm_encoder: 0.035755
    lstm_decoder: 0.011340
    multihead_attn: 0.002274
    output_layer: 0.103910
  VSN output std:
    encoder: 0.203832
  Attention entropy: 2.941011
  Saved to: experiments/02b_vintage_sweep/baseline_h18_drop0.30/collapse_monitoring/collapse_monitor_epoch85.json
Epoch 86: val_loss=0.39665529131889343
Epoch 86: train_loss=0.41845038533210754

[CollapseMonitor] Epoch 86
  [DEBUG] Processed 21 batches from val_dataloader
  [DEBUG] Predictions shape after concat: (1282,)
  [DEBUG] All predictions list length: 21
  [DEBUG] First batch shape: (64,)
  Pred std: 0.029415, range: 0.214857, mean: 0.064334
  Pos: 100.0%, Neg: 0.0%, Unique: 1189
  Saved validation predictions to: experiments/02b_vintage_sweep/baseline_h18_drop0.30/collapse_monitoring/val_predictions_epoch86.npy
  Gradient norms:
    lstm_encoder: 0.033714
    lstm_decoder: 0.010845
    multihead_attn: 0.002009
    output_layer: 0.104616
  VSN output std:
    encoder: 0.204124
  Attention entropy: 2.941418
  Saved to: experiments/02b_vintage_sweep/baseline_h18_drop0.30/collapse_monitoring/collapse_monitor_epoch86.json


======================================================================
Training complete
======================================================================

Best model checkpoint: experiments/02b_vintage_sweep/baseline_h18_drop0.30/checkpoints/tft-epoch=76-val_loss=0.3960.ckpt
Best validation loss: 0.395962
Completed at: 2025-11-22 17:28:49
Log saved to: experiments/02b_vintage_sweep/baseline_h18_drop0.30/training_20251122_165211.log
======================================================================
