2025-12-14 05:06:23 | INFO     | ================================================================================
2025-12-14 05:06:23 | INFO     | ROLLING WINDOW EVALUATION
2025-12-14 05:06:23 | INFO     | ================================================================================
2025-12-14 05:06:23 | INFO     | Started at: 2025-12-14 05:06:23
2025-12-14 05:06:23 | INFO     | Log file: experiments/12c_h1_rolling/macro_heavy_weekly_h1_enc8/12c_h1_rolling_macro_heavy_weekly_h1_enc8_rolling_20251214_050623.log
2025-12-14 05:06:23 | INFO     | 
2025-12-14 05:06:23 | INFO     | Configuration:
2025-12-14 05:06:23 | INFO     |   Mode: rolling
2025-12-14 05:06:23 | INFO     |   Train years: 10
2025-12-14 05:06:23 | INFO     |   Val years: 1
2025-12-14 05:06:23 | INFO     |   Test years: 1
2025-12-14 05:06:23 | INFO     |   Step years: 1
2025-12-14 05:06:23 | INFO     |   Test range: 2016 - 2024
2025-12-14 05:06:23 | INFO     |   Feature set: macro_heavy
2025-12-14 05:06:23 | INFO     |   Frequency: weekly
2025-12-14 05:06:23 | INFO     |   Alignment: vintage
2025-12-14 05:06:23 | INFO     |   Enhanced: False
2025-12-14 05:06:23 | INFO     |   Experiment prefix: 12c_h1_rolling/macro_heavy_weekly_h1_enc8
2025-12-14 05:06:23 | INFO     |   Dry run: False
2025-12-14 05:06:23 | INFO     | 
2025-12-14 05:06:23 | INFO     | ================================================================================
2025-12-14 05:06:23 | INFO     | FOLD SUMMARY
2025-12-14 05:06:23 | INFO     | ================================================================================
2025-12-14 05:06:23 | INFO     | Fold         Train                     Val                       Test                      Train Yrs 
2025-12-14 05:06:23 | INFO     | --------------------------------------------------------------------------------
2025-12-14 05:06:23 | INFO     | fold_2016    2005-01-01 to 2014-12-31  2015-01-01 to 2015-12-31  2016-01-01 to 2016-12-31  10        
2025-12-14 05:06:23 | INFO     | fold_2017    2006-01-01 to 2015-12-31  2016-01-01 to 2016-12-31  2017-01-01 to 2017-12-31  10        
2025-12-14 05:06:23 | INFO     | fold_2018    2007-01-01 to 2016-12-31  2017-01-01 to 2017-12-31  2018-01-01 to 2018-12-31  10        
2025-12-14 05:06:23 | INFO     | fold_2019    2008-01-01 to 2017-12-31  2018-01-01 to 2018-12-31  2019-01-01 to 2019-12-31  10        
2025-12-14 05:06:23 | INFO     | fold_2020    2009-01-01 to 2018-12-31  2019-01-01 to 2019-12-31  2020-01-01 to 2020-12-31  10        
2025-12-14 05:06:23 | INFO     | fold_2021    2010-01-01 to 2019-12-31  2020-01-01 to 2020-12-31  2021-01-01 to 2021-12-31  10        
2025-12-14 05:06:23 | INFO     | fold_2022    2011-01-01 to 2020-12-31  2021-01-01 to 2021-12-31  2022-01-01 to 2022-12-31  10        
2025-12-14 05:06:23 | INFO     | fold_2023    2012-01-01 to 2021-12-31  2022-01-01 to 2022-12-31  2023-01-01 to 2023-12-31  10        
2025-12-14 05:06:23 | INFO     | fold_2024    2013-01-01 to 2022-12-31  2023-01-01 to 2023-12-31  2024-01-01 to 2024-12-31  10        
2025-12-14 05:06:23 | INFO     | ================================================================================
2025-12-14 05:06:23 | INFO     | Total folds: 9
2025-12-14 05:06:23 | INFO     | ================================================================================

2025-12-14 05:06:23 | INFO     | Saved folds configuration to: experiments/12c_h1_rolling/macro_heavy_weekly_h1_enc8/folds_config.json
2025-12-14 05:06:23 | INFO     | 
[FOLD 1/9]
2025-12-14 05:06:23 | INFO     | 
2025-12-14 05:06:23 | INFO     | ================================================================================
2025-12-14 05:06:23 | INFO     | PROCESSING FOLD_2016
2025-12-14 05:06:23 | INFO     |   Test period: 2016-01-01 to 2016-12-31
2025-12-14 05:06:23 | INFO     |   Training samples: ~10 years
2025-12-14 05:06:23 | INFO     | ================================================================================
2025-12-14 05:06:23 | INFO     | [CMD] Creating splits for fold_2016
2025-12-14 05:06:23 | DEBUG    |   python scripts/create_splits.py --feature-set macro_heavy --frequency weekly --data-version vintage --train-start 2005-01-01 --train-end 2014-12-31 --val-end 2015-12-31 --test-end 2016-12-31 --output-dir data/splits/rolling/fold_2016
2025-12-14 05:06:23 | INFO     |   [OK] Completed successfully
2025-12-14 05:06:23 | INFO     | [CMD] Training fold_2016
2025-12-14 05:06:23 | DEBUG    |   python train/train_tft.py --experiment-name 12c_h1_rolling/macro_heavy_weekly_h1_enc8/fold_2016 --feature-set macro_heavy --frequency weekly --alignment vintage --splits-dir data/splits/rolling/fold_2016 --seed 42 --hidden-size 16 --attention-heads 2 --dropout 0.25 --max-encoder-length 8 --quantiles 7q --max-prediction-length 1 --learning-rate 0.0005 --batch-size 32 --max-epochs 100 --early-stop-patience 100 --gradient-clip 0.1
2025-12-14 05:11:21 | INFO     |   [OK] Completed successfully
2025-12-14 05:11:21 | INFO     | [CMD] Evaluating fold_2016
2025-12-14 05:11:21 | DEBUG    |   python train/evaluate_tft.py --experiment-name 12c_h1_rolling/macro_heavy_weekly_h1_enc8/fold_2016 --batch-size 128
2025-12-14 05:11:27 | INFO     |   [OK] Completed successfully
2025-12-14 05:11:27 | INFO     |   [OK] fold_2016 completed successfully
2025-12-14 05:11:27 | INFO     | 
[FOLD 2/9]
2025-12-14 05:11:27 | INFO     | 
2025-12-14 05:11:27 | INFO     | ================================================================================
2025-12-14 05:11:27 | INFO     | PROCESSING FOLD_2017
2025-12-14 05:11:27 | INFO     |   Test period: 2017-01-01 to 2017-12-31
2025-12-14 05:11:27 | INFO     |   Training samples: ~10 years
2025-12-14 05:11:27 | INFO     | ================================================================================
2025-12-14 05:11:27 | INFO     | [CMD] Creating splits for fold_2017
2025-12-14 05:11:27 | DEBUG    |   python scripts/create_splits.py --feature-set macro_heavy --frequency weekly --data-version vintage --train-start 2006-01-01 --train-end 2015-12-31 --val-end 2016-12-31 --test-end 2017-12-31 --output-dir data/splits/rolling/fold_2017
2025-12-14 05:11:28 | INFO     |   [OK] Completed successfully
2025-12-14 05:11:28 | INFO     | [CMD] Training fold_2017
2025-12-14 05:11:28 | DEBUG    |   python train/train_tft.py --experiment-name 12c_h1_rolling/macro_heavy_weekly_h1_enc8/fold_2017 --feature-set macro_heavy --frequency weekly --alignment vintage --splits-dir data/splits/rolling/fold_2017 --seed 42 --hidden-size 16 --attention-heads 2 --dropout 0.25 --max-encoder-length 8 --quantiles 7q --max-prediction-length 1 --learning-rate 0.0005 --batch-size 32 --max-epochs 100 --early-stop-patience 100 --gradient-clip 0.1
2025-12-14 05:16:32 | INFO     |   [OK] Completed successfully
2025-12-14 05:16:32 | INFO     | [CMD] Evaluating fold_2017
2025-12-14 05:16:32 | DEBUG    |   python train/evaluate_tft.py --experiment-name 12c_h1_rolling/macro_heavy_weekly_h1_enc8/fold_2017 --batch-size 128
2025-12-14 05:16:37 | INFO     |   [OK] Completed successfully
2025-12-14 05:16:37 | INFO     |   [OK] fold_2017 completed successfully
2025-12-14 05:16:37 | INFO     | 
[FOLD 3/9]
2025-12-14 05:16:37 | INFO     | 
2025-12-14 05:16:37 | INFO     | ================================================================================
2025-12-14 05:16:37 | INFO     | PROCESSING FOLD_2018
2025-12-14 05:16:37 | INFO     |   Test period: 2018-01-01 to 2018-12-31
2025-12-14 05:16:37 | INFO     |   Training samples: ~10 years
2025-12-14 05:16:37 | INFO     | ================================================================================
2025-12-14 05:16:37 | INFO     | [CMD] Creating splits for fold_2018
2025-12-14 05:16:37 | DEBUG    |   python scripts/create_splits.py --feature-set macro_heavy --frequency weekly --data-version vintage --train-start 2007-01-01 --train-end 2016-12-31 --val-end 2017-12-31 --test-end 2018-12-31 --output-dir data/splits/rolling/fold_2018
2025-12-14 05:16:37 | INFO     |   [OK] Completed successfully
2025-12-14 05:16:37 | INFO     | [CMD] Training fold_2018
2025-12-14 05:16:37 | DEBUG    |   python train/train_tft.py --experiment-name 12c_h1_rolling/macro_heavy_weekly_h1_enc8/fold_2018 --feature-set macro_heavy --frequency weekly --alignment vintage --splits-dir data/splits/rolling/fold_2018 --seed 42 --hidden-size 16 --attention-heads 2 --dropout 0.25 --max-encoder-length 8 --quantiles 7q --max-prediction-length 1 --learning-rate 0.0005 --batch-size 32 --max-epochs 100 --early-stop-patience 100 --gradient-clip 0.1
2025-12-14 05:21:23 | INFO     |   [OK] Completed successfully
2025-12-14 05:21:23 | INFO     | [CMD] Evaluating fold_2018
2025-12-14 05:21:23 | DEBUG    |   python train/evaluate_tft.py --experiment-name 12c_h1_rolling/macro_heavy_weekly_h1_enc8/fold_2018 --batch-size 128
2025-12-14 05:21:28 | INFO     |   [OK] Completed successfully
2025-12-14 05:21:28 | INFO     |   [OK] fold_2018 completed successfully
2025-12-14 05:21:28 | INFO     | 
[FOLD 4/9]
2025-12-14 05:21:28 | INFO     | 
2025-12-14 05:21:28 | INFO     | ================================================================================
2025-12-14 05:21:28 | INFO     | PROCESSING FOLD_2019
2025-12-14 05:21:28 | INFO     |   Test period: 2019-01-01 to 2019-12-31
2025-12-14 05:21:28 | INFO     |   Training samples: ~10 years
2025-12-14 05:21:28 | INFO     | ================================================================================
2025-12-14 05:21:28 | INFO     | [CMD] Creating splits for fold_2019
2025-12-14 05:21:28 | DEBUG    |   python scripts/create_splits.py --feature-set macro_heavy --frequency weekly --data-version vintage --train-start 2008-01-01 --train-end 2017-12-31 --val-end 2018-12-31 --test-end 2019-12-31 --output-dir data/splits/rolling/fold_2019
2025-12-14 05:21:29 | INFO     |   [OK] Completed successfully
2025-12-14 05:21:29 | INFO     | [CMD] Training fold_2019
2025-12-14 05:21:29 | DEBUG    |   python train/train_tft.py --experiment-name 12c_h1_rolling/macro_heavy_weekly_h1_enc8/fold_2019 --feature-set macro_heavy --frequency weekly --alignment vintage --splits-dir data/splits/rolling/fold_2019 --seed 42 --hidden-size 16 --attention-heads 2 --dropout 0.25 --max-encoder-length 8 --quantiles 7q --max-prediction-length 1 --learning-rate 0.0005 --batch-size 32 --max-epochs 100 --early-stop-patience 100 --gradient-clip 0.1
2025-12-14 05:26:12 | INFO     |   [OK] Completed successfully
2025-12-14 05:26:12 | INFO     | [CMD] Evaluating fold_2019
2025-12-14 05:26:12 | DEBUG    |   python train/evaluate_tft.py --experiment-name 12c_h1_rolling/macro_heavy_weekly_h1_enc8/fold_2019 --batch-size 128
2025-12-14 05:26:18 | INFO     |   [OK] Completed successfully
2025-12-14 05:26:18 | INFO     |   [OK] fold_2019 completed successfully
2025-12-14 05:26:18 | INFO     | 
[FOLD 5/9]
2025-12-14 05:26:18 | INFO     | 
2025-12-14 05:26:18 | INFO     | ================================================================================
2025-12-14 05:26:18 | INFO     | PROCESSING FOLD_2020
2025-12-14 05:26:18 | INFO     |   Test period: 2020-01-01 to 2020-12-31
2025-12-14 05:26:18 | INFO     |   Training samples: ~10 years
2025-12-14 05:26:18 | INFO     | ================================================================================
2025-12-14 05:26:18 | INFO     | [CMD] Creating splits for fold_2020
2025-12-14 05:26:18 | DEBUG    |   python scripts/create_splits.py --feature-set macro_heavy --frequency weekly --data-version vintage --train-start 2009-01-01 --train-end 2018-12-31 --val-end 2019-12-31 --test-end 2020-12-31 --output-dir data/splits/rolling/fold_2020
2025-12-14 05:26:19 | INFO     |   [OK] Completed successfully
2025-12-14 05:26:19 | INFO     | [CMD] Training fold_2020
2025-12-14 05:26:19 | DEBUG    |   python train/train_tft.py --experiment-name 12c_h1_rolling/macro_heavy_weekly_h1_enc8/fold_2020 --feature-set macro_heavy --frequency weekly --alignment vintage --splits-dir data/splits/rolling/fold_2020 --seed 42 --hidden-size 16 --attention-heads 2 --dropout 0.25 --max-encoder-length 8 --quantiles 7q --max-prediction-length 1 --learning-rate 0.0005 --batch-size 32 --max-epochs 100 --early-stop-patience 100 --gradient-clip 0.1
2025-12-14 05:30:59 | INFO     |   [OK] Completed successfully
2025-12-14 05:30:59 | INFO     | [CMD] Evaluating fold_2020
2025-12-14 05:30:59 | DEBUG    |   python train/evaluate_tft.py --experiment-name 12c_h1_rolling/macro_heavy_weekly_h1_enc8/fold_2020 --batch-size 128
2025-12-14 05:31:03 | INFO     |   [OK] Completed successfully
2025-12-14 05:31:03 | INFO     |   [OK] fold_2020 completed successfully
2025-12-14 05:31:03 | INFO     | 
[FOLD 6/9]
2025-12-14 05:31:03 | INFO     | 
2025-12-14 05:31:03 | INFO     | ================================================================================
2025-12-14 05:31:03 | INFO     | PROCESSING FOLD_2021
2025-12-14 05:31:03 | INFO     |   Test period: 2021-01-01 to 2021-12-31
2025-12-14 05:31:03 | INFO     |   Training samples: ~10 years
2025-12-14 05:31:03 | INFO     | ================================================================================
2025-12-14 05:31:03 | INFO     | [CMD] Creating splits for fold_2021
2025-12-14 05:31:03 | DEBUG    |   python scripts/create_splits.py --feature-set macro_heavy --frequency weekly --data-version vintage --train-start 2010-01-01 --train-end 2019-12-31 --val-end 2020-12-31 --test-end 2021-12-31 --output-dir data/splits/rolling/fold_2021
2025-12-14 05:31:04 | INFO     |   [OK] Completed successfully
2025-12-14 05:31:04 | INFO     | [CMD] Training fold_2021
2025-12-14 05:31:04 | DEBUG    |   python train/train_tft.py --experiment-name 12c_h1_rolling/macro_heavy_weekly_h1_enc8/fold_2021 --feature-set macro_heavy --frequency weekly --alignment vintage --splits-dir data/splits/rolling/fold_2021 --seed 42 --hidden-size 16 --attention-heads 2 --dropout 0.25 --max-encoder-length 8 --quantiles 7q --max-prediction-length 1 --learning-rate 0.0005 --batch-size 32 --max-epochs 100 --early-stop-patience 100 --gradient-clip 0.1
2025-12-14 05:35:45 | INFO     |   [OK] Completed successfully
2025-12-14 05:35:45 | INFO     | [CMD] Evaluating fold_2021
2025-12-14 05:35:45 | DEBUG    |   python train/evaluate_tft.py --experiment-name 12c_h1_rolling/macro_heavy_weekly_h1_enc8/fold_2021 --batch-size 128
2025-12-14 05:35:50 | INFO     |   [OK] Completed successfully
2025-12-14 05:35:50 | INFO     |   [OK] fold_2021 completed successfully
2025-12-14 05:35:50 | INFO     | 
[FOLD 7/9]
2025-12-14 05:35:50 | INFO     | 
2025-12-14 05:35:50 | INFO     | ================================================================================
2025-12-14 05:35:50 | INFO     | PROCESSING FOLD_2022
2025-12-14 05:35:50 | INFO     |   Test period: 2022-01-01 to 2022-12-31
2025-12-14 05:35:50 | INFO     |   Training samples: ~10 years
2025-12-14 05:35:50 | INFO     | ================================================================================
2025-12-14 05:35:50 | INFO     | [CMD] Creating splits for fold_2022
2025-12-14 05:35:50 | DEBUG    |   python scripts/create_splits.py --feature-set macro_heavy --frequency weekly --data-version vintage --train-start 2011-01-01 --train-end 2020-12-31 --val-end 2021-12-31 --test-end 2022-12-31 --output-dir data/splits/rolling/fold_2022
2025-12-14 05:35:51 | INFO     |   [OK] Completed successfully
2025-12-14 05:35:51 | INFO     | [CMD] Training fold_2022
2025-12-14 05:35:51 | DEBUG    |   python train/train_tft.py --experiment-name 12c_h1_rolling/macro_heavy_weekly_h1_enc8/fold_2022 --feature-set macro_heavy --frequency weekly --alignment vintage --splits-dir data/splits/rolling/fold_2022 --seed 42 --hidden-size 16 --attention-heads 2 --dropout 0.25 --max-encoder-length 8 --quantiles 7q --max-prediction-length 1 --learning-rate 0.0005 --batch-size 32 --max-epochs 100 --early-stop-patience 100 --gradient-clip 0.1
2025-12-14 05:40:32 | INFO     |   [OK] Completed successfully
2025-12-14 05:40:32 | INFO     | [CMD] Evaluating fold_2022
2025-12-14 05:40:32 | DEBUG    |   python train/evaluate_tft.py --experiment-name 12c_h1_rolling/macro_heavy_weekly_h1_enc8/fold_2022 --batch-size 128
2025-12-14 05:40:37 | INFO     |   [OK] Completed successfully
2025-12-14 05:40:37 | INFO     |   [OK] fold_2022 completed successfully
2025-12-14 05:40:37 | INFO     | 
[FOLD 8/9]
2025-12-14 05:40:37 | INFO     | 
2025-12-14 05:40:37 | INFO     | ================================================================================
2025-12-14 05:40:37 | INFO     | PROCESSING FOLD_2023
2025-12-14 05:40:37 | INFO     |   Test period: 2023-01-01 to 2023-12-31
2025-12-14 05:40:37 | INFO     |   Training samples: ~10 years
2025-12-14 05:40:37 | INFO     | ================================================================================
2025-12-14 05:40:37 | INFO     | [CMD] Creating splits for fold_2023
2025-12-14 05:40:37 | DEBUG    |   python scripts/create_splits.py --feature-set macro_heavy --frequency weekly --data-version vintage --train-start 2012-01-01 --train-end 2021-12-31 --val-end 2022-12-31 --test-end 2023-12-31 --output-dir data/splits/rolling/fold_2023
2025-12-14 05:40:38 | INFO     |   [OK] Completed successfully
2025-12-14 05:40:38 | INFO     | [CMD] Training fold_2023
2025-12-14 05:40:38 | DEBUG    |   python train/train_tft.py --experiment-name 12c_h1_rolling/macro_heavy_weekly_h1_enc8/fold_2023 --feature-set macro_heavy --frequency weekly --alignment vintage --splits-dir data/splits/rolling/fold_2023 --seed 42 --hidden-size 16 --attention-heads 2 --dropout 0.25 --max-encoder-length 8 --quantiles 7q --max-prediction-length 1 --learning-rate 0.0005 --batch-size 32 --max-epochs 100 --early-stop-patience 100 --gradient-clip 0.1
2025-12-14 05:45:21 | INFO     |   [OK] Completed successfully
2025-12-14 05:45:21 | INFO     | [CMD] Evaluating fold_2023
2025-12-14 05:45:21 | DEBUG    |   python train/evaluate_tft.py --experiment-name 12c_h1_rolling/macro_heavy_weekly_h1_enc8/fold_2023 --batch-size 128
2025-12-14 05:45:25 | INFO     |   [OK] Completed successfully
2025-12-14 05:45:25 | INFO     |   [OK] fold_2023 completed successfully
2025-12-14 05:45:25 | INFO     | 
[FOLD 9/9]
2025-12-14 05:45:25 | INFO     | 
2025-12-14 05:45:25 | INFO     | ================================================================================
2025-12-14 05:45:25 | INFO     | PROCESSING FOLD_2024
2025-12-14 05:45:25 | INFO     |   Test period: 2024-01-01 to 2024-12-31
2025-12-14 05:45:25 | INFO     |   Training samples: ~10 years
2025-12-14 05:45:25 | INFO     | ================================================================================
2025-12-14 05:45:25 | INFO     | [CMD] Creating splits for fold_2024
2025-12-14 05:45:25 | DEBUG    |   python scripts/create_splits.py --feature-set macro_heavy --frequency weekly --data-version vintage --train-start 2013-01-01 --train-end 2022-12-31 --val-end 2023-12-31 --test-end 2024-12-31 --output-dir data/splits/rolling/fold_2024
2025-12-14 05:45:26 | INFO     |   [OK] Completed successfully
2025-12-14 05:45:26 | INFO     | [CMD] Training fold_2024
2025-12-14 05:45:26 | DEBUG    |   python train/train_tft.py --experiment-name 12c_h1_rolling/macro_heavy_weekly_h1_enc8/fold_2024 --feature-set macro_heavy --frequency weekly --alignment vintage --splits-dir data/splits/rolling/fold_2024 --seed 42 --hidden-size 16 --attention-heads 2 --dropout 0.25 --max-encoder-length 8 --quantiles 7q --max-prediction-length 1 --learning-rate 0.0005 --batch-size 32 --max-epochs 100 --early-stop-patience 100 --gradient-clip 0.1
2025-12-14 05:50:01 | INFO     |   [OK] Completed successfully
2025-12-14 05:50:01 | INFO     | [CMD] Evaluating fold_2024
2025-12-14 05:50:01 | DEBUG    |   python train/evaluate_tft.py --experiment-name 12c_h1_rolling/macro_heavy_weekly_h1_enc8/fold_2024 --batch-size 128
2025-12-14 05:50:06 | INFO     |   [OK] Completed successfully
2025-12-14 05:50:06 | INFO     |   [OK] fold_2024 completed successfully
2025-12-14 05:50:06 | INFO     | 
2025-12-14 05:50:06 | INFO     | ================================================================================
2025-12-14 05:50:06 | INFO     | AGGREGATING RESULTS
2025-12-14 05:50:06 | INFO     | ================================================================================
2025-12-14 05:50:06 | INFO     |   Loaded metrics for fold_2016
2025-12-14 05:50:06 | INFO     |   Loaded metrics for fold_2017
2025-12-14 05:50:06 | INFO     |   Loaded metrics for fold_2018
2025-12-14 05:50:06 | INFO     |   Loaded metrics for fold_2019
2025-12-14 05:50:06 | INFO     |   Loaded metrics for fold_2020
2025-12-14 05:50:06 | INFO     |   Loaded metrics for fold_2021
2025-12-14 05:50:06 | INFO     |   Loaded metrics for fold_2022
2025-12-14 05:50:06 | INFO     |   Loaded metrics for fold_2023
2025-12-14 05:50:06 | INFO     |   Loaded metrics for fold_2024
2025-12-14 05:50:06 | INFO     |   Saved full results to: experiments/12c_h1_rolling/macro_heavy_weekly_h1_enc8/rolling_results_full.csv
2025-12-14 05:50:06 | INFO     |   Saved summary to: experiments/12c_h1_rolling/macro_heavy_weekly_h1_enc8/rolling_results_summary.csv
2025-12-14 05:50:06 | INFO     | 
2025-12-14 05:50:06 | INFO     | KEY METRICS ACROSS FOLDS:
2025-12-14 05:50:06 | INFO     | ------------------------------------------------------------
2025-12-14 05:50:06 | INFO     | ------------------------------------------------------------
2025-12-14 05:50:06 | INFO     | 
2025-12-14 05:50:06 | INFO     | ================================================================================
2025-12-14 05:50:06 | INFO     | EXECUTION SUMMARY
2025-12-14 05:50:06 | INFO     | ================================================================================
2025-12-14 05:50:06 | INFO     |   Completed: 9/9 folds
2025-12-14 05:50:06 | INFO     |   Finished at: 2025-12-14 05:50:06
2025-12-14 05:50:06 | INFO     | ================================================================================
