Logging to: experiments/02b_vintage_sweep/baseline_h16_drop0.25/attention_analysis_year/attention_analysis_20251122_181318.log
Analysis started at: 2025-11-22 18:13:18
======================================================================
Experiment: 02b_vintage_sweep/baseline_h16_drop0.25
Output directory: experiments/02b_vintage_sweep/baseline_h16_drop0.25/attention_analysis_year
Using best checkpoint: experiments/02b_vintage_sweep/baseline_h16_drop0.25/checkpoints/tft-epoch=63-val_loss=0.3985.ckpt

Loading data...
Loading test data from: data/splits/vintage/core_proposal_daily_vintage_test.csv
  Train samples: 6074
  Test samples: 1302

Preparing test dataset...
Test dataset size after filtering: 1282

Loading model...
Loading model from: experiments/02b_vintage_sweep/baseline_h16_drop0.25/checkpoints/tft-epoch=63-val_loss=0.3985.ckpt
Model moved to device: cuda

Extracting attention patterns...
Extracting attention patterns...
Total batches to process: 11
  Processed 10/11 batches

Total predictions: 1282
Total actuals: 1282
Attention shape: (1282, 20)
Encoder variables shape: (1282, 5)

Prediction period: 2020-08-17T00:00:00.000000000 to 2025-10-06T00:00:00.000000000
Total predictions: 1282

Creating temporal periods:
  2020: 94 samples
  2021: 250 samples
  2022: 249 samples
  2023: 249 samples
  2024: 250 samples
  2025: 190 samples

Attention over 20 encoder timesteps

Analyzing attention patterns by period...

Comparing attention patterns across periods...

Creating visualizations...
Saved attention heatmap: experiments/02b_vintage_sweep/baseline_h16_drop0.25/attention_analysis_year/attention_heatmap.png
Saved attention trends: experiments/02b_vintage_sweep/baseline_h16_drop0.25/attention_analysis_year/attention_trends.png
Saved feature importance comparison: experiments/02b_vintage_sweep/baseline_h16_drop0.25/attention_analysis_year/temporal_attention_comparison.png

Saving results...
Saved results: experiments/02b_vintage_sweep/baseline_h16_drop0.25/attention_analysis_year/attention_analysis_results.json

======================================================================
ATTENTION ANALYSIS SUMMARY
======================================================================

Per-Period Statistics:
----------------------------------------------------------------------

2020:
  Samples: 94
  Entropy: 2.8028 Ã‚Â± 0.2003
  Concentration: 0.0505
  Top 5 features:
    t-1                            0.0653
    t-2                            0.0605
    t-3                            0.0563
    t-4                            0.0533
    t-5                            0.0510

2021:
  Samples: 250
  Entropy: 2.8256 Ã‚Â± 0.2519
  Concentration: 0.0501
  Top 5 features:
    t-1                            0.0584
    t-2                            0.0559
    t-3                            0.0533
    t-4                            0.0511
    t-5                            0.0500

2022:
  Samples: 249
  Entropy: 2.6564 Ã‚Â± 0.2900
  Concentration: 0.0510
  Top 5 features:
    t-1                            0.0725
    t-2                            0.0638
    t-3                            0.0580
    t-4                            0.0537
    t-5                            0.0508

2023:
  Samples: 249
  Entropy: 2.9603 Ã‚Â± 0.0620
  Concentration: 0.0501
  Top 5 features:
    t-1                            0.0541
    t-2                            0.0533
    t-3                            0.0525
    t-4                            0.0518
    t-5                            0.0512

2024:
  Samples: 250
  Entropy: 2.9333 Ã‚Â± 0.2275
  Concentration: 0.0501
  Top 5 features:
    t-1                            0.0556
    t-2                            0.0549
    t-3                            0.0542
    t-4                            0.0533
    t-5                            0.0522

2025:
  Samples: 190
  Entropy: 2.8527 Ã‚Â± 0.3458
  Concentration: 0.0501
  Top 5 features:
    t-1                            0.0599
    t-2                            0.0540
    t-3                            0.0519
    t-4                            0.0508
    t-18                           0.0505

----------------------------------------------------------------------
Period Comparisons:
----------------------------------------------------------------------

2020_vs_2021:
  Cosine similarity: 0.9988
  L2 distance: 0.0112
  Entropy change: 0.0229
  Concentration change: -0.0004

2020_vs_2022:
  Cosine similarity: 0.9991
  L2 distance: 0.0095
  Entropy change: -0.1463
  Concentration change: 0.0004

2020_vs_2023:
  Cosine similarity: 0.9972
  L2 distance: 0.0168
  Entropy change: 0.1575
  Concentration change: -0.0005

2020_vs_2024:
  Cosine similarity: 0.9976
  L2 distance: 0.0156
  Entropy change: 0.1305
  Concentration change: -0.0004

2020_vs_2025:
  Cosine similarity: 0.9986
  L2 distance: 0.0120
  Entropy change: 0.0499
  Concentration change: -0.0004

2021_vs_2022:
  Cosine similarity: 0.9965
  L2 distance: 0.0190
  Entropy change: -0.1692
  Concentration change: 0.0008

2021_vs_2023:
  Cosine similarity: 0.9996
  L2 distance: 0.0062
  Entropy change: 0.1347
  Concentration change: -0.0001

2021_vs_2024:
  Cosine similarity: 0.9995
  L2 distance: 0.0073
  Entropy change: 0.1077
  Concentration change: -0.0000

2021_vs_2025:
  Cosine similarity: 0.9999
  L2 distance: 0.0036
  Entropy change: 0.0270
  Concentration change: 0.0000

2022_vs_2023:
  Cosine similarity: 0.9942
  L2 distance: 0.0244
  Entropy change: 0.3039
  Concentration change: -0.0009

2022_vs_2024:
  Cosine similarity: 0.9952
  L2 distance: 0.0221
  Entropy change: 0.2769
  Concentration change: -0.0008

2022_vs_2025:
  Cosine similarity: 0.9962
  L2 distance: 0.0196
  Entropy change: 0.1962
  Concentration change: -0.0008

2023_vs_2024:
  Cosine similarity: 0.9998
  L2 distance: 0.0050
  Entropy change: -0.0270
  Concentration change: 0.0001

2023_vs_2025:
  Cosine similarity: 0.9994
  L2 distance: 0.0077
  Entropy change: -0.1076
  Concentration change: 0.0001

2024_vs_2025:
  Cosine similarity: 0.9990
  L2 distance: 0.0098
  Entropy change: -0.0806
  Concentration change: 0.0000

======================================================================

Analysis complete!
Results saved to: experiments/02b_vintage_sweep/baseline_h16_drop0.25/attention_analysis_year
  - attention_analysis_results.json
  - attention_heatmap.png
  - attention_trends.png
  - temporal_attention_comparison.png
