Logging to: experiments/01_staleness_features_fixed/staleness_fixed_h16_drop0.25_seed999/vsn_analysis/vsn_analysis_20251210_125205.log
Analysis started at: 2025-12-10 12:52:05
======================================================================
Experiment: 01_staleness_features_fixed/staleness_fixed_h16_drop0.25_seed999
Output directory: experiments/01_staleness_features_fixed/staleness_fixed_h16_drop0.25_seed999/vsn_analysis
Loading config from: experiments/01_staleness_features_fixed/staleness_fixed_h16_drop0.25_seed999/config.json
Using best checkpoint: experiments/01_staleness_features_fixed/staleness_fixed_h16_drop0.25_seed999/checkpoints/tft-epoch=83-val_loss=0.3950.ckpt

Loading data...
Loading test data from: data/splits/fixed/core_proposal_daily_fixed_test.csv
Adding staleness features...
  Train samples: 6066
  Test samples: 1300

Preparing test dataset...
Test dataset size: 1280

Loading model...
Loading model from: experiments/01_staleness_features_fixed/staleness_fixed_h16_drop0.25_seed999/checkpoints/tft-epoch=83-val_loss=0.3950.ckpt
  Model loaded on device: cpu

Extracting VSN weights...
  Encoder variables (7): ['relative_time_idx', 'VIX', 'Treasury_10Y', 'Yield_Spread', 'Inflation_YoY']...
  Decoder variables (1): ['relative_time_idx']
  Static variables (1): ['encoder_length']

  DEBUG: Output type: <class 'pytorch_forecasting.utils.TupleOutputMixIn.to_network_output.<locals>.Output'>
  DEBUG: Output fields (NamedTuple): ('prediction', 'encoder_attention', 'decoder_attention', 'static_variables', 'encoder_variables', 'decoder_variables', 'decoder_lengths', 'encoder_lengths')
  DEBUG: output.encoder_variables shape: torch.Size([64, 20, 1, 7])
  DEBUG: output.static_variables shape: torch.Size([64, 1, 1])
  DEBUG: output.decoder_variables shape: torch.Size([64, 1, 1, 1])
  Processed batch 20/20

Extraction complete:
  Samples: 1280
  Encoder VSN shape: (1280, 7)
  Decoder VSN shape: (1280, 1)

Analysis period: 2020-08-19 to 2025-10-06

Creating temporal periods:
  2020: 92 samples
  2021: 250 samples
  2022: 249 samples
  2023: 249 samples
  2024: 250 samples
  2025: 190 samples

Analyzing VSN weights by period...

Comparing VSN patterns across periods...

Creating visualizations...
Saved VSN heatmap: experiments/01_staleness_features_fixed/staleness_fixed_h16_drop0.25_seed999/vsn_analysis/vsn_heatmap.png
Saved VSN comparison: experiments/01_staleness_features_fixed/staleness_fixed_h16_drop0.25_seed999/vsn_analysis/vsn_comparison.png
Saved concentration plot: experiments/01_staleness_features_fixed/staleness_fixed_h16_drop0.25_seed999/vsn_analysis/vsn_concentration.png

Saving results...
Saved results: experiments/01_staleness_features_fixed/staleness_fixed_h16_drop0.25_seed999/vsn_analysis/vsn_analysis_results.json

======================================================================
VSN ANALYSIS SUMMARY
======================================================================

Per-Period Feature Importance:
----------------------------------------------------------------------

2020 (92 samples):
  Concentration: 0.2837
  Top 5 features:
    VIX                            0.4712
    relative_time_idx              0.1512
    Treasury_10Y                   0.1511
    CPI_is_fresh                   0.0936
    days_since_CPI_update          0.0686

2021 (250 samples):
  Concentration: 0.3364
  Top 5 features:
    VIX                            0.5403
    Treasury_10Y                   0.1271
    relative_time_idx              0.1130
    CPI_is_fresh                   0.1029
    days_since_CPI_update          0.0483

2022 (249 samples):
  Concentration: 0.3244
  Top 5 features:
    VIX                            0.5042
    Yield_Spread                   0.2347
    days_since_CPI_update          0.0682
    Treasury_10Y                   0.0660
    relative_time_idx              0.0574

2023 (249 samples):
  Concentration: 0.3919
  Top 5 features:
    VIX                            0.6010
    CPI_is_fresh                   0.1067
    Treasury_10Y                   0.0916
    days_since_CPI_update          0.0639
    relative_time_idx              0.0588

2024 (250 samples):
  Concentration: 0.2911
  Top 5 features:
    VIX                            0.4840
    CPI_is_fresh                   0.1546
    relative_time_idx              0.1149
    Treasury_10Y                   0.1071
    days_since_CPI_update          0.0748

2025 (190 samples):
  Concentration: 0.3022
  Top 5 features:
    VIX                            0.4928
    CPI_is_fresh                   0.1761
    relative_time_idx              0.1237
    Treasury_10Y                   0.0831
    days_since_CPI_update          0.0628

----------------------------------------------------------------------
Period Comparisons:
----------------------------------------------------------------------

2020_vs_2021:
  Cosine similarity: 0.9917
  L2 distance: 0.0858
  Biggest increases: VIX(+0.069), CPI_is_fresh(+0.009), Yield_Spread(+0.007)
  Biggest decreases: relative_time_idx(-0.038), Treasury_10Y(-0.024), days_since_CPI_update(-0.020)

2020_vs_2022:
  Cosine similarity: 0.8870
  L2 distance: 0.2645
  Biggest increases: Yield_Spread(+0.219), VIX(+0.033), days_since_CPI_update(-0.000)
  Biggest decreases: relative_time_idx(-0.094), Treasury_10Y(-0.085), CPI_is_fresh(-0.071)

2020_vs_2023:
  Cosine similarity: 0.9692
  L2 distance: 0.1710
  Biggest increases: VIX(+0.130), CPI_is_fresh(+0.013), Yield_Spread(+0.010)
  Biggest decreases: relative_time_idx(-0.092), Treasury_10Y(-0.059), days_since_CPI_update(-0.005)

2020_vs_2024:
  Cosine similarity: 0.9876
  L2 distance: 0.0848
  Biggest increases: CPI_is_fresh(+0.061), VIX(+0.013), days_since_CPI_update(+0.006)
  Biggest decreases: Treasury_10Y(-0.044), relative_time_idx(-0.036), Yield_Spread(-0.000)

2020_vs_2025:
  Cosine similarity: 0.9788
  L2 distance: 0.1128
  Biggest increases: CPI_is_fresh(+0.083), VIX(+0.022), Yield_Spread(+0.003)
  Biggest decreases: Treasury_10Y(-0.068), relative_time_idx(-0.027), days_since_CPI_update(-0.006)

2021_vs_2022:
  Cosine similarity: 0.9094
  L2 distance: 0.2448
  Biggest increases: Yield_Spread(+0.212), days_since_CPI_update(+0.020), Inflation_YoY(+0.001)
  Biggest decreases: CPI_is_fresh(-0.080), Treasury_10Y(-0.061), relative_time_idx(-0.056)

2021_vs_2023:
  Cosine similarity: 0.9916
  L2 distance: 0.0905
  Biggest increases: VIX(+0.061), days_since_CPI_update(+0.016), Inflation_YoY(+0.006)
  Biggest decreases: relative_time_idx(-0.054), Treasury_10Y(-0.035), CPI_is_fresh(+0.004)

2021_vs_2024:
  Cosine similarity: 0.9914
  L2 distance: 0.0836
  Biggest increases: CPI_is_fresh(+0.052), days_since_CPI_update(+0.027), Inflation_YoY(+0.003)
  Biggest decreases: VIX(-0.056), Treasury_10Y(-0.020), Yield_Spread(-0.007)

2021_vs_2025:
  Cosine similarity: 0.9859
  L2 distance: 0.0995
  Biggest increases: CPI_is_fresh(+0.073), days_since_CPI_update(+0.015), relative_time_idx(+0.011)
  Biggest decreases: VIX(-0.047), Treasury_10Y(-0.044), Yield_Spread(-0.004)

2022_vs_2023:
  Cosine similarity: 0.9197
  L2 distance: 0.2459
  Biggest increases: VIX(+0.097), CPI_is_fresh(+0.084), Treasury_10Y(+0.026)
  Biggest decreases: Yield_Spread(-0.208), days_since_CPI_update(-0.004), relative_time_idx(+0.001)

2022_vs_2024:
  Cosine similarity: 0.8864
  L2 distance: 0.2659
  Biggest increases: CPI_is_fresh(+0.132), relative_time_idx(+0.058), Treasury_10Y(+0.041)
  Biggest decreases: Yield_Spread(-0.219), VIX(-0.020), Inflation_YoY(+0.001)

2022_vs_2025:
  Cosine similarity: 0.8809
  L2 distance: 0.2738
  Biggest increases: CPI_is_fresh(+0.154), relative_time_idx(+0.066), Treasury_10Y(+0.017)
  Biggest decreases: Yield_Spread(-0.216), VIX(-0.011), days_since_CPI_update(-0.005)

2023_vs_2024:
  Cosine similarity: 0.9821
  L2 distance: 0.1400
  Biggest increases: relative_time_idx(+0.056), CPI_is_fresh(+0.048), Treasury_10Y(+0.015)
  Biggest decreases: VIX(-0.117), Yield_Spread(-0.011), Inflation_YoY(-0.003)

2023_vs_2025:
  Cosine similarity: 0.9780
  L2 distance: 0.1447
  Biggest increases: CPI_is_fresh(+0.069), relative_time_idx(+0.065), days_since_CPI_update(-0.001)
  Biggest decreases: VIX(-0.108), Inflation_YoY(-0.009), Treasury_10Y(-0.009)

2024_vs_2025:
  Cosine similarity: 0.9979
  L2 distance: 0.0371
  Biggest increases: CPI_is_fresh(+0.021), relative_time_idx(+0.009), VIX(+0.009)
  Biggest decreases: Treasury_10Y(-0.024), days_since_CPI_update(-0.012), Inflation_YoY(-0.006)

======================================================================

Analysis complete!
Results saved to: experiments/01_staleness_features_fixed/staleness_fixed_h16_drop0.25_seed999/vsn_analysis
  - vsn_analysis_results.json
  - vsn_heatmap.png
  - vsn_comparison.png
  - vsn_concentration.png
