Logging to: experiments/02b_vintage_sweep/baseline_h20_drop0.20/attention_analysis_year/attention_analysis_20251122_181423.log
Analysis started at: 2025-11-22 18:14:23
======================================================================
Experiment: 02b_vintage_sweep/baseline_h20_drop0.20
Output directory: experiments/02b_vintage_sweep/baseline_h20_drop0.20/attention_analysis_year
Using best checkpoint: experiments/02b_vintage_sweep/baseline_h20_drop0.20/checkpoints/tft-epoch=64-val_loss=0.3988.ckpt

Loading data...
Loading test data from: data/splits/vintage/core_proposal_daily_vintage_test.csv
  Train samples: 6074
  Test samples: 1302

Preparing test dataset...
Test dataset size after filtering: 1282

Loading model...
Loading model from: experiments/02b_vintage_sweep/baseline_h20_drop0.20/checkpoints/tft-epoch=64-val_loss=0.3988.ckpt
Model moved to device: cuda

Extracting attention patterns...
Extracting attention patterns...
Total batches to process: 11
  Processed 10/11 batches

Total predictions: 1282
Total actuals: 1282
Attention shape: (1282, 20)
Encoder variables shape: (1282, 5)

Prediction period: 2020-08-17T00:00:00.000000000 to 2025-10-06T00:00:00.000000000
Total predictions: 1282

Creating temporal periods:
  2020: 94 samples
  2021: 250 samples
  2022: 249 samples
  2023: 249 samples
  2024: 250 samples
  2025: 190 samples

Attention over 20 encoder timesteps

Analyzing attention patterns by period...

Comparing attention patterns across periods...

Creating visualizations...
Saved attention heatmap: experiments/02b_vintage_sweep/baseline_h20_drop0.20/attention_analysis_year/attention_heatmap.png
Saved attention trends: experiments/02b_vintage_sweep/baseline_h20_drop0.20/attention_analysis_year/attention_trends.png
Saved feature importance comparison: experiments/02b_vintage_sweep/baseline_h20_drop0.20/attention_analysis_year/temporal_attention_comparison.png

Saving results...
Saved results: experiments/02b_vintage_sweep/baseline_h20_drop0.20/attention_analysis_year/attention_analysis_results.json

======================================================================
ATTENTION ANALYSIS SUMMARY
======================================================================

Per-Period Statistics:
----------------------------------------------------------------------

2020:
  Samples: 94
  Entropy: 2.7891 Ã‚Â± 0.2581
  Concentration: 0.0643
  Top 5 features:
    t-1                            0.1078
    t-2                            0.0969
    t-3                            0.0878
    t-4                            0.0805
    t-5                            0.0735

2021:
  Samples: 250
  Entropy: 2.8259 Ã‚Â± 0.1860
  Concentration: 0.0586
  Top 5 features:
    t-1                            0.0898
    t-2                            0.0841
    t-3                            0.0788
    t-4                            0.0739
    t-5                            0.0692

2022:
  Samples: 249
  Entropy: 2.5046 Ã‚Â± 0.1861
  Concentration: 0.0994
  Top 5 features:
    t-1                            0.1712
    t-2                            0.1483
    t-3                            0.1263
    t-4                            0.1053
    t-5                            0.0860

2023:
  Samples: 249
  Entropy: 2.9378 Ã‚Â± 0.0686
  Concentration: 0.0521
  Top 5 features:
    t-1                            0.0632
    t-2                            0.0626
    t-3                            0.0619
    t-4                            0.0609
    t-5                            0.0596

2024:
  Samples: 250
  Entropy: 2.9323 Ã‚Â± 0.1458
  Concentration: 0.0507
  Top 5 features:
    t-12                           0.0535
    t-13                           0.0535
    t-11                           0.0534
    t-7                            0.0534
    t-8                            0.0533

2025:
  Samples: 190
  Entropy: 2.9053 Ã‚Â± 0.1861
  Concentration: 0.0516
  Top 5 features:
    t-1                            0.0635
    t-2                            0.0602
    t-3                            0.0586
    t-4                            0.0574
    t-5                            0.0562

----------------------------------------------------------------------
Period Comparisons:
----------------------------------------------------------------------

2020_vs_2021:
  Cosine similarity: 0.9939
  L2 distance: 0.0297
  Entropy change: 0.0368
  Concentration change: -0.0058

2020_vs_2022:
  Cosine similarity: 0.9505
  L2 distance: 0.1082
  Entropy change: -0.2845
  Concentration change: 0.0350

2020_vs_2023:
  Cosine similarity: 0.9486
  L2 distance: 0.0812
  Entropy change: 0.1487
  Concentration change: -0.0122

2020_vs_2024:
  Cosine similarity: 0.9014
  L2 distance: 0.1099
  Entropy change: 0.1432
  Concentration change: -0.0136

2020_vs_2025:
  Cosine similarity: 0.9385
  L2 distance: 0.0883
  Entropy change: 0.1162
  Concentration change: -0.0128

2021_vs_2022:
  Cosine similarity: 0.9113
  L2 distance: 0.1375
  Entropy change: -0.3214
  Concentration change: 0.0408

2021_vs_2023:
  Cosine similarity: 0.9774
  L2 distance: 0.0519
  Entropy change: 0.1119
  Concentration change: -0.0064

2021_vs_2024:
  Cosine similarity: 0.9424
  L2 distance: 0.0810
  Entropy change: 0.1064
  Concentration change: -0.0078

2021_vs_2025:
  Cosine similarity: 0.9700
  L2 distance: 0.0593
  Entropy change: 0.0794
  Concentration change: -0.0070

2022_vs_2023:
  Cosine similarity: 0.8080
  L2 distance: 0.1876
  Entropy change: 0.4332
  Concentration change: -0.0472

2022_vs_2024:
  Cosine similarity: 0.7315
  L2 distance: 0.2150
  Entropy change: 0.4278
  Concentration change: -0.0487

2022_vs_2025:
  Cosine similarity: 0.7915
  L2 distance: 0.1940
  Entropy change: 0.4008
  Concentration change: -0.0478

2023_vs_2024:
  Cosine similarity: 0.9916
  L2 distance: 0.0295
  Entropy change: -0.0055
  Concentration change: -0.0014

2023_vs_2025:
  Cosine similarity: 0.9992
  L2 distance: 0.0093
  Entropy change: -0.0325
  Concentration change: -0.0006

2024_vs_2025:
  Cosine similarity: 0.9952
  L2 distance: 0.0221
  Entropy change: -0.0270
  Concentration change: 0.0008

======================================================================

Analysis complete!
Results saved to: experiments/02b_vintage_sweep/baseline_h20_drop0.20/attention_analysis_year
  - attention_analysis_results.json
  - attention_heatmap.png
  - attention_trends.png
  - temporal_attention_comparison.png
