Logging to: experiments/04_custom_losses/h16d015_dirw2.0_extremew2.0p95/attention_analysis_year/attention_analysis_20251123_165740.log
Analysis started at: 2025-11-23 16:57:40
======================================================================
Experiment: 04_custom_losses/h16d015_dirw2.0_extremew2.0p95
Output directory: experiments/04_custom_losses/h16d015_dirw2.0_extremew2.0p95/attention_analysis_year
Using best checkpoint: experiments/04_custom_losses/h16d015_dirw2.0_extremew2.0p95/checkpoints/tft-epoch=52-val_loss=0.5072.ckpt

Loading data...
Loading test data from: data/splits/vintage/core_proposal_daily_vintage_test.csv
  Train samples: 6074
  Test samples: 1302

Preparing test dataset...
Test dataset size after filtering: 1282

Loading model...
Loading model from: experiments/04_custom_losses/h16d015_dirw2.0_extremew2.0p95/checkpoints/tft-epoch=52-val_loss=0.5072.ckpt
  Loaded baseline model, moved to device: cuda

Extracting attention patterns...
Extracting attention patterns...
Total batches to process: 11
  Processed 10/11 batches

Total predictions: 1282
Total actuals: 1282
Attention shape: (1282, 20)
Encoder variables shape: (1282, 5)

Prediction period: 2020-08-17T00:00:00.000000000 to 2025-10-06T00:00:00.000000000
Total predictions: 1282

Creating temporal periods:
  2020: 94 samples
  2021: 250 samples
  2022: 249 samples
  2023: 249 samples
  2024: 250 samples
  2025: 190 samples

Attention over 20 encoder timesteps

Analyzing attention patterns by period...

Comparing attention patterns across periods...

Creating visualizations...
Saved attention heatmap: experiments/04_custom_losses/h16d015_dirw2.0_extremew2.0p95/attention_analysis_year/attention_heatmap.png
Saved attention trends: experiments/04_custom_losses/h16d015_dirw2.0_extremew2.0p95/attention_analysis_year/attention_trends.png
Saved feature importance comparison: experiments/04_custom_losses/h16d015_dirw2.0_extremew2.0p95/attention_analysis_year/temporal_attention_comparison.png

Saving results...
Saved results: experiments/04_custom_losses/h16d015_dirw2.0_extremew2.0p95/attention_analysis_year/attention_analysis_results.json

======================================================================
ATTENTION ANALYSIS SUMMARY
======================================================================

Per-Period Statistics:
----------------------------------------------------------------------

2020:
  Samples: 94
  Entropy: 2.9106 Ã‚Â± 0.1537
  Concentration: 0.0512
  Top 5 features:
    t-1                            0.0680
    t-2                            0.0647
    t-3                            0.0611
    t-4                            0.0578
    t-5                            0.0552

2021:
  Samples: 250
  Entropy: 2.8830 Ã‚Â± 0.2567
  Concentration: 0.0506
  Top 5 features:
    t-1                            0.0651
    t-2                            0.0617
    t-3                            0.0571
    t-4                            0.0533
    t-5                            0.0514

2022:
  Samples: 249
  Entropy: 2.7005 Ã‚Â± 0.3386
  Concentration: 0.0524
  Top 5 features:
    t-1                            0.0817
    t-2                            0.0711
    t-3                            0.0634
    t-4                            0.0581
    t-5                            0.0546

2023:
  Samples: 249
  Entropy: 2.9726 Ã‚Â± 0.0642
  Concentration: 0.0501
  Top 5 features:
    t-1                            0.0545
    t-2                            0.0537
    t-3                            0.0528
    t-4                            0.0520
    t-5                            0.0514

2024:
  Samples: 250
  Entropy: 2.9415 Ã‚Â± 0.2723
  Concentration: 0.0503
  Top 5 features:
    t-1                            0.0585
    t-2                            0.0575
    t-3                            0.0561
    t-4                            0.0545
    t-5                            0.0524

2025:
  Samples: 190
  Entropy: 2.8818 Ã‚Â± 0.3300
  Concentration: 0.0505
  Top 5 features:
    t-1                            0.0651
    t-2                            0.0592
    t-3                            0.0562
    t-4                            0.0542
    t-5                            0.0522

----------------------------------------------------------------------
Period Comparisons:
----------------------------------------------------------------------

2020_vs_2021:
  Cosine similarity: 0.9984
  L2 distance: 0.0128
  Entropy change: -0.0275
  Concentration change: -0.0006

2020_vs_2022:
  Cosine similarity: 0.9973
  L2 distance: 0.0168
  Entropy change: -0.2101
  Concentration change: 0.0012

2020_vs_2023:
  Cosine similarity: 0.9936
  L2 distance: 0.0255
  Entropy change: 0.0620
  Concentration change: -0.0011

2020_vs_2024:
  Cosine similarity: 0.9970
  L2 distance: 0.0176
  Entropy change: 0.0309
  Concentration change: -0.0009

2020_vs_2025:
  Cosine similarity: 0.9981
  L2 distance: 0.0138
  Entropy change: -0.0287
  Concentration change: -0.0007

2021_vs_2022:
  Cosine similarity: 0.9939
  L2 distance: 0.0253
  Entropy change: -0.1826
  Concentration change: 0.0018

2021_vs_2023:
  Cosine similarity: 0.9976
  L2 distance: 0.0155
  Entropy change: 0.0895
  Concentration change: -0.0005

2021_vs_2024:
  Cosine similarity: 0.9993
  L2 distance: 0.0084
  Entropy change: 0.0584
  Concentration change: -0.0003

2021_vs_2025:
  Cosine similarity: 0.9999
  L2 distance: 0.0031
  Entropy change: -0.0012
  Concentration change: -0.0001

2022_vs_2023:
  Cosine similarity: 0.9845
  L2 distance: 0.0401
  Entropy change: 0.2721
  Concentration change: -0.0023

2022_vs_2024:
  Cosine similarity: 0.9899
  L2 distance: 0.0324
  Entropy change: 0.2410
  Concentration change: -0.0021

2022_vs_2025:
  Cosine similarity: 0.9933
  L2 distance: 0.0266
  Entropy change: 0.1814
  Concentration change: -0.0018

2023_vs_2024:
  Cosine similarity: 0.9993
  L2 distance: 0.0082
  Entropy change: -0.0311
  Concentration change: 0.0002

2023_vs_2025:
  Cosine similarity: 0.9980
  L2 distance: 0.0141
  Entropy change: -0.0907
  Concentration change: 0.0004

2024_vs_2025:
  Cosine similarity: 0.9995
  L2 distance: 0.0072
  Entropy change: -0.0596
  Concentration change: 0.0002

======================================================================

Analysis complete!
Results saved to: experiments/04_custom_losses/h16d015_dirw2.0_extremew2.0p95/attention_analysis_year
  - attention_analysis_results.json
  - attention_heatmap.png
  - attention_trends.png
  - temporal_attention_comparison.png
