2025-12-03 06:47:50 | INFO     | ================================================================================
2025-12-03 06:47:50 | INFO     | ROLLING WINDOW / WALK-FORWARD EVALUATION
2025-12-03 06:47:50 | INFO     | ================================================================================
2025-12-03 06:47:50 | INFO     | Started at: 2025-12-03 06:47:50
2025-12-03 06:47:50 | INFO     | Log file: experiments/07b_regime_attention_sweep/rolling_enc8_gs100_vix25/07b_regime_attention_sweep_rolling_enc8_gs100_vix25_rolling_20251203_064750.log
2025-12-03 06:47:50 | INFO     | 
2025-12-03 06:47:50 | INFO     | Configuration:
2025-12-03 06:47:50 | INFO     |   Mode: rolling
2025-12-03 06:47:50 | INFO     |   Granularity: yearly
2025-12-03 06:47:50 | INFO     |   Train years: 10
2025-12-03 06:47:50 | INFO     |   Val years: 1
2025-12-03 06:47:50 | INFO     |   Test years: 1
2025-12-03 06:47:50 | INFO     |   Step years: 1
2025-12-03 06:47:50 | INFO     |   Test range: 2016 - 2024
2025-12-03 06:47:50 | INFO     |   Feature set: core_proposal
2025-12-03 06:47:50 | INFO     |   Frequency: weekly
2025-12-03 06:47:50 | INFO     |   Alignment: vintage
2025-12-03 06:47:50 | INFO     |   Enhanced: False
2025-12-03 06:47:50 | INFO     |   Experiment prefix: 07b_regime_attention_sweep/rolling_enc8_gs100_vix25
2025-12-03 06:47:50 | INFO     |   Dry run: False
2025-12-03 06:47:50 | INFO     | 
2025-12-03 06:47:50 | INFO     | ====================================================================================================
2025-12-03 06:47:50 | INFO     | FOLD SUMMARY
2025-12-03 06:47:50 | INFO     | ====================================================================================================
2025-12-03 06:47:50 | INFO     | Fold         Train                     Val                       Test                      Train Yrs 
2025-12-03 06:47:50 | INFO     | ----------------------------------------------------------------------------------------------------
2025-12-03 06:47:50 | INFO     | fold_2016    2005-01-01 to 2014-12-31  2015-01-01 to 2015-12-31  2016-01-01 to 2016-12-31  10        
2025-12-03 06:47:50 | INFO     | fold_2017    2006-01-01 to 2015-12-31  2016-01-01 to 2016-12-31  2017-01-01 to 2017-12-31  10        
2025-12-03 06:47:50 | INFO     | fold_2018    2007-01-01 to 2016-12-31  2017-01-01 to 2017-12-31  2018-01-01 to 2018-12-31  10        
2025-12-03 06:47:50 | INFO     | fold_2019    2008-01-01 to 2017-12-31  2018-01-01 to 2018-12-31  2019-01-01 to 2019-12-31  10        
2025-12-03 06:47:50 | INFO     | fold_2020    2009-01-01 to 2018-12-31  2019-01-01 to 2019-12-31  2020-01-01 to 2020-12-31  10        
2025-12-03 06:47:50 | INFO     | fold_2021    2010-01-01 to 2019-12-31  2020-01-01 to 2020-12-31  2021-01-01 to 2021-12-31  10        
2025-12-03 06:47:50 | INFO     | fold_2022    2011-01-01 to 2020-12-31  2021-01-01 to 2021-12-31  2022-01-01 to 2022-12-31  10        
2025-12-03 06:47:50 | INFO     | fold_2023    2012-01-01 to 2021-12-31  2022-01-01 to 2022-12-31  2023-01-01 to 2023-12-31  10        
2025-12-03 06:47:50 | INFO     | fold_2024    2013-01-01 to 2022-12-31  2023-01-01 to 2023-12-31  2024-01-01 to 2024-12-31  10        
2025-12-03 06:47:50 | INFO     | ====================================================================================================
2025-12-03 06:47:50 | INFO     | Total folds: 9
2025-12-03 06:47:50 | INFO     | ====================================================================================================

2025-12-03 06:47:50 | INFO     | Estimated runtime: ~45 minutes (0.8 hours)
2025-12-03 06:47:50 | INFO     | 
2025-12-03 06:47:50 | INFO     | Saved folds configuration to: experiments/07b_regime_attention_sweep/rolling_enc8_gs100_vix25/folds_config.json
2025-12-03 06:47:50 | INFO     | 
[FOLD 1/9]
2025-12-03 06:47:50 | INFO     | 
2025-12-03 06:47:50 | INFO     | ================================================================================
2025-12-03 06:47:50 | INFO     | PROCESSING FOLD_2016
2025-12-03 06:47:50 | INFO     |   Test period: 2016-01-01 to 2016-12-31
2025-12-03 06:47:50 | INFO     |   Training samples: ~10 years
2025-12-03 06:47:50 | INFO     | ================================================================================
2025-12-03 06:47:50 | INFO     |   Splits already exist for fold_2016, skipping creation
2025-12-03 06:47:50 | INFO     | [CMD] Training fold_2016
2025-12-03 06:47:50 | DEBUG    |   python train/train_tft.py --experiment-name 07b_regime_attention_sweep/rolling_enc8_gs100_vix25/fold_2016 --feature-set core_proposal --frequency weekly --alignment vintage --splits-dir data/splits/rolling/fold_2016 --seed 42 --hidden-size 16 --attention-heads 2 --dropout 0.25 --max-encoder-length 8 --learning-rate 0.0005 --batch-size 32 --max-epochs 100 --early-stop-patience 100 --gradient-clip 0.1 --regime-attention --regime-attention-vix-threshold 25.0 --regime-attention-grad-scale 100.0 --overwrite
2025-12-03 06:52:22 | INFO     |   ✓ Completed successfully
2025-12-03 06:52:22 | INFO     | [CMD] Evaluating fold_2016
2025-12-03 06:52:22 | DEBUG    |   python train/evaluate_tft.py --experiment-name 07b_regime_attention_sweep/rolling_enc8_gs100_vix25/fold_2016 --batch-size 128 --checkpoint-type best_pred_std_path
2025-12-03 06:52:27 | INFO     |   ✓ Completed successfully
2025-12-03 06:52:27 | INFO     |   ✓ fold_2016 completed successfully
2025-12-03 06:52:27 | INFO     | 
[FOLD 2/9]
2025-12-03 06:52:27 | INFO     | 
2025-12-03 06:52:27 | INFO     | ================================================================================
2025-12-03 06:52:27 | INFO     | PROCESSING FOLD_2017
2025-12-03 06:52:27 | INFO     |   Test period: 2017-01-01 to 2017-12-31
2025-12-03 06:52:27 | INFO     |   Training samples: ~10 years
2025-12-03 06:52:27 | INFO     | ================================================================================
2025-12-03 06:52:27 | INFO     |   Splits already exist for fold_2017, skipping creation
2025-12-03 06:52:27 | INFO     | [CMD] Training fold_2017
2025-12-03 06:52:27 | DEBUG    |   python train/train_tft.py --experiment-name 07b_regime_attention_sweep/rolling_enc8_gs100_vix25/fold_2017 --feature-set core_proposal --frequency weekly --alignment vintage --splits-dir data/splits/rolling/fold_2017 --seed 42 --hidden-size 16 --attention-heads 2 --dropout 0.25 --max-encoder-length 8 --learning-rate 0.0005 --batch-size 32 --max-epochs 100 --early-stop-patience 100 --gradient-clip 0.1 --regime-attention --regime-attention-vix-threshold 25.0 --regime-attention-grad-scale 100.0 --overwrite
2025-12-03 06:56:56 | INFO     |   ✓ Completed successfully
2025-12-03 06:56:56 | INFO     | [CMD] Evaluating fold_2017
2025-12-03 06:56:56 | DEBUG    |   python train/evaluate_tft.py --experiment-name 07b_regime_attention_sweep/rolling_enc8_gs100_vix25/fold_2017 --batch-size 128 --checkpoint-type best_pred_std_path
2025-12-03 06:57:00 | INFO     |   ✓ Completed successfully
2025-12-03 06:57:00 | INFO     |   ✓ fold_2017 completed successfully
2025-12-03 06:57:00 | INFO     | 
[FOLD 3/9]
2025-12-03 06:57:00 | INFO     | 
2025-12-03 06:57:00 | INFO     | ================================================================================
2025-12-03 06:57:00 | INFO     | PROCESSING FOLD_2018
2025-12-03 06:57:00 | INFO     |   Test period: 2018-01-01 to 2018-12-31
2025-12-03 06:57:00 | INFO     |   Training samples: ~10 years
2025-12-03 06:57:00 | INFO     | ================================================================================
2025-12-03 06:57:00 | INFO     |   Splits already exist for fold_2018, skipping creation
2025-12-03 06:57:00 | INFO     | [CMD] Training fold_2018
2025-12-03 06:57:00 | DEBUG    |   python train/train_tft.py --experiment-name 07b_regime_attention_sweep/rolling_enc8_gs100_vix25/fold_2018 --feature-set core_proposal --frequency weekly --alignment vintage --splits-dir data/splits/rolling/fold_2018 --seed 42 --hidden-size 16 --attention-heads 2 --dropout 0.25 --max-encoder-length 8 --learning-rate 0.0005 --batch-size 32 --max-epochs 100 --early-stop-patience 100 --gradient-clip 0.1 --regime-attention --regime-attention-vix-threshold 25.0 --regime-attention-grad-scale 100.0 --overwrite
2025-12-03 07:01:22 | INFO     |   ✓ Completed successfully
2025-12-03 07:01:22 | INFO     | [CMD] Evaluating fold_2018
2025-12-03 07:01:22 | DEBUG    |   python train/evaluate_tft.py --experiment-name 07b_regime_attention_sweep/rolling_enc8_gs100_vix25/fold_2018 --batch-size 128 --checkpoint-type best_pred_std_path
2025-12-03 07:01:27 | INFO     |   ✓ Completed successfully
2025-12-03 07:01:27 | INFO     |   ✓ fold_2018 completed successfully
2025-12-03 07:01:27 | INFO     | 
[FOLD 4/9]
2025-12-03 07:01:27 | INFO     | 
2025-12-03 07:01:27 | INFO     | ================================================================================
2025-12-03 07:01:27 | INFO     | PROCESSING FOLD_2019
2025-12-03 07:01:27 | INFO     |   Test period: 2019-01-01 to 2019-12-31
2025-12-03 07:01:27 | INFO     |   Training samples: ~10 years
2025-12-03 07:01:27 | INFO     | ================================================================================
2025-12-03 07:01:27 | INFO     |   Splits already exist for fold_2019, skipping creation
2025-12-03 07:01:27 | INFO     | [CMD] Training fold_2019
2025-12-03 07:01:27 | DEBUG    |   python train/train_tft.py --experiment-name 07b_regime_attention_sweep/rolling_enc8_gs100_vix25/fold_2019 --feature-set core_proposal --frequency weekly --alignment vintage --splits-dir data/splits/rolling/fold_2019 --seed 42 --hidden-size 16 --attention-heads 2 --dropout 0.25 --max-encoder-length 8 --learning-rate 0.0005 --batch-size 32 --max-epochs 100 --early-stop-patience 100 --gradient-clip 0.1 --regime-attention --regime-attention-vix-threshold 25.0 --regime-attention-grad-scale 100.0 --overwrite
2025-12-03 07:06:06 | INFO     |   ✓ Completed successfully
2025-12-03 07:06:06 | INFO     | [CMD] Evaluating fold_2019
2025-12-03 07:06:06 | DEBUG    |   python train/evaluate_tft.py --experiment-name 07b_regime_attention_sweep/rolling_enc8_gs100_vix25/fold_2019 --batch-size 128 --checkpoint-type best_pred_std_path
2025-12-03 07:06:10 | INFO     |   ✓ Completed successfully
2025-12-03 07:06:10 | INFO     |   ✓ fold_2019 completed successfully
2025-12-03 07:06:10 | INFO     | 
[FOLD 5/9]
2025-12-03 07:06:10 | INFO     | 
2025-12-03 07:06:10 | INFO     | ================================================================================
2025-12-03 07:06:10 | INFO     | PROCESSING FOLD_2020
2025-12-03 07:06:10 | INFO     |   Test period: 2020-01-01 to 2020-12-31
2025-12-03 07:06:10 | INFO     |   Training samples: ~10 years
2025-12-03 07:06:10 | INFO     | ================================================================================
2025-12-03 07:06:10 | INFO     |   Splits already exist for fold_2020, skipping creation
2025-12-03 07:06:10 | INFO     | [CMD] Training fold_2020
2025-12-03 07:06:10 | DEBUG    |   python train/train_tft.py --experiment-name 07b_regime_attention_sweep/rolling_enc8_gs100_vix25/fold_2020 --feature-set core_proposal --frequency weekly --alignment vintage --splits-dir data/splits/rolling/fold_2020 --seed 42 --hidden-size 16 --attention-heads 2 --dropout 0.25 --max-encoder-length 8 --learning-rate 0.0005 --batch-size 32 --max-epochs 100 --early-stop-patience 100 --gradient-clip 0.1 --regime-attention --regime-attention-vix-threshold 25.0 --regime-attention-grad-scale 100.0 --overwrite
2025-12-03 07:10:38 | INFO     |   ✓ Completed successfully
2025-12-03 07:10:38 | INFO     | [CMD] Evaluating fold_2020
2025-12-03 07:10:38 | DEBUG    |   python train/evaluate_tft.py --experiment-name 07b_regime_attention_sweep/rolling_enc8_gs100_vix25/fold_2020 --batch-size 128 --checkpoint-type best_pred_std_path
2025-12-03 07:10:43 | INFO     |   ✓ Completed successfully
2025-12-03 07:10:43 | INFO     |   ✓ fold_2020 completed successfully
2025-12-03 07:10:43 | INFO     | 
[FOLD 6/9]
2025-12-03 07:10:43 | INFO     | 
2025-12-03 07:10:43 | INFO     | ================================================================================
2025-12-03 07:10:43 | INFO     | PROCESSING FOLD_2021
2025-12-03 07:10:43 | INFO     |   Test period: 2021-01-01 to 2021-12-31
2025-12-03 07:10:43 | INFO     |   Training samples: ~10 years
2025-12-03 07:10:43 | INFO     | ================================================================================
2025-12-03 07:10:43 | INFO     |   Splits already exist for fold_2021, skipping creation
2025-12-03 07:10:43 | INFO     | [CMD] Training fold_2021
2025-12-03 07:10:43 | DEBUG    |   python train/train_tft.py --experiment-name 07b_regime_attention_sweep/rolling_enc8_gs100_vix25/fold_2021 --feature-set core_proposal --frequency weekly --alignment vintage --splits-dir data/splits/rolling/fold_2021 --seed 42 --hidden-size 16 --attention-heads 2 --dropout 0.25 --max-encoder-length 8 --learning-rate 0.0005 --batch-size 32 --max-epochs 100 --early-stop-patience 100 --gradient-clip 0.1 --regime-attention --regime-attention-vix-threshold 25.0 --regime-attention-grad-scale 100.0 --overwrite
2025-12-03 07:15:14 | INFO     |   ✓ Completed successfully
2025-12-03 07:15:14 | INFO     | [CMD] Evaluating fold_2021
2025-12-03 07:15:14 | DEBUG    |   python train/evaluate_tft.py --experiment-name 07b_regime_attention_sweep/rolling_enc8_gs100_vix25/fold_2021 --batch-size 128 --checkpoint-type best_pred_std_path
2025-12-03 07:15:19 | INFO     |   ✓ Completed successfully
2025-12-03 07:15:19 | INFO     |   ✓ fold_2021 completed successfully
2025-12-03 07:15:19 | INFO     | 
[FOLD 7/9]
2025-12-03 07:15:19 | INFO     | 
2025-12-03 07:15:19 | INFO     | ================================================================================
2025-12-03 07:15:19 | INFO     | PROCESSING FOLD_2022
2025-12-03 07:15:19 | INFO     |   Test period: 2022-01-01 to 2022-12-31
2025-12-03 07:15:19 | INFO     |   Training samples: ~10 years
2025-12-03 07:15:19 | INFO     | ================================================================================
2025-12-03 07:15:19 | INFO     |   Splits already exist for fold_2022, skipping creation
2025-12-03 07:15:19 | INFO     | [CMD] Training fold_2022
2025-12-03 07:15:19 | DEBUG    |   python train/train_tft.py --experiment-name 07b_regime_attention_sweep/rolling_enc8_gs100_vix25/fold_2022 --feature-set core_proposal --frequency weekly --alignment vintage --splits-dir data/splits/rolling/fold_2022 --seed 42 --hidden-size 16 --attention-heads 2 --dropout 0.25 --max-encoder-length 8 --learning-rate 0.0005 --batch-size 32 --max-epochs 100 --early-stop-patience 100 --gradient-clip 0.1 --regime-attention --regime-attention-vix-threshold 25.0 --regime-attention-grad-scale 100.0 --overwrite
2025-12-03 07:19:54 | INFO     |   ✓ Completed successfully
2025-12-03 07:19:54 | INFO     | [CMD] Evaluating fold_2022
2025-12-03 07:19:54 | DEBUG    |   python train/evaluate_tft.py --experiment-name 07b_regime_attention_sweep/rolling_enc8_gs100_vix25/fold_2022 --batch-size 128 --checkpoint-type best_pred_std_path
2025-12-03 07:19:58 | INFO     |   ✓ Completed successfully
2025-12-03 07:19:58 | INFO     |   ✓ fold_2022 completed successfully
2025-12-03 07:19:58 | INFO     | 
[FOLD 8/9]
2025-12-03 07:19:58 | INFO     | 
2025-12-03 07:19:58 | INFO     | ================================================================================
2025-12-03 07:19:58 | INFO     | PROCESSING FOLD_2023
2025-12-03 07:19:58 | INFO     |   Test period: 2023-01-01 to 2023-12-31
2025-12-03 07:19:58 | INFO     |   Training samples: ~10 years
2025-12-03 07:19:58 | INFO     | ================================================================================
2025-12-03 07:19:58 | INFO     |   Splits already exist for fold_2023, skipping creation
2025-12-03 07:19:58 | INFO     | [CMD] Training fold_2023
2025-12-03 07:19:58 | DEBUG    |   python train/train_tft.py --experiment-name 07b_regime_attention_sweep/rolling_enc8_gs100_vix25/fold_2023 --feature-set core_proposal --frequency weekly --alignment vintage --splits-dir data/splits/rolling/fold_2023 --seed 42 --hidden-size 16 --attention-heads 2 --dropout 0.25 --max-encoder-length 8 --learning-rate 0.0005 --batch-size 32 --max-epochs 100 --early-stop-patience 100 --gradient-clip 0.1 --regime-attention --regime-attention-vix-threshold 25.0 --regime-attention-grad-scale 100.0 --overwrite
2025-12-03 07:24:34 | INFO     |   ✓ Completed successfully
2025-12-03 07:24:34 | INFO     | [CMD] Evaluating fold_2023
2025-12-03 07:24:34 | DEBUG    |   python train/evaluate_tft.py --experiment-name 07b_regime_attention_sweep/rolling_enc8_gs100_vix25/fold_2023 --batch-size 128 --checkpoint-type best_pred_std_path
2025-12-03 07:24:38 | INFO     |   ✓ Completed successfully
2025-12-03 07:24:38 | INFO     |   ✓ fold_2023 completed successfully
2025-12-03 07:24:38 | INFO     | 
[FOLD 9/9]
2025-12-03 07:24:38 | INFO     | 
2025-12-03 07:24:38 | INFO     | ================================================================================
2025-12-03 07:24:38 | INFO     | PROCESSING FOLD_2024
2025-12-03 07:24:38 | INFO     |   Test period: 2024-01-01 to 2024-12-31
2025-12-03 07:24:38 | INFO     |   Training samples: ~10 years
2025-12-03 07:24:38 | INFO     | ================================================================================
2025-12-03 07:24:38 | INFO     |   Splits already exist for fold_2024, skipping creation
2025-12-03 07:24:38 | INFO     | [CMD] Training fold_2024
2025-12-03 07:24:38 | DEBUG    |   python train/train_tft.py --experiment-name 07b_regime_attention_sweep/rolling_enc8_gs100_vix25/fold_2024 --feature-set core_proposal --frequency weekly --alignment vintage --splits-dir data/splits/rolling/fold_2024 --seed 42 --hidden-size 16 --attention-heads 2 --dropout 0.25 --max-encoder-length 8 --learning-rate 0.0005 --batch-size 32 --max-epochs 100 --early-stop-patience 100 --gradient-clip 0.1 --regime-attention --regime-attention-vix-threshold 25.0 --regime-attention-grad-scale 100.0 --overwrite
2025-12-03 07:29:16 | INFO     |   ✓ Completed successfully
2025-12-03 07:29:16 | INFO     | [CMD] Evaluating fold_2024
2025-12-03 07:29:16 | DEBUG    |   python train/evaluate_tft.py --experiment-name 07b_regime_attention_sweep/rolling_enc8_gs100_vix25/fold_2024 --batch-size 128 --checkpoint-type best_pred_std_path
2025-12-03 07:29:20 | INFO     |   ✓ Completed successfully
2025-12-03 07:29:20 | INFO     |   ✓ fold_2024 completed successfully
2025-12-03 07:29:20 | INFO     | 
2025-12-03 07:29:20 | INFO     | ================================================================================
2025-12-03 07:29:20 | INFO     | AGGREGATING RESULTS
2025-12-03 07:29:20 | INFO     | ================================================================================
2025-12-03 07:29:20 | INFO     |   Loaded metrics for fold_2016
2025-12-03 07:29:20 | INFO     |   Loaded metrics for fold_2017
2025-12-03 07:29:20 | INFO     |   Loaded metrics for fold_2018
2025-12-03 07:29:20 | INFO     |   Loaded metrics for fold_2019
2025-12-03 07:29:20 | INFO     |   Loaded metrics for fold_2020
2025-12-03 07:29:20 | INFO     |   Loaded metrics for fold_2021
2025-12-03 07:29:20 | INFO     |   Loaded metrics for fold_2022
2025-12-03 07:29:20 | INFO     |   Loaded metrics for fold_2023
2025-12-03 07:29:20 | INFO     |   Loaded metrics for fold_2024
2025-12-03 07:29:20 | INFO     |   Saved full results to: experiments/07b_regime_attention_sweep/rolling_enc8_gs100_vix25/rolling_results_full.csv
2025-12-03 07:29:20 | WARNING  |   No numeric metric columns found for summary
2025-12-03 07:29:20 | INFO     | 
2025-12-03 07:29:20 | INFO     | KEY METRICS ACROSS FOLDS:
2025-12-03 07:29:20 | INFO     | ------------------------------------------------------------
2025-12-03 07:29:20 | INFO     | ------------------------------------------------------------
2025-12-03 07:29:20 | INFO     | 
2025-12-03 07:29:20 | INFO     | ================================================================================
2025-12-03 07:29:20 | INFO     | EXECUTION SUMMARY
2025-12-03 07:29:20 | INFO     | ================================================================================
2025-12-03 07:29:20 | INFO     |   Completed: 9/9 folds
2025-12-03 07:29:20 | INFO     |   Finished at: 2025-12-03 07:29:20
2025-12-03 07:29:20 | INFO     | ================================================================================
