Logging to: experiments/11_staleness_attention/attn_prenorm_d10_w05/attention_analysis_year/attention_analysis_20251210_181736.log
Analysis started at: 2025-12-10 18:17:36
======================================================================
Experiment: 11_staleness_attention/attn_prenorm_d10_w05
Output directory: experiments/11_staleness_attention/attn_prenorm_d10_w05/attention_analysis_year
Using best checkpoint: experiments/11_staleness_attention/attn_prenorm_d10_w05/checkpoints/tft-epoch=epoch=93-valloss=val_loss=0.3967.ckpt

Loading data...
Loading test data from: data/splits/vintage/core_proposal_daily_vintage_test.csv
Detected staleness features in config, adding to data...
  Train samples: 6074
  Test samples: 1302

Preparing test dataset...
Test dataset size after filtering: 1282

Loading model...
Loading model from: experiments/11_staleness_attention/attn_prenorm_d10_w05/checkpoints/tft-epoch=epoch=93-valloss=val_loss=0.3967.ckpt
  Detected staleness attention checkpoint, applying architecture modification...

[STALENESS ATTENTION] Replaced attention module:
  Staleness mode: penalty
  Staleness decay: prenormalized
  Staleness weight: 0.5 (learnable)
  Max days: 45.0
  Regime mode: disabled
    decay=prenormalized, regime_mode=disabled
  Successfully loaded modified attention state_dict
  Loaded baseline model, moved to device: cpu

Extracting attention patterns...
Extracting attention patterns...
Total batches to process: 11
  Processed 10/11 batches

Total predictions: 1282
Total actuals: 1282
Attention shape: (1282, 20)
Encoder variables shape: (1282, 7)

Prediction period: 2020-08-17T00:00:00.000000000 to 2025-10-06T00:00:00.000000000
Total predictions: 1282

Creating temporal periods:
  2020: 94 samples
  2021: 250 samples
  2022: 249 samples
  2023: 249 samples
  2024: 250 samples
  2025: 190 samples

Attention over 20 encoder timesteps

Analyzing attention patterns by period...

Comparing attention patterns across periods...

Creating visualizations...
Saved attention heatmap: experiments/11_staleness_attention/attn_prenorm_d10_w05/attention_analysis_year/attention_heatmap.png
Saved attention trends: experiments/11_staleness_attention/attn_prenorm_d10_w05/attention_analysis_year/attention_trends.png
Saved feature importance comparison: experiments/11_staleness_attention/attn_prenorm_d10_w05/attention_analysis_year/temporal_attention_comparison.png

Saving results...
Saved results: experiments/11_staleness_attention/attn_prenorm_d10_w05/attention_analysis_year/attention_analysis_results.json

======================================================================
ATTENTION ANALYSIS SUMMARY
======================================================================

Per-Period Statistics:
----------------------------------------------------------------------

2020:
  Samples: 94
  Entropy: 1.4124 +/- 0.2456
  Concentration: 0.3007
  Top 5 features:
    t-1                            0.4549
    t-2                            0.2613
    t-3                            0.1381
    t-4                            0.0708
    t-5                            0.0329

2021:
  Samples: 250
  Entropy: 1.3124 +/- 0.3335
  Concentration: 0.3162
  Top 5 features:
    t-1                            0.4715
    t-2                            0.2674
    t-3                            0.1340
    t-4                            0.0595
    t-5                            0.0258

2022:
  Samples: 249
  Entropy: 2.3627 +/- 0.3433
  Concentration: 0.1105
  Top 5 features:
    t-1                            0.2015
    t-2                            0.1647
    t-3                            0.1307
    t-4                            0.1001
    t-5                            0.0743

2023:
  Samples: 249
  Entropy: 2.0967 +/- 0.3812
  Concentration: 0.1606
  Top 5 features:
    t-1                            0.2930
    t-2                            0.2026
    t-3                            0.1354
    t-4                            0.0880
    t-5                            0.0570

2024:
  Samples: 250
  Entropy: 1.9123 +/- 0.4098
  Concentration: 0.1971
  Top 5 features:
    t-1                            0.3407
    t-2                            0.2228
    t-3                            0.1398
    t-4                            0.0838
    t-5                            0.0490

2025:
  Samples: 190
  Entropy: 1.8776 +/- 0.4119
  Concentration: 0.2037
  Top 5 features:
    t-1                            0.3562
    t-2                            0.2206
    t-3                            0.1317
    t-4                            0.0783
    t-5                            0.0472

----------------------------------------------------------------------
Period Comparisons:
----------------------------------------------------------------------

2020_vs_2021:
  Cosine similarity: 0.9995
  L2 distance: 0.0228
  Entropy change: -0.1000
  Concentration change: 0.0155

2020_vs_2022:
  Cosine similarity: 0.8990
  L2 distance: 0.2889
  Entropy change: 0.9503
  Concentration change: -0.1903

2020_vs_2023:
  Cosine similarity: 0.9742
  L2 distance: 0.1820
  Entropy change: 0.6843
  Concentration change: -0.1401

2020_vs_2024:
  Cosine similarity: 0.9894
  L2 distance: 0.1267
  Entropy change: 0.4999
  Concentration change: -0.1037

2020_vs_2025:
  Cosine similarity: 0.9930
  L2 distance: 0.1136
  Entropy change: 0.4653
  Concentration change: -0.0970

2021_vs_2022:
  Cosine similarity: 0.8875
  L2 distance: 0.3081
  Entropy change: 1.0503
  Concentration change: -0.2058

2021_vs_2023:
  Cosine similarity: 0.9680
  L2 distance: 0.2013
  Entropy change: 0.7843
  Concentration change: -0.1556

2021_vs_2024:
  Cosine similarity: 0.9852
  L2 distance: 0.1464
  Entropy change: 0.5999
  Concentration change: -0.1192

2021_vs_2025:
  Cosine similarity: 0.9896
  L2 distance: 0.1326
  Entropy change: 0.5652
  Concentration change: -0.1125

2022_vs_2023:
  Cosine similarity: 0.9742
  L2 distance: 0.1075
  Entropy change: -0.2660
  Concentration change: 0.0502

2022_vs_2024:
  Cosine similarity: 0.9520
  L2 distance: 0.1631
  Entropy change: -0.4504
  Concentration change: 0.0866

2022_vs_2025:
  Cosine similarity: 0.9441
  L2 distance: 0.1759
  Entropy change: -0.4851
  Concentration change: 0.0932

2023_vs_2024:
  Cosine similarity: 0.9965
  L2 distance: 0.0557
  Entropy change: -0.1844
  Concentration change: 0.0364

2023_vs_2025:
  Cosine similarity: 0.9938
  L2 distance: 0.0692
  Entropy change: -0.2191
  Concentration change: 0.0431

2024_vs_2025:
  Cosine similarity: 0.9993
  L2 distance: 0.0187
  Entropy change: -0.0346
  Concentration change: 0.0066

======================================================================

Analysis complete!
Results saved to: experiments/11_staleness_attention/attn_prenorm_d10_w05/attention_analysis_year
  - attention_analysis_results.json
  - attention_heatmap.png
  - attention_trends.png
  - temporal_attention_comparison.png
