Logging to: experiments/02b_vintage_sweep/baseline_h20_drop0.10/vsn_analysis/vsn_analysis_20251129_151409.log
Analysis started at: 2025-11-29 15:14:09
======================================================================
Experiment: 02b_vintage_sweep/baseline_h20_drop0.10
Output directory: experiments/02b_vintage_sweep/baseline_h20_drop0.10/vsn_analysis
Loading config from: experiments/02b_vintage_sweep/baseline_h20_drop0.10/config.json
Using best checkpoint: experiments/02b_vintage_sweep/baseline_h20_drop0.10/checkpoints/tft-epoch=50-val_loss=0.4012.ckpt

Loading data...
Loading test data from: data/splits/vintage/core_proposal_daily_vintage_test.csv
  Train samples: 6074
  Test samples: 1302

Preparing test dataset...
Test dataset size: 1282

Loading model...
Loading model from: experiments/02b_vintage_sweep/baseline_h20_drop0.10/checkpoints/tft-epoch=50-val_loss=0.4012.ckpt
Model loaded on device: cuda

Extracting VSN weights...
  Encoder variables (5): ['relative_time_idx', 'VIX', 'Treasury_10Y', 'Yield_Spread', 'Inflation_YoY']
  Decoder variables (1): ['relative_time_idx']
  Static variables (1): ['encoder_length']

  DEBUG: Output type: <class 'pytorch_forecasting.utils.TupleOutputMixIn.to_network_output.<locals>.Output'>
  DEBUG: Output fields (NamedTuple): ('prediction', 'encoder_attention', 'decoder_attention', 'static_variables', 'encoder_variables', 'decoder_variables', 'decoder_lengths', 'encoder_lengths')
  DEBUG: output.encoder_variables shape: torch.Size([64, 20, 1, 5])
  DEBUG: output.static_variables shape: torch.Size([64, 1, 1])
  DEBUG: output.decoder_variables shape: torch.Size([64, 1, 1, 1])
  Processed batch 20/21

Extraction complete:
  Samples: 1282
  Encoder VSN shape: (1282, 5)
  Decoder VSN shape: (1282, 1)

Analysis period: 2020-08-17 to 2025-10-06

Creating temporal periods:
  2020: 94 samples
  2021: 250 samples
  2022: 249 samples
  2023: 249 samples
  2024: 250 samples
  2025: 190 samples

Analyzing VSN weights by period...

Comparing VSN patterns across periods...

Creating visualizations...
Saved VSN heatmap: experiments/02b_vintage_sweep/baseline_h20_drop0.10/vsn_analysis/vsn_heatmap.png
Saved VSN comparison: experiments/02b_vintage_sweep/baseline_h20_drop0.10/vsn_analysis/vsn_comparison.png
Saved concentration plot: experiments/02b_vintage_sweep/baseline_h20_drop0.10/vsn_analysis/vsn_concentration.png

Saving results...
Saved results: experiments/02b_vintage_sweep/baseline_h20_drop0.10/vsn_analysis/vsn_analysis_results.json

======================================================================
VSN ANALYSIS SUMMARY
======================================================================

Per-Period Feature Importance:
----------------------------------------------------------------------

2020 (94 samples):
  Concentration: 0.3285
  Top 5 features:
    Inflation_YoY                  0.5023
    VIX                            0.1858
    Treasury_10Y                   0.1478
    relative_time_idx              0.1386
    Yield_Spread                   0.0255

2021 (250 samples):
  Concentration: 0.2600
  Top 5 features:
    Inflation_YoY                  0.3581
    VIX                            0.2465
    Treasury_10Y                   0.2092
    relative_time_idx              0.1633
    Yield_Spread                   0.0228

2022 (249 samples):
  Concentration: 0.2743
  Top 5 features:
    relative_time_idx              0.3587
    Inflation_YoY                  0.2863
    VIX                            0.2295
    Treasury_10Y                   0.1020
    Yield_Spread                   0.0235

2023 (249 samples):
  Concentration: 0.3006
  Top 5 features:
    VIX                            0.4057
    Inflation_YoY                  0.3281
    relative_time_idx              0.1208
    Treasury_10Y                   0.1123
    Yield_Spread                   0.0331

2024 (250 samples):
  Concentration: 0.3158
  Top 5 features:
    VIX                            0.4353
    Inflation_YoY                  0.3125
    Treasury_10Y                   0.1545
    Yield_Spread                   0.0518
    relative_time_idx              0.0459

2025 (190 samples):
  Concentration: 0.3162
  Top 5 features:
    Inflation_YoY                  0.4122
    VIX                            0.3561
    Treasury_10Y                   0.1095
    relative_time_idx              0.0643
    Yield_Spread                   0.0579

----------------------------------------------------------------------
Period Comparisons:
----------------------------------------------------------------------

2020_vs_2021:
  Cosine similarity: 0.9575
  L2 distance: 0.1699
  Biggest increases: Treasury_10Y(+0.061), VIX(+0.061), relative_time_idx(+0.025)
  Biggest decreases: Inflation_YoY(-0.144), Yield_Spread(-0.003), relative_time_idx(+0.025)

2020_vs_2022:
  Cosine similarity: 0.8390
  L2 distance: 0.3148
  Biggest increases: relative_time_idx(+0.220), VIX(+0.044), Yield_Spread(-0.002)
  Biggest decreases: Inflation_YoY(-0.216), Treasury_10Y(-0.046), Yield_Spread(-0.002)

2020_vs_2023:
  Cosine similarity: 0.8731
  L2 distance: 0.2835
  Biggest increases: VIX(+0.220), Yield_Spread(+0.008), relative_time_idx(-0.018)
  Biggest decreases: Inflation_YoY(-0.174), Treasury_10Y(-0.036), relative_time_idx(-0.018)

2020_vs_2024:
  Cosine similarity: 0.8331
  L2 distance: 0.3281
  Biggest increases: VIX(+0.250), Yield_Spread(+0.026), Treasury_10Y(+0.007)
  Biggest decreases: Inflation_YoY(-0.190), relative_time_idx(-0.093), Treasury_10Y(+0.007)

2020_vs_2025:
  Cosine similarity: 0.9301
  L2 distance: 0.2125
  Biggest increases: VIX(+0.170), Yield_Spread(+0.032), Treasury_10Y(-0.038)
  Biggest decreases: Inflation_YoY(-0.090), relative_time_idx(-0.074), Treasury_10Y(-0.038)

2021_vs_2022:
  Cosine similarity: 0.8971
  L2 distance: 0.2348
  Biggest increases: relative_time_idx(+0.195), Yield_Spread(+0.001), VIX(-0.017)
  Biggest decreases: Treasury_10Y(-0.107), Inflation_YoY(-0.072), VIX(-0.017)

2021_vs_2023:
  Cosine similarity: 0.9355
  L2 distance: 0.1938
  Biggest increases: VIX(+0.159), Yield_Spread(+0.010), Inflation_YoY(-0.030)
  Biggest decreases: Treasury_10Y(-0.097), relative_time_idx(-0.042), Inflation_YoY(-0.030)

2021_vs_2024:
  Cosine similarity: 0.9082
  L2 distance: 0.2352
  Biggest increases: VIX(+0.189), Yield_Spread(+0.029), Inflation_YoY(-0.046)
  Biggest decreases: relative_time_idx(-0.117), Treasury_10Y(-0.055), Inflation_YoY(-0.046)

2021_vs_2025:
  Cosine similarity: 0.9422
  L2 distance: 0.1895
  Biggest increases: VIX(+0.110), Inflation_YoY(+0.054), Yield_Spread(+0.035)
  Biggest decreases: Treasury_10Y(-0.100), relative_time_idx(-0.099), Yield_Spread(+0.035)

2022_vs_2023:
  Cosine similarity: 0.8450
  L2 distance: 0.2994
  Biggest increases: VIX(+0.176), Inflation_YoY(+0.042), Treasury_10Y(+0.010)
  Biggest decreases: relative_time_idx(-0.238), Yield_Spread(+0.010), Treasury_10Y(+0.010)

2022_vs_2024:
  Cosine similarity: 0.7571
  L2 distance: 0.3801
  Biggest increases: VIX(+0.206), Treasury_10Y(+0.053), Yield_Spread(+0.028)
  Biggest decreases: relative_time_idx(-0.313), Inflation_YoY(+0.026), Yield_Spread(+0.028)

2022_vs_2025:
  Cosine similarity: 0.7991
  L2 distance: 0.3461
  Biggest increases: VIX(+0.127), Inflation_YoY(+0.126), Yield_Spread(+0.034)
  Biggest decreases: relative_time_idx(-0.294), Treasury_10Y(+0.007), Yield_Spread(+0.034)

2023_vs_2024:
  Cosine similarity: 0.9859
  L2 distance: 0.0942
  Biggest increases: Treasury_10Y(+0.042), VIX(+0.030), Yield_Spread(+0.019)
  Biggest decreases: relative_time_idx(-0.075), Inflation_YoY(-0.016), Yield_Spread(+0.019)

2023_vs_2025:
  Cosine similarity: 0.9787
  L2 distance: 0.1155
  Biggest increases: Inflation_YoY(+0.084), Yield_Spread(+0.025), Treasury_10Y(-0.003)
  Biggest decreases: relative_time_idx(-0.056), VIX(-0.050), Treasury_10Y(-0.003)

2024_vs_2025:
  Cosine similarity: 0.9705
  L2 distance: 0.1365
  Biggest increases: Inflation_YoY(+0.100), relative_time_idx(+0.018), Yield_Spread(+0.006)
  Biggest decreases: VIX(-0.079), Treasury_10Y(-0.045), Yield_Spread(+0.006)

======================================================================

Analysis complete!
Results saved to: experiments/02b_vintage_sweep/baseline_h20_drop0.10/vsn_analysis
  - vsn_analysis_results.json
  - vsn_heatmap.png
  - vsn_comparison.png
  - vsn_concentration.png
