
[INFO] Using AUTO device selection.

[INFO] Patched matplotlib.Axes.errorbar to abs() negative yerr for robustness.
======================================================================
Training TFT: wf_monthly_weekly_enc12/fold_202501
======================================================================
Logging to: experiments/wf_monthly_weekly_enc12/fold_202501/training_20251203_054100.log
Started at: 2025-12-03 05:41:00
======================================================================
Configuration saved to: experiments/wf_monthly_weekly_enc12/fold_202501/config.json

Loading data splits...
Train: 1760 samples
Val: 13 samples
Test: 17 samples

Preparing TimeSeriesDataSet...

Dropping source columns (used for staleness only): ['CPI']

Final features for TFT: ['SP500_Returns', 'VIX', 'Treasury_10Y', 'Yield_Spread', 'Inflation_YoY']

======================================================================
FEATURE STATISTICS - BEFORE NORMALIZATION
======================================================================
VIX                             mean= 19.3709  std=  7.7968  min=  9.3400  max= 74.6180
Treasury_10Y                    mean=  4.1183  std=  1.8533  min=  0.5500  max=  8.3400
Yield_Spread                    mean=  1.0498  std=  0.9306  min= -1.0600  max=  2.9100
Inflation_YoY                   mean=  2.6651  std=  1.6023  min= -2.1498  max=  9.2350

======================================================================
FEATURES AFTER GROUPNORMALIZER (first batch, last timestep)
======================================================================
VIX                             normalized_value=  1.0000
Treasury_10Y                    normalized_value= -0.0833
Yield_Spread                    normalized_value=  0.3213
Inflation_YoY                   normalized_value= -1.4996
======================================================================

[DEBUG] VIX train values: [31.318 31.68  23.47  21.908 22.596]
[DEBUG] VIX val values: [18.918 21.262 19.34  19.044 20.906]
Batches per epoch: 109
[DEBUG] Validation batches: 1
[DEBUG] Validation dataset size: 1
[DEBUG] Batch size: 16

Initializing model...

Using standard QuantileLoss (no penalties)

[REGIME OUTPUT] Disabled (using baseline output layer)

================================================================================
BASELINE MODEL FEATURE CONFIGURATION (after from_dataset)
================================================================================
tft.hparams.time_varying_reals_encoder: ['relative_time_idx', 'VIX', 'Treasury_10Y', 'Yield_Spread', 'Inflation_YoY']
  Count: 5

tft.hparams.time_varying_reals_decoder: ['relative_time_idx']
  Count: 1

tft.hparams.x_reals (all reals passed to model): ['encoder_length', 'relative_time_idx', 'VIX', 'Treasury_10Y', 'Yield_Spread', 'Inflation_YoY']
  Count: 6

Encoder VSN configuration:
  num_inputs: 5
  input_sizes: {'relative_time_idx': 16, 'VIX': 16, 'Treasury_10Y': 16, 'Yield_Spread': 16, 'Inflation_YoY': 16}
  flattened_grn.fc1: in_features=80, out_features=5
  -> Params in fc1: 400 (should be 5*16*5=400 if 5 features)
================================================================================

Model parameters: 22,615

Starting training...
Checkpoints will be saved to: experiments/wf_monthly_weekly_enc12/fold_202501/checkpoints/
Logs will be saved to: experiments/wf_monthly_weekly_enc12/fold_202501/logs/

[DEBUG CollapseMonitor] on_validation_epoch_start called for epoch 0
[DEBUG CollapseMonitor] reset_temporal_state() called on loss function
Epoch 0: val_loss=N/A
[DEBUG CollapseMonitor] on_validation_epoch_start called for epoch 0
[DEBUG CollapseMonitor] reset_temporal_state() called on loss function
Epoch 0: val_loss=0.4046013653278351
Epoch 0: train_loss=1.4183509349822998

[CollapseMonitor] Epoch 0
  [DEBUG] Processed 1 batches from val_dataloader
  [DEBUG] Predictions shape after concat: (1,)
  [DEBUG] All predictions list length: 1
  [DEBUG] First batch shape: (1,)
  Pred std: 0.000000, range: 0.000000, mean: 0.238798
  Pos: 100.0%, Neg: 0.0%, Unique: 1
  Dir Acc: 100.00%, Pred Sharpe: 0.0000
  Composite: 1.0000 (dist_match: 1.0000, actual_pos: 100.0%, pred_pos: 100.0%)
  Collapse penalty: 0.000000 (threshold: 0.005000)
  Saved validation predictions to: experiments/wf_monthly_weekly_enc12/fold_202501/collapse_monitoring/val_predictions_epoch0.npy
  Gradient norms:
    lstm_encoder: 0.022526
    lstm_decoder: 0.028705
    output_layer: 1.322498
  VSN output std:
    encoder: 0.240386
  Attention entropy: 2.483912
  Saved to: experiments/wf_monthly_weekly_enc12/fold_202501/collapse_monitoring/collapse_monitor_latest.json
[DEBUG CollapseMonitor] on_validation_epoch_start called for epoch 1
[DEBUG CollapseMonitor] reset_temporal_state() called on loss function
Epoch 1: val_loss=0.24596232175827026
Epoch 1: train_loss=1.1869372129440308

[CollapseMonitor] Epoch 1
  [DEBUG] Processed 1 batches from val_dataloader
  [DEBUG] Predictions shape after concat: (1,)
  [DEBUG] All predictions list length: 1
  [DEBUG] First batch shape: (1,)
  Pred std: 0.000000, range: 0.000000, mean: 0.219196
  Pos: 100.0%, Neg: 0.0%, Unique: 1
  Dir Acc: 100.00%, Pred Sharpe: 0.0000
  Composite: 1.0000 (dist_match: 1.0000, actual_pos: 100.0%, pred_pos: 100.0%)
  Collapse penalty: 0.000000 (threshold: 0.005000)
  Saved validation predictions to: experiments/wf_monthly_weekly_enc12/fold_202501/collapse_monitoring/val_predictions_epoch1.npy
  Gradient norms:
    lstm_encoder: 0.018787
    lstm_decoder: 0.020034
    output_layer: 0.966442
  VSN output std:
    encoder: 0.238644
  Attention entropy: 2.484651
  Saved to: experiments/wf_monthly_weekly_enc12/fold_202501/collapse_monitoring/collapse_monitor_latest.json
[DEBUG CollapseMonitor] on_validation_epoch_start called for epoch 2
[DEBUG CollapseMonitor] reset_temporal_state() called on loss function
Epoch 2: val_loss=0.376928448677063
Epoch 2: train_loss=1.0335487127304077

[CollapseMonitor] Epoch 2
  [DEBUG] Processed 1 batches from val_dataloader
  [DEBUG] Predictions shape after concat: (1,)
  [DEBUG] All predictions list length: 1
  [DEBUG] First batch shape: (1,)
  Pred std: 0.000000, range: 0.000000, mean: 0.171624
  Pos: 100.0%, Neg: 0.0%, Unique: 1
  Dir Acc: 100.00%, Pred Sharpe: 0.0000
  Composite: 1.0000 (dist_match: 1.0000, actual_pos: 100.0%, pred_pos: 100.0%)
  Collapse penalty: 0.000000 (threshold: 0.005000)
  Saved validation predictions to: experiments/wf_monthly_weekly_enc12/fold_202501/collapse_monitoring/val_predictions_epoch2.npy
  Gradient norms:
    lstm_encoder: 0.014165
    lstm_decoder: 0.013519
    output_layer: 0.604105
  VSN output std:
    encoder: 0.233066
  Attention entropy: 2.484756
  Saved to: experiments/wf_monthly_weekly_enc12/fold_202501/collapse_monitoring/collapse_monitor_latest.json
[DEBUG CollapseMonitor] on_validation_epoch_start called for epoch 3
[DEBUG CollapseMonitor] reset_temporal_state() called on loss function
Epoch 3: val_loss=0.4232863187789917
Epoch 3: train_loss=0.9783493876457214

[CollapseMonitor] Epoch 3
  [DEBUG] Processed 1 batches from val_dataloader
  [DEBUG] Predictions shape after concat: (1,)
  [DEBUG] All predictions list length: 1
  [DEBUG] First batch shape: (1,)
  Pred std: 0.000000, range: 0.000000, mean: 0.171756
  Pos: 100.0%, Neg: 0.0%, Unique: 1
  Dir Acc: 100.00%, Pred Sharpe: 0.0000
  Composite: 1.0000 (dist_match: 1.0000, actual_pos: 100.0%, pred_pos: 100.0%)
  Collapse penalty: 0.000000 (threshold: 0.005000)
  Saved validation predictions to: experiments/wf_monthly_weekly_enc12/fold_202501/collapse_monitoring/val_predictions_epoch3.npy
  Gradient norms:
    lstm_encoder: 0.011333
    lstm_decoder: 0.011031
    output_layer: 0.429334
  VSN output std:
    encoder: 0.231073
  Attention entropy: 2.484746
  Saved to: experiments/wf_monthly_weekly_enc12/fold_202501/collapse_monitoring/collapse_monitor_latest.json
[DEBUG CollapseMonitor] on_validation_epoch_start called for epoch 4
[DEBUG CollapseMonitor] reset_temporal_state() called on loss function
Epoch 4: val_loss=0.4312698543071747
Epoch 4: train_loss=0.9592658281326294

[CollapseMonitor] Epoch 4
  [DEBUG] Processed 1 batches from val_dataloader
  [DEBUG] Predictions shape after concat: (1,)
  [DEBUG] All predictions list length: 1
  [DEBUG] First batch shape: (1,)
  Pred std: 0.000000, range: 0.000000, mean: 0.197234
  Pos: 100.0%, Neg: 0.0%, Unique: 1
  Dir Acc: 100.00%, Pred Sharpe: 0.0000
  Composite: 1.0000 (dist_match: 1.0000, actual_pos: 100.0%, pred_pos: 100.0%)
  Collapse penalty: 0.000000 (threshold: 0.005000)
  Saved validation predictions to: experiments/wf_monthly_weekly_enc12/fold_202501/collapse_monitoring/val_predictions_epoch4.npy
  Gradient norms:
    lstm_encoder: 0.011274
    lstm_decoder: 0.010971
    output_layer: 0.407635
  VSN output std:
    encoder: 0.227845
  Attention entropy: 2.484738
  Saved to: experiments/wf_monthly_weekly_enc12/fold_202501/collapse_monitoring/collapse_monitor_latest.json
[DEBUG CollapseMonitor] on_validation_epoch_start called for epoch 5
[DEBUG CollapseMonitor] reset_temporal_state() called on loss function
Epoch 5: val_loss=0.4183301329612732
Epoch 5: train_loss=0.9523329138755798

[CollapseMonitor] Epoch 5
  [DEBUG] Processed 1 batches from val_dataloader
  [DEBUG] Predictions shape after concat: (1,)
  [DEBUG] All predictions list length: 1
  [DEBUG] First batch shape: (1,)
  Pred std: 0.000000, range: 0.000000, mean: 0.266846
  Pos: 100.0%, Neg: 0.0%, Unique: 1
  Dir Acc: 100.00%, Pred Sharpe: 0.0000
  Composite: 1.0000 (dist_match: 1.0000, actual_pos: 100.0%, pred_pos: 100.0%)
  Collapse penalty: 0.000000 (threshold: 0.005000)
  Saved validation predictions to: experiments/wf_monthly_weekly_enc12/fold_202501/collapse_monitoring/val_predictions_epoch5.npy
  Gradient norms:
    lstm_encoder: 0.010935
    lstm_decoder: 0.010796
    output_layer: 0.407758
  VSN output std:
    encoder: 0.226575
  Attention entropy: 2.484615
  Saved to: experiments/wf_monthly_weekly_enc12/fold_202501/collapse_monitoring/collapse_monitor_latest.json
[DEBUG CollapseMonitor] on_validation_epoch_start called for epoch 6
[DEBUG CollapseMonitor] reset_temporal_state() called on loss function
Epoch 6: val_loss=0.42062875628471375
Epoch 6: train_loss=0.9474543333053589

[CollapseMonitor] Epoch 6
  [DEBUG] Processed 1 batches from val_dataloader
  [DEBUG] Predictions shape after concat: (1,)
  [DEBUG] All predictions list length: 1
  [DEBUG] First batch shape: (1,)
  Pred std: 0.000000, range: 0.000000, mean: 0.267731
  Pos: 100.0%, Neg: 0.0%, Unique: 1
  Dir Acc: 100.00%, Pred Sharpe: 0.0000
  Composite: 1.0000 (dist_match: 1.0000, actual_pos: 100.0%, pred_pos: 100.0%)
  Collapse penalty: 0.000000 (threshold: 0.005000)
  Saved validation predictions to: experiments/wf_monthly_weekly_enc12/fold_202501/collapse_monitoring/val_predictions_epoch6.npy
  Gradient norms:
    lstm_encoder: 0.011079
    lstm_decoder: 0.010525
    output_layer: 0.391065
  VSN output std:
    encoder: 0.225799
  Attention entropy: 2.484645
  Saved to: experiments/wf_monthly_weekly_enc12/fold_202501/collapse_monitoring/collapse_monitor_latest.json
[DEBUG CollapseMonitor] on_validation_epoch_start called for epoch 7
[DEBUG CollapseMonitor] reset_temporal_state() called on loss function
Epoch 7: val_loss=0.42346447706222534
Epoch 7: train_loss=0.9429594278335571

[CollapseMonitor] Epoch 7
  [DEBUG] Processed 1 batches from val_dataloader
  [DEBUG] Predictions shape after concat: (1,)
  [DEBUG] All predictions list length: 1
  [DEBUG] First batch shape: (1,)
  Pred std: 0.000000, range: 0.000000, mean: 0.256137
  Pos: 100.0%, Neg: 0.0%, Unique: 1
  Dir Acc: 100.00%, Pred Sharpe: 0.0000
  Composite: 1.0000 (dist_match: 1.0000, actual_pos: 100.0%, pred_pos: 100.0%)
  Collapse penalty: 0.000000 (threshold: 0.005000)
  Saved validation predictions to: experiments/wf_monthly_weekly_enc12/fold_202501/collapse_monitoring/val_predictions_epoch7.npy
  Gradient norms:
    lstm_encoder: 0.011732
    lstm_decoder: 0.010869
    output_layer: 0.401507
  VSN output std:
    encoder: 0.220028
  Attention entropy: 2.484531
  Saved to: experiments/wf_monthly_weekly_enc12/fold_202501/collapse_monitoring/collapse_monitor_latest.json
[DEBUG CollapseMonitor] on_validation_epoch_start called for epoch 8
[DEBUG CollapseMonitor] reset_temporal_state() called on loss function
Epoch 8: val_loss=0.4163956642150879
Epoch 8: train_loss=0.9393584132194519

[CollapseMonitor] Epoch 8
  [DEBUG] Processed 1 batches from val_dataloader
  [DEBUG] Predictions shape after concat: (1,)
  [DEBUG] All predictions list length: 1
  [DEBUG] First batch shape: (1,)
  Pred std: 0.000000, range: 0.000000, mean: 0.316970
  Pos: 100.0%, Neg: 0.0%, Unique: 1
  Dir Acc: 100.00%, Pred Sharpe: 0.0000
  Composite: 1.0000 (dist_match: 1.0000, actual_pos: 100.0%, pred_pos: 100.0%)
  Collapse penalty: 0.000000 (threshold: 0.005000)
  Saved validation predictions to: experiments/wf_monthly_weekly_enc12/fold_202501/collapse_monitoring/val_predictions_epoch8.npy
  Gradient norms:
    lstm_encoder: 0.011108
    lstm_decoder: 0.009995
    output_layer: 0.365937
  VSN output std:
    encoder: 0.219497
  Attention entropy: 2.484442
  Saved to: experiments/wf_monthly_weekly_enc12/fold_202501/collapse_monitoring/collapse_monitor_latest.json
[DEBUG CollapseMonitor] on_validation_epoch_start called for epoch 9
[DEBUG CollapseMonitor] reset_temporal_state() called on loss function
Epoch 9: val_loss=0.4179638624191284
Epoch 9: train_loss=0.9353172183036804

[CollapseMonitor] Epoch 9
  [DEBUG] Processed 1 batches from val_dataloader
  [DEBUG] Predictions shape after concat: (1,)
  [DEBUG] All predictions list length: 1
  [DEBUG] First batch shape: (1,)
  Pred std: 0.000000, range: 0.000000, mean: 0.311395
  Pos: 100.0%, Neg: 0.0%, Unique: 1
  Dir Acc: 100.00%, Pred Sharpe: 0.0000
  Composite: 1.0000 (dist_match: 1.0000, actual_pos: 100.0%, pred_pos: 100.0%)
  Collapse penalty: 0.000000 (threshold: 0.005000)
  Saved validation predictions to: experiments/wf_monthly_weekly_enc12/fold_202501/collapse_monitoring/val_predictions_epoch9.npy
  Gradient norms:
    lstm_encoder: 0.011648
    lstm_decoder: 0.010127
    output_layer: 0.377938
  VSN output std:
    encoder: 0.217659
  Attention entropy: 2.484326
  Saved to: experiments/wf_monthly_weekly_enc12/fold_202501/collapse_monitoring/collapse_monitor_latest.json
[DEBUG CollapseMonitor] on_validation_epoch_start called for epoch 10
[DEBUG CollapseMonitor] reset_temporal_state() called on loss function
Epoch 10: val_loss=0.4182400107383728
Epoch 10: train_loss=0.9420279860496521

[CollapseMonitor] Epoch 10
  [DEBUG] Processed 1 batches from val_dataloader
  [DEBUG] Predictions shape after concat: (1,)
  [DEBUG] All predictions list length: 1
  [DEBUG] First batch shape: (1,)
  Pred std: 0.000000, range: 0.000000, mean: 0.312907
  Pos: 100.0%, Neg: 0.0%, Unique: 1
  Dir Acc: 100.00%, Pred Sharpe: 0.0000
  Composite: 1.0000 (dist_match: 1.0000, actual_pos: 100.0%, pred_pos: 100.0%)
  Collapse penalty: 0.000000 (threshold: 0.005000)
  Saved validation predictions to: experiments/wf_monthly_weekly_enc12/fold_202501/collapse_monitoring/val_predictions_epoch10.npy
  Gradient norms:
    lstm_encoder: 0.013001
    lstm_decoder: 0.011587
    output_layer: 0.413001
  VSN output std:
    encoder: 0.212966
  Attention entropy: 2.483998
  Saved to: experiments/wf_monthly_weekly_enc12/fold_202501/collapse_monitoring/collapse_monitor_latest.json
[DEBUG CollapseMonitor] on_validation_epoch_start called for epoch 11
[DEBUG CollapseMonitor] reset_temporal_state() called on loss function
Epoch 11: val_loss=0.40574073791503906
Epoch 11: train_loss=0.9372720718383789

[CollapseMonitor] Epoch 11
  [DEBUG] Processed 1 batches from val_dataloader
  [DEBUG] Predictions shape after concat: (1,)
  [DEBUG] All predictions list length: 1
  [DEBUG] First batch shape: (1,)
  Pred std: 0.000000, range: 0.000000, mean: 0.344272
  Pos: 100.0%, Neg: 0.0%, Unique: 1
  Dir Acc: 100.00%, Pred Sharpe: 0.0000
  Composite: 1.0000 (dist_match: 1.0000, actual_pos: 100.0%, pred_pos: 100.0%)
  Collapse penalty: 0.000000 (threshold: 0.005000)
  Saved validation predictions to: experiments/wf_monthly_weekly_enc12/fold_202501/collapse_monitoring/val_predictions_epoch11.npy
  Gradient norms:
    lstm_encoder: 0.012175
    lstm_decoder: 0.010165
    output_layer: 0.360540
  VSN output std:
    encoder: 0.203356
  Attention entropy: 2.483538
  Saved to: experiments/wf_monthly_weekly_enc12/fold_202501/collapse_monitoring/collapse_monitor_latest.json


======================================================================
Training complete
======================================================================

Best val_loss checkpoint: experiments/wf_monthly_weekly_enc12/fold_202501/checkpoints/tft-epoch=epoch=01-valloss=val_loss=0.2460.ckpt
Best validation loss: 0.245962
Checkpoints saved:
  - Best val_loss: experiments/wf_monthly_weekly_enc12/fold_202501/checkpoints/tft-epoch=epoch=01-valloss=val_loss=0.2460.ckpt
  - Best pred_std: experiments/wf_monthly_weekly_enc12/fold_202501/checkpoints/tft-epoch=epoch=00-predstd=val_pred_std=0.0000.ckpt
  - Best unique: experiments/wf_monthly_weekly_enc12/fold_202501/checkpoints/tft-epoch=epoch=00-unique=val_num_unique=1.ckpt
  - Best dir_acc: experiments/wf_monthly_weekly_enc12/fold_202501/checkpoints/tft-epoch=epoch=00-diracc=val_dir_acc=1.0000.ckpt
  - Best sharpe: experiments/wf_monthly_weekly_enc12/fold_202501/checkpoints/tft-epoch=epoch=00-sharpe=val_sharpe=0.0000.ckpt
  - Best composite: experiments/wf_monthly_weekly_enc12/fold_202501/checkpoints/tft-epoch=epoch=00-composite=val_composite=1.0000.ckpt
Completed at: 2025-12-03 05:43:23
Log saved to: experiments/wf_monthly_weekly_enc12/fold_202501/training_20251203_054100.log
======================================================================
