
[INFO] Using AUTO device selection.

[INFO] Patched matplotlib.Axes.errorbar to abs() negative yerr for robustness.
======================================================================
Training TFT: 06b_rolling/daily_3q_h1_drop025/fold_2017
======================================================================
Logging to: experiments/06b_rolling/daily_3q_h1_drop025/fold_2017/training_20251214_093606.log
Started at: 2025-12-14 09:36:06
======================================================================

Loading data splits...
Train: 2468 samples
Val: 220 samples
Test: 220 samples

Preparing TimeSeriesDataSet...

Dropping source columns (used for staleness only): ['CPI']

Final features for TFT: ['SP500_Returns', 'VIX', 'Treasury_10Y', 'Yield_Spread', 'Inflation_YoY', 'cumret_5', 'cumret_10', 'cumret_20', 'cumret_30']

======================================================================
FEATURE STATISTICS - BEFORE NORMALIZATION
======================================================================
VIX                             mean= 20.4353  std=  9.8686  min=  9.8900  max= 80.8600
Treasury_10Y                    mean=  3.1296  std=  1.0283  min=  1.4300  max=  5.2600
Yield_Spread                    mean=  1.6197  std=  0.8755  min= -0.1900  max=  2.9100
Inflation_YoY                   mean=  2.0465  std=  1.5358  min= -2.1498  max=  5.4850

======================================================================
TARGET CONFIGURATION
======================================================================
Target variable: SP500_Returns
  Mode: Point return prediction (single-step)
  Target stats: mean=0.0237, std=1.2909
  Dropping unused cumret columns: ['cumret_5', 'cumret_10', 'cumret_20', 'cumret_30']
======================================================================

======================================================================
FEATURES AFTER GROUPNORMALIZER (first batch, last timestep)
======================================================================
VIX                             normalized_value=  1.0000
Treasury_10Y                    normalized_value= -0.0500
Yield_Spread                    normalized_value= -0.7120
Inflation_YoY                   normalized_value= -0.5832
======================================================================

Configuration saved to: experiments/06b_rolling/daily_3q_h1_drop025/fold_2017/config.json
[DEBUG] VIX train values: [11.14 11.37 11.31 11.   11.13]
[DEBUG] VIX val values: [20.7  19.34 20.59 24.99 27.01]
Batches per epoch: 38
[DEBUG] Validation batches: 4
[DEBUG] Validation dataset size: 200
[DEBUG] Batch size: 64

Initializing model...

Quantile configuration: 3q
  Quantiles: [0.1, 0.5, 0.9]
  Output size: 3
  Median index: 1

Using standard QuantileLoss (no penalties)

[REGIME OUTPUT] Disabled (using baseline output layer)

[STALENESS ATTENTION] Disabled

================================================================================
BASELINE MODEL FEATURE CONFIGURATION (after from_dataset)
================================================================================
tft.hparams.time_varying_reals_encoder: ['relative_time_idx', 'VIX', 'Treasury_10Y', 'Yield_Spread', 'Inflation_YoY']
  Count: 5

tft.hparams.time_varying_reals_decoder: ['relative_time_idx']
  Count: 1

tft.hparams.x_reals (all reals passed to model): ['encoder_length', 'relative_time_idx', 'VIX', 'Treasury_10Y', 'Yield_Spread', 'Inflation_YoY']
  Count: 6

Encoder VSN configuration:
  num_inputs: 5
  input_sizes: {'relative_time_idx': 16, 'VIX': 16, 'Treasury_10Y': 16, 'Yield_Spread': 16, 'Inflation_YoY': 16}
  flattened_grn.fc1: in_features=80, out_features=5
  -> Params in fc1: 400 (should be 5*16*5=400 if 5 features)
================================================================================

Model parameters: 22,547

Starting training...
Checkpoints will be saved to: experiments/06b_rolling/daily_3q_h1_drop025/fold_2017/checkpoints/
Logs will be saved to: experiments/06b_rolling/daily_3q_h1_drop025/fold_2017/logs/

[DEBUG CollapseMonitor] on_validation_epoch_start called for epoch 0
[DEBUG CollapseMonitor] reset_temporal_state() called on loss function
Epoch 0: val_loss=N/A
[DEBUG CollapseMonitor] on_validation_epoch_start called for epoch 0
[DEBUG CollapseMonitor] reset_temporal_state() called on loss function
Epoch 0: val_loss=0.4559294879436493
Epoch 0: train_loss=0.6654594540596008

[CollapseMonitor] Epoch 0
  [DEBUG] Processed 4 batches from val_dataloader
  [DEBUG] Predictions shape after concat: (200,)
  Pred std: 0.006678, range: 0.027750, mean: -0.525016
  Pos: 0.0%, Neg: 100.0%, Unique: 198
  Dir Acc: 49.00%, Pred Sharpe: -1248.0197
  Composite: 0.3650 (dist_match: 0.4900, actual_pos: 51.0%, pred_pos: 0.0%)
  Collapse penalty: 0.000000 (threshold: 0.005000)
  Saved validation predictions to: experiments/06b_rolling/daily_3q_h1_drop025/fold_2017/collapse_monitoring/val_predictions_epoch0.npy
  Gradient norms:
    lstm_encoder: 0.016605
    lstm_decoder: 0.018211
    output_layer: 0.567701
  VSN output std:
    encoder: 0.177103
  Attention entropy: 2.993857
  Saved to: experiments/06b_rolling/daily_3q_h1_drop025/fold_2017/collapse_monitoring/collapse_monitor_latest.json
[DEBUG CollapseMonitor] on_validation_epoch_start called for epoch 1
[DEBUG CollapseMonitor] reset_temporal_state() called on loss function
Epoch 1: val_loss=0.40304943919181824
Epoch 1: train_loss=0.6421108245849609

[CollapseMonitor] Epoch 1
  [DEBUG] Processed 4 batches from val_dataloader
  [DEBUG] Predictions shape after concat: (200,)
  Pred std: 0.004703, range: 0.019927, mean: -0.247673
  Pos: 0.0%, Neg: 100.0%, Unique: 197
  Dir Acc: 49.00%, Pred Sharpe: -835.9999
  Composite: 0.3650 (dist_match: 0.4900, actual_pos: 51.0%, pred_pos: 0.0%)
  Collapse penalty: 0.000000 (threshold: 0.005000)
  Saved validation predictions to: experiments/06b_rolling/daily_3q_h1_drop025/fold_2017/collapse_monitoring/val_predictions_epoch1.npy
  Gradient norms:
    lstm_encoder: 0.013968
    lstm_decoder: 0.014646
    output_layer: 0.453211
  VSN output std:
    encoder: 0.179219
  Attention entropy: 2.993683
  Saved to: experiments/06b_rolling/daily_3q_h1_drop025/fold_2017/collapse_monitoring/collapse_monitor_latest.json
[DEBUG CollapseMonitor] on_validation_epoch_start called for epoch 2
[DEBUG CollapseMonitor] reset_temporal_state() called on loss function
Epoch 2: val_loss=0.3825100362300873
Epoch 2: train_loss=0.6099996566772461

[CollapseMonitor] Epoch 2
  [DEBUG] Processed 4 batches from val_dataloader
  [DEBUG] Predictions shape after concat: (200,)
  Pred std: 0.002862, range: 0.013890, mean: -0.000884
  Pos: 47.5%, Neg: 52.5%, Unique: 198
  Dir Acc: 42.50%, Pred Sharpe: -4.9033
  Composite: 0.4176 (dist_match: 0.9650, actual_pos: 51.0%, pred_pos: 47.5%)
  Collapse penalty: 0.000000 (threshold: 0.005000)
  Saved validation predictions to: experiments/06b_rolling/daily_3q_h1_drop025/fold_2017/collapse_monitoring/val_predictions_epoch2.npy
  Gradient norms:
    lstm_encoder: 0.009129
    lstm_decoder: 0.009204
    output_layer: 0.267538
  VSN output std:
    encoder: 0.178348
  Attention entropy: 2.993257
  Saved to: experiments/06b_rolling/daily_3q_h1_drop025/fold_2017/collapse_monitoring/collapse_monitor_latest.json
[DEBUG CollapseMonitor] on_validation_epoch_start called for epoch 3
[DEBUG CollapseMonitor] reset_temporal_state() called on loss function
Epoch 3: val_loss=0.38747790455818176
Epoch 3: train_loss=0.5941392183303833

[CollapseMonitor] Epoch 3
  [DEBUG] Processed 4 batches from val_dataloader
  [DEBUG] Predictions shape after concat: (200,)
  Pred std: 0.002215, range: 0.012717, mean: 0.107397
  Pos: 100.0%, Neg: 0.0%, Unique: 194
  Dir Acc: 51.00%, Pred Sharpe: 769.6534
  Composite: 0.3851 (dist_match: 0.5100, actual_pos: 51.0%, pred_pos: 100.0%)
  Collapse penalty: 0.000000 (threshold: 0.005000)
  Saved validation predictions to: experiments/06b_rolling/daily_3q_h1_drop025/fold_2017/collapse_monitoring/val_predictions_epoch3.npy
  Gradient norms:
    lstm_encoder: 0.006532
    lstm_decoder: 0.006080
    output_layer: 0.161780
  VSN output std:
    encoder: 0.172879
  Attention entropy: 2.992599
  Saved to: experiments/06b_rolling/daily_3q_h1_drop025/fold_2017/collapse_monitoring/collapse_monitor_latest.json
[DEBUG CollapseMonitor] on_validation_epoch_start called for epoch 4
[DEBUG CollapseMonitor] reset_temporal_state() called on loss function
Epoch 4: val_loss=0.38747942447662354
Epoch 4: train_loss=0.5956186652183533

[CollapseMonitor] Epoch 4
  [DEBUG] Processed 4 batches from val_dataloader
  [DEBUG] Predictions shape after concat: (200,)
  Pred std: 0.002003, range: 0.011279, mean: 0.088908
  Pos: 100.0%, Neg: 0.0%, Unique: 198
  Dir Acc: 51.00%, Pred Sharpe: 704.5834
  Composite: 0.3851 (dist_match: 0.5100, actual_pos: 51.0%, pred_pos: 100.0%)
  Collapse penalty: 0.000000 (threshold: 0.005000)
  Saved validation predictions to: experiments/06b_rolling/daily_3q_h1_drop025/fold_2017/collapse_monitoring/val_predictions_epoch4.npy
  Gradient norms:
    lstm_encoder: 0.006455
    lstm_decoder: 0.005826
    output_layer: 0.167803
  VSN output std:
    encoder: 0.171714
  Attention entropy: 2.992380
  Saved to: experiments/06b_rolling/daily_3q_h1_drop025/fold_2017/collapse_monitoring/collapse_monitor_latest.json
[DEBUG CollapseMonitor] on_validation_epoch_start called for epoch 5
[DEBUG CollapseMonitor] reset_temporal_state() called on loss function
Epoch 5: val_loss=0.3869060277938843
Epoch 5: train_loss=0.5993033051490784

[CollapseMonitor] Epoch 5
  [DEBUG] Processed 4 batches from val_dataloader
  [DEBUG] Predictions shape after concat: (200,)
  Pred std: 0.002040, range: 0.011487, mean: 0.064164
  Pos: 100.0%, Neg: 0.0%, Unique: 197
  Dir Acc: 51.00%, Pred Sharpe: 499.1890
  Composite: 0.3851 (dist_match: 0.5100, actual_pos: 51.0%, pred_pos: 100.0%)
  Collapse penalty: 0.000000 (threshold: 0.005000)
  Saved validation predictions to: experiments/06b_rolling/daily_3q_h1_drop025/fold_2017/collapse_monitoring/val_predictions_epoch5.npy
  Gradient norms:
    lstm_encoder: 0.006723
    lstm_decoder: 0.006197
    output_layer: 0.196079
  VSN output std:
    encoder: 0.169226
  Attention entropy: 2.992069
  Saved to: experiments/06b_rolling/daily_3q_h1_drop025/fold_2017/collapse_monitoring/collapse_monitor_latest.json
[DEBUG CollapseMonitor] on_validation_epoch_start called for epoch 6
[DEBUG CollapseMonitor] reset_temporal_state() called on loss function
Epoch 6: val_loss=0.38606247305870056
Epoch 6: train_loss=0.5974328517913818

[CollapseMonitor] Epoch 6
  [DEBUG] Processed 4 batches from val_dataloader
  [DEBUG] Predictions shape after concat: (200,)
  Pred std: 0.002410, range: 0.011950, mean: 0.046499
  Pos: 100.0%, Neg: 0.0%, Unique: 199
  Dir Acc: 51.00%, Pred Sharpe: 306.2672
  Composite: 0.3851 (dist_match: 0.5100, actual_pos: 51.0%, pred_pos: 100.0%)
  Collapse penalty: 0.000000 (threshold: 0.005000)
  Saved validation predictions to: experiments/06b_rolling/daily_3q_h1_drop025/fold_2017/collapse_monitoring/val_predictions_epoch6.npy
  Gradient norms:
    lstm_encoder: 0.006299
    lstm_decoder: 0.005479
    output_layer: 0.144545
  VSN output std:
    encoder: 0.164856
  Attention entropy: 2.991426
  Saved to: experiments/06b_rolling/daily_3q_h1_drop025/fold_2017/collapse_monitoring/collapse_monitor_latest.json
[DEBUG CollapseMonitor] on_validation_epoch_start called for epoch 7
[DEBUG CollapseMonitor] reset_temporal_state() called on loss function
Epoch 7: val_loss=0.38526976108551025
Epoch 7: train_loss=0.5937444567680359

[CollapseMonitor] Epoch 7
  [DEBUG] Processed 4 batches from val_dataloader
  [DEBUG] Predictions shape after concat: (200,)
  Pred std: 0.003109, range: 0.014898, mean: 0.066629
  Pos: 100.0%, Neg: 0.0%, Unique: 198
  Dir Acc: 51.00%, Pred Sharpe: 340.2066
  Composite: 0.3851 (dist_match: 0.5100, actual_pos: 51.0%, pred_pos: 100.0%)
  Collapse penalty: 0.000000 (threshold: 0.005000)
  Saved validation predictions to: experiments/06b_rolling/daily_3q_h1_drop025/fold_2017/collapse_monitoring/val_predictions_epoch7.npy
  Gradient norms:
    lstm_encoder: 0.006296
    lstm_decoder: 0.005113
    output_layer: 0.153139
  VSN output std:
    encoder: 0.156666
  Attention entropy: 2.990146
  Saved to: experiments/06b_rolling/daily_3q_h1_drop025/fold_2017/collapse_monitoring/collapse_monitor_latest.json
[DEBUG CollapseMonitor] on_validation_epoch_start called for epoch 8
[DEBUG CollapseMonitor] reset_temporal_state() called on loss function
Epoch 8: val_loss=0.38465580344200134
Epoch 8: train_loss=0.5912036895751953

[CollapseMonitor] Epoch 8
  [DEBUG] Processed 4 batches from val_dataloader
  [DEBUG] Predictions shape after concat: (200,)
  Pred std: 0.003407, range: 0.016519, mean: 0.055390
  Pos: 100.0%, Neg: 0.0%, Unique: 198
  Dir Acc: 51.00%, Pred Sharpe: 258.0791
  Composite: 0.3851 (dist_match: 0.5100, actual_pos: 51.0%, pred_pos: 100.0%)
  Collapse penalty: 0.000000 (threshold: 0.005000)
  Saved validation predictions to: experiments/06b_rolling/daily_3q_h1_drop025/fold_2017/collapse_monitoring/val_predictions_epoch8.npy
  Gradient norms:
    lstm_encoder: 0.006323
    lstm_decoder: 0.005378
    output_layer: 0.162021
  VSN output std:
    encoder: 0.154162
  Attention entropy: 2.989548
  Saved to: experiments/06b_rolling/daily_3q_h1_drop025/fold_2017/collapse_monitoring/collapse_monitor_latest.json
[DEBUG CollapseMonitor] on_validation_epoch_start called for epoch 9
[DEBUG CollapseMonitor] reset_temporal_state() called on loss function
Epoch 9: val_loss=0.3834976255893707
Epoch 9: train_loss=0.5902163982391357

[CollapseMonitor] Epoch 9
  [DEBUG] Processed 4 batches from val_dataloader
  [DEBUG] Predictions shape after concat: (200,)
  Pred std: 0.003690, range: 0.017997, mean: 0.037413
  Pos: 100.0%, Neg: 0.0%, Unique: 198
  Dir Acc: 51.00%, Pred Sharpe: 160.9672
  Composite: 0.3851 (dist_match: 0.5100, actual_pos: 51.0%, pred_pos: 100.0%)
  Collapse penalty: 0.000000 (threshold: 0.005000)
  Saved validation predictions to: experiments/06b_rolling/daily_3q_h1_drop025/fold_2017/collapse_monitoring/val_predictions_epoch9.npy
  Gradient norms:
    lstm_encoder: 0.006333
    lstm_decoder: 0.005474
    output_layer: 0.159961
  VSN output std:
    encoder: 0.151262
  Attention entropy: 2.988912
  Saved to: experiments/06b_rolling/daily_3q_h1_drop025/fold_2017/collapse_monitoring/collapse_monitor_latest.json
[DEBUG CollapseMonitor] on_validation_epoch_start called for epoch 10
[DEBUG CollapseMonitor] reset_temporal_state() called on loss function
Epoch 10: val_loss=0.3839462399482727
Epoch 10: train_loss=0.5944133400917053

[CollapseMonitor] Epoch 10
  [DEBUG] Processed 4 batches from val_dataloader
  [DEBUG] Predictions shape after concat: (200,)
  Pred std: 0.003467, range: 0.016666, mean: 0.054818
  Pos: 100.0%, Neg: 0.0%, Unique: 198
  Dir Acc: 51.00%, Pred Sharpe: 250.9827
  Composite: 0.3851 (dist_match: 0.5100, actual_pos: 51.0%, pred_pos: 100.0%)
  Collapse penalty: 0.000000 (threshold: 0.005000)
  Saved validation predictions to: experiments/06b_rolling/daily_3q_h1_drop025/fold_2017/collapse_monitoring/val_predictions_epoch10.npy
  Gradient norms:
    lstm_encoder: 0.006274
    lstm_decoder: 0.005385
    output_layer: 0.151527
  VSN output std:
    encoder: 0.150371
  Attention entropy: 2.988667
  Saved to: experiments/06b_rolling/daily_3q_h1_drop025/fold_2017/collapse_monitoring/collapse_monitor_latest.json
[DEBUG CollapseMonitor] on_validation_epoch_start called for epoch 11
[DEBUG CollapseMonitor] reset_temporal_state() called on loss function
Epoch 11: val_loss=0.3833502233028412
Epoch 11: train_loss=0.5917960405349731

[CollapseMonitor] Epoch 11
  [DEBUG] Processed 4 batches from val_dataloader
  [DEBUG] Predictions shape after concat: (200,)
  Pred std: 0.003345, range: 0.015632, mean: 0.056471
  Pos: 100.0%, Neg: 0.0%, Unique: 200
  Dir Acc: 51.00%, Pred Sharpe: 267.9961
  Composite: 0.3851 (dist_match: 0.5100, actual_pos: 51.0%, pred_pos: 100.0%)
  Collapse penalty: 0.000000 (threshold: 0.005000)
  Saved validation predictions to: experiments/06b_rolling/daily_3q_h1_drop025/fold_2017/collapse_monitoring/val_predictions_epoch11.npy
  Gradient norms:
    lstm_encoder: 0.006960
    lstm_decoder: 0.005938
    output_layer: 0.189614
  VSN output std:
    encoder: 0.149420
  Attention entropy: 2.988498
  Saved to: experiments/06b_rolling/daily_3q_h1_drop025/fold_2017/collapse_monitoring/collapse_monitor_latest.json
[DEBUG CollapseMonitor] on_validation_epoch_start called for epoch 12
[DEBUG CollapseMonitor] reset_temporal_state() called on loss function
Epoch 12: val_loss=0.3826219141483307
Epoch 12: train_loss=0.5879340767860413

[CollapseMonitor] Epoch 12
  [DEBUG] Processed 4 batches from val_dataloader
  [DEBUG] Predictions shape after concat: (200,)
  Pred std: 0.003467, range: 0.015720, mean: 0.066428
  Pos: 100.0%, Neg: 0.0%, Unique: 197
  Dir Acc: 51.00%, Pred Sharpe: 304.1162
  Composite: 0.3851 (dist_match: 0.5100, actual_pos: 51.0%, pred_pos: 100.0%)
  Collapse penalty: 0.000000 (threshold: 0.005000)
  Saved validation predictions to: experiments/06b_rolling/daily_3q_h1_drop025/fold_2017/collapse_monitoring/val_predictions_epoch12.npy
  Gradient norms:
    lstm_encoder: 0.006711
    lstm_decoder: 0.005520
    output_layer: 0.165255
  VSN output std:
    encoder: 0.147403
  Attention entropy: 2.987960
  Saved to: experiments/06b_rolling/daily_3q_h1_drop025/fold_2017/collapse_monitoring/collapse_monitor_latest.json
[DEBUG CollapseMonitor] on_validation_epoch_start called for epoch 13
[DEBUG CollapseMonitor] reset_temporal_state() called on loss function
Epoch 13: val_loss=0.3815123736858368
Epoch 13: train_loss=0.5881455540657043

[CollapseMonitor] Epoch 13
  [DEBUG] Processed 4 batches from val_dataloader
  [DEBUG] Predictions shape after concat: (200,)
  Pred std: 0.003898, range: 0.018002, mean: 0.053349
  Pos: 100.0%, Neg: 0.0%, Unique: 200
  Dir Acc: 51.00%, Pred Sharpe: 217.2450
  Composite: 0.3851 (dist_match: 0.5100, actual_pos: 51.0%, pred_pos: 100.0%)
  Collapse penalty: 0.000000 (threshold: 0.005000)
  Saved validation predictions to: experiments/06b_rolling/daily_3q_h1_drop025/fold_2017/collapse_monitoring/val_predictions_epoch13.npy
  Gradient norms:
    lstm_encoder: 0.006573
    lstm_decoder: 0.005857
    output_layer: 0.179199
  VSN output std:
    encoder: 0.146335
  Attention entropy: 2.987587
  Saved to: experiments/06b_rolling/daily_3q_h1_drop025/fold_2017/collapse_monitoring/collapse_monitor_latest.json
[DEBUG CollapseMonitor] on_validation_epoch_start called for epoch 14
[DEBUG CollapseMonitor] reset_temporal_state() called on loss function
Epoch 14: val_loss=0.38033604621887207
Epoch 14: train_loss=0.589116096496582

[CollapseMonitor] Epoch 14
  [DEBUG] Processed 4 batches from val_dataloader
  [DEBUG] Predictions shape after concat: (200,)
  Pred std: 0.004467, range: 0.021223, mean: 0.033473
  Pos: 100.0%, Neg: 0.0%, Unique: 200
  Dir Acc: 51.00%, Pred Sharpe: 118.9636
  Composite: 0.3851 (dist_match: 0.5100, actual_pos: 51.0%, pred_pos: 100.0%)
  Collapse penalty: 0.000000 (threshold: 0.005000)
  Saved validation predictions to: experiments/06b_rolling/daily_3q_h1_drop025/fold_2017/collapse_monitoring/val_predictions_epoch14.npy
  Gradient norms:
    lstm_encoder: 0.006229
    lstm_decoder: 0.005033
    output_layer: 0.143094
  VSN output std:
    encoder: 0.143861
  Attention entropy: 2.987021
  Saved to: experiments/06b_rolling/daily_3q_h1_drop025/fold_2017/collapse_monitoring/collapse_monitor_latest.json
[DEBUG CollapseMonitor] on_validation_epoch_start called for epoch 15
[DEBUG CollapseMonitor] reset_temporal_state() called on loss function
Epoch 15: val_loss=0.37933647632598877
Epoch 15: train_loss=0.5875250101089478

[CollapseMonitor] Epoch 15
  [DEBUG] Processed 4 batches from val_dataloader
  [DEBUG] Predictions shape after concat: (200,)
  Pred std: 0.004864, range: 0.023153, mean: 0.033016
  Pos: 100.0%, Neg: 0.0%, Unique: 199
  Dir Acc: 51.00%, Pred Sharpe: 107.7537
  Composite: 0.3851 (dist_match: 0.5100, actual_pos: 51.0%, pred_pos: 100.0%)
  Collapse penalty: 0.000000 (threshold: 0.005000)
  Saved validation predictions to: experiments/06b_rolling/daily_3q_h1_drop025/fold_2017/collapse_monitoring/val_predictions_epoch15.npy
  Gradient norms:
    lstm_encoder: 0.007047
    lstm_decoder: 0.005650
    output_layer: 0.166320
  VSN output std:
    encoder: 0.141815
  Attention entropy: 2.986497
  Saved to: experiments/06b_rolling/daily_3q_h1_drop025/fold_2017/collapse_monitoring/collapse_monitor_latest.json
[DEBUG CollapseMonitor] on_validation_epoch_start called for epoch 16
[DEBUG CollapseMonitor] reset_temporal_state() called on loss function
Epoch 16: val_loss=0.3790036737918854
Epoch 16: train_loss=0.5841222405433655

[CollapseMonitor] Epoch 16
  [DEBUG] Processed 4 batches from val_dataloader
  [DEBUG] Predictions shape after concat: (200,)
  Pred std: 0.004915, range: 0.022313, mean: 0.040862
  Pos: 100.0%, Neg: 0.0%, Unique: 198
  Dir Acc: 51.00%, Pred Sharpe: 131.9766
  Composite: 0.3851 (dist_match: 0.5100, actual_pos: 51.0%, pred_pos: 100.0%)
  Collapse penalty: 0.000000 (threshold: 0.005000)
  Saved validation predictions to: experiments/06b_rolling/daily_3q_h1_drop025/fold_2017/collapse_monitoring/val_predictions_epoch16.npy
  Gradient norms:
    lstm_encoder: 0.007204
    lstm_decoder: 0.005909
    output_layer: 0.176752
  VSN output std:
    encoder: 0.139736
  Attention entropy: 2.985298
  Saved to: experiments/06b_rolling/daily_3q_h1_drop025/fold_2017/collapse_monitoring/collapse_monitor_latest.json
[DEBUG CollapseMonitor] on_validation_epoch_start called for epoch 17
[DEBUG CollapseMonitor] reset_temporal_state() called on loss function
Epoch 17: val_loss=0.37757760286331177
Epoch 17: train_loss=0.5823760032653809

[CollapseMonitor] Epoch 17
  [DEBUG] Processed 4 batches from val_dataloader
  [DEBUG] Predictions shape after concat: (200,)
  Pred std: 0.005246, range: 0.023631, mean: 0.028819
  Pos: 100.0%, Neg: 0.0%, Unique: 200
  Dir Acc: 51.00%, Pred Sharpe: 87.2105
  Composite: 0.3851 (dist_match: 0.5100, actual_pos: 51.0%, pred_pos: 100.0%)
  Collapse penalty: 0.000000 (threshold: 0.005000)
  Saved validation predictions to: experiments/06b_rolling/daily_3q_h1_drop025/fold_2017/collapse_monitoring/val_predictions_epoch17.npy
  Gradient norms:
    lstm_encoder: 0.007287
    lstm_decoder: 0.005678
    output_layer: 0.173375
  VSN output std:
    encoder: 0.139330
  Attention entropy: 2.985255
  Saved to: experiments/06b_rolling/daily_3q_h1_drop025/fold_2017/collapse_monitoring/collapse_monitor_latest.json
[DEBUG CollapseMonitor] on_validation_epoch_start called for epoch 18
[DEBUG CollapseMonitor] reset_temporal_state() called on loss function
Epoch 18: val_loss=0.3761933147907257
Epoch 18: train_loss=0.58208167552948

[CollapseMonitor] Epoch 18
  [DEBUG] Processed 4 batches from val_dataloader
  [DEBUG] Predictions shape after concat: (200,)
  Pred std: 0.006246, range: 0.028784, mean: 0.006042
  Pos: 87.5%, Neg: 12.5%, Unique: 197
  Dir Acc: 52.50%, Pred Sharpe: 15.3568
  Composite: 0.4292 (dist_match: 0.6350, actual_pos: 51.0%, pred_pos: 87.5%)
  Collapse penalty: 0.000000 (threshold: 0.005000)
  Saved validation predictions to: experiments/06b_rolling/daily_3q_h1_drop025/fold_2017/collapse_monitoring/val_predictions_epoch18.npy
  Gradient norms:
    lstm_encoder: 0.007087
    lstm_decoder: 0.005552
    output_layer: 0.160138
  VSN output std:
    encoder: 0.139809
  Attention entropy: 2.984755
  Saved to: experiments/06b_rolling/daily_3q_h1_drop025/fold_2017/collapse_monitoring/collapse_monitor_latest.json
[DEBUG CollapseMonitor] on_validation_epoch_start called for epoch 19
[DEBUG CollapseMonitor] reset_temporal_state() called on loss function
Epoch 19: val_loss=0.3750022053718567
Epoch 19: train_loss=0.5797149538993835

[CollapseMonitor] Epoch 19
  [DEBUG] Processed 4 batches from val_dataloader
  [DEBUG] Predictions shape after concat: (200,)
  Pred std: 0.005842, range: 0.025604, mean: 0.023966
  Pos: 100.0%, Neg: 0.0%, Unique: 198
  Dir Acc: 51.00%, Pred Sharpe: 65.1203
  Composite: 0.3851 (dist_match: 0.5100, actual_pos: 51.0%, pred_pos: 100.0%)
  Collapse penalty: 0.000000 (threshold: 0.005000)
  Saved validation predictions to: experiments/06b_rolling/daily_3q_h1_drop025/fold_2017/collapse_monitoring/val_predictions_epoch19.npy
  Gradient norms:
    lstm_encoder: 0.007086
    lstm_decoder: 0.005660
    output_layer: 0.159819
  VSN output std:
    encoder: 0.140901
  Attention entropy: 2.984191
  Saved to: experiments/06b_rolling/daily_3q_h1_drop025/fold_2017/collapse_monitoring/collapse_monitor_latest.json
[DEBUG CollapseMonitor] on_validation_epoch_start called for epoch 20
[DEBUG CollapseMonitor] reset_temporal_state() called on loss function
Epoch 20: val_loss=0.37406420707702637
Epoch 20: train_loss=0.5818060040473938

[CollapseMonitor] Epoch 20
  [DEBUG] Processed 4 batches from val_dataloader
  [DEBUG] Predictions shape after concat: (200,)
  Pred std: 0.006178, range: 0.027970, mean: 0.039561
  Pos: 100.0%, Neg: 0.0%, Unique: 199
  Dir Acc: 51.00%, Pred Sharpe: 101.6467
  Composite: 0.3851 (dist_match: 0.5100, actual_pos: 51.0%, pred_pos: 100.0%)
  Collapse penalty: 0.000000 (threshold: 0.005000)
  Saved validation predictions to: experiments/06b_rolling/daily_3q_h1_drop025/fold_2017/collapse_monitoring/val_predictions_epoch20.npy
  Gradient norms:
    lstm_encoder: 0.007512
    lstm_decoder: 0.005652
    output_layer: 0.153815
  VSN output std:
    encoder: 0.141344
  Attention entropy: 2.983700
  Saved to: experiments/06b_rolling/daily_3q_h1_drop025/fold_2017/collapse_monitoring/collapse_monitor_latest.json
[DEBUG CollapseMonitor] on_validation_epoch_start called for epoch 21
[DEBUG CollapseMonitor] reset_temporal_state() called on loss function
Epoch 21: val_loss=0.37278446555137634
Epoch 21: train_loss=0.5737885236740112

[CollapseMonitor] Epoch 21
  [DEBUG] Processed 4 batches from val_dataloader
  [DEBUG] Predictions shape after concat: (200,)
  Pred std: 0.005579, range: 0.024726, mean: 0.033327
  Pos: 100.0%, Neg: 0.0%, Unique: 200
  Dir Acc: 51.00%, Pred Sharpe: 94.8267
  Composite: 0.3851 (dist_match: 0.5100, actual_pos: 51.0%, pred_pos: 100.0%)
  Collapse penalty: 0.000000 (threshold: 0.005000)
  Saved validation predictions to: experiments/06b_rolling/daily_3q_h1_drop025/fold_2017/collapse_monitoring/val_predictions_epoch21.npy
  Gradient norms:
    lstm_encoder: 0.007730
    lstm_decoder: 0.005916
    output_layer: 0.168507
  VSN output std:
    encoder: 0.141901
  Attention entropy: 2.982162
  Saved to: experiments/06b_rolling/daily_3q_h1_drop025/fold_2017/collapse_monitoring/collapse_monitor_latest.json
[DEBUG CollapseMonitor] on_validation_epoch_start called for epoch 22
[DEBUG CollapseMonitor] reset_temporal_state() called on loss function
Epoch 22: val_loss=0.3706620931625366
Epoch 22: train_loss=0.5792744159698486

[CollapseMonitor] Epoch 22
  [DEBUG] Processed 4 batches from val_dataloader
  [DEBUG] Predictions shape after concat: (200,)
  Pred std: 0.005601, range: 0.025440, mean: 0.012133
  Pos: 100.0%, Neg: 0.0%, Unique: 197
  Dir Acc: 51.00%, Pred Sharpe: 34.3890
  Composite: 0.3851 (dist_match: 0.5100, actual_pos: 51.0%, pred_pos: 100.0%)
  Collapse penalty: 0.000000 (threshold: 0.005000)
  Saved validation predictions to: experiments/06b_rolling/daily_3q_h1_drop025/fold_2017/collapse_monitoring/val_predictions_epoch22.npy
  Gradient norms:
    lstm_encoder: 0.007568
    lstm_decoder: 0.005864
    output_layer: 0.170446
  VSN output std:
    encoder: 0.143773
  Attention entropy: 2.977729
  Saved to: experiments/06b_rolling/daily_3q_h1_drop025/fold_2017/collapse_monitoring/collapse_monitor_latest.json
[DEBUG CollapseMonitor] on_validation_epoch_start called for epoch 23
[DEBUG CollapseMonitor] reset_temporal_state() called on loss function
Epoch 23: val_loss=0.3702688217163086
Epoch 23: train_loss=0.5774865746498108

[CollapseMonitor] Epoch 23
  [DEBUG] Processed 4 batches from val_dataloader
  [DEBUG] Predictions shape after concat: (200,)
  Pred std: 0.006143, range: 0.032170, mean: 0.027280
  Pos: 100.0%, Neg: 0.0%, Unique: 199
  Dir Acc: 51.00%, Pred Sharpe: 70.4960
  Composite: 0.3851 (dist_match: 0.5100, actual_pos: 51.0%, pred_pos: 100.0%)
  Collapse penalty: 0.000000 (threshold: 0.005000)
  Saved validation predictions to: experiments/06b_rolling/daily_3q_h1_drop025/fold_2017/collapse_monitoring/val_predictions_epoch23.npy
  Gradient norms:
    lstm_encoder: 0.007952
    lstm_decoder: 0.005972
    output_layer: 0.160445
  VSN output std:
    encoder: 0.144536
  Attention entropy: 2.976052
  Saved to: experiments/06b_rolling/daily_3q_h1_drop025/fold_2017/collapse_monitoring/collapse_monitor_latest.json
[DEBUG CollapseMonitor] on_validation_epoch_start called for epoch 24
[DEBUG CollapseMonitor] reset_temporal_state() called on loss function
Epoch 24: val_loss=0.3705938458442688
Epoch 24: train_loss=0.5773013830184937

[CollapseMonitor] Epoch 24
  [DEBUG] Processed 4 batches from val_dataloader
  [DEBUG] Predictions shape after concat: (200,)
  Pred std: 0.005576, range: 0.027112, mean: 0.008097
  Pos: 92.5%, Neg: 7.5%, Unique: 198
  Dir Acc: 52.50%, Pred Sharpe: 23.0513
  Composite: 0.4161 (dist_match: 0.5850, actual_pos: 51.0%, pred_pos: 92.5%)
  Collapse penalty: 0.000000 (threshold: 0.005000)
  Saved validation predictions to: experiments/06b_rolling/daily_3q_h1_drop025/fold_2017/collapse_monitoring/val_predictions_epoch24.npy
  Gradient norms:
    lstm_encoder: 0.007687
    lstm_decoder: 0.005790
    output_layer: 0.146965
  VSN output std:
    encoder: 0.144860
  Attention entropy: 2.977222
  Saved to: experiments/06b_rolling/daily_3q_h1_drop025/fold_2017/collapse_monitoring/collapse_monitor_latest.json
[DEBUG CollapseMonitor] on_validation_epoch_start called for epoch 25
[DEBUG CollapseMonitor] reset_temporal_state() called on loss function
Epoch 25: val_loss=0.3685751259326935
Epoch 25: train_loss=0.5727061033248901

[CollapseMonitor] Epoch 25
  [DEBUG] Processed 4 batches from val_dataloader
  [DEBUG] Predictions shape after concat: (200,)
  Pred std: 0.005295, range: 0.027068, mean: 0.028048
  Pos: 100.0%, Neg: 0.0%, Unique: 200
  Dir Acc: 51.00%, Pred Sharpe: 84.0953
  Composite: 0.3851 (dist_match: 0.5100, actual_pos: 51.0%, pred_pos: 100.0%)
  Collapse penalty: 0.000000 (threshold: 0.005000)
  Saved validation predictions to: experiments/06b_rolling/daily_3q_h1_drop025/fold_2017/collapse_monitoring/val_predictions_epoch25.npy
  Gradient norms:
    lstm_encoder: 0.008293
    lstm_decoder: 0.006101
    output_layer: 0.153556
  VSN output std:
    encoder: 0.147047
  Attention entropy: 2.971923
  Saved to: experiments/06b_rolling/daily_3q_h1_drop025/fold_2017/collapse_monitoring/collapse_monitor_latest.json
[DEBUG CollapseMonitor] on_validation_epoch_start called for epoch 26
[DEBUG CollapseMonitor] reset_temporal_state() called on loss function
Epoch 26: val_loss=0.3676721155643463
Epoch 26: train_loss=0.5715687274932861

[CollapseMonitor] Epoch 26
  [DEBUG] Processed 4 batches from val_dataloader
  [DEBUG] Predictions shape after concat: (200,)
  Pred std: 0.005793, range: 0.036716, mean: 0.031684
  Pos: 100.0%, Neg: 0.0%, Unique: 199
  Dir Acc: 51.00%, Pred Sharpe: 86.8174
  Composite: 0.3851 (dist_match: 0.5100, actual_pos: 51.0%, pred_pos: 100.0%)
  Collapse penalty: 0.000000 (threshold: 0.005000)
  Saved validation predictions to: experiments/06b_rolling/daily_3q_h1_drop025/fold_2017/collapse_monitoring/val_predictions_epoch26.npy
  Gradient norms:
    lstm_encoder: 0.008365
    lstm_decoder: 0.006244
    output_layer: 0.170738
  VSN output std:
    encoder: 0.147688
  Attention entropy: 2.969297
  Saved to: experiments/06b_rolling/daily_3q_h1_drop025/fold_2017/collapse_monitoring/collapse_monitor_latest.json
[DEBUG CollapseMonitor] on_validation_epoch_start called for epoch 27
[DEBUG CollapseMonitor] reset_temporal_state() called on loss function
Epoch 27: val_loss=0.3691222667694092
Epoch 27: train_loss=0.5722004771232605

[CollapseMonitor] Epoch 27
  [DEBUG] Processed 4 batches from val_dataloader
  [DEBUG] Predictions shape after concat: (200,)
  Pred std: 0.005834, range: 0.029397, mean: 0.050306
  Pos: 100.0%, Neg: 0.0%, Unique: 200
  Dir Acc: 51.00%, Pred Sharpe: 136.8894
  Composite: 0.3851 (dist_match: 0.5100, actual_pos: 51.0%, pred_pos: 100.0%)
  Collapse penalty: 0.000000 (threshold: 0.005000)
  Saved validation predictions to: experiments/06b_rolling/daily_3q_h1_drop025/fold_2017/collapse_monitoring/val_predictions_epoch27.npy
  Gradient norms:
    lstm_encoder: 0.008542
    lstm_decoder: 0.006290
    output_layer: 0.163457
  VSN output std:
    encoder: 0.148188
  Attention entropy: 2.971842
  Saved to: experiments/06b_rolling/daily_3q_h1_drop025/fold_2017/collapse_monitoring/collapse_monitor_latest.json
[DEBUG CollapseMonitor] on_validation_epoch_start called for epoch 28
[DEBUG CollapseMonitor] reset_temporal_state() called on loss function
Epoch 28: val_loss=0.36896732449531555
Epoch 28: train_loss=0.5705180764198303

[CollapseMonitor] Epoch 28
  [DEBUG] Processed 4 batches from val_dataloader
  [DEBUG] Predictions shape after concat: (200,)
  Pred std: 0.007842, range: 0.036345, mean: 0.041877
  Pos: 100.0%, Neg: 0.0%, Unique: 196
  Dir Acc: 51.00%, Pred Sharpe: 84.7737
  Composite: 0.3851 (dist_match: 0.5100, actual_pos: 51.0%, pred_pos: 100.0%)
  Collapse penalty: 0.000000 (threshold: 0.005000)
  Saved validation predictions to: experiments/06b_rolling/daily_3q_h1_drop025/fold_2017/collapse_monitoring/val_predictions_epoch28.npy
  Gradient norms:
    lstm_encoder: 0.008576
    lstm_decoder: 0.006402
    output_layer: 0.179102
  VSN output std:
    encoder: 0.149903
  Attention entropy: 2.971691
  Saved to: experiments/06b_rolling/daily_3q_h1_drop025/fold_2017/collapse_monitoring/collapse_monitor_latest.json
[DEBUG CollapseMonitor] on_validation_epoch_start called for epoch 29
[DEBUG CollapseMonitor] reset_temporal_state() called on loss function
Epoch 29: val_loss=0.36694571375846863
Epoch 29: train_loss=0.5695204734802246

[CollapseMonitor] Epoch 29
  [DEBUG] Processed 4 batches from val_dataloader
  [DEBUG] Predictions shape after concat: (200,)
  Pred std: 0.007992, range: 0.039636, mean: 0.032964
  Pos: 100.0%, Neg: 0.0%, Unique: 200
  Dir Acc: 51.00%, Pred Sharpe: 65.4782
  Composite: 0.3851 (dist_match: 0.5100, actual_pos: 51.0%, pred_pos: 100.0%)
  Collapse penalty: 0.000000 (threshold: 0.005000)
  Saved validation predictions to: experiments/06b_rolling/daily_3q_h1_drop025/fold_2017/collapse_monitoring/val_predictions_epoch29.npy
  Gradient norms:
    lstm_encoder: 0.008844
    lstm_decoder: 0.006601
    output_layer: 0.182656
  VSN output std:
    encoder: 0.152447
  Attention entropy: 2.968357
  Saved to: experiments/06b_rolling/daily_3q_h1_drop025/fold_2017/collapse_monitoring/collapse_monitor_latest.json
[DEBUG CollapseMonitor] on_validation_epoch_start called for epoch 30
[DEBUG CollapseMonitor] reset_temporal_state() called on loss function
Epoch 30: val_loss=0.3662527799606323
Epoch 30: train_loss=0.5697388648986816

[CollapseMonitor] Epoch 30
  [DEBUG] Processed 4 batches from val_dataloader
  [DEBUG] Predictions shape after concat: (200,)
  Pred std: 0.007984, range: 0.044827, mean: 0.046711
  Pos: 100.0%, Neg: 0.0%, Unique: 199
  Dir Acc: 51.00%, Pred Sharpe: 92.8766
  Composite: 0.3851 (dist_match: 0.5100, actual_pos: 51.0%, pred_pos: 100.0%)
  Collapse penalty: 0.000000 (threshold: 0.005000)
  Saved validation predictions to: experiments/06b_rolling/daily_3q_h1_drop025/fold_2017/collapse_monitoring/val_predictions_epoch30.npy
  Gradient norms:
    lstm_encoder: 0.008587
    lstm_decoder: 0.006253
    output_layer: 0.171772
  VSN output std:
    encoder: 0.153161
  Attention entropy: 2.966125
  Saved to: experiments/06b_rolling/daily_3q_h1_drop025/fold_2017/collapse_monitoring/collapse_monitor_latest.json
[DEBUG CollapseMonitor] on_validation_epoch_start called for epoch 31
[DEBUG CollapseMonitor] reset_temporal_state() called on loss function
Epoch 31: val_loss=0.36588260531425476
Epoch 31: train_loss=0.5695273876190186

[CollapseMonitor] Epoch 31
  [DEBUG] Processed 4 batches from val_dataloader
  [DEBUG] Predictions shape after concat: (200,)
  Pred std: 0.008852, range: 0.052352, mean: 0.054233
  Pos: 100.0%, Neg: 0.0%, Unique: 197
  Dir Acc: 51.00%, Pred Sharpe: 97.2561
  Composite: 0.3851 (dist_match: 0.5100, actual_pos: 51.0%, pred_pos: 100.0%)
  Collapse penalty: 0.000000 (threshold: 0.005000)
  Saved validation predictions to: experiments/06b_rolling/daily_3q_h1_drop025/fold_2017/collapse_monitoring/val_predictions_epoch31.npy
  Gradient norms:
    lstm_encoder: 0.008342
    lstm_decoder: 0.005811
    output_layer: 0.146683
  VSN output std:
    encoder: 0.154718
  Attention entropy: 2.963692
  Saved to: experiments/06b_rolling/daily_3q_h1_drop025/fold_2017/collapse_monitoring/collapse_monitor_latest.json
[DEBUG CollapseMonitor] on_validation_epoch_start called for epoch 32
[DEBUG CollapseMonitor] reset_temporal_state() called on loss function
Epoch 32: val_loss=0.3633413016796112
Epoch 32: train_loss=0.567331075668335

[CollapseMonitor] Epoch 32
  [DEBUG] Processed 4 batches from val_dataloader
  [DEBUG] Predictions shape after concat: (200,)
  Pred std: 0.013316, range: 0.081294, mean: 0.040476
  Pos: 100.0%, Neg: 0.0%, Unique: 200
  Dir Acc: 51.00%, Pred Sharpe: 48.2538
  Composite: 0.3851 (dist_match: 0.5100, actual_pos: 51.0%, pred_pos: 100.0%)
  Collapse penalty: 0.000000 (threshold: 0.005000)
  Saved validation predictions to: experiments/06b_rolling/daily_3q_h1_drop025/fold_2017/collapse_monitoring/val_predictions_epoch32.npy
  Gradient norms:
    lstm_encoder: 0.008723
    lstm_decoder: 0.006285
    output_layer: 0.162429
  VSN output std:
    encoder: 0.156906
  Attention entropy: 2.959693
  Saved to: experiments/06b_rolling/daily_3q_h1_drop025/fold_2017/collapse_monitoring/collapse_monitor_latest.json
[DEBUG CollapseMonitor] on_validation_epoch_start called for epoch 33
[DEBUG CollapseMonitor] reset_temporal_state() called on loss function
Epoch 33: val_loss=0.3638382852077484
Epoch 33: train_loss=0.568941056728363

[CollapseMonitor] Epoch 33
  [DEBUG] Processed 4 batches from val_dataloader
  [DEBUG] Predictions shape after concat: (200,)
  Pred std: 0.012639, range: 0.072790, mean: 0.040448
  Pos: 100.0%, Neg: 0.0%, Unique: 198
  Dir Acc: 51.00%, Pred Sharpe: 50.8032
  Composite: 0.3851 (dist_match: 0.5100, actual_pos: 51.0%, pred_pos: 100.0%)
  Collapse penalty: 0.000000 (threshold: 0.005000)
  Saved validation predictions to: experiments/06b_rolling/daily_3q_h1_drop025/fold_2017/collapse_monitoring/val_predictions_epoch33.npy
  Gradient norms:
    lstm_encoder: 0.008549
    lstm_decoder: 0.006094
    output_layer: 0.144813
  VSN output std:
    encoder: 0.157754
  Attention entropy: 2.962512
  Saved to: experiments/06b_rolling/daily_3q_h1_drop025/fold_2017/collapse_monitoring/collapse_monitor_latest.json
[DEBUG CollapseMonitor] on_validation_epoch_start called for epoch 34
[DEBUG CollapseMonitor] reset_temporal_state() called on loss function
Epoch 34: val_loss=0.36420634388923645
Epoch 34: train_loss=0.5660011172294617

[CollapseMonitor] Epoch 34
  [DEBUG] Processed 4 batches from val_dataloader
  [DEBUG] Predictions shape after concat: (200,)
  Pred std: 0.012369, range: 0.069061, mean: 0.046217
  Pos: 100.0%, Neg: 0.0%, Unique: 199
  Dir Acc: 51.00%, Pred Sharpe: 59.3140
  Composite: 0.3851 (dist_match: 0.5100, actual_pos: 51.0%, pred_pos: 100.0%)
  Collapse penalty: 0.000000 (threshold: 0.005000)
  Saved validation predictions to: experiments/06b_rolling/daily_3q_h1_drop025/fold_2017/collapse_monitoring/val_predictions_epoch34.npy
  Gradient norms:
    lstm_encoder: 0.008731
    lstm_decoder: 0.006155
    output_layer: 0.161215
  VSN output std:
    encoder: 0.159222
  Attention entropy: 2.966850
  Saved to: experiments/06b_rolling/daily_3q_h1_drop025/fold_2017/collapse_monitoring/collapse_monitor_latest.json
[DEBUG CollapseMonitor] on_validation_epoch_start called for epoch 35
[DEBUG CollapseMonitor] reset_temporal_state() called on loss function
Epoch 35: val_loss=0.3638628423213959
Epoch 35: train_loss=0.5646929740905762

[CollapseMonitor] Epoch 35
  [DEBUG] Processed 4 batches from val_dataloader
  [DEBUG] Predictions shape after concat: (200,)
  Pred std: 0.012631, range: 0.081763, mean: 0.045012
  Pos: 100.0%, Neg: 0.0%, Unique: 200
  Dir Acc: 51.00%, Pred Sharpe: 56.5698
  Composite: 0.3851 (dist_match: 0.5100, actual_pos: 51.0%, pred_pos: 100.0%)
  Collapse penalty: 0.000000 (threshold: 0.005000)
  Saved validation predictions to: experiments/06b_rolling/daily_3q_h1_drop025/fold_2017/collapse_monitoring/val_predictions_epoch35.npy
  Gradient norms:
    lstm_encoder: 0.009121
    lstm_decoder: 0.006236
    output_layer: 0.141480
  VSN output std:
    encoder: 0.160050
  Attention entropy: 2.965893
  Saved to: experiments/06b_rolling/daily_3q_h1_drop025/fold_2017/collapse_monitoring/collapse_monitor_latest.json
[DEBUG CollapseMonitor] on_validation_epoch_start called for epoch 36
[DEBUG CollapseMonitor] reset_temporal_state() called on loss function
Epoch 36: val_loss=0.36300891637802124
Epoch 36: train_loss=0.567415177822113

[CollapseMonitor] Epoch 36
  [DEBUG] Processed 4 batches from val_dataloader
  [DEBUG] Predictions shape after concat: (200,)
  Pred std: 0.012761, range: 0.077392, mean: 0.035937
  Pos: 100.0%, Neg: 0.0%, Unique: 200
  Dir Acc: 51.00%, Pred Sharpe: 44.7046
  Composite: 0.3851 (dist_match: 0.5100, actual_pos: 51.0%, pred_pos: 100.0%)
  Collapse penalty: 0.000000 (threshold: 0.005000)
  Saved validation predictions to: experiments/06b_rolling/daily_3q_h1_drop025/fold_2017/collapse_monitoring/val_predictions_epoch36.npy
  Gradient norms:
    lstm_encoder: 0.009819
    lstm_decoder: 0.006873
    output_layer: 0.163586
  VSN output std:
    encoder: 0.161754
  Attention entropy: 2.965080
  Saved to: experiments/06b_rolling/daily_3q_h1_drop025/fold_2017/collapse_monitoring/collapse_monitor_latest.json
[DEBUG CollapseMonitor] on_validation_epoch_start called for epoch 37
[DEBUG CollapseMonitor] reset_temporal_state() called on loss function
Epoch 37: val_loss=0.3653144836425781
Epoch 37: train_loss=0.5658866763114929

[CollapseMonitor] Epoch 37
  [DEBUG] Processed 4 batches from val_dataloader
  [DEBUG] Predictions shape after concat: (200,)
  Pred std: 0.010912, range: 0.049472, mean: 0.058536
  Pos: 100.0%, Neg: 0.0%, Unique: 199
  Dir Acc: 51.00%, Pred Sharpe: 85.1555
  Composite: 0.3851 (dist_match: 0.5100, actual_pos: 51.0%, pred_pos: 100.0%)
  Collapse penalty: 0.000000 (threshold: 0.005000)
  Saved validation predictions to: experiments/06b_rolling/daily_3q_h1_drop025/fold_2017/collapse_monitoring/val_predictions_epoch37.npy
  Gradient norms:
    lstm_encoder: 0.009136
    lstm_decoder: 0.006193
    output_layer: 0.163614
  VSN output std:
    encoder: 0.162682
  Attention entropy: 2.968106
  Saved to: experiments/06b_rolling/daily_3q_h1_drop025/fold_2017/collapse_monitoring/collapse_monitor_latest.json
[DEBUG CollapseMonitor] on_validation_epoch_start called for epoch 38
[DEBUG CollapseMonitor] reset_temporal_state() called on loss function
Epoch 38: val_loss=0.36713364720344543
Epoch 38: train_loss=0.565105140209198

[CollapseMonitor] Epoch 38
  [DEBUG] Processed 4 batches from val_dataloader
  [DEBUG] Predictions shape after concat: (200,)
  Pred std: 0.013006, range: 0.053451, mean: 0.042046
  Pos: 100.0%, Neg: 0.0%, Unique: 199
  Dir Acc: 51.00%, Pred Sharpe: 51.3212
  Composite: 0.3851 (dist_match: 0.5100, actual_pos: 51.0%, pred_pos: 100.0%)
  Collapse penalty: 0.000000 (threshold: 0.005000)
  Saved validation predictions to: experiments/06b_rolling/daily_3q_h1_drop025/fold_2017/collapse_monitoring/val_predictions_epoch38.npy
  Gradient norms:
    lstm_encoder: 0.009717
    lstm_decoder: 0.006704
    output_layer: 0.163773
  VSN output std:
    encoder: 0.163087
  Attention entropy: 2.972209
  Saved to: experiments/06b_rolling/daily_3q_h1_drop025/fold_2017/collapse_monitoring/collapse_monitor_latest.json
[DEBUG CollapseMonitor] on_validation_epoch_start called for epoch 39
[DEBUG CollapseMonitor] reset_temporal_state() called on loss function
Epoch 39: val_loss=0.3676662743091583
Epoch 39: train_loss=0.5645530819892883

[CollapseMonitor] Epoch 39
  [DEBUG] Processed 4 batches from val_dataloader
  [DEBUG] Predictions shape after concat: (200,)
  Pred std: 0.013307, range: 0.055796, mean: 0.053602
  Pos: 100.0%, Neg: 0.0%, Unique: 200
  Dir Acc: 51.00%, Pred Sharpe: 63.9439
  Composite: 0.3851 (dist_match: 0.5100, actual_pos: 51.0%, pred_pos: 100.0%)
  Collapse penalty: 0.000000 (threshold: 0.005000)
  Saved validation predictions to: experiments/06b_rolling/daily_3q_h1_drop025/fold_2017/collapse_monitoring/val_predictions_epoch39.npy
  Gradient norms:
    lstm_encoder: 0.010086
    lstm_decoder: 0.006831
    output_layer: 0.180145
  VSN output std:
    encoder: 0.163481
  Attention entropy: 2.972795
  Saved to: experiments/06b_rolling/daily_3q_h1_drop025/fold_2017/collapse_monitoring/collapse_monitor_latest.json
[DEBUG CollapseMonitor] on_validation_epoch_start called for epoch 40
[DEBUG CollapseMonitor] reset_temporal_state() called on loss function
Epoch 40: val_loss=0.3653506934642792
Epoch 40: train_loss=0.5606296062469482

[CollapseMonitor] Epoch 40
  [DEBUG] Processed 4 batches from val_dataloader
  [DEBUG] Predictions shape after concat: (200,)
  Pred std: 0.010858, range: 0.048542, mean: 0.053437
  Pos: 100.0%, Neg: 0.0%, Unique: 200
  Dir Acc: 51.00%, Pred Sharpe: 78.1277
  Composite: 0.3851 (dist_match: 0.5100, actual_pos: 51.0%, pred_pos: 100.0%)
  Collapse penalty: 0.000000 (threshold: 0.005000)
  Saved validation predictions to: experiments/06b_rolling/daily_3q_h1_drop025/fold_2017/collapse_monitoring/val_predictions_epoch40.npy
  Gradient norms:
    lstm_encoder: 0.009629
    lstm_decoder: 0.006350
    output_layer: 0.154174
  VSN output std:
    encoder: 0.164511
  Attention entropy: 2.971693
  Saved to: experiments/06b_rolling/daily_3q_h1_drop025/fold_2017/collapse_monitoring/collapse_monitor_latest.json
[DEBUG CollapseMonitor] on_validation_epoch_start called for epoch 41
[DEBUG CollapseMonitor] reset_temporal_state() called on loss function
Epoch 41: val_loss=0.36614716053009033
Epoch 41: train_loss=0.5632035136222839

[CollapseMonitor] Epoch 41
  [DEBUG] Processed 4 batches from val_dataloader
  [DEBUG] Predictions shape after concat: (200,)
  Pred std: 0.010145, range: 0.046058, mean: 0.058967
  Pos: 100.0%, Neg: 0.0%, Unique: 200
  Dir Acc: 51.00%, Pred Sharpe: 92.2675
  Composite: 0.3851 (dist_match: 0.5100, actual_pos: 51.0%, pred_pos: 100.0%)
  Collapse penalty: 0.000000 (threshold: 0.005000)
  Saved validation predictions to: experiments/06b_rolling/daily_3q_h1_drop025/fold_2017/collapse_monitoring/val_predictions_epoch41.npy
  Gradient norms:
    lstm_encoder: 0.009992
    lstm_decoder: 0.006749
    output_layer: 0.163613
  VSN output std:
    encoder: 0.164404
  Attention entropy: 2.974718
  Saved to: experiments/06b_rolling/daily_3q_h1_drop025/fold_2017/collapse_monitoring/collapse_monitor_latest.json
[DEBUG CollapseMonitor] on_validation_epoch_start called for epoch 42
[DEBUG CollapseMonitor] reset_temporal_state() called on loss function
Epoch 42: val_loss=0.3668502867221832
Epoch 42: train_loss=0.5640580058097839

[CollapseMonitor] Epoch 42
  [DEBUG] Processed 4 batches from val_dataloader
  [DEBUG] Predictions shape after concat: (200,)
  Pred std: 0.009751, range: 0.044500, mean: 0.051609
  Pos: 100.0%, Neg: 0.0%, Unique: 200
  Dir Acc: 51.00%, Pred Sharpe: 84.0193
  Composite: 0.3851 (dist_match: 0.5100, actual_pos: 51.0%, pred_pos: 100.0%)
  Collapse penalty: 0.000000 (threshold: 0.005000)
  Saved validation predictions to: experiments/06b_rolling/daily_3q_h1_drop025/fold_2017/collapse_monitoring/val_predictions_epoch42.npy
  Gradient norms:
    lstm_encoder: 0.009615
    lstm_decoder: 0.006412
    output_layer: 0.153982
  VSN output std:
    encoder: 0.164412
  Attention entropy: 2.976406
  Saved to: experiments/06b_rolling/daily_3q_h1_drop025/fold_2017/collapse_monitoring/collapse_monitor_latest.json
[DEBUG CollapseMonitor] on_validation_epoch_start called for epoch 43
[DEBUG CollapseMonitor] reset_temporal_state() called on loss function
Epoch 43: val_loss=0.36805352568626404
Epoch 43: train_loss=0.5614574551582336

[CollapseMonitor] Epoch 43
  [DEBUG] Processed 4 batches from val_dataloader
  [DEBUG] Predictions shape after concat: (200,)
  Pred std: 0.010314, range: 0.046310, mean: 0.035996
  Pos: 100.0%, Neg: 0.0%, Unique: 200
  Dir Acc: 51.00%, Pred Sharpe: 55.4013
  Composite: 0.3851 (dist_match: 0.5100, actual_pos: 51.0%, pred_pos: 100.0%)
  Collapse penalty: 0.000000 (threshold: 0.005000)
  Saved validation predictions to: experiments/06b_rolling/daily_3q_h1_drop025/fold_2017/collapse_monitoring/val_predictions_epoch43.npy
  Gradient norms:
    lstm_encoder: 0.010268
    lstm_decoder: 0.006844
    output_layer: 0.171065
  VSN output std:
    encoder: 0.164344
  Attention entropy: 2.978402
  Saved to: experiments/06b_rolling/daily_3q_h1_drop025/fold_2017/collapse_monitoring/collapse_monitor_latest.json
[DEBUG CollapseMonitor] on_validation_epoch_start called for epoch 44
[DEBUG CollapseMonitor] reset_temporal_state() called on loss function
Epoch 44: val_loss=0.36894935369491577
Epoch 44: train_loss=0.5624783635139465

[CollapseMonitor] Epoch 44
  [DEBUG] Processed 4 batches from val_dataloader
  [DEBUG] Predictions shape after concat: (200,)
  Pred std: 0.009972, range: 0.046478, mean: 0.041189
  Pos: 100.0%, Neg: 0.0%, Unique: 200
  Dir Acc: 51.00%, Pred Sharpe: 65.5708
  Composite: 0.3851 (dist_match: 0.5100, actual_pos: 51.0%, pred_pos: 100.0%)
  Collapse penalty: 0.000000 (threshold: 0.005000)
  Saved validation predictions to: experiments/06b_rolling/daily_3q_h1_drop025/fold_2017/collapse_monitoring/val_predictions_epoch44.npy
  Gradient norms:
    lstm_encoder: 0.010162
    lstm_decoder: 0.006780
    output_layer: 0.162912
  VSN output std:
    encoder: 0.164397
  Attention entropy: 2.979973
  Saved to: experiments/06b_rolling/daily_3q_h1_drop025/fold_2017/collapse_monitoring/collapse_monitor_latest.json
[DEBUG CollapseMonitor] on_validation_epoch_start called for epoch 45
[DEBUG CollapseMonitor] reset_temporal_state() called on loss function
Epoch 45: val_loss=0.3678458333015442
Epoch 45: train_loss=0.5619133710861206

[CollapseMonitor] Epoch 45
  [DEBUG] Processed 4 batches from val_dataloader
  [DEBUG] Predictions shape after concat: (200,)
  Pred std: 0.008860, range: 0.040976, mean: 0.044414
  Pos: 100.0%, Neg: 0.0%, Unique: 199
  Dir Acc: 51.00%, Pred Sharpe: 79.5793
  Composite: 0.3851 (dist_match: 0.5100, actual_pos: 51.0%, pred_pos: 100.0%)
  Collapse penalty: 0.000000 (threshold: 0.005000)
  Saved validation predictions to: experiments/06b_rolling/daily_3q_h1_drop025/fold_2017/collapse_monitoring/val_predictions_epoch45.npy
  Gradient norms:
    lstm_encoder: 0.010211
    lstm_decoder: 0.006757
    output_layer: 0.144958
  VSN output std:
    encoder: 0.165243
  Attention entropy: 2.978274
  Saved to: experiments/06b_rolling/daily_3q_h1_drop025/fold_2017/collapse_monitoring/collapse_monitor_latest.json
[DEBUG CollapseMonitor] on_validation_epoch_start called for epoch 46
[DEBUG CollapseMonitor] reset_temporal_state() called on loss function
Epoch 46: val_loss=0.3686596751213074
Epoch 46: train_loss=0.5632402300834656

[CollapseMonitor] Epoch 46
  [DEBUG] Processed 4 batches from val_dataloader
  [DEBUG] Predictions shape after concat: (200,)
  Pred std: 0.008447, range: 0.039141, mean: 0.050699
  Pos: 100.0%, Neg: 0.0%, Unique: 198
  Dir Acc: 51.00%, Pred Sharpe: 95.2758
  Composite: 0.3851 (dist_match: 0.5100, actual_pos: 51.0%, pred_pos: 100.0%)
  Collapse penalty: 0.000000 (threshold: 0.005000)
  Saved validation predictions to: experiments/06b_rolling/daily_3q_h1_drop025/fold_2017/collapse_monitoring/val_predictions_epoch46.npy
  Gradient norms:
    lstm_encoder: 0.010759
    lstm_decoder: 0.006970
    output_layer: 0.164966
  VSN output std:
    encoder: 0.165425
  Attention entropy: 2.979562
  Saved to: experiments/06b_rolling/daily_3q_h1_drop025/fold_2017/collapse_monitoring/collapse_monitor_latest.json
[DEBUG CollapseMonitor] on_validation_epoch_start called for epoch 47
[DEBUG CollapseMonitor] reset_temporal_state() called on loss function
Epoch 47: val_loss=0.3676754832267761
Epoch 47: train_loss=0.5612785220146179

[CollapseMonitor] Epoch 47
  [DEBUG] Processed 4 batches from val_dataloader
  [DEBUG] Predictions shape after concat: (200,)
  Pred std: 0.008306, range: 0.038887, mean: 0.045466
  Pos: 100.0%, Neg: 0.0%, Unique: 200
  Dir Acc: 51.00%, Pred Sharpe: 86.8941
  Composite: 0.3851 (dist_match: 0.5100, actual_pos: 51.0%, pred_pos: 100.0%)
  Collapse penalty: 0.000000 (threshold: 0.005000)
  Saved validation predictions to: experiments/06b_rolling/daily_3q_h1_drop025/fold_2017/collapse_monitoring/val_predictions_epoch47.npy
  Gradient norms:
    lstm_encoder: 0.010891
    lstm_decoder: 0.006691
    output_layer: 0.174265
  VSN output std:
    encoder: 0.166146
  Attention entropy: 2.978558
  Saved to: experiments/06b_rolling/daily_3q_h1_drop025/fold_2017/collapse_monitoring/collapse_monitor_latest.json
[DEBUG CollapseMonitor] on_validation_epoch_start called for epoch 48
[DEBUG CollapseMonitor] reset_temporal_state() called on loss function
Epoch 48: val_loss=0.36692535877227783
Epoch 48: train_loss=0.5603941082954407

[CollapseMonitor] Epoch 48
  [DEBUG] Processed 4 batches from val_dataloader
  [DEBUG] Predictions shape after concat: (200,)
  Pred std: 0.008078, range: 0.044776, mean: 0.052796
  Pos: 100.0%, Neg: 0.0%, Unique: 200
  Dir Acc: 51.00%, Pred Sharpe: 103.7580
  Composite: 0.3851 (dist_match: 0.5100, actual_pos: 51.0%, pred_pos: 100.0%)
  Collapse penalty: 0.000000 (threshold: 0.005000)
  Saved validation predictions to: experiments/06b_rolling/daily_3q_h1_drop025/fold_2017/collapse_monitoring/val_predictions_epoch48.npy
  Gradient norms:
    lstm_encoder: 0.010456
    lstm_decoder: 0.006685
    output_layer: 0.159186
  VSN output std:
    encoder: 0.166548
  Attention entropy: 2.978503
  Saved to: experiments/06b_rolling/daily_3q_h1_drop025/fold_2017/collapse_monitoring/collapse_monitor_latest.json
[DEBUG CollapseMonitor] on_validation_epoch_start called for epoch 49
[DEBUG CollapseMonitor] reset_temporal_state() called on loss function
Epoch 49: val_loss=0.3664626181125641
Epoch 49: train_loss=0.5617519021034241

[CollapseMonitor] Epoch 49
  [DEBUG] Processed 4 batches from val_dataloader
  [DEBUG] Predictions shape after concat: (200,)
  Pred std: 0.008153, range: 0.046334, mean: 0.040801
  Pos: 100.0%, Neg: 0.0%, Unique: 197
  Dir Acc: 51.00%, Pred Sharpe: 79.4381
  Composite: 0.3851 (dist_match: 0.5100, actual_pos: 51.0%, pred_pos: 100.0%)
  Collapse penalty: 0.000000 (threshold: 0.005000)
  Saved validation predictions to: experiments/06b_rolling/daily_3q_h1_drop025/fold_2017/collapse_monitoring/val_predictions_epoch49.npy
  Gradient norms:
    lstm_encoder: 0.010429
    lstm_decoder: 0.006814
    output_layer: 0.157507
  VSN output std:
    encoder: 0.166742
  Attention entropy: 2.978865
  Saved to: experiments/06b_rolling/daily_3q_h1_drop025/fold_2017/collapse_monitoring/collapse_monitor_latest.json
[DEBUG CollapseMonitor] on_validation_epoch_start called for epoch 50
[DEBUG CollapseMonitor] reset_temporal_state() called on loss function
Epoch 50: val_loss=0.3669626712799072
Epoch 50: train_loss=0.5599214434623718

[CollapseMonitor] Epoch 50
  [DEBUG] Processed 4 batches from val_dataloader
  [DEBUG] Predictions shape after concat: (200,)
  Pred std: 0.007843, range: 0.042985, mean: 0.042844
  Pos: 100.0%, Neg: 0.0%, Unique: 199
  Dir Acc: 51.00%, Pred Sharpe: 86.7222
  Composite: 0.3851 (dist_match: 0.5100, actual_pos: 51.0%, pred_pos: 100.0%)
  Collapse penalty: 0.000000 (threshold: 0.005000)
  Saved validation predictions to: experiments/06b_rolling/daily_3q_h1_drop025/fold_2017/collapse_monitoring/val_predictions_epoch50.npy
  Gradient norms:
    lstm_encoder: 0.011669
    lstm_decoder: 0.007510
    output_layer: 0.159980
  VSN output std:
    encoder: 0.166965
  Attention entropy: 2.980224
  Saved to: experiments/06b_rolling/daily_3q_h1_drop025/fold_2017/collapse_monitoring/collapse_monitor_latest.json
[DEBUG CollapseMonitor] on_validation_epoch_start called for epoch 51
[DEBUG CollapseMonitor] reset_temporal_state() called on loss function
Epoch 51: val_loss=0.3667534589767456
Epoch 51: train_loss=0.5593366622924805

[CollapseMonitor] Epoch 51
  [DEBUG] Processed 4 batches from val_dataloader
  [DEBUG] Predictions shape after concat: (200,)
  Pred std: 0.007880, range: 0.042231, mean: 0.035181
  Pos: 100.0%, Neg: 0.0%, Unique: 200
  Dir Acc: 51.00%, Pred Sharpe: 70.8721
  Composite: 0.3851 (dist_match: 0.5100, actual_pos: 51.0%, pred_pos: 100.0%)
  Collapse penalty: 0.000000 (threshold: 0.005000)
  Saved validation predictions to: experiments/06b_rolling/daily_3q_h1_drop025/fold_2017/collapse_monitoring/val_predictions_epoch51.npy
  Gradient norms:
    lstm_encoder: 0.010785
    lstm_decoder: 0.007184
    output_layer: 0.166180
  VSN output std:
    encoder: 0.167110
  Attention entropy: 2.980133
  Saved to: experiments/06b_rolling/daily_3q_h1_drop025/fold_2017/collapse_monitoring/collapse_monitor_latest.json


======================================================================
Training complete
======================================================================

Best val_loss checkpoint: experiments/06b_rolling/daily_3q_h1_drop025/fold_2017/checkpoints/tft-epoch=epoch=36-valloss=val_loss=0.3630.ckpt
Best validation loss: 0.363009
Checkpoints saved:
  - Best val_loss: experiments/06b_rolling/daily_3q_h1_drop025/fold_2017/checkpoints/tft-epoch=epoch=36-valloss=val_loss=0.3630.ckpt
  - Best pred_std: experiments/06b_rolling/daily_3q_h1_drop025/fold_2017/checkpoints/tft-epoch=epoch=32-predstd=val_pred_std=0.0133.ckpt
  - Best unique: experiments/06b_rolling/daily_3q_h1_drop025/fold_2017/checkpoints/tft-epoch=epoch=11-unique=val_num_unique=200.ckpt
  - Best dir_acc: experiments/06b_rolling/daily_3q_h1_drop025/fold_2017/checkpoints/tft-epoch=epoch=18-diracc=val_dir_acc=0.5250.ckpt
  - Best sharpe: experiments/06b_rolling/daily_3q_h1_drop025/fold_2017/checkpoints/tft-epoch=epoch=03-sharpe=val_sharpe=769.6534.ckpt
  - Best composite: experiments/06b_rolling/daily_3q_h1_drop025/fold_2017/checkpoints/tft-epoch=epoch=18-composite=val_composite=0.4292.ckpt
Completed at: 2025-12-14 09:41:50
Log saved to: experiments/06b_rolling/daily_3q_h1_drop025/fold_2017/training_20251214_093606.log
======================================================================
