Logging to: experiments/06a_weekly_sweep/h8_enc12_d015_bs32/vsn_analysis/vsn_analysis_20251129_215110.log
Analysis started at: 2025-11-29 21:51:10
======================================================================
Experiment: 06a_weekly_sweep/h8_enc12_d015_bs32
Output directory: experiments/06a_weekly_sweep/h8_enc12_d015_bs32/vsn_analysis
Loading config from: experiments/06a_weekly_sweep/h8_enc12_d015_bs32/config.json
Using best checkpoint: experiments/06a_weekly_sweep/h8_enc12_d015_bs32/checkpoints/tft-epoch=epoch=99-valloss=val_loss=0.9160.ckpt

Loading data...
Loading test data from: data/splits/vintage/core_proposal_weekly_vintage_test.csv
  Train samples: 1269
  Test samples: 273

Preparing test dataset...
Test dataset size: 261

Loading model...
Loading model from: experiments/06a_weekly_sweep/h8_enc12_d015_bs32/checkpoints/tft-epoch=epoch=99-valloss=val_loss=0.9160.ckpt
Model loaded on device: cuda

Extracting VSN weights...
  Encoder variables (5): ['relative_time_idx', 'VIX', 'Treasury_10Y', 'Yield_Spread', 'Inflation_YoY']
  Decoder variables (1): ['relative_time_idx']
  Static variables (1): ['encoder_length']

  DEBUG: Output type: <class 'pytorch_forecasting.utils.TupleOutputMixIn.to_network_output.<locals>.Output'>
  DEBUG: Output fields (NamedTuple): ('prediction', 'encoder_attention', 'decoder_attention', 'static_variables', 'encoder_variables', 'decoder_variables', 'decoder_lengths', 'encoder_lengths')
  DEBUG: output.encoder_variables shape: torch.Size([64, 12, 1, 5])
  DEBUG: output.static_variables shape: torch.Size([64, 1, 1])
  DEBUG: output.decoder_variables shape: torch.Size([64, 1, 1, 1])

Extraction complete:
  Samples: 261
  Encoder VSN shape: (261, 5)
  Decoder VSN shape: (261, 1)

Analysis period: 2020-10-16 to 2025-10-10

Creating temporal periods:
  2020: 11 samples
  2021: 53 samples
  2022: 52 samples
  2023: 52 samples
  2024: 52 samples
  2025: 41 samples

Analyzing VSN weights by period...

Comparing VSN patterns across periods...

Creating visualizations...
Saved VSN heatmap: experiments/06a_weekly_sweep/h8_enc12_d015_bs32/vsn_analysis/vsn_heatmap.png
Saved VSN comparison: experiments/06a_weekly_sweep/h8_enc12_d015_bs32/vsn_analysis/vsn_comparison.png
Saved concentration plot: experiments/06a_weekly_sweep/h8_enc12_d015_bs32/vsn_analysis/vsn_concentration.png

Saving results...
Saved results: experiments/06a_weekly_sweep/h8_enc12_d015_bs32/vsn_analysis/vsn_analysis_results.json

======================================================================
VSN ANALYSIS SUMMARY
======================================================================

Per-Period Feature Importance:
----------------------------------------------------------------------

2020 (11 samples):
  Concentration: 0.3649
  Top 5 features:
    VIX                            0.5306
    relative_time_idx              0.2329
    Yield_Spread                   0.1622
    Inflation_YoY                  0.0380
    Treasury_10Y                   0.0362

2021 (53 samples):
  Concentration: 0.3682
  Top 5 features:
    VIX                            0.5076
    relative_time_idx              0.3118
    Yield_Spread                   0.0994
    Treasury_10Y                   0.0457
    Inflation_YoY                  0.0354

2022 (52 samples):
  Concentration: 0.3279
  Top 5 features:
    VIX                            0.4502
    relative_time_idx              0.3123
    Yield_Spread                   0.1542
    Treasury_10Y                   0.0561
    Inflation_YoY                  0.0272

2023 (52 samples):
  Concentration: 0.2900
  Top 5 features:
    VIX                            0.3384
    Yield_Spread                   0.3309
    relative_time_idx              0.2503
    Treasury_10Y                   0.0494
    Inflation_YoY                  0.0311

2024 (52 samples):
  Concentration: 0.2910
  Top 5 features:
    VIX                            0.3436
    Yield_Spread                   0.3321
    relative_time_idx              0.2433
    Treasury_10Y                   0.0512
    Inflation_YoY                  0.0298

2025 (41 samples):
  Concentration: 0.3203
  Top 5 features:
    VIX                            0.4613
    relative_time_idx              0.2342
    Yield_Spread                   0.2202
    Treasury_10Y                   0.0594
    Inflation_YoY                  0.0249

----------------------------------------------------------------------
Period Comparisons:
----------------------------------------------------------------------

2020_vs_2021:
  Cosine similarity: 0.9853
  L2 distance: 0.1039
  Biggest increases: relative_time_idx(+0.079), Treasury_10Y(+0.009), Inflation_YoY(-0.003)
  Biggest decreases: Yield_Spread(-0.063), VIX(-0.023), Inflation_YoY(-0.003)

2020_vs_2022:
  Cosine similarity: 0.9821
  L2 distance: 0.1155
  Biggest increases: relative_time_idx(+0.079), Treasury_10Y(+0.020), Yield_Spread(-0.008)
  Biggest decreases: VIX(-0.080), Inflation_YoY(-0.011), Yield_Spread(-0.008)

2020_vs_2023:
  Cosine similarity: 0.9053
  L2 distance: 0.2567
  Biggest increases: Yield_Spread(+0.169), relative_time_idx(+0.017), Treasury_10Y(+0.013)
  Biggest decreases: VIX(-0.192), Inflation_YoY(-0.007), Treasury_10Y(+0.013)

2020_vs_2024:
  Cosine similarity: 0.9079
  L2 distance: 0.2534
  Biggest increases: Yield_Spread(+0.170), Treasury_10Y(+0.015), relative_time_idx(+0.010)
  Biggest decreases: VIX(-0.187), Inflation_YoY(-0.008), relative_time_idx(+0.010)

2020_vs_2025:
  Cosine similarity: 0.9891
  L2 distance: 0.0942
  Biggest increases: Yield_Spread(+0.058), Treasury_10Y(+0.023), relative_time_idx(+0.001)
  Biggest decreases: VIX(-0.069), Inflation_YoY(-0.013), relative_time_idx(+0.001)

2021_vs_2022:
  Cosine similarity: 0.9924
  L2 distance: 0.0805
  Biggest increases: Yield_Spread(+0.055), Treasury_10Y(+0.010), relative_time_idx(+0.000)
  Biggest decreases: VIX(-0.057), Inflation_YoY(-0.008), relative_time_idx(+0.000)

2021_vs_2023:
  Cosine similarity: 0.8755
  L2 distance: 0.2933
  Biggest increases: Yield_Spread(+0.231), Treasury_10Y(+0.004), Inflation_YoY(-0.004)
  Biggest decreases: VIX(-0.169), relative_time_idx(-0.062), Inflation_YoY(-0.004)

2021_vs_2024:
  Cosine similarity: 0.8759
  L2 distance: 0.2929
  Biggest increases: Yield_Spread(+0.233), Treasury_10Y(+0.006), Inflation_YoY(-0.006)
  Biggest decreases: VIX(-0.164), relative_time_idx(-0.069), Inflation_YoY(-0.006)

2021_vs_2025:
  Cosine similarity: 0.9689
  L2 distance: 0.1518
  Biggest increases: Yield_Spread(+0.121), Treasury_10Y(+0.014), Inflation_YoY(-0.010)
  Biggest decreases: relative_time_idx(-0.078), VIX(-0.046), Inflation_YoY(-0.010)

2022_vs_2023:
  Cosine similarity: 0.9247
  L2 distance: 0.2182
  Biggest increases: Yield_Spread(+0.177), Inflation_YoY(+0.004), Treasury_10Y(-0.007)
  Biggest decreases: VIX(-0.112), relative_time_idx(-0.062), Treasury_10Y(-0.007)

2022_vs_2024:
  Cosine similarity: 0.9244
  L2 distance: 0.2186
  Biggest increases: Yield_Spread(+0.178), Inflation_YoY(+0.003), Treasury_10Y(-0.005)
  Biggest decreases: VIX(-0.107), relative_time_idx(-0.069), Treasury_10Y(-0.005)

2022_vs_2025:
  Cosine similarity: 0.9837
  L2 distance: 0.1029
  Biggest increases: Yield_Spread(+0.066), VIX(+0.011), Treasury_10Y(+0.003)
  Biggest decreases: relative_time_idx(-0.078), Inflation_YoY(-0.002), Treasury_10Y(+0.003)

2023_vs_2024:
  Cosine similarity: 0.9999
  L2 distance: 0.0091
  Biggest increases: VIX(+0.005), Treasury_10Y(+0.002), Yield_Spread(+0.001)
  Biggest decreases: relative_time_idx(-0.007), Inflation_YoY(-0.001), Yield_Spread(+0.001)

2023_vs_2025:
  Cosine similarity: 0.9557
  L2 distance: 0.1666
  Biggest increases: VIX(+0.123), Treasury_10Y(+0.010), Inflation_YoY(-0.006)
  Biggest decreases: Yield_Spread(-0.111), relative_time_idx(-0.016), Inflation_YoY(-0.006)

2024_vs_2025:
  Cosine similarity: 0.9577
  L2 distance: 0.1629
  Biggest increases: VIX(+0.118), Treasury_10Y(+0.008), Inflation_YoY(-0.005)
  Biggest decreases: Yield_Spread(-0.112), relative_time_idx(-0.009), Inflation_YoY(-0.005)

======================================================================

Analysis complete!
Results saved to: experiments/06a_weekly_sweep/h8_enc12_d015_bs32/vsn_analysis
  - vsn_analysis_results.json
  - vsn_heatmap.png
  - vsn_comparison.png
  - vsn_concentration.png
