Logging to: experiments/12b_feature_sweep/core_dynamics_weekly_7q_h3_enc8_s42/attention_analysis_year/attention_analysis_20251213_234029.log
Analysis started at: 2025-12-13 23:40:29
======================================================================
Experiment: 12b_feature_sweep/core_dynamics_weekly_7q_h3_enc8_s42
Output directory: experiments/12b_feature_sweep/core_dynamics_weekly_7q_h3_enc8_s42/attention_analysis_year
Using best checkpoint: experiments/12b_feature_sweep/core_dynamics_weekly_7q_h3_enc8_s42/checkpoints/tft-epoch=epoch=70-valloss=val_loss=1.0531.ckpt

Loading data...
Loading test data from: data/splits/vintage/core_dynamics_weekly_vintage_test.csv
  Train samples: 908
  Test samples: 195

Preparing test dataset...
Test dataset size after filtering: 187

Loading model...
Loading model from: experiments/12b_feature_sweep/core_dynamics_weekly_7q_h3_enc8_s42/checkpoints/tft-epoch=epoch=70-valloss=val_loss=1.0531.ckpt
  Loaded baseline model, moved to device: cuda

Extracting attention patterns...
Extracting attention patterns...
Total batches to process: 2

Total predictions: 187
Total actuals: 187
Attention shape: (187, 8)
Encoder variables shape: (187, 9)

Prediction period: 2022-03-18T00:00:00.000000000 to 2025-10-10T00:00:00.000000000
Total predictions: 187

Creating temporal periods:
  2022: 42 samples
  2023: 52 samples
  2024: 52 samples
  2025: 41 samples

Attention over 8 encoder timesteps

Analyzing attention patterns by period...

Comparing attention patterns across periods...

Creating visualizations...
Saved attention heatmap: experiments/12b_feature_sweep/core_dynamics_weekly_7q_h3_enc8_s42/attention_analysis_year/attention_heatmap.png
Saved attention trends: experiments/12b_feature_sweep/core_dynamics_weekly_7q_h3_enc8_s42/attention_analysis_year/attention_trends.png
Saved feature importance comparison: experiments/12b_feature_sweep/core_dynamics_weekly_7q_h3_enc8_s42/attention_analysis_year/temporal_attention_comparison.png

Saving results...
Saved results: experiments/12b_feature_sweep/core_dynamics_weekly_7q_h3_enc8_s42/attention_analysis_year/attention_analysis_results.json

======================================================================
ATTENTION ANALYSIS SUMMARY
======================================================================

Per-Period Statistics:
----------------------------------------------------------------------

2022:
  Samples: 42
  Entropy: 2.0507 +/- 0.0167
  Concentration: 0.1251
  Top 5 features:
    t-2                            0.1265
    t-5                            0.1264
    t-4                            0.1263
    t-3                            0.1263
    t-6                            0.1261

2023:
  Samples: 52
  Entropy: 2.0591 +/- 0.0171
  Concentration: 0.1250
  Top 5 features:
    t-6                            0.1275
    t-7                            0.1270
    t-5                            0.1268
    t-4                            0.1258
    t-3                            0.1248

2024:
  Samples: 52
  Entropy: 2.0380 +/- 0.0612
  Concentration: 0.1253
  Top 5 features:
    t-1                            0.1335
    t-2                            0.1289
    t-3                            0.1278
    t-4                            0.1271
    t-5                            0.1259

2025:
  Samples: 41
  Entropy: 2.0215 +/- 0.0518
  Concentration: 0.1251
  Top 5 features:
    t-1                            0.1307
    t-2                            0.1289
    t-3                            0.1270
    t-4                            0.1253
    t-5                            0.1242

----------------------------------------------------------------------
Period Comparisons:
----------------------------------------------------------------------

2022_vs_2023:
  Cosine similarity: 0.9998
  L2 distance: 0.0064
  Entropy change: 0.0084
  Concentration change: -0.0000

2022_vs_2024:
  Cosine similarity: 0.9995
  L2 distance: 0.0108
  Entropy change: -0.0127
  Concentration change: 0.0002

2022_vs_2025:
  Cosine similarity: 0.9998
  L2 distance: 0.0074
  Entropy change: -0.0293
  Concentration change: 0.0000

2023_vs_2024:
  Cosine similarity: 0.9989
  L2 distance: 0.0165
  Entropy change: -0.0211
  Concentration change: 0.0002

2023_vs_2025:
  Cosine similarity: 0.9994
  L2 distance: 0.0120
  Entropy change: -0.0377
  Concentration change: 0.0001

2024_vs_2025:
  Cosine similarity: 0.9998
  L2 distance: 0.0067
  Entropy change: -0.0166
  Concentration change: -0.0002

======================================================================

Analysis complete!
Results saved to: experiments/12b_feature_sweep/core_dynamics_weekly_7q_h3_enc8_s42/attention_analysis_year
  - attention_analysis_results.json
  - attention_heatmap.png
  - attention_trends.png
  - temporal_attention_comparison.png
