
[INFO] Using AUTO device selection.

[INFO] Patched matplotlib.Axes.errorbar to abs() negative yerr for robustness.
======================================================================
Training TFT: 06b_rolling/daily_7q_h30/fold_2024
======================================================================
Logging to: experiments/06b_rolling/daily_7q_h30/fold_2024/training_20251214_001349.log
Started at: 2025-12-14 00:13:49
======================================================================

Loading data splits...
Train: 2469 samples
Val: 219 samples
Test: 220 samples

Preparing TimeSeriesDataSet...

Dropping source columns (used for staleness only): ['CPI']

Final features for TFT: ['SP500_Returns', 'VIX', 'Treasury_10Y', 'Yield_Spread', 'Inflation_YoY', 'cumret_5', 'cumret_10', 'cumret_20', 'cumret_30']

======================================================================
FEATURE STATISTICS - BEFORE NORMALIZATION
======================================================================
VIX                             mean= 17.8118  std=  7.4001  min=  9.1400  max= 82.6900
Treasury_10Y                    mean=  2.1340  std=  0.6774  min=  0.5200  max=  4.2500
Yield_Spread                    mean=  0.9913  std=  0.7199  min= -0.6800  max=  2.6600
Inflation_YoY                   mean=  2.3868  std=  2.1794  min= -0.2176  max=  9.9709

======================================================================
TARGET CONFIGURATION
======================================================================
Target variable: SP500_Returns
  Mode: Point return prediction (single-step)
  Target stats: mean=0.0482, std=1.1095
  Dropping unused cumret columns: ['cumret_5', 'cumret_10', 'cumret_20', 'cumret_30']
======================================================================

======================================================================
FEATURES AFTER GROUPNORMALIZER (first batch, last timestep)
======================================================================
VIX                             normalized_value=  1.0000
Treasury_10Y                    normalized_value= -0.0500
Yield_Spread                    normalized_value=  1.1121
Inflation_YoY                   normalized_value= -2.1320
======================================================================

Configuration saved to: experiments/06b_rolling/daily_7q_h30/fold_2024/config.json
[DEBUG] VIX train values: [14.68 14.56 13.83 13.79 13.62]
[DEBUG] VIX val values: [22.9  22.01 22.46 21.13 21.97]
Batches per epoch: 37
[DEBUG] Validation batches: 3
[DEBUG] Validation dataset size: 170
[DEBUG] Batch size: 64

Initializing model...

Quantile configuration: 7q
  Quantiles: [0.02, 0.1, 0.25, 0.5, 0.75, 0.9, 0.98]
  Output size: 7
  Median index: 3

Using standard QuantileLoss (no penalties)

[REGIME OUTPUT] Disabled (using baseline output layer)

[STALENESS ATTENTION] Disabled

================================================================================
BASELINE MODEL FEATURE CONFIGURATION (after from_dataset)
================================================================================
tft.hparams.time_varying_reals_encoder: ['relative_time_idx', 'VIX', 'Treasury_10Y', 'Yield_Spread', 'Inflation_YoY']
  Count: 5

tft.hparams.time_varying_reals_decoder: ['relative_time_idx']
  Count: 1

tft.hparams.x_reals (all reals passed to model): ['encoder_length', 'relative_time_idx', 'VIX', 'Treasury_10Y', 'Yield_Spread', 'Inflation_YoY']
  Count: 6

Encoder VSN configuration:
  num_inputs: 5
  input_sizes: {'relative_time_idx': 16, 'VIX': 16, 'Treasury_10Y': 16, 'Yield_Spread': 16, 'Inflation_YoY': 16}
  flattened_grn.fc1: in_features=80, out_features=5
  -> Params in fc1: 400 (should be 5*16*5=400 if 5 features)
================================================================================

Model parameters: 22,615

Starting training...
Checkpoints will be saved to: experiments/06b_rolling/daily_7q_h30/fold_2024/checkpoints/
Logs will be saved to: experiments/06b_rolling/daily_7q_h30/fold_2024/logs/

[DEBUG CollapseMonitor] on_validation_epoch_start called for epoch 0
[DEBUG CollapseMonitor] reset_temporal_state() called on loss function
Epoch 0: val_loss=N/A
[DEBUG CollapseMonitor] on_validation_epoch_start called for epoch 0
[DEBUG CollapseMonitor] reset_temporal_state() called on loss function
Epoch 0: val_loss=0.5894336700439453
Epoch 0: train_loss=0.6801892518997192

[CollapseMonitor] Epoch 0
  [DEBUG] Processed 3 batches, 30 horizon(s)
  Multi-horizon metrics (30 horizons):
    h1: std=0.0056, dir_acc=51.8%, pos=100%, unique=170, sharpe=242.78
    h2: std=0.0052, dir_acc=51.2%, pos=100%, unique=168, sharpe=466.02
    h3: std=0.0047, dir_acc=51.2%, pos=100%, unique=167, sharpe=621.79
    h4: std=0.0044, dir_acc=51.8%, pos=100%, unique=170, sharpe=735.05
    h5: std=0.0042, dir_acc=52.4%, pos=100%, unique=169, sharpe=817.73
    ... (25 more horizons)
  Aggregate: std_avg=0.0041, dir_acc_avg=51.8%, composite_avg=0.3936
  H1 detail: range=0.0221, mean=0.0862, dist_match=0.5176
  Collapse penalty: 0.000000 (threshold: 0.005000)
  Saved validation predictions to: experiments/06b_rolling/daily_7q_h30/fold_2024/collapse_monitoring/val_predictions_epoch0.npz
  Gradient norms:
    lstm_encoder: 0.001718
    lstm_decoder: 0.024181
    output_layer: 0.619373
  VSN output std:
    encoder: 0.246739
  Attention entropy: 2.994612
  Saved to: experiments/06b_rolling/daily_7q_h30/fold_2024/collapse_monitoring/collapse_monitor_latest.json
[DEBUG CollapseMonitor] on_validation_epoch_start called for epoch 1
[DEBUG CollapseMonitor] reset_temporal_state() called on loss function
Epoch 1: val_loss=0.5389146208763123
Epoch 1: train_loss=0.6471843123435974

[CollapseMonitor] Epoch 1
  [DEBUG] Processed 3 batches, 30 horizon(s)
  Multi-horizon metrics (30 horizons):
    h1: std=0.0040, dir_acc=51.8%, pos=100%, unique=169, sharpe=111.26
    h2: std=0.0039, dir_acc=51.2%, pos=100%, unique=167, sharpe=338.13
    h3: std=0.0037, dir_acc=51.2%, pos=100%, unique=170, sharpe=473.17
    h4: std=0.0034, dir_acc=51.8%, pos=100%, unique=168, sharpe=566.07
    h5: std=0.0033, dir_acc=52.4%, pos=100%, unique=168, sharpe=614.93
    ... (25 more horizons)
  Aggregate: std_avg=0.0038, dir_acc_avg=51.8%, composite_avg=0.3936
  H1 detail: range=0.0149, mean=0.0277, dist_match=0.5176
  Collapse penalty: 0.000000 (threshold: 0.005000)
  Saved validation predictions to: experiments/06b_rolling/daily_7q_h30/fold_2024/collapse_monitoring/val_predictions_epoch1.npz
  Gradient norms:
    lstm_encoder: 0.001509
    lstm_decoder: 0.022205
    output_layer: 0.567709
  VSN output std:
    encoder: 0.245990
  Attention entropy: 2.995036
  Saved to: experiments/06b_rolling/daily_7q_h30/fold_2024/collapse_monitoring/collapse_monitor_latest.json
[DEBUG CollapseMonitor] on_validation_epoch_start called for epoch 2
[DEBUG CollapseMonitor] reset_temporal_state() called on loss function
Epoch 2: val_loss=0.4809945523738861
Epoch 2: train_loss=0.596990704536438

[CollapseMonitor] Epoch 2
  [DEBUG] Processed 3 batches, 30 horizon(s)
  Multi-horizon metrics (30 horizons):
    h1: std=0.0032, dir_acc=51.8%, pos=100%, unique=168, sharpe=33.00
    h2: std=0.0036, dir_acc=51.2%, pos=100%, unique=166, sharpe=217.73
    h3: std=0.0038, dir_acc=51.2%, pos=100%, unique=164, sharpe=277.57
    h4: std=0.0037, dir_acc=51.8%, pos=100%, unique=167, sharpe=310.78
    h5: std=0.0034, dir_acc=52.4%, pos=100%, unique=166, sharpe=327.32
    ... (25 more horizons)
  Aggregate: std_avg=0.0030, dir_acc_avg=51.8%, composite_avg=0.3936
  H1 detail: range=0.0127, mean=0.0067, dist_match=0.5176
  Collapse penalty: 0.000000 (threshold: 0.005000)
  Saved validation predictions to: experiments/06b_rolling/daily_7q_h30/fold_2024/collapse_monitoring/val_predictions_epoch2.npz
  Gradient norms:
    lstm_encoder: 0.001186
    lstm_decoder: 0.019120
    output_layer: 0.493231
  VSN output std:
    encoder: 0.245109
  Attention entropy: 2.995372
  Saved to: experiments/06b_rolling/daily_7q_h30/fold_2024/collapse_monitoring/collapse_monitor_latest.json
[DEBUG CollapseMonitor] on_validation_epoch_start called for epoch 3
[DEBUG CollapseMonitor] reset_temporal_state() called on loss function
Epoch 3: val_loss=0.42914527654647827
Epoch 3: train_loss=0.5473283529281616

[CollapseMonitor] Epoch 3
  [DEBUG] Processed 3 batches, 30 horizon(s)
  Multi-horizon metrics (30 horizons):
    h1: std=0.0028, dir_acc=51.8%, pos=100%, unique=170, sharpe=51.57
    h2: std=0.0037, dir_acc=51.2%, pos=100%, unique=169, sharpe=194.96
    h3: std=0.0043, dir_acc=51.2%, pos=100%, unique=168, sharpe=205.12
    h4: std=0.0044, dir_acc=51.8%, pos=100%, unique=170, sharpe=194.21
    h5: std=0.0043, dir_acc=52.4%, pos=100%, unique=168, sharpe=170.44
    ... (25 more horizons)
  Aggregate: std_avg=0.0032, dir_acc_avg=49.2%, composite_avg=0.3706
  H1 detail: range=0.0112, mean=0.0092, dist_match=0.5176
  Collapse penalty: 0.000000 (threshold: 0.005000)
  Saved validation predictions to: experiments/06b_rolling/daily_7q_h30/fold_2024/collapse_monitoring/val_predictions_epoch3.npz
  Gradient norms:
    lstm_encoder: 0.000776
    lstm_decoder: 0.015126
    output_layer: 0.401642
  VSN output std:
    encoder: 0.244351
  Attention entropy: 2.995482
  Saved to: experiments/06b_rolling/daily_7q_h30/fold_2024/collapse_monitoring/collapse_monitor_latest.json
[DEBUG CollapseMonitor] on_validation_epoch_start called for epoch 4
[DEBUG CollapseMonitor] reset_temporal_state() called on loss function
Epoch 4: val_loss=0.39195516705513
Epoch 4: train_loss=0.5027815103530884

[CollapseMonitor] Epoch 4
  [DEBUG] Processed 3 batches, 30 horizon(s)
  Multi-horizon metrics (30 horizons):
    h1: std=0.0024, dir_acc=51.8%, pos=100%, unique=169, sharpe=66.39
    h2: std=0.0027, dir_acc=51.2%, pos=100%, unique=169, sharpe=287.58
    h3: std=0.0033, dir_acc=51.2%, pos=100%, unique=166, sharpe=293.33
    h4: std=0.0035, dir_acc=51.8%, pos=100%, unique=167, sharpe=271.62
    h5: std=0.0037, dir_acc=52.4%, pos=100%, unique=169, sharpe=232.58
    ... (25 more horizons)
  Aggregate: std_avg=0.0035, dir_acc_avg=49.2%, composite_avg=0.3687
  H1 detail: range=0.0092, mean=0.0100, dist_match=0.5176
  Collapse penalty: 0.000000 (threshold: 0.005000)
  Saved validation predictions to: experiments/06b_rolling/daily_7q_h30/fold_2024/collapse_monitoring/val_predictions_epoch4.npz
  Gradient norms:
    lstm_encoder: 0.000512
    lstm_decoder: 0.011492
    output_layer: 0.297647
  VSN output std:
    encoder: 0.243955
  Attention entropy: 2.995397
  Saved to: experiments/06b_rolling/daily_7q_h30/fold_2024/collapse_monitoring/collapse_monitor_latest.json
[DEBUG CollapseMonitor] on_validation_epoch_start called for epoch 5
[DEBUG CollapseMonitor] reset_temporal_state() called on loss function
Epoch 5: val_loss=0.3713201880455017
Epoch 5: train_loss=0.47651243209838867

[CollapseMonitor] Epoch 5
  [DEBUG] Processed 3 batches, 30 horizon(s)
  Multi-horizon metrics (30 horizons):
    h1: std=0.0022, dir_acc=51.8%, pos=100%, unique=170, sharpe=74.37
    h2: std=0.0022, dir_acc=51.2%, pos=100%, unique=167, sharpe=381.03
    h3: std=0.0028, dir_acc=51.2%, pos=100%, unique=167, sharpe=397.78
    h4: std=0.0030, dir_acc=51.8%, pos=100%, unique=168, sharpe=390.09
    h5: std=0.0031, dir_acc=52.4%, pos=100%, unique=168, sharpe=367.06
    ... (25 more horizons)
  Aggregate: std_avg=0.0033, dir_acc_avg=49.5%, composite_avg=0.3736
  H1 detail: range=0.0086, mean=0.0104, dist_match=0.5176
  Collapse penalty: 0.000000 (threshold: 0.005000)
  Saved validation predictions to: experiments/06b_rolling/daily_7q_h30/fold_2024/collapse_monitoring/val_predictions_epoch5.npz
  Gradient norms:
    lstm_encoder: 0.000401
    lstm_decoder: 0.007884
    output_layer: 0.204493
  VSN output std:
    encoder: 0.243224
  Attention entropy: 2.995314
  Saved to: experiments/06b_rolling/daily_7q_h30/fold_2024/collapse_monitoring/collapse_monitor_latest.json
[DEBUG CollapseMonitor] on_validation_epoch_start called for epoch 6
[DEBUG CollapseMonitor] reset_temporal_state() called on loss function
Epoch 6: val_loss=0.35658642649650574
Epoch 6: train_loss=0.45872631669044495

[CollapseMonitor] Epoch 6
  [DEBUG] Processed 3 batches, 30 horizon(s)
  Multi-horizon metrics (30 horizons):
    h1: std=0.0021, dir_acc=51.8%, pos=100%, unique=167, sharpe=36.35
    h2: std=0.0023, dir_acc=51.2%, pos=100%, unique=168, sharpe=379.07
    h3: std=0.0028, dir_acc=51.2%, pos=100%, unique=167, sharpe=426.82
    h4: std=0.0030, dir_acc=51.8%, pos=100%, unique=168, sharpe=446.24
    h5: std=0.0030, dir_acc=52.4%, pos=100%, unique=169, sharpe=445.22
    ... (25 more horizons)
  Aggregate: std_avg=0.0031, dir_acc_avg=49.8%, composite_avg=0.3790
  H1 detail: range=0.0078, mean=0.0048, dist_match=0.5176
  Collapse penalty: 0.000000 (threshold: 0.005000)
  Saved validation predictions to: experiments/06b_rolling/daily_7q_h30/fold_2024/collapse_monitoring/val_predictions_epoch6.npz
  Gradient norms:
    lstm_encoder: 0.000328
    lstm_decoder: 0.004765
    output_layer: 0.137069
  VSN output std:
    encoder: 0.241037
  Attention entropy: 2.995302
  Saved to: experiments/06b_rolling/daily_7q_h30/fold_2024/collapse_monitoring/collapse_monitor_latest.json
[DEBUG CollapseMonitor] on_validation_epoch_start called for epoch 7
[DEBUG CollapseMonitor] reset_temporal_state() called on loss function
Epoch 7: val_loss=0.3490220904350281
Epoch 7: train_loss=0.4462067782878876

[CollapseMonitor] Epoch 7
  [DEBUG] Processed 3 batches, 30 horizon(s)
  Multi-horizon metrics (30 horizons):
    h1: std=0.0023, dir_acc=48.2%, pos=0%, unique=167, sharpe=-96.39
    h2: std=0.0028, dir_acc=51.2%, pos=100%, unique=169, sharpe=249.86
    h3: std=0.0034, dir_acc=51.2%, pos=100%, unique=168, sharpe=328.39
    h4: std=0.0035, dir_acc=51.8%, pos=100%, unique=169, sharpe=364.74
    h5: std=0.0034, dir_acc=52.4%, pos=100%, unique=168, sharpe=380.19
    ... (25 more horizons)
  Aggregate: std_avg=0.0031, dir_acc_avg=51.8%, composite_avg=0.3934
  H1 detail: range=0.0091, mean=-0.0137, dist_match=0.4824
  Collapse penalty: 0.000000 (threshold: 0.005000)
  Saved validation predictions to: experiments/06b_rolling/daily_7q_h30/fold_2024/collapse_monitoring/val_predictions_epoch7.npz
  Gradient norms:
    lstm_encoder: 0.000237
    lstm_decoder: 0.002759
    output_layer: 0.091332
  VSN output std:
    encoder: 0.239241
  Attention entropy: 2.995362
  Saved to: experiments/06b_rolling/daily_7q_h30/fold_2024/collapse_monitoring/collapse_monitor_latest.json
[DEBUG CollapseMonitor] on_validation_epoch_start called for epoch 8
[DEBUG CollapseMonitor] reset_temporal_state() called on loss function
Epoch 8: val_loss=0.3453717529773712
Epoch 8: train_loss=0.4377497136592865

[CollapseMonitor] Epoch 8
  [DEBUG] Processed 3 batches, 30 horizon(s)
  Multi-horizon metrics (30 horizons):
    h1: std=0.0024, dir_acc=48.2%, pos=0%, unique=169, sharpe=-275.36
    h2: std=0.0032, dir_acc=51.2%, pos=100%, unique=170, sharpe=99.39
    h3: std=0.0038, dir_acc=51.2%, pos=100%, unique=169, sharpe=197.24
    h4: std=0.0039, dir_acc=51.8%, pos=100%, unique=167, sharpe=236.41
    h5: std=0.0038, dir_acc=52.4%, pos=100%, unique=168, sharpe=253.63
    ... (25 more horizons)
  Aggregate: std_avg=0.0028, dir_acc_avg=51.7%, composite_avg=0.3925
  H1 detail: range=0.0104, mean=-0.0424, dist_match=0.4824
  Collapse penalty: 0.000000 (threshold: 0.005000)
  Saved validation predictions to: experiments/06b_rolling/daily_7q_h30/fold_2024/collapse_monitoring/val_predictions_epoch8.npz
  Gradient norms:
    lstm_encoder: 0.000178
    lstm_decoder: 0.001781
    output_layer: 0.062904
  VSN output std:
    encoder: 0.237986
  Attention entropy: 2.995397
  Saved to: experiments/06b_rolling/daily_7q_h30/fold_2024/collapse_monitoring/collapse_monitor_latest.json
[DEBUG CollapseMonitor] on_validation_epoch_start called for epoch 9
[DEBUG CollapseMonitor] reset_temporal_state() called on loss function
Epoch 9: val_loss=0.3443944752216339
Epoch 9: train_loss=0.4337924122810364

[CollapseMonitor] Epoch 9
  [DEBUG] Processed 3 batches, 30 horizon(s)
  Multi-horizon metrics (30 horizons):
    h1: std=0.0023, dir_acc=48.2%, pos=0%, unique=168, sharpe=-272.98
    h2: std=0.0029, dir_acc=51.2%, pos=100%, unique=169, sharpe=128.28
    h3: std=0.0035, dir_acc=51.2%, pos=100%, unique=169, sharpe=226.33
    h4: std=0.0036, dir_acc=51.8%, pos=100%, unique=167, sharpe=270.02
    h5: std=0.0035, dir_acc=52.4%, pos=100%, unique=170, sharpe=295.27
    ... (25 more horizons)
  Aggregate: std_avg=0.0023, dir_acc_avg=51.7%, composite_avg=0.3925
  H1 detail: range=0.0095, mean=-0.0394, dist_match=0.4824
  Collapse penalty: 0.000000 (threshold: 0.005000)
  Saved validation predictions to: experiments/06b_rolling/daily_7q_h30/fold_2024/collapse_monitoring/val_predictions_epoch9.npz
  Gradient norms:
    lstm_encoder: 0.000160
    lstm_decoder: 0.001436
    output_layer: 0.047116
  VSN output std:
    encoder: 0.237745
  Attention entropy: 2.995380
  Saved to: experiments/06b_rolling/daily_7q_h30/fold_2024/collapse_monitoring/collapse_monitor_latest.json
[DEBUG CollapseMonitor] on_validation_epoch_start called for epoch 10
[DEBUG CollapseMonitor] reset_temporal_state() called on loss function
Epoch 10: val_loss=0.34459972381591797
Epoch 10: train_loss=0.4314008355140686

[CollapseMonitor] Epoch 10
  [DEBUG] Processed 3 batches, 30 horizon(s)
  Multi-horizon metrics (30 horizons):
    h1: std=0.0023, dir_acc=48.2%, pos=0%, unique=168, sharpe=-225.75
    h2: std=0.0023, dir_acc=51.2%, pos=100%, unique=166, sharpe=192.65
    h3: std=0.0030, dir_acc=51.2%, pos=100%, unique=169, sharpe=286.04
    h4: std=0.0031, dir_acc=51.8%, pos=100%, unique=169, sharpe=329.53
    h5: std=0.0030, dir_acc=52.4%, pos=100%, unique=167, sharpe=357.11
    ... (25 more horizons)
  Aggregate: std_avg=0.0020, dir_acc_avg=51.7%, composite_avg=0.3925
  H1 detail: range=0.0094, mean=-0.0323, dist_match=0.4824
  Collapse penalty: 0.000000 (threshold: 0.005000)
  Saved validation predictions to: experiments/06b_rolling/daily_7q_h30/fold_2024/collapse_monitoring/val_predictions_epoch10.npz
  Gradient norms:
    lstm_encoder: 0.000151
    lstm_decoder: 0.001204
    output_layer: 0.036660
  VSN output std:
    encoder: 0.238494
  Attention entropy: 2.995308
  Saved to: experiments/06b_rolling/daily_7q_h30/fold_2024/collapse_monitoring/collapse_monitor_latest.json
[DEBUG CollapseMonitor] on_validation_epoch_start called for epoch 11
[DEBUG CollapseMonitor] reset_temporal_state() called on loss function
Epoch 11: val_loss=0.34482675790786743
Epoch 11: train_loss=0.43032917380332947

[CollapseMonitor] Epoch 11
  [DEBUG] Processed 3 batches, 30 horizon(s)
  Multi-horizon metrics (30 horizons):
    h1: std=0.0024, dir_acc=48.2%, pos=0%, unique=167, sharpe=-195.79
    h2: std=0.0020, dir_acc=51.2%, pos=100%, unique=165, sharpe=233.06
    h3: std=0.0027, dir_acc=51.2%, pos=100%, unique=166, sharpe=320.61
    h4: std=0.0028, dir_acc=51.8%, pos=100%, unique=170, sharpe=360.49
    h5: std=0.0027, dir_acc=52.4%, pos=100%, unique=166, sharpe=386.37
    ... (25 more horizons)
  Aggregate: std_avg=0.0020, dir_acc_avg=51.7%, composite_avg=0.3925
  H1 detail: range=0.0104, mean=-0.0298, dist_match=0.4824
  Collapse penalty: 0.000000 (threshold: 0.005000)
  Saved validation predictions to: experiments/06b_rolling/daily_7q_h30/fold_2024/collapse_monitoring/val_predictions_epoch11.npz
  Gradient norms:
    lstm_encoder: 0.000139
    lstm_decoder: 0.001014
    output_layer: 0.030609
  VSN output std:
    encoder: 0.239257
  Attention entropy: 2.995129
  Saved to: experiments/06b_rolling/daily_7q_h30/fold_2024/collapse_monitoring/collapse_monitor_latest.json
[DEBUG CollapseMonitor] on_validation_epoch_start called for epoch 12
[DEBUG CollapseMonitor] reset_temporal_state() called on loss function
Epoch 12: val_loss=0.3448820114135742
Epoch 12: train_loss=0.4300158619880676

[CollapseMonitor] Epoch 12
  [DEBUG] Processed 3 batches, 30 horizon(s)
  Multi-horizon metrics (30 horizons):
    h1: std=0.0027, dir_acc=48.2%, pos=0%, unique=167, sharpe=-150.36
    h2: std=0.0016, dir_acc=51.2%, pos=100%, unique=165, sharpe=307.14
    h3: std=0.0023, dir_acc=51.2%, pos=100%, unique=167, sharpe=380.24
    h4: std=0.0024, dir_acc=51.8%, pos=100%, unique=167, sharpe=410.00
    h5: std=0.0024, dir_acc=52.4%, pos=100%, unique=169, sharpe=429.45
    ... (25 more horizons)
  Aggregate: std_avg=0.0020, dir_acc_avg=51.7%, composite_avg=0.3925
  H1 detail: range=0.0117, mean=-0.0256, dist_match=0.4824
  Collapse penalty: 0.000000 (threshold: 0.005000)
  Saved validation predictions to: experiments/06b_rolling/daily_7q_h30/fold_2024/collapse_monitoring/val_predictions_epoch12.npz
  Gradient norms:
    lstm_encoder: 0.000137
    lstm_decoder: 0.000953
    output_layer: 0.027254
  VSN output std:
    encoder: 0.239942
  Attention entropy: 2.994902
  Saved to: experiments/06b_rolling/daily_7q_h30/fold_2024/collapse_monitoring/collapse_monitor_latest.json
[DEBUG CollapseMonitor] on_validation_epoch_start called for epoch 13
[DEBUG CollapseMonitor] reset_temporal_state() called on loss function
Epoch 13: val_loss=0.34533122181892395
Epoch 13: train_loss=0.42953234910964966

[CollapseMonitor] Epoch 13
  [DEBUG] Processed 3 batches, 30 horizon(s)
  Multi-horizon metrics (30 horizons):
    h1: std=0.0033, dir_acc=48.2%, pos=0%, unique=168, sharpe=-102.48
    h2: std=0.0012, dir_acc=51.2%, pos=100%, unique=168, sharpe=442.68
    h3: std=0.0017, dir_acc=51.2%, pos=100%, unique=166, sharpe=523.87
    h4: std=0.0019, dir_acc=51.8%, pos=100%, unique=168, sharpe=528.10
    h5: std=0.0020, dir_acc=52.4%, pos=100%, unique=168, sharpe=531.95
    ... (25 more horizons)
  Aggregate: std_avg=0.0024, dir_acc_avg=51.7%, composite_avg=0.3925
  H1 detail: range=0.0140, mean=-0.0213, dist_match=0.4824
  Collapse penalty: 0.000000 (threshold: 0.005000)
  Saved validation predictions to: experiments/06b_rolling/daily_7q_h30/fold_2024/collapse_monitoring/val_predictions_epoch13.npz
  Gradient norms:
    lstm_encoder: 0.000135
    lstm_decoder: 0.001010
    output_layer: 0.027059
  VSN output std:
    encoder: 0.240216
  Attention entropy: 2.994526
  Saved to: experiments/06b_rolling/daily_7q_h30/fold_2024/collapse_monitoring/collapse_monitor_latest.json
[DEBUG CollapseMonitor] on_validation_epoch_start called for epoch 14
[DEBUG CollapseMonitor] reset_temporal_state() called on loss function
Epoch 14: val_loss=0.34550896286964417
Epoch 14: train_loss=0.4279231131076813

[CollapseMonitor] Epoch 14
  [DEBUG] Processed 3 batches, 30 horizon(s)
  Multi-horizon metrics (30 horizons):
    h1: std=0.0044, dir_acc=48.2%, pos=0%, unique=169, sharpe=-51.15
    h2: std=0.0015, dir_acc=51.2%, pos=100%, unique=165, sharpe=416.71
    h3: std=0.0010, dir_acc=51.2%, pos=100%, unique=167, sharpe=914.05
    h4: std=0.0012, dir_acc=51.8%, pos=100%, unique=166, sharpe=912.10
    h5: std=0.0012, dir_acc=52.4%, pos=100%, unique=166, sharpe=867.45
    ... (25 more horizons)
  Aggregate: std_avg=0.0030, dir_acc_avg=51.7%, composite_avg=0.3925
  H1 detail: range=0.0180, mean=-0.0143, dist_match=0.4824
  Collapse penalty: 0.000000 (threshold: 0.005000)
  Saved validation predictions to: experiments/06b_rolling/daily_7q_h30/fold_2024/collapse_monitoring/val_predictions_epoch14.npz
  Gradient norms:
    lstm_encoder: 0.000148
    lstm_decoder: 0.000966
    output_layer: 0.026156
  VSN output std:
    encoder: 0.237913
  Attention entropy: 2.993913
  Saved to: experiments/06b_rolling/daily_7q_h30/fold_2024/collapse_monitoring/collapse_monitor_latest.json
[DEBUG CollapseMonitor] on_validation_epoch_start called for epoch 15
[DEBUG CollapseMonitor] reset_temporal_state() called on loss function
Epoch 15: val_loss=0.3455301523208618
Epoch 15: train_loss=0.42818883061408997

[CollapseMonitor] Epoch 15
  [DEBUG] Processed 3 batches, 30 horizon(s)
  Multi-horizon metrics (30 horizons):
    h1: std=0.0053, dir_acc=50.0%, pos=2%, unique=168, sharpe=-38.43
    h2: std=0.0021, dir_acc=51.2%, pos=100%, unique=168, sharpe=290.37
    h3: std=0.0012, dir_acc=51.2%, pos=100%, unique=164, sharpe=786.18
    h4: std=0.0011, dir_acc=51.8%, pos=100%, unique=165, sharpe=1014.63
    h5: std=0.0011, dir_acc=52.4%, pos=100%, unique=161, sharpe=1026.12
    ... (25 more horizons)
  Aggregate: std_avg=0.0038, dir_acc_avg=51.8%, composite_avg=0.3930
  H1 detail: range=0.0208, mean=-0.0129, dist_match=0.5000
  Collapse penalty: 0.000000 (threshold: 0.005000)
  Saved validation predictions to: experiments/06b_rolling/daily_7q_h30/fold_2024/collapse_monitoring/val_predictions_epoch15.npz
  Gradient norms:
    lstm_encoder: 0.000154
    lstm_decoder: 0.000867
    output_layer: 0.024750
  VSN output std:
    encoder: 0.235694
  Attention entropy: 2.993498
  Saved to: experiments/06b_rolling/daily_7q_h30/fold_2024/collapse_monitoring/collapse_monitor_latest.json
[DEBUG CollapseMonitor] on_validation_epoch_start called for epoch 16
[DEBUG CollapseMonitor] reset_temporal_state() called on loss function
Epoch 16: val_loss=0.34564849734306335
Epoch 16: train_loss=0.4282895624637604

[CollapseMonitor] Epoch 16
  [DEBUG] Processed 3 batches, 30 horizon(s)
  Multi-horizon metrics (30 horizons):
    h1: std=0.0072, dir_acc=50.0%, pos=14%, unique=170, sharpe=-20.42
    h2: std=0.0039, dir_acc=51.2%, pos=100%, unique=169, sharpe=169.78
    h3: std=0.0026, dir_acc=51.2%, pos=100%, unique=170, sharpe=372.60
    h4: std=0.0021, dir_acc=51.8%, pos=100%, unique=169, sharpe=514.84
    h5: std=0.0018, dir_acc=52.4%, pos=100%, unique=169, sharpe=600.15
    ... (25 more horizons)
  Aggregate: std_avg=0.0048, dir_acc_avg=51.8%, composite_avg=0.3940
  H1 detail: range=0.0265, mean=-0.0092, dist_match=0.6176
  Collapse penalty: 0.000000 (threshold: 0.005000)
  Saved validation predictions to: experiments/06b_rolling/daily_7q_h30/fold_2024/collapse_monitoring/val_predictions_epoch16.npz
  Gradient norms:
    lstm_encoder: 0.000159
    lstm_decoder: 0.000856
    output_layer: 0.023659
  VSN output std:
    encoder: 0.231998
  Attention entropy: 2.992638
  Saved to: experiments/06b_rolling/daily_7q_h30/fold_2024/collapse_monitoring/collapse_monitor_latest.json
[DEBUG CollapseMonitor] on_validation_epoch_start called for epoch 17
[DEBUG CollapseMonitor] reset_temporal_state() called on loss function
Epoch 17: val_loss=0.34572532773017883
Epoch 17: train_loss=0.4238261878490448

[CollapseMonitor] Epoch 17
  [DEBUG] Processed 3 batches, 30 horizon(s)
  Multi-horizon metrics (30 horizons):
    h1: std=0.0098, dir_acc=51.2%, pos=28%, unique=167, sharpe=-14.36
    h2: std=0.0065, dir_acc=51.2%, pos=100%, unique=165, sharpe=97.85
    h3: std=0.0051, dir_acc=51.2%, pos=100%, unique=169, sharpe=185.87
    h4: std=0.0044, dir_acc=51.8%, pos=100%, unique=164, sharpe=240.28
    h5: std=0.0038, dir_acc=52.4%, pos=100%, unique=166, sharpe=274.26
    ... (25 more horizons)
  Aggregate: std_avg=0.0063, dir_acc_avg=51.8%, composite_avg=0.3955
  H1 detail: range=0.0335, mean=-0.0088, dist_match=0.7588
  Collapse penalty: 0.000000 (threshold: 0.005000)
  Saved validation predictions to: experiments/06b_rolling/daily_7q_h30/fold_2024/collapse_monitoring/val_predictions_epoch17.npz
  Gradient norms:
    lstm_encoder: 0.000175
    lstm_decoder: 0.000895
    output_layer: 0.023558
  VSN output std:
    encoder: 0.228735
  Attention entropy: 2.992006
  Saved to: experiments/06b_rolling/daily_7q_h30/fold_2024/collapse_monitoring/collapse_monitor_latest.json
[DEBUG CollapseMonitor] on_validation_epoch_start called for epoch 18
[DEBUG CollapseMonitor] reset_temporal_state() called on loss function
Epoch 18: val_loss=0.345931738615036
Epoch 18: train_loss=0.42401251196861267

[CollapseMonitor] Epoch 18
  [DEBUG] Processed 3 batches, 30 horizon(s)
  Multi-horizon metrics (30 horizons):
    h1: std=0.0144, dir_acc=50.0%, pos=35%, unique=170, sharpe=-2.23
    h2: std=0.0112, dir_acc=51.2%, pos=100%, unique=169, sharpe=64.68
    h3: std=0.0097, dir_acc=51.2%, pos=100%, unique=170, sharpe=107.03
    h4: std=0.0087, dir_acc=51.8%, pos=100%, unique=169, sharpe=130.47
    h5: std=0.0078, dir_acc=52.4%, pos=100%, unique=170, sharpe=144.09
    ... (25 more horizons)
  Aggregate: std_avg=0.0084, dir_acc_avg=51.8%, composite_avg=0.3958
  H1 detail: range=0.0464, mean=-0.0020, dist_match=0.8294
  Collapse penalty: 0.000000 (threshold: 0.005000)
  Saved validation predictions to: experiments/06b_rolling/daily_7q_h30/fold_2024/collapse_monitoring/val_predictions_epoch18.npz
  Gradient norms:
    lstm_encoder: 0.000197
    lstm_decoder: 0.000959
    output_layer: 0.025389
  VSN output std:
    encoder: 0.224548
  Attention entropy: 2.991003
  Saved to: experiments/06b_rolling/daily_7q_h30/fold_2024/collapse_monitoring/collapse_monitor_latest.json
[DEBUG CollapseMonitor] on_validation_epoch_start called for epoch 19
[DEBUG CollapseMonitor] reset_temporal_state() called on loss function
Epoch 19: val_loss=0.34591418504714966
Epoch 19: train_loss=0.4238181412220001

[CollapseMonitor] Epoch 19
  [DEBUG] Processed 3 batches, 30 horizon(s)
  Multi-horizon metrics (30 horizons):
    h1: std=0.0223, dir_acc=50.6%, pos=36%, unique=169, sharpe=-1.02
    h2: std=0.0193, dir_acc=51.2%, pos=100%, unique=169, sharpe=35.90
    h3: std=0.0176, dir_acc=51.2%, pos=100%, unique=169, sharpe=55.33
    h4: std=0.0164, dir_acc=51.8%, pos=100%, unique=169, sharpe=64.14
    h5: std=0.0153, dir_acc=52.4%, pos=100%, unique=169, sharpe=67.57
    ... (25 more horizons)
  Aggregate: std_avg=0.0107, dir_acc_avg=50.9%, composite_avg=0.4012
  H1 detail: range=0.0680, mean=-0.0014, dist_match=0.8471
  Collapse penalty: 0.000000 (threshold: 0.005000)
  Saved validation predictions to: experiments/06b_rolling/daily_7q_h30/fold_2024/collapse_monitoring/val_predictions_epoch19.npz
  Gradient norms:
    lstm_encoder: 0.000224
    lstm_decoder: 0.000948
    output_layer: 0.025907
  VSN output std:
    encoder: 0.219602
  Attention entropy: 2.989663
  Saved to: experiments/06b_rolling/daily_7q_h30/fold_2024/collapse_monitoring/collapse_monitor_latest.json


======================================================================
Training complete
======================================================================

Best val_loss checkpoint: experiments/06b_rolling/daily_7q_h30/fold_2024/checkpoints/tft-epoch=epoch=09-valloss=val_loss=0.3444.ckpt
Best validation loss: 0.344394
Checkpoints saved:
  - Best val_loss: experiments/06b_rolling/daily_7q_h30/fold_2024/checkpoints/tft-epoch=epoch=09-valloss=val_loss=0.3444.ckpt
  - Best pred_std: experiments/06b_rolling/daily_7q_h30/fold_2024/checkpoints/tft-epoch=epoch=19-predstd=val_pred_std=0.0223.ckpt
  - Best unique: experiments/06b_rolling/daily_7q_h30/fold_2024/checkpoints/tft-epoch=epoch=00-unique=val_num_unique=170.ckpt
  - Best dir_acc: experiments/06b_rolling/daily_7q_h30/fold_2024/checkpoints/tft-epoch=epoch=00-diracc=val_dir_acc=0.5176.ckpt
  - Best sharpe: experiments/06b_rolling/daily_7q_h30/fold_2024/checkpoints/tft-epoch=epoch=00-sharpe=val_sharpe=242.7814.ckpt
  - Best composite: experiments/06b_rolling/daily_7q_h30/fold_2024/checkpoints/tft-epoch=epoch=19-composite=val_composite=0.4672.ckpt
Completed at: 2025-12-14 00:16:03
Log saved to: experiments/06b_rolling/daily_7q_h30/fold_2024/training_20251214_001349.log
======================================================================
