Logging to: experiments/01_staleness_features_fixed/sweep_stale_h18_drop0.15_lr5/vsn_analysis/vsn_analysis_20251210_125233.log
Analysis started at: 2025-12-10 12:52:33
======================================================================
Experiment: 01_staleness_features_fixed/sweep_stale_h18_drop0.15_lr5
Output directory: experiments/01_staleness_features_fixed/sweep_stale_h18_drop0.15_lr5/vsn_analysis
Loading config from: experiments/01_staleness_features_fixed/sweep_stale_h18_drop0.15_lr5/config.json
Using best checkpoint: experiments/01_staleness_features_fixed/sweep_stale_h18_drop0.15_lr5/checkpoints/tft-epoch=96-val_loss=0.3927.ckpt

Loading data...
Loading test data from: data/splits/fixed/core_proposal_daily_fixed_test.csv
Adding staleness features...
  Train samples: 6066
  Test samples: 1300

Preparing test dataset...
Test dataset size: 1280

Loading model...
Loading model from: experiments/01_staleness_features_fixed/sweep_stale_h18_drop0.15_lr5/checkpoints/tft-epoch=96-val_loss=0.3927.ckpt
  Model loaded on device: cpu

Extracting VSN weights...
  Encoder variables (7): ['relative_time_idx', 'VIX', 'Treasury_10Y', 'Yield_Spread', 'Inflation_YoY']...
  Decoder variables (1): ['relative_time_idx']
  Static variables (1): ['encoder_length']

  DEBUG: Output type: <class 'pytorch_forecasting.utils.TupleOutputMixIn.to_network_output.<locals>.Output'>
  DEBUG: Output fields (NamedTuple): ('prediction', 'encoder_attention', 'decoder_attention', 'static_variables', 'encoder_variables', 'decoder_variables', 'decoder_lengths', 'encoder_lengths')
  DEBUG: output.encoder_variables shape: torch.Size([64, 20, 1, 7])
  DEBUG: output.static_variables shape: torch.Size([64, 1, 1])
  DEBUG: output.decoder_variables shape: torch.Size([64, 1, 1, 1])
  Processed batch 20/20

Extraction complete:
  Samples: 1280
  Encoder VSN shape: (1280, 7)
  Decoder VSN shape: (1280, 1)

Analysis period: 2020-08-19 to 2025-10-06

Creating temporal periods:
  2020: 92 samples
  2021: 250 samples
  2022: 249 samples
  2023: 249 samples
  2024: 250 samples
  2025: 190 samples

Analyzing VSN weights by period...

Comparing VSN patterns across periods...

Creating visualizations...
Saved VSN heatmap: experiments/01_staleness_features_fixed/sweep_stale_h18_drop0.15_lr5/vsn_analysis/vsn_heatmap.png
Saved VSN comparison: experiments/01_staleness_features_fixed/sweep_stale_h18_drop0.15_lr5/vsn_analysis/vsn_comparison.png
Saved concentration plot: experiments/01_staleness_features_fixed/sweep_stale_h18_drop0.15_lr5/vsn_analysis/vsn_concentration.png

Saving results...
Saved results: experiments/01_staleness_features_fixed/sweep_stale_h18_drop0.15_lr5/vsn_analysis/vsn_analysis_results.json

======================================================================
VSN ANALYSIS SUMMARY
======================================================================

Per-Period Feature Importance:
----------------------------------------------------------------------

2020 (92 samples):
  Concentration: 0.3469
  Top 5 features:
    VIX                            0.5443
    Inflation_YoY                  0.1652
    CPI_is_fresh                   0.1084
    days_since_CPI_update          0.0942
    relative_time_idx              0.0355

2021 (250 samples):
  Concentration: 0.3307
  Top 5 features:
    VIX                            0.5299
    Inflation_YoY                  0.1528
    CPI_is_fresh                   0.1052
    days_since_CPI_update          0.1034
    relative_time_idx              0.0606

2022 (249 samples):
  Concentration: 0.3103
  Top 5 features:
    VIX                            0.5065
    Inflation_YoY                  0.1543
    days_since_CPI_update          0.1089
    CPI_is_fresh                   0.0924
    relative_time_idx              0.0922

2023 (249 samples):
  Concentration: 0.3212
  Top 5 features:
    VIX                            0.5186
    Inflation_YoY                  0.1505
    CPI_is_fresh                   0.1178
    days_since_CPI_update          0.1020
    relative_time_idx              0.0641

2024 (250 samples):
  Concentration: 0.3150
  Top 5 features:
    VIX                            0.5080
    Inflation_YoY                  0.1557
    CPI_is_fresh                   0.1382
    days_since_CPI_update          0.0992
    relative_time_idx              0.0502

2025 (190 samples):
  Concentration: 0.3365
  Top 5 features:
    VIX                            0.5340
    Inflation_YoY                  0.1418
    CPI_is_fresh                   0.1408
    days_since_CPI_update          0.0924
    relative_time_idx              0.0405

----------------------------------------------------------------------
Period Comparisons:
----------------------------------------------------------------------

2020_vs_2021:
  Cosine similarity: 0.9986
  L2 distance: 0.0335
  Biggest increases: relative_time_idx(+0.025), days_since_CPI_update(+0.009), Yield_Spread(+0.002)
  Biggest decreases: VIX(-0.014), Inflation_YoY(-0.012), Treasury_10Y(-0.006)

2020_vs_2022:
  Cosine similarity: 0.9934
  L2 distance: 0.0732
  Biggest increases: relative_time_idx(+0.057), days_since_CPI_update(+0.015), Yield_Spread(+0.004)
  Biggest decreases: VIX(-0.038), CPI_is_fresh(-0.016), Inflation_YoY(-0.011)

2020_vs_2023:
  Cosine similarity: 0.9979
  L2 distance: 0.0439
  Biggest increases: relative_time_idx(+0.029), CPI_is_fresh(+0.009), days_since_CPI_update(+0.008)
  Biggest decreases: VIX(-0.026), Inflation_YoY(-0.015), Treasury_10Y(-0.009)

2020_vs_2024:
  Cosine similarity: 0.9972
  L2 distance: 0.0509
  Biggest increases: CPI_is_fresh(+0.030), relative_time_idx(+0.015), days_since_CPI_update(+0.005)
  Biggest decreases: VIX(-0.036), Inflation_YoY(-0.010), Treasury_10Y(-0.007)

2020_vs_2025:
  Cosine similarity: 0.9975
  L2 distance: 0.0419
  Biggest increases: CPI_is_fresh(+0.032), relative_time_idx(+0.005), Yield_Spread(+0.002)
  Biggest decreases: Inflation_YoY(-0.023), VIX(-0.010), Treasury_10Y(-0.004)

2021_vs_2022:
  Cosine similarity: 0.9978
  L2 distance: 0.0420
  Biggest increases: relative_time_idx(+0.032), days_since_CPI_update(+0.005), Yield_Spread(+0.002)
  Biggest decreases: VIX(-0.023), CPI_is_fresh(-0.013), Treasury_10Y(-0.004)

2021_vs_2023:
  Cosine similarity: 0.9996
  L2 distance: 0.0177
  Biggest increases: CPI_is_fresh(+0.013), relative_time_idx(+0.004), Yield_Spread(+0.001)
  Biggest decreases: VIX(-0.011), Treasury_10Y(-0.003), Inflation_YoY(-0.002)

2021_vs_2024:
  Cosine similarity: 0.9977
  L2 distance: 0.0412
  Biggest increases: CPI_is_fresh(+0.033), Inflation_YoY(+0.003), Yield_Spread(+0.001)
  Biggest decreases: VIX(-0.022), relative_time_idx(-0.010), days_since_CPI_update(-0.004)

2021_vs_2025:
  Cosine similarity: 0.9971
  L2 distance: 0.0439
  Biggest increases: CPI_is_fresh(+0.036), VIX(+0.004), Treasury_10Y(+0.002)
  Biggest decreases: relative_time_idx(-0.020), Inflation_YoY(-0.011), days_since_CPI_update(-0.011)

2022_vs_2023:
  Cosine similarity: 0.9975
  L2 distance: 0.0405
  Biggest increases: CPI_is_fresh(+0.025), VIX(+0.012), Treasury_10Y(+0.002)
  Biggest decreases: relative_time_idx(-0.028), days_since_CPI_update(-0.007), Inflation_YoY(-0.004)

2022_vs_2024:
  Cosine similarity: 0.9937
  L2 distance: 0.0630
  Biggest increases: CPI_is_fresh(+0.046), Treasury_10Y(+0.004), VIX(+0.002)
  Biggest decreases: relative_time_idx(-0.042), days_since_CPI_update(-0.010), Yield_Spread(-0.001)

2022_vs_2025:
  Cosine similarity: 0.9912
  L2 distance: 0.0790
  Biggest increases: CPI_is_fresh(+0.048), VIX(+0.027), Treasury_10Y(+0.006)
  Biggest decreases: relative_time_idx(-0.052), days_since_CPI_update(-0.016), Inflation_YoY(-0.013)

2023_vs_2024:
  Cosine similarity: 0.9989
  L2 distance: 0.0276
  Biggest increases: CPI_is_fresh(+0.020), Inflation_YoY(+0.005), Treasury_10Y(+0.002)
  Biggest decreases: relative_time_idx(-0.014), VIX(-0.011), days_since_CPI_update(-0.003)

2023_vs_2025:
  Cosine similarity: 0.9980
  L2 distance: 0.0389
  Biggest increases: CPI_is_fresh(+0.023), VIX(+0.015), Treasury_10Y(+0.005)
  Biggest decreases: relative_time_idx(-0.024), days_since_CPI_update(-0.010), Inflation_YoY(-0.009)

2024_vs_2025:
  Cosine similarity: 0.9990
  L2 distance: 0.0320
  Biggest increases: VIX(+0.026), CPI_is_fresh(+0.003), Treasury_10Y(+0.003)
  Biggest decreases: Inflation_YoY(-0.014), relative_time_idx(-0.010), days_since_CPI_update(-0.007)

======================================================================

Analysis complete!
Results saved to: experiments/01_staleness_features_fixed/sweep_stale_h18_drop0.15_lr5/vsn_analysis
  - vsn_analysis_results.json
  - vsn_heatmap.png
  - vsn_comparison.png
  - vsn_concentration.png
