======================================================================
Training TFT: 01_staleness_features_fixed/sweep_stale_h22_drop0.15_lr5
======================================================================
Logging to: experiments/01_staleness_features_fixed/sweep_stale_h22_drop0.15_lr5/training_20251030_022207.log
Started at: 2025-10-30 02:22:07
======================================================================
Configuration saved to: experiments/01_staleness_features_fixed/sweep_stale_h22_drop0.15_lr5/config.json

Loading data splits...
Train: 6066 samples
Val: 1300 samples
Test: 1300 samples

Preparing TimeSeriesDataSet...

Adding staleness features to data...

======================================================================
Adding Staleness Features
======================================================================
Mode: Fixed lag

Processing: Inflation_YoY (detecting from CPI)
  Updates detected: 280
  Avg days stale: 10.9
  Max days stale: 60

======================================================================
Total staleness features added: 2
======================================================================


======================================================================
Adding Staleness Features
======================================================================
Mode: Fixed lag

Processing: Inflation_YoY (detecting from CPI)
  Updates detected: 62
  Avg days stale: 10.3
  Max days stale: 42

======================================================================
Total staleness features added: 2
======================================================================


Dropping source columns (used for staleness only): ['CPI']

Final features for TFT: ['SP500_Returns', 'VIX', 'Treasury_10Y', 'Yield_Spread', 'Inflation_YoY', 'days_since_CPI_update', 'CPI_is_fresh']

======================================================================
FEATURE STATISTICS - BEFORE NORMALIZATION
======================================================================
VIX                             mean= 19.7193  std=  8.0201  min=  9.3100  max= 80.8600
Treasury_10Y                    mean=  4.7588  std=  1.6860  min=  1.4300  max=  8.3600
Yield_Spread                    mean=  1.2786  std=  0.9184  min= -0.5200  max=  2.9100
Inflation_YoY                   mean=  2.5055  std=  1.1650  min= -1.9588  max=  5.7255
days_since_CPI_update           mean= 10.8539  std=  7.6096  min=  0.0000  max= 60.0000
CPI_is_fresh                    mean=  0.0462  std=  0.2098  min=  0.0000  max=  1.0000

======================================================================
NORMALIZING STALENESS FEATURES (log transform)
======================================================================
Max staleness observed: train=60, val=42
Using normalization max: 65 days


STALENESS FEATURES - AFTER MANUAL NORMALIZATION
days_since_CPI_update           mean=  0.5270  std=  0.1974  min=  0.0000  max=  0.9812

======================================================================
FEATURES AFTER GROUPNORMALIZER (first batch, last timestep)
======================================================================
VIX                             normalized_value=  1.0000
Treasury_10Y                    normalized_value= -0.0500
Yield_Spread                    normalized_value= -0.4214
Inflation_YoY                   normalized_value= -0.9721
days_since_CPI_update           normalized_value=  1.5369
CPI_is_fresh                    normalized_value=  0.8557
======================================================================

Batches per epoch: 94
[DEBUG] Validation batches: 20
[DEBUG] Validation dataset size: 1280
[DEBUG] Batch size: 64

Initializing model...
Model parameters: 39,846

Starting training...
Checkpoints will be saved to: experiments/01_staleness_features_fixed/sweep_stale_h22_drop0.15_lr5/checkpoints/
Logs will be saved to: experiments/01_staleness_features_fixed/sweep_stale_h22_drop0.15_lr5/logs/

Epoch 0: val_loss=N/A
Epoch 0: val_loss=0.7593042850494385
Epoch 0: train_loss=0.9650391936302185

[CollapseMonitor] Epoch 0
  [DEBUG] Processed 20 batches from val_dataloader
  [DEBUG] Predictions shape after concat: (1280,)
  [DEBUG] All predictions list length: 20
  [DEBUG] First batch shape: (64,)
  Pred std: 0.030867, range: 0.147299, mean: 0.142354
  Pos: 100.0%, Neg: 0.0%, Unique: 1275
  Saved validation predictions to: experiments/01_staleness_features_fixed/sweep_stale_h22_drop0.15_lr5/collapse_monitoring/val_predictions_epoch0.npy
  Gradient norms:
    lstm_encoder: 0.027896
    lstm_decoder: 0.029787
    multihead_attn: 0.016888
    output_layer: 1.051268
  VSN output std:
    encoder: 0.131022
  Attention entropy: 2.988045
  Saved to: experiments/01_staleness_features_fixed/sweep_stale_h22_drop0.15_lr5/collapse_monitoring/collapse_monitor_epoch0.json
Epoch 1: val_loss=0.5410988330841064
Epoch 1: train_loss=0.7104814648628235

[CollapseMonitor] Epoch 1
  [DEBUG] Processed 20 batches from val_dataloader
  [DEBUG] Predictions shape after concat: (1280,)
  [DEBUG] All predictions list length: 20
  [DEBUG] First batch shape: (64,)
  Pred std: 0.022775, range: 0.109038, mean: 0.006703
  Pos: 64.0%, Neg: 36.0%, Unique: 1262
  Saved validation predictions to: experiments/01_staleness_features_fixed/sweep_stale_h22_drop0.15_lr5/collapse_monitoring/val_predictions_epoch1.npy
  Gradient norms:
    lstm_encoder: 0.016379
    lstm_decoder: 0.017588
    multihead_attn: 0.010808
    output_layer: 0.724821
  VSN output std:
    encoder: 0.129822
  Attention entropy: 2.986910
  Saved to: experiments/01_staleness_features_fixed/sweep_stale_h22_drop0.15_lr5/collapse_monitoring/collapse_monitor_epoch1.json
Epoch 2: val_loss=0.4697082042694092
Epoch 2: train_loss=0.5399962663650513

[CollapseMonitor] Epoch 2
  [DEBUG] Processed 20 batches from val_dataloader
  [DEBUG] Predictions shape after concat: (1280,)
  [DEBUG] All predictions list length: 20
  [DEBUG] First batch shape: (64,)
  Pred std: 0.019423, range: 0.082631, mean: 0.066257
  Pos: 100.0%, Neg: 0.0%, Unique: 1266
  Saved validation predictions to: experiments/01_staleness_features_fixed/sweep_stale_h22_drop0.15_lr5/collapse_monitoring/val_predictions_epoch2.npy
  Gradient norms:
    lstm_encoder: 0.006999
    lstm_decoder: 0.007430
    multihead_attn: 0.006796
    output_layer: 0.354167
  VSN output std:
    encoder: 0.135201
  Attention entropy: 2.983934
  Saved to: experiments/01_staleness_features_fixed/sweep_stale_h22_drop0.15_lr5/collapse_monitoring/collapse_monitor_epoch2.json
Epoch 3: val_loss=0.4508516192436218
Epoch 3: train_loss=0.4778192341327667

[CollapseMonitor] Epoch 3
  [DEBUG] Processed 20 batches from val_dataloader
  [DEBUG] Predictions shape after concat: (1280,)
  [DEBUG] All predictions list length: 20
  [DEBUG] First batch shape: (64,)
  Pred std: 0.028834, range: 0.120620, mean: 0.048541
  Pos: 89.1%, Neg: 10.9%, Unique: 1274
  Saved validation predictions to: experiments/01_staleness_features_fixed/sweep_stale_h22_drop0.15_lr5/collapse_monitoring/val_predictions_epoch3.npy
  Gradient norms:
    lstm_encoder: 0.004066
    lstm_decoder: 0.003848
    multihead_attn: 0.004734
    output_layer: 0.161921
  VSN output std:
    encoder: 0.143728
  Attention entropy: 2.983275
  Saved to: experiments/01_staleness_features_fixed/sweep_stale_h22_drop0.15_lr5/collapse_monitoring/collapse_monitor_epoch3.json
Epoch 4: val_loss=0.444915771484375
Epoch 4: train_loss=0.459856778383255

[CollapseMonitor] Epoch 4
  [DEBUG] Processed 20 batches from val_dataloader
  [DEBUG] Predictions shape after concat: (1280,)
  [DEBUG] All predictions list length: 20
  [DEBUG] First batch shape: (64,)
  Pred std: 0.029738, range: 0.115054, mean: 0.024232
  Pos: 81.8%, Neg: 18.2%, Unique: 1270
  Saved validation predictions to: experiments/01_staleness_features_fixed/sweep_stale_h22_drop0.15_lr5/collapse_monitoring/val_predictions_epoch4.npy
  Gradient norms:
    lstm_encoder: 0.003796
    lstm_decoder: 0.003371
    multihead_attn: 0.004396
    output_layer: 0.124525
  VSN output std:
    encoder: 0.144028
  Attention entropy: 2.983232
  Saved to: experiments/01_staleness_features_fixed/sweep_stale_h22_drop0.15_lr5/collapse_monitoring/collapse_monitor_epoch4.json
Epoch 5: val_loss=0.43873682618141174
Epoch 5: train_loss=0.44986167550086975

[CollapseMonitor] Epoch 5
  [DEBUG] Processed 20 batches from val_dataloader
  [DEBUG] Predictions shape after concat: (1280,)
  [DEBUG] All predictions list length: 20
  [DEBUG] First batch shape: (64,)
  Pred std: 0.025303, range: 0.094729, mean: 0.027894
  Pos: 83.8%, Neg: 16.2%, Unique: 1269
  Saved validation predictions to: experiments/01_staleness_features_fixed/sweep_stale_h22_drop0.15_lr5/collapse_monitoring/val_predictions_epoch5.npy
  Gradient norms:
    lstm_encoder: 0.003958
    lstm_decoder: 0.003274
    multihead_attn: 0.004398
    output_layer: 0.122575
  VSN output std:
    encoder: 0.143909
  Attention entropy: 2.979589
  Saved to: experiments/01_staleness_features_fixed/sweep_stale_h22_drop0.15_lr5/collapse_monitoring/collapse_monitor_epoch5.json
Epoch 6: val_loss=0.43393975496292114
Epoch 6: train_loss=0.44461590051651

[CollapseMonitor] Epoch 6
  [DEBUG] Processed 20 batches from val_dataloader
  [DEBUG] Predictions shape after concat: (1280,)
  [DEBUG] All predictions list length: 20
  [DEBUG] First batch shape: (64,)
  Pred std: 0.019397, range: 0.080129, mean: -0.010619
  Pos: 35.5%, Neg: 64.5%, Unique: 1266
  Saved validation predictions to: experiments/01_staleness_features_fixed/sweep_stale_h22_drop0.15_lr5/collapse_monitoring/val_predictions_epoch6.npy
  Gradient norms:
    lstm_encoder: 0.004296
    lstm_decoder: 0.003135
    multihead_attn: 0.004375
    output_layer: 0.107543
  VSN output std:
    encoder: 0.142481
  Attention entropy: 2.973170
  Saved to: experiments/01_staleness_features_fixed/sweep_stale_h22_drop0.15_lr5/collapse_monitoring/collapse_monitor_epoch6.json
Epoch 7: val_loss=0.4293585419654846
Epoch 7: train_loss=0.4413425326347351

[CollapseMonitor] Epoch 7
  [DEBUG] Processed 20 batches from val_dataloader
  [DEBUG] Predictions shape after concat: (1280,)
  [DEBUG] All predictions list length: 20
  [DEBUG] First batch shape: (64,)
  Pred std: 0.007316, range: 0.037127, mean: 0.055117
  Pos: 100.0%, Neg: 0.0%, Unique: 1238
  Saved validation predictions to: experiments/01_staleness_features_fixed/sweep_stale_h22_drop0.15_lr5/collapse_monitoring/val_predictions_epoch7.npy
  Gradient norms:
    lstm_encoder: 0.004305
    lstm_decoder: 0.003169
    multihead_attn: 0.004677
    output_layer: 0.105828
  VSN output std:
    encoder: 0.142903
  Attention entropy: 2.967343
  Saved to: experiments/01_staleness_features_fixed/sweep_stale_h22_drop0.15_lr5/collapse_monitoring/collapse_monitor_epoch7.json
Epoch 8: val_loss=0.42754167318344116
Epoch 8: train_loss=0.4386802911758423

[CollapseMonitor] Epoch 8
  [DEBUG] Processed 20 batches from val_dataloader
  [DEBUG] Predictions shape after concat: (1280,)
  [DEBUG] All predictions list length: 20
  [DEBUG] First batch shape: (64,)
  Pred std: 0.009596, range: 0.045305, mean: 0.028644
  Pos: 100.0%, Neg: 0.0%, Unique: 1215
  Saved validation predictions to: experiments/01_staleness_features_fixed/sweep_stale_h22_drop0.15_lr5/collapse_monitoring/val_predictions_epoch8.npy
  Gradient norms:
    lstm_encoder: 0.004774
    lstm_decoder: 0.003508
    multihead_attn: 0.004893
    output_layer: 0.116898
  VSN output std:
    encoder: 0.143133
  Attention entropy: 2.963537
  Saved to: experiments/01_staleness_features_fixed/sweep_stale_h22_drop0.15_lr5/collapse_monitoring/collapse_monitor_epoch8.json
Epoch 9: val_loss=0.42639389634132385
Epoch 9: train_loss=0.4381631910800934

[CollapseMonitor] Epoch 9
  [DEBUG] Processed 20 batches from val_dataloader
  [DEBUG] Predictions shape after concat: (1280,)
  [DEBUG] All predictions list length: 20
  [DEBUG] First batch shape: (64,)
  Pred std: 0.003998, range: 0.021514, mean: 0.073496
  Pos: 100.0%, Neg: 0.0%, Unique: 1229
  Saved validation predictions to: experiments/01_staleness_features_fixed/sweep_stale_h22_drop0.15_lr5/collapse_monitoring/val_predictions_epoch9.npy
  Gradient norms:
    lstm_encoder: 0.005197
    lstm_decoder: 0.003409
    multihead_attn: 0.005090
    output_layer: 0.110382
  VSN output std:
    encoder: 0.139878
  Attention entropy: 2.957796
  Saved to: experiments/01_staleness_features_fixed/sweep_stale_h22_drop0.15_lr5/collapse_monitoring/collapse_monitor_epoch9.json
Epoch 10: val_loss=0.4227501451969147
Epoch 10: train_loss=0.4342786967754364

[CollapseMonitor] Epoch 10
  [DEBUG] Processed 20 batches from val_dataloader
  [DEBUG] Predictions shape after concat: (1280,)
  [DEBUG] All predictions list length: 20
  [DEBUG] First batch shape: (64,)
  Pred std: 0.009525, range: 0.042392, mean: 0.072360
  Pos: 100.0%, Neg: 0.0%, Unique: 1245
  Saved validation predictions to: experiments/01_staleness_features_fixed/sweep_stale_h22_drop0.15_lr5/collapse_monitoring/val_predictions_epoch10.npy
  Gradient norms:
    lstm_encoder: 0.005563
    lstm_decoder: 0.003588
    multihead_attn: 0.005109
    output_layer: 0.112176
  VSN output std:
    encoder: 0.137762
  Attention entropy: 2.948723
  Saved to: experiments/01_staleness_features_fixed/sweep_stale_h22_drop0.15_lr5/collapse_monitoring/collapse_monitor_epoch10.json
Epoch 11: val_loss=0.4229477345943451
Epoch 11: train_loss=0.43226543068885803

[CollapseMonitor] Epoch 11
  [DEBUG] Processed 20 batches from val_dataloader
  [DEBUG] Predictions shape after concat: (1280,)
  [DEBUG] All predictions list length: 20
  [DEBUG] First batch shape: (64,)
  Pred std: 0.009539, range: 0.044314, mean: 0.076454
  Pos: 100.0%, Neg: 0.0%, Unique: 1237
  Saved validation predictions to: experiments/01_staleness_features_fixed/sweep_stale_h22_drop0.15_lr5/collapse_monitoring/val_predictions_epoch11.npy
  Gradient norms:
    lstm_encoder: 0.005355
    lstm_decoder: 0.003550
    multihead_attn: 0.005052
    output_layer: 0.107069
  VSN output std:
    encoder: 0.132372
  Attention entropy: 2.945225
  Saved to: experiments/01_staleness_features_fixed/sweep_stale_h22_drop0.15_lr5/collapse_monitoring/collapse_monitor_epoch11.json
Epoch 12: val_loss=0.4207366108894348
Epoch 12: train_loss=0.4331168234348297

[CollapseMonitor] Epoch 12
  [DEBUG] Processed 20 batches from val_dataloader
  [DEBUG] Predictions shape after concat: (1280,)
  [DEBUG] All predictions list length: 20
  [DEBUG] First batch shape: (64,)
  Pred std: 0.007306, range: 0.042515, mean: 0.037481
  Pos: 100.0%, Neg: 0.0%, Unique: 1244
  Saved validation predictions to: experiments/01_staleness_features_fixed/sweep_stale_h22_drop0.15_lr5/collapse_monitoring/val_predictions_epoch12.npy
  Gradient norms:
    lstm_encoder: 0.005950
    lstm_decoder: 0.003726
    multihead_attn: 0.004712
    output_layer: 0.106989
  VSN output std:
    encoder: 0.130696
  Attention entropy: 2.917485
  Saved to: experiments/01_staleness_features_fixed/sweep_stale_h22_drop0.15_lr5/collapse_monitoring/collapse_monitor_epoch12.json
Epoch 13: val_loss=0.41932106018066406
Epoch 13: train_loss=0.431088924407959

[CollapseMonitor] Epoch 13
  [DEBUG] Processed 20 batches from val_dataloader
  [DEBUG] Predictions shape after concat: (1280,)
  [DEBUG] All predictions list length: 20
  [DEBUG] First batch shape: (64,)
  Pred std: 0.011160, range: 0.054080, mean: 0.070594
  Pos: 100.0%, Neg: 0.0%, Unique: 1252
  Saved validation predictions to: experiments/01_staleness_features_fixed/sweep_stale_h22_drop0.15_lr5/collapse_monitoring/val_predictions_epoch13.npy
  Gradient norms:
    lstm_encoder: 0.007274
    lstm_decoder: 0.004297
    multihead_attn: 0.005166
    output_layer: 0.114335
  VSN output std:
    encoder: 0.121047
  Attention entropy: 2.874896
  Saved to: experiments/01_staleness_features_fixed/sweep_stale_h22_drop0.15_lr5/collapse_monitoring/collapse_monitor_epoch13.json
Epoch 14: val_loss=0.4180758595466614
Epoch 14: train_loss=0.4309401512145996

[CollapseMonitor] Epoch 14
  [DEBUG] Processed 20 batches from val_dataloader
  [DEBUG] Predictions shape after concat: (1280,)
  [DEBUG] All predictions list length: 20
  [DEBUG] First batch shape: (64,)
  Pred std: 0.011232, range: 0.051779, mean: 0.059807
  Pos: 100.0%, Neg: 0.0%, Unique: 1258
  Saved validation predictions to: experiments/01_staleness_features_fixed/sweep_stale_h22_drop0.15_lr5/collapse_monitoring/val_predictions_epoch14.npy
  Gradient norms:
    lstm_encoder: 0.007859
    lstm_decoder: 0.004157
    multihead_attn: 0.005479
    output_layer: 0.110943
  VSN output std:
    encoder: 0.115971
  Attention entropy: 2.803356
  Saved to: experiments/01_staleness_features_fixed/sweep_stale_h22_drop0.15_lr5/collapse_monitoring/collapse_monitor_epoch14.json
Epoch 15: val_loss=0.41536441445350647
Epoch 15: train_loss=0.4303470849990845

[CollapseMonitor] Epoch 15
  [DEBUG] Processed 20 batches from val_dataloader
  [DEBUG] Predictions shape after concat: (1280,)
  [DEBUG] All predictions list length: 20
  [DEBUG] First batch shape: (64,)
  Pred std: 0.009787, range: 0.053445, mean: 0.080218
  Pos: 100.0%, Neg: 0.0%, Unique: 1258
  Saved validation predictions to: experiments/01_staleness_features_fixed/sweep_stale_h22_drop0.15_lr5/collapse_monitoring/val_predictions_epoch15.npy
  Gradient norms:
    lstm_encoder: 0.007684
    lstm_decoder: 0.003840
    multihead_attn: 0.005258
    output_layer: 0.103542
  VSN output std:
    encoder: 0.103687
  Attention entropy: 2.659468
  Saved to: experiments/01_staleness_features_fixed/sweep_stale_h22_drop0.15_lr5/collapse_monitoring/collapse_monitor_epoch15.json
Epoch 16: val_loss=0.4148257374763489
Epoch 16: train_loss=0.4289420247077942

[CollapseMonitor] Epoch 16
  [DEBUG] Processed 20 batches from val_dataloader
  [DEBUG] Predictions shape after concat: (1280,)
  [DEBUG] All predictions list length: 20
  [DEBUG] First batch shape: (64,)
  Pred std: 0.010683, range: 0.052640, mean: 0.067026
  Pos: 100.0%, Neg: 0.0%, Unique: 1260
  Saved validation predictions to: experiments/01_staleness_features_fixed/sweep_stale_h22_drop0.15_lr5/collapse_monitoring/val_predictions_epoch16.npy
  Gradient norms:
    lstm_encoder: 0.010888
    lstm_decoder: 0.004411
    multihead_attn: 0.005794
    output_layer: 0.108106
  VSN output std:
    encoder: 0.105276
  Attention entropy: 2.628499
  Saved to: experiments/01_staleness_features_fixed/sweep_stale_h22_drop0.15_lr5/collapse_monitoring/collapse_monitor_epoch16.json
Epoch 17: val_loss=0.413890540599823
Epoch 17: train_loss=0.42758962512016296

[CollapseMonitor] Epoch 17
  [DEBUG] Processed 20 batches from val_dataloader
  [DEBUG] Predictions shape after concat: (1280,)
  [DEBUG] All predictions list length: 20
  [DEBUG] First batch shape: (64,)
  Pred std: 0.014121, range: 0.055051, mean: 0.052906
  Pos: 100.0%, Neg: 0.0%, Unique: 1267
  Saved validation predictions to: experiments/01_staleness_features_fixed/sweep_stale_h22_drop0.15_lr5/collapse_monitoring/val_predictions_epoch17.npy
  Gradient norms:
    lstm_encoder: 0.012222
    lstm_decoder: 0.004418
    multihead_attn: 0.005765
    output_layer: 0.103104
  VSN output std:
    encoder: 0.102514
  Attention entropy: 2.554448
  Saved to: experiments/01_staleness_features_fixed/sweep_stale_h22_drop0.15_lr5/collapse_monitoring/collapse_monitor_epoch17.json
Epoch 18: val_loss=0.4111696183681488
Epoch 18: train_loss=0.4274216592311859

[CollapseMonitor] Epoch 18
  [DEBUG] Processed 20 batches from val_dataloader
  [DEBUG] Predictions shape after concat: (1280,)
  [DEBUG] All predictions list length: 20
  [DEBUG] First batch shape: (64,)
  Pred std: 0.017886, range: 0.073069, mean: 0.085497
  Pos: 100.0%, Neg: 0.0%, Unique: 1263
  Saved validation predictions to: experiments/01_staleness_features_fixed/sweep_stale_h22_drop0.15_lr5/collapse_monitoring/val_predictions_epoch18.npy
  Gradient norms:
    lstm_encoder: 0.013982
    lstm_decoder: 0.004471
    multihead_attn: 0.005529
    output_layer: 0.106888
  VSN output std:
    encoder: 0.100076
  Attention entropy: 2.401707
  Saved to: experiments/01_staleness_features_fixed/sweep_stale_h22_drop0.15_lr5/collapse_monitoring/collapse_monitor_epoch18.json
Epoch 19: val_loss=0.4112734794616699
Epoch 19: train_loss=0.4268644154071808

[CollapseMonitor] Epoch 19
  [DEBUG] Processed 20 batches from val_dataloader
  [DEBUG] Predictions shape after concat: (1280,)
  [DEBUG] All predictions list length: 20
  [DEBUG] First batch shape: (64,)
  Pred std: 0.020361, range: 0.079842, mean: 0.032513
  Pos: 100.0%, Neg: 0.0%, Unique: 1254
  Saved validation predictions to: experiments/01_staleness_features_fixed/sweep_stale_h22_drop0.15_lr5/collapse_monitoring/val_predictions_epoch19.npy
  Gradient norms:
    lstm_encoder: 0.017067
    lstm_decoder: 0.004860
    multihead_attn: 0.005891
    output_layer: 0.116331
  VSN output std:
    encoder: 0.097431
  Attention entropy: 2.404256
  Saved to: experiments/01_staleness_features_fixed/sweep_stale_h22_drop0.15_lr5/collapse_monitoring/collapse_monitor_epoch19.json
Epoch 20: val_loss=0.40902742743492126
Epoch 20: train_loss=0.425711989402771

[CollapseMonitor] Epoch 20
  [DEBUG] Processed 20 batches from val_dataloader
  [DEBUG] Predictions shape after concat: (1280,)
  [DEBUG] All predictions list length: 20
  [DEBUG] First batch shape: (64,)
  Pred std: 0.019987, range: 0.072747, mean: 0.052122
  Pos: 100.0%, Neg: 0.0%, Unique: 1256
  Saved validation predictions to: experiments/01_staleness_features_fixed/sweep_stale_h22_drop0.15_lr5/collapse_monitoring/val_predictions_epoch20.npy
  Gradient norms:
    lstm_encoder: 0.020171
    lstm_decoder: 0.004639
    multihead_attn: 0.006243
    output_layer: 0.108935
  VSN output std:
    encoder: 0.101254
  Attention entropy: 2.393442
  Saved to: experiments/01_staleness_features_fixed/sweep_stale_h22_drop0.15_lr5/collapse_monitoring/collapse_monitor_epoch20.json
Epoch 21: val_loss=0.41087794303894043
Epoch 21: train_loss=0.42556270956993103

[CollapseMonitor] Epoch 21
  [DEBUG] Processed 20 batches from val_dataloader
  [DEBUG] Predictions shape after concat: (1280,)
  [DEBUG] All predictions list length: 20
  [DEBUG] First batch shape: (64,)
  Pred std: 0.011988, range: 0.055094, mean: 0.059521
  Pos: 100.0%, Neg: 0.0%, Unique: 1262
  Saved validation predictions to: experiments/01_staleness_features_fixed/sweep_stale_h22_drop0.15_lr5/collapse_monitoring/val_predictions_epoch21.npy
  Gradient norms:
    lstm_encoder: 0.022526
    lstm_decoder: 0.004816
    multihead_attn: 0.006147
    output_layer: 0.103939
  VSN output std:
    encoder: 0.102628
  Attention entropy: 2.366817
  Saved to: experiments/01_staleness_features_fixed/sweep_stale_h22_drop0.15_lr5/collapse_monitoring/collapse_monitor_epoch21.json
Epoch 22: val_loss=0.4065360128879547
Epoch 22: train_loss=0.42500001192092896

[CollapseMonitor] Epoch 22
  [DEBUG] Processed 20 batches from val_dataloader
  [DEBUG] Predictions shape after concat: (1280,)
  [DEBUG] All predictions list length: 20
  [DEBUG] First batch shape: (64,)
  Pred std: 0.014808, range: 0.068411, mean: 0.108801
  Pos: 100.0%, Neg: 0.0%, Unique: 1249
  Saved validation predictions to: experiments/01_staleness_features_fixed/sweep_stale_h22_drop0.15_lr5/collapse_monitoring/val_predictions_epoch22.npy
  Gradient norms:
    lstm_encoder: 0.027179
    lstm_decoder: 0.004987
    multihead_attn: 0.006297
    output_layer: 0.110936
  VSN output std:
    encoder: 0.099889
  Attention entropy: 2.306696
  Saved to: experiments/01_staleness_features_fixed/sweep_stale_h22_drop0.15_lr5/collapse_monitoring/collapse_monitor_epoch22.json
Epoch 23: val_loss=0.4088347554206848
Epoch 23: train_loss=0.424898236989975

[CollapseMonitor] Epoch 23
  [DEBUG] Processed 20 batches from val_dataloader
  [DEBUG] Predictions shape after concat: (1280,)
  [DEBUG] All predictions list length: 20
  [DEBUG] First batch shape: (64,)
  Pred std: 0.014162, range: 0.083190, mean: 0.076414
  Pos: 100.0%, Neg: 0.0%, Unique: 1258
  Saved validation predictions to: experiments/01_staleness_features_fixed/sweep_stale_h22_drop0.15_lr5/collapse_monitoring/val_predictions_epoch23.npy
  Gradient norms:
    lstm_encoder: 0.030866
    lstm_decoder: 0.005086
    multihead_attn: 0.006035
    output_layer: 0.107014
  VSN output std:
    encoder: 0.100248
  Attention entropy: 2.295018
  Saved to: experiments/01_staleness_features_fixed/sweep_stale_h22_drop0.15_lr5/collapse_monitoring/collapse_monitor_epoch23.json
Epoch 24: val_loss=0.40891656279563904
Epoch 24: train_loss=0.4245765507221222

[CollapseMonitor] Epoch 24
  [DEBUG] Processed 20 batches from val_dataloader
  [DEBUG] Predictions shape after concat: (1280,)
  [DEBUG] All predictions list length: 20
  [DEBUG] First batch shape: (64,)
  Pred std: 0.023916, range: 0.134825, mean: 0.026013
  Pos: 100.0%, Neg: 0.0%, Unique: 1253
  Saved validation predictions to: experiments/01_staleness_features_fixed/sweep_stale_h22_drop0.15_lr5/collapse_monitoring/val_predictions_epoch24.npy
  Gradient norms:
    lstm_encoder: 0.030137
    lstm_decoder: 0.005294
    multihead_attn: 0.006008
    output_layer: 0.103752
  VSN output std:
    encoder: 0.095607
  Attention entropy: 2.232252
  Saved to: experiments/01_staleness_features_fixed/sweep_stale_h22_drop0.15_lr5/collapse_monitoring/collapse_monitor_epoch24.json
Epoch 25: val_loss=0.40635648369789124
Epoch 25: train_loss=0.4247089624404907

[CollapseMonitor] Epoch 25
  [DEBUG] Processed 20 batches from val_dataloader
  [DEBUG] Predictions shape after concat: (1280,)
  [DEBUG] All predictions list length: 20
  [DEBUG] First batch shape: (64,)
  Pred std: 0.019947, range: 0.110279, mean: 0.065003
  Pos: 100.0%, Neg: 0.0%, Unique: 1264
  Saved validation predictions to: experiments/01_staleness_features_fixed/sweep_stale_h22_drop0.15_lr5/collapse_monitoring/val_predictions_epoch25.npy
  Gradient norms:
    lstm_encoder: 0.033767
    lstm_decoder: 0.005980
    multihead_attn: 0.006387
    output_layer: 0.115245
  VSN output std:
    encoder: 0.098393
  Attention entropy: 2.229661
  Saved to: experiments/01_staleness_features_fixed/sweep_stale_h22_drop0.15_lr5/collapse_monitoring/collapse_monitor_epoch25.json
Epoch 26: val_loss=0.4057491719722748
Epoch 26: train_loss=0.42468398809432983

[CollapseMonitor] Epoch 26
  [DEBUG] Processed 20 batches from val_dataloader
  [DEBUG] Predictions shape after concat: (1280,)
  [DEBUG] All predictions list length: 20
  [DEBUG] First batch shape: (64,)
  Pred std: 0.034711, range: 0.174673, mean: 0.053787
  Pos: 100.0%, Neg: 0.0%, Unique: 1266
  Saved validation predictions to: experiments/01_staleness_features_fixed/sweep_stale_h22_drop0.15_lr5/collapse_monitoring/val_predictions_epoch26.npy
  Gradient norms:
    lstm_encoder: 0.035759
    lstm_decoder: 0.006098
    multihead_attn: 0.006131
    output_layer: 0.110577
  VSN output std:
    encoder: 0.096089
  Attention entropy: 2.169944
  Saved to: experiments/01_staleness_features_fixed/sweep_stale_h22_drop0.15_lr5/collapse_monitoring/collapse_monitor_epoch26.json
Epoch 27: val_loss=0.40378373861312866
Epoch 27: train_loss=0.4229690134525299

[CollapseMonitor] Epoch 27
  [DEBUG] Processed 20 batches from val_dataloader
  [DEBUG] Predictions shape after concat: (1280,)
  [DEBUG] All predictions list length: 20
  [DEBUG] First batch shape: (64,)
  Pred std: 0.039524, range: 0.193232, mean: 0.052583
  Pos: 100.0%, Neg: 0.0%, Unique: 1256
  Saved validation predictions to: experiments/01_staleness_features_fixed/sweep_stale_h22_drop0.15_lr5/collapse_monitoring/val_predictions_epoch27.npy
  Gradient norms:
    lstm_encoder: 0.030350
    lstm_decoder: 0.005837
    multihead_attn: 0.005417
    output_layer: 0.112869
  VSN output std:
    encoder: 0.095793
  Attention entropy: 2.162222
  Saved to: experiments/01_staleness_features_fixed/sweep_stale_h22_drop0.15_lr5/collapse_monitoring/collapse_monitor_epoch27.json
Epoch 28: val_loss=0.40374311804771423
Epoch 28: train_loss=0.42329642176628113

[CollapseMonitor] Epoch 28
  [DEBUG] Processed 20 batches from val_dataloader
  [DEBUG] Predictions shape after concat: (1280,)
  [DEBUG] All predictions list length: 20
  [DEBUG] First batch shape: (64,)
  Pred std: 0.019006, range: 0.119520, mean: 0.065615
  Pos: 100.0%, Neg: 0.0%, Unique: 1254
  Saved validation predictions to: experiments/01_staleness_features_fixed/sweep_stale_h22_drop0.15_lr5/collapse_monitoring/val_predictions_epoch28.npy
  Gradient norms:
    lstm_encoder: 0.033557
    lstm_decoder: 0.006068
    multihead_attn: 0.005494
    output_layer: 0.107006
  VSN output std:
    encoder: 0.094761
  Attention entropy: 2.142297
  Saved to: experiments/01_staleness_features_fixed/sweep_stale_h22_drop0.15_lr5/collapse_monitoring/collapse_monitor_epoch28.json
Epoch 29: val_loss=0.4036816656589508
Epoch 29: train_loss=0.42341679334640503

[CollapseMonitor] Epoch 29
  [DEBUG] Processed 20 batches from val_dataloader
  [DEBUG] Predictions shape after concat: (1280,)
  [DEBUG] All predictions list length: 20
  [DEBUG] First batch shape: (64,)
  Pred std: 0.026354, range: 0.163519, mean: 0.048762
  Pos: 100.0%, Neg: 0.0%, Unique: 1257
  Saved validation predictions to: experiments/01_staleness_features_fixed/sweep_stale_h22_drop0.15_lr5/collapse_monitoring/val_predictions_epoch29.npy
  Gradient norms:
    lstm_encoder: 0.031153
    lstm_decoder: 0.006733
    multihead_attn: 0.005552
    output_layer: 0.112290
  VSN output std:
    encoder: 0.096150
  Attention entropy: 2.233606
  Saved to: experiments/01_staleness_features_fixed/sweep_stale_h22_drop0.15_lr5/collapse_monitoring/collapse_monitor_epoch29.json
Epoch 30: val_loss=0.4025276303291321
Epoch 30: train_loss=0.4229040741920471

[CollapseMonitor] Epoch 30
  [DEBUG] Processed 20 batches from val_dataloader
  [DEBUG] Predictions shape after concat: (1280,)
  [DEBUG] All predictions list length: 20
  [DEBUG] First batch shape: (64,)
  Pred std: 0.031286, range: 0.174554, mean: 0.069737
  Pos: 100.0%, Neg: 0.0%, Unique: 1260
  Saved validation predictions to: experiments/01_staleness_features_fixed/sweep_stale_h22_drop0.15_lr5/collapse_monitoring/val_predictions_epoch30.npy
  Gradient norms:
    lstm_encoder: 0.032949
    lstm_decoder: 0.006606
    multihead_attn: 0.005434
    output_layer: 0.113901
  VSN output std:
    encoder: 0.094548
  Attention entropy: 2.183850
  Saved to: experiments/01_staleness_features_fixed/sweep_stale_h22_drop0.15_lr5/collapse_monitoring/collapse_monitor_epoch30.json
Epoch 31: val_loss=0.40247178077697754
Epoch 31: train_loss=0.42360055446624756

[CollapseMonitor] Epoch 31
  [DEBUG] Processed 20 batches from val_dataloader
  [DEBUG] Predictions shape after concat: (1280,)
  [DEBUG] All predictions list length: 20
  [DEBUG] First batch shape: (64,)
  Pred std: 0.017925, range: 0.102522, mean: 0.059900
  Pos: 100.0%, Neg: 0.0%, Unique: 1257
  Saved validation predictions to: experiments/01_staleness_features_fixed/sweep_stale_h22_drop0.15_lr5/collapse_monitoring/val_predictions_epoch31.npy
  Gradient norms:
    lstm_encoder: 0.030046
    lstm_decoder: 0.006554
    multihead_attn: 0.005272
    output_layer: 0.111958
  VSN output std:
    encoder: 0.094603
  Attention entropy: 2.243868
  Saved to: experiments/01_staleness_features_fixed/sweep_stale_h22_drop0.15_lr5/collapse_monitoring/collapse_monitor_epoch31.json
Epoch 32: val_loss=0.40339675545692444
Epoch 32: train_loss=0.4226406514644623

[CollapseMonitor] Epoch 32
  [DEBUG] Processed 20 batches from val_dataloader
  [DEBUG] Predictions shape after concat: (1280,)
  [DEBUG] All predictions list length: 20
  [DEBUG] First batch shape: (64,)
  Pred std: 0.020872, range: 0.121532, mean: 0.029150
  Pos: 100.0%, Neg: 0.0%, Unique: 1250
  Saved validation predictions to: experiments/01_staleness_features_fixed/sweep_stale_h22_drop0.15_lr5/collapse_monitoring/val_predictions_epoch32.npy
  Gradient norms:
    lstm_encoder: 0.032630
    lstm_decoder: 0.006991
    multihead_attn: 0.005539
    output_layer: 0.106065
  VSN output std:
    encoder: 0.094559
  Attention entropy: 2.188860
  Saved to: experiments/01_staleness_features_fixed/sweep_stale_h22_drop0.15_lr5/collapse_monitoring/collapse_monitor_epoch32.json
Epoch 33: val_loss=0.4038446545600891
Epoch 33: train_loss=0.4220704734325409

[CollapseMonitor] Epoch 33
  [DEBUG] Processed 20 batches from val_dataloader
  [DEBUG] Predictions shape after concat: (1280,)
  [DEBUG] All predictions list length: 20
  [DEBUG] First batch shape: (64,)
  Pred std: 0.018805, range: 0.100295, mean: 0.039125
  Pos: 100.0%, Neg: 0.0%, Unique: 1255
  Saved validation predictions to: experiments/01_staleness_features_fixed/sweep_stale_h22_drop0.15_lr5/collapse_monitoring/val_predictions_epoch33.npy
  Gradient norms:
    lstm_encoder: 0.035984
    lstm_decoder: 0.007084
    multihead_attn: 0.005582
    output_layer: 0.103316
  VSN output std:
    encoder: 0.095092
  Attention entropy: 2.269074
  Saved to: experiments/01_staleness_features_fixed/sweep_stale_h22_drop0.15_lr5/collapse_monitoring/collapse_monitor_epoch33.json
Epoch 34: val_loss=0.4027636647224426
Epoch 34: train_loss=0.4229815602302551

[CollapseMonitor] Epoch 34
  [DEBUG] Processed 20 batches from val_dataloader
  [DEBUG] Predictions shape after concat: (1280,)
  [DEBUG] All predictions list length: 20
  [DEBUG] First batch shape: (64,)
  Pred std: 0.021361, range: 0.111398, mean: 0.047877
  Pos: 100.0%, Neg: 0.0%, Unique: 1256
  Saved validation predictions to: experiments/01_staleness_features_fixed/sweep_stale_h22_drop0.15_lr5/collapse_monitoring/val_predictions_epoch34.npy
  Gradient norms:
    lstm_encoder: 0.029859
    lstm_decoder: 0.006812
    multihead_attn: 0.005138
    output_layer: 0.113502
  VSN output std:
    encoder: 0.097082
  Attention entropy: 2.311738
  Saved to: experiments/01_staleness_features_fixed/sweep_stale_h22_drop0.15_lr5/collapse_monitoring/collapse_monitor_epoch34.json
Epoch 35: val_loss=0.401909202337265
Epoch 35: train_loss=0.422039270401001

[CollapseMonitor] Epoch 35
  [DEBUG] Processed 20 batches from val_dataloader
  [DEBUG] Predictions shape after concat: (1280,)
  [DEBUG] All predictions list length: 20
  [DEBUG] First batch shape: (64,)
  Pred std: 0.019413, range: 0.113542, mean: 0.046933
  Pos: 100.0%, Neg: 0.0%, Unique: 1252
  Saved validation predictions to: experiments/01_staleness_features_fixed/sweep_stale_h22_drop0.15_lr5/collapse_monitoring/val_predictions_epoch35.npy
  Gradient norms:
    lstm_encoder: 0.031342
    lstm_decoder: 0.007253
    multihead_attn: 0.005018
    output_layer: 0.118995
  VSN output std:
    encoder: 0.095456
  Attention entropy: 2.221357
  Saved to: experiments/01_staleness_features_fixed/sweep_stale_h22_drop0.15_lr5/collapse_monitoring/collapse_monitor_epoch35.json
Epoch 36: val_loss=0.40317392349243164
Epoch 36: train_loss=0.42139625549316406

[CollapseMonitor] Epoch 36
  [DEBUG] Processed 20 batches from val_dataloader
  [DEBUG] Predictions shape after concat: (1280,)
  [DEBUG] All predictions list length: 20
  [DEBUG] First batch shape: (64,)
  Pred std: 0.015857, range: 0.097854, mean: 0.098279
  Pos: 100.0%, Neg: 0.0%, Unique: 1243
  Saved validation predictions to: experiments/01_staleness_features_fixed/sweep_stale_h22_drop0.15_lr5/collapse_monitoring/val_predictions_epoch36.npy
  Gradient norms:
    lstm_encoder: 0.038467
    lstm_decoder: 0.007693
    multihead_attn: 0.005536
    output_layer: 0.110747
  VSN output std:
    encoder: 0.096059
  Attention entropy: 2.329895
  Saved to: experiments/01_staleness_features_fixed/sweep_stale_h22_drop0.15_lr5/collapse_monitoring/collapse_monitor_epoch36.json
Epoch 37: val_loss=0.40111953020095825
Epoch 37: train_loss=0.4223381280899048

[CollapseMonitor] Epoch 37
  [DEBUG] Processed 20 batches from val_dataloader
  [DEBUG] Predictions shape after concat: (1280,)
  [DEBUG] All predictions list length: 20
  [DEBUG] First batch shape: (64,)
  Pred std: 0.028820, range: 0.154995, mean: 0.094095
  Pos: 100.0%, Neg: 0.0%, Unique: 1263
  Saved validation predictions to: experiments/01_staleness_features_fixed/sweep_stale_h22_drop0.15_lr5/collapse_monitoring/val_predictions_epoch37.npy
  Gradient norms:
    lstm_encoder: 0.035613
    lstm_decoder: 0.007723
    multihead_attn: 0.005405
    output_layer: 0.114655
  VSN output std:
    encoder: 0.096249
  Attention entropy: 2.278697
  Saved to: experiments/01_staleness_features_fixed/sweep_stale_h22_drop0.15_lr5/collapse_monitoring/collapse_monitor_epoch37.json
Epoch 38: val_loss=0.40022462606430054
Epoch 38: train_loss=0.4219224452972412

[CollapseMonitor] Epoch 38
  [DEBUG] Processed 20 batches from val_dataloader
  [DEBUG] Predictions shape after concat: (1280,)
  [DEBUG] All predictions list length: 20
  [DEBUG] First batch shape: (64,)
  Pred std: 0.027819, range: 0.154788, mean: 0.050024
  Pos: 100.0%, Neg: 0.0%, Unique: 1259
  Saved validation predictions to: experiments/01_staleness_features_fixed/sweep_stale_h22_drop0.15_lr5/collapse_monitoring/val_predictions_epoch38.npy
  Gradient norms:
    lstm_encoder: 0.043700
    lstm_decoder: 0.007306
    multihead_attn: 0.005309
    output_layer: 0.106263
  VSN output std:
    encoder: 0.094718
  Attention entropy: 2.247513
  Saved to: experiments/01_staleness_features_fixed/sweep_stale_h22_drop0.15_lr5/collapse_monitoring/collapse_monitor_epoch38.json
Epoch 39: val_loss=0.4013890326023102
Epoch 39: train_loss=0.4208175241947174

[CollapseMonitor] Epoch 39
  [DEBUG] Processed 20 batches from val_dataloader
  [DEBUG] Predictions shape after concat: (1280,)
  [DEBUG] All predictions list length: 20
  [DEBUG] First batch shape: (64,)
  Pred std: 0.023881, range: 0.135826, mean: 0.067129
  Pos: 100.0%, Neg: 0.0%, Unique: 1251
  Saved validation predictions to: experiments/01_staleness_features_fixed/sweep_stale_h22_drop0.15_lr5/collapse_monitoring/val_predictions_epoch39.npy
  Gradient norms:
    lstm_encoder: 0.032087
    lstm_decoder: 0.007074
    multihead_attn: 0.005191
    output_layer: 0.106201
  VSN output std:
    encoder: 0.095873
  Attention entropy: 2.232474
  Saved to: experiments/01_staleness_features_fixed/sweep_stale_h22_drop0.15_lr5/collapse_monitoring/collapse_monitor_epoch39.json
Epoch 40: val_loss=0.40139809250831604
Epoch 40: train_loss=0.42261984944343567

[CollapseMonitor] Epoch 40
  [DEBUG] Processed 20 batches from val_dataloader
  [DEBUG] Predictions shape after concat: (1280,)
  [DEBUG] All predictions list length: 20
  [DEBUG] First batch shape: (64,)
  Pred std: 0.021452, range: 0.116761, mean: 0.087419
  Pos: 100.0%, Neg: 0.0%, Unique: 1257
  Saved validation predictions to: experiments/01_staleness_features_fixed/sweep_stale_h22_drop0.15_lr5/collapse_monitoring/val_predictions_epoch40.npy
  Gradient norms:
    lstm_encoder: 0.036413
    lstm_decoder: 0.007883
    multihead_attn: 0.005246
    output_layer: 0.107712
  VSN output std:
    encoder: 0.098266
  Attention entropy: 2.298100
  Saved to: experiments/01_staleness_features_fixed/sweep_stale_h22_drop0.15_lr5/collapse_monitoring/collapse_monitor_epoch40.json
Epoch 41: val_loss=0.39901894330978394
Epoch 41: train_loss=0.42062705755233765

[CollapseMonitor] Epoch 41
  [DEBUG] Processed 20 batches from val_dataloader
  [DEBUG] Predictions shape after concat: (1280,)
  [DEBUG] All predictions list length: 20
  [DEBUG] First batch shape: (64,)
  Pred std: 0.015637, range: 0.081581, mean: 0.075799
  Pos: 100.0%, Neg: 0.0%, Unique: 1258
  Saved validation predictions to: experiments/01_staleness_features_fixed/sweep_stale_h22_drop0.15_lr5/collapse_monitoring/val_predictions_epoch41.npy
  Gradient norms:
    lstm_encoder: 0.037179
    lstm_decoder: 0.007253
    multihead_attn: 0.005210
    output_layer: 0.110922
  VSN output std:
    encoder: 0.094032
  Attention entropy: 2.212033
  Saved to: experiments/01_staleness_features_fixed/sweep_stale_h22_drop0.15_lr5/collapse_monitoring/collapse_monitor_epoch41.json
Epoch 42: val_loss=0.39923352003097534
Epoch 42: train_loss=0.42125362157821655

[CollapseMonitor] Epoch 42
  [DEBUG] Processed 20 batches from val_dataloader
  [DEBUG] Predictions shape after concat: (1280,)
  [DEBUG] All predictions list length: 20
  [DEBUG] First batch shape: (64,)
  Pred std: 0.022256, range: 0.115730, mean: 0.073758
  Pos: 100.0%, Neg: 0.0%, Unique: 1254
  Saved validation predictions to: experiments/01_staleness_features_fixed/sweep_stale_h22_drop0.15_lr5/collapse_monitoring/val_predictions_epoch42.npy
  Gradient norms:
    lstm_encoder: 0.036878
    lstm_decoder: 0.009217
    multihead_attn: 0.005208
    output_layer: 0.112041
  VSN output std:
    encoder: 0.096788
  Attention entropy: 2.212060
  Saved to: experiments/01_staleness_features_fixed/sweep_stale_h22_drop0.15_lr5/collapse_monitoring/collapse_monitor_epoch42.json
Epoch 43: val_loss=0.40023893117904663
Epoch 43: train_loss=0.4191921353340149

[CollapseMonitor] Epoch 43
  [DEBUG] Processed 20 batches from val_dataloader
  [DEBUG] Predictions shape after concat: (1280,)
  [DEBUG] All predictions list length: 20
  [DEBUG] First batch shape: (64,)
  Pred std: 0.030062, range: 0.169721, mean: 0.029768
  Pos: 100.0%, Neg: 0.0%, Unique: 1249
  Saved validation predictions to: experiments/01_staleness_features_fixed/sweep_stale_h22_drop0.15_lr5/collapse_monitoring/val_predictions_epoch43.npy
  Gradient norms:
    lstm_encoder: 0.040911
    lstm_decoder: 0.008561
    multihead_attn: 0.005358
    output_layer: 0.112265
  VSN output std:
    encoder: 0.095426
  Attention entropy: 2.205039
  Saved to: experiments/01_staleness_features_fixed/sweep_stale_h22_drop0.15_lr5/collapse_monitoring/collapse_monitor_epoch43.json
Epoch 44: val_loss=0.3985317349433899
Epoch 44: train_loss=0.42030882835388184

[CollapseMonitor] Epoch 44
  [DEBUG] Processed 20 batches from val_dataloader
  [DEBUG] Predictions shape after concat: (1280,)
  [DEBUG] All predictions list length: 20
  [DEBUG] First batch shape: (64,)
  Pred std: 0.023102, range: 0.119242, mean: 0.057969
  Pos: 100.0%, Neg: 0.0%, Unique: 1257
  Saved validation predictions to: experiments/01_staleness_features_fixed/sweep_stale_h22_drop0.15_lr5/collapse_monitoring/val_predictions_epoch44.npy
  Gradient norms:
    lstm_encoder: 0.040544
    lstm_decoder: 0.008510
    multihead_attn: 0.004937
    output_layer: 0.098732
  VSN output std:
    encoder: 0.096854
  Attention entropy: 2.130116
  Saved to: experiments/01_staleness_features_fixed/sweep_stale_h22_drop0.15_lr5/collapse_monitoring/collapse_monitor_epoch44.json
Epoch 45: val_loss=0.3992200493812561
Epoch 45: train_loss=0.421048104763031

[CollapseMonitor] Epoch 45
  [DEBUG] Processed 20 batches from val_dataloader
  [DEBUG] Predictions shape after concat: (1280,)
  [DEBUG] All predictions list length: 20
  [DEBUG] First batch shape: (64,)
  Pred std: 0.019056, range: 0.099443, mean: 0.076009
  Pos: 100.0%, Neg: 0.0%, Unique: 1259
  Saved validation predictions to: experiments/01_staleness_features_fixed/sweep_stale_h22_drop0.15_lr5/collapse_monitoring/val_predictions_epoch45.npy
  Gradient norms:
    lstm_encoder: 0.039543
    lstm_decoder: 0.008943
    multihead_attn: 0.005048
    output_layer: 0.112008
  VSN output std:
    encoder: 0.095737
  Attention entropy: 2.093112
  Saved to: experiments/01_staleness_features_fixed/sweep_stale_h22_drop0.15_lr5/collapse_monitoring/collapse_monitor_epoch45.json
Epoch 46: val_loss=0.4004572033882141
Epoch 46: train_loss=0.41969960927963257

[CollapseMonitor] Epoch 46
  [DEBUG] Processed 20 batches from val_dataloader
  [DEBUG] Predictions shape after concat: (1280,)
  [DEBUG] All predictions list length: 20
  [DEBUG] First batch shape: (64,)
  Pred std: 0.019216, range: 0.112970, mean: 0.065977
  Pos: 100.0%, Neg: 0.0%, Unique: 1248
  Saved validation predictions to: experiments/01_staleness_features_fixed/sweep_stale_h22_drop0.15_lr5/collapse_monitoring/val_predictions_epoch46.npy
  Gradient norms:
    lstm_encoder: 0.042062
    lstm_decoder: 0.009167
    multihead_attn: 0.005536
    output_layer: 0.106582
  VSN output std:
    encoder: 0.098706
  Attention entropy: 2.181168
  Saved to: experiments/01_staleness_features_fixed/sweep_stale_h22_drop0.15_lr5/collapse_monitoring/collapse_monitor_epoch46.json
Epoch 47: val_loss=0.3985609710216522
Epoch 47: train_loss=0.4203696846961975

[CollapseMonitor] Epoch 47
  [DEBUG] Processed 20 batches from val_dataloader
  [DEBUG] Predictions shape after concat: (1280,)
  [DEBUG] All predictions list length: 20
  [DEBUG] First batch shape: (64,)
  Pred std: 0.020721, range: 0.112518, mean: 0.072401
  Pos: 100.0%, Neg: 0.0%, Unique: 1263
  Saved validation predictions to: experiments/01_staleness_features_fixed/sweep_stale_h22_drop0.15_lr5/collapse_monitoring/val_predictions_epoch47.npy
  Gradient norms:
    lstm_encoder: 0.040261
    lstm_decoder: 0.008851
    multihead_attn: 0.004894
    output_layer: 0.105368
  VSN output std:
    encoder: 0.095957
  Attention entropy: 2.041519
  Saved to: experiments/01_staleness_features_fixed/sweep_stale_h22_drop0.15_lr5/collapse_monitoring/collapse_monitor_epoch47.json
Epoch 48: val_loss=0.39876165986061096
Epoch 48: train_loss=0.41940149664878845

[CollapseMonitor] Epoch 48
  [DEBUG] Processed 20 batches from val_dataloader
  [DEBUG] Predictions shape after concat: (1280,)
  [DEBUG] All predictions list length: 20
  [DEBUG] First batch shape: (64,)
  Pred std: 0.006974, range: 0.066835, mean: 0.097343
  Pos: 100.0%, Neg: 0.0%, Unique: 1227
  Saved validation predictions to: experiments/01_staleness_features_fixed/sweep_stale_h22_drop0.15_lr5/collapse_monitoring/val_predictions_epoch48.npy
  Gradient norms:
    lstm_encoder: 0.041473
    lstm_decoder: 0.009048
    multihead_attn: 0.004963
    output_layer: 0.106732
  VSN output std:
    encoder: 0.094296
  Attention entropy: 2.051993
  Saved to: experiments/01_staleness_features_fixed/sweep_stale_h22_drop0.15_lr5/collapse_monitoring/collapse_monitor_epoch48.json
Epoch 49: val_loss=0.3975446820259094
Epoch 49: train_loss=0.4207538962364197

[CollapseMonitor] Epoch 49
  [DEBUG] Processed 20 batches from val_dataloader
  [DEBUG] Predictions shape after concat: (1280,)
  [DEBUG] All predictions list length: 20
  [DEBUG] First batch shape: (64,)
  Pred std: 0.013653, range: 0.077374, mean: 0.085444
  Pos: 100.0%, Neg: 0.0%, Unique: 1246
  Saved validation predictions to: experiments/01_staleness_features_fixed/sweep_stale_h22_drop0.15_lr5/collapse_monitoring/val_predictions_epoch49.npy
  Gradient norms:
    lstm_encoder: 0.040428
    lstm_decoder: 0.010106
    multihead_attn: 0.005021
    output_layer: 0.106438
  VSN output std:
    encoder: 0.095752
  Attention entropy: 2.063877
  Saved to: experiments/01_staleness_features_fixed/sweep_stale_h22_drop0.15_lr5/collapse_monitoring/collapse_monitor_epoch49.json
Epoch 50: val_loss=0.40037113428115845
Epoch 50: train_loss=0.4196706712245941

[CollapseMonitor] Epoch 50
  [DEBUG] Processed 20 batches from val_dataloader
  [DEBUG] Predictions shape after concat: (1280,)
  [DEBUG] All predictions list length: 20
  [DEBUG] First batch shape: (64,)
  Pred std: 0.018306, range: 0.103128, mean: 0.057832
  Pos: 100.0%, Neg: 0.0%, Unique: 1258
  Saved validation predictions to: experiments/01_staleness_features_fixed/sweep_stale_h22_drop0.15_lr5/collapse_monitoring/val_predictions_epoch50.npy
  Gradient norms:
    lstm_encoder: 0.038961
    lstm_decoder: 0.009179
    multihead_attn: 0.004668
    output_layer: 0.109294
  VSN output std:
    encoder: 0.096065
  Attention entropy: 2.090636
  Saved to: experiments/01_staleness_features_fixed/sweep_stale_h22_drop0.15_lr5/collapse_monitoring/collapse_monitor_epoch50.json
Epoch 51: val_loss=0.3997892141342163
Epoch 51: train_loss=0.4197784960269928

[CollapseMonitor] Epoch 51
  [DEBUG] Processed 20 batches from val_dataloader
  [DEBUG] Predictions shape after concat: (1280,)
  [DEBUG] All predictions list length: 20
  [DEBUG] First batch shape: (64,)
  Pred std: 0.012234, range: 0.083397, mean: 0.075807
  Pos: 100.0%, Neg: 0.0%, Unique: 1250
  Saved validation predictions to: experiments/01_staleness_features_fixed/sweep_stale_h22_drop0.15_lr5/collapse_monitoring/val_predictions_epoch51.npy
  Gradient norms:
    lstm_encoder: 0.043046
    lstm_decoder: 0.010573
    multihead_attn: 0.005173
    output_layer: 0.106767
  VSN output std:
    encoder: 0.096749
  Attention entropy: 2.170460
  Saved to: experiments/01_staleness_features_fixed/sweep_stale_h22_drop0.15_lr5/collapse_monitoring/collapse_monitor_epoch51.json
Epoch 52: val_loss=0.3986576497554779
Epoch 52: train_loss=0.41990557312965393

[CollapseMonitor] Epoch 52
  [DEBUG] Processed 20 batches from val_dataloader
  [DEBUG] Predictions shape after concat: (1280,)
  [DEBUG] All predictions list length: 20
  [DEBUG] First batch shape: (64,)
  Pred std: 0.017124, range: 0.104532, mean: 0.066397
  Pos: 100.0%, Neg: 0.0%, Unique: 1261
  Saved validation predictions to: experiments/01_staleness_features_fixed/sweep_stale_h22_drop0.15_lr5/collapse_monitoring/val_predictions_epoch52.npy
  Gradient norms:
    lstm_encoder: 0.039095
    lstm_decoder: 0.010389
    multihead_attn: 0.004839
    output_layer: 0.107474
  VSN output std:
    encoder: 0.095229
  Attention entropy: 2.092288
  Saved to: experiments/01_staleness_features_fixed/sweep_stale_h22_drop0.15_lr5/collapse_monitoring/collapse_monitor_epoch52.json
Epoch 53: val_loss=0.3973817527294159
Epoch 53: train_loss=0.41983097791671753

[CollapseMonitor] Epoch 53
  [DEBUG] Processed 20 batches from val_dataloader
  [DEBUG] Predictions shape after concat: (1280,)
  [DEBUG] All predictions list length: 20
  [DEBUG] First batch shape: (64,)
  Pred std: 0.025508, range: 0.135281, mean: 0.029051
  Pos: 100.0%, Neg: 0.0%, Unique: 1240
  Saved validation predictions to: experiments/01_staleness_features_fixed/sweep_stale_h22_drop0.15_lr5/collapse_monitoring/val_predictions_epoch53.npy
  Gradient norms:
    lstm_encoder: 0.038809
    lstm_decoder: 0.010102
    multihead_attn: 0.004429
    output_layer: 0.105962
  VSN output std:
    encoder: 0.095757
  Attention entropy: 2.063657
  Saved to: experiments/01_staleness_features_fixed/sweep_stale_h22_drop0.15_lr5/collapse_monitoring/collapse_monitor_epoch53.json
Epoch 54: val_loss=0.39931127429008484
Epoch 54: train_loss=0.4203522801399231

[CollapseMonitor] Epoch 54
  [DEBUG] Processed 20 batches from val_dataloader
  [DEBUG] Predictions shape after concat: (1280,)
  [DEBUG] All predictions list length: 20
  [DEBUG] First batch shape: (64,)
  Pred std: 0.019336, range: 0.111001, mean: 0.060241
  Pos: 100.0%, Neg: 0.0%, Unique: 1245
  Saved validation predictions to: experiments/01_staleness_features_fixed/sweep_stale_h22_drop0.15_lr5/collapse_monitoring/val_predictions_epoch54.npy
  Gradient norms:
    lstm_encoder: 0.041160
    lstm_decoder: 0.010305
    multihead_attn: 0.004736
    output_layer: 0.108103
  VSN output std:
    encoder: 0.095001
  Attention entropy: 2.084594
  Saved to: experiments/01_staleness_features_fixed/sweep_stale_h22_drop0.15_lr5/collapse_monitoring/collapse_monitor_epoch54.json
Epoch 55: val_loss=0.3972925543785095
Epoch 55: train_loss=0.41975998878479004

[CollapseMonitor] Epoch 55
  [DEBUG] Processed 20 batches from val_dataloader
  [DEBUG] Predictions shape after concat: (1280,)
  [DEBUG] All predictions list length: 20
  [DEBUG] First batch shape: (64,)
  Pred std: 0.023872, range: 0.131121, mean: 0.096224
  Pos: 100.0%, Neg: 0.0%, Unique: 1251
  Saved validation predictions to: experiments/01_staleness_features_fixed/sweep_stale_h22_drop0.15_lr5/collapse_monitoring/val_predictions_epoch55.npy
  Gradient norms:
    lstm_encoder: 0.038869
    lstm_decoder: 0.010004
    multihead_attn: 0.004769
    output_layer: 0.110763
  VSN output std:
    encoder: 0.097606
  Attention entropy: 2.145691
  Saved to: experiments/01_staleness_features_fixed/sweep_stale_h22_drop0.15_lr5/collapse_monitoring/collapse_monitor_epoch55.json
Epoch 56: val_loss=0.3968900442123413
Epoch 56: train_loss=0.41916418075561523

[CollapseMonitor] Epoch 56
  [DEBUG] Processed 20 batches from val_dataloader
  [DEBUG] Predictions shape after concat: (1280,)
  [DEBUG] All predictions list length: 20
  [DEBUG] First batch shape: (64,)
  Pred std: 0.032761, range: 0.167911, mean: 0.065093
  Pos: 100.0%, Neg: 0.0%, Unique: 1262
  Saved validation predictions to: experiments/01_staleness_features_fixed/sweep_stale_h22_drop0.15_lr5/collapse_monitoring/val_predictions_epoch56.npy
  Gradient norms:
    lstm_encoder: 0.038136
    lstm_decoder: 0.010000
    multihead_attn: 0.004829
    output_layer: 0.109789
  VSN output std:
    encoder: 0.099240
  Attention entropy: 2.146304
  Saved to: experiments/01_staleness_features_fixed/sweep_stale_h22_drop0.15_lr5/collapse_monitoring/collapse_monitor_epoch56.json
Epoch 57: val_loss=0.4041959345340729
Epoch 57: train_loss=0.4186455309391022

[CollapseMonitor] Epoch 57
  [DEBUG] Processed 20 batches from val_dataloader
  [DEBUG] Predictions shape after concat: (1280,)
  [DEBUG] All predictions list length: 20
  [DEBUG] First batch shape: (64,)
  Pred std: 0.021869, range: 0.125669, mean: 0.054012
  Pos: 100.0%, Neg: 0.0%, Unique: 1254
  Saved validation predictions to: experiments/01_staleness_features_fixed/sweep_stale_h22_drop0.15_lr5/collapse_monitoring/val_predictions_epoch57.npy
  Gradient norms:
    lstm_encoder: 0.039247
    lstm_decoder: 0.010238
    multihead_attn: 0.004734
    output_layer: 0.106069
  VSN output std:
    encoder: 0.096555
  Attention entropy: 2.176008
  Saved to: experiments/01_staleness_features_fixed/sweep_stale_h22_drop0.15_lr5/collapse_monitoring/collapse_monitor_epoch57.json
Epoch 58: val_loss=0.4019031524658203
Epoch 58: train_loss=0.4185807704925537

[CollapseMonitor] Epoch 58
  [DEBUG] Processed 20 batches from val_dataloader
  [DEBUG] Predictions shape after concat: (1280,)
  [DEBUG] All predictions list length: 20
  [DEBUG] First batch shape: (64,)
  Pred std: 0.021254, range: 0.122426, mean: 0.044421
  Pos: 100.0%, Neg: 0.0%, Unique: 1239
  Saved validation predictions to: experiments/01_staleness_features_fixed/sweep_stale_h22_drop0.15_lr5/collapse_monitoring/val_predictions_epoch58.npy
  Gradient norms:
    lstm_encoder: 0.040893
    lstm_decoder: 0.010535
    multihead_attn: 0.004585
    output_layer: 0.099331
  VSN output std:
    encoder: 0.097794
  Attention entropy: 2.210332
  Saved to: experiments/01_staleness_features_fixed/sweep_stale_h22_drop0.15_lr5/collapse_monitoring/collapse_monitor_epoch58.json
Epoch 59: val_loss=0.4000551700592041
Epoch 59: train_loss=0.4189838171005249

[CollapseMonitor] Epoch 59
  [DEBUG] Processed 20 batches from val_dataloader
  [DEBUG] Predictions shape after concat: (1280,)
  [DEBUG] All predictions list length: 20
  [DEBUG] First batch shape: (64,)
  Pred std: 0.018191, range: 0.104909, mean: 0.042284
  Pos: 100.0%, Neg: 0.0%, Unique: 1226
  Saved validation predictions to: experiments/01_staleness_features_fixed/sweep_stale_h22_drop0.15_lr5/collapse_monitoring/val_predictions_epoch59.npy
  Gradient norms:
    lstm_encoder: 0.043159
    lstm_decoder: 0.011326
    multihead_attn: 0.004503
    output_layer: 0.108083
  VSN output std:
    encoder: 0.097802
  Attention entropy: 2.184362
  Saved to: experiments/01_staleness_features_fixed/sweep_stale_h22_drop0.15_lr5/collapse_monitoring/collapse_monitor_epoch59.json
Epoch 60: val_loss=0.39972254633903503
Epoch 60: train_loss=0.4198692739009857

[CollapseMonitor] Epoch 60
  [DEBUG] Processed 20 batches from val_dataloader
  [DEBUG] Predictions shape after concat: (1280,)
  [DEBUG] All predictions list length: 20
  [DEBUG] First batch shape: (64,)
  Pred std: 0.020201, range: 0.117036, mean: 0.046720
  Pos: 100.0%, Neg: 0.0%, Unique: 1248
  Saved validation predictions to: experiments/01_staleness_features_fixed/sweep_stale_h22_drop0.15_lr5/collapse_monitoring/val_predictions_epoch60.npy
  Gradient norms:
    lstm_encoder: 0.042486
    lstm_decoder: 0.011779
    multihead_attn: 0.004688
    output_layer: 0.108223
  VSN output std:
    encoder: 0.099527
  Attention entropy: 2.233798
  Saved to: experiments/01_staleness_features_fixed/sweep_stale_h22_drop0.15_lr5/collapse_monitoring/collapse_monitor_epoch60.json
Epoch 61: val_loss=0.40093669295310974
Epoch 61: train_loss=0.4187281131744385

[CollapseMonitor] Epoch 61
  [DEBUG] Processed 20 batches from val_dataloader
  [DEBUG] Predictions shape after concat: (1280,)
  [DEBUG] All predictions list length: 20
  [DEBUG] First batch shape: (64,)
  Pred std: 0.024614, range: 0.138115, mean: 0.050485
  Pos: 100.0%, Neg: 0.0%, Unique: 1257
  Saved validation predictions to: experiments/01_staleness_features_fixed/sweep_stale_h22_drop0.15_lr5/collapse_monitoring/val_predictions_epoch61.npy
  Gradient norms:
    lstm_encoder: 0.043438
    lstm_decoder: 0.011099
    multihead_attn: 0.004496
    output_layer: 0.110770
  VSN output std:
    encoder: 0.099671
  Attention entropy: 2.277353
  Saved to: experiments/01_staleness_features_fixed/sweep_stale_h22_drop0.15_lr5/collapse_monitoring/collapse_monitor_epoch61.json
Epoch 62: val_loss=0.40345197916030884
Epoch 62: train_loss=0.41799670457839966

[CollapseMonitor] Epoch 62
  [DEBUG] Processed 20 batches from val_dataloader
  [DEBUG] Predictions shape after concat: (1280,)
  [DEBUG] All predictions list length: 20
  [DEBUG] First batch shape: (64,)
  Pred std: 0.018508, range: 0.108253, mean: 0.087980
  Pos: 100.0%, Neg: 0.0%, Unique: 1250
  Saved validation predictions to: experiments/01_staleness_features_fixed/sweep_stale_h22_drop0.15_lr5/collapse_monitoring/val_predictions_epoch62.npy
  Gradient norms:
    lstm_encoder: 0.042670
    lstm_decoder: 0.011320
    multihead_attn: 0.004285
    output_layer: 0.106263
  VSN output std:
    encoder: 0.099094
  Attention entropy: 2.269638
  Saved to: experiments/01_staleness_features_fixed/sweep_stale_h22_drop0.15_lr5/collapse_monitoring/collapse_monitor_epoch62.json
Epoch 63: val_loss=0.4027722477912903
Epoch 63: train_loss=0.4178035855293274

[CollapseMonitor] Epoch 63
  [DEBUG] Processed 20 batches from val_dataloader
  [DEBUG] Predictions shape after concat: (1280,)
  [DEBUG] All predictions list length: 20
  [DEBUG] First batch shape: (64,)
  Pred std: 0.021907, range: 0.125509, mean: 0.053071
  Pos: 100.0%, Neg: 0.0%, Unique: 1250
  Saved validation predictions to: experiments/01_staleness_features_fixed/sweep_stale_h22_drop0.15_lr5/collapse_monitoring/val_predictions_epoch63.npy
  Gradient norms:
    lstm_encoder: 0.042595
    lstm_decoder: 0.011299
    multihead_attn: 0.004373
    output_layer: 0.106876
  VSN output std:
    encoder: 0.099586
  Attention entropy: 2.270751
  Saved to: experiments/01_staleness_features_fixed/sweep_stale_h22_drop0.15_lr5/collapse_monitoring/collapse_monitor_epoch63.json
Epoch 64: val_loss=0.4029156565666199
Epoch 64: train_loss=0.4180731773376465

[CollapseMonitor] Epoch 64
  [DEBUG] Processed 20 batches from val_dataloader
  [DEBUG] Predictions shape after concat: (1280,)
  [DEBUG] All predictions list length: 20
  [DEBUG] First batch shape: (64,)
  Pred std: 0.021944, range: 0.124967, mean: 0.076525
  Pos: 100.0%, Neg: 0.0%, Unique: 1262
  Saved validation predictions to: experiments/01_staleness_features_fixed/sweep_stale_h22_drop0.15_lr5/collapse_monitoring/val_predictions_epoch64.npy
  Gradient norms:
    lstm_encoder: 0.047782
    lstm_decoder: 0.012082
    multihead_attn: 0.004792
    output_layer: 0.109629
  VSN output std:
    encoder: 0.098759
  Attention entropy: 2.222862
  Saved to: experiments/01_staleness_features_fixed/sweep_stale_h22_drop0.15_lr5/collapse_monitoring/collapse_monitor_epoch64.json
Epoch 65: val_loss=0.404726505279541
Epoch 65: train_loss=0.4182721674442291

[CollapseMonitor] Epoch 65
  [DEBUG] Processed 20 batches from val_dataloader
  [DEBUG] Predictions shape after concat: (1280,)
  [DEBUG] All predictions list length: 20
  [DEBUG] First batch shape: (64,)
  Pred std: 0.020093, range: 0.119580, mean: 0.080300
  Pos: 100.0%, Neg: 0.0%, Unique: 1247
  Saved validation predictions to: experiments/01_staleness_features_fixed/sweep_stale_h22_drop0.15_lr5/collapse_monitoring/val_predictions_epoch65.npy
  Gradient norms:
    lstm_encoder: 0.051260
    lstm_decoder: 0.012310
    multihead_attn: 0.004534
    output_layer: 0.111835
  VSN output std:
    encoder: 0.100220
  Attention entropy: 2.254167
  Saved to: experiments/01_staleness_features_fixed/sweep_stale_h22_drop0.15_lr5/collapse_monitoring/collapse_monitor_epoch65.json
Epoch 66: val_loss=0.40407609939575195
Epoch 66: train_loss=0.4189697504043579

[CollapseMonitor] Epoch 66
  [DEBUG] Processed 20 batches from val_dataloader
  [DEBUG] Predictions shape after concat: (1280,)
  [DEBUG] All predictions list length: 20
  [DEBUG] First batch shape: (64,)
  Pred std: 0.020067, range: 0.115249, mean: 0.045236
  Pos: 100.0%, Neg: 0.0%, Unique: 1243
  Saved validation predictions to: experiments/01_staleness_features_fixed/sweep_stale_h22_drop0.15_lr5/collapse_monitoring/val_predictions_epoch66.npy
  Gradient norms:
    lstm_encoder: 0.050831
    lstm_decoder: 0.012128
    multihead_attn: 0.004982
    output_layer: 0.108267
  VSN output std:
    encoder: 0.099977
  Attention entropy: 2.239777
  Saved to: experiments/01_staleness_features_fixed/sweep_stale_h22_drop0.15_lr5/collapse_monitoring/collapse_monitor_epoch66.json


======================================================================
Training complete
======================================================================

Best model checkpoint: experiments/01_staleness_features_fixed/sweep_stale_h22_drop0.15_lr5/checkpoints/tft-epoch=56-val_loss=0.3969.ckpt
Best validation loss: 0.396890
Completed at: 2025-10-30 03:11:04
Log saved to: experiments/01_staleness_features_fixed/sweep_stale_h22_drop0.15_lr5/training_20251030_022207.log
======================================================================
