======================================================================
Training TFT: 01_staleness_features_fixed/sweep_stale_h14_drop0.30_lr3
======================================================================
Logging to: experiments/01_staleness_features_fixed/sweep_stale_h14_drop0.30_lr3/training_20251029_222654.log
Started at: 2025-10-29 22:26:54
======================================================================
Configuration saved to: experiments/01_staleness_features_fixed/sweep_stale_h14_drop0.30_lr3/config.json

Loading data splits...
Train: 6066 samples
Val: 1300 samples
Test: 1300 samples

Preparing TimeSeriesDataSet...

Adding staleness features to data...

======================================================================
Adding Staleness Features
======================================================================
Mode: Fixed lag

Processing: Inflation_YoY (detecting from CPI)
  Updates detected: 280
  Avg days stale: 10.9
  Max days stale: 60

======================================================================
Total staleness features added: 2
======================================================================


======================================================================
Adding Staleness Features
======================================================================
Mode: Fixed lag

Processing: Inflation_YoY (detecting from CPI)
  Updates detected: 62
  Avg days stale: 10.3
  Max days stale: 42

======================================================================
Total staleness features added: 2
======================================================================


Dropping source columns (used for staleness only): ['CPI']

Final features for TFT: ['SP500_Returns', 'VIX', 'Treasury_10Y', 'Yield_Spread', 'Inflation_YoY', 'days_since_CPI_update', 'CPI_is_fresh']

======================================================================
FEATURE STATISTICS - BEFORE NORMALIZATION
======================================================================
VIX                             mean= 19.7193  std=  8.0201  min=  9.3100  max= 80.8600
Treasury_10Y                    mean=  4.7588  std=  1.6860  min=  1.4300  max=  8.3600
Yield_Spread                    mean=  1.2786  std=  0.9184  min= -0.5200  max=  2.9100
Inflation_YoY                   mean=  2.5055  std=  1.1650  min= -1.9588  max=  5.7255
days_since_CPI_update           mean= 10.8539  std=  7.6096  min=  0.0000  max= 60.0000
CPI_is_fresh                    mean=  0.0462  std=  0.2098  min=  0.0000  max=  1.0000

======================================================================
NORMALIZING STALENESS FEATURES (log transform)
======================================================================
Max staleness observed: train=60, val=42
Using normalization max: 65 days


STALENESS FEATURES - AFTER MANUAL NORMALIZATION
days_since_CPI_update           mean=  0.5270  std=  0.1974  min=  0.0000  max=  0.9812

======================================================================
FEATURES AFTER GROUPNORMALIZER (first batch, last timestep)
======================================================================
VIX                             normalized_value=  1.0000
Treasury_10Y                    normalized_value= -0.0500
Yield_Spread                    normalized_value= -0.4214
Inflation_YoY                   normalized_value= -0.9721
days_since_CPI_update           normalized_value=  1.5369
CPI_is_fresh                    normalized_value=  0.8557
======================================================================

Batches per epoch: 94
[DEBUG] Validation batches: 20
[DEBUG] Validation dataset size: 1280
[DEBUG] Batch size: 64

Initializing model...
Model parameters: 20,626

Starting training...
Checkpoints will be saved to: experiments/01_staleness_features_fixed/sweep_stale_h14_drop0.30_lr3/checkpoints/
Logs will be saved to: experiments/01_staleness_features_fixed/sweep_stale_h14_drop0.30_lr3/logs/

Epoch 0: val_loss=N/A
Epoch 0: val_loss=0.758617103099823
Epoch 0: train_loss=0.9087257385253906

[CollapseMonitor] Epoch 0
  [DEBUG] Processed 20 batches from val_dataloader
  [DEBUG] Predictions shape after concat: (1280,)
  [DEBUG] All predictions list length: 20
  [DEBUG] First batch shape: (64,)
  Pred std: 0.013764, range: 0.061737, mean: 1.081318
  Pos: 100.0%, Neg: 0.0%, Unique: 1269
  Saved validation predictions to: experiments/01_staleness_features_fixed/sweep_stale_h14_drop0.30_lr3/collapse_monitoring/val_predictions_epoch0.npy
  Gradient norms:
    lstm_encoder: 0.016174
    lstm_decoder: 0.016456
    multihead_attn: 0.009616
    output_layer: 0.808335
  VSN output std:
    encoder: 0.138825
  Attention entropy: 2.978659
  Saved to: experiments/01_staleness_features_fixed/sweep_stale_h14_drop0.30_lr3/collapse_monitoring/collapse_monitor_epoch0.json
Epoch 1: val_loss=0.6745268702507019
Epoch 1: train_loss=0.8216548562049866

[CollapseMonitor] Epoch 1
  [DEBUG] Processed 20 batches from val_dataloader
  [DEBUG] Predictions shape after concat: (1280,)
  [DEBUG] All predictions list length: 20
  [DEBUG] First batch shape: (64,)
  Pred std: 0.014569, range: 0.063651, mean: 1.023105
  Pos: 100.0%, Neg: 0.0%, Unique: 1261
  Saved validation predictions to: experiments/01_staleness_features_fixed/sweep_stale_h14_drop0.30_lr3/collapse_monitoring/val_predictions_epoch1.npy
  Gradient norms:
    lstm_encoder: 0.013416
    lstm_decoder: 0.014859
    multihead_attn: 0.007798
    output_layer: 0.719438
  VSN output std:
    encoder: 0.140411
  Attention entropy: 2.978733
  Saved to: experiments/01_staleness_features_fixed/sweep_stale_h14_drop0.30_lr3/collapse_monitoring/collapse_monitor_epoch1.json
Epoch 2: val_loss=0.6021732091903687
Epoch 2: train_loss=0.7228791117668152

[CollapseMonitor] Epoch 2
  [DEBUG] Processed 20 batches from val_dataloader
  [DEBUG] Predictions shape after concat: (1280,)
  [DEBUG] All predictions list length: 20
  [DEBUG] First batch shape: (64,)
  Pred std: 0.013147, range: 0.072337, mean: 0.886760
  Pos: 100.0%, Neg: 0.0%, Unique: 1268
  Saved validation predictions to: experiments/01_staleness_features_fixed/sweep_stale_h14_drop0.30_lr3/collapse_monitoring/val_predictions_epoch2.npy
  Gradient norms:
    lstm_encoder: 0.010973
    lstm_decoder: 0.012863
    multihead_attn: 0.006526
    output_layer: 0.600520
  VSN output std:
    encoder: 0.141940
  Attention entropy: 2.980051
  Saved to: experiments/01_staleness_features_fixed/sweep_stale_h14_drop0.30_lr3/collapse_monitoring/collapse_monitor_epoch2.json
Epoch 3: val_loss=0.5389466881752014
Epoch 3: train_loss=0.6290841698646545

[CollapseMonitor] Epoch 3
  [DEBUG] Processed 20 batches from val_dataloader
  [DEBUG] Predictions shape after concat: (1280,)
  [DEBUG] All predictions list length: 20
  [DEBUG] First batch shape: (64,)
  Pred std: 0.010869, range: 0.074997, mean: 0.682415
  Pos: 100.0%, Neg: 0.0%, Unique: 1261
  Saved validation predictions to: experiments/01_staleness_features_fixed/sweep_stale_h14_drop0.30_lr3/collapse_monitoring/val_predictions_epoch3.npy
  Gradient norms:
    lstm_encoder: 0.008789
    lstm_decoder: 0.010625
    multihead_attn: 0.005119
    output_layer: 0.469580
  VSN output std:
    encoder: 0.144222
  Attention entropy: 2.984781
  Saved to: experiments/01_staleness_features_fixed/sweep_stale_h14_drop0.30_lr3/collapse_monitoring/collapse_monitor_epoch3.json
Epoch 4: val_loss=0.49519413709640503
Epoch 4: train_loss=0.5573105216026306

[CollapseMonitor] Epoch 4
  [DEBUG] Processed 20 batches from val_dataloader
  [DEBUG] Predictions shape after concat: (1280,)
  [DEBUG] All predictions list length: 20
  [DEBUG] First batch shape: (64,)
  Pred std: 0.009707, range: 0.071986, mean: 0.428264
  Pos: 100.0%, Neg: 0.0%, Unique: 1248
  Saved validation predictions to: experiments/01_staleness_features_fixed/sweep_stale_h14_drop0.30_lr3/collapse_monitoring/val_predictions_epoch4.npy
  Gradient norms:
    lstm_encoder: 0.006900
    lstm_decoder: 0.007844
    multihead_attn: 0.004144
    output_layer: 0.332039
  VSN output std:
    encoder: 0.145909
  Attention entropy: 2.988398
  Saved to: experiments/01_staleness_features_fixed/sweep_stale_h14_drop0.30_lr3/collapse_monitoring/collapse_monitor_epoch4.json
Epoch 5: val_loss=0.47253069281578064
Epoch 5: train_loss=0.511706531047821

[CollapseMonitor] Epoch 5
  [DEBUG] Processed 20 batches from val_dataloader
  [DEBUG] Predictions shape after concat: (1280,)
  [DEBUG] All predictions list length: 20
  [DEBUG] First batch shape: (64,)
  Pred std: 0.010813, range: 0.079647, mean: 0.271511
  Pos: 100.0%, Neg: 0.0%, Unique: 1248
  Saved validation predictions to: experiments/01_staleness_features_fixed/sweep_stale_h14_drop0.30_lr3/collapse_monitoring/val_predictions_epoch5.npy
  Gradient norms:
    lstm_encoder: 0.005192
    lstm_decoder: 0.005509
    multihead_attn: 0.003165
    output_layer: 0.223140
  VSN output std:
    encoder: 0.146110
  Attention entropy: 2.989667
  Saved to: experiments/01_staleness_features_fixed/sweep_stale_h14_drop0.30_lr3/collapse_monitoring/collapse_monitor_epoch5.json
Epoch 6: val_loss=0.4602258801460266
Epoch 6: train_loss=0.4852869510650635

[CollapseMonitor] Epoch 6
  [DEBUG] Processed 20 batches from val_dataloader
  [DEBUG] Predictions shape after concat: (1280,)
  [DEBUG] All predictions list length: 20
  [DEBUG] First batch shape: (64,)
  Pred std: 0.011454, range: 0.082188, mean: 0.184165
  Pos: 100.0%, Neg: 0.0%, Unique: 1227
  Saved validation predictions to: experiments/01_staleness_features_fixed/sweep_stale_h14_drop0.30_lr3/collapse_monitoring/val_predictions_epoch6.npy
  Gradient norms:
    lstm_encoder: 0.004175
    lstm_decoder: 0.003866
    multihead_attn: 0.002471
    output_layer: 0.153451
  VSN output std:
    encoder: 0.146956
  Attention entropy: 2.990290
  Saved to: experiments/01_staleness_features_fixed/sweep_stale_h14_drop0.30_lr3/collapse_monitoring/collapse_monitor_epoch6.json
Epoch 7: val_loss=0.454728364944458
Epoch 7: train_loss=0.4722783863544464

[CollapseMonitor] Epoch 7
  [DEBUG] Processed 20 batches from val_dataloader
  [DEBUG] Predictions shape after concat: (1280,)
  [DEBUG] All predictions list length: 20
  [DEBUG] First batch shape: (64,)
  Pred std: 0.012657, range: 0.088022, mean: 0.116385
  Pos: 100.0%, Neg: 0.0%, Unique: 1227
  Saved validation predictions to: experiments/01_staleness_features_fixed/sweep_stale_h14_drop0.30_lr3/collapse_monitoring/val_predictions_epoch7.npy
  Gradient norms:
    lstm_encoder: 0.003581
    lstm_decoder: 0.003218
    multihead_attn: 0.002139
    output_layer: 0.121132
  VSN output std:
    encoder: 0.144803
  Attention entropy: 2.990784
  Saved to: experiments/01_staleness_features_fixed/sweep_stale_h14_drop0.30_lr3/collapse_monitoring/collapse_monitor_epoch7.json
Epoch 8: val_loss=0.45254579186439514
Epoch 8: train_loss=0.46587106585502625

[CollapseMonitor] Epoch 8
  [DEBUG] Processed 20 batches from val_dataloader
  [DEBUG] Predictions shape after concat: (1280,)
  [DEBUG] All predictions list length: 20
  [DEBUG] First batch shape: (64,)
  Pred std: 0.013949, range: 0.094710, mean: 0.127468
  Pos: 100.0%, Neg: 0.0%, Unique: 1217
  Saved validation predictions to: experiments/01_staleness_features_fixed/sweep_stale_h14_drop0.30_lr3/collapse_monitoring/val_predictions_epoch8.npy
  Gradient norms:
    lstm_encoder: 0.003561
    lstm_decoder: 0.002984
    multihead_attn: 0.001824
    output_layer: 0.107813
  VSN output std:
    encoder: 0.142466
  Attention entropy: 2.990474
  Saved to: experiments/01_staleness_features_fixed/sweep_stale_h14_drop0.30_lr3/collapse_monitoring/collapse_monitor_epoch8.json
Epoch 9: val_loss=0.4503299593925476
Epoch 9: train_loss=0.4617506265640259

[CollapseMonitor] Epoch 9
  [DEBUG] Processed 20 batches from val_dataloader
  [DEBUG] Predictions shape after concat: (1280,)
  [DEBUG] All predictions list length: 20
  [DEBUG] First batch shape: (64,)
  Pred std: 0.017178, range: 0.112613, mean: 0.084015
  Pos: 100.0%, Neg: 0.0%, Unique: 1219
  Saved validation predictions to: experiments/01_staleness_features_fixed/sweep_stale_h14_drop0.30_lr3/collapse_monitoring/val_predictions_epoch9.npy
  Gradient norms:
    lstm_encoder: 0.003498
    lstm_decoder: 0.002708
    multihead_attn: 0.001747
    output_layer: 0.096469
  VSN output std:
    encoder: 0.140268
  Attention entropy: 2.990561
  Saved to: experiments/01_staleness_features_fixed/sweep_stale_h14_drop0.30_lr3/collapse_monitoring/collapse_monitor_epoch9.json
Epoch 10: val_loss=0.44877925515174866
Epoch 10: train_loss=0.4573475122451782

[CollapseMonitor] Epoch 10
  [DEBUG] Processed 20 batches from val_dataloader
  [DEBUG] Predictions shape after concat: (1280,)
  [DEBUG] All predictions list length: 20
  [DEBUG] First batch shape: (64,)
  Pred std: 0.020592, range: 0.132739, mean: 0.111816
  Pos: 100.0%, Neg: 0.0%, Unique: 1212
  Saved validation predictions to: experiments/01_staleness_features_fixed/sweep_stale_h14_drop0.30_lr3/collapse_monitoring/val_predictions_epoch10.npy
  Gradient norms:
    lstm_encoder: 0.003944
    lstm_decoder: 0.002863
    multihead_attn: 0.001799
    output_layer: 0.100902
  VSN output std:
    encoder: 0.136193
  Attention entropy: 2.990212
  Saved to: experiments/01_staleness_features_fixed/sweep_stale_h14_drop0.30_lr3/collapse_monitoring/collapse_monitor_epoch10.json
Epoch 11: val_loss=0.44690728187561035
Epoch 11: train_loss=0.45568519830703735

[CollapseMonitor] Epoch 11
  [DEBUG] Processed 20 batches from val_dataloader
  [DEBUG] Predictions shape after concat: (1280,)
  [DEBUG] All predictions list length: 20
  [DEBUG] First batch shape: (64,)
  Pred std: 0.025287, range: 0.156906, mean: 0.105276
  Pos: 100.0%, Neg: 0.0%, Unique: 1220
  Saved validation predictions to: experiments/01_staleness_features_fixed/sweep_stale_h14_drop0.30_lr3/collapse_monitoring/val_predictions_epoch11.npy
  Gradient norms:
    lstm_encoder: 0.003637
    lstm_decoder: 0.002634
    multihead_attn: 0.001872
    output_layer: 0.091937
  VSN output std:
    encoder: 0.131159
  Attention entropy: 2.990009
  Saved to: experiments/01_staleness_features_fixed/sweep_stale_h14_drop0.30_lr3/collapse_monitoring/collapse_monitor_epoch11.json
Epoch 12: val_loss=0.4442952275276184
Epoch 12: train_loss=0.45335879921913147

[CollapseMonitor] Epoch 12
  [DEBUG] Processed 20 batches from val_dataloader
  [DEBUG] Predictions shape after concat: (1280,)
  [DEBUG] All predictions list length: 20
  [DEBUG] First batch shape: (64,)
  Pred std: 0.037929, range: 0.202399, mean: 0.092533
  Pos: 100.0%, Neg: 0.0%, Unique: 1229
  Saved validation predictions to: experiments/01_staleness_features_fixed/sweep_stale_h14_drop0.30_lr3/collapse_monitoring/val_predictions_epoch12.npy
  Gradient norms:
    lstm_encoder: 0.004059
    lstm_decoder: 0.002842
    multihead_attn: 0.002155
    output_layer: 0.090743
  VSN output std:
    encoder: 0.129085
  Attention entropy: 2.989979
  Saved to: experiments/01_staleness_features_fixed/sweep_stale_h14_drop0.30_lr3/collapse_monitoring/collapse_monitor_epoch12.json
Epoch 13: val_loss=0.4413336217403412
Epoch 13: train_loss=0.4522702991962433

[CollapseMonitor] Epoch 13
  [DEBUG] Processed 20 batches from val_dataloader
  [DEBUG] Predictions shape after concat: (1280,)
  [DEBUG] All predictions list length: 20
  [DEBUG] First batch shape: (64,)
  Pred std: 0.050658, range: 0.238402, mean: 0.070374
  Pos: 100.0%, Neg: 0.0%, Unique: 1250
  Saved validation predictions to: experiments/01_staleness_features_fixed/sweep_stale_h14_drop0.30_lr3/collapse_monitoring/val_predictions_epoch13.npy
  Gradient norms:
    lstm_encoder: 0.004190
    lstm_decoder: 0.002906
    multihead_attn: 0.002289
    output_layer: 0.086662
  VSN output std:
    encoder: 0.128284
  Attention entropy: 2.990471
  Saved to: experiments/01_staleness_features_fixed/sweep_stale_h14_drop0.30_lr3/collapse_monitoring/collapse_monitor_epoch13.json
Epoch 14: val_loss=0.43864136934280396
Epoch 14: train_loss=0.4480932652950287

[CollapseMonitor] Epoch 14
  [DEBUG] Processed 20 batches from val_dataloader
  [DEBUG] Predictions shape after concat: (1280,)
  [DEBUG] All predictions list length: 20
  [DEBUG] First batch shape: (64,)
  Pred std: 0.053400, range: 0.240263, mean: 0.110109
  Pos: 100.0%, Neg: 0.0%, Unique: 1263
  Saved validation predictions to: experiments/01_staleness_features_fixed/sweep_stale_h14_drop0.30_lr3/collapse_monitoring/val_predictions_epoch14.npy
  Gradient norms:
    lstm_encoder: 0.005112
    lstm_decoder: 0.003492
    multihead_attn: 0.002527
    output_layer: 0.100073
  VSN output std:
    encoder: 0.128009
  Attention entropy: 2.991075
  Saved to: experiments/01_staleness_features_fixed/sweep_stale_h14_drop0.30_lr3/collapse_monitoring/collapse_monitor_epoch14.json
Epoch 15: val_loss=0.43425098061561584
Epoch 15: train_loss=0.4476766884326935

[CollapseMonitor] Epoch 15
  [DEBUG] Processed 20 batches from val_dataloader
  [DEBUG] Predictions shape after concat: (1280,)
  [DEBUG] All predictions list length: 20
  [DEBUG] First batch shape: (64,)
  Pred std: 0.067225, range: 0.284275, mean: 0.071594
  Pos: 100.0%, Neg: 0.0%, Unique: 1261
  Saved validation predictions to: experiments/01_staleness_features_fixed/sweep_stale_h14_drop0.30_lr3/collapse_monitoring/val_predictions_epoch15.npy
  Gradient norms:
    lstm_encoder: 0.005482
    lstm_decoder: 0.003684
    multihead_attn: 0.002584
    output_layer: 0.092811
  VSN output std:
    encoder: 0.129008
  Attention entropy: 2.991184
  Saved to: experiments/01_staleness_features_fixed/sweep_stale_h14_drop0.30_lr3/collapse_monitoring/collapse_monitor_epoch15.json
Epoch 16: val_loss=0.432415246963501
Epoch 16: train_loss=0.4457627236843109

[CollapseMonitor] Epoch 16
  [DEBUG] Processed 20 batches from val_dataloader
  [DEBUG] Predictions shape after concat: (1280,)
  [DEBUG] All predictions list length: 20
  [DEBUG] First batch shape: (64,)
  Pred std: 0.069015, range: 0.284623, mean: 0.077109
  Pos: 100.0%, Neg: 0.0%, Unique: 1262
  Saved validation predictions to: experiments/01_staleness_features_fixed/sweep_stale_h14_drop0.30_lr3/collapse_monitoring/val_predictions_epoch16.npy
  Gradient norms:
    lstm_encoder: 0.005681
    lstm_decoder: 0.003718
    multihead_attn: 0.002699
    output_layer: 0.096145
  VSN output std:
    encoder: 0.127458
  Attention entropy: 2.990551
  Saved to: experiments/01_staleness_features_fixed/sweep_stale_h14_drop0.30_lr3/collapse_monitoring/collapse_monitor_epoch16.json
Epoch 17: val_loss=0.43039289116859436
Epoch 17: train_loss=0.44442689418792725

[CollapseMonitor] Epoch 17
  [DEBUG] Processed 20 batches from val_dataloader
  [DEBUG] Predictions shape after concat: (1280,)
  [DEBUG] All predictions list length: 20
  [DEBUG] First batch shape: (64,)
  Pred std: 0.067742, range: 0.279279, mean: 0.069034
  Pos: 100.0%, Neg: 0.0%, Unique: 1266
  Saved validation predictions to: experiments/01_staleness_features_fixed/sweep_stale_h14_drop0.30_lr3/collapse_monitoring/val_predictions_epoch17.npy
  Gradient norms:
    lstm_encoder: 0.005593
    lstm_decoder: 0.003885
    multihead_attn: 0.002643
    output_layer: 0.091502
  VSN output std:
    encoder: 0.128111
  Attention entropy: 2.990619
  Saved to: experiments/01_staleness_features_fixed/sweep_stale_h14_drop0.30_lr3/collapse_monitoring/collapse_monitor_epoch17.json
Epoch 18: val_loss=0.42858678102493286
Epoch 18: train_loss=0.4430640935897827

[CollapseMonitor] Epoch 18
  [DEBUG] Processed 20 batches from val_dataloader
  [DEBUG] Predictions shape after concat: (1280,)
  [DEBUG] All predictions list length: 20
  [DEBUG] First batch shape: (64,)
  Pred std: 0.066390, range: 0.276243, mean: 0.084491
  Pos: 100.0%, Neg: 0.0%, Unique: 1264
  Saved validation predictions to: experiments/01_staleness_features_fixed/sweep_stale_h14_drop0.30_lr3/collapse_monitoring/val_predictions_epoch18.npy
  Gradient norms:
    lstm_encoder: 0.005541
    lstm_decoder: 0.003986
    multihead_attn: 0.002693
    output_layer: 0.098137
  VSN output std:
    encoder: 0.127322
  Attention entropy: 2.990066
  Saved to: experiments/01_staleness_features_fixed/sweep_stale_h14_drop0.30_lr3/collapse_monitoring/collapse_monitor_epoch18.json
Epoch 19: val_loss=0.42733320593833923
Epoch 19: train_loss=0.44243890047073364

[CollapseMonitor] Epoch 19
  [DEBUG] Processed 20 batches from val_dataloader
  [DEBUG] Predictions shape after concat: (1280,)
  [DEBUG] All predictions list length: 20
  [DEBUG] First batch shape: (64,)
  Pred std: 0.069311, range: 0.288974, mean: 0.055496
  Pos: 99.4%, Neg: 0.6%, Unique: 1268
  Saved validation predictions to: experiments/01_staleness_features_fixed/sweep_stale_h14_drop0.30_lr3/collapse_monitoring/val_predictions_epoch19.npy
  Gradient norms:
    lstm_encoder: 0.005865
    lstm_decoder: 0.003993
    multihead_attn: 0.002609
    output_layer: 0.095803
  VSN output std:
    encoder: 0.128068
  Attention entropy: 2.990699
  Saved to: experiments/01_staleness_features_fixed/sweep_stale_h14_drop0.30_lr3/collapse_monitoring/collapse_monitor_epoch19.json
Epoch 20: val_loss=0.42609938979148865
Epoch 20: train_loss=0.44185078144073486

[CollapseMonitor] Epoch 20
  [DEBUG] Processed 20 batches from val_dataloader
  [DEBUG] Predictions shape after concat: (1280,)
  [DEBUG] All predictions list length: 20
  [DEBUG] First batch shape: (64,)
  Pred std: 0.062643, range: 0.281111, mean: 0.073268
  Pos: 100.0%, Neg: 0.0%, Unique: 1264
  Saved validation predictions to: experiments/01_staleness_features_fixed/sweep_stale_h14_drop0.30_lr3/collapse_monitoring/val_predictions_epoch20.npy
  Gradient norms:
    lstm_encoder: 0.005805
    lstm_decoder: 0.003943
    multihead_attn: 0.002559
    output_layer: 0.089322
  VSN output std:
    encoder: 0.127681
  Attention entropy: 2.991479
  Saved to: experiments/01_staleness_features_fixed/sweep_stale_h14_drop0.30_lr3/collapse_monitoring/collapse_monitor_epoch20.json
Epoch 21: val_loss=0.42503055930137634
Epoch 21: train_loss=0.4399881660938263

[CollapseMonitor] Epoch 21
  [DEBUG] Processed 20 batches from val_dataloader
  [DEBUG] Predictions shape after concat: (1280,)
  [DEBUG] All predictions list length: 20
  [DEBUG] First batch shape: (64,)
  Pred std: 0.062623, range: 0.287395, mean: 0.066578
  Pos: 100.0%, Neg: 0.0%, Unique: 1266
  Saved validation predictions to: experiments/01_staleness_features_fixed/sweep_stale_h14_drop0.30_lr3/collapse_monitoring/val_predictions_epoch21.npy
  Gradient norms:
    lstm_encoder: 0.006368
    lstm_decoder: 0.004381
    multihead_attn: 0.002602
    output_layer: 0.095497
  VSN output std:
    encoder: 0.127437
  Attention entropy: 2.991084
  Saved to: experiments/01_staleness_features_fixed/sweep_stale_h14_drop0.30_lr3/collapse_monitoring/collapse_monitor_epoch21.json
Epoch 22: val_loss=0.4239228367805481
Epoch 22: train_loss=0.43965134024620056

[CollapseMonitor] Epoch 22
  [DEBUG] Processed 20 batches from val_dataloader
  [DEBUG] Predictions shape after concat: (1280,)
  [DEBUG] All predictions list length: 20
  [DEBUG] First batch shape: (64,)
  Pred std: 0.056179, range: 0.264951, mean: 0.063506
  Pos: 99.9%, Neg: 0.1%, Unique: 1265
  Saved validation predictions to: experiments/01_staleness_features_fixed/sweep_stale_h14_drop0.30_lr3/collapse_monitoring/val_predictions_epoch22.npy
  Gradient norms:
    lstm_encoder: 0.006569
    lstm_decoder: 0.004389
    multihead_attn: 0.002701
    output_layer: 0.092326
  VSN output std:
    encoder: 0.126526
  Attention entropy: 2.991476
  Saved to: experiments/01_staleness_features_fixed/sweep_stale_h14_drop0.30_lr3/collapse_monitoring/collapse_monitor_epoch22.json
Epoch 23: val_loss=0.42309245467185974
Epoch 23: train_loss=0.43804845213890076

[CollapseMonitor] Epoch 23
  [DEBUG] Processed 20 batches from val_dataloader
  [DEBUG] Predictions shape after concat: (1280,)
  [DEBUG] All predictions list length: 20
  [DEBUG] First batch shape: (64,)
  Pred std: 0.053397, range: 0.254461, mean: 0.079109
  Pos: 100.0%, Neg: 0.0%, Unique: 1274
  Saved validation predictions to: experiments/01_staleness_features_fixed/sweep_stale_h14_drop0.30_lr3/collapse_monitoring/val_predictions_epoch23.npy
  Gradient norms:
    lstm_encoder: 0.006563
    lstm_decoder: 0.004549
    multihead_attn: 0.002896
    output_layer: 0.095812
  VSN output std:
    encoder: 0.125384
  Attention entropy: 2.990121
  Saved to: experiments/01_staleness_features_fixed/sweep_stale_h14_drop0.30_lr3/collapse_monitoring/collapse_monitor_epoch23.json
Epoch 24: val_loss=0.4219723343849182
Epoch 24: train_loss=0.43590840697288513

[CollapseMonitor] Epoch 24
  [DEBUG] Processed 20 batches from val_dataloader
  [DEBUG] Predictions shape after concat: (1280,)
  [DEBUG] All predictions list length: 20
  [DEBUG] First batch shape: (64,)
  Pred std: 0.058776, range: 0.278745, mean: 0.080097
  Pos: 100.0%, Neg: 0.0%, Unique: 1271
  Saved validation predictions to: experiments/01_staleness_features_fixed/sweep_stale_h14_drop0.30_lr3/collapse_monitoring/val_predictions_epoch24.npy
  Gradient norms:
    lstm_encoder: 0.006897
    lstm_decoder: 0.004583
    multihead_attn: 0.002796
    output_layer: 0.089324
  VSN output std:
    encoder: 0.124931
  Attention entropy: 2.989847
  Saved to: experiments/01_staleness_features_fixed/sweep_stale_h14_drop0.30_lr3/collapse_monitoring/collapse_monitor_epoch24.json
Epoch 25: val_loss=0.4214942455291748
Epoch 25: train_loss=0.43589505553245544

[CollapseMonitor] Epoch 25
  [DEBUG] Processed 20 batches from val_dataloader
  [DEBUG] Predictions shape after concat: (1280,)
  [DEBUG] All predictions list length: 20
  [DEBUG] First batch shape: (64,)
  Pred std: 0.054723, range: 0.270938, mean: 0.074136
  Pos: 99.6%, Neg: 0.4%, Unique: 1271
  Saved validation predictions to: experiments/01_staleness_features_fixed/sweep_stale_h14_drop0.30_lr3/collapse_monitoring/val_predictions_epoch25.npy
  Gradient norms:
    lstm_encoder: 0.006697
    lstm_decoder: 0.004708
    multihead_attn: 0.002607
    output_layer: 0.087571
  VSN output std:
    encoder: 0.123887
  Attention entropy: 2.990076
  Saved to: experiments/01_staleness_features_fixed/sweep_stale_h14_drop0.30_lr3/collapse_monitoring/collapse_monitor_epoch25.json
Epoch 26: val_loss=0.4209243655204773
Epoch 26: train_loss=0.4345923066139221

[CollapseMonitor] Epoch 26
  [DEBUG] Processed 20 batches from val_dataloader
  [DEBUG] Predictions shape after concat: (1280,)
  [DEBUG] All predictions list length: 20
  [DEBUG] First batch shape: (64,)
  Pred std: 0.055336, range: 0.277599, mean: 0.085418
  Pos: 100.0%, Neg: 0.0%, Unique: 1275
  Saved validation predictions to: experiments/01_staleness_features_fixed/sweep_stale_h14_drop0.30_lr3/collapse_monitoring/val_predictions_epoch26.npy
  Gradient norms:
    lstm_encoder: 0.007132
    lstm_decoder: 0.004846
    multihead_attn: 0.002718
    output_layer: 0.091635
  VSN output std:
    encoder: 0.124418
  Attention entropy: 2.989946
  Saved to: experiments/01_staleness_features_fixed/sweep_stale_h14_drop0.30_lr3/collapse_monitoring/collapse_monitor_epoch26.json
Epoch 27: val_loss=0.42001286149024963
Epoch 27: train_loss=0.4355573058128357

[CollapseMonitor] Epoch 27
  [DEBUG] Processed 20 batches from val_dataloader
  [DEBUG] Predictions shape after concat: (1280,)
  [DEBUG] All predictions list length: 20
  [DEBUG] First batch shape: (64,)
  Pred std: 0.058246, range: 0.295106, mean: 0.068037
  Pos: 98.4%, Neg: 1.6%, Unique: 1270
  Saved validation predictions to: experiments/01_staleness_features_fixed/sweep_stale_h14_drop0.30_lr3/collapse_monitoring/val_predictions_epoch27.npy
  Gradient norms:
    lstm_encoder: 0.007239
    lstm_decoder: 0.004937
    multihead_attn: 0.002827
    output_layer: 0.096328
  VSN output std:
    encoder: 0.124782
  Attention entropy: 2.990472
  Saved to: experiments/01_staleness_features_fixed/sweep_stale_h14_drop0.30_lr3/collapse_monitoring/collapse_monitor_epoch27.json
Epoch 28: val_loss=0.41911977529525757
Epoch 28: train_loss=0.43398725986480713

[CollapseMonitor] Epoch 28
  [DEBUG] Processed 20 batches from val_dataloader
  [DEBUG] Predictions shape after concat: (1280,)
  [DEBUG] All predictions list length: 20
  [DEBUG] First batch shape: (64,)
  Pred std: 0.058509, range: 0.293400, mean: 0.072510
  Pos: 99.1%, Neg: 0.9%, Unique: 1268
  Saved validation predictions to: experiments/01_staleness_features_fixed/sweep_stale_h14_drop0.30_lr3/collapse_monitoring/val_predictions_epoch28.npy
  Gradient norms:
    lstm_encoder: 0.007185
    lstm_decoder: 0.004829
    multihead_attn: 0.002843
    output_layer: 0.086523
  VSN output std:
    encoder: 0.123829
  Attention entropy: 2.989208
  Saved to: experiments/01_staleness_features_fixed/sweep_stale_h14_drop0.30_lr3/collapse_monitoring/collapse_monitor_epoch28.json
Epoch 29: val_loss=0.4186113476753235
Epoch 29: train_loss=0.43314358592033386

[CollapseMonitor] Epoch 29
  [DEBUG] Processed 20 batches from val_dataloader
  [DEBUG] Predictions shape after concat: (1280,)
  [DEBUG] All predictions list length: 20
  [DEBUG] First batch shape: (64,)
  Pred std: 0.059586, range: 0.297075, mean: 0.084136
  Pos: 100.0%, Neg: 0.0%, Unique: 1269
  Saved validation predictions to: experiments/01_staleness_features_fixed/sweep_stale_h14_drop0.30_lr3/collapse_monitoring/val_predictions_epoch29.npy
  Gradient norms:
    lstm_encoder: 0.008017
    lstm_decoder: 0.005366
    multihead_attn: 0.003009
    output_layer: 0.096989
  VSN output std:
    encoder: 0.122200
  Attention entropy: 2.988435
  Saved to: experiments/01_staleness_features_fixed/sweep_stale_h14_drop0.30_lr3/collapse_monitoring/collapse_monitor_epoch29.json
Epoch 30: val_loss=0.4175737500190735
Epoch 30: train_loss=0.43244460225105286

[CollapseMonitor] Epoch 30
  [DEBUG] Processed 20 batches from val_dataloader
  [DEBUG] Predictions shape after concat: (1280,)
  [DEBUG] All predictions list length: 20
  [DEBUG] First batch shape: (64,)
  Pred std: 0.059154, range: 0.298865, mean: 0.067791
  Pos: 96.6%, Neg: 3.4%, Unique: 1270
  Saved validation predictions to: experiments/01_staleness_features_fixed/sweep_stale_h14_drop0.30_lr3/collapse_monitoring/val_predictions_epoch30.npy
  Gradient norms:
    lstm_encoder: 0.007745
    lstm_decoder: 0.005201
    multihead_attn: 0.002865
    output_layer: 0.087145
  VSN output std:
    encoder: 0.122451
  Attention entropy: 2.989178
  Saved to: experiments/01_staleness_features_fixed/sweep_stale_h14_drop0.30_lr3/collapse_monitoring/collapse_monitor_epoch30.json
Epoch 31: val_loss=0.4171164035797119
Epoch 31: train_loss=0.43190404772758484

[CollapseMonitor] Epoch 31
  [DEBUG] Processed 20 batches from val_dataloader
  [DEBUG] Predictions shape after concat: (1280,)
  [DEBUG] All predictions list length: 20
  [DEBUG] First batch shape: (64,)
  Pred std: 0.053782, range: 0.285730, mean: 0.069194
  Pos: 96.9%, Neg: 3.1%, Unique: 1270
  Saved validation predictions to: experiments/01_staleness_features_fixed/sweep_stale_h14_drop0.30_lr3/collapse_monitoring/val_predictions_epoch31.npy
  Gradient norms:
    lstm_encoder: 0.008044
    lstm_decoder: 0.005461
    multihead_attn: 0.002948
    output_layer: 0.089638
  VSN output std:
    encoder: 0.121736
  Attention entropy: 2.988749
  Saved to: experiments/01_staleness_features_fixed/sweep_stale_h14_drop0.30_lr3/collapse_monitoring/collapse_monitor_epoch31.json
Epoch 32: val_loss=0.41628989577293396
Epoch 32: train_loss=0.431081622838974

[CollapseMonitor] Epoch 32
  [DEBUG] Processed 20 batches from val_dataloader
  [DEBUG] Predictions shape after concat: (1280,)
  [DEBUG] All predictions list length: 20
  [DEBUG] First batch shape: (64,)
  Pred std: 0.054706, range: 0.291978, mean: 0.079563
  Pos: 99.1%, Neg: 0.9%, Unique: 1271
  Saved validation predictions to: experiments/01_staleness_features_fixed/sweep_stale_h14_drop0.30_lr3/collapse_monitoring/val_predictions_epoch32.npy
  Gradient norms:
    lstm_encoder: 0.007963
    lstm_decoder: 0.005332
    multihead_attn: 0.002790
    output_layer: 0.097275
  VSN output std:
    encoder: 0.119627
  Attention entropy: 2.987037
  Saved to: experiments/01_staleness_features_fixed/sweep_stale_h14_drop0.30_lr3/collapse_monitoring/collapse_monitor_epoch32.json
Epoch 33: val_loss=0.415759414434433
Epoch 33: train_loss=0.4303151071071625

[CollapseMonitor] Epoch 33
  [DEBUG] Processed 20 batches from val_dataloader
  [DEBUG] Predictions shape after concat: (1280,)
  [DEBUG] All predictions list length: 20
  [DEBUG] First batch shape: (64,)
  Pred std: 0.057395, range: 0.301816, mean: 0.055890
  Pos: 90.2%, Neg: 9.8%, Unique: 1273
  Saved validation predictions to: experiments/01_staleness_features_fixed/sweep_stale_h14_drop0.30_lr3/collapse_monitoring/val_predictions_epoch33.npy
  Gradient norms:
    lstm_encoder: 0.008719
    lstm_decoder: 0.005741
    multihead_attn: 0.002646
    output_layer: 0.091025
  VSN output std:
    encoder: 0.119742
  Attention entropy: 2.987626
  Saved to: experiments/01_staleness_features_fixed/sweep_stale_h14_drop0.30_lr3/collapse_monitoring/collapse_monitor_epoch33.json
Epoch 34: val_loss=0.4149707853794098
Epoch 34: train_loss=0.4302007257938385

[CollapseMonitor] Epoch 34
  [DEBUG] Processed 20 batches from val_dataloader
  [DEBUG] Predictions shape after concat: (1280,)
  [DEBUG] All predictions list length: 20
  [DEBUG] First batch shape: (64,)
  Pred std: 0.057579, range: 0.313666, mean: 0.068514
  Pos: 95.0%, Neg: 5.0%, Unique: 1268
  Saved validation predictions to: experiments/01_staleness_features_fixed/sweep_stale_h14_drop0.30_lr3/collapse_monitoring/val_predictions_epoch34.npy
  Gradient norms:
    lstm_encoder: 0.009341
    lstm_decoder: 0.006105
    multihead_attn: 0.002630
    output_layer: 0.091566
  VSN output std:
    encoder: 0.118982
  Attention entropy: 2.986411
  Saved to: experiments/01_staleness_features_fixed/sweep_stale_h14_drop0.30_lr3/collapse_monitoring/collapse_monitor_epoch34.json
Epoch 35: val_loss=0.41445931792259216
Epoch 35: train_loss=0.42959821224212646

[CollapseMonitor] Epoch 35
  [DEBUG] Processed 20 batches from val_dataloader
  [DEBUG] Predictions shape after concat: (1280,)
  [DEBUG] All predictions list length: 20
  [DEBUG] First batch shape: (64,)
  Pred std: 0.052511, range: 0.308165, mean: 0.085435
  Pos: 98.7%, Neg: 1.3%, Unique: 1273
  Saved validation predictions to: experiments/01_staleness_features_fixed/sweep_stale_h14_drop0.30_lr3/collapse_monitoring/val_predictions_epoch35.npy
  Gradient norms:
    lstm_encoder: 0.009216
    lstm_decoder: 0.005918
    multihead_attn: 0.002660
    output_layer: 0.085643
  VSN output std:
    encoder: 0.117178
  Attention entropy: 2.986858
  Saved to: experiments/01_staleness_features_fixed/sweep_stale_h14_drop0.30_lr3/collapse_monitoring/collapse_monitor_epoch35.json
Epoch 36: val_loss=0.41426587104797363
Epoch 36: train_loss=0.4290600121021271

[CollapseMonitor] Epoch 36
  [DEBUG] Processed 20 batches from val_dataloader
  [DEBUG] Predictions shape after concat: (1280,)
  [DEBUG] All predictions list length: 20
  [DEBUG] First batch shape: (64,)
  Pred std: 0.049932, range: 0.300267, mean: 0.055507
  Pos: 89.8%, Neg: 10.2%, Unique: 1272
  Saved validation predictions to: experiments/01_staleness_features_fixed/sweep_stale_h14_drop0.30_lr3/collapse_monitoring/val_predictions_epoch36.npy
  Gradient norms:
    lstm_encoder: 0.010198
    lstm_decoder: 0.006550
    multihead_attn: 0.002753
    output_layer: 0.089173
  VSN output std:
    encoder: 0.117157
  Attention entropy: 2.986860
  Saved to: experiments/01_staleness_features_fixed/sweep_stale_h14_drop0.30_lr3/collapse_monitoring/collapse_monitor_epoch36.json
Epoch 37: val_loss=0.4140434265136719
Epoch 37: train_loss=0.42764952778816223

[CollapseMonitor] Epoch 37
  [DEBUG] Processed 20 batches from val_dataloader
  [DEBUG] Predictions shape after concat: (1280,)
  [DEBUG] All predictions list length: 20
  [DEBUG] First batch shape: (64,)
  Pred std: 0.045368, range: 0.289534, mean: 0.086142
  Pos: 98.2%, Neg: 1.8%, Unique: 1270
  Saved validation predictions to: experiments/01_staleness_features_fixed/sweep_stale_h14_drop0.30_lr3/collapse_monitoring/val_predictions_epoch37.npy
  Gradient norms:
    lstm_encoder: 0.009621
    lstm_decoder: 0.006282
    multihead_attn: 0.002614
    output_layer: 0.086064
  VSN output std:
    encoder: 0.116875
  Attention entropy: 2.984618
  Saved to: experiments/01_staleness_features_fixed/sweep_stale_h14_drop0.30_lr3/collapse_monitoring/collapse_monitor_epoch37.json
Epoch 38: val_loss=0.41294726729393005
Epoch 38: train_loss=0.4289883077144623

[CollapseMonitor] Epoch 38
  [DEBUG] Processed 20 batches from val_dataloader
  [DEBUG] Predictions shape after concat: (1280,)
  [DEBUG] All predictions list length: 20
  [DEBUG] First batch shape: (64,)
  Pred std: 0.053041, range: 0.307708, mean: 0.078424
  Pos: 97.3%, Neg: 2.7%, Unique: 1268
  Saved validation predictions to: experiments/01_staleness_features_fixed/sweep_stale_h14_drop0.30_lr3/collapse_monitoring/val_predictions_epoch38.npy
  Gradient norms:
    lstm_encoder: 0.010204
    lstm_decoder: 0.006629
    multihead_attn: 0.002857
    output_layer: 0.089018
  VSN output std:
    encoder: 0.117101
  Attention entropy: 2.983415
  Saved to: experiments/01_staleness_features_fixed/sweep_stale_h14_drop0.30_lr3/collapse_monitoring/collapse_monitor_epoch38.json
Epoch 39: val_loss=0.4132515788078308
Epoch 39: train_loss=0.4274560511112213

[CollapseMonitor] Epoch 39
  [DEBUG] Processed 20 batches from val_dataloader
  [DEBUG] Predictions shape after concat: (1280,)
  [DEBUG] All predictions list length: 20
  [DEBUG] First batch shape: (64,)
  Pred std: 0.051243, range: 0.303234, mean: 0.090942
  Pos: 99.3%, Neg: 0.7%, Unique: 1272
  Saved validation predictions to: experiments/01_staleness_features_fixed/sweep_stale_h14_drop0.30_lr3/collapse_monitoring/val_predictions_epoch39.npy
  Gradient norms:
    lstm_encoder: 0.009899
    lstm_decoder: 0.006598
    multihead_attn: 0.002663
    output_layer: 0.093521
  VSN output std:
    encoder: 0.116866
  Attention entropy: 2.983346
  Saved to: experiments/01_staleness_features_fixed/sweep_stale_h14_drop0.30_lr3/collapse_monitoring/collapse_monitor_epoch39.json
Epoch 40: val_loss=0.41227903962135315
Epoch 40: train_loss=0.4272562265396118

[CollapseMonitor] Epoch 40
  [DEBUG] Processed 20 batches from val_dataloader
  [DEBUG] Predictions shape after concat: (1280,)
  [DEBUG] All predictions list length: 20
  [DEBUG] First batch shape: (64,)
  Pred std: 0.050307, range: 0.299659, mean: 0.087950
  Pos: 98.1%, Neg: 1.9%, Unique: 1271
  Saved validation predictions to: experiments/01_staleness_features_fixed/sweep_stale_h14_drop0.30_lr3/collapse_monitoring/val_predictions_epoch40.npy
  Gradient norms:
    lstm_encoder: 0.010860
    lstm_decoder: 0.006916
    multihead_attn: 0.002564
    output_layer: 0.087233
  VSN output std:
    encoder: 0.116412
  Attention entropy: 2.982140
  Saved to: experiments/01_staleness_features_fixed/sweep_stale_h14_drop0.30_lr3/collapse_monitoring/collapse_monitor_epoch40.json
Epoch 41: val_loss=0.41157037019729614
Epoch 41: train_loss=0.42716968059539795

[CollapseMonitor] Epoch 41
  [DEBUG] Processed 20 batches from val_dataloader
  [DEBUG] Predictions shape after concat: (1280,)
  [DEBUG] All predictions list length: 20
  [DEBUG] First batch shape: (64,)
  Pred std: 0.055309, range: 0.311208, mean: 0.069340
  Pos: 94.8%, Neg: 5.2%, Unique: 1274
  Saved validation predictions to: experiments/01_staleness_features_fixed/sweep_stale_h14_drop0.30_lr3/collapse_monitoring/val_predictions_epoch41.npy
  Gradient norms:
    lstm_encoder: 0.011113
    lstm_decoder: 0.007186
    multihead_attn: 0.002596
    output_layer: 0.090602
  VSN output std:
    encoder: 0.116947
  Attention entropy: 2.980103
  Saved to: experiments/01_staleness_features_fixed/sweep_stale_h14_drop0.30_lr3/collapse_monitoring/collapse_monitor_epoch41.json
Epoch 42: val_loss=0.41141337156295776
Epoch 42: train_loss=0.4283543825149536

[CollapseMonitor] Epoch 42
  [DEBUG] Processed 20 batches from val_dataloader
  [DEBUG] Predictions shape after concat: (1280,)
  [DEBUG] All predictions list length: 20
  [DEBUG] First batch shape: (64,)
  Pred std: 0.055960, range: 0.321408, mean: 0.050651
  Pos: 87.4%, Neg: 12.6%, Unique: 1271
  Saved validation predictions to: experiments/01_staleness_features_fixed/sweep_stale_h14_drop0.30_lr3/collapse_monitoring/val_predictions_epoch42.npy
  Gradient norms:
    lstm_encoder: 0.011204
    lstm_decoder: 0.007235
    multihead_attn: 0.002538
    output_layer: 0.094642
  VSN output std:
    encoder: 0.116175
  Attention entropy: 2.979659
  Saved to: experiments/01_staleness_features_fixed/sweep_stale_h14_drop0.30_lr3/collapse_monitoring/collapse_monitor_epoch42.json
Epoch 43: val_loss=0.4106576442718506
Epoch 43: train_loss=0.42546331882476807

[CollapseMonitor] Epoch 43
  [DEBUG] Processed 20 batches from val_dataloader
  [DEBUG] Predictions shape after concat: (1280,)
  [DEBUG] All predictions list length: 20
  [DEBUG] First batch shape: (64,)
  Pred std: 0.051561, range: 0.305725, mean: 0.076170
  Pos: 95.9%, Neg: 4.1%, Unique: 1271
  Saved validation predictions to: experiments/01_staleness_features_fixed/sweep_stale_h14_drop0.30_lr3/collapse_monitoring/val_predictions_epoch43.npy
  Gradient norms:
    lstm_encoder: 0.012484
    lstm_decoder: 0.007996
    multihead_attn: 0.002557
    output_layer: 0.098494
  VSN output std:
    encoder: 0.115796
  Attention entropy: 2.977093
  Saved to: experiments/01_staleness_features_fixed/sweep_stale_h14_drop0.30_lr3/collapse_monitoring/collapse_monitor_epoch43.json
Epoch 44: val_loss=0.41095441579818726
Epoch 44: train_loss=0.42676588892936707

[CollapseMonitor] Epoch 44
  [DEBUG] Processed 20 batches from val_dataloader
  [DEBUG] Predictions shape after concat: (1280,)
  [DEBUG] All predictions list length: 20
  [DEBUG] First batch shape: (64,)
  Pred std: 0.054167, range: 0.318802, mean: 0.083013
  Pos: 97.3%, Neg: 2.7%, Unique: 1272
  Saved validation predictions to: experiments/01_staleness_features_fixed/sweep_stale_h14_drop0.30_lr3/collapse_monitoring/val_predictions_epoch44.npy
  Gradient norms:
    lstm_encoder: 0.011533
    lstm_decoder: 0.007408
    multihead_attn: 0.002551
    output_layer: 0.092294
  VSN output std:
    encoder: 0.116916
  Attention entropy: 2.977074
  Saved to: experiments/01_staleness_features_fixed/sweep_stale_h14_drop0.30_lr3/collapse_monitoring/collapse_monitor_epoch44.json
Epoch 45: val_loss=0.410297155380249
Epoch 45: train_loss=0.4261566698551178

[CollapseMonitor] Epoch 45
  [DEBUG] Processed 20 batches from val_dataloader
  [DEBUG] Predictions shape after concat: (1280,)
  [DEBUG] All predictions list length: 20
  [DEBUG] First batch shape: (64,)
  Pred std: 0.054503, range: 0.327421, mean: 0.076975
  Pos: 96.5%, Neg: 3.5%, Unique: 1269
  Saved validation predictions to: experiments/01_staleness_features_fixed/sweep_stale_h14_drop0.30_lr3/collapse_monitoring/val_predictions_epoch45.npy
  Gradient norms:
    lstm_encoder: 0.011633
    lstm_decoder: 0.007362
    multihead_attn: 0.002779
    output_layer: 0.089814
  VSN output std:
    encoder: 0.118116
  Attention entropy: 2.973533
  Saved to: experiments/01_staleness_features_fixed/sweep_stale_h14_drop0.30_lr3/collapse_monitoring/collapse_monitor_epoch45.json
Epoch 46: val_loss=0.41017451882362366
Epoch 46: train_loss=0.42634549736976624

[CollapseMonitor] Epoch 46
  [DEBUG] Processed 20 batches from val_dataloader
  [DEBUG] Predictions shape after concat: (1280,)
  [DEBUG] All predictions list length: 20
  [DEBUG] First batch shape: (64,)
  Pred std: 0.050574, range: 0.320430, mean: 0.085056
  Pos: 97.3%, Neg: 2.7%, Unique: 1274
  Saved validation predictions to: experiments/01_staleness_features_fixed/sweep_stale_h14_drop0.30_lr3/collapse_monitoring/val_predictions_epoch46.npy
  Gradient norms:
    lstm_encoder: 0.011544
    lstm_decoder: 0.007386
    multihead_attn: 0.002536
    output_layer: 0.084266
  VSN output std:
    encoder: 0.117415
  Attention entropy: 2.974964
  Saved to: experiments/01_staleness_features_fixed/sweep_stale_h14_drop0.30_lr3/collapse_monitoring/collapse_monitor_epoch46.json
Epoch 47: val_loss=0.40924277901649475
Epoch 47: train_loss=0.42600226402282715

[CollapseMonitor] Epoch 47
  [DEBUG] Processed 20 batches from val_dataloader
  [DEBUG] Predictions shape after concat: (1280,)
  [DEBUG] All predictions list length: 20
  [DEBUG] First batch shape: (64,)
  Pred std: 0.052760, range: 0.334456, mean: 0.071017
  Pos: 94.1%, Neg: 5.9%, Unique: 1274
  Saved validation predictions to: experiments/01_staleness_features_fixed/sweep_stale_h14_drop0.30_lr3/collapse_monitoring/val_predictions_epoch47.npy
  Gradient norms:
    lstm_encoder: 0.012454
    lstm_decoder: 0.007991
    multihead_attn: 0.002572
    output_layer: 0.089741
  VSN output std:
    encoder: 0.119875
  Attention entropy: 2.974729
  Saved to: experiments/01_staleness_features_fixed/sweep_stale_h14_drop0.30_lr3/collapse_monitoring/collapse_monitor_epoch47.json
Epoch 48: val_loss=0.40847069025039673
Epoch 48: train_loss=0.4249468147754669

[CollapseMonitor] Epoch 48
  [DEBUG] Processed 20 batches from val_dataloader
  [DEBUG] Predictions shape after concat: (1280,)
  [DEBUG] All predictions list length: 20
  [DEBUG] First batch shape: (64,)
  Pred std: 0.057314, range: 0.358523, mean: 0.072951
  Pos: 96.2%, Neg: 3.8%, Unique: 1268
  Saved validation predictions to: experiments/01_staleness_features_fixed/sweep_stale_h14_drop0.30_lr3/collapse_monitoring/val_predictions_epoch48.npy
  Gradient norms:
    lstm_encoder: 0.013566
    lstm_decoder: 0.008362
    multihead_attn: 0.002760
    output_layer: 0.090334
  VSN output std:
    encoder: 0.120003
  Attention entropy: 2.971632
  Saved to: experiments/01_staleness_features_fixed/sweep_stale_h14_drop0.30_lr3/collapse_monitoring/collapse_monitor_epoch48.json
Epoch 49: val_loss=0.4081181585788727
Epoch 49: train_loss=0.42463457584381104

[CollapseMonitor] Epoch 49
  [DEBUG] Processed 20 batches from val_dataloader
  [DEBUG] Predictions shape after concat: (1280,)
  [DEBUG] All predictions list length: 20
  [DEBUG] First batch shape: (64,)
  Pred std: 0.059503, range: 0.380584, mean: 0.069867
  Pos: 95.2%, Neg: 4.8%, Unique: 1264
  Saved validation predictions to: experiments/01_staleness_features_fixed/sweep_stale_h14_drop0.30_lr3/collapse_monitoring/val_predictions_epoch49.npy
  Gradient norms:
    lstm_encoder: 0.013033
    lstm_decoder: 0.008282
    multihead_attn: 0.002740
    output_layer: 0.091331
  VSN output std:
    encoder: 0.119867
  Attention entropy: 2.970715
  Saved to: experiments/01_staleness_features_fixed/sweep_stale_h14_drop0.30_lr3/collapse_monitoring/collapse_monitor_epoch49.json
Epoch 50: val_loss=0.4084652066230774
Epoch 50: train_loss=0.4246557056903839

[CollapseMonitor] Epoch 50
  [DEBUG] Processed 20 batches from val_dataloader
  [DEBUG] Predictions shape after concat: (1280,)
  [DEBUG] All predictions list length: 20
  [DEBUG] First batch shape: (64,)
  Pred std: 0.054540, range: 0.364648, mean: 0.078364
  Pos: 96.8%, Neg: 3.2%, Unique: 1264
  Saved validation predictions to: experiments/01_staleness_features_fixed/sweep_stale_h14_drop0.30_lr3/collapse_monitoring/val_predictions_epoch50.npy
  Gradient norms:
    lstm_encoder: 0.013202
    lstm_decoder: 0.008331
    multihead_attn: 0.002613
    output_layer: 0.088497
  VSN output std:
    encoder: 0.119061
  Attention entropy: 2.971324
  Saved to: experiments/01_staleness_features_fixed/sweep_stale_h14_drop0.30_lr3/collapse_monitoring/collapse_monitor_epoch50.json
Epoch 51: val_loss=0.4079332947731018
Epoch 51: train_loss=0.4248107075691223

[CollapseMonitor] Epoch 51
  [DEBUG] Processed 20 batches from val_dataloader
  [DEBUG] Predictions shape after concat: (1280,)
  [DEBUG] All predictions list length: 20
  [DEBUG] First batch shape: (64,)
  Pred std: 0.052465, range: 0.364566, mean: 0.075343
  Pos: 96.2%, Neg: 3.8%, Unique: 1267
  Saved validation predictions to: experiments/01_staleness_features_fixed/sweep_stale_h14_drop0.30_lr3/collapse_monitoring/val_predictions_epoch51.npy
  Gradient norms:
    lstm_encoder: 0.013363
    lstm_decoder: 0.008138
    multihead_attn: 0.002530
    output_layer: 0.089606
  VSN output std:
    encoder: 0.117652
  Attention entropy: 2.969704
  Saved to: experiments/01_staleness_features_fixed/sweep_stale_h14_drop0.30_lr3/collapse_monitoring/collapse_monitor_epoch51.json
Epoch 52: val_loss=0.40772873163223267
Epoch 52: train_loss=0.42375656962394714

[CollapseMonitor] Epoch 52
  [DEBUG] Processed 20 batches from val_dataloader
  [DEBUG] Predictions shape after concat: (1280,)
  [DEBUG] All predictions list length: 20
  [DEBUG] First batch shape: (64,)
  Pred std: 0.051757, range: 0.358097, mean: 0.072191
  Pos: 96.1%, Neg: 3.9%, Unique: 1268
  Saved validation predictions to: experiments/01_staleness_features_fixed/sweep_stale_h14_drop0.30_lr3/collapse_monitoring/val_predictions_epoch52.npy
  Gradient norms:
    lstm_encoder: 0.014240
    lstm_decoder: 0.008855
    multihead_attn: 0.002844
    output_layer: 0.089804
  VSN output std:
    encoder: 0.119524
  Attention entropy: 2.967066
  Saved to: experiments/01_staleness_features_fixed/sweep_stale_h14_drop0.30_lr3/collapse_monitoring/collapse_monitor_epoch52.json
Epoch 53: val_loss=0.4075368344783783
Epoch 53: train_loss=0.4242355525493622

[CollapseMonitor] Epoch 53
  [DEBUG] Processed 20 batches from val_dataloader
  [DEBUG] Predictions shape after concat: (1280,)
  [DEBUG] All predictions list length: 20
  [DEBUG] First batch shape: (64,)
  Pred std: 0.054611, range: 0.374658, mean: 0.055475
  Pos: 92.7%, Neg: 7.3%, Unique: 1272
  Saved validation predictions to: experiments/01_staleness_features_fixed/sweep_stale_h14_drop0.30_lr3/collapse_monitoring/val_predictions_epoch53.npy
  Gradient norms:
    lstm_encoder: 0.014904
    lstm_decoder: 0.009169
    multihead_attn: 0.002780
    output_layer: 0.095112
  VSN output std:
    encoder: 0.120124
  Attention entropy: 2.966495
  Saved to: experiments/01_staleness_features_fixed/sweep_stale_h14_drop0.30_lr3/collapse_monitoring/collapse_monitor_epoch53.json
Epoch 54: val_loss=0.4071066379547119
Epoch 54: train_loss=0.4242151975631714

[CollapseMonitor] Epoch 54
  [DEBUG] Processed 20 batches from val_dataloader
  [DEBUG] Predictions shape after concat: (1280,)
  [DEBUG] All predictions list length: 20
  [DEBUG] First batch shape: (64,)
  Pred std: 0.054949, range: 0.381532, mean: 0.062946
  Pos: 95.3%, Neg: 4.7%, Unique: 1272
  Saved validation predictions to: experiments/01_staleness_features_fixed/sweep_stale_h14_drop0.30_lr3/collapse_monitoring/val_predictions_epoch54.npy
  Gradient norms:
    lstm_encoder: 0.015011
    lstm_decoder: 0.008860
    multihead_attn: 0.002703
    output_layer: 0.094947
  VSN output std:
    encoder: 0.120268
  Attention entropy: 2.967390
  Saved to: experiments/01_staleness_features_fixed/sweep_stale_h14_drop0.30_lr3/collapse_monitoring/collapse_monitor_epoch54.json
Epoch 55: val_loss=0.40675559639930725
Epoch 55: train_loss=0.4249776005744934

[CollapseMonitor] Epoch 55
  [DEBUG] Processed 20 batches from val_dataloader
  [DEBUG] Predictions shape after concat: (1280,)
  [DEBUG] All predictions list length: 20
  [DEBUG] First batch shape: (64,)
  Pred std: 0.052977, range: 0.379414, mean: 0.092352
  Pos: 98.9%, Neg: 1.1%, Unique: 1264
  Saved validation predictions to: experiments/01_staleness_features_fixed/sweep_stale_h14_drop0.30_lr3/collapse_monitoring/val_predictions_epoch55.npy
  Gradient norms:
    lstm_encoder: 0.016201
    lstm_decoder: 0.009600
    multihead_attn: 0.002886
    output_layer: 0.093867
  VSN output std:
    encoder: 0.121038
  Attention entropy: 2.967247
  Saved to: experiments/01_staleness_features_fixed/sweep_stale_h14_drop0.30_lr3/collapse_monitoring/collapse_monitor_epoch55.json
Epoch 56: val_loss=0.40650659799575806
Epoch 56: train_loss=0.42472201585769653

[CollapseMonitor] Epoch 56
  [DEBUG] Processed 20 batches from val_dataloader
  [DEBUG] Predictions shape after concat: (1280,)
  [DEBUG] All predictions list length: 20
  [DEBUG] First batch shape: (64,)
  Pred std: 0.052959, range: 0.376925, mean: 0.079707
  Pos: 98.3%, Neg: 1.7%, Unique: 1270
  Saved validation predictions to: experiments/01_staleness_features_fixed/sweep_stale_h14_drop0.30_lr3/collapse_monitoring/val_predictions_epoch56.npy
  Gradient norms:
    lstm_encoder: 0.015426
    lstm_decoder: 0.009017
    multihead_attn: 0.002969
    output_layer: 0.089137
  VSN output std:
    encoder: 0.120685
  Attention entropy: 2.965950
  Saved to: experiments/01_staleness_features_fixed/sweep_stale_h14_drop0.30_lr3/collapse_monitoring/collapse_monitor_epoch56.json
Epoch 57: val_loss=0.4058397710323334
Epoch 57: train_loss=0.4236895442008972

[CollapseMonitor] Epoch 57
  [DEBUG] Processed 20 batches from val_dataloader
  [DEBUG] Predictions shape after concat: (1280,)
  [DEBUG] All predictions list length: 20
  [DEBUG] First batch shape: (64,)
  Pred std: 0.054391, range: 0.382145, mean: 0.088855
  Pos: 99.5%, Neg: 0.5%, Unique: 1271
  Saved validation predictions to: experiments/01_staleness_features_fixed/sweep_stale_h14_drop0.30_lr3/collapse_monitoring/val_predictions_epoch57.npy
  Gradient norms:
    lstm_encoder: 0.016018
    lstm_decoder: 0.009355
    multihead_attn: 0.002708
    output_layer: 0.095343
  VSN output std:
    encoder: 0.121852
  Attention entropy: 2.964464
  Saved to: experiments/01_staleness_features_fixed/sweep_stale_h14_drop0.30_lr3/collapse_monitoring/collapse_monitor_epoch57.json
Epoch 58: val_loss=0.40555840730667114
Epoch 58: train_loss=0.42286616563796997

[CollapseMonitor] Epoch 58
  [DEBUG] Processed 20 batches from val_dataloader
  [DEBUG] Predictions shape after concat: (1280,)
  [DEBUG] All predictions list length: 20
  [DEBUG] First batch shape: (64,)
  Pred std: 0.055343, range: 0.382703, mean: 0.071896
  Pos: 98.1%, Neg: 1.9%, Unique: 1268
  Saved validation predictions to: experiments/01_staleness_features_fixed/sweep_stale_h14_drop0.30_lr3/collapse_monitoring/val_predictions_epoch58.npy
  Gradient norms:
    lstm_encoder: 0.017509
    lstm_decoder: 0.010030
    multihead_attn: 0.002750
    output_layer: 0.085402
  VSN output std:
    encoder: 0.123269
  Attention entropy: 2.962876
  Saved to: experiments/01_staleness_features_fixed/sweep_stale_h14_drop0.30_lr3/collapse_monitoring/collapse_monitor_epoch58.json
Epoch 59: val_loss=0.4052053391933441
Epoch 59: train_loss=0.42340391874313354

[CollapseMonitor] Epoch 59
  [DEBUG] Processed 20 batches from val_dataloader
  [DEBUG] Predictions shape after concat: (1280,)
  [DEBUG] All predictions list length: 20
  [DEBUG] First batch shape: (64,)
  Pred std: 0.051771, range: 0.368393, mean: 0.084168
  Pos: 99.4%, Neg: 0.6%, Unique: 1269
  Saved validation predictions to: experiments/01_staleness_features_fixed/sweep_stale_h14_drop0.30_lr3/collapse_monitoring/val_predictions_epoch59.npy
  Gradient norms:
    lstm_encoder: 0.016720
    lstm_decoder: 0.009742
    multihead_attn: 0.002511
    output_layer: 0.086848
  VSN output std:
    encoder: 0.124118
  Attention entropy: 2.962242
  Saved to: experiments/01_staleness_features_fixed/sweep_stale_h14_drop0.30_lr3/collapse_monitoring/collapse_monitor_epoch59.json
Epoch 60: val_loss=0.40532517433166504
Epoch 60: train_loss=0.42336487770080566

[CollapseMonitor] Epoch 60
  [DEBUG] Processed 20 batches from val_dataloader
  [DEBUG] Predictions shape after concat: (1280,)
  [DEBUG] All predictions list length: 20
  [DEBUG] First batch shape: (64,)
  Pred std: 0.055766, range: 0.389202, mean: 0.071231
  Pos: 98.0%, Neg: 2.0%, Unique: 1272
  Saved validation predictions to: experiments/01_staleness_features_fixed/sweep_stale_h14_drop0.30_lr3/collapse_monitoring/val_predictions_epoch60.npy
  Gradient norms:
    lstm_encoder: 0.017539
    lstm_decoder: 0.010008
    multihead_attn: 0.002696
    output_layer: 0.086659
  VSN output std:
    encoder: 0.126088
  Attention entropy: 2.961213
  Saved to: experiments/01_staleness_features_fixed/sweep_stale_h14_drop0.30_lr3/collapse_monitoring/collapse_monitor_epoch60.json
Epoch 61: val_loss=0.40491706132888794
Epoch 61: train_loss=0.4235162138938904

[CollapseMonitor] Epoch 61
  [DEBUG] Processed 20 batches from val_dataloader
  [DEBUG] Predictions shape after concat: (1280,)
  [DEBUG] All predictions list length: 20
  [DEBUG] First batch shape: (64,)
  Pred std: 0.053994, range: 0.386070, mean: 0.075344
  Pos: 98.5%, Neg: 1.5%, Unique: 1265
  Saved validation predictions to: experiments/01_staleness_features_fixed/sweep_stale_h14_drop0.30_lr3/collapse_monitoring/val_predictions_epoch61.npy
  Gradient norms:
    lstm_encoder: 0.017983
    lstm_decoder: 0.010586
    multihead_attn: 0.002902
    output_layer: 0.094493
  VSN output std:
    encoder: 0.124722
  Attention entropy: 2.963415
  Saved to: experiments/01_staleness_features_fixed/sweep_stale_h14_drop0.30_lr3/collapse_monitoring/collapse_monitor_epoch61.json
Epoch 62: val_loss=0.4049721360206604
Epoch 62: train_loss=0.42352375388145447

[CollapseMonitor] Epoch 62
  [DEBUG] Processed 20 batches from val_dataloader
  [DEBUG] Predictions shape after concat: (1280,)
  [DEBUG] All predictions list length: 20
  [DEBUG] First batch shape: (64,)
  Pred std: 0.052876, range: 0.374272, mean: 0.101578
  Pos: 99.9%, Neg: 0.1%, Unique: 1272
  Saved validation predictions to: experiments/01_staleness_features_fixed/sweep_stale_h14_drop0.30_lr3/collapse_monitoring/val_predictions_epoch62.npy
  Gradient norms:
    lstm_encoder: 0.017980
    lstm_decoder: 0.010234
    multihead_attn: 0.002851
    output_layer: 0.086658
  VSN output std:
    encoder: 0.125283
  Attention entropy: 2.962443
  Saved to: experiments/01_staleness_features_fixed/sweep_stale_h14_drop0.30_lr3/collapse_monitoring/collapse_monitor_epoch62.json
Epoch 63: val_loss=0.4043423533439636
Epoch 63: train_loss=0.42230820655822754

[CollapseMonitor] Epoch 63
  [DEBUG] Processed 20 batches from val_dataloader
  [DEBUG] Predictions shape after concat: (1280,)
  [DEBUG] All predictions list length: 20
  [DEBUG] First batch shape: (64,)
  Pred std: 0.055752, range: 0.394462, mean: 0.068482
  Pos: 97.7%, Neg: 2.3%, Unique: 1267
  Saved validation predictions to: experiments/01_staleness_features_fixed/sweep_stale_h14_drop0.30_lr3/collapse_monitoring/val_predictions_epoch63.npy
  Gradient norms:
    lstm_encoder: 0.018101
    lstm_decoder: 0.010037
    multihead_attn: 0.002759
    output_layer: 0.091373
  VSN output std:
    encoder: 0.126221
  Attention entropy: 2.963592
  Saved to: experiments/01_staleness_features_fixed/sweep_stale_h14_drop0.30_lr3/collapse_monitoring/collapse_monitor_epoch63.json
Epoch 64: val_loss=0.40420666337013245
Epoch 64: train_loss=0.42277640104293823

[CollapseMonitor] Epoch 64
  [DEBUG] Processed 20 batches from val_dataloader
  [DEBUG] Predictions shape after concat: (1280,)
  [DEBUG] All predictions list length: 20
  [DEBUG] First batch shape: (64,)
  Pred std: 0.051165, range: 0.372157, mean: 0.084698
  Pos: 99.3%, Neg: 0.7%, Unique: 1272
  Saved validation predictions to: experiments/01_staleness_features_fixed/sweep_stale_h14_drop0.30_lr3/collapse_monitoring/val_predictions_epoch64.npy
  Gradient norms:
    lstm_encoder: 0.018398
    lstm_decoder: 0.010276
    multihead_attn: 0.002608
    output_layer: 0.088133
  VSN output std:
    encoder: 0.125683
  Attention entropy: 2.964768
  Saved to: experiments/01_staleness_features_fixed/sweep_stale_h14_drop0.30_lr3/collapse_monitoring/collapse_monitor_epoch64.json
Epoch 65: val_loss=0.4041357934474945
Epoch 65: train_loss=0.4232794940471649

[CollapseMonitor] Epoch 65
  [DEBUG] Processed 20 batches from val_dataloader
  [DEBUG] Predictions shape after concat: (1280,)
  [DEBUG] All predictions list length: 20
  [DEBUG] First batch shape: (64,)
  Pred std: 0.045020, range: 0.341594, mean: 0.094282
  Pos: 99.7%, Neg: 0.3%, Unique: 1263
  Saved validation predictions to: experiments/01_staleness_features_fixed/sweep_stale_h14_drop0.30_lr3/collapse_monitoring/val_predictions_epoch65.npy
  Gradient norms:
    lstm_encoder: 0.021060
    lstm_decoder: 0.011136
    multihead_attn: 0.002873
    output_layer: 0.090547
  VSN output std:
    encoder: 0.123727
  Attention entropy: 2.967105
  Saved to: experiments/01_staleness_features_fixed/sweep_stale_h14_drop0.30_lr3/collapse_monitoring/collapse_monitor_epoch65.json
Epoch 66: val_loss=0.40327033400535583
Epoch 66: train_loss=0.42209333181381226

[CollapseMonitor] Epoch 66
  [DEBUG] Processed 20 batches from val_dataloader
  [DEBUG] Predictions shape after concat: (1280,)
  [DEBUG] All predictions list length: 20
  [DEBUG] First batch shape: (64,)
  Pred std: 0.049215, range: 0.354606, mean: 0.097557
  Pos: 100.0%, Neg: 0.0%, Unique: 1270
  Saved validation predictions to: experiments/01_staleness_features_fixed/sweep_stale_h14_drop0.30_lr3/collapse_monitoring/val_predictions_epoch66.npy
  Gradient norms:
    lstm_encoder: 0.019963
    lstm_decoder: 0.010662
    multihead_attn: 0.002624
    output_layer: 0.090209
  VSN output std:
    encoder: 0.128106
  Attention entropy: 2.965352
  Saved to: experiments/01_staleness_features_fixed/sweep_stale_h14_drop0.30_lr3/collapse_monitoring/collapse_monitor_epoch66.json
Epoch 67: val_loss=0.40331846475601196
Epoch 67: train_loss=0.42286065220832825

[CollapseMonitor] Epoch 67
  [DEBUG] Processed 20 batches from val_dataloader
  [DEBUG] Predictions shape after concat: (1280,)
  [DEBUG] All predictions list length: 20
  [DEBUG] First batch shape: (64,)
  Pred std: 0.049980, range: 0.373611, mean: 0.076954
  Pos: 98.6%, Neg: 1.4%, Unique: 1266
  Saved validation predictions to: experiments/01_staleness_features_fixed/sweep_stale_h14_drop0.30_lr3/collapse_monitoring/val_predictions_epoch67.npy
  Gradient norms:
    lstm_encoder: 0.022163
    lstm_decoder: 0.011380
    multihead_attn: 0.002822
    output_layer: 0.090089
  VSN output std:
    encoder: 0.127118
  Attention entropy: 2.965518
  Saved to: experiments/01_staleness_features_fixed/sweep_stale_h14_drop0.30_lr3/collapse_monitoring/collapse_monitor_epoch67.json
Epoch 68: val_loss=0.40289562940597534
Epoch 68: train_loss=0.42186039686203003

[CollapseMonitor] Epoch 68
  [DEBUG] Processed 20 batches from val_dataloader
  [DEBUG] Predictions shape after concat: (1280,)
  [DEBUG] All predictions list length: 20
  [DEBUG] First batch shape: (64,)
  Pred std: 0.050425, range: 0.378552, mean: 0.078038
  Pos: 98.6%, Neg: 1.4%, Unique: 1267
  Saved validation predictions to: experiments/01_staleness_features_fixed/sweep_stale_h14_drop0.30_lr3/collapse_monitoring/val_predictions_epoch68.npy
  Gradient norms:
    lstm_encoder: 0.021534
    lstm_decoder: 0.011262
    multihead_attn: 0.002856
    output_layer: 0.088339
  VSN output std:
    encoder: 0.126870
  Attention entropy: 2.964113
  Saved to: experiments/01_staleness_features_fixed/sweep_stale_h14_drop0.30_lr3/collapse_monitoring/collapse_monitor_epoch68.json
Epoch 69: val_loss=0.4030584692955017
Epoch 69: train_loss=0.42246192693710327

[CollapseMonitor] Epoch 69
  [DEBUG] Processed 20 batches from val_dataloader
  [DEBUG] Predictions shape after concat: (1280,)
  [DEBUG] All predictions list length: 20
  [DEBUG] First batch shape: (64,)
  Pred std: 0.057128, range: 0.419149, mean: 0.055983
  Pos: 95.4%, Neg: 4.6%, Unique: 1272
  Saved validation predictions to: experiments/01_staleness_features_fixed/sweep_stale_h14_drop0.30_lr3/collapse_monitoring/val_predictions_epoch69.npy
  Gradient norms:
    lstm_encoder: 0.020723
    lstm_decoder: 0.010950
    multihead_attn: 0.002631
    output_layer: 0.094760
  VSN output std:
    encoder: 0.125935
  Attention entropy: 2.965728
  Saved to: experiments/01_staleness_features_fixed/sweep_stale_h14_drop0.30_lr3/collapse_monitoring/collapse_monitor_epoch69.json
Epoch 70: val_loss=0.4020899832248688
Epoch 70: train_loss=0.42184361815452576

[CollapseMonitor] Epoch 70
  [DEBUG] Processed 20 batches from val_dataloader
  [DEBUG] Predictions shape after concat: (1280,)
  [DEBUG] All predictions list length: 20
  [DEBUG] First batch shape: (64,)
  Pred std: 0.056332, range: 0.408172, mean: 0.082210
  Pos: 99.5%, Neg: 0.5%, Unique: 1263
  Saved validation predictions to: experiments/01_staleness_features_fixed/sweep_stale_h14_drop0.30_lr3/collapse_monitoring/val_predictions_epoch70.npy
  Gradient norms:
    lstm_encoder: 0.021981
    lstm_decoder: 0.011368
    multihead_attn: 0.002654
    output_layer: 0.085588
  VSN output std:
    encoder: 0.126222
  Attention entropy: 2.965710
  Saved to: experiments/01_staleness_features_fixed/sweep_stale_h14_drop0.30_lr3/collapse_monitoring/collapse_monitor_epoch70.json
Epoch 71: val_loss=0.4019443392753601
Epoch 71: train_loss=0.42347174882888794

[CollapseMonitor] Epoch 71
  [DEBUG] Processed 20 batches from val_dataloader
  [DEBUG] Predictions shape after concat: (1280,)
  [DEBUG] All predictions list length: 20
  [DEBUG] First batch shape: (64,)
  Pred std: 0.058759, range: 0.407945, mean: 0.086026
  Pos: 99.9%, Neg: 0.1%, Unique: 1268
  Saved validation predictions to: experiments/01_staleness_features_fixed/sweep_stale_h14_drop0.30_lr3/collapse_monitoring/val_predictions_epoch71.npy
  Gradient norms:
    lstm_encoder: 0.023710
    lstm_decoder: 0.011879
    multihead_attn: 0.002891
    output_layer: 0.094070
  VSN output std:
    encoder: 0.127810
  Attention entropy: 2.966161
  Saved to: experiments/01_staleness_features_fixed/sweep_stale_h14_drop0.30_lr3/collapse_monitoring/collapse_monitor_epoch71.json
Epoch 72: val_loss=0.40224599838256836
Epoch 72: train_loss=0.4220222234725952

[CollapseMonitor] Epoch 72
  [DEBUG] Processed 20 batches from val_dataloader
  [DEBUG] Predictions shape after concat: (1280,)
  [DEBUG] All predictions list length: 20
  [DEBUG] First batch shape: (64,)
  Pred std: 0.056508, range: 0.396307, mean: 0.093292
  Pos: 100.0%, Neg: 0.0%, Unique: 1267
  Saved validation predictions to: experiments/01_staleness_features_fixed/sweep_stale_h14_drop0.30_lr3/collapse_monitoring/val_predictions_epoch72.npy
  Gradient norms:
    lstm_encoder: 0.022592
    lstm_decoder: 0.011760
    multihead_attn: 0.002484
    output_layer: 0.086892
  VSN output std:
    encoder: 0.126801
  Attention entropy: 2.967502
  Saved to: experiments/01_staleness_features_fixed/sweep_stale_h14_drop0.30_lr3/collapse_monitoring/collapse_monitor_epoch72.json
Epoch 73: val_loss=0.40187162160873413
Epoch 73: train_loss=0.4225468337535858

[CollapseMonitor] Epoch 73
  [DEBUG] Processed 20 batches from val_dataloader
  [DEBUG] Predictions shape after concat: (1280,)
  [DEBUG] All predictions list length: 20
  [DEBUG] First batch shape: (64,)
  Pred std: 0.052347, range: 0.378973, mean: 0.085003
  Pos: 99.6%, Neg: 0.4%, Unique: 1270
  Saved validation predictions to: experiments/01_staleness_features_fixed/sweep_stale_h14_drop0.30_lr3/collapse_monitoring/val_predictions_epoch73.npy
  Gradient norms:
    lstm_encoder: 0.022782
    lstm_decoder: 0.011512
    multihead_attn: 0.002487
    output_layer: 0.089358
  VSN output std:
    encoder: 0.125160
  Attention entropy: 2.967046
  Saved to: experiments/01_staleness_features_fixed/sweep_stale_h14_drop0.30_lr3/collapse_monitoring/collapse_monitor_epoch73.json
Epoch 74: val_loss=0.40233707427978516
Epoch 74: train_loss=0.4224512279033661

[CollapseMonitor] Epoch 74
  [DEBUG] Processed 20 batches from val_dataloader
  [DEBUG] Predictions shape after concat: (1280,)
  [DEBUG] All predictions list length: 20
  [DEBUG] First batch shape: (64,)
  Pred std: 0.057561, range: 0.410159, mean: 0.062060
  Pos: 97.0%, Neg: 3.0%, Unique: 1268
  Saved validation predictions to: experiments/01_staleness_features_fixed/sweep_stale_h14_drop0.30_lr3/collapse_monitoring/val_predictions_epoch74.npy
  Gradient norms:
    lstm_encoder: 0.022554
    lstm_decoder: 0.012190
    multihead_attn: 0.002583
    output_layer: 0.093547
  VSN output std:
    encoder: 0.130095
  Attention entropy: 2.964763
  Saved to: experiments/01_staleness_features_fixed/sweep_stale_h14_drop0.30_lr3/collapse_monitoring/collapse_monitor_epoch74.json
Epoch 75: val_loss=0.4014786183834076
Epoch 75: train_loss=0.42215079069137573

[CollapseMonitor] Epoch 75
  [DEBUG] Processed 20 batches from val_dataloader
  [DEBUG] Predictions shape after concat: (1280,)
  [DEBUG] All predictions list length: 20
  [DEBUG] First batch shape: (64,)
  Pred std: 0.059956, range: 0.426725, mean: 0.069851
  Pos: 98.7%, Neg: 1.3%, Unique: 1264
  Saved validation predictions to: experiments/01_staleness_features_fixed/sweep_stale_h14_drop0.30_lr3/collapse_monitoring/val_predictions_epoch75.npy
  Gradient norms:
    lstm_encoder: 0.024351
    lstm_decoder: 0.012523
    multihead_attn: 0.002602
    output_layer: 0.094186
  VSN output std:
    encoder: 0.129004
  Attention entropy: 2.964281
  Saved to: experiments/01_staleness_features_fixed/sweep_stale_h14_drop0.30_lr3/collapse_monitoring/collapse_monitor_epoch75.json
Epoch 76: val_loss=0.4012676179409027
Epoch 76: train_loss=0.42270809412002563

[CollapseMonitor] Epoch 76
  [DEBUG] Processed 20 batches from val_dataloader
  [DEBUG] Predictions shape after concat: (1280,)
  [DEBUG] All predictions list length: 20
  [DEBUG] First batch shape: (64,)
  Pred std: 0.059345, range: 0.426119, mean: 0.061721
  Pos: 97.6%, Neg: 2.4%, Unique: 1269
  Saved validation predictions to: experiments/01_staleness_features_fixed/sweep_stale_h14_drop0.30_lr3/collapse_monitoring/val_predictions_epoch76.npy
  Gradient norms:
    lstm_encoder: 0.024793
    lstm_decoder: 0.012062
    multihead_attn: 0.002563
    output_layer: 0.093855
  VSN output std:
    encoder: 0.128999
  Attention entropy: 2.965853
  Saved to: experiments/01_staleness_features_fixed/sweep_stale_h14_drop0.30_lr3/collapse_monitoring/collapse_monitor_epoch76.json
Epoch 77: val_loss=0.4014376997947693
Epoch 77: train_loss=0.42178431153297424

[CollapseMonitor] Epoch 77
  [DEBUG] Processed 20 batches from val_dataloader
  [DEBUG] Predictions shape after concat: (1280,)
  [DEBUG] All predictions list length: 20
  [DEBUG] First batch shape: (64,)
  Pred std: 0.055364, range: 0.405165, mean: 0.086286
  Pos: 99.6%, Neg: 0.4%, Unique: 1271
  Saved validation predictions to: experiments/01_staleness_features_fixed/sweep_stale_h14_drop0.30_lr3/collapse_monitoring/val_predictions_epoch77.npy
  Gradient norms:
    lstm_encoder: 0.023663
    lstm_decoder: 0.011534
    multihead_attn: 0.002730
    output_layer: 0.095257
  VSN output std:
    encoder: 0.128676
  Attention entropy: 2.966869
  Saved to: experiments/01_staleness_features_fixed/sweep_stale_h14_drop0.30_lr3/collapse_monitoring/collapse_monitor_epoch77.json
Epoch 78: val_loss=0.4009646475315094
Epoch 78: train_loss=0.42135751247406006

[CollapseMonitor] Epoch 78
  [DEBUG] Processed 20 batches from val_dataloader
  [DEBUG] Predictions shape after concat: (1280,)
  [DEBUG] All predictions list length: 20
  [DEBUG] First batch shape: (64,)
  Pred std: 0.056978, range: 0.427995, mean: 0.058181
  Pos: 95.8%, Neg: 4.2%, Unique: 1265
  Saved validation predictions to: experiments/01_staleness_features_fixed/sweep_stale_h14_drop0.30_lr3/collapse_monitoring/val_predictions_epoch78.npy
  Gradient norms:
    lstm_encoder: 0.022461
    lstm_decoder: 0.011982
    multihead_attn: 0.002914
    output_layer: 0.090632
  VSN output std:
    encoder: 0.130669
  Attention entropy: 2.964317
  Saved to: experiments/01_staleness_features_fixed/sweep_stale_h14_drop0.30_lr3/collapse_monitoring/collapse_monitor_epoch78.json
Epoch 79: val_loss=0.4008476734161377
Epoch 79: train_loss=0.42092961072921753

[CollapseMonitor] Epoch 79
  [DEBUG] Processed 20 batches from val_dataloader
  [DEBUG] Predictions shape after concat: (1280,)
  [DEBUG] All predictions list length: 20
  [DEBUG] First batch shape: (64,)
  Pred std: 0.059621, range: 0.428443, mean: 0.073494
  Pos: 98.8%, Neg: 1.2%, Unique: 1268
  Saved validation predictions to: experiments/01_staleness_features_fixed/sweep_stale_h14_drop0.30_lr3/collapse_monitoring/val_predictions_epoch79.npy
  Gradient norms:
    lstm_encoder: 0.024935
    lstm_decoder: 0.012639
    multihead_attn: 0.002675
    output_layer: 0.097557
  VSN output std:
    encoder: 0.133313
  Attention entropy: 2.965760
  Saved to: experiments/01_staleness_features_fixed/sweep_stale_h14_drop0.30_lr3/collapse_monitoring/collapse_monitor_epoch79.json
Epoch 80: val_loss=0.40048274397850037
Epoch 80: train_loss=0.42219552397727966

[CollapseMonitor] Epoch 80
  [DEBUG] Processed 20 batches from val_dataloader
  [DEBUG] Predictions shape after concat: (1280,)
  [DEBUG] All predictions list length: 20
  [DEBUG] First batch shape: (64,)
  Pred std: 0.058717, range: 0.426270, mean: 0.068010
  Pos: 97.7%, Neg: 2.3%, Unique: 1265
  Saved validation predictions to: experiments/01_staleness_features_fixed/sweep_stale_h14_drop0.30_lr3/collapse_monitoring/val_predictions_epoch80.npy
  Gradient norms:
    lstm_encoder: 0.025574
    lstm_decoder: 0.012144
    multihead_attn: 0.002651
    output_layer: 0.096323
  VSN output std:
    encoder: 0.134353
  Attention entropy: 2.967464
  Saved to: experiments/01_staleness_features_fixed/sweep_stale_h14_drop0.30_lr3/collapse_monitoring/collapse_monitor_epoch80.json
Epoch 81: val_loss=0.4005149006843567
Epoch 81: train_loss=0.42080920934677124

[CollapseMonitor] Epoch 81
  [DEBUG] Processed 20 batches from val_dataloader
  [DEBUG] Predictions shape after concat: (1280,)
  [DEBUG] All predictions list length: 20
  [DEBUG] First batch shape: (64,)
  Pred std: 0.056988, range: 0.399768, mean: 0.076265
  Pos: 99.1%, Neg: 0.9%, Unique: 1268
  Saved validation predictions to: experiments/01_staleness_features_fixed/sweep_stale_h14_drop0.30_lr3/collapse_monitoring/val_predictions_epoch81.npy
  Gradient norms:
    lstm_encoder: 0.026643
    lstm_decoder: 0.013387
    multihead_attn: 0.002697
    output_layer: 0.092139
  VSN output std:
    encoder: 0.131856
  Attention entropy: 2.967429
  Saved to: experiments/01_staleness_features_fixed/sweep_stale_h14_drop0.30_lr3/collapse_monitoring/collapse_monitor_epoch81.json
Epoch 82: val_loss=0.4000628590583801
Epoch 82: train_loss=0.420787513256073

[CollapseMonitor] Epoch 82
  [DEBUG] Processed 20 batches from val_dataloader
  [DEBUG] Predictions shape after concat: (1280,)
  [DEBUG] All predictions list length: 20
  [DEBUG] First batch shape: (64,)
  Pred std: 0.062866, range: 0.425107, mean: 0.065981
  Pos: 98.0%, Neg: 2.0%, Unique: 1265
  Saved validation predictions to: experiments/01_staleness_features_fixed/sweep_stale_h14_drop0.30_lr3/collapse_monitoring/val_predictions_epoch82.npy
  Gradient norms:
    lstm_encoder: 0.025973
    lstm_decoder: 0.012472
    multihead_attn: 0.002810
    output_layer: 0.093156
  VSN output std:
    encoder: 0.132630
  Attention entropy: 2.966784
  Saved to: experiments/01_staleness_features_fixed/sweep_stale_h14_drop0.30_lr3/collapse_monitoring/collapse_monitor_epoch82.json
Epoch 83: val_loss=0.40030068159103394
Epoch 83: train_loss=0.4221184551715851

[CollapseMonitor] Epoch 83
  [DEBUG] Processed 20 batches from val_dataloader
  [DEBUG] Predictions shape after concat: (1280,)
  [DEBUG] All predictions list length: 20
  [DEBUG] First batch shape: (64,)
  Pred std: 0.054797, range: 0.386965, mean: 0.079082
  Pos: 99.5%, Neg: 0.5%, Unique: 1266
  Saved validation predictions to: experiments/01_staleness_features_fixed/sweep_stale_h14_drop0.30_lr3/collapse_monitoring/val_predictions_epoch83.npy
  Gradient norms:
    lstm_encoder: 0.024559
    lstm_decoder: 0.013090
    multihead_attn: 0.002665
    output_layer: 0.088942
  VSN output std:
    encoder: 0.132260
  Attention entropy: 2.966802
  Saved to: experiments/01_staleness_features_fixed/sweep_stale_h14_drop0.30_lr3/collapse_monitoring/collapse_monitor_epoch83.json
Epoch 84: val_loss=0.3998536467552185
Epoch 84: train_loss=0.4202287495136261

[CollapseMonitor] Epoch 84
  [DEBUG] Processed 20 batches from val_dataloader
  [DEBUG] Predictions shape after concat: (1280,)
  [DEBUG] All predictions list length: 20
  [DEBUG] First batch shape: (64,)
  Pred std: 0.054921, range: 0.379589, mean: 0.069303
  Pos: 98.8%, Neg: 1.2%, Unique: 1272
  Saved validation predictions to: experiments/01_staleness_features_fixed/sweep_stale_h14_drop0.30_lr3/collapse_monitoring/val_predictions_epoch84.npy
  Gradient norms:
    lstm_encoder: 0.024815
    lstm_decoder: 0.012795
    multihead_attn: 0.002668
    output_layer: 0.093279
  VSN output std:
    encoder: 0.132364
  Attention entropy: 2.967805
  Saved to: experiments/01_staleness_features_fixed/sweep_stale_h14_drop0.30_lr3/collapse_monitoring/collapse_monitor_epoch84.json
Epoch 85: val_loss=0.4003174901008606
Epoch 85: train_loss=0.4210300147533417

[CollapseMonitor] Epoch 85
  [DEBUG] Processed 20 batches from val_dataloader
  [DEBUG] Predictions shape after concat: (1280,)
  [DEBUG] All predictions list length: 20
  [DEBUG] First batch shape: (64,)
  Pred std: 0.050108, range: 0.367610, mean: 0.090172
  Pos: 99.5%, Neg: 0.5%, Unique: 1269
  Saved validation predictions to: experiments/01_staleness_features_fixed/sweep_stale_h14_drop0.30_lr3/collapse_monitoring/val_predictions_epoch85.npy
  Gradient norms:
    lstm_encoder: 0.024327
    lstm_decoder: 0.012247
    multihead_attn: 0.002659
    output_layer: 0.089851
  VSN output std:
    encoder: 0.133532
  Attention entropy: 2.965864
  Saved to: experiments/01_staleness_features_fixed/sweep_stale_h14_drop0.30_lr3/collapse_monitoring/collapse_monitor_epoch85.json
Epoch 86: val_loss=0.4000822603702545
Epoch 86: train_loss=0.42203542590141296

[CollapseMonitor] Epoch 86
  [DEBUG] Processed 20 batches from val_dataloader
  [DEBUG] Predictions shape after concat: (1280,)
  [DEBUG] All predictions list length: 20
  [DEBUG] First batch shape: (64,)
  Pred std: 0.051478, range: 0.378308, mean: 0.063962
  Pos: 97.4%, Neg: 2.6%, Unique: 1273
  Saved validation predictions to: experiments/01_staleness_features_fixed/sweep_stale_h14_drop0.30_lr3/collapse_monitoring/val_predictions_epoch86.npy
  Gradient norms:
    lstm_encoder: 0.026060
    lstm_decoder: 0.013104
    multihead_attn: 0.002571
    output_layer: 0.089115
  VSN output std:
    encoder: 0.132796
  Attention entropy: 2.965543
  Saved to: experiments/01_staleness_features_fixed/sweep_stale_h14_drop0.30_lr3/collapse_monitoring/collapse_monitor_epoch86.json
Epoch 87: val_loss=0.40075045824050903
Epoch 87: train_loss=0.4215405285358429

[CollapseMonitor] Epoch 87
  [DEBUG] Processed 20 batches from val_dataloader
  [DEBUG] Predictions shape after concat: (1280,)
  [DEBUG] All predictions list length: 20
  [DEBUG] First batch shape: (64,)
  Pred std: 0.050252, range: 0.387531, mean: 0.060724
  Pos: 96.6%, Neg: 3.4%, Unique: 1264
  Saved validation predictions to: experiments/01_staleness_features_fixed/sweep_stale_h14_drop0.30_lr3/collapse_monitoring/val_predictions_epoch87.npy
  Gradient norms:
    lstm_encoder: 0.026256
    lstm_decoder: 0.013293
    multihead_attn: 0.002520
    output_layer: 0.090145
  VSN output std:
    encoder: 0.131142
  Attention entropy: 2.967801
  Saved to: experiments/01_staleness_features_fixed/sweep_stale_h14_drop0.30_lr3/collapse_monitoring/collapse_monitor_epoch87.json
Epoch 88: val_loss=0.3996066153049469
Epoch 88: train_loss=0.4214400351047516

[CollapseMonitor] Epoch 88
  [DEBUG] Processed 20 batches from val_dataloader
  [DEBUG] Predictions shape after concat: (1280,)
  [DEBUG] All predictions list length: 20
  [DEBUG] First batch shape: (64,)
  Pred std: 0.049932, range: 0.382794, mean: 0.067698
  Pos: 97.6%, Neg: 2.4%, Unique: 1265
  Saved validation predictions to: experiments/01_staleness_features_fixed/sweep_stale_h14_drop0.30_lr3/collapse_monitoring/val_predictions_epoch88.npy
  Gradient norms:
    lstm_encoder: 0.025570
    lstm_decoder: 0.012973
    multihead_attn: 0.002527
    output_layer: 0.100147
  VSN output std:
    encoder: 0.131505
  Attention entropy: 2.965947
  Saved to: experiments/01_staleness_features_fixed/sweep_stale_h14_drop0.30_lr3/collapse_monitoring/collapse_monitor_epoch88.json
Epoch 89: val_loss=0.40001359581947327
Epoch 89: train_loss=0.4212712347507477

[CollapseMonitor] Epoch 89
  [DEBUG] Processed 20 batches from val_dataloader
  [DEBUG] Predictions shape after concat: (1280,)
  [DEBUG] All predictions list length: 20
  [DEBUG] First batch shape: (64,)
  Pred std: 0.047943, range: 0.375671, mean: 0.056442
  Pos: 96.1%, Neg: 3.9%, Unique: 1269
  Saved validation predictions to: experiments/01_staleness_features_fixed/sweep_stale_h14_drop0.30_lr3/collapse_monitoring/val_predictions_epoch89.npy
  Gradient norms:
    lstm_encoder: 0.028576
    lstm_decoder: 0.014396
    multihead_attn: 0.002685
    output_layer: 0.095652
  VSN output std:
    encoder: 0.130640
  Attention entropy: 2.967187
  Saved to: experiments/01_staleness_features_fixed/sweep_stale_h14_drop0.30_lr3/collapse_monitoring/collapse_monitor_epoch89.json
Epoch 90: val_loss=0.39944010972976685
Epoch 90: train_loss=0.4215041697025299

[CollapseMonitor] Epoch 90
  [DEBUG] Processed 20 batches from val_dataloader
  [DEBUG] Predictions shape after concat: (1280,)
  [DEBUG] All predictions list length: 20
  [DEBUG] First batch shape: (64,)
  Pred std: 0.052454, range: 0.387852, mean: 0.071432
  Pos: 98.7%, Neg: 1.3%, Unique: 1262
  Saved validation predictions to: experiments/01_staleness_features_fixed/sweep_stale_h14_drop0.30_lr3/collapse_monitoring/val_predictions_epoch90.npy
  Gradient norms:
    lstm_encoder: 0.024741
    lstm_decoder: 0.012705
    multihead_attn: 0.002547
    output_layer: 0.090090
  VSN output std:
    encoder: 0.130268
  Attention entropy: 2.967023
  Saved to: experiments/01_staleness_features_fixed/sweep_stale_h14_drop0.30_lr3/collapse_monitoring/collapse_monitor_epoch90.json
Epoch 91: val_loss=0.40053242444992065
Epoch 91: train_loss=0.42151957750320435

[CollapseMonitor] Epoch 91
  [DEBUG] Processed 20 batches from val_dataloader
  [DEBUG] Predictions shape after concat: (1280,)
  [DEBUG] All predictions list length: 20
  [DEBUG] First batch shape: (64,)
  Pred std: 0.049772, range: 0.379926, mean: 0.083714
  Pos: 99.3%, Neg: 0.7%, Unique: 1271
  Saved validation predictions to: experiments/01_staleness_features_fixed/sweep_stale_h14_drop0.30_lr3/collapse_monitoring/val_predictions_epoch91.npy
  Gradient norms:
    lstm_encoder: 0.026047
    lstm_decoder: 0.013465
    multihead_attn: 0.002629
    output_layer: 0.088060
  VSN output std:
    encoder: 0.129905
  Attention entropy: 2.966174
  Saved to: experiments/01_staleness_features_fixed/sweep_stale_h14_drop0.30_lr3/collapse_monitoring/collapse_monitor_epoch91.json
Epoch 92: val_loss=0.3999536633491516
Epoch 92: train_loss=0.42064499855041504

[CollapseMonitor] Epoch 92
  [DEBUG] Processed 20 batches from val_dataloader
  [DEBUG] Predictions shape after concat: (1280,)
  [DEBUG] All predictions list length: 20
  [DEBUG] First batch shape: (64,)
  Pred std: 0.048846, range: 0.381470, mean: 0.079110
  Pos: 98.8%, Neg: 1.2%, Unique: 1275
  Saved validation predictions to: experiments/01_staleness_features_fixed/sweep_stale_h14_drop0.30_lr3/collapse_monitoring/val_predictions_epoch92.npy
  Gradient norms:
    lstm_encoder: 0.027844
    lstm_decoder: 0.014248
    multihead_attn: 0.002827
    output_layer: 0.095692
  VSN output std:
    encoder: 0.129099
  Attention entropy: 2.964815
  Saved to: experiments/01_staleness_features_fixed/sweep_stale_h14_drop0.30_lr3/collapse_monitoring/collapse_monitor_epoch92.json
Epoch 93: val_loss=0.3990163207054138
Epoch 93: train_loss=0.4204285442829132

[CollapseMonitor] Epoch 93
  [DEBUG] Processed 20 batches from val_dataloader
  [DEBUG] Predictions shape after concat: (1280,)
  [DEBUG] All predictions list length: 20
  [DEBUG] First batch shape: (64,)
  Pred std: 0.048457, range: 0.366891, mean: 0.078261
  Pos: 99.4%, Neg: 0.6%, Unique: 1269
  Saved validation predictions to: experiments/01_staleness_features_fixed/sweep_stale_h14_drop0.30_lr3/collapse_monitoring/val_predictions_epoch93.npy
  Gradient norms:
    lstm_encoder: 0.025682
    lstm_decoder: 0.013516
    multihead_attn: 0.002677
    output_layer: 0.088556
  VSN output std:
    encoder: 0.130431
  Attention entropy: 2.964129
  Saved to: experiments/01_staleness_features_fixed/sweep_stale_h14_drop0.30_lr3/collapse_monitoring/collapse_monitor_epoch93.json
Epoch 94: val_loss=0.39957842230796814
Epoch 94: train_loss=0.4198848605155945

[CollapseMonitor] Epoch 94
  [DEBUG] Processed 20 batches from val_dataloader
  [DEBUG] Predictions shape after concat: (1280,)
  [DEBUG] All predictions list length: 20
  [DEBUG] First batch shape: (64,)
  Pred std: 0.053063, range: 0.380357, mean: 0.078516
  Pos: 99.5%, Neg: 0.5%, Unique: 1268
  Saved validation predictions to: experiments/01_staleness_features_fixed/sweep_stale_h14_drop0.30_lr3/collapse_monitoring/val_predictions_epoch94.npy
  Gradient norms:
    lstm_encoder: 0.029165
    lstm_decoder: 0.014672
    multihead_attn: 0.002682
    output_layer: 0.092933
  VSN output std:
    encoder: 0.129199
  Attention entropy: 2.965626
  Saved to: experiments/01_staleness_features_fixed/sweep_stale_h14_drop0.30_lr3/collapse_monitoring/collapse_monitor_epoch94.json
Epoch 95: val_loss=0.39979586005210876
Epoch 95: train_loss=0.41970574855804443

[CollapseMonitor] Epoch 95
  [DEBUG] Processed 20 batches from val_dataloader
  [DEBUG] Predictions shape after concat: (1280,)
  [DEBUG] All predictions list length: 20
  [DEBUG] First batch shape: (64,)
  Pred std: 0.052524, range: 0.380334, mean: 0.073681
  Pos: 99.5%, Neg: 0.5%, Unique: 1263
  Saved validation predictions to: experiments/01_staleness_features_fixed/sweep_stale_h14_drop0.30_lr3/collapse_monitoring/val_predictions_epoch95.npy
  Gradient norms:
    lstm_encoder: 0.025776
    lstm_decoder: 0.013418
    multihead_attn: 0.002528
    output_layer: 0.090257
  VSN output std:
    encoder: 0.130414
  Attention entropy: 2.965527
  Saved to: experiments/01_staleness_features_fixed/sweep_stale_h14_drop0.30_lr3/collapse_monitoring/collapse_monitor_epoch95.json
Epoch 96: val_loss=0.3997059762477875
Epoch 96: train_loss=0.4202486276626587

[CollapseMonitor] Epoch 96
  [DEBUG] Processed 20 batches from val_dataloader
  [DEBUG] Predictions shape after concat: (1280,)
  [DEBUG] All predictions list length: 20
  [DEBUG] First batch shape: (64,)
  Pred std: 0.050111, range: 0.373067, mean: 0.056054
  Pos: 97.7%, Neg: 2.3%, Unique: 1270
  Saved validation predictions to: experiments/01_staleness_features_fixed/sweep_stale_h14_drop0.30_lr3/collapse_monitoring/val_predictions_epoch96.npy
  Gradient norms:
    lstm_encoder: 0.026008
    lstm_decoder: 0.013058
    multihead_attn: 0.002412
    output_layer: 0.088003
  VSN output std:
    encoder: 0.129373
  Attention entropy: 2.966497
  Saved to: experiments/01_staleness_features_fixed/sweep_stale_h14_drop0.30_lr3/collapse_monitoring/collapse_monitor_epoch96.json
Epoch 97: val_loss=0.39906084537506104
Epoch 97: train_loss=0.4208698570728302

[CollapseMonitor] Epoch 97
  [DEBUG] Processed 20 batches from val_dataloader
  [DEBUG] Predictions shape after concat: (1280,)
  [DEBUG] All predictions list length: 20
  [DEBUG] First batch shape: (64,)
  Pred std: 0.052658, range: 0.382748, mean: 0.060435
  Pos: 98.5%, Neg: 1.5%, Unique: 1272
  Saved validation predictions to: experiments/01_staleness_features_fixed/sweep_stale_h14_drop0.30_lr3/collapse_monitoring/val_predictions_epoch97.npy
  Gradient norms:
    lstm_encoder: 0.027385
    lstm_decoder: 0.013693
    multihead_attn: 0.002653
    output_layer: 0.089543
  VSN output std:
    encoder: 0.129888
  Attention entropy: 2.963228
  Saved to: experiments/01_staleness_features_fixed/sweep_stale_h14_drop0.30_lr3/collapse_monitoring/collapse_monitor_epoch97.json
Epoch 98: val_loss=0.3989059031009674
Epoch 98: train_loss=0.419594407081604

[CollapseMonitor] Epoch 98
  [DEBUG] Processed 20 batches from val_dataloader
  [DEBUG] Predictions shape after concat: (1280,)
  [DEBUG] All predictions list length: 20
  [DEBUG] First batch shape: (64,)
  Pred std: 0.050522, range: 0.368848, mean: 0.062985
  Pos: 98.9%, Neg: 1.1%, Unique: 1266
  Saved validation predictions to: experiments/01_staleness_features_fixed/sweep_stale_h14_drop0.30_lr3/collapse_monitoring/val_predictions_epoch98.npy
  Gradient norms:
    lstm_encoder: 0.026796
    lstm_decoder: 0.013452
    multihead_attn: 0.002598
    output_layer: 0.089519
  VSN output std:
    encoder: 0.128593
  Attention entropy: 2.963692
  Saved to: experiments/01_staleness_features_fixed/sweep_stale_h14_drop0.30_lr3/collapse_monitoring/collapse_monitor_epoch98.json
Epoch 99: val_loss=0.3991432785987854
Epoch 99: train_loss=0.42130860686302185

[CollapseMonitor] Epoch 99
  [DEBUG] Processed 20 batches from val_dataloader
  [DEBUG] Predictions shape after concat: (1280,)
  [DEBUG] All predictions list length: 20
  [DEBUG] First batch shape: (64,)
  Pred std: 0.044307, range: 0.341919, mean: 0.074613
  Pos: 99.5%, Neg: 0.5%, Unique: 1264
  Saved validation predictions to: experiments/01_staleness_features_fixed/sweep_stale_h14_drop0.30_lr3/collapse_monitoring/val_predictions_epoch99.npy
  Gradient norms:
    lstm_encoder: 0.027134
    lstm_decoder: 0.014138
    multihead_attn: 0.002706
    output_layer: 0.089656
  VSN output std:
    encoder: 0.128729
  Attention entropy: 2.964291
  Saved to: experiments/01_staleness_features_fixed/sweep_stale_h14_drop0.30_lr3/collapse_monitoring/collapse_monitor_epoch99.json


======================================================================
Training complete
======================================================================

Best model checkpoint: experiments/01_staleness_features_fixed/sweep_stale_h14_drop0.30_lr3/checkpoints/tft-epoch=98-val_loss=0.3989.ckpt
Best validation loss: 0.398906
Completed at: 2025-10-29 23:39:06
Log saved to: experiments/01_staleness_features_fixed/sweep_stale_h14_drop0.30_lr3/training_20251029_222654.log
======================================================================
