Logging to: experiments/02b_vintage_sweep/baseline_h10_drop0.15/attention_analysis_year/attention_analysis_20251122_181116.log
Analysis started at: 2025-11-22 18:11:16
======================================================================
Experiment: 02b_vintage_sweep/baseline_h10_drop0.15
Output directory: experiments/02b_vintage_sweep/baseline_h10_drop0.15/attention_analysis_year
Using best checkpoint: experiments/02b_vintage_sweep/baseline_h10_drop0.15/checkpoints/tft-epoch=74-val_loss=0.4007.ckpt

Loading data...
Loading test data from: data/splits/vintage/core_proposal_daily_vintage_test.csv
  Train samples: 6074
  Test samples: 1302

Preparing test dataset...
Test dataset size after filtering: 1282

Loading model...
Loading model from: experiments/02b_vintage_sweep/baseline_h10_drop0.15/checkpoints/tft-epoch=74-val_loss=0.4007.ckpt
Model moved to device: cuda

Extracting attention patterns...
Extracting attention patterns...
Total batches to process: 11
  Processed 10/11 batches

Total predictions: 1282
Total actuals: 1282
Attention shape: (1282, 20)
Encoder variables shape: (1282, 5)

Prediction period: 2020-08-17T00:00:00.000000000 to 2025-10-06T00:00:00.000000000
Total predictions: 1282

Creating temporal periods:
  2020: 94 samples
  2021: 250 samples
  2022: 249 samples
  2023: 249 samples
  2024: 250 samples
  2025: 190 samples

Attention over 20 encoder timesteps

Analyzing attention patterns by period...

Comparing attention patterns across periods...

Creating visualizations...
Saved attention heatmap: experiments/02b_vintage_sweep/baseline_h10_drop0.15/attention_analysis_year/attention_heatmap.png
Saved attention trends: experiments/02b_vintage_sweep/baseline_h10_drop0.15/attention_analysis_year/attention_trends.png
Saved feature importance comparison: experiments/02b_vintage_sweep/baseline_h10_drop0.15/attention_analysis_year/temporal_attention_comparison.png

Saving results...
Saved results: experiments/02b_vintage_sweep/baseline_h10_drop0.15/attention_analysis_year/attention_analysis_results.json

======================================================================
ATTENTION ANALYSIS SUMMARY
======================================================================

Per-Period Statistics:
----------------------------------------------------------------------

2020:
  Samples: 94
  Entropy: 2.7643 Ã‚Â± 0.2513
  Concentration: 0.0507
  Top 5 features:
    t-1                            0.0660
    t-2                            0.0607
    t-3                            0.0569
    t-4                            0.0548
    t-5                            0.0532

2021:
  Samples: 250
  Entropy: 2.7601 Ã‚Â± 0.3298
  Concentration: 0.0506
  Top 5 features:
    t-1                            0.0605
    t-2                            0.0578
    t-3                            0.0557
    t-4                            0.0542
    t-5                            0.0537

2022:
  Samples: 249
  Entropy: 2.6209 Ã‚Â± 0.3078
  Concentration: 0.0570
  Top 5 features:
    t-1                            0.0922
    t-2                            0.0809
    t-3                            0.0736
    t-4                            0.0684
    t-5                            0.0644

2023:
  Samples: 249
  Entropy: 2.9323 Ã‚Â± 0.1432
  Concentration: 0.0504
  Top 5 features:
    t-1                            0.0554
    t-2                            0.0546
    t-3                            0.0541
    t-4                            0.0538
    t-5                            0.0536

2024:
  Samples: 250
  Entropy: 2.8836 Ã‚Â± 0.3617
  Concentration: 0.0500
  Top 5 features:
    t-20                           0.0529
    t-1                            0.0521
    t-2                            0.0516
    t-3                            0.0514
    t-19                           0.0514

2025:
  Samples: 190
  Entropy: 2.7993 Ã‚Â± 0.4196
  Concentration: 0.0501
  Top 5 features:
    t-1                            0.0580
    t-18                           0.0515
    t-2                            0.0509
    t-17                           0.0508
    t-13                           0.0506

----------------------------------------------------------------------
Period Comparisons:
----------------------------------------------------------------------

2020_vs_2021:
  Cosine similarity: 0.9979
  L2 distance: 0.0147
  Entropy change: -0.0042
  Concentration change: -0.0002

2020_vs_2022:
  Cosine similarity: 0.9685
  L2 distance: 0.0598
  Entropy change: -0.1434
  Concentration change: 0.0063

2020_vs_2023:
  Cosine similarity: 0.9963
  L2 distance: 0.0194
  Entropy change: 0.1680
  Concentration change: -0.0004

2020_vs_2024:
  Cosine similarity: 0.9937
  L2 distance: 0.0251
  Entropy change: 0.1193
  Concentration change: -0.0007

2020_vs_2025:
  Cosine similarity: 0.9945
  L2 distance: 0.0236
  Entropy change: 0.0350
  Concentration change: -0.0006

2021_vs_2022:
  Cosine similarity: 0.9671
  L2 distance: 0.0610
  Entropy change: -0.1392
  Concentration change: 0.0064

2021_vs_2023:
  Cosine similarity: 0.9994
  L2 distance: 0.0075
  Entropy change: 0.1721
  Concentration change: -0.0002

2021_vs_2024:
  Cosine similarity: 0.9949
  L2 distance: 0.0226
  Entropy change: 0.1235
  Concentration change: -0.0005

2021_vs_2025:
  Cosine similarity: 0.9946
  L2 distance: 0.0234
  Entropy change: 0.0391
  Concentration change: -0.0005

2022_vs_2023:
  Cosine similarity: 0.9594
  L2 distance: 0.0675
  Entropy change: 0.3113
  Concentration change: -0.0067

2022_vs_2024:
  Cosine similarity: 0.9401
  L2 distance: 0.0814
  Entropy change: 0.2627
  Concentration change: -0.0070

2022_vs_2025:
  Cosine similarity: 0.9405
  L2 distance: 0.0812
  Entropy change: 0.1783
  Concentration change: -0.0069

2023_vs_2024:
  Cosine similarity: 0.9969
  L2 distance: 0.0178
  Entropy change: -0.0487
  Concentration change: -0.0003

2023_vs_2025:
  Cosine similarity: 0.9957
  L2 distance: 0.0208
  Entropy change: -0.1330
  Concentration change: -0.0003

2024_vs_2025:
  Cosine similarity: 0.9986
  L2 distance: 0.0118
  Entropy change: -0.0843
  Concentration change: 0.0001

======================================================================

Analysis complete!
Results saved to: experiments/02b_vintage_sweep/baseline_h10_drop0.15/attention_analysis_year
  - attention_analysis_results.json
  - attention_heatmap.png
  - attention_trends.png
  - temporal_attention_comparison.png
