2025-12-03 16:44:51 | INFO     | ================================================================================
2025-12-03 16:44:51 | INFO     | ROLLING WINDOW / WALK-FORWARD EVALUATION
2025-12-03 16:44:51 | INFO     | ================================================================================
2025-12-03 16:44:51 | INFO     | Started at: 2025-12-03 16:44:51
2025-12-03 16:44:51 | INFO     | Log file: experiments/07c_regime_attention_ablations/rolling_4heads/07c_regime_attention_ablations_rolling_4heads_rolling_20251203_164451.log
2025-12-03 16:44:51 | INFO     | 
2025-12-03 16:44:51 | INFO     | Configuration:
2025-12-03 16:44:51 | INFO     |   Mode: rolling
2025-12-03 16:44:51 | INFO     |   Granularity: yearly
2025-12-03 16:44:51 | INFO     |   Train years: 10
2025-12-03 16:44:51 | INFO     |   Val years: 1
2025-12-03 16:44:51 | INFO     |   Test years: 1
2025-12-03 16:44:51 | INFO     |   Step years: 1
2025-12-03 16:44:51 | INFO     |   Test range: 2016 - 2024
2025-12-03 16:44:51 | INFO     |   Feature set: core_proposal
2025-12-03 16:44:51 | INFO     |   Frequency: weekly
2025-12-03 16:44:51 | INFO     |   Alignment: vintage
2025-12-03 16:44:51 | INFO     |   Enhanced: False
2025-12-03 16:44:51 | INFO     |   Experiment prefix: 07c_regime_attention_ablations/rolling_4heads
2025-12-03 16:44:51 | INFO     |   Dry run: False
2025-12-03 16:44:51 | INFO     | 
2025-12-03 16:44:51 | INFO     | ====================================================================================================
2025-12-03 16:44:51 | INFO     | FOLD SUMMARY
2025-12-03 16:44:51 | INFO     | ====================================================================================================
2025-12-03 16:44:51 | INFO     | Fold         Train                     Val                       Test                      Train Yrs 
2025-12-03 16:44:51 | INFO     | ----------------------------------------------------------------------------------------------------
2025-12-03 16:44:51 | INFO     | fold_2016    2005-01-01 to 2014-12-31  2015-01-01 to 2015-12-31  2016-01-01 to 2016-12-31  10        
2025-12-03 16:44:51 | INFO     | fold_2017    2006-01-01 to 2015-12-31  2016-01-01 to 2016-12-31  2017-01-01 to 2017-12-31  10        
2025-12-03 16:44:51 | INFO     | fold_2018    2007-01-01 to 2016-12-31  2017-01-01 to 2017-12-31  2018-01-01 to 2018-12-31  10        
2025-12-03 16:44:51 | INFO     | fold_2019    2008-01-01 to 2017-12-31  2018-01-01 to 2018-12-31  2019-01-01 to 2019-12-31  10        
2025-12-03 16:44:51 | INFO     | fold_2020    2009-01-01 to 2018-12-31  2019-01-01 to 2019-12-31  2020-01-01 to 2020-12-31  10        
2025-12-03 16:44:51 | INFO     | fold_2021    2010-01-01 to 2019-12-31  2020-01-01 to 2020-12-31  2021-01-01 to 2021-12-31  10        
2025-12-03 16:44:51 | INFO     | fold_2022    2011-01-01 to 2020-12-31  2021-01-01 to 2021-12-31  2022-01-01 to 2022-12-31  10        
2025-12-03 16:44:51 | INFO     | fold_2023    2012-01-01 to 2021-12-31  2022-01-01 to 2022-12-31  2023-01-01 to 2023-12-31  10        
2025-12-03 16:44:51 | INFO     | fold_2024    2013-01-01 to 2022-12-31  2023-01-01 to 2023-12-31  2024-01-01 to 2024-12-31  10        
2025-12-03 16:44:51 | INFO     | ====================================================================================================
2025-12-03 16:44:51 | INFO     | Total folds: 9
2025-12-03 16:44:51 | INFO     | ====================================================================================================

2025-12-03 16:44:51 | INFO     | Estimated runtime: ~45 minutes (0.8 hours)
2025-12-03 16:44:51 | INFO     | 
2025-12-03 16:44:51 | INFO     | Saved folds configuration to: experiments/07c_regime_attention_ablations/rolling_4heads/folds_config.json
2025-12-03 16:44:51 | INFO     | 
[FOLD 1/9]
2025-12-03 16:44:51 | INFO     | 
2025-12-03 16:44:51 | INFO     | ================================================================================
2025-12-03 16:44:51 | INFO     | PROCESSING FOLD_2016
2025-12-03 16:44:51 | INFO     |   Test period: 2016-01-01 to 2016-12-31
2025-12-03 16:44:51 | INFO     |   Training samples: ~10 years
2025-12-03 16:44:51 | INFO     | ================================================================================
2025-12-03 16:44:51 | INFO     |   Splits already exist for fold_2016, skipping creation
