
[INFO] Using AUTO device selection.

[INFO] Patched matplotlib.Axes.errorbar to abs() negative yerr for robustness.
======================================================================
Training TFT: 06b_rolling/weekly_h16_enc12_d015_bs16/fold_2016
======================================================================
Logging to: experiments/06b_rolling/weekly_h16_enc12_d015_bs16/fold_2016/training_20251129_234220.log
Started at: 2025-11-29 23:42:20
======================================================================
Configuration saved to: experiments/06b_rolling/weekly_h16_enc12_d015_bs16/fold_2016/config.json

Loading data splits...
Train: 521 samples
Val: 52 samples
Test: 53 samples

Preparing TimeSeriesDataSet...

Dropping source columns (used for staleness only): ['CPI']

Final features for TFT: ['SP500_Returns', 'VIX', 'Treasury_10Y', 'Yield_Spread', 'Inflation_YoY']

======================================================================
FEATURE STATISTICS - BEFORE NORMALIZATION
======================================================================
VIX                             mean= 20.0265  std=  9.8852  min= 10.1850  max= 72.9160
Treasury_10Y                    mean=  3.3328  std=  1.0249  min=  1.4700  max=  5.2300
Yield_Spread                    mean=  1.5150  std=  0.9455  min= -0.1800  max=  2.9100
Inflation_YoY                   mean=  2.3566  std=  1.4584  min= -2.1498  max=  5.4850

======================================================================
FEATURES AFTER GROUPNORMALIZER (first batch, last timestep)
======================================================================
VIX                             normalized_value=  1.0000
Treasury_10Y                    normalized_value= -0.0833
Yield_Spread                    normalized_value= -0.6453
Inflation_YoY                   normalized_value= -1.2919
======================================================================

[DEBUG] VIX train values: [13.844 12.85  13.46  13.726 11.902]
[DEBUG] VIX val values: [16.9925 18.982  20.996  17.95   18.582 ]
Batches per epoch: 31
[DEBUG] Validation batches: 3
[DEBUG] Validation dataset size: 40
[DEBUG] Batch size: 16

Initializing model...

Using standard QuantileLoss (no penalties)

[REGIME OUTPUT] Disabled (using baseline output layer)

================================================================================
BASELINE MODEL FEATURE CONFIGURATION (after from_dataset)
================================================================================
tft.hparams.time_varying_reals_encoder: ['relative_time_idx', 'VIX', 'Treasury_10Y', 'Yield_Spread', 'Inflation_YoY']
  Count: 5

tft.hparams.time_varying_reals_decoder: ['relative_time_idx']
  Count: 1

tft.hparams.x_reals (all reals passed to model): ['encoder_length', 'relative_time_idx', 'VIX', 'Treasury_10Y', 'Yield_Spread', 'Inflation_YoY']
  Count: 6

Encoder VSN configuration:
  num_inputs: 5
  input_sizes: {'relative_time_idx': 16, 'VIX': 16, 'Treasury_10Y': 16, 'Yield_Spread': 16, 'Inflation_YoY': 16}
  flattened_grn.fc1: in_features=80, out_features=5
  -> Params in fc1: 400 (should be 5*16*5=400 if 5 features)
================================================================================

Model parameters: 22,615

Starting training...
Checkpoints will be saved to: experiments/06b_rolling/weekly_h16_enc12_d015_bs16/fold_2016/checkpoints/
Logs will be saved to: experiments/06b_rolling/weekly_h16_enc12_d015_bs16/fold_2016/logs/

[DEBUG CollapseMonitor] on_validation_epoch_start called for epoch 0
[DEBUG CollapseMonitor] reset_temporal_state() called on loss function
Epoch 0: val_loss=N/A
[DEBUG CollapseMonitor] on_validation_epoch_start called for epoch 0
[DEBUG CollapseMonitor] reset_temporal_state() called on loss function
Epoch 0: val_loss=1.3051507472991943
Epoch 0: train_loss=1.5986467599868774

[CollapseMonitor] Epoch 0
  [DEBUG] Processed 3 batches from val_dataloader
  [DEBUG] Predictions shape after concat: (40,)
  [DEBUG] All predictions list length: 3
  [DEBUG] First batch shape: (16,)
  Pred std: 0.026991, range: 0.083555, mean: 0.392534
  Pos: 100.0%, Neg: 0.0%, Unique: 39
  Dir Acc: 57.50%, Pred Sharpe: 230.8693
  Composite: 0.4528 (dist_match: 0.5750, actual_pos: 57.5%, pred_pos: 100.0%)
  Collapse penalty: 0.000000 (threshold: 0.005000)
  Saved validation predictions to: experiments/06b_rolling/weekly_h16_enc12_d015_bs16/fold_2016/collapse_monitoring/val_predictions_epoch0.npy
  Gradient norms:
    lstm_encoder: 0.025082
    lstm_decoder: 0.033642
    output_layer: 1.558943
  VSN output std:
    encoder: 0.151583
  Attention entropy: 2.472547
  Saved to: experiments/06b_rolling/weekly_h16_enc12_d015_bs16/fold_2016/collapse_monitoring/collapse_monitor_latest.json
[DEBUG CollapseMonitor] on_validation_epoch_start called for epoch 1
[DEBUG CollapseMonitor] reset_temporal_state() called on loss function
Epoch 1: val_loss=1.2225301265716553
Epoch 1: train_loss=1.5551679134368896

[CollapseMonitor] Epoch 1
  [DEBUG] Processed 3 batches from val_dataloader
  [DEBUG] Predictions shape after concat: (40,)
  [DEBUG] All predictions list length: 3
  [DEBUG] First batch shape: (16,)
  Pred std: 0.016531, range: 0.053837, mean: 0.350303
  Pos: 100.0%, Neg: 0.0%, Unique: 40
  Dir Acc: 57.50%, Pred Sharpe: 336.3882
  Composite: 0.4528 (dist_match: 0.5750, actual_pos: 57.5%, pred_pos: 100.0%)
  Collapse penalty: 0.000000 (threshold: 0.005000)
  Saved validation predictions to: experiments/06b_rolling/weekly_h16_enc12_d015_bs16/fold_2016/collapse_monitoring/val_predictions_epoch1.npy
  Gradient norms:
    lstm_encoder: 0.024333
    lstm_decoder: 0.032811
    output_layer: 1.490141
  VSN output std:
    encoder: 0.151199
  Attention entropy: 2.471110
  Saved to: experiments/06b_rolling/weekly_h16_enc12_d015_bs16/fold_2016/collapse_monitoring/collapse_monitor_latest.json
[DEBUG CollapseMonitor] on_validation_epoch_start called for epoch 2
[DEBUG CollapseMonitor] reset_temporal_state() called on loss function
Epoch 2: val_loss=1.1237258911132812
Epoch 2: train_loss=1.49286949634552

[CollapseMonitor] Epoch 2
  [DEBUG] Processed 3 batches from val_dataloader
  [DEBUG] Predictions shape after concat: (40,)
  [DEBUG] All predictions list length: 3
  [DEBUG] First batch shape: (16,)
  Pred std: 0.012094, range: 0.038636, mean: 0.323294
  Pos: 100.0%, Neg: 0.0%, Unique: 40
  Dir Acc: 57.50%, Pred Sharpe: 424.3570
  Composite: 0.4528 (dist_match: 0.5750, actual_pos: 57.5%, pred_pos: 100.0%)
  Collapse penalty: 0.000000 (threshold: 0.005000)
  Saved validation predictions to: experiments/06b_rolling/weekly_h16_enc12_d015_bs16/fold_2016/collapse_monitoring/val_predictions_epoch2.npy
  Gradient norms:
    lstm_encoder: 0.023567
    lstm_decoder: 0.030163
    output_layer: 1.393971
  VSN output std:
    encoder: 0.151049
  Attention entropy: 2.470032
  Saved to: experiments/06b_rolling/weekly_h16_enc12_d015_bs16/fold_2016/collapse_monitoring/collapse_monitor_latest.json
[DEBUG CollapseMonitor] on_validation_epoch_start called for epoch 3
[DEBUG CollapseMonitor] reset_temporal_state() called on loss function
Epoch 3: val_loss=1.0340570211410522
Epoch 3: train_loss=1.4114761352539062

[CollapseMonitor] Epoch 3
  [DEBUG] Processed 3 batches from val_dataloader
  [DEBUG] Predictions shape after concat: (40,)
  [DEBUG] All predictions list length: 3
  [DEBUG] First batch shape: (16,)
  Pred std: 0.010909, range: 0.036626, mean: 0.365412
  Pos: 100.0%, Neg: 0.0%, Unique: 40
  Dir Acc: 57.50%, Pred Sharpe: 531.7337
  Composite: 0.4528 (dist_match: 0.5750, actual_pos: 57.5%, pred_pos: 100.0%)
  Collapse penalty: 0.000000 (threshold: 0.005000)
  Saved validation predictions to: experiments/06b_rolling/weekly_h16_enc12_d015_bs16/fold_2016/collapse_monitoring/val_predictions_epoch3.npy
  Gradient norms:
    lstm_encoder: 0.022733
    lstm_decoder: 0.027092
    output_layer: 1.301623
  VSN output std:
    encoder: 0.151345
  Attention entropy: 2.469611
  Saved to: experiments/06b_rolling/weekly_h16_enc12_d015_bs16/fold_2016/collapse_monitoring/collapse_monitor_latest.json
[DEBUG CollapseMonitor] on_validation_epoch_start called for epoch 4
[DEBUG CollapseMonitor] reset_temporal_state() called on loss function
Epoch 4: val_loss=0.9625139236450195
Epoch 4: train_loss=1.327070713043213

[CollapseMonitor] Epoch 4
  [DEBUG] Processed 3 batches from val_dataloader
  [DEBUG] Predictions shape after concat: (40,)
  [DEBUG] All predictions list length: 3
  [DEBUG] First batch shape: (16,)
  Pred std: 0.008653, range: 0.028812, mean: 0.286112
  Pos: 100.0%, Neg: 0.0%, Unique: 40
  Dir Acc: 57.50%, Pred Sharpe: 524.8957
  Composite: 0.4528 (dist_match: 0.5750, actual_pos: 57.5%, pred_pos: 100.0%)
  Collapse penalty: 0.000000 (threshold: 0.005000)
  Saved validation predictions to: experiments/06b_rolling/weekly_h16_enc12_d015_bs16/fold_2016/collapse_monitoring/val_predictions_epoch4.npy
  Gradient norms:
    lstm_encoder: 0.020833
    lstm_decoder: 0.022868
    output_layer: 1.167070
  VSN output std:
    encoder: 0.153689
  Attention entropy: 2.472395
  Saved to: experiments/06b_rolling/weekly_h16_enc12_d015_bs16/fold_2016/collapse_monitoring/collapse_monitor_latest.json
[DEBUG CollapseMonitor] on_validation_epoch_start called for epoch 5
[DEBUG CollapseMonitor] reset_temporal_state() called on loss function
Epoch 5: val_loss=0.9176557660102844
Epoch 5: train_loss=1.2427289485931396

[CollapseMonitor] Epoch 5
  [DEBUG] Processed 3 batches from val_dataloader
  [DEBUG] Predictions shape after concat: (40,)
  [DEBUG] All predictions list length: 3
  [DEBUG] First batch shape: (16,)
  Pred std: 0.008357, range: 0.026012, mean: 0.298655
  Pos: 100.0%, Neg: 0.0%, Unique: 40
  Dir Acc: 57.50%, Pred Sharpe: 567.3302
  Composite: 0.4528 (dist_match: 0.5750, actual_pos: 57.5%, pred_pos: 100.0%)
  Collapse penalty: 0.000000 (threshold: 0.005000)
  Saved validation predictions to: experiments/06b_rolling/weekly_h16_enc12_d015_bs16/fold_2016/collapse_monitoring/val_predictions_epoch5.npy
  Gradient norms:
    lstm_encoder: 0.018904
    lstm_decoder: 0.021033
    output_layer: 0.993811
  VSN output std:
    encoder: 0.154068
  Attention entropy: 2.474755
  Saved to: experiments/06b_rolling/weekly_h16_enc12_d015_bs16/fold_2016/collapse_monitoring/collapse_monitor_latest.json
[DEBUG CollapseMonitor] on_validation_epoch_start called for epoch 6
[DEBUG CollapseMonitor] reset_temporal_state() called on loss function
Epoch 6: val_loss=0.874984085559845
Epoch 6: train_loss=1.1964231729507446

[CollapseMonitor] Epoch 6
  [DEBUG] Processed 3 batches from val_dataloader
  [DEBUG] Predictions shape after concat: (40,)
  [DEBUG] All predictions list length: 3
  [DEBUG] First batch shape: (16,)
  Pred std: 0.010221, range: 0.034854, mean: 0.234995
  Pos: 100.0%, Neg: 0.0%, Unique: 40
  Dir Acc: 57.50%, Pred Sharpe: 364.9858
  Composite: 0.4528 (dist_match: 0.5750, actual_pos: 57.5%, pred_pos: 100.0%)
  Collapse penalty: 0.000000 (threshold: 0.005000)
  Saved validation predictions to: experiments/06b_rolling/weekly_h16_enc12_d015_bs16/fold_2016/collapse_monitoring/val_predictions_epoch6.npy
  Gradient norms:
    lstm_encoder: 0.018373
    lstm_decoder: 0.018622
    output_layer: 0.897934
  VSN output std:
    encoder: 0.153573
  Attention entropy: 2.476194
  Saved to: experiments/06b_rolling/weekly_h16_enc12_d015_bs16/fold_2016/collapse_monitoring/collapse_monitor_latest.json
[DEBUG CollapseMonitor] on_validation_epoch_start called for epoch 7
[DEBUG CollapseMonitor] reset_temporal_state() called on loss function
Epoch 7: val_loss=0.846996009349823
Epoch 7: train_loss=1.1645959615707397

[CollapseMonitor] Epoch 7
  [DEBUG] Processed 3 batches from val_dataloader
  [DEBUG] Predictions shape after concat: (40,)
  [DEBUG] All predictions list length: 3
  [DEBUG] First batch shape: (16,)
  Pred std: 0.011895, range: 0.040052, mean: 0.203682
  Pos: 100.0%, Neg: 0.0%, Unique: 40
  Dir Acc: 57.50%, Pred Sharpe: 271.8276
  Composite: 0.4528 (dist_match: 0.5750, actual_pos: 57.5%, pred_pos: 100.0%)
  Collapse penalty: 0.000000 (threshold: 0.005000)
  Saved validation predictions to: experiments/06b_rolling/weekly_h16_enc12_d015_bs16/fold_2016/collapse_monitoring/val_predictions_epoch7.npy
  Gradient norms:
    lstm_encoder: 0.016837
    lstm_decoder: 0.017004
    output_layer: 0.793120
  VSN output std:
    encoder: 0.153144
  Attention entropy: 2.476070
  Saved to: experiments/06b_rolling/weekly_h16_enc12_d015_bs16/fold_2016/collapse_monitoring/collapse_monitor_latest.json
[DEBUG CollapseMonitor] on_validation_epoch_start called for epoch 8
[DEBUG CollapseMonitor] reset_temporal_state() called on loss function
Epoch 8: val_loss=0.8270782232284546
Epoch 8: train_loss=1.1217120885849

[CollapseMonitor] Epoch 8
  [DEBUG] Processed 3 batches from val_dataloader
  [DEBUG] Predictions shape after concat: (40,)
  [DEBUG] All predictions list length: 3
  [DEBUG] First batch shape: (16,)
  Pred std: 0.011680, range: 0.039306, mean: 0.151254
  Pos: 100.0%, Neg: 0.0%, Unique: 40
  Dir Acc: 57.50%, Pred Sharpe: 205.5705
  Composite: 0.4528 (dist_match: 0.5750, actual_pos: 57.5%, pred_pos: 100.0%)
  Collapse penalty: 0.000000 (threshold: 0.005000)
  Saved validation predictions to: experiments/06b_rolling/weekly_h16_enc12_d015_bs16/fold_2016/collapse_monitoring/val_predictions_epoch8.npy
  Gradient norms:
    lstm_encoder: 0.015023
    lstm_decoder: 0.014196
    output_layer: 0.659341
  VSN output std:
    encoder: 0.152989
  Attention entropy: 2.476012
  Saved to: experiments/06b_rolling/weekly_h16_enc12_d015_bs16/fold_2016/collapse_monitoring/collapse_monitor_latest.json
[DEBUG CollapseMonitor] on_validation_epoch_start called for epoch 9
[DEBUG CollapseMonitor] reset_temporal_state() called on loss function
Epoch 9: val_loss=0.8173505067825317
Epoch 9: train_loss=1.0801692008972168

[CollapseMonitor] Epoch 9
  [DEBUG] Processed 3 batches from val_dataloader
  [DEBUG] Predictions shape after concat: (40,)
  [DEBUG] All predictions list length: 3
  [DEBUG] First batch shape: (16,)
  Pred std: 0.012752, range: 0.042234, mean: 0.205798
  Pos: 100.0%, Neg: 0.0%, Unique: 40
  Dir Acc: 57.50%, Pred Sharpe: 256.1930
  Composite: 0.4528 (dist_match: 0.5750, actual_pos: 57.5%, pred_pos: 100.0%)
  Collapse penalty: 0.000000 (threshold: 0.005000)
  Saved validation predictions to: experiments/06b_rolling/weekly_h16_enc12_d015_bs16/fold_2016/collapse_monitoring/val_predictions_epoch9.npy
  Gradient norms:
    lstm_encoder: 0.014079
    lstm_decoder: 0.013956
    output_layer: 0.573753
  VSN output std:
    encoder: 0.152297
  Attention entropy: 2.476750
  Saved to: experiments/06b_rolling/weekly_h16_enc12_d015_bs16/fold_2016/collapse_monitoring/collapse_monitor_latest.json
[DEBUG CollapseMonitor] on_validation_epoch_start called for epoch 10
[DEBUG CollapseMonitor] reset_temporal_state() called on loss function
Epoch 10: val_loss=0.8106538653373718
Epoch 10: train_loss=1.0709145069122314

[CollapseMonitor] Epoch 10
  [DEBUG] Processed 3 batches from val_dataloader
  [DEBUG] Predictions shape after concat: (40,)
  [DEBUG] All predictions list length: 3
  [DEBUG] First batch shape: (16,)
  Pred std: 0.013942, range: 0.045100, mean: 0.168412
  Pos: 100.0%, Neg: 0.0%, Unique: 40
  Dir Acc: 57.50%, Pred Sharpe: 191.7524
  Composite: 0.4528 (dist_match: 0.5750, actual_pos: 57.5%, pred_pos: 100.0%)
  Collapse penalty: 0.000000 (threshold: 0.005000)
  Saved validation predictions to: experiments/06b_rolling/weekly_h16_enc12_d015_bs16/fold_2016/collapse_monitoring/val_predictions_epoch10.npy
  Gradient norms:
    lstm_encoder: 0.012942
    lstm_decoder: 0.012666
    output_layer: 0.519959
  VSN output std:
    encoder: 0.151419
  Attention entropy: 2.477060
  Saved to: experiments/06b_rolling/weekly_h16_enc12_d015_bs16/fold_2016/collapse_monitoring/collapse_monitor_latest.json
[DEBUG CollapseMonitor] on_validation_epoch_start called for epoch 11
[DEBUG CollapseMonitor] reset_temporal_state() called on loss function
Epoch 11: val_loss=0.8089934587478638
Epoch 11: train_loss=1.0772087574005127

[CollapseMonitor] Epoch 11
  [DEBUG] Processed 3 batches from val_dataloader
  [DEBUG] Predictions shape after concat: (40,)
  [DEBUG] All predictions list length: 3
  [DEBUG] First batch shape: (16,)
  Pred std: 0.014298, range: 0.044874, mean: 0.206380
  Pos: 100.0%, Neg: 0.0%, Unique: 40
  Dir Acc: 57.50%, Pred Sharpe: 229.1410
  Composite: 0.4528 (dist_match: 0.5750, actual_pos: 57.5%, pred_pos: 100.0%)
  Collapse penalty: 0.000000 (threshold: 0.005000)
  Saved validation predictions to: experiments/06b_rolling/weekly_h16_enc12_d015_bs16/fold_2016/collapse_monitoring/val_predictions_epoch11.npy
  Gradient norms:
    lstm_encoder: 0.014662
    lstm_decoder: 0.013836
    output_layer: 0.545977
  VSN output std:
    encoder: 0.152222
  Attention entropy: 2.476446
  Saved to: experiments/06b_rolling/weekly_h16_enc12_d015_bs16/fold_2016/collapse_monitoring/collapse_monitor_latest.json
[DEBUG CollapseMonitor] on_validation_epoch_start called for epoch 12
[DEBUG CollapseMonitor] reset_temporal_state() called on loss function
Epoch 12: val_loss=0.8074560165405273
Epoch 12: train_loss=1.065244197845459

[CollapseMonitor] Epoch 12
  [DEBUG] Processed 3 batches from val_dataloader
  [DEBUG] Predictions shape after concat: (40,)
  [DEBUG] All predictions list length: 3
  [DEBUG] First batch shape: (16,)
  Pred std: 0.013030, range: 0.040911, mean: 0.223821
  Pos: 100.0%, Neg: 0.0%, Unique: 40
  Dir Acc: 57.50%, Pred Sharpe: 272.6767
  Composite: 0.4528 (dist_match: 0.5750, actual_pos: 57.5%, pred_pos: 100.0%)
  Collapse penalty: 0.000000 (threshold: 0.005000)
  Saved validation predictions to: experiments/06b_rolling/weekly_h16_enc12_d015_bs16/fold_2016/collapse_monitoring/val_predictions_epoch12.npy
  Gradient norms:
    lstm_encoder: 0.013090
    lstm_decoder: 0.012835
    output_layer: 0.479478
  VSN output std:
    encoder: 0.154113
  Attention entropy: 2.476403
  Saved to: experiments/06b_rolling/weekly_h16_enc12_d015_bs16/fold_2016/collapse_monitoring/collapse_monitor_latest.json
[DEBUG CollapseMonitor] on_validation_epoch_start called for epoch 13
[DEBUG CollapseMonitor] reset_temporal_state() called on loss function
Epoch 13: val_loss=0.8065084218978882
Epoch 13: train_loss=1.054072618484497

[CollapseMonitor] Epoch 13
  [DEBUG] Processed 3 batches from val_dataloader
  [DEBUG] Predictions shape after concat: (40,)
  [DEBUG] All predictions list length: 3
  [DEBUG] First batch shape: (16,)
  Pred std: 0.011736, range: 0.036780, mean: 0.241976
  Pos: 100.0%, Neg: 0.0%, Unique: 40
  Dir Acc: 57.50%, Pred Sharpe: 327.3043
  Composite: 0.4528 (dist_match: 0.5750, actual_pos: 57.5%, pred_pos: 100.0%)
  Collapse penalty: 0.000000 (threshold: 0.005000)
  Saved validation predictions to: experiments/06b_rolling/weekly_h16_enc12_d015_bs16/fold_2016/collapse_monitoring/val_predictions_epoch13.npy
  Gradient norms:
    lstm_encoder: 0.011433
    lstm_decoder: 0.011602
    output_layer: 0.457279
  VSN output std:
    encoder: 0.158933
  Attention entropy: 2.476520
  Saved to: experiments/06b_rolling/weekly_h16_enc12_d015_bs16/fold_2016/collapse_monitoring/collapse_monitor_latest.json
[DEBUG CollapseMonitor] on_validation_epoch_start called for epoch 14
[DEBUG CollapseMonitor] reset_temporal_state() called on loss function
Epoch 14: val_loss=0.8035897016525269
Epoch 14: train_loss=1.0566930770874023

[CollapseMonitor] Epoch 14
  [DEBUG] Processed 3 batches from val_dataloader
  [DEBUG] Predictions shape after concat: (40,)
  [DEBUG] All predictions list length: 3
  [DEBUG] First batch shape: (16,)
  Pred std: 0.011283, range: 0.034918, mean: 0.243144
  Pos: 100.0%, Neg: 0.0%, Unique: 40
  Dir Acc: 57.50%, Pred Sharpe: 342.0924
  Composite: 0.4528 (dist_match: 0.5750, actual_pos: 57.5%, pred_pos: 100.0%)
  Collapse penalty: 0.000000 (threshold: 0.005000)
  Saved validation predictions to: experiments/06b_rolling/weekly_h16_enc12_d015_bs16/fold_2016/collapse_monitoring/val_predictions_epoch14.npy
  Gradient norms:
    lstm_encoder: 0.012573
    lstm_decoder: 0.012170
    output_layer: 0.464193
  VSN output std:
    encoder: 0.162036
  Attention entropy: 2.476975
  Saved to: experiments/06b_rolling/weekly_h16_enc12_d015_bs16/fold_2016/collapse_monitoring/collapse_monitor_latest.json
[DEBUG CollapseMonitor] on_validation_epoch_start called for epoch 15
[DEBUG CollapseMonitor] reset_temporal_state() called on loss function
Epoch 15: val_loss=0.8057110905647278
Epoch 15: train_loss=1.0420315265655518

[CollapseMonitor] Epoch 15
  [DEBUG] Processed 3 batches from val_dataloader
  [DEBUG] Predictions shape after concat: (40,)
  [DEBUG] All predictions list length: 3
  [DEBUG] First batch shape: (16,)
  Pred std: 0.010444, range: 0.032190, mean: 0.322097
  Pos: 100.0%, Neg: 0.0%, Unique: 40
  Dir Acc: 57.50%, Pred Sharpe: 489.5963
  Composite: 0.4528 (dist_match: 0.5750, actual_pos: 57.5%, pred_pos: 100.0%)
  Collapse penalty: 0.000000 (threshold: 0.005000)
  Saved validation predictions to: experiments/06b_rolling/weekly_h16_enc12_d015_bs16/fold_2016/collapse_monitoring/val_predictions_epoch15.npy
  Gradient norms:
    lstm_encoder: 0.011894
    lstm_decoder: 0.010695
    output_layer: 0.384574
  VSN output std:
    encoder: 0.166714
  Attention entropy: 2.477069
  Saved to: experiments/06b_rolling/weekly_h16_enc12_d015_bs16/fold_2016/collapse_monitoring/collapse_monitor_latest.json
[DEBUG CollapseMonitor] on_validation_epoch_start called for epoch 16
[DEBUG CollapseMonitor] reset_temporal_state() called on loss function
Epoch 16: val_loss=0.8029106259346008
Epoch 16: train_loss=1.0278258323669434

[CollapseMonitor] Epoch 16
  [DEBUG] Processed 3 batches from val_dataloader
  [DEBUG] Predictions shape after concat: (40,)
  [DEBUG] All predictions list length: 3
  [DEBUG] First batch shape: (16,)
  Pred std: 0.009828, range: 0.030927, mean: 0.244781
  Pos: 100.0%, Neg: 0.0%, Unique: 40
  Dir Acc: 57.50%, Pred Sharpe: 395.3856
  Composite: 0.4528 (dist_match: 0.5750, actual_pos: 57.5%, pred_pos: 100.0%)
  Collapse penalty: 0.000000 (threshold: 0.005000)
  Saved validation predictions to: experiments/06b_rolling/weekly_h16_enc12_d015_bs16/fold_2016/collapse_monitoring/val_predictions_epoch16.npy
  Gradient norms:
    lstm_encoder: 0.012786
    lstm_decoder: 0.012944
    output_layer: 0.495532
  VSN output std:
    encoder: 0.169321
  Attention entropy: 2.476827
  Saved to: experiments/06b_rolling/weekly_h16_enc12_d015_bs16/fold_2016/collapse_monitoring/collapse_monitor_latest.json
[DEBUG CollapseMonitor] on_validation_epoch_start called for epoch 17
[DEBUG CollapseMonitor] reset_temporal_state() called on loss function
Epoch 17: val_loss=0.8015073537826538
Epoch 17: train_loss=1.0360991954803467

[CollapseMonitor] Epoch 17
  [DEBUG] Processed 3 batches from val_dataloader
  [DEBUG] Predictions shape after concat: (40,)
  [DEBUG] All predictions list length: 3
  [DEBUG] First batch shape: (16,)
  Pred std: 0.010171, range: 0.032709, mean: 0.252316
  Pos: 100.0%, Neg: 0.0%, Unique: 40
  Dir Acc: 57.50%, Pred Sharpe: 393.8222
  Composite: 0.4528 (dist_match: 0.5750, actual_pos: 57.5%, pred_pos: 100.0%)
  Collapse penalty: 0.000000 (threshold: 0.005000)
  Saved validation predictions to: experiments/06b_rolling/weekly_h16_enc12_d015_bs16/fold_2016/collapse_monitoring/val_predictions_epoch17.npy
  Gradient norms:
    lstm_encoder: 0.012817
    lstm_decoder: 0.011996
    output_layer: 0.419509
  VSN output std:
    encoder: 0.165874
  Attention entropy: 2.477014
  Saved to: experiments/06b_rolling/weekly_h16_enc12_d015_bs16/fold_2016/collapse_monitoring/collapse_monitor_latest.json
[DEBUG CollapseMonitor] on_validation_epoch_start called for epoch 18
[DEBUG CollapseMonitor] reset_temporal_state() called on loss function
Epoch 18: val_loss=0.8011770248413086
Epoch 18: train_loss=1.0329245328903198

[CollapseMonitor] Epoch 18
  [DEBUG] Processed 3 batches from val_dataloader
  [DEBUG] Predictions shape after concat: (40,)
  [DEBUG] All predictions list length: 3
  [DEBUG] First batch shape: (16,)
  Pred std: 0.008794, range: 0.029014, mean: 0.226877
  Pos: 100.0%, Neg: 0.0%, Unique: 40
  Dir Acc: 57.50%, Pred Sharpe: 409.5520
  Composite: 0.4528 (dist_match: 0.5750, actual_pos: 57.5%, pred_pos: 100.0%)
  Collapse penalty: 0.000000 (threshold: 0.005000)
  Saved validation predictions to: experiments/06b_rolling/weekly_h16_enc12_d015_bs16/fold_2016/collapse_monitoring/val_predictions_epoch18.npy
  Gradient norms:
    lstm_encoder: 0.012937
    lstm_decoder: 0.011874
    output_layer: 0.429686
  VSN output std:
    encoder: 0.171519
  Attention entropy: 2.478852
  Saved to: experiments/06b_rolling/weekly_h16_enc12_d015_bs16/fold_2016/collapse_monitoring/collapse_monitor_latest.json
[DEBUG CollapseMonitor] on_validation_epoch_start called for epoch 19
[DEBUG CollapseMonitor] reset_temporal_state() called on loss function
Epoch 19: val_loss=0.8041733503341675
Epoch 19: train_loss=1.0387380123138428

[CollapseMonitor] Epoch 19
  [DEBUG] Processed 3 batches from val_dataloader
  [DEBUG] Predictions shape after concat: (40,)
  [DEBUG] All predictions list length: 3
  [DEBUG] First batch shape: (16,)
  Pred std: 0.007008, range: 0.023606, mean: 0.299910
  Pos: 100.0%, Neg: 0.0%, Unique: 40
  Dir Acc: 57.50%, Pred Sharpe: 679.3705
  Composite: 0.4528 (dist_match: 0.5750, actual_pos: 57.5%, pred_pos: 100.0%)
  Collapse penalty: 0.000000 (threshold: 0.005000)
  Saved validation predictions to: experiments/06b_rolling/weekly_h16_enc12_d015_bs16/fold_2016/collapse_monitoring/val_predictions_epoch19.npy
  Gradient norms:
    lstm_encoder: 0.012565
    lstm_decoder: 0.011991
    output_layer: 0.421683
  VSN output std:
    encoder: 0.181124
  Attention entropy: 2.480159
  Saved to: experiments/06b_rolling/weekly_h16_enc12_d015_bs16/fold_2016/collapse_monitoring/collapse_monitor_latest.json
[DEBUG CollapseMonitor] on_validation_epoch_start called for epoch 20
[DEBUG CollapseMonitor] reset_temporal_state() called on loss function
Epoch 20: val_loss=0.8030762672424316
Epoch 20: train_loss=1.0289498567581177

[CollapseMonitor] Epoch 20
  [DEBUG] Processed 3 batches from val_dataloader
  [DEBUG] Predictions shape after concat: (40,)
  [DEBUG] All predictions list length: 3
  [DEBUG] First batch shape: (16,)
  Pred std: 0.005835, range: 0.019787, mean: 0.264031
  Pos: 100.0%, Neg: 0.0%, Unique: 40
  Dir Acc: 57.50%, Pred Sharpe: 718.3596
  Composite: 0.4528 (dist_match: 0.5750, actual_pos: 57.5%, pred_pos: 100.0%)
  Collapse penalty: 0.000000 (threshold: 0.005000)
  Saved validation predictions to: experiments/06b_rolling/weekly_h16_enc12_d015_bs16/fold_2016/collapse_monitoring/val_predictions_epoch20.npy
  Gradient norms:
    lstm_encoder: 0.012561
    lstm_decoder: 0.011244
    output_layer: 0.420374
  VSN output std:
    encoder: 0.187182
  Attention entropy: 2.480458
  Saved to: experiments/06b_rolling/weekly_h16_enc12_d015_bs16/fold_2016/collapse_monitoring/collapse_monitor_latest.json
[DEBUG CollapseMonitor] on_validation_epoch_start called for epoch 21
[DEBUG CollapseMonitor] reset_temporal_state() called on loss function
Epoch 21: val_loss=0.8061903119087219
Epoch 21: train_loss=1.0323522090911865

[CollapseMonitor] Epoch 21
  [DEBUG] Processed 3 batches from val_dataloader
  [DEBUG] Predictions shape after concat: (40,)
  [DEBUG] All predictions list length: 3
  [DEBUG] First batch shape: (16,)
  Pred std: 0.004679, range: 0.015494, mean: 0.307221
  Pos: 100.0%, Neg: 0.0%, Unique: 40
  Dir Acc: 57.50%, Pred Sharpe: 1042.3838
  Composite: 0.4528 (dist_match: 0.5750, actual_pos: 57.5%, pred_pos: 100.0%)
  Collapse penalty: 0.000000 (threshold: 0.005000)
  Saved validation predictions to: experiments/06b_rolling/weekly_h16_enc12_d015_bs16/fold_2016/collapse_monitoring/val_predictions_epoch21.npy
  Gradient norms:
    lstm_encoder: 0.011340
    lstm_decoder: 0.010269
    output_layer: 0.383796
  VSN output std:
    encoder: 0.198186
  Attention entropy: 2.480859
  Saved to: experiments/06b_rolling/weekly_h16_enc12_d015_bs16/fold_2016/collapse_monitoring/collapse_monitor_latest.json
[DEBUG CollapseMonitor] on_validation_epoch_start called for epoch 22
[DEBUG CollapseMonitor] reset_temporal_state() called on loss function
Epoch 22: val_loss=0.8054540753364563
Epoch 22: train_loss=1.032729148864746

[CollapseMonitor] Epoch 22
  [DEBUG] Processed 3 batches from val_dataloader
  [DEBUG] Predictions shape after concat: (40,)
  [DEBUG] All predictions list length: 3
  [DEBUG] First batch shape: (16,)
  Pred std: 0.004423, range: 0.014611, mean: 0.297883
  Pos: 100.0%, Neg: 0.0%, Unique: 40
  Dir Acc: 57.50%, Pred Sharpe: 1069.0305
  Composite: 0.4528 (dist_match: 0.5750, actual_pos: 57.5%, pred_pos: 100.0%)
  Collapse penalty: 0.000000 (threshold: 0.005000)
  Saved validation predictions to: experiments/06b_rolling/weekly_h16_enc12_d015_bs16/fold_2016/collapse_monitoring/val_predictions_epoch22.npy
  Gradient norms:
    lstm_encoder: 0.012657
    lstm_decoder: 0.011604
    output_layer: 0.394540
  VSN output std:
    encoder: 0.202152
  Attention entropy: 2.480494
  Saved to: experiments/06b_rolling/weekly_h16_enc12_d015_bs16/fold_2016/collapse_monitoring/collapse_monitor_latest.json
[DEBUG CollapseMonitor] on_validation_epoch_start called for epoch 23
[DEBUG CollapseMonitor] reset_temporal_state() called on loss function
Epoch 23: val_loss=0.8060747385025024
Epoch 23: train_loss=1.0262348651885986

[CollapseMonitor] Epoch 23
  [DEBUG] Processed 3 batches from val_dataloader
  [DEBUG] Predictions shape after concat: (40,)
  [DEBUG] All predictions list length: 3
  [DEBUG] First batch shape: (16,)
  Pred std: 0.004194, range: 0.013050, mean: 0.293424
  Pos: 100.0%, Neg: 0.0%, Unique: 40
  Dir Acc: 57.50%, Pred Sharpe: 1110.6037
  Composite: 0.4528 (dist_match: 0.5750, actual_pos: 57.5%, pred_pos: 100.0%)
  Collapse penalty: 0.000000 (threshold: 0.005000)
  Saved validation predictions to: experiments/06b_rolling/weekly_h16_enc12_d015_bs16/fold_2016/collapse_monitoring/val_predictions_epoch23.npy
  Gradient norms:
    lstm_encoder: 0.013349
    lstm_decoder: 0.011489
    output_layer: 0.381681
  VSN output std:
    encoder: 0.204684
  Attention entropy: 2.480317
  Saved to: experiments/06b_rolling/weekly_h16_enc12_d015_bs16/fold_2016/collapse_monitoring/collapse_monitor_latest.json
[DEBUG CollapseMonitor] on_validation_epoch_start called for epoch 24
[DEBUG CollapseMonitor] reset_temporal_state() called on loss function
Epoch 24: val_loss=0.8075183033943176
Epoch 24: train_loss=1.0250154733657837

[CollapseMonitor] Epoch 24
  [DEBUG] Processed 3 batches from val_dataloader
  [DEBUG] Predictions shape after concat: (40,)
  [DEBUG] All predictions list length: 3
  [DEBUG] First batch shape: (16,)
  Pred std: 0.004098, range: 0.012845, mean: 0.328711
  Pos: 100.0%, Neg: 0.0%, Unique: 39
  Dir Acc: 57.50%, Pred Sharpe: 1273.2433
  Composite: 0.4528 (dist_match: 0.5750, actual_pos: 57.5%, pred_pos: 100.0%)
  Collapse penalty: 0.000000 (threshold: 0.005000)
  Saved validation predictions to: experiments/06b_rolling/weekly_h16_enc12_d015_bs16/fold_2016/collapse_monitoring/val_predictions_epoch24.npy
  Gradient norms:
    lstm_encoder: 0.012530
    lstm_decoder: 0.012033
    output_layer: 0.413726
  VSN output std:
    encoder: 0.207991
  Attention entropy: 2.480231
  Saved to: experiments/06b_rolling/weekly_h16_enc12_d015_bs16/fold_2016/collapse_monitoring/collapse_monitor_latest.json
[DEBUG CollapseMonitor] on_validation_epoch_start called for epoch 25
[DEBUG CollapseMonitor] reset_temporal_state() called on loss function
Epoch 25: val_loss=0.8069842457771301
Epoch 25: train_loss=1.0245956182479858

[CollapseMonitor] Epoch 25
  [DEBUG] Processed 3 batches from val_dataloader
  [DEBUG] Predictions shape after concat: (40,)
  [DEBUG] All predictions list length: 3
  [DEBUG] First batch shape: (16,)
  Pred std: 0.003818, range: 0.012089, mean: 0.318555
  Pos: 100.0%, Neg: 0.0%, Unique: 40
  Dir Acc: 57.50%, Pred Sharpe: 1324.3895
  Composite: 0.4528 (dist_match: 0.5750, actual_pos: 57.5%, pred_pos: 100.0%)
  Collapse penalty: 0.000000 (threshold: 0.005000)
  Saved validation predictions to: experiments/06b_rolling/weekly_h16_enc12_d015_bs16/fold_2016/collapse_monitoring/val_predictions_epoch25.npy
  Gradient norms:
    lstm_encoder: 0.011597
    lstm_decoder: 0.009962
    output_layer: 0.321729
  VSN output std:
    encoder: 0.213563
  Attention entropy: 2.480521
  Saved to: experiments/06b_rolling/weekly_h16_enc12_d015_bs16/fold_2016/collapse_monitoring/collapse_monitor_latest.json
[DEBUG CollapseMonitor] on_validation_epoch_start called for epoch 26
[DEBUG CollapseMonitor] reset_temporal_state() called on loss function
Epoch 26: val_loss=0.8085687756538391
Epoch 26: train_loss=1.031121015548706

[CollapseMonitor] Epoch 26
  [DEBUG] Processed 3 batches from val_dataloader
  [DEBUG] Predictions shape after concat: (40,)
  [DEBUG] All predictions list length: 3
  [DEBUG] First batch shape: (16,)
  Pred std: 0.003595, range: 0.011772, mean: 0.352736
  Pos: 100.0%, Neg: 0.0%, Unique: 40
  Dir Acc: 57.50%, Pred Sharpe: 1557.7320
  Composite: 0.4528 (dist_match: 0.5750, actual_pos: 57.5%, pred_pos: 100.0%)
  Collapse penalty: 0.000000 (threshold: 0.005000)
  Saved validation predictions to: experiments/06b_rolling/weekly_h16_enc12_d015_bs16/fold_2016/collapse_monitoring/val_predictions_epoch26.npy
  Gradient norms:
    lstm_encoder: 0.013843
    lstm_decoder: 0.012793
    output_layer: 0.449667
  VSN output std:
    encoder: 0.218047
  Attention entropy: 2.480562
  Saved to: experiments/06b_rolling/weekly_h16_enc12_d015_bs16/fold_2016/collapse_monitoring/collapse_monitor_latest.json
[DEBUG CollapseMonitor] on_validation_epoch_start called for epoch 27
[DEBUG CollapseMonitor] reset_temporal_state() called on loss function
Epoch 27: val_loss=0.8076928853988647
Epoch 27: train_loss=1.0235718488693237

[CollapseMonitor] Epoch 27
  [DEBUG] Processed 3 batches from val_dataloader
  [DEBUG] Predictions shape after concat: (40,)
  [DEBUG] All predictions list length: 3
  [DEBUG] First batch shape: (16,)
  Pred std: 0.003519, range: 0.011921, mean: 0.324728
  Pos: 100.0%, Neg: 0.0%, Unique: 39
  Dir Acc: 57.50%, Pred Sharpe: 1464.9799
  Composite: 0.4528 (dist_match: 0.5750, actual_pos: 57.5%, pred_pos: 100.0%)
  Collapse penalty: 0.000000 (threshold: 0.005000)
  Saved validation predictions to: experiments/06b_rolling/weekly_h16_enc12_d015_bs16/fold_2016/collapse_monitoring/val_predictions_epoch27.npy
  Gradient norms:
    lstm_encoder: 0.013184
    lstm_decoder: 0.011369
    output_layer: 0.384314
  VSN output std:
    encoder: 0.220199
  Attention entropy: 2.480557
  Saved to: experiments/06b_rolling/weekly_h16_enc12_d015_bs16/fold_2016/collapse_monitoring/collapse_monitor_latest.json
[DEBUG CollapseMonitor] on_validation_epoch_start called for epoch 28
[DEBUG CollapseMonitor] reset_temporal_state() called on loss function
Epoch 28: val_loss=0.8071085214614868
Epoch 28: train_loss=1.0330846309661865

[CollapseMonitor] Epoch 28
  [DEBUG] Processed 3 batches from val_dataloader
  [DEBUG] Predictions shape after concat: (40,)
  [DEBUG] All predictions list length: 3
  [DEBUG] First batch shape: (16,)
  Pred std: 0.003567, range: 0.012890, mean: 0.308690
  Pos: 100.0%, Neg: 0.0%, Unique: 40
  Dir Acc: 57.50%, Pred Sharpe: 1373.7007
  Composite: 0.4528 (dist_match: 0.5750, actual_pos: 57.5%, pred_pos: 100.0%)
  Collapse penalty: 0.000000 (threshold: 0.005000)
  Saved validation predictions to: experiments/06b_rolling/weekly_h16_enc12_d015_bs16/fold_2016/collapse_monitoring/val_predictions_epoch28.npy
  Gradient norms:
    lstm_encoder: 0.014216
    lstm_decoder: 0.012650
    output_layer: 0.440261
  VSN output std:
    encoder: 0.223977
  Attention entropy: 2.480814
  Saved to: experiments/06b_rolling/weekly_h16_enc12_d015_bs16/fold_2016/collapse_monitoring/collapse_monitor_latest.json
[DEBUG CollapseMonitor] on_validation_epoch_start called for epoch 29
[DEBUG CollapseMonitor] reset_temporal_state() called on loss function
Epoch 29: val_loss=0.8060346841812134
Epoch 29: train_loss=1.0275596380233765

[CollapseMonitor] Epoch 29
  [DEBUG] Processed 3 batches from val_dataloader
  [DEBUG] Predictions shape after concat: (40,)
  [DEBUG] All predictions list length: 3
  [DEBUG] First batch shape: (16,)
  Pred std: 0.003671, range: 0.013501, mean: 0.274806
  Pos: 100.0%, Neg: 0.0%, Unique: 40
  Dir Acc: 57.50%, Pred Sharpe: 1188.3511
  Composite: 0.4528 (dist_match: 0.5750, actual_pos: 57.5%, pred_pos: 100.0%)
  Collapse penalty: 0.000000 (threshold: 0.005000)
  Saved validation predictions to: experiments/06b_rolling/weekly_h16_enc12_d015_bs16/fold_2016/collapse_monitoring/val_predictions_epoch29.npy
  Gradient norms:
    lstm_encoder: 0.014631
    lstm_decoder: 0.013367
    output_layer: 0.442395
  VSN output std:
    encoder: 0.224676
  Attention entropy: 2.480607
  Saved to: experiments/06b_rolling/weekly_h16_enc12_d015_bs16/fold_2016/collapse_monitoring/collapse_monitor_latest.json
[DEBUG CollapseMonitor] on_validation_epoch_start called for epoch 30
[DEBUG CollapseMonitor] reset_temporal_state() called on loss function
Epoch 30: val_loss=0.8058449029922485
Epoch 30: train_loss=1.0229785442352295

[CollapseMonitor] Epoch 30
  [DEBUG] Processed 3 batches from val_dataloader
  [DEBUG] Predictions shape after concat: (40,)
  [DEBUG] All predictions list length: 3
  [DEBUG] First batch shape: (16,)
  Pred std: 0.003962, range: 0.015693, mean: 0.267974
  Pos: 100.0%, Neg: 0.0%, Unique: 40
  Dir Acc: 57.50%, Pred Sharpe: 1073.7643
  Composite: 0.4528 (dist_match: 0.5750, actual_pos: 57.5%, pred_pos: 100.0%)
  Collapse penalty: 0.000000 (threshold: 0.005000)
  Saved validation predictions to: experiments/06b_rolling/weekly_h16_enc12_d015_bs16/fold_2016/collapse_monitoring/val_predictions_epoch30.npy
  Gradient norms:
    lstm_encoder: 0.014181
    lstm_decoder: 0.013228
    output_layer: 0.435007
  VSN output std:
    encoder: 0.227272
  Attention entropy: 2.480118
  Saved to: experiments/06b_rolling/weekly_h16_enc12_d015_bs16/fold_2016/collapse_monitoring/collapse_monitor_latest.json
[DEBUG CollapseMonitor] on_validation_epoch_start called for epoch 31
[DEBUG CollapseMonitor] reset_temporal_state() called on loss function
Epoch 31: val_loss=0.8068792223930359
Epoch 31: train_loss=1.0122222900390625

[CollapseMonitor] Epoch 31
  [DEBUG] Processed 3 batches from val_dataloader
  [DEBUG] Predictions shape after concat: (40,)
  [DEBUG] All predictions list length: 3
  [DEBUG] First batch shape: (16,)
  Pred std: 0.004206, range: 0.017403, mean: 0.316441
  Pos: 100.0%, Neg: 0.0%, Unique: 40
  Dir Acc: 57.50%, Pred Sharpe: 1194.3164
  Composite: 0.4528 (dist_match: 0.5750, actual_pos: 57.5%, pred_pos: 100.0%)
  Collapse penalty: 0.000000 (threshold: 0.005000)
  Saved validation predictions to: experiments/06b_rolling/weekly_h16_enc12_d015_bs16/fold_2016/collapse_monitoring/val_predictions_epoch31.npy
  Gradient norms:
    lstm_encoder: 0.013642
    lstm_decoder: 0.011371
    output_layer: 0.370662
  VSN output std:
    encoder: 0.229699
  Attention entropy: 2.479724
  Saved to: experiments/06b_rolling/weekly_h16_enc12_d015_bs16/fold_2016/collapse_monitoring/collapse_monitor_latest.json
[DEBUG CollapseMonitor] on_validation_epoch_start called for epoch 32
[DEBUG CollapseMonitor] reset_temporal_state() called on loss function
Epoch 32: val_loss=0.8076356053352356
Epoch 32: train_loss=1.0259153842926025

[CollapseMonitor] Epoch 32
  [DEBUG] Processed 3 batches from val_dataloader
  [DEBUG] Predictions shape after concat: (40,)
  [DEBUG] All predictions list length: 3
  [DEBUG] First batch shape: (16,)
  Pred std: 0.004279, range: 0.017996, mean: 0.335254
  Pos: 100.0%, Neg: 0.0%, Unique: 39
  Dir Acc: 57.50%, Pred Sharpe: 1243.8655
  Composite: 0.4528 (dist_match: 0.5750, actual_pos: 57.5%, pred_pos: 100.0%)
  Collapse penalty: 0.000000 (threshold: 0.005000)
  Saved validation predictions to: experiments/06b_rolling/weekly_h16_enc12_d015_bs16/fold_2016/collapse_monitoring/val_predictions_epoch32.npy
  Gradient norms:
    lstm_encoder: 0.014555
    lstm_decoder: 0.012601
    output_layer: 0.418457
  VSN output std:
    encoder: 0.232055
  Attention entropy: 2.479708
  Saved to: experiments/06b_rolling/weekly_h16_enc12_d015_bs16/fold_2016/collapse_monitoring/collapse_monitor_latest.json
[DEBUG CollapseMonitor] on_validation_epoch_start called for epoch 33
[DEBUG CollapseMonitor] reset_temporal_state() called on loss function
Epoch 33: val_loss=0.8078279495239258
Epoch 33: train_loss=1.0171228647232056

[CollapseMonitor] Epoch 33
  [DEBUG] Processed 3 batches from val_dataloader
  [DEBUG] Predictions shape after concat: (40,)
  [DEBUG] All predictions list length: 3
  [DEBUG] First batch shape: (16,)
  Pred std: 0.004460, range: 0.018987, mean: 0.336407
  Pos: 100.0%, Neg: 0.0%, Unique: 40
  Dir Acc: 57.50%, Pred Sharpe: 1197.4557
  Composite: 0.4528 (dist_match: 0.5750, actual_pos: 57.5%, pred_pos: 100.0%)
  Collapse penalty: 0.000000 (threshold: 0.005000)
  Saved validation predictions to: experiments/06b_rolling/weekly_h16_enc12_d015_bs16/fold_2016/collapse_monitoring/val_predictions_epoch33.npy
  Gradient norms:
    lstm_encoder: 0.013272
    lstm_decoder: 0.011332
    output_layer: 0.372508
  VSN output std:
    encoder: 0.233161
  Attention entropy: 2.479513
  Saved to: experiments/06b_rolling/weekly_h16_enc12_d015_bs16/fold_2016/collapse_monitoring/collapse_monitor_latest.json


======================================================================
Training complete
======================================================================

Best val_loss checkpoint: experiments/06b_rolling/weekly_h16_enc12_d015_bs16/fold_2016/checkpoints/tft-epoch=epoch=18-valloss=val_loss=0.8012.ckpt
Best validation loss: 0.801177
Checkpoints saved:
  - Best val_loss: experiments/06b_rolling/weekly_h16_enc12_d015_bs16/fold_2016/checkpoints/tft-epoch=epoch=18-valloss=val_loss=0.8012.ckpt
  - Best pred_std: experiments/06b_rolling/weekly_h16_enc12_d015_bs16/fold_2016/checkpoints/tft-epoch=epoch=00-predstd=val_pred_std=0.0270.ckpt
  - Best unique: experiments/06b_rolling/weekly_h16_enc12_d015_bs16/fold_2016/checkpoints/tft-epoch=epoch=01-unique=val_num_unique=40.ckpt
  - Best dir_acc: experiments/06b_rolling/weekly_h16_enc12_d015_bs16/fold_2016/checkpoints/tft-epoch=epoch=00-diracc=val_dir_acc=0.5750.ckpt
  - Best sharpe: experiments/06b_rolling/weekly_h16_enc12_d015_bs16/fold_2016/checkpoints/tft-epoch=epoch=26-sharpe=val_sharpe=1557.7319.ckpt
  - Best composite: experiments/06b_rolling/weekly_h16_enc12_d015_bs16/fold_2016/checkpoints/tft-epoch=epoch=00-composite=val_composite=0.4528.ckpt
Completed at: 2025-11-29 23:44:41
Log saved to: experiments/06b_rolling/weekly_h16_enc12_d015_bs16/fold_2016/training_20251129_234220.log
======================================================================
