
[INFO] Using AUTO device selection.

[INFO] Patched matplotlib.Axes.errorbar to abs() negative yerr for robustness.
======================================================================
Training TFT: 02b_vintage_sweep/baseline_h10_drop0.25
======================================================================
Logging to: experiments/02b_vintage_sweep/baseline_h10_drop0.25/training_20251122_143928.log
Started at: 2025-11-22 14:39:28
======================================================================
Configuration saved to: experiments/02b_vintage_sweep/baseline_h10_drop0.25/config.json

Loading data splits...
Train: 6074 samples
Val: 1302 samples
Test: 1302 samples

Preparing TimeSeriesDataSet...

Dropping source columns (used for staleness only): ['CPI']

Final features for TFT: ['SP500_Returns', 'VIX', 'Treasury_10Y', 'Yield_Spread', 'Inflation_YoY']

======================================================================
FEATURE STATISTICS - BEFORE NORMALIZATION
======================================================================
VIX                             mean= 19.7438  std=  8.0295  min=  9.3100  max= 80.8600
Treasury_10Y                    mean=  4.7672  std=  1.6903  min=  1.4300  max=  8.3600
Yield_Spread                    mean=  1.2778  std=  0.9179  min= -0.5200  max=  2.9100
Inflation_YoY                   mean=  2.5322  std=  1.1865  min= -2.1498  max=  6.7300

======================================================================
FEATURES AFTER GROUPNORMALIZER (first batch, last timestep)
======================================================================
VIX                             normalized_value=  1.0000
Treasury_10Y                    normalized_value= -0.0500
Yield_Spread                    normalized_value=  0.0817
Inflation_YoY                   normalized_value=  0.8774
======================================================================

Batches per epoch: 94
[DEBUG] Validation batches: 21
[DEBUG] Validation dataset size: 1282
[DEBUG] Batch size: 64

Initializing model...

================================================================================
BASELINE MODEL FEATURE CONFIGURATION (after from_dataset)
================================================================================
tft.hparams.time_varying_reals_encoder: ['relative_time_idx', 'VIX', 'Treasury_10Y', 'Yield_Spread', 'Inflation_YoY']
  Count: 5

tft.hparams.time_varying_reals_decoder: ['relative_time_idx']
  Count: 1

tft.hparams.x_reals (all reals passed to model): ['encoder_length', 'relative_time_idx', 'VIX', 'Treasury_10Y', 'Yield_Spread', 'Inflation_YoY']
  Count: 6

Encoder VSN configuration:
  num_inputs: 5
  input_sizes: {'relative_time_idx': 16, 'VIX': 16, 'Treasury_10Y': 16, 'Yield_Spread': 16, 'Inflation_YoY': 16}
  flattened_grn.fc1: in_features=80, out_features=5
  → Params in fc1: 400 (should be 5*16*5=400 if 5 features)
================================================================================


>>> Using standard QuantileLoss (no distribution penalties)
Model parameters: 10,354

Starting training...
Checkpoints will be saved to: experiments/02b_vintage_sweep/baseline_h10_drop0.25/checkpoints/
Logs will be saved to: experiments/02b_vintage_sweep/baseline_h10_drop0.25/logs/

Epoch 0: val_loss=N/A
Epoch 0: val_loss=0.7523532509803772
Epoch 0: train_loss=0.8779551982879639

[CollapseMonitor] Epoch 0
  [DEBUG] Processed 21 batches from val_dataloader
  [DEBUG] Predictions shape after concat: (1282,)
  [DEBUG] All predictions list length: 21
  [DEBUG] First batch shape: (64,)
  Pred std: 0.037038, range: 0.191380, mean: 0.728573
  Pos: 100.0%, Neg: 0.0%, Unique: 1273
  Saved validation predictions to: experiments/02b_vintage_sweep/baseline_h10_drop0.25/collapse_monitoring/val_predictions_epoch0.npy
  Gradient norms:
    lstm_encoder: 0.029158
    lstm_decoder: 0.026031
    multihead_attn: 0.011396
    output_layer: 0.712035
  VSN output std:
    encoder: 0.198596
  Attention entropy: 2.990801
  Saved to: experiments/02b_vintage_sweep/baseline_h10_drop0.25/collapse_monitoring/collapse_monitor_epoch0.json
Epoch 1: val_loss=0.6423631310462952
Epoch 1: train_loss=0.7713195085525513

[CollapseMonitor] Epoch 1
  [DEBUG] Processed 21 batches from val_dataloader
  [DEBUG] Predictions shape after concat: (1282,)
  [DEBUG] All predictions list length: 21
  [DEBUG] First batch shape: (64,)
  Pred std: 0.043924, range: 0.233038, mean: 0.444108
  Pos: 100.0%, Neg: 0.0%, Unique: 1275
  Saved validation predictions to: experiments/02b_vintage_sweep/baseline_h10_drop0.25/collapse_monitoring/val_predictions_epoch1.npy
  Gradient norms:
    lstm_encoder: 0.021494
    lstm_decoder: 0.020779
    multihead_attn: 0.008571
    output_layer: 0.608781
  VSN output std:
    encoder: 0.182276
  Attention entropy: 2.989908
  Saved to: experiments/02b_vintage_sweep/baseline_h10_drop0.25/collapse_monitoring/collapse_monitor_epoch1.json
Epoch 2: val_loss=0.5479981899261475
Epoch 2: train_loss=0.6608469486236572

[CollapseMonitor] Epoch 2
  [DEBUG] Processed 21 batches from val_dataloader
  [DEBUG] Predictions shape after concat: (1282,)
  [DEBUG] All predictions list length: 21
  [DEBUG] First batch shape: (64,)
  Pred std: 0.041228, range: 0.207160, mean: 0.189256
  Pos: 100.0%, Neg: 0.0%, Unique: 1264
  Saved validation predictions to: experiments/02b_vintage_sweep/baseline_h10_drop0.25/collapse_monitoring/val_predictions_epoch2.npy
  Gradient norms:
    lstm_encoder: 0.015000
    lstm_decoder: 0.015132
    multihead_attn: 0.006489
    output_layer: 0.476275
  VSN output std:
    encoder: 0.157047
  Attention entropy: 2.983449
  Saved to: experiments/02b_vintage_sweep/baseline_h10_drop0.25/collapse_monitoring/collapse_monitor_epoch2.json
Epoch 3: val_loss=0.49458810687065125
Epoch 3: train_loss=0.5726507902145386

[CollapseMonitor] Epoch 3
  [DEBUG] Processed 21 batches from val_dataloader
  [DEBUG] Predictions shape after concat: (1282,)
  [DEBUG] All predictions list length: 21
  [DEBUG] First batch shape: (64,)
  Pred std: 0.033935, range: 0.165629, mean: -0.004757
  Pos: 15.8%, Neg: 84.2%, Unique: 1260
  Saved validation predictions to: experiments/02b_vintage_sweep/baseline_h10_drop0.25/collapse_monitoring/val_predictions_epoch3.npy
  Gradient norms:
    lstm_encoder: 0.009004
    lstm_decoder: 0.009167
    multihead_attn: 0.004621
    output_layer: 0.330548
  VSN output std:
    encoder: 0.207217
  Attention entropy: 2.970751
  Saved to: experiments/02b_vintage_sweep/baseline_h10_drop0.25/collapse_monitoring/collapse_monitor_epoch3.json
Epoch 4: val_loss=0.46909940242767334
Epoch 4: train_loss=0.5143433213233948

[CollapseMonitor] Epoch 4
  [DEBUG] Processed 21 batches from val_dataloader
  [DEBUG] Predictions shape after concat: (1282,)
  [DEBUG] All predictions list length: 21
  [DEBUG] First batch shape: (64,)
  Pred std: 0.027161, range: 0.138476, mean: 0.003090
  Pos: 34.2%, Neg: 65.8%, Unique: 1253
  Saved validation predictions to: experiments/02b_vintage_sweep/baseline_h10_drop0.25/collapse_monitoring/val_predictions_epoch4.npy
  Gradient norms:
    lstm_encoder: 0.005268
    lstm_decoder: 0.004931
    multihead_attn: 0.003167
    output_layer: 0.214858
  VSN output std:
    encoder: 0.236854
  Attention entropy: 2.965416
  Saved to: experiments/02b_vintage_sweep/baseline_h10_drop0.25/collapse_monitoring/collapse_monitor_epoch4.json
Epoch 5: val_loss=0.45520323514938354
Epoch 5: train_loss=0.48481887578964233

[CollapseMonitor] Epoch 5
  [DEBUG] Processed 21 batches from val_dataloader
  [DEBUG] Predictions shape after concat: (1282,)
  [DEBUG] All predictions list length: 21
  [DEBUG] First batch shape: (64,)
  Pred std: 0.018053, range: 0.100208, mean: 0.040922
  Pos: 100.0%, Neg: 0.0%, Unique: 1256
  Saved validation predictions to: experiments/02b_vintage_sweep/baseline_h10_drop0.25/collapse_monitoring/val_predictions_epoch5.npy
  Gradient norms:
    lstm_encoder: 0.003994
    lstm_decoder: 0.003992
    multihead_attn: 0.002334
    output_layer: 0.142944
  VSN output std:
    encoder: 0.252132
  Attention entropy: 2.961435
  Saved to: experiments/02b_vintage_sweep/baseline_h10_drop0.25/collapse_monitoring/collapse_monitor_epoch5.json
Epoch 6: val_loss=0.44768282771110535
Epoch 6: train_loss=0.46724244952201843

[CollapseMonitor] Epoch 6
  [DEBUG] Processed 21 batches from val_dataloader
  [DEBUG] Predictions shape after concat: (1282,)
  [DEBUG] All predictions list length: 21
  [DEBUG] First batch shape: (64,)
  Pred std: 0.016526, range: 0.091343, mean: 0.043106
  Pos: 100.0%, Neg: 0.0%, Unique: 1267
  Saved validation predictions to: experiments/02b_vintage_sweep/baseline_h10_drop0.25/collapse_monitoring/val_predictions_epoch6.npy
  Gradient norms:
    lstm_encoder: 0.003539
    lstm_decoder: 0.003197
    multihead_attn: 0.002027
    output_layer: 0.106097
  VSN output std:
    encoder: 0.265834
  Attention entropy: 2.958597
  Saved to: experiments/02b_vintage_sweep/baseline_h10_drop0.25/collapse_monitoring/collapse_monitor_epoch6.json
Epoch 7: val_loss=0.4444383382797241
Epoch 7: train_loss=0.46110498905181885

[CollapseMonitor] Epoch 7
  [DEBUG] Processed 21 batches from val_dataloader
  [DEBUG] Predictions shape after concat: (1282,)
  [DEBUG] All predictions list length: 21
  [DEBUG] First batch shape: (64,)
  Pred std: 0.017335, range: 0.084273, mean: 0.045310
  Pos: 100.0%, Neg: 0.0%, Unique: 1266
  Saved validation predictions to: experiments/02b_vintage_sweep/baseline_h10_drop0.25/collapse_monitoring/val_predictions_epoch7.npy
  Gradient norms:
    lstm_encoder: 0.003535
    lstm_decoder: 0.002875
    multihead_attn: 0.001967
    output_layer: 0.094242
  VSN output std:
    encoder: 0.274152
  Attention entropy: 2.954929
  Saved to: experiments/02b_vintage_sweep/baseline_h10_drop0.25/collapse_monitoring/collapse_monitor_epoch7.json
Epoch 8: val_loss=0.4409582018852234
Epoch 8: train_loss=0.4547848701477051

[CollapseMonitor] Epoch 8
  [DEBUG] Processed 21 batches from val_dataloader
  [DEBUG] Predictions shape after concat: (1282,)
  [DEBUG] All predictions list length: 21
  [DEBUG] First batch shape: (64,)
  Pred std: 0.019675, range: 0.083676, mean: 0.054959
  Pos: 99.9%, Neg: 0.1%, Unique: 1264
  Saved validation predictions to: experiments/02b_vintage_sweep/baseline_h10_drop0.25/collapse_monitoring/val_predictions_epoch8.npy
  Gradient norms:
    lstm_encoder: 0.004221
    lstm_decoder: 0.003126
    multihead_attn: 0.002164
    output_layer: 0.091993
  VSN output std:
    encoder: 0.280346
  Attention entropy: 2.952221
  Saved to: experiments/02b_vintage_sweep/baseline_h10_drop0.25/collapse_monitoring/collapse_monitor_epoch8.json
Epoch 9: val_loss=0.4370177984237671
Epoch 9: train_loss=0.45162034034729004

[CollapseMonitor] Epoch 9
  [DEBUG] Processed 21 batches from val_dataloader
  [DEBUG] Predictions shape after concat: (1282,)
  [DEBUG] All predictions list length: 21
  [DEBUG] First batch shape: (64,)
  Pred std: 0.019960, range: 0.092646, mean: 0.060046
  Pos: 100.0%, Neg: 0.0%, Unique: 1267
  Saved validation predictions to: experiments/02b_vintage_sweep/baseline_h10_drop0.25/collapse_monitoring/val_predictions_epoch9.npy
  Gradient norms:
    lstm_encoder: 0.004614
    lstm_decoder: 0.003138
    multihead_attn: 0.002265
    output_layer: 0.086804
  VSN output std:
    encoder: 0.285563
  Attention entropy: 2.953583
  Saved to: experiments/02b_vintage_sweep/baseline_h10_drop0.25/collapse_monitoring/collapse_monitor_epoch9.json
Epoch 10: val_loss=0.43433302640914917
Epoch 10: train_loss=0.448656290769577

[CollapseMonitor] Epoch 10
  [DEBUG] Processed 21 batches from val_dataloader
  [DEBUG] Predictions shape after concat: (1282,)
  [DEBUG] All predictions list length: 21
  [DEBUG] First batch shape: (64,)
  Pred std: 0.020900, range: 0.103265, mean: 0.075052
  Pos: 100.0%, Neg: 0.0%, Unique: 1262
  Saved validation predictions to: experiments/02b_vintage_sweep/baseline_h10_drop0.25/collapse_monitoring/val_predictions_epoch10.npy
  Gradient norms:
    lstm_encoder: 0.005180
    lstm_decoder: 0.003201
    multihead_attn: 0.002264
    output_layer: 0.089259
  VSN output std:
    encoder: 0.289043
  Attention entropy: 2.953829
  Saved to: experiments/02b_vintage_sweep/baseline_h10_drop0.25/collapse_monitoring/collapse_monitor_epoch10.json
Epoch 11: val_loss=0.43305134773254395
Epoch 11: train_loss=0.44552671909332275

[CollapseMonitor] Epoch 11
  [DEBUG] Processed 21 batches from val_dataloader
  [DEBUG] Predictions shape after concat: (1282,)
  [DEBUG] All predictions list length: 21
  [DEBUG] First batch shape: (64,)
  Pred std: 0.019767, range: 0.099981, mean: 0.069437
  Pos: 100.0%, Neg: 0.0%, Unique: 1269
  Saved validation predictions to: experiments/02b_vintage_sweep/baseline_h10_drop0.25/collapse_monitoring/val_predictions_epoch11.npy
  Gradient norms:
    lstm_encoder: 0.005857
    lstm_decoder: 0.003287
    multihead_attn: 0.002375
    output_layer: 0.083831
  VSN output std:
    encoder: 0.290931
  Attention entropy: 2.956610
  Saved to: experiments/02b_vintage_sweep/baseline_h10_drop0.25/collapse_monitoring/collapse_monitor_epoch11.json
Epoch 12: val_loss=0.43127378821372986
Epoch 12: train_loss=0.44562262296676636

[CollapseMonitor] Epoch 12
  [DEBUG] Processed 21 batches from val_dataloader
  [DEBUG] Predictions shape after concat: (1282,)
  [DEBUG] All predictions list length: 21
  [DEBUG] First batch shape: (64,)
  Pred std: 0.018599, range: 0.101659, mean: 0.061939
  Pos: 99.8%, Neg: 0.2%, Unique: 1263
  Saved validation predictions to: experiments/02b_vintage_sweep/baseline_h10_drop0.25/collapse_monitoring/val_predictions_epoch12.npy
  Gradient norms:
    lstm_encoder: 0.006347
    lstm_decoder: 0.003463
    multihead_attn: 0.002205
    output_layer: 0.081729
  VSN output std:
    encoder: 0.293041
  Attention entropy: 2.959825
  Saved to: experiments/02b_vintage_sweep/baseline_h10_drop0.25/collapse_monitoring/collapse_monitor_epoch12.json
Epoch 13: val_loss=0.4300341308116913
Epoch 13: train_loss=0.443492591381073

[CollapseMonitor] Epoch 13
  [DEBUG] Processed 21 batches from val_dataloader
  [DEBUG] Predictions shape after concat: (1282,)
  [DEBUG] All predictions list length: 21
  [DEBUG] First batch shape: (64,)
  Pred std: 0.018682, range: 0.106492, mean: 0.047655
  Pos: 96.6%, Neg: 3.4%, Unique: 1261
  Saved validation predictions to: experiments/02b_vintage_sweep/baseline_h10_drop0.25/collapse_monitoring/val_predictions_epoch13.npy
  Gradient norms:
    lstm_encoder: 0.006999
    lstm_decoder: 0.003521
    multihead_attn: 0.002219
    output_layer: 0.077174
  VSN output std:
    encoder: 0.293880
  Attention entropy: 2.961134
  Saved to: experiments/02b_vintage_sweep/baseline_h10_drop0.25/collapse_monitoring/collapse_monitor_epoch13.json
Epoch 14: val_loss=0.4285805821418762
Epoch 14: train_loss=0.4401441812515259

[CollapseMonitor] Epoch 14
  [DEBUG] Processed 21 batches from val_dataloader
  [DEBUG] Predictions shape after concat: (1282,)
  [DEBUG] All predictions list length: 21
  [DEBUG] First batch shape: (64,)
  Pred std: 0.017092, range: 0.102624, mean: 0.063880
  Pos: 100.0%, Neg: 0.0%, Unique: 1264
  Saved validation predictions to: experiments/02b_vintage_sweep/baseline_h10_drop0.25/collapse_monitoring/val_predictions_epoch14.npy
  Gradient norms:
    lstm_encoder: 0.007368
    lstm_decoder: 0.003658
    multihead_attn: 0.002106
    output_layer: 0.078245
  VSN output std:
    encoder: 0.295351
  Attention entropy: 2.963181
  Saved to: experiments/02b_vintage_sweep/baseline_h10_drop0.25/collapse_monitoring/collapse_monitor_epoch14.json
Epoch 15: val_loss=0.42748042941093445
Epoch 15: train_loss=0.44094738364219666

[CollapseMonitor] Epoch 15
  [DEBUG] Processed 21 batches from val_dataloader
  [DEBUG] Predictions shape after concat: (1282,)
  [DEBUG] All predictions list length: 21
  [DEBUG] First batch shape: (64,)
  Pred std: 0.017643, range: 0.103263, mean: 0.067002
  Pos: 100.0%, Neg: 0.0%, Unique: 1267
  Saved validation predictions to: experiments/02b_vintage_sweep/baseline_h10_drop0.25/collapse_monitoring/val_predictions_epoch15.npy
  Gradient norms:
    lstm_encoder: 0.007773
    lstm_decoder: 0.003754
    multihead_attn: 0.001949
    output_layer: 0.083197
  VSN output std:
    encoder: 0.294443
  Attention entropy: 2.967981
  Saved to: experiments/02b_vintage_sweep/baseline_h10_drop0.25/collapse_monitoring/collapse_monitor_epoch15.json
Epoch 16: val_loss=0.42662960290908813
Epoch 16: train_loss=0.43851804733276367

[CollapseMonitor] Epoch 16
  [DEBUG] Processed 21 batches from val_dataloader
  [DEBUG] Predictions shape after concat: (1282,)
  [DEBUG] All predictions list length: 21
  [DEBUG] First batch shape: (64,)
  Pred std: 0.017787, range: 0.101642, mean: 0.042474
  Pos: 95.9%, Neg: 4.1%, Unique: 1267
  Saved validation predictions to: experiments/02b_vintage_sweep/baseline_h10_drop0.25/collapse_monitoring/val_predictions_epoch16.npy
  Gradient norms:
    lstm_encoder: 0.007706
    lstm_decoder: 0.003757
    multihead_attn: 0.001886
    output_layer: 0.078986
  VSN output std:
    encoder: 0.293738
  Attention entropy: 2.972219
  Saved to: experiments/02b_vintage_sweep/baseline_h10_drop0.25/collapse_monitoring/collapse_monitor_epoch16.json
Epoch 17: val_loss=0.42532533407211304
Epoch 17: train_loss=0.43783655762672424

[CollapseMonitor] Epoch 17
  [DEBUG] Processed 21 batches from val_dataloader
  [DEBUG] Predictions shape after concat: (1282,)
  [DEBUG] All predictions list length: 21
  [DEBUG] First batch shape: (64,)
  Pred std: 0.018179, range: 0.107876, mean: 0.063983
  Pos: 99.8%, Neg: 0.2%, Unique: 1261
  Saved validation predictions to: experiments/02b_vintage_sweep/baseline_h10_drop0.25/collapse_monitoring/val_predictions_epoch17.npy
  Gradient norms:
    lstm_encoder: 0.008042
    lstm_decoder: 0.004071
    multihead_attn: 0.001793
    output_layer: 0.087657
  VSN output std:
    encoder: 0.294462
  Attention entropy: 2.972681
  Saved to: experiments/02b_vintage_sweep/baseline_h10_drop0.25/collapse_monitoring/collapse_monitor_epoch17.json
Epoch 18: val_loss=0.4246360957622528
Epoch 18: train_loss=0.4374803602695465

[CollapseMonitor] Epoch 18
  [DEBUG] Processed 21 batches from val_dataloader
  [DEBUG] Predictions shape after concat: (1282,)
  [DEBUG] All predictions list length: 21
  [DEBUG] First batch shape: (64,)
  Pred std: 0.017040, range: 0.108495, mean: 0.054484
  Pos: 99.8%, Neg: 0.2%, Unique: 1257
  Saved validation predictions to: experiments/02b_vintage_sweep/baseline_h10_drop0.25/collapse_monitoring/val_predictions_epoch18.npy
  Gradient norms:
    lstm_encoder: 0.008915
    lstm_decoder: 0.004126
    multihead_attn: 0.001945
    output_layer: 0.083269
  VSN output std:
    encoder: 0.294001
  Attention entropy: 2.975883
  Saved to: experiments/02b_vintage_sweep/baseline_h10_drop0.25/collapse_monitoring/collapse_monitor_epoch18.json
Epoch 19: val_loss=0.42492517828941345
Epoch 19: train_loss=0.4371310770511627

[CollapseMonitor] Epoch 19
  [DEBUG] Processed 21 batches from val_dataloader
  [DEBUG] Predictions shape after concat: (1282,)
  [DEBUG] All predictions list length: 21
  [DEBUG] First batch shape: (64,)
  Pred std: 0.017157, range: 0.105154, mean: 0.050556
  Pos: 99.4%, Neg: 0.6%, Unique: 1265
  Saved validation predictions to: experiments/02b_vintage_sweep/baseline_h10_drop0.25/collapse_monitoring/val_predictions_epoch19.npy
  Gradient norms:
    lstm_encoder: 0.008866
    lstm_decoder: 0.004468
    multihead_attn: 0.001890
    output_layer: 0.085182
  VSN output std:
    encoder: 0.292769
  Attention entropy: 2.977031
  Saved to: experiments/02b_vintage_sweep/baseline_h10_drop0.25/collapse_monitoring/collapse_monitor_epoch19.json
Epoch 20: val_loss=0.4229413568973541
Epoch 20: train_loss=0.4359074831008911

[CollapseMonitor] Epoch 20
  [DEBUG] Processed 21 batches from val_dataloader
  [DEBUG] Predictions shape after concat: (1282,)
  [DEBUG] All predictions list length: 21
  [DEBUG] First batch shape: (64,)
  Pred std: 0.017306, range: 0.112979, mean: 0.055285
  Pos: 99.8%, Neg: 0.2%, Unique: 1272
  Saved validation predictions to: experiments/02b_vintage_sweep/baseline_h10_drop0.25/collapse_monitoring/val_predictions_epoch20.npy
  Gradient norms:
    lstm_encoder: 0.009336
    lstm_decoder: 0.004603
    multihead_attn: 0.001850
    output_layer: 0.081797
  VSN output std:
    encoder: 0.292438
  Attention entropy: 2.979983
  Saved to: experiments/02b_vintage_sweep/baseline_h10_drop0.25/collapse_monitoring/collapse_monitor_epoch20.json
Epoch 21: val_loss=0.4225612282752991
Epoch 21: train_loss=0.43532809615135193

[CollapseMonitor] Epoch 21
  [DEBUG] Processed 21 batches from val_dataloader
  [DEBUG] Predictions shape after concat: (1282,)
  [DEBUG] All predictions list length: 21
  [DEBUG] First batch shape: (64,)
  Pred std: 0.018493, range: 0.125386, mean: 0.058235
  Pos: 100.0%, Neg: 0.0%, Unique: 1263
  Saved validation predictions to: experiments/02b_vintage_sweep/baseline_h10_drop0.25/collapse_monitoring/val_predictions_epoch21.npy
  Gradient norms:
    lstm_encoder: 0.009724
    lstm_decoder: 0.004580
    multihead_attn: 0.001834
    output_layer: 0.081697
  VSN output std:
    encoder: 0.292712
  Attention entropy: 2.981619
  Saved to: experiments/02b_vintage_sweep/baseline_h10_drop0.25/collapse_monitoring/collapse_monitor_epoch21.json
Epoch 22: val_loss=0.4207766056060791
Epoch 22: train_loss=0.4345826804637909

[CollapseMonitor] Epoch 22
  [DEBUG] Processed 21 batches from val_dataloader
  [DEBUG] Predictions shape after concat: (1282,)
  [DEBUG] All predictions list length: 21
  [DEBUG] First batch shape: (64,)
  Pred std: 0.021286, range: 0.144045, mean: 0.055340
  Pos: 100.0%, Neg: 0.0%, Unique: 1256
  Saved validation predictions to: experiments/02b_vintage_sweep/baseline_h10_drop0.25/collapse_monitoring/val_predictions_epoch22.npy
  Gradient norms:
    lstm_encoder: 0.010125
    lstm_decoder: 0.004966
    multihead_attn: 0.001817
    output_layer: 0.085190
  VSN output std:
    encoder: 0.291280
  Attention entropy: 2.982631
  Saved to: experiments/02b_vintage_sweep/baseline_h10_drop0.25/collapse_monitoring/collapse_monitor_epoch22.json
Epoch 23: val_loss=0.42063429951667786
Epoch 23: train_loss=0.43338102102279663

[CollapseMonitor] Epoch 23
  [DEBUG] Processed 21 batches from val_dataloader
  [DEBUG] Predictions shape after concat: (1282,)
  [DEBUG] All predictions list length: 21
  [DEBUG] First batch shape: (64,)
  Pred std: 0.020123, range: 0.135182, mean: 0.074944
  Pos: 100.0%, Neg: 0.0%, Unique: 1255
  Saved validation predictions to: experiments/02b_vintage_sweep/baseline_h10_drop0.25/collapse_monitoring/val_predictions_epoch23.npy
  Gradient norms:
    lstm_encoder: 0.010219
    lstm_decoder: 0.005234
    multihead_attn: 0.001835
    output_layer: 0.082030
  VSN output std:
    encoder: 0.289198
  Attention entropy: 2.983475
  Saved to: experiments/02b_vintage_sweep/baseline_h10_drop0.25/collapse_monitoring/collapse_monitor_epoch23.json
Epoch 24: val_loss=0.41980984807014465
Epoch 24: train_loss=0.43257665634155273

[CollapseMonitor] Epoch 24
  [DEBUG] Processed 21 batches from val_dataloader
  [DEBUG] Predictions shape after concat: (1282,)
  [DEBUG] All predictions list length: 21
  [DEBUG] First batch shape: (64,)
  Pred std: 0.021593, range: 0.145444, mean: 0.043210
  Pos: 99.9%, Neg: 0.1%, Unique: 1255
  Saved validation predictions to: experiments/02b_vintage_sweep/baseline_h10_drop0.25/collapse_monitoring/val_predictions_epoch24.npy
  Gradient norms:
    lstm_encoder: 0.009923
    lstm_decoder: 0.005278
    multihead_attn: 0.001831
    output_layer: 0.084387
  VSN output std:
    encoder: 0.287487
  Attention entropy: 2.984096
  Saved to: experiments/02b_vintage_sweep/baseline_h10_drop0.25/collapse_monitoring/collapse_monitor_epoch24.json
Epoch 25: val_loss=0.41839537024497986
Epoch 25: train_loss=0.432463675737381

[CollapseMonitor] Epoch 25
  [DEBUG] Processed 21 batches from val_dataloader
  [DEBUG] Predictions shape after concat: (1282,)
  [DEBUG] All predictions list length: 21
  [DEBUG] First batch shape: (64,)
  Pred std: 0.021935, range: 0.141723, mean: 0.045499
  Pos: 100.0%, Neg: 0.0%, Unique: 1264
  Saved validation predictions to: experiments/02b_vintage_sweep/baseline_h10_drop0.25/collapse_monitoring/val_predictions_epoch25.npy
  Gradient norms:
    lstm_encoder: 0.010379
    lstm_decoder: 0.005547
    multihead_attn: 0.001861
    output_layer: 0.081615
  VSN output std:
    encoder: 0.285909
  Attention entropy: 2.986798
  Saved to: experiments/02b_vintage_sweep/baseline_h10_drop0.25/collapse_monitoring/collapse_monitor_epoch25.json
Epoch 26: val_loss=0.41742923855781555
Epoch 26: train_loss=0.43107086420059204

[CollapseMonitor] Epoch 26
  [DEBUG] Processed 21 batches from val_dataloader
  [DEBUG] Predictions shape after concat: (1282,)
  [DEBUG] All predictions list length: 21
  [DEBUG] First batch shape: (64,)
  Pred std: 0.022986, range: 0.142084, mean: 0.040540
  Pos: 100.0%, Neg: 0.0%, Unique: 1250
  Saved validation predictions to: experiments/02b_vintage_sweep/baseline_h10_drop0.25/collapse_monitoring/val_predictions_epoch26.npy
  Gradient norms:
    lstm_encoder: 0.011256
    lstm_decoder: 0.006118
    multihead_attn: 0.001912
    output_layer: 0.083407
  VSN output std:
    encoder: 0.286671
  Attention entropy: 2.988333
  Saved to: experiments/02b_vintage_sweep/baseline_h10_drop0.25/collapse_monitoring/collapse_monitor_epoch26.json
Epoch 27: val_loss=0.41702041029930115
Epoch 27: train_loss=0.4309881627559662

[CollapseMonitor] Epoch 27
  [DEBUG] Processed 21 batches from val_dataloader
  [DEBUG] Predictions shape after concat: (1282,)
  [DEBUG] All predictions list length: 21
  [DEBUG] First batch shape: (64,)
  Pred std: 0.024438, range: 0.153357, mean: 0.053725
  Pos: 100.0%, Neg: 0.0%, Unique: 1256
  Saved validation predictions to: experiments/02b_vintage_sweep/baseline_h10_drop0.25/collapse_monitoring/val_predictions_epoch27.npy
  Gradient norms:
    lstm_encoder: 0.010413
    lstm_decoder: 0.005732
    multihead_attn: 0.001915
    output_layer: 0.077722
  VSN output std:
    encoder: 0.284680
  Attention entropy: 2.989613
  Saved to: experiments/02b_vintage_sweep/baseline_h10_drop0.25/collapse_monitoring/collapse_monitor_epoch27.json
Epoch 28: val_loss=0.41605091094970703
Epoch 28: train_loss=0.4301896095275879

[CollapseMonitor] Epoch 28
  [DEBUG] Processed 21 batches from val_dataloader
  [DEBUG] Predictions shape after concat: (1282,)
  [DEBUG] All predictions list length: 21
  [DEBUG] First batch shape: (64,)
  Pred std: 0.027462, range: 0.165202, mean: 0.048780
  Pos: 100.0%, Neg: 0.0%, Unique: 1254
  Saved validation predictions to: experiments/02b_vintage_sweep/baseline_h10_drop0.25/collapse_monitoring/val_predictions_epoch28.npy
  Gradient norms:
    lstm_encoder: 0.010939
    lstm_decoder: 0.006066
    multihead_attn: 0.001832
    output_layer: 0.081129
  VSN output std:
    encoder: 0.283215
  Attention entropy: 2.990283
  Saved to: experiments/02b_vintage_sweep/baseline_h10_drop0.25/collapse_monitoring/collapse_monitor_epoch28.json
Epoch 29: val_loss=0.41507863998413086
Epoch 29: train_loss=0.4289742410182953

[CollapseMonitor] Epoch 29
  [DEBUG] Processed 21 batches from val_dataloader
  [DEBUG] Predictions shape after concat: (1282,)
  [DEBUG] All predictions list length: 21
  [DEBUG] First batch shape: (64,)
  Pred std: 0.025331, range: 0.159353, mean: 0.062883
  Pos: 100.0%, Neg: 0.0%, Unique: 1251
  Saved validation predictions to: experiments/02b_vintage_sweep/baseline_h10_drop0.25/collapse_monitoring/val_predictions_epoch29.npy
  Gradient norms:
    lstm_encoder: 0.011845
    lstm_decoder: 0.006350
    multihead_attn: 0.001751
    output_layer: 0.077597
  VSN output std:
    encoder: 0.282349
  Attention entropy: 2.990553
  Saved to: experiments/02b_vintage_sweep/baseline_h10_drop0.25/collapse_monitoring/collapse_monitor_epoch29.json
Epoch 30: val_loss=0.4148172438144684
Epoch 30: train_loss=0.4277660548686981

[CollapseMonitor] Epoch 30
  [DEBUG] Processed 21 batches from val_dataloader
  [DEBUG] Predictions shape after concat: (1282,)
  [DEBUG] All predictions list length: 21
  [DEBUG] First batch shape: (64,)
  Pred std: 0.026029, range: 0.163374, mean: 0.061345
  Pos: 100.0%, Neg: 0.0%, Unique: 1253
  Saved validation predictions to: experiments/02b_vintage_sweep/baseline_h10_drop0.25/collapse_monitoring/val_predictions_epoch30.npy
  Gradient norms:
    lstm_encoder: 0.012012
    lstm_decoder: 0.006657
    multihead_attn: 0.001674
    output_layer: 0.080345
  VSN output std:
    encoder: 0.279837
  Attention entropy: 2.990644
  Saved to: experiments/02b_vintage_sweep/baseline_h10_drop0.25/collapse_monitoring/collapse_monitor_epoch30.json
Epoch 31: val_loss=0.4136914908885956
Epoch 31: train_loss=0.4277101755142212

[CollapseMonitor] Epoch 31
  [DEBUG] Processed 21 batches from val_dataloader
  [DEBUG] Predictions shape after concat: (1282,)
  [DEBUG] All predictions list length: 21
  [DEBUG] First batch shape: (64,)
  Pred std: 0.024276, range: 0.155233, mean: 0.057497
  Pos: 100.0%, Neg: 0.0%, Unique: 1260
  Saved validation predictions to: experiments/02b_vintage_sweep/baseline_h10_drop0.25/collapse_monitoring/val_predictions_epoch31.npy
  Gradient norms:
    lstm_encoder: 0.012844
    lstm_decoder: 0.007274
    multihead_attn: 0.001635
    output_layer: 0.086518
  VSN output std:
    encoder: 0.278130
  Attention entropy: 2.990995
  Saved to: experiments/02b_vintage_sweep/baseline_h10_drop0.25/collapse_monitoring/collapse_monitor_epoch31.json
Epoch 32: val_loss=0.41310593485832214
Epoch 32: train_loss=0.42842134833335876

[CollapseMonitor] Epoch 32
  [DEBUG] Processed 21 batches from val_dataloader
  [DEBUG] Predictions shape after concat: (1282,)
  [DEBUG] All predictions list length: 21
  [DEBUG] First batch shape: (64,)
  Pred std: 0.025235, range: 0.157061, mean: 0.066400
  Pos: 100.0%, Neg: 0.0%, Unique: 1258
  Saved validation predictions to: experiments/02b_vintage_sweep/baseline_h10_drop0.25/collapse_monitoring/val_predictions_epoch32.npy
  Gradient norms:
    lstm_encoder: 0.012934
    lstm_decoder: 0.007742
    multihead_attn: 0.001781
    output_layer: 0.081902
  VSN output std:
    encoder: 0.273698
  Attention entropy: 2.991199
  Saved to: experiments/02b_vintage_sweep/baseline_h10_drop0.25/collapse_monitoring/collapse_monitor_epoch32.json
Epoch 33: val_loss=0.41268935799598694
Epoch 33: train_loss=0.4286203980445862

[CollapseMonitor] Epoch 33
  [DEBUG] Processed 21 batches from val_dataloader
  [DEBUG] Predictions shape after concat: (1282,)
  [DEBUG] All predictions list length: 21
  [DEBUG] First batch shape: (64,)
  Pred std: 0.026377, range: 0.171208, mean: 0.055902
  Pos: 100.0%, Neg: 0.0%, Unique: 1265
  Saved validation predictions to: experiments/02b_vintage_sweep/baseline_h10_drop0.25/collapse_monitoring/val_predictions_epoch33.npy
  Gradient norms:
    lstm_encoder: 0.013114
    lstm_decoder: 0.007570
    multihead_attn: 0.001544
    output_layer: 0.080254
  VSN output std:
    encoder: 0.273675
  Attention entropy: 2.990959
  Saved to: experiments/02b_vintage_sweep/baseline_h10_drop0.25/collapse_monitoring/collapse_monitor_epoch33.json
Epoch 34: val_loss=0.4119197130203247
Epoch 34: train_loss=0.4266141653060913

[CollapseMonitor] Epoch 34
  [DEBUG] Processed 21 batches from val_dataloader
  [DEBUG] Predictions shape after concat: (1282,)
  [DEBUG] All predictions list length: 21
  [DEBUG] First batch shape: (64,)
  Pred std: 0.029029, range: 0.176669, mean: 0.060744
  Pos: 100.0%, Neg: 0.0%, Unique: 1253
  Saved validation predictions to: experiments/02b_vintage_sweep/baseline_h10_drop0.25/collapse_monitoring/val_predictions_epoch34.npy
  Gradient norms:
    lstm_encoder: 0.013143
    lstm_decoder: 0.007862
    multihead_attn: 0.001540
    output_layer: 0.081276
  VSN output std:
    encoder: 0.272231
  Attention entropy: 2.991186
  Saved to: experiments/02b_vintage_sweep/baseline_h10_drop0.25/collapse_monitoring/collapse_monitor_epoch34.json
Epoch 35: val_loss=0.4121587872505188
Epoch 35: train_loss=0.4256740212440491

[CollapseMonitor] Epoch 35
  [DEBUG] Processed 21 batches from val_dataloader
  [DEBUG] Predictions shape after concat: (1282,)
  [DEBUG] All predictions list length: 21
  [DEBUG] First batch shape: (64,)
  Pred std: 0.027614, range: 0.173581, mean: 0.067537
  Pos: 100.0%, Neg: 0.0%, Unique: 1259
  Saved validation predictions to: experiments/02b_vintage_sweep/baseline_h10_drop0.25/collapse_monitoring/val_predictions_epoch35.npy
  Gradient norms:
    lstm_encoder: 0.012872
    lstm_decoder: 0.008049
    multihead_attn: 0.001399
    output_layer: 0.080335
  VSN output std:
    encoder: 0.267869
  Attention entropy: 2.991009
  Saved to: experiments/02b_vintage_sweep/baseline_h10_drop0.25/collapse_monitoring/collapse_monitor_epoch35.json
Epoch 36: val_loss=0.4110887348651886
Epoch 36: train_loss=0.4256386458873749

[CollapseMonitor] Epoch 36
  [DEBUG] Processed 21 batches from val_dataloader
  [DEBUG] Predictions shape after concat: (1282,)
  [DEBUG] All predictions list length: 21
  [DEBUG] First batch shape: (64,)
  Pred std: 0.028640, range: 0.177758, mean: 0.047788
  Pos: 100.0%, Neg: 0.0%, Unique: 1252
  Saved validation predictions to: experiments/02b_vintage_sweep/baseline_h10_drop0.25/collapse_monitoring/val_predictions_epoch36.npy
  Gradient norms:
    lstm_encoder: 0.013956
    lstm_decoder: 0.008640
    multihead_attn: 0.001580
    output_layer: 0.084301
  VSN output std:
    encoder: 0.265746
  Attention entropy: 2.991374
  Saved to: experiments/02b_vintage_sweep/baseline_h10_drop0.25/collapse_monitoring/collapse_monitor_epoch36.json
Epoch 37: val_loss=0.4105567932128906
Epoch 37: train_loss=0.42548438906669617

[CollapseMonitor] Epoch 37
  [DEBUG] Processed 21 batches from val_dataloader
  [DEBUG] Predictions shape after concat: (1282,)
  [DEBUG] All predictions list length: 21
  [DEBUG] First batch shape: (64,)
  Pred std: 0.025282, range: 0.162721, mean: 0.072161
  Pos: 100.0%, Neg: 0.0%, Unique: 1258
  Saved validation predictions to: experiments/02b_vintage_sweep/baseline_h10_drop0.25/collapse_monitoring/val_predictions_epoch37.npy
  Gradient norms:
    lstm_encoder: 0.013526
    lstm_decoder: 0.008687
    multihead_attn: 0.001527
    output_layer: 0.088375
  VSN output std:
    encoder: 0.262683
  Attention entropy: 2.991572
  Saved to: experiments/02b_vintage_sweep/baseline_h10_drop0.25/collapse_monitoring/collapse_monitor_epoch37.json
Epoch 38: val_loss=0.4097467064857483
Epoch 38: train_loss=0.42601317167282104

[CollapseMonitor] Epoch 38
  [DEBUG] Processed 21 batches from val_dataloader
  [DEBUG] Predictions shape after concat: (1282,)
  [DEBUG] All predictions list length: 21
  [DEBUG] First batch shape: (64,)
  Pred std: 0.027011, range: 0.173751, mean: 0.061307
  Pos: 100.0%, Neg: 0.0%, Unique: 1250
  Saved validation predictions to: experiments/02b_vintage_sweep/baseline_h10_drop0.25/collapse_monitoring/val_predictions_epoch38.npy
  Gradient norms:
    lstm_encoder: 0.014226
    lstm_decoder: 0.008972
    multihead_attn: 0.001423
    output_layer: 0.081474
  VSN output std:
    encoder: 0.261481
  Attention entropy: 2.991727
  Saved to: experiments/02b_vintage_sweep/baseline_h10_drop0.25/collapse_monitoring/collapse_monitor_epoch38.json
Epoch 39: val_loss=0.4090409576892853
Epoch 39: train_loss=0.42560237646102905

[CollapseMonitor] Epoch 39
  [DEBUG] Processed 21 batches from val_dataloader
  [DEBUG] Predictions shape after concat: (1282,)
  [DEBUG] All predictions list length: 21
  [DEBUG] First batch shape: (64,)
  Pred std: 0.026907, range: 0.180830, mean: 0.040803
  Pos: 100.0%, Neg: 0.0%, Unique: 1254
  Saved validation predictions to: experiments/02b_vintage_sweep/baseline_h10_drop0.25/collapse_monitoring/val_predictions_epoch39.npy
  Gradient norms:
    lstm_encoder: 0.014828
    lstm_decoder: 0.009532
    multihead_attn: 0.001451
    output_layer: 0.080229
  VSN output std:
    encoder: 0.263602
  Attention entropy: 2.991843
  Saved to: experiments/02b_vintage_sweep/baseline_h10_drop0.25/collapse_monitoring/collapse_monitor_epoch39.json
Epoch 40: val_loss=0.4088338613510132
Epoch 40: train_loss=0.42566460371017456

[CollapseMonitor] Epoch 40
  [DEBUG] Processed 21 batches from val_dataloader
  [DEBUG] Predictions shape after concat: (1282,)
  [DEBUG] All predictions list length: 21
  [DEBUG] First batch shape: (64,)
  Pred std: 0.023945, range: 0.171455, mean: 0.067111
  Pos: 100.0%, Neg: 0.0%, Unique: 1251
  Saved validation predictions to: experiments/02b_vintage_sweep/baseline_h10_drop0.25/collapse_monitoring/val_predictions_epoch40.npy
  Gradient norms:
    lstm_encoder: 0.014712
    lstm_decoder: 0.009999
    multihead_attn: 0.001451
    output_layer: 0.081461
  VSN output std:
    encoder: 0.261838
  Attention entropy: 2.991470
  Saved to: experiments/02b_vintage_sweep/baseline_h10_drop0.25/collapse_monitoring/collapse_monitor_epoch40.json
Epoch 41: val_loss=0.40912821888923645
Epoch 41: train_loss=0.4246476888656616

[CollapseMonitor] Epoch 41
  [DEBUG] Processed 21 batches from val_dataloader
  [DEBUG] Predictions shape after concat: (1282,)
  [DEBUG] All predictions list length: 21
  [DEBUG] First batch shape: (64,)
  Pred std: 0.024922, range: 0.179630, mean: 0.038963
  Pos: 100.0%, Neg: 0.0%, Unique: 1251
  Saved validation predictions to: experiments/02b_vintage_sweep/baseline_h10_drop0.25/collapse_monitoring/val_predictions_epoch41.npy
  Gradient norms:
    lstm_encoder: 0.015457
    lstm_decoder: 0.010267
    multihead_attn: 0.001427
    output_layer: 0.083805
  VSN output std:
    encoder: 0.262760
  Attention entropy: 2.991437
  Saved to: experiments/02b_vintage_sweep/baseline_h10_drop0.25/collapse_monitoring/collapse_monitor_epoch41.json
Epoch 42: val_loss=0.40803012251853943
Epoch 42: train_loss=0.4245472848415375

[CollapseMonitor] Epoch 42
  [DEBUG] Processed 21 batches from val_dataloader
  [DEBUG] Predictions shape after concat: (1282,)
  [DEBUG] All predictions list length: 21
  [DEBUG] First batch shape: (64,)
  Pred std: 0.024945, range: 0.175325, mean: 0.059320
  Pos: 100.0%, Neg: 0.0%, Unique: 1256
  Saved validation predictions to: experiments/02b_vintage_sweep/baseline_h10_drop0.25/collapse_monitoring/val_predictions_epoch42.npy
  Gradient norms:
    lstm_encoder: 0.015530
    lstm_decoder: 0.010206
    multihead_attn: 0.001331
    output_layer: 0.078505
  VSN output std:
    encoder: 0.261157
  Attention entropy: 2.991012
  Saved to: experiments/02b_vintage_sweep/baseline_h10_drop0.25/collapse_monitoring/collapse_monitor_epoch42.json
Epoch 43: val_loss=0.4078649580478668
Epoch 43: train_loss=0.42470306158065796

[CollapseMonitor] Epoch 43
  [DEBUG] Processed 21 batches from val_dataloader
  [DEBUG] Predictions shape after concat: (1282,)
  [DEBUG] All predictions list length: 21
  [DEBUG] First batch shape: (64,)
  Pred std: 0.024314, range: 0.169471, mean: 0.066082
  Pos: 100.0%, Neg: 0.0%, Unique: 1267
  Saved validation predictions to: experiments/02b_vintage_sweep/baseline_h10_drop0.25/collapse_monitoring/val_predictions_epoch43.npy
  Gradient norms:
    lstm_encoder: 0.014713
    lstm_decoder: 0.009940
    multihead_attn: 0.001398
    output_layer: 0.079383
  VSN output std:
    encoder: 0.261976
  Attention entropy: 2.991056
  Saved to: experiments/02b_vintage_sweep/baseline_h10_drop0.25/collapse_monitoring/collapse_monitor_epoch43.json
Epoch 44: val_loss=0.40760672092437744
Epoch 44: train_loss=0.42416176199913025

[CollapseMonitor] Epoch 44
  [DEBUG] Processed 21 batches from val_dataloader
  [DEBUG] Predictions shape after concat: (1282,)
  [DEBUG] All predictions list length: 21
  [DEBUG] First batch shape: (64,)
  Pred std: 0.024153, range: 0.172955, mean: 0.049284
  Pos: 100.0%, Neg: 0.0%, Unique: 1261
  Saved validation predictions to: experiments/02b_vintage_sweep/baseline_h10_drop0.25/collapse_monitoring/val_predictions_epoch44.npy
  Gradient norms:
    lstm_encoder: 0.014998
    lstm_decoder: 0.010338
    multihead_attn: 0.001405
    output_layer: 0.082740
  VSN output std:
    encoder: 0.261543
  Attention entropy: 2.991307
  Saved to: experiments/02b_vintage_sweep/baseline_h10_drop0.25/collapse_monitoring/collapse_monitor_epoch44.json
Epoch 45: val_loss=0.40612441301345825
Epoch 45: train_loss=0.4243842661380768

[CollapseMonitor] Epoch 45
  [DEBUG] Processed 21 batches from val_dataloader
  [DEBUG] Predictions shape after concat: (1282,)
  [DEBUG] All predictions list length: 21
  [DEBUG] First batch shape: (64,)
  Pred std: 0.027538, range: 0.187137, mean: 0.067388
  Pos: 100.0%, Neg: 0.0%, Unique: 1259
  Saved validation predictions to: experiments/02b_vintage_sweep/baseline_h10_drop0.25/collapse_monitoring/val_predictions_epoch45.npy
  Gradient norms:
    lstm_encoder: 0.015096
    lstm_decoder: 0.010636
    multihead_attn: 0.001377
    output_layer: 0.082424
  VSN output std:
    encoder: 0.262749
  Attention entropy: 2.990954
  Saved to: experiments/02b_vintage_sweep/baseline_h10_drop0.25/collapse_monitoring/collapse_monitor_epoch45.json
Epoch 46: val_loss=0.40659740567207336
Epoch 46: train_loss=0.42354294657707214

[CollapseMonitor] Epoch 46
  [DEBUG] Processed 21 batches from val_dataloader
  [DEBUG] Predictions shape after concat: (1282,)
  [DEBUG] All predictions list length: 21
  [DEBUG] First batch shape: (64,)
  Pred std: 0.029829, range: 0.193337, mean: 0.059923
  Pos: 100.0%, Neg: 0.0%, Unique: 1254
  Saved validation predictions to: experiments/02b_vintage_sweep/baseline_h10_drop0.25/collapse_monitoring/val_predictions_epoch46.npy
  Gradient norms:
    lstm_encoder: 0.015080
    lstm_decoder: 0.010971
    multihead_attn: 0.001346
    output_layer: 0.076292
  VSN output std:
    encoder: 0.260598
  Attention entropy: 2.991029
  Saved to: experiments/02b_vintage_sweep/baseline_h10_drop0.25/collapse_monitoring/collapse_monitor_epoch46.json
Epoch 47: val_loss=0.40586504340171814
Epoch 47: train_loss=0.4233666658401489

[CollapseMonitor] Epoch 47
  [DEBUG] Processed 21 batches from val_dataloader
  [DEBUG] Predictions shape after concat: (1282,)
  [DEBUG] All predictions list length: 21
  [DEBUG] First batch shape: (64,)
  Pred std: 0.029681, range: 0.195477, mean: 0.052832
  Pos: 100.0%, Neg: 0.0%, Unique: 1252
  Saved validation predictions to: experiments/02b_vintage_sweep/baseline_h10_drop0.25/collapse_monitoring/val_predictions_epoch47.npy
  Gradient norms:
    lstm_encoder: 0.015723
    lstm_decoder: 0.011436
    multihead_attn: 0.001276
    output_layer: 0.079258
  VSN output std:
    encoder: 0.259730
  Attention entropy: 2.991031
  Saved to: experiments/02b_vintage_sweep/baseline_h10_drop0.25/collapse_monitoring/collapse_monitor_epoch47.json
Epoch 48: val_loss=0.406385213136673
Epoch 48: train_loss=0.423190712928772

[CollapseMonitor] Epoch 48
  [DEBUG] Processed 21 batches from val_dataloader
  [DEBUG] Predictions shape after concat: (1282,)
  [DEBUG] All predictions list length: 21
  [DEBUG] First batch shape: (64,)
  Pred std: 0.027987, range: 0.189062, mean: 0.060870
  Pos: 100.0%, Neg: 0.0%, Unique: 1258
  Saved validation predictions to: experiments/02b_vintage_sweep/baseline_h10_drop0.25/collapse_monitoring/val_predictions_epoch48.npy
  Gradient norms:
    lstm_encoder: 0.015480
    lstm_decoder: 0.011345
    multihead_attn: 0.001277
    output_layer: 0.081665
  VSN output std:
    encoder: 0.256269
  Attention entropy: 2.991226
  Saved to: experiments/02b_vintage_sweep/baseline_h10_drop0.25/collapse_monitoring/collapse_monitor_epoch48.json
Epoch 49: val_loss=0.4050568640232086
Epoch 49: train_loss=0.42362111806869507

[CollapseMonitor] Epoch 49
  [DEBUG] Processed 21 batches from val_dataloader
  [DEBUG] Predictions shape after concat: (1282,)
  [DEBUG] All predictions list length: 21
  [DEBUG] First batch shape: (64,)
  Pred std: 0.031271, range: 0.203921, mean: 0.053561
  Pos: 100.0%, Neg: 0.0%, Unique: 1260
  Saved validation predictions to: experiments/02b_vintage_sweep/baseline_h10_drop0.25/collapse_monitoring/val_predictions_epoch49.npy
  Gradient norms:
    lstm_encoder: 0.016011
    lstm_decoder: 0.011924
    multihead_attn: 0.001301
    output_layer: 0.084755
  VSN output std:
    encoder: 0.258728
  Attention entropy: 2.990945
  Saved to: experiments/02b_vintage_sweep/baseline_h10_drop0.25/collapse_monitoring/collapse_monitor_epoch49.json
Epoch 50: val_loss=0.40509605407714844
Epoch 50: train_loss=0.4223884046077728

[CollapseMonitor] Epoch 50
  [DEBUG] Processed 21 batches from val_dataloader
  [DEBUG] Predictions shape after concat: (1282,)
  [DEBUG] All predictions list length: 21
  [DEBUG] First batch shape: (64,)
  Pred std: 0.028826, range: 0.189252, mean: 0.069906
  Pos: 100.0%, Neg: 0.0%, Unique: 1250
  Saved validation predictions to: experiments/02b_vintage_sweep/baseline_h10_drop0.25/collapse_monitoring/val_predictions_epoch50.npy
  Gradient norms:
    lstm_encoder: 0.016012
    lstm_decoder: 0.011991
    multihead_attn: 0.001295
    output_layer: 0.081421
  VSN output std:
    encoder: 0.255945
  Attention entropy: 2.991023
  Saved to: experiments/02b_vintage_sweep/baseline_h10_drop0.25/collapse_monitoring/collapse_monitor_epoch50.json
Epoch 51: val_loss=0.40535032749176025
Epoch 51: train_loss=0.4227452874183655

[CollapseMonitor] Epoch 51
  [DEBUG] Processed 21 batches from val_dataloader
  [DEBUG] Predictions shape after concat: (1282,)
  [DEBUG] All predictions list length: 21
  [DEBUG] First batch shape: (64,)
  Pred std: 0.026643, range: 0.175291, mean: 0.065289
  Pos: 100.0%, Neg: 0.0%, Unique: 1257
  Saved validation predictions to: experiments/02b_vintage_sweep/baseline_h10_drop0.25/collapse_monitoring/val_predictions_epoch51.npy
  Gradient norms:
    lstm_encoder: 0.017048
    lstm_decoder: 0.012743
    multihead_attn: 0.001311
    output_layer: 0.081902
  VSN output std:
    encoder: 0.252547
  Attention entropy: 2.990477
  Saved to: experiments/02b_vintage_sweep/baseline_h10_drop0.25/collapse_monitoring/collapse_monitor_epoch51.json
Epoch 52: val_loss=0.4044649004936218
Epoch 52: train_loss=0.42305779457092285

[CollapseMonitor] Epoch 52
  [DEBUG] Processed 21 batches from val_dataloader
  [DEBUG] Predictions shape after concat: (1282,)
  [DEBUG] All predictions list length: 21
  [DEBUG] First batch shape: (64,)
  Pred std: 0.027439, range: 0.177508, mean: 0.063402
  Pos: 100.0%, Neg: 0.0%, Unique: 1251
  Saved validation predictions to: experiments/02b_vintage_sweep/baseline_h10_drop0.25/collapse_monitoring/val_predictions_epoch52.npy
  Gradient norms:
    lstm_encoder: 0.017114
    lstm_decoder: 0.013249
    multihead_attn: 0.001286
    output_layer: 0.082147
  VSN output std:
    encoder: 0.251474
  Attention entropy: 2.990215
  Saved to: experiments/02b_vintage_sweep/baseline_h10_drop0.25/collapse_monitoring/collapse_monitor_epoch52.json
Epoch 53: val_loss=0.40458980202674866
Epoch 53: train_loss=0.42253249883651733

[CollapseMonitor] Epoch 53
  [DEBUG] Processed 21 batches from val_dataloader
  [DEBUG] Predictions shape after concat: (1282,)
  [DEBUG] All predictions list length: 21
  [DEBUG] First batch shape: (64,)
  Pred std: 0.029815, range: 0.186775, mean: 0.061977
  Pos: 100.0%, Neg: 0.0%, Unique: 1244
  Saved validation predictions to: experiments/02b_vintage_sweep/baseline_h10_drop0.25/collapse_monitoring/val_predictions_epoch53.npy
  Gradient norms:
    lstm_encoder: 0.016201
    lstm_decoder: 0.012364
    multihead_attn: 0.001201
    output_layer: 0.084698
  VSN output std:
    encoder: 0.253318
  Attention entropy: 2.990478
  Saved to: experiments/02b_vintage_sweep/baseline_h10_drop0.25/collapse_monitoring/collapse_monitor_epoch53.json
Epoch 54: val_loss=0.4043801426887512
Epoch 54: train_loss=0.4229334592819214

[CollapseMonitor] Epoch 54
  [DEBUG] Processed 21 batches from val_dataloader
  [DEBUG] Predictions shape after concat: (1282,)
  [DEBUG] All predictions list length: 21
  [DEBUG] First batch shape: (64,)
  Pred std: 0.027276, range: 0.172590, mean: 0.063003
  Pos: 100.0%, Neg: 0.0%, Unique: 1261
  Saved validation predictions to: experiments/02b_vintage_sweep/baseline_h10_drop0.25/collapse_monitoring/val_predictions_epoch54.npy
  Gradient norms:
    lstm_encoder: 0.016870
    lstm_decoder: 0.013309
    multihead_attn: 0.001334
    output_layer: 0.082559
  VSN output std:
    encoder: 0.250220
  Attention entropy: 2.990264
  Saved to: experiments/02b_vintage_sweep/baseline_h10_drop0.25/collapse_monitoring/collapse_monitor_epoch54.json
Epoch 55: val_loss=0.40436461567878723
Epoch 55: train_loss=0.4232902526855469

[CollapseMonitor] Epoch 55
  [DEBUG] Processed 21 batches from val_dataloader
  [DEBUG] Predictions shape after concat: (1282,)
  [DEBUG] All predictions list length: 21
  [DEBUG] First batch shape: (64,)
  Pred std: 0.026906, range: 0.169558, mean: 0.070013
  Pos: 100.0%, Neg: 0.0%, Unique: 1252
  Saved validation predictions to: experiments/02b_vintage_sweep/baseline_h10_drop0.25/collapse_monitoring/val_predictions_epoch55.npy
  Gradient norms:
    lstm_encoder: 0.016918
    lstm_decoder: 0.013559
    multihead_attn: 0.001329
    output_layer: 0.081364
  VSN output std:
    encoder: 0.248311
  Attention entropy: 2.990082
  Saved to: experiments/02b_vintage_sweep/baseline_h10_drop0.25/collapse_monitoring/collapse_monitor_epoch55.json
Epoch 56: val_loss=0.4041622281074524
Epoch 56: train_loss=0.42219024896621704

[CollapseMonitor] Epoch 56
  [DEBUG] Processed 21 batches from val_dataloader
  [DEBUG] Predictions shape after concat: (1282,)
  [DEBUG] All predictions list length: 21
  [DEBUG] First batch shape: (64,)
  Pred std: 0.026140, range: 0.169369, mean: 0.065006
  Pos: 100.0%, Neg: 0.0%, Unique: 1250
  Saved validation predictions to: experiments/02b_vintage_sweep/baseline_h10_drop0.25/collapse_monitoring/val_predictions_epoch56.npy
  Gradient norms:
    lstm_encoder: 0.016596
    lstm_decoder: 0.013184
    multihead_attn: 0.001276
    output_layer: 0.077516
  VSN output std:
    encoder: 0.250621
  Attention entropy: 2.990711
  Saved to: experiments/02b_vintage_sweep/baseline_h10_drop0.25/collapse_monitoring/collapse_monitor_epoch56.json
Epoch 57: val_loss=0.4039818346500397
Epoch 57: train_loss=0.4217890501022339

[CollapseMonitor] Epoch 57
  [DEBUG] Processed 21 batches from val_dataloader
  [DEBUG] Predictions shape after concat: (1282,)
  [DEBUG] All predictions list length: 21
  [DEBUG] First batch shape: (64,)
  Pred std: 0.023937, range: 0.157328, mean: 0.067172
  Pos: 100.0%, Neg: 0.0%, Unique: 1254
  Saved validation predictions to: experiments/02b_vintage_sweep/baseline_h10_drop0.25/collapse_monitoring/val_predictions_epoch57.npy
  Gradient norms:
    lstm_encoder: 0.017507
    lstm_decoder: 0.013675
    multihead_attn: 0.001285
    output_layer: 0.079528
  VSN output std:
    encoder: 0.249421
  Attention entropy: 2.990652
  Saved to: experiments/02b_vintage_sweep/baseline_h10_drop0.25/collapse_monitoring/collapse_monitor_epoch57.json
Epoch 58: val_loss=0.40364375710487366
Epoch 58: train_loss=0.42177942395210266

[CollapseMonitor] Epoch 58
  [DEBUG] Processed 21 batches from val_dataloader
  [DEBUG] Predictions shape after concat: (1282,)
  [DEBUG] All predictions list length: 21
  [DEBUG] First batch shape: (64,)
  Pred std: 0.024349, range: 0.163536, mean: 0.056437
  Pos: 100.0%, Neg: 0.0%, Unique: 1248
  Saved validation predictions to: experiments/02b_vintage_sweep/baseline_h10_drop0.25/collapse_monitoring/val_predictions_epoch58.npy
  Gradient norms:
    lstm_encoder: 0.016715
    lstm_decoder: 0.013357
    multihead_attn: 0.001237
    output_layer: 0.082985
  VSN output std:
    encoder: 0.245723
  Attention entropy: 2.990291
  Saved to: experiments/02b_vintage_sweep/baseline_h10_drop0.25/collapse_monitoring/collapse_monitor_epoch58.json
Epoch 59: val_loss=0.4030838906764984
Epoch 59: train_loss=0.4215821325778961

[CollapseMonitor] Epoch 59
  [DEBUG] Processed 21 batches from val_dataloader
  [DEBUG] Predictions shape after concat: (1282,)
  [DEBUG] All predictions list length: 21
  [DEBUG] First batch shape: (64,)
  Pred std: 0.027482, range: 0.177352, mean: 0.054769
  Pos: 100.0%, Neg: 0.0%, Unique: 1248
  Saved validation predictions to: experiments/02b_vintage_sweep/baseline_h10_drop0.25/collapse_monitoring/val_predictions_epoch59.npy
  Gradient norms:
    lstm_encoder: 0.017672
    lstm_decoder: 0.014126
    multihead_attn: 0.001238
    output_layer: 0.081537
  VSN output std:
    encoder: 0.244924
  Attention entropy: 2.990331
  Saved to: experiments/02b_vintage_sweep/baseline_h10_drop0.25/collapse_monitoring/collapse_monitor_epoch59.json
Epoch 60: val_loss=0.40419355034828186
Epoch 60: train_loss=0.42203083634376526

[CollapseMonitor] Epoch 60
  [DEBUG] Processed 21 batches from val_dataloader
  [DEBUG] Predictions shape after concat: (1282,)
  [DEBUG] All predictions list length: 21
  [DEBUG] First batch shape: (64,)
  Pred std: 0.026040, range: 0.172802, mean: 0.062078
  Pos: 100.0%, Neg: 0.0%, Unique: 1253
  Saved validation predictions to: experiments/02b_vintage_sweep/baseline_h10_drop0.25/collapse_monitoring/val_predictions_epoch60.npy
  Gradient norms:
    lstm_encoder: 0.019065
    lstm_decoder: 0.015108
    multihead_attn: 0.001165
    output_layer: 0.081703
  VSN output std:
    encoder: 0.241409
  Attention entropy: 2.990699
  Saved to: experiments/02b_vintage_sweep/baseline_h10_drop0.25/collapse_monitoring/collapse_monitor_epoch60.json
Epoch 61: val_loss=0.4037281274795532
Epoch 61: train_loss=0.42164546251296997

[CollapseMonitor] Epoch 61
  [DEBUG] Processed 21 batches from val_dataloader
  [DEBUG] Predictions shape after concat: (1282,)
  [DEBUG] All predictions list length: 21
  [DEBUG] First batch shape: (64,)
  Pred std: 0.022973, range: 0.153542, mean: 0.061790
  Pos: 100.0%, Neg: 0.0%, Unique: 1247
  Saved validation predictions to: experiments/02b_vintage_sweep/baseline_h10_drop0.25/collapse_monitoring/val_predictions_epoch61.npy
  Gradient norms:
    lstm_encoder: 0.019251
    lstm_decoder: 0.015814
    multihead_attn: 0.001249
    output_layer: 0.086038
  VSN output std:
    encoder: 0.239940
  Attention entropy: 2.990631
  Saved to: experiments/02b_vintage_sweep/baseline_h10_drop0.25/collapse_monitoring/collapse_monitor_epoch61.json
Epoch 62: val_loss=0.40336915850639343
Epoch 62: train_loss=0.4208616614341736

[CollapseMonitor] Epoch 62
  [DEBUG] Processed 21 batches from val_dataloader
  [DEBUG] Predictions shape after concat: (1282,)
  [DEBUG] All predictions list length: 21
  [DEBUG] First batch shape: (64,)
  Pred std: 0.023880, range: 0.158056, mean: 0.056355
  Pos: 100.0%, Neg: 0.0%, Unique: 1250
  Saved validation predictions to: experiments/02b_vintage_sweep/baseline_h10_drop0.25/collapse_monitoring/val_predictions_epoch62.npy
  Gradient norms:
    lstm_encoder: 0.017730
    lstm_decoder: 0.015110
    multihead_attn: 0.001148
    output_layer: 0.077616
  VSN output std:
    encoder: 0.239373
  Attention entropy: 2.990957
  Saved to: experiments/02b_vintage_sweep/baseline_h10_drop0.25/collapse_monitoring/collapse_monitor_epoch62.json
Epoch 63: val_loss=0.40249714255332947
Epoch 63: train_loss=0.42203065752983093

[CollapseMonitor] Epoch 63
  [DEBUG] Processed 21 batches from val_dataloader
  [DEBUG] Predictions shape after concat: (1282,)
  [DEBUG] All predictions list length: 21
  [DEBUG] First batch shape: (64,)
  Pred std: 0.028575, range: 0.177595, mean: 0.070760
  Pos: 100.0%, Neg: 0.0%, Unique: 1248
  Saved validation predictions to: experiments/02b_vintage_sweep/baseline_h10_drop0.25/collapse_monitoring/val_predictions_epoch63.npy
  Gradient norms:
    lstm_encoder: 0.018742
    lstm_decoder: 0.016157
    multihead_attn: 0.001206
    output_layer: 0.084976
  VSN output std:
    encoder: 0.239498
  Attention entropy: 2.991154
  Saved to: experiments/02b_vintage_sweep/baseline_h10_drop0.25/collapse_monitoring/collapse_monitor_epoch63.json
Epoch 64: val_loss=0.40313854813575745
Epoch 64: train_loss=0.4211680591106415

[CollapseMonitor] Epoch 64
  [DEBUG] Processed 21 batches from val_dataloader
  [DEBUG] Predictions shape after concat: (1282,)
  [DEBUG] All predictions list length: 21
  [DEBUG] First batch shape: (64,)
  Pred std: 0.029561, range: 0.183262, mean: 0.065902
  Pos: 100.0%, Neg: 0.0%, Unique: 1245
  Saved validation predictions to: experiments/02b_vintage_sweep/baseline_h10_drop0.25/collapse_monitoring/val_predictions_epoch64.npy
  Gradient norms:
    lstm_encoder: 0.018949
    lstm_decoder: 0.015515
    multihead_attn: 0.001287
    output_layer: 0.082398
  VSN output std:
    encoder: 0.237659
  Attention entropy: 2.990904
  Saved to: experiments/02b_vintage_sweep/baseline_h10_drop0.25/collapse_monitoring/collapse_monitor_epoch64.json
Epoch 65: val_loss=0.4025545120239258
Epoch 65: train_loss=0.4212321937084198

[CollapseMonitor] Epoch 65
  [DEBUG] Processed 21 batches from val_dataloader
  [DEBUG] Predictions shape after concat: (1282,)
  [DEBUG] All predictions list length: 21
  [DEBUG] First batch shape: (64,)
  Pred std: 0.029710, range: 0.182486, mean: 0.067451
  Pos: 100.0%, Neg: 0.0%, Unique: 1249
  Saved validation predictions to: experiments/02b_vintage_sweep/baseline_h10_drop0.25/collapse_monitoring/val_predictions_epoch65.npy
  Gradient norms:
    lstm_encoder: 0.018162
    lstm_decoder: 0.015647
    multihead_attn: 0.001339
    output_layer: 0.083225
  VSN output std:
    encoder: 0.237352
  Attention entropy: 2.990201
  Saved to: experiments/02b_vintage_sweep/baseline_h10_drop0.25/collapse_monitoring/collapse_monitor_epoch65.json
Epoch 66: val_loss=0.4035446047782898
Epoch 66: train_loss=0.42101824283599854

[CollapseMonitor] Epoch 66
  [DEBUG] Processed 21 batches from val_dataloader
  [DEBUG] Predictions shape after concat: (1282,)
  [DEBUG] All predictions list length: 21
  [DEBUG] First batch shape: (64,)
  Pred std: 0.028151, range: 0.174297, mean: 0.083990
  Pos: 100.0%, Neg: 0.0%, Unique: 1245
  Saved validation predictions to: experiments/02b_vintage_sweep/baseline_h10_drop0.25/collapse_monitoring/val_predictions_epoch66.npy
  Gradient norms:
    lstm_encoder: 0.018959
    lstm_decoder: 0.016902
    multihead_attn: 0.001348
    output_layer: 0.090446
  VSN output std:
    encoder: 0.236326
  Attention entropy: 2.990944
  Saved to: experiments/02b_vintage_sweep/baseline_h10_drop0.25/collapse_monitoring/collapse_monitor_epoch66.json
Epoch 67: val_loss=0.40279626846313477
Epoch 67: train_loss=0.4209279417991638

[CollapseMonitor] Epoch 67
  [DEBUG] Processed 21 batches from val_dataloader
  [DEBUG] Predictions shape after concat: (1282,)
  [DEBUG] All predictions list length: 21
  [DEBUG] First batch shape: (64,)
  Pred std: 0.030261, range: 0.189680, mean: 0.063657
  Pos: 100.0%, Neg: 0.0%, Unique: 1240
  Saved validation predictions to: experiments/02b_vintage_sweep/baseline_h10_drop0.25/collapse_monitoring/val_predictions_epoch67.npy
  Gradient norms:
    lstm_encoder: 0.019670
    lstm_decoder: 0.016699
    multihead_attn: 0.001231
    output_layer: 0.078593
  VSN output std:
    encoder: 0.237858
  Attention entropy: 2.990869
  Saved to: experiments/02b_vintage_sweep/baseline_h10_drop0.25/collapse_monitoring/collapse_monitor_epoch67.json
Epoch 68: val_loss=0.4014817774295807
Epoch 68: train_loss=0.4213027060031891

[CollapseMonitor] Epoch 68
  [DEBUG] Processed 21 batches from val_dataloader
  [DEBUG] Predictions shape after concat: (1282,)
  [DEBUG] All predictions list length: 21
  [DEBUG] First batch shape: (64,)
  Pred std: 0.033171, range: 0.198752, mean: 0.089526
  Pos: 100.0%, Neg: 0.0%, Unique: 1253
  Saved validation predictions to: experiments/02b_vintage_sweep/baseline_h10_drop0.25/collapse_monitoring/val_predictions_epoch68.npy
  Gradient norms:
    lstm_encoder: 0.019179
    lstm_decoder: 0.017864
    multihead_attn: 0.001263
    output_layer: 0.080518
  VSN output std:
    encoder: 0.237482
  Attention entropy: 2.990896
  Saved to: experiments/02b_vintage_sweep/baseline_h10_drop0.25/collapse_monitoring/collapse_monitor_epoch68.json
Epoch 69: val_loss=0.4018748104572296
Epoch 69: train_loss=0.42165476083755493

[CollapseMonitor] Epoch 69
  [DEBUG] Processed 21 batches from val_dataloader
  [DEBUG] Predictions shape after concat: (1282,)
  [DEBUG] All predictions list length: 21
  [DEBUG] First batch shape: (64,)
  Pred std: 0.030164, range: 0.189106, mean: 0.056363
  Pos: 100.0%, Neg: 0.0%, Unique: 1258
  Saved validation predictions to: experiments/02b_vintage_sweep/baseline_h10_drop0.25/collapse_monitoring/val_predictions_epoch69.npy
  Gradient norms:
    lstm_encoder: 0.018501
    lstm_decoder: 0.016251
    multihead_attn: 0.001207
    output_layer: 0.083037
  VSN output std:
    encoder: 0.235210
  Attention entropy: 2.990456
  Saved to: experiments/02b_vintage_sweep/baseline_h10_drop0.25/collapse_monitoring/collapse_monitor_epoch69.json
Epoch 70: val_loss=0.402247816324234
Epoch 70: train_loss=0.42025330662727356

[CollapseMonitor] Epoch 70
  [DEBUG] Processed 21 batches from val_dataloader
  [DEBUG] Predictions shape after concat: (1282,)
  [DEBUG] All predictions list length: 21
  [DEBUG] First batch shape: (64,)
  Pred std: 0.030819, range: 0.192088, mean: 0.050176
  Pos: 100.0%, Neg: 0.0%, Unique: 1248
  Saved validation predictions to: experiments/02b_vintage_sweep/baseline_h10_drop0.25/collapse_monitoring/val_predictions_epoch70.npy
  Gradient norms:
    lstm_encoder: 0.018811
    lstm_decoder: 0.016559
    multihead_attn: 0.001210
    output_layer: 0.078040
  VSN output std:
    encoder: 0.233490
  Attention entropy: 2.990500
  Saved to: experiments/02b_vintage_sweep/baseline_h10_drop0.25/collapse_monitoring/collapse_monitor_epoch70.json
Epoch 71: val_loss=0.40266039967536926
Epoch 71: train_loss=0.42053720355033875

[CollapseMonitor] Epoch 71
  [DEBUG] Processed 21 batches from val_dataloader
  [DEBUG] Predictions shape after concat: (1282,)
  [DEBUG] All predictions list length: 21
  [DEBUG] First batch shape: (64,)
  Pred std: 0.031016, range: 0.189934, mean: 0.071203
  Pos: 100.0%, Neg: 0.0%, Unique: 1255
  Saved validation predictions to: experiments/02b_vintage_sweep/baseline_h10_drop0.25/collapse_monitoring/val_predictions_epoch71.npy
  Gradient norms:
    lstm_encoder: 0.019283
    lstm_decoder: 0.017655
    multihead_attn: 0.001171
    output_layer: 0.081601
  VSN output std:
    encoder: 0.232990
  Attention entropy: 2.990351
  Saved to: experiments/02b_vintage_sweep/baseline_h10_drop0.25/collapse_monitoring/collapse_monitor_epoch71.json
Epoch 72: val_loss=0.4016696512699127
Epoch 72: train_loss=0.42147380113601685

[CollapseMonitor] Epoch 72
  [DEBUG] Processed 21 batches from val_dataloader
  [DEBUG] Predictions shape after concat: (1282,)
  [DEBUG] All predictions list length: 21
  [DEBUG] First batch shape: (64,)
  Pred std: 0.032477, range: 0.193676, mean: 0.077337
  Pos: 100.0%, Neg: 0.0%, Unique: 1251
  Saved validation predictions to: experiments/02b_vintage_sweep/baseline_h10_drop0.25/collapse_monitoring/val_predictions_epoch72.npy
  Gradient norms:
    lstm_encoder: 0.019800
    lstm_decoder: 0.017917
    multihead_attn: 0.001115
    output_layer: 0.079158
  VSN output std:
    encoder: 0.234002
  Attention entropy: 2.990744
  Saved to: experiments/02b_vintage_sweep/baseline_h10_drop0.25/collapse_monitoring/collapse_monitor_epoch72.json
Epoch 73: val_loss=0.4014686048030853
Epoch 73: train_loss=0.42005401849746704

[CollapseMonitor] Epoch 73
  [DEBUG] Processed 21 batches from val_dataloader
  [DEBUG] Predictions shape after concat: (1282,)
  [DEBUG] All predictions list length: 21
  [DEBUG] First batch shape: (64,)
  Pred std: 0.029121, range: 0.179524, mean: 0.058022
  Pos: 100.0%, Neg: 0.0%, Unique: 1249
  Saved validation predictions to: experiments/02b_vintage_sweep/baseline_h10_drop0.25/collapse_monitoring/val_predictions_epoch73.npy
  Gradient norms:
    lstm_encoder: 0.020485
    lstm_decoder: 0.018686
    multihead_attn: 0.001171
    output_layer: 0.083185
  VSN output std:
    encoder: 0.233045
  Attention entropy: 2.990328
  Saved to: experiments/02b_vintage_sweep/baseline_h10_drop0.25/collapse_monitoring/collapse_monitor_epoch73.json
Epoch 74: val_loss=0.4004172384738922
Epoch 74: train_loss=0.42099103331565857

[CollapseMonitor] Epoch 74
  [DEBUG] Processed 21 batches from val_dataloader
  [DEBUG] Predictions shape after concat: (1282,)
  [DEBUG] All predictions list length: 21
  [DEBUG] First batch shape: (64,)
  Pred std: 0.028670, range: 0.175380, mean: 0.062570
  Pos: 100.0%, Neg: 0.0%, Unique: 1256
  Saved validation predictions to: experiments/02b_vintage_sweep/baseline_h10_drop0.25/collapse_monitoring/val_predictions_epoch74.npy
  Gradient norms:
    lstm_encoder: 0.019767
    lstm_decoder: 0.018066
    multihead_attn: 0.001219
    output_layer: 0.079169
  VSN output std:
    encoder: 0.233309
  Attention entropy: 2.990001
  Saved to: experiments/02b_vintage_sweep/baseline_h10_drop0.25/collapse_monitoring/collapse_monitor_epoch74.json
Epoch 75: val_loss=0.4009302258491516
Epoch 75: train_loss=0.4202629625797272

[CollapseMonitor] Epoch 75
  [DEBUG] Processed 21 batches from val_dataloader
  [DEBUG] Predictions shape after concat: (1282,)
  [DEBUG] All predictions list length: 21
  [DEBUG] First batch shape: (64,)
  Pred std: 0.027353, range: 0.169574, mean: 0.066479
  Pos: 100.0%, Neg: 0.0%, Unique: 1248
  Saved validation predictions to: experiments/02b_vintage_sweep/baseline_h10_drop0.25/collapse_monitoring/val_predictions_epoch75.npy
  Gradient norms:
    lstm_encoder: 0.020160
    lstm_decoder: 0.018615
    multihead_attn: 0.001177
    output_layer: 0.077842
  VSN output std:
    encoder: 0.232579
  Attention entropy: 2.990190
  Saved to: experiments/02b_vintage_sweep/baseline_h10_drop0.25/collapse_monitoring/collapse_monitor_epoch75.json
Epoch 76: val_loss=0.4007906913757324
Epoch 76: train_loss=0.42128515243530273

[CollapseMonitor] Epoch 76
  [DEBUG] Processed 21 batches from val_dataloader
  [DEBUG] Predictions shape after concat: (1282,)
  [DEBUG] All predictions list length: 21
  [DEBUG] First batch shape: (64,)
  Pred std: 0.027081, range: 0.168028, mean: 0.061936
  Pos: 100.0%, Neg: 0.0%, Unique: 1249
  Saved validation predictions to: experiments/02b_vintage_sweep/baseline_h10_drop0.25/collapse_monitoring/val_predictions_epoch76.npy
  Gradient norms:
    lstm_encoder: 0.020166
    lstm_decoder: 0.018780
    multihead_attn: 0.001177
    output_layer: 0.084203
  VSN output std:
    encoder: 0.232154
  Attention entropy: 2.990168
  Saved to: experiments/02b_vintage_sweep/baseline_h10_drop0.25/collapse_monitoring/collapse_monitor_epoch76.json
Epoch 77: val_loss=0.4007636308670044
Epoch 77: train_loss=0.42052313685417175

[CollapseMonitor] Epoch 77
  [DEBUG] Processed 21 batches from val_dataloader
  [DEBUG] Predictions shape after concat: (1282,)
  [DEBUG] All predictions list length: 21
  [DEBUG] First batch shape: (64,)
  Pred std: 0.026064, range: 0.161035, mean: 0.070088
  Pos: 100.0%, Neg: 0.0%, Unique: 1241
  Saved validation predictions to: experiments/02b_vintage_sweep/baseline_h10_drop0.25/collapse_monitoring/val_predictions_epoch77.npy
  Gradient norms:
    lstm_encoder: 0.019381
    lstm_decoder: 0.017903
    multihead_attn: 0.001149
    output_layer: 0.079684
  VSN output std:
    encoder: 0.232496
  Attention entropy: 2.990063
  Saved to: experiments/02b_vintage_sweep/baseline_h10_drop0.25/collapse_monitoring/collapse_monitor_epoch77.json
Epoch 78: val_loss=0.4009754955768585
Epoch 78: train_loss=0.41980743408203125

[CollapseMonitor] Epoch 78
  [DEBUG] Processed 21 batches from val_dataloader
  [DEBUG] Predictions shape after concat: (1282,)
  [DEBUG] All predictions list length: 21
  [DEBUG] First batch shape: (64,)
  Pred std: 0.027579, range: 0.172248, mean: 0.061862
  Pos: 100.0%, Neg: 0.0%, Unique: 1248
  Saved validation predictions to: experiments/02b_vintage_sweep/baseline_h10_drop0.25/collapse_monitoring/val_predictions_epoch78.npy
  Gradient norms:
    lstm_encoder: 0.020439
    lstm_decoder: 0.017844
    multihead_attn: 0.001129
    output_layer: 0.076696
  VSN output std:
    encoder: 0.232010
  Attention entropy: 2.989381
  Saved to: experiments/02b_vintage_sweep/baseline_h10_drop0.25/collapse_monitoring/collapse_monitor_epoch78.json
Epoch 79: val_loss=0.4013400077819824
Epoch 79: train_loss=0.4205358326435089

[CollapseMonitor] Epoch 79
  [DEBUG] Processed 21 batches from val_dataloader
  [DEBUG] Predictions shape after concat: (1282,)
  [DEBUG] All predictions list length: 21
  [DEBUG] First batch shape: (64,)
  Pred std: 0.026904, range: 0.168472, mean: 0.071285
  Pos: 100.0%, Neg: 0.0%, Unique: 1254
  Saved validation predictions to: experiments/02b_vintage_sweep/baseline_h10_drop0.25/collapse_monitoring/val_predictions_epoch79.npy
  Gradient norms:
    lstm_encoder: 0.020203
    lstm_decoder: 0.019066
    multihead_attn: 0.001171
    output_layer: 0.079763
  VSN output std:
    encoder: 0.229147
  Attention entropy: 2.989640
  Saved to: experiments/02b_vintage_sweep/baseline_h10_drop0.25/collapse_monitoring/collapse_monitor_epoch79.json
Epoch 80: val_loss=0.4021364450454712
Epoch 80: train_loss=0.41980645060539246

[CollapseMonitor] Epoch 80
  [DEBUG] Processed 21 batches from val_dataloader
  [DEBUG] Predictions shape after concat: (1282,)
  [DEBUG] All predictions list length: 21
  [DEBUG] First batch shape: (64,)
  Pred std: 0.026454, range: 0.166930, mean: 0.070317
  Pos: 100.0%, Neg: 0.0%, Unique: 1261
  Saved validation predictions to: experiments/02b_vintage_sweep/baseline_h10_drop0.25/collapse_monitoring/val_predictions_epoch80.npy
  Gradient norms:
    lstm_encoder: 0.020643
    lstm_decoder: 0.019448
    multihead_attn: 0.001185
    output_layer: 0.080254
  VSN output std:
    encoder: 0.228776
  Attention entropy: 2.989763
  Saved to: experiments/02b_vintage_sweep/baseline_h10_drop0.25/collapse_monitoring/collapse_monitor_epoch80.json
Epoch 81: val_loss=0.40168318152427673
Epoch 81: train_loss=0.42084524035453796

[CollapseMonitor] Epoch 81
  [DEBUG] Processed 21 batches from val_dataloader
  [DEBUG] Predictions shape after concat: (1282,)
  [DEBUG] All predictions list length: 21
  [DEBUG] First batch shape: (64,)
  Pred std: 0.026332, range: 0.165424, mean: 0.075959
  Pos: 100.0%, Neg: 0.0%, Unique: 1249
  Saved validation predictions to: experiments/02b_vintage_sweep/baseline_h10_drop0.25/collapse_monitoring/val_predictions_epoch81.npy
  Gradient norms:
    lstm_encoder: 0.021062
    lstm_decoder: 0.019340
    multihead_attn: 0.001217
    output_layer: 0.079908
  VSN output std:
    encoder: 0.229060
  Attention entropy: 2.989577
  Saved to: experiments/02b_vintage_sweep/baseline_h10_drop0.25/collapse_monitoring/collapse_monitor_epoch81.json
Epoch 82: val_loss=0.4010438323020935
Epoch 82: train_loss=0.4204930365085602

[CollapseMonitor] Epoch 82
  [DEBUG] Processed 21 batches from val_dataloader
  [DEBUG] Predictions shape after concat: (1282,)
  [DEBUG] All predictions list length: 21
  [DEBUG] First batch shape: (64,)
  Pred std: 0.027115, range: 0.171383, mean: 0.056970
  Pos: 100.0%, Neg: 0.0%, Unique: 1257
  Saved validation predictions to: experiments/02b_vintage_sweep/baseline_h10_drop0.25/collapse_monitoring/val_predictions_epoch82.npy
  Gradient norms:
    lstm_encoder: 0.021515
    lstm_decoder: 0.020339
    multihead_attn: 0.001191
    output_layer: 0.085934
  VSN output std:
    encoder: 0.231070
  Attention entropy: 2.989760
  Saved to: experiments/02b_vintage_sweep/baseline_h10_drop0.25/collapse_monitoring/collapse_monitor_epoch82.json
Epoch 83: val_loss=0.4012579619884491
Epoch 83: train_loss=0.42038729786872864

[CollapseMonitor] Epoch 83
  [DEBUG] Processed 21 batches from val_dataloader
  [DEBUG] Predictions shape after concat: (1282,)
  [DEBUG] All predictions list length: 21
  [DEBUG] First batch shape: (64,)
  Pred std: 0.026790, range: 0.169485, mean: 0.062156
  Pos: 100.0%, Neg: 0.0%, Unique: 1249
  Saved validation predictions to: experiments/02b_vintage_sweep/baseline_h10_drop0.25/collapse_monitoring/val_predictions_epoch83.npy
  Gradient norms:
    lstm_encoder: 0.018042
    lstm_decoder: 0.016691
    multihead_attn: 0.001192
    output_layer: 0.079169
  VSN output std:
    encoder: 0.231445
  Attention entropy: 2.989691
  Saved to: experiments/02b_vintage_sweep/baseline_h10_drop0.25/collapse_monitoring/collapse_monitor_epoch83.json
Epoch 84: val_loss=0.4012334942817688
Epoch 84: train_loss=0.420359343290329

[CollapseMonitor] Epoch 84
  [DEBUG] Processed 21 batches from val_dataloader
  [DEBUG] Predictions shape after concat: (1282,)
  [DEBUG] All predictions list length: 21
  [DEBUG] First batch shape: (64,)
  Pred std: 0.026600, range: 0.168121, mean: 0.061938
  Pos: 100.0%, Neg: 0.0%, Unique: 1251
  Saved validation predictions to: experiments/02b_vintage_sweep/baseline_h10_drop0.25/collapse_monitoring/val_predictions_epoch84.npy
  Gradient norms:
    lstm_encoder: 0.019663
    lstm_decoder: 0.018289
    multihead_attn: 0.001161
    output_layer: 0.079894
  VSN output std:
    encoder: 0.231426
  Attention entropy: 2.989809
  Saved to: experiments/02b_vintage_sweep/baseline_h10_drop0.25/collapse_monitoring/collapse_monitor_epoch84.json


======================================================================
Training complete
======================================================================

Best model checkpoint: experiments/02b_vintage_sweep/baseline_h10_drop0.25/checkpoints/tft-epoch=74-val_loss=0.4004.ckpt
Best validation loss: 0.400417
Completed at: 2025-11-22 15:16:16
Log saved to: experiments/02b_vintage_sweep/baseline_h10_drop0.25/training_20251122_143928.log
======================================================================
