Logging to: experiments/06a_weekly_sweep/h16_enc8_d015_bs32/vsn_analysis/vsn_analysis_20251129_215102.log
Analysis started at: 2025-11-29 21:51:02
======================================================================
Experiment: 06a_weekly_sweep/h16_enc8_d015_bs32
Output directory: experiments/06a_weekly_sweep/h16_enc8_d015_bs32/vsn_analysis
Loading config from: experiments/06a_weekly_sweep/h16_enc8_d015_bs32/config.json
Using best checkpoint: experiments/06a_weekly_sweep/h16_enc8_d015_bs32/checkpoints/tft-epoch=epoch=31-valloss=val_loss=0.9267.ckpt

Loading data...
Loading test data from: data/splits/vintage/core_proposal_weekly_vintage_test.csv
  Train samples: 1269
  Test samples: 273

Preparing test dataset...
Test dataset size: 265

Loading model...
Loading model from: experiments/06a_weekly_sweep/h16_enc8_d015_bs32/checkpoints/tft-epoch=epoch=31-valloss=val_loss=0.9267.ckpt
Model loaded on device: cuda

Extracting VSN weights...
  Encoder variables (5): ['relative_time_idx', 'VIX', 'Treasury_10Y', 'Yield_Spread', 'Inflation_YoY']
  Decoder variables (1): ['relative_time_idx']
  Static variables (1): ['encoder_length']

  DEBUG: Output type: <class 'pytorch_forecasting.utils.TupleOutputMixIn.to_network_output.<locals>.Output'>
  DEBUG: Output fields (NamedTuple): ('prediction', 'encoder_attention', 'decoder_attention', 'static_variables', 'encoder_variables', 'decoder_variables', 'decoder_lengths', 'encoder_lengths')
  DEBUG: output.encoder_variables shape: torch.Size([64, 8, 1, 5])
  DEBUG: output.static_variables shape: torch.Size([64, 1, 1])
  DEBUG: output.decoder_variables shape: torch.Size([64, 1, 1, 1])

Extraction complete:
  Samples: 265
  Encoder VSN shape: (265, 5)
  Decoder VSN shape: (265, 1)

Analysis period: 2020-09-18 to 2025-10-10

Creating temporal periods:
  2020: 15 samples
  2021: 53 samples
  2022: 52 samples
  2023: 52 samples
  2024: 52 samples
  2025: 41 samples

Analyzing VSN weights by period...

Comparing VSN patterns across periods...

Creating visualizations...
Saved VSN heatmap: experiments/06a_weekly_sweep/h16_enc8_d015_bs32/vsn_analysis/vsn_heatmap.png
Saved VSN comparison: experiments/06a_weekly_sweep/h16_enc8_d015_bs32/vsn_analysis/vsn_comparison.png
Saved concentration plot: experiments/06a_weekly_sweep/h16_enc8_d015_bs32/vsn_analysis/vsn_concentration.png

Saving results...
Saved results: experiments/06a_weekly_sweep/h16_enc8_d015_bs32/vsn_analysis/vsn_analysis_results.json

======================================================================
VSN ANALYSIS SUMMARY
======================================================================

Per-Period Feature Importance:
----------------------------------------------------------------------

2020 (15 samples):
  Concentration: 0.3187
  Top 5 features:
    VIX                            0.4008
    Treasury_10Y                   0.3680
    Inflation_YoY                  0.1257
    Yield_Spread                   0.0784
    relative_time_idx              0.0271

2021 (53 samples):
  Concentration: 0.3239
  Top 5 features:
    Treasury_10Y                   0.4974
    VIX                            0.2015
    Yield_Spread                   0.1615
    relative_time_idx              0.0766
    Inflation_YoY                  0.0630

2022 (52 samples):
  Concentration: 0.5009
  Top 5 features:
    VIX                            0.6847
    Treasury_10Y                   0.1496
    Yield_Spread                   0.0724
    relative_time_idx              0.0549
    Inflation_YoY                  0.0384

2023 (52 samples):
  Concentration: 0.3100
  Top 5 features:
    Yield_Spread                   0.3969
    VIX                            0.3459
    Treasury_10Y                   0.1705
    Inflation_YoY                  0.0437
    relative_time_idx              0.0429

2024 (52 samples):
  Concentration: 0.4284
  Top 5 features:
    Yield_Spread                   0.6192
    Treasury_10Y                   0.1577
    VIX                            0.1203
    Inflation_YoY                  0.0635
    relative_time_idx              0.0393

2025 (41 samples):
  Concentration: 0.3597
  Top 5 features:
    Yield_Spread                   0.5366
    VIX                            0.2185
    Treasury_10Y                   0.1218
    Inflation_YoY                  0.0901
    relative_time_idx              0.0330

----------------------------------------------------------------------
Period Comparisons:
----------------------------------------------------------------------

2020_vs_2021:
  Cosine similarity: 0.8915
  L2 distance: 0.2641
  Biggest increases: Treasury_10Y(+0.129), Yield_Spread(+0.083), relative_time_idx(+0.050)
  Biggest decreases: VIX(-0.199), Inflation_YoY(-0.063), relative_time_idx(+0.050)

2020_vs_2022:
  Cosine similarity: 0.8545
  L2 distance: 0.3698
  Biggest increases: VIX(+0.284), relative_time_idx(+0.028), Yield_Spread(-0.006)
  Biggest decreases: Treasury_10Y(-0.218), Inflation_YoY(-0.087), Yield_Spread(-0.006)

2020_vs_2023:
  Cosine similarity: 0.7608
  L2 distance: 0.3879
  Biggest increases: Yield_Spread(+0.319), relative_time_idx(+0.016), VIX(-0.055)
  Biggest decreases: Treasury_10Y(-0.198), Inflation_YoY(-0.082), VIX(-0.055)

2020_vs_2024:
  Cosine similarity: 0.4434
  L2 distance: 0.6477
  Biggest increases: Yield_Spread(+0.541), relative_time_idx(+0.012), Inflation_YoY(-0.062)
  Biggest decreases: VIX(-0.280), Treasury_10Y(-0.210), Inflation_YoY(-0.062)

2020_vs_2025:
  Cosine similarity: 0.5513
  L2 distance: 0.5524
  Biggest increases: Yield_Spread(+0.458), relative_time_idx(+0.006), Inflation_YoY(-0.036)
  Biggest decreases: Treasury_10Y(-0.246), VIX(-0.182), Inflation_YoY(-0.036)

2021_vs_2022:
  Cosine similarity: 0.5727
  L2 distance: 0.6029
  Biggest increases: VIX(+0.483), relative_time_idx(-0.022), Inflation_YoY(-0.025)
  Biggest decreases: Treasury_10Y(-0.348), Yield_Spread(-0.089), Inflation_YoY(-0.025)

2021_vs_2023:
  Cosine similarity: 0.7089
  L2 distance: 0.4297
  Biggest increases: Yield_Spread(+0.235), VIX(+0.144), Inflation_YoY(-0.019)
  Biggest decreases: Treasury_10Y(-0.327), relative_time_idx(-0.034), Inflation_YoY(-0.019)

2021_vs_2024:
  Cosine similarity: 0.5629
  L2 distance: 0.5770
  Biggest increases: Yield_Spread(+0.458), Inflation_YoY(+0.001), relative_time_idx(-0.037)
  Biggest decreases: Treasury_10Y(-0.340), VIX(-0.081), relative_time_idx(-0.037)

2021_vs_2025:
  Cosine similarity: 0.5843
  L2 distance: 0.5336
  Biggest increases: Yield_Spread(+0.375), Inflation_YoY(+0.027), VIX(+0.017)
  Biggest decreases: Treasury_10Y(-0.376), relative_time_idx(-0.044), VIX(+0.017)

2022_vs_2023:
  Cosine similarity: 0.7490
  L2 distance: 0.4697
  Biggest increases: Yield_Spread(+0.324), Treasury_10Y(+0.021), Inflation_YoY(+0.005)
  Biggest decreases: VIX(-0.339), relative_time_idx(-0.012), Inflation_YoY(+0.005)

2022_vs_2024:
  Cosine similarity: 0.3354
  L2 distance: 0.7865
  Biggest increases: Yield_Spread(+0.547), Inflation_YoY(+0.025), Treasury_10Y(+0.008)
  Biggest decreases: VIX(-0.564), relative_time_idx(-0.016), Treasury_10Y(+0.008)

2022_vs_2025:
  Cosine similarity: 0.4993
  L2 distance: 0.6609
  Biggest increases: Yield_Spread(+0.464), Inflation_YoY(+0.052), relative_time_idx(-0.022)
  Biggest decreases: VIX(-0.466), Treasury_10Y(-0.028), relative_time_idx(-0.022)

2023_vs_2024:
  Cosine similarity: 0.8746
  L2 distance: 0.3177
  Biggest increases: Yield_Spread(+0.222), Inflation_YoY(+0.020), relative_time_idx(-0.004)
  Biggest decreases: VIX(-0.226), Treasury_10Y(-0.013), relative_time_idx(-0.004)

2023_vs_2025:
  Cosine similarity: 0.9423
  L2 distance: 0.2010
  Biggest increases: Yield_Spread(+0.140), Inflation_YoY(+0.046), relative_time_idx(-0.010)
  Biggest decreases: VIX(-0.127), Treasury_10Y(-0.049), relative_time_idx(-0.010)

2024_vs_2025:
  Cosine similarity: 0.9802
  L2 distance: 0.1361
  Biggest increases: VIX(+0.098), Inflation_YoY(+0.027), relative_time_idx(-0.006)
  Biggest decreases: Yield_Spread(-0.083), Treasury_10Y(-0.036), relative_time_idx(-0.006)

======================================================================

Analysis complete!
Results saved to: experiments/06a_weekly_sweep/h16_enc8_d015_bs32/vsn_analysis
  - vsn_analysis_results.json
  - vsn_heatmap.png
  - vsn_comparison.png
  - vsn_concentration.png
