Logging to: experiments/01_staleness_features_fixed/sweep_stale_h16_drop0.30_lr5/vsn_analysis/vsn_analysis_20251210_125229.log
Analysis started at: 2025-12-10 12:52:29
======================================================================
Experiment: 01_staleness_features_fixed/sweep_stale_h16_drop0.30_lr5
Output directory: experiments/01_staleness_features_fixed/sweep_stale_h16_drop0.30_lr5/vsn_analysis
Loading config from: experiments/01_staleness_features_fixed/sweep_stale_h16_drop0.30_lr5/config.json
Using best checkpoint: experiments/01_staleness_features_fixed/sweep_stale_h16_drop0.30_lr5/checkpoints/tft-epoch=82-val_loss=0.3970.ckpt

Loading data...
Loading test data from: data/splits/fixed/core_proposal_daily_fixed_test.csv
Adding staleness features...
  Train samples: 6066
  Test samples: 1300

Preparing test dataset...
Test dataset size: 1280

Loading model...
Loading model from: experiments/01_staleness_features_fixed/sweep_stale_h16_drop0.30_lr5/checkpoints/tft-epoch=82-val_loss=0.3970.ckpt
  Model loaded on device: cpu

Extracting VSN weights...
  Encoder variables (7): ['relative_time_idx', 'VIX', 'Treasury_10Y', 'Yield_Spread', 'Inflation_YoY']...
  Decoder variables (1): ['relative_time_idx']
  Static variables (1): ['encoder_length']

  DEBUG: Output type: <class 'pytorch_forecasting.utils.TupleOutputMixIn.to_network_output.<locals>.Output'>
  DEBUG: Output fields (NamedTuple): ('prediction', 'encoder_attention', 'decoder_attention', 'static_variables', 'encoder_variables', 'decoder_variables', 'decoder_lengths', 'encoder_lengths')
  DEBUG: output.encoder_variables shape: torch.Size([64, 20, 1, 7])
  DEBUG: output.static_variables shape: torch.Size([64, 1, 1])
  DEBUG: output.decoder_variables shape: torch.Size([64, 1, 1, 1])
  Processed batch 20/20

Extraction complete:
  Samples: 1280
  Encoder VSN shape: (1280, 7)
  Decoder VSN shape: (1280, 1)

Analysis period: 2020-08-19 to 2025-10-06

Creating temporal periods:
  2020: 92 samples
  2021: 250 samples
  2022: 249 samples
  2023: 249 samples
  2024: 250 samples
  2025: 190 samples

Analyzing VSN weights by period...

Comparing VSN patterns across periods...

Creating visualizations...
Saved VSN heatmap: experiments/01_staleness_features_fixed/sweep_stale_h16_drop0.30_lr5/vsn_analysis/vsn_heatmap.png
Saved VSN comparison: experiments/01_staleness_features_fixed/sweep_stale_h16_drop0.30_lr5/vsn_analysis/vsn_comparison.png
Saved concentration plot: experiments/01_staleness_features_fixed/sweep_stale_h16_drop0.30_lr5/vsn_analysis/vsn_concentration.png

Saving results...
Saved results: experiments/01_staleness_features_fixed/sweep_stale_h16_drop0.30_lr5/vsn_analysis/vsn_analysis_results.json

======================================================================
VSN ANALYSIS SUMMARY
======================================================================

Per-Period Feature Importance:
----------------------------------------------------------------------

2020 (92 samples):
  Concentration: 0.2857
  Top 5 features:
    VIX                            0.4754
    relative_time_idx              0.1636
    Treasury_10Y                   0.1275
    CPI_is_fresh                   0.0889
    days_since_CPI_update          0.0743

2021 (250 samples):
  Concentration: 0.3556
  Top 5 features:
    VIX                            0.5630
    Treasury_10Y                   0.1114
    relative_time_idx              0.1074
    CPI_is_fresh                   0.0929
    days_since_CPI_update          0.0557

2022 (249 samples):
  Concentration: 0.3647
  Top 5 features:
    VIX                            0.5540
    Yield_Spread                   0.2155
    Treasury_10Y                   0.0670
    days_since_CPI_update          0.0495
    relative_time_idx              0.0415

2023 (249 samples):
  Concentration: 0.4181
  Top 5 features:
    VIX                            0.6259
    CPI_is_fresh                   0.0944
    Treasury_10Y                   0.0870
    days_since_CPI_update          0.0599
    Inflation_YoY                  0.0544

2024 (250 samples):
  Concentration: 0.3135
  Top 5 features:
    VIX                            0.5161
    CPI_is_fresh                   0.1286
    relative_time_idx              0.1083
    Treasury_10Y                   0.0971
    days_since_CPI_update          0.0755

2025 (190 samples):
  Concentration: 0.3165
  Top 5 features:
    VIX                            0.5162
    CPI_is_fresh                   0.1432
    relative_time_idx              0.1257
    Treasury_10Y                   0.0769
    days_since_CPI_update          0.0701

----------------------------------------------------------------------
Period Comparisons:
----------------------------------------------------------------------

2020_vs_2021:
  Cosine similarity: 0.9879
  L2 distance: 0.1073
  Biggest increases: VIX(+0.088), Yield_Spread(+0.005), CPI_is_fresh(+0.004)
  Biggest decreases: relative_time_idx(-0.056), days_since_CPI_update(-0.019), Treasury_10Y(-0.016)

2020_vs_2022:
  Cosine similarity: 0.9012
  L2 distance: 0.2619
  Biggest increases: Yield_Spread(+0.200), VIX(+0.079), Inflation_YoY(-0.020)
  Biggest decreases: relative_time_idx(-0.122), Treasury_10Y(-0.061), CPI_is_fresh(-0.052)

2020_vs_2023:
  Cosine similarity: 0.9638
  L2 distance: 0.1939
  Biggest increases: VIX(+0.151), Yield_Spread(+0.013), CPI_is_fresh(+0.006)
  Biggest decreases: relative_time_idx(-0.113), Treasury_10Y(-0.040), days_since_CPI_update(-0.014)

2020_vs_2024:
  Cosine similarity: 0.9890
  L2 distance: 0.0851
  Biggest increases: VIX(+0.041), CPI_is_fresh(+0.040), Inflation_YoY(+0.004)
  Biggest decreases: relative_time_idx(-0.055), Treasury_10Y(-0.030), Yield_Spread(-0.000)

2020_vs_2025:
  Cosine similarity: 0.9869
  L2 distance: 0.0930
  Biggest increases: CPI_is_fresh(+0.054), VIX(+0.041), Yield_Spread(+0.001)
  Biggest decreases: Treasury_10Y(-0.051), relative_time_idx(-0.038), days_since_CPI_update(-0.004)

2021_vs_2022:
  Cosine similarity: 0.9332
  L2 distance: 0.2194
  Biggest increases: Yield_Spread(+0.196), days_since_CPI_update(-0.006), VIX(-0.009)
  Biggest decreases: relative_time_idx(-0.066), CPI_is_fresh(-0.056), Treasury_10Y(-0.044)

2021_vs_2023:
  Cosine similarity: 0.9930
  L2 distance: 0.0891
  Biggest increases: VIX(+0.063), Yield_Spread(+0.009), Inflation_YoY(+0.004)
  Biggest decreases: relative_time_idx(-0.057), Treasury_10Y(-0.024), CPI_is_fresh(+0.002)

2021_vs_2024:
  Cosine similarity: 0.9957
  L2 distance: 0.0647
  Biggest increases: CPI_is_fresh(+0.036), days_since_CPI_update(+0.020), Inflation_YoY(+0.010)
  Biggest decreases: VIX(-0.047), Treasury_10Y(-0.014), Yield_Spread(-0.005)

2021_vs_2025:
  Cosine similarity: 0.9920
  L2 distance: 0.0804
  Biggest increases: CPI_is_fresh(+0.050), relative_time_idx(+0.018), days_since_CPI_update(+0.014)
  Biggest decreases: VIX(-0.047), Treasury_10Y(-0.034), Yield_Spread(-0.003)

2022_vs_2023:
  Cosine similarity: 0.9454
  L2 distance: 0.2109
  Biggest increases: VIX(+0.072), CPI_is_fresh(+0.057), Treasury_10Y(+0.020)
  Biggest decreases: Yield_Spread(-0.187), relative_time_idx(+0.009), days_since_CPI_update(+0.010)

2022_vs_2024:
  Cosine similarity: 0.9191
  L2 distance: 0.2381
  Biggest increases: CPI_is_fresh(+0.091), relative_time_idx(+0.067), Treasury_10Y(+0.030)
  Biggest decreases: Yield_Spread(-0.201), VIX(-0.038), Inflation_YoY(+0.024)

2022_vs_2025:
  Cosine similarity: 0.9139
  L2 distance: 0.2453
  Biggest increases: CPI_is_fresh(+0.106), relative_time_idx(+0.084), days_since_CPI_update(+0.021)
  Biggest decreases: Yield_Spread(-0.199), VIX(-0.038), Treasury_10Y(+0.010)

2023_vs_2024:
  Cosine similarity: 0.9867
  L2 distance: 0.1310
  Biggest increases: relative_time_idx(+0.058), CPI_is_fresh(+0.034), days_since_CPI_update(+0.016)
  Biggest decreases: VIX(-0.110), Yield_Spread(-0.013), Inflation_YoY(+0.005)

2023_vs_2025:
  Cosine similarity: 0.9815
  L2 distance: 0.1432
  Biggest increases: relative_time_idx(+0.076), CPI_is_fresh(+0.049), days_since_CPI_update(+0.010)
  Biggest decreases: VIX(-0.110), Yield_Spread(-0.012), Treasury_10Y(-0.010)

2024_vs_2025:
  Cosine similarity: 0.9984
  L2 distance: 0.0320
  Biggest increases: relative_time_idx(+0.017), CPI_is_fresh(+0.015), Yield_Spread(+0.001)
  Biggest decreases: Treasury_10Y(-0.020), Inflation_YoY(-0.008), days_since_CPI_update(-0.005)

======================================================================

Analysis complete!
Results saved to: experiments/01_staleness_features_fixed/sweep_stale_h16_drop0.30_lr5/vsn_analysis
  - vsn_analysis_results.json
  - vsn_heatmap.png
  - vsn_comparison.png
  - vsn_concentration.png
