Logging to: experiments/06a_weekly_sweep/h8_enc8_d030_bs16/attention_analysis_year/attention_analysis_20251129_214228.log
Analysis started at: 2025-11-29 21:42:28
======================================================================
Experiment: 06a_weekly_sweep/h8_enc8_d030_bs16
Output directory: experiments/06a_weekly_sweep/h8_enc8_d030_bs16/attention_analysis_year
Using best checkpoint: experiments/06a_weekly_sweep/h8_enc8_d030_bs16/checkpoints/tft-epoch=epoch=99-valloss=val_loss=0.9037.ckpt

Loading data...
Loading test data from: data/splits/vintage/core_proposal_weekly_vintage_test.csv
  Train samples: 1269
  Test samples: 273

Preparing test dataset...
Test dataset size after filtering: 265

Loading model...
Loading model from: experiments/06a_weekly_sweep/h8_enc8_d030_bs16/checkpoints/tft-epoch=epoch=99-valloss=val_loss=0.9037.ckpt
  Loaded baseline model, moved to device: cuda

Extracting attention patterns...
Extracting attention patterns...
Total batches to process: 3

Total predictions: 265
Total actuals: 265
Attention shape: (265, 8)
Encoder variables shape: (265, 5)

Prediction period: 2020-09-18T00:00:00.000000000 to 2025-10-10T00:00:00.000000000
Total predictions: 265

Creating temporal periods:
  2020: 15 samples
  2021: 53 samples
  2022: 52 samples
  2023: 52 samples
  2024: 52 samples
  2025: 41 samples

Attention over 8 encoder timesteps

Analyzing attention patterns by period...

Comparing attention patterns across periods...

Creating visualizations...
Saved attention heatmap: experiments/06a_weekly_sweep/h8_enc8_d030_bs16/attention_analysis_year/attention_heatmap.png
Saved attention trends: experiments/06a_weekly_sweep/h8_enc8_d030_bs16/attention_analysis_year/attention_trends.png
Saved feature importance comparison: experiments/06a_weekly_sweep/h8_enc8_d030_bs16/attention_analysis_year/temporal_attention_comparison.png

Saving results...
Saved results: experiments/06a_weekly_sweep/h8_enc8_d030_bs16/attention_analysis_year/attention_analysis_results.json

======================================================================
ATTENTION ANALYSIS SUMMARY
======================================================================

Per-Period Statistics:
----------------------------------------------------------------------

2020:
  Samples: 15
  Entropy: 2.0639 +/- 0.0043
  Concentration: 0.1283
  Top 5 features:
    t-2                            0.1415
    t-1                            0.1411
    t-3                            0.1398
    t-4                            0.1377
    t-5                            0.1324

2021:
  Samples: 53
  Entropy: 2.0614 +/- 0.0136
  Concentration: 0.1277
  Top 5 features:
    t-1                            0.1425
    t-2                            0.1408
    t-3                            0.1386
    t-4                            0.1351
    t-5                            0.1295

2022:
  Samples: 52
  Entropy: 2.0552 +/- 0.0106
  Concentration: 0.1298
  Top 5 features:
    t-1                            0.1514
    t-2                            0.1473
    t-3                            0.1424
    t-4                            0.1367
    t-5                            0.1299

2023:
  Samples: 52
  Entropy: 2.0612 +/- 0.0086
  Concentration: 0.1282
  Top 5 features:
    t-1                            0.1448
    t-2                            0.1427
    t-3                            0.1401
    t-4                            0.1358
    t-5                            0.1291

2024:
  Samples: 52
  Entropy: 2.0597 +/- 0.0129
  Concentration: 0.1281
  Top 5 features:
    t-1                            0.1474
    t-2                            0.1432
    t-3                            0.1393
    t-4                            0.1344
    t-5                            0.1272

2025:
  Samples: 41
  Entropy: 2.0641 +/- 0.0115
  Concentration: 0.1273
  Top 5 features:
    t-1                            0.1418
    t-2                            0.1407
    t-3                            0.1379
    t-4                            0.1338
    t-5                            0.1280

----------------------------------------------------------------------
Period Comparisons:
----------------------------------------------------------------------

2020_vs_2021:
  Cosine similarity: 0.9998
  L2 distance: 0.0073
  Entropy change: -0.0024
  Concentration change: -0.0006

2020_vs_2022:
  Cosine similarity: 0.9991
  L2 distance: 0.0153
  Entropy change: -0.0087
  Concentration change: 0.0015

2020_vs_2023:
  Cosine similarity: 0.9998
  L2 distance: 0.0070
  Entropy change: -0.0027
  Concentration change: -0.0001

2020_vs_2024:
  Cosine similarity: 0.9995
  L2 distance: 0.0117
  Entropy change: -0.0042
  Concentration change: -0.0002

2020_vs_2025:
  Cosine similarity: 0.9994
  L2 distance: 0.0121
  Entropy change: 0.0003
  Concentration change: -0.0010

2021_vs_2022:
  Cosine similarity: 0.9988
  L2 distance: 0.0180
  Entropy change: -0.0063
  Concentration change: 0.0021

2021_vs_2023:
  Cosine similarity: 0.9999
  L2 distance: 0.0050
  Entropy change: -0.0002
  Concentration change: 0.0005

2021_vs_2024:
  Cosine similarity: 0.9998
  L2 distance: 0.0073
  Entropy change: -0.0018
  Concentration change: 0.0004

2021_vs_2025:
  Cosine similarity: 0.9999
  L2 distance: 0.0051
  Entropy change: 0.0027
  Concentration change: -0.0004

2022_vs_2023:
  Cosine similarity: 0.9993
  L2 distance: 0.0133
  Entropy change: 0.0060
  Concentration change: -0.0016

2022_vs_2024:
  Cosine similarity: 0.9992
  L2 distance: 0.0147
  Entropy change: 0.0045
  Concentration change: -0.0018

2022_vs_2025:
  Cosine similarity: 0.9982
  L2 distance: 0.0219
  Entropy change: 0.0090
  Concentration change: -0.0025

2023_vs_2024:
  Cosine similarity: 0.9999
  L2 distance: 0.0049
  Entropy change: -0.0015
  Concentration change: -0.0001

2023_vs_2025:
  Cosine similarity: 0.9997
  L2 distance: 0.0088
  Entropy change: 0.0029
  Concentration change: -0.0009

2024_vs_2025:
  Cosine similarity: 0.9997
  L2 distance: 0.0084
  Entropy change: 0.0045
  Concentration change: -0.0008

======================================================================

Analysis complete!
Results saved to: experiments/06a_weekly_sweep/h8_enc8_d030_bs16/attention_analysis_year
  - attention_analysis_results.json
  - attention_heatmap.png
  - attention_trends.png
  - temporal_attention_comparison.png
