======================================================================
Training TFT: 01_staleness_features_fixed/sweep_stale_h18_drop0.30_lr3
======================================================================
Logging to: experiments/01_staleness_features_fixed/sweep_stale_h18_drop0.30_lr3/training_20251030_003906.log
Started at: 2025-10-30 00:39:06
======================================================================
Configuration saved to: experiments/01_staleness_features_fixed/sweep_stale_h18_drop0.30_lr3/config.json

Loading data splits...
Train: 6066 samples
Val: 1300 samples
Test: 1300 samples

Preparing TimeSeriesDataSet...

Adding staleness features to data...

======================================================================
Adding Staleness Features
======================================================================
Mode: Fixed lag

Processing: Inflation_YoY (detecting from CPI)
  Updates detected: 280
  Avg days stale: 10.9
  Max days stale: 60

======================================================================
Total staleness features added: 2
======================================================================


======================================================================
Adding Staleness Features
======================================================================
Mode: Fixed lag

Processing: Inflation_YoY (detecting from CPI)
  Updates detected: 62
  Avg days stale: 10.3
  Max days stale: 42

======================================================================
Total staleness features added: 2
======================================================================


Dropping source columns (used for staleness only): ['CPI']

Final features for TFT: ['SP500_Returns', 'VIX', 'Treasury_10Y', 'Yield_Spread', 'Inflation_YoY', 'days_since_CPI_update', 'CPI_is_fresh']

======================================================================
FEATURE STATISTICS - BEFORE NORMALIZATION
======================================================================
VIX                             mean= 19.7193  std=  8.0201  min=  9.3100  max= 80.8600
Treasury_10Y                    mean=  4.7588  std=  1.6860  min=  1.4300  max=  8.3600
Yield_Spread                    mean=  1.2786  std=  0.9184  min= -0.5200  max=  2.9100
Inflation_YoY                   mean=  2.5055  std=  1.1650  min= -1.9588  max=  5.7255
days_since_CPI_update           mean= 10.8539  std=  7.6096  min=  0.0000  max= 60.0000
CPI_is_fresh                    mean=  0.0462  std=  0.2098  min=  0.0000  max=  1.0000

======================================================================
NORMALIZING STALENESS FEATURES (log transform)
======================================================================
Max staleness observed: train=60, val=42
Using normalization max: 65 days


STALENESS FEATURES - AFTER MANUAL NORMALIZATION
days_since_CPI_update           mean=  0.5270  std=  0.1974  min=  0.0000  max=  0.9812

======================================================================
FEATURES AFTER GROUPNORMALIZER (first batch, last timestep)
======================================================================
VIX                             normalized_value=  1.0000
Treasury_10Y                    normalized_value= -0.0500
Yield_Spread                    normalized_value= -0.4214
Inflation_YoY                   normalized_value= -0.9721
days_since_CPI_update           normalized_value=  1.5369
CPI_is_fresh                    normalized_value=  0.8557
======================================================================

Batches per epoch: 94
[DEBUG] Validation batches: 20
[DEBUG] Validation dataset size: 1280
[DEBUG] Batch size: 64

Initializing model...
Model parameters: 30,120

Starting training...
Checkpoints will be saved to: experiments/01_staleness_features_fixed/sweep_stale_h18_drop0.30_lr3/checkpoints/
Logs will be saved to: experiments/01_staleness_features_fixed/sweep_stale_h18_drop0.30_lr3/logs/

Epoch 0: val_loss=N/A
Epoch 0: val_loss=0.6116898059844971
Epoch 0: train_loss=0.684119701385498

[CollapseMonitor] Epoch 0
  [DEBUG] Processed 20 batches from val_dataloader
  [DEBUG] Predictions shape after concat: (1280,)
  [DEBUG] All predictions list length: 20
  [DEBUG] First batch shape: (64,)
  Pred std: 0.005474, range: 0.030860, mean: 0.253583
  Pos: 100.0%, Neg: 0.0%, Unique: 1221
  Saved validation predictions to: experiments/01_staleness_features_fixed/sweep_stale_h18_drop0.30_lr3/collapse_monitoring/val_predictions_epoch0.npy
  Gradient norms:
    lstm_encoder: 0.016876
    lstm_decoder: 0.013837
    multihead_attn: 0.007973
    output_layer: 0.635785
  VSN output std:
    encoder: 0.130550
  Attention entropy: 2.991427
  Saved to: experiments/01_staleness_features_fixed/sweep_stale_h18_drop0.30_lr3/collapse_monitoring/collapse_monitor_epoch0.json
Epoch 1: val_loss=0.549319863319397
Epoch 1: train_loss=0.6252354383468628

[CollapseMonitor] Epoch 1
  [DEBUG] Processed 20 batches from val_dataloader
  [DEBUG] Predictions shape after concat: (1280,)
  [DEBUG] All predictions list length: 20
  [DEBUG] First batch shape: (64,)
  Pred std: 0.004028, range: 0.024158, mean: 0.182140
  Pos: 100.0%, Neg: 0.0%, Unique: 1197
  Saved validation predictions to: experiments/01_staleness_features_fixed/sweep_stale_h18_drop0.30_lr3/collapse_monitoring/val_predictions_epoch1.npy
  Gradient norms:
    lstm_encoder: 0.013424
    lstm_decoder: 0.011127
    multihead_attn: 0.006301
    output_layer: 0.522420
  VSN output std:
    encoder: 0.132994
  Attention entropy: 2.992039
  Saved to: experiments/01_staleness_features_fixed/sweep_stale_h18_drop0.30_lr3/collapse_monitoring/collapse_monitor_epoch1.json
Epoch 2: val_loss=0.5037148594856262
Epoch 2: train_loss=0.5675104260444641

[CollapseMonitor] Epoch 2
  [DEBUG] Processed 20 batches from val_dataloader
  [DEBUG] Predictions shape after concat: (1280,)
  [DEBUG] All predictions list length: 20
  [DEBUG] First batch shape: (64,)
  Pred std: 0.003595, range: 0.023211, mean: 0.116847
  Pos: 100.0%, Neg: 0.0%, Unique: 1218
  Saved validation predictions to: experiments/01_staleness_features_fixed/sweep_stale_h18_drop0.30_lr3/collapse_monitoring/val_predictions_epoch2.npy
  Gradient norms:
    lstm_encoder: 0.009154
    lstm_decoder: 0.007975
    multihead_attn: 0.004716
    output_layer: 0.398618
  VSN output std:
    encoder: 0.136919
  Attention entropy: 2.992330
  Saved to: experiments/01_staleness_features_fixed/sweep_stale_h18_drop0.30_lr3/collapse_monitoring/collapse_monitor_epoch2.json
Epoch 3: val_loss=0.47588056325912476
Epoch 3: train_loss=0.5247229933738708

[CollapseMonitor] Epoch 3
  [DEBUG] Processed 20 batches from val_dataloader
  [DEBUG] Predictions shape after concat: (1280,)
  [DEBUG] All predictions list length: 20
  [DEBUG] First batch shape: (64,)
  Pred std: 0.002786, range: 0.018742, mean: 0.057303
  Pos: 100.0%, Neg: 0.0%, Unique: 1192
  Saved validation predictions to: experiments/01_staleness_features_fixed/sweep_stale_h18_drop0.30_lr3/collapse_monitoring/val_predictions_epoch3.npy
  Gradient norms:
    lstm_encoder: 0.005790
    lstm_decoder: 0.005249
    multihead_attn: 0.003428
    output_layer: 0.280277
  VSN output std:
    encoder: 0.144048
  Attention entropy: 2.992348
  Saved to: experiments/01_staleness_features_fixed/sweep_stale_h18_drop0.30_lr3/collapse_monitoring/collapse_monitor_epoch3.json
Epoch 4: val_loss=0.4626613259315491
Epoch 4: train_loss=0.49450021982192993

[CollapseMonitor] Epoch 4
  [DEBUG] Processed 20 batches from val_dataloader
  [DEBUG] Predictions shape after concat: (1280,)
  [DEBUG] All predictions list length: 20
  [DEBUG] First batch shape: (64,)
  Pred std: 0.002667, range: 0.018075, mean: 0.029815
  Pos: 100.0%, Neg: 0.0%, Unique: 1186
  Saved validation predictions to: experiments/01_staleness_features_fixed/sweep_stale_h18_drop0.30_lr3/collapse_monitoring/val_predictions_epoch4.npy
  Gradient norms:
    lstm_encoder: 0.003909
    lstm_decoder: 0.003632
    multihead_attn: 0.002639
    output_layer: 0.200098
  VSN output std:
    encoder: 0.148323
  Attention entropy: 2.990996
  Saved to: experiments/01_staleness_features_fixed/sweep_stale_h18_drop0.30_lr3/collapse_monitoring/collapse_monitor_epoch4.json
Epoch 5: val_loss=0.4556892514228821
Epoch 5: train_loss=0.4775611460208893

[CollapseMonitor] Epoch 5
  [DEBUG] Processed 20 batches from val_dataloader
  [DEBUG] Predictions shape after concat: (1280,)
  [DEBUG] All predictions list length: 20
  [DEBUG] First batch shape: (64,)
  Pred std: 0.002675, range: 0.018143, mean: 0.038417
  Pos: 100.0%, Neg: 0.0%, Unique: 1156
  Saved validation predictions to: experiments/01_staleness_features_fixed/sweep_stale_h18_drop0.30_lr3/collapse_monitoring/val_predictions_epoch5.npy
  Gradient norms:
    lstm_encoder: 0.003434
    lstm_decoder: 0.002920
    multihead_attn: 0.002220
    output_layer: 0.157258
  VSN output std:
    encoder: 0.147731
  Attention entropy: 2.988597
  Saved to: experiments/01_staleness_features_fixed/sweep_stale_h18_drop0.30_lr3/collapse_monitoring/collapse_monitor_epoch5.json
Epoch 6: val_loss=0.4517715871334076
Epoch 6: train_loss=0.4676164984703064

[CollapseMonitor] Epoch 6
  [DEBUG] Processed 20 batches from val_dataloader
  [DEBUG] Predictions shape after concat: (1280,)
  [DEBUG] All predictions list length: 20
  [DEBUG] First batch shape: (64,)
  Pred std: 0.002464, range: 0.016637, mean: 0.031173
  Pos: 100.0%, Neg: 0.0%, Unique: 1162
  Saved validation predictions to: experiments/01_staleness_features_fixed/sweep_stale_h18_drop0.30_lr3/collapse_monitoring/val_predictions_epoch6.npy
  Gradient norms:
    lstm_encoder: 0.003164
    lstm_decoder: 0.002501
    multihead_attn: 0.001834
    output_layer: 0.125517
  VSN output std:
    encoder: 0.148716
  Attention entropy: 2.985565
  Saved to: experiments/01_staleness_features_fixed/sweep_stale_h18_drop0.30_lr3/collapse_monitoring/collapse_monitor_epoch6.json
Epoch 7: val_loss=0.4496425688266754
Epoch 7: train_loss=0.4607042372226715

[CollapseMonitor] Epoch 7
  [DEBUG] Processed 20 batches from val_dataloader
  [DEBUG] Predictions shape after concat: (1280,)
  [DEBUG] All predictions list length: 20
  [DEBUG] First batch shape: (64,)
  Pred std: 0.002708, range: 0.017942, mean: 0.027447
  Pos: 100.0%, Neg: 0.0%, Unique: 1142
  Saved validation predictions to: experiments/01_staleness_features_fixed/sweep_stale_h18_drop0.30_lr3/collapse_monitoring/val_predictions_epoch7.npy
  Gradient norms:
    lstm_encoder: 0.003265
    lstm_decoder: 0.002315
    multihead_attn: 0.001649
    output_layer: 0.114613
  VSN output std:
    encoder: 0.146857
  Attention entropy: 2.981028
  Saved to: experiments/01_staleness_features_fixed/sweep_stale_h18_drop0.30_lr3/collapse_monitoring/collapse_monitor_epoch7.json
Epoch 8: val_loss=0.44770359992980957
Epoch 8: train_loss=0.4582329988479614

[CollapseMonitor] Epoch 8
  [DEBUG] Processed 20 batches from val_dataloader
  [DEBUG] Predictions shape after concat: (1280,)
  [DEBUG] All predictions list length: 20
  [DEBUG] First batch shape: (64,)
  Pred std: 0.003210, range: 0.020820, mean: 0.045040
  Pos: 100.0%, Neg: 0.0%, Unique: 1139
  Saved validation predictions to: experiments/01_staleness_features_fixed/sweep_stale_h18_drop0.30_lr3/collapse_monitoring/val_predictions_epoch8.npy
  Gradient norms:
    lstm_encoder: 0.003532
    lstm_decoder: 0.002375
    multihead_attn: 0.001551
    output_layer: 0.107980
  VSN output std:
    encoder: 0.139624
  Attention entropy: 2.976034
  Saved to: experiments/01_staleness_features_fixed/sweep_stale_h18_drop0.30_lr3/collapse_monitoring/collapse_monitor_epoch8.json
Epoch 9: val_loss=0.4455331861972809
Epoch 9: train_loss=0.45581167936325073

[CollapseMonitor] Epoch 9
  [DEBUG] Processed 20 batches from val_dataloader
  [DEBUG] Predictions shape after concat: (1280,)
  [DEBUG] All predictions list length: 20
  [DEBUG] First batch shape: (64,)
  Pred std: 0.004258, range: 0.025355, mean: 0.041120
  Pos: 100.0%, Neg: 0.0%, Unique: 1197
  Saved validation predictions to: experiments/01_staleness_features_fixed/sweep_stale_h18_drop0.30_lr3/collapse_monitoring/val_predictions_epoch9.npy
  Gradient norms:
    lstm_encoder: 0.003799
    lstm_decoder: 0.002524
    multihead_attn: 0.001451
    output_layer: 0.103010
  VSN output std:
    encoder: 0.129613
  Attention entropy: 2.967184
  Saved to: experiments/01_staleness_features_fixed/sweep_stale_h18_drop0.30_lr3/collapse_monitoring/collapse_monitor_epoch9.json
Epoch 10: val_loss=0.44277387857437134
Epoch 10: train_loss=0.45318835973739624

[CollapseMonitor] Epoch 10
  [DEBUG] Processed 20 batches from val_dataloader
  [DEBUG] Predictions shape after concat: (1280,)
  [DEBUG] All predictions list length: 20
  [DEBUG] First batch shape: (64,)
  Pred std: 0.005528, range: 0.029084, mean: 0.042732
  Pos: 100.0%, Neg: 0.0%, Unique: 1217
  Saved validation predictions to: experiments/01_staleness_features_fixed/sweep_stale_h18_drop0.30_lr3/collapse_monitoring/val_predictions_epoch10.npy
  Gradient norms:
    lstm_encoder: 0.004429
    lstm_decoder: 0.002658
    multihead_attn: 0.001410
    output_layer: 0.100571
  VSN output std:
    encoder: 0.118931
  Attention entropy: 2.955669
  Saved to: experiments/01_staleness_features_fixed/sweep_stale_h18_drop0.30_lr3/collapse_monitoring/collapse_monitor_epoch10.json
Epoch 11: val_loss=0.4395715594291687
Epoch 11: train_loss=0.45079535245895386

[CollapseMonitor] Epoch 11
  [DEBUG] Processed 20 batches from val_dataloader
  [DEBUG] Predictions shape after concat: (1280,)
  [DEBUG] All predictions list length: 20
  [DEBUG] First batch shape: (64,)
  Pred std: 0.006177, range: 0.028480, mean: 0.028081
  Pos: 100.0%, Neg: 0.0%, Unique: 1227
  Saved validation predictions to: experiments/01_staleness_features_fixed/sweep_stale_h18_drop0.30_lr3/collapse_monitoring/val_predictions_epoch11.npy
  Gradient norms:
    lstm_encoder: 0.004743
    lstm_decoder: 0.002870
    multihead_attn: 0.001372
    output_layer: 0.097770
  VSN output std:
    encoder: 0.118788
  Attention entropy: 2.943796
  Saved to: experiments/01_staleness_features_fixed/sweep_stale_h18_drop0.30_lr3/collapse_monitoring/collapse_monitor_epoch11.json
Epoch 12: val_loss=0.43630218505859375
Epoch 12: train_loss=0.4475770890712738

[CollapseMonitor] Epoch 12
  [DEBUG] Processed 20 batches from val_dataloader
  [DEBUG] Predictions shape after concat: (1280,)
  [DEBUG] All predictions list length: 20
  [DEBUG] First batch shape: (64,)
  Pred std: 0.007403, range: 0.031305, mean: 0.051011
  Pos: 100.0%, Neg: 0.0%, Unique: 1241
  Saved validation predictions to: experiments/01_staleness_features_fixed/sweep_stale_h18_drop0.30_lr3/collapse_monitoring/val_predictions_epoch12.npy
  Gradient norms:
    lstm_encoder: 0.005131
    lstm_decoder: 0.003114
    multihead_attn: 0.001302
    output_layer: 0.105616
  VSN output std:
    encoder: 0.128273
  Attention entropy: 2.932310
  Saved to: experiments/01_staleness_features_fixed/sweep_stale_h18_drop0.30_lr3/collapse_monitoring/collapse_monitor_epoch12.json
Epoch 13: val_loss=0.4343096613883972
Epoch 13: train_loss=0.4453641176223755

[CollapseMonitor] Epoch 13
  [DEBUG] Processed 20 batches from val_dataloader
  [DEBUG] Predictions shape after concat: (1280,)
  [DEBUG] All predictions list length: 20
  [DEBUG] First batch shape: (64,)
  Pred std: 0.006323, range: 0.030888, mean: 0.028764
  Pos: 100.0%, Neg: 0.0%, Unique: 1236
  Saved validation predictions to: experiments/01_staleness_features_fixed/sweep_stale_h18_drop0.30_lr3/collapse_monitoring/val_predictions_epoch13.npy
  Gradient norms:
    lstm_encoder: 0.005877
    lstm_decoder: 0.003402
    multihead_attn: 0.001307
    output_layer: 0.105901
  VSN output std:
    encoder: 0.138742
  Attention entropy: 2.929615
  Saved to: experiments/01_staleness_features_fixed/sweep_stale_h18_drop0.30_lr3/collapse_monitoring/collapse_monitor_epoch13.json
Epoch 14: val_loss=0.43252938985824585
Epoch 14: train_loss=0.443761944770813

[CollapseMonitor] Epoch 14
  [DEBUG] Processed 20 batches from val_dataloader
  [DEBUG] Predictions shape after concat: (1280,)
  [DEBUG] All predictions list length: 20
  [DEBUG] First batch shape: (64,)
  Pred std: 0.005684, range: 0.031250, mean: 0.022091
  Pos: 100.0%, Neg: 0.0%, Unique: 1238
  Saved validation predictions to: experiments/01_staleness_features_fixed/sweep_stale_h18_drop0.30_lr3/collapse_monitoring/val_predictions_epoch14.npy
  Gradient norms:
    lstm_encoder: 0.006282
    lstm_decoder: 0.003607
    multihead_attn: 0.001223
    output_layer: 0.106835
  VSN output std:
    encoder: 0.153764
  Attention entropy: 2.925671
  Saved to: experiments/01_staleness_features_fixed/sweep_stale_h18_drop0.30_lr3/collapse_monitoring/collapse_monitor_epoch14.json
Epoch 15: val_loss=0.4304432272911072
Epoch 15: train_loss=0.4439644515514374

[CollapseMonitor] Epoch 15
  [DEBUG] Processed 20 batches from val_dataloader
  [DEBUG] Predictions shape after concat: (1280,)
  [DEBUG] All predictions list length: 20
  [DEBUG] First batch shape: (64,)
  Pred std: 0.005542, range: 0.031995, mean: 0.042933
  Pos: 100.0%, Neg: 0.0%, Unique: 1243
  Saved validation predictions to: experiments/01_staleness_features_fixed/sweep_stale_h18_drop0.30_lr3/collapse_monitoring/val_predictions_epoch15.npy
  Gradient norms:
    lstm_encoder: 0.006307
    lstm_decoder: 0.003662
    multihead_attn: 0.001180
    output_layer: 0.102735
  VSN output std:
    encoder: 0.165681
  Attention entropy: 2.920340
  Saved to: experiments/01_staleness_features_fixed/sweep_stale_h18_drop0.30_lr3/collapse_monitoring/collapse_monitor_epoch15.json
Epoch 16: val_loss=0.4287468492984772
Epoch 16: train_loss=0.4433566629886627

[CollapseMonitor] Epoch 16
  [DEBUG] Processed 20 batches from val_dataloader
  [DEBUG] Predictions shape after concat: (1280,)
  [DEBUG] All predictions list length: 20
  [DEBUG] First batch shape: (64,)
  Pred std: 0.005234, range: 0.032492, mean: 0.040832
  Pos: 100.0%, Neg: 0.0%, Unique: 1212
  Saved validation predictions to: experiments/01_staleness_features_fixed/sweep_stale_h18_drop0.30_lr3/collapse_monitoring/val_predictions_epoch16.npy
  Gradient norms:
    lstm_encoder: 0.006675
    lstm_decoder: 0.004014
    multihead_attn: 0.001132
    output_layer: 0.099469
  VSN output std:
    encoder: 0.179211
  Attention entropy: 2.915859
  Saved to: experiments/01_staleness_features_fixed/sweep_stale_h18_drop0.30_lr3/collapse_monitoring/collapse_monitor_epoch16.json
Epoch 17: val_loss=0.42748817801475525
Epoch 17: train_loss=0.4418724477291107

[CollapseMonitor] Epoch 17
  [DEBUG] Processed 20 batches from val_dataloader
  [DEBUG] Predictions shape after concat: (1280,)
  [DEBUG] All predictions list length: 20
  [DEBUG] First batch shape: (64,)
  Pred std: 0.005538, range: 0.034242, mean: 0.045097
  Pos: 100.0%, Neg: 0.0%, Unique: 1229
  Saved validation predictions to: experiments/01_staleness_features_fixed/sweep_stale_h18_drop0.30_lr3/collapse_monitoring/val_predictions_epoch17.npy
  Gradient norms:
    lstm_encoder: 0.006667
    lstm_decoder: 0.003984
    multihead_attn: 0.001133
    output_layer: 0.100921
  VSN output std:
    encoder: 0.182325
  Attention entropy: 2.919909
  Saved to: experiments/01_staleness_features_fixed/sweep_stale_h18_drop0.30_lr3/collapse_monitoring/collapse_monitor_epoch17.json
Epoch 18: val_loss=0.4263180196285248
Epoch 18: train_loss=0.4396415948867798

[CollapseMonitor] Epoch 18
  [DEBUG] Processed 20 batches from val_dataloader
  [DEBUG] Predictions shape after concat: (1280,)
  [DEBUG] All predictions list length: 20
  [DEBUG] First batch shape: (64,)
  Pred std: 0.006578, range: 0.037874, mean: 0.019072
  Pos: 100.0%, Neg: 0.0%, Unique: 1217
  Saved validation predictions to: experiments/01_staleness_features_fixed/sweep_stale_h18_drop0.30_lr3/collapse_monitoring/val_predictions_epoch18.npy
  Gradient norms:
    lstm_encoder: 0.007211
    lstm_decoder: 0.004178
    multihead_attn: 0.001097
    output_layer: 0.101465
  VSN output std:
    encoder: 0.180920
  Attention entropy: 2.919064
  Saved to: experiments/01_staleness_features_fixed/sweep_stale_h18_drop0.30_lr3/collapse_monitoring/collapse_monitor_epoch18.json
Epoch 19: val_loss=0.42517146468162537
Epoch 19: train_loss=0.43833425641059875

[CollapseMonitor] Epoch 19
  [DEBUG] Processed 20 batches from val_dataloader
  [DEBUG] Predictions shape after concat: (1280,)
  [DEBUG] All predictions list length: 20
  [DEBUG] First batch shape: (64,)
  Pred std: 0.006315, range: 0.036955, mean: 0.029650
  Pos: 100.0%, Neg: 0.0%, Unique: 1215
  Saved validation predictions to: experiments/01_staleness_features_fixed/sweep_stale_h18_drop0.30_lr3/collapse_monitoring/val_predictions_epoch19.npy
  Gradient norms:
    lstm_encoder: 0.006988
    lstm_decoder: 0.004319
    multihead_attn: 0.001073
    output_layer: 0.095685
  VSN output std:
    encoder: 0.181664
  Attention entropy: 2.921220
  Saved to: experiments/01_staleness_features_fixed/sweep_stale_h18_drop0.30_lr3/collapse_monitoring/collapse_monitor_epoch19.json
Epoch 20: val_loss=0.424018532037735
Epoch 20: train_loss=0.43788450956344604

[CollapseMonitor] Epoch 20
  [DEBUG] Processed 20 batches from val_dataloader
  [DEBUG] Predictions shape after concat: (1280,)
  [DEBUG] All predictions list length: 20
  [DEBUG] First batch shape: (64,)
  Pred std: 0.006292, range: 0.035498, mean: 0.036012
  Pos: 100.0%, Neg: 0.0%, Unique: 1223
  Saved validation predictions to: experiments/01_staleness_features_fixed/sweep_stale_h18_drop0.30_lr3/collapse_monitoring/val_predictions_epoch20.npy
  Gradient norms:
    lstm_encoder: 0.007674
    lstm_decoder: 0.004489
    multihead_attn: 0.001038
    output_layer: 0.099384
  VSN output std:
    encoder: 0.175792
  Attention entropy: 2.924290
  Saved to: experiments/01_staleness_features_fixed/sweep_stale_h18_drop0.30_lr3/collapse_monitoring/collapse_monitor_epoch20.json
Epoch 21: val_loss=0.42286816239356995
Epoch 21: train_loss=0.4379175007343292

[CollapseMonitor] Epoch 21
  [DEBUG] Processed 20 batches from val_dataloader
  [DEBUG] Predictions shape after concat: (1280,)
  [DEBUG] All predictions list length: 20
  [DEBUG] First batch shape: (64,)
  Pred std: 0.006474, range: 0.037444, mean: 0.034181
  Pos: 100.0%, Neg: 0.0%, Unique: 1203
  Saved validation predictions to: experiments/01_staleness_features_fixed/sweep_stale_h18_drop0.30_lr3/collapse_monitoring/val_predictions_epoch21.npy
  Gradient norms:
    lstm_encoder: 0.007703
    lstm_decoder: 0.004692
    multihead_attn: 0.001041
    output_layer: 0.093145
  VSN output std:
    encoder: 0.178610
  Attention entropy: 2.928104
  Saved to: experiments/01_staleness_features_fixed/sweep_stale_h18_drop0.30_lr3/collapse_monitoring/collapse_monitor_epoch21.json
Epoch 22: val_loss=0.4218745827674866
Epoch 22: train_loss=0.435782253742218

[CollapseMonitor] Epoch 22
  [DEBUG] Processed 20 batches from val_dataloader
  [DEBUG] Predictions shape after concat: (1280,)
  [DEBUG] All predictions list length: 20
  [DEBUG] First batch shape: (64,)
  Pred std: 0.005305, range: 0.033406, mean: 0.033839
  Pos: 100.0%, Neg: 0.0%, Unique: 1213
  Saved validation predictions to: experiments/01_staleness_features_fixed/sweep_stale_h18_drop0.30_lr3/collapse_monitoring/val_predictions_epoch22.npy
  Gradient norms:
    lstm_encoder: 0.008031
    lstm_decoder: 0.004895
    multihead_attn: 0.001042
    output_layer: 0.106672
  VSN output std:
    encoder: 0.179964
  Attention entropy: 2.929851
  Saved to: experiments/01_staleness_features_fixed/sweep_stale_h18_drop0.30_lr3/collapse_monitoring/collapse_monitor_epoch22.json
Epoch 23: val_loss=0.4205731451511383
Epoch 23: train_loss=0.4363591969013214

[CollapseMonitor] Epoch 23
  [DEBUG] Processed 20 batches from val_dataloader
  [DEBUG] Predictions shape after concat: (1280,)
  [DEBUG] All predictions list length: 20
  [DEBUG] First batch shape: (64,)
  Pred std: 0.008160, range: 0.043150, mean: 0.028090
  Pos: 100.0%, Neg: 0.0%, Unique: 1210
  Saved validation predictions to: experiments/01_staleness_features_fixed/sweep_stale_h18_drop0.30_lr3/collapse_monitoring/val_predictions_epoch23.npy
  Gradient norms:
    lstm_encoder: 0.007683
    lstm_decoder: 0.004814
    multihead_attn: 0.001007
    output_layer: 0.097307
  VSN output std:
    encoder: 0.188261
  Attention entropy: 2.937365
  Saved to: experiments/01_staleness_features_fixed/sweep_stale_h18_drop0.30_lr3/collapse_monitoring/collapse_monitor_epoch23.json
Epoch 24: val_loss=0.4190564751625061
Epoch 24: train_loss=0.4340316355228424

[CollapseMonitor] Epoch 24
  [DEBUG] Processed 20 batches from val_dataloader
  [DEBUG] Predictions shape after concat: (1280,)
  [DEBUG] All predictions list length: 20
  [DEBUG] First batch shape: (64,)
  Pred std: 0.006460, range: 0.040336, mean: 0.043929
  Pos: 100.0%, Neg: 0.0%, Unique: 1203
  Saved validation predictions to: experiments/01_staleness_features_fixed/sweep_stale_h18_drop0.30_lr3/collapse_monitoring/val_predictions_epoch24.npy
  Gradient norms:
    lstm_encoder: 0.008972
    lstm_decoder: 0.005411
    multihead_attn: 0.001016
    output_layer: 0.103868
  VSN output std:
    encoder: 0.188900
  Attention entropy: 2.945001
  Saved to: experiments/01_staleness_features_fixed/sweep_stale_h18_drop0.30_lr3/collapse_monitoring/collapse_monitor_epoch24.json
Epoch 25: val_loss=0.41795140504837036
Epoch 25: train_loss=0.4324215054512024

[CollapseMonitor] Epoch 25
  [DEBUG] Processed 20 batches from val_dataloader
  [DEBUG] Predictions shape after concat: (1280,)
  [DEBUG] All predictions list length: 20
  [DEBUG] First batch shape: (64,)
  Pred std: 0.010505, range: 0.049000, mean: 0.043160
  Pos: 100.0%, Neg: 0.0%, Unique: 1210
  Saved validation predictions to: experiments/01_staleness_features_fixed/sweep_stale_h18_drop0.30_lr3/collapse_monitoring/val_predictions_epoch25.npy
  Gradient norms:
    lstm_encoder: 0.008979
    lstm_decoder: 0.005565
    multihead_attn: 0.001047
    output_layer: 0.102371
  VSN output std:
    encoder: 0.186899
  Attention entropy: 2.953687
  Saved to: experiments/01_staleness_features_fixed/sweep_stale_h18_drop0.30_lr3/collapse_monitoring/collapse_monitor_epoch25.json
Epoch 26: val_loss=0.41682830452919006
Epoch 26: train_loss=0.4325622022151947

[CollapseMonitor] Epoch 26
  [DEBUG] Processed 20 batches from val_dataloader
  [DEBUG] Predictions shape after concat: (1280,)
  [DEBUG] All predictions list length: 20
  [DEBUG] First batch shape: (64,)
  Pred std: 0.006869, range: 0.042895, mean: 0.045300
  Pos: 100.0%, Neg: 0.0%, Unique: 1218
  Saved validation predictions to: experiments/01_staleness_features_fixed/sweep_stale_h18_drop0.30_lr3/collapse_monitoring/val_predictions_epoch26.npy
  Gradient norms:
    lstm_encoder: 0.009536
    lstm_decoder: 0.005584
    multihead_attn: 0.001102
    output_layer: 0.101765
  VSN output std:
    encoder: 0.192415
  Attention entropy: 2.957575
  Saved to: experiments/01_staleness_features_fixed/sweep_stale_h18_drop0.30_lr3/collapse_monitoring/collapse_monitor_epoch26.json
Epoch 27: val_loss=0.4158804416656494
Epoch 27: train_loss=0.43179869651794434

[CollapseMonitor] Epoch 27
  [DEBUG] Processed 20 batches from val_dataloader
  [DEBUG] Predictions shape after concat: (1280,)
  [DEBUG] All predictions list length: 20
  [DEBUG] First batch shape: (64,)
  Pred std: 0.012755, range: 0.054969, mean: 0.031353
  Pos: 100.0%, Neg: 0.0%, Unique: 1214
  Saved validation predictions to: experiments/01_staleness_features_fixed/sweep_stale_h18_drop0.30_lr3/collapse_monitoring/val_predictions_epoch27.npy
  Gradient norms:
    lstm_encoder: 0.009512
    lstm_decoder: 0.005973
    multihead_attn: 0.001097
    output_layer: 0.106604
  VSN output std:
    encoder: 0.186541
  Attention entropy: 2.957584
  Saved to: experiments/01_staleness_features_fixed/sweep_stale_h18_drop0.30_lr3/collapse_monitoring/collapse_monitor_epoch27.json
Epoch 28: val_loss=0.41467171907424927
Epoch 28: train_loss=0.4314698278903961

[CollapseMonitor] Epoch 28
  [DEBUG] Processed 20 batches from val_dataloader
  [DEBUG] Predictions shape after concat: (1280,)
  [DEBUG] All predictions list length: 20
  [DEBUG] First batch shape: (64,)
  Pred std: 0.012571, range: 0.053981, mean: 0.034104
  Pos: 100.0%, Neg: 0.0%, Unique: 1225
  Saved validation predictions to: experiments/01_staleness_features_fixed/sweep_stale_h18_drop0.30_lr3/collapse_monitoring/val_predictions_epoch28.npy
  Gradient norms:
    lstm_encoder: 0.009862
    lstm_decoder: 0.006074
    multihead_attn: 0.001119
    output_layer: 0.096801
  VSN output std:
    encoder: 0.193383
  Attention entropy: 2.957751
  Saved to: experiments/01_staleness_features_fixed/sweep_stale_h18_drop0.30_lr3/collapse_monitoring/collapse_monitor_epoch28.json
Epoch 29: val_loss=0.41438421607017517
Epoch 29: train_loss=0.4291232228279114

[CollapseMonitor] Epoch 29
  [DEBUG] Processed 20 batches from val_dataloader
  [DEBUG] Predictions shape after concat: (1280,)
  [DEBUG] All predictions list length: 20
  [DEBUG] First batch shape: (64,)
  Pred std: 0.016990, range: 0.068015, mean: 0.024806
  Pos: 100.0%, Neg: 0.0%, Unique: 1219
  Saved validation predictions to: experiments/01_staleness_features_fixed/sweep_stale_h18_drop0.30_lr3/collapse_monitoring/val_predictions_epoch29.npy
  Gradient norms:
    lstm_encoder: 0.010102
    lstm_decoder: 0.006234
    multihead_attn: 0.001222
    output_layer: 0.096937
  VSN output std:
    encoder: 0.198802
  Attention entropy: 2.963754
  Saved to: experiments/01_staleness_features_fixed/sweep_stale_h18_drop0.30_lr3/collapse_monitoring/collapse_monitor_epoch29.json
Epoch 30: val_loss=0.41304534673690796
Epoch 30: train_loss=0.4291660487651825

[CollapseMonitor] Epoch 30
  [DEBUG] Processed 20 batches from val_dataloader
  [DEBUG] Predictions shape after concat: (1280,)
  [DEBUG] All predictions list length: 20
  [DEBUG] First batch shape: (64,)
  Pred std: 0.016260, range: 0.067716, mean: 0.044126
  Pos: 100.0%, Neg: 0.0%, Unique: 1236
  Saved validation predictions to: experiments/01_staleness_features_fixed/sweep_stale_h18_drop0.30_lr3/collapse_monitoring/val_predictions_epoch30.npy
  Gradient norms:
    lstm_encoder: 0.009644
    lstm_decoder: 0.006181
    multihead_attn: 0.001224
    output_layer: 0.097314
  VSN output std:
    encoder: 0.203825
  Attention entropy: 2.962887
  Saved to: experiments/01_staleness_features_fixed/sweep_stale_h18_drop0.30_lr3/collapse_monitoring/collapse_monitor_epoch30.json
Epoch 31: val_loss=0.4126373827457428
Epoch 31: train_loss=0.42790359258651733

[CollapseMonitor] Epoch 31
  [DEBUG] Processed 20 batches from val_dataloader
  [DEBUG] Predictions shape after concat: (1280,)
  [DEBUG] All predictions list length: 20
  [DEBUG] First batch shape: (64,)
  Pred std: 0.014171, range: 0.068566, mean: 0.027736
  Pos: 100.0%, Neg: 0.0%, Unique: 1219
  Saved validation predictions to: experiments/01_staleness_features_fixed/sweep_stale_h18_drop0.30_lr3/collapse_monitoring/val_predictions_epoch31.npy
  Gradient norms:
    lstm_encoder: 0.009931
    lstm_decoder: 0.006412
    multihead_attn: 0.001231
    output_layer: 0.101881
  VSN output std:
    encoder: 0.204722
  Attention entropy: 2.961958
  Saved to: experiments/01_staleness_features_fixed/sweep_stale_h18_drop0.30_lr3/collapse_monitoring/collapse_monitor_epoch31.json
Epoch 32: val_loss=0.4112202227115631
Epoch 32: train_loss=0.4287887215614319

[CollapseMonitor] Epoch 32
  [DEBUG] Processed 20 batches from val_dataloader
  [DEBUG] Predictions shape after concat: (1280,)
  [DEBUG] All predictions list length: 20
  [DEBUG] First batch shape: (64,)
  Pred std: 0.020413, range: 0.090187, mean: 0.038001
  Pos: 100.0%, Neg: 0.0%, Unique: 1237
  Saved validation predictions to: experiments/01_staleness_features_fixed/sweep_stale_h18_drop0.30_lr3/collapse_monitoring/val_predictions_epoch32.npy
  Gradient norms:
    lstm_encoder: 0.010240
    lstm_decoder: 0.006333
    multihead_attn: 0.001226
    output_layer: 0.106369
  VSN output std:
    encoder: 0.203784
  Attention entropy: 2.960747
  Saved to: experiments/01_staleness_features_fixed/sweep_stale_h18_drop0.30_lr3/collapse_monitoring/collapse_monitor_epoch32.json
Epoch 33: val_loss=0.41122204065322876
Epoch 33: train_loss=0.42814067006111145

[CollapseMonitor] Epoch 33
  [DEBUG] Processed 20 batches from val_dataloader
  [DEBUG] Predictions shape after concat: (1280,)
  [DEBUG] All predictions list length: 20
  [DEBUG] First batch shape: (64,)
  Pred std: 0.017206, range: 0.078733, mean: 0.049410
  Pos: 100.0%, Neg: 0.0%, Unique: 1241
  Saved validation predictions to: experiments/01_staleness_features_fixed/sweep_stale_h18_drop0.30_lr3/collapse_monitoring/val_predictions_epoch33.npy
  Gradient norms:
    lstm_encoder: 0.011217
    lstm_decoder: 0.007219
    multihead_attn: 0.001219
    output_layer: 0.109579
  VSN output std:
    encoder: 0.202580
  Attention entropy: 2.961767
  Saved to: experiments/01_staleness_features_fixed/sweep_stale_h18_drop0.30_lr3/collapse_monitoring/collapse_monitor_epoch33.json
Epoch 34: val_loss=0.4108334481716156
Epoch 34: train_loss=0.4276685416698456

[CollapseMonitor] Epoch 34
  [DEBUG] Processed 20 batches from val_dataloader
  [DEBUG] Predictions shape after concat: (1280,)
  [DEBUG] All predictions list length: 20
  [DEBUG] First batch shape: (64,)
  Pred std: 0.020147, range: 0.092902, mean: 0.025066
  Pos: 100.0%, Neg: 0.0%, Unique: 1237
  Saved validation predictions to: experiments/01_staleness_features_fixed/sweep_stale_h18_drop0.30_lr3/collapse_monitoring/val_predictions_epoch34.npy
  Gradient norms:
    lstm_encoder: 0.010537
    lstm_decoder: 0.006761
    multihead_attn: 0.001221
    output_layer: 0.106924
  VSN output std:
    encoder: 0.208363
  Attention entropy: 2.963654
  Saved to: experiments/01_staleness_features_fixed/sweep_stale_h18_drop0.30_lr3/collapse_monitoring/collapse_monitor_epoch34.json
Epoch 35: val_loss=0.40969976782798767
Epoch 35: train_loss=0.4269673228263855

[CollapseMonitor] Epoch 35
  [DEBUG] Processed 20 batches from val_dataloader
  [DEBUG] Predictions shape after concat: (1280,)
  [DEBUG] All predictions list length: 20
  [DEBUG] First batch shape: (64,)
  Pred std: 0.016020, range: 0.080164, mean: 0.037522
  Pos: 100.0%, Neg: 0.0%, Unique: 1234
  Saved validation predictions to: experiments/01_staleness_features_fixed/sweep_stale_h18_drop0.30_lr3/collapse_monitoring/val_predictions_epoch35.npy
  Gradient norms:
    lstm_encoder: 0.010901
    lstm_decoder: 0.007155
    multihead_attn: 0.001250
    output_layer: 0.105289
  VSN output std:
    encoder: 0.206330
  Attention entropy: 2.960027
  Saved to: experiments/01_staleness_features_fixed/sweep_stale_h18_drop0.30_lr3/collapse_monitoring/collapse_monitor_epoch35.json
Epoch 36: val_loss=0.4098908007144928
Epoch 36: train_loss=0.427266389131546

[CollapseMonitor] Epoch 36
  [DEBUG] Processed 20 batches from val_dataloader
  [DEBUG] Predictions shape after concat: (1280,)
  [DEBUG] All predictions list length: 20
  [DEBUG] First batch shape: (64,)
  Pred std: 0.019910, range: 0.096367, mean: 0.047251
  Pos: 100.0%, Neg: 0.0%, Unique: 1232
  Saved validation predictions to: experiments/01_staleness_features_fixed/sweep_stale_h18_drop0.30_lr3/collapse_monitoring/val_predictions_epoch36.npy
  Gradient norms:
    lstm_encoder: 0.010608
    lstm_decoder: 0.006979
    multihead_attn: 0.001228
    output_layer: 0.103548
  VSN output std:
    encoder: 0.206133
  Attention entropy: 2.959228
  Saved to: experiments/01_staleness_features_fixed/sweep_stale_h18_drop0.30_lr3/collapse_monitoring/collapse_monitor_epoch36.json
Epoch 37: val_loss=0.4091646075248718
Epoch 37: train_loss=0.4264875650405884

[CollapseMonitor] Epoch 37
  [DEBUG] Processed 20 batches from val_dataloader
  [DEBUG] Predictions shape after concat: (1280,)
  [DEBUG] All predictions list length: 20
  [DEBUG] First batch shape: (64,)
  Pred std: 0.014866, range: 0.077190, mean: 0.058319
  Pos: 100.0%, Neg: 0.0%, Unique: 1230
  Saved validation predictions to: experiments/01_staleness_features_fixed/sweep_stale_h18_drop0.30_lr3/collapse_monitoring/val_predictions_epoch37.npy
  Gradient norms:
    lstm_encoder: 0.012001
    lstm_decoder: 0.007603
    multihead_attn: 0.001203
    output_layer: 0.102177
  VSN output std:
    encoder: 0.209700
  Attention entropy: 2.959402
  Saved to: experiments/01_staleness_features_fixed/sweep_stale_h18_drop0.30_lr3/collapse_monitoring/collapse_monitor_epoch37.json
Epoch 38: val_loss=0.4083818793296814
Epoch 38: train_loss=0.4264344573020935

[CollapseMonitor] Epoch 38
  [DEBUG] Processed 20 batches from val_dataloader
  [DEBUG] Predictions shape after concat: (1280,)
  [DEBUG] All predictions list length: 20
  [DEBUG] First batch shape: (64,)
  Pred std: 0.019248, range: 0.098163, mean: 0.035307
  Pos: 100.0%, Neg: 0.0%, Unique: 1231
  Saved validation predictions to: experiments/01_staleness_features_fixed/sweep_stale_h18_drop0.30_lr3/collapse_monitoring/val_predictions_epoch38.npy
  Gradient norms:
    lstm_encoder: 0.011475
    lstm_decoder: 0.007494
    multihead_attn: 0.001121
    output_layer: 0.101666
  VSN output std:
    encoder: 0.210459
  Attention entropy: 2.960628
  Saved to: experiments/01_staleness_features_fixed/sweep_stale_h18_drop0.30_lr3/collapse_monitoring/collapse_monitor_epoch38.json
Epoch 39: val_loss=0.40824636816978455
Epoch 39: train_loss=0.42600083351135254

[CollapseMonitor] Epoch 39
  [DEBUG] Processed 20 batches from val_dataloader
  [DEBUG] Predictions shape after concat: (1280,)
  [DEBUG] All predictions list length: 20
  [DEBUG] First batch shape: (64,)
  Pred std: 0.024425, range: 0.119359, mean: 0.041629
  Pos: 100.0%, Neg: 0.0%, Unique: 1249
  Saved validation predictions to: experiments/01_staleness_features_fixed/sweep_stale_h18_drop0.30_lr3/collapse_monitoring/val_predictions_epoch39.npy
  Gradient norms:
    lstm_encoder: 0.011882
    lstm_decoder: 0.007802
    multihead_attn: 0.001139
    output_layer: 0.102118
  VSN output std:
    encoder: 0.210510
  Attention entropy: 2.961602
  Saved to: experiments/01_staleness_features_fixed/sweep_stale_h18_drop0.30_lr3/collapse_monitoring/collapse_monitor_epoch39.json
Epoch 40: val_loss=0.4075109362602234
Epoch 40: train_loss=0.4258458614349365

[CollapseMonitor] Epoch 40
  [DEBUG] Processed 20 batches from val_dataloader
  [DEBUG] Predictions shape after concat: (1280,)
  [DEBUG] All predictions list length: 20
  [DEBUG] First batch shape: (64,)
  Pred std: 0.025937, range: 0.129429, mean: 0.033664
  Pos: 100.0%, Neg: 0.0%, Unique: 1245
  Saved validation predictions to: experiments/01_staleness_features_fixed/sweep_stale_h18_drop0.30_lr3/collapse_monitoring/val_predictions_epoch40.npy
  Gradient norms:
    lstm_encoder: 0.011918
    lstm_decoder: 0.007856
    multihead_attn: 0.001131
    output_layer: 0.102991
  VSN output std:
    encoder: 0.210573
  Attention entropy: 2.959204
  Saved to: experiments/01_staleness_features_fixed/sweep_stale_h18_drop0.30_lr3/collapse_monitoring/collapse_monitor_epoch40.json
Epoch 41: val_loss=0.40723124146461487
Epoch 41: train_loss=0.4258112907409668

[CollapseMonitor] Epoch 41
  [DEBUG] Processed 20 batches from val_dataloader
  [DEBUG] Predictions shape after concat: (1280,)
  [DEBUG] All predictions list length: 20
  [DEBUG] First batch shape: (64,)
  Pred std: 0.027363, range: 0.137141, mean: 0.039247
  Pos: 100.0%, Neg: 0.0%, Unique: 1255
  Saved validation predictions to: experiments/01_staleness_features_fixed/sweep_stale_h18_drop0.30_lr3/collapse_monitoring/val_predictions_epoch41.npy
  Gradient norms:
    lstm_encoder: 0.011406
    lstm_decoder: 0.007346
    multihead_attn: 0.001057
    output_layer: 0.102021
  VSN output std:
    encoder: 0.209161
  Attention entropy: 2.959824
  Saved to: experiments/01_staleness_features_fixed/sweep_stale_h18_drop0.30_lr3/collapse_monitoring/collapse_monitor_epoch41.json
Epoch 42: val_loss=0.40785056352615356
Epoch 42: train_loss=0.42551228404045105

[CollapseMonitor] Epoch 42
  [DEBUG] Processed 20 batches from val_dataloader
  [DEBUG] Predictions shape after concat: (1280,)
  [DEBUG] All predictions list length: 20
  [DEBUG] First batch shape: (64,)
  Pred std: 0.025140, range: 0.131291, mean: 0.041361
  Pos: 100.0%, Neg: 0.0%, Unique: 1248
  Saved validation predictions to: experiments/01_staleness_features_fixed/sweep_stale_h18_drop0.30_lr3/collapse_monitoring/val_predictions_epoch42.npy
  Gradient norms:
    lstm_encoder: 0.012445
    lstm_decoder: 0.007881
    multihead_attn: 0.001113
    output_layer: 0.095787
  VSN output std:
    encoder: 0.204861
  Attention entropy: 2.962028
  Saved to: experiments/01_staleness_features_fixed/sweep_stale_h18_drop0.30_lr3/collapse_monitoring/collapse_monitor_epoch42.json
Epoch 43: val_loss=0.40584617853164673
Epoch 43: train_loss=0.42537790536880493

[CollapseMonitor] Epoch 43
  [DEBUG] Processed 20 batches from val_dataloader
  [DEBUG] Predictions shape after concat: (1280,)
  [DEBUG] All predictions list length: 20
  [DEBUG] First batch shape: (64,)
  Pred std: 0.023877, range: 0.123415, mean: 0.056446
  Pos: 100.0%, Neg: 0.0%, Unique: 1253
  Saved validation predictions to: experiments/01_staleness_features_fixed/sweep_stale_h18_drop0.30_lr3/collapse_monitoring/val_predictions_epoch43.npy
  Gradient norms:
    lstm_encoder: 0.012916
    lstm_decoder: 0.008564
    multihead_attn: 0.001149
    output_layer: 0.103695
  VSN output std:
    encoder: 0.205972
  Attention entropy: 2.962267
  Saved to: experiments/01_staleness_features_fixed/sweep_stale_h18_drop0.30_lr3/collapse_monitoring/collapse_monitor_epoch43.json
Epoch 44: val_loss=0.4061566889286041
Epoch 44: train_loss=0.4239739775657654

[CollapseMonitor] Epoch 44
  [DEBUG] Processed 20 batches from val_dataloader
  [DEBUG] Predictions shape after concat: (1280,)
  [DEBUG] All predictions list length: 20
  [DEBUG] First batch shape: (64,)
  Pred std: 0.023292, range: 0.123046, mean: 0.035890
  Pos: 100.0%, Neg: 0.0%, Unique: 1240
  Saved validation predictions to: experiments/01_staleness_features_fixed/sweep_stale_h18_drop0.30_lr3/collapse_monitoring/val_predictions_epoch44.npy
  Gradient norms:
    lstm_encoder: 0.012666
    lstm_decoder: 0.008140
    multihead_attn: 0.001127
    output_layer: 0.103557
  VSN output std:
    encoder: 0.206742
  Attention entropy: 2.960183
  Saved to: experiments/01_staleness_features_fixed/sweep_stale_h18_drop0.30_lr3/collapse_monitoring/collapse_monitor_epoch44.json
Epoch 45: val_loss=0.4056035876274109
Epoch 45: train_loss=0.42470571398735046

[CollapseMonitor] Epoch 45
  [DEBUG] Processed 20 batches from val_dataloader
  [DEBUG] Predictions shape after concat: (1280,)
  [DEBUG] All predictions list length: 20
  [DEBUG] First batch shape: (64,)
  Pred std: 0.023849, range: 0.125655, mean: 0.043091
  Pos: 100.0%, Neg: 0.0%, Unique: 1250
  Saved validation predictions to: experiments/01_staleness_features_fixed/sweep_stale_h18_drop0.30_lr3/collapse_monitoring/val_predictions_epoch45.npy
  Gradient norms:
    lstm_encoder: 0.012688
    lstm_decoder: 0.008326
    multihead_attn: 0.001049
    output_layer: 0.097952
  VSN output std:
    encoder: 0.208620
  Attention entropy: 2.959943
  Saved to: experiments/01_staleness_features_fixed/sweep_stale_h18_drop0.30_lr3/collapse_monitoring/collapse_monitor_epoch45.json
Epoch 46: val_loss=0.4058913588523865
Epoch 46: train_loss=0.42439863085746765

[CollapseMonitor] Epoch 46
  [DEBUG] Processed 20 batches from val_dataloader
  [DEBUG] Predictions shape after concat: (1280,)
  [DEBUG] All predictions list length: 20
  [DEBUG] First batch shape: (64,)
  Pred std: 0.025436, range: 0.135317, mean: 0.037943
  Pos: 100.0%, Neg: 0.0%, Unique: 1239
  Saved validation predictions to: experiments/01_staleness_features_fixed/sweep_stale_h18_drop0.30_lr3/collapse_monitoring/val_predictions_epoch46.npy
  Gradient norms:
    lstm_encoder: 0.013917
    lstm_decoder: 0.008976
    multihead_attn: 0.001034
    output_layer: 0.104431
  VSN output std:
    encoder: 0.205189
  Attention entropy: 2.962244
  Saved to: experiments/01_staleness_features_fixed/sweep_stale_h18_drop0.30_lr3/collapse_monitoring/collapse_monitor_epoch46.json
Epoch 47: val_loss=0.4050496518611908
Epoch 47: train_loss=0.4239201545715332

[CollapseMonitor] Epoch 47
  [DEBUG] Processed 20 batches from val_dataloader
  [DEBUG] Predictions shape after concat: (1280,)
  [DEBUG] All predictions list length: 20
  [DEBUG] First batch shape: (64,)
  Pred std: 0.023883, range: 0.130608, mean: 0.038299
  Pos: 100.0%, Neg: 0.0%, Unique: 1246
  Saved validation predictions to: experiments/01_staleness_features_fixed/sweep_stale_h18_drop0.30_lr3/collapse_monitoring/val_predictions_epoch47.npy
  Gradient norms:
    lstm_encoder: 0.013655
    lstm_decoder: 0.008678
    multihead_attn: 0.001030
    output_layer: 0.104977
  VSN output std:
    encoder: 0.206414
  Attention entropy: 2.961466
  Saved to: experiments/01_staleness_features_fixed/sweep_stale_h18_drop0.30_lr3/collapse_monitoring/collapse_monitor_epoch47.json
Epoch 48: val_loss=0.40447402000427246
Epoch 48: train_loss=0.42418545484542847

[CollapseMonitor] Epoch 48
  [DEBUG] Processed 20 batches from val_dataloader
  [DEBUG] Predictions shape after concat: (1280,)
  [DEBUG] All predictions list length: 20
  [DEBUG] First batch shape: (64,)
  Pred std: 0.027240, range: 0.145961, mean: 0.057726
  Pos: 100.0%, Neg: 0.0%, Unique: 1223
  Saved validation predictions to: experiments/01_staleness_features_fixed/sweep_stale_h18_drop0.30_lr3/collapse_monitoring/val_predictions_epoch48.npy
  Gradient norms:
    lstm_encoder: 0.013897
    lstm_decoder: 0.008996
    multihead_attn: 0.001052
    output_layer: 0.106801
  VSN output std:
    encoder: 0.206592
  Attention entropy: 2.962474
  Saved to: experiments/01_staleness_features_fixed/sweep_stale_h18_drop0.30_lr3/collapse_monitoring/collapse_monitor_epoch48.json
Epoch 49: val_loss=0.4046093821525574
Epoch 49: train_loss=0.4238373637199402

[CollapseMonitor] Epoch 49
  [DEBUG] Processed 20 batches from val_dataloader
  [DEBUG] Predictions shape after concat: (1280,)
  [DEBUG] All predictions list length: 20
  [DEBUG] First batch shape: (64,)
  Pred std: 0.026353, range: 0.142589, mean: 0.051091
  Pos: 100.0%, Neg: 0.0%, Unique: 1218
  Saved validation predictions to: experiments/01_staleness_features_fixed/sweep_stale_h18_drop0.30_lr3/collapse_monitoring/val_predictions_epoch49.npy
  Gradient norms:
    lstm_encoder: 0.014170
    lstm_decoder: 0.009092
    multihead_attn: 0.001033
    output_layer: 0.101144
  VSN output std:
    encoder: 0.204206
  Attention entropy: 2.960860
  Saved to: experiments/01_staleness_features_fixed/sweep_stale_h18_drop0.30_lr3/collapse_monitoring/collapse_monitor_epoch49.json
Epoch 50: val_loss=0.4046338200569153
Epoch 50: train_loss=0.42295706272125244

[CollapseMonitor] Epoch 50
  [DEBUG] Processed 20 batches from val_dataloader
  [DEBUG] Predictions shape after concat: (1280,)
  [DEBUG] All predictions list length: 20
  [DEBUG] First batch shape: (64,)
  Pred std: 0.029828, range: 0.159216, mean: 0.047787
  Pos: 100.0%, Neg: 0.0%, Unique: 1247
  Saved validation predictions to: experiments/01_staleness_features_fixed/sweep_stale_h18_drop0.30_lr3/collapse_monitoring/val_predictions_epoch50.npy
  Gradient norms:
    lstm_encoder: 0.013876
    lstm_decoder: 0.008318
    multihead_attn: 0.000947
    output_layer: 0.105066
  VSN output std:
    encoder: 0.201063
  Attention entropy: 2.959130
  Saved to: experiments/01_staleness_features_fixed/sweep_stale_h18_drop0.30_lr3/collapse_monitoring/collapse_monitor_epoch50.json
Epoch 51: val_loss=0.4041830599308014
Epoch 51: train_loss=0.4237433075904846

[CollapseMonitor] Epoch 51
  [DEBUG] Processed 20 batches from val_dataloader
  [DEBUG] Predictions shape after concat: (1280,)
  [DEBUG] All predictions list length: 20
  [DEBUG] First batch shape: (64,)
  Pred std: 0.030833, range: 0.160518, mean: 0.049199
  Pos: 100.0%, Neg: 0.0%, Unique: 1234
  Saved validation predictions to: experiments/01_staleness_features_fixed/sweep_stale_h18_drop0.30_lr3/collapse_monitoring/val_predictions_epoch51.npy
  Gradient norms:
    lstm_encoder: 0.015259
    lstm_decoder: 0.009373
    multihead_attn: 0.000952
    output_layer: 0.099717
  VSN output std:
    encoder: 0.193079
  Attention entropy: 2.958699
  Saved to: experiments/01_staleness_features_fixed/sweep_stale_h18_drop0.30_lr3/collapse_monitoring/collapse_monitor_epoch51.json
Epoch 52: val_loss=0.40339773893356323
Epoch 52: train_loss=0.4234309792518616

[CollapseMonitor] Epoch 52
  [DEBUG] Processed 20 batches from val_dataloader
  [DEBUG] Predictions shape after concat: (1280,)
  [DEBUG] All predictions list length: 20
  [DEBUG] First batch shape: (64,)
  Pred std: 0.031769, range: 0.160791, mean: 0.067596
  Pos: 100.0%, Neg: 0.0%, Unique: 1234
  Saved validation predictions to: experiments/01_staleness_features_fixed/sweep_stale_h18_drop0.30_lr3/collapse_monitoring/val_predictions_epoch52.npy
  Gradient norms:
    lstm_encoder: 0.015102
    lstm_decoder: 0.009043
    multihead_attn: 0.000939
    output_layer: 0.105899
  VSN output std:
    encoder: 0.192434
  Attention entropy: 2.957033
  Saved to: experiments/01_staleness_features_fixed/sweep_stale_h18_drop0.30_lr3/collapse_monitoring/collapse_monitor_epoch52.json
Epoch 53: val_loss=0.4032086431980133
Epoch 53: train_loss=0.42320355772972107

[CollapseMonitor] Epoch 53
  [DEBUG] Processed 20 batches from val_dataloader
  [DEBUG] Predictions shape after concat: (1280,)
  [DEBUG] All predictions list length: 20
  [DEBUG] First batch shape: (64,)
  Pred std: 0.033606, range: 0.171800, mean: 0.044184
  Pos: 100.0%, Neg: 0.0%, Unique: 1239
  Saved validation predictions to: experiments/01_staleness_features_fixed/sweep_stale_h18_drop0.30_lr3/collapse_monitoring/val_predictions_epoch53.npy
  Gradient norms:
    lstm_encoder: 0.015606
    lstm_decoder: 0.009364
    multihead_attn: 0.000973
    output_layer: 0.104890
  VSN output std:
    encoder: 0.193868
  Attention entropy: 2.959281
  Saved to: experiments/01_staleness_features_fixed/sweep_stale_h18_drop0.30_lr3/collapse_monitoring/collapse_monitor_epoch53.json
Epoch 54: val_loss=0.40323734283447266
Epoch 54: train_loss=0.42295122146606445

[CollapseMonitor] Epoch 54
  [DEBUG] Processed 20 batches from val_dataloader
  [DEBUG] Predictions shape after concat: (1280,)
  [DEBUG] All predictions list length: 20
  [DEBUG] First batch shape: (64,)
  Pred std: 0.033163, range: 0.177644, mean: 0.040106
  Pos: 100.0%, Neg: 0.0%, Unique: 1240
  Saved validation predictions to: experiments/01_staleness_features_fixed/sweep_stale_h18_drop0.30_lr3/collapse_monitoring/val_predictions_epoch54.npy
  Gradient norms:
    lstm_encoder: 0.016511
    lstm_decoder: 0.010155
    multihead_attn: 0.000981
    output_layer: 0.102699
  VSN output std:
    encoder: 0.195929
  Attention entropy: 2.962694
  Saved to: experiments/01_staleness_features_fixed/sweep_stale_h18_drop0.30_lr3/collapse_monitoring/collapse_monitor_epoch54.json
Epoch 55: val_loss=0.40279173851013184
Epoch 55: train_loss=0.4231727719306946

[CollapseMonitor] Epoch 55
  [DEBUG] Processed 20 batches from val_dataloader
  [DEBUG] Predictions shape after concat: (1280,)
  [DEBUG] All predictions list length: 20
  [DEBUG] First batch shape: (64,)
  Pred std: 0.030920, range: 0.165955, mean: 0.048130
  Pos: 100.0%, Neg: 0.0%, Unique: 1228
  Saved validation predictions to: experiments/01_staleness_features_fixed/sweep_stale_h18_drop0.30_lr3/collapse_monitoring/val_predictions_epoch55.npy
  Gradient norms:
    lstm_encoder: 0.017514
    lstm_decoder: 0.010084
    multihead_attn: 0.000981
    output_layer: 0.098928
  VSN output std:
    encoder: 0.196535
  Attention entropy: 2.962489
  Saved to: experiments/01_staleness_features_fixed/sweep_stale_h18_drop0.30_lr3/collapse_monitoring/collapse_monitor_epoch55.json
Epoch 56: val_loss=0.40261149406433105
Epoch 56: train_loss=0.42285579442977905

[CollapseMonitor] Epoch 56
  [DEBUG] Processed 20 batches from val_dataloader
  [DEBUG] Predictions shape after concat: (1280,)
  [DEBUG] All predictions list length: 20
  [DEBUG] First batch shape: (64,)
  Pred std: 0.033266, range: 0.177126, mean: 0.044310
  Pos: 100.0%, Neg: 0.0%, Unique: 1242
  Saved validation predictions to: experiments/01_staleness_features_fixed/sweep_stale_h18_drop0.30_lr3/collapse_monitoring/val_predictions_epoch56.npy
  Gradient norms:
    lstm_encoder: 0.017011
    lstm_decoder: 0.010235
    multihead_attn: 0.000933
    output_layer: 0.105625
  VSN output std:
    encoder: 0.194283
  Attention entropy: 2.963278
  Saved to: experiments/01_staleness_features_fixed/sweep_stale_h18_drop0.30_lr3/collapse_monitoring/collapse_monitor_epoch56.json
Epoch 57: val_loss=0.4022848606109619
Epoch 57: train_loss=0.42243024706840515

[CollapseMonitor] Epoch 57
  [DEBUG] Processed 20 batches from val_dataloader
  [DEBUG] Predictions shape after concat: (1280,)
  [DEBUG] All predictions list length: 20
  [DEBUG] First batch shape: (64,)
  Pred std: 0.031418, range: 0.171423, mean: 0.038127
  Pos: 100.0%, Neg: 0.0%, Unique: 1239
  Saved validation predictions to: experiments/01_staleness_features_fixed/sweep_stale_h18_drop0.30_lr3/collapse_monitoring/val_predictions_epoch57.npy
  Gradient norms:
    lstm_encoder: 0.017006
    lstm_decoder: 0.009975
    multihead_attn: 0.000931
    output_layer: 0.095508
  VSN output std:
    encoder: 0.195642
  Attention entropy: 2.965647
  Saved to: experiments/01_staleness_features_fixed/sweep_stale_h18_drop0.30_lr3/collapse_monitoring/collapse_monitor_epoch57.json
Epoch 58: val_loss=0.40145665407180786
Epoch 58: train_loss=0.4228755831718445

[CollapseMonitor] Epoch 58
  [DEBUG] Processed 20 batches from val_dataloader
  [DEBUG] Predictions shape after concat: (1280,)
  [DEBUG] All predictions list length: 20
  [DEBUG] First batch shape: (64,)
  Pred std: 0.039584, range: 0.201638, mean: 0.052989
  Pos: 100.0%, Neg: 0.0%, Unique: 1243
  Saved validation predictions to: experiments/01_staleness_features_fixed/sweep_stale_h18_drop0.30_lr3/collapse_monitoring/val_predictions_epoch58.npy
  Gradient norms:
    lstm_encoder: 0.018550
    lstm_decoder: 0.010346
    multihead_attn: 0.000960
    output_layer: 0.104150
  VSN output std:
    encoder: 0.197961
  Attention entropy: 2.965892
  Saved to: experiments/01_staleness_features_fixed/sweep_stale_h18_drop0.30_lr3/collapse_monitoring/collapse_monitor_epoch58.json
Epoch 59: val_loss=0.402180016040802
Epoch 59: train_loss=0.42108067870140076

[CollapseMonitor] Epoch 59
  [DEBUG] Processed 20 batches from val_dataloader
  [DEBUG] Predictions shape after concat: (1280,)
  [DEBUG] All predictions list length: 20
  [DEBUG] First batch shape: (64,)
  Pred std: 0.030084, range: 0.168941, mean: 0.033093
  Pos: 100.0%, Neg: 0.0%, Unique: 1231
  Saved validation predictions to: experiments/01_staleness_features_fixed/sweep_stale_h18_drop0.30_lr3/collapse_monitoring/val_predictions_epoch59.npy
  Gradient norms:
    lstm_encoder: 0.018062
    lstm_decoder: 0.010071
    multihead_attn: 0.000993
    output_layer: 0.093759
  VSN output std:
    encoder: 0.196146
  Attention entropy: 2.964342
  Saved to: experiments/01_staleness_features_fixed/sweep_stale_h18_drop0.30_lr3/collapse_monitoring/collapse_monitor_epoch59.json
Epoch 60: val_loss=0.4012623727321625
Epoch 60: train_loss=0.42187395691871643

[CollapseMonitor] Epoch 60
  [DEBUG] Processed 20 batches from val_dataloader
  [DEBUG] Predictions shape after concat: (1280,)
  [DEBUG] All predictions list length: 20
  [DEBUG] First batch shape: (64,)
  Pred std: 0.032123, range: 0.176638, mean: 0.071054
  Pos: 100.0%, Neg: 0.0%, Unique: 1239
  Saved validation predictions to: experiments/01_staleness_features_fixed/sweep_stale_h18_drop0.30_lr3/collapse_monitoring/val_predictions_epoch60.npy
  Gradient norms:
    lstm_encoder: 0.018698
    lstm_decoder: 0.009726
    multihead_attn: 0.000931
    output_layer: 0.096004
  VSN output std:
    encoder: 0.194682
  Attention entropy: 2.967256
  Saved to: experiments/01_staleness_features_fixed/sweep_stale_h18_drop0.30_lr3/collapse_monitoring/collapse_monitor_epoch60.json
Epoch 61: val_loss=0.4014844000339508
Epoch 61: train_loss=0.42044100165367126

[CollapseMonitor] Epoch 61
  [DEBUG] Processed 20 batches from val_dataloader
  [DEBUG] Predictions shape after concat: (1280,)
  [DEBUG] All predictions list length: 20
  [DEBUG] First batch shape: (64,)
  Pred std: 0.033350, range: 0.191872, mean: 0.040796
  Pos: 100.0%, Neg: 0.0%, Unique: 1226
  Saved validation predictions to: experiments/01_staleness_features_fixed/sweep_stale_h18_drop0.30_lr3/collapse_monitoring/val_predictions_epoch61.npy
  Gradient norms:
    lstm_encoder: 0.021366
    lstm_decoder: 0.011593
    multihead_attn: 0.000949
    output_layer: 0.102846
  VSN output std:
    encoder: 0.194223
  Attention entropy: 2.967335
  Saved to: experiments/01_staleness_features_fixed/sweep_stale_h18_drop0.30_lr3/collapse_monitoring/collapse_monitor_epoch61.json
Epoch 62: val_loss=0.4010167717933655
Epoch 62: train_loss=0.42191076278686523

[CollapseMonitor] Epoch 62
  [DEBUG] Processed 20 batches from val_dataloader
  [DEBUG] Predictions shape after concat: (1280,)
  [DEBUG] All predictions list length: 20
  [DEBUG] First batch shape: (64,)
  Pred std: 0.035354, range: 0.196227, mean: 0.041081
  Pos: 100.0%, Neg: 0.0%, Unique: 1235
  Saved validation predictions to: experiments/01_staleness_features_fixed/sweep_stale_h18_drop0.30_lr3/collapse_monitoring/val_predictions_epoch62.npy
  Gradient norms:
    lstm_encoder: 0.020873
    lstm_decoder: 0.010963
    multihead_attn: 0.000902
    output_layer: 0.109021
  VSN output std:
    encoder: 0.196578
  Attention entropy: 2.965470
  Saved to: experiments/01_staleness_features_fixed/sweep_stale_h18_drop0.30_lr3/collapse_monitoring/collapse_monitor_epoch62.json
Epoch 63: val_loss=0.40059608221054077
Epoch 63: train_loss=0.42118915915489197

[CollapseMonitor] Epoch 63
  [DEBUG] Processed 20 batches from val_dataloader
  [DEBUG] Predictions shape after concat: (1280,)
  [DEBUG] All predictions list length: 20
  [DEBUG] First batch shape: (64,)
  Pred std: 0.030297, range: 0.176510, mean: 0.048658
  Pos: 100.0%, Neg: 0.0%, Unique: 1223
  Saved validation predictions to: experiments/01_staleness_features_fixed/sweep_stale_h18_drop0.30_lr3/collapse_monitoring/val_predictions_epoch63.npy
  Gradient norms:
    lstm_encoder: 0.021465
    lstm_decoder: 0.011001
    multihead_attn: 0.000894
    output_layer: 0.107729
  VSN output std:
    encoder: 0.196059
  Attention entropy: 2.964025
  Saved to: experiments/01_staleness_features_fixed/sweep_stale_h18_drop0.30_lr3/collapse_monitoring/collapse_monitor_epoch63.json
Epoch 64: val_loss=0.4002048075199127
Epoch 64: train_loss=0.421817421913147

[CollapseMonitor] Epoch 64
  [DEBUG] Processed 20 batches from val_dataloader
  [DEBUG] Predictions shape after concat: (1280,)
  [DEBUG] All predictions list length: 20
  [DEBUG] First batch shape: (64,)
  Pred std: 0.036808, range: 0.193143, mean: 0.050157
  Pos: 100.0%, Neg: 0.0%, Unique: 1217
  Saved validation predictions to: experiments/01_staleness_features_fixed/sweep_stale_h18_drop0.30_lr3/collapse_monitoring/val_predictions_epoch64.npy
  Gradient norms:
    lstm_encoder: 0.021956
    lstm_decoder: 0.010969
    multihead_attn: 0.000880
    output_layer: 0.100241
  VSN output std:
    encoder: 0.195345
  Attention entropy: 2.965080
  Saved to: experiments/01_staleness_features_fixed/sweep_stale_h18_drop0.30_lr3/collapse_monitoring/collapse_monitor_epoch64.json
Epoch 65: val_loss=0.4005417227745056
Epoch 65: train_loss=0.42097729444503784

[CollapseMonitor] Epoch 65
  [DEBUG] Processed 20 batches from val_dataloader
  [DEBUG] Predictions shape after concat: (1280,)
  [DEBUG] All predictions list length: 20
  [DEBUG] First batch shape: (64,)
  Pred std: 0.027483, range: 0.160442, mean: 0.031675
  Pos: 100.0%, Neg: 0.0%, Unique: 1221
  Saved validation predictions to: experiments/01_staleness_features_fixed/sweep_stale_h18_drop0.30_lr3/collapse_monitoring/val_predictions_epoch65.npy
  Gradient norms:
    lstm_encoder: 0.022667
    lstm_decoder: 0.011355
    multihead_attn: 0.000888
    output_layer: 0.110202
  VSN output std:
    encoder: 0.193473
  Attention entropy: 2.966282
  Saved to: experiments/01_staleness_features_fixed/sweep_stale_h18_drop0.30_lr3/collapse_monitoring/collapse_monitor_epoch65.json
Epoch 66: val_loss=0.4003121256828308
Epoch 66: train_loss=0.4213505685329437

[CollapseMonitor] Epoch 66
  [DEBUG] Processed 20 batches from val_dataloader
  [DEBUG] Predictions shape after concat: (1280,)
  [DEBUG] All predictions list length: 20
  [DEBUG] First batch shape: (64,)
  Pred std: 0.034234, range: 0.187626, mean: 0.042492
  Pos: 100.0%, Neg: 0.0%, Unique: 1219
  Saved validation predictions to: experiments/01_staleness_features_fixed/sweep_stale_h18_drop0.30_lr3/collapse_monitoring/val_predictions_epoch66.npy
  Gradient norms:
    lstm_encoder: 0.023554
    lstm_decoder: 0.011663
    multihead_attn: 0.000877
    output_layer: 0.114632
  VSN output std:
    encoder: 0.191381
  Attention entropy: 2.966436
  Saved to: experiments/01_staleness_features_fixed/sweep_stale_h18_drop0.30_lr3/collapse_monitoring/collapse_monitor_epoch66.json
Epoch 67: val_loss=0.3999086320400238
Epoch 67: train_loss=0.4210978150367737

[CollapseMonitor] Epoch 67
  [DEBUG] Processed 20 batches from val_dataloader
  [DEBUG] Predictions shape after concat: (1280,)
  [DEBUG] All predictions list length: 20
  [DEBUG] First batch shape: (64,)
  Pred std: 0.031013, range: 0.173310, mean: 0.068187
  Pos: 100.0%, Neg: 0.0%, Unique: 1214
  Saved validation predictions to: experiments/01_staleness_features_fixed/sweep_stale_h18_drop0.30_lr3/collapse_monitoring/val_predictions_epoch67.npy
  Gradient norms:
    lstm_encoder: 0.021247
    lstm_decoder: 0.010533
    multihead_attn: 0.000846
    output_layer: 0.108474
  VSN output std:
    encoder: 0.189843
  Attention entropy: 2.964099
  Saved to: experiments/01_staleness_features_fixed/sweep_stale_h18_drop0.30_lr3/collapse_monitoring/collapse_monitor_epoch67.json
Epoch 68: val_loss=0.40024271607398987
Epoch 68: train_loss=0.42009666562080383

[CollapseMonitor] Epoch 68
  [DEBUG] Processed 20 batches from val_dataloader
  [DEBUG] Predictions shape after concat: (1280,)
  [DEBUG] All predictions list length: 20
  [DEBUG] First batch shape: (64,)
  Pred std: 0.031782, range: 0.185310, mean: 0.038981
  Pos: 100.0%, Neg: 0.0%, Unique: 1231
  Saved validation predictions to: experiments/01_staleness_features_fixed/sweep_stale_h18_drop0.30_lr3/collapse_monitoring/val_predictions_epoch68.npy
  Gradient norms:
    lstm_encoder: 0.024010
    lstm_decoder: 0.011334
    multihead_attn: 0.000843
    output_layer: 0.101141
  VSN output std:
    encoder: 0.189262
  Attention entropy: 2.964467
  Saved to: experiments/01_staleness_features_fixed/sweep_stale_h18_drop0.30_lr3/collapse_monitoring/collapse_monitor_epoch68.json
Epoch 69: val_loss=0.3996149003505707
Epoch 69: train_loss=0.42128533124923706

[CollapseMonitor] Epoch 69
  [DEBUG] Processed 20 batches from val_dataloader
  [DEBUG] Predictions shape after concat: (1280,)
  [DEBUG] All predictions list length: 20
  [DEBUG] First batch shape: (64,)
  Pred std: 0.036526, range: 0.198717, mean: 0.051739
  Pos: 100.0%, Neg: 0.0%, Unique: 1228
  Saved validation predictions to: experiments/01_staleness_features_fixed/sweep_stale_h18_drop0.30_lr3/collapse_monitoring/val_predictions_epoch69.npy
  Gradient norms:
    lstm_encoder: 0.023902
    lstm_decoder: 0.011239
    multihead_attn: 0.000871
    output_layer: 0.098105
  VSN output std:
    encoder: 0.188677
  Attention entropy: 2.964934
  Saved to: experiments/01_staleness_features_fixed/sweep_stale_h18_drop0.30_lr3/collapse_monitoring/collapse_monitor_epoch69.json
Epoch 70: val_loss=0.39987099170684814
Epoch 70: train_loss=0.4203665852546692

[CollapseMonitor] Epoch 70
  [DEBUG] Processed 20 batches from val_dataloader
  [DEBUG] Predictions shape after concat: (1280,)
  [DEBUG] All predictions list length: 20
  [DEBUG] First batch shape: (64,)
  Pred std: 0.038582, range: 0.210309, mean: 0.066816
  Pos: 100.0%, Neg: 0.0%, Unique: 1234
  Saved validation predictions to: experiments/01_staleness_features_fixed/sweep_stale_h18_drop0.30_lr3/collapse_monitoring/val_predictions_epoch70.npy
  Gradient norms:
    lstm_encoder: 0.025080
    lstm_decoder: 0.011705
    multihead_attn: 0.000906
    output_layer: 0.101526
  VSN output std:
    encoder: 0.188553
  Attention entropy: 2.968439
  Saved to: experiments/01_staleness_features_fixed/sweep_stale_h18_drop0.30_lr3/collapse_monitoring/collapse_monitor_epoch70.json
Epoch 71: val_loss=0.4002898335456848
Epoch 71: train_loss=0.419527143239975

[CollapseMonitor] Epoch 71
  [DEBUG] Processed 20 batches from val_dataloader
  [DEBUG] Predictions shape after concat: (1280,)
  [DEBUG] All predictions list length: 20
  [DEBUG] First batch shape: (64,)
  Pred std: 0.039201, range: 0.222045, mean: 0.035467
  Pos: 99.9%, Neg: 0.1%, Unique: 1235
  Saved validation predictions to: experiments/01_staleness_features_fixed/sweep_stale_h18_drop0.30_lr3/collapse_monitoring/val_predictions_epoch71.npy
  Gradient norms:
    lstm_encoder: 0.024844
    lstm_decoder: 0.011488
    multihead_attn: 0.000803
    output_layer: 0.101991
  VSN output std:
    encoder: 0.191881
  Attention entropy: 2.970164
  Saved to: experiments/01_staleness_features_fixed/sweep_stale_h18_drop0.30_lr3/collapse_monitoring/collapse_monitor_epoch71.json
Epoch 72: val_loss=0.39972004294395447
Epoch 72: train_loss=0.4206589162349701

[CollapseMonitor] Epoch 72
  [DEBUG] Processed 20 batches from val_dataloader
  [DEBUG] Predictions shape after concat: (1280,)
  [DEBUG] All predictions list length: 20
  [DEBUG] First batch shape: (64,)
  Pred std: 0.039868, range: 0.217818, mean: 0.050445
  Pos: 100.0%, Neg: 0.0%, Unique: 1241
  Saved validation predictions to: experiments/01_staleness_features_fixed/sweep_stale_h18_drop0.30_lr3/collapse_monitoring/val_predictions_epoch72.npy
  Gradient norms:
    lstm_encoder: 0.027951
    lstm_decoder: 0.013000
    multihead_attn: 0.000868
    output_layer: 0.096977
  VSN output std:
    encoder: 0.192055
  Attention entropy: 2.971087
  Saved to: experiments/01_staleness_features_fixed/sweep_stale_h18_drop0.30_lr3/collapse_monitoring/collapse_monitor_epoch72.json
Epoch 73: val_loss=0.3989676535129547
Epoch 73: train_loss=0.4211241900920868

[CollapseMonitor] Epoch 73
  [DEBUG] Processed 20 batches from val_dataloader
  [DEBUG] Predictions shape after concat: (1280,)
  [DEBUG] All predictions list length: 20
  [DEBUG] First batch shape: (64,)
  Pred std: 0.039789, range: 0.224623, mean: 0.041634
  Pos: 100.0%, Neg: 0.0%, Unique: 1242
  Saved validation predictions to: experiments/01_staleness_features_fixed/sweep_stale_h18_drop0.30_lr3/collapse_monitoring/val_predictions_epoch73.npy
  Gradient norms:
    lstm_encoder: 0.028893
    lstm_decoder: 0.013642
    multihead_attn: 0.000907
    output_layer: 0.106459
  VSN output std:
    encoder: 0.190798
  Attention entropy: 2.972274
  Saved to: experiments/01_staleness_features_fixed/sweep_stale_h18_drop0.30_lr3/collapse_monitoring/collapse_monitor_epoch73.json
Epoch 74: val_loss=0.3995823264122009
Epoch 74: train_loss=0.42016223073005676

[CollapseMonitor] Epoch 74
  [DEBUG] Processed 20 batches from val_dataloader
  [DEBUG] Predictions shape after concat: (1280,)
  [DEBUG] All predictions list length: 20
  [DEBUG] First batch shape: (64,)
  Pred std: 0.040208, range: 0.225867, mean: 0.049270
  Pos: 100.0%, Neg: 0.0%, Unique: 1241
  Saved validation predictions to: experiments/01_staleness_features_fixed/sweep_stale_h18_drop0.30_lr3/collapse_monitoring/val_predictions_epoch74.npy
  Gradient norms:
    lstm_encoder: 0.026796
    lstm_decoder: 0.012291
    multihead_attn: 0.000847
    output_layer: 0.104904
  VSN output std:
    encoder: 0.190849
  Attention entropy: 2.973476
  Saved to: experiments/01_staleness_features_fixed/sweep_stale_h18_drop0.30_lr3/collapse_monitoring/collapse_monitor_epoch74.json
Epoch 75: val_loss=0.39864620566368103
Epoch 75: train_loss=0.42085567116737366

[CollapseMonitor] Epoch 75
  [DEBUG] Processed 20 batches from val_dataloader
  [DEBUG] Predictions shape after concat: (1280,)
  [DEBUG] All predictions list length: 20
  [DEBUG] First batch shape: (64,)
  Pred std: 0.034804, range: 0.197759, mean: 0.083675
  Pos: 100.0%, Neg: 0.0%, Unique: 1241
  Saved validation predictions to: experiments/01_staleness_features_fixed/sweep_stale_h18_drop0.30_lr3/collapse_monitoring/val_predictions_epoch75.npy
  Gradient norms:
    lstm_encoder: 0.025269
    lstm_decoder: 0.011414
    multihead_attn: 0.000833
    output_layer: 0.105619
  VSN output std:
    encoder: 0.191611
  Attention entropy: 2.971678
  Saved to: experiments/01_staleness_features_fixed/sweep_stale_h18_drop0.30_lr3/collapse_monitoring/collapse_monitor_epoch75.json
Epoch 76: val_loss=0.3985007405281067
Epoch 76: train_loss=0.42062705755233765

[CollapseMonitor] Epoch 76
  [DEBUG] Processed 20 batches from val_dataloader
  [DEBUG] Predictions shape after concat: (1280,)
  [DEBUG] All predictions list length: 20
  [DEBUG] First batch shape: (64,)
  Pred std: 0.038961, range: 0.212956, mean: 0.058360
  Pos: 100.0%, Neg: 0.0%, Unique: 1244
  Saved validation predictions to: experiments/01_staleness_features_fixed/sweep_stale_h18_drop0.30_lr3/collapse_monitoring/val_predictions_epoch76.npy
  Gradient norms:
    lstm_encoder: 0.028273
    lstm_decoder: 0.012604
    multihead_attn: 0.000851
    output_layer: 0.103437
  VSN output std:
    encoder: 0.190988
  Attention entropy: 2.973418
  Saved to: experiments/01_staleness_features_fixed/sweep_stale_h18_drop0.30_lr3/collapse_monitoring/collapse_monitor_epoch76.json
Epoch 77: val_loss=0.39828193187713623
Epoch 77: train_loss=0.42003530263900757

[CollapseMonitor] Epoch 77
  [DEBUG] Processed 20 batches from val_dataloader
  [DEBUG] Predictions shape after concat: (1280,)
  [DEBUG] All predictions list length: 20
  [DEBUG] First batch shape: (64,)
  Pred std: 0.042181, range: 0.226535, mean: 0.049634
  Pos: 100.0%, Neg: 0.0%, Unique: 1249
  Saved validation predictions to: experiments/01_staleness_features_fixed/sweep_stale_h18_drop0.30_lr3/collapse_monitoring/val_predictions_epoch77.npy
  Gradient norms:
    lstm_encoder: 0.026990
    lstm_decoder: 0.011911
    multihead_attn: 0.000838
    output_layer: 0.096613
  VSN output std:
    encoder: 0.192046
  Attention entropy: 2.970226
  Saved to: experiments/01_staleness_features_fixed/sweep_stale_h18_drop0.30_lr3/collapse_monitoring/collapse_monitor_epoch77.json
Epoch 78: val_loss=0.3986472189426422
Epoch 78: train_loss=0.4202554523944855

[CollapseMonitor] Epoch 78
  [DEBUG] Processed 20 batches from val_dataloader
  [DEBUG] Predictions shape after concat: (1280,)
  [DEBUG] All predictions list length: 20
  [DEBUG] First batch shape: (64,)
  Pred std: 0.041651, range: 0.223757, mean: 0.056938
  Pos: 100.0%, Neg: 0.0%, Unique: 1249
  Saved validation predictions to: experiments/01_staleness_features_fixed/sweep_stale_h18_drop0.30_lr3/collapse_monitoring/val_predictions_epoch78.npy
  Gradient norms:
    lstm_encoder: 0.026755
    lstm_decoder: 0.011909
    multihead_attn: 0.000813
    output_layer: 0.100877
  VSN output std:
    encoder: 0.190929
  Attention entropy: 2.971276
  Saved to: experiments/01_staleness_features_fixed/sweep_stale_h18_drop0.30_lr3/collapse_monitoring/collapse_monitor_epoch78.json
Epoch 79: val_loss=0.3981723189353943
Epoch 79: train_loss=0.4201633632183075

[CollapseMonitor] Epoch 79
  [DEBUG] Processed 20 batches from val_dataloader
  [DEBUG] Predictions shape after concat: (1280,)
  [DEBUG] All predictions list length: 20
  [DEBUG] First batch shape: (64,)
  Pred std: 0.043479, range: 0.231695, mean: 0.066499
  Pos: 100.0%, Neg: 0.0%, Unique: 1241
  Saved validation predictions to: experiments/01_staleness_features_fixed/sweep_stale_h18_drop0.30_lr3/collapse_monitoring/val_predictions_epoch79.npy
  Gradient norms:
    lstm_encoder: 0.031082
    lstm_decoder: 0.013664
    multihead_attn: 0.000798
    output_layer: 0.103459
  VSN output std:
    encoder: 0.191090
  Attention entropy: 2.970783
  Saved to: experiments/01_staleness_features_fixed/sweep_stale_h18_drop0.30_lr3/collapse_monitoring/collapse_monitor_epoch79.json
Epoch 80: val_loss=0.398479163646698
Epoch 80: train_loss=0.4199047088623047

[CollapseMonitor] Epoch 80
  [DEBUG] Processed 20 batches from val_dataloader
  [DEBUG] Predictions shape after concat: (1280,)
  [DEBUG] All predictions list length: 20
  [DEBUG] First batch shape: (64,)
  Pred std: 0.047612, range: 0.251984, mean: 0.078257
  Pos: 100.0%, Neg: 0.0%, Unique: 1246
  Saved validation predictions to: experiments/01_staleness_features_fixed/sweep_stale_h18_drop0.30_lr3/collapse_monitoring/val_predictions_epoch80.npy
  Gradient norms:
    lstm_encoder: 0.030047
    lstm_decoder: 0.013462
    multihead_attn: 0.000814
    output_layer: 0.101341
  VSN output std:
    encoder: 0.190519
  Attention entropy: 2.971645
  Saved to: experiments/01_staleness_features_fixed/sweep_stale_h18_drop0.30_lr3/collapse_monitoring/collapse_monitor_epoch80.json
Epoch 81: val_loss=0.3978506624698639
Epoch 81: train_loss=0.42083024978637695

[CollapseMonitor] Epoch 81
  [DEBUG] Processed 20 batches from val_dataloader
  [DEBUG] Predictions shape after concat: (1280,)
  [DEBUG] All predictions list length: 20
  [DEBUG] First batch shape: (64,)
  Pred std: 0.044164, range: 0.236910, mean: 0.050841
  Pos: 100.0%, Neg: 0.0%, Unique: 1242
  Saved validation predictions to: experiments/01_staleness_features_fixed/sweep_stale_h18_drop0.30_lr3/collapse_monitoring/val_predictions_epoch81.npy
  Gradient norms:
    lstm_encoder: 0.030894
    lstm_decoder: 0.013358
    multihead_attn: 0.000810
    output_layer: 0.101688
  VSN output std:
    encoder: 0.191587
  Attention entropy: 2.972115
  Saved to: experiments/01_staleness_features_fixed/sweep_stale_h18_drop0.30_lr3/collapse_monitoring/collapse_monitor_epoch81.json
Epoch 82: val_loss=0.3977022171020508
Epoch 82: train_loss=0.4194083511829376

[CollapseMonitor] Epoch 82
  [DEBUG] Processed 20 batches from val_dataloader
  [DEBUG] Predictions shape after concat: (1280,)
  [DEBUG] All predictions list length: 20
  [DEBUG] First batch shape: (64,)
  Pred std: 0.044051, range: 0.236745, mean: 0.054064
  Pos: 100.0%, Neg: 0.0%, Unique: 1249
  Saved validation predictions to: experiments/01_staleness_features_fixed/sweep_stale_h18_drop0.30_lr3/collapse_monitoring/val_predictions_epoch82.npy
  Gradient norms:
    lstm_encoder: 0.027838
    lstm_decoder: 0.012784
    multihead_attn: 0.000780
    output_layer: 0.106092
  VSN output std:
    encoder: 0.191876
  Attention entropy: 2.975586
  Saved to: experiments/01_staleness_features_fixed/sweep_stale_h18_drop0.30_lr3/collapse_monitoring/collapse_monitor_epoch82.json
Epoch 83: val_loss=0.39834192395210266
Epoch 83: train_loss=0.41942840814590454

[CollapseMonitor] Epoch 83
  [DEBUG] Processed 20 batches from val_dataloader
  [DEBUG] Predictions shape after concat: (1280,)
  [DEBUG] All predictions list length: 20
  [DEBUG] First batch shape: (64,)
  Pred std: 0.041267, range: 0.231879, mean: 0.031644
  Pos: 98.4%, Neg: 1.6%, Unique: 1250
  Saved validation predictions to: experiments/01_staleness_features_fixed/sweep_stale_h18_drop0.30_lr3/collapse_monitoring/val_predictions_epoch83.npy
  Gradient norms:
    lstm_encoder: 0.029532
    lstm_decoder: 0.012886
    multihead_attn: 0.000798
    output_layer: 0.097782
  VSN output std:
    encoder: 0.188591
  Attention entropy: 2.975317
  Saved to: experiments/01_staleness_features_fixed/sweep_stale_h18_drop0.30_lr3/collapse_monitoring/collapse_monitor_epoch83.json
Epoch 84: val_loss=0.3976883888244629
Epoch 84: train_loss=0.4201805889606476

[CollapseMonitor] Epoch 84
  [DEBUG] Processed 20 batches from val_dataloader
  [DEBUG] Predictions shape after concat: (1280,)
  [DEBUG] All predictions list length: 20
  [DEBUG] First batch shape: (64,)
  Pred std: 0.036514, range: 0.218694, mean: 0.079820
  Pos: 100.0%, Neg: 0.0%, Unique: 1251
  Saved validation predictions to: experiments/01_staleness_features_fixed/sweep_stale_h18_drop0.30_lr3/collapse_monitoring/val_predictions_epoch84.npy
  Gradient norms:
    lstm_encoder: 0.029828
    lstm_decoder: 0.013290
    multihead_attn: 0.000796
    output_layer: 0.102244
  VSN output std:
    encoder: 0.187906
  Attention entropy: 2.974545
  Saved to: experiments/01_staleness_features_fixed/sweep_stale_h18_drop0.30_lr3/collapse_monitoring/collapse_monitor_epoch84.json
Epoch 85: val_loss=0.39790257811546326
Epoch 85: train_loss=0.4204747676849365

[CollapseMonitor] Epoch 85
  [DEBUG] Processed 20 batches from val_dataloader
  [DEBUG] Predictions shape after concat: (1280,)
  [DEBUG] All predictions list length: 20
  [DEBUG] First batch shape: (64,)
  Pred std: 0.036541, range: 0.224117, mean: 0.044477
  Pos: 100.0%, Neg: 0.0%, Unique: 1248
  Saved validation predictions to: experiments/01_staleness_features_fixed/sweep_stale_h18_drop0.30_lr3/collapse_monitoring/val_predictions_epoch85.npy
  Gradient norms:
    lstm_encoder: 0.030333
    lstm_decoder: 0.013351
    multihead_attn: 0.000820
    output_layer: 0.094902
  VSN output std:
    encoder: 0.188508
  Attention entropy: 2.978927
  Saved to: experiments/01_staleness_features_fixed/sweep_stale_h18_drop0.30_lr3/collapse_monitoring/collapse_monitor_epoch85.json
Epoch 86: val_loss=0.3972582221031189
Epoch 86: train_loss=0.4187461733818054

[CollapseMonitor] Epoch 86
  [DEBUG] Processed 20 batches from val_dataloader
  [DEBUG] Predictions shape after concat: (1280,)
  [DEBUG] All predictions list length: 20
  [DEBUG] First batch shape: (64,)
  Pred std: 0.039695, range: 0.233414, mean: 0.062188
  Pos: 100.0%, Neg: 0.0%, Unique: 1242
  Saved validation predictions to: experiments/01_staleness_features_fixed/sweep_stale_h18_drop0.30_lr3/collapse_monitoring/val_predictions_epoch86.npy
  Gradient norms:
    lstm_encoder: 0.029741
    lstm_decoder: 0.013172
    multihead_attn: 0.000795
    output_layer: 0.098833
  VSN output std:
    encoder: 0.186167
  Attention entropy: 2.977391
  Saved to: experiments/01_staleness_features_fixed/sweep_stale_h18_drop0.30_lr3/collapse_monitoring/collapse_monitor_epoch86.json
Epoch 87: val_loss=0.39759987592697144
Epoch 87: train_loss=0.42011070251464844

[CollapseMonitor] Epoch 87
  [DEBUG] Processed 20 batches from val_dataloader
  [DEBUG] Predictions shape after concat: (1280,)
  [DEBUG] All predictions list length: 20
  [DEBUG] First batch shape: (64,)
  Pred std: 0.043866, range: 0.250160, mean: 0.055136
  Pos: 100.0%, Neg: 0.0%, Unique: 1251
  Saved validation predictions to: experiments/01_staleness_features_fixed/sweep_stale_h18_drop0.30_lr3/collapse_monitoring/val_predictions_epoch87.npy
  Gradient norms:
    lstm_encoder: 0.030188
    lstm_decoder: 0.013021
    multihead_attn: 0.000824
    output_layer: 0.098432
  VSN output std:
    encoder: 0.188191
  Attention entropy: 2.978071
  Saved to: experiments/01_staleness_features_fixed/sweep_stale_h18_drop0.30_lr3/collapse_monitoring/collapse_monitor_epoch87.json
Epoch 88: val_loss=0.3976265788078308
Epoch 88: train_loss=0.4198819696903229

[CollapseMonitor] Epoch 88
  [DEBUG] Processed 20 batches from val_dataloader
  [DEBUG] Predictions shape after concat: (1280,)
  [DEBUG] All predictions list length: 20
  [DEBUG] First batch shape: (64,)
  Pred std: 0.046030, range: 0.260588, mean: 0.061590
  Pos: 100.0%, Neg: 0.0%, Unique: 1254
  Saved validation predictions to: experiments/01_staleness_features_fixed/sweep_stale_h18_drop0.30_lr3/collapse_monitoring/val_predictions_epoch88.npy
  Gradient norms:
    lstm_encoder: 0.029703
    lstm_decoder: 0.013880
    multihead_attn: 0.000837
    output_layer: 0.099618
  VSN output std:
    encoder: 0.190437
  Attention entropy: 2.978138
  Saved to: experiments/01_staleness_features_fixed/sweep_stale_h18_drop0.30_lr3/collapse_monitoring/collapse_monitor_epoch88.json
Epoch 89: val_loss=0.3973100781440735
Epoch 89: train_loss=0.4198128581047058

[CollapseMonitor] Epoch 89
  [DEBUG] Processed 20 batches from val_dataloader
  [DEBUG] Predictions shape after concat: (1280,)
  [DEBUG] All predictions list length: 20
  [DEBUG] First batch shape: (64,)
  Pred std: 0.047253, range: 0.265022, mean: 0.067524
  Pos: 100.0%, Neg: 0.0%, Unique: 1248
  Saved validation predictions to: experiments/01_staleness_features_fixed/sweep_stale_h18_drop0.30_lr3/collapse_monitoring/val_predictions_epoch89.npy
  Gradient norms:
    lstm_encoder: 0.029030
    lstm_decoder: 0.012888
    multihead_attn: 0.000797
    output_layer: 0.099929
  VSN output std:
    encoder: 0.188406
  Attention entropy: 2.977813
  Saved to: experiments/01_staleness_features_fixed/sweep_stale_h18_drop0.30_lr3/collapse_monitoring/collapse_monitor_epoch89.json
Epoch 90: val_loss=0.3969588875770569
Epoch 90: train_loss=0.4199548363685608

[CollapseMonitor] Epoch 90
  [DEBUG] Processed 20 batches from val_dataloader
  [DEBUG] Predictions shape after concat: (1280,)
  [DEBUG] All predictions list length: 20
  [DEBUG] First batch shape: (64,)
  Pred std: 0.050682, range: 0.280111, mean: 0.029762
  Pos: 96.1%, Neg: 3.9%, Unique: 1246
  Saved validation predictions to: experiments/01_staleness_features_fixed/sweep_stale_h18_drop0.30_lr3/collapse_monitoring/val_predictions_epoch90.npy
  Gradient norms:
    lstm_encoder: 0.030958
    lstm_decoder: 0.014078
    multihead_attn: 0.000820
    output_layer: 0.104544
  VSN output std:
    encoder: 0.188530
  Attention entropy: 2.978213
  Saved to: experiments/01_staleness_features_fixed/sweep_stale_h18_drop0.30_lr3/collapse_monitoring/collapse_monitor_epoch90.json
Epoch 91: val_loss=0.39700576663017273
Epoch 91: train_loss=0.42014577984809875

[CollapseMonitor] Epoch 91
  [DEBUG] Processed 20 batches from val_dataloader
  [DEBUG] Predictions shape after concat: (1280,)
  [DEBUG] All predictions list length: 20
  [DEBUG] First batch shape: (64,)
  Pred std: 0.045311, range: 0.264625, mean: 0.066033
  Pos: 100.0%, Neg: 0.0%, Unique: 1244
  Saved validation predictions to: experiments/01_staleness_features_fixed/sweep_stale_h18_drop0.30_lr3/collapse_monitoring/val_predictions_epoch91.npy
  Gradient norms:
    lstm_encoder: 0.031666
    lstm_decoder: 0.013891
    multihead_attn: 0.000789
    output_layer: 0.105932
  VSN output std:
    encoder: 0.190027
  Attention entropy: 2.977791
  Saved to: experiments/01_staleness_features_fixed/sweep_stale_h18_drop0.30_lr3/collapse_monitoring/collapse_monitor_epoch91.json
Epoch 92: val_loss=0.39662015438079834
Epoch 92: train_loss=0.4190541207790375

[CollapseMonitor] Epoch 92
  [DEBUG] Processed 20 batches from val_dataloader
  [DEBUG] Predictions shape after concat: (1280,)
  [DEBUG] All predictions list length: 20
  [DEBUG] First batch shape: (64,)
  Pred std: 0.046657, range: 0.274170, mean: 0.047494
  Pos: 99.7%, Neg: 0.3%, Unique: 1251
  Saved validation predictions to: experiments/01_staleness_features_fixed/sweep_stale_h18_drop0.30_lr3/collapse_monitoring/val_predictions_epoch92.npy
  Gradient norms:
    lstm_encoder: 0.032104
    lstm_decoder: 0.014183
    multihead_attn: 0.000802
    output_layer: 0.103309
  VSN output std:
    encoder: 0.190179
  Attention entropy: 2.976560
  Saved to: experiments/01_staleness_features_fixed/sweep_stale_h18_drop0.30_lr3/collapse_monitoring/collapse_monitor_epoch92.json
Epoch 93: val_loss=0.39796382188796997
Epoch 93: train_loss=0.4193117618560791

[CollapseMonitor] Epoch 93
  [DEBUG] Processed 20 batches from val_dataloader
  [DEBUG] Predictions shape after concat: (1280,)
  [DEBUG] All predictions list length: 20
  [DEBUG] First batch shape: (64,)
  Pred std: 0.046851, range: 0.282263, mean: 0.069483
  Pos: 100.0%, Neg: 0.0%, Unique: 1249
  Saved validation predictions to: experiments/01_staleness_features_fixed/sweep_stale_h18_drop0.30_lr3/collapse_monitoring/val_predictions_epoch93.npy
  Gradient norms:
    lstm_encoder: 0.034000
    lstm_decoder: 0.014543
    multihead_attn: 0.000781
    output_layer: 0.105467
  VSN output std:
    encoder: 0.189529
  Attention entropy: 2.979221
  Saved to: experiments/01_staleness_features_fixed/sweep_stale_h18_drop0.30_lr3/collapse_monitoring/collapse_monitor_epoch93.json
Epoch 94: val_loss=0.3968791365623474
Epoch 94: train_loss=0.4197663962841034

[CollapseMonitor] Epoch 94
  [DEBUG] Processed 20 batches from val_dataloader
  [DEBUG] Predictions shape after concat: (1280,)
  [DEBUG] All predictions list length: 20
  [DEBUG] First batch shape: (64,)
  Pred std: 0.041715, range: 0.267171, mean: 0.055144
  Pos: 100.0%, Neg: 0.0%, Unique: 1245
  Saved validation predictions to: experiments/01_staleness_features_fixed/sweep_stale_h18_drop0.30_lr3/collapse_monitoring/val_predictions_epoch94.npy
  Gradient norms:
    lstm_encoder: 0.030134
    lstm_decoder: 0.013252
    multihead_attn: 0.000746
    output_layer: 0.102251
  VSN output std:
    encoder: 0.190673
  Attention entropy: 2.977893
  Saved to: experiments/01_staleness_features_fixed/sweep_stale_h18_drop0.30_lr3/collapse_monitoring/collapse_monitor_epoch94.json
Epoch 95: val_loss=0.3965311646461487
Epoch 95: train_loss=0.41917890310287476

[CollapseMonitor] Epoch 95
  [DEBUG] Processed 20 batches from val_dataloader
  [DEBUG] Predictions shape after concat: (1280,)
  [DEBUG] All predictions list length: 20
  [DEBUG] First batch shape: (64,)
  Pred std: 0.041928, range: 0.269577, mean: 0.054262
  Pos: 100.0%, Neg: 0.0%, Unique: 1249
  Saved validation predictions to: experiments/01_staleness_features_fixed/sweep_stale_h18_drop0.30_lr3/collapse_monitoring/val_predictions_epoch95.npy
  Gradient norms:
    lstm_encoder: 0.032215
    lstm_decoder: 0.013889
    multihead_attn: 0.000747
    output_layer: 0.100574
  VSN output std:
    encoder: 0.190707
  Attention entropy: 2.977900
  Saved to: experiments/01_staleness_features_fixed/sweep_stale_h18_drop0.30_lr3/collapse_monitoring/collapse_monitor_epoch95.json
Epoch 96: val_loss=0.39590030908584595
Epoch 96: train_loss=0.4191579222679138

[CollapseMonitor] Epoch 96
  [DEBUG] Processed 20 batches from val_dataloader
  [DEBUG] Predictions shape after concat: (1280,)
  [DEBUG] All predictions list length: 20
  [DEBUG] First batch shape: (64,)
  Pred std: 0.047905, range: 0.290232, mean: 0.048565
  Pos: 99.5%, Neg: 0.5%, Unique: 1253
  Saved validation predictions to: experiments/01_staleness_features_fixed/sweep_stale_h18_drop0.30_lr3/collapse_monitoring/val_predictions_epoch96.npy
  Gradient norms:
    lstm_encoder: 0.035694
    lstm_decoder: 0.015508
    multihead_attn: 0.000750
    output_layer: 0.100966
  VSN output std:
    encoder: 0.189769
  Attention entropy: 2.977466
  Saved to: experiments/01_staleness_features_fixed/sweep_stale_h18_drop0.30_lr3/collapse_monitoring/collapse_monitor_epoch96.json
Epoch 97: val_loss=0.3962821364402771
Epoch 97: train_loss=0.4197613298892975

[CollapseMonitor] Epoch 97
  [DEBUG] Processed 20 batches from val_dataloader
  [DEBUG] Predictions shape after concat: (1280,)
  [DEBUG] All predictions list length: 20
  [DEBUG] First batch shape: (64,)
  Pred std: 0.045311, range: 0.284573, mean: 0.053735
  Pos: 100.0%, Neg: 0.0%, Unique: 1247
  Saved validation predictions to: experiments/01_staleness_features_fixed/sweep_stale_h18_drop0.30_lr3/collapse_monitoring/val_predictions_epoch97.npy
  Gradient norms:
    lstm_encoder: 0.034768
    lstm_decoder: 0.015203
    multihead_attn: 0.000765
    output_layer: 0.109672
  VSN output std:
    encoder: 0.190114
  Attention entropy: 2.980003
  Saved to: experiments/01_staleness_features_fixed/sweep_stale_h18_drop0.30_lr3/collapse_monitoring/collapse_monitor_epoch97.json
Epoch 98: val_loss=0.3963261544704437
Epoch 98: train_loss=0.4197775721549988

[CollapseMonitor] Epoch 98
  [DEBUG] Processed 20 batches from val_dataloader
  [DEBUG] Predictions shape after concat: (1280,)
  [DEBUG] All predictions list length: 20
  [DEBUG] First batch shape: (64,)
  Pred std: 0.041633, range: 0.275969, mean: 0.052687
  Pos: 99.9%, Neg: 0.1%, Unique: 1249
  Saved validation predictions to: experiments/01_staleness_features_fixed/sweep_stale_h18_drop0.30_lr3/collapse_monitoring/val_predictions_epoch98.npy
  Gradient norms:
    lstm_encoder: 0.036432
    lstm_decoder: 0.015583
    multihead_attn: 0.000785
    output_layer: 0.107095
  VSN output std:
    encoder: 0.190972
  Attention entropy: 2.980001
  Saved to: experiments/01_staleness_features_fixed/sweep_stale_h18_drop0.30_lr3/collapse_monitoring/collapse_monitor_epoch98.json
Epoch 99: val_loss=0.3963508903980255
Epoch 99: train_loss=0.4195379316806793

[CollapseMonitor] Epoch 99
  [DEBUG] Processed 20 batches from val_dataloader
  [DEBUG] Predictions shape after concat: (1280,)
  [DEBUG] All predictions list length: 20
  [DEBUG] First batch shape: (64,)
  Pred std: 0.045280, range: 0.290313, mean: 0.054314
  Pos: 100.0%, Neg: 0.0%, Unique: 1255
  Saved validation predictions to: experiments/01_staleness_features_fixed/sweep_stale_h18_drop0.30_lr3/collapse_monitoring/val_predictions_epoch99.npy
  Gradient norms:
    lstm_encoder: 0.034821
    lstm_decoder: 0.015142
    multihead_attn: 0.000729
    output_layer: 0.104070
  VSN output std:
    encoder: 0.190350
  Attention entropy: 2.979876
  Saved to: experiments/01_staleness_features_fixed/sweep_stale_h18_drop0.30_lr3/collapse_monitoring/collapse_monitor_epoch99.json


======================================================================
Training complete
======================================================================

Best model checkpoint: experiments/01_staleness_features_fixed/sweep_stale_h18_drop0.30_lr3/checkpoints/tft-epoch=96-val_loss=0.3959.ckpt
Best validation loss: 0.395900
Completed at: 2025-10-30 01:51:41
Log saved to: experiments/01_staleness_features_fixed/sweep_stale_h18_drop0.30_lr3/training_20251030_003906.log
======================================================================
