
[INFO] Using AUTO device selection.

[INFO] Patched matplotlib.Axes.errorbar to abs() negative yerr for robustness.
======================================================================
Training TFT: 10_overnight_sweep/daily_7q_h1_s123
======================================================================
Logging to: experiments/10_overnight_sweep/daily_7q_h1_s123/training_20251204_065404.log
Started at: 2025-12-04 06:54:04
======================================================================
Configuration saved to: experiments/10_overnight_sweep/daily_7q_h1_s123/config.json

Loading data splits...
Train: 6074 samples
Val: 1302 samples
Test: 1302 samples

Preparing TimeSeriesDataSet...

Dropping source columns (used for staleness only): ['CPI']

Final features for TFT: ['SP500_Returns', 'VIX', 'Treasury_10Y', 'Yield_Spread', 'Inflation_YoY']

======================================================================
FEATURE STATISTICS - BEFORE NORMALIZATION
======================================================================
VIX                             mean= 19.7438  std=  8.0295  min=  9.3100  max= 80.8600
Treasury_10Y                    mean=  4.7672  std=  1.6903  min=  1.4300  max=  8.3600
Yield_Spread                    mean=  1.2778  std=  0.9179  min= -0.5200  max=  2.9100
Inflation_YoY                   mean=  2.5322  std=  1.1865  min= -2.1498  max=  6.7300

======================================================================
FEATURES AFTER GROUPNORMALIZER (first batch, last timestep)
======================================================================
VIX                             normalized_value=  1.0000
Treasury_10Y                    normalized_value= -0.0500
Yield_Spread                    normalized_value= -1.0778
Inflation_YoY                   normalized_value= -0.0634
======================================================================

[DEBUG] VIX train values: [28.95 30.38 33.3  31.33 32.63]
[DEBUG] VIX val values: [14.31 15.15 15.13 12.86 13.85]
Batches per epoch: 94
[DEBUG] Validation batches: 21
[DEBUG] Validation dataset size: 1282
[DEBUG] Batch size: 64

Initializing model...

Quantile configuration: 7q
  Quantiles: [0.02, 0.1, 0.25, 0.5, 0.75, 0.9, 0.98]
  Output size: 7
  Median index: 3

Using standard QuantileLoss (no penalties)

[REGIME OUTPUT] Disabled (using baseline output layer)

================================================================================
BASELINE MODEL FEATURE CONFIGURATION (after from_dataset)
================================================================================
tft.hparams.time_varying_reals_encoder: ['relative_time_idx', 'VIX', 'Treasury_10Y', 'Yield_Spread', 'Inflation_YoY']
  Count: 5

tft.hparams.time_varying_reals_decoder: ['relative_time_idx']
  Count: 1

tft.hparams.x_reals (all reals passed to model): ['encoder_length', 'relative_time_idx', 'VIX', 'Treasury_10Y', 'Yield_Spread', 'Inflation_YoY']
  Count: 6

Encoder VSN configuration:
  num_inputs: 5
  input_sizes: {'relative_time_idx': 16, 'VIX': 16, 'Treasury_10Y': 16, 'Yield_Spread': 16, 'Inflation_YoY': 16}
  flattened_grn.fc1: in_features=80, out_features=5
  -> Params in fc1: 400 (should be 5*16*5=400 if 5 features)
================================================================================

Model parameters: 22,615

Starting training...
Checkpoints will be saved to: experiments/10_overnight_sweep/daily_7q_h1_s123/checkpoints/
Logs will be saved to: experiments/10_overnight_sweep/daily_7q_h1_s123/logs/

[DEBUG CollapseMonitor] on_validation_epoch_start called for epoch 0
[DEBUG CollapseMonitor] reset_temporal_state() called on loss function
Epoch 0: val_loss=N/A
[DEBUG CollapseMonitor] on_validation_epoch_start called for epoch 0
[DEBUG CollapseMonitor] reset_temporal_state() called on loss function
Epoch 0: val_loss=0.6437568664550781
Epoch 0: train_loss=0.7872215509414673

[CollapseMonitor] Epoch 0
  [DEBUG] Processed 21 batches from val_dataloader
  [DEBUG] Predictions shape after concat: (1282,)
  Pred std: 0.053676, range: 0.240252, mean: 0.366219
  Pos: 100.0%, Neg: 0.0%, Unique: 1263
  Dir Acc: 54.76%, Pred Sharpe: 108.3073
  Composite: 0.4237 (dist_match: 0.5476, actual_pos: 54.8%, pred_pos: 100.0%)
  Collapse penalty: 0.000000 (threshold: 0.005000)
  Saved validation predictions to: experiments/10_overnight_sweep/daily_7q_h1_s123/collapse_monitoring/val_predictions_epoch0.npy
  Gradient norms:
    lstm_encoder: 0.012526
    lstm_decoder: 0.016319
    output_layer: 0.754001
  VSN output std:
    encoder: 0.172968
  Attention entropy: 2.985707
  Saved to: experiments/10_overnight_sweep/daily_7q_h1_s123/collapse_monitoring/collapse_monitor_latest.json
[DEBUG CollapseMonitor] on_validation_epoch_start called for epoch 1
[DEBUG CollapseMonitor] reset_temporal_state() called on loss function
Epoch 1: val_loss=0.4871827960014343
Epoch 1: train_loss=0.5967089533805847

[CollapseMonitor] Epoch 1
  [DEBUG] Processed 21 batches from val_dataloader
  [DEBUG] Predictions shape after concat: (1282,)
  Pred std: 0.071359, range: 0.323605, mean: 0.219233
  Pos: 100.0%, Neg: 0.0%, Unique: 1269
  Dir Acc: 54.76%, Pred Sharpe: 48.7708
  Composite: 0.4237 (dist_match: 0.5476, actual_pos: 54.8%, pred_pos: 100.0%)
  Collapse penalty: 0.000000 (threshold: 0.005000)
  Saved validation predictions to: experiments/10_overnight_sweep/daily_7q_h1_s123/collapse_monitoring/val_predictions_epoch1.npy
  Gradient norms:
    lstm_encoder: 0.007086
    lstm_decoder: 0.010111
    output_layer: 0.422887
  VSN output std:
    encoder: 0.164418
  Attention entropy: 2.992431
  Saved to: experiments/10_overnight_sweep/daily_7q_h1_s123/collapse_monitoring/collapse_monitor_latest.json
[DEBUG CollapseMonitor] on_validation_epoch_start called for epoch 2
[DEBUG CollapseMonitor] reset_temporal_state() called on loss function
Epoch 2: val_loss=0.4642540216445923
Epoch 2: train_loss=0.5060492753982544

[CollapseMonitor] Epoch 2
  [DEBUG] Processed 21 batches from val_dataloader
  [DEBUG] Predictions shape after concat: (1282,)
  Pred std: 0.057236, range: 0.262688, mean: 0.060531
  Pos: 100.0%, Neg: 0.0%, Unique: 1270
  Dir Acc: 54.76%, Pred Sharpe: 16.7882
  Composite: 0.4237 (dist_match: 0.5476, actual_pos: 54.8%, pred_pos: 100.0%)
  Collapse penalty: 0.000000 (threshold: 0.005000)
  Saved validation predictions to: experiments/10_overnight_sweep/daily_7q_h1_s123/collapse_monitoring/val_predictions_epoch2.npy
  Gradient norms:
    lstm_encoder: 0.003950
    lstm_decoder: 0.005074
    output_layer: 0.193608
  VSN output std:
    encoder: 0.151971
  Attention entropy: 2.991618
  Saved to: experiments/10_overnight_sweep/daily_7q_h1_s123/collapse_monitoring/collapse_monitor_latest.json
[DEBUG CollapseMonitor] on_validation_epoch_start called for epoch 3
[DEBUG CollapseMonitor] reset_temporal_state() called on loss function
Epoch 3: val_loss=0.4553629159927368
Epoch 3: train_loss=0.4773637056350708

[CollapseMonitor] Epoch 3
  [DEBUG] Processed 21 batches from val_dataloader
  [DEBUG] Predictions shape after concat: (1282,)
  Pred std: 0.055232, range: 0.251819, mean: 0.031085
  Pos: 83.5%, Neg: 16.5%, Unique: 1263
  Dir Acc: 52.96%, Pred Sharpe: 8.9344
  Composite: 0.4534 (dist_match: 0.7122, actual_pos: 54.8%, pred_pos: 83.5%)
  Collapse penalty: 0.000000 (threshold: 0.005000)
  Saved validation predictions to: experiments/10_overnight_sweep/daily_7q_h1_s123/collapse_monitoring/val_predictions_epoch3.npy
  Gradient norms:
    lstm_encoder: 0.002973
    lstm_decoder: 0.003524
    output_layer: 0.133210
  VSN output std:
    encoder: 0.148028
  Attention entropy: 2.990207
  Saved to: experiments/10_overnight_sweep/daily_7q_h1_s123/collapse_monitoring/collapse_monitor_latest.json
[DEBUG CollapseMonitor] on_validation_epoch_start called for epoch 4
[DEBUG CollapseMonitor] reset_temporal_state() called on loss function
Epoch 4: val_loss=0.44806089997291565
Epoch 4: train_loss=0.46494919061660767

[CollapseMonitor] Epoch 4
  [DEBUG] Processed 21 batches from val_dataloader
  [DEBUG] Predictions shape after concat: (1282,)
  Pred std: 0.071210, range: 0.310986, mean: 0.031336
  Pos: 47.9%, Neg: 52.1%, Unique: 1263
  Dir Acc: 49.06%, Pred Sharpe: 6.9856
  Composite: 0.4738 (dist_match: 0.9314, actual_pos: 54.8%, pred_pos: 47.9%)
  Collapse penalty: 0.000000 (threshold: 0.005000)
  Saved validation predictions to: experiments/10_overnight_sweep/daily_7q_h1_s123/collapse_monitoring/val_predictions_epoch4.npy
  Gradient norms:
    lstm_encoder: 0.002755
    lstm_decoder: 0.003185
    output_layer: 0.113492
  VSN output std:
    encoder: 0.148332
  Attention entropy: 2.985818
  Saved to: experiments/10_overnight_sweep/daily_7q_h1_s123/collapse_monitoring/collapse_monitor_latest.json
[DEBUG CollapseMonitor] on_validation_epoch_start called for epoch 5
[DEBUG CollapseMonitor] reset_temporal_state() called on loss function
Epoch 5: val_loss=0.441670686006546
Epoch 5: train_loss=0.4583350121974945

[CollapseMonitor] Epoch 5
  [DEBUG] Processed 21 batches from val_dataloader
  [DEBUG] Predictions shape after concat: (1282,)
  Pred std: 0.087774, range: 0.363564, mean: 0.021467
  Pos: 29.7%, Neg: 70.3%, Unique: 1245
  Dir Acc: 48.99%, Pred Sharpe: 3.8824
  Composite: 0.4285 (dist_match: 0.7496, actual_pos: 54.8%, pred_pos: 29.7%)
  Collapse penalty: 0.000000 (threshold: 0.005000)
  Saved validation predictions to: experiments/10_overnight_sweep/daily_7q_h1_s123/collapse_monitoring/val_predictions_epoch5.npy
  Gradient norms:
    lstm_encoder: 0.002953
    lstm_decoder: 0.003158
    output_layer: 0.104242
  VSN output std:
    encoder: 0.155293
  Attention entropy: 2.976616
  Saved to: experiments/10_overnight_sweep/daily_7q_h1_s123/collapse_monitoring/collapse_monitor_latest.json
[DEBUG CollapseMonitor] on_validation_epoch_start called for epoch 6
[DEBUG CollapseMonitor] reset_temporal_state() called on loss function
Epoch 6: val_loss=0.4369843304157257
Epoch 6: train_loss=0.4508710503578186

[CollapseMonitor] Epoch 6
  [DEBUG] Processed 21 batches from val_dataloader
  [DEBUG] Predictions shape after concat: (1282,)
  Pred std: 0.087941, range: 0.344279, mean: 0.040119
  Pos: 44.9%, Neg: 55.1%, Unique: 1244
  Dir Acc: 49.45%, Pred Sharpe: 7.2421
  Composite: 0.4700 (dist_match: 0.9009, actual_pos: 54.8%, pred_pos: 44.9%)
  Collapse penalty: 0.000000 (threshold: 0.005000)
  Saved validation predictions to: experiments/10_overnight_sweep/daily_7q_h1_s123/collapse_monitoring/val_predictions_epoch6.npy
  Gradient norms:
    lstm_encoder: 0.002835
    lstm_decoder: 0.003021
    output_layer: 0.101962
  VSN output std:
    encoder: 0.163261
  Attention entropy: 2.969781
  Saved to: experiments/10_overnight_sweep/daily_7q_h1_s123/collapse_monitoring/collapse_monitor_latest.json
[DEBUG CollapseMonitor] on_validation_epoch_start called for epoch 7
[DEBUG CollapseMonitor] reset_temporal_state() called on loss function
Epoch 7: val_loss=0.4351167380809784
Epoch 7: train_loss=0.44640880823135376

[CollapseMonitor] Epoch 7
  [DEBUG] Processed 21 batches from val_dataloader
  [DEBUG] Predictions shape after concat: (1282,)
  Pred std: 0.071426, range: 0.288585, mean: 0.019041
  Pos: 27.4%, Neg: 72.6%, Unique: 1240
  Dir Acc: 49.14%, Pred Sharpe: 4.2318
  Composite: 0.4241 (dist_match: 0.7262, actual_pos: 54.8%, pred_pos: 27.4%)
  Collapse penalty: 0.000000 (threshold: 0.005000)
  Saved validation predictions to: experiments/10_overnight_sweep/daily_7q_h1_s123/collapse_monitoring/val_predictions_epoch7.npy
  Gradient norms:
    lstm_encoder: 0.002982
    lstm_decoder: 0.003006
    output_layer: 0.099853
  VSN output std:
    encoder: 0.167552
  Attention entropy: 2.959826
  Saved to: experiments/10_overnight_sweep/daily_7q_h1_s123/collapse_monitoring/collapse_monitor_latest.json
[DEBUG CollapseMonitor] on_validation_epoch_start called for epoch 8
[DEBUG CollapseMonitor] reset_temporal_state() called on loss function
Epoch 8: val_loss=0.43275511264801025
Epoch 8: train_loss=0.4450533092021942

[CollapseMonitor] Epoch 8
  [DEBUG] Processed 21 batches from val_dataloader
  [DEBUG] Predictions shape after concat: (1282,)
  Pred std: 0.054709, range: 0.219767, mean: 0.033842
  Pos: 100.0%, Neg: 0.0%, Unique: 1240
  Dir Acc: 54.76%, Pred Sharpe: 9.8197
  Composite: 0.4237 (dist_match: 0.5476, actual_pos: 54.8%, pred_pos: 100.0%)
  Collapse penalty: 0.000000 (threshold: 0.005000)
  Saved validation predictions to: experiments/10_overnight_sweep/daily_7q_h1_s123/collapse_monitoring/val_predictions_epoch8.npy
  Gradient norms:
    lstm_encoder: 0.003105
    lstm_decoder: 0.002947
    output_layer: 0.098768
  VSN output std:
    encoder: 0.168556
  Attention entropy: 2.957944
  Saved to: experiments/10_overnight_sweep/daily_7q_h1_s123/collapse_monitoring/collapse_monitor_latest.json
[DEBUG CollapseMonitor] on_validation_epoch_start called for epoch 9
[DEBUG CollapseMonitor] reset_temporal_state() called on loss function
Epoch 9: val_loss=0.4314355254173279
Epoch 9: train_loss=0.4414375126361847

[CollapseMonitor] Epoch 9
  [DEBUG] Processed 21 batches from val_dataloader
  [DEBUG] Predictions shape after concat: (1282,)
  Pred std: 0.047272, range: 0.195435, mean: 0.029597
  Pos: 100.0%, Neg: 0.0%, Unique: 1220
  Dir Acc: 54.76%, Pred Sharpe: 9.9389
  Composite: 0.4237 (dist_match: 0.5476, actual_pos: 54.8%, pred_pos: 100.0%)
  Collapse penalty: 0.000000 (threshold: 0.005000)
  Saved validation predictions to: experiments/10_overnight_sweep/daily_7q_h1_s123/collapse_monitoring/val_predictions_epoch9.npy
  Gradient norms:
    lstm_encoder: 0.002937
    lstm_decoder: 0.002789
    output_layer: 0.093930
  VSN output std:
    encoder: 0.173389
  Attention entropy: 2.950821
  Saved to: experiments/10_overnight_sweep/daily_7q_h1_s123/collapse_monitoring/collapse_monitor_latest.json
[DEBUG CollapseMonitor] on_validation_epoch_start called for epoch 10
[DEBUG CollapseMonitor] reset_temporal_state() called on loss function
Epoch 10: val_loss=0.4288308322429657
Epoch 10: train_loss=0.44046708941459656

[CollapseMonitor] Epoch 10
  [DEBUG] Processed 21 batches from val_dataloader
  [DEBUG] Predictions shape after concat: (1282,)
  Pred std: 0.050554, range: 0.204410, mean: 0.043433
  Pos: 100.0%, Neg: 0.0%, Unique: 1236
  Dir Acc: 54.76%, Pred Sharpe: 13.6384
  Composite: 0.4237 (dist_match: 0.5476, actual_pos: 54.8%, pred_pos: 100.0%)
  Collapse penalty: 0.000000 (threshold: 0.005000)
  Saved validation predictions to: experiments/10_overnight_sweep/daily_7q_h1_s123/collapse_monitoring/val_predictions_epoch10.npy
  Gradient norms:
    lstm_encoder: 0.002958
    lstm_decoder: 0.002769
    output_layer: 0.095038
  VSN output std:
    encoder: 0.172323
  Attention entropy: 2.935118
  Saved to: experiments/10_overnight_sweep/daily_7q_h1_s123/collapse_monitoring/collapse_monitor_latest.json
[DEBUG CollapseMonitor] on_validation_epoch_start called for epoch 11
[DEBUG CollapseMonitor] reset_temporal_state() called on loss function
Epoch 11: val_loss=0.4258265793323517
Epoch 11: train_loss=0.43872129917144775

[CollapseMonitor] Epoch 11
  [DEBUG] Processed 21 batches from val_dataloader
  [DEBUG] Predictions shape after concat: (1282,)
  Pred std: 0.035919, range: 0.151508, mean: 0.079473
  Pos: 100.0%, Neg: 0.0%, Unique: 1230
  Dir Acc: 54.76%, Pred Sharpe: 35.1236
  Composite: 0.4237 (dist_match: 0.5476, actual_pos: 54.8%, pred_pos: 100.0%)
  Collapse penalty: 0.000000 (threshold: 0.005000)
  Saved validation predictions to: experiments/10_overnight_sweep/daily_7q_h1_s123/collapse_monitoring/val_predictions_epoch11.npy
  Gradient norms:
    lstm_encoder: 0.003255
    lstm_decoder: 0.002980
    output_layer: 0.097846
  VSN output std:
    encoder: 0.170131
  Attention entropy: 2.892383
  Saved to: experiments/10_overnight_sweep/daily_7q_h1_s123/collapse_monitoring/collapse_monitor_latest.json
[DEBUG CollapseMonitor] on_validation_epoch_start called for epoch 12
[DEBUG CollapseMonitor] reset_temporal_state() called on loss function
Epoch 12: val_loss=0.42647361755371094
Epoch 12: train_loss=0.43740734457969666

[CollapseMonitor] Epoch 12
  [DEBUG] Processed 21 batches from val_dataloader
  [DEBUG] Predictions shape after concat: (1282,)
  Pred std: 0.032597, range: 0.142369, mean: 0.016935
  Pos: 96.2%, Neg: 3.8%, Unique: 1225
  Dir Acc: 54.84%, Pred Sharpe: 8.2475
  Composite: 0.4348 (dist_match: 0.5858, actual_pos: 54.8%, pred_pos: 96.2%)
  Collapse penalty: 0.000000 (threshold: 0.005000)
  Saved validation predictions to: experiments/10_overnight_sweep/daily_7q_h1_s123/collapse_monitoring/val_predictions_epoch12.npy
  Gradient norms:
    lstm_encoder: 0.003664
    lstm_decoder: 0.002987
    output_layer: 0.095729
  VSN output std:
    encoder: 0.170439
  Attention entropy: 2.824293
  Saved to: experiments/10_overnight_sweep/daily_7q_h1_s123/collapse_monitoring/collapse_monitor_latest.json
[DEBUG CollapseMonitor] on_validation_epoch_start called for epoch 13
[DEBUG CollapseMonitor] reset_temporal_state() called on loss function
Epoch 13: val_loss=0.4221261441707611
Epoch 13: train_loss=0.4343724846839905

[CollapseMonitor] Epoch 13
  [DEBUG] Processed 21 batches from val_dataloader
  [DEBUG] Predictions shape after concat: (1282,)
  Pred std: 0.031286, range: 0.158716, mean: 0.053406
  Pos: 100.0%, Neg: 0.0%, Unique: 1240
  Dir Acc: 54.76%, Pred Sharpe: 27.0981
  Composite: 0.4237 (dist_match: 0.5476, actual_pos: 54.8%, pred_pos: 100.0%)
  Collapse penalty: 0.000000 (threshold: 0.005000)
  Saved validation predictions to: experiments/10_overnight_sweep/daily_7q_h1_s123/collapse_monitoring/val_predictions_epoch13.npy
  Gradient norms:
    lstm_encoder: 0.003712
    lstm_decoder: 0.002985
    output_layer: 0.094045
  VSN output std:
    encoder: 0.168184
  Attention entropy: 2.731045
  Saved to: experiments/10_overnight_sweep/daily_7q_h1_s123/collapse_monitoring/collapse_monitor_latest.json
[DEBUG CollapseMonitor] on_validation_epoch_start called for epoch 14
[DEBUG CollapseMonitor] reset_temporal_state() called on loss function
Epoch 14: val_loss=0.42171749472618103
Epoch 14: train_loss=0.4349009692668915

[CollapseMonitor] Epoch 14
  [DEBUG] Processed 21 batches from val_dataloader
  [DEBUG] Predictions shape after concat: (1282,)
  Pred std: 0.032297, range: 0.166739, mean: 0.053118
  Pos: 100.0%, Neg: 0.0%, Unique: 1231
  Dir Acc: 54.76%, Pred Sharpe: 26.1078
  Composite: 0.4237 (dist_match: 0.5476, actual_pos: 54.8%, pred_pos: 100.0%)
  Collapse penalty: 0.000000 (threshold: 0.005000)
  Saved validation predictions to: experiments/10_overnight_sweep/daily_7q_h1_s123/collapse_monitoring/val_predictions_epoch14.npy
  Gradient norms:
    lstm_encoder: 0.003953
    lstm_decoder: 0.003130
    output_layer: 0.097618
  VSN output std:
    encoder: 0.164718
  Attention entropy: 2.631679
  Saved to: experiments/10_overnight_sweep/daily_7q_h1_s123/collapse_monitoring/collapse_monitor_latest.json
[DEBUG CollapseMonitor] on_validation_epoch_start called for epoch 15
[DEBUG CollapseMonitor] reset_temporal_state() called on loss function
Epoch 15: val_loss=0.419077605009079
Epoch 15: train_loss=0.43112418055534363

[CollapseMonitor] Epoch 15
  [DEBUG] Processed 21 batches from val_dataloader
  [DEBUG] Predictions shape after concat: (1282,)
  Pred std: 0.027293, range: 0.146547, mean: 0.021205
  Pos: 95.4%, Neg: 4.6%, Unique: 1239
  Dir Acc: 53.90%, Pred Sharpe: 12.3336
  Composite: 0.4295 (dist_match: 0.5936, actual_pos: 54.8%, pred_pos: 95.4%)
  Collapse penalty: 0.000000 (threshold: 0.005000)
  Saved validation predictions to: experiments/10_overnight_sweep/daily_7q_h1_s123/collapse_monitoring/val_predictions_epoch15.npy
  Gradient norms:
    lstm_encoder: 0.004139
    lstm_decoder: 0.003002
    output_layer: 0.093347
  VSN output std:
    encoder: 0.162575
  Attention entropy: 2.439980
  Saved to: experiments/10_overnight_sweep/daily_7q_h1_s123/collapse_monitoring/collapse_monitor_latest.json
[DEBUG CollapseMonitor] on_validation_epoch_start called for epoch 16
[DEBUG CollapseMonitor] reset_temporal_state() called on loss function
Epoch 16: val_loss=0.4162304997444153
Epoch 16: train_loss=0.4318307638168335

[CollapseMonitor] Epoch 16
  [DEBUG] Processed 21 batches from val_dataloader
  [DEBUG] Predictions shape after concat: (1282,)
  Pred std: 0.025897, range: 0.151859, mean: 0.041713
  Pos: 99.6%, Neg: 0.4%, Unique: 1246
  Dir Acc: 54.68%, Pred Sharpe: 25.5695
  Composite: 0.4242 (dist_match: 0.5515, actual_pos: 54.8%, pred_pos: 99.6%)
  Collapse penalty: 0.000000 (threshold: 0.005000)
  Saved validation predictions to: experiments/10_overnight_sweep/daily_7q_h1_s123/collapse_monitoring/val_predictions_epoch16.npy
  Gradient norms:
    lstm_encoder: 0.004477
    lstm_decoder: 0.003200
    output_layer: 0.102165
  VSN output std:
    encoder: 0.161326
  Attention entropy: 2.343936
  Saved to: experiments/10_overnight_sweep/daily_7q_h1_s123/collapse_monitoring/collapse_monitor_latest.json
[DEBUG CollapseMonitor] on_validation_epoch_start called for epoch 17
[DEBUG CollapseMonitor] reset_temporal_state() called on loss function
Epoch 17: val_loss=0.4167228043079376
Epoch 17: train_loss=0.4308530390262604

[CollapseMonitor] Epoch 17
  [DEBUG] Processed 21 batches from val_dataloader
  [DEBUG] Predictions shape after concat: (1282,)
  Pred std: 0.025256, range: 0.134426, mean: 0.032613
  Pos: 100.0%, Neg: 0.0%, Unique: 1239
  Dir Acc: 54.76%, Pred Sharpe: 20.4983
  Composite: 0.4237 (dist_match: 0.5476, actual_pos: 54.8%, pred_pos: 100.0%)
  Collapse penalty: 0.000000 (threshold: 0.005000)
  Saved validation predictions to: experiments/10_overnight_sweep/daily_7q_h1_s123/collapse_monitoring/val_predictions_epoch17.npy
  Gradient norms:
    lstm_encoder: 0.004503
    lstm_decoder: 0.003203
    output_layer: 0.098286
  VSN output std:
    encoder: 0.161257
  Attention entropy: 2.298854
  Saved to: experiments/10_overnight_sweep/daily_7q_h1_s123/collapse_monitoring/collapse_monitor_latest.json
[DEBUG CollapseMonitor] on_validation_epoch_start called for epoch 18
[DEBUG CollapseMonitor] reset_temporal_state() called on loss function
Epoch 18: val_loss=0.4146302044391632
Epoch 18: train_loss=0.42957767844200134

[CollapseMonitor] Epoch 18
  [DEBUG] Processed 21 batches from val_dataloader
  [DEBUG] Predictions shape after concat: (1282,)
  Pred std: 0.021892, range: 0.130881, mean: 0.039137
  Pos: 100.0%, Neg: 0.0%, Unique: 1246
  Dir Acc: 54.76%, Pred Sharpe: 28.3793
  Composite: 0.4237 (dist_match: 0.5476, actual_pos: 54.8%, pred_pos: 100.0%)
  Collapse penalty: 0.000000 (threshold: 0.005000)
  Saved validation predictions to: experiments/10_overnight_sweep/daily_7q_h1_s123/collapse_monitoring/val_predictions_epoch18.npy
  Gradient norms:
    lstm_encoder: 0.004876
    lstm_decoder: 0.003269
    output_layer: 0.094230
  VSN output std:
    encoder: 0.164904
  Attention entropy: 2.197526
  Saved to: experiments/10_overnight_sweep/daily_7q_h1_s123/collapse_monitoring/collapse_monitor_latest.json
[DEBUG CollapseMonitor] on_validation_epoch_start called for epoch 19
[DEBUG CollapseMonitor] reset_temporal_state() called on loss function
Epoch 19: val_loss=0.41225677728652954
Epoch 19: train_loss=0.42980891466140747

[CollapseMonitor] Epoch 19
  [DEBUG] Processed 21 batches from val_dataloader
  [DEBUG] Predictions shape after concat: (1282,)
  Pred std: 0.019841, range: 0.127669, mean: 0.045295
  Pos: 100.0%, Neg: 0.0%, Unique: 1232
  Dir Acc: 54.76%, Pred Sharpe: 36.2389
  Composite: 0.4237 (dist_match: 0.5476, actual_pos: 54.8%, pred_pos: 100.0%)
  Collapse penalty: 0.000000 (threshold: 0.005000)
  Saved validation predictions to: experiments/10_overnight_sweep/daily_7q_h1_s123/collapse_monitoring/val_predictions_epoch19.npy
  Gradient norms:
    lstm_encoder: 0.005225
    lstm_decoder: 0.003498
    output_layer: 0.098343
  VSN output std:
    encoder: 0.162106
  Attention entropy: 2.061671
  Saved to: experiments/10_overnight_sweep/daily_7q_h1_s123/collapse_monitoring/collapse_monitor_latest.json
[DEBUG CollapseMonitor] on_validation_epoch_start called for epoch 20
[DEBUG CollapseMonitor] reset_temporal_state() called on loss function
Epoch 20: val_loss=0.41146937012672424
Epoch 20: train_loss=0.4281727075576782

[CollapseMonitor] Epoch 20
  [DEBUG] Processed 21 batches from val_dataloader
  [DEBUG] Predictions shape after concat: (1282,)
  Pred std: 0.025689, range: 0.150825, mean: 0.035142
  Pos: 100.0%, Neg: 0.0%, Unique: 1239
  Dir Acc: 54.76%, Pred Sharpe: 21.7162
  Composite: 0.4237 (dist_match: 0.5476, actual_pos: 54.8%, pred_pos: 100.0%)
  Collapse penalty: 0.000000 (threshold: 0.005000)
  Saved validation predictions to: experiments/10_overnight_sweep/daily_7q_h1_s123/collapse_monitoring/val_predictions_epoch20.npy
  Gradient norms:
    lstm_encoder: 0.004909
    lstm_decoder: 0.003430
    output_layer: 0.097262
  VSN output std:
    encoder: 0.166170
  Attention entropy: 1.958123
  Saved to: experiments/10_overnight_sweep/daily_7q_h1_s123/collapse_monitoring/collapse_monitor_latest.json
[DEBUG CollapseMonitor] on_validation_epoch_start called for epoch 21
[DEBUG CollapseMonitor] reset_temporal_state() called on loss function
Epoch 21: val_loss=0.4101647734642029
Epoch 21: train_loss=0.42732396721839905

[CollapseMonitor] Epoch 21
  [DEBUG] Processed 21 batches from val_dataloader
  [DEBUG] Predictions shape after concat: (1282,)
  Pred std: 0.025614, range: 0.153782, mean: 0.040373
  Pos: 100.0%, Neg: 0.0%, Unique: 1236
  Dir Acc: 54.76%, Pred Sharpe: 25.0215
  Composite: 0.4237 (dist_match: 0.5476, actual_pos: 54.8%, pred_pos: 100.0%)
  Collapse penalty: 0.000000 (threshold: 0.005000)
  Saved validation predictions to: experiments/10_overnight_sweep/daily_7q_h1_s123/collapse_monitoring/val_predictions_epoch21.npy
  Gradient norms:
    lstm_encoder: 0.005095
    lstm_decoder: 0.003737
    output_layer: 0.099203
  VSN output std:
    encoder: 0.165565
  Attention entropy: 1.962161
  Saved to: experiments/10_overnight_sweep/daily_7q_h1_s123/collapse_monitoring/collapse_monitor_latest.json
[DEBUG CollapseMonitor] on_validation_epoch_start called for epoch 22
[DEBUG CollapseMonitor] reset_temporal_state() called on loss function
Epoch 22: val_loss=0.4102133810520172
Epoch 22: train_loss=0.4270534813404083

[CollapseMonitor] Epoch 22
  [DEBUG] Processed 21 batches from val_dataloader
  [DEBUG] Predictions shape after concat: (1282,)
  Pred std: 0.021715, range: 0.144097, mean: 0.035619
  Pos: 100.0%, Neg: 0.0%, Unique: 1230
  Dir Acc: 54.76%, Pred Sharpe: 26.0392
  Composite: 0.4237 (dist_match: 0.5476, actual_pos: 54.8%, pred_pos: 100.0%)
  Collapse penalty: 0.000000 (threshold: 0.005000)
  Saved validation predictions to: experiments/10_overnight_sweep/daily_7q_h1_s123/collapse_monitoring/val_predictions_epoch22.npy
  Gradient norms:
    lstm_encoder: 0.005552
    lstm_decoder: 0.003682
    output_layer: 0.102879
  VSN output std:
    encoder: 0.164516
  Attention entropy: 1.889601
  Saved to: experiments/10_overnight_sweep/daily_7q_h1_s123/collapse_monitoring/collapse_monitor_latest.json
[DEBUG CollapseMonitor] on_validation_epoch_start called for epoch 23
[DEBUG CollapseMonitor] reset_temporal_state() called on loss function
Epoch 23: val_loss=0.40745100378990173
Epoch 23: train_loss=0.42674246430397034

[CollapseMonitor] Epoch 23
  [DEBUG] Processed 21 batches from val_dataloader
  [DEBUG] Predictions shape after concat: (1282,)
  Pred std: 0.029769, range: 0.189906, mean: 0.055338
  Pos: 100.0%, Neg: 0.0%, Unique: 1238
  Dir Acc: 54.76%, Pred Sharpe: 29.5090
  Composite: 0.4237 (dist_match: 0.5476, actual_pos: 54.8%, pred_pos: 100.0%)
  Collapse penalty: 0.000000 (threshold: 0.005000)
  Saved validation predictions to: experiments/10_overnight_sweep/daily_7q_h1_s123/collapse_monitoring/val_predictions_epoch23.npy
  Gradient norms:
    lstm_encoder: 0.005308
    lstm_decoder: 0.003609
    output_layer: 0.099914
  VSN output std:
    encoder: 0.167329
  Attention entropy: 1.758364
  Saved to: experiments/10_overnight_sweep/daily_7q_h1_s123/collapse_monitoring/collapse_monitor_latest.json
[DEBUG CollapseMonitor] on_validation_epoch_start called for epoch 24
[DEBUG CollapseMonitor] reset_temporal_state() called on loss function
Epoch 24: val_loss=0.40732449293136597
Epoch 24: train_loss=0.42622315883636475

[CollapseMonitor] Epoch 24
  [DEBUG] Processed 21 batches from val_dataloader
  [DEBUG] Predictions shape after concat: (1282,)
  Pred std: 0.037971, range: 0.205258, mean: 0.054513
  Pos: 100.0%, Neg: 0.0%, Unique: 1248
  Dir Acc: 54.76%, Pred Sharpe: 22.7900
  Composite: 0.4237 (dist_match: 0.5476, actual_pos: 54.8%, pred_pos: 100.0%)
  Collapse penalty: 0.000000 (threshold: 0.005000)
  Saved validation predictions to: experiments/10_overnight_sweep/daily_7q_h1_s123/collapse_monitoring/val_predictions_epoch24.npy
  Gradient norms:
    lstm_encoder: 0.005468
    lstm_decoder: 0.003787
    output_layer: 0.100493
  VSN output std:
    encoder: 0.166941
  Attention entropy: 1.669063
  Saved to: experiments/10_overnight_sweep/daily_7q_h1_s123/collapse_monitoring/collapse_monitor_latest.json
[DEBUG CollapseMonitor] on_validation_epoch_start called for epoch 25
[DEBUG CollapseMonitor] reset_temporal_state() called on loss function
Epoch 25: val_loss=0.40693575143814087
Epoch 25: train_loss=0.42631661891937256

[CollapseMonitor] Epoch 25
  [DEBUG] Processed 21 batches from val_dataloader
  [DEBUG] Predictions shape after concat: (1282,)
  Pred std: 0.029215, range: 0.174614, mean: 0.058439
  Pos: 100.0%, Neg: 0.0%, Unique: 1249
  Dir Acc: 54.76%, Pred Sharpe: 31.7545
  Composite: 0.4237 (dist_match: 0.5476, actual_pos: 54.8%, pred_pos: 100.0%)
  Collapse penalty: 0.000000 (threshold: 0.005000)
  Saved validation predictions to: experiments/10_overnight_sweep/daily_7q_h1_s123/collapse_monitoring/val_predictions_epoch25.npy
  Gradient norms:
    lstm_encoder: 0.005681
    lstm_decoder: 0.003873
    output_layer: 0.096911
  VSN output std:
    encoder: 0.165801
  Attention entropy: 1.660516
  Saved to: experiments/10_overnight_sweep/daily_7q_h1_s123/collapse_monitoring/collapse_monitor_latest.json
[DEBUG CollapseMonitor] on_validation_epoch_start called for epoch 26
[DEBUG CollapseMonitor] reset_temporal_state() called on loss function
Epoch 26: val_loss=0.40639635920524597
Epoch 26: train_loss=0.42553195357322693

[CollapseMonitor] Epoch 26
  [DEBUG] Processed 21 batches from val_dataloader
  [DEBUG] Predictions shape after concat: (1282,)
  Pred std: 0.029016, range: 0.181953, mean: 0.055684
  Pos: 100.0%, Neg: 0.0%, Unique: 1232
  Dir Acc: 54.76%, Pred Sharpe: 30.4642
  Composite: 0.4237 (dist_match: 0.5476, actual_pos: 54.8%, pred_pos: 100.0%)
  Collapse penalty: 0.000000 (threshold: 0.005000)
  Saved validation predictions to: experiments/10_overnight_sweep/daily_7q_h1_s123/collapse_monitoring/val_predictions_epoch26.npy
  Gradient norms:
    lstm_encoder: 0.005833
    lstm_decoder: 0.003786
    output_layer: 0.102934
  VSN output std:
    encoder: 0.163831
  Attention entropy: 1.630716
  Saved to: experiments/10_overnight_sweep/daily_7q_h1_s123/collapse_monitoring/collapse_monitor_latest.json
[DEBUG CollapseMonitor] on_validation_epoch_start called for epoch 27
[DEBUG CollapseMonitor] reset_temporal_state() called on loss function
Epoch 27: val_loss=0.40594473481178284
Epoch 27: train_loss=0.42431530356407166

[CollapseMonitor] Epoch 27
  [DEBUG] Processed 21 batches from val_dataloader
  [DEBUG] Predictions shape after concat: (1282,)
  Pred std: 0.027136, range: 0.175220, mean: 0.059539
  Pos: 100.0%, Neg: 0.0%, Unique: 1245
  Dir Acc: 54.76%, Pred Sharpe: 34.8306
  Composite: 0.4237 (dist_match: 0.5476, actual_pos: 54.8%, pred_pos: 100.0%)
  Collapse penalty: 0.000000 (threshold: 0.005000)
  Saved validation predictions to: experiments/10_overnight_sweep/daily_7q_h1_s123/collapse_monitoring/val_predictions_epoch27.npy
  Gradient norms:
    lstm_encoder: 0.005991
    lstm_decoder: 0.004016
    output_layer: 0.093770
  VSN output std:
    encoder: 0.160630
  Attention entropy: 1.472584
  Saved to: experiments/10_overnight_sweep/daily_7q_h1_s123/collapse_monitoring/collapse_monitor_latest.json
[DEBUG CollapseMonitor] on_validation_epoch_start called for epoch 28
[DEBUG CollapseMonitor] reset_temporal_state() called on loss function
Epoch 28: val_loss=0.4051939845085144
Epoch 28: train_loss=0.4243055582046509

[CollapseMonitor] Epoch 28
  [DEBUG] Processed 21 batches from val_dataloader
  [DEBUG] Predictions shape after concat: (1282,)
  Pred std: 0.034248, range: 0.212451, mean: 0.034480
  Pos: 100.0%, Neg: 0.0%, Unique: 1241
  Dir Acc: 54.76%, Pred Sharpe: 15.9821
  Composite: 0.4237 (dist_match: 0.5476, actual_pos: 54.8%, pred_pos: 100.0%)
  Collapse penalty: 0.000000 (threshold: 0.005000)
  Saved validation predictions to: experiments/10_overnight_sweep/daily_7q_h1_s123/collapse_monitoring/val_predictions_epoch28.npy
  Gradient norms:
    lstm_encoder: 0.005857
    lstm_decoder: 0.003852
    output_layer: 0.099078
  VSN output std:
    encoder: 0.162643
  Attention entropy: 1.471980
  Saved to: experiments/10_overnight_sweep/daily_7q_h1_s123/collapse_monitoring/collapse_monitor_latest.json
[DEBUG CollapseMonitor] on_validation_epoch_start called for epoch 29
[DEBUG CollapseMonitor] reset_temporal_state() called on loss function
Epoch 29: val_loss=0.40390342473983765
Epoch 29: train_loss=0.42404985427856445

[CollapseMonitor] Epoch 29
  [DEBUG] Processed 21 batches from val_dataloader
  [DEBUG] Predictions shape after concat: (1282,)
  Pred std: 0.032449, range: 0.207072, mean: 0.061021
  Pos: 100.0%, Neg: 0.0%, Unique: 1238
  Dir Acc: 54.76%, Pred Sharpe: 29.8523
  Composite: 0.4237 (dist_match: 0.5476, actual_pos: 54.8%, pred_pos: 100.0%)
  Collapse penalty: 0.000000 (threshold: 0.005000)
  Saved validation predictions to: experiments/10_overnight_sweep/daily_7q_h1_s123/collapse_monitoring/val_predictions_epoch29.npy
  Gradient norms:
    lstm_encoder: 0.006226
    lstm_decoder: 0.003970
    output_layer: 0.098911
  VSN output std:
    encoder: 0.165257
  Attention entropy: 1.374799
  Saved to: experiments/10_overnight_sweep/daily_7q_h1_s123/collapse_monitoring/collapse_monitor_latest.json
[DEBUG CollapseMonitor] on_validation_epoch_start called for epoch 30
[DEBUG CollapseMonitor] reset_temporal_state() called on loss function
Epoch 30: val_loss=0.4041299521923065
Epoch 30: train_loss=0.4244908392429352

[CollapseMonitor] Epoch 30
  [DEBUG] Processed 21 batches from val_dataloader
  [DEBUG] Predictions shape after concat: (1282,)
  Pred std: 0.032091, range: 0.207861, mean: 0.050393
  Pos: 100.0%, Neg: 0.0%, Unique: 1235
  Dir Acc: 54.76%, Pred Sharpe: 24.9285
  Composite: 0.4237 (dist_match: 0.5476, actual_pos: 54.8%, pred_pos: 100.0%)
  Collapse penalty: 0.000000 (threshold: 0.005000)
  Saved validation predictions to: experiments/10_overnight_sweep/daily_7q_h1_s123/collapse_monitoring/val_predictions_epoch30.npy
  Gradient norms:
    lstm_encoder: 0.006561
    lstm_decoder: 0.004377
    output_layer: 0.107099
  VSN output std:
    encoder: 0.166633
  Attention entropy: 1.401545
  Saved to: experiments/10_overnight_sweep/daily_7q_h1_s123/collapse_monitoring/collapse_monitor_latest.json
[DEBUG CollapseMonitor] on_validation_epoch_start called for epoch 31
[DEBUG CollapseMonitor] reset_temporal_state() called on loss function
Epoch 31: val_loss=0.40405482053756714
Epoch 31: train_loss=0.4226783514022827

[CollapseMonitor] Epoch 31
  [DEBUG] Processed 21 batches from val_dataloader
  [DEBUG] Predictions shape after concat: (1282,)
  Pred std: 0.029591, range: 0.198668, mean: 0.048276
  Pos: 100.0%, Neg: 0.0%, Unique: 1236
  Dir Acc: 54.76%, Pred Sharpe: 25.8987
  Composite: 0.4237 (dist_match: 0.5476, actual_pos: 54.8%, pred_pos: 100.0%)
  Collapse penalty: 0.000000 (threshold: 0.005000)
  Saved validation predictions to: experiments/10_overnight_sweep/daily_7q_h1_s123/collapse_monitoring/val_predictions_epoch31.npy
  Gradient norms:
    lstm_encoder: 0.006606
    lstm_decoder: 0.004401
    output_layer: 0.105493
  VSN output std:
    encoder: 0.167501
  Attention entropy: 1.404868
  Saved to: experiments/10_overnight_sweep/daily_7q_h1_s123/collapse_monitoring/collapse_monitor_latest.json
[DEBUG CollapseMonitor] on_validation_epoch_start called for epoch 32
[DEBUG CollapseMonitor] reset_temporal_state() called on loss function
Epoch 32: val_loss=0.4036482572555542
Epoch 32: train_loss=0.4235929250717163

[CollapseMonitor] Epoch 32
  [DEBUG] Processed 21 batches from val_dataloader
  [DEBUG] Predictions shape after concat: (1282,)
  Pred std: 0.025435, range: 0.181050, mean: 0.069594
  Pos: 100.0%, Neg: 0.0%, Unique: 1238
  Dir Acc: 54.76%, Pred Sharpe: 43.4357
  Composite: 0.4237 (dist_match: 0.5476, actual_pos: 54.8%, pred_pos: 100.0%)
  Collapse penalty: 0.000000 (threshold: 0.005000)
  Saved validation predictions to: experiments/10_overnight_sweep/daily_7q_h1_s123/collapse_monitoring/val_predictions_epoch32.npy
  Gradient norms:
    lstm_encoder: 0.007070
    lstm_decoder: 0.004244
    output_layer: 0.098656
  VSN output std:
    encoder: 0.164635
  Attention entropy: 1.377838
  Saved to: experiments/10_overnight_sweep/daily_7q_h1_s123/collapse_monitoring/collapse_monitor_latest.json
[DEBUG CollapseMonitor] on_validation_epoch_start called for epoch 33
[DEBUG CollapseMonitor] reset_temporal_state() called on loss function
Epoch 33: val_loss=0.4018644690513611
Epoch 33: train_loss=0.424266517162323

[CollapseMonitor] Epoch 33
  [DEBUG] Processed 21 batches from val_dataloader
  [DEBUG] Predictions shape after concat: (1282,)
  Pred std: 0.030999, range: 0.212932, mean: 0.033861
  Pos: 100.0%, Neg: 0.0%, Unique: 1230
  Dir Acc: 54.76%, Pred Sharpe: 17.3404
  Composite: 0.4237 (dist_match: 0.5476, actual_pos: 54.8%, pred_pos: 100.0%)
  Collapse penalty: 0.000000 (threshold: 0.005000)
  Saved validation predictions to: experiments/10_overnight_sweep/daily_7q_h1_s123/collapse_monitoring/val_predictions_epoch33.npy
  Gradient norms:
    lstm_encoder: 0.007208
    lstm_decoder: 0.004443
    output_layer: 0.099808
  VSN output std:
    encoder: 0.165220
  Attention entropy: 1.337060
  Saved to: experiments/10_overnight_sweep/daily_7q_h1_s123/collapse_monitoring/collapse_monitor_latest.json
[DEBUG CollapseMonitor] on_validation_epoch_start called for epoch 34
[DEBUG CollapseMonitor] reset_temporal_state() called on loss function
Epoch 34: val_loss=0.40127649903297424
Epoch 34: train_loss=0.4227818548679352

[CollapseMonitor] Epoch 34
  [DEBUG] Processed 21 batches from val_dataloader
  [DEBUG] Predictions shape after concat: (1282,)
  Pred std: 0.032140, range: 0.212028, mean: 0.058926
  Pos: 100.0%, Neg: 0.0%, Unique: 1233
  Dir Acc: 54.76%, Pred Sharpe: 29.1042
  Composite: 0.4237 (dist_match: 0.5476, actual_pos: 54.8%, pred_pos: 100.0%)
  Collapse penalty: 0.000000 (threshold: 0.005000)
  Saved validation predictions to: experiments/10_overnight_sweep/daily_7q_h1_s123/collapse_monitoring/val_predictions_epoch34.npy
  Gradient norms:
    lstm_encoder: 0.007085
    lstm_decoder: 0.004479
    output_layer: 0.102391
  VSN output std:
    encoder: 0.165043
  Attention entropy: 1.300137
  Saved to: experiments/10_overnight_sweep/daily_7q_h1_s123/collapse_monitoring/collapse_monitor_latest.json
[DEBUG CollapseMonitor] on_validation_epoch_start called for epoch 35
[DEBUG CollapseMonitor] reset_temporal_state() called on loss function
Epoch 35: val_loss=0.40286627411842346
Epoch 35: train_loss=0.4238623082637787

[CollapseMonitor] Epoch 35
  [DEBUG] Processed 21 batches from val_dataloader
  [DEBUG] Predictions shape after concat: (1282,)
  Pred std: 0.032864, range: 0.233745, mean: 0.017172
  Pos: 100.0%, Neg: 0.0%, Unique: 1221
  Dir Acc: 54.76%, Pred Sharpe: 8.2948
  Composite: 0.4237 (dist_match: 0.5476, actual_pos: 54.8%, pred_pos: 100.0%)
  Collapse penalty: 0.000000 (threshold: 0.005000)
  Saved validation predictions to: experiments/10_overnight_sweep/daily_7q_h1_s123/collapse_monitoring/val_predictions_epoch35.npy
  Gradient norms:
    lstm_encoder: 0.007500
    lstm_decoder: 0.004707
    output_layer: 0.100989
  VSN output std:
    encoder: 0.167389
  Attention entropy: 1.269824
  Saved to: experiments/10_overnight_sweep/daily_7q_h1_s123/collapse_monitoring/collapse_monitor_latest.json
[DEBUG CollapseMonitor] on_validation_epoch_start called for epoch 36
[DEBUG CollapseMonitor] reset_temporal_state() called on loss function
Epoch 36: val_loss=0.4009188115596771
Epoch 36: train_loss=0.42403197288513184

[CollapseMonitor] Epoch 36
  [DEBUG] Processed 21 batches from val_dataloader
  [DEBUG] Predictions shape after concat: (1282,)
  Pred std: 0.041188, range: 0.258288, mean: 0.052909
  Pos: 100.0%, Neg: 0.0%, Unique: 1225
  Dir Acc: 54.76%, Pred Sharpe: 20.3922
  Composite: 0.4237 (dist_match: 0.5476, actual_pos: 54.8%, pred_pos: 100.0%)
  Collapse penalty: 0.000000 (threshold: 0.005000)
  Saved validation predictions to: experiments/10_overnight_sweep/daily_7q_h1_s123/collapse_monitoring/val_predictions_epoch36.npy
  Gradient norms:
    lstm_encoder: 0.006826
    lstm_decoder: 0.004245
    output_layer: 0.098925
  VSN output std:
    encoder: 0.166791
  Attention entropy: 1.191263
  Saved to: experiments/10_overnight_sweep/daily_7q_h1_s123/collapse_monitoring/collapse_monitor_latest.json
[DEBUG CollapseMonitor] on_validation_epoch_start called for epoch 37
[DEBUG CollapseMonitor] reset_temporal_state() called on loss function
Epoch 37: val_loss=0.4026748836040497
Epoch 37: train_loss=0.42317360639572144

[CollapseMonitor] Epoch 37
  [DEBUG] Processed 21 batches from val_dataloader
  [DEBUG] Predictions shape after concat: (1282,)
  Pred std: 0.038060, range: 0.244992, mean: 0.056974
  Pos: 100.0%, Neg: 0.0%, Unique: 1239
  Dir Acc: 54.76%, Pred Sharpe: 23.7632
  Composite: 0.4237 (dist_match: 0.5476, actual_pos: 54.8%, pred_pos: 100.0%)
  Collapse penalty: 0.000000 (threshold: 0.005000)
  Saved validation predictions to: experiments/10_overnight_sweep/daily_7q_h1_s123/collapse_monitoring/val_predictions_epoch37.npy
  Gradient norms:
    lstm_encoder: 0.007305
    lstm_decoder: 0.004687
    output_layer: 0.098329
  VSN output std:
    encoder: 0.166944
  Attention entropy: 1.316287
  Saved to: experiments/10_overnight_sweep/daily_7q_h1_s123/collapse_monitoring/collapse_monitor_latest.json
[DEBUG CollapseMonitor] on_validation_epoch_start called for epoch 38
[DEBUG CollapseMonitor] reset_temporal_state() called on loss function
Epoch 38: val_loss=0.40193983912467957
Epoch 38: train_loss=0.42263859510421753

[CollapseMonitor] Epoch 38
  [DEBUG] Processed 21 batches from val_dataloader
  [DEBUG] Predictions shape after concat: (1282,)
  Pred std: 0.029157, range: 0.201727, mean: 0.078295
  Pos: 100.0%, Neg: 0.0%, Unique: 1228
  Dir Acc: 54.76%, Pred Sharpe: 42.6270
  Composite: 0.4237 (dist_match: 0.5476, actual_pos: 54.8%, pred_pos: 100.0%)
  Collapse penalty: 0.000000 (threshold: 0.005000)
  Saved validation predictions to: experiments/10_overnight_sweep/daily_7q_h1_s123/collapse_monitoring/val_predictions_epoch38.npy
  Gradient norms:
    lstm_encoder: 0.007394
    lstm_decoder: 0.004888
    output_layer: 0.101122
  VSN output std:
    encoder: 0.165216
  Attention entropy: 1.237831
  Saved to: experiments/10_overnight_sweep/daily_7q_h1_s123/collapse_monitoring/collapse_monitor_latest.json
[DEBUG CollapseMonitor] on_validation_epoch_start called for epoch 39
[DEBUG CollapseMonitor] reset_temporal_state() called on loss function
Epoch 39: val_loss=0.4005223512649536
Epoch 39: train_loss=0.4213331937789917

[CollapseMonitor] Epoch 39
  [DEBUG] Processed 21 batches from val_dataloader
  [DEBUG] Predictions shape after concat: (1282,)
  Pred std: 0.038608, range: 0.256821, mean: 0.049890
  Pos: 100.0%, Neg: 0.0%, Unique: 1231
  Dir Acc: 54.76%, Pred Sharpe: 20.5138
  Composite: 0.4237 (dist_match: 0.5476, actual_pos: 54.8%, pred_pos: 100.0%)
  Collapse penalty: 0.000000 (threshold: 0.005000)
  Saved validation predictions to: experiments/10_overnight_sweep/daily_7q_h1_s123/collapse_monitoring/val_predictions_epoch39.npy
  Gradient norms:
    lstm_encoder: 0.007553
    lstm_decoder: 0.004761
    output_layer: 0.096032
  VSN output std:
    encoder: 0.165714
  Attention entropy: 1.197567
  Saved to: experiments/10_overnight_sweep/daily_7q_h1_s123/collapse_monitoring/collapse_monitor_latest.json
[DEBUG CollapseMonitor] on_validation_epoch_start called for epoch 40
[DEBUG CollapseMonitor] reset_temporal_state() called on loss function
Epoch 40: val_loss=0.40056076645851135
Epoch 40: train_loss=0.4216236472129822

[CollapseMonitor] Epoch 40
  [DEBUG] Processed 21 batches from val_dataloader
  [DEBUG] Predictions shape after concat: (1282,)
  Pred std: 0.039390, range: 0.258989, mean: 0.055273
  Pos: 100.0%, Neg: 0.0%, Unique: 1223
  Dir Acc: 54.76%, Pred Sharpe: 22.2757
  Composite: 0.4237 (dist_match: 0.5476, actual_pos: 54.8%, pred_pos: 100.0%)
  Collapse penalty: 0.000000 (threshold: 0.005000)
  Saved validation predictions to: experiments/10_overnight_sweep/daily_7q_h1_s123/collapse_monitoring/val_predictions_epoch40.npy
  Gradient norms:
    lstm_encoder: 0.007766
    lstm_decoder: 0.005064
    output_layer: 0.096991
  VSN output std:
    encoder: 0.167169
  Attention entropy: 1.137482
  Saved to: experiments/10_overnight_sweep/daily_7q_h1_s123/collapse_monitoring/collapse_monitor_latest.json
[DEBUG CollapseMonitor] on_validation_epoch_start called for epoch 41
[DEBUG CollapseMonitor] reset_temporal_state() called on loss function
Epoch 41: val_loss=0.3992851972579956
Epoch 41: train_loss=0.42214205861091614

[CollapseMonitor] Epoch 41
  [DEBUG] Processed 21 batches from val_dataloader
  [DEBUG] Predictions shape after concat: (1282,)
  Pred std: 0.046252, range: 0.295658, mean: 0.061315
  Pos: 100.0%, Neg: 0.0%, Unique: 1251
  Dir Acc: 54.76%, Pred Sharpe: 21.0443
  Composite: 0.4237 (dist_match: 0.5476, actual_pos: 54.8%, pred_pos: 100.0%)
  Collapse penalty: 0.000000 (threshold: 0.005000)
  Saved validation predictions to: experiments/10_overnight_sweep/daily_7q_h1_s123/collapse_monitoring/val_predictions_epoch41.npy
  Gradient norms:
    lstm_encoder: 0.007561
    lstm_decoder: 0.005084
    output_layer: 0.102111
  VSN output std:
    encoder: 0.165928
  Attention entropy: 1.170982
  Saved to: experiments/10_overnight_sweep/daily_7q_h1_s123/collapse_monitoring/collapse_monitor_latest.json
[DEBUG CollapseMonitor] on_validation_epoch_start called for epoch 42
[DEBUG CollapseMonitor] reset_temporal_state() called on loss function
Epoch 42: val_loss=0.39926207065582275
Epoch 42: train_loss=0.4211946725845337

[CollapseMonitor] Epoch 42
  [DEBUG] Processed 21 batches from val_dataloader
  [DEBUG] Predictions shape after concat: (1282,)
  Pred std: 0.039255, range: 0.255108, mean: 0.094097
  Pos: 100.0%, Neg: 0.0%, Unique: 1226
  Dir Acc: 54.76%, Pred Sharpe: 38.0524
  Composite: 0.4237 (dist_match: 0.5476, actual_pos: 54.8%, pred_pos: 100.0%)
  Collapse penalty: 0.000000 (threshold: 0.005000)
  Saved validation predictions to: experiments/10_overnight_sweep/daily_7q_h1_s123/collapse_monitoring/val_predictions_epoch42.npy
  Gradient norms:
    lstm_encoder: 0.007618
    lstm_decoder: 0.004889
    output_layer: 0.095642
  VSN output std:
    encoder: 0.163206
  Attention entropy: 1.206951
  Saved to: experiments/10_overnight_sweep/daily_7q_h1_s123/collapse_monitoring/collapse_monitor_latest.json
[DEBUG CollapseMonitor] on_validation_epoch_start called for epoch 43
[DEBUG CollapseMonitor] reset_temporal_state() called on loss function
Epoch 43: val_loss=0.3998609781265259
Epoch 43: train_loss=0.4219229221343994

[CollapseMonitor] Epoch 43
  [DEBUG] Processed 21 batches from val_dataloader
  [DEBUG] Predictions shape after concat: (1282,)
  Pred std: 0.039803, range: 0.272112, mean: 0.069104
  Pos: 100.0%, Neg: 0.0%, Unique: 1226
  Dir Acc: 54.76%, Pred Sharpe: 27.5608
  Composite: 0.4237 (dist_match: 0.5476, actual_pos: 54.8%, pred_pos: 100.0%)
  Collapse penalty: 0.000000 (threshold: 0.005000)
  Saved validation predictions to: experiments/10_overnight_sweep/daily_7q_h1_s123/collapse_monitoring/val_predictions_epoch43.npy
  Gradient norms:
    lstm_encoder: 0.007933
    lstm_decoder: 0.005091
    output_layer: 0.096998
  VSN output std:
    encoder: 0.167043
  Attention entropy: 1.256813
  Saved to: experiments/10_overnight_sweep/daily_7q_h1_s123/collapse_monitoring/collapse_monitor_latest.json
[DEBUG CollapseMonitor] on_validation_epoch_start called for epoch 44
[DEBUG CollapseMonitor] reset_temporal_state() called on loss function
Epoch 44: val_loss=0.3997276723384857
Epoch 44: train_loss=0.42214319109916687

[CollapseMonitor] Epoch 44
  [DEBUG] Processed 21 batches from val_dataloader
  [DEBUG] Predictions shape after concat: (1282,)
  Pred std: 0.047443, range: 0.322901, mean: 0.049499
  Pos: 100.0%, Neg: 0.0%, Unique: 1222
  Dir Acc: 54.76%, Pred Sharpe: 16.5626
  Composite: 0.4237 (dist_match: 0.5476, actual_pos: 54.8%, pred_pos: 100.0%)
  Collapse penalty: 0.000000 (threshold: 0.005000)
  Saved validation predictions to: experiments/10_overnight_sweep/daily_7q_h1_s123/collapse_monitoring/val_predictions_epoch44.npy
  Gradient norms:
    lstm_encoder: 0.007774
    lstm_decoder: 0.005272
    output_layer: 0.098939
  VSN output std:
    encoder: 0.170110
  Attention entropy: 1.229526
  Saved to: experiments/10_overnight_sweep/daily_7q_h1_s123/collapse_monitoring/collapse_monitor_latest.json
[DEBUG CollapseMonitor] on_validation_epoch_start called for epoch 45
[DEBUG CollapseMonitor] reset_temporal_state() called on loss function
Epoch 45: val_loss=0.3989337980747223
Epoch 45: train_loss=0.4220326244831085

[CollapseMonitor] Epoch 45
  [DEBUG] Processed 21 batches from val_dataloader
  [DEBUG] Predictions shape after concat: (1282,)
  Pred std: 0.041514, range: 0.297486, mean: 0.054162
  Pos: 100.0%, Neg: 0.0%, Unique: 1224
  Dir Acc: 54.76%, Pred Sharpe: 20.7108
  Composite: 0.4237 (dist_match: 0.5476, actual_pos: 54.8%, pred_pos: 100.0%)
  Collapse penalty: 0.000000 (threshold: 0.005000)
  Saved validation predictions to: experiments/10_overnight_sweep/daily_7q_h1_s123/collapse_monitoring/val_predictions_epoch45.npy
  Gradient norms:
    lstm_encoder: 0.008207
    lstm_decoder: 0.005275
    output_layer: 0.100225
  VSN output std:
    encoder: 0.170147
  Attention entropy: 1.181438
  Saved to: experiments/10_overnight_sweep/daily_7q_h1_s123/collapse_monitoring/collapse_monitor_latest.json
[DEBUG CollapseMonitor] on_validation_epoch_start called for epoch 46
[DEBUG CollapseMonitor] reset_temporal_state() called on loss function
Epoch 46: val_loss=0.39869144558906555
Epoch 46: train_loss=0.42218026518821716

[CollapseMonitor] Epoch 46
  [DEBUG] Processed 21 batches from val_dataloader
  [DEBUG] Predictions shape after concat: (1282,)
  Pred std: 0.036272, range: 0.278417, mean: 0.070215
  Pos: 100.0%, Neg: 0.0%, Unique: 1242
  Dir Acc: 54.76%, Pred Sharpe: 30.7300
  Composite: 0.4237 (dist_match: 0.5476, actual_pos: 54.8%, pred_pos: 100.0%)
  Collapse penalty: 0.000000 (threshold: 0.005000)
  Saved validation predictions to: experiments/10_overnight_sweep/daily_7q_h1_s123/collapse_monitoring/val_predictions_epoch46.npy
  Gradient norms:
    lstm_encoder: 0.008296
    lstm_decoder: 0.005312
    output_layer: 0.102373
  VSN output std:
    encoder: 0.170322
  Attention entropy: 1.113489
  Saved to: experiments/10_overnight_sweep/daily_7q_h1_s123/collapse_monitoring/collapse_monitor_latest.json
[DEBUG CollapseMonitor] on_validation_epoch_start called for epoch 47
[DEBUG CollapseMonitor] reset_temporal_state() called on loss function
Epoch 47: val_loss=0.3992944359779358
Epoch 47: train_loss=0.4204277992248535

[CollapseMonitor] Epoch 47
  [DEBUG] Processed 21 batches from val_dataloader
  [DEBUG] Predictions shape after concat: (1282,)
  Pred std: 0.040493, range: 0.281355, mean: 0.045018
  Pos: 100.0%, Neg: 0.0%, Unique: 1242
  Dir Acc: 54.76%, Pred Sharpe: 17.6486
  Composite: 0.4237 (dist_match: 0.5476, actual_pos: 54.8%, pred_pos: 100.0%)
  Collapse penalty: 0.000000 (threshold: 0.005000)
  Saved validation predictions to: experiments/10_overnight_sweep/daily_7q_h1_s123/collapse_monitoring/val_predictions_epoch47.npy
  Gradient norms:
    lstm_encoder: 0.007672
    lstm_decoder: 0.005190
    output_layer: 0.091028
  VSN output std:
    encoder: 0.169694
  Attention entropy: 1.111180
  Saved to: experiments/10_overnight_sweep/daily_7q_h1_s123/collapse_monitoring/collapse_monitor_latest.json
[DEBUG CollapseMonitor] on_validation_epoch_start called for epoch 48
[DEBUG CollapseMonitor] reset_temporal_state() called on loss function
Epoch 48: val_loss=0.39919185638427734
Epoch 48: train_loss=0.42066213488578796

[CollapseMonitor] Epoch 48
  [DEBUG] Processed 21 batches from val_dataloader
  [DEBUG] Predictions shape after concat: (1282,)
  Pred std: 0.037191, range: 0.257453, mean: 0.072469
  Pos: 100.0%, Neg: 0.0%, Unique: 1217
  Dir Acc: 54.76%, Pred Sharpe: 30.9324
  Composite: 0.4237 (dist_match: 0.5476, actual_pos: 54.8%, pred_pos: 100.0%)
  Collapse penalty: 0.000000 (threshold: 0.005000)
  Saved validation predictions to: experiments/10_overnight_sweep/daily_7q_h1_s123/collapse_monitoring/val_predictions_epoch48.npy
  Gradient norms:
    lstm_encoder: 0.007833
    lstm_decoder: 0.005155
    output_layer: 0.096455
  VSN output std:
    encoder: 0.168870
  Attention entropy: 1.080416
  Saved to: experiments/10_overnight_sweep/daily_7q_h1_s123/collapse_monitoring/collapse_monitor_latest.json
[DEBUG CollapseMonitor] on_validation_epoch_start called for epoch 49
[DEBUG CollapseMonitor] reset_temporal_state() called on loss function
Epoch 49: val_loss=0.39985230565071106
Epoch 49: train_loss=0.42051035165786743

[CollapseMonitor] Epoch 49
  [DEBUG] Processed 21 batches from val_dataloader
  [DEBUG] Predictions shape after concat: (1282,)
  Pred std: 0.039163, range: 0.266716, mean: 0.027817
  Pos: 100.0%, Neg: 0.0%, Unique: 1233
  Dir Acc: 54.76%, Pred Sharpe: 11.2757
  Composite: 0.4237 (dist_match: 0.5476, actual_pos: 54.8%, pred_pos: 100.0%)
  Collapse penalty: 0.000000 (threshold: 0.005000)
  Saved validation predictions to: experiments/10_overnight_sweep/daily_7q_h1_s123/collapse_monitoring/val_predictions_epoch49.npy
  Gradient norms:
    lstm_encoder: 0.008502
    lstm_decoder: 0.005378
    output_layer: 0.098138
  VSN output std:
    encoder: 0.168594
  Attention entropy: 1.111030
  Saved to: experiments/10_overnight_sweep/daily_7q_h1_s123/collapse_monitoring/collapse_monitor_latest.json
[DEBUG CollapseMonitor] on_validation_epoch_start called for epoch 50
[DEBUG CollapseMonitor] reset_temporal_state() called on loss function
Epoch 50: val_loss=0.39825522899627686
Epoch 50: train_loss=0.42044785618782043

[CollapseMonitor] Epoch 50
  [DEBUG] Processed 21 batches from val_dataloader
  [DEBUG] Predictions shape after concat: (1282,)
  Pred std: 0.034912, range: 0.226504, mean: 0.075273
  Pos: 100.0%, Neg: 0.0%, Unique: 1242
  Dir Acc: 54.76%, Pred Sharpe: 34.2271
  Composite: 0.4237 (dist_match: 0.5476, actual_pos: 54.8%, pred_pos: 100.0%)
  Collapse penalty: 0.000000 (threshold: 0.005000)
  Saved validation predictions to: experiments/10_overnight_sweep/daily_7q_h1_s123/collapse_monitoring/val_predictions_epoch50.npy
  Gradient norms:
    lstm_encoder: 0.008548
    lstm_decoder: 0.005522
    output_layer: 0.095240
  VSN output std:
    encoder: 0.170812
  Attention entropy: 0.994016
  Saved to: experiments/10_overnight_sweep/daily_7q_h1_s123/collapse_monitoring/collapse_monitor_latest.json
[DEBUG CollapseMonitor] on_validation_epoch_start called for epoch 51
[DEBUG CollapseMonitor] reset_temporal_state() called on loss function
Epoch 51: val_loss=0.39807501435279846
Epoch 51: train_loss=0.42081427574157715

[CollapseMonitor] Epoch 51
  [DEBUG] Processed 21 batches from val_dataloader
  [DEBUG] Predictions shape after concat: (1282,)
  Pred std: 0.032281, range: 0.234144, mean: 0.067003
  Pos: 100.0%, Neg: 0.0%, Unique: 1232
  Dir Acc: 54.76%, Pred Sharpe: 32.9487
  Composite: 0.4237 (dist_match: 0.5476, actual_pos: 54.8%, pred_pos: 100.0%)
  Collapse penalty: 0.000000 (threshold: 0.005000)
  Saved validation predictions to: experiments/10_overnight_sweep/daily_7q_h1_s123/collapse_monitoring/val_predictions_epoch51.npy
  Gradient norms:
    lstm_encoder: 0.008628
    lstm_decoder: 0.005777
    output_layer: 0.099196
  VSN output std:
    encoder: 0.171111
  Attention entropy: 1.076994
  Saved to: experiments/10_overnight_sweep/daily_7q_h1_s123/collapse_monitoring/collapse_monitor_latest.json
[DEBUG CollapseMonitor] on_validation_epoch_start called for epoch 52
[DEBUG CollapseMonitor] reset_temporal_state() called on loss function
Epoch 52: val_loss=0.3976587653160095
Epoch 52: train_loss=0.42025914788246155

[CollapseMonitor] Epoch 52
  [DEBUG] Processed 21 batches from val_dataloader
  [DEBUG] Predictions shape after concat: (1282,)
  Pred std: 0.032689, range: 0.231228, mean: 0.080408
  Pos: 100.0%, Neg: 0.0%, Unique: 1232
  Dir Acc: 54.76%, Pred Sharpe: 39.0479
  Composite: 0.4237 (dist_match: 0.5476, actual_pos: 54.8%, pred_pos: 100.0%)
  Collapse penalty: 0.000000 (threshold: 0.005000)
  Saved validation predictions to: experiments/10_overnight_sweep/daily_7q_h1_s123/collapse_monitoring/val_predictions_epoch52.npy
  Gradient norms:
    lstm_encoder: 0.008858
    lstm_decoder: 0.006146
    output_layer: 0.102626
  VSN output std:
    encoder: 0.168459
  Attention entropy: 1.010269
  Saved to: experiments/10_overnight_sweep/daily_7q_h1_s123/collapse_monitoring/collapse_monitor_latest.json
[DEBUG CollapseMonitor] on_validation_epoch_start called for epoch 53
[DEBUG CollapseMonitor] reset_temporal_state() called on loss function
Epoch 53: val_loss=0.3971949815750122
Epoch 53: train_loss=0.42034071683883667

[CollapseMonitor] Epoch 53
  [DEBUG] Processed 21 batches from val_dataloader
  [DEBUG] Predictions shape after concat: (1282,)
  Pred std: 0.040358, range: 0.254466, mean: 0.056717
  Pos: 100.0%, Neg: 0.0%, Unique: 1244
  Dir Acc: 54.76%, Pred Sharpe: 22.3091
  Composite: 0.4237 (dist_match: 0.5476, actual_pos: 54.8%, pred_pos: 100.0%)
  Collapse penalty: 0.000000 (threshold: 0.005000)
  Saved validation predictions to: experiments/10_overnight_sweep/daily_7q_h1_s123/collapse_monitoring/val_predictions_epoch53.npy
  Gradient norms:
    lstm_encoder: 0.009383
    lstm_decoder: 0.005929
    output_layer: 0.099349
  VSN output std:
    encoder: 0.165882
  Attention entropy: 1.040454
  Saved to: experiments/10_overnight_sweep/daily_7q_h1_s123/collapse_monitoring/collapse_monitor_latest.json
[DEBUG CollapseMonitor] on_validation_epoch_start called for epoch 54
[DEBUG CollapseMonitor] reset_temporal_state() called on loss function
Epoch 54: val_loss=0.3988928496837616
Epoch 54: train_loss=0.4204762578010559

[CollapseMonitor] Epoch 54
  [DEBUG] Processed 21 batches from val_dataloader
  [DEBUG] Predictions shape after concat: (1282,)
  Pred std: 0.036587, range: 0.257161, mean: 0.057870
  Pos: 100.0%, Neg: 0.0%, Unique: 1259
  Dir Acc: 54.76%, Pred Sharpe: 25.1087
  Composite: 0.4237 (dist_match: 0.5476, actual_pos: 54.8%, pred_pos: 100.0%)
  Collapse penalty: 0.000000 (threshold: 0.005000)
  Saved validation predictions to: experiments/10_overnight_sweep/daily_7q_h1_s123/collapse_monitoring/val_predictions_epoch54.npy
  Gradient norms:
    lstm_encoder: 0.009031
    lstm_decoder: 0.005729
    output_layer: 0.098744
  VSN output std:
    encoder: 0.167937
  Attention entropy: 1.120107
  Saved to: experiments/10_overnight_sweep/daily_7q_h1_s123/collapse_monitoring/collapse_monitor_latest.json
[DEBUG CollapseMonitor] on_validation_epoch_start called for epoch 55
[DEBUG CollapseMonitor] reset_temporal_state() called on loss function
Epoch 55: val_loss=0.3972960114479065
Epoch 55: train_loss=0.4201143682003021

[CollapseMonitor] Epoch 55
  [DEBUG] Processed 21 batches from val_dataloader
  [DEBUG] Predictions shape after concat: (1282,)
  Pred std: 0.033233, range: 0.230884, mean: 0.081234
  Pos: 100.0%, Neg: 0.0%, Unique: 1247
  Dir Acc: 54.76%, Pred Sharpe: 38.8035
  Composite: 0.4237 (dist_match: 0.5476, actual_pos: 54.8%, pred_pos: 100.0%)
  Collapse penalty: 0.000000 (threshold: 0.005000)
  Saved validation predictions to: experiments/10_overnight_sweep/daily_7q_h1_s123/collapse_monitoring/val_predictions_epoch55.npy
  Gradient norms:
    lstm_encoder: 0.009177
    lstm_decoder: 0.005770
    output_layer: 0.100345
  VSN output std:
    encoder: 0.168238
  Attention entropy: 1.069835
  Saved to: experiments/10_overnight_sweep/daily_7q_h1_s123/collapse_monitoring/collapse_monitor_latest.json
[DEBUG CollapseMonitor] on_validation_epoch_start called for epoch 56
[DEBUG CollapseMonitor] reset_temporal_state() called on loss function
Epoch 56: val_loss=0.3973701596260071
Epoch 56: train_loss=0.42086490988731384

[CollapseMonitor] Epoch 56
  [DEBUG] Processed 21 batches from val_dataloader
  [DEBUG] Predictions shape after concat: (1282,)
  Pred std: 0.037772, range: 0.247242, mean: 0.078993
  Pos: 100.0%, Neg: 0.0%, Unique: 1254
  Dir Acc: 54.76%, Pred Sharpe: 33.1987
  Composite: 0.4237 (dist_match: 0.5476, actual_pos: 54.8%, pred_pos: 100.0%)
  Collapse penalty: 0.000000 (threshold: 0.005000)
  Saved validation predictions to: experiments/10_overnight_sweep/daily_7q_h1_s123/collapse_monitoring/val_predictions_epoch56.npy
  Gradient norms:
    lstm_encoder: 0.009636
    lstm_decoder: 0.006364
    output_layer: 0.102130
  VSN output std:
    encoder: 0.167048
  Attention entropy: 1.057754
  Saved to: experiments/10_overnight_sweep/daily_7q_h1_s123/collapse_monitoring/collapse_monitor_latest.json
[DEBUG CollapseMonitor] on_validation_epoch_start called for epoch 57
[DEBUG CollapseMonitor] reset_temporal_state() called on loss function
Epoch 57: val_loss=0.3973611891269684
Epoch 57: train_loss=0.42022302746772766

[CollapseMonitor] Epoch 57
  [DEBUG] Processed 21 batches from val_dataloader
  [DEBUG] Predictions shape after concat: (1282,)
  Pred std: 0.036505, range: 0.230183, mean: 0.056189
  Pos: 100.0%, Neg: 0.0%, Unique: 1251
  Dir Acc: 54.76%, Pred Sharpe: 24.4344
  Composite: 0.4237 (dist_match: 0.5476, actual_pos: 54.8%, pred_pos: 100.0%)
  Collapse penalty: 0.000000 (threshold: 0.005000)
  Saved validation predictions to: experiments/10_overnight_sweep/daily_7q_h1_s123/collapse_monitoring/val_predictions_epoch57.npy
  Gradient norms:
    lstm_encoder: 0.009038
    lstm_decoder: 0.005607
    output_layer: 0.099542
  VSN output std:
    encoder: 0.164452
  Attention entropy: 1.075727
  Saved to: experiments/10_overnight_sweep/daily_7q_h1_s123/collapse_monitoring/collapse_monitor_latest.json
[DEBUG CollapseMonitor] on_validation_epoch_start called for epoch 58
[DEBUG CollapseMonitor] reset_temporal_state() called on loss function
Epoch 58: val_loss=0.3976903259754181
Epoch 58: train_loss=0.4206050634384155

[CollapseMonitor] Epoch 58
  [DEBUG] Processed 21 batches from val_dataloader
  [DEBUG] Predictions shape after concat: (1282,)
  Pred std: 0.035099, range: 0.232632, mean: 0.069124
  Pos: 100.0%, Neg: 0.0%, Unique: 1251
  Dir Acc: 54.76%, Pred Sharpe: 31.2630
  Composite: 0.4237 (dist_match: 0.5476, actual_pos: 54.8%, pred_pos: 100.0%)
  Collapse penalty: 0.000000 (threshold: 0.005000)
  Saved validation predictions to: experiments/10_overnight_sweep/daily_7q_h1_s123/collapse_monitoring/val_predictions_epoch58.npy
  Gradient norms:
    lstm_encoder: 0.009721
    lstm_decoder: 0.006069
    output_layer: 0.105419
  VSN output std:
    encoder: 0.171273
  Attention entropy: 1.091190
  Saved to: experiments/10_overnight_sweep/daily_7q_h1_s123/collapse_monitoring/collapse_monitor_latest.json
[DEBUG CollapseMonitor] on_validation_epoch_start called for epoch 59
[DEBUG CollapseMonitor] reset_temporal_state() called on loss function
Epoch 59: val_loss=0.39674311876296997
Epoch 59: train_loss=0.41970378160476685

[CollapseMonitor] Epoch 59
  [DEBUG] Processed 21 batches from val_dataloader
  [DEBUG] Predictions shape after concat: (1282,)
  Pred std: 0.032216, range: 0.211875, mean: 0.059070
  Pos: 100.0%, Neg: 0.0%, Unique: 1238
  Dir Acc: 54.76%, Pred Sharpe: 29.1065
  Composite: 0.4237 (dist_match: 0.5476, actual_pos: 54.8%, pred_pos: 100.0%)
  Collapse penalty: 0.000000 (threshold: 0.005000)
  Saved validation predictions to: experiments/10_overnight_sweep/daily_7q_h1_s123/collapse_monitoring/val_predictions_epoch59.npy
  Gradient norms:
    lstm_encoder: 0.010082
    lstm_decoder: 0.006678
    output_layer: 0.106815
  VSN output std:
    encoder: 0.168770
  Attention entropy: 1.054260
  Saved to: experiments/10_overnight_sweep/daily_7q_h1_s123/collapse_monitoring/collapse_monitor_latest.json
[DEBUG CollapseMonitor] on_validation_epoch_start called for epoch 60
[DEBUG CollapseMonitor] reset_temporal_state() called on loss function
Epoch 60: val_loss=0.39720121026039124
Epoch 60: train_loss=0.41892310976982117

[CollapseMonitor] Epoch 60
  [DEBUG] Processed 21 batches from val_dataloader
  [DEBUG] Predictions shape after concat: (1282,)
  Pred std: 0.029355, range: 0.204971, mean: 0.071516
  Pos: 100.0%, Neg: 0.0%, Unique: 1246
  Dir Acc: 54.76%, Pred Sharpe: 38.6740
  Composite: 0.4237 (dist_match: 0.5476, actual_pos: 54.8%, pred_pos: 100.0%)
  Collapse penalty: 0.000000 (threshold: 0.005000)
  Saved validation predictions to: experiments/10_overnight_sweep/daily_7q_h1_s123/collapse_monitoring/val_predictions_epoch60.npy
  Gradient norms:
    lstm_encoder: 0.009506
    lstm_decoder: 0.005749
    output_layer: 0.103503
  VSN output std:
    encoder: 0.168351
  Attention entropy: 1.089561
  Saved to: experiments/10_overnight_sweep/daily_7q_h1_s123/collapse_monitoring/collapse_monitor_latest.json
[DEBUG CollapseMonitor] on_validation_epoch_start called for epoch 61
[DEBUG CollapseMonitor] reset_temporal_state() called on loss function
Epoch 61: val_loss=0.39773792028427124
Epoch 61: train_loss=0.4200458228588104

[CollapseMonitor] Epoch 61
  [DEBUG] Processed 21 batches from val_dataloader
  [DEBUG] Predictions shape after concat: (1282,)
  Pred std: 0.031779, range: 0.222884, mean: 0.048333
  Pos: 100.0%, Neg: 0.0%, Unique: 1244
  Dir Acc: 54.76%, Pred Sharpe: 24.1439
  Composite: 0.4237 (dist_match: 0.5476, actual_pos: 54.8%, pred_pos: 100.0%)
  Collapse penalty: 0.000000 (threshold: 0.005000)
  Saved validation predictions to: experiments/10_overnight_sweep/daily_7q_h1_s123/collapse_monitoring/val_predictions_epoch61.npy
  Gradient norms:
    lstm_encoder: 0.010966
    lstm_decoder: 0.006768
    output_layer: 0.103907
  VSN output std:
    encoder: 0.169391
  Attention entropy: 1.075541
  Saved to: experiments/10_overnight_sweep/daily_7q_h1_s123/collapse_monitoring/collapse_monitor_latest.json
[DEBUG CollapseMonitor] on_validation_epoch_start called for epoch 62
[DEBUG CollapseMonitor] reset_temporal_state() called on loss function
Epoch 62: val_loss=0.39707934856414795
Epoch 62: train_loss=0.4200800359249115

[CollapseMonitor] Epoch 62
  [DEBUG] Processed 21 batches from val_dataloader
  [DEBUG] Predictions shape after concat: (1282,)
  Pred std: 0.030223, range: 0.212567, mean: 0.058147
  Pos: 100.0%, Neg: 0.0%, Unique: 1244
  Dir Acc: 54.76%, Pred Sharpe: 30.5411
  Composite: 0.4237 (dist_match: 0.5476, actual_pos: 54.8%, pred_pos: 100.0%)
  Collapse penalty: 0.000000 (threshold: 0.005000)
  Saved validation predictions to: experiments/10_overnight_sweep/daily_7q_h1_s123/collapse_monitoring/val_predictions_epoch62.npy
  Gradient norms:
    lstm_encoder: 0.010608
    lstm_decoder: 0.006452
    output_layer: 0.106047
  VSN output std:
    encoder: 0.171232
  Attention entropy: 1.026623
  Saved to: experiments/10_overnight_sweep/daily_7q_h1_s123/collapse_monitoring/collapse_monitor_latest.json
[DEBUG CollapseMonitor] on_validation_epoch_start called for epoch 63
[DEBUG CollapseMonitor] reset_temporal_state() called on loss function
Epoch 63: val_loss=0.39699825644493103
Epoch 63: train_loss=0.4189237952232361

[CollapseMonitor] Epoch 63
  [DEBUG] Processed 21 batches from val_dataloader
  [DEBUG] Predictions shape after concat: (1282,)
  Pred std: 0.031415, range: 0.214992, mean: 0.056306
  Pos: 100.0%, Neg: 0.0%, Unique: 1240
  Dir Acc: 54.76%, Pred Sharpe: 28.4522
  Composite: 0.4237 (dist_match: 0.5476, actual_pos: 54.8%, pred_pos: 100.0%)
  Collapse penalty: 0.000000 (threshold: 0.005000)
  Saved validation predictions to: experiments/10_overnight_sweep/daily_7q_h1_s123/collapse_monitoring/val_predictions_epoch63.npy
  Gradient norms:
    lstm_encoder: 0.010383
    lstm_decoder: 0.006294
    output_layer: 0.104272
  VSN output std:
    encoder: 0.168948
  Attention entropy: 1.053176
  Saved to: experiments/10_overnight_sweep/daily_7q_h1_s123/collapse_monitoring/collapse_monitor_latest.json
[DEBUG CollapseMonitor] on_validation_epoch_start called for epoch 64
[DEBUG CollapseMonitor] reset_temporal_state() called on loss function
Epoch 64: val_loss=0.3968980312347412
Epoch 64: train_loss=0.4190826714038849

[CollapseMonitor] Epoch 64
  [DEBUG] Processed 21 batches from val_dataloader
  [DEBUG] Predictions shape after concat: (1282,)
  Pred std: 0.030473, range: 0.207482, mean: 0.066186
  Pos: 100.0%, Neg: 0.0%, Unique: 1257
  Dir Acc: 54.76%, Pred Sharpe: 34.4793
  Composite: 0.4237 (dist_match: 0.5476, actual_pos: 54.8%, pred_pos: 100.0%)
  Collapse penalty: 0.000000 (threshold: 0.005000)
  Saved validation predictions to: experiments/10_overnight_sweep/daily_7q_h1_s123/collapse_monitoring/val_predictions_epoch64.npy
  Gradient norms:
    lstm_encoder: 0.011364
    lstm_decoder: 0.006879
    output_layer: 0.099514
  VSN output std:
    encoder: 0.169464
  Attention entropy: 1.065325
  Saved to: experiments/10_overnight_sweep/daily_7q_h1_s123/collapse_monitoring/collapse_monitor_latest.json
[DEBUG CollapseMonitor] on_validation_epoch_start called for epoch 65
[DEBUG CollapseMonitor] reset_temporal_state() called on loss function
Epoch 65: val_loss=0.3961835503578186
Epoch 65: train_loss=0.41897347569465637

[CollapseMonitor] Epoch 65
  [DEBUG] Processed 21 batches from val_dataloader
  [DEBUG] Predictions shape after concat: (1282,)
  Pred std: 0.033627, range: 0.212312, mean: 0.063873
  Pos: 100.0%, Neg: 0.0%, Unique: 1246
  Dir Acc: 54.76%, Pred Sharpe: 30.1532
  Composite: 0.4237 (dist_match: 0.5476, actual_pos: 54.8%, pred_pos: 100.0%)
  Collapse penalty: 0.000000 (threshold: 0.005000)
  Saved validation predictions to: experiments/10_overnight_sweep/daily_7q_h1_s123/collapse_monitoring/val_predictions_epoch65.npy
  Gradient norms:
    lstm_encoder: 0.010486
    lstm_decoder: 0.006372
    output_layer: 0.103024
  VSN output std:
    encoder: 0.167605
  Attention entropy: 1.055262
  Saved to: experiments/10_overnight_sweep/daily_7q_h1_s123/collapse_monitoring/collapse_monitor_latest.json
[DEBUG CollapseMonitor] on_validation_epoch_start called for epoch 66
[DEBUG CollapseMonitor] reset_temporal_state() called on loss function
Epoch 66: val_loss=0.3969372808933258
Epoch 66: train_loss=0.4197602868080139

[CollapseMonitor] Epoch 66
  [DEBUG] Processed 21 batches from val_dataloader
  [DEBUG] Predictions shape after concat: (1282,)
  Pred std: 0.027811, range: 0.193399, mean: 0.068039
  Pos: 100.0%, Neg: 0.0%, Unique: 1236
  Dir Acc: 54.76%, Pred Sharpe: 38.8359
  Composite: 0.4237 (dist_match: 0.5476, actual_pos: 54.8%, pred_pos: 100.0%)
  Collapse penalty: 0.000000 (threshold: 0.005000)
  Saved validation predictions to: experiments/10_overnight_sweep/daily_7q_h1_s123/collapse_monitoring/val_predictions_epoch66.npy
  Gradient norms:
    lstm_encoder: 0.010981
    lstm_decoder: 0.006698
    output_layer: 0.096109
  VSN output std:
    encoder: 0.169394
  Attention entropy: 1.103716
  Saved to: experiments/10_overnight_sweep/daily_7q_h1_s123/collapse_monitoring/collapse_monitor_latest.json
[DEBUG CollapseMonitor] on_validation_epoch_start called for epoch 67
[DEBUG CollapseMonitor] reset_temporal_state() called on loss function
Epoch 67: val_loss=0.39655742049217224
Epoch 67: train_loss=0.4194628596305847

[CollapseMonitor] Epoch 67
  [DEBUG] Processed 21 batches from val_dataloader
  [DEBUG] Predictions shape after concat: (1282,)
  Pred std: 0.029962, range: 0.196466, mean: 0.065223
  Pos: 100.0%, Neg: 0.0%, Unique: 1246
  Dir Acc: 54.76%, Pred Sharpe: 34.5564
  Composite: 0.4237 (dist_match: 0.5476, actual_pos: 54.8%, pred_pos: 100.0%)
  Collapse penalty: 0.000000 (threshold: 0.005000)
  Saved validation predictions to: experiments/10_overnight_sweep/daily_7q_h1_s123/collapse_monitoring/val_predictions_epoch67.npy
  Gradient norms:
    lstm_encoder: 0.010893
    lstm_decoder: 0.006289
    output_layer: 0.093246
  VSN output std:
    encoder: 0.167870
  Attention entropy: 1.129265
  Saved to: experiments/10_overnight_sweep/daily_7q_h1_s123/collapse_monitoring/collapse_monitor_latest.json
[DEBUG CollapseMonitor] on_validation_epoch_start called for epoch 68
[DEBUG CollapseMonitor] reset_temporal_state() called on loss function
Epoch 68: val_loss=0.3973953425884247
Epoch 68: train_loss=0.4195011258125305

[CollapseMonitor] Epoch 68
  [DEBUG] Processed 21 batches from val_dataloader
  [DEBUG] Predictions shape after concat: (1282,)
  Pred std: 0.028831, range: 0.202594, mean: 0.063109
  Pos: 100.0%, Neg: 0.0%, Unique: 1253
  Dir Acc: 54.76%, Pred Sharpe: 34.7486
  Composite: 0.4237 (dist_match: 0.5476, actual_pos: 54.8%, pred_pos: 100.0%)
  Collapse penalty: 0.000000 (threshold: 0.005000)
  Saved validation predictions to: experiments/10_overnight_sweep/daily_7q_h1_s123/collapse_monitoring/val_predictions_epoch68.npy
  Gradient norms:
    lstm_encoder: 0.011296
    lstm_decoder: 0.006760
    output_layer: 0.101800
  VSN output std:
    encoder: 0.168167
  Attention entropy: 1.150039
  Saved to: experiments/10_overnight_sweep/daily_7q_h1_s123/collapse_monitoring/collapse_monitor_latest.json
[DEBUG CollapseMonitor] on_validation_epoch_start called for epoch 69
[DEBUG CollapseMonitor] reset_temporal_state() called on loss function
Epoch 69: val_loss=0.39683496952056885
Epoch 69: train_loss=0.42006629705429077

[CollapseMonitor] Epoch 69
  [DEBUG] Processed 21 batches from val_dataloader
  [DEBUG] Predictions shape after concat: (1282,)
  Pred std: 0.031056, range: 0.210233, mean: 0.060492
  Pos: 100.0%, Neg: 0.0%, Unique: 1253
  Dir Acc: 54.76%, Pred Sharpe: 30.9210
  Composite: 0.4237 (dist_match: 0.5476, actual_pos: 54.8%, pred_pos: 100.0%)
  Collapse penalty: 0.000000 (threshold: 0.005000)
  Saved validation predictions to: experiments/10_overnight_sweep/daily_7q_h1_s123/collapse_monitoring/val_predictions_epoch69.npy
  Gradient norms:
    lstm_encoder: 0.011223
    lstm_decoder: 0.006842
    output_layer: 0.097791
  VSN output std:
    encoder: 0.167629
  Attention entropy: 1.147938
  Saved to: experiments/10_overnight_sweep/daily_7q_h1_s123/collapse_monitoring/collapse_monitor_latest.json
[DEBUG CollapseMonitor] on_validation_epoch_start called for epoch 70
[DEBUG CollapseMonitor] reset_temporal_state() called on loss function
Epoch 70: val_loss=0.3972257077693939
Epoch 70: train_loss=0.41992583870887756

[CollapseMonitor] Epoch 70
  [DEBUG] Processed 21 batches from val_dataloader
  [DEBUG] Predictions shape after concat: (1282,)
  Pred std: 0.030516, range: 0.209202, mean: 0.057663
  Pos: 100.0%, Neg: 0.0%, Unique: 1247
  Dir Acc: 54.76%, Pred Sharpe: 29.9970
  Composite: 0.4237 (dist_match: 0.5476, actual_pos: 54.8%, pred_pos: 100.0%)
  Collapse penalty: 0.000000 (threshold: 0.005000)
  Saved validation predictions to: experiments/10_overnight_sweep/daily_7q_h1_s123/collapse_monitoring/val_predictions_epoch70.npy
  Gradient norms:
    lstm_encoder: 0.011462
    lstm_decoder: 0.006507
    output_layer: 0.094950
  VSN output std:
    encoder: 0.168384
  Attention entropy: 1.158529
  Saved to: experiments/10_overnight_sweep/daily_7q_h1_s123/collapse_monitoring/collapse_monitor_latest.json
[DEBUG CollapseMonitor] on_validation_epoch_start called for epoch 71
[DEBUG CollapseMonitor] reset_temporal_state() called on loss function
Epoch 71: val_loss=0.3971509635448456
Epoch 71: train_loss=0.4192998707294464

[CollapseMonitor] Epoch 71
  [DEBUG] Processed 21 batches from val_dataloader
  [DEBUG] Predictions shape after concat: (1282,)
  Pred std: 0.031634, range: 0.210396, mean: 0.058917
  Pos: 100.0%, Neg: 0.0%, Unique: 1258
  Dir Acc: 54.76%, Pred Sharpe: 29.5650
  Composite: 0.4237 (dist_match: 0.5476, actual_pos: 54.8%, pred_pos: 100.0%)
  Collapse penalty: 0.000000 (threshold: 0.005000)
  Saved validation predictions to: experiments/10_overnight_sweep/daily_7q_h1_s123/collapse_monitoring/val_predictions_epoch71.npy
  Gradient norms:
    lstm_encoder: 0.010777
    lstm_decoder: 0.006429
    output_layer: 0.094972
  VSN output std:
    encoder: 0.167725
  Attention entropy: 1.181780
  Saved to: experiments/10_overnight_sweep/daily_7q_h1_s123/collapse_monitoring/collapse_monitor_latest.json
[DEBUG CollapseMonitor] on_validation_epoch_start called for epoch 72
[DEBUG CollapseMonitor] reset_temporal_state() called on loss function
Epoch 72: val_loss=0.39743131399154663
Epoch 72: train_loss=0.4191184639930725

[CollapseMonitor] Epoch 72
  [DEBUG] Processed 21 batches from val_dataloader
  [DEBUG] Predictions shape after concat: (1282,)
  Pred std: 0.030185, range: 0.198940, mean: 0.063672
  Pos: 100.0%, Neg: 0.0%, Unique: 1248
  Dir Acc: 54.76%, Pred Sharpe: 33.4860
  Composite: 0.4237 (dist_match: 0.5476, actual_pos: 54.8%, pred_pos: 100.0%)
  Collapse penalty: 0.000000 (threshold: 0.005000)
  Saved validation predictions to: experiments/10_overnight_sweep/daily_7q_h1_s123/collapse_monitoring/val_predictions_epoch72.npy
  Gradient norms:
    lstm_encoder: 0.011261
    lstm_decoder: 0.006797
    output_layer: 0.107114
  VSN output std:
    encoder: 0.166852
  Attention entropy: 1.194377
  Saved to: experiments/10_overnight_sweep/daily_7q_h1_s123/collapse_monitoring/collapse_monitor_latest.json
[DEBUG CollapseMonitor] on_validation_epoch_start called for epoch 73
[DEBUG CollapseMonitor] reset_temporal_state() called on loss function
Epoch 73: val_loss=0.39713430404663086
Epoch 73: train_loss=0.41687002778053284

[CollapseMonitor] Epoch 73
  [DEBUG] Processed 21 batches from val_dataloader
  [DEBUG] Predictions shape after concat: (1282,)
  Pred std: 0.031172, range: 0.205465, mean: 0.058451
  Pos: 100.0%, Neg: 0.0%, Unique: 1251
  Dir Acc: 54.76%, Pred Sharpe: 29.7659
  Composite: 0.4237 (dist_match: 0.5476, actual_pos: 54.8%, pred_pos: 100.0%)
  Collapse penalty: 0.000000 (threshold: 0.005000)
  Saved validation predictions to: experiments/10_overnight_sweep/daily_7q_h1_s123/collapse_monitoring/val_predictions_epoch73.npy
  Gradient norms:
    lstm_encoder: 0.011184
    lstm_decoder: 0.006831
    output_layer: 0.099262
  VSN output std:
    encoder: 0.167553
  Attention entropy: 1.177019
  Saved to: experiments/10_overnight_sweep/daily_7q_h1_s123/collapse_monitoring/collapse_monitor_latest.json
[DEBUG CollapseMonitor] on_validation_epoch_start called for epoch 74
[DEBUG CollapseMonitor] reset_temporal_state() called on loss function
Epoch 74: val_loss=0.39739418029785156
Epoch 74: train_loss=0.419333279132843

[CollapseMonitor] Epoch 74
  [DEBUG] Processed 21 batches from val_dataloader
  [DEBUG] Predictions shape after concat: (1282,)
  Pred std: 0.030886, range: 0.205308, mean: 0.059803
  Pos: 100.0%, Neg: 0.0%, Unique: 1254
  Dir Acc: 54.76%, Pred Sharpe: 30.7367
  Composite: 0.4237 (dist_match: 0.5476, actual_pos: 54.8%, pred_pos: 100.0%)
  Collapse penalty: 0.000000 (threshold: 0.005000)
  Saved validation predictions to: experiments/10_overnight_sweep/daily_7q_h1_s123/collapse_monitoring/val_predictions_epoch74.npy
  Gradient norms:
    lstm_encoder: 0.011551
    lstm_decoder: 0.006705
    output_layer: 0.101219
  VSN output std:
    encoder: 0.168608
  Attention entropy: 1.170020
  Saved to: experiments/10_overnight_sweep/daily_7q_h1_s123/collapse_monitoring/collapse_monitor_latest.json
[DEBUG CollapseMonitor] on_validation_epoch_start called for epoch 75
[DEBUG CollapseMonitor] reset_temporal_state() called on loss function
Epoch 75: val_loss=0.3969213664531708
Epoch 75: train_loss=0.41901397705078125

[CollapseMonitor] Epoch 75
  [DEBUG] Processed 21 batches from val_dataloader
  [DEBUG] Predictions shape after concat: (1282,)
  Pred std: 0.031119, range: 0.200757, mean: 0.067171
  Pos: 100.0%, Neg: 0.0%, Unique: 1249
  Dir Acc: 54.76%, Pred Sharpe: 34.2655
  Composite: 0.4237 (dist_match: 0.5476, actual_pos: 54.8%, pred_pos: 100.0%)
  Collapse penalty: 0.000000 (threshold: 0.005000)
  Saved validation predictions to: experiments/10_overnight_sweep/daily_7q_h1_s123/collapse_monitoring/val_predictions_epoch75.npy
  Gradient norms:
    lstm_encoder: 0.010943
    lstm_decoder: 0.006141
    output_layer: 0.091897
  VSN output std:
    encoder: 0.167617
  Attention entropy: 1.149008
  Saved to: experiments/10_overnight_sweep/daily_7q_h1_s123/collapse_monitoring/collapse_monitor_latest.json


======================================================================
Training complete
======================================================================

Best val_loss checkpoint: experiments/10_overnight_sweep/daily_7q_h1_s123/checkpoints/tft-epoch=epoch=65-valloss=val_loss=0.3962.ckpt
Best validation loss: 0.396184
Checkpoints saved:
  - Best val_loss: experiments/10_overnight_sweep/daily_7q_h1_s123/checkpoints/tft-epoch=epoch=65-valloss=val_loss=0.3962.ckpt
  - Best pred_std: experiments/10_overnight_sweep/daily_7q_h1_s123/checkpoints/tft-epoch=epoch=06-predstd=val_pred_std=0.0879.ckpt
  - Best unique: experiments/10_overnight_sweep/daily_7q_h1_s123/checkpoints/tft-epoch=epoch=02-unique=val_num_unique=1270.ckpt
  - Best dir_acc: experiments/10_overnight_sweep/daily_7q_h1_s123/checkpoints/tft-epoch=epoch=12-diracc=val_dir_acc=0.5484.ckpt
  - Best sharpe: experiments/10_overnight_sweep/daily_7q_h1_s123/checkpoints/tft-epoch=epoch=00-sharpe=val_sharpe=108.3073.ckpt
  - Best composite: experiments/10_overnight_sweep/daily_7q_h1_s123/checkpoints/tft-epoch=epoch=04-composite=val_composite=0.4738.ckpt
Completed at: 2025-12-04 07:14:41
Log saved to: experiments/10_overnight_sweep/daily_7q_h1_s123/training_20251204_065404.log
======================================================================
