
[INFO] Using AUTO device selection.

[INFO] Patched matplotlib.Axes.errorbar to abs() negative yerr for robustness.
======================================================================
Training TFT: wf_monthly_weekly_enc12/fold_202506
======================================================================
Logging to: experiments/wf_monthly_weekly_enc12/fold_202506/training_20251203_060819.log
Started at: 2025-12-03 06:08:19
======================================================================
Configuration saved to: experiments/wf_monthly_weekly_enc12/fold_202506/config.json

Loading data splits...
Train: 1782 samples
Val: 13 samples
Test: 16 samples

Preparing TimeSeriesDataSet...

Dropping source columns (used for staleness only): ['CPI']

Final features for TFT: ['SP500_Returns', 'VIX', 'Treasury_10Y', 'Yield_Spread', 'Inflation_YoY']

======================================================================
FEATURE STATISTICS - BEFORE NORMALIZATION
======================================================================
VIX                             mean= 19.3434  std=  7.7565  min=  9.3400  max= 74.6180
Treasury_10Y                    mean=  4.1217  std=  1.8422  min=  0.5500  max=  8.3400
Yield_Spread                    mean=  1.0392  std=  0.9297  min= -1.0600  max=  2.9100
Inflation_YoY                   mean=  2.6657  std=  1.5927  min= -2.1498  max=  9.2350

======================================================================
FEATURES AFTER GROUPNORMALIZER (first batch, last timestep)
======================================================================
VIX                             normalized_value=  1.0000
Treasury_10Y                    normalized_value= -0.0833
Yield_Spread                    normalized_value= -0.1825
Inflation_YoY                   normalized_value= -1.4453
======================================================================

[DEBUG] VIX train values: [31.318 31.68  23.47  21.908 22.596]
[DEBUG] VIX val values: [23.292 25.088 20.238 18.66  28.178]
Batches per epoch: 110
[DEBUG] Validation batches: 1
[DEBUG] Validation dataset size: 1
[DEBUG] Batch size: 16

Initializing model...

Using standard QuantileLoss (no penalties)

[REGIME OUTPUT] Disabled (using baseline output layer)

================================================================================
BASELINE MODEL FEATURE CONFIGURATION (after from_dataset)
================================================================================
tft.hparams.time_varying_reals_encoder: ['relative_time_idx', 'VIX', 'Treasury_10Y', 'Yield_Spread', 'Inflation_YoY']
  Count: 5

tft.hparams.time_varying_reals_decoder: ['relative_time_idx']
  Count: 1

tft.hparams.x_reals (all reals passed to model): ['encoder_length', 'relative_time_idx', 'VIX', 'Treasury_10Y', 'Yield_Spread', 'Inflation_YoY']
  Count: 6

Encoder VSN configuration:
  num_inputs: 5
  input_sizes: {'relative_time_idx': 16, 'VIX': 16, 'Treasury_10Y': 16, 'Yield_Spread': 16, 'Inflation_YoY': 16}
  flattened_grn.fc1: in_features=80, out_features=5
  -> Params in fc1: 400 (should be 5*16*5=400 if 5 features)
================================================================================

Model parameters: 22,615

Starting training...
Checkpoints will be saved to: experiments/wf_monthly_weekly_enc12/fold_202506/checkpoints/
Logs will be saved to: experiments/wf_monthly_weekly_enc12/fold_202506/logs/

[DEBUG CollapseMonitor] on_validation_epoch_start called for epoch 0
[DEBUG CollapseMonitor] reset_temporal_state() called on loss function
Epoch 0: val_loss=N/A
[DEBUG CollapseMonitor] on_validation_epoch_start called for epoch 0
[DEBUG CollapseMonitor] reset_temporal_state() called on loss function
Epoch 0: val_loss=1.3008133172988892
Epoch 0: train_loss=1.4098083972930908

[CollapseMonitor] Epoch 0
  [DEBUG] Processed 1 batches from val_dataloader
  [DEBUG] Predictions shape after concat: (1,)
  [DEBUG] All predictions list length: 1
  [DEBUG] First batch shape: (1,)
  Pred std: 0.000000, range: 0.000000, mean: 0.313343
  Pos: 100.0%, Neg: 0.0%, Unique: 1
  Dir Acc: 100.00%, Pred Sharpe: 0.0000
  Composite: 1.0000 (dist_match: 1.0000, actual_pos: 100.0%, pred_pos: 100.0%)
  Collapse penalty: 0.000000 (threshold: 0.005000)
  Saved validation predictions to: experiments/wf_monthly_weekly_enc12/fold_202506/collapse_monitoring/val_predictions_epoch0.npy
  Gradient norms:
    lstm_encoder: 0.021992
    lstm_decoder: 0.027946
    output_layer: 1.313152
  VSN output std:
    encoder: 0.215005
  Attention entropy: 2.403992
  Saved to: experiments/wf_monthly_weekly_enc12/fold_202506/collapse_monitoring/collapse_monitor_latest.json
[DEBUG CollapseMonitor] on_validation_epoch_start called for epoch 1
[DEBUG CollapseMonitor] reset_temporal_state() called on loss function
Epoch 1: val_loss=1.0107725858688354
Epoch 1: train_loss=1.184009313583374

[CollapseMonitor] Epoch 1
  [DEBUG] Processed 1 batches from val_dataloader
  [DEBUG] Predictions shape after concat: (1,)
  [DEBUG] All predictions list length: 1
  [DEBUG] First batch shape: (1,)
  Pred std: 0.000000, range: 0.000000, mean: 0.179967
  Pos: 100.0%, Neg: 0.0%, Unique: 1
  Dir Acc: 100.00%, Pred Sharpe: 0.0000
  Composite: 1.0000 (dist_match: 1.0000, actual_pos: 100.0%, pred_pos: 100.0%)
  Collapse penalty: 0.000000 (threshold: 0.005000)
  Saved validation predictions to: experiments/wf_monthly_weekly_enc12/fold_202506/collapse_monitoring/val_predictions_epoch1.npy
  Gradient norms:
    lstm_encoder: 0.018840
    lstm_decoder: 0.020567
    output_layer: 0.968351
  VSN output std:
    encoder: 0.215064
  Attention entropy: 2.359407
  Saved to: experiments/wf_monthly_weekly_enc12/fold_202506/collapse_monitoring/collapse_monitor_latest.json
[DEBUG CollapseMonitor] on_validation_epoch_start called for epoch 2
[DEBUG CollapseMonitor] reset_temporal_state() called on loss function
Epoch 2: val_loss=0.7033031582832336
Epoch 2: train_loss=1.0293861627578735

[CollapseMonitor] Epoch 2
  [DEBUG] Processed 1 batches from val_dataloader
  [DEBUG] Predictions shape after concat: (1,)
  [DEBUG] All predictions list length: 1
  [DEBUG] First batch shape: (1,)
  Pred std: 0.000000, range: 0.000000, mean: 0.171545
  Pos: 100.0%, Neg: 0.0%, Unique: 1
  Dir Acc: 100.00%, Pred Sharpe: 0.0000
  Composite: 1.0000 (dist_match: 1.0000, actual_pos: 100.0%, pred_pos: 100.0%)
  Collapse penalty: 0.000000 (threshold: 0.005000)
  Saved validation predictions to: experiments/wf_monthly_weekly_enc12/fold_202506/collapse_monitoring/val_predictions_epoch2.npy
  Gradient norms:
    lstm_encoder: 0.013418
    lstm_decoder: 0.012919
    output_layer: 0.565931
  VSN output std:
    encoder: 0.203630
  Attention entropy: 2.342017
  Saved to: experiments/wf_monthly_weekly_enc12/fold_202506/collapse_monitoring/collapse_monitor_latest.json
[DEBUG CollapseMonitor] on_validation_epoch_start called for epoch 3
[DEBUG CollapseMonitor] reset_temporal_state() called on loss function
Epoch 3: val_loss=0.6557362079620361
Epoch 3: train_loss=0.9736111164093018

[CollapseMonitor] Epoch 3
  [DEBUG] Processed 1 batches from val_dataloader
  [DEBUG] Predictions shape after concat: (1,)
  [DEBUG] All predictions list length: 1
  [DEBUG] First batch shape: (1,)
  Pred std: 0.000000, range: 0.000000, mean: 0.284504
  Pos: 100.0%, Neg: 0.0%, Unique: 1
  Dir Acc: 100.00%, Pred Sharpe: 0.0000
  Composite: 1.0000 (dist_match: 1.0000, actual_pos: 100.0%, pred_pos: 100.0%)
  Collapse penalty: 0.000000 (threshold: 0.005000)
  Saved validation predictions to: experiments/wf_monthly_weekly_enc12/fold_202506/collapse_monitoring/val_predictions_epoch3.npy
  Gradient norms:
    lstm_encoder: 0.011677
    lstm_decoder: 0.011191
    output_layer: 0.430932
  VSN output std:
    encoder: 0.202475
  Attention entropy: 2.359546
  Saved to: experiments/wf_monthly_weekly_enc12/fold_202506/collapse_monitoring/collapse_monitor_latest.json
[DEBUG CollapseMonitor] on_validation_epoch_start called for epoch 4
[DEBUG CollapseMonitor] reset_temporal_state() called on loss function
Epoch 4: val_loss=0.7114007472991943
Epoch 4: train_loss=0.9589172601699829

[CollapseMonitor] Epoch 4
  [DEBUG] Processed 1 batches from val_dataloader
  [DEBUG] Predictions shape after concat: (1,)
  [DEBUG] All predictions list length: 1
  [DEBUG] First batch shape: (1,)
  Pred std: 0.000000, range: 0.000000, mean: 0.174726
  Pos: 100.0%, Neg: 0.0%, Unique: 1
  Dir Acc: 100.00%, Pred Sharpe: 0.0000
  Composite: 1.0000 (dist_match: 1.0000, actual_pos: 100.0%, pred_pos: 100.0%)
  Collapse penalty: 0.000000 (threshold: 0.005000)
  Saved validation predictions to: experiments/wf_monthly_weekly_enc12/fold_202506/collapse_monitoring/val_predictions_epoch4.npy
  Gradient norms:
    lstm_encoder: 0.011303
    lstm_decoder: 0.010826
    output_layer: 0.408306
  VSN output std:
    encoder: 0.200183
  Attention entropy: 2.370779
  Saved to: experiments/wf_monthly_weekly_enc12/fold_202506/collapse_monitoring/collapse_monitor_latest.json
[DEBUG CollapseMonitor] on_validation_epoch_start called for epoch 5
[DEBUG CollapseMonitor] reset_temporal_state() called on loss function
Epoch 5: val_loss=0.6955012083053589
Epoch 5: train_loss=0.9507326483726501

[CollapseMonitor] Epoch 5
  [DEBUG] Processed 1 batches from val_dataloader
  [DEBUG] Predictions shape after concat: (1,)
  [DEBUG] All predictions list length: 1
  [DEBUG] First batch shape: (1,)
  Pred std: 0.000000, range: 0.000000, mean: 0.210549
  Pos: 100.0%, Neg: 0.0%, Unique: 1
  Dir Acc: 100.00%, Pred Sharpe: 0.0000
  Composite: 1.0000 (dist_match: 1.0000, actual_pos: 100.0%, pred_pos: 100.0%)
  Collapse penalty: 0.000000 (threshold: 0.005000)
  Saved validation predictions to: experiments/wf_monthly_weekly_enc12/fold_202506/collapse_monitoring/val_predictions_epoch5.npy
  Gradient norms:
    lstm_encoder: 0.010578
    lstm_decoder: 0.010347
    output_layer: 0.380317
  VSN output std:
    encoder: 0.197372
  Attention entropy: 2.396247
  Saved to: experiments/wf_monthly_weekly_enc12/fold_202506/collapse_monitoring/collapse_monitor_latest.json
[DEBUG CollapseMonitor] on_validation_epoch_start called for epoch 6
[DEBUG CollapseMonitor] reset_temporal_state() called on loss function
Epoch 6: val_loss=0.7139904499053955
Epoch 6: train_loss=0.9456170797348022

[CollapseMonitor] Epoch 6
  [DEBUG] Processed 1 batches from val_dataloader
  [DEBUG] Predictions shape after concat: (1,)
  [DEBUG] All predictions list length: 1
  [DEBUG] First batch shape: (1,)
  Pred std: 0.000000, range: 0.000000, mean: 0.226925
  Pos: 100.0%, Neg: 0.0%, Unique: 1
  Dir Acc: 100.00%, Pred Sharpe: 0.0000
  Composite: 1.0000 (dist_match: 1.0000, actual_pos: 100.0%, pred_pos: 100.0%)
  Collapse penalty: 0.000000 (threshold: 0.005000)
  Saved validation predictions to: experiments/wf_monthly_weekly_enc12/fold_202506/collapse_monitoring/val_predictions_epoch6.npy
  Gradient norms:
    lstm_encoder: 0.010590
    lstm_decoder: 0.010385
    output_layer: 0.377648
  VSN output std:
    encoder: 0.195345
  Attention entropy: 2.411387
  Saved to: experiments/wf_monthly_weekly_enc12/fold_202506/collapse_monitoring/collapse_monitor_latest.json
[DEBUG CollapseMonitor] on_validation_epoch_start called for epoch 7
[DEBUG CollapseMonitor] reset_temporal_state() called on loss function
Epoch 7: val_loss=0.7194904685020447
Epoch 7: train_loss=0.942555844783783

[CollapseMonitor] Epoch 7
  [DEBUG] Processed 1 batches from val_dataloader
  [DEBUG] Predictions shape after concat: (1,)
  [DEBUG] All predictions list length: 1
  [DEBUG] First batch shape: (1,)
  Pred std: 0.000000, range: 0.000000, mean: 0.212048
  Pos: 100.0%, Neg: 0.0%, Unique: 1
  Dir Acc: 100.00%, Pred Sharpe: 0.0000
  Composite: 1.0000 (dist_match: 1.0000, actual_pos: 100.0%, pred_pos: 100.0%)
  Collapse penalty: 0.000000 (threshold: 0.005000)
  Saved validation predictions to: experiments/wf_monthly_weekly_enc12/fold_202506/collapse_monitoring/val_predictions_epoch7.npy
  Gradient norms:
    lstm_encoder: 0.010701
    lstm_decoder: 0.010115
    output_layer: 0.366393
  VSN output std:
    encoder: 0.195404
  Attention entropy: 2.420338
  Saved to: experiments/wf_monthly_weekly_enc12/fold_202506/collapse_monitoring/collapse_monitor_latest.json
[DEBUG CollapseMonitor] on_validation_epoch_start called for epoch 8
[DEBUG CollapseMonitor] reset_temporal_state() called on loss function
Epoch 8: val_loss=0.6962344646453857
Epoch 8: train_loss=0.9388501048088074

[CollapseMonitor] Epoch 8
  [DEBUG] Processed 1 batches from val_dataloader
  [DEBUG] Predictions shape after concat: (1,)
  [DEBUG] All predictions list length: 1
  [DEBUG] First batch shape: (1,)
  Pred std: 0.000000, range: 0.000000, mean: 0.256742
  Pos: 100.0%, Neg: 0.0%, Unique: 1
  Dir Acc: 100.00%, Pred Sharpe: 0.0000
  Composite: 1.0000 (dist_match: 1.0000, actual_pos: 100.0%, pred_pos: 100.0%)
  Collapse penalty: 0.000000 (threshold: 0.005000)
  Saved validation predictions to: experiments/wf_monthly_weekly_enc12/fold_202506/collapse_monitoring/val_predictions_epoch8.npy
  Gradient norms:
    lstm_encoder: 0.011409
    lstm_decoder: 0.009974
    output_layer: 0.359008
  VSN output std:
    encoder: 0.200917
  Attention entropy: 2.376293
  Saved to: experiments/wf_monthly_weekly_enc12/fold_202506/collapse_monitoring/collapse_monitor_latest.json
[DEBUG CollapseMonitor] on_validation_epoch_start called for epoch 9
[DEBUG CollapseMonitor] reset_temporal_state() called on loss function
Epoch 9: val_loss=0.7116357684135437
Epoch 9: train_loss=0.9365339279174805

[CollapseMonitor] Epoch 9
  [DEBUG] Processed 1 batches from val_dataloader
  [DEBUG] Predictions shape after concat: (1,)
  [DEBUG] All predictions list length: 1
  [DEBUG] First batch shape: (1,)
  Pred std: 0.000000, range: 0.000000, mean: 0.244495
  Pos: 100.0%, Neg: 0.0%, Unique: 1
  Dir Acc: 100.00%, Pred Sharpe: 0.0000
  Composite: 1.0000 (dist_match: 1.0000, actual_pos: 100.0%, pred_pos: 100.0%)
  Collapse penalty: 0.000000 (threshold: 0.005000)
  Saved validation predictions to: experiments/wf_monthly_weekly_enc12/fold_202506/collapse_monitoring/val_predictions_epoch9.npy
  Gradient norms:
    lstm_encoder: 0.012733
    lstm_decoder: 0.010623
    output_layer: 0.375175
  VSN output std:
    encoder: 0.200932
  Attention entropy: 2.343004
  Saved to: experiments/wf_monthly_weekly_enc12/fold_202506/collapse_monitoring/collapse_monitor_latest.json
[DEBUG CollapseMonitor] on_validation_epoch_start called for epoch 10
[DEBUG CollapseMonitor] reset_temporal_state() called on loss function
Epoch 10: val_loss=0.7133825421333313
Epoch 10: train_loss=0.9336176514625549

[CollapseMonitor] Epoch 10
  [DEBUG] Processed 1 batches from val_dataloader
  [DEBUG] Predictions shape after concat: (1,)
  [DEBUG] All predictions list length: 1
  [DEBUG] First batch shape: (1,)
  Pred std: 0.000000, range: 0.000000, mean: 0.199623
  Pos: 100.0%, Neg: 0.0%, Unique: 1
  Dir Acc: 100.00%, Pred Sharpe: 0.0000
  Composite: 1.0000 (dist_match: 1.0000, actual_pos: 100.0%, pred_pos: 100.0%)
  Collapse penalty: 0.000000 (threshold: 0.005000)
  Saved validation predictions to: experiments/wf_monthly_weekly_enc12/fold_202506/collapse_monitoring/val_predictions_epoch10.npy
  Gradient norms:
    lstm_encoder: 0.013240
    lstm_decoder: 0.010561
    output_layer: 0.369101
  VSN output std:
    encoder: 0.201424
  Attention entropy: 2.292862
  Saved to: experiments/wf_monthly_weekly_enc12/fold_202506/collapse_monitoring/collapse_monitor_latest.json
[DEBUG CollapseMonitor] on_validation_epoch_start called for epoch 11
[DEBUG CollapseMonitor] reset_temporal_state() called on loss function
Epoch 11: val_loss=0.6909381747245789
Epoch 11: train_loss=0.9331563711166382

[CollapseMonitor] Epoch 11
  [DEBUG] Processed 1 batches from val_dataloader
  [DEBUG] Predictions shape after concat: (1,)
  [DEBUG] All predictions list length: 1
  [DEBUG] First batch shape: (1,)
  Pred std: 0.000000, range: 0.000000, mean: 0.272740
  Pos: 100.0%, Neg: 0.0%, Unique: 1
  Dir Acc: 100.00%, Pred Sharpe: 0.0000
  Composite: 1.0000 (dist_match: 1.0000, actual_pos: 100.0%, pred_pos: 100.0%)
  Collapse penalty: 0.000000 (threshold: 0.005000)
  Saved validation predictions to: experiments/wf_monthly_weekly_enc12/fold_202506/collapse_monitoring/val_predictions_epoch11.npy
  Gradient norms:
    lstm_encoder: 0.013867
    lstm_decoder: 0.010694
    output_layer: 0.363289
  VSN output std:
    encoder: 0.200702
  Attention entropy: 2.231165
  Saved to: experiments/wf_monthly_weekly_enc12/fold_202506/collapse_monitoring/collapse_monitor_latest.json
[DEBUG CollapseMonitor] on_validation_epoch_start called for epoch 12
[DEBUG CollapseMonitor] reset_temporal_state() called on loss function
Epoch 12: val_loss=0.6835854649543762
Epoch 12: train_loss=0.933497428894043

[CollapseMonitor] Epoch 12
  [DEBUG] Processed 1 batches from val_dataloader
  [DEBUG] Predictions shape after concat: (1,)
  [DEBUG] All predictions list length: 1
  [DEBUG] First batch shape: (1,)
  Pred std: 0.000000, range: 0.000000, mean: 0.239521
  Pos: 100.0%, Neg: 0.0%, Unique: 1
  Dir Acc: 100.00%, Pred Sharpe: 0.0000
  Composite: 1.0000 (dist_match: 1.0000, actual_pos: 100.0%, pred_pos: 100.0%)
  Collapse penalty: 0.000000 (threshold: 0.005000)
  Saved validation predictions to: experiments/wf_monthly_weekly_enc12/fold_202506/collapse_monitoring/val_predictions_epoch12.npy
  Gradient norms:
    lstm_encoder: 0.015699
    lstm_decoder: 0.011403
    output_layer: 0.385458
  VSN output std:
    encoder: 0.200072
  Attention entropy: 2.168419
  Saved to: experiments/wf_monthly_weekly_enc12/fold_202506/collapse_monitoring/collapse_monitor_latest.json
[DEBUG CollapseMonitor] on_validation_epoch_start called for epoch 13
[DEBUG CollapseMonitor] reset_temporal_state() called on loss function
Epoch 13: val_loss=0.6939181089401245
Epoch 13: train_loss=0.9252640604972839

[CollapseMonitor] Epoch 13
  [DEBUG] Processed 1 batches from val_dataloader
  [DEBUG] Predictions shape after concat: (1,)
  [DEBUG] All predictions list length: 1
  [DEBUG] First batch shape: (1,)
  Pred std: 0.000000, range: 0.000000, mean: 0.199262
  Pos: 100.0%, Neg: 0.0%, Unique: 1
  Dir Acc: 100.00%, Pred Sharpe: 0.0000
  Composite: 1.0000 (dist_match: 1.0000, actual_pos: 100.0%, pred_pos: 100.0%)
  Collapse penalty: 0.000000 (threshold: 0.005000)
  Saved validation predictions to: experiments/wf_monthly_weekly_enc12/fold_202506/collapse_monitoring/val_predictions_epoch13.npy
  Gradient norms:
    lstm_encoder: 0.015681
    lstm_decoder: 0.011672
    output_layer: 0.383273
  VSN output std:
    encoder: 0.203135
  Attention entropy: 2.101990
  Saved to: experiments/wf_monthly_weekly_enc12/fold_202506/collapse_monitoring/collapse_monitor_latest.json


======================================================================
Training complete
======================================================================

Best val_loss checkpoint: experiments/wf_monthly_weekly_enc12/fold_202506/checkpoints/tft-epoch=epoch=03-valloss=val_loss=0.6557.ckpt
Best validation loss: 0.655736
Checkpoints saved:
  - Best val_loss: experiments/wf_monthly_weekly_enc12/fold_202506/checkpoints/tft-epoch=epoch=03-valloss=val_loss=0.6557.ckpt
  - Best pred_std: experiments/wf_monthly_weekly_enc12/fold_202506/checkpoints/tft-epoch=epoch=00-predstd=val_pred_std=0.0000.ckpt
  - Best unique: experiments/wf_monthly_weekly_enc12/fold_202506/checkpoints/tft-epoch=epoch=00-unique=val_num_unique=1.ckpt
  - Best dir_acc: experiments/wf_monthly_weekly_enc12/fold_202506/checkpoints/tft-epoch=epoch=00-diracc=val_dir_acc=1.0000.ckpt
  - Best sharpe: experiments/wf_monthly_weekly_enc12/fold_202506/checkpoints/tft-epoch=epoch=00-sharpe=val_sharpe=0.0000.ckpt
  - Best composite: experiments/wf_monthly_weekly_enc12/fold_202506/checkpoints/tft-epoch=epoch=00-composite=val_composite=1.0000.ckpt
Completed at: 2025-12-03 06:11:04
Log saved to: experiments/wf_monthly_weekly_enc12/fold_202506/training_20251203_060819.log
======================================================================
