
[INFO] Using AUTO device selection.

[INFO] Patched matplotlib.Axes.errorbar to abs() negative yerr for robustness.
======================================================================
Training TFT: 06b_rolling/daily_3q_h20_drop025/fold_2022
======================================================================
Logging to: experiments/06b_rolling/daily_3q_h20_drop025/fold_2022/training_20251214_201527.log
Started at: 2025-12-14 20:15:27
======================================================================

Loading data splits...
Train: 2468 samples
Val: 220 samples
Test: 219 samples

Preparing TimeSeriesDataSet...

Dropping source columns (used for staleness only): ['CPI']

Final features for TFT: ['SP500_Returns', 'VIX', 'Treasury_10Y', 'Yield_Spread', 'Inflation_YoY', 'cumret_5', 'cumret_10', 'cumret_20', 'cumret_30']

======================================================================
FEATURE STATISTICS - BEFORE NORMALIZATION
======================================================================
VIX                             mean= 17.4727  std=  7.5118  min=  9.1400  max= 82.6900
Treasury_10Y                    mean=  2.1870  std=  0.6277  min=  0.5200  max=  3.7500
Yield_Spread                    mean=  1.2478  std=  0.7652  min= -0.0400  max=  2.9100
Inflation_YoY                   mean=  1.7540  std=  0.8881  min= -0.2176  max=  3.9849

======================================================================
TARGET CONFIGURATION
======================================================================
Target variable: SP500_Returns
  Mode: Point return prediction (single-step)
  Target stats: mean=0.0473, std=1.1030
  Dropping unused cumret columns: ['cumret_5', 'cumret_10', 'cumret_20', 'cumret_30']
======================================================================

======================================================================
FEATURES AFTER GROUPNORMALIZER (first batch, last timestep)
======================================================================
VIX                             normalized_value=  1.0000
Treasury_10Y                    normalized_value= -0.0500
Yield_Spread                    normalized_value= -0.5316
Inflation_YoY                   normalized_value= -0.7282
======================================================================

Configuration saved to: experiments/06b_rolling/daily_3q_h20_drop025/fold_2022/config.json
[DEBUG] VIX train values: [17.61 17.38 17.02 17.4  17.14]
[DEBUG] VIX val values: [26.97 25.34 25.07 22.37 21.56]
Batches per epoch: 37
[DEBUG] Validation batches: 3
[DEBUG] Validation dataset size: 181
[DEBUG] Batch size: 64

Initializing model...

Quantile configuration: 3q
  Quantiles: [0.1, 0.5, 0.9]
  Output size: 3
  Median index: 1

Using standard QuantileLoss (no penalties)

[REGIME OUTPUT] Disabled (using baseline output layer)

[STALENESS ATTENTION] Disabled

================================================================================
BASELINE MODEL FEATURE CONFIGURATION (after from_dataset)
================================================================================
tft.hparams.time_varying_reals_encoder: ['relative_time_idx', 'VIX', 'Treasury_10Y', 'Yield_Spread', 'Inflation_YoY']
  Count: 5

tft.hparams.time_varying_reals_decoder: ['relative_time_idx']
  Count: 1

tft.hparams.x_reals (all reals passed to model): ['encoder_length', 'relative_time_idx', 'VIX', 'Treasury_10Y', 'Yield_Spread', 'Inflation_YoY']
  Count: 6

Encoder VSN configuration:
  num_inputs: 5
  input_sizes: {'relative_time_idx': 16, 'VIX': 16, 'Treasury_10Y': 16, 'Yield_Spread': 16, 'Inflation_YoY': 16}
  flattened_grn.fc1: in_features=80, out_features=5
  -> Params in fc1: 400 (should be 5*16*5=400 if 5 features)
================================================================================

Model parameters: 22,547

Starting training...
Checkpoints will be saved to: experiments/06b_rolling/daily_3q_h20_drop025/fold_2022/checkpoints/
Logs will be saved to: experiments/06b_rolling/daily_3q_h20_drop025/fold_2022/logs/

[DEBUG CollapseMonitor] on_validation_epoch_start called for epoch 0
[DEBUG CollapseMonitor] reset_temporal_state() called on loss function
Epoch 0: val_loss=N/A
[DEBUG CollapseMonitor] on_validation_epoch_start called for epoch 0
[DEBUG CollapseMonitor] reset_temporal_state() called on loss function
Epoch 0: val_loss=0.39314064383506775
Epoch 0: train_loss=0.5281112790107727

[CollapseMonitor] Epoch 0
  [DEBUG] Processed 3 batches, 20 horizon(s)
  Multi-horizon metrics (20 horizons):
    h1: std=0.0335, dir_acc=43.6%, pos=0%, unique=181, sharpe=-229.75
    h2: std=0.0228, dir_acc=43.6%, pos=0%, unique=181, sharpe=-319.08
    h3: std=0.0197, dir_acc=44.2%, pos=0%, unique=181, sharpe=-339.90
    h4: std=0.0173, dir_acc=44.2%, pos=0%, unique=180, sharpe=-342.95
    h5: std=0.0151, dir_acc=44.2%, pos=0%, unique=180, sharpe=-335.44
    ... (15 more horizons)
  Aggregate: std_avg=0.0117, dir_acc_avg=50.6%, composite_avg=0.3862
  H1 detail: range=0.1152, mean=-0.4851, dist_match=0.4365
  Collapse penalty: 0.000000 (threshold: 0.005000)
  Saved validation predictions to: experiments/06b_rolling/daily_3q_h20_drop025/fold_2022/collapse_monitoring/val_predictions_epoch0.npz
  Gradient norms:
    lstm_encoder: 0.001458
    lstm_decoder: 0.014076
    output_layer: 0.242908
  VSN output std:
    encoder: 0.129582
  Attention entropy: 2.989163
  Saved to: experiments/06b_rolling/daily_3q_h20_drop025/fold_2022/collapse_monitoring/collapse_monitor_latest.json
[DEBUG CollapseMonitor] on_validation_epoch_start called for epoch 1
[DEBUG CollapseMonitor] reset_temporal_state() called on loss function
Epoch 1: val_loss=0.38477128744125366
Epoch 1: train_loss=0.5148468017578125

[CollapseMonitor] Epoch 1
  [DEBUG] Processed 3 batches, 20 horizon(s)
  Multi-horizon metrics (20 horizons):
    h1: std=0.0374, dir_acc=43.6%, pos=0%, unique=181, sharpe=-109.34
    h2: std=0.0203, dir_acc=43.6%, pos=0%, unique=179, sharpe=-169.54
    h3: std=0.0163, dir_acc=44.2%, pos=0%, unique=181, sharpe=-173.23
    h4: std=0.0134, dir_acc=44.2%, pos=0%, unique=180, sharpe=-153.95
    h5: std=0.0112, dir_acc=44.2%, pos=0%, unique=180, sharpe=-113.97
    ... (15 more horizons)
  Aggregate: std_avg=0.0100, dir_acc_avg=53.5%, composite_avg=0.4123
  H1 detail: range=0.1323, mean=-0.2578, dist_match=0.4365
  Collapse penalty: 0.000000 (threshold: 0.005000)
  Saved validation predictions to: experiments/06b_rolling/daily_3q_h20_drop025/fold_2022/collapse_monitoring/val_predictions_epoch1.npz
  Gradient norms:
    lstm_encoder: 0.001117
    lstm_decoder: 0.006700
    output_layer: 0.118130
  VSN output std:
    encoder: 0.129628
  Attention entropy: 2.987626
  Saved to: experiments/06b_rolling/daily_3q_h20_drop025/fold_2022/collapse_monitoring/collapse_monitor_latest.json
[DEBUG CollapseMonitor] on_validation_epoch_start called for epoch 2
[DEBUG CollapseMonitor] reset_temporal_state() called on loss function
Epoch 2: val_loss=0.3813609778881073
Epoch 2: train_loss=0.5065176486968994

[CollapseMonitor] Epoch 2
  [DEBUG] Processed 3 batches, 20 horizon(s)
  Multi-horizon metrics (20 horizons):
    h1: std=0.0295, dir_acc=43.6%, pos=0%, unique=181, sharpe=-62.17
    h2: std=0.0147, dir_acc=43.6%, pos=0%, unique=180, sharpe=-99.39
    h3: std=0.0113, dir_acc=44.2%, pos=0%, unique=178, sharpe=-95.91
    h4: std=0.0092, dir_acc=44.2%, pos=0%, unique=178, sharpe=-62.48
    h5: std=0.0078, dir_acc=55.2%, pos=66%, unique=181, sharpe=-3.25
    ... (15 more horizons)
  Aggregate: std_avg=0.0084, dir_acc_avg=54.6%, composite_avg=0.4278
  H1 detail: range=0.1075, mean=-0.1155, dist_match=0.4365
  Collapse penalty: 0.000000 (threshold: 0.005000)
  Saved validation predictions to: experiments/06b_rolling/daily_3q_h20_drop025/fold_2022/collapse_monitoring/val_predictions_epoch2.npz
  Gradient norms:
    lstm_encoder: 0.000758
    lstm_decoder: 0.003193
    output_layer: 0.055032
  VSN output std:
    encoder: 0.129443
  Attention entropy: 2.984904
  Saved to: experiments/06b_rolling/daily_3q_h20_drop025/fold_2022/collapse_monitoring/collapse_monitor_latest.json
[DEBUG CollapseMonitor] on_validation_epoch_start called for epoch 3
[DEBUG CollapseMonitor] reset_temporal_state() called on loss function
Epoch 3: val_loss=0.3789525032043457
Epoch 3: train_loss=0.500823438167572

[CollapseMonitor] Epoch 3
  [DEBUG] Processed 3 batches, 20 horizon(s)
  Multi-horizon metrics (20 horizons):
    h1: std=0.0195, dir_acc=43.6%, pos=0%, unique=180, sharpe=-33.51
    h2: std=0.0107, dir_acc=43.6%, pos=0%, unique=180, sharpe=-58.14
    h3: std=0.0081, dir_acc=44.2%, pos=0%, unique=178, sharpe=-57.69
    h4: std=0.0068, dir_acc=44.2%, pos=0%, unique=178, sharpe=-24.76
    h5: std=0.0061, dir_acc=55.8%, pos=100%, unique=178, sharpe=29.12
    ... (15 more horizons)
  Aggregate: std_avg=0.0073, dir_acc_avg=54.6%, composite_avg=0.4234
  H1 detail: range=0.0728, mean=-0.0413, dist_match=0.4365
  Collapse penalty: 0.000000 (threshold: 0.005000)
  Saved validation predictions to: experiments/06b_rolling/daily_3q_h20_drop025/fold_2022/collapse_monitoring/val_predictions_epoch3.npz
  Gradient norms:
    lstm_encoder: 0.000556
    lstm_decoder: 0.002649
    output_layer: 0.051260
  VSN output std:
    encoder: 0.129931
  Attention entropy: 2.981651
  Saved to: experiments/06b_rolling/daily_3q_h20_drop025/fold_2022/collapse_monitoring/collapse_monitor_latest.json
[DEBUG CollapseMonitor] on_validation_epoch_start called for epoch 4
[DEBUG CollapseMonitor] reset_temporal_state() called on loss function
Epoch 4: val_loss=0.3776038587093353
Epoch 4: train_loss=0.4986371099948883

[CollapseMonitor] Epoch 4
  [DEBUG] Processed 3 batches, 20 horizon(s)
  Multi-horizon metrics (20 horizons):
    h1: std=0.0121, dir_acc=55.2%, pos=90%, unique=181, sharpe=23.94
    h2: std=0.0080, dir_acc=53.6%, pos=76%, unique=179, sharpe=14.00
    h3: std=0.0062, dir_acc=53.0%, pos=83%, unique=181, sharpe=20.01
    h4: std=0.0054, dir_acc=55.8%, pos=100%, unique=181, sharpe=53.04
    h5: std=0.0052, dir_acc=55.8%, pos=100%, unique=179, sharpe=96.14
    ... (15 more horizons)
  Aggregate: std_avg=0.0064, dir_acc_avg=56.7%, composite_avg=0.4519
  H1 detail: range=0.0454, mean=0.0183, dist_match=0.6630
  Collapse penalty: 0.000000 (threshold: 0.005000)
  Saved validation predictions to: experiments/06b_rolling/daily_3q_h20_drop025/fold_2022/collapse_monitoring/val_predictions_epoch4.npz
  Gradient norms:
    lstm_encoder: 0.000435
    lstm_decoder: 0.002138
    output_layer: 0.040073
  VSN output std:
    encoder: 0.131546
  Attention entropy: 2.977500
  Saved to: experiments/06b_rolling/daily_3q_h20_drop025/fold_2022/collapse_monitoring/collapse_monitor_latest.json
[DEBUG CollapseMonitor] on_validation_epoch_start called for epoch 5
[DEBUG CollapseMonitor] reset_temporal_state() called on loss function
Epoch 5: val_loss=0.37670189142227173
Epoch 5: train_loss=0.4949466586112976

[CollapseMonitor] Epoch 5
  [DEBUG] Processed 3 batches, 20 horizon(s)
  Multi-horizon metrics (20 horizons):
    h1: std=0.0076, dir_acc=56.4%, pos=100%, unique=180, sharpe=126.90
    h2: std=0.0063, dir_acc=56.4%, pos=100%, unique=180, sharpe=108.28
    h3: std=0.0051, dir_acc=55.8%, pos=100%, unique=180, sharpe=121.74
    h4: std=0.0048, dir_acc=55.8%, pos=100%, unique=180, sharpe=150.48
    h5: std=0.0048, dir_acc=55.8%, pos=100%, unique=179, sharpe=179.53
    ... (15 more horizons)
  Aggregate: std_avg=0.0058, dir_acc_avg=57.0%, composite_avg=0.4477
  H1 detail: range=0.0314, mean=0.0606, dist_match=0.5635
  Collapse penalty: 0.000000 (threshold: 0.005000)
  Saved validation predictions to: experiments/06b_rolling/daily_3q_h20_drop025/fold_2022/collapse_monitoring/val_predictions_epoch5.npz
  Gradient norms:
    lstm_encoder: 0.000409
    lstm_decoder: 0.001980
    output_layer: 0.039675
  VSN output std:
    encoder: 0.133013
  Attention entropy: 2.973549
  Saved to: experiments/06b_rolling/daily_3q_h20_drop025/fold_2022/collapse_monitoring/collapse_monitor_latest.json
[DEBUG CollapseMonitor] on_validation_epoch_start called for epoch 6
[DEBUG CollapseMonitor] reset_temporal_state() called on loss function
Epoch 6: val_loss=0.3759406507015228
Epoch 6: train_loss=0.49388378858566284

[CollapseMonitor] Epoch 6
  [DEBUG] Processed 3 batches, 20 horizon(s)
  Multi-horizon metrics (20 horizons):
    h1: std=0.0047, dir_acc=56.4%, pos=100%, unique=181, sharpe=296.65
    h2: std=0.0056, dir_acc=56.4%, pos=100%, unique=181, sharpe=191.88
    h3: std=0.0052, dir_acc=55.8%, pos=100%, unique=178, sharpe=183.73
    h4: std=0.0051, dir_acc=55.8%, pos=100%, unique=181, sharpe=190.49
    h5: std=0.0052, dir_acc=55.8%, pos=100%, unique=180, sharpe=201.90
    ... (15 more horizons)
  Aggregate: std_avg=0.0057, dir_acc_avg=57.0%, composite_avg=0.4477
  H1 detail: range=0.0249, mean=0.0883, dist_match=0.5635
  Collapse penalty: 0.000000 (threshold: 0.005000)
  Saved validation predictions to: experiments/06b_rolling/daily_3q_h20_drop025/fold_2022/collapse_monitoring/val_predictions_epoch6.npz
  Gradient norms:
    lstm_encoder: 0.000380
    lstm_decoder: 0.001934
    output_layer: 0.042894
  VSN output std:
    encoder: 0.135497
  Attention entropy: 2.966357
  Saved to: experiments/06b_rolling/daily_3q_h20_drop025/fold_2022/collapse_monitoring/collapse_monitor_latest.json
[DEBUG CollapseMonitor] on_validation_epoch_start called for epoch 7
[DEBUG CollapseMonitor] reset_temporal_state() called on loss function
Epoch 7: val_loss=0.37599000334739685
Epoch 7: train_loss=0.49433037638664246

[CollapseMonitor] Epoch 7
  [DEBUG] Processed 3 batches, 20 horizon(s)
  Multi-horizon metrics (20 horizons):
    h1: std=0.0099, dir_acc=56.4%, pos=100%, unique=180, sharpe=169.93
    h2: std=0.0100, dir_acc=56.4%, pos=100%, unique=180, sharpe=135.21
    h3: std=0.0093, dir_acc=55.8%, pos=100%, unique=181, sharpe=128.06
    h4: std=0.0088, dir_acc=55.8%, pos=100%, unique=179, sharpe=133.49
    h5: std=0.0085, dir_acc=55.8%, pos=100%, unique=181, sharpe=143.73
    ... (15 more horizons)
  Aggregate: std_avg=0.0078, dir_acc_avg=57.0%, composite_avg=0.4477
  H1 detail: range=0.0350, mean=0.1059, dist_match=0.5635
  Collapse penalty: 0.000000 (threshold: 0.005000)
  Saved validation predictions to: experiments/06b_rolling/daily_3q_h20_drop025/fold_2022/collapse_monitoring/val_predictions_epoch7.npz
  Gradient norms:
    lstm_encoder: 0.000363
    lstm_decoder: 0.001817
    output_layer: 0.037880
  VSN output std:
    encoder: 0.140138
  Attention entropy: 2.947127
  Saved to: experiments/06b_rolling/daily_3q_h20_drop025/fold_2022/collapse_monitoring/collapse_monitor_latest.json
[DEBUG CollapseMonitor] on_validation_epoch_start called for epoch 8
[DEBUG CollapseMonitor] reset_temporal_state() called on loss function
Epoch 8: val_loss=0.3757777214050293
Epoch 8: train_loss=0.4905499219894409

[CollapseMonitor] Epoch 8
  [DEBUG] Processed 3 batches, 20 horizon(s)
  Multi-horizon metrics (20 horizons):
    h1: std=0.0192, dir_acc=56.4%, pos=100%, unique=181, sharpe=97.71
    h2: std=0.0179, dir_acc=56.4%, pos=100%, unique=181, sharpe=83.87
    h3: std=0.0165, dir_acc=55.8%, pos=100%, unique=179, sharpe=79.31
    h4: std=0.0156, dir_acc=55.8%, pos=100%, unique=181, sharpe=81.56
    h5: std=0.0149, dir_acc=55.8%, pos=100%, unique=180, sharpe=86.66
    ... (15 more horizons)
  Aggregate: std_avg=0.0129, dir_acc_avg=57.0%, composite_avg=0.4477
  H1 detail: range=0.0665, mean=0.1179, dist_match=0.5635
  Collapse penalty: 0.000000 (threshold: 0.005000)
  Saved validation predictions to: experiments/06b_rolling/daily_3q_h20_drop025/fold_2022/collapse_monitoring/val_predictions_epoch8.npz
  Gradient norms:
    lstm_encoder: 0.000361
    lstm_decoder: 0.001690
    output_layer: 0.036593
  VSN output std:
    encoder: 0.155440
  Attention entropy: 2.924143
  Saved to: experiments/06b_rolling/daily_3q_h20_drop025/fold_2022/collapse_monitoring/collapse_monitor_latest.json
[DEBUG CollapseMonitor] on_validation_epoch_start called for epoch 9
[DEBUG CollapseMonitor] reset_temporal_state() called on loss function
Epoch 9: val_loss=0.37565478682518005
Epoch 9: train_loss=0.48952266573905945

[CollapseMonitor] Epoch 9
  [DEBUG] Processed 3 batches, 20 horizon(s)
  Multi-horizon metrics (20 horizons):
    h1: std=0.0370, dir_acc=56.4%, pos=100%, unique=181, sharpe=59.47
    h2: std=0.0301, dir_acc=56.4%, pos=100%, unique=181, sharpe=56.58
    h3: std=0.0277, dir_acc=55.8%, pos=100%, unique=181, sharpe=54.43
    h4: std=0.0264, dir_acc=55.8%, pos=100%, unique=181, sharpe=55.36
    h5: std=0.0256, dir_acc=55.8%, pos=100%, unique=181, sharpe=57.50
    ... (15 more horizons)
  Aggregate: std_avg=0.0242, dir_acc_avg=57.0%, composite_avg=0.4477
  H1 detail: range=0.1171, mean=0.1386, dist_match=0.5635
  Collapse penalty: 0.000000 (threshold: 0.005000)
  Saved validation predictions to: experiments/06b_rolling/daily_3q_h20_drop025/fold_2022/collapse_monitoring/val_predictions_epoch9.npz
  Gradient norms:
    lstm_encoder: 0.000354
    lstm_decoder: 0.001675
    output_layer: 0.037541
  VSN output std:
    encoder: 0.189565
  Attention entropy: 2.913293
  Saved to: experiments/06b_rolling/daily_3q_h20_drop025/fold_2022/collapse_monitoring/collapse_monitor_latest.json
[DEBUG CollapseMonitor] on_validation_epoch_start called for epoch 10
[DEBUG CollapseMonitor] reset_temporal_state() called on loss function
Epoch 10: val_loss=0.37636345624923706
Epoch 10: train_loss=0.48701560497283936

[CollapseMonitor] Epoch 10
  [DEBUG] Processed 3 batches, 20 horizon(s)
  Multi-horizon metrics (20 horizons):
    h1: std=0.0511, dir_acc=56.4%, pos=100%, unique=181, sharpe=52.26
    h2: std=0.0423, dir_acc=56.4%, pos=100%, unique=181, sharpe=49.15
    h3: std=0.0391, dir_acc=55.8%, pos=100%, unique=181, sharpe=48.26
    h4: std=0.0376, dir_acc=55.8%, pos=100%, unique=181, sharpe=49.07
    h5: std=0.0368, dir_acc=55.8%, pos=100%, unique=180, sharpe=50.30
    ... (15 more horizons)
  Aggregate: std_avg=0.0370, dir_acc_avg=57.0%, composite_avg=0.4477
  H1 detail: range=0.1512, mean=0.1682, dist_match=0.5635
  Collapse penalty: 0.000000 (threshold: 0.005000)
  Saved validation predictions to: experiments/06b_rolling/daily_3q_h20_drop025/fold_2022/collapse_monitoring/val_predictions_epoch10.npz
  Gradient norms:
    lstm_encoder: 0.000369
    lstm_decoder: 0.001844
    output_layer: 0.041000
  VSN output std:
    encoder: 0.218987
  Attention entropy: 2.895100
  Saved to: experiments/06b_rolling/daily_3q_h20_drop025/fold_2022/collapse_monitoring/collapse_monitor_latest.json
[DEBUG CollapseMonitor] on_validation_epoch_start called for epoch 11
[DEBUG CollapseMonitor] reset_temporal_state() called on loss function
Epoch 11: val_loss=0.376528799533844
Epoch 11: train_loss=0.4854715168476105

[CollapseMonitor] Epoch 11
  [DEBUG] Processed 3 batches, 20 horizon(s)
  Multi-horizon metrics (20 horizons):
    h1: std=0.0571, dir_acc=56.4%, pos=100%, unique=181, sharpe=47.74
    h2: std=0.0523, dir_acc=56.4%, pos=100%, unique=181, sharpe=39.77
    h3: std=0.0494, dir_acc=55.8%, pos=100%, unique=181, sharpe=37.99
    h4: std=0.0478, dir_acc=55.8%, pos=100%, unique=181, sharpe=38.31
    h5: std=0.0469, dir_acc=55.8%, pos=100%, unique=181, sharpe=39.11
    ... (15 more horizons)
  Aggregate: std_avg=0.0471, dir_acc_avg=57.0%, composite_avg=0.4477
  H1 detail: range=0.1713, mean=0.1719, dist_match=0.5635
  Collapse penalty: 0.000000 (threshold: 0.005000)
  Saved validation predictions to: experiments/06b_rolling/daily_3q_h20_drop025/fold_2022/collapse_monitoring/val_predictions_epoch11.npz
  Gradient norms:
    lstm_encoder: 0.000393
    lstm_decoder: 0.001677
    output_layer: 0.038745
  VSN output std:
    encoder: 0.231149
  Attention entropy: 2.873000
  Saved to: experiments/06b_rolling/daily_3q_h20_drop025/fold_2022/collapse_monitoring/collapse_monitor_latest.json
[DEBUG CollapseMonitor] on_validation_epoch_start called for epoch 12
[DEBUG CollapseMonitor] reset_temporal_state() called on loss function
Epoch 12: val_loss=0.37832093238830566
Epoch 12: train_loss=0.48643502593040466

[CollapseMonitor] Epoch 12
  [DEBUG] Processed 3 batches, 20 horizon(s)
  Multi-horizon metrics (20 horizons):
    h1: std=0.0628, dir_acc=56.4%, pos=100%, unique=181, sharpe=48.97
    h2: std=0.0625, dir_acc=56.4%, pos=100%, unique=181, sharpe=38.63
    h3: std=0.0615, dir_acc=55.8%, pos=100%, unique=181, sharpe=36.03
    h4: std=0.0608, dir_acc=55.8%, pos=100%, unique=180, sharpe=35.82
    h5: std=0.0605, dir_acc=55.8%, pos=100%, unique=181, sharpe=36.19
    ... (15 more horizons)
  Aggregate: std_avg=0.0610, dir_acc_avg=57.0%, composite_avg=0.4477
  H1 detail: range=0.1939, mean=0.1939, dist_match=0.5635
  Collapse penalty: 0.000000 (threshold: 0.005000)
  Saved validation predictions to: experiments/06b_rolling/daily_3q_h20_drop025/fold_2022/collapse_monitoring/val_predictions_epoch12.npz
  Gradient norms:
    lstm_encoder: 0.000398
    lstm_decoder: 0.001538
    output_layer: 0.033774
  VSN output std:
    encoder: 0.235577
  Attention entropy: 2.830289
  Saved to: experiments/06b_rolling/daily_3q_h20_drop025/fold_2022/collapse_monitoring/collapse_monitor_latest.json
[DEBUG CollapseMonitor] on_validation_epoch_start called for epoch 13
[DEBUG CollapseMonitor] reset_temporal_state() called on loss function
Epoch 13: val_loss=0.379611074924469
Epoch 13: train_loss=0.48465651273727417

[CollapseMonitor] Epoch 13
  [DEBUG] Processed 3 batches, 20 horizon(s)
  Multi-horizon metrics (20 horizons):
    h1: std=0.0688, dir_acc=56.4%, pos=100%, unique=181, sharpe=45.42
    h2: std=0.0707, dir_acc=56.4%, pos=100%, unique=181, sharpe=34.65
    h3: std=0.0713, dir_acc=55.8%, pos=100%, unique=180, sharpe=31.48
    h4: std=0.0716, dir_acc=55.8%, pos=100%, unique=181, sharpe=30.71
    h5: std=0.0719, dir_acc=55.8%, pos=100%, unique=181, sharpe=30.62
    ... (15 more horizons)
  Aggregate: std_avg=0.0726, dir_acc_avg=57.0%, composite_avg=0.4477
  H1 detail: range=0.2136, mean=0.1969, dist_match=0.5635
  Collapse penalty: 0.000000 (threshold: 0.005000)
  Saved validation predictions to: experiments/06b_rolling/daily_3q_h20_drop025/fold_2022/collapse_monitoring/val_predictions_epoch13.npz
  Gradient norms:
    lstm_encoder: 0.000412
    lstm_decoder: 0.001593
    output_layer: 0.037416
  VSN output std:
    encoder: 0.234706
  Attention entropy: 2.786800
  Saved to: experiments/06b_rolling/daily_3q_h20_drop025/fold_2022/collapse_monitoring/collapse_monitor_latest.json
[DEBUG CollapseMonitor] on_validation_epoch_start called for epoch 14
[DEBUG CollapseMonitor] reset_temporal_state() called on loss function
Epoch 14: val_loss=0.38075095415115356
Epoch 14: train_loss=0.4837207794189453

[CollapseMonitor] Epoch 14
  [DEBUG] Processed 3 batches, 20 horizon(s)
  Multi-horizon metrics (20 horizons):
    h1: std=0.0724, dir_acc=56.4%, pos=100%, unique=181, sharpe=38.83
    h2: std=0.0753, dir_acc=56.4%, pos=100%, unique=181, sharpe=28.34
    h3: std=0.0768, dir_acc=55.8%, pos=100%, unique=181, sharpe=25.02
    h4: std=0.0777, dir_acc=55.8%, pos=100%, unique=181, sharpe=24.03
    h5: std=0.0785, dir_acc=55.8%, pos=100%, unique=181, sharpe=23.75
    ... (15 more horizons)
  Aggregate: std_avg=0.0787, dir_acc_avg=57.0%, composite_avg=0.4477
  H1 detail: range=0.2170, mean=0.1771, dist_match=0.5635
  Collapse penalty: 0.000000 (threshold: 0.005000)
  Saved validation predictions to: experiments/06b_rolling/daily_3q_h20_drop025/fold_2022/collapse_monitoring/val_predictions_epoch14.npz
  Gradient norms:
    lstm_encoder: 0.000464
    lstm_decoder: 0.001788
    output_layer: 0.039886
  VSN output std:
    encoder: 0.226252
  Attention entropy: 2.749455
  Saved to: experiments/06b_rolling/daily_3q_h20_drop025/fold_2022/collapse_monitoring/collapse_monitor_latest.json
[DEBUG CollapseMonitor] on_validation_epoch_start called for epoch 15
[DEBUG CollapseMonitor] reset_temporal_state() called on loss function
Epoch 15: val_loss=0.3821682631969452
Epoch 15: train_loss=0.4820055663585663

[CollapseMonitor] Epoch 15
  [DEBUG] Processed 3 batches, 20 horizon(s)
  Multi-horizon metrics (20 horizons):
    h1: std=0.0728, dir_acc=56.4%, pos=100%, unique=181, sharpe=41.30
    h2: std=0.0758, dir_acc=56.4%, pos=100%, unique=181, sharpe=30.99
    h3: std=0.0774, dir_acc=55.8%, pos=100%, unique=181, sharpe=27.67
    h4: std=0.0785, dir_acc=55.8%, pos=100%, unique=181, sharpe=26.62
    h5: std=0.0793, dir_acc=55.8%, pos=100%, unique=180, sharpe=26.26
    ... (15 more horizons)
  Aggregate: std_avg=0.0793, dir_acc_avg=57.0%, composite_avg=0.4477
  H1 detail: range=0.2159, mean=0.1895, dist_match=0.5635
  Collapse penalty: 0.000000 (threshold: 0.005000)
  Saved validation predictions to: experiments/06b_rolling/daily_3q_h20_drop025/fold_2022/collapse_monitoring/val_predictions_epoch15.npz
  Gradient norms:
    lstm_encoder: 0.000484
    lstm_decoder: 0.001885
    output_layer: 0.041533
  VSN output std:
    encoder: 0.220674
  Attention entropy: 2.735578
  Saved to: experiments/06b_rolling/daily_3q_h20_drop025/fold_2022/collapse_monitoring/collapse_monitor_latest.json
[DEBUG CollapseMonitor] on_validation_epoch_start called for epoch 16
[DEBUG CollapseMonitor] reset_temporal_state() called on loss function
Epoch 16: val_loss=0.3836929202079773
Epoch 16: train_loss=0.4784803092479706

[CollapseMonitor] Epoch 16
  [DEBUG] Processed 3 batches, 20 horizon(s)
  Multi-horizon metrics (20 horizons):
    h1: std=0.0713, dir_acc=56.4%, pos=100%, unique=181, sharpe=40.06
    h2: std=0.0741, dir_acc=56.4%, pos=100%, unique=181, sharpe=29.90
    h3: std=0.0757, dir_acc=55.8%, pos=100%, unique=181, sharpe=26.64
    h4: std=0.0768, dir_acc=55.8%, pos=100%, unique=181, sharpe=25.61
    h5: std=0.0777, dir_acc=55.8%, pos=100%, unique=181, sharpe=25.28
    ... (15 more horizons)
  Aggregate: std_avg=0.0775, dir_acc_avg=57.0%, composite_avg=0.4477
  H1 detail: range=0.2082, mean=0.1800, dist_match=0.5635
  Collapse penalty: 0.000000 (threshold: 0.005000)
  Saved validation predictions to: experiments/06b_rolling/daily_3q_h20_drop025/fold_2022/collapse_monitoring/val_predictions_epoch16.npz
  Gradient norms:
    lstm_encoder: 0.000472
    lstm_decoder: 0.001530
    output_layer: 0.034254
  VSN output std:
    encoder: 0.212447
  Attention entropy: 2.703708
  Saved to: experiments/06b_rolling/daily_3q_h20_drop025/fold_2022/collapse_monitoring/collapse_monitor_latest.json
[DEBUG CollapseMonitor] on_validation_epoch_start called for epoch 17
[DEBUG CollapseMonitor] reset_temporal_state() called on loss function
Epoch 17: val_loss=0.3843747079372406
Epoch 17: train_loss=0.48188847303390503

[CollapseMonitor] Epoch 17
  [DEBUG] Processed 3 batches, 20 horizon(s)
  Multi-horizon metrics (20 horizons):
    h1: std=0.0710, dir_acc=56.4%, pos=100%, unique=181, sharpe=39.78
    h2: std=0.0738, dir_acc=56.4%, pos=100%, unique=181, sharpe=29.70
    h3: std=0.0755, dir_acc=55.8%, pos=100%, unique=180, sharpe=26.47
    h4: std=0.0766, dir_acc=55.8%, pos=100%, unique=181, sharpe=25.45
    h5: std=0.0775, dir_acc=55.8%, pos=100%, unique=181, sharpe=25.13
    ... (15 more horizons)
  Aggregate: std_avg=0.0771, dir_acc_avg=57.0%, composite_avg=0.4477
  H1 detail: range=0.2010, mean=0.1779, dist_match=0.5635
  Collapse penalty: 0.000000 (threshold: 0.005000)
  Saved validation predictions to: experiments/06b_rolling/daily_3q_h20_drop025/fold_2022/collapse_monitoring/val_predictions_epoch17.npz
  Gradient norms:
    lstm_encoder: 0.000520
    lstm_decoder: 0.001573
    output_layer: 0.034524
  VSN output std:
    encoder: 0.210955
  Attention entropy: 2.697408
  Saved to: experiments/06b_rolling/daily_3q_h20_drop025/fold_2022/collapse_monitoring/collapse_monitor_latest.json
[DEBUG CollapseMonitor] on_validation_epoch_start called for epoch 18
[DEBUG CollapseMonitor] reset_temporal_state() called on loss function
Epoch 18: val_loss=0.3858448565006256
Epoch 18: train_loss=0.48060178756713867

[CollapseMonitor] Epoch 18
  [DEBUG] Processed 3 batches, 20 horizon(s)
  Multi-horizon metrics (20 horizons):
    h1: std=0.0717, dir_acc=56.4%, pos=100%, unique=181, sharpe=38.52
    h2: std=0.0744, dir_acc=56.4%, pos=100%, unique=180, sharpe=28.70
    h3: std=0.0761, dir_acc=55.8%, pos=100%, unique=180, sharpe=25.52
    h4: std=0.0773, dir_acc=55.8%, pos=100%, unique=180, sharpe=24.49
    h5: std=0.0782, dir_acc=55.8%, pos=100%, unique=181, sharpe=24.15
    ... (15 more horizons)
  Aggregate: std_avg=0.0773, dir_acc_avg=57.0%, composite_avg=0.4477
  H1 detail: range=0.1985, mean=0.1739, dist_match=0.5635
  Collapse penalty: 0.000000 (threshold: 0.005000)
  Saved validation predictions to: experiments/06b_rolling/daily_3q_h20_drop025/fold_2022/collapse_monitoring/val_predictions_epoch18.npz
  Gradient norms:
    lstm_encoder: 0.000553
    lstm_decoder: 0.001634
    output_layer: 0.033782
  VSN output std:
    encoder: 0.206942
  Attention entropy: 2.684722
  Saved to: experiments/06b_rolling/daily_3q_h20_drop025/fold_2022/collapse_monitoring/collapse_monitor_latest.json
[DEBUG CollapseMonitor] on_validation_epoch_start called for epoch 19
[DEBUG CollapseMonitor] reset_temporal_state() called on loss function
Epoch 19: val_loss=0.386758953332901
Epoch 19: train_loss=0.48061463236808777

[CollapseMonitor] Epoch 19
  [DEBUG] Processed 3 batches, 20 horizon(s)
  Multi-horizon metrics (20 horizons):
    h1: std=0.0738, dir_acc=56.4%, pos=100%, unique=181, sharpe=36.71
    h2: std=0.0760, dir_acc=56.4%, pos=100%, unique=181, sharpe=27.70
    h3: std=0.0773, dir_acc=55.8%, pos=100%, unique=181, sharpe=24.75
    h4: std=0.0782, dir_acc=55.8%, pos=100%, unique=181, sharpe=23.79
    h5: std=0.0788, dir_acc=55.8%, pos=100%, unique=181, sharpe=23.48
    ... (15 more horizons)
  Aggregate: std_avg=0.0768, dir_acc_avg=57.0%, composite_avg=0.4477
  H1 detail: range=0.1980, mean=0.1707, dist_match=0.5635
  Collapse penalty: 0.000000 (threshold: 0.005000)
  Saved validation predictions to: experiments/06b_rolling/daily_3q_h20_drop025/fold_2022/collapse_monitoring/val_predictions_epoch19.npz
  Gradient norms:
    lstm_encoder: 0.000555
    lstm_decoder: 0.001727
    output_layer: 0.036321
  VSN output std:
    encoder: 0.197014
  Attention entropy: 2.667235
  Saved to: experiments/06b_rolling/daily_3q_h20_drop025/fold_2022/collapse_monitoring/collapse_monitor_latest.json
[DEBUG CollapseMonitor] on_validation_epoch_start called for epoch 20
[DEBUG CollapseMonitor] reset_temporal_state() called on loss function
Epoch 20: val_loss=0.38649678230285645
Epoch 20: train_loss=0.4784225821495056

[CollapseMonitor] Epoch 20
  [DEBUG] Processed 3 batches, 20 horizon(s)
  Multi-horizon metrics (20 horizons):
    h1: std=0.0756, dir_acc=56.4%, pos=100%, unique=181, sharpe=36.15
    h2: std=0.0769, dir_acc=56.4%, pos=100%, unique=181, sharpe=27.68
    h3: std=0.0777, dir_acc=55.8%, pos=100%, unique=181, sharpe=24.81
    h4: std=0.0780, dir_acc=55.8%, pos=100%, unique=180, sharpe=23.80
    h5: std=0.0781, dir_acc=55.8%, pos=100%, unique=181, sharpe=23.45
    ... (15 more horizons)
  Aggregate: std_avg=0.0740, dir_acc_avg=57.0%, composite_avg=0.4477
  H1 detail: range=0.1961, mean=0.1721, dist_match=0.5635
  Collapse penalty: 0.000000 (threshold: 0.005000)
  Saved validation predictions to: experiments/06b_rolling/daily_3q_h20_drop025/fold_2022/collapse_monitoring/val_predictions_epoch20.npz
  Gradient norms:
    lstm_encoder: 0.000564
    lstm_decoder: 0.001657
    output_layer: 0.033164
  VSN output std:
    encoder: 0.186060
  Attention entropy: 2.642506
  Saved to: experiments/06b_rolling/daily_3q_h20_drop025/fold_2022/collapse_monitoring/collapse_monitor_latest.json
[DEBUG CollapseMonitor] on_validation_epoch_start called for epoch 21
[DEBUG CollapseMonitor] reset_temporal_state() called on loss function
Epoch 21: val_loss=0.3889654874801636
Epoch 21: train_loss=0.4807114899158478

[CollapseMonitor] Epoch 21
  [DEBUG] Processed 3 batches, 20 horizon(s)
  Multi-horizon metrics (20 horizons):
    h1: std=0.0732, dir_acc=56.4%, pos=100%, unique=181, sharpe=36.41
    h2: std=0.0748, dir_acc=56.4%, pos=100%, unique=180, sharpe=27.72
    h3: std=0.0757, dir_acc=55.8%, pos=100%, unique=181, sharpe=24.76
    h4: std=0.0763, dir_acc=55.8%, pos=100%, unique=181, sharpe=23.69
    h5: std=0.0766, dir_acc=55.8%, pos=100%, unique=180, sharpe=23.27
    ... (15 more horizons)
  Aggregate: std_avg=0.0730, dir_acc_avg=57.0%, composite_avg=0.4477
  H1 detail: range=0.1901, mean=0.1678, dist_match=0.5635
  Collapse penalty: 0.000000 (threshold: 0.005000)
  Saved validation predictions to: experiments/06b_rolling/daily_3q_h20_drop025/fold_2022/collapse_monitoring/val_predictions_epoch21.npz
  Gradient norms:
    lstm_encoder: 0.000681
    lstm_decoder: 0.001630
    output_layer: 0.033119
  VSN output std:
    encoder: 0.184174
  Attention entropy: 2.615816
  Saved to: experiments/06b_rolling/daily_3q_h20_drop025/fold_2022/collapse_monitoring/collapse_monitor_latest.json
[DEBUG CollapseMonitor] on_validation_epoch_start called for epoch 22
[DEBUG CollapseMonitor] reset_temporal_state() called on loss function
Epoch 22: val_loss=0.38817182183265686
Epoch 22: train_loss=0.4792096018791199

[CollapseMonitor] Epoch 22
  [DEBUG] Processed 3 batches, 20 horizon(s)
  Multi-horizon metrics (20 horizons):
    h1: std=0.0751, dir_acc=56.4%, pos=100%, unique=181, sharpe=35.19
    h2: std=0.0761, dir_acc=56.4%, pos=100%, unique=181, sharpe=27.11
    h3: std=0.0765, dir_acc=55.8%, pos=100%, unique=181, sharpe=24.37
    h4: std=0.0766, dir_acc=55.8%, pos=100%, unique=181, sharpe=23.40
    h5: std=0.0764, dir_acc=55.8%, pos=100%, unique=181, sharpe=23.06
    ... (15 more horizons)
  Aggregate: std_avg=0.0716, dir_acc_avg=57.0%, composite_avg=0.4477
  H1 detail: range=0.1921, mean=0.1666, dist_match=0.5635
  Collapse penalty: 0.000000 (threshold: 0.005000)
  Saved validation predictions to: experiments/06b_rolling/daily_3q_h20_drop025/fold_2022/collapse_monitoring/val_predictions_epoch22.npz
  Gradient norms:
    lstm_encoder: 0.000622
    lstm_decoder: 0.001535
    output_layer: 0.031616
  VSN output std:
    encoder: 0.179238
  Attention entropy: 2.606209
  Saved to: experiments/06b_rolling/daily_3q_h20_drop025/fold_2022/collapse_monitoring/collapse_monitor_latest.json
[DEBUG CollapseMonitor] on_validation_epoch_start called for epoch 23
[DEBUG CollapseMonitor] reset_temporal_state() called on loss function
Epoch 23: val_loss=0.38846564292907715
Epoch 23: train_loss=0.4793967306613922

[CollapseMonitor] Epoch 23
  [DEBUG] Processed 3 batches, 20 horizon(s)
  Multi-horizon metrics (20 horizons):
    h1: std=0.0752, dir_acc=56.4%, pos=100%, unique=181, sharpe=34.71
    h2: std=0.0757, dir_acc=56.4%, pos=100%, unique=180, sharpe=26.92
    h3: std=0.0757, dir_acc=55.8%, pos=100%, unique=180, sharpe=24.30
    h4: std=0.0755, dir_acc=55.8%, pos=100%, unique=181, sharpe=23.39
    h5: std=0.0751, dir_acc=55.8%, pos=100%, unique=181, sharpe=23.09
    ... (15 more horizons)
  Aggregate: std_avg=0.0697, dir_acc_avg=57.0%, composite_avg=0.4477
  H1 detail: range=0.1911, mean=0.1644, dist_match=0.5635
  Collapse penalty: 0.000000 (threshold: 0.005000)
  Saved validation predictions to: experiments/06b_rolling/daily_3q_h20_drop025/fold_2022/collapse_monitoring/val_predictions_epoch23.npz
  Gradient norms:
    lstm_encoder: 0.000577
    lstm_decoder: 0.001486
    output_layer: 0.031294
  VSN output std:
    encoder: 0.176026
  Attention entropy: 2.599368
  Saved to: experiments/06b_rolling/daily_3q_h20_drop025/fold_2022/collapse_monitoring/collapse_monitor_latest.json
[DEBUG CollapseMonitor] on_validation_epoch_start called for epoch 24
[DEBUG CollapseMonitor] reset_temporal_state() called on loss function
Epoch 24: val_loss=0.38743409514427185
Epoch 24: train_loss=0.47659048438072205

[CollapseMonitor] Epoch 24
  [DEBUG] Processed 3 batches, 20 horizon(s)
  Multi-horizon metrics (20 horizons):
    h1: std=0.0757, dir_acc=56.4%, pos=100%, unique=181, sharpe=32.89
    h2: std=0.0754, dir_acc=56.4%, pos=100%, unique=180, sharpe=25.48
    h3: std=0.0747, dir_acc=55.8%, pos=100%, unique=181, sharpe=23.00
    h4: std=0.0740, dir_acc=55.8%, pos=100%, unique=181, sharpe=22.18
    h5: std=0.0731, dir_acc=55.8%, pos=100%, unique=181, sharpe=21.96
    ... (15 more horizons)
  Aggregate: std_avg=0.0666, dir_acc_avg=57.0%, composite_avg=0.4477
  H1 detail: range=0.1916, mean=0.1568, dist_match=0.5635
  Collapse penalty: 0.000000 (threshold: 0.005000)
  Saved validation predictions to: experiments/06b_rolling/daily_3q_h20_drop025/fold_2022/collapse_monitoring/val_predictions_epoch24.npz
  Gradient norms:
    lstm_encoder: 0.000641
    lstm_decoder: 0.001564
    output_layer: 0.035263
  VSN output std:
    encoder: 0.171465
  Attention entropy: 2.593793
  Saved to: experiments/06b_rolling/daily_3q_h20_drop025/fold_2022/collapse_monitoring/collapse_monitor_latest.json


======================================================================
Training complete
======================================================================

Best val_loss checkpoint: experiments/06b_rolling/daily_3q_h20_drop025/fold_2022/checkpoints/tft-epoch=epoch=09-valloss=val_loss=0.3757.ckpt
Best validation loss: 0.375655
Checkpoints saved:
  - Best val_loss: experiments/06b_rolling/daily_3q_h20_drop025/fold_2022/checkpoints/tft-epoch=epoch=09-valloss=val_loss=0.3757.ckpt
  - Best pred_std: experiments/06b_rolling/daily_3q_h20_drop025/fold_2022/checkpoints/tft-epoch=epoch=24-predstd=val_pred_std=0.0757.ckpt
  - Best unique: experiments/06b_rolling/daily_3q_h20_drop025/fold_2022/checkpoints/tft-epoch=epoch=00-unique=val_num_unique=181.ckpt
  - Best dir_acc: experiments/06b_rolling/daily_3q_h20_drop025/fold_2022/checkpoints/tft-epoch=epoch=05-diracc=val_dir_acc=0.5635.ckpt
  - Best sharpe: experiments/06b_rolling/daily_3q_h20_drop025/fold_2022/checkpoints/tft-epoch=epoch=06-sharpe=val_sharpe=296.6498.ckpt
  - Best composite: experiments/06b_rolling/daily_3q_h20_drop025/fold_2022/checkpoints/tft-epoch=epoch=04-composite=val_composite=0.4594.ckpt
Completed at: 2025-12-14 20:18:58
Log saved to: experiments/06b_rolling/daily_3q_h20_drop025/fold_2022/training_20251214_201527.log
======================================================================
