
[INFO] Using AUTO device selection.

[INFO] Patched matplotlib.Axes.errorbar to abs() negative yerr for robustness.
======================================================================
Training TFT: wf_monthly_weekly_enc12/fold_202211
======================================================================
Logging to: experiments/wf_monthly_weekly_enc12/fold_202211/training_20251203_042006.log
Started at: 2025-12-03 04:20:06
======================================================================
Configuration saved to: experiments/wf_monthly_weekly_enc12/fold_202211/config.json

Loading data splits...
Train: 1647 samples
Val: 13 samples
Test: 16 samples

Preparing TimeSeriesDataSet...

Dropping source columns (used for staleness only): ['CPI']

Final features for TFT: ['SP500_Returns', 'VIX', 'Treasury_10Y', 'Yield_Spread', 'Inflation_YoY']

======================================================================
FEATURE STATISTICS - BEFORE NORMALIZATION
======================================================================
VIX                             mean= 19.4812  std=  7.9509  min=  9.3400  max= 74.6180
Treasury_10Y                    mean=  4.1291  std=  1.9121  min=  0.5500  max=  8.3400
Yield_Spread                    mean=  1.1542  std=  0.8666  min= -0.5200  max=  2.9100
Inflation_YoY                   mean=  2.5195  std=  1.4624  min= -2.1498  max=  9.2350

======================================================================
FEATURES AFTER GROUPNORMALIZER (first batch, last timestep)
======================================================================
VIX                             normalized_value=  1.0000
Treasury_10Y                    normalized_value= -0.0833
Yield_Spread                    normalized_value=  1.7426
Inflation_YoY                   normalized_value= -1.1295
======================================================================

[DEBUG] VIX train values: [31.318 31.68  23.47  21.908 22.596]
[DEBUG] VIX val values: [22.262 20.506 19.94  23.614 25.864]
Batches per epoch: 102
[DEBUG] Validation batches: 1
[DEBUG] Validation dataset size: 1
[DEBUG] Batch size: 16

Initializing model...

Using standard QuantileLoss (no penalties)

[REGIME OUTPUT] Disabled (using baseline output layer)

================================================================================
BASELINE MODEL FEATURE CONFIGURATION (after from_dataset)
================================================================================
tft.hparams.time_varying_reals_encoder: ['relative_time_idx', 'VIX', 'Treasury_10Y', 'Yield_Spread', 'Inflation_YoY']
  Count: 5

tft.hparams.time_varying_reals_decoder: ['relative_time_idx']
  Count: 1

tft.hparams.x_reals (all reals passed to model): ['encoder_length', 'relative_time_idx', 'VIX', 'Treasury_10Y', 'Yield_Spread', 'Inflation_YoY']
  Count: 6

Encoder VSN configuration:
  num_inputs: 5
  input_sizes: {'relative_time_idx': 16, 'VIX': 16, 'Treasury_10Y': 16, 'Yield_Spread': 16, 'Inflation_YoY': 16}
  flattened_grn.fc1: in_features=80, out_features=5
  -> Params in fc1: 400 (should be 5*16*5=400 if 5 features)
================================================================================

Model parameters: 22,615

Starting training...
Checkpoints will be saved to: experiments/wf_monthly_weekly_enc12/fold_202211/checkpoints/
Logs will be saved to: experiments/wf_monthly_weekly_enc12/fold_202211/logs/

[DEBUG CollapseMonitor] on_validation_epoch_start called for epoch 0
[DEBUG CollapseMonitor] reset_temporal_state() called on loss function
Epoch 0: val_loss=N/A
[DEBUG CollapseMonitor] on_validation_epoch_start called for epoch 0
[DEBUG CollapseMonitor] reset_temporal_state() called on loss function
Epoch 0: val_loss=3.4462156295776367
Epoch 0: train_loss=1.426943063735962

[CollapseMonitor] Epoch 0
  [DEBUG] Processed 1 batches from val_dataloader
  [DEBUG] Predictions shape after concat: (1,)
  [DEBUG] All predictions list length: 1
  [DEBUG] First batch shape: (1,)
  Pred std: 0.000000, range: 0.000000, mean: 0.243808
  Pos: 100.0%, Neg: 0.0%, Unique: 1
  Dir Acc: 100.00%, Pred Sharpe: 0.0000
  Composite: 1.0000 (dist_match: 1.0000, actual_pos: 100.0%, pred_pos: 100.0%)
  Collapse penalty: 0.000000 (threshold: 0.005000)
  Saved validation predictions to: experiments/wf_monthly_weekly_enc12/fold_202211/collapse_monitoring/val_predictions_epoch0.npy
  Gradient norms:
    lstm_encoder: 0.023051
    lstm_decoder: 0.029421
    output_layer: 1.348012
  VSN output std:
    encoder: 0.166954
  Attention entropy: 2.480286
  Saved to: experiments/wf_monthly_weekly_enc12/fold_202211/collapse_monitoring/collapse_monitor_latest.json
[DEBUG CollapseMonitor] on_validation_epoch_start called for epoch 1
[DEBUG CollapseMonitor] reset_temporal_state() called on loss function
Epoch 1: val_loss=3.1685619354248047
Epoch 1: train_loss=1.2147436141967773

[CollapseMonitor] Epoch 1
  [DEBUG] Processed 1 batches from val_dataloader
  [DEBUG] Predictions shape after concat: (1,)
  [DEBUG] All predictions list length: 1
  [DEBUG] First batch shape: (1,)
  Pred std: 0.000000, range: 0.000000, mean: 0.120430
  Pos: 100.0%, Neg: 0.0%, Unique: 1
  Dir Acc: 100.00%, Pred Sharpe: 0.0000
  Composite: 1.0000 (dist_match: 1.0000, actual_pos: 100.0%, pred_pos: 100.0%)
  Collapse penalty: 0.000000 (threshold: 0.005000)
  Saved validation predictions to: experiments/wf_monthly_weekly_enc12/fold_202211/collapse_monitoring/val_predictions_epoch1.npy
  Gradient norms:
    lstm_encoder: 0.019479
    lstm_decoder: 0.021102
    output_layer: 1.020204
  VSN output std:
    encoder: 0.163202
  Attention entropy: 2.467266
  Saved to: experiments/wf_monthly_weekly_enc12/fold_202211/collapse_monitoring/collapse_monitor_latest.json
[DEBUG CollapseMonitor] on_validation_epoch_start called for epoch 2
[DEBUG CollapseMonitor] reset_temporal_state() called on loss function
Epoch 2: val_loss=2.8037021160125732
Epoch 2: train_loss=1.0548628568649292

[CollapseMonitor] Epoch 2
  [DEBUG] Processed 1 batches from val_dataloader
  [DEBUG] Predictions shape after concat: (1,)
  [DEBUG] All predictions list length: 1
  [DEBUG] First batch shape: (1,)
  Pred std: 0.000000, range: 0.000000, mean: 0.172611
  Pos: 100.0%, Neg: 0.0%, Unique: 1
  Dir Acc: 100.00%, Pred Sharpe: 0.0000
  Composite: 1.0000 (dist_match: 1.0000, actual_pos: 100.0%, pred_pos: 100.0%)
  Collapse penalty: 0.000000 (threshold: 0.005000)
  Saved validation predictions to: experiments/wf_monthly_weekly_enc12/fold_202211/collapse_monitoring/val_predictions_epoch2.npy
  Gradient norms:
    lstm_encoder: 0.014650
    lstm_decoder: 0.014094
    output_layer: 0.631271
  VSN output std:
    encoder: 0.162314
  Attention entropy: 2.466931
  Saved to: experiments/wf_monthly_weekly_enc12/fold_202211/collapse_monitoring/collapse_monitor_latest.json
[DEBUG CollapseMonitor] on_validation_epoch_start called for epoch 3
[DEBUG CollapseMonitor] reset_temporal_state() called on loss function
Epoch 3: val_loss=2.4830737113952637
Epoch 3: train_loss=0.9885371923446655

[CollapseMonitor] Epoch 3
  [DEBUG] Processed 1 batches from val_dataloader
  [DEBUG] Predictions shape after concat: (1,)
  [DEBUG] All predictions list length: 1
  [DEBUG] First batch shape: (1,)
  Pred std: 0.000000, range: 0.000000, mean: 0.092507
  Pos: 100.0%, Neg: 0.0%, Unique: 1
  Dir Acc: 100.00%, Pred Sharpe: 0.0000
  Composite: 1.0000 (dist_match: 1.0000, actual_pos: 100.0%, pred_pos: 100.0%)
  Collapse penalty: 0.000000 (threshold: 0.005000)
  Saved validation predictions to: experiments/wf_monthly_weekly_enc12/fold_202211/collapse_monitoring/val_predictions_epoch3.npy
  Gradient norms:
    lstm_encoder: 0.011735
    lstm_decoder: 0.011196
    output_layer: 0.457971
  VSN output std:
    encoder: 0.161655
  Attention entropy: 2.465258
  Saved to: experiments/wf_monthly_weekly_enc12/fold_202211/collapse_monitoring/collapse_monitor_latest.json
[DEBUG CollapseMonitor] on_validation_epoch_start called for epoch 4
[DEBUG CollapseMonitor] reset_temporal_state() called on loss function
Epoch 4: val_loss=2.281670331954956
Epoch 4: train_loss=0.9673426151275635

[CollapseMonitor] Epoch 4
  [DEBUG] Processed 1 batches from val_dataloader
  [DEBUG] Predictions shape after concat: (1,)
  [DEBUG] All predictions list length: 1
  [DEBUG] First batch shape: (1,)
  Pred std: 0.000000, range: 0.000000, mean: 0.252323
  Pos: 100.0%, Neg: 0.0%, Unique: 1
  Dir Acc: 100.00%, Pred Sharpe: 0.0000
  Composite: 1.0000 (dist_match: 1.0000, actual_pos: 100.0%, pred_pos: 100.0%)
  Collapse penalty: 0.000000 (threshold: 0.005000)
  Saved validation predictions to: experiments/wf_monthly_weekly_enc12/fold_202211/collapse_monitoring/val_predictions_epoch4.npy
  Gradient norms:
    lstm_encoder: 0.011740
    lstm_decoder: 0.010931
    output_layer: 0.411811
  VSN output std:
    encoder: 0.160121
  Attention entropy: 2.468735
  Saved to: experiments/wf_monthly_weekly_enc12/fold_202211/collapse_monitoring/collapse_monitor_latest.json
[DEBUG CollapseMonitor] on_validation_epoch_start called for epoch 5
[DEBUG CollapseMonitor] reset_temporal_state() called on loss function
Epoch 5: val_loss=2.1850690841674805
Epoch 5: train_loss=0.9573356509208679

[CollapseMonitor] Epoch 5
  [DEBUG] Processed 1 batches from val_dataloader
  [DEBUG] Predictions shape after concat: (1,)
  [DEBUG] All predictions list length: 1
  [DEBUG] First batch shape: (1,)
  Pred std: 0.000000, range: 0.000000, mean: 0.145718
  Pos: 100.0%, Neg: 0.0%, Unique: 1
  Dir Acc: 100.00%, Pred Sharpe: 0.0000
  Composite: 1.0000 (dist_match: 1.0000, actual_pos: 100.0%, pred_pos: 100.0%)
  Collapse penalty: 0.000000 (threshold: 0.005000)
  Saved validation predictions to: experiments/wf_monthly_weekly_enc12/fold_202211/collapse_monitoring/val_predictions_epoch5.npy
  Gradient norms:
    lstm_encoder: 0.011779
    lstm_decoder: 0.011254
    output_layer: 0.414497
  VSN output std:
    encoder: 0.158548
  Attention entropy: 2.462826
  Saved to: experiments/wf_monthly_weekly_enc12/fold_202211/collapse_monitoring/collapse_monitor_latest.json
[DEBUG CollapseMonitor] on_validation_epoch_start called for epoch 6
[DEBUG CollapseMonitor] reset_temporal_state() called on loss function
Epoch 6: val_loss=2.094491720199585
Epoch 6: train_loss=0.9499313235282898

[CollapseMonitor] Epoch 6
  [DEBUG] Processed 1 batches from val_dataloader
  [DEBUG] Predictions shape after concat: (1,)
  [DEBUG] All predictions list length: 1
  [DEBUG] First batch shape: (1,)
  Pred std: 0.000000, range: 0.000000, mean: 0.185663
  Pos: 100.0%, Neg: 0.0%, Unique: 1
  Dir Acc: 100.00%, Pred Sharpe: 0.0000
  Composite: 1.0000 (dist_match: 1.0000, actual_pos: 100.0%, pred_pos: 100.0%)
  Collapse penalty: 0.000000 (threshold: 0.005000)
  Saved validation predictions to: experiments/wf_monthly_weekly_enc12/fold_202211/collapse_monitoring/val_predictions_epoch6.npy
  Gradient norms:
    lstm_encoder: 0.011404
    lstm_decoder: 0.010595
    output_layer: 0.396608
  VSN output std:
    encoder: 0.157720
  Attention entropy: 2.444806
  Saved to: experiments/wf_monthly_weekly_enc12/fold_202211/collapse_monitoring/collapse_monitor_latest.json
[DEBUG CollapseMonitor] on_validation_epoch_start called for epoch 7
[DEBUG CollapseMonitor] reset_temporal_state() called on loss function
Epoch 7: val_loss=2.030170440673828
Epoch 7: train_loss=0.9476694464683533

[CollapseMonitor] Epoch 7
  [DEBUG] Processed 1 batches from val_dataloader
  [DEBUG] Predictions shape after concat: (1,)
  [DEBUG] All predictions list length: 1
  [DEBUG] First batch shape: (1,)
  Pred std: 0.000000, range: 0.000000, mean: 0.236638
  Pos: 100.0%, Neg: 0.0%, Unique: 1
  Dir Acc: 100.00%, Pred Sharpe: 0.0000
  Composite: 1.0000 (dist_match: 1.0000, actual_pos: 100.0%, pred_pos: 100.0%)
  Collapse penalty: 0.000000 (threshold: 0.005000)
  Saved validation predictions to: experiments/wf_monthly_weekly_enc12/fold_202211/collapse_monitoring/val_predictions_epoch7.npy
  Gradient norms:
    lstm_encoder: 0.011317
    lstm_decoder: 0.009956
    output_layer: 0.366015
  VSN output std:
    encoder: 0.156781
  Attention entropy: 2.430449
  Saved to: experiments/wf_monthly_weekly_enc12/fold_202211/collapse_monitoring/collapse_monitor_latest.json
[DEBUG CollapseMonitor] on_validation_epoch_start called for epoch 8
[DEBUG CollapseMonitor] reset_temporal_state() called on loss function
Epoch 8: val_loss=1.9813909530639648
Epoch 8: train_loss=0.9446277022361755

[CollapseMonitor] Epoch 8
  [DEBUG] Processed 1 batches from val_dataloader
  [DEBUG] Predictions shape after concat: (1,)
  [DEBUG] All predictions list length: 1
  [DEBUG] First batch shape: (1,)
  Pred std: 0.000000, range: 0.000000, mean: 0.187522
  Pos: 100.0%, Neg: 0.0%, Unique: 1
  Dir Acc: 100.00%, Pred Sharpe: 0.0000
  Composite: 1.0000 (dist_match: 1.0000, actual_pos: 100.0%, pred_pos: 100.0%)
  Collapse penalty: 0.000000 (threshold: 0.005000)
  Saved validation predictions to: experiments/wf_monthly_weekly_enc12/fold_202211/collapse_monitoring/val_predictions_epoch8.npy
  Gradient norms:
    lstm_encoder: 0.012991
    lstm_decoder: 0.010665
    output_layer: 0.377812
  VSN output std:
    encoder: 0.162168
  Attention entropy: 2.410347
  Saved to: experiments/wf_monthly_weekly_enc12/fold_202211/collapse_monitoring/collapse_monitor_latest.json
[DEBUG CollapseMonitor] on_validation_epoch_start called for epoch 9
[DEBUG CollapseMonitor] reset_temporal_state() called on loss function
Epoch 9: val_loss=1.9677839279174805
Epoch 9: train_loss=0.9438928365707397

[CollapseMonitor] Epoch 9
  [DEBUG] Processed 1 batches from val_dataloader
  [DEBUG] Predictions shape after concat: (1,)
  [DEBUG] All predictions list length: 1
  [DEBUG] First batch shape: (1,)
  Pred std: 0.000000, range: 0.000000, mean: 0.279588
  Pos: 100.0%, Neg: 0.0%, Unique: 1
  Dir Acc: 100.00%, Pred Sharpe: 0.0000
  Composite: 1.0000 (dist_match: 1.0000, actual_pos: 100.0%, pred_pos: 100.0%)
  Collapse penalty: 0.000000 (threshold: 0.005000)
  Saved validation predictions to: experiments/wf_monthly_weekly_enc12/fold_202211/collapse_monitoring/val_predictions_epoch9.npy
  Gradient norms:
    lstm_encoder: 0.013815
    lstm_decoder: 0.010816
    output_layer: 0.384006
  VSN output std:
    encoder: 0.178077
  Attention entropy: 2.389828
  Saved to: experiments/wf_monthly_weekly_enc12/fold_202211/collapse_monitoring/collapse_monitor_latest.json
[DEBUG CollapseMonitor] on_validation_epoch_start called for epoch 10
[DEBUG CollapseMonitor] reset_temporal_state() called on loss function
Epoch 10: val_loss=1.9193378686904907
Epoch 10: train_loss=0.9321207404136658

[CollapseMonitor] Epoch 10
  [DEBUG] Processed 1 batches from val_dataloader
  [DEBUG] Predictions shape after concat: (1,)
  [DEBUG] All predictions list length: 1
  [DEBUG] First batch shape: (1,)
  Pred std: 0.000000, range: 0.000000, mean: 0.234552
  Pos: 100.0%, Neg: 0.0%, Unique: 1
  Dir Acc: 100.00%, Pred Sharpe: 0.0000
  Composite: 1.0000 (dist_match: 1.0000, actual_pos: 100.0%, pred_pos: 100.0%)
  Collapse penalty: 0.000000 (threshold: 0.005000)
  Saved validation predictions to: experiments/wf_monthly_weekly_enc12/fold_202211/collapse_monitoring/val_predictions_epoch10.npy
  Gradient norms:
    lstm_encoder: 0.014482
    lstm_decoder: 0.011144
    output_layer: 0.385338
  VSN output std:
    encoder: 0.215044
  Attention entropy: 2.376577
  Saved to: experiments/wf_monthly_weekly_enc12/fold_202211/collapse_monitoring/collapse_monitor_latest.json
[DEBUG CollapseMonitor] on_validation_epoch_start called for epoch 11
[DEBUG CollapseMonitor] reset_temporal_state() called on loss function
Epoch 11: val_loss=1.9208991527557373
Epoch 11: train_loss=0.933384895324707

[CollapseMonitor] Epoch 11
  [DEBUG] Processed 1 batches from val_dataloader
  [DEBUG] Predictions shape after concat: (1,)
  [DEBUG] All predictions list length: 1
  [DEBUG] First batch shape: (1,)
  Pred std: 0.000000, range: 0.000000, mean: 0.257445
  Pos: 100.0%, Neg: 0.0%, Unique: 1
  Dir Acc: 100.00%, Pred Sharpe: 0.0000
  Composite: 1.0000 (dist_match: 1.0000, actual_pos: 100.0%, pred_pos: 100.0%)
  Collapse penalty: 0.000000 (threshold: 0.005000)
  Saved validation predictions to: experiments/wf_monthly_weekly_enc12/fold_202211/collapse_monitoring/val_predictions_epoch11.npy
  Gradient norms:
    lstm_encoder: 0.015999
    lstm_decoder: 0.011415
    output_layer: 0.383410
  VSN output std:
    encoder: 0.249601
  Attention entropy: 2.397887
  Saved to: experiments/wf_monthly_weekly_enc12/fold_202211/collapse_monitoring/collapse_monitor_latest.json
[DEBUG CollapseMonitor] on_validation_epoch_start called for epoch 12
[DEBUG CollapseMonitor] reset_temporal_state() called on loss function
Epoch 12: val_loss=1.8259589672088623
Epoch 12: train_loss=0.9270764589309692

[CollapseMonitor] Epoch 12
  [DEBUG] Processed 1 batches from val_dataloader
  [DEBUG] Predictions shape after concat: (1,)
  [DEBUG] All predictions list length: 1
  [DEBUG] First batch shape: (1,)
  Pred std: 0.000000, range: 0.000000, mean: 0.390366
  Pos: 100.0%, Neg: 0.0%, Unique: 1
  Dir Acc: 100.00%, Pred Sharpe: 0.0000
  Composite: 1.0000 (dist_match: 1.0000, actual_pos: 100.0%, pred_pos: 100.0%)
  Collapse penalty: 0.000000 (threshold: 0.005000)
  Saved validation predictions to: experiments/wf_monthly_weekly_enc12/fold_202211/collapse_monitoring/val_predictions_epoch12.npy
  Gradient norms:
    lstm_encoder: 0.018612
    lstm_decoder: 0.011944
    output_layer: 0.362484
  VSN output std:
    encoder: 0.267776
  Attention entropy: 2.390111
  Saved to: experiments/wf_monthly_weekly_enc12/fold_202211/collapse_monitoring/collapse_monitor_latest.json
[DEBUG CollapseMonitor] on_validation_epoch_start called for epoch 13
[DEBUG CollapseMonitor] reset_temporal_state() called on loss function
Epoch 13: val_loss=1.7874188423156738
Epoch 13: train_loss=0.9270445108413696

[CollapseMonitor] Epoch 13
  [DEBUG] Processed 1 batches from val_dataloader
  [DEBUG] Predictions shape after concat: (1,)
  [DEBUG] All predictions list length: 1
  [DEBUG] First batch shape: (1,)
  Pred std: 0.000000, range: 0.000000, mean: 0.349901
  Pos: 100.0%, Neg: 0.0%, Unique: 1
  Dir Acc: 100.00%, Pred Sharpe: 0.0000
  Composite: 1.0000 (dist_match: 1.0000, actual_pos: 100.0%, pred_pos: 100.0%)
  Collapse penalty: 0.000000 (threshold: 0.005000)
  Saved validation predictions to: experiments/wf_monthly_weekly_enc12/fold_202211/collapse_monitoring/val_predictions_epoch13.npy
  Gradient norms:
    lstm_encoder: 0.019350
    lstm_decoder: 0.012752
    output_layer: 0.385623
  VSN output std:
    encoder: 0.279296
  Attention entropy: 2.392725
  Saved to: experiments/wf_monthly_weekly_enc12/fold_202211/collapse_monitoring/collapse_monitor_latest.json
[DEBUG CollapseMonitor] on_validation_epoch_start called for epoch 14
[DEBUG CollapseMonitor] reset_temporal_state() called on loss function
Epoch 14: val_loss=1.7288382053375244
Epoch 14: train_loss=0.920394241809845

[CollapseMonitor] Epoch 14
  [DEBUG] Processed 1 batches from val_dataloader
  [DEBUG] Predictions shape after concat: (1,)
  [DEBUG] All predictions list length: 1
  [DEBUG] First batch shape: (1,)
  Pred std: 0.000000, range: 0.000000, mean: 0.327796
  Pos: 100.0%, Neg: 0.0%, Unique: 1
  Dir Acc: 100.00%, Pred Sharpe: 0.0000
  Composite: 1.0000 (dist_match: 1.0000, actual_pos: 100.0%, pred_pos: 100.0%)
  Collapse penalty: 0.000000 (threshold: 0.005000)
  Saved validation predictions to: experiments/wf_monthly_weekly_enc12/fold_202211/collapse_monitoring/val_predictions_epoch14.npy
  Gradient norms:
    lstm_encoder: 0.020854
    lstm_decoder: 0.013264
    output_layer: 0.388985
  VSN output std:
    encoder: 0.279682
  Attention entropy: 2.372698
  Saved to: experiments/wf_monthly_weekly_enc12/fold_202211/collapse_monitoring/collapse_monitor_latest.json
[DEBUG CollapseMonitor] on_validation_epoch_start called for epoch 15
[DEBUG CollapseMonitor] reset_temporal_state() called on loss function
Epoch 15: val_loss=1.7089351415634155
Epoch 15: train_loss=0.9185482859611511

[CollapseMonitor] Epoch 15
  [DEBUG] Processed 1 batches from val_dataloader
  [DEBUG] Predictions shape after concat: (1,)
  [DEBUG] All predictions list length: 1
  [DEBUG] First batch shape: (1,)
  Pred std: 0.000000, range: 0.000000, mean: 0.341137
  Pos: 100.0%, Neg: 0.0%, Unique: 1
  Dir Acc: 100.00%, Pred Sharpe: 0.0000
  Composite: 1.0000 (dist_match: 1.0000, actual_pos: 100.0%, pred_pos: 100.0%)
  Collapse penalty: 0.000000 (threshold: 0.005000)
  Saved validation predictions to: experiments/wf_monthly_weekly_enc12/fold_202211/collapse_monitoring/val_predictions_epoch15.npy
  Gradient norms:
    lstm_encoder: 0.020433
    lstm_decoder: 0.013391
    output_layer: 0.374908
  VSN output std:
    encoder: 0.281428
  Attention entropy: 2.374622
  Saved to: experiments/wf_monthly_weekly_enc12/fold_202211/collapse_monitoring/collapse_monitor_latest.json
[DEBUG CollapseMonitor] on_validation_epoch_start called for epoch 16
[DEBUG CollapseMonitor] reset_temporal_state() called on loss function
Epoch 16: val_loss=1.6655189990997314
Epoch 16: train_loss=0.9144205451011658

[CollapseMonitor] Epoch 16
  [DEBUG] Processed 1 batches from val_dataloader
  [DEBUG] Predictions shape after concat: (1,)
  [DEBUG] All predictions list length: 1
  [DEBUG] First batch shape: (1,)
  Pred std: 0.000000, range: 0.000000, mean: 0.182791
  Pos: 100.0%, Neg: 0.0%, Unique: 1
  Dir Acc: 100.00%, Pred Sharpe: 0.0000
  Composite: 1.0000 (dist_match: 1.0000, actual_pos: 100.0%, pred_pos: 100.0%)
  Collapse penalty: 0.000000 (threshold: 0.005000)
  Saved validation predictions to: experiments/wf_monthly_weekly_enc12/fold_202211/collapse_monitoring/val_predictions_epoch16.npy
  Gradient norms:
    lstm_encoder: 0.021448
    lstm_decoder: 0.014018
    output_layer: 0.378592
  VSN output std:
    encoder: 0.281139
  Attention entropy: 2.362148
  Saved to: experiments/wf_monthly_weekly_enc12/fold_202211/collapse_monitoring/collapse_monitor_latest.json
[DEBUG CollapseMonitor] on_validation_epoch_start called for epoch 17
[DEBUG CollapseMonitor] reset_temporal_state() called on loss function
Epoch 17: val_loss=1.6368767023086548
Epoch 17: train_loss=0.913318395614624

[CollapseMonitor] Epoch 17
  [DEBUG] Processed 1 batches from val_dataloader
  [DEBUG] Predictions shape after concat: (1,)
  [DEBUG] All predictions list length: 1
  [DEBUG] First batch shape: (1,)
  Pred std: 0.000000, range: 0.000000, mean: 0.203412
  Pos: 100.0%, Neg: 0.0%, Unique: 1
  Dir Acc: 100.00%, Pred Sharpe: 0.0000
  Composite: 1.0000 (dist_match: 1.0000, actual_pos: 100.0%, pred_pos: 100.0%)
  Collapse penalty: 0.000000 (threshold: 0.005000)
  Saved validation predictions to: experiments/wf_monthly_weekly_enc12/fold_202211/collapse_monitoring/val_predictions_epoch17.npy
  Gradient norms:
    lstm_encoder: 0.021134
    lstm_decoder: 0.013772
    output_layer: 0.383208
  VSN output std:
    encoder: 0.282391
  Attention entropy: 2.379779
  Saved to: experiments/wf_monthly_weekly_enc12/fold_202211/collapse_monitoring/collapse_monitor_latest.json
[DEBUG CollapseMonitor] on_validation_epoch_start called for epoch 18
[DEBUG CollapseMonitor] reset_temporal_state() called on loss function
Epoch 18: val_loss=1.5858392715454102
Epoch 18: train_loss=0.9113020300865173

[CollapseMonitor] Epoch 18
  [DEBUG] Processed 1 batches from val_dataloader
  [DEBUG] Predictions shape after concat: (1,)
  [DEBUG] All predictions list length: 1
  [DEBUG] First batch shape: (1,)
  Pred std: 0.000000, range: 0.000000, mean: 0.236376
  Pos: 100.0%, Neg: 0.0%, Unique: 1
  Dir Acc: 100.00%, Pred Sharpe: 0.0000
  Composite: 1.0000 (dist_match: 1.0000, actual_pos: 100.0%, pred_pos: 100.0%)
  Collapse penalty: 0.000000 (threshold: 0.005000)
  Saved validation predictions to: experiments/wf_monthly_weekly_enc12/fold_202211/collapse_monitoring/val_predictions_epoch18.npy
  Gradient norms:
    lstm_encoder: 0.023099
    lstm_decoder: 0.014638
    output_layer: 0.395828
  VSN output std:
    encoder: 0.282481
  Attention entropy: 2.363753
  Saved to: experiments/wf_monthly_weekly_enc12/fold_202211/collapse_monitoring/collapse_monitor_latest.json
[DEBUG CollapseMonitor] on_validation_epoch_start called for epoch 19
[DEBUG CollapseMonitor] reset_temporal_state() called on loss function
Epoch 19: val_loss=1.578061580657959
Epoch 19: train_loss=0.9104922413825989

[CollapseMonitor] Epoch 19
  [DEBUG] Processed 1 batches from val_dataloader
  [DEBUG] Predictions shape after concat: (1,)
  [DEBUG] All predictions list length: 1
  [DEBUG] First batch shape: (1,)
  Pred std: 0.000000, range: 0.000000, mean: 0.262466
  Pos: 100.0%, Neg: 0.0%, Unique: 1
  Dir Acc: 100.00%, Pred Sharpe: 0.0000
  Composite: 1.0000 (dist_match: 1.0000, actual_pos: 100.0%, pred_pos: 100.0%)
  Collapse penalty: 0.000000 (threshold: 0.005000)
  Saved validation predictions to: experiments/wf_monthly_weekly_enc12/fold_202211/collapse_monitoring/val_predictions_epoch19.npy
  Gradient norms:
    lstm_encoder: 0.023034
    lstm_decoder: 0.014383
    output_layer: 0.375757
  VSN output std:
    encoder: 0.281946
  Attention entropy: 2.335538
  Saved to: experiments/wf_monthly_weekly_enc12/fold_202211/collapse_monitoring/collapse_monitor_latest.json
[DEBUG CollapseMonitor] on_validation_epoch_start called for epoch 20
[DEBUG CollapseMonitor] reset_temporal_state() called on loss function
Epoch 20: val_loss=1.579472303390503
Epoch 20: train_loss=0.9077527523040771

[CollapseMonitor] Epoch 20
  [DEBUG] Processed 1 batches from val_dataloader
  [DEBUG] Predictions shape after concat: (1,)
  [DEBUG] All predictions list length: 1
  [DEBUG] First batch shape: (1,)
  Pred std: 0.000000, range: 0.000000, mean: 0.309444
  Pos: 100.0%, Neg: 0.0%, Unique: 1
  Dir Acc: 100.00%, Pred Sharpe: 0.0000
  Composite: 1.0000 (dist_match: 1.0000, actual_pos: 100.0%, pred_pos: 100.0%)
  Collapse penalty: 0.000000 (threshold: 0.005000)
  Saved validation predictions to: experiments/wf_monthly_weekly_enc12/fold_202211/collapse_monitoring/val_predictions_epoch20.npy
  Gradient norms:
    lstm_encoder: 0.023859
    lstm_decoder: 0.014685
    output_layer: 0.387671
  VSN output std:
    encoder: 0.282361
  Attention entropy: 2.324257
  Saved to: experiments/wf_monthly_weekly_enc12/fold_202211/collapse_monitoring/collapse_monitor_latest.json
[DEBUG CollapseMonitor] on_validation_epoch_start called for epoch 21
[DEBUG CollapseMonitor] reset_temporal_state() called on loss function
Epoch 21: val_loss=1.5647108554840088
Epoch 21: train_loss=0.9071503281593323

[CollapseMonitor] Epoch 21
  [DEBUG] Processed 1 batches from val_dataloader
  [DEBUG] Predictions shape after concat: (1,)
  [DEBUG] All predictions list length: 1
  [DEBUG] First batch shape: (1,)
  Pred std: 0.000000, range: 0.000000, mean: 0.314424
  Pos: 100.0%, Neg: 0.0%, Unique: 1
  Dir Acc: 100.00%, Pred Sharpe: 0.0000
  Composite: 1.0000 (dist_match: 1.0000, actual_pos: 100.0%, pred_pos: 100.0%)
  Collapse penalty: 0.000000 (threshold: 0.005000)
  Saved validation predictions to: experiments/wf_monthly_weekly_enc12/fold_202211/collapse_monitoring/val_predictions_epoch21.npy
  Gradient norms:
    lstm_encoder: 0.023939
    lstm_decoder: 0.014945
    output_layer: 0.391808
  VSN output std:
    encoder: 0.283288
  Attention entropy: 2.298077
  Saved to: experiments/wf_monthly_weekly_enc12/fold_202211/collapse_monitoring/collapse_monitor_latest.json
[DEBUG CollapseMonitor] on_validation_epoch_start called for epoch 22
[DEBUG CollapseMonitor] reset_temporal_state() called on loss function
Epoch 22: val_loss=1.5618367195129395
Epoch 22: train_loss=0.9033467769622803

[CollapseMonitor] Epoch 22
  [DEBUG] Processed 1 batches from val_dataloader
  [DEBUG] Predictions shape after concat: (1,)
  [DEBUG] All predictions list length: 1
  [DEBUG] First batch shape: (1,)
  Pred std: 0.000000, range: 0.000000, mean: 0.367721
  Pos: 100.0%, Neg: 0.0%, Unique: 1
  Dir Acc: 100.00%, Pred Sharpe: 0.0000
  Composite: 1.0000 (dist_match: 1.0000, actual_pos: 100.0%, pred_pos: 100.0%)
  Collapse penalty: 0.000000 (threshold: 0.005000)
  Saved validation predictions to: experiments/wf_monthly_weekly_enc12/fold_202211/collapse_monitoring/val_predictions_epoch22.npy
  Gradient norms:
    lstm_encoder: 0.023980
    lstm_decoder: 0.014925
    output_layer: 0.383527
  VSN output std:
    encoder: 0.283551
  Attention entropy: 2.279131
  Saved to: experiments/wf_monthly_weekly_enc12/fold_202211/collapse_monitoring/collapse_monitor_latest.json
[DEBUG CollapseMonitor] on_validation_epoch_start called for epoch 23
[DEBUG CollapseMonitor] reset_temporal_state() called on loss function
Epoch 23: val_loss=1.5985188484191895
Epoch 23: train_loss=0.9065091013908386

[CollapseMonitor] Epoch 23
  [DEBUG] Processed 1 batches from val_dataloader
  [DEBUG] Predictions shape after concat: (1,)
  [DEBUG] All predictions list length: 1
  [DEBUG] First batch shape: (1,)
  Pred std: 0.000000, range: 0.000000, mean: 0.219904
  Pos: 100.0%, Neg: 0.0%, Unique: 1
  Dir Acc: 100.00%, Pred Sharpe: 0.0000
  Composite: 1.0000 (dist_match: 1.0000, actual_pos: 100.0%, pred_pos: 100.0%)
  Collapse penalty: 0.000000 (threshold: 0.005000)
  Saved validation predictions to: experiments/wf_monthly_weekly_enc12/fold_202211/collapse_monitoring/val_predictions_epoch23.npy
  Gradient norms:
    lstm_encoder: 0.024090
    lstm_decoder: 0.014458
    output_layer: 0.370572
  VSN output std:
    encoder: 0.284332
  Attention entropy: 2.249372
  Saved to: experiments/wf_monthly_weekly_enc12/fold_202211/collapse_monitoring/collapse_monitor_latest.json
[DEBUG CollapseMonitor] on_validation_epoch_start called for epoch 24
[DEBUG CollapseMonitor] reset_temporal_state() called on loss function
Epoch 24: val_loss=1.593479871749878
Epoch 24: train_loss=0.9034913778305054

[CollapseMonitor] Epoch 24
  [DEBUG] Processed 1 batches from val_dataloader
  [DEBUG] Predictions shape after concat: (1,)
  [DEBUG] All predictions list length: 1
  [DEBUG] First batch shape: (1,)
  Pred std: 0.000000, range: 0.000000, mean: 0.342657
  Pos: 100.0%, Neg: 0.0%, Unique: 1
  Dir Acc: 100.00%, Pred Sharpe: 0.0000
  Composite: 1.0000 (dist_match: 1.0000, actual_pos: 100.0%, pred_pos: 100.0%)
  Collapse penalty: 0.000000 (threshold: 0.005000)
  Saved validation predictions to: experiments/wf_monthly_weekly_enc12/fold_202211/collapse_monitoring/val_predictions_epoch24.npy
  Gradient norms:
    lstm_encoder: 0.025908
    lstm_decoder: 0.016046
    output_layer: 0.398610
  VSN output std:
    encoder: 0.284778
  Attention entropy: 2.215952
  Saved to: experiments/wf_monthly_weekly_enc12/fold_202211/collapse_monitoring/collapse_monitor_latest.json
[DEBUG CollapseMonitor] on_validation_epoch_start called for epoch 25
[DEBUG CollapseMonitor] reset_temporal_state() called on loss function
Epoch 25: val_loss=1.611518383026123
Epoch 25: train_loss=0.9028193950653076

[CollapseMonitor] Epoch 25
  [DEBUG] Processed 1 batches from val_dataloader
  [DEBUG] Predictions shape after concat: (1,)
  [DEBUG] All predictions list length: 1
  [DEBUG] First batch shape: (1,)
  Pred std: 0.000000, range: 0.000000, mean: 0.301464
  Pos: 100.0%, Neg: 0.0%, Unique: 1
  Dir Acc: 100.00%, Pred Sharpe: 0.0000
  Composite: 1.0000 (dist_match: 1.0000, actual_pos: 100.0%, pred_pos: 100.0%)
  Collapse penalty: 0.000000 (threshold: 0.005000)
  Saved validation predictions to: experiments/wf_monthly_weekly_enc12/fold_202211/collapse_monitoring/val_predictions_epoch25.npy
  Gradient norms:
    lstm_encoder: 0.025810
    lstm_decoder: 0.015034
    output_layer: 0.361221
  VSN output std:
    encoder: 0.286295
  Attention entropy: 2.196625
  Saved to: experiments/wf_monthly_weekly_enc12/fold_202211/collapse_monitoring/collapse_monitor_latest.json
[DEBUG CollapseMonitor] on_validation_epoch_start called for epoch 26
[DEBUG CollapseMonitor] reset_temporal_state() called on loss function
Epoch 26: val_loss=1.551364541053772
Epoch 26: train_loss=0.9018054008483887

[CollapseMonitor] Epoch 26
  [DEBUG] Processed 1 batches from val_dataloader
  [DEBUG] Predictions shape after concat: (1,)
  [DEBUG] All predictions list length: 1
  [DEBUG] First batch shape: (1,)
  Pred std: 0.000000, range: 0.000000, mean: 0.434684
  Pos: 100.0%, Neg: 0.0%, Unique: 1
  Dir Acc: 100.00%, Pred Sharpe: 0.0000
  Composite: 1.0000 (dist_match: 1.0000, actual_pos: 100.0%, pred_pos: 100.0%)
  Collapse penalty: 0.000000 (threshold: 0.005000)
  Saved validation predictions to: experiments/wf_monthly_weekly_enc12/fold_202211/collapse_monitoring/val_predictions_epoch26.npy
  Gradient norms:
    lstm_encoder: 0.026274
    lstm_decoder: 0.015627
    output_layer: 0.376401
  VSN output std:
    encoder: 0.285967
  Attention entropy: 2.217086
  Saved to: experiments/wf_monthly_weekly_enc12/fold_202211/collapse_monitoring/collapse_monitor_latest.json
[DEBUG CollapseMonitor] on_validation_epoch_start called for epoch 27
[DEBUG CollapseMonitor] reset_temporal_state() called on loss function
Epoch 27: val_loss=1.5949091911315918
Epoch 27: train_loss=0.9021356701850891

[CollapseMonitor] Epoch 27
  [DEBUG] Processed 1 batches from val_dataloader
  [DEBUG] Predictions shape after concat: (1,)
  [DEBUG] All predictions list length: 1
  [DEBUG] First batch shape: (1,)
  Pred std: 0.000000, range: 0.000000, mean: 0.315413
  Pos: 100.0%, Neg: 0.0%, Unique: 1
  Dir Acc: 100.00%, Pred Sharpe: 0.0000
  Composite: 1.0000 (dist_match: 1.0000, actual_pos: 100.0%, pred_pos: 100.0%)
  Collapse penalty: 0.000000 (threshold: 0.005000)
  Saved validation predictions to: experiments/wf_monthly_weekly_enc12/fold_202211/collapse_monitoring/val_predictions_epoch27.npy
  Gradient norms:
    lstm_encoder: 0.028959
    lstm_decoder: 0.016850
    output_layer: 0.391737
  VSN output std:
    encoder: 0.285564
  Attention entropy: 2.214872
  Saved to: experiments/wf_monthly_weekly_enc12/fold_202211/collapse_monitoring/collapse_monitor_latest.json
[DEBUG CollapseMonitor] on_validation_epoch_start called for epoch 28
[DEBUG CollapseMonitor] reset_temporal_state() called on loss function
Epoch 28: val_loss=1.5300334692001343
Epoch 28: train_loss=0.9018759727478027

[CollapseMonitor] Epoch 28
  [DEBUG] Processed 1 batches from val_dataloader
  [DEBUG] Predictions shape after concat: (1,)
  [DEBUG] All predictions list length: 1
  [DEBUG] First batch shape: (1,)
  Pred std: 0.000000, range: 0.000000, mean: 0.455848
  Pos: 100.0%, Neg: 0.0%, Unique: 1
  Dir Acc: 100.00%, Pred Sharpe: 0.0000
  Composite: 1.0000 (dist_match: 1.0000, actual_pos: 100.0%, pred_pos: 100.0%)
  Collapse penalty: 0.000000 (threshold: 0.005000)
  Saved validation predictions to: experiments/wf_monthly_weekly_enc12/fold_202211/collapse_monitoring/val_predictions_epoch28.npy
  Gradient norms:
    lstm_encoder: 0.028300
    lstm_decoder: 0.016206
    output_layer: 0.381695
  VSN output std:
    encoder: 0.284989
  Attention entropy: 2.238329
  Saved to: experiments/wf_monthly_weekly_enc12/fold_202211/collapse_monitoring/collapse_monitor_latest.json
[DEBUG CollapseMonitor] on_validation_epoch_start called for epoch 29
[DEBUG CollapseMonitor] reset_temporal_state() called on loss function
Epoch 29: val_loss=1.5776941776275635
Epoch 29: train_loss=0.8990541100502014

[CollapseMonitor] Epoch 29
  [DEBUG] Processed 1 batches from val_dataloader
  [DEBUG] Predictions shape after concat: (1,)
  [DEBUG] All predictions list length: 1
  [DEBUG] First batch shape: (1,)
  Pred std: 0.000000, range: 0.000000, mean: 0.397581
  Pos: 100.0%, Neg: 0.0%, Unique: 1
  Dir Acc: 100.00%, Pred Sharpe: 0.0000
  Composite: 1.0000 (dist_match: 1.0000, actual_pos: 100.0%, pred_pos: 100.0%)
  Collapse penalty: 0.000000 (threshold: 0.005000)
  Saved validation predictions to: experiments/wf_monthly_weekly_enc12/fold_202211/collapse_monitoring/val_predictions_epoch29.npy
  Gradient norms:
    lstm_encoder: 0.029584
    lstm_decoder: 0.016208
    output_layer: 0.364710
  VSN output std:
    encoder: 0.285556
  Attention entropy: 2.208047
  Saved to: experiments/wf_monthly_weekly_enc12/fold_202211/collapse_monitoring/collapse_monitor_latest.json
[DEBUG CollapseMonitor] on_validation_epoch_start called for epoch 30
[DEBUG CollapseMonitor] reset_temporal_state() called on loss function
Epoch 30: val_loss=1.5620932579040527
Epoch 30: train_loss=0.8975798487663269

[CollapseMonitor] Epoch 30
  [DEBUG] Processed 1 batches from val_dataloader
  [DEBUG] Predictions shape after concat: (1,)
  [DEBUG] All predictions list length: 1
  [DEBUG] First batch shape: (1,)
  Pred std: 0.000000, range: 0.000000, mean: 0.389571
  Pos: 100.0%, Neg: 0.0%, Unique: 1
  Dir Acc: 100.00%, Pred Sharpe: 0.0000
  Composite: 1.0000 (dist_match: 1.0000, actual_pos: 100.0%, pred_pos: 100.0%)
  Collapse penalty: 0.000000 (threshold: 0.005000)
  Saved validation predictions to: experiments/wf_monthly_weekly_enc12/fold_202211/collapse_monitoring/val_predictions_epoch30.npy
  Gradient norms:
    lstm_encoder: 0.029946
    lstm_decoder: 0.016121
    output_layer: 0.354955
  VSN output std:
    encoder: 0.285130
  Attention entropy: 2.205368
  Saved to: experiments/wf_monthly_weekly_enc12/fold_202211/collapse_monitoring/collapse_monitor_latest.json
[DEBUG CollapseMonitor] on_validation_epoch_start called for epoch 31
[DEBUG CollapseMonitor] reset_temporal_state() called on loss function
Epoch 31: val_loss=1.5752184391021729
Epoch 31: train_loss=0.897569477558136

[CollapseMonitor] Epoch 31
  [DEBUG] Processed 1 batches from val_dataloader
  [DEBUG] Predictions shape after concat: (1,)
  [DEBUG] All predictions list length: 1
  [DEBUG] First batch shape: (1,)
  Pred std: 0.000000, range: 0.000000, mean: 0.468524
  Pos: 100.0%, Neg: 0.0%, Unique: 1
  Dir Acc: 100.00%, Pred Sharpe: 0.0000
  Composite: 1.0000 (dist_match: 1.0000, actual_pos: 100.0%, pred_pos: 100.0%)
  Collapse penalty: 0.000000 (threshold: 0.005000)
  Saved validation predictions to: experiments/wf_monthly_weekly_enc12/fold_202211/collapse_monitoring/val_predictions_epoch31.npy
  Gradient norms:
    lstm_encoder: 0.030000
    lstm_decoder: 0.016829
    output_layer: 0.367092
  VSN output std:
    encoder: 0.284779
  Attention entropy: 2.174183
  Saved to: experiments/wf_monthly_weekly_enc12/fold_202211/collapse_monitoring/collapse_monitor_latest.json
[DEBUG CollapseMonitor] on_validation_epoch_start called for epoch 32
[DEBUG CollapseMonitor] reset_temporal_state() called on loss function
Epoch 32: val_loss=1.5676918029785156
Epoch 32: train_loss=0.8971474766731262

[CollapseMonitor] Epoch 32
  [DEBUG] Processed 1 batches from val_dataloader
  [DEBUG] Predictions shape after concat: (1,)
  [DEBUG] All predictions list length: 1
  [DEBUG] First batch shape: (1,)
  Pred std: 0.000000, range: 0.000000, mean: 0.391675
  Pos: 100.0%, Neg: 0.0%, Unique: 1
  Dir Acc: 100.00%, Pred Sharpe: 0.0000
  Composite: 1.0000 (dist_match: 1.0000, actual_pos: 100.0%, pred_pos: 100.0%)
  Collapse penalty: 0.000000 (threshold: 0.005000)
  Saved validation predictions to: experiments/wf_monthly_weekly_enc12/fold_202211/collapse_monitoring/val_predictions_epoch32.npy
  Gradient norms:
    lstm_encoder: 0.031101
    lstm_decoder: 0.017923
    output_layer: 0.389947
  VSN output std:
    encoder: 0.284403
  Attention entropy: 2.216778
  Saved to: experiments/wf_monthly_weekly_enc12/fold_202211/collapse_monitoring/collapse_monitor_latest.json
[DEBUG CollapseMonitor] on_validation_epoch_start called for epoch 33
[DEBUG CollapseMonitor] reset_temporal_state() called on loss function
Epoch 33: val_loss=1.5646049976348877
Epoch 33: train_loss=0.8950178027153015

[CollapseMonitor] Epoch 33
  [DEBUG] Processed 1 batches from val_dataloader
  [DEBUG] Predictions shape after concat: (1,)
  [DEBUG] All predictions list length: 1
  [DEBUG] First batch shape: (1,)
  Pred std: 0.000000, range: 0.000000, mean: 0.381268
  Pos: 100.0%, Neg: 0.0%, Unique: 1
  Dir Acc: 100.00%, Pred Sharpe: 0.0000
  Composite: 1.0000 (dist_match: 1.0000, actual_pos: 100.0%, pred_pos: 100.0%)
  Collapse penalty: 0.000000 (threshold: 0.005000)
  Saved validation predictions to: experiments/wf_monthly_weekly_enc12/fold_202211/collapse_monitoring/val_predictions_epoch33.npy
  Gradient norms:
    lstm_encoder: 0.031485
    lstm_decoder: 0.017996
    output_layer: 0.380929
  VSN output std:
    encoder: 0.284902
  Attention entropy: 2.201808
  Saved to: experiments/wf_monthly_weekly_enc12/fold_202211/collapse_monitoring/collapse_monitor_latest.json
[DEBUG CollapseMonitor] on_validation_epoch_start called for epoch 34
[DEBUG CollapseMonitor] reset_temporal_state() called on loss function
Epoch 34: val_loss=1.5830330848693848
Epoch 34: train_loss=0.8953126072883606

[CollapseMonitor] Epoch 34
  [DEBUG] Processed 1 batches from val_dataloader
  [DEBUG] Predictions shape after concat: (1,)
  [DEBUG] All predictions list length: 1
  [DEBUG] First batch shape: (1,)
  Pred std: 0.000000, range: 0.000000, mean: 0.334596
  Pos: 100.0%, Neg: 0.0%, Unique: 1
  Dir Acc: 100.00%, Pred Sharpe: 0.0000
  Composite: 1.0000 (dist_match: 1.0000, actual_pos: 100.0%, pred_pos: 100.0%)
  Collapse penalty: 0.000000 (threshold: 0.005000)
  Saved validation predictions to: experiments/wf_monthly_weekly_enc12/fold_202211/collapse_monitoring/val_predictions_epoch34.npy
  Gradient norms:
    lstm_encoder: 0.035139
    lstm_decoder: 0.019439
    output_layer: 0.404204
  VSN output std:
    encoder: 0.284942
  Attention entropy: 2.191669
  Saved to: experiments/wf_monthly_weekly_enc12/fold_202211/collapse_monitoring/collapse_monitor_latest.json
[DEBUG CollapseMonitor] on_validation_epoch_start called for epoch 35
[DEBUG CollapseMonitor] reset_temporal_state() called on loss function
Epoch 35: val_loss=1.5710630416870117
Epoch 35: train_loss=0.8965837955474854

[CollapseMonitor] Epoch 35
  [DEBUG] Processed 1 batches from val_dataloader
  [DEBUG] Predictions shape after concat: (1,)
  [DEBUG] All predictions list length: 1
  [DEBUG] First batch shape: (1,)
  Pred std: 0.000000, range: 0.000000, mean: 0.369970
  Pos: 100.0%, Neg: 0.0%, Unique: 1
  Dir Acc: 100.00%, Pred Sharpe: 0.0000
  Composite: 1.0000 (dist_match: 1.0000, actual_pos: 100.0%, pred_pos: 100.0%)
  Collapse penalty: 0.000000 (threshold: 0.005000)
  Saved validation predictions to: experiments/wf_monthly_weekly_enc12/fold_202211/collapse_monitoring/val_predictions_epoch35.npy
  Gradient norms:
    lstm_encoder: 0.032919
    lstm_decoder: 0.018331
    output_layer: 0.401195
  VSN output std:
    encoder: 0.285140
  Attention entropy: 2.183390
  Saved to: experiments/wf_monthly_weekly_enc12/fold_202211/collapse_monitoring/collapse_monitor_latest.json
[DEBUG CollapseMonitor] on_validation_epoch_start called for epoch 36
[DEBUG CollapseMonitor] reset_temporal_state() called on loss function
Epoch 36: val_loss=1.5931316614151
Epoch 36: train_loss=0.895020604133606

[CollapseMonitor] Epoch 36
  [DEBUG] Processed 1 batches from val_dataloader
  [DEBUG] Predictions shape after concat: (1,)
  [DEBUG] All predictions list length: 1
  [DEBUG] First batch shape: (1,)
  Pred std: 0.000000, range: 0.000000, mean: 0.331532
  Pos: 100.0%, Neg: 0.0%, Unique: 1
  Dir Acc: 100.00%, Pred Sharpe: 0.0000
  Composite: 1.0000 (dist_match: 1.0000, actual_pos: 100.0%, pred_pos: 100.0%)
  Collapse penalty: 0.000000 (threshold: 0.005000)
  Saved validation predictions to: experiments/wf_monthly_weekly_enc12/fold_202211/collapse_monitoring/val_predictions_epoch36.npy
  Gradient norms:
    lstm_encoder: 0.033121
    lstm_decoder: 0.018660
    output_layer: 0.386586
  VSN output std:
    encoder: 0.285182
  Attention entropy: 2.201637
  Saved to: experiments/wf_monthly_weekly_enc12/fold_202211/collapse_monitoring/collapse_monitor_latest.json
[DEBUG CollapseMonitor] on_validation_epoch_start called for epoch 37
[DEBUG CollapseMonitor] reset_temporal_state() called on loss function
Epoch 37: val_loss=1.584835410118103
Epoch 37: train_loss=0.8944061994552612

[CollapseMonitor] Epoch 37
  [DEBUG] Processed 1 batches from val_dataloader
  [DEBUG] Predictions shape after concat: (1,)
  [DEBUG] All predictions list length: 1
  [DEBUG] First batch shape: (1,)
  Pred std: 0.000000, range: 0.000000, mean: 0.393022
  Pos: 100.0%, Neg: 0.0%, Unique: 1
  Dir Acc: 100.00%, Pred Sharpe: 0.0000
  Composite: 1.0000 (dist_match: 1.0000, actual_pos: 100.0%, pred_pos: 100.0%)
  Collapse penalty: 0.000000 (threshold: 0.005000)
  Saved validation predictions to: experiments/wf_monthly_weekly_enc12/fold_202211/collapse_monitoring/val_predictions_epoch37.npy
  Gradient norms:
    lstm_encoder: 0.033917
    lstm_decoder: 0.018665
    output_layer: 0.373017
  VSN output std:
    encoder: 0.285250
  Attention entropy: 2.163378
  Saved to: experiments/wf_monthly_weekly_enc12/fold_202211/collapse_monitoring/collapse_monitor_latest.json
[DEBUG CollapseMonitor] on_validation_epoch_start called for epoch 38
[DEBUG CollapseMonitor] reset_temporal_state() called on loss function
Epoch 38: val_loss=1.5745763778686523
Epoch 38: train_loss=0.8932257294654846

[CollapseMonitor] Epoch 38
  [DEBUG] Processed 1 batches from val_dataloader
  [DEBUG] Predictions shape after concat: (1,)
  [DEBUG] All predictions list length: 1
  [DEBUG] First batch shape: (1,)
  Pred std: 0.000000, range: 0.000000, mean: 0.398216
  Pos: 100.0%, Neg: 0.0%, Unique: 1
  Dir Acc: 100.00%, Pred Sharpe: 0.0000
  Composite: 1.0000 (dist_match: 1.0000, actual_pos: 100.0%, pred_pos: 100.0%)
  Collapse penalty: 0.000000 (threshold: 0.005000)
  Saved validation predictions to: experiments/wf_monthly_weekly_enc12/fold_202211/collapse_monitoring/val_predictions_epoch38.npy
  Gradient norms:
    lstm_encoder: 0.034536
    lstm_decoder: 0.018882
    output_layer: 0.381722
  VSN output std:
    encoder: 0.285364
  Attention entropy: 2.153482
  Saved to: experiments/wf_monthly_weekly_enc12/fold_202211/collapse_monitoring/collapse_monitor_latest.json


======================================================================
Training complete
======================================================================

Best val_loss checkpoint: experiments/wf_monthly_weekly_enc12/fold_202211/checkpoints/tft-epoch=epoch=28-valloss=val_loss=1.5300.ckpt
Best validation loss: 1.530033
Checkpoints saved:
  - Best val_loss: experiments/wf_monthly_weekly_enc12/fold_202211/checkpoints/tft-epoch=epoch=28-valloss=val_loss=1.5300.ckpt
  - Best pred_std: experiments/wf_monthly_weekly_enc12/fold_202211/checkpoints/tft-epoch=epoch=00-predstd=val_pred_std=0.0000.ckpt
  - Best unique: experiments/wf_monthly_weekly_enc12/fold_202211/checkpoints/tft-epoch=epoch=00-unique=val_num_unique=1.ckpt
  - Best dir_acc: experiments/wf_monthly_weekly_enc12/fold_202211/checkpoints/tft-epoch=epoch=00-diracc=val_dir_acc=1.0000.ckpt
  - Best sharpe: experiments/wf_monthly_weekly_enc12/fold_202211/checkpoints/tft-epoch=epoch=00-sharpe=val_sharpe=0.0000.ckpt
  - Best composite: experiments/wf_monthly_weekly_enc12/fold_202211/checkpoints/tft-epoch=epoch=00-composite=val_composite=1.0000.ckpt
Completed at: 2025-12-03 04:27:11
Log saved to: experiments/wf_monthly_weekly_enc12/fold_202211/training_20251203_042006.log
======================================================================
