Logging to: experiments/06a_weekly_sweep/h8_enc12_d030_bs32/vsn_analysis/vsn_analysis_20251129_215116.log
Analysis started at: 2025-11-29 21:51:16
======================================================================
Experiment: 06a_weekly_sweep/h8_enc12_d030_bs32
Output directory: experiments/06a_weekly_sweep/h8_enc12_d030_bs32/vsn_analysis
Loading config from: experiments/06a_weekly_sweep/h8_enc12_d030_bs32/config.json
Using best checkpoint: experiments/06a_weekly_sweep/h8_enc12_d030_bs32/checkpoints/tft-epoch=epoch=98-valloss=val_loss=0.9193.ckpt

Loading data...
Loading test data from: data/splits/vintage/core_proposal_weekly_vintage_test.csv
  Train samples: 1269
  Test samples: 273

Preparing test dataset...
Test dataset size: 261

Loading model...
Loading model from: experiments/06a_weekly_sweep/h8_enc12_d030_bs32/checkpoints/tft-epoch=epoch=98-valloss=val_loss=0.9193.ckpt
Model loaded on device: cuda

Extracting VSN weights...
  Encoder variables (5): ['relative_time_idx', 'VIX', 'Treasury_10Y', 'Yield_Spread', 'Inflation_YoY']
  Decoder variables (1): ['relative_time_idx']
  Static variables (1): ['encoder_length']

  DEBUG: Output type: <class 'pytorch_forecasting.utils.TupleOutputMixIn.to_network_output.<locals>.Output'>
  DEBUG: Output fields (NamedTuple): ('prediction', 'encoder_attention', 'decoder_attention', 'static_variables', 'encoder_variables', 'decoder_variables', 'decoder_lengths', 'encoder_lengths')
  DEBUG: output.encoder_variables shape: torch.Size([64, 12, 1, 5])
  DEBUG: output.static_variables shape: torch.Size([64, 1, 1])
  DEBUG: output.decoder_variables shape: torch.Size([64, 1, 1, 1])

Extraction complete:
  Samples: 261
  Encoder VSN shape: (261, 5)
  Decoder VSN shape: (261, 1)

Analysis period: 2020-10-16 to 2025-10-10

Creating temporal periods:
  2020: 11 samples
  2021: 53 samples
  2022: 52 samples
  2023: 52 samples
  2024: 52 samples
  2025: 41 samples

Analyzing VSN weights by period...

Comparing VSN patterns across periods...

Creating visualizations...
Saved VSN heatmap: experiments/06a_weekly_sweep/h8_enc12_d030_bs32/vsn_analysis/vsn_heatmap.png
Saved VSN comparison: experiments/06a_weekly_sweep/h8_enc12_d030_bs32/vsn_analysis/vsn_comparison.png
Saved concentration plot: experiments/06a_weekly_sweep/h8_enc12_d030_bs32/vsn_analysis/vsn_concentration.png

Saving results...
Saved results: experiments/06a_weekly_sweep/h8_enc12_d030_bs32/vsn_analysis/vsn_analysis_results.json

======================================================================
VSN ANALYSIS SUMMARY
======================================================================

Per-Period Feature Importance:
----------------------------------------------------------------------

2020 (11 samples):
  Concentration: 0.3827
  Top 5 features:
    VIX                            0.5556
    relative_time_idx              0.2210
    Yield_Spread                   0.1495
    Treasury_10Y                   0.0433
    Inflation_YoY                  0.0306

2021 (53 samples):
  Concentration: 0.3591
  Top 5 features:
    VIX                            0.5031
    relative_time_idx              0.3003
    Yield_Spread                   0.1031
    Treasury_10Y                   0.0673
    Inflation_YoY                  0.0262

2022 (52 samples):
  Concentration: 0.2924
  Top 5 features:
    VIX                            0.4068
    relative_time_idx              0.2895
    Yield_Spread                   0.1756
    Treasury_10Y                   0.1090
    Inflation_YoY                  0.0191

2023 (52 samples):
  Concentration: 0.2772
  Top 5 features:
    VIX                            0.3408
    Yield_Spread                   0.3236
    relative_time_idx              0.2132
    Treasury_10Y                   0.1023
    Inflation_YoY                  0.0201

2024 (52 samples):
  Concentration: 0.2829
  Top 5 features:
    VIX                            0.3628
    Yield_Spread                   0.3160
    relative_time_idx              0.2039
    Treasury_10Y                   0.0970
    Inflation_YoY                  0.0203

2025 (41 samples):
  Concentration: 0.3207
  Top 5 features:
    VIX                            0.4782
    Yield_Spread                   0.2117
    relative_time_idx              0.1930
    Treasury_10Y                   0.0978
    Inflation_YoY                  0.0194

----------------------------------------------------------------------
Period Comparisons:
----------------------------------------------------------------------

2020_vs_2021:
  Cosine similarity: 0.9846
  L2 distance: 0.1086
  Biggest increases: relative_time_idx(+0.079), Treasury_10Y(+0.024), Inflation_YoY(-0.004)
  Biggest decreases: VIX(-0.053), Yield_Spread(-0.046), Inflation_YoY(-0.004)

2020_vs_2022:
  Cosine similarity: 0.9613
  L2 distance: 0.1788
  Biggest increases: relative_time_idx(+0.068), Treasury_10Y(+0.066), Yield_Spread(+0.026)
  Biggest decreases: VIX(-0.149), Inflation_YoY(-0.012), Yield_Spread(+0.026)

2020_vs_2023:
  Cosine similarity: 0.8900
  L2 distance: 0.2831
  Biggest increases: Yield_Spread(+0.174), Treasury_10Y(+0.059), relative_time_idx(-0.008)
  Biggest decreases: VIX(-0.215), Inflation_YoY(-0.011), relative_time_idx(-0.008)

2020_vs_2024:
  Cosine similarity: 0.9078
  L2 distance: 0.2612
  Biggest increases: Yield_Spread(+0.166), Treasury_10Y(+0.054), Inflation_YoY(-0.010)
  Biggest decreases: VIX(-0.193), relative_time_idx(-0.017), Inflation_YoY(-0.010)

2020_vs_2025:
  Cosine similarity: 0.9843
  L2 distance: 0.1172
  Biggest increases: Yield_Spread(+0.062), Treasury_10Y(+0.055), Inflation_YoY(-0.011)
  Biggest decreases: VIX(-0.077), relative_time_idx(-0.028), Inflation_YoY(-0.011)

2021_vs_2022:
  Cosine similarity: 0.9799
  L2 distance: 0.1282
  Biggest increases: Yield_Spread(+0.072), Treasury_10Y(+0.042), Inflation_YoY(-0.007)
  Biggest decreases: VIX(-0.096), relative_time_idx(-0.011), Inflation_YoY(-0.007)

2021_vs_2023:
  Cosine similarity: 0.8756
  L2 distance: 0.2895
  Biggest increases: Yield_Spread(+0.220), Treasury_10Y(+0.035), Inflation_YoY(-0.006)
  Biggest decreases: VIX(-0.162), relative_time_idx(-0.087), Inflation_YoY(-0.006)

2021_vs_2024:
  Cosine similarity: 0.8891
  L2 distance: 0.2743
  Biggest increases: Yield_Spread(+0.213), Treasury_10Y(+0.030), Inflation_YoY(-0.006)
  Biggest decreases: VIX(-0.140), relative_time_idx(-0.096), Inflation_YoY(-0.006)

2021_vs_2025:
  Cosine similarity: 0.9649
  L2 distance: 0.1578
  Biggest increases: Yield_Spread(+0.109), Treasury_10Y(+0.030), Inflation_YoY(-0.007)
  Biggest decreases: relative_time_idx(-0.107), VIX(-0.025), Inflation_YoY(-0.007)

2022_vs_2023:
  Cosine similarity: 0.9439
  L2 distance: 0.1792
  Biggest increases: Yield_Spread(+0.148), Inflation_YoY(+0.001), Treasury_10Y(-0.007)
  Biggest decreases: relative_time_idx(-0.076), VIX(-0.066), Treasury_10Y(-0.007)

2022_vs_2024:
  Cosine similarity: 0.9495
  L2 distance: 0.1706
  Biggest increases: Yield_Spread(+0.140), Inflation_YoY(+0.001), Treasury_10Y(-0.012)
  Biggest decreases: relative_time_idx(-0.086), VIX(-0.044), Treasury_10Y(-0.012)

2022_vs_2025:
  Cosine similarity: 0.9752
  L2 distance: 0.1258
  Biggest increases: VIX(+0.071), Yield_Spread(+0.036), Inflation_YoY(+0.000)
  Biggest decreases: relative_time_idx(-0.096), Treasury_10Y(-0.011), Inflation_YoY(+0.000)

2023_vs_2024:
  Cosine similarity: 0.9989
  L2 distance: 0.0256
  Biggest increases: VIX(+0.022), Inflation_YoY(+0.000), Treasury_10Y(-0.005)
  Biggest decreases: relative_time_idx(-0.009), Yield_Spread(-0.008), Treasury_10Y(-0.005)

2023_vs_2025:
  Cosine similarity: 0.9493
  L2 distance: 0.1784
  Biggest increases: VIX(+0.137), Inflation_YoY(-0.001), Treasury_10Y(-0.005)
  Biggest decreases: Yield_Spread(-0.112), relative_time_idx(-0.020), Treasury_10Y(-0.005)

2024_vs_2025:
  Cosine similarity: 0.9616
  L2 distance: 0.1560
  Biggest increases: VIX(+0.115), Treasury_10Y(+0.001), Inflation_YoY(-0.001)
  Biggest decreases: Yield_Spread(-0.104), relative_time_idx(-0.011), Inflation_YoY(-0.001)

======================================================================

Analysis complete!
Results saved to: experiments/06a_weekly_sweep/h8_enc12_d030_bs32/vsn_analysis
  - vsn_analysis_results.json
  - vsn_heatmap.png
  - vsn_comparison.png
  - vsn_concentration.png
