
[INFO] Using AUTO device selection.

[INFO] Patched matplotlib.Axes.errorbar to abs() negative yerr for robustness.
======================================================================
Training TFT: 10_overnight_sweep/daily_7q_h5_s456
======================================================================
Logging to: experiments/10_overnight_sweep/daily_7q_h5_s456/training_20251204_103125.log
Started at: 2025-12-04 10:31:25
======================================================================
Configuration saved to: experiments/10_overnight_sweep/daily_7q_h5_s456/config.json

Loading data splits...
Train: 6074 samples
Val: 1302 samples
Test: 1302 samples

Preparing TimeSeriesDataSet...

Dropping source columns (used for staleness only): ['CPI']

Final features for TFT: ['SP500_Returns', 'VIX', 'Treasury_10Y', 'Yield_Spread', 'Inflation_YoY']

======================================================================
FEATURE STATISTICS - BEFORE NORMALIZATION
======================================================================
VIX                             mean= 19.7438  std=  8.0295  min=  9.3100  max= 80.8600
Treasury_10Y                    mean=  4.7672  std=  1.6903  min=  1.4300  max=  8.3600
Yield_Spread                    mean=  1.2778  std=  0.9179  min= -0.5200  max=  2.9100
Inflation_YoY                   mean=  2.5322  std=  1.1865  min= -2.1498  max=  6.7300

======================================================================
FEATURES AFTER GROUPNORMALIZER (first batch, last timestep)
======================================================================
VIX                             normalized_value=  1.0000
Treasury_10Y                    normalized_value= -0.0500
Yield_Spread                    normalized_value= -0.8586
Inflation_YoY                   normalized_value=  0.1910
======================================================================

[DEBUG] VIX train values: [28.95 30.38 33.3  31.33 32.63]
[DEBUG] VIX val values: [14.31 15.15 15.13 12.86 13.85]
Batches per epoch: 94
[DEBUG] Validation batches: 20
[DEBUG] Validation dataset size: 1278
[DEBUG] Batch size: 64

Initializing model...

Quantile configuration: 7q
  Quantiles: [0.02, 0.1, 0.25, 0.5, 0.75, 0.9, 0.98]
  Output size: 7
  Median index: 3

Using standard QuantileLoss (no penalties)

[REGIME OUTPUT] Disabled (using baseline output layer)

================================================================================
BASELINE MODEL FEATURE CONFIGURATION (after from_dataset)
================================================================================
tft.hparams.time_varying_reals_encoder: ['relative_time_idx', 'VIX', 'Treasury_10Y', 'Yield_Spread', 'Inflation_YoY']
  Count: 5

tft.hparams.time_varying_reals_decoder: ['relative_time_idx']
  Count: 1

tft.hparams.x_reals (all reals passed to model): ['encoder_length', 'relative_time_idx', 'VIX', 'Treasury_10Y', 'Yield_Spread', 'Inflation_YoY']
  Count: 6

Encoder VSN configuration:
  num_inputs: 5
  input_sizes: {'relative_time_idx': 16, 'VIX': 16, 'Treasury_10Y': 16, 'Yield_Spread': 16, 'Inflation_YoY': 16}
  flattened_grn.fc1: in_features=80, out_features=5
  -> Params in fc1: 400 (should be 5*16*5=400 if 5 features)
================================================================================

Model parameters: 22,615

Starting training...
Checkpoints will be saved to: experiments/10_overnight_sweep/daily_7q_h5_s456/checkpoints/
Logs will be saved to: experiments/10_overnight_sweep/daily_7q_h5_s456/logs/

[DEBUG CollapseMonitor] on_validation_epoch_start called for epoch 0
[DEBUG CollapseMonitor] reset_temporal_state() called on loss function
Epoch 0: val_loss=N/A
[DEBUG CollapseMonitor] on_validation_epoch_start called for epoch 0
[DEBUG CollapseMonitor] reset_temporal_state() called on loss function
Epoch 0: val_loss=0.6829813122749329
Epoch 0: train_loss=0.7998843789100647

[CollapseMonitor] Epoch 0
  [DEBUG] Processed 20 batches, 5 horizon(s)
  Multi-horizon metrics (5 horizons):
    h1: std=0.0198, dir_acc=54.7%, pos=100%, unique=1248, sharpe=685.25
    h2: std=0.0136, dir_acc=54.7%, pos=100%, unique=1249, sharpe=964.76
    h3: std=0.0120, dir_acc=54.8%, pos=100%, unique=1246, sharpe=1062.80
    h4: std=0.0107, dir_acc=54.8%, pos=100%, unique=1249, sharpe=1153.88
    h5: std=0.0096, dir_acc=54.9%, pos=100%, unique=1240, sharpe=1244.11
  Aggregate: std_avg=0.0131, dir_acc_avg=54.8%, composite_avg=0.4237
  H1 detail: range=0.1456, mean=0.8533, dist_match=0.5469
  Collapse penalty: 0.000000 (threshold: 0.005000)
  Saved validation predictions to: experiments/10_overnight_sweep/daily_7q_h5_s456/collapse_monitoring/val_predictions_epoch0.npz
  Gradient norms:
    lstm_encoder: 0.006190
    lstm_decoder: 0.026154
    output_layer: 0.748051
  VSN output std:
    encoder: 0.242229
  Attention entropy: 2.989063
  Saved to: experiments/10_overnight_sweep/daily_7q_h5_s456/collapse_monitoring/collapse_monitor_latest.json
[DEBUG CollapseMonitor] on_validation_epoch_start called for epoch 1
[DEBUG CollapseMonitor] reset_temporal_state() called on loss function
Epoch 1: val_loss=0.5414695143699646
Epoch 1: train_loss=0.667069673538208

[CollapseMonitor] Epoch 1
  [DEBUG] Processed 20 batches, 5 horizon(s)
  Multi-horizon metrics (5 horizons):
    h1: std=0.0249, dir_acc=54.7%, pos=100%, unique=1238, sharpe=198.61
    h2: std=0.0133, dir_acc=54.7%, pos=100%, unique=1235, sharpe=322.48
    h3: std=0.0111, dir_acc=54.8%, pos=100%, unique=1230, sharpe=335.27
    h4: std=0.0095, dir_acc=54.8%, pos=100%, unique=1228, sharpe=338.29
    h5: std=0.0081, dir_acc=54.9%, pos=100%, unique=1232, sharpe=335.36
  Aggregate: std_avg=0.0133, dir_acc_avg=54.8%, composite_avg=0.4237
  H1 detail: range=0.2057, mean=0.3111, dist_match=0.5469
  Collapse penalty: 0.000000 (threshold: 0.005000)
  Saved validation predictions to: experiments/10_overnight_sweep/daily_7q_h5_s456/collapse_monitoring/val_predictions_epoch1.npz
  Gradient norms:
    lstm_encoder: 0.004760
    lstm_decoder: 0.019998
    output_layer: 0.558703
  VSN output std:
    encoder: 0.245277
  Attention entropy: 2.989192
  Saved to: experiments/10_overnight_sweep/daily_7q_h5_s456/collapse_monitoring/collapse_monitor_latest.json
[DEBUG CollapseMonitor] on_validation_epoch_start called for epoch 2
[DEBUG CollapseMonitor] reset_temporal_state() called on loss function
Epoch 2: val_loss=0.4861220419406891
Epoch 2: train_loss=0.552126407623291

[CollapseMonitor] Epoch 2
  [DEBUG] Processed 20 batches, 5 horizon(s)
  Multi-horizon metrics (5 horizons):
    h1: std=0.0197, dir_acc=54.7%, pos=100%, unique=1227, sharpe=64.76
    h2: std=0.0085, dir_acc=54.7%, pos=100%, unique=1212, sharpe=75.87
    h3: std=0.0074, dir_acc=54.8%, pos=100%, unique=1196, sharpe=23.03
    h4: std=0.0065, dir_acc=45.9%, pos=5%, unique=1213, sharpe=-34.92
    h5: std=0.0057, dir_acc=45.1%, pos=0%, unique=1203, sharpe=-101.62
  Aggregate: std_avg=0.0096, dir_acc_avg=51.0%, composite_avg=0.3882
  H1 detail: range=0.1794, mean=0.0803, dist_match=0.5469
  Collapse penalty: 0.000000 (threshold: 0.005000)
  Saved validation predictions to: experiments/10_overnight_sweep/daily_7q_h5_s456/collapse_monitoring/val_predictions_epoch2.npz
  Gradient norms:
    lstm_encoder: 0.002089
    lstm_decoder: 0.008131
    output_layer: 0.305764
  VSN output std:
    encoder: 0.247397
  Attention entropy: 2.991961
  Saved to: experiments/10_overnight_sweep/daily_7q_h5_s456/collapse_monitoring/collapse_monitor_latest.json
[DEBUG CollapseMonitor] on_validation_epoch_start called for epoch 3
[DEBUG CollapseMonitor] reset_temporal_state() called on loss function
Epoch 3: val_loss=0.46343994140625
Epoch 3: train_loss=0.49821987748146057

[CollapseMonitor] Epoch 3
  [DEBUG] Processed 20 batches, 5 horizon(s)
  Multi-horizon metrics (5 horizons):
    h1: std=0.0117, dir_acc=54.7%, pos=100%, unique=1214, sharpe=110.94
    h2: std=0.0052, dir_acc=54.7%, pos=100%, unique=1190, sharpe=161.20
    h3: std=0.0046, dir_acc=54.8%, pos=100%, unique=1183, sharpe=113.70
    h4: std=0.0042, dir_acc=54.8%, pos=100%, unique=1189, sharpe=71.04
    h5: std=0.0038, dir_acc=54.9%, pos=100%, unique=1189, sharpe=29.02
  Aggregate: std_avg=0.0059, dir_acc_avg=54.8%, composite_avg=0.4237
  H1 detail: range=0.1218, mean=0.0816, dist_match=0.5469
  Collapse penalty: 0.000000 (threshold: 0.005000)
  Saved validation predictions to: experiments/10_overnight_sweep/daily_7q_h5_s456/collapse_monitoring/val_predictions_epoch3.npz
  Gradient norms:
    lstm_encoder: 0.001044
    lstm_decoder: 0.003303
    output_layer: 0.164468
  VSN output std:
    encoder: 0.249385
  Attention entropy: 2.993154
  Saved to: experiments/10_overnight_sweep/daily_7q_h5_s456/collapse_monitoring/collapse_monitor_latest.json
[DEBUG CollapseMonitor] on_validation_epoch_start called for epoch 4
[DEBUG CollapseMonitor] reset_temporal_state() called on loss function
Epoch 4: val_loss=0.4551779329776764
Epoch 4: train_loss=0.4713708162307739

[CollapseMonitor] Epoch 4
  [DEBUG] Processed 20 batches, 5 horizon(s)
  Multi-horizon metrics (5 horizons):
    h1: std=0.0072, dir_acc=54.7%, pos=100%, unique=1197, sharpe=172.28
    h2: std=0.0033, dir_acc=54.7%, pos=100%, unique=1168, sharpe=263.43
    h3: std=0.0030, dir_acc=54.8%, pos=100%, unique=1159, sharpe=221.56
    h4: std=0.0027, dir_acc=54.8%, pos=100%, unique=1138, sharpe=190.43
    h5: std=0.0024, dir_acc=54.9%, pos=100%, unique=1142, sharpe=163.10
  Aggregate: std_avg=0.0037, dir_acc_avg=54.8%, composite_avg=0.4237
  H1 detail: range=0.0876, mean=0.0779, dist_match=0.5469
  Collapse penalty: 0.000000 (threshold: 0.005000)
  Saved validation predictions to: experiments/10_overnight_sweep/daily_7q_h5_s456/collapse_monitoring/val_predictions_epoch4.npz
  Gradient norms:
    lstm_encoder: 0.000708
    lstm_decoder: 0.002047
    output_layer: 0.091457
  VSN output std:
    encoder: 0.252745
  Attention entropy: 2.993531
  Saved to: experiments/10_overnight_sweep/daily_7q_h5_s456/collapse_monitoring/collapse_monitor_latest.json
[DEBUG CollapseMonitor] on_validation_epoch_start called for epoch 5
[DEBUG CollapseMonitor] reset_temporal_state() called on loss function
Epoch 5: val_loss=0.4520386755466461
Epoch 5: train_loss=0.46154651045799255

[CollapseMonitor] Epoch 5
  [DEBUG] Processed 20 batches, 5 horizon(s)
  Multi-horizon metrics (5 horizons):
    h1: std=0.0046, dir_acc=54.7%, pos=100%, unique=1195, sharpe=156.44
    h2: std=0.0023, dir_acc=54.7%, pos=100%, unique=1155, sharpe=193.45
    h3: std=0.0020, dir_acc=54.8%, pos=100%, unique=1131, sharpe=140.58
    h4: std=0.0018, dir_acc=54.8%, pos=100%, unique=1113, sharpe=101.70
    h5: std=0.0017, dir_acc=54.9%, pos=100%, unique=1097, sharpe=68.98
  Aggregate: std_avg=0.0025, dir_acc_avg=54.8%, composite_avg=0.4237
  H1 detail: range=0.0551, mean=0.0456, dist_match=0.5469
  Collapse penalty: 0.000000 (threshold: 0.005000)
  Saved validation predictions to: experiments/10_overnight_sweep/daily_7q_h5_s456/collapse_monitoring/val_predictions_epoch5.npz
  Gradient norms:
    lstm_encoder: 0.000576
    lstm_decoder: 0.001651
    output_layer: 0.059806
  VSN output std:
    encoder: 0.252673
  Attention entropy: 2.993464
  Saved to: experiments/10_overnight_sweep/daily_7q_h5_s456/collapse_monitoring/collapse_monitor_latest.json
[DEBUG CollapseMonitor] on_validation_epoch_start called for epoch 6
[DEBUG CollapseMonitor] reset_temporal_state() called on loss function
Epoch 6: val_loss=0.4510657489299774
Epoch 6: train_loss=0.4565260112285614

[CollapseMonitor] Epoch 6
  [DEBUG] Processed 20 batches, 5 horizon(s)
  Multi-horizon metrics (5 horizons):
    h1: std=0.0046, dir_acc=54.7%, pos=100%, unique=1214, sharpe=223.47
    h2: std=0.0023, dir_acc=54.7%, pos=100%, unique=1174, sharpe=346.68
    h3: std=0.0017, dir_acc=54.8%, pos=100%, unique=1124, sharpe=390.55
    h4: std=0.0015, dir_acc=54.8%, pos=100%, unique=1074, sharpe=385.18
    h5: std=0.0014, dir_acc=54.9%, pos=100%, unique=1054, sharpe=377.62
  Aggregate: std_avg=0.0023, dir_acc_avg=54.8%, composite_avg=0.4237
  H1 detail: range=0.0357, mean=0.0649, dist_match=0.5469
  Collapse penalty: 0.000000 (threshold: 0.005000)
  Saved validation predictions to: experiments/10_overnight_sweep/daily_7q_h5_s456/collapse_monitoring/val_predictions_epoch6.npz
  Gradient norms:
    lstm_encoder: 0.000589
    lstm_decoder: 0.001560
    output_layer: 0.052601
  VSN output std:
    encoder: 0.243015
  Attention entropy: 2.992707
  Saved to: experiments/10_overnight_sweep/daily_7q_h5_s456/collapse_monitoring/collapse_monitor_latest.json
[DEBUG CollapseMonitor] on_validation_epoch_start called for epoch 7
[DEBUG CollapseMonitor] reset_temporal_state() called on loss function
Epoch 7: val_loss=0.4507000744342804
Epoch 7: train_loss=0.454825758934021

[CollapseMonitor] Epoch 7
  [DEBUG] Processed 20 batches, 5 horizon(s)
  Multi-horizon metrics (5 horizons):
    h1: std=0.0072, dir_acc=54.7%, pos=100%, unique=1237, sharpe=119.34
    h2: std=0.0038, dir_acc=54.7%, pos=100%, unique=1187, sharpe=168.89
    h3: std=0.0025, dir_acc=54.8%, pos=100%, unique=1155, sharpe=212.27
    h4: std=0.0021, dir_acc=54.8%, pos=100%, unique=1118, sharpe=229.34
    h5: std=0.0018, dir_acc=54.9%, pos=100%, unique=1109, sharpe=233.09
  Aggregate: std_avg=0.0035, dir_acc_avg=54.8%, composite_avg=0.4237
  H1 detail: range=0.0390, mean=0.0538, dist_match=0.5469
  Collapse penalty: 0.000000 (threshold: 0.005000)
  Saved validation predictions to: experiments/10_overnight_sweep/daily_7q_h5_s456/collapse_monitoring/val_predictions_epoch7.npz
  Gradient norms:
    lstm_encoder: 0.000607
    lstm_decoder: 0.001467
    output_layer: 0.047010
  VSN output std:
    encoder: 0.213363
  Attention entropy: 2.990543
  Saved to: experiments/10_overnight_sweep/daily_7q_h5_s456/collapse_monitoring/collapse_monitor_latest.json
[DEBUG CollapseMonitor] on_validation_epoch_start called for epoch 8
[DEBUG CollapseMonitor] reset_temporal_state() called on loss function
Epoch 8: val_loss=0.44823259115219116
Epoch 8: train_loss=0.45267781615257263

[CollapseMonitor] Epoch 8
  [DEBUG] Processed 20 batches, 5 horizon(s)
  Multi-horizon metrics (5 horizons):
    h1: std=0.0103, dir_acc=54.7%, pos=100%, unique=1240, sharpe=140.81
    h2: std=0.0050, dir_acc=54.7%, pos=100%, unique=1215, sharpe=252.67
    h3: std=0.0037, dir_acc=54.8%, pos=100%, unique=1198, sharpe=315.81
    h4: std=0.0038, dir_acc=54.8%, pos=100%, unique=1204, sharpe=291.89
    h5: std=0.0039, dir_acc=54.9%, pos=100%, unique=1199, sharpe=274.42
  Aggregate: std_avg=0.0053, dir_acc_avg=54.8%, composite_avg=0.4237
  H1 detail: range=0.0506, mean=0.0913, dist_match=0.5469
  Collapse penalty: 0.000000 (threshold: 0.005000)
  Saved validation predictions to: experiments/10_overnight_sweep/daily_7q_h5_s456/collapse_monitoring/val_predictions_epoch8.npz
  Gradient norms:
    lstm_encoder: 0.000736
    lstm_decoder: 0.001557
    output_layer: 0.045760
  VSN output std:
    encoder: 0.165446
  Attention entropy: 2.990650
  Saved to: experiments/10_overnight_sweep/daily_7q_h5_s456/collapse_monitoring/collapse_monitor_latest.json
[DEBUG CollapseMonitor] on_validation_epoch_start called for epoch 9
[DEBUG CollapseMonitor] reset_temporal_state() called on loss function
Epoch 9: val_loss=0.43799540400505066
Epoch 9: train_loss=0.4469304084777832

[CollapseMonitor] Epoch 9
  [DEBUG] Processed 20 batches, 5 horizon(s)
  Multi-horizon metrics (5 horizons):
    h1: std=0.0213, dir_acc=53.5%, pos=94%, unique=1228, sharpe=36.71
    h2: std=0.0156, dir_acc=53.4%, pos=94%, unique=1199, sharpe=35.67
    h3: std=0.0117, dir_acc=53.4%, pos=95%, unique=1158, sharpe=38.17
    h4: std=0.0093, dir_acc=53.9%, pos=96%, unique=1153, sharpe=43.20
    h5: std=0.0080, dir_acc=54.6%, pos=97%, unique=1163, sharpe=48.79
  Aggregate: std_avg=0.0132, dir_acc_avg=53.8%, composite_avg=0.4289
  H1 detail: range=0.1312, mean=0.0493, dist_match=0.6041
  Collapse penalty: 0.000000 (threshold: 0.005000)
  Saved validation predictions to: experiments/10_overnight_sweep/daily_7q_h5_s456/collapse_monitoring/val_predictions_epoch9.npz
  Gradient norms:
    lstm_encoder: 0.001058
    lstm_decoder: 0.001579
    output_layer: 0.045797
  VSN output std:
    encoder: 0.189359
  Attention entropy: 2.991561
  Saved to: experiments/10_overnight_sweep/daily_7q_h5_s456/collapse_monitoring/collapse_monitor_latest.json
[DEBUG CollapseMonitor] on_validation_epoch_start called for epoch 10
[DEBUG CollapseMonitor] reset_temporal_state() called on loss function
Epoch 10: val_loss=0.43598371744155884
Epoch 10: train_loss=0.4415914714336395

[CollapseMonitor] Epoch 10
  [DEBUG] Processed 20 batches, 5 horizon(s)
  Multi-horizon metrics (5 horizons):
    h1: std=0.0188, dir_acc=54.2%, pos=97%, unique=1236, sharpe=54.36
    h2: std=0.0135, dir_acc=54.4%, pos=98%, unique=1207, sharpe=58.51
    h3: std=0.0097, dir_acc=54.8%, pos=100%, unique=1222, sharpe=69.50
    h4: std=0.0074, dir_acc=54.8%, pos=100%, unique=1185, sharpe=84.08
    h5: std=0.0064, dir_acc=54.9%, pos=100%, unique=1186, sharpe=94.91
  Aggregate: std_avg=0.0112, dir_acc_avg=54.6%, composite_avg=0.4250
  H1 detail: range=0.1189, mean=0.0645, dist_match=0.5751
  Collapse penalty: 0.000000 (threshold: 0.005000)
  Saved validation predictions to: experiments/10_overnight_sweep/daily_7q_h5_s456/collapse_monitoring/val_predictions_epoch10.npz
  Gradient norms:
    lstm_encoder: 0.001412
    lstm_decoder: 0.001650
    output_layer: 0.048341
  VSN output std:
    encoder: 0.188459
  Attention entropy: 2.986556
  Saved to: experiments/10_overnight_sweep/daily_7q_h5_s456/collapse_monitoring/collapse_monitor_latest.json
[DEBUG CollapseMonitor] on_validation_epoch_start called for epoch 11
[DEBUG CollapseMonitor] reset_temporal_state() called on loss function
Epoch 11: val_loss=0.43281862139701843
Epoch 11: train_loss=0.43773964047431946

[CollapseMonitor] Epoch 11
  [DEBUG] Processed 20 batches, 5 horizon(s)
  Multi-horizon metrics (5 horizons):
    h1: std=0.0183, dir_acc=54.5%, pos=99%, unique=1219, sharpe=59.30
    h2: std=0.0138, dir_acc=54.5%, pos=99%, unique=1177, sharpe=62.50
    h3: std=0.0101, dir_acc=54.8%, pos=100%, unique=1176, sharpe=73.99
    h4: std=0.0076, dir_acc=54.8%, pos=100%, unique=1166, sharpe=93.78
    h5: std=0.0059, dir_acc=54.9%, pos=100%, unique=1162, sharpe=117.94
  Aggregate: std_avg=0.0112, dir_acc_avg=54.7%, composite_avg=0.4243
  H1 detail: range=0.1191, mean=0.0685, dist_match=0.5603
  Collapse penalty: 0.000000 (threshold: 0.005000)
  Saved validation predictions to: experiments/10_overnight_sweep/daily_7q_h5_s456/collapse_monitoring/val_predictions_epoch11.npz
  Gradient norms:
    lstm_encoder: 0.001716
    lstm_decoder: 0.001643
    output_layer: 0.047208
  VSN output std:
    encoder: 0.184153
  Attention entropy: 2.976821
  Saved to: experiments/10_overnight_sweep/daily_7q_h5_s456/collapse_monitoring/collapse_monitor_latest.json
[DEBUG CollapseMonitor] on_validation_epoch_start called for epoch 12
[DEBUG CollapseMonitor] reset_temporal_state() called on loss function
Epoch 12: val_loss=0.42956843972206116
Epoch 12: train_loss=0.4358067512512207

[CollapseMonitor] Epoch 12
  [DEBUG] Processed 20 batches, 5 horizon(s)
  Multi-horizon metrics (5 horizons):
    h1: std=0.0179, dir_acc=54.7%, pos=99%, unique=1219, sharpe=62.52
    h2: std=0.0141, dir_acc=54.6%, pos=99%, unique=1178, sharpe=65.46
    h3: std=0.0107, dir_acc=54.8%, pos=100%, unique=1158, sharpe=76.70
    h4: std=0.0080, dir_acc=54.8%, pos=100%, unique=1152, sharpe=97.74
    h5: std=0.0061, dir_acc=54.9%, pos=100%, unique=1148, sharpe=128.81
  Aggregate: std_avg=0.0113, dir_acc_avg=54.7%, composite_avg=0.4248
  H1 detail: range=0.1158, mean=0.0703, dist_match=0.5595
  Collapse penalty: 0.000000 (threshold: 0.005000)
  Saved validation predictions to: experiments/10_overnight_sweep/daily_7q_h5_s456/collapse_monitoring/val_predictions_epoch12.npz
  Gradient norms:
    lstm_encoder: 0.001879
    lstm_decoder: 0.001779
    output_layer: 0.049223
  VSN output std:
    encoder: 0.180341
  Attention entropy: 2.940153
  Saved to: experiments/10_overnight_sweep/daily_7q_h5_s456/collapse_monitoring/collapse_monitor_latest.json
[DEBUG CollapseMonitor] on_validation_epoch_start called for epoch 13
[DEBUG CollapseMonitor] reset_temporal_state() called on loss function
Epoch 13: val_loss=0.42514821887016296
Epoch 13: train_loss=0.43358656764030457

[CollapseMonitor] Epoch 13
  [DEBUG] Processed 20 batches, 5 horizon(s)
  Multi-horizon metrics (5 horizons):
    h1: std=0.0131, dir_acc=54.7%, pos=100%, unique=1225, sharpe=76.94
    h2: std=0.0102, dir_acc=54.7%, pos=100%, unique=1205, sharpe=82.25
    h3: std=0.0076, dir_acc=54.8%, pos=100%, unique=1197, sharpe=98.62
    h4: std=0.0058, dir_acc=54.8%, pos=100%, unique=1191, sharpe=122.55
    h5: std=0.0054, dir_acc=54.9%, pos=100%, unique=1192, sharpe=133.81
  Aggregate: std_avg=0.0084, dir_acc_avg=54.8%, composite_avg=0.4237
  H1 detail: range=0.0906, mean=0.0636, dist_match=0.5469
  Collapse penalty: 0.000000 (threshold: 0.005000)
  Saved validation predictions to: experiments/10_overnight_sweep/daily_7q_h5_s456/collapse_monitoring/val_predictions_epoch13.npz
  Gradient norms:
    lstm_encoder: 0.002094
    lstm_decoder: 0.001796
    output_layer: 0.047569
  VSN output std:
    encoder: 0.175467
  Attention entropy: 2.876225
  Saved to: experiments/10_overnight_sweep/daily_7q_h5_s456/collapse_monitoring/collapse_monitor_latest.json
[DEBUG CollapseMonitor] on_validation_epoch_start called for epoch 14
[DEBUG CollapseMonitor] reset_temporal_state() called on loss function
Epoch 14: val_loss=0.42423129081726074
Epoch 14: train_loss=0.431753933429718

[CollapseMonitor] Epoch 14
  [DEBUG] Processed 20 batches, 5 horizon(s)
  Multi-horizon metrics (5 horizons):
    h1: std=0.0143, dir_acc=54.7%, pos=100%, unique=1250, sharpe=71.15
    h2: std=0.0122, dir_acc=54.7%, pos=100%, unique=1250, sharpe=69.69
    h3: std=0.0103, dir_acc=54.8%, pos=100%, unique=1249, sharpe=73.80
    h4: std=0.0089, dir_acc=54.8%, pos=100%, unique=1235, sharpe=82.28
    h5: std=0.0082, dir_acc=54.9%, pos=100%, unique=1235, sharpe=90.17
  Aggregate: std_avg=0.0108, dir_acc_avg=54.8%, composite_avg=0.4237
  H1 detail: range=0.0966, mean=0.0639, dist_match=0.5469
  Collapse penalty: 0.000000 (threshold: 0.005000)
  Saved validation predictions to: experiments/10_overnight_sweep/daily_7q_h5_s456/collapse_monitoring/val_predictions_epoch14.npz
  Gradient norms:
    lstm_encoder: 0.002177
    lstm_decoder: 0.001905
    output_layer: 0.045237
  VSN output std:
    encoder: 0.173965
  Attention entropy: 2.828053
  Saved to: experiments/10_overnight_sweep/daily_7q_h5_s456/collapse_monitoring/collapse_monitor_latest.json
[DEBUG CollapseMonitor] on_validation_epoch_start called for epoch 15
[DEBUG CollapseMonitor] reset_temporal_state() called on loss function
Epoch 15: val_loss=0.42187729477882385
Epoch 15: train_loss=0.43042463064193726

[CollapseMonitor] Epoch 15
  [DEBUG] Processed 20 batches, 5 horizon(s)
  Multi-horizon metrics (5 horizons):
    h1: std=0.0149, dir_acc=53.3%, pos=97%, unique=1262, sharpe=38.75
    h2: std=0.0133, dir_acc=53.5%, pos=97%, unique=1261, sharpe=32.22
    h3: std=0.0119, dir_acc=53.6%, pos=97%, unique=1250, sharpe=29.16
    h4: std=0.0108, dir_acc=54.0%, pos=97%, unique=1251, sharpe=29.78
    h5: std=0.0102, dir_acc=54.0%, pos=98%, unique=1251, sharpe=32.31
  Aggregate: std_avg=0.0122, dir_acc_avg=53.7%, composite_avg=0.4229
  H1 detail: range=0.0948, mean=0.0363, dist_match=0.5782
  Collapse penalty: 0.000000 (threshold: 0.005000)
  Saved validation predictions to: experiments/10_overnight_sweep/daily_7q_h5_s456/collapse_monitoring/val_predictions_epoch15.npz
  Gradient norms:
    lstm_encoder: 0.002617
    lstm_decoder: 0.002172
    output_layer: 0.045876
  VSN output std:
    encoder: 0.172216
  Attention entropy: 2.730211
  Saved to: experiments/10_overnight_sweep/daily_7q_h5_s456/collapse_monitoring/collapse_monitor_latest.json
[DEBUG CollapseMonitor] on_validation_epoch_start called for epoch 16
[DEBUG CollapseMonitor] reset_temporal_state() called on loss function
Epoch 16: val_loss=0.41985300183296204
Epoch 16: train_loss=0.42910072207450867

[CollapseMonitor] Epoch 16
  [DEBUG] Processed 20 batches, 5 horizon(s)
  Multi-horizon metrics (5 horizons):
    h1: std=0.0157, dir_acc=54.5%, pos=99%, unique=1254, sharpe=76.64
    h2: std=0.0142, dir_acc=54.5%, pos=99%, unique=1247, sharpe=74.88
    h3: std=0.0127, dir_acc=54.4%, pos=99%, unique=1249, sharpe=77.50
    h4: std=0.0113, dir_acc=54.8%, pos=100%, unique=1247, sharpe=85.19
    h5: std=0.0102, dir_acc=54.9%, pos=100%, unique=1244, sharpe=95.09
  Aggregate: std_avg=0.0128, dir_acc_avg=54.6%, composite_avg=0.4235
  H1 detail: range=0.1075, mean=0.0757, dist_match=0.5524
  Collapse penalty: 0.000000 (threshold: 0.005000)
  Saved validation predictions to: experiments/10_overnight_sweep/daily_7q_h5_s456/collapse_monitoring/val_predictions_epoch16.npz
  Gradient norms:
    lstm_encoder: 0.002891
    lstm_decoder: 0.002267
    output_layer: 0.043093
  VSN output std:
    encoder: 0.173240
  Attention entropy: 2.584761
  Saved to: experiments/10_overnight_sweep/daily_7q_h5_s456/collapse_monitoring/collapse_monitor_latest.json
[DEBUG CollapseMonitor] on_validation_epoch_start called for epoch 17
[DEBUG CollapseMonitor] reset_temporal_state() called on loss function
Epoch 17: val_loss=0.41773825883865356
Epoch 17: train_loss=0.4287646412849426

[CollapseMonitor] Epoch 17
  [DEBUG] Processed 20 batches, 5 horizon(s)
  Multi-horizon metrics (5 horizons):
    h1: std=0.0161, dir_acc=54.2%, pos=99%, unique=1255, sharpe=69.58
    h2: std=0.0150, dir_acc=54.3%, pos=99%, unique=1258, sharpe=66.37
    h3: std=0.0139, dir_acc=54.4%, pos=99%, unique=1257, sharpe=66.57
    h4: std=0.0127, dir_acc=54.6%, pos=99%, unique=1244, sharpe=71.17
    h5: std=0.0118, dir_acc=54.9%, pos=100%, unique=1250, sharpe=77.96
  Aggregate: std_avg=0.0139, dir_acc_avg=54.5%, composite_avg=0.4238
  H1 detail: range=0.1113, mean=0.0707, dist_match=0.5579
  Collapse penalty: 0.000000 (threshold: 0.005000)
  Saved validation predictions to: experiments/10_overnight_sweep/daily_7q_h5_s456/collapse_monitoring/val_predictions_epoch17.npz
  Gradient norms:
    lstm_encoder: 0.003090
    lstm_decoder: 0.002533
    output_layer: 0.046931
  VSN output std:
    encoder: 0.175147
  Attention entropy: 2.450931
  Saved to: experiments/10_overnight_sweep/daily_7q_h5_s456/collapse_monitoring/collapse_monitor_latest.json
[DEBUG CollapseMonitor] on_validation_epoch_start called for epoch 18
[DEBUG CollapseMonitor] reset_temporal_state() called on loss function
Epoch 18: val_loss=0.41695067286491394
Epoch 18: train_loss=0.42782536149024963

[CollapseMonitor] Epoch 18
  [DEBUG] Processed 20 batches, 5 horizon(s)
  Multi-horizon metrics (5 horizons):
    h1: std=0.0163, dir_acc=54.3%, pos=99%, unique=1258, sharpe=59.15
    h2: std=0.0159, dir_acc=54.2%, pos=99%, unique=1264, sharpe=53.26
    h3: std=0.0156, dir_acc=54.5%, pos=99%, unique=1260, sharpe=50.07
    h4: std=0.0152, dir_acc=54.5%, pos=99%, unique=1251, sharpe=50.04
    h5: std=0.0151, dir_acc=54.9%, pos=100%, unique=1259, sharpe=51.37
  Aggregate: std_avg=0.0156, dir_acc_avg=54.5%, composite_avg=0.4237
  H1 detail: range=0.1133, mean=0.0609, dist_match=0.5571
  Collapse penalty: 0.000000 (threshold: 0.005000)
  Saved validation predictions to: experiments/10_overnight_sweep/daily_7q_h5_s456/collapse_monitoring/val_predictions_epoch18.npz
  Gradient norms:
    lstm_encoder: 0.003375
    lstm_decoder: 0.002657
    output_layer: 0.045280
  VSN output std:
    encoder: 0.177684
  Attention entropy: 2.433894
  Saved to: experiments/10_overnight_sweep/daily_7q_h5_s456/collapse_monitoring/collapse_monitor_latest.json
[DEBUG CollapseMonitor] on_validation_epoch_start called for epoch 19
[DEBUG CollapseMonitor] reset_temporal_state() called on loss function
Epoch 19: val_loss=0.41516610980033875
Epoch 19: train_loss=0.42697662115097046

[CollapseMonitor] Epoch 19
  [DEBUG] Processed 20 batches, 5 horizon(s)
  Multi-horizon metrics (5 horizons):
    h1: std=0.0153, dir_acc=54.4%, pos=99%, unique=1253, sharpe=62.84
    h2: std=0.0147, dir_acc=54.2%, pos=98%, unique=1253, sharpe=57.71
    h3: std=0.0143, dir_acc=54.4%, pos=99%, unique=1245, sharpe=55.19
    h4: std=0.0137, dir_acc=54.1%, pos=99%, unique=1252, sharpe=56.28
    h5: std=0.0134, dir_acc=54.2%, pos=99%, unique=1250, sharpe=59.09
  Aggregate: std_avg=0.0143, dir_acc_avg=54.3%, composite_avg=0.4236
  H1 detail: range=0.1307, mean=0.0606, dist_match=0.5610
  Collapse penalty: 0.000000 (threshold: 0.005000)
  Saved validation predictions to: experiments/10_overnight_sweep/daily_7q_h5_s456/collapse_monitoring/val_predictions_epoch19.npz
  Gradient norms:
    lstm_encoder: 0.003441
    lstm_decoder: 0.002583
    output_layer: 0.041969
  VSN output std:
    encoder: 0.178902
  Attention entropy: 2.111972
  Saved to: experiments/10_overnight_sweep/daily_7q_h5_s456/collapse_monitoring/collapse_monitor_latest.json
[DEBUG CollapseMonitor] on_validation_epoch_start called for epoch 20
[DEBUG CollapseMonitor] reset_temporal_state() called on loss function
Epoch 20: val_loss=0.4144228398799896
Epoch 20: train_loss=0.42726221680641174

[CollapseMonitor] Epoch 20
  [DEBUG] Processed 20 batches, 5 horizon(s)
  Multi-horizon metrics (5 horizons):
    h1: std=0.0151, dir_acc=53.7%, pos=97%, unique=1256, sharpe=45.95
    h2: std=0.0145, dir_acc=53.9%, pos=97%, unique=1256, sharpe=40.51
    h3: std=0.0141, dir_acc=53.8%, pos=97%, unique=1253, sharpe=37.71
    h4: std=0.0136, dir_acc=53.9%, pos=98%, unique=1244, sharpe=38.26
    h5: std=0.0134, dir_acc=54.3%, pos=98%, unique=1246, sharpe=40.62
  Aggregate: std_avg=0.0141, dir_acc_avg=53.9%, composite_avg=0.4237
  H1 detail: range=0.1549, mean=0.0437, dist_match=0.5728
  Collapse penalty: 0.000000 (threshold: 0.005000)
  Saved validation predictions to: experiments/10_overnight_sweep/daily_7q_h5_s456/collapse_monitoring/val_predictions_epoch20.npz
  Gradient norms:
    lstm_encoder: 0.003665
    lstm_decoder: 0.002718
    output_layer: 0.044041
  VSN output std:
    encoder: 0.178856
  Attention entropy: 2.061278
  Saved to: experiments/10_overnight_sweep/daily_7q_h5_s456/collapse_monitoring/collapse_monitor_latest.json
[DEBUG CollapseMonitor] on_validation_epoch_start called for epoch 21
[DEBUG CollapseMonitor] reset_temporal_state() called on loss function
Epoch 21: val_loss=0.41312170028686523
Epoch 21: train_loss=0.42677584290504456

[CollapseMonitor] Epoch 21
  [DEBUG] Processed 20 batches, 5 horizon(s)
  Multi-horizon metrics (5 horizons):
    h1: std=0.0176, dir_acc=54.1%, pos=99%, unique=1261, sharpe=57.37
    h2: std=0.0173, dir_acc=54.5%, pos=99%, unique=1258, sharpe=52.33
    h3: std=0.0171, dir_acc=54.5%, pos=99%, unique=1253, sharpe=49.51
    h4: std=0.0169, dir_acc=54.9%, pos=100%, unique=1258, sharpe=49.46
    h5: std=0.0169, dir_acc=54.9%, pos=100%, unique=1253, sharpe=50.66
  Aggregate: std_avg=0.0172, dir_acc_avg=54.6%, composite_avg=0.4240
  H1 detail: range=0.1496, mean=0.0636, dist_match=0.5571
  Collapse penalty: 0.000000 (threshold: 0.005000)
  Saved validation predictions to: experiments/10_overnight_sweep/daily_7q_h5_s456/collapse_monitoring/val_predictions_epoch21.npz
  Gradient norms:
    lstm_encoder: 0.003907
    lstm_decoder: 0.002774
    output_layer: 0.044590
  VSN output std:
    encoder: 0.180132
  Attention entropy: 2.056865
  Saved to: experiments/10_overnight_sweep/daily_7q_h5_s456/collapse_monitoring/collapse_monitor_latest.json
[DEBUG CollapseMonitor] on_validation_epoch_start called for epoch 22
[DEBUG CollapseMonitor] reset_temporal_state() called on loss function
Epoch 22: val_loss=0.4134615957736969
Epoch 22: train_loss=0.42582693696022034

[CollapseMonitor] Epoch 22
  [DEBUG] Processed 20 batches, 5 horizon(s)
  Multi-horizon metrics (5 horizons):
    h1: std=0.0191, dir_acc=54.7%, pos=100%, unique=1268, sharpe=72.83
    h2: std=0.0190, dir_acc=54.7%, pos=100%, unique=1256, sharpe=68.47
    h3: std=0.0190, dir_acc=54.8%, pos=100%, unique=1264, sharpe=66.09
    h4: std=0.0189, dir_acc=54.8%, pos=100%, unique=1255, sharpe=66.13
    h5: std=0.0191, dir_acc=54.9%, pos=100%, unique=1261, sharpe=67.11
  Aggregate: std_avg=0.0190, dir_acc_avg=54.8%, composite_avg=0.4237
  H1 detail: range=0.1480, mean=0.0874, dist_match=0.5469
  Collapse penalty: 0.000000 (threshold: 0.005000)
  Saved validation predictions to: experiments/10_overnight_sweep/daily_7q_h5_s456/collapse_monitoring/val_predictions_epoch22.npz
  Gradient norms:
    lstm_encoder: 0.004476
    lstm_decoder: 0.003199
    output_layer: 0.045200
  VSN output std:
    encoder: 0.183807
  Attention entropy: 2.091710
  Saved to: experiments/10_overnight_sweep/daily_7q_h5_s456/collapse_monitoring/collapse_monitor_latest.json
[DEBUG CollapseMonitor] on_validation_epoch_start called for epoch 23
[DEBUG CollapseMonitor] reset_temporal_state() called on loss function
Epoch 23: val_loss=0.41275906562805176
Epoch 23: train_loss=0.4245581030845642

[CollapseMonitor] Epoch 23
  [DEBUG] Processed 20 batches, 5 horizon(s)
  Multi-horizon metrics (5 horizons):
    h1: std=0.0161, dir_acc=54.3%, pos=99%, unique=1255, sharpe=65.86
    h2: std=0.0155, dir_acc=54.5%, pos=99%, unique=1262, sharpe=62.58
    h3: std=0.0152, dir_acc=54.4%, pos=99%, unique=1255, sharpe=60.91
    h4: std=0.0148, dir_acc=54.9%, pos=100%, unique=1262, sharpe=62.12
    h5: std=0.0147, dir_acc=54.9%, pos=100%, unique=1254, sharpe=64.77
  Aggregate: std_avg=0.0153, dir_acc_avg=54.6%, composite_avg=0.4239
  H1 detail: range=0.1392, mean=0.0669, dist_match=0.5571
  Collapse penalty: 0.000000 (threshold: 0.005000)
  Saved validation predictions to: experiments/10_overnight_sweep/daily_7q_h5_s456/collapse_monitoring/val_predictions_epoch23.npz
  Gradient norms:
    lstm_encoder: 0.004876
    lstm_decoder: 0.003062
    output_layer: 0.043683
  VSN output std:
    encoder: 0.184104
  Attention entropy: 1.950171
  Saved to: experiments/10_overnight_sweep/daily_7q_h5_s456/collapse_monitoring/collapse_monitor_latest.json
[DEBUG CollapseMonitor] on_validation_epoch_start called for epoch 24
[DEBUG CollapseMonitor] reset_temporal_state() called on loss function
Epoch 24: val_loss=0.4116819500923157
Epoch 24: train_loss=0.4249902665615082

[CollapseMonitor] Epoch 24
  [DEBUG] Processed 20 batches, 5 horizon(s)
  Multi-horizon metrics (5 horizons):
    h1: std=0.0192, dir_acc=54.7%, pos=100%, unique=1260, sharpe=53.36
    h2: std=0.0192, dir_acc=54.7%, pos=100%, unique=1264, sharpe=48.39
    h3: std=0.0192, dir_acc=54.8%, pos=100%, unique=1260, sharpe=45.75
    h4: std=0.0192, dir_acc=54.8%, pos=100%, unique=1255, sharpe=45.47
    h5: std=0.0194, dir_acc=54.9%, pos=100%, unique=1261, sharpe=46.31
  Aggregate: std_avg=0.0192, dir_acc_avg=54.8%, composite_avg=0.4237
  H1 detail: range=0.1311, mean=0.0646, dist_match=0.5469
  Collapse penalty: 0.000000 (threshold: 0.005000)
  Saved validation predictions to: experiments/10_overnight_sweep/daily_7q_h5_s456/collapse_monitoring/val_predictions_epoch24.npz
  Gradient norms:
    lstm_encoder: 0.005521
    lstm_decoder: 0.003287
    output_layer: 0.042996
  VSN output std:
    encoder: 0.185520
  Attention entropy: 1.828590
  Saved to: experiments/10_overnight_sweep/daily_7q_h5_s456/collapse_monitoring/collapse_monitor_latest.json
[DEBUG CollapseMonitor] on_validation_epoch_start called for epoch 25
[DEBUG CollapseMonitor] reset_temporal_state() called on loss function
Epoch 25: val_loss=0.4107424318790436
Epoch 25: train_loss=0.4251035451889038

[CollapseMonitor] Epoch 25
  [DEBUG] Processed 20 batches, 5 horizon(s)
  Multi-horizon metrics (5 horizons):
    h1: std=0.0168, dir_acc=54.7%, pos=100%, unique=1256, sharpe=58.01
    h2: std=0.0167, dir_acc=54.7%, pos=100%, unique=1249, sharpe=53.05
    h3: std=0.0167, dir_acc=54.8%, pos=100%, unique=1251, sharpe=50.34
    h4: std=0.0168, dir_acc=54.8%, pos=100%, unique=1252, sharpe=50.06
    h5: std=0.0171, dir_acc=54.9%, pos=100%, unique=1260, sharpe=50.81
  Aggregate: std_avg=0.0168, dir_acc_avg=54.8%, composite_avg=0.4237
  H1 detail: range=0.1400, mean=0.0615, dist_match=0.5469
  Collapse penalty: 0.000000 (threshold: 0.005000)
  Saved validation predictions to: experiments/10_overnight_sweep/daily_7q_h5_s456/collapse_monitoring/val_predictions_epoch25.npz
  Gradient norms:
    lstm_encoder: 0.006415
    lstm_decoder: 0.003442
    output_layer: 0.045710
  VSN output std:
    encoder: 0.185627
  Attention entropy: 1.637465
  Saved to: experiments/10_overnight_sweep/daily_7q_h5_s456/collapse_monitoring/collapse_monitor_latest.json
[DEBUG CollapseMonitor] on_validation_epoch_start called for epoch 26
[DEBUG CollapseMonitor] reset_temporal_state() called on loss function
Epoch 26: val_loss=0.4124041497707367
Epoch 26: train_loss=0.4244658350944519

[CollapseMonitor] Epoch 26
  [DEBUG] Processed 20 batches, 5 horizon(s)
  Multi-horizon metrics (5 horizons):
    h1: std=0.0186, dir_acc=54.7%, pos=100%, unique=1256, sharpe=68.24
    h2: std=0.0186, dir_acc=54.7%, pos=100%, unique=1265, sharpe=63.90
    h3: std=0.0186, dir_acc=54.8%, pos=100%, unique=1265, sharpe=61.84
    h4: std=0.0185, dir_acc=54.8%, pos=100%, unique=1257, sharpe=62.15
    h5: std=0.0185, dir_acc=54.9%, pos=100%, unique=1252, sharpe=63.56
  Aggregate: std_avg=0.0186, dir_acc_avg=54.8%, composite_avg=0.4237
  H1 detail: range=0.1502, mean=0.0799, dist_match=0.5469
  Collapse penalty: 0.000000 (threshold: 0.005000)
  Saved validation predictions to: experiments/10_overnight_sweep/daily_7q_h5_s456/collapse_monitoring/val_predictions_epoch26.npz
  Gradient norms:
    lstm_encoder: 0.007731
    lstm_decoder: 0.003837
    output_layer: 0.047753
  VSN output std:
    encoder: 0.187381
  Attention entropy: 1.756355
  Saved to: experiments/10_overnight_sweep/daily_7q_h5_s456/collapse_monitoring/collapse_monitor_latest.json
[DEBUG CollapseMonitor] on_validation_epoch_start called for epoch 27
[DEBUG CollapseMonitor] reset_temporal_state() called on loss function
Epoch 27: val_loss=0.41079115867614746
Epoch 27: train_loss=0.42407357692718506

[CollapseMonitor] Epoch 27
  [DEBUG] Processed 20 batches, 5 horizon(s)
  Multi-horizon metrics (5 horizons):
    h1: std=0.0189, dir_acc=54.7%, pos=100%, unique=1270, sharpe=62.25
    h2: std=0.0185, dir_acc=54.7%, pos=100%, unique=1264, sharpe=58.87
    h3: std=0.0184, dir_acc=54.8%, pos=100%, unique=1261, sharpe=56.86
    h4: std=0.0183, dir_acc=54.8%, pos=100%, unique=1267, sharpe=56.71
    h5: std=0.0185, dir_acc=54.9%, pos=100%, unique=1265, sharpe=57.61
  Aggregate: std_avg=0.0185, dir_acc_avg=54.8%, composite_avg=0.4237
  H1 detail: range=0.1839, mean=0.0740, dist_match=0.5469
  Collapse penalty: 0.000000 (threshold: 0.005000)
  Saved validation predictions to: experiments/10_overnight_sweep/daily_7q_h5_s456/collapse_monitoring/val_predictions_epoch27.npz
  Gradient norms:
    lstm_encoder: 0.009190
    lstm_decoder: 0.003886
    output_layer: 0.045174
  VSN output std:
    encoder: 0.190549
  Attention entropy: 1.630366
  Saved to: experiments/10_overnight_sweep/daily_7q_h5_s456/collapse_monitoring/collapse_monitor_latest.json
[DEBUG CollapseMonitor] on_validation_epoch_start called for epoch 28
[DEBUG CollapseMonitor] reset_temporal_state() called on loss function
Epoch 28: val_loss=0.41115015745162964
Epoch 28: train_loss=0.42375612258911133

[CollapseMonitor] Epoch 28
  [DEBUG] Processed 20 batches, 5 horizon(s)
  Multi-horizon metrics (5 horizons):
    h1: std=0.0186, dir_acc=54.7%, pos=100%, unique=1269, sharpe=57.88
    h2: std=0.0184, dir_acc=54.8%, pos=100%, unique=1263, sharpe=54.47
    h3: std=0.0183, dir_acc=54.9%, pos=100%, unique=1259, sharpe=52.98
    h4: std=0.0180, dir_acc=54.8%, pos=100%, unique=1263, sharpe=53.55
    h5: std=0.0179, dir_acc=54.9%, pos=100%, unique=1255, sharpe=55.24
  Aggregate: std_avg=0.0182, dir_acc_avg=54.8%, composite_avg=0.4240
  H1 detail: range=0.1480, mean=0.0678, dist_match=0.5469
  Collapse penalty: 0.000000 (threshold: 0.005000)
  Saved validation predictions to: experiments/10_overnight_sweep/daily_7q_h5_s456/collapse_monitoring/val_predictions_epoch28.npz
  Gradient norms:
    lstm_encoder: 0.008166
    lstm_decoder: 0.003796
    output_layer: 0.046285
  VSN output std:
    encoder: 0.188685
  Attention entropy: 1.694419
  Saved to: experiments/10_overnight_sweep/daily_7q_h5_s456/collapse_monitoring/collapse_monitor_latest.json
[DEBUG CollapseMonitor] on_validation_epoch_start called for epoch 29
[DEBUG CollapseMonitor] reset_temporal_state() called on loss function
Epoch 29: val_loss=0.4102625548839569
Epoch 29: train_loss=0.423764169216156

[CollapseMonitor] Epoch 29
  [DEBUG] Processed 20 batches, 5 horizon(s)
  Multi-horizon metrics (5 horizons):
    h1: std=0.0181, dir_acc=54.7%, pos=100%, unique=1262, sharpe=56.82
    h2: std=0.0181, dir_acc=54.7%, pos=100%, unique=1271, sharpe=53.19
    h3: std=0.0181, dir_acc=54.9%, pos=100%, unique=1260, sharpe=51.54
    h4: std=0.0180, dir_acc=54.8%, pos=100%, unique=1262, sharpe=51.89
    h5: std=0.0181, dir_acc=54.9%, pos=100%, unique=1265, sharpe=53.30
  Aggregate: std_avg=0.0181, dir_acc_avg=54.8%, composite_avg=0.4240
  H1 detail: range=0.1453, mean=0.0646, dist_match=0.5485
  Collapse penalty: 0.000000 (threshold: 0.005000)
  Saved validation predictions to: experiments/10_overnight_sweep/daily_7q_h5_s456/collapse_monitoring/val_predictions_epoch29.npz
  Gradient norms:
    lstm_encoder: 0.008322
    lstm_decoder: 0.003691
    output_layer: 0.044963
  VSN output std:
    encoder: 0.188516
  Attention entropy: 1.586433
  Saved to: experiments/10_overnight_sweep/daily_7q_h5_s456/collapse_monitoring/collapse_monitor_latest.json
[DEBUG CollapseMonitor] on_validation_epoch_start called for epoch 30
[DEBUG CollapseMonitor] reset_temporal_state() called on loss function
Epoch 30: val_loss=0.41139882802963257
Epoch 30: train_loss=0.4234139323234558

[CollapseMonitor] Epoch 30
  [DEBUG] Processed 20 batches, 5 horizon(s)
  Multi-horizon metrics (5 horizons):
    h1: std=0.0202, dir_acc=54.7%, pos=100%, unique=1266, sharpe=60.49
    h2: std=0.0207, dir_acc=54.7%, pos=100%, unique=1265, sharpe=56.77
    h3: std=0.0210, dir_acc=54.8%, pos=100%, unique=1265, sharpe=55.08
    h4: std=0.0211, dir_acc=54.8%, pos=100%, unique=1262, sharpe=55.12
    h5: std=0.0211, dir_acc=54.9%, pos=100%, unique=1264, sharpe=56.16
  Aggregate: std_avg=0.0208, dir_acc_avg=54.8%, composite_avg=0.4237
  H1 detail: range=0.1642, mean=0.0770, dist_match=0.5469
  Collapse penalty: 0.000000 (threshold: 0.005000)
  Saved validation predictions to: experiments/10_overnight_sweep/daily_7q_h5_s456/collapse_monitoring/val_predictions_epoch30.npz
  Gradient norms:
    lstm_encoder: 0.010277
    lstm_decoder: 0.004092
    output_layer: 0.046502
  VSN output std:
    encoder: 0.191591
  Attention entropy: 1.680777
  Saved to: experiments/10_overnight_sweep/daily_7q_h5_s456/collapse_monitoring/collapse_monitor_latest.json
[DEBUG CollapseMonitor] on_validation_epoch_start called for epoch 31
[DEBUG CollapseMonitor] reset_temporal_state() called on loss function
Epoch 31: val_loss=0.41102999448776245
Epoch 31: train_loss=0.4235047698020935

[CollapseMonitor] Epoch 31
  [DEBUG] Processed 20 batches, 5 horizon(s)
  Multi-horizon metrics (5 horizons):
    h1: std=0.0205, dir_acc=54.7%, pos=100%, unique=1265, sharpe=61.80
    h2: std=0.0207, dir_acc=54.7%, pos=100%, unique=1264, sharpe=58.29
    h3: std=0.0209, dir_acc=54.8%, pos=100%, unique=1264, sharpe=56.55
    h4: std=0.0209, dir_acc=54.8%, pos=100%, unique=1269, sharpe=56.39
    h5: std=0.0209, dir_acc=54.9%, pos=100%, unique=1266, sharpe=57.22
  Aggregate: std_avg=0.0208, dir_acc_avg=54.8%, composite_avg=0.4237
  H1 detail: range=0.1758, mean=0.0798, dist_match=0.5469
  Collapse penalty: 0.000000 (threshold: 0.005000)
  Saved validation predictions to: experiments/10_overnight_sweep/daily_7q_h5_s456/collapse_monitoring/val_predictions_epoch31.npz
  Gradient norms:
    lstm_encoder: 0.012085
    lstm_decoder: 0.004223
    output_layer: 0.045070
  VSN output std:
    encoder: 0.191634
  Attention entropy: 1.632879
  Saved to: experiments/10_overnight_sweep/daily_7q_h5_s456/collapse_monitoring/collapse_monitor_latest.json
[DEBUG CollapseMonitor] on_validation_epoch_start called for epoch 32
[DEBUG CollapseMonitor] reset_temporal_state() called on loss function
Epoch 32: val_loss=0.41001731157302856
Epoch 32: train_loss=0.42272311449050903

[CollapseMonitor] Epoch 32
  [DEBUG] Processed 20 batches, 5 horizon(s)
  Multi-horizon metrics (5 horizons):
    h1: std=0.0221, dir_acc=54.7%, pos=100%, unique=1267, sharpe=54.55
    h2: std=0.0225, dir_acc=54.7%, pos=100%, unique=1259, sharpe=51.26
    h3: std=0.0227, dir_acc=54.8%, pos=100%, unique=1265, sharpe=49.60
    h4: std=0.0229, dir_acc=54.8%, pos=100%, unique=1265, sharpe=49.34
    h5: std=0.0231, dir_acc=54.9%, pos=100%, unique=1267, sharpe=49.88
  Aggregate: std_avg=0.0226, dir_acc_avg=54.8%, composite_avg=0.4237
  H1 detail: range=0.1608, mean=0.0758, dist_match=0.5469
  Collapse penalty: 0.000000 (threshold: 0.005000)
  Saved validation predictions to: experiments/10_overnight_sweep/daily_7q_h5_s456/collapse_monitoring/val_predictions_epoch32.npz
  Gradient norms:
    lstm_encoder: 0.011696
    lstm_decoder: 0.004057
    output_layer: 0.044623
  VSN output std:
    encoder: 0.191164
  Attention entropy: 1.527460
  Saved to: experiments/10_overnight_sweep/daily_7q_h5_s456/collapse_monitoring/collapse_monitor_latest.json
[DEBUG CollapseMonitor] on_validation_epoch_start called for epoch 33
[DEBUG CollapseMonitor] reset_temporal_state() called on loss function
Epoch 33: val_loss=0.41234061121940613
Epoch 33: train_loss=0.4227713644504547

[CollapseMonitor] Epoch 33
  [DEBUG] Processed 20 batches, 5 horizon(s)
  Multi-horizon metrics (5 horizons):
    h1: std=0.0234, dir_acc=54.7%, pos=100%, unique=1271, sharpe=50.43
    h2: std=0.0233, dir_acc=54.7%, pos=100%, unique=1267, sharpe=48.17
    h3: std=0.0230, dir_acc=54.8%, pos=100%, unique=1260, sharpe=47.41
    h4: std=0.0225, dir_acc=54.8%, pos=100%, unique=1267, sharpe=48.10
    h5: std=0.0221, dir_acc=54.9%, pos=100%, unique=1262, sharpe=49.75
  Aggregate: std_avg=0.0229, dir_acc_avg=54.8%, composite_avg=0.4237
  H1 detail: range=0.1488, mean=0.0744, dist_match=0.5469
  Collapse penalty: 0.000000 (threshold: 0.005000)
  Saved validation predictions to: experiments/10_overnight_sweep/daily_7q_h5_s456/collapse_monitoring/val_predictions_epoch33.npz
  Gradient norms:
    lstm_encoder: 0.013509
    lstm_decoder: 0.004519
    output_layer: 0.045082
  VSN output std:
    encoder: 0.194595
  Attention entropy: 1.742567
  Saved to: experiments/10_overnight_sweep/daily_7q_h5_s456/collapse_monitoring/collapse_monitor_latest.json
[DEBUG CollapseMonitor] on_validation_epoch_start called for epoch 34
[DEBUG CollapseMonitor] reset_temporal_state() called on loss function
Epoch 34: val_loss=0.4099154472351074
Epoch 34: train_loss=0.4228571653366089

[CollapseMonitor] Epoch 34
  [DEBUG] Processed 20 batches, 5 horizon(s)
  Multi-horizon metrics (5 horizons):
    h1: std=0.0254, dir_acc=54.7%, pos=100%, unique=1268, sharpe=53.48
    h2: std=0.0253, dir_acc=54.7%, pos=100%, unique=1270, sharpe=51.58
    h3: std=0.0253, dir_acc=54.8%, pos=100%, unique=1268, sharpe=50.74
    h4: std=0.0252, dir_acc=54.8%, pos=100%, unique=1270, sharpe=50.91
    h5: std=0.0252, dir_acc=54.9%, pos=100%, unique=1266, sharpe=51.72
  Aggregate: std_avg=0.0253, dir_acc_avg=54.8%, composite_avg=0.4237
  H1 detail: range=0.1978, mean=0.0856, dist_match=0.5469
  Collapse penalty: 0.000000 (threshold: 0.005000)
  Saved validation predictions to: experiments/10_overnight_sweep/daily_7q_h5_s456/collapse_monitoring/val_predictions_epoch34.npz
  Gradient norms:
    lstm_encoder: 0.014100
    lstm_decoder: 0.004501
    output_layer: 0.048344
  VSN output std:
    encoder: 0.193437
  Attention entropy: 1.600190
  Saved to: experiments/10_overnight_sweep/daily_7q_h5_s456/collapse_monitoring/collapse_monitor_latest.json
[DEBUG CollapseMonitor] on_validation_epoch_start called for epoch 35
[DEBUG CollapseMonitor] reset_temporal_state() called on loss function
Epoch 35: val_loss=0.4099426865577698
Epoch 35: train_loss=0.4217433035373688

[CollapseMonitor] Epoch 35
  [DEBUG] Processed 20 batches, 5 horizon(s)
  Multi-horizon metrics (5 horizons):
    h1: std=0.0242, dir_acc=54.7%, pos=100%, unique=1265, sharpe=55.12
    h2: std=0.0244, dir_acc=54.7%, pos=100%, unique=1266, sharpe=52.84
    h3: std=0.0245, dir_acc=54.8%, pos=100%, unique=1267, sharpe=51.68
    h4: std=0.0247, dir_acc=54.8%, pos=100%, unique=1272, sharpe=51.48
    h5: std=0.0249, dir_acc=54.9%, pos=100%, unique=1275, sharpe=51.91
  Aggregate: std_avg=0.0245, dir_acc_avg=54.8%, composite_avg=0.4237
  H1 detail: range=0.1902, mean=0.0840, dist_match=0.5469
  Collapse penalty: 0.000000 (threshold: 0.005000)
  Saved validation predictions to: experiments/10_overnight_sweep/daily_7q_h5_s456/collapse_monitoring/val_predictions_epoch35.npz
  Gradient norms:
    lstm_encoder: 0.012627
    lstm_decoder: 0.004318
    output_layer: 0.042774
  VSN output std:
    encoder: 0.194356
  Attention entropy: 1.546694
  Saved to: experiments/10_overnight_sweep/daily_7q_h5_s456/collapse_monitoring/collapse_monitor_latest.json
[DEBUG CollapseMonitor] on_validation_epoch_start called for epoch 36
[DEBUG CollapseMonitor] reset_temporal_state() called on loss function
Epoch 36: val_loss=0.4118107855319977
Epoch 36: train_loss=0.4219876229763031

[CollapseMonitor] Epoch 36
  [DEBUG] Processed 20 batches, 5 horizon(s)
  Multi-horizon metrics (5 horizons):
    h1: std=0.0252, dir_acc=54.7%, pos=100%, unique=1268, sharpe=54.55
    h2: std=0.0252, dir_acc=54.7%, pos=100%, unique=1271, sharpe=53.14
    h3: std=0.0251, dir_acc=54.8%, pos=100%, unique=1263, sharpe=52.80
    h4: std=0.0249, dir_acc=54.8%, pos=100%, unique=1272, sharpe=53.39
    h5: std=0.0247, dir_acc=54.9%, pos=100%, unique=1269, sharpe=54.63
  Aggregate: std_avg=0.0250, dir_acc_avg=54.8%, composite_avg=0.4237
  H1 detail: range=0.1725, mean=0.0865, dist_match=0.5469
  Collapse penalty: 0.000000 (threshold: 0.005000)
  Saved validation predictions to: experiments/10_overnight_sweep/daily_7q_h5_s456/collapse_monitoring/val_predictions_epoch36.npz
  Gradient norms:
    lstm_encoder: 0.014226
    lstm_decoder: 0.004888
    output_layer: 0.044887
  VSN output std:
    encoder: 0.196543
  Attention entropy: 1.685470
  Saved to: experiments/10_overnight_sweep/daily_7q_h5_s456/collapse_monitoring/collapse_monitor_latest.json
[DEBUG CollapseMonitor] on_validation_epoch_start called for epoch 37
[DEBUG CollapseMonitor] reset_temporal_state() called on loss function
Epoch 37: val_loss=0.4105260968208313
Epoch 37: train_loss=0.42220428586006165

[CollapseMonitor] Epoch 37
  [DEBUG] Processed 20 batches, 5 horizon(s)
  Multi-horizon metrics (5 horizons):
    h1: std=0.0250, dir_acc=54.7%, pos=100%, unique=1268, sharpe=51.14
    h2: std=0.0251, dir_acc=54.7%, pos=100%, unique=1271, sharpe=49.90
    h3: std=0.0250, dir_acc=54.8%, pos=100%, unique=1275, sharpe=49.75
    h4: std=0.0249, dir_acc=54.8%, pos=100%, unique=1267, sharpe=50.55
    h5: std=0.0247, dir_acc=54.9%, pos=100%, unique=1262, sharpe=52.05
  Aggregate: std_avg=0.0250, dir_acc_avg=54.8%, composite_avg=0.4237
  H1 detail: range=0.1931, mean=0.0806, dist_match=0.5469
  Collapse penalty: 0.000000 (threshold: 0.005000)
  Saved validation predictions to: experiments/10_overnight_sweep/daily_7q_h5_s456/collapse_monitoring/val_predictions_epoch37.npz
  Gradient norms:
    lstm_encoder: 0.014055
    lstm_decoder: 0.004778
    output_layer: 0.047212
  VSN output std:
    encoder: 0.195710
  Attention entropy: 1.681201
  Saved to: experiments/10_overnight_sweep/daily_7q_h5_s456/collapse_monitoring/collapse_monitor_latest.json
[DEBUG CollapseMonitor] on_validation_epoch_start called for epoch 38
[DEBUG CollapseMonitor] reset_temporal_state() called on loss function
Epoch 38: val_loss=0.41033267974853516
Epoch 38: train_loss=0.42228102684020996

[CollapseMonitor] Epoch 38
  [DEBUG] Processed 20 batches, 5 horizon(s)
  Multi-horizon metrics (5 horizons):
    h1: std=0.0261, dir_acc=54.7%, pos=100%, unique=1271, sharpe=55.09
    h2: std=0.0266, dir_acc=54.7%, pos=100%, unique=1266, sharpe=53.42
    h3: std=0.0267, dir_acc=54.8%, pos=100%, unique=1270, sharpe=52.96
    h4: std=0.0267, dir_acc=54.8%, pos=100%, unique=1264, sharpe=53.53
    h5: std=0.0266, dir_acc=54.9%, pos=100%, unique=1270, sharpe=54.81
  Aggregate: std_avg=0.0266, dir_acc_avg=54.8%, composite_avg=0.4237
  H1 detail: range=0.1672, mean=0.0907, dist_match=0.5469
  Collapse penalty: 0.000000 (threshold: 0.005000)
  Saved validation predictions to: experiments/10_overnight_sweep/daily_7q_h5_s456/collapse_monitoring/val_predictions_epoch38.npz
  Gradient norms:
    lstm_encoder: 0.016103
    lstm_decoder: 0.004767
    output_layer: 0.044343
  VSN output std:
    encoder: 0.194998
  Attention entropy: 1.617485
  Saved to: experiments/10_overnight_sweep/daily_7q_h5_s456/collapse_monitoring/collapse_monitor_latest.json
[DEBUG CollapseMonitor] on_validation_epoch_start called for epoch 39
[DEBUG CollapseMonitor] reset_temporal_state() called on loss function
Epoch 39: val_loss=0.41007769107818604
Epoch 39: train_loss=0.421756774187088

[CollapseMonitor] Epoch 39
  [DEBUG] Processed 20 batches, 5 horizon(s)
  Multi-horizon metrics (5 horizons):
    h1: std=0.0243, dir_acc=54.7%, pos=100%, unique=1269, sharpe=54.87
    h2: std=0.0247, dir_acc=54.7%, pos=100%, unique=1265, sharpe=53.09
    h3: std=0.0249, dir_acc=54.8%, pos=100%, unique=1269, sharpe=52.57
    h4: std=0.0250, dir_acc=54.8%, pos=100%, unique=1269, sharpe=53.04
    h5: std=0.0250, dir_acc=54.9%, pos=100%, unique=1270, sharpe=54.23
  Aggregate: std_avg=0.0248, dir_acc_avg=54.8%, composite_avg=0.4237
  H1 detail: range=0.1326, mean=0.0838, dist_match=0.5469
  Collapse penalty: 0.000000 (threshold: 0.005000)
  Saved validation predictions to: experiments/10_overnight_sweep/daily_7q_h5_s456/collapse_monitoring/val_predictions_epoch39.npz
  Gradient norms:
    lstm_encoder: 0.016980
    lstm_decoder: 0.005017
    output_layer: 0.044337
  VSN output std:
    encoder: 0.196533
  Attention entropy: 1.535865
  Saved to: experiments/10_overnight_sweep/daily_7q_h5_s456/collapse_monitoring/collapse_monitor_latest.json
[DEBUG CollapseMonitor] on_validation_epoch_start called for epoch 40
[DEBUG CollapseMonitor] reset_temporal_state() called on loss function
Epoch 40: val_loss=0.4089467227458954
Epoch 40: train_loss=0.4209558963775635

[CollapseMonitor] Epoch 40
  [DEBUG] Processed 20 batches, 5 horizon(s)
  Multi-horizon metrics (5 horizons):
    h1: std=0.0263, dir_acc=54.7%, pos=100%, unique=1267, sharpe=48.14
    h2: std=0.0270, dir_acc=54.7%, pos=100%, unique=1269, sharpe=46.35
    h3: std=0.0273, dir_acc=54.8%, pos=100%, unique=1269, sharpe=45.56
    h4: std=0.0276, dir_acc=54.8%, pos=100%, unique=1268, sharpe=45.69
    h5: std=0.0278, dir_acc=54.9%, pos=100%, unique=1271, sharpe=46.44
  Aggregate: std_avg=0.0272, dir_acc_avg=54.8%, composite_avg=0.4237
  H1 detail: range=0.1452, mean=0.0799, dist_match=0.5469
  Collapse penalty: 0.000000 (threshold: 0.005000)
  Saved validation predictions to: experiments/10_overnight_sweep/daily_7q_h5_s456/collapse_monitoring/val_predictions_epoch40.npz
  Gradient norms:
    lstm_encoder: 0.016081
    lstm_decoder: 0.005052
    output_layer: 0.044142
  VSN output std:
    encoder: 0.194719
  Attention entropy: 1.456732
  Saved to: experiments/10_overnight_sweep/daily_7q_h5_s456/collapse_monitoring/collapse_monitor_latest.json
[DEBUG CollapseMonitor] on_validation_epoch_start called for epoch 41
[DEBUG CollapseMonitor] reset_temporal_state() called on loss function
Epoch 41: val_loss=0.41030415892601013
Epoch 41: train_loss=0.4216403067111969

[CollapseMonitor] Epoch 41
  [DEBUG] Processed 20 batches, 5 horizon(s)
  Multi-horizon metrics (5 horizons):
    h1: std=0.0260, dir_acc=54.7%, pos=100%, unique=1268, sharpe=45.97
    h2: std=0.0266, dir_acc=54.7%, pos=100%, unique=1271, sharpe=44.62
    h3: std=0.0268, dir_acc=54.8%, pos=100%, unique=1271, sharpe=44.24
    h4: std=0.0269, dir_acc=54.8%, pos=100%, unique=1268, sharpe=44.69
    h5: std=0.0269, dir_acc=54.9%, pos=100%, unique=1270, sharpe=45.76
  Aggregate: std_avg=0.0266, dir_acc_avg=54.8%, composite_avg=0.4237
  H1 detail: range=0.1459, mean=0.0754, dist_match=0.5469
  Collapse penalty: 0.000000 (threshold: 0.005000)
  Saved validation predictions to: experiments/10_overnight_sweep/daily_7q_h5_s456/collapse_monitoring/val_predictions_epoch41.npz
  Gradient norms:
    lstm_encoder: 0.017335
    lstm_decoder: 0.005036
    output_layer: 0.045732
  VSN output std:
    encoder: 0.196502
  Attention entropy: 1.530429
  Saved to: experiments/10_overnight_sweep/daily_7q_h5_s456/collapse_monitoring/collapse_monitor_latest.json
[DEBUG CollapseMonitor] on_validation_epoch_start called for epoch 42
[DEBUG CollapseMonitor] reset_temporal_state() called on loss function
Epoch 42: val_loss=0.4112284779548645
Epoch 42: train_loss=0.4208315312862396

[CollapseMonitor] Epoch 42
  [DEBUG] Processed 20 batches, 5 horizon(s)
  Multi-horizon metrics (5 horizons):
    h1: std=0.0274, dir_acc=54.7%, pos=100%, unique=1267, sharpe=56.48
    h2: std=0.0278, dir_acc=54.7%, pos=100%, unique=1269, sharpe=55.15
    h3: std=0.0279, dir_acc=54.8%, pos=100%, unique=1271, sharpe=54.80
    h4: std=0.0279, dir_acc=54.8%, pos=100%, unique=1272, sharpe=55.29
    h5: std=0.0278, dir_acc=54.9%, pos=100%, unique=1274, sharpe=56.42
  Aggregate: std_avg=0.0278, dir_acc_avg=54.8%, composite_avg=0.4237
  H1 detail: range=0.1451, mean=0.0976, dist_match=0.5469
  Collapse penalty: 0.000000 (threshold: 0.005000)
  Saved validation predictions to: experiments/10_overnight_sweep/daily_7q_h5_s456/collapse_monitoring/val_predictions_epoch42.npz
  Gradient norms:
    lstm_encoder: 0.018466
    lstm_decoder: 0.004937
    output_layer: 0.043326
  VSN output std:
    encoder: 0.197306
  Attention entropy: 1.523489
  Saved to: experiments/10_overnight_sweep/daily_7q_h5_s456/collapse_monitoring/collapse_monitor_latest.json
[DEBUG CollapseMonitor] on_validation_epoch_start called for epoch 43
[DEBUG CollapseMonitor] reset_temporal_state() called on loss function
Epoch 43: val_loss=0.41005781292915344
Epoch 43: train_loss=0.42079558968544006

[CollapseMonitor] Epoch 43
  [DEBUG] Processed 20 batches, 5 horizon(s)
  Multi-horizon metrics (5 horizons):
    h1: std=0.0271, dir_acc=54.7%, pos=100%, unique=1267, sharpe=50.99
    h2: std=0.0275, dir_acc=54.7%, pos=100%, unique=1268, sharpe=49.63
    h3: std=0.0277, dir_acc=54.8%, pos=100%, unique=1264, sharpe=49.18
    h4: std=0.0278, dir_acc=54.8%, pos=100%, unique=1268, sharpe=49.53
    h5: std=0.0278, dir_acc=54.9%, pos=100%, unique=1266, sharpe=50.52
  Aggregate: std_avg=0.0276, dir_acc_avg=54.8%, composite_avg=0.4237
  H1 detail: range=0.1575, mean=0.0872, dist_match=0.5469
  Collapse penalty: 0.000000 (threshold: 0.005000)
  Saved validation predictions to: experiments/10_overnight_sweep/daily_7q_h5_s456/collapse_monitoring/val_predictions_epoch43.npz
  Gradient norms:
    lstm_encoder: 0.018641
    lstm_decoder: 0.005287
    output_layer: 0.043040
  VSN output std:
    encoder: 0.197263
  Attention entropy: 1.488089
  Saved to: experiments/10_overnight_sweep/daily_7q_h5_s456/collapse_monitoring/collapse_monitor_latest.json
[DEBUG CollapseMonitor] on_validation_epoch_start called for epoch 44
[DEBUG CollapseMonitor] reset_temporal_state() called on loss function
Epoch 44: val_loss=0.40953677892684937
Epoch 44: train_loss=0.4207093119621277

[CollapseMonitor] Epoch 44
  [DEBUG] Processed 20 batches, 5 horizon(s)
  Multi-horizon metrics (5 horizons):
    h1: std=0.0274, dir_acc=54.7%, pos=100%, unique=1272, sharpe=53.03
    h2: std=0.0279, dir_acc=54.7%, pos=100%, unique=1269, sharpe=51.37
    h3: std=0.0282, dir_acc=54.8%, pos=100%, unique=1271, sharpe=50.69
    h4: std=0.0283, dir_acc=54.8%, pos=100%, unique=1273, sharpe=50.87
    h5: std=0.0283, dir_acc=54.9%, pos=100%, unique=1271, sharpe=51.72
  Aggregate: std_avg=0.0280, dir_acc_avg=54.8%, composite_avg=0.4237
  H1 detail: range=0.1378, mean=0.0916, dist_match=0.5469
  Collapse penalty: 0.000000 (threshold: 0.005000)
  Saved validation predictions to: experiments/10_overnight_sweep/daily_7q_h5_s456/collapse_monitoring/val_predictions_epoch44.npz
  Gradient norms:
    lstm_encoder: 0.018601
    lstm_decoder: 0.005441
    output_layer: 0.043868
  VSN output std:
    encoder: 0.197512
  Attention entropy: 1.516604
  Saved to: experiments/10_overnight_sweep/daily_7q_h5_s456/collapse_monitoring/collapse_monitor_latest.json
[DEBUG CollapseMonitor] on_validation_epoch_start called for epoch 45
[DEBUG CollapseMonitor] reset_temporal_state() called on loss function
Epoch 45: val_loss=0.41075780987739563
Epoch 45: train_loss=0.4208136200904846

[CollapseMonitor] Epoch 45
  [DEBUG] Processed 20 batches, 5 horizon(s)
  Multi-horizon metrics (5 horizons):
    h1: std=0.0269, dir_acc=54.7%, pos=100%, unique=1273, sharpe=45.71
    h2: std=0.0273, dir_acc=54.7%, pos=100%, unique=1273, sharpe=44.76
    h3: std=0.0273, dir_acc=54.8%, pos=100%, unique=1266, sharpe=44.69
    h4: std=0.0272, dir_acc=54.8%, pos=100%, unique=1271, sharpe=45.43
    h5: std=0.0270, dir_acc=54.9%, pos=100%, unique=1272, sharpe=46.79
  Aggregate: std_avg=0.0272, dir_acc_avg=54.8%, composite_avg=0.4237
  H1 detail: range=0.1357, mean=0.0775, dist_match=0.5469
  Collapse penalty: 0.000000 (threshold: 0.005000)
  Saved validation predictions to: experiments/10_overnight_sweep/daily_7q_h5_s456/collapse_monitoring/val_predictions_epoch45.npz
  Gradient norms:
    lstm_encoder: 0.019693
    lstm_decoder: 0.005972
    output_layer: 0.047197
  VSN output std:
    encoder: 0.197994
  Attention entropy: 1.609521
  Saved to: experiments/10_overnight_sweep/daily_7q_h5_s456/collapse_monitoring/collapse_monitor_latest.json
[DEBUG CollapseMonitor] on_validation_epoch_start called for epoch 46
[DEBUG CollapseMonitor] reset_temporal_state() called on loss function
Epoch 46: val_loss=0.4106501042842865
Epoch 46: train_loss=0.42011702060699463

[CollapseMonitor] Epoch 46
  [DEBUG] Processed 20 batches, 5 horizon(s)
  Multi-horizon metrics (5 horizons):
    h1: std=0.0269, dir_acc=54.7%, pos=100%, unique=1271, sharpe=50.80
    h2: std=0.0276, dir_acc=54.7%, pos=100%, unique=1265, sharpe=49.12
    h3: std=0.0279, dir_acc=54.8%, pos=100%, unique=1271, sharpe=48.43
    h4: std=0.0281, dir_acc=54.8%, pos=100%, unique=1269, sharpe=48.60
    h5: std=0.0281, dir_acc=54.9%, pos=100%, unique=1267, sharpe=49.42
  Aggregate: std_avg=0.0277, dir_acc_avg=54.8%, composite_avg=0.4237
  H1 detail: range=0.1232, mean=0.0862, dist_match=0.5469
  Collapse penalty: 0.000000 (threshold: 0.005000)
  Saved validation predictions to: experiments/10_overnight_sweep/daily_7q_h5_s456/collapse_monitoring/val_predictions_epoch46.npz
  Gradient norms:
    lstm_encoder: 0.021547
    lstm_decoder: 0.006008
    output_layer: 0.043096
  VSN output std:
    encoder: 0.197074
  Attention entropy: 1.484892
  Saved to: experiments/10_overnight_sweep/daily_7q_h5_s456/collapse_monitoring/collapse_monitor_latest.json
[DEBUG CollapseMonitor] on_validation_epoch_start called for epoch 47
[DEBUG CollapseMonitor] reset_temporal_state() called on loss function
Epoch 47: val_loss=0.41218453645706177
Epoch 47: train_loss=0.42004016041755676

[CollapseMonitor] Epoch 47
  [DEBUG] Processed 20 batches, 5 horizon(s)
  Multi-horizon metrics (5 horizons):
    h1: std=0.0274, dir_acc=54.7%, pos=100%, unique=1271, sharpe=50.61
    h2: std=0.0279, dir_acc=54.7%, pos=100%, unique=1273, sharpe=49.51
    h3: std=0.0281, dir_acc=54.8%, pos=100%, unique=1271, sharpe=49.30
    h4: std=0.0281, dir_acc=54.8%, pos=100%, unique=1268, sharpe=49.86
    h5: std=0.0280, dir_acc=54.9%, pos=100%, unique=1270, sharpe=51.06
  Aggregate: std_avg=0.0279, dir_acc_avg=54.8%, composite_avg=0.4237
  H1 detail: range=0.1225, mean=0.0875, dist_match=0.5469
  Collapse penalty: 0.000000 (threshold: 0.005000)
  Saved validation predictions to: experiments/10_overnight_sweep/daily_7q_h5_s456/collapse_monitoring/val_predictions_epoch47.npz
  Gradient norms:
    lstm_encoder: 0.022624
    lstm_decoder: 0.006177
    output_layer: 0.048394
  VSN output std:
    encoder: 0.198112
  Attention entropy: 1.573321
  Saved to: experiments/10_overnight_sweep/daily_7q_h5_s456/collapse_monitoring/collapse_monitor_latest.json
[DEBUG CollapseMonitor] on_validation_epoch_start called for epoch 48
[DEBUG CollapseMonitor] reset_temporal_state() called on loss function
Epoch 48: val_loss=0.4103277027606964
Epoch 48: train_loss=0.4199795126914978

[CollapseMonitor] Epoch 48
  [DEBUG] Processed 20 batches, 5 horizon(s)
  Multi-horizon metrics (5 horizons):
    h1: std=0.0289, dir_acc=54.7%, pos=100%, unique=1273, sharpe=56.86
    h2: std=0.0294, dir_acc=54.7%, pos=100%, unique=1273, sharpe=55.19
    h3: std=0.0296, dir_acc=54.8%, pos=100%, unique=1265, sharpe=54.55
    h4: std=0.0297, dir_acc=54.8%, pos=100%, unique=1271, sharpe=54.76
    h5: std=0.0296, dir_acc=54.9%, pos=100%, unique=1267, sharpe=55.67
  Aggregate: std_avg=0.0294, dir_acc_avg=54.8%, composite_avg=0.4237
  H1 detail: range=0.1318, mean=0.1035, dist_match=0.5469
  Collapse penalty: 0.000000 (threshold: 0.005000)
  Saved validation predictions to: experiments/10_overnight_sweep/daily_7q_h5_s456/collapse_monitoring/val_predictions_epoch48.npz
  Gradient norms:
    lstm_encoder: 0.019527
    lstm_decoder: 0.006147
    output_layer: 0.042215
  VSN output std:
    encoder: 0.197721
  Attention entropy: 1.537576
  Saved to: experiments/10_overnight_sweep/daily_7q_h5_s456/collapse_monitoring/collapse_monitor_latest.json
[DEBUG CollapseMonitor] on_validation_epoch_start called for epoch 49
[DEBUG CollapseMonitor] reset_temporal_state() called on loss function
Epoch 49: val_loss=0.41285377740859985
Epoch 49: train_loss=0.4206295311450958

[CollapseMonitor] Epoch 49
  [DEBUG] Processed 20 batches, 5 horizon(s)
  Multi-horizon metrics (5 horizons):
    h1: std=0.0290, dir_acc=54.7%, pos=100%, unique=1272, sharpe=54.09
    h2: std=0.0293, dir_acc=54.7%, pos=100%, unique=1268, sharpe=53.06
    h3: std=0.0294, dir_acc=54.8%, pos=100%, unique=1273, sharpe=52.89
    h4: std=0.0292, dir_acc=54.8%, pos=100%, unique=1274, sharpe=53.48
    h5: std=0.0289, dir_acc=54.9%, pos=100%, unique=1273, sharpe=54.74
  Aggregate: std_avg=0.0292, dir_acc_avg=54.8%, composite_avg=0.4237
  H1 detail: range=0.1246, mean=0.0989, dist_match=0.5469
  Collapse penalty: 0.000000 (threshold: 0.005000)
  Saved validation predictions to: experiments/10_overnight_sweep/daily_7q_h5_s456/collapse_monitoring/val_predictions_epoch49.npz
  Gradient norms:
    lstm_encoder: 0.019647
    lstm_decoder: 0.005642
    output_layer: 0.042862
  VSN output std:
    encoder: 0.198032
  Attention entropy: 1.619807
  Saved to: experiments/10_overnight_sweep/daily_7q_h5_s456/collapse_monitoring/collapse_monitor_latest.json
[DEBUG CollapseMonitor] on_validation_epoch_start called for epoch 50
[DEBUG CollapseMonitor] reset_temporal_state() called on loss function
Epoch 50: val_loss=0.41174206137657166
Epoch 50: train_loss=0.42051753401756287

[CollapseMonitor] Epoch 50
  [DEBUG] Processed 20 batches, 5 horizon(s)
  Multi-horizon metrics (5 horizons):
    h1: std=0.0283, dir_acc=54.7%, pos=100%, unique=1267, sharpe=52.24
    h2: std=0.0287, dir_acc=54.7%, pos=100%, unique=1272, sharpe=50.82
    h3: std=0.0289, dir_acc=54.8%, pos=100%, unique=1267, sharpe=50.28
    h4: std=0.0290, dir_acc=54.8%, pos=100%, unique=1269, sharpe=50.52
    h5: std=0.0288, dir_acc=54.9%, pos=100%, unique=1272, sharpe=51.40
  Aggregate: std_avg=0.0287, dir_acc_avg=54.8%, composite_avg=0.4237
  H1 detail: range=0.1233, mean=0.0930, dist_match=0.5469
  Collapse penalty: 0.000000 (threshold: 0.005000)
  Saved validation predictions to: experiments/10_overnight_sweep/daily_7q_h5_s456/collapse_monitoring/val_predictions_epoch50.npz
  Gradient norms:
    lstm_encoder: 0.023340
    lstm_decoder: 0.005633
    output_layer: 0.041996
  VSN output std:
    encoder: 0.198222
  Attention entropy: 1.525147
  Saved to: experiments/10_overnight_sweep/daily_7q_h5_s456/collapse_monitoring/collapse_monitor_latest.json


======================================================================
Training complete
======================================================================

Best val_loss checkpoint: experiments/10_overnight_sweep/daily_7q_h5_s456/checkpoints/tft-epoch=epoch=40-valloss=val_loss=0.4089.ckpt
Best validation loss: 0.408947
Checkpoints saved:
  - Best val_loss: experiments/10_overnight_sweep/daily_7q_h5_s456/checkpoints/tft-epoch=epoch=40-valloss=val_loss=0.4089.ckpt
  - Best pred_std: experiments/10_overnight_sweep/daily_7q_h5_s456/checkpoints/tft-epoch=epoch=49-predstd=val_pred_std=0.0290.ckpt
  - Best unique: experiments/10_overnight_sweep/daily_7q_h5_s456/checkpoints/tft-epoch=epoch=45-unique=val_num_unique=1273.ckpt
  - Best dir_acc: experiments/10_overnight_sweep/daily_7q_h5_s456/checkpoints/tft-epoch=epoch=00-diracc=val_dir_acc=0.5469.ckpt
  - Best sharpe: experiments/10_overnight_sweep/daily_7q_h5_s456/checkpoints/tft-epoch=epoch=00-sharpe=val_sharpe=685.2513.ckpt
  - Best composite: experiments/10_overnight_sweep/daily_7q_h5_s456/checkpoints/tft-epoch=epoch=09-composite=val_composite=0.4293.ckpt
Completed at: 2025-12-04 10:45:22
Log saved to: experiments/10_overnight_sweep/daily_7q_h5_s456/training_20251204_103125.log
======================================================================
