Logging to: experiments/06a_weekly_sweep/h16_enc8_d015_bs16/vsn_analysis/vsn_analysis_20251129_215100.log
Analysis started at: 2025-11-29 21:51:00
======================================================================
Experiment: 06a_weekly_sweep/h16_enc8_d015_bs16
Output directory: experiments/06a_weekly_sweep/h16_enc8_d015_bs16/vsn_analysis
Loading config from: experiments/06a_weekly_sweep/h16_enc8_d015_bs16/config.json
Using best checkpoint: experiments/06a_weekly_sweep/h16_enc8_d015_bs16/checkpoints/tft-epoch=epoch=20-valloss=val_loss=0.9259.ckpt

Loading data...
Loading test data from: data/splits/vintage/core_proposal_weekly_vintage_test.csv
  Train samples: 1269
  Test samples: 273

Preparing test dataset...
Test dataset size: 265

Loading model...
Loading model from: experiments/06a_weekly_sweep/h16_enc8_d015_bs16/checkpoints/tft-epoch=epoch=20-valloss=val_loss=0.9259.ckpt
Model loaded on device: cuda

Extracting VSN weights...
  Encoder variables (5): ['relative_time_idx', 'VIX', 'Treasury_10Y', 'Yield_Spread', 'Inflation_YoY']
  Decoder variables (1): ['relative_time_idx']
  Static variables (1): ['encoder_length']

  DEBUG: Output type: <class 'pytorch_forecasting.utils.TupleOutputMixIn.to_network_output.<locals>.Output'>
  DEBUG: Output fields (NamedTuple): ('prediction', 'encoder_attention', 'decoder_attention', 'static_variables', 'encoder_variables', 'decoder_variables', 'decoder_lengths', 'encoder_lengths')
  DEBUG: output.encoder_variables shape: torch.Size([64, 8, 1, 5])
  DEBUG: output.static_variables shape: torch.Size([64, 1, 1])
  DEBUG: output.decoder_variables shape: torch.Size([64, 1, 1, 1])

Extraction complete:
  Samples: 265
  Encoder VSN shape: (265, 5)
  Decoder VSN shape: (265, 1)

Analysis period: 2020-09-18 to 2025-10-10

Creating temporal periods:
  2020: 15 samples
  2021: 53 samples
  2022: 52 samples
  2023: 52 samples
  2024: 52 samples
  2025: 41 samples

Analyzing VSN weights by period...

Comparing VSN patterns across periods...

Creating visualizations...
Saved VSN heatmap: experiments/06a_weekly_sweep/h16_enc8_d015_bs16/vsn_analysis/vsn_heatmap.png
Saved VSN comparison: experiments/06a_weekly_sweep/h16_enc8_d015_bs16/vsn_analysis/vsn_comparison.png
Saved concentration plot: experiments/06a_weekly_sweep/h16_enc8_d015_bs16/vsn_analysis/vsn_concentration.png

Saving results...
Saved results: experiments/06a_weekly_sweep/h16_enc8_d015_bs16/vsn_analysis/vsn_analysis_results.json

======================================================================
VSN ANALYSIS SUMMARY
======================================================================

Per-Period Feature Importance:
----------------------------------------------------------------------

2020 (15 samples):
  Concentration: 0.3268
  Top 5 features:
    Treasury_10Y                   0.4380
    VIX                            0.3387
    Inflation_YoY                  0.1064
    Yield_Spread                   0.0908
    relative_time_idx              0.0262

2021 (53 samples):
  Concentration: 0.3517
  Top 5 features:
    Treasury_10Y                   0.5308
    VIX                            0.2078
    Yield_Spread                   0.1375
    relative_time_idx              0.0723
    Inflation_YoY                  0.0516

2022 (52 samples):
  Concentration: 0.5153
  Top 5 features:
    VIX                            0.6965
    Treasury_10Y                   0.1473
    Yield_Spread                   0.0647
    relative_time_idx              0.0517
    Inflation_YoY                  0.0398

2023 (52 samples):
  Concentration: 0.3003
  Top 5 features:
    Yield_Spread                   0.3770
    VIX                            0.3395
    Treasury_10Y                   0.1979
    relative_time_idx              0.0450
    Inflation_YoY                  0.0405

2024 (52 samples):
  Concentration: 0.3936
  Top 5 features:
    Yield_Spread                   0.5788
    Treasury_10Y                   0.1880
    VIX                            0.1358
    Inflation_YoY                  0.0546
    relative_time_idx              0.0427

2025 (41 samples):
  Concentration: 0.3476
  Top 5 features:
    Yield_Spread                   0.5190
    VIX                            0.2224
    Treasury_10Y                   0.1472
    Inflation_YoY                  0.0771
    relative_time_idx              0.0344

----------------------------------------------------------------------
Period Comparisons:
----------------------------------------------------------------------

2020_vs_2021:
  Cosine similarity: 0.9519
  L2 distance: 0.1818
  Biggest increases: Treasury_10Y(+0.093), Yield_Spread(+0.047), relative_time_idx(+0.046)
  Biggest decreases: VIX(-0.131), Inflation_YoY(-0.055), relative_time_idx(+0.046)

2020_vs_2022:
  Cosine similarity: 0.7600
  L2 distance: 0.4673
  Biggest increases: VIX(+0.358), relative_time_idx(+0.025), Yield_Spread(-0.026)
  Biggest decreases: Treasury_10Y(-0.291), Inflation_YoY(-0.067), Yield_Spread(-0.026)

2020_vs_2023:
  Cosine similarity: 0.7706
  L2 distance: 0.3798
  Biggest increases: Yield_Spread(+0.286), relative_time_idx(+0.019), VIX(+0.001)
  Biggest decreases: Treasury_10Y(-0.240), Inflation_YoY(-0.066), VIX(+0.001)

2020_vs_2024:
  Cosine similarity: 0.5237
  L2 distance: 0.5871
  Biggest increases: Yield_Spread(+0.488), relative_time_idx(+0.017), Inflation_YoY(-0.052)
  Biggest decreases: Treasury_10Y(-0.250), VIX(-0.203), Inflation_YoY(-0.052)

2020_vs_2025:
  Cosine similarity: 0.5815
  L2 distance: 0.5314
  Biggest increases: Yield_Spread(+0.428), relative_time_idx(+0.008), Inflation_YoY(-0.029)
  Biggest decreases: Treasury_10Y(-0.291), VIX(-0.116), Inflation_YoY(-0.029)

2021_vs_2022:
  Cosine similarity: 0.5581
  L2 distance: 0.6259
  Biggest increases: VIX(+0.489), Inflation_YoY(-0.012), relative_time_idx(-0.021)
  Biggest decreases: Treasury_10Y(-0.384), Yield_Spread(-0.073), relative_time_idx(-0.021)

2021_vs_2023:
  Cosine similarity: 0.7164
  L2 distance: 0.4317
  Biggest increases: Yield_Spread(+0.240), VIX(+0.132), Inflation_YoY(-0.011)
  Biggest decreases: Treasury_10Y(-0.333), relative_time_idx(-0.027), Inflation_YoY(-0.011)

2021_vs_2024:
  Cosine similarity: 0.5739
  L2 distance: 0.5642
  Biggest increases: Yield_Spread(+0.441), Inflation_YoY(+0.003), relative_time_idx(-0.030)
  Biggest decreases: Treasury_10Y(-0.343), VIX(-0.072), relative_time_idx(-0.030)

2021_vs_2025:
  Cosine similarity: 0.5781
  L2 distance: 0.5432
  Biggest increases: Yield_Spread(+0.382), Inflation_YoY(+0.025), VIX(+0.015)
  Biggest decreases: Treasury_10Y(-0.384), relative_time_idx(-0.038), VIX(+0.015)

2022_vs_2023:
  Cosine similarity: 0.7473
  L2 distance: 0.4771
  Biggest increases: Yield_Spread(+0.312), Treasury_10Y(+0.051), Inflation_YoY(+0.001)
  Biggest decreases: VIX(-0.357), relative_time_idx(-0.007), Inflation_YoY(+0.001)

2022_vs_2024:
  Cosine similarity: 0.3645
  L2 distance: 0.7620
  Biggest increases: Yield_Spread(+0.514), Treasury_10Y(+0.041), Inflation_YoY(+0.015)
  Biggest decreases: VIX(-0.561), relative_time_idx(-0.009), Inflation_YoY(+0.015)

2022_vs_2025:
  Cosine similarity: 0.5080
  L2 distance: 0.6580
  Biggest increases: Yield_Spread(+0.454), Inflation_YoY(+0.037), Treasury_10Y(-0.000)
  Biggest decreases: VIX(-0.474), relative_time_idx(-0.017), Treasury_10Y(-0.000)

2023_vs_2024:
  Cosine similarity: 0.8892
  L2 distance: 0.2872
  Biggest increases: Yield_Spread(+0.202), Inflation_YoY(+0.014), relative_time_idx(-0.002)
  Biggest decreases: VIX(-0.204), Treasury_10Y(-0.010), relative_time_idx(-0.002)

2023_vs_2025:
  Cosine similarity: 0.9440
  L2 distance: 0.1947
  Biggest increases: Yield_Spread(+0.142), Inflation_YoY(+0.037), relative_time_idx(-0.011)
  Biggest decreases: VIX(-0.117), Treasury_10Y(-0.051), relative_time_idx(-0.011)

2024_vs_2025:
  Cosine similarity: 0.9839
  L2 distance: 0.1154
  Biggest increases: VIX(+0.087), Inflation_YoY(+0.022), relative_time_idx(-0.008)
  Biggest decreases: Yield_Spread(-0.060), Treasury_10Y(-0.041), relative_time_idx(-0.008)

======================================================================

Analysis complete!
Results saved to: experiments/06a_weekly_sweep/h16_enc8_d015_bs16/vsn_analysis
  - vsn_analysis_results.json
  - vsn_heatmap.png
  - vsn_comparison.png
  - vsn_concentration.png
