
[INFO] Using AUTO device selection.

[INFO] Patched matplotlib.Axes.errorbar to abs() negative yerr for robustness.
======================================================================
Training TFT: wf_monthly_weekly_enc12/fold_202205
======================================================================
Logging to: experiments/wf_monthly_weekly_enc12/fold_202205/training_20251203_033229.log
Started at: 2025-12-03 03:32:29
======================================================================
Configuration saved to: experiments/wf_monthly_weekly_enc12/fold_202205/config.json

Loading data splits...
Train: 1621 samples
Val: 13 samples
Test: 16 samples

Preparing TimeSeriesDataSet...

Dropping source columns (used for staleness only): ['CPI']

Final features for TFT: ['SP500_Returns', 'VIX', 'Treasury_10Y', 'Yield_Spread', 'Inflation_YoY']

======================================================================
FEATURE STATISTICS - BEFORE NORMALIZATION
======================================================================
VIX                             mean= 19.3667  std=  7.9491  min=  9.3400  max= 74.6180
Treasury_10Y                    mean=  4.1532  std=  1.9169  min=  0.5500  max=  8.3400
Yield_Spread                    mean=  1.1698  std=  0.8643  min= -0.5200  max=  2.9100
Inflation_YoY                   mean=  2.4275  std=  1.2773  min= -2.1498  max=  7.1276

======================================================================
FEATURES AFTER GROUPNORMALIZER (first batch, last timestep)
======================================================================
VIX                             normalized_value=  1.0000
Treasury_10Y                    normalized_value= -0.0833
Yield_Spread                    normalized_value= -0.2243
Inflation_YoY                   normalized_value=  2.0491
======================================================================

[DEBUG] VIX train values: [31.318 31.68  23.47  21.908 22.596]
[DEBUG] VIX val values: [23.29  23.106 26.836 29.435 31.334]
Batches per epoch: 100
[DEBUG] Validation batches: 1
[DEBUG] Validation dataset size: 1
[DEBUG] Batch size: 16

Initializing model...

Using standard QuantileLoss (no penalties)

[REGIME OUTPUT] Disabled (using baseline output layer)

================================================================================
BASELINE MODEL FEATURE CONFIGURATION (after from_dataset)
================================================================================
tft.hparams.time_varying_reals_encoder: ['relative_time_idx', 'VIX', 'Treasury_10Y', 'Yield_Spread', 'Inflation_YoY']
  Count: 5

tft.hparams.time_varying_reals_decoder: ['relative_time_idx']
  Count: 1

tft.hparams.x_reals (all reals passed to model): ['encoder_length', 'relative_time_idx', 'VIX', 'Treasury_10Y', 'Yield_Spread', 'Inflation_YoY']
  Count: 6

Encoder VSN configuration:
  num_inputs: 5
  input_sizes: {'relative_time_idx': 16, 'VIX': 16, 'Treasury_10Y': 16, 'Yield_Spread': 16, 'Inflation_YoY': 16}
  flattened_grn.fc1: in_features=80, out_features=5
  -> Params in fc1: 400 (should be 5*16*5=400 if 5 features)
================================================================================

Model parameters: 22,615

Starting training...
Checkpoints will be saved to: experiments/wf_monthly_weekly_enc12/fold_202205/checkpoints/
Logs will be saved to: experiments/wf_monthly_weekly_enc12/fold_202205/logs/

[DEBUG CollapseMonitor] on_validation_epoch_start called for epoch 0
[DEBUG CollapseMonitor] reset_temporal_state() called on loss function
Epoch 0: val_loss=N/A
[DEBUG CollapseMonitor] on_validation_epoch_start called for epoch 0
[DEBUG CollapseMonitor] reset_temporal_state() called on loss function
Epoch 0: val_loss=2.2045159339904785
Epoch 0: train_loss=1.4207091331481934

[CollapseMonitor] Epoch 0
  [DEBUG] Processed 1 batches from val_dataloader
  [DEBUG] Predictions shape after concat: (1,)
  [DEBUG] All predictions list length: 1
  [DEBUG] First batch shape: (1,)
  Pred std: 0.000000, range: 0.000000, mean: 0.212131
  Pos: 100.0%, Neg: 0.0%, Unique: 1
  Dir Acc: 0.00%, Pred Sharpe: 0.0000
  Composite: 0.0000 (dist_match: 0.0000, actual_pos: 0.0%, pred_pos: 100.0%)
  Collapse penalty: 0.000000 (threshold: 0.005000)
  Saved validation predictions to: experiments/wf_monthly_weekly_enc12/fold_202205/collapse_monitoring/val_predictions_epoch0.npy
  Gradient norms:
    lstm_encoder: 0.022387
    lstm_decoder: 0.028911
    output_layer: 1.333394
  VSN output std:
    encoder: 0.140400
  Attention entropy: 2.475497
  Saved to: experiments/wf_monthly_weekly_enc12/fold_202205/collapse_monitoring/collapse_monitor_latest.json
[DEBUG CollapseMonitor] on_validation_epoch_start called for epoch 1
[DEBUG CollapseMonitor] reset_temporal_state() called on loss function
Epoch 1: val_loss=1.9424970149993896
Epoch 1: train_loss=1.204867959022522

[CollapseMonitor] Epoch 1
  [DEBUG] Processed 1 batches from val_dataloader
  [DEBUG] Predictions shape after concat: (1,)
  [DEBUG] All predictions list length: 1
  [DEBUG] First batch shape: (1,)
  Pred std: 0.000000, range: 0.000000, mean: 0.165864
  Pos: 100.0%, Neg: 0.0%, Unique: 1
  Dir Acc: 0.00%, Pred Sharpe: 0.0000
  Composite: 0.0000 (dist_match: 0.0000, actual_pos: 0.0%, pred_pos: 100.0%)
  Collapse penalty: 0.000000 (threshold: 0.005000)
  Saved validation predictions to: experiments/wf_monthly_weekly_enc12/fold_202205/collapse_monitoring/val_predictions_epoch1.npy
  Gradient norms:
    lstm_encoder: 0.018953
    lstm_decoder: 0.020957
    output_layer: 1.015164
  VSN output std:
    encoder: 0.138362
  Attention entropy: 2.473896
  Saved to: experiments/wf_monthly_weekly_enc12/fold_202205/collapse_monitoring/collapse_monitor_latest.json
[DEBUG CollapseMonitor] on_validation_epoch_start called for epoch 2
[DEBUG CollapseMonitor] reset_temporal_state() called on loss function
Epoch 2: val_loss=1.7759861946105957
Epoch 2: train_loss=1.0361500978469849

[CollapseMonitor] Epoch 2
  [DEBUG] Processed 1 batches from val_dataloader
  [DEBUG] Predictions shape after concat: (1,)
  [DEBUG] All predictions list length: 1
  [DEBUG] First batch shape: (1,)
  Pred std: 0.000000, range: 0.000000, mean: 0.122407
  Pos: 100.0%, Neg: 0.0%, Unique: 1
  Dir Acc: 0.00%, Pred Sharpe: 0.0000
  Composite: 0.0000 (dist_match: 0.0000, actual_pos: 0.0%, pred_pos: 100.0%)
  Collapse penalty: 0.000000 (threshold: 0.005000)
  Saved validation predictions to: experiments/wf_monthly_weekly_enc12/fold_202205/collapse_monitoring/val_predictions_epoch2.npy
  Gradient norms:
    lstm_encoder: 0.014389
    lstm_decoder: 0.013902
    output_layer: 0.633450
  VSN output std:
    encoder: 0.136876
  Attention entropy: 2.468798
  Saved to: experiments/wf_monthly_weekly_enc12/fold_202205/collapse_monitoring/collapse_monitor_latest.json
[DEBUG CollapseMonitor] on_validation_epoch_start called for epoch 3
[DEBUG CollapseMonitor] reset_temporal_state() called on loss function
Epoch 3: val_loss=1.756981611251831
Epoch 3: train_loss=0.9821336269378662

[CollapseMonitor] Epoch 3
  [DEBUG] Processed 1 batches from val_dataloader
  [DEBUG] Predictions shape after concat: (1,)
  [DEBUG] All predictions list length: 1
  [DEBUG] First batch shape: (1,)
  Pred std: 0.000000, range: 0.000000, mean: 0.162386
  Pos: 100.0%, Neg: 0.0%, Unique: 1
  Dir Acc: 0.00%, Pred Sharpe: 0.0000
  Composite: 0.0000 (dist_match: 0.0000, actual_pos: 0.0%, pred_pos: 100.0%)
  Collapse penalty: 0.000000 (threshold: 0.005000)
  Saved validation predictions to: experiments/wf_monthly_weekly_enc12/fold_202205/collapse_monitoring/val_predictions_epoch3.npy
  Gradient norms:
    lstm_encoder: 0.012547
    lstm_decoder: 0.012053
    output_layer: 0.468777
  VSN output std:
    encoder: 0.136334
  Attention entropy: 2.465973
  Saved to: experiments/wf_monthly_weekly_enc12/fold_202205/collapse_monitoring/collapse_monitor_latest.json
[DEBUG CollapseMonitor] on_validation_epoch_start called for epoch 4
[DEBUG CollapseMonitor] reset_temporal_state() called on loss function
Epoch 4: val_loss=1.7944473028182983
Epoch 4: train_loss=0.9605786204338074

[CollapseMonitor] Epoch 4
  [DEBUG] Processed 1 batches from val_dataloader
  [DEBUG] Predictions shape after concat: (1,)
  [DEBUG] All predictions list length: 1
  [DEBUG] First batch shape: (1,)
  Pred std: 0.000000, range: 0.000000, mean: 0.158942
  Pos: 100.0%, Neg: 0.0%, Unique: 1
  Dir Acc: 0.00%, Pred Sharpe: 0.0000
  Composite: 0.0000 (dist_match: 0.0000, actual_pos: 0.0%, pred_pos: 100.0%)
  Collapse penalty: 0.000000 (threshold: 0.005000)
  Saved validation predictions to: experiments/wf_monthly_weekly_enc12/fold_202205/collapse_monitoring/val_predictions_epoch4.npy
  Gradient norms:
    lstm_encoder: 0.012034
    lstm_decoder: 0.011381
    output_layer: 0.423307
  VSN output std:
    encoder: 0.134094
  Attention entropy: 2.462820
  Saved to: experiments/wf_monthly_weekly_enc12/fold_202205/collapse_monitoring/collapse_monitor_latest.json
[DEBUG CollapseMonitor] on_validation_epoch_start called for epoch 5
[DEBUG CollapseMonitor] reset_temporal_state() called on loss function
Epoch 5: val_loss=1.768366813659668
Epoch 5: train_loss=0.9489055871963501

[CollapseMonitor] Epoch 5
  [DEBUG] Processed 1 batches from val_dataloader
  [DEBUG] Predictions shape after concat: (1,)
  [DEBUG] All predictions list length: 1
  [DEBUG] First batch shape: (1,)
  Pred std: 0.000000, range: 0.000000, mean: 0.250046
  Pos: 100.0%, Neg: 0.0%, Unique: 1
  Dir Acc: 0.00%, Pred Sharpe: 0.0000
  Composite: 0.0000 (dist_match: 0.0000, actual_pos: 0.0%, pred_pos: 100.0%)
  Collapse penalty: 0.000000 (threshold: 0.005000)
  Saved validation predictions to: experiments/wf_monthly_weekly_enc12/fold_202205/collapse_monitoring/val_predictions_epoch5.npy
  Gradient norms:
    lstm_encoder: 0.010713
    lstm_decoder: 0.010221
    output_layer: 0.385558
  VSN output std:
    encoder: 0.131980
  Attention entropy: 2.460594
  Saved to: experiments/wf_monthly_weekly_enc12/fold_202205/collapse_monitoring/collapse_monitor_latest.json
[DEBUG CollapseMonitor] on_validation_epoch_start called for epoch 6
[DEBUG CollapseMonitor] reset_temporal_state() called on loss function
Epoch 6: val_loss=1.7978157997131348
Epoch 6: train_loss=0.9397659301757812

[CollapseMonitor] Epoch 6
  [DEBUG] Processed 1 batches from val_dataloader
  [DEBUG] Predictions shape after concat: (1,)
  [DEBUG] All predictions list length: 1
  [DEBUG] First batch shape: (1,)
  Pred std: 0.000000, range: 0.000000, mean: 0.170334
  Pos: 100.0%, Neg: 0.0%, Unique: 1
  Dir Acc: 0.00%, Pred Sharpe: 0.0000
  Composite: 0.0000 (dist_match: 0.0000, actual_pos: 0.0%, pred_pos: 100.0%)
  Collapse penalty: 0.000000 (threshold: 0.005000)
  Saved validation predictions to: experiments/wf_monthly_weekly_enc12/fold_202205/collapse_monitoring/val_predictions_epoch6.npy
  Gradient norms:
    lstm_encoder: 0.011399
    lstm_decoder: 0.010825
    output_layer: 0.387855
  VSN output std:
    encoder: 0.130752
  Attention entropy: 2.466638
  Saved to: experiments/wf_monthly_weekly_enc12/fold_202205/collapse_monitoring/collapse_monitor_latest.json
[DEBUG CollapseMonitor] on_validation_epoch_start called for epoch 7
[DEBUG CollapseMonitor] reset_temporal_state() called on loss function
Epoch 7: val_loss=1.7667436599731445
Epoch 7: train_loss=0.9406801462173462

[CollapseMonitor] Epoch 7
  [DEBUG] Processed 1 batches from val_dataloader
  [DEBUG] Predictions shape after concat: (1,)
  [DEBUG] All predictions list length: 1
  [DEBUG] First batch shape: (1,)
  Pred std: 0.000000, range: 0.000000, mean: 0.237386
  Pos: 100.0%, Neg: 0.0%, Unique: 1
  Dir Acc: 0.00%, Pred Sharpe: 0.0000
  Composite: 0.0000 (dist_match: 0.0000, actual_pos: 0.0%, pred_pos: 100.0%)
  Collapse penalty: 0.000000 (threshold: 0.005000)
  Saved validation predictions to: experiments/wf_monthly_weekly_enc12/fold_202205/collapse_monitoring/val_predictions_epoch7.npy
  Gradient norms:
    lstm_encoder: 0.012258
    lstm_decoder: 0.011307
    output_layer: 0.411120
  VSN output std:
    encoder: 0.131637
  Attention entropy: 2.449707
  Saved to: experiments/wf_monthly_weekly_enc12/fold_202205/collapse_monitoring/collapse_monitor_latest.json
[DEBUG CollapseMonitor] on_validation_epoch_start called for epoch 8
[DEBUG CollapseMonitor] reset_temporal_state() called on loss function
Epoch 8: val_loss=1.8093490600585938
Epoch 8: train_loss=0.9353214502334595

[CollapseMonitor] Epoch 8
  [DEBUG] Processed 1 batches from val_dataloader
  [DEBUG] Predictions shape after concat: (1,)
  [DEBUG] All predictions list length: 1
  [DEBUG] First batch shape: (1,)
  Pred std: 0.000000, range: 0.000000, mean: 0.274724
  Pos: 100.0%, Neg: 0.0%, Unique: 1
  Dir Acc: 0.00%, Pred Sharpe: 0.0000
  Composite: 0.0000 (dist_match: 0.0000, actual_pos: 0.0%, pred_pos: 100.0%)
  Collapse penalty: 0.000000 (threshold: 0.005000)
  Saved validation predictions to: experiments/wf_monthly_weekly_enc12/fold_202205/collapse_monitoring/val_predictions_epoch8.npy
  Gradient norms:
    lstm_encoder: 0.012157
    lstm_decoder: 0.010467
    output_layer: 0.364920
  VSN output std:
    encoder: 0.130997
  Attention entropy: 2.445412
  Saved to: experiments/wf_monthly_weekly_enc12/fold_202205/collapse_monitoring/collapse_monitor_latest.json
[DEBUG CollapseMonitor] on_validation_epoch_start called for epoch 9
[DEBUG CollapseMonitor] reset_temporal_state() called on loss function
Epoch 9: val_loss=1.7844674587249756
Epoch 9: train_loss=0.9309852719306946

[CollapseMonitor] Epoch 9
  [DEBUG] Processed 1 batches from val_dataloader
  [DEBUG] Predictions shape after concat: (1,)
  [DEBUG] All predictions list length: 1
  [DEBUG] First batch shape: (1,)
  Pred std: 0.000000, range: 0.000000, mean: 0.256146
  Pos: 100.0%, Neg: 0.0%, Unique: 1
  Dir Acc: 0.00%, Pred Sharpe: 0.0000
  Composite: 0.0000 (dist_match: 0.0000, actual_pos: 0.0%, pred_pos: 100.0%)
  Collapse penalty: 0.000000 (threshold: 0.005000)
  Saved validation predictions to: experiments/wf_monthly_weekly_enc12/fold_202205/collapse_monitoring/val_predictions_epoch9.npy
  Gradient norms:
    lstm_encoder: 0.012534
    lstm_decoder: 0.010659
    output_layer: 0.372453
  VSN output std:
    encoder: 0.132712
  Attention entropy: 2.428692
  Saved to: experiments/wf_monthly_weekly_enc12/fold_202205/collapse_monitoring/collapse_monitor_latest.json
[DEBUG CollapseMonitor] on_validation_epoch_start called for epoch 10
[DEBUG CollapseMonitor] reset_temporal_state() called on loss function
Epoch 10: val_loss=1.7796722650527954
Epoch 10: train_loss=0.9314095377922058

[CollapseMonitor] Epoch 10
  [DEBUG] Processed 1 batches from val_dataloader
  [DEBUG] Predictions shape after concat: (1,)
  [DEBUG] All predictions list length: 1
  [DEBUG] First batch shape: (1,)
  Pred std: 0.000000, range: 0.000000, mean: 0.235706
  Pos: 100.0%, Neg: 0.0%, Unique: 1
  Dir Acc: 0.00%, Pred Sharpe: 0.0000
  Composite: 0.0000 (dist_match: 0.0000, actual_pos: 0.0%, pred_pos: 100.0%)
  Collapse penalty: 0.000000 (threshold: 0.005000)
  Saved validation predictions to: experiments/wf_monthly_weekly_enc12/fold_202205/collapse_monitoring/val_predictions_epoch10.npy
  Gradient norms:
    lstm_encoder: 0.013076
    lstm_decoder: 0.010739
    output_layer: 0.371519
  VSN output std:
    encoder: 0.136784
  Attention entropy: 2.420006
  Saved to: experiments/wf_monthly_weekly_enc12/fold_202205/collapse_monitoring/collapse_monitor_latest.json
[DEBUG CollapseMonitor] on_validation_epoch_start called for epoch 11
[DEBUG CollapseMonitor] reset_temporal_state() called on loss function
Epoch 11: val_loss=1.765141248703003
Epoch 11: train_loss=0.9283577799797058

[CollapseMonitor] Epoch 11
  [DEBUG] Processed 1 batches from val_dataloader
  [DEBUG] Predictions shape after concat: (1,)
  [DEBUG] All predictions list length: 1
  [DEBUG] First batch shape: (1,)
  Pred std: 0.000000, range: 0.000000, mean: 0.249291
  Pos: 100.0%, Neg: 0.0%, Unique: 1
  Dir Acc: 0.00%, Pred Sharpe: 0.0000
  Composite: 0.0000 (dist_match: 0.0000, actual_pos: 0.0%, pred_pos: 100.0%)
  Collapse penalty: 0.000000 (threshold: 0.005000)
  Saved validation predictions to: experiments/wf_monthly_weekly_enc12/fold_202205/collapse_monitoring/val_predictions_epoch11.npy
  Gradient norms:
    lstm_encoder: 0.013671
    lstm_decoder: 0.010715
    output_layer: 0.360253
  VSN output std:
    encoder: 0.147738
  Attention entropy: 2.394560
  Saved to: experiments/wf_monthly_weekly_enc12/fold_202205/collapse_monitoring/collapse_monitor_latest.json
[DEBUG CollapseMonitor] on_validation_epoch_start called for epoch 12
[DEBUG CollapseMonitor] reset_temporal_state() called on loss function
Epoch 12: val_loss=1.7326886653900146
Epoch 12: train_loss=0.9293258786201477

[CollapseMonitor] Epoch 12
  [DEBUG] Processed 1 batches from val_dataloader
  [DEBUG] Predictions shape after concat: (1,)
  [DEBUG] All predictions list length: 1
  [DEBUG] First batch shape: (1,)
  Pred std: 0.000000, range: 0.000000, mean: 0.266192
  Pos: 100.0%, Neg: 0.0%, Unique: 1
  Dir Acc: 0.00%, Pred Sharpe: 0.0000
  Composite: 0.0000 (dist_match: 0.0000, actual_pos: 0.0%, pred_pos: 100.0%)
  Collapse penalty: 0.000000 (threshold: 0.005000)
  Saved validation predictions to: experiments/wf_monthly_weekly_enc12/fold_202205/collapse_monitoring/val_predictions_epoch12.npy
  Gradient norms:
    lstm_encoder: 0.014592
    lstm_decoder: 0.011345
    output_layer: 0.374141
  VSN output std:
    encoder: 0.159204
  Attention entropy: 2.378246
  Saved to: experiments/wf_monthly_weekly_enc12/fold_202205/collapse_monitoring/collapse_monitor_latest.json
[DEBUG CollapseMonitor] on_validation_epoch_start called for epoch 13
[DEBUG CollapseMonitor] reset_temporal_state() called on loss function
Epoch 13: val_loss=1.723587989807129
Epoch 13: train_loss=0.9289144277572632

[CollapseMonitor] Epoch 13
  [DEBUG] Processed 1 batches from val_dataloader
  [DEBUG] Predictions shape after concat: (1,)
  [DEBUG] All predictions list length: 1
  [DEBUG] First batch shape: (1,)
  Pred std: 0.000000, range: 0.000000, mean: 0.323851
  Pos: 100.0%, Neg: 0.0%, Unique: 1
  Dir Acc: 0.00%, Pred Sharpe: 0.0000
  Composite: 0.0000 (dist_match: 0.0000, actual_pos: 0.0%, pred_pos: 100.0%)
  Collapse penalty: 0.000000 (threshold: 0.005000)
  Saved validation predictions to: experiments/wf_monthly_weekly_enc12/fold_202205/collapse_monitoring/val_predictions_epoch13.npy
  Gradient norms:
    lstm_encoder: 0.015072
    lstm_decoder: 0.011812
    output_layer: 0.385603
  VSN output std:
    encoder: 0.179252
  Attention entropy: 2.387430
  Saved to: experiments/wf_monthly_weekly_enc12/fold_202205/collapse_monitoring/collapse_monitor_latest.json
[DEBUG CollapseMonitor] on_validation_epoch_start called for epoch 14
[DEBUG CollapseMonitor] reset_temporal_state() called on loss function
Epoch 14: val_loss=1.6906371116638184
Epoch 14: train_loss=0.9232436418533325

[CollapseMonitor] Epoch 14
  [DEBUG] Processed 1 batches from val_dataloader
  [DEBUG] Predictions shape after concat: (1,)
  [DEBUG] All predictions list length: 1
  [DEBUG] First batch shape: (1,)
  Pred std: 0.000000, range: 0.000000, mean: 0.288635
  Pos: 100.0%, Neg: 0.0%, Unique: 1
  Dir Acc: 0.00%, Pred Sharpe: 0.0000
  Composite: 0.0000 (dist_match: 0.0000, actual_pos: 0.0%, pred_pos: 100.0%)
  Collapse penalty: 0.000000 (threshold: 0.005000)
  Saved validation predictions to: experiments/wf_monthly_weekly_enc12/fold_202205/collapse_monitoring/val_predictions_epoch14.npy
  Gradient norms:
    lstm_encoder: 0.016588
    lstm_decoder: 0.011343
    output_layer: 0.349044
  VSN output std:
    encoder: 0.204105
  Attention entropy: 2.406067
  Saved to: experiments/wf_monthly_weekly_enc12/fold_202205/collapse_monitoring/collapse_monitor_latest.json
[DEBUG CollapseMonitor] on_validation_epoch_start called for epoch 15
[DEBUG CollapseMonitor] reset_temporal_state() called on loss function
Epoch 15: val_loss=1.6627552509307861
Epoch 15: train_loss=0.9197736382484436

[CollapseMonitor] Epoch 15
  [DEBUG] Processed 1 batches from val_dataloader
  [DEBUG] Predictions shape after concat: (1,)
  [DEBUG] All predictions list length: 1
  [DEBUG] First batch shape: (1,)
  Pred std: 0.000000, range: 0.000000, mean: 0.295931
  Pos: 100.0%, Neg: 0.0%, Unique: 1
  Dir Acc: 0.00%, Pred Sharpe: 0.0000
  Composite: 0.0000 (dist_match: 0.0000, actual_pos: 0.0%, pred_pos: 100.0%)
  Collapse penalty: 0.000000 (threshold: 0.005000)
  Saved validation predictions to: experiments/wf_monthly_weekly_enc12/fold_202205/collapse_monitoring/val_predictions_epoch15.npy
  Gradient norms:
    lstm_encoder: 0.018060
    lstm_decoder: 0.012702
    output_layer: 0.396595
  VSN output std:
    encoder: 0.222446
  Attention entropy: 2.412662
  Saved to: experiments/wf_monthly_weekly_enc12/fold_202205/collapse_monitoring/collapse_monitor_latest.json
[DEBUG CollapseMonitor] on_validation_epoch_start called for epoch 16
[DEBUG CollapseMonitor] reset_temporal_state() called on loss function
Epoch 16: val_loss=1.6642510890960693
Epoch 16: train_loss=0.9145029187202454

[CollapseMonitor] Epoch 16
  [DEBUG] Processed 1 batches from val_dataloader
  [DEBUG] Predictions shape after concat: (1,)
  [DEBUG] All predictions list length: 1
  [DEBUG] First batch shape: (1,)
  Pred std: 0.000000, range: 0.000000, mean: 0.277212
  Pos: 100.0%, Neg: 0.0%, Unique: 1
  Dir Acc: 0.00%, Pred Sharpe: 0.0000
  Composite: 0.0000 (dist_match: 0.0000, actual_pos: 0.0%, pred_pos: 100.0%)
  Collapse penalty: 0.000000 (threshold: 0.005000)
  Saved validation predictions to: experiments/wf_monthly_weekly_enc12/fold_202205/collapse_monitoring/val_predictions_epoch16.npy
  Gradient norms:
    lstm_encoder: 0.017158
    lstm_decoder: 0.012182
    output_layer: 0.377485
  VSN output std:
    encoder: 0.247585
  Attention entropy: 2.428930
  Saved to: experiments/wf_monthly_weekly_enc12/fold_202205/collapse_monitoring/collapse_monitor_latest.json
[DEBUG CollapseMonitor] on_validation_epoch_start called for epoch 17
[DEBUG CollapseMonitor] reset_temporal_state() called on loss function
Epoch 17: val_loss=1.6381585597991943
Epoch 17: train_loss=0.918186366558075

[CollapseMonitor] Epoch 17
  [DEBUG] Processed 1 batches from val_dataloader
  [DEBUG] Predictions shape after concat: (1,)
  [DEBUG] All predictions list length: 1
  [DEBUG] First batch shape: (1,)
  Pred std: 0.000000, range: 0.000000, mean: 0.250749
  Pos: 100.0%, Neg: 0.0%, Unique: 1
  Dir Acc: 0.00%, Pred Sharpe: 0.0000
  Composite: 0.0000 (dist_match: 0.0000, actual_pos: 0.0%, pred_pos: 100.0%)
  Collapse penalty: 0.000000 (threshold: 0.005000)
  Saved validation predictions to: experiments/wf_monthly_weekly_enc12/fold_202205/collapse_monitoring/val_predictions_epoch17.npy
  Gradient norms:
    lstm_encoder: 0.018609
    lstm_decoder: 0.012758
    output_layer: 0.386938
  VSN output std:
    encoder: 0.254682
  Attention entropy: 2.426046
  Saved to: experiments/wf_monthly_weekly_enc12/fold_202205/collapse_monitoring/collapse_monitor_latest.json
[DEBUG CollapseMonitor] on_validation_epoch_start called for epoch 18
[DEBUG CollapseMonitor] reset_temporal_state() called on loss function
Epoch 18: val_loss=1.6001741886138916
Epoch 18: train_loss=0.9154384136199951

[CollapseMonitor] Epoch 18
  [DEBUG] Processed 1 batches from val_dataloader
  [DEBUG] Predictions shape after concat: (1,)
  [DEBUG] All predictions list length: 1
  [DEBUG] First batch shape: (1,)
  Pred std: 0.000000, range: 0.000000, mean: 0.209251
  Pos: 100.0%, Neg: 0.0%, Unique: 1
  Dir Acc: 0.00%, Pred Sharpe: 0.0000
  Composite: 0.0000 (dist_match: 0.0000, actual_pos: 0.0%, pred_pos: 100.0%)
  Collapse penalty: 0.000000 (threshold: 0.005000)
  Saved validation predictions to: experiments/wf_monthly_weekly_enc12/fold_202205/collapse_monitoring/val_predictions_epoch18.npy
  Gradient norms:
    lstm_encoder: 0.018386
    lstm_decoder: 0.012219
    output_layer: 0.359352
  VSN output std:
    encoder: 0.259271
  Attention entropy: 2.425818
  Saved to: experiments/wf_monthly_weekly_enc12/fold_202205/collapse_monitoring/collapse_monitor_latest.json
[DEBUG CollapseMonitor] on_validation_epoch_start called for epoch 19
[DEBUG CollapseMonitor] reset_temporal_state() called on loss function
Epoch 19: val_loss=1.5921964645385742
Epoch 19: train_loss=0.9134783148765564

[CollapseMonitor] Epoch 19
  [DEBUG] Processed 1 batches from val_dataloader
  [DEBUG] Predictions shape after concat: (1,)
  [DEBUG] All predictions list length: 1
  [DEBUG] First batch shape: (1,)
  Pred std: 0.000000, range: 0.000000, mean: 0.231812
  Pos: 100.0%, Neg: 0.0%, Unique: 1
  Dir Acc: 0.00%, Pred Sharpe: 0.0000
  Composite: 0.0000 (dist_match: 0.0000, actual_pos: 0.0%, pred_pos: 100.0%)
  Collapse penalty: 0.000000 (threshold: 0.005000)
  Saved validation predictions to: experiments/wf_monthly_weekly_enc12/fold_202205/collapse_monitoring/val_predictions_epoch19.npy
  Gradient norms:
    lstm_encoder: 0.018876
    lstm_decoder: 0.012639
    output_layer: 0.373122
  VSN output std:
    encoder: 0.265278
  Attention entropy: 2.421522
  Saved to: experiments/wf_monthly_weekly_enc12/fold_202205/collapse_monitoring/collapse_monitor_latest.json
[DEBUG CollapseMonitor] on_validation_epoch_start called for epoch 20
[DEBUG CollapseMonitor] reset_temporal_state() called on loss function
Epoch 20: val_loss=1.5733451843261719
Epoch 20: train_loss=0.9130761623382568

[CollapseMonitor] Epoch 20
  [DEBUG] Processed 1 batches from val_dataloader
  [DEBUG] Predictions shape after concat: (1,)
  [DEBUG] All predictions list length: 1
  [DEBUG] First batch shape: (1,)
  Pred std: 0.000000, range: 0.000000, mean: 0.304321
  Pos: 100.0%, Neg: 0.0%, Unique: 1
  Dir Acc: 0.00%, Pred Sharpe: 0.0000
  Composite: 0.0000 (dist_match: 0.0000, actual_pos: 0.0%, pred_pos: 100.0%)
  Collapse penalty: 0.000000 (threshold: 0.005000)
  Saved validation predictions to: experiments/wf_monthly_weekly_enc12/fold_202205/collapse_monitoring/val_predictions_epoch20.npy
  Gradient norms:
    lstm_encoder: 0.018797
    lstm_decoder: 0.012272
    output_layer: 0.350808
  VSN output std:
    encoder: 0.266271
  Attention entropy: 2.415675
  Saved to: experiments/wf_monthly_weekly_enc12/fold_202205/collapse_monitoring/collapse_monitor_latest.json
[DEBUG CollapseMonitor] on_validation_epoch_start called for epoch 21
[DEBUG CollapseMonitor] reset_temporal_state() called on loss function
Epoch 21: val_loss=1.5707533359527588
Epoch 21: train_loss=0.9101176261901855

[CollapseMonitor] Epoch 21
  [DEBUG] Processed 1 batches from val_dataloader
  [DEBUG] Predictions shape after concat: (1,)
  [DEBUG] All predictions list length: 1
  [DEBUG] First batch shape: (1,)
  Pred std: 0.000000, range: 0.000000, mean: 0.228487
  Pos: 100.0%, Neg: 0.0%, Unique: 1
  Dir Acc: 0.00%, Pred Sharpe: 0.0000
  Composite: 0.0000 (dist_match: 0.0000, actual_pos: 0.0%, pred_pos: 100.0%)
  Collapse penalty: 0.000000 (threshold: 0.005000)
  Saved validation predictions to: experiments/wf_monthly_weekly_enc12/fold_202205/collapse_monitoring/val_predictions_epoch21.npy
  Gradient norms:
    lstm_encoder: 0.020144
    lstm_decoder: 0.013350
    output_layer: 0.377848
  VSN output std:
    encoder: 0.269728
  Attention entropy: 2.401330
  Saved to: experiments/wf_monthly_weekly_enc12/fold_202205/collapse_monitoring/collapse_monitor_latest.json
[DEBUG CollapseMonitor] on_validation_epoch_start called for epoch 22
[DEBUG CollapseMonitor] reset_temporal_state() called on loss function
Epoch 22: val_loss=1.565697431564331
Epoch 22: train_loss=0.911129891872406

[CollapseMonitor] Epoch 22
  [DEBUG] Processed 1 batches from val_dataloader
  [DEBUG] Predictions shape after concat: (1,)
  [DEBUG] All predictions list length: 1
  [DEBUG] First batch shape: (1,)
  Pred std: 0.000000, range: 0.000000, mean: 0.302585
  Pos: 100.0%, Neg: 0.0%, Unique: 1
  Dir Acc: 0.00%, Pred Sharpe: 0.0000
  Composite: 0.0000 (dist_match: 0.0000, actual_pos: 0.0%, pred_pos: 100.0%)
  Collapse penalty: 0.000000 (threshold: 0.005000)
  Saved validation predictions to: experiments/wf_monthly_weekly_enc12/fold_202205/collapse_monitoring/val_predictions_epoch22.npy
  Gradient norms:
    lstm_encoder: 0.020290
    lstm_decoder: 0.013466
    output_layer: 0.373666
  VSN output std:
    encoder: 0.269767
  Attention entropy: 2.395040
  Saved to: experiments/wf_monthly_weekly_enc12/fold_202205/collapse_monitoring/collapse_monitor_latest.json
[DEBUG CollapseMonitor] on_validation_epoch_start called for epoch 23
[DEBUG CollapseMonitor] reset_temporal_state() called on loss function
Epoch 23: val_loss=1.5495853424072266
Epoch 23: train_loss=0.9014721512794495

[CollapseMonitor] Epoch 23
  [DEBUG] Processed 1 batches from val_dataloader
  [DEBUG] Predictions shape after concat: (1,)
  [DEBUG] All predictions list length: 1
  [DEBUG] First batch shape: (1,)
  Pred std: 0.000000, range: 0.000000, mean: 0.271925
  Pos: 100.0%, Neg: 0.0%, Unique: 1
  Dir Acc: 0.00%, Pred Sharpe: 0.0000
  Composite: 0.0000 (dist_match: 0.0000, actual_pos: 0.0%, pred_pos: 100.0%)
  Collapse penalty: 0.000000 (threshold: 0.005000)
  Saved validation predictions to: experiments/wf_monthly_weekly_enc12/fold_202205/collapse_monitoring/val_predictions_epoch23.npy
  Gradient norms:
    lstm_encoder: 0.020426
    lstm_decoder: 0.013372
    output_layer: 0.367768
  VSN output std:
    encoder: 0.270942
  Attention entropy: 2.392233
  Saved to: experiments/wf_monthly_weekly_enc12/fold_202205/collapse_monitoring/collapse_monitor_latest.json
[DEBUG CollapseMonitor] on_validation_epoch_start called for epoch 24
[DEBUG CollapseMonitor] reset_temporal_state() called on loss function
Epoch 24: val_loss=1.5152604579925537
Epoch 24: train_loss=0.9081311821937561

[CollapseMonitor] Epoch 24
  [DEBUG] Processed 1 batches from val_dataloader
  [DEBUG] Predictions shape after concat: (1,)
  [DEBUG] All predictions list length: 1
  [DEBUG] First batch shape: (1,)
  Pred std: 0.000000, range: 0.000000, mean: 0.228825
  Pos: 100.0%, Neg: 0.0%, Unique: 1
  Dir Acc: 0.00%, Pred Sharpe: 0.0000
  Composite: 0.0000 (dist_match: 0.0000, actual_pos: 0.0%, pred_pos: 100.0%)
  Collapse penalty: 0.000000 (threshold: 0.005000)
  Saved validation predictions to: experiments/wf_monthly_weekly_enc12/fold_202205/collapse_monitoring/val_predictions_epoch24.npy
  Gradient norms:
    lstm_encoder: 0.021320
    lstm_decoder: 0.013976
    output_layer: 0.392928
  VSN output std:
    encoder: 0.271208
  Attention entropy: 2.385294
  Saved to: experiments/wf_monthly_weekly_enc12/fold_202205/collapse_monitoring/collapse_monitor_latest.json
[DEBUG CollapseMonitor] on_validation_epoch_start called for epoch 25
[DEBUG CollapseMonitor] reset_temporal_state() called on loss function
Epoch 25: val_loss=1.5100659132003784
Epoch 25: train_loss=0.9042391180992126

[CollapseMonitor] Epoch 25
  [DEBUG] Processed 1 batches from val_dataloader
  [DEBUG] Predictions shape after concat: (1,)
  [DEBUG] All predictions list length: 1
  [DEBUG] First batch shape: (1,)
  Pred std: 0.000000, range: 0.000000, mean: 0.256896
  Pos: 100.0%, Neg: 0.0%, Unique: 1
  Dir Acc: 0.00%, Pred Sharpe: 0.0000
  Composite: 0.0000 (dist_match: 0.0000, actual_pos: 0.0%, pred_pos: 100.0%)
  Collapse penalty: 0.000000 (threshold: 0.005000)
  Saved validation predictions to: experiments/wf_monthly_weekly_enc12/fold_202205/collapse_monitoring/val_predictions_epoch25.npy
  Gradient norms:
    lstm_encoder: 0.021578
    lstm_decoder: 0.014440
    output_layer: 0.406566
  VSN output std:
    encoder: 0.271376
  Attention entropy: 2.374600
  Saved to: experiments/wf_monthly_weekly_enc12/fold_202205/collapse_monitoring/collapse_monitor_latest.json
[DEBUG CollapseMonitor] on_validation_epoch_start called for epoch 26
[DEBUG CollapseMonitor] reset_temporal_state() called on loss function
Epoch 26: val_loss=1.5160621404647827
Epoch 26: train_loss=0.9000794291496277

[CollapseMonitor] Epoch 26
  [DEBUG] Processed 1 batches from val_dataloader
  [DEBUG] Predictions shape after concat: (1,)
  [DEBUG] All predictions list length: 1
  [DEBUG] First batch shape: (1,)
  Pred std: 0.000000, range: 0.000000, mean: 0.230470
  Pos: 100.0%, Neg: 0.0%, Unique: 1
  Dir Acc: 0.00%, Pred Sharpe: 0.0000
  Composite: 0.0000 (dist_match: 0.0000, actual_pos: 0.0%, pred_pos: 100.0%)
  Collapse penalty: 0.000000 (threshold: 0.005000)
  Saved validation predictions to: experiments/wf_monthly_weekly_enc12/fold_202205/collapse_monitoring/val_predictions_epoch26.npy
  Gradient norms:
    lstm_encoder: 0.021474
    lstm_decoder: 0.014003
    output_layer: 0.393856
  VSN output std:
    encoder: 0.267874
  Attention entropy: 2.365289
  Saved to: experiments/wf_monthly_weekly_enc12/fold_202205/collapse_monitoring/collapse_monitor_latest.json
[DEBUG CollapseMonitor] on_validation_epoch_start called for epoch 27
[DEBUG CollapseMonitor] reset_temporal_state() called on loss function
Epoch 27: val_loss=1.4895849227905273
Epoch 27: train_loss=0.9022341370582581

[CollapseMonitor] Epoch 27
  [DEBUG] Processed 1 batches from val_dataloader
  [DEBUG] Predictions shape after concat: (1,)
  [DEBUG] All predictions list length: 1
  [DEBUG] First batch shape: (1,)
  Pred std: 0.000000, range: 0.000000, mean: 0.242800
  Pos: 100.0%, Neg: 0.0%, Unique: 1
  Dir Acc: 0.00%, Pred Sharpe: 0.0000
  Composite: 0.0000 (dist_match: 0.0000, actual_pos: 0.0%, pred_pos: 100.0%)
  Collapse penalty: 0.000000 (threshold: 0.005000)
  Saved validation predictions to: experiments/wf_monthly_weekly_enc12/fold_202205/collapse_monitoring/val_predictions_epoch27.npy
  Gradient norms:
    lstm_encoder: 0.021766
    lstm_decoder: 0.013661
    output_layer: 0.370430
  VSN output std:
    encoder: 0.269793
  Attention entropy: 2.357600
  Saved to: experiments/wf_monthly_weekly_enc12/fold_202205/collapse_monitoring/collapse_monitor_latest.json
[DEBUG CollapseMonitor] on_validation_epoch_start called for epoch 28
[DEBUG CollapseMonitor] reset_temporal_state() called on loss function
Epoch 28: val_loss=1.5116145610809326
Epoch 28: train_loss=0.8979945182800293

[CollapseMonitor] Epoch 28
  [DEBUG] Processed 1 batches from val_dataloader
  [DEBUG] Predictions shape after concat: (1,)
  [DEBUG] All predictions list length: 1
  [DEBUG] First batch shape: (1,)
  Pred std: 0.000000, range: 0.000000, mean: 0.370074
  Pos: 100.0%, Neg: 0.0%, Unique: 1
  Dir Acc: 0.00%, Pred Sharpe: 0.0000
  Composite: 0.0000 (dist_match: 0.0000, actual_pos: 0.0%, pred_pos: 100.0%)
  Collapse penalty: 0.000000 (threshold: 0.005000)
  Saved validation predictions to: experiments/wf_monthly_weekly_enc12/fold_202205/collapse_monitoring/val_predictions_epoch28.npy
  Gradient norms:
    lstm_encoder: 0.021947
    lstm_decoder: 0.014754
    output_layer: 0.397883
  VSN output std:
    encoder: 0.270466
  Attention entropy: 2.357209
  Saved to: experiments/wf_monthly_weekly_enc12/fold_202205/collapse_monitoring/collapse_monitor_latest.json
[DEBUG CollapseMonitor] on_validation_epoch_start called for epoch 29
[DEBUG CollapseMonitor] reset_temporal_state() called on loss function
Epoch 29: val_loss=1.5237126350402832
Epoch 29: train_loss=0.9048905968666077

[CollapseMonitor] Epoch 29
  [DEBUG] Processed 1 batches from val_dataloader
  [DEBUG] Predictions shape after concat: (1,)
  [DEBUG] All predictions list length: 1
  [DEBUG] First batch shape: (1,)
  Pred std: 0.000000, range: 0.000000, mean: 0.356982
  Pos: 100.0%, Neg: 0.0%, Unique: 1
  Dir Acc: 0.00%, Pred Sharpe: 0.0000
  Composite: 0.0000 (dist_match: 0.0000, actual_pos: 0.0%, pred_pos: 100.0%)
  Collapse penalty: 0.000000 (threshold: 0.005000)
  Saved validation predictions to: experiments/wf_monthly_weekly_enc12/fold_202205/collapse_monitoring/val_predictions_epoch29.npy
  Gradient norms:
    lstm_encoder: 0.022908
    lstm_decoder: 0.014591
    output_layer: 0.378732
  VSN output std:
    encoder: 0.271195
  Attention entropy: 2.350955
  Saved to: experiments/wf_monthly_weekly_enc12/fold_202205/collapse_monitoring/collapse_monitor_latest.json
[DEBUG CollapseMonitor] on_validation_epoch_start called for epoch 30
[DEBUG CollapseMonitor] reset_temporal_state() called on loss function
Epoch 30: val_loss=1.5067391395568848
Epoch 30: train_loss=0.8994705080986023

[CollapseMonitor] Epoch 30
  [DEBUG] Processed 1 batches from val_dataloader
  [DEBUG] Predictions shape after concat: (1,)
  [DEBUG] All predictions list length: 1
  [DEBUG] First batch shape: (1,)
  Pred std: 0.000000, range: 0.000000, mean: 0.258947
  Pos: 100.0%, Neg: 0.0%, Unique: 1
  Dir Acc: 0.00%, Pred Sharpe: 0.0000
  Composite: 0.0000 (dist_match: 0.0000, actual_pos: 0.0%, pred_pos: 100.0%)
  Collapse penalty: 0.000000 (threshold: 0.005000)
  Saved validation predictions to: experiments/wf_monthly_weekly_enc12/fold_202205/collapse_monitoring/val_predictions_epoch30.npy
  Gradient norms:
    lstm_encoder: 0.022599
    lstm_decoder: 0.015047
    output_layer: 0.395050
  VSN output std:
    encoder: 0.270677
  Attention entropy: 2.369175
  Saved to: experiments/wf_monthly_weekly_enc12/fold_202205/collapse_monitoring/collapse_monitor_latest.json
[DEBUG CollapseMonitor] on_validation_epoch_start called for epoch 31
[DEBUG CollapseMonitor] reset_temporal_state() called on loss function
Epoch 31: val_loss=1.4945640563964844
Epoch 31: train_loss=0.9009914398193359

[CollapseMonitor] Epoch 31
  [DEBUG] Processed 1 batches from val_dataloader
  [DEBUG] Predictions shape after concat: (1,)
  [DEBUG] All predictions list length: 1
  [DEBUG] First batch shape: (1,)
  Pred std: 0.000000, range: 0.000000, mean: 0.268172
  Pos: 100.0%, Neg: 0.0%, Unique: 1
  Dir Acc: 0.00%, Pred Sharpe: 0.0000
  Composite: 0.0000 (dist_match: 0.0000, actual_pos: 0.0%, pred_pos: 100.0%)
  Collapse penalty: 0.000000 (threshold: 0.005000)
  Saved validation predictions to: experiments/wf_monthly_weekly_enc12/fold_202205/collapse_monitoring/val_predictions_epoch31.npy
  Gradient norms:
    lstm_encoder: 0.023484
    lstm_decoder: 0.014926
    output_layer: 0.397455
  VSN output std:
    encoder: 0.270984
  Attention entropy: 2.358888
  Saved to: experiments/wf_monthly_weekly_enc12/fold_202205/collapse_monitoring/collapse_monitor_latest.json
[DEBUG CollapseMonitor] on_validation_epoch_start called for epoch 32
[DEBUG CollapseMonitor] reset_temporal_state() called on loss function
Epoch 32: val_loss=1.490267038345337
Epoch 32: train_loss=0.8989341259002686

[CollapseMonitor] Epoch 32
  [DEBUG] Processed 1 batches from val_dataloader
  [DEBUG] Predictions shape after concat: (1,)
  [DEBUG] All predictions list length: 1
  [DEBUG] First batch shape: (1,)
  Pred std: 0.000000, range: 0.000000, mean: 0.281973
  Pos: 100.0%, Neg: 0.0%, Unique: 1
  Dir Acc: 0.00%, Pred Sharpe: 0.0000
  Composite: 0.0000 (dist_match: 0.0000, actual_pos: 0.0%, pred_pos: 100.0%)
  Collapse penalty: 0.000000 (threshold: 0.005000)
  Saved validation predictions to: experiments/wf_monthly_weekly_enc12/fold_202205/collapse_monitoring/val_predictions_epoch32.npy
  Gradient norms:
    lstm_encoder: 0.022241
    lstm_decoder: 0.014221
    output_layer: 0.363673
  VSN output std:
    encoder: 0.271520
  Attention entropy: 2.350368
  Saved to: experiments/wf_monthly_weekly_enc12/fold_202205/collapse_monitoring/collapse_monitor_latest.json
[DEBUG CollapseMonitor] on_validation_epoch_start called for epoch 33
[DEBUG CollapseMonitor] reset_temporal_state() called on loss function
Epoch 33: val_loss=1.4878325462341309
Epoch 33: train_loss=0.9000003933906555

[CollapseMonitor] Epoch 33
  [DEBUG] Processed 1 batches from val_dataloader
  [DEBUG] Predictions shape after concat: (1,)
  [DEBUG] All predictions list length: 1
  [DEBUG] First batch shape: (1,)
  Pred std: 0.000000, range: 0.000000, mean: 0.319580
  Pos: 100.0%, Neg: 0.0%, Unique: 1
  Dir Acc: 0.00%, Pred Sharpe: 0.0000
  Composite: 0.0000 (dist_match: 0.0000, actual_pos: 0.0%, pred_pos: 100.0%)
  Collapse penalty: 0.000000 (threshold: 0.005000)
  Saved validation predictions to: experiments/wf_monthly_weekly_enc12/fold_202205/collapse_monitoring/val_predictions_epoch33.npy
  Gradient norms:
    lstm_encoder: 0.023594
    lstm_decoder: 0.015080
    output_layer: 0.384701
  VSN output std:
    encoder: 0.272579
  Attention entropy: 2.348452
  Saved to: experiments/wf_monthly_weekly_enc12/fold_202205/collapse_monitoring/collapse_monitor_latest.json
[DEBUG CollapseMonitor] on_validation_epoch_start called for epoch 34
[DEBUG CollapseMonitor] reset_temporal_state() called on loss function
Epoch 34: val_loss=1.4864156246185303
Epoch 34: train_loss=0.8974307179450989

[CollapseMonitor] Epoch 34
  [DEBUG] Processed 1 batches from val_dataloader
  [DEBUG] Predictions shape after concat: (1,)
  [DEBUG] All predictions list length: 1
  [DEBUG] First batch shape: (1,)
  Pred std: 0.000000, range: 0.000000, mean: 0.290342
  Pos: 100.0%, Neg: 0.0%, Unique: 1
  Dir Acc: 0.00%, Pred Sharpe: 0.0000
  Composite: 0.0000 (dist_match: 0.0000, actual_pos: 0.0%, pred_pos: 100.0%)
  Collapse penalty: 0.000000 (threshold: 0.005000)
  Saved validation predictions to: experiments/wf_monthly_weekly_enc12/fold_202205/collapse_monitoring/val_predictions_epoch34.npy
  Gradient norms:
    lstm_encoder: 0.024093
    lstm_decoder: 0.015110
    output_layer: 0.382477
  VSN output std:
    encoder: 0.272843
  Attention entropy: 2.350758
  Saved to: experiments/wf_monthly_weekly_enc12/fold_202205/collapse_monitoring/collapse_monitor_latest.json
[DEBUG CollapseMonitor] on_validation_epoch_start called for epoch 35
[DEBUG CollapseMonitor] reset_temporal_state() called on loss function
Epoch 35: val_loss=1.4890227317810059
Epoch 35: train_loss=0.8977866172790527

[CollapseMonitor] Epoch 35
  [DEBUG] Processed 1 batches from val_dataloader
  [DEBUG] Predictions shape after concat: (1,)
  [DEBUG] All predictions list length: 1
  [DEBUG] First batch shape: (1,)
  Pred std: 0.000000, range: 0.000000, mean: 0.297749
  Pos: 100.0%, Neg: 0.0%, Unique: 1
  Dir Acc: 0.00%, Pred Sharpe: 0.0000
  Composite: 0.0000 (dist_match: 0.0000, actual_pos: 0.0%, pred_pos: 100.0%)
  Collapse penalty: 0.000000 (threshold: 0.005000)
  Saved validation predictions to: experiments/wf_monthly_weekly_enc12/fold_202205/collapse_monitoring/val_predictions_epoch35.npy
  Gradient norms:
    lstm_encoder: 0.025237
    lstm_decoder: 0.015465
    output_layer: 0.383987
  VSN output std:
    encoder: 0.273112
  Attention entropy: 2.341833
  Saved to: experiments/wf_monthly_weekly_enc12/fold_202205/collapse_monitoring/collapse_monitor_latest.json
[DEBUG CollapseMonitor] on_validation_epoch_start called for epoch 36
[DEBUG CollapseMonitor] reset_temporal_state() called on loss function
Epoch 36: val_loss=1.481330156326294
Epoch 36: train_loss=0.895224928855896

[CollapseMonitor] Epoch 36
  [DEBUG] Processed 1 batches from val_dataloader
  [DEBUG] Predictions shape after concat: (1,)
  [DEBUG] All predictions list length: 1
  [DEBUG] First batch shape: (1,)
  Pred std: 0.000000, range: 0.000000, mean: 0.282998
  Pos: 100.0%, Neg: 0.0%, Unique: 1
  Dir Acc: 0.00%, Pred Sharpe: 0.0000
  Composite: 0.0000 (dist_match: 0.0000, actual_pos: 0.0%, pred_pos: 100.0%)
  Collapse penalty: 0.000000 (threshold: 0.005000)
  Saved validation predictions to: experiments/wf_monthly_weekly_enc12/fold_202205/collapse_monitoring/val_predictions_epoch36.npy
  Gradient norms:
    lstm_encoder: 0.023898
    lstm_decoder: 0.014668
    output_layer: 0.347414
  VSN output std:
    encoder: 0.272661
  Attention entropy: 2.338125
  Saved to: experiments/wf_monthly_weekly_enc12/fold_202205/collapse_monitoring/collapse_monitor_latest.json
[DEBUG CollapseMonitor] on_validation_epoch_start called for epoch 37
[DEBUG CollapseMonitor] reset_temporal_state() called on loss function
Epoch 37: val_loss=1.4883748292922974
Epoch 37: train_loss=0.8972761034965515

[CollapseMonitor] Epoch 37
  [DEBUG] Processed 1 batches from val_dataloader
  [DEBUG] Predictions shape after concat: (1,)
  [DEBUG] All predictions list length: 1
  [DEBUG] First batch shape: (1,)
  Pred std: 0.000000, range: 0.000000, mean: 0.270058
  Pos: 100.0%, Neg: 0.0%, Unique: 1
  Dir Acc: 0.00%, Pred Sharpe: 0.0000
  Composite: 0.0000 (dist_match: 0.0000, actual_pos: 0.0%, pred_pos: 100.0%)
  Collapse penalty: 0.000000 (threshold: 0.005000)
  Saved validation predictions to: experiments/wf_monthly_weekly_enc12/fold_202205/collapse_monitoring/val_predictions_epoch37.npy
  Gradient norms:
    lstm_encoder: 0.024585
    lstm_decoder: 0.015414
    output_layer: 0.368943
  VSN output std:
    encoder: 0.273195
  Attention entropy: 2.335905
  Saved to: experiments/wf_monthly_weekly_enc12/fold_202205/collapse_monitoring/collapse_monitor_latest.json
[DEBUG CollapseMonitor] on_validation_epoch_start called for epoch 38
[DEBUG CollapseMonitor] reset_temporal_state() called on loss function
Epoch 38: val_loss=1.4803621768951416
Epoch 38: train_loss=0.9001555442810059

[CollapseMonitor] Epoch 38
  [DEBUG] Processed 1 batches from val_dataloader
  [DEBUG] Predictions shape after concat: (1,)
  [DEBUG] All predictions list length: 1
  [DEBUG] First batch shape: (1,)
  Pred std: 0.000000, range: 0.000000, mean: 0.289722
  Pos: 100.0%, Neg: 0.0%, Unique: 1
  Dir Acc: 0.00%, Pred Sharpe: 0.0000
  Composite: 0.0000 (dist_match: 0.0000, actual_pos: 0.0%, pred_pos: 100.0%)
  Collapse penalty: 0.000000 (threshold: 0.005000)
  Saved validation predictions to: experiments/wf_monthly_weekly_enc12/fold_202205/collapse_monitoring/val_predictions_epoch38.npy
  Gradient norms:
    lstm_encoder: 0.024661
    lstm_decoder: 0.015306
    output_layer: 0.365152
  VSN output std:
    encoder: 0.274103
  Attention entropy: 2.330795
  Saved to: experiments/wf_monthly_weekly_enc12/fold_202205/collapse_monitoring/collapse_monitor_latest.json
[DEBUG CollapseMonitor] on_validation_epoch_start called for epoch 39
[DEBUG CollapseMonitor] reset_temporal_state() called on loss function
Epoch 39: val_loss=1.4932518005371094
Epoch 39: train_loss=0.895732581615448

[CollapseMonitor] Epoch 39
  [DEBUG] Processed 1 batches from val_dataloader
  [DEBUG] Predictions shape after concat: (1,)
  [DEBUG] All predictions list length: 1
  [DEBUG] First batch shape: (1,)
  Pred std: 0.000000, range: 0.000000, mean: 0.329142
  Pos: 100.0%, Neg: 0.0%, Unique: 1
  Dir Acc: 0.00%, Pred Sharpe: 0.0000
  Composite: 0.0000 (dist_match: 0.0000, actual_pos: 0.0%, pred_pos: 100.0%)
  Collapse penalty: 0.000000 (threshold: 0.005000)
  Saved validation predictions to: experiments/wf_monthly_weekly_enc12/fold_202205/collapse_monitoring/val_predictions_epoch39.npy
  Gradient norms:
    lstm_encoder: 0.023891
    lstm_decoder: 0.015120
    output_layer: 0.382453
  VSN output std:
    encoder: 0.273387
  Attention entropy: 2.321815
  Saved to: experiments/wf_monthly_weekly_enc12/fold_202205/collapse_monitoring/collapse_monitor_latest.json
[DEBUG CollapseMonitor] on_validation_epoch_start called for epoch 40
[DEBUG CollapseMonitor] reset_temporal_state() called on loss function
Epoch 40: val_loss=1.5020995140075684
Epoch 40: train_loss=0.893145740032196

[CollapseMonitor] Epoch 40
  [DEBUG] Processed 1 batches from val_dataloader
  [DEBUG] Predictions shape after concat: (1,)
  [DEBUG] All predictions list length: 1
  [DEBUG] First batch shape: (1,)
  Pred std: 0.000000, range: 0.000000, mean: 0.357257
  Pos: 100.0%, Neg: 0.0%, Unique: 1
  Dir Acc: 0.00%, Pred Sharpe: 0.0000
  Composite: 0.0000 (dist_match: 0.0000, actual_pos: 0.0%, pred_pos: 100.0%)
  Collapse penalty: 0.000000 (threshold: 0.005000)
  Saved validation predictions to: experiments/wf_monthly_weekly_enc12/fold_202205/collapse_monitoring/val_predictions_epoch40.npy
  Gradient norms:
    lstm_encoder: 0.025606
    lstm_decoder: 0.015759
    output_layer: 0.382287
  VSN output std:
    encoder: 0.273281
  Attention entropy: 2.325998
  Saved to: experiments/wf_monthly_weekly_enc12/fold_202205/collapse_monitoring/collapse_monitor_latest.json
[DEBUG CollapseMonitor] on_validation_epoch_start called for epoch 41
[DEBUG CollapseMonitor] reset_temporal_state() called on loss function
Epoch 41: val_loss=1.495341420173645
Epoch 41: train_loss=0.8978906273841858

[CollapseMonitor] Epoch 41
  [DEBUG] Processed 1 batches from val_dataloader
  [DEBUG] Predictions shape after concat: (1,)
  [DEBUG] All predictions list length: 1
  [DEBUG] First batch shape: (1,)
  Pred std: 0.000000, range: 0.000000, mean: 0.353689
  Pos: 100.0%, Neg: 0.0%, Unique: 1
  Dir Acc: 0.00%, Pred Sharpe: 0.0000
  Composite: 0.0000 (dist_match: 0.0000, actual_pos: 0.0%, pred_pos: 100.0%)
  Collapse penalty: 0.000000 (threshold: 0.005000)
  Saved validation predictions to: experiments/wf_monthly_weekly_enc12/fold_202205/collapse_monitoring/val_predictions_epoch41.npy
  Gradient norms:
    lstm_encoder: 0.024892
    lstm_decoder: 0.015441
    output_layer: 0.377784
  VSN output std:
    encoder: 0.273352
  Attention entropy: 2.318651
  Saved to: experiments/wf_monthly_weekly_enc12/fold_202205/collapse_monitoring/collapse_monitor_latest.json
[DEBUG CollapseMonitor] on_validation_epoch_start called for epoch 42
[DEBUG CollapseMonitor] reset_temporal_state() called on loss function
Epoch 42: val_loss=1.5042874813079834
Epoch 42: train_loss=0.8926889300346375

[CollapseMonitor] Epoch 42
  [DEBUG] Processed 1 batches from val_dataloader
  [DEBUG] Predictions shape after concat: (1,)
  [DEBUG] All predictions list length: 1
  [DEBUG] First batch shape: (1,)
  Pred std: 0.000000, range: 0.000000, mean: 0.330022
  Pos: 100.0%, Neg: 0.0%, Unique: 1
  Dir Acc: 0.00%, Pred Sharpe: 0.0000
  Composite: 0.0000 (dist_match: 0.0000, actual_pos: 0.0%, pred_pos: 100.0%)
  Collapse penalty: 0.000000 (threshold: 0.005000)
  Saved validation predictions to: experiments/wf_monthly_weekly_enc12/fold_202205/collapse_monitoring/val_predictions_epoch42.npy
  Gradient norms:
    lstm_encoder: 0.025066
    lstm_decoder: 0.015696
    output_layer: 0.381060
  VSN output std:
    encoder: 0.273790
  Attention entropy: 2.314958
  Saved to: experiments/wf_monthly_weekly_enc12/fold_202205/collapse_monitoring/collapse_monitor_latest.json
[DEBUG CollapseMonitor] on_validation_epoch_start called for epoch 43
[DEBUG CollapseMonitor] reset_temporal_state() called on loss function
Epoch 43: val_loss=1.487382411956787
Epoch 43: train_loss=0.8990737199783325

[CollapseMonitor] Epoch 43
  [DEBUG] Processed 1 batches from val_dataloader
  [DEBUG] Predictions shape after concat: (1,)
  [DEBUG] All predictions list length: 1
  [DEBUG] First batch shape: (1,)
  Pred std: 0.000000, range: 0.000000, mean: 0.280194
  Pos: 100.0%, Neg: 0.0%, Unique: 1
  Dir Acc: 0.00%, Pred Sharpe: 0.0000
  Composite: 0.0000 (dist_match: 0.0000, actual_pos: 0.0%, pred_pos: 100.0%)
  Collapse penalty: 0.000000 (threshold: 0.005000)
  Saved validation predictions to: experiments/wf_monthly_weekly_enc12/fold_202205/collapse_monitoring/val_predictions_epoch43.npy
  Gradient norms:
    lstm_encoder: 0.026055
    lstm_decoder: 0.015946
    output_layer: 0.385172
  VSN output std:
    encoder: 0.274077
  Attention entropy: 2.330808
  Saved to: experiments/wf_monthly_weekly_enc12/fold_202205/collapse_monitoring/collapse_monitor_latest.json
[DEBUG CollapseMonitor] on_validation_epoch_start called for epoch 44
[DEBUG CollapseMonitor] reset_temporal_state() called on loss function
Epoch 44: val_loss=1.4884072542190552
Epoch 44: train_loss=0.8966583013534546

[CollapseMonitor] Epoch 44
  [DEBUG] Processed 1 batches from val_dataloader
  [DEBUG] Predictions shape after concat: (1,)
  [DEBUG] All predictions list length: 1
  [DEBUG] First batch shape: (1,)
  Pred std: 0.000000, range: 0.000000, mean: 0.287295
  Pos: 100.0%, Neg: 0.0%, Unique: 1
  Dir Acc: 0.00%, Pred Sharpe: 0.0000
  Composite: 0.0000 (dist_match: 0.0000, actual_pos: 0.0%, pred_pos: 100.0%)
  Collapse penalty: 0.000000 (threshold: 0.005000)
  Saved validation predictions to: experiments/wf_monthly_weekly_enc12/fold_202205/collapse_monitoring/val_predictions_epoch44.npy
  Gradient norms:
    lstm_encoder: 0.027379
    lstm_decoder: 0.016375
    output_layer: 0.378101
  VSN output std:
    encoder: 0.274289
  Attention entropy: 2.329562
  Saved to: experiments/wf_monthly_weekly_enc12/fold_202205/collapse_monitoring/collapse_monitor_latest.json
[DEBUG CollapseMonitor] on_validation_epoch_start called for epoch 45
[DEBUG CollapseMonitor] reset_temporal_state() called on loss function
Epoch 45: val_loss=1.485815405845642
Epoch 45: train_loss=0.8974605798721313

[CollapseMonitor] Epoch 45
  [DEBUG] Processed 1 batches from val_dataloader
  [DEBUG] Predictions shape after concat: (1,)
  [DEBUG] All predictions list length: 1
  [DEBUG] First batch shape: (1,)
  Pred std: 0.000000, range: 0.000000, mean: 0.302093
  Pos: 100.0%, Neg: 0.0%, Unique: 1
  Dir Acc: 0.00%, Pred Sharpe: 0.0000
  Composite: 0.0000 (dist_match: 0.0000, actual_pos: 0.0%, pred_pos: 100.0%)
  Collapse penalty: 0.000000 (threshold: 0.005000)
  Saved validation predictions to: experiments/wf_monthly_weekly_enc12/fold_202205/collapse_monitoring/val_predictions_epoch45.npy
  Gradient norms:
    lstm_encoder: 0.025729
    lstm_decoder: 0.015620
    output_layer: 0.365511
  VSN output std:
    encoder: 0.274203
  Attention entropy: 2.327617
  Saved to: experiments/wf_monthly_weekly_enc12/fold_202205/collapse_monitoring/collapse_monitor_latest.json
[DEBUG CollapseMonitor] on_validation_epoch_start called for epoch 46
[DEBUG CollapseMonitor] reset_temporal_state() called on loss function
Epoch 46: val_loss=1.4890949726104736
Epoch 46: train_loss=0.8926315903663635

[CollapseMonitor] Epoch 46
  [DEBUG] Processed 1 batches from val_dataloader
  [DEBUG] Predictions shape after concat: (1,)
  [DEBUG] All predictions list length: 1
  [DEBUG] First batch shape: (1,)
  Pred std: 0.000000, range: 0.000000, mean: 0.300791
  Pos: 100.0%, Neg: 0.0%, Unique: 1
  Dir Acc: 0.00%, Pred Sharpe: 0.0000
  Composite: 0.0000 (dist_match: 0.0000, actual_pos: 0.0%, pred_pos: 100.0%)
  Collapse penalty: 0.000000 (threshold: 0.005000)
  Saved validation predictions to: experiments/wf_monthly_weekly_enc12/fold_202205/collapse_monitoring/val_predictions_epoch46.npy
  Gradient norms:
    lstm_encoder: 0.025711
    lstm_decoder: 0.015592
    output_layer: 0.364891
  VSN output std:
    encoder: 0.274054
  Attention entropy: 2.317871
  Saved to: experiments/wf_monthly_weekly_enc12/fold_202205/collapse_monitoring/collapse_monitor_latest.json
[DEBUG CollapseMonitor] on_validation_epoch_start called for epoch 47
[DEBUG CollapseMonitor] reset_temporal_state() called on loss function
Epoch 47: val_loss=1.4851195812225342
Epoch 47: train_loss=0.893159806728363

[CollapseMonitor] Epoch 47
  [DEBUG] Processed 1 batches from val_dataloader
  [DEBUG] Predictions shape after concat: (1,)
  [DEBUG] All predictions list length: 1
  [DEBUG] First batch shape: (1,)
  Pred std: 0.000000, range: 0.000000, mean: 0.294637
  Pos: 100.0%, Neg: 0.0%, Unique: 1
  Dir Acc: 0.00%, Pred Sharpe: 0.0000
  Composite: 0.0000 (dist_match: 0.0000, actual_pos: 0.0%, pred_pos: 100.0%)
  Collapse penalty: 0.000000 (threshold: 0.005000)
  Saved validation predictions to: experiments/wf_monthly_weekly_enc12/fold_202205/collapse_monitoring/val_predictions_epoch47.npy
  Gradient norms:
    lstm_encoder: 0.026852
    lstm_decoder: 0.016701
    output_layer: 0.380099
  VSN output std:
    encoder: 0.274456
  Attention entropy: 2.318758
  Saved to: experiments/wf_monthly_weekly_enc12/fold_202205/collapse_monitoring/collapse_monitor_latest.json
[DEBUG CollapseMonitor] on_validation_epoch_start called for epoch 48
[DEBUG CollapseMonitor] reset_temporal_state() called on loss function
Epoch 48: val_loss=1.49005126953125
Epoch 48: train_loss=0.8932713270187378

[CollapseMonitor] Epoch 48
  [DEBUG] Processed 1 batches from val_dataloader
  [DEBUG] Predictions shape after concat: (1,)
  [DEBUG] All predictions list length: 1
  [DEBUG] First batch shape: (1,)
  Pred std: 0.000000, range: 0.000000, mean: 0.301198
  Pos: 100.0%, Neg: 0.0%, Unique: 1
  Dir Acc: 0.00%, Pred Sharpe: 0.0000
  Composite: 0.0000 (dist_match: 0.0000, actual_pos: 0.0%, pred_pos: 100.0%)
  Collapse penalty: 0.000000 (threshold: 0.005000)
  Saved validation predictions to: experiments/wf_monthly_weekly_enc12/fold_202205/collapse_monitoring/val_predictions_epoch48.npy
  Gradient norms:
    lstm_encoder: 0.025899
    lstm_decoder: 0.016898
    output_layer: 0.398002
  VSN output std:
    encoder: 0.274252
  Attention entropy: 2.314371
  Saved to: experiments/wf_monthly_weekly_enc12/fold_202205/collapse_monitoring/collapse_monitor_latest.json


======================================================================
Training complete
======================================================================

Best val_loss checkpoint: experiments/wf_monthly_weekly_enc12/fold_202205/checkpoints/tft-epoch=epoch=38-valloss=val_loss=1.4804.ckpt
Best validation loss: 1.480362
Checkpoints saved:
  - Best val_loss: experiments/wf_monthly_weekly_enc12/fold_202205/checkpoints/tft-epoch=epoch=38-valloss=val_loss=1.4804.ckpt
  - Best pred_std: experiments/wf_monthly_weekly_enc12/fold_202205/checkpoints/tft-epoch=epoch=00-predstd=val_pred_std=0.0000.ckpt
  - Best unique: experiments/wf_monthly_weekly_enc12/fold_202205/checkpoints/tft-epoch=epoch=00-unique=val_num_unique=1.ckpt
  - Best dir_acc: experiments/wf_monthly_weekly_enc12/fold_202205/checkpoints/tft-epoch=epoch=00-diracc=val_dir_acc=0.0000.ckpt
  - Best sharpe: experiments/wf_monthly_weekly_enc12/fold_202205/checkpoints/tft-epoch=epoch=00-sharpe=val_sharpe=0.0000.ckpt
  - Best composite: experiments/wf_monthly_weekly_enc12/fold_202205/checkpoints/tft-epoch=epoch=00-composite=val_composite=0.0000.ckpt
Completed at: 2025-12-03 03:41:10
Log saved to: experiments/wf_monthly_weekly_enc12/fold_202205/training_20251203_033229.log
======================================================================
