Logging to: experiments/06a_weekly_sweep/h16_enc8_d025_bs16/vsn_analysis/vsn_analysis_20251129_215103.log
Analysis started at: 2025-11-29 21:51:03
======================================================================
Experiment: 06a_weekly_sweep/h16_enc8_d025_bs16
Output directory: experiments/06a_weekly_sweep/h16_enc8_d025_bs16/vsn_analysis
Loading config from: experiments/06a_weekly_sweep/h16_enc8_d025_bs16/config.json
Using best checkpoint: experiments/06a_weekly_sweep/h16_enc8_d025_bs16/checkpoints/tft-epoch=epoch=98-valloss=val_loss=0.8956.ckpt

Loading data...
Loading test data from: data/splits/vintage/core_proposal_weekly_vintage_test.csv
  Train samples: 1269
  Test samples: 273

Preparing test dataset...
Test dataset size: 265

Loading model...
Loading model from: experiments/06a_weekly_sweep/h16_enc8_d025_bs16/checkpoints/tft-epoch=epoch=98-valloss=val_loss=0.8956.ckpt
Model loaded on device: cuda

Extracting VSN weights...
  Encoder variables (5): ['relative_time_idx', 'VIX', 'Treasury_10Y', 'Yield_Spread', 'Inflation_YoY']
  Decoder variables (1): ['relative_time_idx']
  Static variables (1): ['encoder_length']

  DEBUG: Output type: <class 'pytorch_forecasting.utils.TupleOutputMixIn.to_network_output.<locals>.Output'>
  DEBUG: Output fields (NamedTuple): ('prediction', 'encoder_attention', 'decoder_attention', 'static_variables', 'encoder_variables', 'decoder_variables', 'decoder_lengths', 'encoder_lengths')
  DEBUG: output.encoder_variables shape: torch.Size([64, 8, 1, 5])
  DEBUG: output.static_variables shape: torch.Size([64, 1, 1])
  DEBUG: output.decoder_variables shape: torch.Size([64, 1, 1, 1])

Extraction complete:
  Samples: 265
  Encoder VSN shape: (265, 5)
  Decoder VSN shape: (265, 1)

Analysis period: 2020-09-18 to 2025-10-10

Creating temporal periods:
  2020: 15 samples
  2021: 53 samples
  2022: 52 samples
  2023: 52 samples
  2024: 52 samples
  2025: 41 samples

Analyzing VSN weights by period...

Comparing VSN patterns across periods...

Creating visualizations...
Saved VSN heatmap: experiments/06a_weekly_sweep/h16_enc8_d025_bs16/vsn_analysis/vsn_heatmap.png
Saved VSN comparison: experiments/06a_weekly_sweep/h16_enc8_d025_bs16/vsn_analysis/vsn_comparison.png
Saved concentration plot: experiments/06a_weekly_sweep/h16_enc8_d025_bs16/vsn_analysis/vsn_concentration.png

Saving results...
Saved results: experiments/06a_weekly_sweep/h16_enc8_d025_bs16/vsn_analysis/vsn_analysis_results.json

======================================================================
VSN ANALYSIS SUMMARY
======================================================================

Per-Period Feature Importance:
----------------------------------------------------------------------

2020 (15 samples):
  Concentration: 0.5030
  Top 5 features:
    VIX                            0.6869
    Treasury_10Y                   0.1288
    Inflation_YoY                  0.1054
    Yield_Spread                   0.0532
    relative_time_idx              0.0258

2021 (53 samples):
  Concentration: 0.5023
  Top 5 features:
    VIX                            0.6864
    Treasury_10Y                   0.1433
    Inflation_YoY                  0.0787
    Yield_Spread                   0.0568
    relative_time_idx              0.0347

2022 (52 samples):
  Concentration: 0.5906
  Top 5 features:
    VIX                            0.7575
    Treasury_10Y                   0.0981
    Yield_Spread                   0.0587
    Inflation_YoY                  0.0430
    relative_time_idx              0.0427

2023 (52 samples):
  Concentration: 0.5956
  Top 5 features:
    VIX                            0.7614
    Treasury_10Y                   0.0891
    Yield_Spread                   0.0657
    Inflation_YoY                  0.0464
    relative_time_idx              0.0374

2024 (52 samples):
  Concentration: 0.5934
  Top 5 features:
    VIX                            0.7599
    Treasury_10Y                   0.0839
    Yield_Spread                   0.0704
    Inflation_YoY                  0.0538
    relative_time_idx              0.0320

2025 (41 samples):
  Concentration: 0.5920
  Top 5 features:
    VIX                            0.7590
    Treasury_10Y                   0.0775
    Yield_Spread                   0.0702
    Inflation_YoY                  0.0636
    relative_time_idx              0.0296

----------------------------------------------------------------------
Period Comparisons:
----------------------------------------------------------------------

2020_vs_2021:
  Cosine similarity: 0.9990
  L2 distance: 0.0318
  Biggest increases: Treasury_10Y(+0.015), relative_time_idx(+0.009), Yield_Spread(+0.004)
  Biggest decreases: Inflation_YoY(-0.027), VIX(-0.000), Yield_Spread(+0.004)

2020_vs_2022:
  Cosine similarity: 0.9939
  L2 distance: 0.1007
  Biggest increases: VIX(+0.071), relative_time_idx(+0.017), Yield_Spread(+0.006)
  Biggest decreases: Inflation_YoY(-0.062), Treasury_10Y(-0.031), Yield_Spread(+0.006)

2020_vs_2023:
  Cosine similarity: 0.9936
  L2 distance: 0.1044
  Biggest increases: VIX(+0.075), Yield_Spread(+0.012), relative_time_idx(+0.012)
  Biggest decreases: Inflation_YoY(-0.059), Treasury_10Y(-0.040), relative_time_idx(+0.012)

2020_vs_2024:
  Cosine similarity: 0.9939
  L2 distance: 0.1017
  Biggest increases: VIX(+0.073), Yield_Spread(+0.017), relative_time_idx(+0.006)
  Biggest decreases: Inflation_YoY(-0.052), Treasury_10Y(-0.045), relative_time_idx(+0.006)

2020_vs_2025:
  Cosine similarity: 0.9943
  L2 distance: 0.0994
  Biggest increases: VIX(+0.072), Yield_Spread(+0.017), relative_time_idx(+0.004)
  Biggest decreases: Treasury_10Y(-0.051), Inflation_YoY(-0.042), relative_time_idx(+0.004)

2021_vs_2022:
  Cosine similarity: 0.9955
  L2 distance: 0.0919
  Biggest increases: VIX(+0.071), relative_time_idx(+0.008), Yield_Spread(+0.002)
  Biggest decreases: Treasury_10Y(-0.045), Inflation_YoY(-0.036), Yield_Spread(+0.002)

2021_vs_2023:
  Cosine similarity: 0.9948
  L2 distance: 0.0985
  Biggest increases: VIX(+0.075), Yield_Spread(+0.009), relative_time_idx(+0.003)
  Biggest decreases: Treasury_10Y(-0.054), Inflation_YoY(-0.032), relative_time_idx(+0.003)

2021_vs_2024:
  Cosine similarity: 0.9945
  L2 distance: 0.0987
  Biggest increases: VIX(+0.074), Yield_Spread(+0.014), relative_time_idx(-0.003)
  Biggest decreases: Treasury_10Y(-0.059), Inflation_YoY(-0.025), relative_time_idx(-0.003)

2021_vs_2025:
  Cosine similarity: 0.9942
  L2 distance: 0.1002
  Biggest increases: VIX(+0.073), Yield_Spread(+0.013), relative_time_idx(-0.005)
  Biggest decreases: Treasury_10Y(-0.066), Inflation_YoY(-0.015), relative_time_idx(-0.005)

2022_vs_2023:
  Cosine similarity: 0.9999
  L2 distance: 0.0136
  Biggest increases: Yield_Spread(+0.007), VIX(+0.004), Inflation_YoY(+0.003)
  Biggest decreases: Treasury_10Y(-0.009), relative_time_idx(-0.005), Inflation_YoY(+0.003)

2022_vs_2024:
  Cosine similarity: 0.9995
  L2 distance: 0.0240
  Biggest increases: Yield_Spread(+0.012), Inflation_YoY(+0.011), VIX(+0.002)
  Biggest decreases: Treasury_10Y(-0.014), relative_time_idx(-0.011), VIX(+0.002)

2022_vs_2025:
  Cosine similarity: 0.9990
  L2 distance: 0.0340
  Biggest increases: Inflation_YoY(+0.021), Yield_Spread(+0.012), VIX(+0.002)
  Biggest decreases: Treasury_10Y(-0.021), relative_time_idx(-0.013), VIX(+0.002)

2023_vs_2024:
  Cosine similarity: 0.9999
  L2 distance: 0.0117
  Biggest increases: Inflation_YoY(+0.007), Yield_Spread(+0.005), VIX(-0.002)
  Biggest decreases: relative_time_idx(-0.005), Treasury_10Y(-0.005), VIX(-0.002)

2023_vs_2025:
  Cosine similarity: 0.9996
  L2 distance: 0.0227
  Biggest increases: Inflation_YoY(+0.017), Yield_Spread(+0.005), VIX(-0.002)
  Biggest decreases: Treasury_10Y(-0.012), relative_time_idx(-0.008), VIX(-0.002)

2024_vs_2025:
  Cosine similarity: 0.9999
  L2 distance: 0.0119
  Biggest increases: Inflation_YoY(+0.010), Yield_Spread(-0.000), VIX(-0.001)
  Biggest decreases: Treasury_10Y(-0.006), relative_time_idx(-0.002), VIX(-0.001)

======================================================================

Analysis complete!
Results saved to: experiments/06a_weekly_sweep/h16_enc8_d025_bs16/vsn_analysis
  - vsn_analysis_results.json
  - vsn_heatmap.png
  - vsn_comparison.png
  - vsn_concentration.png
