Logging to: experiments/02b_vintage_sweep/baseline_h14_drop0.25/vsn_analysis/vsn_analysis_20251129_151335.log
Analysis started at: 2025-11-29 15:13:35
======================================================================
Experiment: 02b_vintage_sweep/baseline_h14_drop0.25
Output directory: experiments/02b_vintage_sweep/baseline_h14_drop0.25/vsn_analysis
Loading config from: experiments/02b_vintage_sweep/baseline_h14_drop0.25/config.json
Using best checkpoint: experiments/02b_vintage_sweep/baseline_h14_drop0.25/checkpoints/tft-epoch=94-val_loss=0.3966.ckpt

Loading data...
Loading test data from: data/splits/vintage/core_proposal_daily_vintage_test.csv
  Train samples: 6074
  Test samples: 1302

Preparing test dataset...
Test dataset size: 1282

Loading model...
Loading model from: experiments/02b_vintage_sweep/baseline_h14_drop0.25/checkpoints/tft-epoch=94-val_loss=0.3966.ckpt
Model loaded on device: cuda

Extracting VSN weights...
  Encoder variables (5): ['relative_time_idx', 'VIX', 'Treasury_10Y', 'Yield_Spread', 'Inflation_YoY']
  Decoder variables (1): ['relative_time_idx']
  Static variables (1): ['encoder_length']

  DEBUG: Output type: <class 'pytorch_forecasting.utils.TupleOutputMixIn.to_network_output.<locals>.Output'>
  DEBUG: Output fields (NamedTuple): ('prediction', 'encoder_attention', 'decoder_attention', 'static_variables', 'encoder_variables', 'decoder_variables', 'decoder_lengths', 'encoder_lengths')
  DEBUG: output.encoder_variables shape: torch.Size([64, 20, 1, 5])
  DEBUG: output.static_variables shape: torch.Size([64, 1, 1])
  DEBUG: output.decoder_variables shape: torch.Size([64, 1, 1, 1])
  Processed batch 20/21

Extraction complete:
  Samples: 1282
  Encoder VSN shape: (1282, 5)
  Decoder VSN shape: (1282, 1)

Analysis period: 2020-08-17 to 2025-10-06

Creating temporal periods:
  2020: 94 samples
  2021: 250 samples
  2022: 249 samples
  2023: 249 samples
  2024: 250 samples
  2025: 190 samples

Analyzing VSN weights by period...

Comparing VSN patterns across periods...

Creating visualizations...
Saved VSN heatmap: experiments/02b_vintage_sweep/baseline_h14_drop0.25/vsn_analysis/vsn_heatmap.png
Saved VSN comparison: experiments/02b_vintage_sweep/baseline_h14_drop0.25/vsn_analysis/vsn_comparison.png
Saved concentration plot: experiments/02b_vintage_sweep/baseline_h14_drop0.25/vsn_analysis/vsn_concentration.png

Saving results...
Saved results: experiments/02b_vintage_sweep/baseline_h14_drop0.25/vsn_analysis/vsn_analysis_results.json

======================================================================
VSN ANALYSIS SUMMARY
======================================================================

Per-Period Feature Importance:
----------------------------------------------------------------------

2020 (94 samples):
  Concentration: 0.3225
  Top 5 features:
    VIX                            0.4662
    Treasury_10Y                   0.2739
    Inflation_YoY                  0.1405
    Yield_Spread                   0.1000
    relative_time_idx              0.0194

2021 (250 samples):
  Concentration: 0.5113
  Top 5 features:
    VIX                            0.6943
    Inflation_YoY                  0.1251
    Treasury_10Y                   0.1023
    relative_time_idx              0.0463
    Yield_Spread                   0.0320

2022 (249 samples):
  Concentration: 0.4948
  Top 5 features:
    VIX                            0.6787
    Inflation_YoY                  0.1443
    Treasury_10Y                   0.0993
    relative_time_idx              0.0540
    Yield_Spread                   0.0237

2023 (249 samples):
  Concentration: 0.5414
  Top 5 features:
    VIX                            0.7209
    Inflation_YoY                  0.1066
    Treasury_10Y                   0.0719
    Yield_Spread                   0.0595
    relative_time_idx              0.0412

2024 (250 samples):
  Concentration: 0.5112
  Top 5 features:
    VIX                            0.6936
    Inflation_YoY                  0.1407
    Yield_Spread                   0.0806
    Treasury_10Y                   0.0520
    relative_time_idx              0.0330

2025 (190 samples):
  Concentration: 0.4558
  Top 5 features:
    VIX                            0.6393
    Inflation_YoY                  0.1888
    Yield_Spread                   0.0874
    Treasury_10Y                   0.0534
    relative_time_idx              0.0311

----------------------------------------------------------------------
Period Comparisons:
----------------------------------------------------------------------

2020_vs_2021:
  Cosine similarity: 0.9195
  L2 distance: 0.2950
  Biggest increases: VIX(+0.228), relative_time_idx(+0.027), Inflation_YoY(-0.015)
  Biggest decreases: Treasury_10Y(-0.172), Yield_Spread(-0.068), Inflation_YoY(-0.015)

2020_vs_2022:
  Cosine similarity: 0.9195
  L2 distance: 0.2876
  Biggest increases: VIX(+0.213), relative_time_idx(+0.035), Inflation_YoY(+0.004)
  Biggest decreases: Treasury_10Y(-0.175), Yield_Spread(-0.076), Inflation_YoY(+0.004)

2020_vs_2023:
  Cosine similarity: 0.9034
  L2 distance: 0.3300
  Biggest increases: VIX(+0.255), relative_time_idx(+0.022), Inflation_YoY(-0.034)
  Biggest decreases: Treasury_10Y(-0.202), Yield_Spread(-0.041), Inflation_YoY(-0.034)

2020_vs_2024:
  Cosine similarity: 0.9016
  L2 distance: 0.3186
  Biggest increases: VIX(+0.227), relative_time_idx(+0.014), Inflation_YoY(+0.000)
  Biggest decreases: Treasury_10Y(-0.222), Yield_Spread(-0.019), Inflation_YoY(+0.000)

2020_vs_2025:
  Cosine similarity: 0.9091
  L2 distance: 0.2850
  Biggest increases: VIX(+0.173), Inflation_YoY(+0.048), relative_time_idx(+0.012)
  Biggest decreases: Treasury_10Y(-0.221), Yield_Spread(-0.013), relative_time_idx(+0.012)

2021_vs_2022:
  Cosine similarity: 0.9994
  L2 distance: 0.0274
  Biggest increases: Inflation_YoY(+0.019), relative_time_idx(+0.008), Treasury_10Y(-0.003)
  Biggest decreases: VIX(-0.016), Yield_Spread(-0.008), Treasury_10Y(-0.003)

2021_vs_2023:
  Cosine similarity: 0.9978
  L2 distance: 0.0525
  Biggest increases: Yield_Spread(+0.027), VIX(+0.027), relative_time_idx(-0.005)
  Biggest decreases: Treasury_10Y(-0.030), Inflation_YoY(-0.019), relative_time_idx(-0.005)

2021_vs_2024:
  Cosine similarity: 0.9948
  L2 distance: 0.0729
  Biggest increases: Yield_Spread(+0.049), Inflation_YoY(+0.016), VIX(-0.001)
  Biggest decreases: Treasury_10Y(-0.050), relative_time_idx(-0.013), VIX(-0.001)

2021_vs_2025:
  Cosine similarity: 0.9884
  L2 distance: 0.1130
  Biggest increases: Inflation_YoY(+0.064), Yield_Spread(+0.055), relative_time_idx(-0.015)
  Biggest decreases: VIX(-0.055), Treasury_10Y(-0.049), relative_time_idx(-0.015)

2022_vs_2023:
  Cosine similarity: 0.9958
  L2 distance: 0.0735
  Biggest increases: VIX(+0.042), Yield_Spread(+0.036), relative_time_idx(-0.013)
  Biggest decreases: Inflation_YoY(-0.038), Treasury_10Y(-0.027), relative_time_idx(-0.013)

2022_vs_2024:
  Cosine similarity: 0.9940
  L2 distance: 0.0785
  Biggest increases: Yield_Spread(+0.057), VIX(+0.015), Inflation_YoY(-0.004)
  Biggest decreases: Treasury_10Y(-0.047), relative_time_idx(-0.021), Inflation_YoY(-0.004)

2022_vs_2025:
  Cosine similarity: 0.9901
  L2 distance: 0.1011
  Biggest increases: Yield_Spread(+0.064), Inflation_YoY(+0.044), relative_time_idx(-0.023)
  Biggest decreases: Treasury_10Y(-0.046), VIX(-0.039), relative_time_idx(-0.023)

2023_vs_2024:
  Cosine similarity: 0.9977
  L2 distance: 0.0531
  Biggest increases: Inflation_YoY(+0.034), Yield_Spread(+0.021), relative_time_idx(-0.008)
  Biggest decreases: VIX(-0.027), Treasury_10Y(-0.020), relative_time_idx(-0.008)

2023_vs_2025:
  Cosine similarity: 0.9890
  L2 distance: 0.1210
  Biggest increases: Inflation_YoY(+0.082), Yield_Spread(+0.028), relative_time_idx(-0.010)
  Biggest decreases: VIX(-0.082), Treasury_10Y(-0.019), relative_time_idx(-0.010)

2024_vs_2025:
  Cosine similarity: 0.9961
  L2 distance: 0.0729
  Biggest increases: Inflation_YoY(+0.048), Yield_Spread(+0.007), Treasury_10Y(+0.001)
  Biggest decreases: VIX(-0.054), relative_time_idx(-0.002), Treasury_10Y(+0.001)

======================================================================

Analysis complete!
Results saved to: experiments/02b_vintage_sweep/baseline_h14_drop0.25/vsn_analysis
  - vsn_analysis_results.json
  - vsn_heatmap.png
  - vsn_comparison.png
  - vsn_concentration.png
