Logging to: experiments/10_quantile_horizon_sweep/daily_7q_h10_s42/attention_analysis/attention_analysis_20251211_155616.log
Analysis started at: 2025-12-11 15:56:16
======================================================================
Experiment: 10_quantile_horizon_sweep/daily_7q_h10_s42
Output directory: experiments/10_quantile_horizon_sweep/daily_7q_h10_s42/attention_analysis
Using best checkpoint: experiments/10_quantile_horizon_sweep/daily_7q_h10_s42/checkpoints/tft-epoch=epoch=27-valloss=val_loss=0.4160.ckpt

Loading data...
Loading test data from: data/splits/vintage/core_proposal_daily_vintage_test.csv
  Train samples: 6044
  Test samples: 1272

Preparing test dataset...
Test dataset size after filtering: 1252

Loading model...
Loading model from: experiments/10_quantile_horizon_sweep/daily_7q_h10_s42/checkpoints/tft-epoch=epoch=27-valloss=val_loss=0.4160.ckpt
  Loaded baseline model, moved to device: cuda

Extracting attention patterns...
Extracting attention patterns...
Total batches to process: 10
  Processed 10/10 batches

Total predictions: 1252
Total actuals: 1252
Attention shape: (1252, 20)
Encoder variables shape: (1252, 5)

Prediction period: 2020-08-17T00:00:00.000000000 to 2025-08-22T00:00:00.000000000
Total predictions: 1252

Creating temporal periods:
  2020: 94 samples
  2021: 250 samples
  2022: 249 samples
  2023: 249 samples
  2024: 250 samples
  2025: 160 samples

Attention over 20 encoder timesteps

Analyzing attention patterns by period...

Comparing attention patterns across periods...

Creating visualizations...
Saved attention heatmap: experiments/10_quantile_horizon_sweep/daily_7q_h10_s42/attention_analysis/attention_heatmap.png
Saved attention trends: experiments/10_quantile_horizon_sweep/daily_7q_h10_s42/attention_analysis/attention_trends.png
Saved feature importance comparison: experiments/10_quantile_horizon_sweep/daily_7q_h10_s42/attention_analysis/temporal_attention_comparison.png

Saving results...
Saved results: experiments/10_quantile_horizon_sweep/daily_7q_h10_s42/attention_analysis/attention_analysis_results.json

======================================================================
ATTENTION ANALYSIS SUMMARY
======================================================================

Per-Period Statistics:
----------------------------------------------------------------------

2020:
  Samples: 94
  Entropy: 2.5535 +/- 0.1851
  Concentration: 0.1101
  Top 5 features:
    t-1                            0.2356
    t-2                            0.1556
    t-3                            0.1059
    t-4                            0.0760
    t-5                            0.0578

2021:
  Samples: 250
  Entropy: 2.2146 +/- 0.3804
  Concentration: 0.1405
  Top 5 features:
    t-1                            0.2499
    t-2                            0.1912
    t-3                            0.1430
    t-4                            0.1030
    t-5                            0.0711

2022:
  Samples: 249
  Entropy: 1.8972 +/- 0.4903
  Concentration: 0.2047
  Top 5 features:
    t-1                            0.3646
    t-2                            0.2164
    t-3                            0.1252
    t-4                            0.0710
    t-5                            0.0416

2023:
  Samples: 249
  Entropy: 2.5287 +/- 0.3519
  Concentration: 0.0903
  Top 5 features:
    t-1                            0.1696
    t-2                            0.1386
    t-3                            0.1156
    t-4                            0.0966
    t-5                            0.0793

2024:
  Samples: 250
  Entropy: 2.2913 +/- 0.3584
  Concentration: 0.1077
  Top 5 features:
    t-1                            0.1671
    t-2                            0.1500
    t-3                            0.1345
    t-4                            0.1180
    t-5                            0.1003

2025:
  Samples: 160
  Entropy: 2.4240 +/- 0.4517
  Concentration: 0.0924
  Top 5 features:
    t-1                            0.1780
    t-2                            0.1426
    t-3                            0.1159
    t-4                            0.0948
    t-5                            0.0757

----------------------------------------------------------------------
Period Comparisons:
----------------------------------------------------------------------

2020_vs_2021:
  Cosine similarity: 0.9875
  L2 distance: 0.0704
  Entropy change: -0.3389
  Concentration change: 0.0304

2020_vs_2022:
  Cosine similarity: 0.9701
  L2 distance: 0.1534
  Entropy change: -0.6563
  Concentration change: 0.0946

2020_vs_2023:
  Cosine similarity: 0.9742
  L2 distance: 0.0783
  Entropy change: -0.0248
  Concentration change: -0.0198

2020_vs_2024:
  Cosine similarity: 0.9425
  L2 distance: 0.1119
  Entropy change: -0.2622
  Concentration change: -0.0025

2020_vs_2025:
  Cosine similarity: 0.9818
  L2 distance: 0.0668
  Entropy change: -0.1295
  Concentration change: -0.0178

2021_vs_2022:
  Cosine similarity: 0.9686
  L2 distance: 0.1291
  Entropy change: -0.3174
  Concentration change: 0.0642

2021_vs_2023:
  Cosine similarity: 0.9716
  L2 distance: 0.1092
  Entropy change: 0.3141
  Concentration change: -0.0502

2021_vs_2024:
  Cosine similarity: 0.9568
  L2 distance: 0.1132
  Entropy change: 0.0767
  Concentration change: -0.0328

2021_vs_2025:
  Cosine similarity: 0.9785
  L2 distance: 0.0997
  Entropy change: 0.2093
  Concentration change: -0.0482

2022_vs_2023:
  Cosine similarity: 0.8991
  L2 distance: 0.2248
  Entropy change: 0.6315
  Concentration change: -0.1144

2022_vs_2024:
  Cosine similarity: 0.8648
  L2 distance: 0.2358
  Entropy change: 0.3941
  Concentration change: -0.0971

2022_vs_2025:
  Cosine similarity: 0.9141
  L2 distance: 0.2138
  Entropy change: 0.5267
  Concentration change: -0.1124

2023_vs_2024:
  Cosine similarity: 0.9879
  L2 distance: 0.0562
  Entropy change: -0.2374
  Concentration change: 0.0174

2023_vs_2025:
  Cosine similarity: 0.9990
  L2 distance: 0.0141
  Entropy change: -0.1047
  Concentration change: 0.0021

2024_vs_2025:
  Cosine similarity: 0.9826
  L2 distance: 0.0637
  Entropy change: 0.1326
  Concentration change: -0.0153

======================================================================

Analysis complete!
Results saved to: experiments/10_quantile_horizon_sweep/daily_7q_h10_s42/attention_analysis
  - attention_analysis_results.json
  - attention_heatmap.png
  - attention_trends.png
  - temporal_attention_comparison.png
