
[INFO] Using AUTO device selection.

[INFO] Patched matplotlib.Axes.errorbar to abs() negative yerr for robustness.
======================================================================
Training TFT: 06b_rolling/daily_7q_h30/fold_2021
======================================================================
Logging to: experiments/06b_rolling/daily_7q_h30/fold_2021/training_20251213_235946.log
Started at: 2025-12-13 23:59:46
======================================================================

Loading data splits...
Train: 2467 samples
Val: 221 samples
Test: 220 samples

Preparing TimeSeriesDataSet...

Dropping source columns (used for staleness only): ['CPI']

Final features for TFT: ['SP500_Returns', 'VIX', 'Treasury_10Y', 'Yield_Spread', 'Inflation_YoY', 'cumret_5', 'cumret_10', 'cumret_20', 'cumret_30']

======================================================================
FEATURE STATISTICS - BEFORE NORMALIZATION
======================================================================
VIX                             mean= 16.8970  std=  5.6491  min=  9.1400  max= 48.0000
Treasury_10Y                    mean=  2.4117  std=  0.5536  min=  1.3700  max=  4.0100
Yield_Spread                    mean=  1.4584  std=  0.8002  min= -0.0400  max=  2.9100
Inflation_YoY                   mean=  1.7937  std=  0.8734  min= -0.2176  max=  3.9849

======================================================================
TARGET CONFIGURATION
======================================================================
Target variable: SP500_Returns
  Mode: Point return prediction (single-step)
  Target stats: mean=0.0457, std=0.9334
  Dropping unused cumret columns: ['cumret_5', 'cumret_10', 'cumret_20', 'cumret_30']
======================================================================

======================================================================
FEATURES AFTER GROUPNORMALIZER (first batch, last timestep)
======================================================================
VIX                             normalized_value=  1.0000
Treasury_10Y                    normalized_value= -0.0500
Yield_Spread                    normalized_value= -1.1840
Inflation_YoY                   normalized_value= -0.3464
======================================================================

Configuration saved to: experiments/06b_rolling/daily_7q_h30/fold_2021/config.json
[DEBUG] VIX train values: [20.04 19.35 19.16 19.06 18.13]
[DEBUG] VIX val values: [12.47 14.02 13.85 13.79 13.45]
Batches per epoch: 37
[DEBUG] Validation batches: 3
[DEBUG] Validation dataset size: 172
[DEBUG] Batch size: 64

Initializing model...

Quantile configuration: 7q
  Quantiles: [0.02, 0.1, 0.25, 0.5, 0.75, 0.9, 0.98]
  Output size: 7
  Median index: 3

Using standard QuantileLoss (no penalties)

[REGIME OUTPUT] Disabled (using baseline output layer)

[STALENESS ATTENTION] Disabled

================================================================================
BASELINE MODEL FEATURE CONFIGURATION (after from_dataset)
================================================================================
tft.hparams.time_varying_reals_encoder: ['relative_time_idx', 'VIX', 'Treasury_10Y', 'Yield_Spread', 'Inflation_YoY']
  Count: 5

tft.hparams.time_varying_reals_decoder: ['relative_time_idx']
  Count: 1

tft.hparams.x_reals (all reals passed to model): ['encoder_length', 'relative_time_idx', 'VIX', 'Treasury_10Y', 'Yield_Spread', 'Inflation_YoY']
  Count: 6

Encoder VSN configuration:
  num_inputs: 5
  input_sizes: {'relative_time_idx': 16, 'VIX': 16, 'Treasury_10Y': 16, 'Yield_Spread': 16, 'Inflation_YoY': 16}
  flattened_grn.fc1: in_features=80, out_features=5
  -> Params in fc1: 400 (should be 5*16*5=400 if 5 features)
================================================================================

Model parameters: 22,615

Starting training...
Checkpoints will be saved to: experiments/06b_rolling/daily_7q_h30/fold_2021/checkpoints/
Logs will be saved to: experiments/06b_rolling/daily_7q_h30/fold_2021/logs/

[DEBUG CollapseMonitor] on_validation_epoch_start called for epoch 0
[DEBUG CollapseMonitor] reset_temporal_state() called on loss function
Epoch 0: val_loss=N/A
[DEBUG CollapseMonitor] on_validation_epoch_start called for epoch 0
[DEBUG CollapseMonitor] reset_temporal_state() called on loss function
Epoch 0: val_loss=1.5005083084106445
Epoch 0: train_loss=0.6090850234031677

[CollapseMonitor] Epoch 0
  [DEBUG] Processed 3 batches, 30 horizon(s)
  Multi-horizon metrics (30 horizons):
    h1: std=0.0215, dir_acc=58.1%, pos=100%, unique=172, sharpe=52.14
    h2: std=0.0180, dir_acc=58.1%, pos=100%, unique=172, sharpe=118.71
    h3: std=0.0174, dir_acc=58.1%, pos=100%, unique=172, sharpe=147.47
    h4: std=0.0179, dir_acc=58.1%, pos=100%, unique=172, sharpe=155.68
    h5: std=0.0187, dir_acc=58.1%, pos=100%, unique=171, sharpe=157.50
    ... (25 more horizons)
  Aggregate: std_avg=0.0106, dir_acc_avg=58.0%, composite_avg=0.4583
  H1 detail: range=0.0700, mean=0.0706, dist_match=0.5814
  Collapse penalty: 0.000000 (threshold: 0.005000)
  Saved validation predictions to: experiments/06b_rolling/daily_7q_h30/fold_2021/collapse_monitoring/val_predictions_epoch0.npz
  Gradient norms:
    lstm_encoder: 0.001306
    lstm_decoder: 0.020582
    output_layer: 0.520399
  VSN output std:
    encoder: 0.182927
  Attention entropy: 2.990965
  Saved to: experiments/06b_rolling/daily_7q_h30/fold_2021/collapse_monitoring/collapse_monitor_latest.json
[DEBUG CollapseMonitor] on_validation_epoch_start called for epoch 1
[DEBUG CollapseMonitor] reset_temporal_state() called on loss function
Epoch 1: val_loss=1.458727478981018
Epoch 1: train_loss=0.5793703198432922

[CollapseMonitor] Epoch 1
  [DEBUG] Processed 3 batches, 30 horizon(s)
  Multi-horizon metrics (30 horizons):
    h1: std=0.0228, dir_acc=50.0%, pos=83%, unique=171, sharpe=18.09
    h2: std=0.0159, dir_acc=58.1%, pos=100%, unique=172, sharpe=80.21
    h3: std=0.0136, dir_acc=58.1%, pos=100%, unique=171, sharpe=119.78
    h4: std=0.0130, dir_acc=58.1%, pos=100%, unique=172, sharpe=137.52
    h5: std=0.0134, dir_acc=58.1%, pos=100%, unique=171, sharpe=138.22
    ... (25 more horizons)
  Aggregate: std_avg=0.0105, dir_acc_avg=57.7%, composite_avg=0.4576
  H1 detail: range=0.0809, mean=0.0259, dist_match=0.7558
  Collapse penalty: 0.000000 (threshold: 0.005000)
  Saved validation predictions to: experiments/06b_rolling/daily_7q_h30/fold_2021/collapse_monitoring/val_predictions_epoch1.npz
  Gradient norms:
    lstm_encoder: 0.001194
    lstm_decoder: 0.019200
    output_layer: 0.480144
  VSN output std:
    encoder: 0.182732
  Attention entropy: 2.988264
  Saved to: experiments/06b_rolling/daily_7q_h30/fold_2021/collapse_monitoring/collapse_monitor_latest.json
[DEBUG CollapseMonitor] on_validation_epoch_start called for epoch 2
[DEBUG CollapseMonitor] reset_temporal_state() called on loss function
Epoch 2: val_loss=1.406223177909851
Epoch 2: train_loss=0.5374962091445923

[CollapseMonitor] Epoch 2
  [DEBUG] Processed 3 batches, 30 horizon(s)
  Multi-horizon metrics (30 horizons):
    h1: std=0.0255, dir_acc=42.4%, pos=44%, unique=172, sharpe=1.25
    h2: std=0.0166, dir_acc=58.1%, pos=100%, unique=170, sharpe=43.78
    h3: std=0.0131, dir_acc=58.1%, pos=100%, unique=172, sharpe=75.75
    h4: std=0.0115, dir_acc=58.1%, pos=100%, unique=172, sharpe=92.20
    h5: std=0.0109, dir_acc=58.1%, pos=100%, unique=171, sharpe=94.55
    ... (25 more horizons)
  Aggregate: std_avg=0.0110, dir_acc_avg=57.5%, composite_avg=0.4561
  H1 detail: range=0.0810, mean=0.0020, dist_match=0.8547
  Collapse penalty: 0.000000 (threshold: 0.005000)
  Saved validation predictions to: experiments/06b_rolling/daily_7q_h30/fold_2021/collapse_monitoring/val_predictions_epoch2.npz
  Gradient norms:
    lstm_encoder: 0.000987
    lstm_decoder: 0.016827
    output_layer: 0.419357
  VSN output std:
    encoder: 0.182526
  Attention entropy: 2.983238
  Saved to: experiments/06b_rolling/daily_7q_h30/fold_2021/collapse_monitoring/collapse_monitor_latest.json
[DEBUG CollapseMonitor] on_validation_epoch_start called for epoch 3
[DEBUG CollapseMonitor] reset_temporal_state() called on loss function
Epoch 3: val_loss=1.3509485721588135
Epoch 3: train_loss=0.4928980767726898

[CollapseMonitor] Epoch 3
  [DEBUG] Processed 3 batches, 30 horizon(s)
  Multi-horizon metrics (30 horizons):
    h1: std=0.0210, dir_acc=44.2%, pos=41%, unique=170, sharpe=-2.35
    h2: std=0.0139, dir_acc=58.1%, pos=100%, unique=171, sharpe=37.31
    h3: std=0.0107, dir_acc=58.1%, pos=100%, unique=172, sharpe=65.47
    h4: std=0.0094, dir_acc=58.1%, pos=100%, unique=172, sharpe=75.43
    h5: std=0.0088, dir_acc=58.1%, pos=100%, unique=170, sharpe=70.73
    ... (25 more horizons)
  Aggregate: std_avg=0.0108, dir_acc_avg=45.5%, composite_avg=0.3455
  H1 detail: range=0.0633, mean=-0.0031, dist_match=0.8256
  Collapse penalty: 0.000000 (threshold: 0.005000)
  Saved validation predictions to: experiments/06b_rolling/daily_7q_h30/fold_2021/collapse_monitoring/val_predictions_epoch3.npz
  Gradient norms:
    lstm_encoder: 0.000677
    lstm_decoder: 0.013700
    output_layer: 0.347852
  VSN output std:
    encoder: 0.182497
  Attention entropy: 2.978961
  Saved to: experiments/06b_rolling/daily_7q_h30/fold_2021/collapse_monitoring/collapse_monitor_latest.json
[DEBUG CollapseMonitor] on_validation_epoch_start called for epoch 4
[DEBUG CollapseMonitor] reset_temporal_state() called on loss function
Epoch 4: val_loss=1.2982686758041382
Epoch 4: train_loss=0.45507946610450745

[CollapseMonitor] Epoch 4
  [DEBUG] Processed 3 batches, 30 horizon(s)
  Multi-horizon metrics (30 horizons):
    h1: std=0.0147, dir_acc=40.7%, pos=28%, unique=172, sharpe=-13.67
    h2: std=0.0098, dir_acc=58.1%, pos=100%, unique=171, sharpe=38.08
    h3: std=0.0075, dir_acc=58.1%, pos=100%, unique=172, sharpe=76.76
    h4: std=0.0064, dir_acc=58.1%, pos=100%, unique=171, sharpe=94.81
    h5: std=0.0059, dir_acc=58.1%, pos=100%, unique=172, sharpe=89.84
    ... (25 more horizons)
  Aggregate: std_avg=0.0088, dir_acc_avg=45.5%, composite_avg=0.3392
  H1 detail: range=0.0445, mean=-0.0126, dist_match=0.6977
  Collapse penalty: 0.000000 (threshold: 0.005000)
  Saved validation predictions to: experiments/06b_rolling/daily_7q_h30/fold_2021/collapse_monitoring/val_predictions_epoch4.npz
  Gradient norms:
    lstm_encoder: 0.000440
    lstm_decoder: 0.010503
    output_layer: 0.266457
  VSN output std:
    encoder: 0.182611
  Attention entropy: 2.977537
  Saved to: experiments/06b_rolling/daily_7q_h30/fold_2021/collapse_monitoring/collapse_monitor_latest.json
[DEBUG CollapseMonitor] on_validation_epoch_start called for epoch 5
[DEBUG CollapseMonitor] reset_temporal_state() called on loss function
Epoch 5: val_loss=1.2571943998336792
Epoch 5: train_loss=0.4298933744430542

[CollapseMonitor] Epoch 5
  [DEBUG] Processed 3 batches, 30 horizon(s)
  Multi-horizon metrics (30 horizons):
    h1: std=0.0107, dir_acc=42.4%, pos=38%, unique=171, sharpe=-10.33
    h2: std=0.0069, dir_acc=58.1%, pos=100%, unique=171, sharpe=74.52
    h3: std=0.0054, dir_acc=58.1%, pos=100%, unique=169, sharpe=140.35
    h4: std=0.0048, dir_acc=58.1%, pos=100%, unique=171, sharpe=175.19
    h5: std=0.0045, dir_acc=58.1%, pos=100%, unique=168, sharpe=183.22
    ... (25 more horizons)
  Aggregate: std_avg=0.0070, dir_acc_avg=46.8%, composite_avg=0.3564
  H1 detail: range=0.0319, mean=-0.0070, dist_match=0.7965
  Collapse penalty: 0.000000 (threshold: 0.005000)
  Saved validation predictions to: experiments/06b_rolling/daily_7q_h30/fold_2021/collapse_monitoring/val_predictions_epoch5.npz
  Gradient norms:
    lstm_encoder: 0.000346
    lstm_decoder: 0.007476
    output_layer: 0.189817
  VSN output std:
    encoder: 0.182550
  Attention entropy: 2.977683
  Saved to: experiments/06b_rolling/daily_7q_h30/fold_2021/collapse_monitoring/collapse_monitor_latest.json
[DEBUG CollapseMonitor] on_validation_epoch_start called for epoch 6
[DEBUG CollapseMonitor] reset_temporal_state() called on loss function
Epoch 6: val_loss=1.2171337604522705
Epoch 6: train_loss=0.4111349880695343

[CollapseMonitor] Epoch 6
  [DEBUG] Processed 3 batches, 30 horizon(s)
  Multi-horizon metrics (30 horizons):
    h1: std=0.0080, dir_acc=40.7%, pos=40%, unique=169, sharpe=-7.90
    h2: std=0.0049, dir_acc=58.1%, pos=100%, unique=171, sharpe=128.65
    h3: std=0.0041, dir_acc=58.1%, pos=100%, unique=171, sharpe=225.86
    h4: std=0.0038, dir_acc=58.1%, pos=100%, unique=171, sharpe=277.19
    h5: std=0.0037, dir_acc=58.1%, pos=100%, unique=167, sharpe=293.25
    ... (25 more horizons)
  Aggregate: std_avg=0.0059, dir_acc_avg=50.3%, composite_avg=0.4076
  H1 detail: range=0.0290, mean=-0.0040, dist_match=0.8140
  Collapse penalty: 0.000000 (threshold: 0.005000)
  Saved validation predictions to: experiments/06b_rolling/daily_7q_h30/fold_2021/collapse_monitoring/val_predictions_epoch6.npz
  Gradient norms:
    lstm_encoder: 0.000290
    lstm_decoder: 0.004646
    output_layer: 0.131840
  VSN output std:
    encoder: 0.182441
  Attention entropy: 2.977667
  Saved to: experiments/06b_rolling/daily_7q_h30/fold_2021/collapse_monitoring/collapse_monitor_latest.json
[DEBUG CollapseMonitor] on_validation_epoch_start called for epoch 7
[DEBUG CollapseMonitor] reset_temporal_state() called on loss function
Epoch 7: val_loss=1.1878396272659302
Epoch 7: train_loss=0.40038707852363586

[CollapseMonitor] Epoch 7
  [DEBUG] Processed 3 batches, 30 horizon(s)
  Multi-horizon metrics (30 horizons):
    h1: std=0.0061, dir_acc=41.3%, pos=1%, unique=171, sharpe=-38.87
    h2: std=0.0044, dir_acc=58.1%, pos=100%, unique=168, sharpe=119.00
    h3: std=0.0044, dir_acc=58.1%, pos=100%, unique=170, sharpe=194.57
    h4: std=0.0042, dir_acc=58.1%, pos=100%, unique=170, sharpe=237.79
    h5: std=0.0041, dir_acc=58.1%, pos=100%, unique=171, sharpe=257.08
    ... (25 more horizons)
  Aggregate: std_avg=0.0053, dir_acc_avg=54.0%, composite_avg=0.4470
  H1 detail: range=0.0267, mean=-0.0149, dist_match=0.4244
  Collapse penalty: 0.000000 (threshold: 0.005000)
  Saved validation predictions to: experiments/06b_rolling/daily_7q_h30/fold_2021/collapse_monitoring/val_predictions_epoch7.npz
  Gradient norms:
    lstm_encoder: 0.000214
    lstm_decoder: 0.002825
    output_layer: 0.091685
  VSN output std:
    encoder: 0.182660
  Attention entropy: 2.978420
  Saved to: experiments/06b_rolling/daily_7q_h30/fold_2021/collapse_monitoring/collapse_monitor_latest.json
[DEBUG CollapseMonitor] on_validation_epoch_start called for epoch 8
[DEBUG CollapseMonitor] reset_temporal_state() called on loss function
Epoch 8: val_loss=1.1687324047088623
Epoch 8: train_loss=0.39207860827445984

[CollapseMonitor] Epoch 8
  [DEBUG] Processed 3 batches, 30 horizon(s)
  Multi-horizon metrics (30 horizons):
    h1: std=0.0050, dir_acc=41.9%, pos=0%, unique=172, sharpe=-84.33
    h2: std=0.0043, dir_acc=58.1%, pos=100%, unique=172, sharpe=92.43
    h3: std=0.0050, dir_acc=58.1%, pos=100%, unique=170, sharpe=154.87
    h4: std=0.0050, dir_acc=58.1%, pos=100%, unique=170, sharpe=187.49
    h5: std=0.0049, dir_acc=58.1%, pos=100%, unique=170, sharpe=204.78
    ... (25 more horizons)
  Aggregate: std_avg=0.0047, dir_acc_avg=57.5%, composite_avg=0.4529
  H1 detail: range=0.0242, mean=-0.0264, dist_match=0.4186
  Collapse penalty: 0.000000 (threshold: 0.005000)
  Saved validation predictions to: experiments/06b_rolling/daily_7q_h30/fold_2021/collapse_monitoring/val_predictions_epoch8.npz
  Gradient norms:
    lstm_encoder: 0.000163
    lstm_decoder: 0.001934
    output_layer: 0.065835
  VSN output std:
    encoder: 0.183241
  Attention entropy: 2.978380
  Saved to: experiments/06b_rolling/daily_7q_h30/fold_2021/collapse_monitoring/collapse_monitor_latest.json
[DEBUG CollapseMonitor] on_validation_epoch_start called for epoch 9
[DEBUG CollapseMonitor] reset_temporal_state() called on loss function
Epoch 9: val_loss=1.1561017036437988
Epoch 9: train_loss=0.3882909417152405

[CollapseMonitor] Epoch 9
  [DEBUG] Processed 3 batches, 30 horizon(s)
  Multi-horizon metrics (30 horizons):
    h1: std=0.0047, dir_acc=41.9%, pos=0%, unique=172, sharpe=-126.15
    h2: std=0.0034, dir_acc=58.1%, pos=100%, unique=167, sharpe=65.39
    h3: std=0.0043, dir_acc=58.1%, pos=100%, unique=170, sharpe=138.76
    h4: std=0.0043, dir_acc=58.1%, pos=100%, unique=170, sharpe=178.75
    h5: std=0.0040, dir_acc=58.1%, pos=100%, unique=167, sharpe=208.81
    ... (25 more horizons)
  Aggregate: std_avg=0.0037, dir_acc_avg=57.5%, composite_avg=0.4529
  H1 detail: range=0.0227, mean=-0.0377, dist_match=0.4186
  Collapse penalty: 0.000000 (threshold: 0.005000)
  Saved validation predictions to: experiments/06b_rolling/daily_7q_h30/fold_2021/collapse_monitoring/val_predictions_epoch9.npz
  Gradient norms:
    lstm_encoder: 0.000142
    lstm_decoder: 0.001295
    output_layer: 0.048909
  VSN output std:
    encoder: 0.184025
  Attention entropy: 2.975646
  Saved to: experiments/06b_rolling/daily_7q_h30/fold_2021/collapse_monitoring/collapse_monitor_latest.json
[DEBUG CollapseMonitor] on_validation_epoch_start called for epoch 10
[DEBUG CollapseMonitor] reset_temporal_state() called on loss function
Epoch 10: val_loss=1.147777795791626
Epoch 10: train_loss=0.3846915066242218

[CollapseMonitor] Epoch 10
  [DEBUG] Processed 3 batches, 30 horizon(s)
  Multi-horizon metrics (30 horizons):
    h1: std=0.0059, dir_acc=41.9%, pos=0%, unique=172, sharpe=-113.97
    h2: std=0.0023, dir_acc=58.1%, pos=100%, unique=168, sharpe=55.79
    h3: std=0.0028, dir_acc=58.1%, pos=100%, unique=170, sharpe=174.72
    h4: std=0.0027, dir_acc=58.1%, pos=100%, unique=171, sharpe=241.16
    h5: std=0.0024, dir_acc=58.1%, pos=100%, unique=170, sharpe=297.29
    ... (25 more horizons)
  Aggregate: std_avg=0.0028, dir_acc_avg=57.5%, composite_avg=0.4529
  H1 detail: range=0.0229, mean=-0.0421, dist_match=0.4186
  Collapse penalty: 0.000000 (threshold: 0.005000)
  Saved validation predictions to: experiments/06b_rolling/daily_7q_h30/fold_2021/collapse_monitoring/val_predictions_epoch10.npz
  Gradient norms:
    lstm_encoder: 0.000134
    lstm_decoder: 0.000987
    output_layer: 0.037552
  VSN output std:
    encoder: 0.184873
  Attention entropy: 2.972391
  Saved to: experiments/06b_rolling/daily_7q_h30/fold_2021/collapse_monitoring/collapse_monitor_latest.json
[DEBUG CollapseMonitor] on_validation_epoch_start called for epoch 11
[DEBUG CollapseMonitor] reset_temporal_state() called on loss function
Epoch 11: val_loss=1.1418795585632324
Epoch 11: train_loss=0.38274091482162476

[CollapseMonitor] Epoch 11
  [DEBUG] Processed 3 batches, 30 horizon(s)
  Multi-horizon metrics (30 horizons):
    h1: std=0.0078, dir_acc=41.9%, pos=0%, unique=170, sharpe=-83.44
    h2: std=0.0027, dir_acc=58.1%, pos=100%, unique=170, sharpe=44.67
    h3: std=0.0019, dir_acc=58.1%, pos=100%, unique=170, sharpe=242.74
    h4: std=0.0016, dir_acc=58.1%, pos=100%, unique=168, sharpe=389.32
    h5: std=0.0013, dir_acc=58.1%, pos=100%, unique=170, sharpe=518.24
    ... (25 more horizons)
  Aggregate: std_avg=0.0025, dir_acc_avg=57.5%, composite_avg=0.4529
  H1 detail: range=0.0260, mean=-0.0411, dist_match=0.4186
  Collapse penalty: 0.000000 (threshold: 0.005000)
  Saved validation predictions to: experiments/06b_rolling/daily_7q_h30/fold_2021/collapse_monitoring/val_predictions_epoch11.npz
  Gradient norms:
    lstm_encoder: 0.000119
    lstm_decoder: 0.000915
    output_layer: 0.031742
  VSN output std:
    encoder: 0.185842
  Attention entropy: 2.968935
  Saved to: experiments/06b_rolling/daily_7q_h30/fold_2021/collapse_monitoring/collapse_monitor_latest.json
[DEBUG CollapseMonitor] on_validation_epoch_start called for epoch 12
[DEBUG CollapseMonitor] reset_temporal_state() called on loss function
Epoch 12: val_loss=1.1371266841888428
Epoch 12: train_loss=0.38160085678100586

[CollapseMonitor] Epoch 12
  [DEBUG] Processed 3 batches, 30 horizon(s)
  Multi-horizon metrics (30 horizons):
    h1: std=0.0116, dir_acc=41.9%, pos=0%, unique=171, sharpe=-35.90
    h2: std=0.0057, dir_acc=58.1%, pos=100%, unique=170, sharpe=55.89
    h3: std=0.0039, dir_acc=58.1%, pos=100%, unique=169, sharpe=164.84
    h4: std=0.0033, dir_acc=58.1%, pos=100%, unique=170, sharpe=239.08
    h5: std=0.0031, dir_acc=58.1%, pos=100%, unique=171, sharpe=276.00
    ... (25 more horizons)
  Aggregate: std_avg=0.0036, dir_acc_avg=57.5%, composite_avg=0.4529
  H1 detail: range=0.0366, mean=-0.0262, dist_match=0.4186
  Collapse penalty: 0.000000 (threshold: 0.005000)
  Saved validation predictions to: experiments/06b_rolling/daily_7q_h30/fold_2021/collapse_monitoring/val_predictions_epoch12.npz
  Gradient norms:
    lstm_encoder: 0.000124
    lstm_decoder: 0.000790
    output_layer: 0.026837
  VSN output std:
    encoder: 0.187386
  Attention entropy: 2.962620
  Saved to: experiments/06b_rolling/daily_7q_h30/fold_2021/collapse_monitoring/collapse_monitor_latest.json
[DEBUG CollapseMonitor] on_validation_epoch_start called for epoch 13
[DEBUG CollapseMonitor] reset_temporal_state() called on loss function
Epoch 13: val_loss=1.1325550079345703
Epoch 13: train_loss=0.3812374174594879

[CollapseMonitor] Epoch 13
  [DEBUG] Processed 3 batches, 30 horizon(s)
  Multi-horizon metrics (30 horizons):
    h1: std=0.0155, dir_acc=41.9%, pos=0%, unique=172, sharpe=-19.08
    h2: std=0.0095, dir_acc=58.1%, pos=100%, unique=171, sharpe=42.03
    h3: std=0.0074, dir_acc=58.1%, pos=100%, unique=171, sharpe=96.11
    h4: std=0.0065, dir_acc=58.1%, pos=100%, unique=172, sharpe=128.66
    h5: std=0.0061, dir_acc=58.1%, pos=100%, unique=169, sharpe=144.94
    ... (25 more horizons)
  Aggregate: std_avg=0.0049, dir_acc_avg=57.5%, composite_avg=0.4529
  H1 detail: range=0.0464, mean=-0.0186, dist_match=0.4186
  Collapse penalty: 0.000000 (threshold: 0.005000)
  Saved validation predictions to: experiments/06b_rolling/daily_7q_h30/fold_2021/collapse_monitoring/val_predictions_epoch13.npz
  Gradient norms:
    lstm_encoder: 0.000112
    lstm_decoder: 0.000877
    output_layer: 0.025615
  VSN output std:
    encoder: 0.189331
  Attention entropy: 2.959963
  Saved to: experiments/06b_rolling/daily_7q_h30/fold_2021/collapse_monitoring/collapse_monitor_latest.json
[DEBUG CollapseMonitor] on_validation_epoch_start called for epoch 14
[DEBUG CollapseMonitor] reset_temporal_state() called on loss function
Epoch 14: val_loss=1.1293870210647583
Epoch 14: train_loss=0.38033026456832886

[CollapseMonitor] Epoch 14
  [DEBUG] Processed 3 batches, 30 horizon(s)
  Multi-horizon metrics (30 horizons):
    h1: std=0.0198, dir_acc=50.0%, pos=42%, unique=172, sharpe=-9.42
    h2: std=0.0140, dir_acc=58.1%, pos=100%, unique=170, sharpe=33.09
    h3: std=0.0116, dir_acc=58.1%, pos=100%, unique=172, sharpe=64.45
    h4: std=0.0105, dir_acc=58.1%, pos=100%, unique=172, sharpe=82.55
    h5: std=0.0098, dir_acc=58.1%, pos=100%, unique=169, sharpe=92.06
    ... (25 more horizons)
  Aggregate: std_avg=0.0067, dir_acc_avg=57.7%, composite_avg=0.4583
  H1 detail: range=0.0571, mean=-0.0117, dist_match=0.8372
  Collapse penalty: 0.000000 (threshold: 0.005000)
  Saved validation predictions to: experiments/06b_rolling/daily_7q_h30/fold_2021/collapse_monitoring/val_predictions_epoch14.npz
  Gradient norms:
    lstm_encoder: 0.000113
    lstm_decoder: 0.000689
    output_layer: 0.022140
  VSN output std:
    encoder: 0.193455
  Attention entropy: 2.957349
  Saved to: experiments/06b_rolling/daily_7q_h30/fold_2021/collapse_monitoring/collapse_monitor_latest.json
[DEBUG CollapseMonitor] on_validation_epoch_start called for epoch 15
[DEBUG CollapseMonitor] reset_temporal_state() called on loss function
Epoch 15: val_loss=1.1269382238388062
Epoch 15: train_loss=0.37941431999206543

[CollapseMonitor] Epoch 15
  [DEBUG] Processed 3 batches, 30 horizon(s)
  Multi-horizon metrics (30 horizons):
    h1: std=0.0250, dir_acc=51.2%, pos=57%, unique=172, sharpe=-2.37
    h2: std=0.0200, dir_acc=55.2%, pos=88%, unique=172, sharpe=27.09
    h3: std=0.0175, dir_acc=58.1%, pos=100%, unique=171, sharpe=46.20
    h4: std=0.0160, dir_acc=58.1%, pos=100%, unique=172, sharpe=57.27
    h5: std=0.0149, dir_acc=58.1%, pos=100%, unique=168, sharpe=63.63
    ... (25 more horizons)
  Aggregate: std_avg=0.0092, dir_acc_avg=57.7%, composite_avg=0.4603
  H1 detail: range=0.0734, mean=-0.0037, dist_match=0.9884
  Collapse penalty: 0.000000 (threshold: 0.005000)
  Saved validation predictions to: experiments/06b_rolling/daily_7q_h30/fold_2021/collapse_monitoring/val_predictions_epoch15.npz
  Gradient norms:
    lstm_encoder: 0.000135
    lstm_decoder: 0.000762
    output_layer: 0.022137
  VSN output std:
    encoder: 0.200429
  Attention entropy: 2.958244
  Saved to: experiments/06b_rolling/daily_7q_h30/fold_2021/collapse_monitoring/collapse_monitor_latest.json
[DEBUG CollapseMonitor] on_validation_epoch_start called for epoch 16
[DEBUG CollapseMonitor] reset_temporal_state() called on loss function
Epoch 16: val_loss=1.1247808933258057
Epoch 16: train_loss=0.38009461760520935

[CollapseMonitor] Epoch 16
  [DEBUG] Processed 3 batches, 30 horizon(s)
  Multi-horizon metrics (30 horizons):
    h1: std=0.0297, dir_acc=54.1%, pos=66%, unique=172, sharpe=0.02
    h2: std=0.0263, dir_acc=54.7%, pos=80%, unique=171, sharpe=19.93
    h3: std=0.0242, dir_acc=58.1%, pos=100%, unique=172, sharpe=31.12
    h4: std=0.0225, dir_acc=58.1%, pos=100%, unique=172, sharpe=37.26
    h5: std=0.0209, dir_acc=58.1%, pos=100%, unique=172, sharpe=40.68
    ... (25 more horizons)
  Aggregate: std_avg=0.0131, dir_acc_avg=57.8%, composite_avg=0.4612
  H1 detail: range=0.0851, mean=0.0000, dist_match=0.9244
  Collapse penalty: 0.000000 (threshold: 0.005000)
  Saved validation predictions to: experiments/06b_rolling/daily_7q_h30/fold_2021/collapse_monitoring/val_predictions_epoch16.npz
  Gradient norms:
    lstm_encoder: 0.000136
    lstm_decoder: 0.000715
    output_layer: 0.021715
  VSN output std:
    encoder: 0.209154
  Attention entropy: 2.962409
  Saved to: experiments/06b_rolling/daily_7q_h30/fold_2021/collapse_monitoring/collapse_monitor_latest.json
[DEBUG CollapseMonitor] on_validation_epoch_start called for epoch 17
[DEBUG CollapseMonitor] reset_temporal_state() called on loss function
Epoch 17: val_loss=1.120784878730774
Epoch 17: train_loss=0.377045214176178

[CollapseMonitor] Epoch 17
  [DEBUG] Processed 3 batches, 30 horizon(s)
  Multi-horizon metrics (30 horizons):
    h1: std=0.0312, dir_acc=55.8%, pos=74%, unique=172, sharpe=8.11
    h2: std=0.0293, dir_acc=55.2%, pos=84%, unique=171, sharpe=25.14
    h3: std=0.0279, dir_acc=58.1%, pos=100%, unique=172, sharpe=33.96
    h4: std=0.0265, dir_acc=58.1%, pos=100%, unique=169, sharpe=38.69
    h5: std=0.0249, dir_acc=58.1%, pos=100%, unique=169, sharpe=41.41
    ... (25 more horizons)
  Aggregate: std_avg=0.0170, dir_acc_avg=57.8%, composite_avg=0.4607
  H1 detail: range=0.0921, mean=0.0160, dist_match=0.8372
  Collapse penalty: 0.000000 (threshold: 0.005000)
  Saved validation predictions to: experiments/06b_rolling/daily_7q_h30/fold_2021/collapse_monitoring/val_predictions_epoch17.npz
  Gradient norms:
    lstm_encoder: 0.000141
    lstm_decoder: 0.000763
    output_layer: 0.021076
  VSN output std:
    encoder: 0.214414
  Attention entropy: 2.966422
  Saved to: experiments/06b_rolling/daily_7q_h30/fold_2021/collapse_monitoring/collapse_monitor_latest.json
[DEBUG CollapseMonitor] on_validation_epoch_start called for epoch 18
[DEBUG CollapseMonitor] reset_temporal_state() called on loss function
Epoch 18: val_loss=1.1171211004257202
Epoch 18: train_loss=0.3772398829460144

[CollapseMonitor] Epoch 18
  [DEBUG] Processed 3 batches, 30 horizon(s)
  Multi-horizon metrics (30 horizons):
    h1: std=0.0400, dir_acc=56.4%, pos=77%, unique=172, sharpe=15.70
    h2: std=0.0384, dir_acc=55.2%, pos=92%, unique=171, sharpe=27.97
    h3: std=0.0371, dir_acc=58.1%, pos=100%, unique=171, sharpe=34.16
    h4: std=0.0356, dir_acc=58.1%, pos=100%, unique=170, sharpe=37.49
    h5: std=0.0338, dir_acc=58.1%, pos=100%, unique=172, sharpe=39.45
    ... (25 more horizons)
  Aggregate: std_avg=0.0238, dir_acc_avg=57.8%, composite_avg=0.4599
  H1 detail: range=0.1211, mean=0.0395, dist_match=0.8081
  Collapse penalty: 0.000000 (threshold: 0.005000)
  Saved validation predictions to: experiments/06b_rolling/daily_7q_h30/fold_2021/collapse_monitoring/val_predictions_epoch18.npz
  Gradient norms:
    lstm_encoder: 0.000162
    lstm_decoder: 0.000715
    output_layer: 0.019308
  VSN output std:
    encoder: 0.212564
  Attention entropy: 2.967391
  Saved to: experiments/06b_rolling/daily_7q_h30/fold_2021/collapse_monitoring/collapse_monitor_latest.json
[DEBUG CollapseMonitor] on_validation_epoch_start called for epoch 19
[DEBUG CollapseMonitor] reset_temporal_state() called on loss function
Epoch 19: val_loss=1.1166592836380005
Epoch 19: train_loss=0.37604597210884094

[CollapseMonitor] Epoch 19
  [DEBUG] Processed 3 batches, 30 horizon(s)
  Multi-horizon metrics (30 horizons):
    h1: std=0.0453, dir_acc=55.2%, pos=75%, unique=171, sharpe=13.95
    h2: std=0.0437, dir_acc=57.0%, pos=88%, unique=172, sharpe=23.80
    h3: std=0.0425, dir_acc=55.2%, pos=90%, unique=172, sharpe=28.57
    h4: std=0.0410, dir_acc=55.8%, pos=98%, unique=172, sharpe=30.90
    h5: std=0.0393, dir_acc=58.1%, pos=100%, unique=168, sharpe=32.01
    ... (25 more horizons)
  Aggregate: std_avg=0.0297, dir_acc_avg=57.5%, composite_avg=0.4691
  H1 detail: range=0.1341, mean=0.0398, dist_match=0.8314
  Collapse penalty: 0.000000 (threshold: 0.005000)
  Saved validation predictions to: experiments/06b_rolling/daily_7q_h30/fold_2021/collapse_monitoring/val_predictions_epoch19.npz
  Gradient norms:
    lstm_encoder: 0.000161
    lstm_decoder: 0.000702
    output_layer: 0.019032
  VSN output std:
    encoder: 0.207444
  Attention entropy: 2.968429
  Saved to: experiments/06b_rolling/daily_7q_h30/fold_2021/collapse_monitoring/collapse_monitor_latest.json
[DEBUG CollapseMonitor] on_validation_epoch_start called for epoch 20
[DEBUG CollapseMonitor] reset_temporal_state() called on loss function
Epoch 20: val_loss=1.115392804145813
Epoch 20: train_loss=0.375794917345047

[CollapseMonitor] Epoch 20
  [DEBUG] Processed 3 batches, 30 horizon(s)
  Multi-horizon metrics (30 horizons):
    h1: std=0.0476, dir_acc=54.7%, pos=69%, unique=172, sharpe=12.32
    h2: std=0.0463, dir_acc=56.4%, pos=85%, unique=172, sharpe=21.36
    h3: std=0.0453, dir_acc=55.8%, pos=91%, unique=172, sharpe=25.64
    h4: std=0.0441, dir_acc=58.1%, pos=98%, unique=170, sharpe=27.67
    h5: std=0.0427, dir_acc=58.1%, pos=99%, unique=172, sharpe=28.59
    ... (25 more horizons)
  Aggregate: std_avg=0.0338, dir_acc_avg=56.2%, composite_avg=0.4717
  H1 detail: range=0.1424, mean=0.0369, dist_match=0.8953
  Collapse penalty: 0.000000 (threshold: 0.005000)
  Saved validation predictions to: experiments/06b_rolling/daily_7q_h30/fold_2021/collapse_monitoring/val_predictions_epoch20.npz
  Gradient norms:
    lstm_encoder: 0.000171
    lstm_decoder: 0.000683
    output_layer: 0.017332
  VSN output std:
    encoder: 0.199670
  Attention entropy: 2.955412
  Saved to: experiments/06b_rolling/daily_7q_h30/fold_2021/collapse_monitoring/collapse_monitor_latest.json
[DEBUG CollapseMonitor] on_validation_epoch_start called for epoch 21
[DEBUG CollapseMonitor] reset_temporal_state() called on loss function
Epoch 21: val_loss=1.1110764741897583
Epoch 21: train_loss=0.37469130754470825

[CollapseMonitor] Epoch 21
  [DEBUG] Processed 3 batches, 30 horizon(s)
  Multi-horizon metrics (30 horizons):
    h1: std=0.0482, dir_acc=52.9%, pos=72%, unique=172, sharpe=13.73
    h2: std=0.0473, dir_acc=55.8%, pos=86%, unique=172, sharpe=22.33
    h3: std=0.0468, dir_acc=57.6%, pos=95%, unique=172, sharpe=26.25
    h4: std=0.0459, dir_acc=57.6%, pos=98%, unique=172, sharpe=28.00
    h5: std=0.0449, dir_acc=58.1%, pos=100%, unique=172, sharpe=28.69
    ... (25 more horizons)
  Aggregate: std_avg=0.0365, dir_acc_avg=56.3%, composite_avg=0.4749
  H1 detail: range=0.1427, mean=0.0417, dist_match=0.8663
  Collapse penalty: 0.000000 (threshold: 0.005000)
  Saved validation predictions to: experiments/06b_rolling/daily_7q_h30/fold_2021/collapse_monitoring/val_predictions_epoch21.npz
  Gradient norms:
    lstm_encoder: 0.000199
    lstm_decoder: 0.000681
    output_layer: 0.018481
  VSN output std:
    encoder: 0.195212
  Attention entropy: 2.939336
  Saved to: experiments/06b_rolling/daily_7q_h30/fold_2021/collapse_monitoring/collapse_monitor_latest.json
[DEBUG CollapseMonitor] on_validation_epoch_start called for epoch 22
[DEBUG CollapseMonitor] reset_temporal_state() called on loss function
Epoch 22: val_loss=1.1063681840896606
Epoch 22: train_loss=0.37412184476852417

[CollapseMonitor] Epoch 22
  [DEBUG] Processed 3 batches, 30 horizon(s)
  Multi-horizon metrics (30 horizons):
    h1: std=0.0479, dir_acc=52.3%, pos=65%, unique=171, sharpe=14.14
    h2: std=0.0474, dir_acc=57.0%, pos=90%, unique=172, sharpe=22.43
    h3: std=0.0472, dir_acc=58.7%, pos=98%, unique=171, sharpe=26.07
    h4: std=0.0466, dir_acc=58.1%, pos=100%, unique=172, sharpe=27.60
    h5: std=0.0457, dir_acc=58.1%, pos=100%, unique=172, sharpe=28.14
    ... (25 more horizons)
  Aggregate: std_avg=0.0376, dir_acc_avg=56.4%, composite_avg=0.4750
  H1 detail: range=0.1392, mean=0.0427, dist_match=0.9302
  Collapse penalty: 0.000000 (threshold: 0.005000)
  Saved validation predictions to: experiments/06b_rolling/daily_7q_h30/fold_2021/collapse_monitoring/val_predictions_epoch22.npz
  Gradient norms:
    lstm_encoder: 0.000208
    lstm_decoder: 0.000678
    output_layer: 0.016998
  VSN output std:
    encoder: 0.188313
  Attention entropy: 2.932545
  Saved to: experiments/06b_rolling/daily_7q_h30/fold_2021/collapse_monitoring/collapse_monitor_latest.json
[DEBUG CollapseMonitor] on_validation_epoch_start called for epoch 23
[DEBUG CollapseMonitor] reset_temporal_state() called on loss function
Epoch 23: val_loss=1.1064459085464478
Epoch 23: train_loss=0.37336793541908264

[CollapseMonitor] Epoch 23
  [DEBUG] Processed 3 batches, 30 horizon(s)
  Multi-horizon metrics (30 horizons):
    h1: std=0.0475, dir_acc=52.3%, pos=63%, unique=172, sharpe=12.15
    h2: std=0.0474, dir_acc=57.6%, pos=89%, unique=171, sharpe=20.32
    h3: std=0.0474, dir_acc=58.1%, pos=99%, unique=172, sharpe=23.94
    h4: std=0.0469, dir_acc=58.1%, pos=100%, unique=172, sharpe=25.51
    h5: std=0.0461, dir_acc=58.1%, pos=100%, unique=171, sharpe=26.13
    ... (25 more horizons)
  Aggregate: std_avg=0.0374, dir_acc_avg=56.5%, composite_avg=0.4729
  H1 detail: range=0.1372, mean=0.0363, dist_match=0.9535
  Collapse penalty: 0.000000 (threshold: 0.005000)
  Saved validation predictions to: experiments/06b_rolling/daily_7q_h30/fold_2021/collapse_monitoring/val_predictions_epoch23.npz
  Gradient norms:
    lstm_encoder: 0.000226
    lstm_decoder: 0.000691
    output_layer: 0.017418
  VSN output std:
    encoder: 0.184852
  Attention entropy: 2.925201
  Saved to: experiments/06b_rolling/daily_7q_h30/fold_2021/collapse_monitoring/collapse_monitor_latest.json
[DEBUG CollapseMonitor] on_validation_epoch_start called for epoch 24
[DEBUG CollapseMonitor] reset_temporal_state() called on loss function
Epoch 24: val_loss=1.103913426399231
Epoch 24: train_loss=0.3724978268146515

[CollapseMonitor] Epoch 24
  [DEBUG] Processed 3 batches, 30 horizon(s)
  Multi-horizon metrics (30 horizons):
    h1: std=0.0489, dir_acc=50.6%, pos=60%, unique=171, sharpe=10.40
    h2: std=0.0491, dir_acc=54.1%, pos=77%, unique=172, sharpe=18.11
    h3: std=0.0493, dir_acc=56.4%, pos=94%, unique=172, sharpe=21.42
    h4: std=0.0490, dir_acc=58.7%, pos=97%, unique=172, sharpe=22.79
    h5: std=0.0482, dir_acc=59.3%, pos=99%, unique=172, sharpe=23.24
    ... (25 more horizons)
  Aggregate: std_avg=0.0391, dir_acc_avg=55.9%, composite_avg=0.4838
  H1 detail: range=0.1397, mean=0.0321, dist_match=0.9826
  Collapse penalty: 0.000000 (threshold: 0.005000)
  Saved validation predictions to: experiments/06b_rolling/daily_7q_h30/fold_2021/collapse_monitoring/val_predictions_epoch24.npz
  Gradient norms:
    lstm_encoder: 0.000261
    lstm_decoder: 0.000633
    output_layer: 0.015182
  VSN output std:
    encoder: 0.182521
  Attention entropy: 2.923137
  Saved to: experiments/06b_rolling/daily_7q_h30/fold_2021/collapse_monitoring/collapse_monitor_latest.json
[DEBUG CollapseMonitor] on_validation_epoch_start called for epoch 25
[DEBUG CollapseMonitor] reset_temporal_state() called on loss function
Epoch 25: val_loss=1.1050482988357544
Epoch 25: train_loss=0.37169286608695984

[CollapseMonitor] Epoch 25
  [DEBUG] Processed 3 batches, 30 horizon(s)
  Multi-horizon metrics (30 horizons):
    h1: std=0.0454, dir_acc=51.2%, pos=60%, unique=172, sharpe=9.02
    h2: std=0.0459, dir_acc=55.2%, pos=78%, unique=172, sharpe=17.07
    h3: std=0.0462, dir_acc=54.7%, pos=87%, unique=172, sharpe=20.53
    h4: std=0.0459, dir_acc=58.1%, pos=98%, unique=172, sharpe=21.97
    h5: std=0.0451, dir_acc=59.3%, pos=98%, unique=170, sharpe=22.49
    ... (25 more horizons)
  Aggregate: std_avg=0.0363, dir_acc_avg=55.5%, composite_avg=0.4774
  H1 detail: range=0.1319, mean=0.0258, dist_match=0.9767
  Collapse penalty: 0.000000 (threshold: 0.005000)
  Saved validation predictions to: experiments/06b_rolling/daily_7q_h30/fold_2021/collapse_monitoring/val_predictions_epoch25.npz
  Gradient norms:
    lstm_encoder: 0.000297
    lstm_decoder: 0.000663
    output_layer: 0.017730
  VSN output std:
    encoder: 0.181258
  Attention entropy: 2.916777
  Saved to: experiments/06b_rolling/daily_7q_h30/fold_2021/collapse_monitoring/collapse_monitor_latest.json
[DEBUG CollapseMonitor] on_validation_epoch_start called for epoch 26
[DEBUG CollapseMonitor] reset_temporal_state() called on loss function
Epoch 26: val_loss=1.1031724214553833
Epoch 26: train_loss=0.3709630072116852

[CollapseMonitor] Epoch 26
  [DEBUG] Processed 3 batches, 30 horizon(s)
  Multi-horizon metrics (30 horizons):
    h1: std=0.0420, dir_acc=51.2%, pos=56%, unique=172, sharpe=7.48
    h2: std=0.0427, dir_acc=54.1%, pos=76%, unique=172, sharpe=15.75
    h3: std=0.0432, dir_acc=54.7%, pos=92%, unique=172, sharpe=19.20
    h4: std=0.0431, dir_acc=55.8%, pos=95%, unique=171, sharpe=20.60
    h5: std=0.0424, dir_acc=56.4%, pos=96%, unique=171, sharpe=21.06
    ... (25 more horizons)
  Aggregate: std_avg=0.0340, dir_acc_avg=54.6%, composite_avg=0.4670
  H1 detail: range=0.1240, mean=0.0198, dist_match=0.9767
  Collapse penalty: 0.000000 (threshold: 0.005000)
  Saved validation predictions to: experiments/06b_rolling/daily_7q_h30/fold_2021/collapse_monitoring/val_predictions_epoch26.npz
  Gradient norms:
    lstm_encoder: 0.000300
    lstm_decoder: 0.000734
    output_layer: 0.017831
  VSN output std:
    encoder: 0.181162
  Attention entropy: 2.917009
  Saved to: experiments/06b_rolling/daily_7q_h30/fold_2021/collapse_monitoring/collapse_monitor_latest.json
[DEBUG CollapseMonitor] on_validation_epoch_start called for epoch 27
[DEBUG CollapseMonitor] reset_temporal_state() called on loss function
Epoch 27: val_loss=1.1029014587402344
Epoch 27: train_loss=0.370822548866272

[CollapseMonitor] Epoch 27
  [DEBUG] Processed 3 batches, 30 horizon(s)
  Multi-horizon metrics (30 horizons):
    h1: std=0.0385, dir_acc=51.7%, pos=52%, unique=172, sharpe=7.50
    h2: std=0.0393, dir_acc=53.5%, pos=81%, unique=172, sharpe=16.11
    h3: std=0.0400, dir_acc=55.2%, pos=94%, unique=172, sharpe=19.58
    h4: std=0.0401, dir_acc=57.0%, pos=99%, unique=172, sharpe=20.91
    h5: std=0.0396, dir_acc=58.1%, pos=100%, unique=172, sharpe=21.26
    ... (25 more horizons)
  Aggregate: std_avg=0.0327, dir_acc_avg=54.3%, composite_avg=0.4613
  H1 detail: range=0.1173, mean=0.0182, dist_match=0.9360
  Collapse penalty: 0.000000 (threshold: 0.005000)
  Saved validation predictions to: experiments/06b_rolling/daily_7q_h30/fold_2021/collapse_monitoring/val_predictions_epoch27.npz
  Gradient norms:
    lstm_encoder: 0.000308
    lstm_decoder: 0.000655
    output_layer: 0.015446
  VSN output std:
    encoder: 0.178899
  Attention entropy: 2.922197
  Saved to: experiments/06b_rolling/daily_7q_h30/fold_2021/collapse_monitoring/collapse_monitor_latest.json
[DEBUG CollapseMonitor] on_validation_epoch_start called for epoch 28
[DEBUG CollapseMonitor] reset_temporal_state() called on loss function
Epoch 28: val_loss=1.1016430854797363
Epoch 28: train_loss=0.370871365070343

[CollapseMonitor] Epoch 28
  [DEBUG] Processed 3 batches, 30 horizon(s)
  Multi-horizon metrics (30 horizons):
    h1: std=0.0330, dir_acc=52.9%, pos=60%, unique=171, sharpe=9.52
    h2: std=0.0340, dir_acc=54.1%, pos=94%, unique=172, sharpe=19.33
    h3: std=0.0350, dir_acc=58.1%, pos=100%, unique=172, sharpe=23.12
    h4: std=0.0353, dir_acc=58.1%, pos=100%, unique=172, sharpe=24.48
    h5: std=0.0352, dir_acc=58.1%, pos=100%, unique=172, sharpe=24.81
    ... (25 more horizons)
  Aggregate: std_avg=0.0304, dir_acc_avg=55.5%, composite_avg=0.4601
  H1 detail: range=0.1059, mean=0.0198, dist_match=0.9826
  Collapse penalty: 0.000000 (threshold: 0.005000)
  Saved validation predictions to: experiments/06b_rolling/daily_7q_h30/fold_2021/collapse_monitoring/val_predictions_epoch28.npz
  Gradient norms:
    lstm_encoder: 0.000349
    lstm_decoder: 0.000785
    output_layer: 0.018842
  VSN output std:
    encoder: 0.178901
  Attention entropy: 2.924436
  Saved to: experiments/06b_rolling/daily_7q_h30/fold_2021/collapse_monitoring/collapse_monitor_latest.json
[DEBUG CollapseMonitor] on_validation_epoch_start called for epoch 29
[DEBUG CollapseMonitor] reset_temporal_state() called on loss function
Epoch 29: val_loss=1.1016819477081299
Epoch 29: train_loss=0.3705941140651703

[CollapseMonitor] Epoch 29
  [DEBUG] Processed 3 batches, 30 horizon(s)
  Multi-horizon metrics (30 horizons):
    h1: std=0.0296, dir_acc=47.7%, pos=41%, unique=172, sharpe=0.15
    h2: std=0.0309, dir_acc=55.2%, pos=67%, unique=171, sharpe=10.86
    h3: std=0.0321, dir_acc=53.5%, pos=87%, unique=172, sharpe=14.95
    h4: std=0.0327, dir_acc=54.7%, pos=88%, unique=172, sharpe=16.31
    h5: std=0.0327, dir_acc=54.7%, pos=88%, unique=171, sharpe=16.47
    ... (25 more horizons)
  Aggregate: std_avg=0.0291, dir_acc_avg=50.8%, composite_avg=0.4587
  H1 detail: range=0.0996, mean=0.0003, dist_match=0.8256
  Collapse penalty: 0.000000 (threshold: 0.005000)
  Saved validation predictions to: experiments/06b_rolling/daily_7q_h30/fold_2021/collapse_monitoring/val_predictions_epoch29.npz
  Gradient norms:
    lstm_encoder: 0.000376
    lstm_decoder: 0.000709
    output_layer: 0.017386
  VSN output std:
    encoder: 0.177043
  Attention entropy: 2.930095
  Saved to: experiments/06b_rolling/daily_7q_h30/fold_2021/collapse_monitoring/collapse_monitor_latest.json
[DEBUG CollapseMonitor] on_validation_epoch_start called for epoch 30
[DEBUG CollapseMonitor] reset_temporal_state() called on loss function
Epoch 30: val_loss=1.0964503288269043
Epoch 30: train_loss=0.3694033622741699

[CollapseMonitor] Epoch 30
  [DEBUG] Processed 3 batches, 30 horizon(s)
  Multi-horizon metrics (30 horizons):
    h1: std=0.0300, dir_acc=46.5%, pos=41%, unique=172, sharpe=1.32
    h2: std=0.0313, dir_acc=58.7%, pos=78%, unique=172, sharpe=11.57
    h3: std=0.0327, dir_acc=54.1%, pos=89%, unique=172, sharpe=15.29
    h4: std=0.0335, dir_acc=52.9%, pos=91%, unique=172, sharpe=16.39
    h5: std=0.0337, dir_acc=53.5%, pos=91%, unique=171, sharpe=16.37
    ... (25 more horizons)
  Aggregate: std_avg=0.0298, dir_acc_avg=51.0%, composite_avg=0.4591
  H1 detail: range=0.0998, mean=0.0025, dist_match=0.8256
  Collapse penalty: 0.000000 (threshold: 0.005000)
  Saved validation predictions to: experiments/06b_rolling/daily_7q_h30/fold_2021/collapse_monitoring/val_predictions_epoch30.npz
  Gradient norms:
    lstm_encoder: 0.000395
    lstm_decoder: 0.000707
    output_layer: 0.016505
  VSN output std:
    encoder: 0.175825
  Attention entropy: 2.938096
  Saved to: experiments/06b_rolling/daily_7q_h30/fold_2021/collapse_monitoring/collapse_monitor_latest.json
[DEBUG CollapseMonitor] on_validation_epoch_start called for epoch 31
[DEBUG CollapseMonitor] reset_temporal_state() called on loss function
Epoch 31: val_loss=1.0962204933166504
Epoch 31: train_loss=0.36994585394859314

[CollapseMonitor] Epoch 31
  [DEBUG] Processed 3 batches, 30 horizon(s)
  Multi-horizon metrics (30 horizons):
    h1: std=0.0281, dir_acc=47.1%, pos=38%, unique=172, sharpe=0.74
    h2: std=0.0297, dir_acc=57.6%, pos=77%, unique=172, sharpe=11.52
    h3: std=0.0312, dir_acc=55.2%, pos=89%, unique=172, sharpe=15.49
    h4: std=0.0321, dir_acc=55.8%, pos=94%, unique=172, sharpe=16.78
    h5: std=0.0324, dir_acc=56.4%, pos=95%, unique=172, sharpe=16.95
    ... (25 more horizons)
  Aggregate: std_avg=0.0289, dir_acc_avg=52.4%, composite_avg=0.4584
  H1 detail: range=0.0990, mean=0.0013, dist_match=0.7965
  Collapse penalty: 0.000000 (threshold: 0.005000)
  Saved validation predictions to: experiments/06b_rolling/daily_7q_h30/fold_2021/collapse_monitoring/val_predictions_epoch31.npz
  Gradient norms:
    lstm_encoder: 0.000421
    lstm_decoder: 0.000698
    output_layer: 0.017209
  VSN output std:
    encoder: 0.175178
  Attention entropy: 2.944334
  Saved to: experiments/06b_rolling/daily_7q_h30/fold_2021/collapse_monitoring/collapse_monitor_latest.json
[DEBUG CollapseMonitor] on_validation_epoch_start called for epoch 32
[DEBUG CollapseMonitor] reset_temporal_state() called on loss function
Epoch 32: val_loss=1.0934393405914307
Epoch 32: train_loss=0.3695176839828491

[CollapseMonitor] Epoch 32
  [DEBUG] Processed 3 batches, 30 horizon(s)
  Multi-horizon metrics (30 horizons):
    h1: std=0.0250, dir_acc=46.5%, pos=38%, unique=172, sharpe=3.32
    h2: std=0.0267, dir_acc=60.5%, pos=87%, unique=171, sharpe=14.78
    h3: std=0.0283, dir_acc=58.7%, pos=99%, unique=172, sharpe=18.75
    h4: std=0.0293, dir_acc=57.6%, pos=99%, unique=172, sharpe=19.93
    h5: std=0.0297, dir_acc=58.7%, pos=99%, unique=172, sharpe=20.01
    ... (25 more horizons)
  Aggregate: std_avg=0.0268, dir_acc_avg=55.2%, composite_avg=0.4567
  H1 detail: range=0.0938, mean=0.0052, dist_match=0.8023
  Collapse penalty: 0.000000 (threshold: 0.005000)
  Saved validation predictions to: experiments/06b_rolling/daily_7q_h30/fold_2021/collapse_monitoring/val_predictions_epoch32.npz
  Gradient norms:
    lstm_encoder: 0.000461
    lstm_decoder: 0.000656
    output_layer: 0.014985
  VSN output std:
    encoder: 0.173896
  Attention entropy: 2.951125
  Saved to: experiments/06b_rolling/daily_7q_h30/fold_2021/collapse_monitoring/collapse_monitor_latest.json
[DEBUG CollapseMonitor] on_validation_epoch_start called for epoch 33
[DEBUG CollapseMonitor] reset_temporal_state() called on loss function
Epoch 33: val_loss=1.0930076837539673
Epoch 33: train_loss=0.368694007396698

[CollapseMonitor] Epoch 33
  [DEBUG] Processed 3 batches, 30 horizon(s)
  Multi-horizon metrics (30 horizons):
    h1: std=0.0191, dir_acc=46.5%, pos=45%, unique=172, sharpe=2.30
    h2: std=0.0208, dir_acc=62.2%, pos=89%, unique=171, sharpe=16.18
    h3: std=0.0225, dir_acc=58.1%, pos=99%, unique=171, sharpe=20.46
    h4: std=0.0235, dir_acc=58.1%, pos=99%, unique=172, sharpe=21.37
    h5: std=0.0241, dir_acc=59.3%, pos=99%, unique=172, sharpe=21.01
    ... (25 more horizons)
  Aggregate: std_avg=0.0226, dir_acc_avg=54.1%, composite_avg=0.4614
  H1 detail: range=0.0804, mean=0.0028, dist_match=0.8721
  Collapse penalty: 0.000000 (threshold: 0.005000)
  Saved validation predictions to: experiments/06b_rolling/daily_7q_h30/fold_2021/collapse_monitoring/val_predictions_epoch33.npz
  Gradient norms:
    lstm_encoder: 0.000460
    lstm_decoder: 0.000793
    output_layer: 0.017230
  VSN output std:
    encoder: 0.172415
  Attention entropy: 2.954822
  Saved to: experiments/06b_rolling/daily_7q_h30/fold_2021/collapse_monitoring/collapse_monitor_latest.json
[DEBUG CollapseMonitor] on_validation_epoch_start called for epoch 34
[DEBUG CollapseMonitor] reset_temporal_state() called on loss function
Epoch 34: val_loss=1.091099500656128
Epoch 34: train_loss=0.36857834458351135

[CollapseMonitor] Epoch 34
  [DEBUG] Processed 3 batches, 30 horizon(s)
  Multi-horizon metrics (30 horizons):
    h1: std=0.0155, dir_acc=59.9%, pos=78%, unique=172, sharpe=13.33
    h2: std=0.0171, dir_acc=58.1%, pos=99%, unique=172, sharpe=29.10
    h3: std=0.0187, dir_acc=58.1%, pos=100%, unique=171, sharpe=33.22
    h4: std=0.0199, dir_acc=58.1%, pos=100%, unique=171, sharpe=33.65
    h5: std=0.0206, dir_acc=58.1%, pos=100%, unique=170, sharpe=32.89
    ... (25 more horizons)
  Aggregate: std_avg=0.0201, dir_acc_avg=58.1%, composite_avg=0.4610
  H1 detail: range=0.0716, mean=0.0130, dist_match=0.7965
  Collapse penalty: 0.000000 (threshold: 0.005000)
  Saved validation predictions to: experiments/06b_rolling/daily_7q_h30/fold_2021/collapse_monitoring/val_predictions_epoch34.npz
  Gradient norms:
    lstm_encoder: 0.000530
    lstm_decoder: 0.000659
    output_layer: 0.014590
  VSN output std:
    encoder: 0.171109
  Attention entropy: 2.956019
  Saved to: experiments/06b_rolling/daily_7q_h30/fold_2021/collapse_monitoring/collapse_monitor_latest.json
[DEBUG CollapseMonitor] on_validation_epoch_start called for epoch 35
[DEBUG CollapseMonitor] reset_temporal_state() called on loss function
Epoch 35: val_loss=1.0932763814926147
Epoch 35: train_loss=0.36769789457321167

[CollapseMonitor] Epoch 35
  [DEBUG] Processed 3 batches, 30 horizon(s)
  Multi-horizon metrics (30 horizons):
    h1: std=0.0124, dir_acc=61.6%, pos=81%, unique=171, sharpe=15.05
    h2: std=0.0136, dir_acc=58.1%, pos=99%, unique=172, sharpe=34.19
    h3: std=0.0148, dir_acc=58.1%, pos=100%, unique=172, sharpe=39.14
    h4: std=0.0157, dir_acc=58.1%, pos=100%, unique=172, sharpe=39.57
    h5: std=0.0163, dir_acc=58.1%, pos=100%, unique=172, sharpe=38.56
    ... (25 more horizons)
  Aggregate: std_avg=0.0160, dir_acc_avg=58.1%, composite_avg=0.4612
  H1 detail: range=0.0577, mean=0.0118, dist_match=0.7674
  Collapse penalty: 0.000000 (threshold: 0.005000)
  Saved validation predictions to: experiments/06b_rolling/daily_7q_h30/fold_2021/collapse_monitoring/val_predictions_epoch35.npz
  Gradient norms:
    lstm_encoder: 0.000568
    lstm_decoder: 0.000743
    output_layer: 0.015925
  VSN output std:
    encoder: 0.169814
  Attention entropy: 2.954745
  Saved to: experiments/06b_rolling/daily_7q_h30/fold_2021/collapse_monitoring/collapse_monitor_latest.json
[DEBUG CollapseMonitor] on_validation_epoch_start called for epoch 36
[DEBUG CollapseMonitor] reset_temporal_state() called on loss function
Epoch 36: val_loss=1.090238332748413
Epoch 36: train_loss=0.36856552958488464

[CollapseMonitor] Epoch 36
  [DEBUG] Processed 3 batches, 30 horizon(s)
  Multi-horizon metrics (30 horizons):
    h1: std=0.0111, dir_acc=58.1%, pos=99%, unique=172, sharpe=39.99
    h2: std=0.0115, dir_acc=58.1%, pos=100%, unique=171, sharpe=62.05
    h3: std=0.0122, dir_acc=58.1%, pos=100%, unique=171, sharpe=67.60
    h4: std=0.0128, dir_acc=58.1%, pos=100%, unique=171, sharpe=67.34
    h5: std=0.0133, dir_acc=58.1%, pos=100%, unique=171, sharpe=65.47
    ... (25 more horizons)
  Aggregate: std_avg=0.0131, dir_acc_avg=58.0%, composite_avg=0.4584
  H1 detail: range=0.0443, mean=0.0280, dist_match=0.5930
  Collapse penalty: 0.000000 (threshold: 0.005000)
  Saved validation predictions to: experiments/06b_rolling/daily_7q_h30/fold_2021/collapse_monitoring/val_predictions_epoch36.npz
  Gradient norms:
    lstm_encoder: 0.000589
    lstm_decoder: 0.000764
    output_layer: 0.016381
  VSN output std:
    encoder: 0.168786
  Attention entropy: 2.956304
  Saved to: experiments/06b_rolling/daily_7q_h30/fold_2021/collapse_monitoring/collapse_monitor_latest.json
[DEBUG CollapseMonitor] on_validation_epoch_start called for epoch 37
[DEBUG CollapseMonitor] reset_temporal_state() called on loss function
Epoch 37: val_loss=1.0963846445083618
Epoch 37: train_loss=0.36746224761009216

[CollapseMonitor] Epoch 37
  [DEBUG] Processed 3 batches, 30 horizon(s)
  Multi-horizon metrics (30 horizons):
    h1: std=0.0117, dir_acc=58.1%, pos=100%, unique=171, sharpe=56.43
    h2: std=0.0111, dir_acc=58.1%, pos=100%, unique=171, sharpe=83.79
    h3: std=0.0108, dir_acc=58.1%, pos=100%, unique=172, sharpe=95.97
    h4: std=0.0108, dir_acc=58.1%, pos=100%, unique=172, sharpe=100.14
    h5: std=0.0108, dir_acc=58.1%, pos=100%, unique=171, sharpe=101.12
    ... (25 more horizons)
  Aggregate: std_avg=0.0101, dir_acc_avg=58.0%, composite_avg=0.4583
  H1 detail: range=0.0487, mean=0.0417, dist_match=0.5814
  Collapse penalty: 0.000000 (threshold: 0.005000)
  Saved validation predictions to: experiments/06b_rolling/daily_7q_h30/fold_2021/collapse_monitoring/val_predictions_epoch37.npz
  Gradient norms:
    lstm_encoder: 0.000619
    lstm_decoder: 0.000736
    output_layer: 0.015583
  VSN output std:
    encoder: 0.169179
  Attention entropy: 2.957703
  Saved to: experiments/06b_rolling/daily_7q_h30/fold_2021/collapse_monitoring/collapse_monitor_latest.json
[DEBUG CollapseMonitor] on_validation_epoch_start called for epoch 38
[DEBUG CollapseMonitor] reset_temporal_state() called on loss function
Epoch 38: val_loss=1.0897053480148315
Epoch 38: train_loss=0.3679039180278778

[CollapseMonitor] Epoch 38
  [DEBUG] Processed 3 batches, 30 horizon(s)
  Multi-horizon metrics (30 horizons):
    h1: std=0.0116, dir_acc=58.1%, pos=100%, unique=172, sharpe=44.47
    h2: std=0.0104, dir_acc=58.1%, pos=100%, unique=171, sharpe=73.88
    h3: std=0.0099, dir_acc=58.1%, pos=100%, unique=171, sharpe=88.26
    h4: std=0.0099, dir_acc=58.1%, pos=100%, unique=170, sharpe=92.47
    h5: std=0.0100, dir_acc=58.1%, pos=100%, unique=171, sharpe=92.32
    ... (25 more horizons)
  Aggregate: std_avg=0.0097, dir_acc_avg=58.0%, composite_avg=0.4583
  H1 detail: range=0.0444, mean=0.0326, dist_match=0.5814
  Collapse penalty: 0.000000 (threshold: 0.005000)
  Saved validation predictions to: experiments/06b_rolling/daily_7q_h30/fold_2021/collapse_monitoring/val_predictions_epoch38.npz
  Gradient norms:
    lstm_encoder: 0.000682
    lstm_decoder: 0.000744
    output_layer: 0.016572
  VSN output std:
    encoder: 0.169124
  Attention entropy: 2.957656
  Saved to: experiments/06b_rolling/daily_7q_h30/fold_2021/collapse_monitoring/collapse_monitor_latest.json
[DEBUG CollapseMonitor] on_validation_epoch_start called for epoch 39
[DEBUG CollapseMonitor] reset_temporal_state() called on loss function
Epoch 39: val_loss=1.0993726253509521
Epoch 39: train_loss=0.3669595420360565

[CollapseMonitor] Epoch 39
  [DEBUG] Processed 3 batches, 30 horizon(s)
  Multi-horizon metrics (30 horizons):
    h1: std=0.0131, dir_acc=58.1%, pos=100%, unique=172, sharpe=45.78
    h2: std=0.0111, dir_acc=58.1%, pos=100%, unique=170, sharpe=75.92
    h3: std=0.0098, dir_acc=58.1%, pos=100%, unique=170, sharpe=96.69
    h4: std=0.0091, dir_acc=58.1%, pos=100%, unique=172, sharpe=108.42
    h5: std=0.0088, dir_acc=58.1%, pos=100%, unique=171, sharpe=114.34
    ... (25 more horizons)
  Aggregate: std_avg=0.0080, dir_acc_avg=58.0%, composite_avg=0.4583
  H1 detail: range=0.0518, mean=0.0376, dist_match=0.5814
  Collapse penalty: 0.000000 (threshold: 0.005000)
  Saved validation predictions to: experiments/06b_rolling/daily_7q_h30/fold_2021/collapse_monitoring/val_predictions_epoch39.npz
  Gradient norms:
    lstm_encoder: 0.000711
    lstm_decoder: 0.000795
    output_layer: 0.015993
  VSN output std:
    encoder: 0.168844
  Attention entropy: 2.961072
  Saved to: experiments/06b_rolling/daily_7q_h30/fold_2021/collapse_monitoring/collapse_monitor_latest.json
[DEBUG CollapseMonitor] on_validation_epoch_start called for epoch 40
[DEBUG CollapseMonitor] reset_temporal_state() called on loss function
Epoch 40: val_loss=1.0980027914047241
Epoch 40: train_loss=0.366283655166626

[CollapseMonitor] Epoch 40
  [DEBUG] Processed 3 batches, 30 horizon(s)
  Multi-horizon metrics (30 horizons):
    h1: std=0.0144, dir_acc=57.6%, pos=97%, unique=172, sharpe=35.26
    h2: std=0.0124, dir_acc=58.1%, pos=100%, unique=172, sharpe=59.62
    h3: std=0.0111, dir_acc=58.1%, pos=100%, unique=172, sharpe=75.27
    h4: std=0.0104, dir_acc=58.1%, pos=100%, unique=171, sharpe=83.65
    h5: std=0.0100, dir_acc=58.1%, pos=100%, unique=172, sharpe=87.67
    ... (25 more horizons)
  Aggregate: std_avg=0.0091, dir_acc_avg=58.0%, composite_avg=0.4584
  H1 detail: range=0.0578, mean=0.0320, dist_match=0.6105
  Collapse penalty: 0.000000 (threshold: 0.005000)
  Saved validation predictions to: experiments/06b_rolling/daily_7q_h30/fold_2021/collapse_monitoring/val_predictions_epoch40.npz
  Gradient norms:
    lstm_encoder: 0.000766
    lstm_decoder: 0.000796
    output_layer: 0.015829
  VSN output std:
    encoder: 0.169601
  Attention entropy: 2.962992
  Saved to: experiments/06b_rolling/daily_7q_h30/fold_2021/collapse_monitoring/collapse_monitor_latest.json
[DEBUG CollapseMonitor] on_validation_epoch_start called for epoch 41
[DEBUG CollapseMonitor] reset_temporal_state() called on loss function
Epoch 41: val_loss=1.102946400642395
Epoch 41: train_loss=0.36671409010887146

[CollapseMonitor] Epoch 41
  [DEBUG] Processed 3 batches, 30 horizon(s)
  Multi-horizon metrics (30 horizons):
    h1: std=0.0149, dir_acc=58.1%, pos=100%, unique=172, sharpe=53.59
    h2: std=0.0128, dir_acc=58.1%, pos=100%, unique=171, sharpe=80.30
    h3: std=0.0114, dir_acc=58.1%, pos=100%, unique=172, sharpe=98.61
    h4: std=0.0106, dir_acc=58.1%, pos=100%, unique=172, sharpe=109.57
    h5: std=0.0101, dir_acc=58.1%, pos=100%, unique=172, sharpe=116.02
    ... (25 more horizons)
  Aggregate: std_avg=0.0090, dir_acc_avg=58.0%, composite_avg=0.4583
  H1 detail: range=0.0630, mean=0.0504, dist_match=0.5814
  Collapse penalty: 0.000000 (threshold: 0.005000)
  Saved validation predictions to: experiments/06b_rolling/daily_7q_h30/fold_2021/collapse_monitoring/val_predictions_epoch41.npz
  Gradient norms:
    lstm_encoder: 0.000756
    lstm_decoder: 0.000778
    output_layer: 0.015596
  VSN output std:
    encoder: 0.171252
  Attention entropy: 2.963769
  Saved to: experiments/06b_rolling/daily_7q_h30/fold_2021/collapse_monitoring/collapse_monitor_latest.json
[DEBUG CollapseMonitor] on_validation_epoch_start called for epoch 42
[DEBUG CollapseMonitor] reset_temporal_state() called on loss function
Epoch 42: val_loss=1.1026091575622559
Epoch 42: train_loss=0.36584609746932983

[CollapseMonitor] Epoch 42
  [DEBUG] Processed 3 batches, 30 horizon(s)
  Multi-horizon metrics (30 horizons):
    h1: std=0.0156, dir_acc=57.6%, pos=99%, unique=172, sharpe=44.53
    h2: std=0.0128, dir_acc=58.1%, pos=100%, unique=172, sharpe=70.63
    h3: std=0.0110, dir_acc=58.1%, pos=100%, unique=171, sharpe=90.64
    h4: std=0.0100, dir_acc=58.1%, pos=100%, unique=170, sharpe=103.33
    h5: std=0.0094, dir_acc=58.1%, pos=100%, unique=172, sharpe=110.47
    ... (25 more horizons)
  Aggregate: std_avg=0.0086, dir_acc_avg=58.0%, composite_avg=0.4582
  H1 detail: range=0.0649, mean=0.0437, dist_match=0.5872
  Collapse penalty: 0.000000 (threshold: 0.005000)
  Saved validation predictions to: experiments/06b_rolling/daily_7q_h30/fold_2021/collapse_monitoring/val_predictions_epoch42.npz
  Gradient norms:
    lstm_encoder: 0.000791
    lstm_decoder: 0.000741
    output_layer: 0.014146
  VSN output std:
    encoder: 0.171509
  Attention entropy: 2.962571
  Saved to: experiments/06b_rolling/daily_7q_h30/fold_2021/collapse_monitoring/collapse_monitor_latest.json
[DEBUG CollapseMonitor] on_validation_epoch_start called for epoch 43
[DEBUG CollapseMonitor] reset_temporal_state() called on loss function
Epoch 43: val_loss=1.1129623651504517
Epoch 43: train_loss=0.3648073077201843

[CollapseMonitor] Epoch 43
  [DEBUG] Processed 3 batches, 30 horizon(s)
  Multi-horizon metrics (30 horizons):
    h1: std=0.0144, dir_acc=58.1%, pos=100%, unique=171, sharpe=61.00
    h2: std=0.0119, dir_acc=58.1%, pos=100%, unique=171, sharpe=91.12
    h3: std=0.0104, dir_acc=58.1%, pos=100%, unique=171, sharpe=112.97
    h4: std=0.0096, dir_acc=58.1%, pos=100%, unique=172, sharpe=126.09
    h5: std=0.0091, dir_acc=58.1%, pos=100%, unique=171, sharpe=133.46
    ... (25 more horizons)
  Aggregate: std_avg=0.0083, dir_acc_avg=58.0%, composite_avg=0.4583
  H1 detail: range=0.0641, mean=0.0553, dist_match=0.5814
  Collapse penalty: 0.000000 (threshold: 0.005000)
  Saved validation predictions to: experiments/06b_rolling/daily_7q_h30/fold_2021/collapse_monitoring/val_predictions_epoch43.npz
  Gradient norms:
    lstm_encoder: 0.000976
    lstm_decoder: 0.000828
    output_layer: 0.015528
  VSN output std:
    encoder: 0.172145
  Attention entropy: 2.961490
  Saved to: experiments/06b_rolling/daily_7q_h30/fold_2021/collapse_monitoring/collapse_monitor_latest.json
[DEBUG CollapseMonitor] on_validation_epoch_start called for epoch 44
[DEBUG CollapseMonitor] reset_temporal_state() called on loss function
Epoch 44: val_loss=1.1075942516326904
Epoch 44: train_loss=0.36554211378097534

[CollapseMonitor] Epoch 44
  [DEBUG] Processed 3 batches, 30 horizon(s)
  Multi-horizon metrics (30 horizons):
    h1: std=0.0153, dir_acc=58.1%, pos=100%, unique=171, sharpe=51.26
    h2: std=0.0125, dir_acc=58.1%, pos=100%, unique=170, sharpe=78.49
    h3: std=0.0108, dir_acc=58.1%, pos=100%, unique=172, sharpe=99.01
    h4: std=0.0098, dir_acc=58.1%, pos=100%, unique=172, sharpe=111.80
    h5: std=0.0093, dir_acc=58.1%, pos=100%, unique=171, sharpe=119.00
    ... (25 more horizons)
  Aggregate: std_avg=0.0086, dir_acc_avg=58.0%, composite_avg=0.4583
  H1 detail: range=0.0668, mean=0.0494, dist_match=0.5814
  Collapse penalty: 0.000000 (threshold: 0.005000)
  Saved validation predictions to: experiments/06b_rolling/daily_7q_h30/fold_2021/collapse_monitoring/val_predictions_epoch44.npz
  Gradient norms:
    lstm_encoder: 0.000948
    lstm_decoder: 0.000869
    output_layer: 0.016753
  VSN output std:
    encoder: 0.172383
  Attention entropy: 2.962431
  Saved to: experiments/06b_rolling/daily_7q_h30/fold_2021/collapse_monitoring/collapse_monitor_latest.json
[DEBUG CollapseMonitor] on_validation_epoch_start called for epoch 45
[DEBUG CollapseMonitor] reset_temporal_state() called on loss function
Epoch 45: val_loss=1.10934579372406
Epoch 45: train_loss=0.3652379810810089

[CollapseMonitor] Epoch 45
  [DEBUG] Processed 3 batches, 30 horizon(s)
  Multi-horizon metrics (30 horizons):
    h1: std=0.0156, dir_acc=58.1%, pos=100%, unique=171, sharpe=51.50
    h2: std=0.0126, dir_acc=58.1%, pos=100%, unique=170, sharpe=79.21
    h3: std=0.0106, dir_acc=58.1%, pos=100%, unique=171, sharpe=101.81
    h4: std=0.0095, dir_acc=58.1%, pos=100%, unique=172, sharpe=117.00
    h5: std=0.0088, dir_acc=58.1%, pos=100%, unique=172, sharpe=126.01
    ... (25 more horizons)
  Aggregate: std_avg=0.0082, dir_acc_avg=58.0%, composite_avg=0.4583
  H1 detail: range=0.0675, mean=0.0505, dist_match=0.5814
  Collapse penalty: 0.000000 (threshold: 0.005000)
  Saved validation predictions to: experiments/06b_rolling/daily_7q_h30/fold_2021/collapse_monitoring/val_predictions_epoch45.npz
  Gradient norms:
    lstm_encoder: 0.000975
    lstm_decoder: 0.000826
    output_layer: 0.015094
  VSN output std:
    encoder: 0.173326
  Attention entropy: 2.962099
  Saved to: experiments/06b_rolling/daily_7q_h30/fold_2021/collapse_monitoring/collapse_monitor_latest.json
[DEBUG CollapseMonitor] on_validation_epoch_start called for epoch 46
[DEBUG CollapseMonitor] reset_temporal_state() called on loss function
Epoch 46: val_loss=1.107366919517517
Epoch 46: train_loss=0.3653425872325897

[CollapseMonitor] Epoch 46
  [DEBUG] Processed 3 batches, 30 horizon(s)
  Multi-horizon metrics (30 horizons):
    h1: std=0.0145, dir_acc=58.1%, pos=100%, unique=169, sharpe=52.15
    h2: std=0.0117, dir_acc=58.1%, pos=100%, unique=172, sharpe=80.79
    h3: std=0.0099, dir_acc=58.1%, pos=100%, unique=172, sharpe=102.51
    h4: std=0.0091, dir_acc=58.1%, pos=100%, unique=172, sharpe=115.55
    h5: std=0.0086, dir_acc=58.1%, pos=100%, unique=172, sharpe=122.57
    ... (25 more horizons)
  Aggregate: std_avg=0.0080, dir_acc_avg=58.0%, composite_avg=0.4583
  H1 detail: range=0.0641, mean=0.0475, dist_match=0.5814
  Collapse penalty: 0.000000 (threshold: 0.005000)
  Saved validation predictions to: experiments/06b_rolling/daily_7q_h30/fold_2021/collapse_monitoring/val_predictions_epoch46.npz
  Gradient norms:
    lstm_encoder: 0.000988
    lstm_decoder: 0.000748
    output_layer: 0.013275
  VSN output std:
    encoder: 0.173868
  Attention entropy: 2.962192
  Saved to: experiments/06b_rolling/daily_7q_h30/fold_2021/collapse_monitoring/collapse_monitor_latest.json
[DEBUG CollapseMonitor] on_validation_epoch_start called for epoch 47
[DEBUG CollapseMonitor] reset_temporal_state() called on loss function
Epoch 47: val_loss=1.1118563413619995
Epoch 47: train_loss=0.364474356174469

[CollapseMonitor] Epoch 47
  [DEBUG] Processed 3 batches, 30 horizon(s)
  Multi-horizon metrics (30 horizons):
    h1: std=0.0143, dir_acc=58.1%, pos=100%, unique=172, sharpe=58.59
    h2: std=0.0115, dir_acc=58.1%, pos=100%, unique=171, sharpe=88.74
    h3: std=0.0098, dir_acc=58.1%, pos=100%, unique=172, sharpe=111.99
    h4: std=0.0090, dir_acc=58.1%, pos=100%, unique=172, sharpe=126.22
    h5: std=0.0085, dir_acc=58.1%, pos=100%, unique=172, sharpe=134.06
    ... (25 more horizons)
  Aggregate: std_avg=0.0080, dir_acc_avg=58.0%, composite_avg=0.4583
  H1 detail: range=0.0658, mean=0.0530, dist_match=0.5814
  Collapse penalty: 0.000000 (threshold: 0.005000)
  Saved validation predictions to: experiments/06b_rolling/daily_7q_h30/fold_2021/collapse_monitoring/val_predictions_epoch47.npz
  Gradient norms:
    lstm_encoder: 0.001017
    lstm_decoder: 0.000808
    output_layer: 0.014782
  VSN output std:
    encoder: 0.174241
  Attention entropy: 2.961924
  Saved to: experiments/06b_rolling/daily_7q_h30/fold_2021/collapse_monitoring/collapse_monitor_latest.json
[DEBUG CollapseMonitor] on_validation_epoch_start called for epoch 48
[DEBUG CollapseMonitor] reset_temporal_state() called on loss function
Epoch 48: val_loss=1.1093593835830688
Epoch 48: train_loss=0.36372265219688416

[CollapseMonitor] Epoch 48
  [DEBUG] Processed 3 batches, 30 horizon(s)
  Multi-horizon metrics (30 horizons):
    h1: std=0.0146, dir_acc=58.1%, pos=100%, unique=172, sharpe=51.60
    h2: std=0.0117, dir_acc=58.1%, pos=100%, unique=172, sharpe=79.18
    h3: std=0.0100, dir_acc=58.1%, pos=100%, unique=171, sharpe=99.73
    h4: std=0.0092, dir_acc=58.1%, pos=100%, unique=171, sharpe=111.66
    h5: std=0.0088, dir_acc=58.1%, pos=100%, unique=170, sharpe=117.80
    ... (25 more horizons)
  Aggregate: std_avg=0.0082, dir_acc_avg=58.0%, composite_avg=0.4583
  H1 detail: range=0.0675, mean=0.0474, dist_match=0.5814
  Collapse penalty: 0.000000 (threshold: 0.005000)
  Saved validation predictions to: experiments/06b_rolling/daily_7q_h30/fold_2021/collapse_monitoring/val_predictions_epoch48.npz
  Gradient norms:
    lstm_encoder: 0.001059
    lstm_decoder: 0.000735
    output_layer: 0.014126
  VSN output std:
    encoder: 0.175444
  Attention entropy: 2.962194
  Saved to: experiments/06b_rolling/daily_7q_h30/fold_2021/collapse_monitoring/collapse_monitor_latest.json


======================================================================
Training complete
======================================================================

Best val_loss checkpoint: experiments/06b_rolling/daily_7q_h30/fold_2021/checkpoints/tft-epoch=epoch=38-valloss=val_loss=1.0897.ckpt
Best validation loss: 1.089705
Checkpoints saved:
  - Best val_loss: experiments/06b_rolling/daily_7q_h30/fold_2021/checkpoints/tft-epoch=epoch=38-valloss=val_loss=1.0897.ckpt
  - Best pred_std: experiments/06b_rolling/daily_7q_h30/fold_2021/checkpoints/tft-epoch=epoch=24-predstd=val_pred_std=0.0489.ckpt
  - Best unique: experiments/06b_rolling/daily_7q_h30/fold_2021/checkpoints/tft-epoch=epoch=00-unique=val_num_unique=172.ckpt
  - Best dir_acc: experiments/06b_rolling/daily_7q_h30/fold_2021/checkpoints/tft-epoch=epoch=35-diracc=val_dir_acc=0.6163.ckpt
  - Best sharpe: experiments/06b_rolling/daily_7q_h30/fold_2021/checkpoints/tft-epoch=epoch=43-sharpe=val_sharpe=61.0037.ckpt
  - Best composite: experiments/06b_rolling/daily_7q_h30/fold_2021/checkpoints/tft-epoch=epoch=35-composite=val_composite=0.5446.ckpt
Completed at: 2025-12-14 00:04:57
Log saved to: experiments/06b_rolling/daily_7q_h30/fold_2021/training_20251213_235946.log
======================================================================
