
[INFO] Using AUTO device selection.

[INFO] Patched matplotlib.Axes.errorbar to abs() negative yerr for robustness.
======================================================================
Training TFT: 06b_rolling/daily_3q_h20_drop025/fold_2017
======================================================================
Logging to: experiments/06b_rolling/daily_3q_h20_drop025/fold_2017/training_20251214_192929.log
Started at: 2025-12-14 19:29:29
======================================================================

Loading data splits...
Train: 2468 samples
Val: 220 samples
Test: 220 samples

Preparing TimeSeriesDataSet...

Dropping source columns (used for staleness only): ['CPI']

Final features for TFT: ['SP500_Returns', 'VIX', 'Treasury_10Y', 'Yield_Spread', 'Inflation_YoY', 'cumret_5', 'cumret_10', 'cumret_20', 'cumret_30']

======================================================================
FEATURE STATISTICS - BEFORE NORMALIZATION
======================================================================
VIX                             mean= 20.4353  std=  9.8686  min=  9.8900  max= 80.8600
Treasury_10Y                    mean=  3.1296  std=  1.0283  min=  1.4300  max=  5.2600
Yield_Spread                    mean=  1.6197  std=  0.8755  min= -0.1900  max=  2.9100
Inflation_YoY                   mean=  2.0465  std=  1.5358  min= -2.1498  max=  5.4850

======================================================================
TARGET CONFIGURATION
======================================================================
Target variable: SP500_Returns
  Mode: Point return prediction (single-step)
  Target stats: mean=0.0237, std=1.2909
  Dropping unused cumret columns: ['cumret_5', 'cumret_10', 'cumret_20', 'cumret_30']
======================================================================

======================================================================
FEATURES AFTER GROUPNORMALIZER (first batch, last timestep)
======================================================================
VIX                             normalized_value=  1.0000
Treasury_10Y                    normalized_value= -0.0500
Yield_Spread                    normalized_value=  1.7610
Inflation_YoY                   normalized_value= -1.1766
======================================================================

Configuration saved to: experiments/06b_rolling/daily_3q_h20_drop025/fold_2017/config.json
[DEBUG] VIX train values: [11.14 11.37 11.31 11.   11.13]
[DEBUG] VIX val values: [20.7  19.34 20.59 24.99 27.01]
Batches per epoch: 37
[DEBUG] Validation batches: 3
[DEBUG] Validation dataset size: 181
[DEBUG] Batch size: 64

Initializing model...

Quantile configuration: 3q
  Quantiles: [0.1, 0.5, 0.9]
  Output size: 3
  Median index: 1

Using standard QuantileLoss (no penalties)

[REGIME OUTPUT] Disabled (using baseline output layer)

[STALENESS ATTENTION] Disabled

================================================================================
BASELINE MODEL FEATURE CONFIGURATION (after from_dataset)
================================================================================
tft.hparams.time_varying_reals_encoder: ['relative_time_idx', 'VIX', 'Treasury_10Y', 'Yield_Spread', 'Inflation_YoY']
  Count: 5

tft.hparams.time_varying_reals_decoder: ['relative_time_idx']
  Count: 1

tft.hparams.x_reals (all reals passed to model): ['encoder_length', 'relative_time_idx', 'VIX', 'Treasury_10Y', 'Yield_Spread', 'Inflation_YoY']
  Count: 6

Encoder VSN configuration:
  num_inputs: 5
  input_sizes: {'relative_time_idx': 16, 'VIX': 16, 'Treasury_10Y': 16, 'Yield_Spread': 16, 'Inflation_YoY': 16}
  flattened_grn.fc1: in_features=80, out_features=5
  -> Params in fc1: 400 (should be 5*16*5=400 if 5 features)
================================================================================

Model parameters: 22,547

Starting training...
Checkpoints will be saved to: experiments/06b_rolling/daily_3q_h20_drop025/fold_2017/checkpoints/
Logs will be saved to: experiments/06b_rolling/daily_3q_h20_drop025/fold_2017/logs/

[DEBUG CollapseMonitor] on_validation_epoch_start called for epoch 0
[DEBUG CollapseMonitor] reset_temporal_state() called on loss function
Epoch 0: val_loss=N/A
[DEBUG CollapseMonitor] on_validation_epoch_start called for epoch 0
[DEBUG CollapseMonitor] reset_temporal_state() called on loss function
Epoch 0: val_loss=0.3949926793575287
Epoch 0: train_loss=0.6351763010025024

[CollapseMonitor] Epoch 0
  [DEBUG] Processed 3 batches, 20 horizon(s)
  Multi-horizon metrics (20 horizons):
    h1: std=0.0074, dir_acc=47.0%, pos=0%, unique=179, sharpe=-1139.94
    h2: std=0.0070, dir_acc=47.0%, pos=0%, unique=181, sharpe=-1267.08
    h3: std=0.0069, dir_acc=47.5%, pos=0%, unique=180, sharpe=-1211.49
    h4: std=0.0066, dir_acc=47.5%, pos=0%, unique=179, sharpe=-1134.76
    h5: std=0.0061, dir_acc=47.5%, pos=0%, unique=180, sharpe=-1072.60
    ... (15 more horizons)
  Aggregate: std_avg=0.0033, dir_acc_avg=49.1%, composite_avg=0.3691
  H1 detail: range=0.0300, mean=-0.5339, dist_match=0.4696
  Collapse penalty: 0.000000 (threshold: 0.005000)
  Saved validation predictions to: experiments/06b_rolling/daily_3q_h20_drop025/fold_2017/collapse_monitoring/val_predictions_epoch0.npz
  Gradient norms:
    lstm_encoder: 0.001663
    lstm_decoder: 0.017169
    output_layer: 0.289503
  VSN output std:
    encoder: 0.174484
  Attention entropy: 2.993668
  Saved to: experiments/06b_rolling/daily_3q_h20_drop025/fold_2017/collapse_monitoring/collapse_monitor_latest.json
[DEBUG CollapseMonitor] on_validation_epoch_start called for epoch 1
[DEBUG CollapseMonitor] reset_temporal_state() called on loss function
Epoch 1: val_loss=0.39014574885368347
Epoch 1: train_loss=0.6182593107223511

[CollapseMonitor] Epoch 1
  [DEBUG] Processed 3 batches, 20 horizon(s)
  Multi-horizon metrics (20 horizons):
    h1: std=0.0058, dir_acc=47.0%, pos=0%, unique=180, sharpe=-742.49
    h2: std=0.0062, dir_acc=47.0%, pos=0%, unique=178, sharpe=-718.48
    h3: std=0.0059, dir_acc=47.5%, pos=0%, unique=178, sharpe=-651.74
    h4: std=0.0052, dir_acc=47.5%, pos=0%, unique=177, sharpe=-574.33
    h5: std=0.0044, dir_acc=47.5%, pos=0%, unique=176, sharpe=-474.28
    ... (15 more horizons)
  Aggregate: std_avg=0.0024, dir_acc_avg=50.2%, composite_avg=0.3769
  H1 detail: range=0.0238, mean=-0.2708, dist_match=0.4696
  Collapse penalty: 0.000000 (threshold: 0.005000)
  Saved validation predictions to: experiments/06b_rolling/daily_3q_h20_drop025/fold_2017/collapse_monitoring/val_predictions_epoch1.npz
  Gradient norms:
    lstm_encoder: 0.001285
    lstm_decoder: 0.008798
    output_layer: 0.152363
  VSN output std:
    encoder: 0.174089
  Attention entropy: 2.993210
  Saved to: experiments/06b_rolling/daily_3q_h20_drop025/fold_2017/collapse_monitoring/collapse_monitor_latest.json
[DEBUG CollapseMonitor] on_validation_epoch_start called for epoch 2
[DEBUG CollapseMonitor] reset_temporal_state() called on loss function
Epoch 2: val_loss=0.3881465494632721
Epoch 2: train_loss=0.609924852848053

[CollapseMonitor] Epoch 2
  [DEBUG] Processed 3 batches, 20 horizon(s)
  Multi-horizon metrics (20 horizons):
    h1: std=0.0041, dir_acc=47.0%, pos=0%, unique=180, sharpe=-437.09
    h2: std=0.0054, dir_acc=47.0%, pos=0%, unique=179, sharpe=-388.68
    h3: std=0.0049, dir_acc=47.5%, pos=0%, unique=178, sharpe=-355.68
    h4: std=0.0041, dir_acc=47.5%, pos=0%, unique=179, sharpe=-279.90
    h5: std=0.0034, dir_acc=47.5%, pos=0%, unique=178, sharpe=-152.85
    ... (15 more horizons)
  Aggregate: std_avg=0.0019, dir_acc_avg=50.7%, composite_avg=0.3824
  H1 detail: range=0.0178, mean=-0.1138, dist_match=0.4696
  Collapse penalty: 0.000000 (threshold: 0.005000)
  Saved validation predictions to: experiments/06b_rolling/daily_3q_h20_drop025/fold_2017/collapse_monitoring/val_predictions_epoch2.npz
  Gradient norms:
    lstm_encoder: 0.000933
    lstm_decoder: 0.004032
    output_layer: 0.070570
  VSN output std:
    encoder: 0.170815
  Attention entropy: 2.992541
  Saved to: experiments/06b_rolling/daily_3q_h20_drop025/fold_2017/collapse_monitoring/collapse_monitor_latest.json
[DEBUG CollapseMonitor] on_validation_epoch_start called for epoch 3
[DEBUG CollapseMonitor] reset_temporal_state() called on loss function
Epoch 3: val_loss=0.38323235511779785
Epoch 3: train_loss=0.6010606288909912

[CollapseMonitor] Epoch 3
  [DEBUG] Processed 3 batches, 20 horizon(s)
  Multi-horizon metrics (20 horizons):
    h1: std=0.0041, dir_acc=47.0%, pos=0%, unique=181, sharpe=-104.32
    h2: std=0.0051, dir_acc=47.0%, pos=0%, unique=179, sharpe=-189.97
    h3: std=0.0043, dir_acc=47.5%, pos=0%, unique=179, sharpe=-202.43
    h4: std=0.0036, dir_acc=47.5%, pos=0%, unique=170, sharpe=-156.52
    h5: std=0.0029, dir_acc=47.5%, pos=0%, unique=172, sharpe=-60.92
    ... (15 more horizons)
  Aggregate: std_avg=0.0016, dir_acc_avg=50.7%, composite_avg=0.3819
  H1 detail: range=0.0195, mean=-0.0268, dist_match=0.4696
  Collapse penalty: 0.000000 (threshold: 0.005000)
  Saved validation predictions to: experiments/06b_rolling/daily_3q_h20_drop025/fold_2017/collapse_monitoring/val_predictions_epoch3.npz
  Gradient norms:
    lstm_encoder: 0.000695
    lstm_decoder: 0.003070
    output_layer: 0.055447
  VSN output std:
    encoder: 0.164173
  Attention entropy: 2.991565
  Saved to: experiments/06b_rolling/daily_3q_h20_drop025/fold_2017/collapse_monitoring/collapse_monitor_latest.json
[DEBUG CollapseMonitor] on_validation_epoch_start called for epoch 4
[DEBUG CollapseMonitor] reset_temporal_state() called on loss function
Epoch 4: val_loss=0.3812904953956604
Epoch 4: train_loss=0.5997316241264343

[CollapseMonitor] Epoch 4
  [DEBUG] Processed 3 batches, 20 horizon(s)
  Multi-horizon metrics (20 horizons):
    h1: std=0.0042, dir_acc=53.0%, pos=100%, unique=179, sharpe=180.24
    h2: std=0.0050, dir_acc=53.0%, pos=89%, unique=180, sharpe=24.18
    h3: std=0.0041, dir_acc=51.9%, pos=87%, unique=178, sharpe=13.00
    h4: std=0.0034, dir_acc=52.5%, pos=100%, unique=181, sharpe=60.56
    h5: std=0.0028, dir_acc=52.5%, pos=100%, unique=179, sharpe=153.50
    ... (15 more horizons)
  Aggregate: std_avg=0.0016, dir_acc_avg=52.0%, composite_avg=0.3983
  H1 detail: range=0.0213, mean=0.0476, dist_match=0.5304
  Collapse penalty: 0.000000 (threshold: 0.005000)
  Saved validation predictions to: experiments/06b_rolling/daily_3q_h20_drop025/fold_2017/collapse_monitoring/val_predictions_epoch4.npz
  Gradient norms:
    lstm_encoder: 0.000539
    lstm_decoder: 0.002611
    output_layer: 0.051496
  VSN output std:
    encoder: 0.156312
  Attention entropy: 2.990375
  Saved to: experiments/06b_rolling/daily_3q_h20_drop025/fold_2017/collapse_monitoring/collapse_monitor_latest.json
[DEBUG CollapseMonitor] on_validation_epoch_start called for epoch 5
[DEBUG CollapseMonitor] reset_temporal_state() called on loss function
Epoch 5: val_loss=0.37945759296417236
Epoch 5: train_loss=0.5963232517242432

[CollapseMonitor] Epoch 5
  [DEBUG] Processed 3 batches, 20 horizon(s)
  Multi-horizon metrics (20 horizons):
    h1: std=0.0041, dir_acc=53.0%, pos=100%, unique=181, sharpe=270.16
    h2: std=0.0048, dir_acc=53.0%, pos=100%, unique=180, sharpe=89.80
    h3: std=0.0040, dir_acc=52.5%, pos=100%, unique=180, sharpe=72.06
    h4: std=0.0033, dir_acc=52.5%, pos=100%, unique=178, sharpe=107.06
    h5: std=0.0027, dir_acc=52.5%, pos=100%, unique=180, sharpe=178.22
    ... (15 more horizons)
  Aggregate: std_avg=0.0017, dir_acc_avg=52.0%, composite_avg=0.3954
  H1 detail: range=0.0196, mean=0.0696, dist_match=0.5304
  Collapse penalty: 0.000000 (threshold: 0.005000)
  Saved validation predictions to: experiments/06b_rolling/daily_3q_h20_drop025/fold_2017/collapse_monitoring/val_predictions_epoch5.npz
  Gradient norms:
    lstm_encoder: 0.000483
    lstm_decoder: 0.002211
    output_layer: 0.041824
  VSN output std:
    encoder: 0.151260
  Attention entropy: 2.989538
  Saved to: experiments/06b_rolling/daily_3q_h20_drop025/fold_2017/collapse_monitoring/collapse_monitor_latest.json
[DEBUG CollapseMonitor] on_validation_epoch_start called for epoch 6
[DEBUG CollapseMonitor] reset_temporal_state() called on loss function
Epoch 6: val_loss=0.37900012731552124
Epoch 6: train_loss=0.5947141647338867

[CollapseMonitor] Epoch 6
  [DEBUG] Processed 3 batches, 20 horizon(s)
  Multi-horizon metrics (20 horizons):
    h1: std=0.0041, dir_acc=53.0%, pos=100%, unique=179, sharpe=386.69
    h2: std=0.0043, dir_acc=53.0%, pos=100%, unique=178, sharpe=211.43
    h3: std=0.0037, dir_acc=52.5%, pos=100%, unique=181, sharpe=201.65
    h4: std=0.0032, dir_acc=52.5%, pos=100%, unique=177, sharpe=243.48
    h5: std=0.0027, dir_acc=52.5%, pos=100%, unique=181, sharpe=317.34
    ... (15 more horizons)
  Aggregate: std_avg=0.0018, dir_acc_avg=52.0%, composite_avg=0.3954
  H1 detail: range=0.0179, mean=0.0997, dist_match=0.5304
  Collapse penalty: 0.000000 (threshold: 0.005000)
  Saved validation predictions to: experiments/06b_rolling/daily_3q_h20_drop025/fold_2017/collapse_monitoring/val_predictions_epoch6.npz
  Gradient norms:
    lstm_encoder: 0.000425
    lstm_decoder: 0.002224
    output_layer: 0.044636
  VSN output std:
    encoder: 0.144404
  Attention entropy: 2.988718
  Saved to: experiments/06b_rolling/daily_3q_h20_drop025/fold_2017/collapse_monitoring/collapse_monitor_latest.json
[DEBUG CollapseMonitor] on_validation_epoch_start called for epoch 7
[DEBUG CollapseMonitor] reset_temporal_state() called on loss function
Epoch 7: val_loss=0.3766368329524994
Epoch 7: train_loss=0.5935438275337219

[CollapseMonitor] Epoch 7
  [DEBUG] Processed 3 batches, 20 horizon(s)
  Multi-horizon metrics (20 horizons):
    h1: std=0.0044, dir_acc=53.0%, pos=100%, unique=179, sharpe=332.53
    h2: std=0.0039, dir_acc=53.0%, pos=100%, unique=180, sharpe=202.16
    h3: std=0.0036, dir_acc=52.5%, pos=100%, unique=180, sharpe=175.98
    h4: std=0.0033, dir_acc=52.5%, pos=100%, unique=180, sharpe=197.03
    h5: std=0.0030, dir_acc=52.5%, pos=100%, unique=180, sharpe=241.33
    ... (15 more horizons)
  Aggregate: std_avg=0.0021, dir_acc_avg=52.0%, composite_avg=0.3954
  H1 detail: range=0.0193, mean=0.0915, dist_match=0.5304
  Collapse penalty: 0.000000 (threshold: 0.005000)
  Saved validation predictions to: experiments/06b_rolling/daily_3q_h20_drop025/fold_2017/collapse_monitoring/val_predictions_epoch7.npz
  Gradient norms:
    lstm_encoder: 0.000404
    lstm_decoder: 0.001967
    output_layer: 0.041645
  VSN output std:
    encoder: 0.139703
  Attention entropy: 2.987686
  Saved to: experiments/06b_rolling/daily_3q_h20_drop025/fold_2017/collapse_monitoring/collapse_monitor_latest.json
[DEBUG CollapseMonitor] on_validation_epoch_start called for epoch 8
[DEBUG CollapseMonitor] reset_temporal_state() called on loss function
Epoch 8: val_loss=0.37391969561576843
Epoch 8: train_loss=0.5940917730331421

[CollapseMonitor] Epoch 8
  [DEBUG] Processed 3 batches, 20 horizon(s)
  Multi-horizon metrics (20 horizons):
    h1: std=0.0049, dir_acc=53.0%, pos=100%, unique=181, sharpe=254.57
    h2: std=0.0037, dir_acc=53.0%, pos=100%, unique=180, sharpe=153.54
    h3: std=0.0035, dir_acc=52.5%, pos=100%, unique=181, sharpe=115.33
    h4: std=0.0034, dir_acc=52.5%, pos=100%, unique=180, sharpe=120.56
    h5: std=0.0033, dir_acc=52.5%, pos=100%, unique=181, sharpe=143.61
    ... (15 more horizons)
  Aggregate: std_avg=0.0026, dir_acc_avg=52.0%, composite_avg=0.3954
  H1 detail: range=0.0220, mean=0.0782, dist_match=0.5304
  Collapse penalty: 0.000000 (threshold: 0.005000)
  Saved validation predictions to: experiments/06b_rolling/daily_3q_h20_drop025/fold_2017/collapse_monitoring/val_predictions_epoch8.npz
  Gradient norms:
    lstm_encoder: 0.000455
    lstm_decoder: 0.001973
    output_layer: 0.044219
  VSN output std:
    encoder: 0.138730
  Attention entropy: 2.987456
  Saved to: experiments/06b_rolling/daily_3q_h20_drop025/fold_2017/collapse_monitoring/collapse_monitor_latest.json
[DEBUG CollapseMonitor] on_validation_epoch_start called for epoch 9
[DEBUG CollapseMonitor] reset_temporal_state() called on loss function
Epoch 9: val_loss=0.37191343307495117
Epoch 9: train_loss=0.5904346704483032

[CollapseMonitor] Epoch 9
  [DEBUG] Processed 3 batches, 20 horizon(s)
  Multi-horizon metrics (20 horizons):
    h1: std=0.0056, dir_acc=53.0%, pos=100%, unique=180, sharpe=234.96
    h2: std=0.0040, dir_acc=53.0%, pos=100%, unique=180, sharpe=170.29
    h3: std=0.0036, dir_acc=52.5%, pos=100%, unique=181, sharpe=146.49
    h4: std=0.0035, dir_acc=52.5%, pos=100%, unique=180, sharpe=156.20
    h5: std=0.0034, dir_acc=52.5%, pos=100%, unique=179, sharpe=179.41
    ... (15 more horizons)
  Aggregate: std_avg=0.0032, dir_acc_avg=52.0%, composite_avg=0.3954
  H1 detail: range=0.0258, mean=0.0835, dist_match=0.5304
  Collapse penalty: 0.000000 (threshold: 0.005000)
  Saved validation predictions to: experiments/06b_rolling/daily_3q_h20_drop025/fold_2017/collapse_monitoring/val_predictions_epoch9.npz
  Gradient norms:
    lstm_encoder: 0.000433
    lstm_decoder: 0.001985
    output_layer: 0.042451
  VSN output std:
    encoder: 0.141243
  Attention entropy: 2.986274
  Saved to: experiments/06b_rolling/daily_3q_h20_drop025/fold_2017/collapse_monitoring/collapse_monitor_latest.json
[DEBUG CollapseMonitor] on_validation_epoch_start called for epoch 10
[DEBUG CollapseMonitor] reset_temporal_state() called on loss function
Epoch 10: val_loss=0.36704322695732117
Epoch 10: train_loss=0.5870243906974792

[CollapseMonitor] Epoch 10
  [DEBUG] Processed 3 batches, 20 horizon(s)
  Multi-horizon metrics (20 horizons):
    h1: std=0.0070, dir_acc=53.0%, pos=100%, unique=180, sharpe=168.79
    h2: std=0.0056, dir_acc=53.0%, pos=100%, unique=180, sharpe=86.17
    h3: std=0.0052, dir_acc=52.5%, pos=100%, unique=177, sharpe=57.21
    h4: std=0.0051, dir_acc=52.5%, pos=100%, unique=180, sharpe=58.16
    h5: std=0.0049, dir_acc=52.5%, pos=100%, unique=181, sharpe=69.45
    ... (15 more horizons)
  Aggregate: std_avg=0.0050, dir_acc_avg=52.0%, composite_avg=0.3954
  H1 detail: range=0.0354, mean=0.0746, dist_match=0.5304
  Collapse penalty: 0.000000 (threshold: 0.005000)
  Saved validation predictions to: experiments/06b_rolling/daily_3q_h20_drop025/fold_2017/collapse_monitoring/val_predictions_epoch10.npz
  Gradient norms:
    lstm_encoder: 0.000453
    lstm_decoder: 0.001905
    output_layer: 0.044281
  VSN output std:
    encoder: 0.144578
  Attention entropy: 2.979247
  Saved to: experiments/06b_rolling/daily_3q_h20_drop025/fold_2017/collapse_monitoring/collapse_monitor_latest.json
[DEBUG CollapseMonitor] on_validation_epoch_start called for epoch 11
[DEBUG CollapseMonitor] reset_temporal_state() called on loss function
Epoch 11: val_loss=0.3631184697151184
Epoch 11: train_loss=0.5867189168930054

[CollapseMonitor] Epoch 11
  [DEBUG] Processed 3 batches, 20 horizon(s)
  Multi-horizon metrics (20 horizons):
    h1: std=0.0052, dir_acc=53.0%, pos=100%, unique=181, sharpe=203.10
    h2: std=0.0033, dir_acc=53.0%, pos=100%, unique=178, sharpe=91.94
    h3: std=0.0034, dir_acc=52.5%, pos=100%, unique=179, sharpe=26.10
    h4: std=0.0035, dir_acc=51.9%, pos=99%, unique=175, sharpe=17.56
    h5: std=0.0036, dir_acc=52.5%, pos=100%, unique=178, sharpe=26.85
    ... (15 more horizons)
  Aggregate: std_avg=0.0038, dir_acc_avg=52.0%, composite_avg=0.3953
  H1 detail: range=0.0264, mean=0.0660, dist_match=0.5304
  Collapse penalty: 0.000000 (threshold: 0.005000)
  Saved validation predictions to: experiments/06b_rolling/daily_3q_h20_drop025/fold_2017/collapse_monitoring/val_predictions_epoch11.npz
  Gradient norms:
    lstm_encoder: 0.000460
    lstm_decoder: 0.001895
    output_layer: 0.042655
  VSN output std:
    encoder: 0.145607
  Attention entropy: 2.975849
  Saved to: experiments/06b_rolling/daily_3q_h20_drop025/fold_2017/collapse_monitoring/collapse_monitor_latest.json
[DEBUG CollapseMonitor] on_validation_epoch_start called for epoch 12
[DEBUG CollapseMonitor] reset_temporal_state() called on loss function
Epoch 12: val_loss=0.3602261543273926
Epoch 12: train_loss=0.5819421410560608

[CollapseMonitor] Epoch 12
  [DEBUG] Processed 3 batches, 20 horizon(s)
  Multi-horizon metrics (20 horizons):
    h1: std=0.0089, dir_acc=53.0%, pos=100%, unique=179, sharpe=151.16
    h2: std=0.0045, dir_acc=53.0%, pos=100%, unique=179, sharpe=122.97
    h3: std=0.0030, dir_acc=52.5%, pos=100%, unique=176, sharpe=104.07
    h4: std=0.0023, dir_acc=52.5%, pos=100%, unique=171, sharpe=109.78
    h5: std=0.0019, dir_acc=52.5%, pos=100%, unique=165, sharpe=137.11
    ... (15 more horizons)
  Aggregate: std_avg=0.0018, dir_acc_avg=52.0%, composite_avg=0.3954
  H1 detail: range=0.0411, mean=0.0849, dist_match=0.5304
  Collapse penalty: 0.000000 (threshold: 0.005000)
  Saved validation predictions to: experiments/06b_rolling/daily_3q_h20_drop025/fold_2017/collapse_monitoring/val_predictions_epoch12.npz
  Gradient norms:
    lstm_encoder: 0.000472
    lstm_decoder: 0.002061
    output_layer: 0.046462
  VSN output std:
    encoder: 0.145228
  Attention entropy: 2.980585
  Saved to: experiments/06b_rolling/daily_3q_h20_drop025/fold_2017/collapse_monitoring/collapse_monitor_latest.json
[DEBUG CollapseMonitor] on_validation_epoch_start called for epoch 13
[DEBUG CollapseMonitor] reset_temporal_state() called on loss function
Epoch 13: val_loss=0.3593836724758148
Epoch 13: train_loss=0.5771899819374084

[CollapseMonitor] Epoch 13
  [DEBUG] Processed 3 batches, 20 horizon(s)
  Multi-horizon metrics (20 horizons):
    h1: std=0.0100, dir_acc=53.0%, pos=100%, unique=180, sharpe=192.30
    h2: std=0.0058, dir_acc=53.0%, pos=100%, unique=178, sharpe=191.38
    h3: std=0.0043, dir_acc=52.5%, pos=100%, unique=180, sharpe=195.99
    h4: std=0.0036, dir_acc=52.5%, pos=100%, unique=177, sharpe=209.73
    h5: std=0.0032, dir_acc=52.5%, pos=100%, unique=181, sharpe=231.19
    ... (15 more horizons)
  Aggregate: std_avg=0.0028, dir_acc_avg=52.0%, composite_avg=0.3954
  H1 detail: range=0.0462, mean=0.1215, dist_match=0.5304
  Collapse penalty: 0.000000 (threshold: 0.005000)
  Saved validation predictions to: experiments/06b_rolling/daily_3q_h20_drop025/fold_2017/collapse_monitoring/val_predictions_epoch13.npz
  Gradient norms:
    lstm_encoder: 0.000503
    lstm_decoder: 0.002056
    output_layer: 0.045032
  VSN output std:
    encoder: 0.142025
  Attention entropy: 2.988686
  Saved to: experiments/06b_rolling/daily_3q_h20_drop025/fold_2017/collapse_monitoring/collapse_monitor_latest.json
[DEBUG CollapseMonitor] on_validation_epoch_start called for epoch 14
[DEBUG CollapseMonitor] reset_temporal_state() called on loss function
Epoch 14: val_loss=0.35908424854278564
Epoch 14: train_loss=0.5730739831924438

[CollapseMonitor] Epoch 14
  [DEBUG] Processed 3 batches, 20 horizon(s)
  Multi-horizon metrics (20 horizons):
    h1: std=0.0089, dir_acc=53.0%, pos=100%, unique=178, sharpe=219.82
    h2: std=0.0050, dir_acc=53.0%, pos=100%, unique=178, sharpe=231.44
    h3: std=0.0037, dir_acc=52.5%, pos=100%, unique=180, sharpe=242.65
    h4: std=0.0031, dir_acc=52.5%, pos=100%, unique=179, sharpe=258.71
    h5: std=0.0027, dir_acc=52.5%, pos=100%, unique=175, sharpe=281.17
    ... (15 more horizons)
  Aggregate: std_avg=0.0024, dir_acc_avg=52.0%, composite_avg=0.3954
  H1 detail: range=0.0428, mean=0.1236, dist_match=0.5304
  Collapse penalty: 0.000000 (threshold: 0.005000)
  Saved validation predictions to: experiments/06b_rolling/daily_3q_h20_drop025/fold_2017/collapse_monitoring/val_predictions_epoch14.npz
  Gradient norms:
    lstm_encoder: 0.000527
    lstm_decoder: 0.001808
    output_layer: 0.039629
  VSN output std:
    encoder: 0.138841
  Attention entropy: 2.990833
  Saved to: experiments/06b_rolling/daily_3q_h20_drop025/fold_2017/collapse_monitoring/collapse_monitor_latest.json
[DEBUG CollapseMonitor] on_validation_epoch_start called for epoch 15
[DEBUG CollapseMonitor] reset_temporal_state() called on loss function
Epoch 15: val_loss=0.3593588173389435
Epoch 15: train_loss=0.5729904174804688

[CollapseMonitor] Epoch 15
  [DEBUG] Processed 3 batches, 20 horizon(s)
  Multi-horizon metrics (20 horizons):
    h1: std=0.0077, dir_acc=53.0%, pos=100%, unique=181, sharpe=279.03
    h2: std=0.0042, dir_acc=53.0%, pos=100%, unique=180, sharpe=330.45
    h3: std=0.0031, dir_acc=52.5%, pos=100%, unique=179, sharpe=367.06
    h4: std=0.0026, dir_acc=52.5%, pos=100%, unique=176, sharpe=393.18
    h5: std=0.0024, dir_acc=52.5%, pos=100%, unique=179, sharpe=421.33
    ... (15 more horizons)
  Aggregate: std_avg=0.0022, dir_acc_avg=52.0%, composite_avg=0.3954
  H1 detail: range=0.0383, mean=0.1357, dist_match=0.5304
  Collapse penalty: 0.000000 (threshold: 0.005000)
  Saved validation predictions to: experiments/06b_rolling/daily_3q_h20_drop025/fold_2017/collapse_monitoring/val_predictions_epoch15.npz
  Gradient norms:
    lstm_encoder: 0.000562
    lstm_decoder: 0.001798
    output_layer: 0.036731
  VSN output std:
    encoder: 0.137547
  Attention entropy: 2.992059
  Saved to: experiments/06b_rolling/daily_3q_h20_drop025/fold_2017/collapse_monitoring/collapse_monitor_latest.json
[DEBUG CollapseMonitor] on_validation_epoch_start called for epoch 16
[DEBUG CollapseMonitor] reset_temporal_state() called on loss function
Epoch 16: val_loss=0.35962724685668945
Epoch 16: train_loss=0.5721781849861145

[CollapseMonitor] Epoch 16
  [DEBUG] Processed 3 batches, 20 horizon(s)
  Multi-horizon metrics (20 horizons):
    h1: std=0.0086, dir_acc=53.0%, pos=100%, unique=178, sharpe=257.53
    h2: std=0.0049, dir_acc=53.0%, pos=100%, unique=174, sharpe=312.52
    h3: std=0.0037, dir_acc=52.5%, pos=100%, unique=176, sharpe=348.43
    h4: std=0.0033, dir_acc=52.5%, pos=100%, unique=176, sharpe=370.69
    h5: std=0.0031, dir_acc=52.5%, pos=100%, unique=177, sharpe=391.59
    ... (15 more horizons)
  Aggregate: std_avg=0.0028, dir_acc_avg=52.0%, composite_avg=0.3954
  H1 detail: range=0.0437, mean=0.1393, dist_match=0.5304
  Collapse penalty: 0.000000 (threshold: 0.005000)
  Saved validation predictions to: experiments/06b_rolling/daily_3q_h20_drop025/fold_2017/collapse_monitoring/val_predictions_epoch16.npz
  Gradient norms:
    lstm_encoder: 0.000633
    lstm_decoder: 0.001662
    output_layer: 0.035673
  VSN output std:
    encoder: 0.138296
  Attention entropy: 2.992231
  Saved to: experiments/06b_rolling/daily_3q_h20_drop025/fold_2017/collapse_monitoring/collapse_monitor_latest.json
[DEBUG CollapseMonitor] on_validation_epoch_start called for epoch 17
[DEBUG CollapseMonitor] reset_temporal_state() called on loss function
Epoch 17: val_loss=0.3591114580631256
Epoch 17: train_loss=0.571755588054657

[CollapseMonitor] Epoch 17
  [DEBUG] Processed 3 batches, 20 horizon(s)
  Multi-horizon metrics (20 horizons):
    h1: std=0.0080, dir_acc=53.0%, pos=100%, unique=181, sharpe=239.78
    h2: std=0.0043, dir_acc=53.0%, pos=100%, unique=176, sharpe=296.13
    h3: std=0.0033, dir_acc=52.5%, pos=100%, unique=179, sharpe=333.19
    h4: std=0.0029, dir_acc=52.5%, pos=100%, unique=179, sharpe=354.17
    h5: std=0.0027, dir_acc=52.5%, pos=100%, unique=174, sharpe=372.80
    ... (15 more horizons)
  Aggregate: std_avg=0.0025, dir_acc_avg=52.0%, composite_avg=0.3954
  H1 detail: range=0.0414, mean=0.1209, dist_match=0.5304
  Collapse penalty: 0.000000 (threshold: 0.005000)
  Saved validation predictions to: experiments/06b_rolling/daily_3q_h20_drop025/fold_2017/collapse_monitoring/val_predictions_epoch17.npz
  Gradient norms:
    lstm_encoder: 0.000638
    lstm_decoder: 0.001737
    output_layer: 0.040490
  VSN output std:
    encoder: 0.137916
  Attention entropy: 2.992676
  Saved to: experiments/06b_rolling/daily_3q_h20_drop025/fold_2017/collapse_monitoring/collapse_monitor_latest.json
[DEBUG CollapseMonitor] on_validation_epoch_start called for epoch 18
[DEBUG CollapseMonitor] reset_temporal_state() called on loss function
Epoch 18: val_loss=0.3591506779193878
Epoch 18: train_loss=0.5691204071044922

[CollapseMonitor] Epoch 18
  [DEBUG] Processed 3 batches, 20 horizon(s)
  Multi-horizon metrics (20 horizons):
    h1: std=0.0074, dir_acc=53.0%, pos=100%, unique=181, sharpe=263.83
    h2: std=0.0038, dir_acc=53.0%, pos=100%, unique=175, sharpe=350.50
    h3: std=0.0028, dir_acc=52.5%, pos=100%, unique=177, sharpe=411.34
    h4: std=0.0025, dir_acc=52.5%, pos=100%, unique=175, sharpe=441.80
    h5: std=0.0023, dir_acc=52.5%, pos=100%, unique=174, sharpe=464.60
    ... (15 more horizons)
  Aggregate: std_avg=0.0022, dir_acc_avg=52.0%, composite_avg=0.3954
  H1 detail: range=0.0389, mean=0.1225, dist_match=0.5304
  Collapse penalty: 0.000000 (threshold: 0.005000)
  Saved validation predictions to: experiments/06b_rolling/daily_3q_h20_drop025/fold_2017/collapse_monitoring/val_predictions_epoch18.npz
  Gradient norms:
    lstm_encoder: 0.000686
    lstm_decoder: 0.001719
    output_layer: 0.035163
  VSN output std:
    encoder: 0.136189
  Attention entropy: 2.993109
  Saved to: experiments/06b_rolling/daily_3q_h20_drop025/fold_2017/collapse_monitoring/collapse_monitor_latest.json
[DEBUG CollapseMonitor] on_validation_epoch_start called for epoch 19
[DEBUG CollapseMonitor] reset_temporal_state() called on loss function
Epoch 19: val_loss=0.35894134640693665
Epoch 19: train_loss=0.5674663186073303

[CollapseMonitor] Epoch 19
  [DEBUG] Processed 3 batches, 20 horizon(s)
  Multi-horizon metrics (20 horizons):
    h1: std=0.0076, dir_acc=53.0%, pos=100%, unique=180, sharpe=242.16
    h2: std=0.0042, dir_acc=53.0%, pos=100%, unique=180, sharpe=305.45
    h3: std=0.0032, dir_acc=52.5%, pos=100%, unique=180, sharpe=342.51
    h4: std=0.0029, dir_acc=52.5%, pos=100%, unique=174, sharpe=359.84
    h5: std=0.0028, dir_acc=52.5%, pos=100%, unique=173, sharpe=373.08
    ... (15 more horizons)
  Aggregate: std_avg=0.0025, dir_acc_avg=52.0%, composite_avg=0.3954
  H1 detail: range=0.0409, mean=0.1161, dist_match=0.5304
  Collapse penalty: 0.000000 (threshold: 0.005000)
  Saved validation predictions to: experiments/06b_rolling/daily_3q_h20_drop025/fold_2017/collapse_monitoring/val_predictions_epoch19.npz
  Gradient norms:
    lstm_encoder: 0.000720
    lstm_decoder: 0.002038
    output_layer: 0.044098
  VSN output std:
    encoder: 0.134700
  Attention entropy: 2.993227
  Saved to: experiments/06b_rolling/daily_3q_h20_drop025/fold_2017/collapse_monitoring/collapse_monitor_latest.json
[DEBUG CollapseMonitor] on_validation_epoch_start called for epoch 20
[DEBUG CollapseMonitor] reset_temporal_state() called on loss function
Epoch 20: val_loss=0.35909005999565125
Epoch 20: train_loss=0.5690310597419739

[CollapseMonitor] Epoch 20
  [DEBUG] Processed 3 batches, 20 horizon(s)
  Multi-horizon metrics (20 horizons):
    h1: std=0.0071, dir_acc=53.0%, pos=100%, unique=181, sharpe=256.29
    h2: std=0.0038, dir_acc=53.0%, pos=100%, unique=179, sharpe=344.73
    h3: std=0.0029, dir_acc=52.5%, pos=100%, unique=175, sharpe=399.54
    h4: std=0.0026, dir_acc=52.5%, pos=100%, unique=173, sharpe=424.17
    h5: std=0.0025, dir_acc=52.5%, pos=100%, unique=172, sharpe=441.24
    ... (15 more horizons)
  Aggregate: std_avg=0.0022, dir_acc_avg=52.0%, composite_avg=0.3954
  H1 detail: range=0.0387, mean=0.1151, dist_match=0.5304
  Collapse penalty: 0.000000 (threshold: 0.005000)
  Saved validation predictions to: experiments/06b_rolling/daily_3q_h20_drop025/fold_2017/collapse_monitoring/val_predictions_epoch20.npz
  Gradient norms:
    lstm_encoder: 0.000756
    lstm_decoder: 0.002031
    output_layer: 0.043783
  VSN output std:
    encoder: 0.134409
  Attention entropy: 2.993320
  Saved to: experiments/06b_rolling/daily_3q_h20_drop025/fold_2017/collapse_monitoring/collapse_monitor_latest.json
[DEBUG CollapseMonitor] on_validation_epoch_start called for epoch 21
[DEBUG CollapseMonitor] reset_temporal_state() called on loss function
Epoch 21: val_loss=0.35924726724624634
Epoch 21: train_loss=0.5684535503387451

[CollapseMonitor] Epoch 21
  [DEBUG] Processed 3 batches, 20 horizon(s)
  Multi-horizon metrics (20 horizons):
    h1: std=0.0069, dir_acc=53.0%, pos=100%, unique=178, sharpe=270.18
    h2: std=0.0036, dir_acc=53.0%, pos=100%, unique=173, sharpe=383.48
    h3: std=0.0028, dir_acc=52.5%, pos=100%, unique=178, sharpe=453.51
    h4: std=0.0025, dir_acc=52.5%, pos=100%, unique=177, sharpe=485.14
    h5: std=0.0024, dir_acc=52.5%, pos=100%, unique=177, sharpe=506.69
    ... (15 more horizons)
  Aggregate: std_avg=0.0021, dir_acc_avg=52.0%, composite_avg=0.3954
  H1 detail: range=0.0374, mean=0.1172, dist_match=0.5304
  Collapse penalty: 0.000000 (threshold: 0.005000)
  Saved validation predictions to: experiments/06b_rolling/daily_3q_h20_drop025/fold_2017/collapse_monitoring/val_predictions_epoch21.npz
  Gradient norms:
    lstm_encoder: 0.000734
    lstm_decoder: 0.001876
    output_layer: 0.041074
  VSN output std:
    encoder: 0.135119
  Attention entropy: 2.993249
  Saved to: experiments/06b_rolling/daily_3q_h20_drop025/fold_2017/collapse_monitoring/collapse_monitor_latest.json
[DEBUG CollapseMonitor] on_validation_epoch_start called for epoch 22
[DEBUG CollapseMonitor] reset_temporal_state() called on loss function
Epoch 22: val_loss=0.3587892949581146
Epoch 22: train_loss=0.5657011270523071

[CollapseMonitor] Epoch 22
  [DEBUG] Processed 3 batches, 20 horizon(s)
  Multi-horizon metrics (20 horizons):
    h1: std=0.0072, dir_acc=53.0%, pos=100%, unique=179, sharpe=230.38
    h2: std=0.0039, dir_acc=53.0%, pos=100%, unique=180, sharpe=317.59
    h3: std=0.0030, dir_acc=52.5%, pos=100%, unique=178, sharpe=368.92
    h4: std=0.0028, dir_acc=52.5%, pos=100%, unique=177, sharpe=393.40
    h5: std=0.0026, dir_acc=52.5%, pos=100%, unique=175, sharpe=411.16
    ... (15 more horizons)
  Aggregate: std_avg=0.0023, dir_acc_avg=52.0%, composite_avg=0.3954
  H1 detail: range=0.0384, mean=0.1041, dist_match=0.5304
  Collapse penalty: 0.000000 (threshold: 0.005000)
  Saved validation predictions to: experiments/06b_rolling/daily_3q_h20_drop025/fold_2017/collapse_monitoring/val_predictions_epoch22.npz
  Gradient norms:
    lstm_encoder: 0.000842
    lstm_decoder: 0.001818
    output_layer: 0.040351
  VSN output std:
    encoder: 0.138219
  Attention entropy: 2.993250
  Saved to: experiments/06b_rolling/daily_3q_h20_drop025/fold_2017/collapse_monitoring/collapse_monitor_latest.json
[DEBUG CollapseMonitor] on_validation_epoch_start called for epoch 23
[DEBUG CollapseMonitor] reset_temporal_state() called on loss function
Epoch 23: val_loss=0.3589365780353546
Epoch 23: train_loss=0.5617571473121643

[CollapseMonitor] Epoch 23
  [DEBUG] Processed 3 batches, 20 horizon(s)
  Multi-horizon metrics (20 horizons):
    h1: std=0.0072, dir_acc=53.0%, pos=100%, unique=180, sharpe=232.81
    h2: std=0.0039, dir_acc=53.0%, pos=100%, unique=178, sharpe=334.05
    h3: std=0.0030, dir_acc=52.5%, pos=100%, unique=180, sharpe=395.43
    h4: std=0.0028, dir_acc=52.5%, pos=100%, unique=175, sharpe=426.56
    h5: std=0.0026, dir_acc=52.5%, pos=100%, unique=181, sharpe=449.63
    ... (15 more horizons)
  Aggregate: std_avg=0.0022, dir_acc_avg=52.0%, composite_avg=0.3954
  H1 detail: range=0.0383, mean=0.1057, dist_match=0.5304
  Collapse penalty: 0.000000 (threshold: 0.005000)
  Saved validation predictions to: experiments/06b_rolling/daily_3q_h20_drop025/fold_2017/collapse_monitoring/val_predictions_epoch23.npz
  Gradient norms:
    lstm_encoder: 0.000851
    lstm_decoder: 0.001752
    output_layer: 0.040101
  VSN output std:
    encoder: 0.141318
  Attention entropy: 2.993017
  Saved to: experiments/06b_rolling/daily_3q_h20_drop025/fold_2017/collapse_monitoring/collapse_monitor_latest.json
[DEBUG CollapseMonitor] on_validation_epoch_start called for epoch 24
[DEBUG CollapseMonitor] reset_temporal_state() called on loss function
Epoch 24: val_loss=0.35883089900016785
Epoch 24: train_loss=0.5648645162582397

[CollapseMonitor] Epoch 24
  [DEBUG] Processed 3 batches, 20 horizon(s)
  Multi-horizon metrics (20 horizons):
    h1: std=0.0064, dir_acc=53.0%, pos=100%, unique=180, sharpe=249.77
    h2: std=0.0034, dir_acc=53.0%, pos=100%, unique=178, sharpe=370.84
    h3: std=0.0026, dir_acc=52.5%, pos=100%, unique=177, sharpe=446.25
    h4: std=0.0024, dir_acc=52.5%, pos=100%, unique=178, sharpe=481.85
    h5: std=0.0022, dir_acc=52.5%, pos=100%, unique=176, sharpe=506.14
    ... (15 more horizons)
  Aggregate: std_avg=0.0019, dir_acc_avg=52.0%, composite_avg=0.3954
  H1 detail: range=0.0346, mean=0.1011, dist_match=0.5304
  Collapse penalty: 0.000000 (threshold: 0.005000)
  Saved validation predictions to: experiments/06b_rolling/daily_3q_h20_drop025/fold_2017/collapse_monitoring/val_predictions_epoch24.npz
  Gradient norms:
    lstm_encoder: 0.000867
    lstm_decoder: 0.001773
    output_layer: 0.040106
  VSN output std:
    encoder: 0.137784
  Attention entropy: 2.993093
  Saved to: experiments/06b_rolling/daily_3q_h20_drop025/fold_2017/collapse_monitoring/collapse_monitor_latest.json
[DEBUG CollapseMonitor] on_validation_epoch_start called for epoch 25
[DEBUG CollapseMonitor] reset_temporal_state() called on loss function
Epoch 25: val_loss=0.35826677083969116
Epoch 25: train_loss=0.5644136071205139

[CollapseMonitor] Epoch 25
  [DEBUG] Processed 3 batches, 20 horizon(s)
  Multi-horizon metrics (20 horizons):
    h1: std=0.0062, dir_acc=53.0%, pos=100%, unique=181, sharpe=210.39
    h2: std=0.0032, dir_acc=53.0%, pos=100%, unique=180, sharpe=311.37
    h3: std=0.0025, dir_acc=52.5%, pos=100%, unique=174, sharpe=379.58
    h4: std=0.0022, dir_acc=52.5%, pos=100%, unique=178, sharpe=417.79
    h5: std=0.0021, dir_acc=52.5%, pos=100%, unique=173, sharpe=447.02
    ... (15 more horizons)
  Aggregate: std_avg=0.0017, dir_acc_avg=52.0%, composite_avg=0.3954
  H1 detail: range=0.0332, mean=0.0826, dist_match=0.5304
  Collapse penalty: 0.000000 (threshold: 0.005000)
  Saved validation predictions to: experiments/06b_rolling/daily_3q_h20_drop025/fold_2017/collapse_monitoring/val_predictions_epoch25.npz
  Gradient norms:
    lstm_encoder: 0.001001
    lstm_decoder: 0.001843
    output_layer: 0.041731
  VSN output std:
    encoder: 0.141763
  Attention entropy: 2.992843
  Saved to: experiments/06b_rolling/daily_3q_h20_drop025/fold_2017/collapse_monitoring/collapse_monitor_latest.json
[DEBUG CollapseMonitor] on_validation_epoch_start called for epoch 26
[DEBUG CollapseMonitor] reset_temporal_state() called on loss function
Epoch 26: val_loss=0.3585766553878784
Epoch 26: train_loss=0.5647679567337036

[CollapseMonitor] Epoch 26
  [DEBUG] Processed 3 batches, 20 horizon(s)
  Multi-horizon metrics (20 horizons):
    h1: std=0.0059, dir_acc=53.0%, pos=100%, unique=181, sharpe=238.32
    h2: std=0.0031, dir_acc=53.0%, pos=100%, unique=180, sharpe=371.73
    h3: std=0.0024, dir_acc=52.5%, pos=100%, unique=176, sharpe=459.61
    h4: std=0.0021, dir_acc=52.5%, pos=100%, unique=176, sharpe=506.59
    h5: std=0.0020, dir_acc=52.5%, pos=100%, unique=172, sharpe=541.17
    ... (15 more horizons)
  Aggregate: std_avg=0.0017, dir_acc_avg=52.0%, composite_avg=0.3954
  H1 detail: range=0.0315, mean=0.0888, dist_match=0.5304
  Collapse penalty: 0.000000 (threshold: 0.005000)
  Saved validation predictions to: experiments/06b_rolling/daily_3q_h20_drop025/fold_2017/collapse_monitoring/val_predictions_epoch26.npz
  Gradient norms:
    lstm_encoder: 0.000986
    lstm_decoder: 0.001787
    output_layer: 0.041963
  VSN output std:
    encoder: 0.144154
  Attention entropy: 2.992161
  Saved to: experiments/06b_rolling/daily_3q_h20_drop025/fold_2017/collapse_monitoring/collapse_monitor_latest.json
[DEBUG CollapseMonitor] on_validation_epoch_start called for epoch 27
[DEBUG CollapseMonitor] reset_temporal_state() called on loss function
Epoch 27: val_loss=0.35847675800323486
Epoch 27: train_loss=0.5625253915786743

[CollapseMonitor] Epoch 27
  [DEBUG] Processed 3 batches, 20 horizon(s)
  Multi-horizon metrics (20 horizons):
    h1: std=0.0057, dir_acc=53.0%, pos=100%, unique=179, sharpe=233.04
    h2: std=0.0029, dir_acc=53.0%, pos=100%, unique=179, sharpe=384.27
    h3: std=0.0021, dir_acc=52.5%, pos=100%, unique=173, sharpe=496.58
    h4: std=0.0019, dir_acc=52.5%, pos=100%, unique=179, sharpe=563.58
    h5: std=0.0017, dir_acc=52.5%, pos=100%, unique=180, sharpe=615.82
    ... (15 more horizons)
  Aggregate: std_avg=0.0014, dir_acc_avg=52.0%, composite_avg=0.3954
  H1 detail: range=0.0298, mean=0.0841, dist_match=0.5304
  Collapse penalty: 0.000000 (threshold: 0.005000)
  Saved validation predictions to: experiments/06b_rolling/daily_3q_h20_drop025/fold_2017/collapse_monitoring/val_predictions_epoch27.npz
  Gradient norms:
    lstm_encoder: 0.001080
    lstm_decoder: 0.001711
    output_layer: 0.038460
  VSN output std:
    encoder: 0.148033
  Attention entropy: 2.991560
  Saved to: experiments/06b_rolling/daily_3q_h20_drop025/fold_2017/collapse_monitoring/collapse_monitor_latest.json
[DEBUG CollapseMonitor] on_validation_epoch_start called for epoch 28
[DEBUG CollapseMonitor] reset_temporal_state() called on loss function
Epoch 28: val_loss=0.35828447341918945
Epoch 28: train_loss=0.5639578700065613

[CollapseMonitor] Epoch 28
  [DEBUG] Processed 3 batches, 20 horizon(s)
  Multi-horizon metrics (20 horizons):
    h1: std=0.0056, dir_acc=53.0%, pos=100%, unique=181, sharpe=213.93
    h2: std=0.0027, dir_acc=53.0%, pos=100%, unique=178, sharpe=355.39
    h3: std=0.0020, dir_acc=52.5%, pos=100%, unique=174, sharpe=462.89
    h4: std=0.0018, dir_acc=52.5%, pos=100%, unique=178, sharpe=524.89
    h5: std=0.0017, dir_acc=52.5%, pos=100%, unique=179, sharpe=570.80
    ... (15 more horizons)
  Aggregate: std_avg=0.0014, dir_acc_avg=52.0%, composite_avg=0.3954
  H1 detail: range=0.0291, mean=0.0759, dist_match=0.5304
  Collapse penalty: 0.000000 (threshold: 0.005000)
  Saved validation predictions to: experiments/06b_rolling/daily_3q_h20_drop025/fold_2017/collapse_monitoring/val_predictions_epoch28.npz
  Gradient norms:
    lstm_encoder: 0.001048
    lstm_decoder: 0.001803
    output_layer: 0.040412
  VSN output std:
    encoder: 0.151579
  Attention entropy: 2.991105
  Saved to: experiments/06b_rolling/daily_3q_h20_drop025/fold_2017/collapse_monitoring/collapse_monitor_latest.json
[DEBUG CollapseMonitor] on_validation_epoch_start called for epoch 29
[DEBUG CollapseMonitor] reset_temporal_state() called on loss function
Epoch 29: val_loss=0.3585805296897888
Epoch 29: train_loss=0.5633161664009094

[CollapseMonitor] Epoch 29
  [DEBUG] Processed 3 batches, 20 horizon(s)
  Multi-horizon metrics (20 horizons):
    h1: std=0.0051, dir_acc=53.0%, pos=100%, unique=181, sharpe=251.95
    h2: std=0.0023, dir_acc=53.0%, pos=100%, unique=176, sharpe=464.90
    h3: std=0.0016, dir_acc=52.5%, pos=100%, unique=178, sharpe=649.15
    h4: std=0.0014, dir_acc=52.5%, pos=100%, unique=174, sharpe=759.43
    h5: std=0.0013, dir_acc=52.5%, pos=100%, unique=176, sharpe=843.45
    ... (15 more horizons)
  Aggregate: std_avg=0.0011, dir_acc_avg=52.0%, composite_avg=0.3954
  H1 detail: range=0.0263, mean=0.0814, dist_match=0.5304
  Collapse penalty: 0.000000 (threshold: 0.005000)
  Saved validation predictions to: experiments/06b_rolling/daily_3q_h20_drop025/fold_2017/collapse_monitoring/val_predictions_epoch29.npz
  Gradient norms:
    lstm_encoder: 0.001020
    lstm_decoder: 0.001724
    output_layer: 0.041029
  VSN output std:
    encoder: 0.147070
  Attention entropy: 2.990857
  Saved to: experiments/06b_rolling/daily_3q_h20_drop025/fold_2017/collapse_monitoring/collapse_monitor_latest.json
[DEBUG CollapseMonitor] on_validation_epoch_start called for epoch 30
[DEBUG CollapseMonitor] reset_temporal_state() called on loss function
Epoch 30: val_loss=0.3585240840911865
Epoch 30: train_loss=0.5605101585388184

[CollapseMonitor] Epoch 30
  [DEBUG] Processed 3 batches, 20 horizon(s)
  Multi-horizon metrics (20 horizons):
    h1: std=0.0047, dir_acc=53.0%, pos=100%, unique=180, sharpe=303.63
    h2: std=0.0019, dir_acc=53.0%, pos=100%, unique=180, sharpe=638.02
    h3: std=0.0012, dir_acc=52.5%, pos=100%, unique=175, sharpe=967.23
    h4: std=0.0010, dir_acc=52.5%, pos=100%, unique=173, sharpe=1157.40
    h5: std=0.0009, dir_acc=52.5%, pos=100%, unique=176, sharpe=1296.60
    ... (15 more horizons)
  Aggregate: std_avg=0.0009, dir_acc_avg=52.0%, composite_avg=0.3954
  H1 detail: range=0.0235, mean=0.0891, dist_match=0.5304
  Collapse penalty: 0.000000 (threshold: 0.005000)
  Saved validation predictions to: experiments/06b_rolling/daily_3q_h20_drop025/fold_2017/collapse_monitoring/val_predictions_epoch30.npz
  Gradient norms:
    lstm_encoder: 0.001162
    lstm_decoder: 0.001781
    output_layer: 0.040506
  VSN output std:
    encoder: 0.147705
  Attention entropy: 2.989699
  Saved to: experiments/06b_rolling/daily_3q_h20_drop025/fold_2017/collapse_monitoring/collapse_monitor_latest.json
[DEBUG CollapseMonitor] on_validation_epoch_start called for epoch 31
[DEBUG CollapseMonitor] reset_temporal_state() called on loss function
Epoch 31: val_loss=0.35823580622673035
Epoch 31: train_loss=0.5620189905166626

[CollapseMonitor] Epoch 31
  [DEBUG] Processed 3 batches, 20 horizon(s)
  Multi-horizon metrics (20 horizons):
    h1: std=0.0045, dir_acc=53.0%, pos=100%, unique=178, sharpe=287.85
    h2: std=0.0017, dir_acc=53.0%, pos=100%, unique=180, sharpe=642.88
    h3: std=0.0010, dir_acc=52.5%, pos=100%, unique=174, sharpe=1043.14
    h4: std=0.0008, dir_acc=52.5%, pos=100%, unique=171, sharpe=1283.95
    h5: std=0.0008, dir_acc=52.5%, pos=100%, unique=177, sharpe=1456.24
    ... (15 more horizons)
  Aggregate: std_avg=0.0009, dir_acc_avg=52.0%, composite_avg=0.3954
  H1 detail: range=0.0222, mean=0.0819, dist_match=0.5304
  Collapse penalty: 0.000000 (threshold: 0.005000)
  Saved validation predictions to: experiments/06b_rolling/daily_3q_h20_drop025/fold_2017/collapse_monitoring/val_predictions_epoch31.npz
  Gradient norms:
    lstm_encoder: 0.001202
    lstm_decoder: 0.001817
    output_layer: 0.040629
  VSN output std:
    encoder: 0.149674
  Attention entropy: 2.989248
  Saved to: experiments/06b_rolling/daily_3q_h20_drop025/fold_2017/collapse_monitoring/collapse_monitor_latest.json
[DEBUG CollapseMonitor] on_validation_epoch_start called for epoch 32
[DEBUG CollapseMonitor] reset_temporal_state() called on loss function
Epoch 32: val_loss=0.35833442211151123
Epoch 32: train_loss=0.562434732913971

[CollapseMonitor] Epoch 32
  [DEBUG] Processed 3 batches, 20 horizon(s)
  Multi-horizon metrics (20 horizons):
    h1: std=0.0046, dir_acc=53.0%, pos=100%, unique=181, sharpe=302.28
    h2: std=0.0018, dir_acc=53.0%, pos=100%, unique=180, sharpe=661.99
    h3: std=0.0012, dir_acc=52.5%, pos=100%, unique=174, sharpe=1031.73
    h4: std=0.0010, dir_acc=52.5%, pos=100%, unique=175, sharpe=1244.02
    h5: std=0.0009, dir_acc=52.5%, pos=100%, unique=173, sharpe=1394.41
    ... (15 more horizons)
  Aggregate: std_avg=0.0009, dir_acc_avg=52.0%, composite_avg=0.3954
  H1 detail: range=0.0228, mean=0.0882, dist_match=0.5304
  Collapse penalty: 0.000000 (threshold: 0.005000)
  Saved validation predictions to: experiments/06b_rolling/daily_3q_h20_drop025/fold_2017/collapse_monitoring/val_predictions_epoch32.npz
  Gradient norms:
    lstm_encoder: 0.001270
    lstm_decoder: 0.001907
    output_layer: 0.040784
  VSN output std:
    encoder: 0.150757
  Attention entropy: 2.988484
  Saved to: experiments/06b_rolling/daily_3q_h20_drop025/fold_2017/collapse_monitoring/collapse_monitor_latest.json
[DEBUG CollapseMonitor] on_validation_epoch_start called for epoch 33
[DEBUG CollapseMonitor] reset_temporal_state() called on loss function
Epoch 33: val_loss=0.3579710125923157
Epoch 33: train_loss=0.5606920123100281

[CollapseMonitor] Epoch 33
  [DEBUG] Processed 3 batches, 20 horizon(s)
  Multi-horizon metrics (20 horizons):
    h1: std=0.0046, dir_acc=53.0%, pos=100%, unique=179, sharpe=257.04
    h2: std=0.0018, dir_acc=53.0%, pos=100%, unique=178, sharpe=555.14
    h3: std=0.0011, dir_acc=52.5%, pos=100%, unique=178, sharpe=871.99
    h4: std=0.0009, dir_acc=52.5%, pos=100%, unique=173, sharpe=1063.68
    h5: std=0.0008, dir_acc=52.5%, pos=100%, unique=174, sharpe=1202.99
    ... (15 more horizons)
  Aggregate: std_avg=0.0010, dir_acc_avg=52.0%, composite_avg=0.3954
  H1 detail: range=0.0225, mean=0.0749, dist_match=0.5304
  Collapse penalty: 0.000000 (threshold: 0.005000)
  Saved validation predictions to: experiments/06b_rolling/daily_3q_h20_drop025/fold_2017/collapse_monitoring/val_predictions_epoch33.npz
  Gradient norms:
    lstm_encoder: 0.001216
    lstm_decoder: 0.001844
    output_layer: 0.039900
  VSN output std:
    encoder: 0.151696
  Attention entropy: 2.988290
  Saved to: experiments/06b_rolling/daily_3q_h20_drop025/fold_2017/collapse_monitoring/collapse_monitor_latest.json
[DEBUG CollapseMonitor] on_validation_epoch_start called for epoch 34
[DEBUG CollapseMonitor] reset_temporal_state() called on loss function
Epoch 34: val_loss=0.3583661615848541
Epoch 34: train_loss=0.5611286163330078

[CollapseMonitor] Epoch 34
  [DEBUG] Processed 3 batches, 20 horizon(s)
  Multi-horizon metrics (20 horizons):
    h1: std=0.0048, dir_acc=53.0%, pos=100%, unique=180, sharpe=288.37
    h2: std=0.0022, dir_acc=53.0%, pos=100%, unique=178, sharpe=566.46
    h3: std=0.0015, dir_acc=52.5%, pos=100%, unique=175, sharpe=789.62
    h4: std=0.0013, dir_acc=52.5%, pos=100%, unique=175, sharpe=909.15
    h5: std=0.0012, dir_acc=52.5%, pos=100%, unique=178, sharpe=993.24
    ... (15 more horizons)
  Aggregate: std_avg=0.0011, dir_acc_avg=52.0%, composite_avg=0.3954
  H1 detail: range=0.0241, mean=0.0873, dist_match=0.5304
  Collapse penalty: 0.000000 (threshold: 0.005000)
  Saved validation predictions to: experiments/06b_rolling/daily_3q_h20_drop025/fold_2017/collapse_monitoring/val_predictions_epoch34.npz
  Gradient norms:
    lstm_encoder: 0.001322
    lstm_decoder: 0.001809
    output_layer: 0.038244
  VSN output std:
    encoder: 0.153519
  Attention entropy: 2.988233
  Saved to: experiments/06b_rolling/daily_3q_h20_drop025/fold_2017/collapse_monitoring/collapse_monitor_latest.json
[DEBUG CollapseMonitor] on_validation_epoch_start called for epoch 35
[DEBUG CollapseMonitor] reset_temporal_state() called on loss function
Epoch 35: val_loss=0.3583376109600067
Epoch 35: train_loss=0.5627451539039612

[CollapseMonitor] Epoch 35
  [DEBUG] Processed 3 batches, 20 horizon(s)
  Multi-horizon metrics (20 horizons):
    h1: std=0.0047, dir_acc=53.0%, pos=100%, unique=180, sharpe=295.24
    h2: std=0.0020, dir_acc=53.0%, pos=100%, unique=178, sharpe=598.47
    h3: std=0.0014, dir_acc=52.5%, pos=100%, unique=175, sharpe=850.37
    h4: std=0.0012, dir_acc=52.5%, pos=100%, unique=177, sharpe=985.97
    h5: std=0.0011, dir_acc=52.5%, pos=100%, unique=178, sharpe=1082.20
    ... (15 more horizons)
  Aggregate: std_avg=0.0010, dir_acc_avg=52.0%, composite_avg=0.3954
  H1 detail: range=0.0232, mean=0.0867, dist_match=0.5304
  Collapse penalty: 0.000000 (threshold: 0.005000)
  Saved validation predictions to: experiments/06b_rolling/daily_3q_h20_drop025/fold_2017/collapse_monitoring/val_predictions_epoch35.npz
  Gradient norms:
    lstm_encoder: 0.001408
    lstm_decoder: 0.001892
    output_layer: 0.042101
  VSN output std:
    encoder: 0.153886
  Attention entropy: 2.987748
  Saved to: experiments/06b_rolling/daily_3q_h20_drop025/fold_2017/collapse_monitoring/collapse_monitor_latest.json
[DEBUG CollapseMonitor] on_validation_epoch_start called for epoch 36
[DEBUG CollapseMonitor] reset_temporal_state() called on loss function
Epoch 36: val_loss=0.35838502645492554
Epoch 36: train_loss=0.5618174076080322

[CollapseMonitor] Epoch 36
  [DEBUG] Processed 3 batches, 20 horizon(s)
  Multi-horizon metrics (20 horizons):
    h1: std=0.0047, dir_acc=53.0%, pos=100%, unique=180, sharpe=283.05
    h2: std=0.0021, dir_acc=53.0%, pos=100%, unique=180, sharpe=558.88
    h3: std=0.0015, dir_acc=52.5%, pos=100%, unique=176, sharpe=771.83
    h4: std=0.0013, dir_acc=52.5%, pos=100%, unique=174, sharpe=881.03
    h5: std=0.0012, dir_acc=52.5%, pos=100%, unique=174, sharpe=956.30
    ... (15 more horizons)
  Aggregate: std_avg=0.0011, dir_acc_avg=52.0%, composite_avg=0.3954
  H1 detail: range=0.0233, mean=0.0831, dist_match=0.5304
  Collapse penalty: 0.000000 (threshold: 0.005000)
  Saved validation predictions to: experiments/06b_rolling/daily_3q_h20_drop025/fold_2017/collapse_monitoring/val_predictions_epoch36.npz
  Gradient norms:
    lstm_encoder: 0.001446
    lstm_decoder: 0.002065
    output_layer: 0.045116
  VSN output std:
    encoder: 0.153744
  Attention entropy: 2.987340
  Saved to: experiments/06b_rolling/daily_3q_h20_drop025/fold_2017/collapse_monitoring/collapse_monitor_latest.json
[DEBUG CollapseMonitor] on_validation_epoch_start called for epoch 37
[DEBUG CollapseMonitor] reset_temporal_state() called on loss function
Epoch 37: val_loss=0.35843342542648315
Epoch 37: train_loss=0.5605581402778625

[CollapseMonitor] Epoch 37
  [DEBUG] Processed 3 batches, 20 horizon(s)
  Multi-horizon metrics (20 horizons):
    h1: std=0.0046, dir_acc=53.0%, pos=100%, unique=180, sharpe=302.03
    h2: std=0.0021, dir_acc=53.0%, pos=100%, unique=180, sharpe=610.23
    h3: std=0.0015, dir_acc=52.5%, pos=100%, unique=177, sharpe=846.21
    h4: std=0.0013, dir_acc=52.5%, pos=100%, unique=174, sharpe=963.18
    h5: std=0.0012, dir_acc=52.5%, pos=100%, unique=176, sharpe=1042.26
    ... (15 more horizons)
  Aggregate: std_avg=0.0011, dir_acc_avg=52.0%, composite_avg=0.3954
  H1 detail: range=0.0230, mean=0.0880, dist_match=0.5304
  Collapse penalty: 0.000000 (threshold: 0.005000)
  Saved validation predictions to: experiments/06b_rolling/daily_3q_h20_drop025/fold_2017/collapse_monitoring/val_predictions_epoch37.npz
  Gradient norms:
    lstm_encoder: 0.001824
    lstm_decoder: 0.002000
    output_layer: 0.041177
  VSN output std:
    encoder: 0.154758
  Attention entropy: 2.986778
  Saved to: experiments/06b_rolling/daily_3q_h20_drop025/fold_2017/collapse_monitoring/collapse_monitor_latest.json
[DEBUG CollapseMonitor] on_validation_epoch_start called for epoch 38
[DEBUG CollapseMonitor] reset_temporal_state() called on loss function
Epoch 38: val_loss=0.3578578531742096
Epoch 38: train_loss=0.5626240372657776

[CollapseMonitor] Epoch 38
  [DEBUG] Processed 3 batches, 20 horizon(s)
  Multi-horizon metrics (20 horizons):
    h1: std=0.0046, dir_acc=53.0%, pos=100%, unique=181, sharpe=258.58
    h2: std=0.0020, dir_acc=53.0%, pos=100%, unique=177, sharpe=531.09
    h3: std=0.0014, dir_acc=52.5%, pos=100%, unique=179, sharpe=759.46
    h4: std=0.0012, dir_acc=52.5%, pos=100%, unique=174, sharpe=877.49
    h5: std=0.0011, dir_acc=52.5%, pos=100%, unique=175, sharpe=957.32
    ... (15 more horizons)
  Aggregate: std_avg=0.0010, dir_acc_avg=52.0%, composite_avg=0.3954
  H1 detail: range=0.0223, mean=0.0741, dist_match=0.5304
  Collapse penalty: 0.000000 (threshold: 0.005000)
  Saved validation predictions to: experiments/06b_rolling/daily_3q_h20_drop025/fold_2017/collapse_monitoring/val_predictions_epoch38.npz
  Gradient norms:
    lstm_encoder: 0.001627
    lstm_decoder: 0.002047
    output_layer: 0.041298
  VSN output std:
    encoder: 0.154785
  Attention entropy: 2.986514
  Saved to: experiments/06b_rolling/daily_3q_h20_drop025/fold_2017/collapse_monitoring/collapse_monitor_latest.json
[DEBUG CollapseMonitor] on_validation_epoch_start called for epoch 39
[DEBUG CollapseMonitor] reset_temporal_state() called on loss function
Epoch 39: val_loss=0.35818928480148315
Epoch 39: train_loss=0.5611407160758972

[CollapseMonitor] Epoch 39
  [DEBUG] Processed 3 batches, 20 horizon(s)
  Multi-horizon metrics (20 horizons):
    h1: std=0.0045, dir_acc=53.0%, pos=100%, unique=180, sharpe=280.39
    h2: std=0.0019, dir_acc=53.0%, pos=100%, unique=179, sharpe=583.33
    h3: std=0.0013, dir_acc=52.5%, pos=100%, unique=173, sharpe=835.68
    h4: std=0.0012, dir_acc=52.5%, pos=100%, unique=176, sharpe=966.08
    h5: std=0.0011, dir_acc=52.5%, pos=100%, unique=176, sharpe=1055.52
    ... (15 more horizons)
  Aggregate: std_avg=0.0010, dir_acc_avg=52.0%, composite_avg=0.3954
  H1 detail: range=0.0221, mean=0.0796, dist_match=0.5304
  Collapse penalty: 0.000000 (threshold: 0.005000)
  Saved validation predictions to: experiments/06b_rolling/daily_3q_h20_drop025/fold_2017/collapse_monitoring/val_predictions_epoch39.npz
  Gradient norms:
    lstm_encoder: 0.001644
    lstm_decoder: 0.001877
    output_layer: 0.039944
  VSN output std:
    encoder: 0.153533
  Attention entropy: 2.986954
  Saved to: experiments/06b_rolling/daily_3q_h20_drop025/fold_2017/collapse_monitoring/collapse_monitor_latest.json
[DEBUG CollapseMonitor] on_validation_epoch_start called for epoch 40
[DEBUG CollapseMonitor] reset_temporal_state() called on loss function
Epoch 40: val_loss=0.3582545220851898
Epoch 40: train_loss=0.5600317716598511

[CollapseMonitor] Epoch 40
  [DEBUG] Processed 3 batches, 20 horizon(s)
  Multi-horizon metrics (20 horizons):
    h1: std=0.0045, dir_acc=53.0%, pos=100%, unique=180, sharpe=297.49
    h2: std=0.0020, dir_acc=53.0%, pos=100%, unique=177, sharpe=611.12
    h3: std=0.0014, dir_acc=52.5%, pos=100%, unique=178, sharpe=857.00
    h4: std=0.0013, dir_acc=52.5%, pos=100%, unique=179, sharpe=983.03
    h5: std=0.0012, dir_acc=52.5%, pos=100%, unique=177, sharpe=1070.74
    ... (15 more horizons)
  Aggregate: std_avg=0.0010, dir_acc_avg=52.0%, composite_avg=0.3954
  H1 detail: range=0.0222, mean=0.0847, dist_match=0.5304
  Collapse penalty: 0.000000 (threshold: 0.005000)
  Saved validation predictions to: experiments/06b_rolling/daily_3q_h20_drop025/fold_2017/collapse_monitoring/val_predictions_epoch40.npz
  Gradient norms:
    lstm_encoder: 0.001739
    lstm_decoder: 0.001925
    output_layer: 0.039812
  VSN output std:
    encoder: 0.154549
  Attention entropy: 2.986151
  Saved to: experiments/06b_rolling/daily_3q_h20_drop025/fold_2017/collapse_monitoring/collapse_monitor_latest.json
[DEBUG CollapseMonitor] on_validation_epoch_start called for epoch 41
[DEBUG CollapseMonitor] reset_temporal_state() called on loss function
Epoch 41: val_loss=0.3580425977706909
Epoch 41: train_loss=0.5621350407600403

[CollapseMonitor] Epoch 41
  [DEBUG] Processed 3 batches, 20 horizon(s)
  Multi-horizon metrics (20 horizons):
    h1: std=0.0044, dir_acc=53.0%, pos=100%, unique=180, sharpe=276.96
    h2: std=0.0019, dir_acc=53.0%, pos=100%, unique=177, sharpe=574.95
    h3: std=0.0014, dir_acc=52.5%, pos=100%, unique=180, sharpe=813.69
    h4: std=0.0012, dir_acc=52.5%, pos=100%, unique=177, sharpe=934.52
    h5: std=0.0011, dir_acc=52.5%, pos=100%, unique=179, sharpe=1017.81
    ... (15 more horizons)
  Aggregate: std_avg=0.0010, dir_acc_avg=52.0%, composite_avg=0.3954
  H1 detail: range=0.0217, mean=0.0772, dist_match=0.5304
  Collapse penalty: 0.000000 (threshold: 0.005000)
  Saved validation predictions to: experiments/06b_rolling/daily_3q_h20_drop025/fold_2017/collapse_monitoring/val_predictions_epoch41.npz
  Gradient norms:
    lstm_encoder: 0.001779
    lstm_decoder: 0.001977
    output_layer: 0.042229
  VSN output std:
    encoder: 0.155822
  Attention entropy: 2.986394
  Saved to: experiments/06b_rolling/daily_3q_h20_drop025/fold_2017/collapse_monitoring/collapse_monitor_latest.json
[DEBUG CollapseMonitor] on_validation_epoch_start called for epoch 42
[DEBUG CollapseMonitor] reset_temporal_state() called on loss function
Epoch 42: val_loss=0.35840314626693726
Epoch 42: train_loss=0.560560941696167

[CollapseMonitor] Epoch 42
  [DEBUG] Processed 3 batches, 20 horizon(s)
  Multi-horizon metrics (20 horizons):
    h1: std=0.0044, dir_acc=53.0%, pos=100%, unique=179, sharpe=303.95
    h2: std=0.0020, dir_acc=53.0%, pos=100%, unique=179, sharpe=610.56
    h3: std=0.0015, dir_acc=52.5%, pos=100%, unique=177, sharpe=829.73
    h4: std=0.0013, dir_acc=52.5%, pos=100%, unique=178, sharpe=936.42
    h5: std=0.0012, dir_acc=52.5%, pos=100%, unique=177, sharpe=1009.99
    ... (15 more horizons)
  Aggregate: std_avg=0.0011, dir_acc_avg=52.0%, composite_avg=0.3954
  H1 detail: range=0.0217, mean=0.0841, dist_match=0.5304
  Collapse penalty: 0.000000 (threshold: 0.005000)
  Saved validation predictions to: experiments/06b_rolling/daily_3q_h20_drop025/fold_2017/collapse_monitoring/val_predictions_epoch42.npz
  Gradient norms:
    lstm_encoder: 0.001928
    lstm_decoder: 0.001852
    output_layer: 0.035843
  VSN output std:
    encoder: 0.155126
  Attention entropy: 2.986303
  Saved to: experiments/06b_rolling/daily_3q_h20_drop025/fold_2017/collapse_monitoring/collapse_monitor_latest.json
[DEBUG CollapseMonitor] on_validation_epoch_start called for epoch 43
[DEBUG CollapseMonitor] reset_temporal_state() called on loss function
Epoch 43: val_loss=0.3581477105617523
Epoch 43: train_loss=0.5584046244621277

[CollapseMonitor] Epoch 43
  [DEBUG] Processed 3 batches, 20 horizon(s)
  Multi-horizon metrics (20 horizons):
    h1: std=0.0042, dir_acc=53.0%, pos=100%, unique=180, sharpe=298.58
    h2: std=0.0018, dir_acc=53.0%, pos=100%, unique=178, sharpe=646.11
    h3: std=0.0012, dir_acc=52.5%, pos=100%, unique=175, sharpe=937.44
    h4: std=0.0011, dir_acc=52.5%, pos=100%, unique=179, sharpe=1091.03
    h5: std=0.0010, dir_acc=52.5%, pos=100%, unique=177, sharpe=1201.00
    ... (15 more horizons)
  Aggregate: std_avg=0.0009, dir_acc_avg=52.0%, composite_avg=0.3954
  H1 detail: range=0.0204, mean=0.0796, dist_match=0.5304
  Collapse penalty: 0.000000 (threshold: 0.005000)
  Saved validation predictions to: experiments/06b_rolling/daily_3q_h20_drop025/fold_2017/collapse_monitoring/val_predictions_epoch43.npz
  Gradient norms:
    lstm_encoder: 0.001891
    lstm_decoder: 0.001962
    output_layer: 0.040274
  VSN output std:
    encoder: 0.155858
  Attention entropy: 2.985879
  Saved to: experiments/06b_rolling/daily_3q_h20_drop025/fold_2017/collapse_monitoring/collapse_monitor_latest.json
[DEBUG CollapseMonitor] on_validation_epoch_start called for epoch 44
[DEBUG CollapseMonitor] reset_temporal_state() called on loss function
Epoch 44: val_loss=0.3579224944114685
Epoch 44: train_loss=0.5599939227104187

[CollapseMonitor] Epoch 44
  [DEBUG] Processed 3 batches, 20 horizon(s)
  Multi-horizon metrics (20 horizons):
    h1: std=0.0042, dir_acc=53.0%, pos=100%, unique=179, sharpe=270.03
    h2: std=0.0018, dir_acc=53.0%, pos=100%, unique=179, sharpe=582.76
    h3: std=0.0012, dir_acc=52.5%, pos=100%, unique=175, sharpe=845.35
    h4: std=0.0011, dir_acc=52.5%, pos=100%, unique=175, sharpe=979.96
    h5: std=0.0010, dir_acc=52.5%, pos=100%, unique=174, sharpe=1074.37
    ... (15 more horizons)
  Aggregate: std_avg=0.0009, dir_acc_avg=52.0%, composite_avg=0.3954
  H1 detail: range=0.0201, mean=0.0712, dist_match=0.5304
  Collapse penalty: 0.000000 (threshold: 0.005000)
  Saved validation predictions to: experiments/06b_rolling/daily_3q_h20_drop025/fold_2017/collapse_monitoring/val_predictions_epoch44.npz
  Gradient norms:
    lstm_encoder: 0.001958
    lstm_decoder: 0.001678
    output_layer: 0.035746
  VSN output std:
    encoder: 0.156232
  Attention entropy: 2.986028
  Saved to: experiments/06b_rolling/daily_3q_h20_drop025/fold_2017/collapse_monitoring/collapse_monitor_latest.json
[DEBUG CollapseMonitor] on_validation_epoch_start called for epoch 45
[DEBUG CollapseMonitor] reset_temporal_state() called on loss function
Epoch 45: val_loss=0.35829365253448486
Epoch 45: train_loss=0.5611087679862976

[CollapseMonitor] Epoch 45
  [DEBUG] Processed 3 batches, 20 horizon(s)
  Multi-horizon metrics (20 horizons):
    h1: std=0.0041, dir_acc=53.0%, pos=100%, unique=179, sharpe=316.54
    h2: std=0.0017, dir_acc=53.0%, pos=100%, unique=176, sharpe=692.78
    h3: std=0.0012, dir_acc=52.5%, pos=100%, unique=177, sharpe=994.34
    h4: std=0.0011, dir_acc=52.5%, pos=100%, unique=177, sharpe=1140.33
    h5: std=0.0010, dir_acc=52.5%, pos=100%, unique=174, sharpe=1241.81
    ... (15 more horizons)
  Aggregate: std_avg=0.0009, dir_acc_avg=52.0%, composite_avg=0.3954
  H1 detail: range=0.0196, mean=0.0811, dist_match=0.5304
  Collapse penalty: 0.000000 (threshold: 0.005000)
  Saved validation predictions to: experiments/06b_rolling/daily_3q_h20_drop025/fold_2017/collapse_monitoring/val_predictions_epoch45.npz
  Gradient norms:
    lstm_encoder: 0.002065
    lstm_decoder: 0.001892
    output_layer: 0.038122
  VSN output std:
    encoder: 0.156525
  Attention entropy: 2.986230
  Saved to: experiments/06b_rolling/daily_3q_h20_drop025/fold_2017/collapse_monitoring/collapse_monitor_latest.json
[DEBUG CollapseMonitor] on_validation_epoch_start called for epoch 46
[DEBUG CollapseMonitor] reset_temporal_state() called on loss function
Epoch 46: val_loss=0.3581676185131073
Epoch 46: train_loss=0.5608421564102173

[CollapseMonitor] Epoch 46
  [DEBUG] Processed 3 batches, 20 horizon(s)
  Multi-horizon metrics (20 horizons):
    h1: std=0.0039, dir_acc=53.0%, pos=100%, unique=181, sharpe=318.69
    h2: std=0.0016, dir_acc=53.0%, pos=100%, unique=178, sharpe=719.14
    h3: std=0.0011, dir_acc=52.5%, pos=100%, unique=176, sharpe=1054.59
    h4: std=0.0010, dir_acc=52.5%, pos=100%, unique=174, sharpe=1217.03
    h5: std=0.0009, dir_acc=52.5%, pos=100%, unique=177, sharpe=1331.21
    ... (15 more horizons)
  Aggregate: std_avg=0.0008, dir_acc_avg=52.0%, composite_avg=0.3954
  H1 detail: range=0.0187, mean=0.0784, dist_match=0.5304
  Collapse penalty: 0.000000 (threshold: 0.005000)
  Saved validation predictions to: experiments/06b_rolling/daily_3q_h20_drop025/fold_2017/collapse_monitoring/val_predictions_epoch46.npz
  Gradient norms:
    lstm_encoder: 0.002098
    lstm_decoder: 0.001815
    output_layer: 0.037852
  VSN output std:
    encoder: 0.155969
  Attention entropy: 2.986404
  Saved to: experiments/06b_rolling/daily_3q_h20_drop025/fold_2017/collapse_monitoring/collapse_monitor_latest.json
[DEBUG CollapseMonitor] on_validation_epoch_start called for epoch 47
[DEBUG CollapseMonitor] reset_temporal_state() called on loss function
Epoch 47: val_loss=0.3580729365348816
Epoch 47: train_loss=0.5618669986724854

[CollapseMonitor] Epoch 47
  [DEBUG] Processed 3 batches, 20 horizon(s)
  Multi-horizon metrics (20 horizons):
    h1: std=0.0039, dir_acc=53.0%, pos=100%, unique=178, sharpe=302.82
    h2: std=0.0016, dir_acc=53.0%, pos=100%, unique=178, sharpe=673.99
    h3: std=0.0011, dir_acc=52.5%, pos=100%, unique=179, sharpe=976.24
    h4: std=0.0010, dir_acc=52.5%, pos=100%, unique=178, sharpe=1122.83
    h5: std=0.0009, dir_acc=52.5%, pos=100%, unique=178, sharpe=1227.23
    ... (15 more horizons)
  Aggregate: std_avg=0.0008, dir_acc_avg=52.0%, composite_avg=0.3954
  H1 detail: range=0.0185, mean=0.0735, dist_match=0.5304
  Collapse penalty: 0.000000 (threshold: 0.005000)
  Saved validation predictions to: experiments/06b_rolling/daily_3q_h20_drop025/fold_2017/collapse_monitoring/val_predictions_epoch47.npz
  Gradient norms:
    lstm_encoder: 0.002123
    lstm_decoder: 0.002063
    output_layer: 0.039744
  VSN output std:
    encoder: 0.154714
  Attention entropy: 2.986545
  Saved to: experiments/06b_rolling/daily_3q_h20_drop025/fold_2017/collapse_monitoring/collapse_monitor_latest.json
[DEBUG CollapseMonitor] on_validation_epoch_start called for epoch 48
[DEBUG CollapseMonitor] reset_temporal_state() called on loss function
Epoch 48: val_loss=0.3582070767879486
Epoch 48: train_loss=0.5572782754898071

[CollapseMonitor] Epoch 48
  [DEBUG] Processed 3 batches, 20 horizon(s)
  Multi-horizon metrics (20 horizons):
    h1: std=0.0038, dir_acc=53.0%, pos=100%, unique=181, sharpe=325.64
    h2: std=0.0016, dir_acc=53.0%, pos=100%, unique=177, sharpe=722.81
    h3: std=0.0011, dir_acc=52.5%, pos=100%, unique=174, sharpe=1032.60
    h4: std=0.0010, dir_acc=52.5%, pos=100%, unique=173, sharpe=1179.12
    h5: std=0.0009, dir_acc=52.5%, pos=100%, unique=174, sharpe=1284.13
    ... (15 more horizons)
  Aggregate: std_avg=0.0008, dir_acc_avg=52.0%, composite_avg=0.3954
  H1 detail: range=0.0183, mean=0.0781, dist_match=0.5304
  Collapse penalty: 0.000000 (threshold: 0.005000)
  Saved validation predictions to: experiments/06b_rolling/daily_3q_h20_drop025/fold_2017/collapse_monitoring/val_predictions_epoch48.npz
  Gradient norms:
    lstm_encoder: 0.002180
    lstm_decoder: 0.001932
    output_layer: 0.037698
  VSN output std:
    encoder: 0.153635
  Attention entropy: 2.986690
  Saved to: experiments/06b_rolling/daily_3q_h20_drop025/fold_2017/collapse_monitoring/collapse_monitor_latest.json
[DEBUG CollapseMonitor] on_validation_epoch_start called for epoch 49
[DEBUG CollapseMonitor] reset_temporal_state() called on loss function
Epoch 49: val_loss=0.3579726815223694
Epoch 49: train_loss=0.5584214329719543

[CollapseMonitor] Epoch 49
  [DEBUG] Processed 3 batches, 20 horizon(s)
  Multi-horizon metrics (20 horizons):
    h1: std=0.0037, dir_acc=53.0%, pos=100%, unique=180, sharpe=308.09
    h2: std=0.0015, dir_acc=53.0%, pos=100%, unique=180, sharpe=716.33
    h3: std=0.0010, dir_acc=52.5%, pos=100%, unique=173, sharpe=1068.63
    h4: std=0.0009, dir_acc=52.5%, pos=100%, unique=178, sharpe=1238.43
    h5: std=0.0008, dir_acc=52.5%, pos=100%, unique=174, sharpe=1359.53
    ... (15 more horizons)
  Aggregate: std_avg=0.0008, dir_acc_avg=52.0%, composite_avg=0.3954
  H1 detail: range=0.0175, mean=0.0720, dist_match=0.5304
  Collapse penalty: 0.000000 (threshold: 0.005000)
  Saved validation predictions to: experiments/06b_rolling/daily_3q_h20_drop025/fold_2017/collapse_monitoring/val_predictions_epoch49.npz
  Gradient norms:
    lstm_encoder: 0.001943
    lstm_decoder: 0.001980
    output_layer: 0.037337
  VSN output std:
    encoder: 0.154024
  Attention entropy: 2.986663
  Saved to: experiments/06b_rolling/daily_3q_h20_drop025/fold_2017/collapse_monitoring/collapse_monitor_latest.json
[DEBUG CollapseMonitor] on_validation_epoch_start called for epoch 50
[DEBUG CollapseMonitor] reset_temporal_state() called on loss function
Epoch 50: val_loss=0.3581232726573944
Epoch 50: train_loss=0.5577125549316406

[CollapseMonitor] Epoch 50
  [DEBUG] Processed 3 batches, 20 horizon(s)
  Multi-horizon metrics (20 horizons):
    h1: std=0.0037, dir_acc=53.0%, pos=100%, unique=180, sharpe=334.33
    h2: std=0.0014, dir_acc=53.0%, pos=100%, unique=176, sharpe=787.39
    h3: std=0.0010, dir_acc=52.5%, pos=100%, unique=179, sharpe=1176.45
    h4: std=0.0009, dir_acc=52.5%, pos=100%, unique=175, sharpe=1357.75
    h5: std=0.0008, dir_acc=52.5%, pos=100%, unique=176, sharpe=1485.31
    ... (15 more horizons)
  Aggregate: std_avg=0.0008, dir_acc_avg=52.0%, composite_avg=0.3954
  H1 detail: range=0.0173, mean=0.0771, dist_match=0.5304
  Collapse penalty: 0.000000 (threshold: 0.005000)
  Saved validation predictions to: experiments/06b_rolling/daily_3q_h20_drop025/fold_2017/collapse_monitoring/val_predictions_epoch50.npz
  Gradient norms:
    lstm_encoder: 0.002859
    lstm_decoder: 0.002182
    output_layer: 0.040933
  VSN output std:
    encoder: 0.155188
  Attention entropy: 2.986645
  Saved to: experiments/06b_rolling/daily_3q_h20_drop025/fold_2017/collapse_monitoring/collapse_monitor_latest.json
[DEBUG CollapseMonitor] on_validation_epoch_start called for epoch 51
[DEBUG CollapseMonitor] reset_temporal_state() called on loss function
Epoch 51: val_loss=0.3581562042236328
Epoch 51: train_loss=0.5585243105888367

[CollapseMonitor] Epoch 51
  [DEBUG] Processed 3 batches, 20 horizon(s)
  Multi-horizon metrics (20 horizons):
    h1: std=0.0037, dir_acc=53.0%, pos=100%, unique=177, sharpe=345.16
    h2: std=0.0015, dir_acc=53.0%, pos=100%, unique=178, sharpe=776.79
    h3: std=0.0011, dir_acc=52.5%, pos=100%, unique=178, sharpe=1111.23
    h4: std=0.0010, dir_acc=52.5%, pos=100%, unique=178, sharpe=1263.90
    h5: std=0.0009, dir_acc=52.5%, pos=100%, unique=176, sharpe=1370.76
    ... (15 more horizons)
  Aggregate: std_avg=0.0008, dir_acc_avg=52.0%, composite_avg=0.3954
  H1 detail: range=0.0177, mean=0.0803, dist_match=0.5304
  Collapse penalty: 0.000000 (threshold: 0.005000)
  Saved validation predictions to: experiments/06b_rolling/daily_3q_h20_drop025/fold_2017/collapse_monitoring/val_predictions_epoch51.npz
  Gradient norms:
    lstm_encoder: 0.002438
    lstm_decoder: 0.001905
    output_layer: 0.037859
  VSN output std:
    encoder: 0.156220
  Attention entropy: 2.986405
  Saved to: experiments/06b_rolling/daily_3q_h20_drop025/fold_2017/collapse_monitoring/collapse_monitor_latest.json
[DEBUG CollapseMonitor] on_validation_epoch_start called for epoch 52
[DEBUG CollapseMonitor] reset_temporal_state() called on loss function
Epoch 52: val_loss=0.35797151923179626
Epoch 52: train_loss=0.5586748123168945

[CollapseMonitor] Epoch 52
  [DEBUG] Processed 3 batches, 20 horizon(s)
  Multi-horizon metrics (20 horizons):
    h1: std=0.0036, dir_acc=53.0%, pos=100%, unique=179, sharpe=322.25
    h2: std=0.0015, dir_acc=53.0%, pos=100%, unique=177, sharpe=737.63
    h3: std=0.0010, dir_acc=52.5%, pos=100%, unique=177, sharpe=1068.95
    h4: std=0.0009, dir_acc=52.5%, pos=100%, unique=177, sharpe=1219.43
    h5: std=0.0009, dir_acc=52.5%, pos=100%, unique=176, sharpe=1324.03
    ... (15 more horizons)
  Aggregate: std_avg=0.0008, dir_acc_avg=52.0%, composite_avg=0.3954
  H1 detail: range=0.0173, mean=0.0741, dist_match=0.5304
  Collapse penalty: 0.000000 (threshold: 0.005000)
  Saved validation predictions to: experiments/06b_rolling/daily_3q_h20_drop025/fold_2017/collapse_monitoring/val_predictions_epoch52.npz
  Gradient norms:
    lstm_encoder: 0.002434
    lstm_decoder: 0.002038
    output_layer: 0.040314
  VSN output std:
    encoder: 0.156463
  Attention entropy: 2.986207
  Saved to: experiments/06b_rolling/daily_3q_h20_drop025/fold_2017/collapse_monitoring/collapse_monitor_latest.json
[DEBUG CollapseMonitor] on_validation_epoch_start called for epoch 53
[DEBUG CollapseMonitor] reset_temporal_state() called on loss function
Epoch 53: val_loss=0.35804852843284607
Epoch 53: train_loss=0.5597876310348511

[CollapseMonitor] Epoch 53
  [DEBUG] Processed 3 batches, 20 horizon(s)
  Multi-horizon metrics (20 horizons):
    h1: std=0.0036, dir_acc=53.0%, pos=100%, unique=178, sharpe=333.93
    h2: std=0.0015, dir_acc=53.0%, pos=100%, unique=176, sharpe=770.88
    h3: std=0.0010, dir_acc=52.5%, pos=100%, unique=172, sharpe=1120.73
    h4: std=0.0009, dir_acc=52.5%, pos=100%, unique=173, sharpe=1278.83
    h5: std=0.0009, dir_acc=52.5%, pos=100%, unique=176, sharpe=1388.99
    ... (15 more horizons)
  Aggregate: std_avg=0.0008, dir_acc_avg=52.0%, composite_avg=0.3954
  H1 detail: range=0.0171, mean=0.0763, dist_match=0.5304
  Collapse penalty: 0.000000 (threshold: 0.005000)
  Saved validation predictions to: experiments/06b_rolling/daily_3q_h20_drop025/fold_2017/collapse_monitoring/val_predictions_epoch53.npz
  Gradient norms:
    lstm_encoder: 0.002502
    lstm_decoder: 0.001875
    output_layer: 0.034966
  VSN output std:
    encoder: 0.156252
  Attention entropy: 2.986215
  Saved to: experiments/06b_rolling/daily_3q_h20_drop025/fold_2017/collapse_monitoring/collapse_monitor_latest.json


======================================================================
Training complete
======================================================================

Best val_loss checkpoint: experiments/06b_rolling/daily_3q_h20_drop025/fold_2017/checkpoints/tft-epoch=epoch=38-valloss=val_loss=0.3579.ckpt
Best validation loss: 0.357858
Checkpoints saved:
  - Best val_loss: experiments/06b_rolling/daily_3q_h20_drop025/fold_2017/checkpoints/tft-epoch=epoch=38-valloss=val_loss=0.3579.ckpt
  - Best pred_std: experiments/06b_rolling/daily_3q_h20_drop025/fold_2017/checkpoints/tft-epoch=epoch=13-predstd=val_pred_std=0.0100.ckpt
  - Best unique: experiments/06b_rolling/daily_3q_h20_drop025/fold_2017/checkpoints/tft-epoch=epoch=03-unique=val_num_unique=181.ckpt
  - Best dir_acc: experiments/06b_rolling/daily_3q_h20_drop025/fold_2017/checkpoints/tft-epoch=epoch=04-diracc=val_dir_acc=0.5304.ckpt
  - Best sharpe: experiments/06b_rolling/daily_3q_h20_drop025/fold_2017/checkpoints/tft-epoch=epoch=06-sharpe=val_sharpe=386.6879.ckpt
  - Best composite: experiments/06b_rolling/daily_3q_h20_drop025/fold_2017/checkpoints/tft-epoch=epoch=04-composite=val_composite=0.4058.ckpt
Completed at: 2025-12-14 19:37:01
Log saved to: experiments/06b_rolling/daily_3q_h20_drop025/fold_2017/training_20251214_192929.log
======================================================================
