Logging to: experiments/11_staleness_attention/attn_regime_combined/vsn_analysis/vsn_analysis_20251210_182631.log
Analysis started at: 2025-12-10 18:26:31
======================================================================
Experiment: 11_staleness_attention/attn_regime_combined
Output directory: experiments/11_staleness_attention/attn_regime_combined/vsn_analysis
Loading config from: experiments/11_staleness_attention/attn_regime_combined/config.json
Using best checkpoint: experiments/11_staleness_attention/attn_regime_combined/checkpoints/tft-epoch=epoch=94-valloss=val_loss=0.3941.ckpt

Loading data...
Loading test data from: data/splits/vintage/core_proposal_daily_vintage_test.csv
Adding staleness features...
  Train samples: 6074
  Test samples: 1302

Preparing test dataset...
Test dataset size: 1282

Loading model...
Loading model from: experiments/11_staleness_attention/attn_regime_combined/checkpoints/tft-epoch=epoch=94-valloss=val_loss=0.3941.ckpt
  Detected staleness attention checkpoint, applying architecture modification...

[STALENESS ATTENTION] Replaced attention module:
  Staleness mode: penalty
  Staleness decay: prenormalized
  Staleness weight: 0.5 (learnable)
  Max days: 45.0
  Regime mode: vix_threshold
  VIX threshold: 25.0
  Regime gates: 2 × 2
    decay=prenormalized, regime_mode=vix_threshold
  Successfully loaded modified attention state_dict
  Model loaded on device: cpu

Extracting VSN weights...
  Encoder variables (7): ['relative_time_idx', 'VIX', 'Treasury_10Y', 'Yield_Spread', 'Inflation_YoY']...
  Decoder variables (1): ['relative_time_idx']
  Static variables (1): ['encoder_length']

  DEBUG: Output type: <class 'pytorch_forecasting.utils.TupleOutputMixIn.to_network_output.<locals>.Output'>
  DEBUG: Output fields (NamedTuple): ('prediction', 'encoder_attention', 'decoder_attention', 'static_variables', 'encoder_variables', 'decoder_variables', 'decoder_lengths', 'encoder_lengths')
  DEBUG: output.encoder_variables shape: torch.Size([64, 20, 1, 7])
  DEBUG: output.static_variables shape: torch.Size([64, 1, 1])
  DEBUG: output.decoder_variables shape: torch.Size([64, 1, 1, 1])
  Processed batch 20/21

Extraction complete:
  Samples: 1282
  Encoder VSN shape: (1282, 7)
  Decoder VSN shape: (1282, 1)

Analysis period: 2020-08-17 to 2025-10-06

Creating temporal periods:
  2020: 94 samples
  2021: 250 samples
  2022: 249 samples
  2023: 249 samples
  2024: 250 samples
  2025: 190 samples

Analyzing VSN weights by period...

Comparing VSN patterns across periods...

Creating visualizations...
Saved VSN heatmap: experiments/11_staleness_attention/attn_regime_combined/vsn_analysis/vsn_heatmap.png
Saved VSN comparison: experiments/11_staleness_attention/attn_regime_combined/vsn_analysis/vsn_comparison.png
Saved concentration plot: experiments/11_staleness_attention/attn_regime_combined/vsn_analysis/vsn_concentration.png

Saving results...
Saved results: experiments/11_staleness_attention/attn_regime_combined/vsn_analysis/vsn_analysis_results.json

======================================================================
VSN ANALYSIS SUMMARY
======================================================================

Per-Period Feature Importance:
----------------------------------------------------------------------

2020 (94 samples):
  Concentration: 0.2158
  Top 5 features:
    VIX                            0.3080
    relative_time_idx              0.2683
    Treasury_10Y                   0.1611
    CPI_is_fresh                   0.1028
    days_since_CPI_update          0.1020

2021 (250 samples):
  Concentration: 0.2133
  Top 5 features:
    VIX                            0.3353
    relative_time_idx              0.2017
    Treasury_10Y                   0.1863
    CPI_is_fresh                   0.1260
    days_since_CPI_update          0.0866

2022 (249 samples):
  Concentration: 0.2621
  Top 5 features:
    Yield_Spread                   0.4311
    VIX                            0.2045
    CPI_is_fresh                   0.1404
    days_since_CPI_update          0.0841
    Treasury_10Y                   0.0725

2023 (249 samples):
  Concentration: 0.2332
  Top 5 features:
    VIX                            0.3936
    CPI_is_fresh                   0.1771
    days_since_CPI_update          0.1600
    Treasury_10Y                   0.1134
    relative_time_idx              0.0637

2024 (250 samples):
  Concentration: 0.2110
  Top 5 features:
    VIX                            0.3415
    CPI_is_fresh                   0.1865
    relative_time_idx              0.1538
    days_since_CPI_update          0.1341
    Treasury_10Y                   0.1257

2025 (190 samples):
  Concentration: 0.2181
  Top 5 features:
    VIX                            0.3178
    relative_time_idx              0.2418
    CPI_is_fresh                   0.1999
    Treasury_10Y                   0.0968
    days_since_CPI_update          0.0850

----------------------------------------------------------------------
Period Comparisons:
----------------------------------------------------------------------

2020_vs_2021:
  Cosine similarity: 0.9844
  L2 distance: 0.0820
  Biggest increases: VIX(+0.027), Treasury_10Y(+0.025), CPI_is_fresh(+0.023)
  Biggest decreases: relative_time_idx(-0.067), days_since_CPI_update(-0.015), Inflation_YoY(-0.004)

2020_vs_2022:
  Cosine similarity: 0.4900
  L2 distance: 0.4948
  Biggest increases: Yield_Spread(+0.416), CPI_is_fresh(+0.038), Inflation_YoY(-0.017)
  Biggest decreases: relative_time_idx(-0.227), VIX(-0.104), Treasury_10Y(-0.089)

2020_vs_2023:
  Cosine similarity: 0.8627
  L2 distance: 0.2489
  Biggest increases: VIX(+0.086), CPI_is_fresh(+0.074), days_since_CPI_update(+0.058)
  Biggest decreases: relative_time_idx(-0.205), Treasury_10Y(-0.048), Inflation_YoY(-0.005)

2020_vs_2024:
  Cosine similarity: 0.9450
  L2 distance: 0.1533
  Biggest increases: CPI_is_fresh(+0.084), VIX(+0.033), days_since_CPI_update(+0.032)
  Biggest decreases: relative_time_idx(-0.114), Treasury_10Y(-0.035), Yield_Spread(-0.000)

2020_vs_2025:
  Cosine similarity: 0.9663
  L2 distance: 0.1210
  Biggest increases: CPI_is_fresh(+0.097), VIX(+0.010), Yield_Spread(+0.001)
  Biggest decreases: Treasury_10Y(-0.064), relative_time_idx(-0.027), days_since_CPI_update(-0.017)

2021_vs_2022:
  Cosine similarity: 0.5397
  L2 distance: 0.4692
  Biggest increases: Yield_Spread(+0.405), CPI_is_fresh(+0.014), days_since_CPI_update(-0.002)
  Biggest decreases: relative_time_idx(-0.160), VIX(-0.131), Treasury_10Y(-0.114)

2021_vs_2023:
  Cosine similarity: 0.9189
  L2 distance: 0.1913
  Biggest increases: days_since_CPI_update(+0.073), VIX(+0.058), CPI_is_fresh(+0.051)
  Biggest decreases: relative_time_idx(-0.138), Treasury_10Y(-0.073), Inflation_YoY(-0.001)

2021_vs_2024:
  Cosine similarity: 0.9716
  L2 distance: 0.1099
  Biggest increases: CPI_is_fresh(+0.060), days_since_CPI_update(+0.047), VIX(+0.006)
  Biggest decreases: Treasury_10Y(-0.061), relative_time_idx(-0.048), Yield_Spread(-0.011)

2021_vs_2025:
  Cosine similarity: 0.9641
  L2 distance: 0.1245
  Biggest increases: CPI_is_fresh(+0.074), relative_time_idx(+0.040), Inflation_YoY(+0.005)
  Biggest decreases: Treasury_10Y(-0.089), VIX(-0.017), Yield_Spread(-0.010)

2022_vs_2023:
  Cosine similarity: 0.6244
  L2 distance: 0.4319
  Biggest increases: VIX(+0.189), days_since_CPI_update(+0.076), Treasury_10Y(+0.041)
  Biggest decreases: Yield_Spread(-0.376), Inflation_YoY(+0.011), relative_time_idx(+0.022)

2022_vs_2024:
  Cosine similarity: 0.5543
  L2 distance: 0.4609
  Biggest increases: VIX(+0.137), relative_time_idx(+0.112), Treasury_10Y(+0.053)
  Biggest decreases: Yield_Spread(-0.416), Inflation_YoY(+0.018), CPI_is_fresh(+0.046)

2022_vs_2025:
  Cosine similarity: 0.5240
  L2 distance: 0.4792
  Biggest increases: relative_time_idx(+0.200), VIX(+0.113), CPI_is_fresh(+0.059)
  Biggest decreases: Yield_Spread(-0.415), days_since_CPI_update(+0.001), Inflation_YoY(+0.017)

2023_vs_2024:
  Cosine similarity: 0.9711
  L2 distance: 0.1157
  Biggest increases: relative_time_idx(+0.090), Treasury_10Y(+0.012), CPI_is_fresh(+0.009)
  Biggest decreases: VIX(-0.052), Yield_Spread(-0.040), days_since_CPI_update(-0.026)

2023_vs_2025:
  Cosine similarity: 0.8999
  L2 distance: 0.2131
  Biggest increases: relative_time_idx(+0.178), CPI_is_fresh(+0.023), Inflation_YoY(+0.006)
  Biggest decreases: VIX(-0.076), days_since_CPI_update(-0.075), Yield_Spread(-0.039)

2024_vs_2025:
  Cosine similarity: 0.9728
  L2 distance: 0.1083
  Biggest increases: relative_time_idx(+0.088), CPI_is_fresh(+0.013), Yield_Spread(+0.001)
  Biggest decreases: days_since_CPI_update(-0.049), Treasury_10Y(-0.029), VIX(-0.024)

======================================================================

Analysis complete!
Results saved to: experiments/11_staleness_attention/attn_regime_combined/vsn_analysis
  - vsn_analysis_results.json
  - vsn_heatmap.png
  - vsn_comparison.png
  - vsn_concentration.png
