Logging to: experiments/12b_feature_sweep/core_dynamics_weekly_7q_h3_enc8_s42/vsn_analysis/vsn_analysis_20251213_234435.log
Analysis started at: 2025-12-13 23:44:35
======================================================================
Experiment: 12b_feature_sweep/core_dynamics_weekly_7q_h3_enc8_s42
Output directory: experiments/12b_feature_sweep/core_dynamics_weekly_7q_h3_enc8_s42/vsn_analysis
Loading config from: experiments/12b_feature_sweep/core_dynamics_weekly_7q_h3_enc8_s42/config.json
Using best checkpoint: experiments/12b_feature_sweep/core_dynamics_weekly_7q_h3_enc8_s42/checkpoints/tft-epoch=epoch=70-valloss=val_loss=1.0531.ckpt

Loading data...
Loading test data from: data/splits/vintage/core_dynamics_weekly_vintage_test.csv
  Train samples: 908
  Test samples: 195

Preparing test dataset...
Test dataset size: 187

Loading model...
Loading model from: experiments/12b_feature_sweep/core_dynamics_weekly_7q_h3_enc8_s42/checkpoints/tft-epoch=epoch=70-valloss=val_loss=1.0531.ckpt
  Model loaded on device: cuda

Extracting VSN weights...
  Encoder variables (9): ['relative_time_idx', 'VIX', 'Treasury_10Y', 'Yield_Spread', 'Inflation_YoY']...
  Decoder variables (1): ['relative_time_idx']
  Static variables (1): ['encoder_length']

  DEBUG: Output type: <class 'pytorch_forecasting.utils.TupleOutputMixIn.to_network_output.<locals>.Output'>
  DEBUG: Output fields (NamedTuple): ('prediction', 'encoder_attention', 'decoder_attention', 'static_variables', 'encoder_variables', 'decoder_variables', 'decoder_lengths', 'encoder_lengths')
  DEBUG: output.encoder_variables shape: torch.Size([64, 8, 1, 9])
  DEBUG: output.static_variables shape: torch.Size([64, 1, 1])
  DEBUG: output.decoder_variables shape: torch.Size([64, 1, 1, 1])

Extraction complete:
  Samples: 187
  Encoder VSN shape: (187, 9)
  Decoder VSN shape: (187, 1)

Analysis period: 2022-03-18 to 2025-10-10

Creating temporal periods:
  2022: 42 samples
  2023: 52 samples
  2024: 52 samples
  2025: 41 samples

Analyzing VSN weights by period...

Comparing VSN patterns across periods...

Creating visualizations...
Saved VSN heatmap: experiments/12b_feature_sweep/core_dynamics_weekly_7q_h3_enc8_s42/vsn_analysis/vsn_heatmap.png
Saved VSN comparison: experiments/12b_feature_sweep/core_dynamics_weekly_7q_h3_enc8_s42/vsn_analysis/vsn_comparison.png
Saved concentration plot: experiments/12b_feature_sweep/core_dynamics_weekly_7q_h3_enc8_s42/vsn_analysis/vsn_concentration.png

Saving results...
Saved results: experiments/12b_feature_sweep/core_dynamics_weekly_7q_h3_enc8_s42/vsn_analysis/vsn_analysis_results.json

======================================================================
VSN ANALYSIS SUMMARY
======================================================================

Per-Period Feature Importance:
----------------------------------------------------------------------

2022 (42 samples):
  Concentration: 0.5716
  Top 5 features:
    VIX                            0.7500
    CPI                            0.0551
    Treasury_10Y_change            0.0391
    VIX_relative                   0.0378
    Treasury_10Y                   0.0324

2023 (52 samples):
  Concentration: 0.5284
  Top 5 features:
    VIX                            0.7181
    CPI                            0.0747
    VIX_relative                   0.0491
    Treasury_10Y_change            0.0394
    Treasury_10Y                   0.0366

2024 (52 samples):
  Concentration: 0.5036
  Top 5 features:
    VIX                            0.6990
    CPI                            0.0839
    VIX_relative                   0.0522
    Treasury_10Y                   0.0420
    Treasury_10Y_change            0.0412

2025 (41 samples):
  Concentration: 0.5184
  Top 5 features:
    VIX                            0.7103
    CPI                            0.0804
    VIX_relative                   0.0519
    Treasury_10Y                   0.0416
    Treasury_10Y_change            0.0358

----------------------------------------------------------------------
Period Comparisons:
----------------------------------------------------------------------

2022_vs_2023:
  Cosine similarity: 0.9993
  L2 distance: 0.0404
  Biggest increases: CPI(+0.020), VIX_relative(+0.011), Treasury_10Y(+0.004)
  Biggest decreases: VIX(-0.032), Inflation_YoY(-0.008), Yield_Spread(-0.000)

2022_vs_2024:
  Cosine similarity: 0.9984
  L2 distance: 0.0625
  Biggest increases: CPI(+0.029), VIX_relative(+0.014), Treasury_10Y(+0.010)
  Biggest decreases: VIX(-0.051), Inflation_YoY(-0.011), Yield_Spread(-0.002)

2022_vs_2025:
  Cosine similarity: 0.9987
  L2 distance: 0.0518
  Biggest increases: CPI(+0.025), VIX_relative(+0.014), Treasury_10Y(+0.009)
  Biggest decreases: VIX(-0.040), Inflation_YoY(-0.011), Treasury_10Y_change(-0.003)

2023_vs_2024:
  Cosine similarity: 0.9998
  L2 distance: 0.0225
  Biggest increases: CPI(+0.009), Treasury_10Y(+0.005), VIX_relative(+0.003)
  Biggest decreases: VIX(-0.019), Inflation_YoY(-0.003), Yield_Spread(-0.001)

2023_vs_2025:
  Cosine similarity: 0.9999
  L2 distance: 0.0128
  Biggest increases: CPI(+0.006), Treasury_10Y(+0.005), VIX_relative(+0.003)
  Biggest decreases: VIX(-0.008), Treasury_10Y_change(-0.004), Yield_Spread(-0.003)

2024_vs_2025:
  Cosine similarity: 0.9999
  L2 distance: 0.0132
  Biggest increases: VIX(+0.011), relative_time_idx(+0.001), Inflation_YoY(-0.000)
  Biggest decreases: Treasury_10Y_change(-0.005), CPI(-0.004), Yield_Spread(-0.002)

======================================================================

Analysis complete!
Results saved to: experiments/12b_feature_sweep/core_dynamics_weekly_7q_h3_enc8_s42/vsn_analysis
  - vsn_analysis_results.json
  - vsn_heatmap.png
  - vsn_comparison.png
  - vsn_concentration.png
