
[INFO] Using AUTO device selection.

[INFO] Patched matplotlib.Axes.errorbar to abs() negative yerr for robustness.
======================================================================
Training TFT: 06b_rolling/daily_3q_h20_drop025/fold_2024
======================================================================
Logging to: experiments/06b_rolling/daily_3q_h20_drop025/fold_2024/training_20251214_203237.log
Started at: 2025-12-14 20:32:37
======================================================================

Loading data splits...
Train: 2469 samples
Val: 219 samples
Test: 220 samples

Preparing TimeSeriesDataSet...

Dropping source columns (used for staleness only): ['CPI']

Final features for TFT: ['SP500_Returns', 'VIX', 'Treasury_10Y', 'Yield_Spread', 'Inflation_YoY', 'cumret_5', 'cumret_10', 'cumret_20', 'cumret_30']

======================================================================
FEATURE STATISTICS - BEFORE NORMALIZATION
======================================================================
VIX                             mean= 17.8118  std=  7.4001  min=  9.1400  max= 82.6900
Treasury_10Y                    mean=  2.1340  std=  0.6774  min=  0.5200  max=  4.2500
Yield_Spread                    mean=  0.9913  std=  0.7199  min= -0.6800  max=  2.6600
Inflation_YoY                   mean=  2.3868  std=  2.1794  min= -0.2176  max=  9.9709

======================================================================
TARGET CONFIGURATION
======================================================================
Target variable: SP500_Returns
  Mode: Point return prediction (single-step)
  Target stats: mean=0.0482, std=1.1095
  Dropping unused cumret columns: ['cumret_5', 'cumret_10', 'cumret_20', 'cumret_30']
======================================================================

======================================================================
FEATURES AFTER GROUPNORMALIZER (first batch, last timestep)
======================================================================
VIX                             normalized_value=  1.0000
Treasury_10Y                    normalized_value= -0.0500
Yield_Spread                    normalized_value= -0.2097
Inflation_YoY                   normalized_value= -0.8623
======================================================================

Configuration saved to: experiments/06b_rolling/daily_3q_h20_drop025/fold_2024/config.json
[DEBUG] VIX train values: [14.68 14.56 13.83 13.79 13.62]
[DEBUG] VIX val values: [22.9  22.01 22.46 21.13 21.97]
Batches per epoch: 37
[DEBUG] Validation batches: 3
[DEBUG] Validation dataset size: 180
[DEBUG] Batch size: 64

Initializing model...

Quantile configuration: 3q
  Quantiles: [0.1, 0.5, 0.9]
  Output size: 3
  Median index: 1

Using standard QuantileLoss (no penalties)

[REGIME OUTPUT] Disabled (using baseline output layer)

[STALENESS ATTENTION] Disabled

================================================================================
BASELINE MODEL FEATURE CONFIGURATION (after from_dataset)
================================================================================
tft.hparams.time_varying_reals_encoder: ['relative_time_idx', 'VIX', 'Treasury_10Y', 'Yield_Spread', 'Inflation_YoY']
  Count: 5

tft.hparams.time_varying_reals_decoder: ['relative_time_idx']
  Count: 1

tft.hparams.x_reals (all reals passed to model): ['encoder_length', 'relative_time_idx', 'VIX', 'Treasury_10Y', 'Yield_Spread', 'Inflation_YoY']
  Count: 6

Encoder VSN configuration:
  num_inputs: 5
  input_sizes: {'relative_time_idx': 16, 'VIX': 16, 'Treasury_10Y': 16, 'Yield_Spread': 16, 'Inflation_YoY': 16}
  flattened_grn.fc1: in_features=80, out_features=5
  -> Params in fc1: 400 (should be 5*16*5=400 if 5 features)
================================================================================

Model parameters: 22,547

Starting training...
Checkpoints will be saved to: experiments/06b_rolling/daily_3q_h20_drop025/fold_2024/checkpoints/
Logs will be saved to: experiments/06b_rolling/daily_3q_h20_drop025/fold_2024/logs/

[DEBUG CollapseMonitor] on_validation_epoch_start called for epoch 0
[DEBUG CollapseMonitor] reset_temporal_state() called on loss function
Epoch 0: val_loss=N/A
[DEBUG CollapseMonitor] on_validation_epoch_start called for epoch 0
[DEBUG CollapseMonitor] reset_temporal_state() called on loss function
Epoch 0: val_loss=0.4222017824649811
Epoch 0: train_loss=0.5349135398864746

[CollapseMonitor] Epoch 0
  [DEBUG] Processed 3 batches, 20 horizon(s)
  Multi-horizon metrics (20 horizons):
    h1: std=0.0116, dir_acc=48.9%, pos=0%, unique=180, sharpe=-604.22
    h2: std=0.0057, dir_acc=49.4%, pos=0%, unique=180, sharpe=-1296.26
    h3: std=0.0030, dir_acc=50.0%, pos=0%, unique=178, sharpe=-2287.77
    h4: std=0.0028, dir_acc=49.4%, pos=0%, unique=177, sharpe=-2193.08
    h5: std=0.0032, dir_acc=49.4%, pos=0%, unique=179, sharpe=-1637.68
    ... (15 more horizons)
  Aggregate: std_avg=0.0043, dir_acc_avg=50.9%, composite_avg=0.3862
  H1 detail: range=0.0402, mean=-0.4424, dist_match=0.4889
  Collapse penalty: 0.000000 (threshold: 0.005000)
  Saved validation predictions to: experiments/06b_rolling/daily_3q_h20_drop025/fold_2024/collapse_monitoring/val_predictions_epoch0.npz
  Gradient norms:
    lstm_encoder: 0.001532
    lstm_decoder: 0.014402
    output_layer: 0.250658
  VSN output std:
    encoder: 0.245868
  Attention entropy: 2.994230
  Saved to: experiments/06b_rolling/daily_3q_h20_drop025/fold_2024/collapse_monitoring/collapse_monitor_latest.json
[DEBUG CollapseMonitor] on_validation_epoch_start called for epoch 1
[DEBUG CollapseMonitor] reset_temporal_state() called on loss function
Epoch 1: val_loss=0.4194435179233551
Epoch 1: train_loss=0.5245331525802612

[CollapseMonitor] Epoch 1
  [DEBUG] Processed 3 batches, 20 horizon(s)
  Multi-horizon metrics (20 horizons):
    h1: std=0.0112, dir_acc=48.9%, pos=0%, unique=177, sharpe=-307.05
    h2: std=0.0038, dir_acc=49.4%, pos=0%, unique=179, sharpe=-950.08
    h3: std=0.0024, dir_acc=50.0%, pos=0%, unique=175, sharpe=-1271.62
    h4: std=0.0028, dir_acc=49.4%, pos=0%, unique=177, sharpe=-774.92
    h5: std=0.0032, dir_acc=49.4%, pos=0%, unique=177, sharpe=-433.10
    ... (15 more horizons)
  Aggregate: std_avg=0.0037, dir_acc_avg=51.1%, composite_avg=0.3863
  H1 detail: range=0.0381, mean=-0.2164, dist_match=0.4889
  Collapse penalty: 0.000000 (threshold: 0.005000)
  Saved validation predictions to: experiments/06b_rolling/daily_3q_h20_drop025/fold_2024/collapse_monitoring/val_predictions_epoch1.npz
  Gradient norms:
    lstm_encoder: 0.001141
    lstm_decoder: 0.007046
    output_layer: 0.127462
  VSN output std:
    encoder: 0.246708
  Attention entropy: 2.993767
  Saved to: experiments/06b_rolling/daily_3q_h20_drop025/fold_2024/collapse_monitoring/collapse_monitor_latest.json
[DEBUG CollapseMonitor] on_validation_epoch_start called for epoch 2
[DEBUG CollapseMonitor] reset_temporal_state() called on loss function
Epoch 2: val_loss=0.41612768173217773
Epoch 2: train_loss=0.5121196508407593

[CollapseMonitor] Epoch 2
  [DEBUG] Processed 3 batches, 20 horizon(s)
  Multi-horizon metrics (20 horizons):
    h1: std=0.0093, dir_acc=48.9%, pos=0%, unique=180, sharpe=-130.47
    h2: std=0.0020, dir_acc=49.4%, pos=0%, unique=175, sharpe=-721.66
    h3: std=0.0019, dir_acc=50.0%, pos=0%, unique=176, sharpe=-598.36
    h4: std=0.0024, dir_acc=49.4%, pos=0%, unique=177, sharpe=-259.41
    h5: std=0.0025, dir_acc=51.7%, pos=24%, unique=179, sharpe=-13.99
    ... (15 more horizons)
  Aggregate: std_avg=0.0030, dir_acc_avg=51.2%, composite_avg=0.3903
  H1 detail: range=0.0320, mean=-0.0763, dist_match=0.4889
  Collapse penalty: 0.000000 (threshold: 0.005000)
  Saved validation predictions to: experiments/06b_rolling/daily_3q_h20_drop025/fold_2024/collapse_monitoring/val_predictions_epoch2.npz
  Gradient norms:
    lstm_encoder: 0.000789
    lstm_decoder: 0.003319
    output_layer: 0.061345
  VSN output std:
    encoder: 0.247122
  Attention entropy: 2.993291
  Saved to: experiments/06b_rolling/daily_3q_h20_drop025/fold_2024/collapse_monitoring/collapse_monitor_latest.json
[DEBUG CollapseMonitor] on_validation_epoch_start called for epoch 3
[DEBUG CollapseMonitor] reset_temporal_state() called on loss function
Epoch 3: val_loss=0.41170454025268555
Epoch 3: train_loss=0.5098025798797607

[CollapseMonitor] Epoch 3
  [DEBUG] Processed 3 batches, 20 horizon(s)
  Multi-horizon metrics (20 horizons):
    h1: std=0.0078, dir_acc=50.0%, pos=52%, unique=177, sharpe=-0.91
    h2: std=0.0012, dir_acc=49.4%, pos=0%, unique=176, sharpe=-394.49
    h3: std=0.0016, dir_acc=50.0%, pos=0%, unique=176, sharpe=-250.76
    h4: std=0.0020, dir_acc=49.4%, pos=0%, unique=174, sharpe=-63.62
    h5: std=0.0022, dir_acc=50.6%, pos=100%, unique=177, sharpe=98.14
    ... (15 more horizons)
  Aggregate: std_avg=0.0025, dir_acc_avg=51.2%, composite_avg=0.3935
  H1 detail: range=0.0275, mean=-0.0004, dist_match=0.9889
  Collapse penalty: 0.000000 (threshold: 0.005000)
  Saved validation predictions to: experiments/06b_rolling/daily_3q_h20_drop025/fold_2024/collapse_monitoring/val_predictions_epoch3.npz
  Gradient norms:
    lstm_encoder: 0.000577
    lstm_decoder: 0.002628
    output_layer: 0.047991
  VSN output std:
    encoder: 0.246226
  Attention entropy: 2.992951
  Saved to: experiments/06b_rolling/daily_3q_h20_drop025/fold_2024/collapse_monitoring/collapse_monitor_latest.json
[DEBUG CollapseMonitor] on_validation_epoch_start called for epoch 4
[DEBUG CollapseMonitor] reset_temporal_state() called on loss function
Epoch 4: val_loss=0.41010022163391113
Epoch 4: train_loss=0.5045129060745239

[CollapseMonitor] Epoch 4
  [DEBUG] Processed 3 batches, 20 horizon(s)
  Multi-horizon metrics (20 horizons):
    h1: std=0.0069, dir_acc=51.1%, pos=100%, unique=179, sharpe=155.96
    h2: std=0.0009, dir_acc=50.6%, pos=100%, unique=176, sharpe=482.85
    h3: std=0.0015, dir_acc=50.0%, pos=100%, unique=180, sharpe=242.98
    h4: std=0.0019, dir_acc=50.6%, pos=100%, unique=178, sharpe=267.37
    h5: std=0.0020, dir_acc=50.6%, pos=100%, unique=174, sharpe=351.50
    ... (15 more horizons)
  Aggregate: std_avg=0.0022, dir_acc_avg=51.4%, composite_avg=0.3890
  H1 detail: range=0.0251, mean=0.0677, dist_match=0.5111
  Collapse penalty: 0.000000 (threshold: 0.005000)
  Saved validation predictions to: experiments/06b_rolling/daily_3q_h20_drop025/fold_2024/collapse_monitoring/val_predictions_epoch4.npz
  Gradient norms:
    lstm_encoder: 0.000438
    lstm_decoder: 0.002157
    output_layer: 0.043297
  VSN output std:
    encoder: 0.244481
  Attention entropy: 2.992822
  Saved to: experiments/06b_rolling/daily_3q_h20_drop025/fold_2024/collapse_monitoring/collapse_monitor_latest.json
[DEBUG CollapseMonitor] on_validation_epoch_start called for epoch 5
[DEBUG CollapseMonitor] reset_temporal_state() called on loss function
Epoch 5: val_loss=0.4095615744590759
Epoch 5: train_loss=0.5032602548599243

[CollapseMonitor] Epoch 5
  [DEBUG] Processed 3 batches, 20 horizon(s)
  Multi-horizon metrics (20 horizons):
    h1: std=0.0064, dir_acc=51.1%, pos=100%, unique=179, sharpe=255.46
    h2: std=0.0009, dir_acc=50.6%, pos=100%, unique=176, sharpe=1008.34
    h3: std=0.0016, dir_acc=50.0%, pos=100%, unique=175, sharpe=496.96
    h4: std=0.0019, dir_acc=50.6%, pos=100%, unique=177, sharpe=440.39
    h5: std=0.0020, dir_acc=50.6%, pos=100%, unique=175, sharpe=480.67
    ... (15 more horizons)
  Aggregate: std_avg=0.0022, dir_acc_avg=51.4%, composite_avg=0.3890
  H1 detail: range=0.0245, mean=0.1028, dist_match=0.5111
  Collapse penalty: 0.000000 (threshold: 0.005000)
  Saved validation predictions to: experiments/06b_rolling/daily_3q_h20_drop025/fold_2024/collapse_monitoring/val_predictions_epoch5.npz
  Gradient norms:
    lstm_encoder: 0.000399
    lstm_decoder: 0.001818
    output_layer: 0.037776
  VSN output std:
    encoder: 0.242018
  Attention entropy: 2.992779
  Saved to: experiments/06b_rolling/daily_3q_h20_drop025/fold_2024/collapse_monitoring/collapse_monitor_latest.json
[DEBUG CollapseMonitor] on_validation_epoch_start called for epoch 6
[DEBUG CollapseMonitor] reset_temporal_state() called on loss function
Epoch 6: val_loss=0.40943285822868347
Epoch 6: train_loss=0.49998536705970764

[CollapseMonitor] Epoch 6
  [DEBUG] Processed 3 batches, 20 horizon(s)
  Multi-horizon metrics (20 horizons):
    h1: std=0.0061, dir_acc=51.1%, pos=100%, unique=175, sharpe=332.64
    h2: std=0.0015, dir_acc=50.6%, pos=100%, unique=177, sharpe=905.77
    h3: std=0.0021, dir_acc=50.0%, pos=100%, unique=178, sharpe=530.58
    h4: std=0.0024, dir_acc=50.6%, pos=100%, unique=176, sharpe=467.51
    h5: std=0.0025, dir_acc=50.6%, pos=100%, unique=173, sharpe=483.52
    ... (15 more horizons)
  Aggregate: std_avg=0.0025, dir_acc_avg=51.4%, composite_avg=0.3890
  H1 detail: range=0.0252, mean=0.1281, dist_match=0.5111
  Collapse penalty: 0.000000 (threshold: 0.005000)
  Saved validation predictions to: experiments/06b_rolling/daily_3q_h20_drop025/fold_2024/collapse_monitoring/val_predictions_epoch6.npz
  Gradient norms:
    lstm_encoder: 0.000344
    lstm_decoder: 0.001930
    output_layer: 0.040190
  VSN output std:
    encoder: 0.237108
  Attention entropy: 2.992680
  Saved to: experiments/06b_rolling/daily_3q_h20_drop025/fold_2024/collapse_monitoring/collapse_monitor_latest.json
[DEBUG CollapseMonitor] on_validation_epoch_start called for epoch 7
[DEBUG CollapseMonitor] reset_temporal_state() called on loss function
Epoch 7: val_loss=0.4089861512184143
Epoch 7: train_loss=0.4973674416542053

[CollapseMonitor] Epoch 7
  [DEBUG] Processed 3 batches, 20 horizon(s)
  Multi-horizon metrics (20 horizons):
    h1: std=0.0058, dir_acc=51.1%, pos=100%, unique=179, sharpe=368.85
    h2: std=0.0052, dir_acc=50.6%, pos=100%, unique=174, sharpe=277.60
    h3: std=0.0057, dir_acc=50.0%, pos=100%, unique=175, sharpe=211.34
    h4: std=0.0058, dir_acc=50.6%, pos=100%, unique=175, sharpe=204.01
    h5: std=0.0057, dir_acc=50.6%, pos=100%, unique=177, sharpe=215.57
    ... (15 more horizons)
  Aggregate: std_avg=0.0048, dir_acc_avg=51.4%, composite_avg=0.3890
  H1 detail: range=0.0248, mean=0.1343, dist_match=0.5111
  Collapse penalty: 0.000000 (threshold: 0.005000)
  Saved validation predictions to: experiments/06b_rolling/daily_3q_h20_drop025/fold_2024/collapse_monitoring/val_predictions_epoch7.npz
  Gradient norms:
    lstm_encoder: 0.000349
    lstm_decoder: 0.001707
    output_layer: 0.038683
  VSN output std:
    encoder: 0.225835
  Attention entropy: 2.989886
  Saved to: experiments/06b_rolling/daily_3q_h20_drop025/fold_2024/collapse_monitoring/collapse_monitor_latest.json
[DEBUG CollapseMonitor] on_validation_epoch_start called for epoch 8
[DEBUG CollapseMonitor] reset_temporal_state() called on loss function
Epoch 8: val_loss=0.40841442346572876
Epoch 8: train_loss=0.5008735060691833

[CollapseMonitor] Epoch 8
  [DEBUG] Processed 3 batches, 20 horizon(s)
  Multi-horizon metrics (20 horizons):
    h1: std=0.0101, dir_acc=51.1%, pos=100%, unique=178, sharpe=215.38
    h2: std=0.0120, dir_acc=50.6%, pos=100%, unique=179, sharpe=126.70
    h3: std=0.0127, dir_acc=50.0%, pos=100%, unique=168, sharpe=101.72
    h4: std=0.0127, dir_acc=50.6%, pos=100%, unique=174, sharpe=98.67
    h5: std=0.0125, dir_acc=50.6%, pos=100%, unique=180, sharpe=102.43
    ... (15 more horizons)
  Aggregate: std_avg=0.0107, dir_acc_avg=51.4%, composite_avg=0.3890
  H1 detail: range=0.0525, mean=0.1376, dist_match=0.5111
  Collapse penalty: 0.000000 (threshold: 0.005000)
  Saved validation predictions to: experiments/06b_rolling/daily_3q_h20_drop025/fold_2024/collapse_monitoring/val_predictions_epoch8.npz
  Gradient norms:
    lstm_encoder: 0.000345
    lstm_decoder: 0.001696
    output_layer: 0.037486
  VSN output std:
    encoder: 0.204986
  Attention entropy: 2.985133
  Saved to: experiments/06b_rolling/daily_3q_h20_drop025/fold_2024/collapse_monitoring/collapse_monitor_latest.json
[DEBUG CollapseMonitor] on_validation_epoch_start called for epoch 9
[DEBUG CollapseMonitor] reset_temporal_state() called on loss function
Epoch 9: val_loss=0.4081849753856659
Epoch 9: train_loss=0.49836575984954834

[CollapseMonitor] Epoch 9
  [DEBUG] Processed 3 batches, 20 horizon(s)
  Multi-horizon metrics (20 horizons):
    h1: std=0.0186, dir_acc=51.1%, pos=100%, unique=178, sharpe=126.59
    h2: std=0.0210, dir_acc=50.6%, pos=100%, unique=179, sharpe=79.66
    h3: std=0.0216, dir_acc=50.0%, pos=100%, unique=178, sharpe=67.77
    h4: std=0.0214, dir_acc=50.6%, pos=100%, unique=179, sharpe=66.71
    h5: std=0.0211, dir_acc=50.6%, pos=100%, unique=180, sharpe=68.91
    ... (15 more horizons)
  Aggregate: std_avg=0.0190, dir_acc_avg=51.4%, composite_avg=0.3890
  H1 detail: range=0.0764, mean=0.1482, dist_match=0.5111
  Collapse penalty: 0.000000 (threshold: 0.005000)
  Saved validation predictions to: experiments/06b_rolling/daily_3q_h20_drop025/fold_2024/collapse_monitoring/val_predictions_epoch9.npz
  Gradient norms:
    lstm_encoder: 0.000355
    lstm_decoder: 0.001633
    output_layer: 0.040405
  VSN output std:
    encoder: 0.203382
  Attention entropy: 2.973935
  Saved to: experiments/06b_rolling/daily_3q_h20_drop025/fold_2024/collapse_monitoring/collapse_monitor_latest.json
[DEBUG CollapseMonitor] on_validation_epoch_start called for epoch 10
[DEBUG CollapseMonitor] reset_temporal_state() called on loss function
Epoch 10: val_loss=0.40687087178230286
Epoch 10: train_loss=0.49537190794944763

[CollapseMonitor] Epoch 10
  [DEBUG] Processed 3 batches, 20 horizon(s)
  Multi-horizon metrics (20 horizons):
    h1: std=0.0314, dir_acc=51.1%, pos=100%, unique=179, sharpe=68.77
    h2: std=0.0341, dir_acc=50.6%, pos=100%, unique=177, sharpe=42.00
    h3: std=0.0346, dir_acc=50.0%, pos=100%, unique=179, sharpe=35.31
    h4: std=0.0340, dir_acc=50.6%, pos=100%, unique=178, sharpe=34.94
    h5: std=0.0334, dir_acc=50.6%, pos=100%, unique=177, sharpe=36.41
    ... (15 more horizons)
  Aggregate: std_avg=0.0303, dir_acc_avg=51.4%, composite_avg=0.3890
  H1 detail: range=0.1066, mean=0.1359, dist_match=0.5111
  Collapse penalty: 0.000000 (threshold: 0.005000)
  Saved validation predictions to: experiments/06b_rolling/daily_3q_h20_drop025/fold_2024/collapse_monitoring/val_predictions_epoch10.npz
  Gradient norms:
    lstm_encoder: 0.000359
    lstm_decoder: 0.001612
    output_layer: 0.036289
  VSN output std:
    encoder: 0.221369
  Attention entropy: 2.959179
  Saved to: experiments/06b_rolling/daily_3q_h20_drop025/fold_2024/collapse_monitoring/collapse_monitor_latest.json
[DEBUG CollapseMonitor] on_validation_epoch_start called for epoch 11
[DEBUG CollapseMonitor] reset_temporal_state() called on loss function
Epoch 11: val_loss=0.40627723932266235
Epoch 11: train_loss=0.4965834617614746

[CollapseMonitor] Epoch 11
  [DEBUG] Processed 3 batches, 20 horizon(s)
  Multi-horizon metrics (20 horizons):
    h1: std=0.0445, dir_acc=51.1%, pos=100%, unique=176, sharpe=50.30
    h2: std=0.0470, dir_acc=50.6%, pos=100%, unique=178, sharpe=31.84
    h3: std=0.0476, dir_acc=50.0%, pos=100%, unique=178, sharpe=26.82
    h4: std=0.0470, dir_acc=50.6%, pos=100%, unique=178, sharpe=26.51
    h5: std=0.0461, dir_acc=50.6%, pos=100%, unique=177, sharpe=27.53
    ... (15 more horizons)
  Aggregate: std_avg=0.0419, dir_acc_avg=51.4%, composite_avg=0.3890
  H1 detail: range=0.1350, mean=0.1409, dist_match=0.5111
  Collapse penalty: 0.000000 (threshold: 0.005000)
  Saved validation predictions to: experiments/06b_rolling/daily_3q_h20_drop025/fold_2024/collapse_monitoring/val_predictions_epoch11.npz
  Gradient norms:
    lstm_encoder: 0.000392
    lstm_decoder: 0.001722
    output_layer: 0.039659
  VSN output std:
    encoder: 0.245027
  Attention entropy: 2.938717
  Saved to: experiments/06b_rolling/daily_3q_h20_drop025/fold_2024/collapse_monitoring/collapse_monitor_latest.json
[DEBUG CollapseMonitor] on_validation_epoch_start called for epoch 12
[DEBUG CollapseMonitor] reset_temporal_state() called on loss function
Epoch 12: val_loss=0.40621596574783325
Epoch 12: train_loss=0.4937014579772949

[CollapseMonitor] Epoch 12
  [DEBUG] Processed 3 batches, 20 horizon(s)
  Multi-horizon metrics (20 horizons):
    h1: std=0.0575, dir_acc=51.1%, pos=100%, unique=179, sharpe=42.52
    h2: std=0.0605, dir_acc=50.6%, pos=100%, unique=179, sharpe=28.33
    h3: std=0.0621, dir_acc=50.0%, pos=100%, unique=180, sharpe=23.86
    h4: std=0.0619, dir_acc=50.6%, pos=100%, unique=180, sharpe=23.29
    h5: std=0.0613, dir_acc=50.6%, pos=100%, unique=180, sharpe=23.83
    ... (15 more horizons)
  Aggregate: std_avg=0.0565, dir_acc_avg=51.4%, composite_avg=0.3890
  H1 detail: range=0.1655, mean=0.1541, dist_match=0.5111
  Collapse penalty: 0.000000 (threshold: 0.005000)
  Saved validation predictions to: experiments/06b_rolling/daily_3q_h20_drop025/fold_2024/collapse_monitoring/val_predictions_epoch12.npz
  Gradient norms:
    lstm_encoder: 0.000374
    lstm_decoder: 0.001596
    output_layer: 0.032270
  VSN output std:
    encoder: 0.262809
  Attention entropy: 2.911392
  Saved to: experiments/06b_rolling/daily_3q_h20_drop025/fold_2024/collapse_monitoring/collapse_monitor_latest.json
[DEBUG CollapseMonitor] on_validation_epoch_start called for epoch 13
[DEBUG CollapseMonitor] reset_temporal_state() called on loss function
Epoch 13: val_loss=0.40600094199180603
Epoch 13: train_loss=0.4868852198123932

[CollapseMonitor] Epoch 13
  [DEBUG] Processed 3 batches, 20 horizon(s)
  Multi-horizon metrics (20 horizons):
    h1: std=0.0628, dir_acc=51.1%, pos=100%, unique=177, sharpe=38.04
    h2: std=0.0667, dir_acc=50.6%, pos=100%, unique=179, sharpe=24.99
    h3: std=0.0700, dir_acc=50.0%, pos=100%, unique=180, sharpe=20.45
    h4: std=0.0710, dir_acc=50.6%, pos=100%, unique=178, sharpe=19.57
    h5: std=0.0714, dir_acc=50.6%, pos=100%, unique=180, sharpe=19.74
    ... (15 more horizons)
  Aggregate: std_avg=0.0678, dir_acc_avg=51.4%, composite_avg=0.3890
  H1 detail: range=0.1734, mean=0.1506, dist_match=0.5111
  Collapse penalty: 0.000000 (threshold: 0.005000)
  Saved validation predictions to: experiments/06b_rolling/daily_3q_h20_drop025/fold_2024/collapse_monitoring/val_predictions_epoch13.npz
  Gradient norms:
    lstm_encoder: 0.000403
    lstm_decoder: 0.001534
    output_layer: 0.036942
  VSN output std:
    encoder: 0.267873
  Attention entropy: 2.884506
  Saved to: experiments/06b_rolling/daily_3q_h20_drop025/fold_2024/collapse_monitoring/collapse_monitor_latest.json
[DEBUG CollapseMonitor] on_validation_epoch_start called for epoch 14
[DEBUG CollapseMonitor] reset_temporal_state() called on loss function
Epoch 14: val_loss=0.40586408972740173
Epoch 14: train_loss=0.49131542444229126

[CollapseMonitor] Epoch 14
  [DEBUG] Processed 3 batches, 20 horizon(s)
  Multi-horizon metrics (20 horizons):
    h1: std=0.0552, dir_acc=51.1%, pos=100%, unique=178, sharpe=39.47
    h2: std=0.0600, dir_acc=50.6%, pos=100%, unique=178, sharpe=24.33
    h3: std=0.0647, dir_acc=50.0%, pos=100%, unique=176, sharpe=18.87
    h4: std=0.0669, dir_acc=50.6%, pos=100%, unique=177, sharpe=17.63
    h5: std=0.0682, dir_acc=50.6%, pos=100%, unique=176, sharpe=17.60
    ... (15 more horizons)
  Aggregate: std_avg=0.0667, dir_acc_avg=51.4%, composite_avg=0.3890
  H1 detail: range=0.1505, mean=0.1372, dist_match=0.5111
  Collapse penalty: 0.000000 (threshold: 0.005000)
  Saved validation predictions to: experiments/06b_rolling/daily_3q_h20_drop025/fold_2024/collapse_monitoring/val_predictions_epoch14.npz
  Gradient norms:
    lstm_encoder: 0.000371
    lstm_decoder: 0.001694
    output_layer: 0.036313
  VSN output std:
    encoder: 0.269106
  Attention entropy: 2.864822
  Saved to: experiments/06b_rolling/daily_3q_h20_drop025/fold_2024/collapse_monitoring/collapse_monitor_latest.json
[DEBUG CollapseMonitor] on_validation_epoch_start called for epoch 15
[DEBUG CollapseMonitor] reset_temporal_state() called on loss function
Epoch 15: val_loss=0.40639734268188477
Epoch 15: train_loss=0.48862844705581665

[CollapseMonitor] Epoch 15
  [DEBUG] Processed 3 batches, 20 horizon(s)
  Multi-horizon metrics (20 horizons):
    h1: std=0.0464, dir_acc=51.1%, pos=100%, unique=180, sharpe=43.49
    h2: std=0.0517, dir_acc=50.6%, pos=100%, unique=179, sharpe=25.35
    h3: std=0.0569, dir_acc=50.0%, pos=100%, unique=179, sharpe=18.72
    h4: std=0.0596, dir_acc=50.6%, pos=100%, unique=178, sharpe=17.04
    h5: std=0.0613, dir_acc=50.6%, pos=100%, unique=177, sharpe=16.80
    ... (15 more horizons)
  Aggregate: std_avg=0.0609, dir_acc_avg=51.4%, composite_avg=0.3890
  H1 detail: range=0.1330, mean=0.1271, dist_match=0.5111
  Collapse penalty: 0.000000 (threshold: 0.005000)
  Saved validation predictions to: experiments/06b_rolling/daily_3q_h20_drop025/fold_2024/collapse_monitoring/val_predictions_epoch15.npz
  Gradient norms:
    lstm_encoder: 0.000465
    lstm_decoder: 0.001724
    output_layer: 0.038168
  VSN output std:
    encoder: 0.265445
  Attention entropy: 2.856670
  Saved to: experiments/06b_rolling/daily_3q_h20_drop025/fold_2024/collapse_monitoring/collapse_monitor_latest.json
[DEBUG CollapseMonitor] on_validation_epoch_start called for epoch 16
[DEBUG CollapseMonitor] reset_temporal_state() called on loss function
Epoch 16: val_loss=0.4077717363834381
Epoch 16: train_loss=0.488412082195282

[CollapseMonitor] Epoch 16
  [DEBUG] Processed 3 batches, 20 horizon(s)
  Multi-horizon metrics (20 horizons):
    h1: std=0.0401, dir_acc=51.1%, pos=100%, unique=178, sharpe=52.74
    h2: std=0.0453, dir_acc=50.6%, pos=100%, unique=179, sharpe=31.71
    h3: std=0.0507, dir_acc=50.0%, pos=100%, unique=178, sharpe=23.82
    h4: std=0.0537, dir_acc=50.6%, pos=100%, unique=178, sharpe=21.68
    h5: std=0.0556, dir_acc=50.6%, pos=100%, unique=180, sharpe=21.20
    ... (15 more horizons)
  Aggregate: std_avg=0.0562, dir_acc_avg=51.4%, composite_avg=0.3890
  H1 detail: range=0.1216, mean=0.1331, dist_match=0.5111
  Collapse penalty: 0.000000 (threshold: 0.005000)
  Saved validation predictions to: experiments/06b_rolling/daily_3q_h20_drop025/fold_2024/collapse_monitoring/val_predictions_epoch16.npz
  Gradient norms:
    lstm_encoder: 0.000545
    lstm_decoder: 0.001773
    output_layer: 0.039372
  VSN output std:
    encoder: 0.258122
  Attention entropy: 2.858784
  Saved to: experiments/06b_rolling/daily_3q_h20_drop025/fold_2024/collapse_monitoring/collapse_monitor_latest.json
[DEBUG CollapseMonitor] on_validation_epoch_start called for epoch 17
[DEBUG CollapseMonitor] reset_temporal_state() called on loss function
Epoch 17: val_loss=0.4082936644554138
Epoch 17: train_loss=0.4876616597175598

[CollapseMonitor] Epoch 17
  [DEBUG] Processed 3 batches, 20 horizon(s)
  Multi-horizon metrics (20 horizons):
    h1: std=0.0334, dir_acc=51.1%, pos=100%, unique=180, sharpe=63.54
    h2: std=0.0385, dir_acc=50.6%, pos=100%, unique=178, sharpe=38.04
    h3: std=0.0437, dir_acc=50.0%, pos=100%, unique=178, sharpe=28.36
    h4: std=0.0466, dir_acc=50.6%, pos=100%, unique=176, sharpe=25.49
    h5: std=0.0486, dir_acc=50.6%, pos=100%, unique=176, sharpe=24.57
    ... (15 more horizons)
  Aggregate: std_avg=0.0496, dir_acc_avg=51.4%, composite_avg=0.3890
  H1 detail: range=0.1090, mean=0.1337, dist_match=0.5111
  Collapse penalty: 0.000000 (threshold: 0.005000)
  Saved validation predictions to: experiments/06b_rolling/daily_3q_h20_drop025/fold_2024/collapse_monitoring/val_predictions_epoch17.npz
  Gradient norms:
    lstm_encoder: 0.000624
    lstm_decoder: 0.001698
    output_layer: 0.036066
  VSN output std:
    encoder: 0.256663
  Attention entropy: 2.852998
  Saved to: experiments/06b_rolling/daily_3q_h20_drop025/fold_2024/collapse_monitoring/collapse_monitor_latest.json
[DEBUG CollapseMonitor] on_validation_epoch_start called for epoch 18
[DEBUG CollapseMonitor] reset_temporal_state() called on loss function
Epoch 18: val_loss=0.4092833697795868
Epoch 18: train_loss=0.48314744234085083

[CollapseMonitor] Epoch 18
  [DEBUG] Processed 3 batches, 20 horizon(s)
  Multi-horizon metrics (20 horizons):
    h1: std=0.0312, dir_acc=51.1%, pos=100%, unique=179, sharpe=71.15
    h2: std=0.0364, dir_acc=50.6%, pos=100%, unique=179, sharpe=44.24
    h3: std=0.0417, dir_acc=50.0%, pos=100%, unique=179, sharpe=33.61
    h4: std=0.0449, dir_acc=50.6%, pos=100%, unique=180, sharpe=30.28
    h5: std=0.0471, dir_acc=50.6%, pos=100%, unique=178, sharpe=29.04
    ... (15 more horizons)
  Aggregate: std_avg=0.0489, dir_acc_avg=51.4%, composite_avg=0.3890
  H1 detail: range=0.1027, mean=0.1397, dist_match=0.5111
  Collapse penalty: 0.000000 (threshold: 0.005000)
  Saved validation predictions to: experiments/06b_rolling/daily_3q_h20_drop025/fold_2024/collapse_monitoring/val_predictions_epoch18.npz
  Gradient norms:
    lstm_encoder: 0.000616
    lstm_decoder: 0.001655
    output_layer: 0.035244
  VSN output std:
    encoder: 0.268569
  Attention entropy: 2.836772
  Saved to: experiments/06b_rolling/daily_3q_h20_drop025/fold_2024/collapse_monitoring/collapse_monitor_latest.json
[DEBUG CollapseMonitor] on_validation_epoch_start called for epoch 19
[DEBUG CollapseMonitor] reset_temporal_state() called on loss function
Epoch 19: val_loss=0.4100058972835541
Epoch 19: train_loss=0.48385146260261536

[CollapseMonitor] Epoch 19
  [DEBUG] Processed 3 batches, 20 horizon(s)
  Multi-horizon metrics (20 horizons):
    h1: std=0.0321, dir_acc=51.1%, pos=100%, unique=179, sharpe=64.83
    h2: std=0.0369, dir_acc=50.6%, pos=100%, unique=179, sharpe=40.66
    h3: std=0.0419, dir_acc=50.0%, pos=100%, unique=177, sharpe=31.16
    h4: std=0.0449, dir_acc=50.6%, pos=100%, unique=179, sharpe=28.16
    h5: std=0.0470, dir_acc=50.6%, pos=100%, unique=179, sharpe=27.01
    ... (15 more horizons)
  Aggregate: std_avg=0.0490, dir_acc_avg=51.4%, composite_avg=0.3890
  H1 detail: range=0.1029, mean=0.1310, dist_match=0.5111
  Collapse penalty: 0.000000 (threshold: 0.005000)
  Saved validation predictions to: experiments/06b_rolling/daily_3q_h20_drop025/fold_2024/collapse_monitoring/val_predictions_epoch19.npz
  Gradient norms:
    lstm_encoder: 0.000649
    lstm_decoder: 0.001822
    output_layer: 0.037201
  VSN output std:
    encoder: 0.271190
  Attention entropy: 2.832134
  Saved to: experiments/06b_rolling/daily_3q_h20_drop025/fold_2024/collapse_monitoring/collapse_monitor_latest.json
[DEBUG CollapseMonitor] on_validation_epoch_start called for epoch 20
[DEBUG CollapseMonitor] reset_temporal_state() called on loss function
Epoch 20: val_loss=0.41042056679725647
Epoch 20: train_loss=0.48170486092567444

[CollapseMonitor] Epoch 20
  [DEBUG] Processed 3 batches, 20 horizon(s)
  Multi-horizon metrics (20 horizons):
    h1: std=0.0227, dir_acc=51.1%, pos=100%, unique=180, sharpe=91.56
    h2: std=0.0274, dir_acc=50.6%, pos=100%, unique=179, sharpe=55.60
    h3: std=0.0326, dir_acc=50.0%, pos=100%, unique=179, sharpe=41.23
    h4: std=0.0358, dir_acc=50.6%, pos=100%, unique=177, sharpe=36.60
    h5: std=0.0382, dir_acc=50.6%, pos=100%, unique=178, sharpe=34.67
    ... (15 more horizons)
  Aggregate: std_avg=0.0414, dir_acc_avg=51.4%, composite_avg=0.3890
  H1 detail: range=0.0855, mean=0.1310, dist_match=0.5111
  Collapse penalty: 0.000000 (threshold: 0.005000)
  Saved validation predictions to: experiments/06b_rolling/daily_3q_h20_drop025/fold_2024/collapse_monitoring/val_predictions_epoch20.npz
  Gradient norms:
    lstm_encoder: 0.000654
    lstm_decoder: 0.001617
    output_layer: 0.032828
  VSN output std:
    encoder: 0.273425
  Attention entropy: 2.823555
  Saved to: experiments/06b_rolling/daily_3q_h20_drop025/fold_2024/collapse_monitoring/collapse_monitor_latest.json
[DEBUG CollapseMonitor] on_validation_epoch_start called for epoch 21
[DEBUG CollapseMonitor] reset_temporal_state() called on loss function
Epoch 21: val_loss=0.4107353687286377
Epoch 21: train_loss=0.48379868268966675

[CollapseMonitor] Epoch 21
  [DEBUG] Processed 3 batches, 20 horizon(s)
  Multi-horizon metrics (20 horizons):
    h1: std=0.0219, dir_acc=51.1%, pos=100%, unique=179, sharpe=94.35
    h2: std=0.0263, dir_acc=50.6%, pos=100%, unique=179, sharpe=57.94
    h3: std=0.0313, dir_acc=50.0%, pos=100%, unique=178, sharpe=43.19
    h4: std=0.0345, dir_acc=50.6%, pos=100%, unique=179, sharpe=38.36
    h5: std=0.0368, dir_acc=50.6%, pos=100%, unique=178, sharpe=36.30
    ... (15 more horizons)
  Aggregate: std_avg=0.0400, dir_acc_avg=51.4%, composite_avg=0.3890
  H1 detail: range=0.0832, mean=0.1303, dist_match=0.5111
  Collapse penalty: 0.000000 (threshold: 0.005000)
  Saved validation predictions to: experiments/06b_rolling/daily_3q_h20_drop025/fold_2024/collapse_monitoring/val_predictions_epoch21.npz
  Gradient norms:
    lstm_encoder: 0.000770
    lstm_decoder: 0.001992
    output_layer: 0.041298
  VSN output std:
    encoder: 0.274706
  Attention entropy: 2.832079
  Saved to: experiments/06b_rolling/daily_3q_h20_drop025/fold_2024/collapse_monitoring/collapse_monitor_latest.json
[DEBUG CollapseMonitor] on_validation_epoch_start called for epoch 22
[DEBUG CollapseMonitor] reset_temporal_state() called on loss function
Epoch 22: val_loss=0.4110097289085388
Epoch 22: train_loss=0.4838293492794037

[CollapseMonitor] Epoch 22
  [DEBUG] Processed 3 batches, 20 horizon(s)
  Multi-horizon metrics (20 horizons):
    h1: std=0.0208, dir_acc=51.1%, pos=100%, unique=179, sharpe=99.24
    h2: std=0.0247, dir_acc=50.6%, pos=100%, unique=180, sharpe=62.24
    h3: std=0.0295, dir_acc=50.0%, pos=100%, unique=178, sharpe=46.60
    h4: std=0.0327, dir_acc=50.6%, pos=100%, unique=179, sharpe=41.41
    h5: std=0.0350, dir_acc=50.6%, pos=100%, unique=179, sharpe=39.13
    ... (15 more horizons)
  Aggregate: std_avg=0.0387, dir_acc_avg=51.4%, composite_avg=0.3890
  H1 detail: range=0.0793, mean=0.1298, dist_match=0.5111
  Collapse penalty: 0.000000 (threshold: 0.005000)
  Saved validation predictions to: experiments/06b_rolling/daily_3q_h20_drop025/fold_2024/collapse_monitoring/val_predictions_epoch22.npz
  Gradient norms:
    lstm_encoder: 0.000731
    lstm_decoder: 0.001723
    output_layer: 0.035065
  VSN output std:
    encoder: 0.273027
  Attention entropy: 2.838495
  Saved to: experiments/06b_rolling/daily_3q_h20_drop025/fold_2024/collapse_monitoring/collapse_monitor_latest.json
[DEBUG CollapseMonitor] on_validation_epoch_start called for epoch 23
[DEBUG CollapseMonitor] reset_temporal_state() called on loss function
Epoch 23: val_loss=0.41096463799476624
Epoch 23: train_loss=0.4838142991065979

[CollapseMonitor] Epoch 23
  [DEBUG] Processed 3 batches, 20 horizon(s)
  Multi-horizon metrics (20 horizons):
    h1: std=0.0202, dir_acc=51.1%, pos=100%, unique=179, sharpe=95.18
    h2: std=0.0240, dir_acc=50.6%, pos=100%, unique=179, sharpe=58.76
    h3: std=0.0286, dir_acc=50.0%, pos=100%, unique=176, sharpe=43.68
    h4: std=0.0317, dir_acc=50.6%, pos=100%, unique=179, sharpe=38.71
    h5: std=0.0340, dir_acc=50.6%, pos=100%, unique=178, sharpe=36.56
    ... (15 more horizons)
  Aggregate: std_avg=0.0378, dir_acc_avg=51.4%, composite_avg=0.3890
  H1 detail: range=0.0775, mean=0.1214, dist_match=0.5111
  Collapse penalty: 0.000000 (threshold: 0.005000)
  Saved validation predictions to: experiments/06b_rolling/daily_3q_h20_drop025/fold_2024/collapse_monitoring/val_predictions_epoch23.npz
  Gradient norms:
    lstm_encoder: 0.000710
    lstm_decoder: 0.001767
    output_layer: 0.035685
  VSN output std:
    encoder: 0.272550
  Attention entropy: 2.842063
  Saved to: experiments/06b_rolling/daily_3q_h20_drop025/fold_2024/collapse_monitoring/collapse_monitor_latest.json
[DEBUG CollapseMonitor] on_validation_epoch_start called for epoch 24
[DEBUG CollapseMonitor] reset_temporal_state() called on loss function
Epoch 24: val_loss=0.4119724631309509
Epoch 24: train_loss=0.48272961378097534

[CollapseMonitor] Epoch 24
  [DEBUG] Processed 3 batches, 20 horizon(s)
  Multi-horizon metrics (20 horizons):
    h1: std=0.0157, dir_acc=51.1%, pos=100%, unique=180, sharpe=122.23
    h2: std=0.0186, dir_acc=50.6%, pos=100%, unique=180, sharpe=76.75
    h3: std=0.0230, dir_acc=50.0%, pos=100%, unique=179, sharpe=55.59
    h4: std=0.0260, dir_acc=50.6%, pos=100%, unique=177, sharpe=48.39
    h5: std=0.0284, dir_acc=50.6%, pos=100%, unique=179, sharpe=45.04
    ... (15 more horizons)
  Aggregate: std_avg=0.0326, dir_acc_avg=51.4%, composite_avg=0.3890
  H1 detail: range=0.0673, mean=0.1211, dist_match=0.5111
  Collapse penalty: 0.000000 (threshold: 0.005000)
  Saved validation predictions to: experiments/06b_rolling/daily_3q_h20_drop025/fold_2024/collapse_monitoring/val_predictions_epoch24.npz
  Gradient norms:
    lstm_encoder: 0.000714
    lstm_decoder: 0.001738
    output_layer: 0.034150
  VSN output std:
    encoder: 0.273916
  Attention entropy: 2.832609
  Saved to: experiments/06b_rolling/daily_3q_h20_drop025/fold_2024/collapse_monitoring/collapse_monitor_latest.json
[DEBUG CollapseMonitor] on_validation_epoch_start called for epoch 25
[DEBUG CollapseMonitor] reset_temporal_state() called on loss function
Epoch 25: val_loss=0.41256946325302124
Epoch 25: train_loss=0.4846956431865692

[CollapseMonitor] Epoch 25
  [DEBUG] Processed 3 batches, 20 horizon(s)
  Multi-horizon metrics (20 horizons):
    h1: std=0.0136, dir_acc=51.1%, pos=100%, unique=180, sharpe=136.68
    h2: std=0.0157, dir_acc=50.6%, pos=100%, unique=179, sharpe=87.52
    h3: std=0.0199, dir_acc=50.0%, pos=100%, unique=178, sharpe=62.25
    h4: std=0.0229, dir_acc=50.6%, pos=100%, unique=178, sharpe=53.51
    h5: std=0.0253, dir_acc=50.6%, pos=100%, unique=179, sharpe=49.38
    ... (15 more horizons)
  Aggregate: std_avg=0.0298, dir_acc_avg=51.4%, composite_avg=0.3890
  H1 detail: range=0.0619, mean=0.1170, dist_match=0.5111
  Collapse penalty: 0.000000 (threshold: 0.005000)
  Saved validation predictions to: experiments/06b_rolling/daily_3q_h20_drop025/fold_2024/collapse_monitoring/val_predictions_epoch25.npz
  Gradient norms:
    lstm_encoder: 0.000763
    lstm_decoder: 0.001838
    output_layer: 0.036166
  VSN output std:
    encoder: 0.273224
  Attention entropy: 2.832085
  Saved to: experiments/06b_rolling/daily_3q_h20_drop025/fold_2024/collapse_monitoring/collapse_monitor_latest.json
[DEBUG CollapseMonitor] on_validation_epoch_start called for epoch 26
[DEBUG CollapseMonitor] reset_temporal_state() called on loss function
Epoch 26: val_loss=0.413185715675354
Epoch 26: train_loss=0.48372507095336914

[CollapseMonitor] Epoch 26
  [DEBUG] Processed 3 batches, 20 horizon(s)
  Multi-horizon metrics (20 horizons):
    h1: std=0.0128, dir_acc=51.1%, pos=100%, unique=179, sharpe=144.84
    h2: std=0.0130, dir_acc=50.6%, pos=100%, unique=179, sharpe=106.37
    h3: std=0.0165, dir_acc=50.0%, pos=100%, unique=180, sharpe=75.84
    h4: std=0.0193, dir_acc=50.6%, pos=100%, unique=178, sharpe=64.38
    h5: std=0.0215, dir_acc=50.6%, pos=100%, unique=177, sharpe=58.67
    ... (15 more horizons)
  Aggregate: std_avg=0.0264, dir_acc_avg=51.4%, composite_avg=0.3890
  H1 detail: range=0.0559, mean=0.1165, dist_match=0.5111
  Collapse penalty: 0.000000 (threshold: 0.005000)
  Saved validation predictions to: experiments/06b_rolling/daily_3q_h20_drop025/fold_2024/collapse_monitoring/val_predictions_epoch26.npz
  Gradient norms:
    lstm_encoder: 0.000809
    lstm_decoder: 0.001871
    output_layer: 0.036907
  VSN output std:
    encoder: 0.272094
  Attention entropy: 2.828283
  Saved to: experiments/06b_rolling/daily_3q_h20_drop025/fold_2024/collapse_monitoring/collapse_monitor_latest.json
[DEBUG CollapseMonitor] on_validation_epoch_start called for epoch 27
[DEBUG CollapseMonitor] reset_temporal_state() called on loss function
Epoch 27: val_loss=0.4139915108680725
Epoch 27: train_loss=0.4831332564353943

[CollapseMonitor] Epoch 27
  [DEBUG] Processed 3 batches, 20 horizon(s)
  Multi-horizon metrics (20 horizons):
    h1: std=0.0143, dir_acc=51.1%, pos=100%, unique=180, sharpe=124.94
    h2: std=0.0121, dir_acc=50.6%, pos=100%, unique=179, sharpe=109.89
    h3: std=0.0142, dir_acc=50.0%, pos=100%, unique=178, sharpe=84.60
    h4: std=0.0165, dir_acc=50.6%, pos=100%, unique=178, sharpe=72.61
    h5: std=0.0185, dir_acc=50.6%, pos=100%, unique=180, sharpe=65.97
    ... (15 more horizons)
  Aggregate: std_avg=0.0240, dir_acc_avg=51.4%, composite_avg=0.3890
  H1 detail: range=0.0617, mean=0.1125, dist_match=0.5111
  Collapse penalty: 0.000000 (threshold: 0.005000)
  Saved validation predictions to: experiments/06b_rolling/daily_3q_h20_drop025/fold_2024/collapse_monitoring/val_predictions_epoch27.npz
  Gradient norms:
    lstm_encoder: 0.000772
    lstm_decoder: 0.001617
    output_layer: 0.033468
  VSN output std:
    encoder: 0.272488
  Attention entropy: 2.825286
  Saved to: experiments/06b_rolling/daily_3q_h20_drop025/fold_2024/collapse_monitoring/collapse_monitor_latest.json
[DEBUG CollapseMonitor] on_validation_epoch_start called for epoch 28
[DEBUG CollapseMonitor] reset_temporal_state() called on loss function
Epoch 28: val_loss=0.41416096687316895
Epoch 28: train_loss=0.483183890581131

[CollapseMonitor] Epoch 28
  [DEBUG] Processed 3 batches, 20 horizon(s)
  Multi-horizon metrics (20 horizons):
    h1: std=0.0132, dir_acc=51.1%, pos=100%, unique=179, sharpe=139.02
    h2: std=0.0100, dir_acc=50.6%, pos=100%, unique=179, sharpe=140.03
    h3: std=0.0111, dir_acc=50.0%, pos=100%, unique=179, sharpe=115.32
    h4: std=0.0130, dir_acc=50.6%, pos=100%, unique=179, sharpe=98.35
    h5: std=0.0148, dir_acc=50.6%, pos=100%, unique=178, sharpe=87.81
    ... (15 more horizons)
  Aggregate: std_avg=0.0203, dir_acc_avg=51.4%, composite_avg=0.3890
  H1 detail: range=0.0622, mean=0.1159, dist_match=0.5111
  Collapse penalty: 0.000000 (threshold: 0.005000)
  Saved validation predictions to: experiments/06b_rolling/daily_3q_h20_drop025/fold_2024/collapse_monitoring/val_predictions_epoch28.npz
  Gradient norms:
    lstm_encoder: 0.000845
    lstm_decoder: 0.001687
    output_layer: 0.035271
  VSN output std:
    encoder: 0.271886
  Attention entropy: 2.825233
  Saved to: experiments/06b_rolling/daily_3q_h20_drop025/fold_2024/collapse_monitoring/collapse_monitor_latest.json
[DEBUG CollapseMonitor] on_validation_epoch_start called for epoch 29
[DEBUG CollapseMonitor] reset_temporal_state() called on loss function
Epoch 29: val_loss=0.41404053568840027
Epoch 29: train_loss=0.47843122482299805

[CollapseMonitor] Epoch 29
  [DEBUG] Processed 3 batches, 20 horizon(s)
  Multi-horizon metrics (20 horizons):
    h1: std=0.0128, dir_acc=51.1%, pos=100%, unique=180, sharpe=138.96
    h2: std=0.0096, dir_acc=50.6%, pos=100%, unique=179, sharpe=138.69
    h3: std=0.0107, dir_acc=50.0%, pos=100%, unique=180, sharpe=112.61
    h4: std=0.0126, dir_acc=50.6%, pos=100%, unique=178, sharpe=95.38
    h5: std=0.0145, dir_acc=50.6%, pos=100%, unique=179, sharpe=84.92
    ... (15 more horizons)
  Aggregate: std_avg=0.0198, dir_acc_avg=51.4%, composite_avg=0.3890
  H1 detail: range=0.0606, mean=0.1117, dist_match=0.5111
  Collapse penalty: 0.000000 (threshold: 0.005000)
  Saved validation predictions to: experiments/06b_rolling/daily_3q_h20_drop025/fold_2024/collapse_monitoring/val_predictions_epoch29.npz
  Gradient norms:
    lstm_encoder: 0.000804
    lstm_decoder: 0.001726
    output_layer: 0.035986
  VSN output std:
    encoder: 0.271605
  Attention entropy: 2.824708
  Saved to: experiments/06b_rolling/daily_3q_h20_drop025/fold_2024/collapse_monitoring/collapse_monitor_latest.json


======================================================================
Training complete
======================================================================

Best val_loss checkpoint: experiments/06b_rolling/daily_3q_h20_drop025/fold_2024/checkpoints/tft-epoch=epoch=14-valloss=val_loss=0.4059.ckpt
Best validation loss: 0.405864
Checkpoints saved:
  - Best val_loss: experiments/06b_rolling/daily_3q_h20_drop025/fold_2024/checkpoints/tft-epoch=epoch=14-valloss=val_loss=0.4059.ckpt
  - Best pred_std: experiments/06b_rolling/daily_3q_h20_drop025/fold_2024/checkpoints/tft-epoch=epoch=13-predstd=val_pred_std=0.0628.ckpt
  - Best unique: experiments/06b_rolling/daily_3q_h20_drop025/fold_2024/checkpoints/tft-epoch=epoch=00-unique=val_num_unique=180.ckpt
  - Best dir_acc: experiments/06b_rolling/daily_3q_h20_drop025/fold_2024/checkpoints/tft-epoch=epoch=04-diracc=val_dir_acc=0.5111.ckpt
  - Best sharpe: experiments/06b_rolling/daily_3q_h20_drop025/fold_2024/checkpoints/tft-epoch=epoch=07-sharpe=val_sharpe=368.8526.ckpt
  - Best composite: experiments/06b_rolling/daily_3q_h20_drop025/fold_2024/checkpoints/tft-epoch=epoch=03-composite=val_composite=0.4972.ckpt
Completed at: 2025-12-14 20:36:39
Log saved to: experiments/06b_rolling/daily_3q_h20_drop025/fold_2024/training_20251214_203237.log
======================================================================
