
[INFO] Using AUTO device selection.

[INFO] Patched matplotlib.Axes.errorbar to abs() negative yerr for robustness.
======================================================================
Training TFT: 05_frozen_diagnostic/unfrozen_vix18_dirw1
======================================================================
Logging to: experiments/05_frozen_diagnostic/unfrozen_vix18_dirw1/training_20251127_042345.log
Started at: 2025-11-27 04:23:45
======================================================================
Configuration saved to: experiments/05_frozen_diagnostic/unfrozen_vix18_dirw1/config.json

Loading data splits...
Train: 6074 samples
Val: 1302 samples
Test: 1302 samples

Preparing TimeSeriesDataSet...

Dropping source columns (used for staleness only): ['CPI']

Final features for TFT: ['SP500_Returns', 'VIX', 'Treasury_10Y', 'Yield_Spread', 'Inflation_YoY']

======================================================================
FEATURE STATISTICS - BEFORE NORMALIZATION
======================================================================
VIX                             mean= 19.7438  std=  8.0295  min=  9.3100  max= 80.8600
Treasury_10Y                    mean=  4.7672  std=  1.6903  min=  1.4300  max=  8.3600
Yield_Spread                    mean=  1.2778  std=  0.9179  min= -0.5200  max=  2.9100
Inflation_YoY                   mean=  2.5322  std=  1.1865  min= -2.1498  max=  6.7300

======================================================================
FEATURES AFTER GROUPNORMALIZER (first batch, last timestep)
======================================================================
VIX                             normalized_value=  1.0000
Treasury_10Y                    normalized_value= -0.0500
Yield_Spread                    normalized_value=  0.0817
Inflation_YoY                   normalized_value=  0.8774
======================================================================

[DEBUG] VIX train values: [28.95 30.38 33.3  31.33 32.63]
[DEBUG] VIX val values: [14.31 15.15 15.13 12.86 13.85]
Batches per epoch: 94
[DEBUG] Validation batches: 21
[DEBUG] Validation dataset size: 1282
[DEBUG] Batch size: 64

Initializing model...

Active loss penalties: directional_diversity=1.0 (threshold=90%)

[REGIME OUTPUT] Replaced output layer:
  Mode: learned
  Strategy: vix_threshold
  VIX threshold: 18.0
  Experts: 2
  Parameters: {'total': 272, 'experts': 238, 'router': 34}

[REGIME OUTPUT] Enabled with 2 regimes, mode=learned, strategy=vix_threshold

================================================================================
BASELINE MODEL FEATURE CONFIGURATION (after from_dataset)
================================================================================
tft.hparams.time_varying_reals_encoder: ['relative_time_idx', 'VIX', 'Treasury_10Y', 'Yield_Spread', 'Inflation_YoY']
  Count: 5

tft.hparams.time_varying_reals_decoder: ['relative_time_idx']
  Count: 1

tft.hparams.x_reals (all reals passed to model): ['encoder_length', 'relative_time_idx', 'VIX', 'Treasury_10Y', 'Yield_Spread', 'Inflation_YoY']
  Count: 6

Encoder VSN configuration:
  num_inputs: 5
  input_sizes: {'relative_time_idx': 16, 'VIX': 16, 'Treasury_10Y': 16, 'Yield_Spread': 16, 'Inflation_YoY': 16}
  flattened_grn.fc1: in_features=80, out_features=5
  -> Params in fc1: 400 (should be 5*16*5=400 if 5 features)
================================================================================

Model parameters: 22,768

Starting training...
Checkpoints will be saved to: experiments/05_frozen_diagnostic/unfrozen_vix18_dirw1/checkpoints/
Logs will be saved to: experiments/05_frozen_diagnostic/unfrozen_vix18_dirw1/logs/

[DEBUG CollapseMonitor] on_validation_epoch_start called for epoch 0
[DEBUG CollapseMonitor] reset_temporal_state() called on loss function
[DEBUG] VIX routing - batch vix: min=11.9, max=40.7, mean=16.3
Epoch 0: val_loss=N/A
[DEBUG CollapseMonitor] on_validation_epoch_start called for epoch 0
[DEBUG CollapseMonitor] reset_temporal_state() called on loss function
Epoch 0: val_loss=0.7665760517120361
Epoch 0: train_loss=1.0314313173294067

[CollapseMonitor] Epoch 0
  [DEBUG] Processed 21 batches from val_dataloader
  [DEBUG] Predictions shape after concat: (1282,)
  [DEBUG] All predictions list length: 21
  [DEBUG] First batch shape: (64,)
  Pred std: 0.112848, range: 0.910395, mean: -0.082275
  Pos: 6.6%, Neg: 93.4%, Unique: 1267
  Collapse penalty: 0.000000 (threshold: 0.005000)
  Directional penalty: 0.010000 (weight: 1.00, threshold: 0.90)
  Saved validation predictions to: experiments/05_frozen_diagnostic/unfrozen_vix18_dirw1/collapse_monitoring/val_predictions_epoch0.npy
  Gradient norms:
    lstm_encoder: 0.015269
    lstm_decoder: 0.023093
    output_layer: 0.461125
  VSN output std:
    encoder: 0.168228
  Attention entropy: 2.990414
  Regime diagnostics:
    Routing entropy: 0.0000 (normalized: 0.0000)
    Dominant regime: 82.3%
    Regime assignments: 0=82.3%, 1=17.7%
    Avg routing weights: R0=0.8234, R1=0.1766
    Expert 0: std=0.024923, mean=-0.146937
      WARNING: Expert 0 collapsed (std < 0.05)
    Expert 1: std=0.069597, mean=-0.057443
    VIX correlation (regime_1): 0.829
  Saved to: experiments/05_frozen_diagnostic/unfrozen_vix18_dirw1/collapse_monitoring/collapse_monitor_epoch0.json
[DEBUG CollapseMonitor] on_validation_epoch_start called for epoch 1
[DEBUG CollapseMonitor] reset_temporal_state() called on loss function
Epoch 1: val_loss=0.6323328018188477
Epoch 1: train_loss=0.8276405930519104

[CollapseMonitor] Epoch 1
  [DEBUG] Processed 21 batches from val_dataloader
  [DEBUG] Predictions shape after concat: (1282,)
  [DEBUG] All predictions list length: 21
  [DEBUG] First batch shape: (64,)
  Pred std: 0.320841, range: 0.796132, mean: 0.111595
  Pos: 73.1%, Neg: 26.9%, Unique: 1267
  Collapse penalty: 0.000000 (threshold: 0.005000)
  Directional penalty: 0.010000 (weight: 1.00, threshold: 0.90)
  Saved validation predictions to: experiments/05_frozen_diagnostic/unfrozen_vix18_dirw1/collapse_monitoring/val_predictions_epoch1.npy
  Gradient norms:
    lstm_encoder: 0.009910
    lstm_decoder: 0.018064
    output_layer: 0.360318
  VSN output std:
    encoder: 0.192800
  Attention entropy: 2.991501
  Regime diagnostics:
    Routing entropy: 0.0000 (normalized: 0.0000)
    Dominant regime: 82.3%
    Regime assignments: 0=82.3%, 1=17.7%
    Avg routing weights: R0=0.8234, R1=0.1766
    Expert 0: std=0.013706, mean=0.226473
      WARNING: Expert 0 collapsed (std < 0.05)
    Expert 1: std=0.023403, mean=-0.386247
      WARNING: Expert 1 collapsed (std < 0.05)
    VIX correlation (regime_1): 0.829
  Saved to: experiments/05_frozen_diagnostic/unfrozen_vix18_dirw1/collapse_monitoring/collapse_monitor_epoch1.json
[DEBUG CollapseMonitor] on_validation_epoch_start called for epoch 2
[DEBUG CollapseMonitor] reset_temporal_state() called on loss function
Epoch 2: val_loss=0.5169359445571899
Epoch 2: train_loss=0.6286364793777466

[CollapseMonitor] Epoch 2
  [DEBUG] Processed 21 batches from val_dataloader
  [DEBUG] Predictions shape after concat: (1282,)
  [DEBUG] All predictions list length: 21
  [DEBUG] First batch shape: (64,)
  Pred std: 0.257303, range: 0.640873, mean: 0.048606
  Pos: 73.1%, Neg: 26.9%, Unique: 1258
  Collapse penalty: 0.000000 (threshold: 0.005000)
  Directional penalty: 0.010000 (weight: 1.00, threshold: 0.90)
  Saved validation predictions to: experiments/05_frozen_diagnostic/unfrozen_vix18_dirw1/collapse_monitoring/val_predictions_epoch2.npy
  Gradient norms:
    lstm_encoder: 0.006145
    lstm_decoder: 0.008388
    output_layer: 0.247780
  VSN output std:
    encoder: 0.192792
  Attention entropy: 2.991392
  Regime diagnostics:
    Routing entropy: 0.0000 (normalized: 0.0000)
    Dominant regime: 82.3%
    Regime assignments: 0=82.3%, 1=17.7%
    Avg routing weights: R0=0.8234, R1=0.1766
    Expert 0: std=0.010988, mean=0.139676
      WARNING: Expert 0 collapsed (std < 0.05)
    Expert 1: std=0.016553, mean=-0.355332
      WARNING: Expert 1 collapsed (std < 0.05)
    VIX correlation (regime_1): 0.829
  Saved to: experiments/05_frozen_diagnostic/unfrozen_vix18_dirw1/collapse_monitoring/collapse_monitor_epoch2.json
[DEBUG CollapseMonitor] on_validation_epoch_start called for epoch 3
[DEBUG CollapseMonitor] reset_temporal_state() called on loss function
Epoch 3: val_loss=0.46172061562538147
Epoch 3: train_loss=0.5135824084281921

[CollapseMonitor] Epoch 3
  [DEBUG] Processed 21 batches from val_dataloader
  [DEBUG] Predictions shape after concat: (1282,)
  [DEBUG] All predictions list length: 21
  [DEBUG] First batch shape: (64,)
  Pred std: 0.123122, range: 0.331280, mean: 0.049512
  Pos: 73.9%, Neg: 26.1%, Unique: 1261
  Collapse penalty: 0.000000 (threshold: 0.005000)
  Directional penalty: 0.010000 (weight: 1.00, threshold: 0.90)
  Saved validation predictions to: experiments/05_frozen_diagnostic/unfrozen_vix18_dirw1/collapse_monitoring/val_predictions_epoch3.npy
  Gradient norms:
    lstm_encoder: 0.004587
    lstm_decoder: 0.004492
    output_layer: 0.140239
  VSN output std:
    encoder: 0.180732
  Attention entropy: 2.988667
  Regime diagnostics:
    Routing entropy: 0.0000 (normalized: 0.0000)
    Dominant regime: 82.3%
    Regime assignments: 0=82.3%, 1=17.7%
    Avg routing weights: R0=0.8234, R1=0.1766
    Expert 0: std=0.008749, mean=0.070201
      WARNING: Expert 0 collapsed (std < 0.05)
    Expert 1: std=0.013381, mean=-0.182260
      WARNING: Expert 1 collapsed (std < 0.05)
    VIX correlation (regime_1): 0.829
  Saved to: experiments/05_frozen_diagnostic/unfrozen_vix18_dirw1/collapse_monitoring/collapse_monitor_epoch3.json
[DEBUG CollapseMonitor] on_validation_epoch_start called for epoch 4
[DEBUG CollapseMonitor] reset_temporal_state() called on loss function
Epoch 4: val_loss=0.43985214829444885
Epoch 4: train_loss=0.4659716784954071

[CollapseMonitor] Epoch 4
  [DEBUG] Processed 21 batches from val_dataloader
  [DEBUG] Predictions shape after concat: (1282,)
  [DEBUG] All predictions list length: 21
  [DEBUG] First batch shape: (64,)
  Pred std: 0.061723, range: 0.231413, mean: 0.039936
  Pos: 75.8%, Neg: 24.2%, Unique: 1257
  Collapse penalty: 0.000000 (threshold: 0.005000)
  Directional penalty: 0.010000 (weight: 1.00, threshold: 0.90)
  Saved validation predictions to: experiments/05_frozen_diagnostic/unfrozen_vix18_dirw1/collapse_monitoring/val_predictions_epoch4.npy
  Gradient norms:
    lstm_encoder: 0.003219
    lstm_decoder: 0.003011
    output_layer: 0.093147
  VSN output std:
    encoder: 0.183292
  Attention entropy: 2.990019
  Regime diagnostics:
    Routing entropy: 0.0000 (normalized: 0.0000)
    Dominant regime: 82.3%
    Regime assignments: 0=82.3%, 1=17.7%
    Avg routing weights: R0=0.8234, R1=0.1766
    Expert 0: std=0.006527, mean=0.029338
      WARNING: Expert 0 collapsed (std < 0.05)
    Expert 1: std=0.011582, mean=-0.108932
      WARNING: Expert 1 collapsed (std < 0.05)
    VIX correlation (regime_1): 0.829
  Saved to: experiments/05_frozen_diagnostic/unfrozen_vix18_dirw1/collapse_monitoring/collapse_monitor_epoch4.json
[DEBUG CollapseMonitor] on_validation_epoch_start called for epoch 5
[DEBUG CollapseMonitor] reset_temporal_state() called on loss function
Epoch 5: val_loss=0.4304722845554352
Epoch 5: train_loss=0.44872185587882996

[CollapseMonitor] Epoch 5
  [DEBUG] Processed 21 batches from val_dataloader
  [DEBUG] Predictions shape after concat: (1282,)
  [DEBUG] All predictions list length: 21
  [DEBUG] First batch shape: (64,)
  Pred std: 0.081292, range: 0.238986, mean: 0.057453
  Pos: 75.6%, Neg: 24.4%, Unique: 1253
  Collapse penalty: 0.000000 (threshold: 0.005000)
  Directional penalty: 0.010000 (weight: 1.00, threshold: 0.90)
  Saved validation predictions to: experiments/05_frozen_diagnostic/unfrozen_vix18_dirw1/collapse_monitoring/val_predictions_epoch5.npy
  Gradient norms:
    lstm_encoder: 0.002970
    lstm_decoder: 0.002561
    output_layer: 0.076478
  VSN output std:
    encoder: 0.183786
  Attention entropy: 2.989349
  Regime diagnostics:
    Routing entropy: 0.0000 (normalized: 0.0000)
    Dominant regime: 82.3%
    Regime assignments: 0=82.3%, 1=17.7%
    Avg routing weights: R0=0.8234, R1=0.1766
    Expert 0: std=0.006180, mean=0.056999
      WARNING: Expert 0 collapsed (std < 0.05)
    Expert 1: std=0.012429, mean=-0.127015
      WARNING: Expert 1 collapsed (std < 0.05)
    VIX correlation (regime_1): 0.829
  Saved to: experiments/05_frozen_diagnostic/unfrozen_vix18_dirw1/collapse_monitoring/collapse_monitor_epoch5.json
[DEBUG CollapseMonitor] on_validation_epoch_start called for epoch 6
[DEBUG CollapseMonitor] reset_temporal_state() called on loss function
Epoch 6: val_loss=0.42554497718811035
Epoch 6: train_loss=0.44315117597579956

[CollapseMonitor] Epoch 6
  [DEBUG] Processed 21 batches from val_dataloader
  [DEBUG] Predictions shape after concat: (1282,)
  [DEBUG] All predictions list length: 21
  [DEBUG] First batch shape: (64,)
  Pred std: 0.074614, range: 0.215698, mean: 0.051728
  Pos: 75.7%, Neg: 24.3%, Unique: 1247
  Collapse penalty: 0.000000 (threshold: 0.005000)
  Directional penalty: 0.010000 (weight: 1.00, threshold: 0.90)
  Saved validation predictions to: experiments/05_frozen_diagnostic/unfrozen_vix18_dirw1/collapse_monitoring/val_predictions_epoch6.npy
  Gradient norms:
    lstm_encoder: 0.002981
    lstm_decoder: 0.002488
    output_layer: 0.072354
  VSN output std:
    encoder: 0.184618
  Attention entropy: 2.989580
  Regime diagnostics:
    Routing entropy: 0.0000 (normalized: 0.0000)
    Dominant regime: 82.3%
    Regime assignments: 0=82.3%, 1=17.7%
    Avg routing weights: R0=0.8234, R1=0.1766
    Expert 0: std=0.005595, mean=0.049201
      WARNING: Expert 0 collapsed (std < 0.05)
    Expert 1: std=0.010096, mean=-0.118354
      WARNING: Expert 1 collapsed (std < 0.05)
    VIX correlation (regime_1): 0.829
  Saved to: experiments/05_frozen_diagnostic/unfrozen_vix18_dirw1/collapse_monitoring/collapse_monitor_epoch6.json
[DEBUG CollapseMonitor] on_validation_epoch_start called for epoch 7
[DEBUG CollapseMonitor] reset_temporal_state() called on loss function
Epoch 7: val_loss=0.42304325103759766
Epoch 7: train_loss=0.4394792914390564

[CollapseMonitor] Epoch 7
  [DEBUG] Processed 21 batches from val_dataloader
  [DEBUG] Predictions shape after concat: (1282,)
  [DEBUG] All predictions list length: 21
  [DEBUG] First batch shape: (64,)
  Pred std: 0.076533, range: 0.215279, mean: 0.055949
  Pos: 75.8%, Neg: 24.2%, Unique: 1242
  Collapse penalty: 0.000000 (threshold: 0.005000)
  Directional penalty: 0.010000 (weight: 1.00, threshold: 0.90)
  Saved validation predictions to: experiments/05_frozen_diagnostic/unfrozen_vix18_dirw1/collapse_monitoring/val_predictions_epoch7.npy
  Gradient norms:
    lstm_encoder: 0.003015
    lstm_decoder: 0.002239
    output_layer: 0.066671
  VSN output std:
    encoder: 0.183077
  Attention entropy: 2.987730
  Regime diagnostics:
    Routing entropy: 0.0000 (normalized: 0.0000)
    Dominant regime: 82.3%
    Regime assignments: 0=82.3%, 1=17.7%
    Avg routing weights: R0=0.8234, R1=0.1766
    Expert 0: std=0.005110, mean=0.054824
      WARNING: Expert 0 collapsed (std < 0.05)
    Expert 1: std=0.008853, mean=-0.118253
      WARNING: Expert 1 collapsed (std < 0.05)
    VIX correlation (regime_1): 0.829
  Saved to: experiments/05_frozen_diagnostic/unfrozen_vix18_dirw1/collapse_monitoring/collapse_monitor_epoch7.json
[DEBUG CollapseMonitor] on_validation_epoch_start called for epoch 8
[DEBUG CollapseMonitor] reset_temporal_state() called on loss function
Epoch 8: val_loss=0.4205494225025177
Epoch 8: train_loss=0.43700525164604187

[CollapseMonitor] Epoch 8
  [DEBUG] Processed 21 batches from val_dataloader
  [DEBUG] Predictions shape after concat: (1282,)
  [DEBUG] All predictions list length: 21
  [DEBUG] First batch shape: (64,)
  Pred std: 0.067587, range: 0.202770, mean: 0.055469
  Pos: 76.1%, Neg: 23.9%, Unique: 1240
  Collapse penalty: 0.000000 (threshold: 0.005000)
  Directional penalty: 0.010000 (weight: 1.00, threshold: 0.90)
  Saved validation predictions to: experiments/05_frozen_diagnostic/unfrozen_vix18_dirw1/collapse_monitoring/val_predictions_epoch8.npy
  Gradient norms:
    lstm_encoder: 0.003044
    lstm_decoder: 0.002306
    output_layer: 0.068813
  VSN output std:
    encoder: 0.180023
  Attention entropy: 2.984719
  Regime diagnostics:
    Routing entropy: 0.0000 (normalized: 0.0000)
    Dominant regime: 82.3%
    Regime assignments: 0=82.3%, 1=17.7%
    Avg routing weights: R0=0.8234, R1=0.1766
    Expert 0: std=0.005502, mean=0.049041
      WARNING: Expert 0 collapsed (std < 0.05)
    Expert 1: std=0.007128, mean=-0.105599
      WARNING: Expert 1 collapsed (std < 0.05)
    VIX correlation (regime_1): 0.829
  Saved to: experiments/05_frozen_diagnostic/unfrozen_vix18_dirw1/collapse_monitoring/collapse_monitor_epoch8.json
[DEBUG CollapseMonitor] on_validation_epoch_start called for epoch 9
[DEBUG CollapseMonitor] reset_temporal_state() called on loss function
Epoch 9: val_loss=0.4189158082008362
Epoch 9: train_loss=0.4344962537288666

[CollapseMonitor] Epoch 9
  [DEBUG] Processed 21 batches from val_dataloader
  [DEBUG] Predictions shape after concat: (1282,)
  [DEBUG] All predictions list length: 21
  [DEBUG] First batch shape: (64,)
  Pred std: 0.076509, range: 0.233361, mean: 0.072849
  Pos: 76.8%, Neg: 23.2%, Unique: 1251
  Collapse penalty: 0.000000 (threshold: 0.005000)
  Directional penalty: 0.010000 (weight: 1.00, threshold: 0.90)
  Saved validation predictions to: experiments/05_frozen_diagnostic/unfrozen_vix18_dirw1/collapse_monitoring/val_predictions_epoch9.npy
  Gradient norms:
    lstm_encoder: 0.003350
    lstm_decoder: 0.002416
    output_layer: 0.068733
  VSN output std:
    encoder: 0.171799
  Attention entropy: 2.974653
  Regime diagnostics:
    Routing entropy: 0.0000 (normalized: 0.0000)
    Dominant regime: 82.3%
    Regime assignments: 0=82.3%, 1=17.7%
    Avg routing weights: R0=0.8234, R1=0.1766
    Expert 0: std=0.006381, mean=0.067676
      WARNING: Expert 0 collapsed (std < 0.05)
    Expert 1: std=0.008496, mean=-0.109080
      WARNING: Expert 1 collapsed (std < 0.05)
    VIX correlation (regime_1): 0.829
  Saved to: experiments/05_frozen_diagnostic/unfrozen_vix18_dirw1/collapse_monitoring/collapse_monitor_epoch9.json
[DEBUG CollapseMonitor] on_validation_epoch_start called for epoch 10
[DEBUG CollapseMonitor] reset_temporal_state() called on loss function
Epoch 10: val_loss=0.4185301661491394
Epoch 10: train_loss=0.4338848888874054

[CollapseMonitor] Epoch 10
  [DEBUG] Processed 21 batches from val_dataloader
  [DEBUG] Predictions shape after concat: (1282,)
  [DEBUG] All predictions list length: 21
  [DEBUG] First batch shape: (64,)
  Pred std: 0.077205, range: 0.247644, mean: 0.049243
  Pos: 76.5%, Neg: 23.5%, Unique: 1256
  Collapse penalty: 0.000000 (threshold: 0.005000)
  Directional penalty: 0.010000 (weight: 1.00, threshold: 0.90)
  Saved validation predictions to: experiments/05_frozen_diagnostic/unfrozen_vix18_dirw1/collapse_monitoring/val_predictions_epoch10.npy
  Gradient norms:
    lstm_encoder: 0.003361
    lstm_decoder: 0.002450
    output_layer: 0.067058
  VSN output std:
    encoder: 0.179522
  Attention entropy: 2.971667
  Regime diagnostics:
    Routing entropy: 0.0000 (normalized: 0.0000)
    Dominant regime: 82.3%
    Regime assignments: 0=82.3%, 1=17.7%
    Avg routing weights: R0=0.8234, R1=0.1766
    Expert 0: std=0.007212, mean=0.046047
      WARNING: Expert 0 collapsed (std < 0.05)
    Expert 1: std=0.007525, mean=-0.128213
      WARNING: Expert 1 collapsed (std < 0.05)
    VIX correlation (regime_1): 0.829
  Saved to: experiments/05_frozen_diagnostic/unfrozen_vix18_dirw1/collapse_monitoring/collapse_monitor_epoch10.json
[DEBUG CollapseMonitor] on_validation_epoch_start called for epoch 11
[DEBUG CollapseMonitor] reset_temporal_state() called on loss function
Epoch 11: val_loss=0.41669002175331116
Epoch 11: train_loss=0.4325139820575714

[CollapseMonitor] Epoch 11
  [DEBUG] Processed 21 batches from val_dataloader
  [DEBUG] Predictions shape after concat: (1282,)
  [DEBUG] All predictions list length: 21
  [DEBUG] First batch shape: (64,)
  Pred std: 0.067441, range: 0.252083, mean: 0.030925
  Pos: 76.7%, Neg: 23.3%, Unique: 1263
  Collapse penalty: 0.000000 (threshold: 0.005000)
  Directional penalty: 0.010000 (weight: 1.00, threshold: 0.90)
  Saved validation predictions to: experiments/05_frozen_diagnostic/unfrozen_vix18_dirw1/collapse_monitoring/val_predictions_epoch11.npy
  Gradient norms:
    lstm_encoder: 0.003703
    lstm_decoder: 0.002577
    output_layer: 0.067289
  VSN output std:
    encoder: 0.178466
  Attention entropy: 2.968438
  Regime diagnostics:
    Routing entropy: 0.0000 (normalized: 0.0000)
    Dominant regime: 82.3%
    Regime assignments: 0=82.3%, 1=17.7%
    Avg routing weights: R0=0.8234, R1=0.1766
    Expert 0: std=0.008444, mean=0.022734
      WARNING: Expert 0 collapsed (std < 0.05)
    Expert 1: std=0.008722, mean=-0.128963
      WARNING: Expert 1 collapsed (std < 0.05)
    VIX correlation (regime_1): 0.829
  Saved to: experiments/05_frozen_diagnostic/unfrozen_vix18_dirw1/collapse_monitoring/collapse_monitor_epoch11.json
[DEBUG CollapseMonitor] on_validation_epoch_start called for epoch 12
[DEBUG CollapseMonitor] reset_temporal_state() called on loss function
Epoch 12: val_loss=0.41577333211898804
Epoch 12: train_loss=0.43150317668914795

[CollapseMonitor] Epoch 12
  [DEBUG] Processed 21 batches from val_dataloader
  [DEBUG] Predictions shape after concat: (1282,)
  [DEBUG] All predictions list length: 21
  [DEBUG] First batch shape: (64,)
  Pred std: 0.066807, range: 0.243742, mean: 0.056561
  Pos: 77.4%, Neg: 22.6%, Unique: 1255
  Collapse penalty: 0.000000 (threshold: 0.005000)
  Directional penalty: 0.010000 (weight: 1.00, threshold: 0.90)
  Saved validation predictions to: experiments/05_frozen_diagnostic/unfrozen_vix18_dirw1/collapse_monitoring/val_predictions_epoch12.npy
  Gradient norms:
    lstm_encoder: 0.004608
    lstm_decoder: 0.002549
    output_layer: 0.064443
  VSN output std:
    encoder: 0.178317
  Attention entropy: 2.959680
  Regime diagnostics:
    Routing entropy: 0.0000 (normalized: 0.0000)
    Dominant regime: 82.3%
    Regime assignments: 0=82.3%, 1=17.7%
    Avg routing weights: R0=0.8234, R1=0.1766
    Expert 0: std=0.010119, mean=0.044499
      WARNING: Expert 0 collapsed (std < 0.05)
    Expert 1: std=0.011609, mean=-0.109505
      WARNING: Expert 1 collapsed (std < 0.05)
    VIX correlation (regime_1): 0.829
  Saved to: experiments/05_frozen_diagnostic/unfrozen_vix18_dirw1/collapse_monitoring/collapse_monitor_epoch12.json
[DEBUG CollapseMonitor] on_validation_epoch_start called for epoch 13
[DEBUG CollapseMonitor] reset_temporal_state() called on loss function
Epoch 13: val_loss=0.41541028022766113
Epoch 13: train_loss=0.43017271161079407

[CollapseMonitor] Epoch 13
  [DEBUG] Processed 21 batches from val_dataloader
  [DEBUG] Predictions shape after concat: (1282,)
  [DEBUG] All predictions list length: 21
  [DEBUG] First batch shape: (64,)
  Pred std: 0.083874, range: 0.269118, mean: 0.065007
  Pos: 77.1%, Neg: 22.9%, Unique: 1264
  Collapse penalty: 0.000000 (threshold: 0.005000)
  Directional penalty: 0.010000 (weight: 1.00, threshold: 0.90)
  Saved validation predictions to: experiments/05_frozen_diagnostic/unfrozen_vix18_dirw1/collapse_monitoring/val_predictions_epoch13.npy
  Gradient norms:
    lstm_encoder: 0.005199
    lstm_decoder: 0.002810
    output_layer: 0.068735
  VSN output std:
    encoder: 0.177425
  Attention entropy: 2.950059
  Regime diagnostics:
    Routing entropy: 0.0000 (normalized: 0.0000)
    Dominant regime: 82.3%
    Regime assignments: 0=82.3%, 1=17.7%
    Avg routing weights: R0=0.8234, R1=0.1766
    Expert 0: std=0.012812, mean=0.060123
      WARNING: Expert 0 collapsed (std < 0.05)
    Expert 1: std=0.015785, mean=-0.137581
      WARNING: Expert 1 collapsed (std < 0.05)
    VIX correlation (regime_1): 0.829
  Saved to: experiments/05_frozen_diagnostic/unfrozen_vix18_dirw1/collapse_monitoring/collapse_monitor_epoch13.json
[DEBUG CollapseMonitor] on_validation_epoch_start called for epoch 14
[DEBUG CollapseMonitor] reset_temporal_state() called on loss function
Epoch 14: val_loss=0.4133757948875427
Epoch 14: train_loss=0.42824602127075195

[CollapseMonitor] Epoch 14
  [DEBUG] Processed 21 batches from val_dataloader
  [DEBUG] Predictions shape after concat: (1282,)
  [DEBUG] All predictions list length: 21
  [DEBUG] First batch shape: (64,)
  Pred std: 0.076122, range: 0.276175, mean: 0.076443
  Pos: 78.4%, Neg: 21.6%, Unique: 1265
  Collapse penalty: 0.000000 (threshold: 0.005000)
  Directional penalty: 0.010000 (weight: 1.00, threshold: 0.90)
  Saved validation predictions to: experiments/05_frozen_diagnostic/unfrozen_vix18_dirw1/collapse_monitoring/val_predictions_epoch14.npy
  Gradient norms:
    lstm_encoder: 0.005602
    lstm_decoder: 0.003007
    output_layer: 0.072234
  VSN output std:
    encoder: 0.178441
  Attention entropy: 2.950473
  Regime diagnostics:
    Routing entropy: 0.0000 (normalized: 0.0000)
    Dominant regime: 82.3%
    Regime assignments: 0=82.3%, 1=17.7%
    Avg routing weights: R0=0.8234, R1=0.1766
    Expert 0: std=0.013796, mean=0.063359
      WARNING: Expert 0 collapsed (std < 0.05)
    Expert 1: std=0.016544, mean=-0.117580
      WARNING: Expert 1 collapsed (std < 0.05)
    VIX correlation (regime_1): 0.829
  Saved to: experiments/05_frozen_diagnostic/unfrozen_vix18_dirw1/collapse_monitoring/collapse_monitor_epoch14.json
[DEBUG CollapseMonitor] on_validation_epoch_start called for epoch 15
[DEBUG CollapseMonitor] reset_temporal_state() called on loss function
Epoch 15: val_loss=0.4128142297267914
Epoch 15: train_loss=0.42911213636398315

[CollapseMonitor] Epoch 15
  [DEBUG] Processed 21 batches from val_dataloader
  [DEBUG] Predictions shape after concat: (1282,)
  [DEBUG] All predictions list length: 21
  [DEBUG] First batch shape: (64,)
  Pred std: 0.078797, range: 0.272379, mean: 0.073555
  Pos: 78.5%, Neg: 21.5%, Unique: 1259
  Collapse penalty: 0.000000 (threshold: 0.005000)
  Directional penalty: 0.010000 (weight: 1.00, threshold: 0.90)
  Saved validation predictions to: experiments/05_frozen_diagnostic/unfrozen_vix18_dirw1/collapse_monitoring/val_predictions_epoch15.npy
  Gradient norms:
    lstm_encoder: 0.005609
    lstm_decoder: 0.002871
    output_layer: 0.067148
  VSN output std:
    encoder: 0.174705
  Attention entropy: 2.928039
  Regime diagnostics:
    Routing entropy: 0.0000 (normalized: 0.0000)
    Dominant regime: 82.3%
    Regime assignments: 0=82.3%, 1=17.7%
    Avg routing weights: R0=0.8234, R1=0.1766
    Expert 0: std=0.015208, mean=0.062014
      WARNING: Expert 0 collapsed (std < 0.05)
    Expert 1: std=0.021259, mean=-0.130217
      WARNING: Expert 1 collapsed (std < 0.05)
    VIX correlation (regime_1): 0.829
  Saved to: experiments/05_frozen_diagnostic/unfrozen_vix18_dirw1/collapse_monitoring/collapse_monitor_epoch15.json
[DEBUG CollapseMonitor] on_validation_epoch_start called for epoch 16
[DEBUG CollapseMonitor] reset_temporal_state() called on loss function
Epoch 16: val_loss=0.4111909568309784
Epoch 16: train_loss=0.42772263288497925

[CollapseMonitor] Epoch 16
  [DEBUG] Processed 21 batches from val_dataloader
  [DEBUG] Predictions shape after concat: (1282,)
  [DEBUG] All predictions list length: 21
  [DEBUG] First batch shape: (64,)
  Pred std: 0.076186, range: 0.303942, mean: 0.063399
  Pos: 78.5%, Neg: 21.5%, Unique: 1268
  Collapse penalty: 0.000000 (threshold: 0.005000)
  Directional penalty: 0.010000 (weight: 1.00, threshold: 0.90)
  Saved validation predictions to: experiments/05_frozen_diagnostic/unfrozen_vix18_dirw1/collapse_monitoring/val_predictions_epoch16.npy
  Gradient norms:
    lstm_encoder: 0.006724
    lstm_decoder: 0.003189
    output_layer: 0.068382
  VSN output std:
    encoder: 0.175418
  Attention entropy: 2.920524
  Regime diagnostics:
    Routing entropy: 0.0000 (normalized: 0.0000)
    Dominant regime: 82.3%
    Regime assignments: 0=82.3%, 1=17.7%
    Avg routing weights: R0=0.8234, R1=0.1766
    Expert 0: std=0.015616, mean=0.049543
      WARNING: Expert 0 collapsed (std < 0.05)
    Expert 1: std=0.020980, mean=-0.134096
      WARNING: Expert 1 collapsed (std < 0.05)
    VIX correlation (regime_1): 0.829
  Saved to: experiments/05_frozen_diagnostic/unfrozen_vix18_dirw1/collapse_monitoring/collapse_monitor_epoch16.json
[DEBUG CollapseMonitor] on_validation_epoch_start called for epoch 17
[DEBUG CollapseMonitor] reset_temporal_state() called on loss function
Epoch 17: val_loss=0.41095107793807983
Epoch 17: train_loss=0.42632055282592773

[CollapseMonitor] Epoch 17
  [DEBUG] Processed 21 batches from val_dataloader
  [DEBUG] Predictions shape after concat: (1282,)
  [DEBUG] All predictions list length: 21
  [DEBUG] First batch shape: (64,)
  Pred std: 0.077317, range: 0.298550, mean: 0.074589
  Pos: 78.6%, Neg: 21.4%, Unique: 1265
  Collapse penalty: 0.000000 (threshold: 0.005000)
  Directional penalty: 0.010000 (weight: 1.00, threshold: 0.90)
  Saved validation predictions to: experiments/05_frozen_diagnostic/unfrozen_vix18_dirw1/collapse_monitoring/val_predictions_epoch17.npy
  Gradient norms:
    lstm_encoder: 0.007074
    lstm_decoder: 0.003366
    output_layer: 0.070420
  VSN output std:
    encoder: 0.175800
  Attention entropy: 2.901199
  Regime diagnostics:
    Routing entropy: 0.0000 (normalized: 0.0000)
    Dominant regime: 82.3%
    Regime assignments: 0=82.3%, 1=17.7%
    Avg routing weights: R0=0.8234, R1=0.1766
    Expert 0: std=0.016387, mean=0.060146
      WARNING: Expert 0 collapsed (std < 0.05)
    Expert 1: std=0.024909, mean=-0.129993
      WARNING: Expert 1 collapsed (std < 0.05)
    VIX correlation (regime_1): 0.829
  Saved to: experiments/05_frozen_diagnostic/unfrozen_vix18_dirw1/collapse_monitoring/collapse_monitor_epoch17.json
[DEBUG CollapseMonitor] on_validation_epoch_start called for epoch 18
[DEBUG CollapseMonitor] reset_temporal_state() called on loss function
Epoch 18: val_loss=0.40872424840927124
Epoch 18: train_loss=0.42701777815818787

[CollapseMonitor] Epoch 18
  [DEBUG] Processed 21 batches from val_dataloader
  [DEBUG] Predictions shape after concat: (1282,)
  [DEBUG] All predictions list length: 21
  [DEBUG] First batch shape: (64,)
  Pred std: 0.085033, range: 0.316715, mean: 0.071191
  Pos: 78.4%, Neg: 21.6%, Unique: 1276
  Collapse penalty: 0.000000 (threshold: 0.005000)
  Directional penalty: 0.010000 (weight: 1.00, threshold: 0.90)
  Saved validation predictions to: experiments/05_frozen_diagnostic/unfrozen_vix18_dirw1/collapse_monitoring/val_predictions_epoch18.npy
  Gradient norms:
    lstm_encoder: 0.007866
    lstm_decoder: 0.003434
    output_layer: 0.068714
  VSN output std:
    encoder: 0.174236
  Attention entropy: 2.894305
  Regime diagnostics:
    Routing entropy: 0.0000 (normalized: 0.0000)
    Dominant regime: 82.3%
    Regime assignments: 0=82.3%, 1=17.7%
    Avg routing weights: R0=0.8234, R1=0.1766
    Expert 0: std=0.018399, mean=0.059936
      WARNING: Expert 0 collapsed (std < 0.05)
    Expert 1: std=0.027008, mean=-0.147897
      WARNING: Expert 1 collapsed (std < 0.05)
    VIX correlation (regime_1): 0.829
  Saved to: experiments/05_frozen_diagnostic/unfrozen_vix18_dirw1/collapse_monitoring/collapse_monitor_epoch18.json
[DEBUG CollapseMonitor] on_validation_epoch_start called for epoch 19
[DEBUG CollapseMonitor] reset_temporal_state() called on loss function
Epoch 19: val_loss=0.40844297409057617
Epoch 19: train_loss=0.42413976788520813

[CollapseMonitor] Epoch 19
  [DEBUG] Processed 21 batches from val_dataloader
  [DEBUG] Predictions shape after concat: (1282,)
  [DEBUG] All predictions list length: 21
  [DEBUG] First batch shape: (64,)
  Pred std: 0.077176, range: 0.339082, mean: 0.065035
  Pos: 79.0%, Neg: 21.0%, Unique: 1274
  Collapse penalty: 0.000000 (threshold: 0.005000)
  Directional penalty: 0.010000 (weight: 1.00, threshold: 0.90)
  Saved validation predictions to: experiments/05_frozen_diagnostic/unfrozen_vix18_dirw1/collapse_monitoring/val_predictions_epoch19.npy
  Gradient norms:
    lstm_encoder: 0.007449
    lstm_decoder: 0.003521
    output_layer: 0.067317
  VSN output std:
    encoder: 0.174632
  Attention entropy: 2.882390
  Regime diagnostics:
    Routing entropy: 0.0000 (normalized: 0.0000)
    Dominant regime: 82.3%
    Regime assignments: 0=82.3%, 1=17.7%
    Avg routing weights: R0=0.8234, R1=0.1766
    Expert 0: std=0.021994, mean=0.046426
      WARNING: Expert 0 collapsed (std < 0.05)
    Expert 1: std=0.031001, mean=-0.143155
      WARNING: Expert 1 collapsed (std < 0.05)
    VIX correlation (regime_1): 0.829
  Saved to: experiments/05_frozen_diagnostic/unfrozen_vix18_dirw1/collapse_monitoring/collapse_monitor_epoch19.json
[DEBUG CollapseMonitor] on_validation_epoch_start called for epoch 20
[DEBUG CollapseMonitor] reset_temporal_state() called on loss function
Epoch 20: val_loss=0.40816712379455566
Epoch 20: train_loss=0.4234609305858612

[CollapseMonitor] Epoch 20
  [DEBUG] Processed 21 batches from val_dataloader
  [DEBUG] Predictions shape after concat: (1282,)
  [DEBUG] All predictions list length: 21
  [DEBUG] First batch shape: (64,)
  Pred std: 0.080945, range: 0.365322, mean: 0.094911
  Pos: 82.4%, Neg: 17.6%, Unique: 1276
  Collapse penalty: 0.000000 (threshold: 0.005000)
  Directional penalty: 0.010000 (weight: 1.00, threshold: 0.90)
  Saved validation predictions to: experiments/05_frozen_diagnostic/unfrozen_vix18_dirw1/collapse_monitoring/val_predictions_epoch20.npy
  Gradient norms:
    lstm_encoder: 0.007652
    lstm_decoder: 0.003904
    output_layer: 0.066680
  VSN output std:
    encoder: 0.171277
  Attention entropy: 2.855699
  Regime diagnostics:
    Routing entropy: 0.0000 (normalized: 0.0000)
    Dominant regime: 82.3%
    Regime assignments: 0=82.3%, 1=17.7%
    Avg routing weights: R0=0.8234, R1=0.1766
    Expert 0: std=0.026126, mean=0.071989
      WARNING: Expert 0 collapsed (std < 0.05)
    Expert 1: std=0.037131, mean=-0.129492
      WARNING: Expert 1 collapsed (std < 0.05)
    VIX correlation (regime_1): 0.829
  Saved to: experiments/05_frozen_diagnostic/unfrozen_vix18_dirw1/collapse_monitoring/collapse_monitor_epoch20.json
[DEBUG CollapseMonitor] on_validation_epoch_start called for epoch 21
[DEBUG CollapseMonitor] reset_temporal_state() called on loss function
Epoch 21: val_loss=0.40585795044898987
Epoch 21: train_loss=0.42386099696159363

[CollapseMonitor] Epoch 21
  [DEBUG] Processed 21 batches from val_dataloader
  [DEBUG] Predictions shape after concat: (1282,)
  [DEBUG] All predictions list length: 21
  [DEBUG] First batch shape: (64,)
  Pred std: 0.080312, range: 0.355456, mean: 0.106375
  Pos: 84.7%, Neg: 15.3%, Unique: 1276
  Collapse penalty: 0.000000 (threshold: 0.005000)
  Directional penalty: 0.010000 (weight: 1.00, threshold: 0.90)
  Saved validation predictions to: experiments/05_frozen_diagnostic/unfrozen_vix18_dirw1/collapse_monitoring/val_predictions_epoch21.npy
  Gradient norms:
    lstm_encoder: 0.008288
    lstm_decoder: 0.004080
    output_layer: 0.068437
  VSN output std:
    encoder: 0.173796
  Attention entropy: 2.848653
  Regime diagnostics:
    Routing entropy: 0.0000 (normalized: 0.0000)
    Dominant regime: 82.3%
    Regime assignments: 0=82.3%, 1=17.7%
    Avg routing weights: R0=0.8234, R1=0.1766
    Expert 0: std=0.024986, mean=0.083529
      WARNING: Expert 0 collapsed (std < 0.05)
    Expert 1: std=0.036818, mean=-0.116442
      WARNING: Expert 1 collapsed (std < 0.05)
    VIX correlation (regime_1): 0.829
  Saved to: experiments/05_frozen_diagnostic/unfrozen_vix18_dirw1/collapse_monitoring/collapse_monitor_epoch21.json
[DEBUG CollapseMonitor] on_validation_epoch_start called for epoch 22
[DEBUG CollapseMonitor] reset_temporal_state() called on loss function
Epoch 22: val_loss=0.40434905886650085
Epoch 22: train_loss=0.4224185049533844

[CollapseMonitor] Epoch 22
  [DEBUG] Processed 21 batches from val_dataloader
  [DEBUG] Predictions shape after concat: (1282,)
  [DEBUG] All predictions list length: 21
  [DEBUG] First batch shape: (64,)
  Pred std: 0.101286, range: 0.412652, mean: 0.093698
  Pos: 80.0%, Neg: 20.0%, Unique: 1276
  Collapse penalty: 0.000000 (threshold: 0.005000)
  Directional penalty: 0.010000 (weight: 1.00, threshold: 0.90)
  Saved validation predictions to: experiments/05_frozen_diagnostic/unfrozen_vix18_dirw1/collapse_monitoring/val_predictions_epoch22.npy
  Gradient norms:
    lstm_encoder: 0.008691
    lstm_decoder: 0.004167
    output_layer: 0.068384
  VSN output std:
    encoder: 0.170434
  Attention entropy: 2.841101
  Regime diagnostics:
    Routing entropy: 0.0000 (normalized: 0.0000)
    Dominant regime: 82.3%
    Regime assignments: 0=82.3%, 1=17.7%
    Avg routing weights: R0=0.8234, R1=0.1766
    Expert 0: std=0.033494, mean=0.082195
      WARNING: Expert 0 collapsed (std < 0.05)
    Expert 1: std=0.041861, mean=-0.168218
      WARNING: Expert 1 collapsed (std < 0.05)
    VIX correlation (regime_1): 0.829
  Saved to: experiments/05_frozen_diagnostic/unfrozen_vix18_dirw1/collapse_monitoring/collapse_monitor_epoch22.json
[DEBUG CollapseMonitor] on_validation_epoch_start called for epoch 23
[DEBUG CollapseMonitor] reset_temporal_state() called on loss function
Epoch 23: val_loss=0.40256524085998535
Epoch 23: train_loss=0.4221244156360626

[CollapseMonitor] Epoch 23
  [DEBUG] Processed 21 batches from val_dataloader
  [DEBUG] Predictions shape after concat: (1282,)
  [DEBUG] All predictions list length: 21
  [DEBUG] First batch shape: (64,)
  Pred std: 0.100244, range: 0.437938, mean: 0.080361
  Pos: 81.0%, Neg: 19.0%, Unique: 1280
  Collapse penalty: 0.000000 (threshold: 0.005000)
  Directional penalty: 0.010000 (weight: 1.00, threshold: 0.90)
  Saved validation predictions to: experiments/05_frozen_diagnostic/unfrozen_vix18_dirw1/collapse_monitoring/val_predictions_epoch23.npy
  Gradient norms:
    lstm_encoder: 0.009732
    lstm_decoder: 0.004681
    output_layer: 0.069274
  VSN output std:
    encoder: 0.171596
  Attention entropy: 2.824934
  Regime diagnostics:
    Routing entropy: 0.0000 (normalized: 0.0000)
    Dominant regime: 82.3%
    Regime assignments: 0=82.3%, 1=17.7%
    Avg routing weights: R0=0.8234, R1=0.1766
    Expert 0: std=0.040428, mean=0.062408
      WARNING: Expert 0 collapsed (std < 0.05)
    Expert 1: std=0.046144, mean=-0.169977
      WARNING: Expert 1 collapsed (std < 0.05)
    VIX correlation (regime_1): 0.829
  Saved to: experiments/05_frozen_diagnostic/unfrozen_vix18_dirw1/collapse_monitoring/collapse_monitor_epoch23.json
[DEBUG CollapseMonitor] on_validation_epoch_start called for epoch 24
[DEBUG CollapseMonitor] reset_temporal_state() called on loss function
Epoch 24: val_loss=0.4014968276023865
Epoch 24: train_loss=0.4215194284915924

[CollapseMonitor] Epoch 24
  [DEBUG] Processed 21 batches from val_dataloader
  [DEBUG] Predictions shape after concat: (1282,)
  [DEBUG] All predictions list length: 21
  [DEBUG] First batch shape: (64,)
  Pred std: 0.096032, range: 0.468868, mean: 0.089126
  Pos: 84.4%, Neg: 15.6%, Unique: 1275
  Collapse penalty: 0.000000 (threshold: 0.005000)
  Directional penalty: 0.010000 (weight: 1.00, threshold: 0.90)
  Saved validation predictions to: experiments/05_frozen_diagnostic/unfrozen_vix18_dirw1/collapse_monitoring/val_predictions_epoch24.npy
  Gradient norms:
    lstm_encoder: 0.009780
    lstm_decoder: 0.004684
    output_layer: 0.068308
  VSN output std:
    encoder: 0.175274
  Attention entropy: 2.808602
  Regime diagnostics:
    Routing entropy: 0.0000 (normalized: 0.0000)
    Dominant regime: 82.3%
    Regime assignments: 0=82.3%, 1=17.7%
    Avg routing weights: R0=0.8234, R1=0.1766
    Expert 0: std=0.040777, mean=0.066045
      WARNING: Expert 0 collapsed (std < 0.05)
    Expert 1: std=0.056511, mean=-0.169701
    VIX correlation (regime_1): 0.829
  Saved to: experiments/05_frozen_diagnostic/unfrozen_vix18_dirw1/collapse_monitoring/collapse_monitor_epoch24.json
[DEBUG CollapseMonitor] on_validation_epoch_start called for epoch 25
[DEBUG CollapseMonitor] reset_temporal_state() called on loss function
Epoch 25: val_loss=0.40283307433128357
Epoch 25: train_loss=0.4201556146144867

[CollapseMonitor] Epoch 25
  [DEBUG] Processed 21 batches from val_dataloader
  [DEBUG] Predictions shape after concat: (1282,)
  [DEBUG] All predictions list length: 21
  [DEBUG] First batch shape: (64,)
  Pred std: 0.110804, range: 0.514801, mean: 0.110671
  Pos: 85.0%, Neg: 15.0%, Unique: 1281
  Collapse penalty: 0.000000 (threshold: 0.005000)
  Directional penalty: 0.010000 (weight: 1.00, threshold: 0.90)
  Saved validation predictions to: experiments/05_frozen_diagnostic/unfrozen_vix18_dirw1/collapse_monitoring/val_predictions_epoch25.npy
  Gradient norms:
    lstm_encoder: 0.010241
    lstm_decoder: 0.005150
    output_layer: 0.070296
  VSN output std:
    encoder: 0.176376
  Attention entropy: 2.806123
  Regime diagnostics:
    Routing entropy: 0.0000 (normalized: 0.0000)
    Dominant regime: 82.3%
    Regime assignments: 0=82.3%, 1=17.7%
    Avg routing weights: R0=0.8234, R1=0.1766
    Expert 0: std=0.040406, mean=0.092081
      WARNING: Expert 0 collapsed (std < 0.05)
    Expert 1: std=0.064902, mean=-0.202205
    VIX correlation (regime_1): 0.829
  Saved to: experiments/05_frozen_diagnostic/unfrozen_vix18_dirw1/collapse_monitoring/collapse_monitor_epoch25.json
[DEBUG CollapseMonitor] on_validation_epoch_start called for epoch 26
[DEBUG CollapseMonitor] reset_temporal_state() called on loss function
Epoch 26: val_loss=0.40081587433815
Epoch 26: train_loss=0.4203466773033142

[CollapseMonitor] Epoch 26
  [DEBUG] Processed 21 batches from val_dataloader
  [DEBUG] Predictions shape after concat: (1282,)
  [DEBUG] All predictions list length: 21
  [DEBUG] First batch shape: (64,)
  Pred std: 0.109190, range: 0.539638, mean: 0.108921
  Pos: 85.6%, Neg: 14.4%, Unique: 1279
  Collapse penalty: 0.000000 (threshold: 0.005000)
  Directional penalty: 0.010000 (weight: 1.00, threshold: 0.90)
  Saved validation predictions to: experiments/05_frozen_diagnostic/unfrozen_vix18_dirw1/collapse_monitoring/val_predictions_epoch26.npy
  Gradient norms:
    lstm_encoder: 0.010519
    lstm_decoder: 0.005426
    output_layer: 0.067482
  VSN output std:
    encoder: 0.175633
  Attention entropy: 2.819220
  Regime diagnostics:
    Routing entropy: 0.0000 (normalized: 0.0000)
    Dominant regime: 82.3%
    Regime assignments: 0=82.3%, 1=17.7%
    Avg routing weights: R0=0.8234, R1=0.1766
    Expert 0: std=0.046027, mean=0.087601
      WARNING: Expert 0 collapsed (std < 0.05)
    Expert 1: std=0.070773, mean=-0.208382
    VIX correlation (regime_1): 0.829
  Saved to: experiments/05_frozen_diagnostic/unfrozen_vix18_dirw1/collapse_monitoring/collapse_monitor_epoch26.json
[DEBUG CollapseMonitor] on_validation_epoch_start called for epoch 27
[DEBUG CollapseMonitor] reset_temporal_state() called on loss function
Epoch 27: val_loss=0.4003322124481201
Epoch 27: train_loss=0.41918107867240906

[CollapseMonitor] Epoch 27
  [DEBUG] Processed 21 batches from val_dataloader
  [DEBUG] Predictions shape after concat: (1282,)
  [DEBUG] All predictions list length: 21
  [DEBUG] First batch shape: (64,)
  Pred std: 0.114908, range: 0.585597, mean: 0.076221
  Pos: 80.1%, Neg: 19.9%, Unique: 1276
  Collapse penalty: 0.000000 (threshold: 0.005000)
  Directional penalty: 0.010000 (weight: 1.00, threshold: 0.90)
  Saved validation predictions to: experiments/05_frozen_diagnostic/unfrozen_vix18_dirw1/collapse_monitoring/val_predictions_epoch27.npy
  Gradient norms:
    lstm_encoder: 0.011736
    lstm_decoder: 0.006052
    output_layer: 0.067390
  VSN output std:
    encoder: 0.173956
  Attention entropy: 2.826712
  Regime diagnostics:
    Routing entropy: 0.0000 (normalized: 0.0000)
    Dominant regime: 82.3%
    Regime assignments: 0=82.3%, 1=17.7%
    Avg routing weights: R0=0.8234, R1=0.1766
    Expert 0: std=0.051785, mean=0.067498
    Expert 1: std=0.074189, mean=-0.251534
    VIX correlation (regime_1): 0.829
  Saved to: experiments/05_frozen_diagnostic/unfrozen_vix18_dirw1/collapse_monitoring/collapse_monitor_epoch27.json
[DEBUG CollapseMonitor] on_validation_epoch_start called for epoch 28
[DEBUG CollapseMonitor] reset_temporal_state() called on loss function
Epoch 28: val_loss=0.3976120352745056
Epoch 28: train_loss=0.4177578091621399

[CollapseMonitor] Epoch 28
  [DEBUG] Processed 21 batches from val_dataloader
  [DEBUG] Predictions shape after concat: (1282,)
  [DEBUG] All predictions list length: 21
  [DEBUG] First batch shape: (64,)
  Pred std: 0.116329, range: 0.604451, mean: 0.095264
  Pos: 82.5%, Neg: 17.5%, Unique: 1279
  Collapse penalty: 0.000000 (threshold: 0.005000)
  Directional penalty: 0.010000 (weight: 1.00, threshold: 0.90)
  Saved validation predictions to: experiments/05_frozen_diagnostic/unfrozen_vix18_dirw1/collapse_monitoring/val_predictions_epoch28.npy
  Gradient norms:
    lstm_encoder: 0.011419
    lstm_decoder: 0.006087
    output_layer: 0.068754
  VSN output std:
    encoder: 0.173443
  Attention entropy: 2.811664
  Regime diagnostics:
    Routing entropy: 0.0000 (normalized: 0.0000)
    Dominant regime: 82.3%
    Regime assignments: 0=82.3%, 1=17.7%
    Avg routing weights: R0=0.8234, R1=0.1766
    Expert 0: std=0.056775, mean=0.079851
    Expert 1: std=0.083354, mean=-0.250597
    VIX correlation (regime_1): 0.829
  Saved to: experiments/05_frozen_diagnostic/unfrozen_vix18_dirw1/collapse_monitoring/collapse_monitor_epoch28.json
[DEBUG CollapseMonitor] on_validation_epoch_start called for epoch 29
[DEBUG CollapseMonitor] reset_temporal_state() called on loss function
Epoch 29: val_loss=0.3965340852737427
Epoch 29: train_loss=0.4175254702568054

[CollapseMonitor] Epoch 29
  [DEBUG] Processed 21 batches from val_dataloader
  [DEBUG] Predictions shape after concat: (1282,)
  [DEBUG] All predictions list length: 21
  [DEBUG] First batch shape: (64,)
  Pred std: 0.103086, range: 0.603938, mean: 0.062913
  Pos: 84.2%, Neg: 15.8%, Unique: 1278
  Collapse penalty: 0.000000 (threshold: 0.005000)
  Directional penalty: 0.010000 (weight: 1.00, threshold: 0.90)
  Saved validation predictions to: experiments/05_frozen_diagnostic/unfrozen_vix18_dirw1/collapse_monitoring/val_predictions_epoch29.npy
  Gradient norms:
    lstm_encoder: 0.011467
    lstm_decoder: 0.006178
    output_layer: 0.069499
  VSN output std:
    encoder: 0.174038
  Attention entropy: 2.801991
  Regime diagnostics:
    Routing entropy: 0.0000 (normalized: 0.0000)
    Dominant regime: 82.3%
    Regime assignments: 0=82.3%, 1=17.7%
    Avg routing weights: R0=0.8234, R1=0.1766
    Expert 0: std=0.057539, mean=0.046023
    Expert 1: std=0.091009, mean=-0.258747
    VIX correlation (regime_1): 0.829
  Saved to: experiments/05_frozen_diagnostic/unfrozen_vix18_dirw1/collapse_monitoring/collapse_monitor_epoch29.json


======================================================================
Training complete
======================================================================

Best val_loss checkpoint: experiments/05_frozen_diagnostic/unfrozen_vix18_dirw1/checkpoints/tft-epoch=epoch=29-valloss=val_loss=0.3965.ckpt
Best validation loss: 0.396534
Checkpoints saved:
  - Best val_loss: experiments/05_frozen_diagnostic/unfrozen_vix18_dirw1/checkpoints/tft-epoch=epoch=29-valloss=val_loss=0.3965.ckpt
  - Best pred_std: experiments/05_frozen_diagnostic/unfrozen_vix18_dirw1/checkpoints/tft-epoch=epoch=01-predstd=val_pred_std=0.3208-v1.ckpt
  - Best unique: experiments/05_frozen_diagnostic/unfrozen_vix18_dirw1/checkpoints/tft-epoch=epoch=25-unique=val_num_unique=1281.ckpt
  - Last epoch: experiments/05_frozen_diagnostic/unfrozen_vix18_dirw1/checkpoints/tft-last-v2.ckpt
Completed at: 2025-11-27 04:33:25
Log saved to: experiments/05_frozen_diagnostic/unfrozen_vix18_dirw1/training_20251127_042345.log
======================================================================
