Logging to: experiments/02b_vintage_sweep/baseline_h18_drop0.25/attention_analysis_year/attention_analysis_20251122_181354.log
Analysis started at: 2025-11-22 18:13:54
======================================================================
Experiment: 02b_vintage_sweep/baseline_h18_drop0.25
Output directory: experiments/02b_vintage_sweep/baseline_h18_drop0.25/attention_analysis_year
Using best checkpoint: experiments/02b_vintage_sweep/baseline_h18_drop0.25/checkpoints/tft-epoch=76-val_loss=0.3959.ckpt

Loading data...
Loading test data from: data/splits/vintage/core_proposal_daily_vintage_test.csv
  Train samples: 6074
  Test samples: 1302

Preparing test dataset...
Test dataset size after filtering: 1282

Loading model...
Loading model from: experiments/02b_vintage_sweep/baseline_h18_drop0.25/checkpoints/tft-epoch=76-val_loss=0.3959.ckpt
Model moved to device: cuda

Extracting attention patterns...
Extracting attention patterns...
Total batches to process: 11
  Processed 10/11 batches

Total predictions: 1282
Total actuals: 1282
Attention shape: (1282, 20)
Encoder variables shape: (1282, 5)

Prediction period: 2020-08-17T00:00:00.000000000 to 2025-10-06T00:00:00.000000000
Total predictions: 1282

Creating temporal periods:
  2020: 94 samples
  2021: 250 samples
  2022: 249 samples
  2023: 249 samples
  2024: 250 samples
  2025: 190 samples

Attention over 20 encoder timesteps

Analyzing attention patterns by period...

Comparing attention patterns across periods...

Creating visualizations...
Saved attention heatmap: experiments/02b_vintage_sweep/baseline_h18_drop0.25/attention_analysis_year/attention_heatmap.png
Saved attention trends: experiments/02b_vintage_sweep/baseline_h18_drop0.25/attention_analysis_year/attention_trends.png
Saved feature importance comparison: experiments/02b_vintage_sweep/baseline_h18_drop0.25/attention_analysis_year/temporal_attention_comparison.png

Saving results...
Saved results: experiments/02b_vintage_sweep/baseline_h18_drop0.25/attention_analysis_year/attention_analysis_results.json

======================================================================
ATTENTION ANALYSIS SUMMARY
======================================================================

Per-Period Statistics:
----------------------------------------------------------------------

2020:
  Samples: 94
  Entropy: 2.9142 Ã‚Â± 0.0813
  Concentration: 0.0534
  Top 5 features:
    t-1                            0.0739
    t-2                            0.0705
    t-3                            0.0671
    t-4                            0.0645
    t-5                            0.0619

2021:
  Samples: 250
  Entropy: 2.8519 Ã‚Â± 0.2289
  Concentration: 0.0518
  Top 5 features:
    t-1                            0.0658
    t-2                            0.0632
    t-3                            0.0609
    t-4                            0.0588
    t-5                            0.0575

2022:
  Samples: 249
  Entropy: 2.7504 Ã‚Â± 0.3022
  Concentration: 0.0565
  Top 5 features:
    t-1                            0.0916
    t-2                            0.0823
    t-3                            0.0750
    t-4                            0.0692
    t-5                            0.0645

2023:
  Samples: 249
  Entropy: 2.9508 Ã‚Â± 0.0777
  Concentration: 0.0508
  Top 5 features:
    t-1                            0.0575
    t-2                            0.0567
    t-3                            0.0561
    t-4                            0.0556
    t-5                            0.0552

2024:
  Samples: 250
  Entropy: 2.8814 Ã‚Â± 0.3260
  Concentration: 0.0514
  Top 5 features:
    t-1                            0.0617
    t-2                            0.0602
    t-3                            0.0592
    t-4                            0.0581
    t-5                            0.0571

2025:
  Samples: 190
  Entropy: 2.8308 Ã‚Â± 0.3751
  Concentration: 0.0516
  Top 5 features:
    t-1                            0.0658
    t-2                            0.0597
    t-3                            0.0576
    t-4                            0.0566
    t-5                            0.0556

----------------------------------------------------------------------
Period Comparisons:
----------------------------------------------------------------------

2020_vs_2021:
  Cosine similarity: 0.9970
  L2 distance: 0.0180
  Entropy change: -0.0624
  Concentration change: -0.0016

2020_vs_2022:
  Cosine similarity: 0.9936
  L2 distance: 0.0274
  Entropy change: -0.1639
  Concentration change: 0.0032

2020_vs_2023:
  Cosine similarity: 0.9898
  L2 distance: 0.0331
  Entropy change: 0.0365
  Concentration change: -0.0025

2020_vs_2024:
  Cosine similarity: 0.9946
  L2 distance: 0.0241
  Entropy change: -0.0328
  Concentration change: -0.0020

2020_vs_2025:
  Cosine similarity: 0.9943
  L2 distance: 0.0248
  Entropy change: -0.0835
  Concentration change: -0.0018

2021_vs_2022:
  Cosine similarity: 0.9828
  L2 distance: 0.0444
  Entropy change: -0.1015
  Concentration change: 0.0048

2021_vs_2023:
  Cosine similarity: 0.9977
  L2 distance: 0.0154
  Entropy change: 0.0989
  Concentration change: -0.0009

2021_vs_2024:
  Cosine similarity: 0.9995
  L2 distance: 0.0070
  Entropy change: 0.0296
  Concentration change: -0.0004

2021_vs_2025:
  Cosine similarity: 0.9993
  L2 distance: 0.0084
  Entropy change: -0.0211
  Concentration change: -0.0002

2022_vs_2023:
  Cosine similarity: 0.9687
  L2 distance: 0.0592
  Entropy change: 0.2004
  Concentration change: -0.0057

2022_vs_2024:
  Cosine similarity: 0.9773
  L2 distance: 0.0507
  Entropy change: 0.1311
  Concentration change: -0.0052

2022_vs_2025:
  Cosine similarity: 0.9772
  L2 distance: 0.0507
  Entropy change: 0.0804
  Concentration change: -0.0049

2023_vs_2024:
  Cosine similarity: 0.9992
  L2 distance: 0.0093
  Entropy change: -0.0693
  Concentration change: 0.0005

2023_vs_2025:
  Cosine similarity: 0.9985
  L2 distance: 0.0125
  Entropy change: -0.1200
  Concentration change: 0.0008

2024_vs_2025:
  Cosine similarity: 0.9994
  L2 distance: 0.0076
  Entropy change: -0.0507
  Concentration change: 0.0002

======================================================================

Analysis complete!
Results saved to: experiments/02b_vintage_sweep/baseline_h18_drop0.25/attention_analysis_year
  - attention_analysis_results.json
  - attention_heatmap.png
  - attention_trends.png
  - temporal_attention_comparison.png
