
[INFO] Using AUTO device selection.

[INFO] Patched matplotlib.Axes.errorbar to abs() negative yerr for robustness.
======================================================================
Training TFT: h16d025_dirw2.0_colw0.1t0.035
======================================================================
Logging to: experiments/h16d025_dirw2.0_colw0.1t0.035/training_20251122_233309.log
Started at: 2025-11-22 23:33:09
======================================================================
Configuration saved to: experiments/h16d025_dirw2.0_colw0.1t0.035/config.json

Loading data splits...
Train: 6074 samples
Val: 1302 samples
Test: 1302 samples

Preparing TimeSeriesDataSet...

Dropping source columns (used for staleness only): ['CPI']

Final features for TFT: ['SP500_Returns', 'VIX', 'Treasury_10Y', 'Yield_Spread', 'Inflation_YoY']

======================================================================
FEATURE STATISTICS - BEFORE NORMALIZATION
======================================================================
VIX                             mean= 19.7438  std=  8.0295  min=  9.3100  max= 80.8600
Treasury_10Y                    mean=  4.7672  std=  1.6903  min=  1.4300  max=  8.3600
Yield_Spread                    mean=  1.2778  std=  0.9179  min= -0.5200  max=  2.9100
Inflation_YoY                   mean=  2.5322  std=  1.1865  min= -2.1498  max=  6.7300

======================================================================
FEATURES AFTER GROUPNORMALIZER (first batch, last timestep)
======================================================================
VIX                             normalized_value=  1.0000
Treasury_10Y                    normalized_value= -0.0500
Yield_Spread                    normalized_value=  0.0817
Inflation_YoY                   normalized_value=  0.8774
======================================================================

Batches per epoch: 94
[DEBUG] Validation batches: 21
[DEBUG] Validation dataset size: 1282
[DEBUG] Batch size: 64

Initializing model...

Active loss penalties: variance_collapse=0.1 (threshold=3.5%), directional_diversity=2.0 (threshold=90%)

================================================================================
BASELINE MODEL FEATURE CONFIGURATION (after from_dataset)
================================================================================
tft.hparams.time_varying_reals_encoder: ['relative_time_idx', 'VIX', 'Treasury_10Y', 'Yield_Spread', 'Inflation_YoY']
  Count: 5

tft.hparams.time_varying_reals_decoder: ['relative_time_idx']
  Count: 1

tft.hparams.x_reals (all reals passed to model): ['encoder_length', 'relative_time_idx', 'VIX', 'Treasury_10Y', 'Yield_Spread', 'Inflation_YoY']
  Count: 6

Encoder VSN configuration:
  num_inputs: 5
  input_sizes: {'relative_time_idx': 16, 'VIX': 16, 'Treasury_10Y': 16, 'Yield_Spread': 16, 'Inflation_YoY': 16}
  flattened_grn.fc1: in_features=80, out_features=5
  -> Params in fc1: 400 (should be 5*16*5=400 if 5 features)
================================================================================

Model parameters: 22,615

Starting training...
Checkpoints will be saved to: experiments/h16d025_dirw2.0_colw0.1t0.035/checkpoints/
Logs will be saved to: experiments/h16d025_dirw2.0_colw0.1t0.035/logs/

[DEBUG CollapseMonitor] on_validation_epoch_start called for epoch 0
[DEBUG CollapseMonitor] reset_temporal_state() called on loss function
Epoch 0: val_loss=N/A
[DEBUG CollapseMonitor] on_validation_epoch_start called for epoch 0
[DEBUG CollapseMonitor] reset_temporal_state() called on loss function
Epoch 0: val_loss=0.6163535714149475
Epoch 0: train_loss=0.6950733661651611

[CollapseMonitor] Epoch 0
  [DEBUG] Processed 21 batches from val_dataloader
  [DEBUG] Predictions shape after concat: (1282,)
  [DEBUG] All predictions list length: 21
  [DEBUG] First batch shape: (64,)
  Pred std: 0.032570, range: 0.127348, mean: 0.039245
  Pos: 92.3%, Neg: 7.7%, Unique: 1267
  Collapse penalty: 0.000001 (threshold: 0.035000)
  Directional penalty: 0.010000 (weight: 2.00, threshold: 0.90)
  Saved validation predictions to: experiments/h16d025_dirw2.0_colw0.1t0.035/collapse_monitoring/val_predictions_epoch0.npy
  Gradient norms:
    lstm_encoder: 0.008575
    lstm_decoder: 0.013127
    output_layer: 0.610299
  VSN output std:
    encoder: 0.154970
  Attention entropy: 2.990634
  Saved to: experiments/h16d025_dirw2.0_colw0.1t0.035/collapse_monitoring/collapse_monitor_epoch0.json
[DEBUG CollapseMonitor] on_validation_epoch_start called for epoch 1
[DEBUG CollapseMonitor] reset_temporal_state() called on loss function
Epoch 1: val_loss=0.5171381235122681
Epoch 1: train_loss=0.5897588729858398

[CollapseMonitor] Epoch 1
  [DEBUG] Processed 21 batches from val_dataloader
  [DEBUG] Predictions shape after concat: (1282,)
  [DEBUG] All predictions list length: 21
  [DEBUG] First batch shape: (64,)
  Pred std: 0.021813, range: 0.092046, mean: -0.019925
  Pos: 20.0%, Neg: 80.0%, Unique: 1271
  Collapse penalty: 0.000017 (threshold: 0.035000)
  Directional penalty: 0.010000 (weight: 2.00, threshold: 0.90)
  Saved validation predictions to: experiments/h16d025_dirw2.0_colw0.1t0.035/collapse_monitoring/val_predictions_epoch1.npy
  Gradient norms:
    lstm_encoder: 0.006823
    lstm_decoder: 0.009055
    output_layer: 0.454801
  VSN output std:
    encoder: 0.164923
  Attention entropy: 2.992142
  Saved to: experiments/h16d025_dirw2.0_colw0.1t0.035/collapse_monitoring/collapse_monitor_epoch1.json
[DEBUG CollapseMonitor] on_validation_epoch_start called for epoch 2
[DEBUG CollapseMonitor] reset_temporal_state() called on loss function
Epoch 2: val_loss=0.48172125220298767
Epoch 2: train_loss=0.5077558159828186

[CollapseMonitor] Epoch 2
  [DEBUG] Processed 21 batches from val_dataloader
  [DEBUG] Predictions shape after concat: (1282,)
  [DEBUG] All predictions list length: 21
  [DEBUG] First batch shape: (64,)
  Pred std: 0.018620, range: 0.089824, mean: 0.018380
  Pos: 88.3%, Neg: 11.7%, Unique: 1266
  Collapse penalty: 0.000027 (threshold: 0.035000)
  Directional penalty: 0.010000 (weight: 2.00, threshold: 0.90)
  Saved validation predictions to: experiments/h16d025_dirw2.0_colw0.1t0.035/collapse_monitoring/val_predictions_epoch2.npy
  Gradient norms:
    lstm_encoder: 0.004737
    lstm_decoder: 0.004802
    output_layer: 0.254452
  VSN output std:
    encoder: 0.168802
  Attention entropy: 2.993416
  Saved to: experiments/h16d025_dirw2.0_colw0.1t0.035/collapse_monitoring/collapse_monitor_epoch2.json
[DEBUG CollapseMonitor] on_validation_epoch_start called for epoch 3
[DEBUG CollapseMonitor] reset_temporal_state() called on loss function
Epoch 3: val_loss=0.47087642550468445
Epoch 3: train_loss=0.4753747582435608

[CollapseMonitor] Epoch 3
  [DEBUG] Processed 21 batches from val_dataloader
  [DEBUG] Predictions shape after concat: (1282,)
  [DEBUG] All predictions list length: 21
  [DEBUG] First batch shape: (64,)
  Pred std: 0.016935, range: 0.083329, mean: 0.012330
  Pos: 82.8%, Neg: 17.2%, Unique: 1267
  Collapse penalty: 0.000033 (threshold: 0.035000)
  Directional penalty: 0.010000 (weight: 2.00, threshold: 0.90)
  Saved validation predictions to: experiments/h16d025_dirw2.0_colw0.1t0.035/collapse_monitoring/val_predictions_epoch3.npy
  Gradient norms:
    lstm_encoder: 0.003212
    lstm_decoder: 0.003062
    output_layer: 0.138878
  VSN output std:
    encoder: 0.170666
  Attention entropy: 2.993734
  Saved to: experiments/h16d025_dirw2.0_colw0.1t0.035/collapse_monitoring/collapse_monitor_epoch3.json
[DEBUG CollapseMonitor] on_validation_epoch_start called for epoch 4
[DEBUG CollapseMonitor] reset_temporal_state() called on loss function
Epoch 4: val_loss=0.4701969027519226
Epoch 4: train_loss=0.46432554721832275

[CollapseMonitor] Epoch 4
  [DEBUG] Processed 21 batches from val_dataloader
  [DEBUG] Predictions shape after concat: (1282,)
  [DEBUG] All predictions list length: 21
  [DEBUG] First batch shape: (64,)
  Pred std: 0.016464, range: 0.082345, mean: 0.022507
  Pos: 93.7%, Neg: 6.3%, Unique: 1263
  Collapse penalty: 0.000034 (threshold: 0.035000)
  Directional penalty: 0.010000 (weight: 2.00, threshold: 0.90)
  Saved validation predictions to: experiments/h16d025_dirw2.0_colw0.1t0.035/collapse_monitoring/val_predictions_epoch4.npy
  Gradient norms:
    lstm_encoder: 0.003180
    lstm_decoder: 0.002964
    output_layer: 0.111862
  VSN output std:
    encoder: 0.185101
  Attention entropy: 2.993797
  Saved to: experiments/h16d025_dirw2.0_colw0.1t0.035/collapse_monitoring/collapse_monitor_epoch4.json
[DEBUG CollapseMonitor] on_validation_epoch_start called for epoch 5
[DEBUG CollapseMonitor] reset_temporal_state() called on loss function
Epoch 5: val_loss=0.46969524025917053
Epoch 5: train_loss=0.460763156414032

[CollapseMonitor] Epoch 5
  [DEBUG] Processed 21 batches from val_dataloader
  [DEBUG] Predictions shape after concat: (1282,)
  [DEBUG] All predictions list length: 21
  [DEBUG] First batch shape: (64,)
  Pred std: 0.015028, range: 0.078207, mean: 0.041121
  Pos: 100.0%, Neg: 0.0%, Unique: 1246
  Collapse penalty: 0.000040 (threshold: 0.035000)
  Directional penalty: 0.010000 (weight: 2.00, threshold: 0.90)
  Saved validation predictions to: experiments/h16d025_dirw2.0_colw0.1t0.035/collapse_monitoring/val_predictions_epoch5.npy
  Gradient norms:
    lstm_encoder: 0.003181
    lstm_decoder: 0.002736
    output_layer: 0.098095
  VSN output std:
    encoder: 0.187249
  Attention entropy: 2.993270
  Saved to: experiments/h16d025_dirw2.0_colw0.1t0.035/collapse_monitoring/collapse_monitor_epoch5.json
[DEBUG CollapseMonitor] on_validation_epoch_start called for epoch 6
[DEBUG CollapseMonitor] reset_temporal_state() called on loss function
Epoch 6: val_loss=0.4612084925174713
Epoch 6: train_loss=0.4565286934375763

[CollapseMonitor] Epoch 6
  [DEBUG] Processed 21 batches from val_dataloader
  [DEBUG] Predictions shape after concat: (1282,)
  [DEBUG] All predictions list length: 21
  [DEBUG] First batch shape: (64,)
  Pred std: 0.015548, range: 0.083907, mean: 0.014345
  Pos: 89.2%, Neg: 10.8%, Unique: 1268
  Collapse penalty: 0.000038 (threshold: 0.035000)
  Directional penalty: 0.010000 (weight: 2.00, threshold: 0.90)
  Saved validation predictions to: experiments/h16d025_dirw2.0_colw0.1t0.035/collapse_monitoring/val_predictions_epoch6.npy
  Gradient norms:
    lstm_encoder: 0.003222
    lstm_decoder: 0.002631
    output_layer: 0.087856
  VSN output std:
    encoder: 0.185425
  Attention entropy: 2.991428
  Saved to: experiments/h16d025_dirw2.0_colw0.1t0.035/collapse_monitoring/collapse_monitor_epoch6.json
[DEBUG CollapseMonitor] on_validation_epoch_start called for epoch 7
[DEBUG CollapseMonitor] reset_temporal_state() called on loss function
Epoch 7: val_loss=0.4625393748283386
Epoch 7: train_loss=0.45403358340263367

[CollapseMonitor] Epoch 7
  [DEBUG] Processed 21 batches from val_dataloader
  [DEBUG] Predictions shape after concat: (1282,)
  [DEBUG] All predictions list length: 21
  [DEBUG] First batch shape: (64,)
  Pred std: 0.012872, range: 0.079530, mean: 0.021074
  Pos: 99.0%, Neg: 1.0%, Unique: 1252
  Collapse penalty: 0.000049 (threshold: 0.035000)
  Directional penalty: 0.010000 (weight: 2.00, threshold: 0.90)
  Saved validation predictions to: experiments/h16d025_dirw2.0_colw0.1t0.035/collapse_monitoring/val_predictions_epoch7.npy
  Gradient norms:
    lstm_encoder: 0.003763
    lstm_decoder: 0.002873
    output_layer: 0.094127
  VSN output std:
    encoder: 0.180385
  Attention entropy: 2.985293
  Saved to: experiments/h16d025_dirw2.0_colw0.1t0.035/collapse_monitoring/collapse_monitor_epoch7.json
[DEBUG CollapseMonitor] on_validation_epoch_start called for epoch 8
[DEBUG CollapseMonitor] reset_temporal_state() called on loss function
Epoch 8: val_loss=0.45976197719573975
Epoch 8: train_loss=0.45121267437934875

[CollapseMonitor] Epoch 8
  [DEBUG] Processed 21 batches from val_dataloader
  [DEBUG] Predictions shape after concat: (1282,)
  [DEBUG] All predictions list length: 21
  [DEBUG] First batch shape: (64,)
  Pred std: 0.013165, range: 0.109595, mean: 0.053261
  Pos: 100.0%, Neg: 0.0%, Unique: 1256
  Collapse penalty: 0.000048 (threshold: 0.035000)
  Directional penalty: 0.010000 (weight: 2.00, threshold: 0.90)
  Saved validation predictions to: experiments/h16d025_dirw2.0_colw0.1t0.035/collapse_monitoring/val_predictions_epoch8.npy
  Gradient norms:
    lstm_encoder: 0.004253
    lstm_decoder: 0.003078
    output_layer: 0.094311
  VSN output std:
    encoder: 0.174461
  Attention entropy: 2.982467
  Saved to: experiments/h16d025_dirw2.0_colw0.1t0.035/collapse_monitoring/collapse_monitor_epoch8.json
[DEBUG CollapseMonitor] on_validation_epoch_start called for epoch 9
[DEBUG CollapseMonitor] reset_temporal_state() called on loss function
Epoch 9: val_loss=0.45158901810646057
Epoch 9: train_loss=0.44531792402267456

[CollapseMonitor] Epoch 9
  [DEBUG] Processed 21 batches from val_dataloader
  [DEBUG] Predictions shape after concat: (1282,)
  [DEBUG] All predictions list length: 21
  [DEBUG] First batch shape: (64,)
  Pred std: 0.014191, range: 0.137375, mean: 0.050033
  Pos: 99.1%, Neg: 0.9%, Unique: 1240
  Collapse penalty: 0.000043 (threshold: 0.035000)
  Directional penalty: 0.010000 (weight: 2.00, threshold: 0.90)
  Saved validation predictions to: experiments/h16d025_dirw2.0_colw0.1t0.035/collapse_monitoring/val_predictions_epoch9.npy
  Gradient norms:
    lstm_encoder: 0.004994
    lstm_decoder: 0.003441
    output_layer: 0.100128
  VSN output std:
    encoder: 0.174518
  Attention entropy: 2.984663
  Saved to: experiments/h16d025_dirw2.0_colw0.1t0.035/collapse_monitoring/collapse_monitor_epoch9.json
[DEBUG CollapseMonitor] on_validation_epoch_start called for epoch 10
[DEBUG CollapseMonitor] reset_temporal_state() called on loss function
Epoch 10: val_loss=0.44940081238746643
Epoch 10: train_loss=0.4425133168697357

[CollapseMonitor] Epoch 10
  [DEBUG] Processed 21 batches from val_dataloader
  [DEBUG] Predictions shape after concat: (1282,)
  [DEBUG] All predictions list length: 21
  [DEBUG] First batch shape: (64,)
  Pred std: 0.014038, range: 0.137597, mean: 0.073931
  Pos: 100.0%, Neg: 0.0%, Unique: 1236
  Collapse penalty: 0.000044 (threshold: 0.035000)
  Directional penalty: 0.010000 (weight: 2.00, threshold: 0.90)
  Saved validation predictions to: experiments/h16d025_dirw2.0_colw0.1t0.035/collapse_monitoring/val_predictions_epoch10.npy
  Gradient norms:
    lstm_encoder: 0.005462
    lstm_decoder: 0.003623
    output_layer: 0.099505
  VSN output std:
    encoder: 0.172617
  Attention entropy: 2.984383
  Saved to: experiments/h16d025_dirw2.0_colw0.1t0.035/collapse_monitoring/collapse_monitor_epoch10.json
[DEBUG CollapseMonitor] on_validation_epoch_start called for epoch 11
[DEBUG CollapseMonitor] reset_temporal_state() called on loss function
Epoch 11: val_loss=0.446607768535614
Epoch 11: train_loss=0.4397945702075958

[CollapseMonitor] Epoch 11
  [DEBUG] Processed 21 batches from val_dataloader
  [DEBUG] Predictions shape after concat: (1282,)
  [DEBUG] All predictions list length: 21
  [DEBUG] First batch shape: (64,)
  Pred std: 0.014850, range: 0.134670, mean: 0.070794
  Pos: 100.0%, Neg: 0.0%, Unique: 1250
  Collapse penalty: 0.000041 (threshold: 0.035000)
  Directional penalty: 0.010000 (weight: 2.00, threshold: 0.90)
  Saved validation predictions to: experiments/h16d025_dirw2.0_colw0.1t0.035/collapse_monitoring/val_predictions_epoch11.npy
  Gradient norms:
    lstm_encoder: 0.005672
    lstm_decoder: 0.003635
    output_layer: 0.096912
  VSN output std:
    encoder: 0.170609
  Attention entropy: 2.981395
  Saved to: experiments/h16d025_dirw2.0_colw0.1t0.035/collapse_monitoring/collapse_monitor_epoch11.json
[DEBUG CollapseMonitor] on_validation_epoch_start called for epoch 12
[DEBUG CollapseMonitor] reset_temporal_state() called on loss function
Epoch 12: val_loss=0.4437611401081085
Epoch 12: train_loss=0.43834418058395386

[CollapseMonitor] Epoch 12
  [DEBUG] Processed 21 batches from val_dataloader
  [DEBUG] Predictions shape after concat: (1282,)
  [DEBUG] All predictions list length: 21
  [DEBUG] First batch shape: (64,)
  Pred std: 0.016920, range: 0.141106, mean: 0.060190
  Pos: 98.9%, Neg: 1.1%, Unique: 1240
  Collapse penalty: 0.000033 (threshold: 0.035000)
  Directional penalty: 0.010000 (weight: 2.00, threshold: 0.90)
  Saved validation predictions to: experiments/h16d025_dirw2.0_colw0.1t0.035/collapse_monitoring/val_predictions_epoch12.npy
  Gradient norms:
    lstm_encoder: 0.005844
    lstm_decoder: 0.003678
    output_layer: 0.093449
  VSN output std:
    encoder: 0.169424
  Attention entropy: 2.985165
  Saved to: experiments/h16d025_dirw2.0_colw0.1t0.035/collapse_monitoring/collapse_monitor_epoch12.json
[DEBUG CollapseMonitor] on_validation_epoch_start called for epoch 13
[DEBUG CollapseMonitor] reset_temporal_state() called on loss function
Epoch 13: val_loss=0.44026413559913635
Epoch 13: train_loss=0.4359351098537445

[CollapseMonitor] Epoch 13
  [DEBUG] Processed 21 batches from val_dataloader
  [DEBUG] Predictions shape after concat: (1282,)
  [DEBUG] All predictions list length: 21
  [DEBUG] First batch shape: (64,)
  Pred std: 0.016966, range: 0.146313, mean: 0.032370
  Pos: 94.5%, Neg: 5.5%, Unique: 1253
  Collapse penalty: 0.000033 (threshold: 0.035000)
  Directional penalty: 0.010000 (weight: 2.00, threshold: 0.90)
  Saved validation predictions to: experiments/h16d025_dirw2.0_colw0.1t0.035/collapse_monitoring/val_predictions_epoch13.npy
  Gradient norms:
    lstm_encoder: 0.006017
    lstm_decoder: 0.003775
    output_layer: 0.102856
  VSN output std:
    encoder: 0.169089
  Attention entropy: 2.986437
  Saved to: experiments/h16d025_dirw2.0_colw0.1t0.035/collapse_monitoring/collapse_monitor_epoch13.json
[DEBUG CollapseMonitor] on_validation_epoch_start called for epoch 14
[DEBUG CollapseMonitor] reset_temporal_state() called on loss function
Epoch 14: val_loss=0.44243428111076355
Epoch 14: train_loss=0.43612751364707947

[CollapseMonitor] Epoch 14
  [DEBUG] Processed 21 batches from val_dataloader
  [DEBUG] Predictions shape after concat: (1282,)
  [DEBUG] All predictions list length: 21
  [DEBUG] First batch shape: (64,)
  Pred std: 0.016392, range: 0.161710, mean: 0.064992
  Pos: 99.1%, Neg: 0.9%, Unique: 1254
  Collapse penalty: 0.000035 (threshold: 0.035000)
  Directional penalty: 0.010000 (weight: 2.00, threshold: 0.90)
  Saved validation predictions to: experiments/h16d025_dirw2.0_colw0.1t0.035/collapse_monitoring/val_predictions_epoch14.npy
  Gradient norms:
    lstm_encoder: 0.006266
    lstm_decoder: 0.003723
    output_layer: 0.091891
  VSN output std:
    encoder: 0.166095
  Attention entropy: 2.989921
  Saved to: experiments/h16d025_dirw2.0_colw0.1t0.035/collapse_monitoring/collapse_monitor_epoch14.json
[DEBUG CollapseMonitor] on_validation_epoch_start called for epoch 15
[DEBUG CollapseMonitor] reset_temporal_state() called on loss function
Epoch 15: val_loss=0.4421514868736267
Epoch 15: train_loss=0.43327128887176514

[CollapseMonitor] Epoch 15
  [DEBUG] Processed 21 batches from val_dataloader
  [DEBUG] Predictions shape after concat: (1282,)
  [DEBUG] All predictions list length: 21
  [DEBUG] First batch shape: (64,)
  Pred std: 0.016773, range: 0.170269, mean: 0.034764
  Pos: 96.4%, Neg: 3.6%, Unique: 1250
  Collapse penalty: 0.000033 (threshold: 0.035000)
  Directional penalty: 0.010000 (weight: 2.00, threshold: 0.90)
  Saved validation predictions to: experiments/h16d025_dirw2.0_colw0.1t0.035/collapse_monitoring/val_predictions_epoch15.npy
  Gradient norms:
    lstm_encoder: 0.006329
    lstm_decoder: 0.003740
    output_layer: 0.095478
  VSN output std:
    encoder: 0.166387
  Attention entropy: 2.992621
  Saved to: experiments/h16d025_dirw2.0_colw0.1t0.035/collapse_monitoring/collapse_monitor_epoch15.json
[DEBUG CollapseMonitor] on_validation_epoch_start called for epoch 16
[DEBUG CollapseMonitor] reset_temporal_state() called on loss function
Epoch 16: val_loss=0.44048014283180237
Epoch 16: train_loss=0.43301674723625183

[CollapseMonitor] Epoch 16
  [DEBUG] Processed 21 batches from val_dataloader
  [DEBUG] Predictions shape after concat: (1282,)
  [DEBUG] All predictions list length: 21
  [DEBUG] First batch shape: (64,)
  Pred std: 0.017797, range: 0.179132, mean: 0.077244
  Pos: 99.3%, Neg: 0.7%, Unique: 1257
  Collapse penalty: 0.000030 (threshold: 0.035000)
  Directional penalty: 0.010000 (weight: 2.00, threshold: 0.90)
  Saved validation predictions to: experiments/h16d025_dirw2.0_colw0.1t0.035/collapse_monitoring/val_predictions_epoch16.npy
  Gradient norms:
    lstm_encoder: 0.007519
    lstm_decoder: 0.004101
    output_layer: 0.097670
  VSN output std:
    encoder: 0.164961
  Attention entropy: 2.990415
  Saved to: experiments/h16d025_dirw2.0_colw0.1t0.035/collapse_monitoring/collapse_monitor_epoch16.json
[DEBUG CollapseMonitor] on_validation_epoch_start called for epoch 17
[DEBUG CollapseMonitor] reset_temporal_state() called on loss function
Epoch 17: val_loss=0.4381721019744873
Epoch 17: train_loss=0.4332742393016815

[CollapseMonitor] Epoch 17
  [DEBUG] Processed 21 batches from val_dataloader
  [DEBUG] Predictions shape after concat: (1282,)
  [DEBUG] All predictions list length: 21
  [DEBUG] First batch shape: (64,)
  Pred std: 0.020462, range: 0.182469, mean: 0.068418
  Pos: 97.5%, Neg: 2.5%, Unique: 1260
  Collapse penalty: 0.000021 (threshold: 0.035000)
  Directional penalty: 0.010000 (weight: 2.00, threshold: 0.90)
  Saved validation predictions to: experiments/h16d025_dirw2.0_colw0.1t0.035/collapse_monitoring/val_predictions_epoch17.npy
  Gradient norms:
    lstm_encoder: 0.007041
    lstm_decoder: 0.003930
    output_layer: 0.088245
  VSN output std:
    encoder: 0.165764
  Attention entropy: 2.988924
  Saved to: experiments/h16d025_dirw2.0_colw0.1t0.035/collapse_monitoring/collapse_monitor_epoch17.json
[DEBUG CollapseMonitor] on_validation_epoch_start called for epoch 18
[DEBUG CollapseMonitor] reset_temporal_state() called on loss function
Epoch 18: val_loss=0.4382966458797455
Epoch 18: train_loss=0.43111303448677063

[CollapseMonitor] Epoch 18
  [DEBUG] Processed 21 batches from val_dataloader
  [DEBUG] Predictions shape after concat: (1282,)
  [DEBUG] All predictions list length: 21
  [DEBUG] First batch shape: (64,)
  Pred std: 0.018065, range: 0.182594, mean: 0.078439
  Pos: 99.6%, Neg: 0.4%, Unique: 1249
  Collapse penalty: 0.000029 (threshold: 0.035000)
  Directional penalty: 0.010000 (weight: 2.00, threshold: 0.90)
  Saved validation predictions to: experiments/h16d025_dirw2.0_colw0.1t0.035/collapse_monitoring/val_predictions_epoch18.npy
  Gradient norms:
    lstm_encoder: 0.007888
    lstm_decoder: 0.004254
    output_layer: 0.097517
  VSN output std:
    encoder: 0.165469
  Attention entropy: 2.989922
  Saved to: experiments/h16d025_dirw2.0_colw0.1t0.035/collapse_monitoring/collapse_monitor_epoch18.json
[DEBUG CollapseMonitor] on_validation_epoch_start called for epoch 19
[DEBUG CollapseMonitor] reset_temporal_state() called on loss function
Epoch 19: val_loss=0.4368925094604492
Epoch 19: train_loss=0.43105727434158325

[CollapseMonitor] Epoch 19
  [DEBUG] Processed 21 batches from val_dataloader
  [DEBUG] Predictions shape after concat: (1282,)
  [DEBUG] All predictions list length: 21
  [DEBUG] First batch shape: (64,)
  Pred std: 0.016713, range: 0.159380, mean: 0.078159
  Pos: 99.9%, Neg: 0.1%, Unique: 1265
  Collapse penalty: 0.000033 (threshold: 0.035000)
  Directional penalty: 0.010000 (weight: 2.00, threshold: 0.90)
  Saved validation predictions to: experiments/h16d025_dirw2.0_colw0.1t0.035/collapse_monitoring/val_predictions_epoch19.npy
  Gradient norms:
    lstm_encoder: 0.007577
    lstm_decoder: 0.004265
    output_layer: 0.097244
  VSN output std:
    encoder: 0.166384
  Attention entropy: 2.985896
  Saved to: experiments/h16d025_dirw2.0_colw0.1t0.035/collapse_monitoring/collapse_monitor_epoch19.json
[DEBUG CollapseMonitor] on_validation_epoch_start called for epoch 20
[DEBUG CollapseMonitor] reset_temporal_state() called on loss function
Epoch 20: val_loss=0.43640199303627014
Epoch 20: train_loss=0.4301382899284363

[CollapseMonitor] Epoch 20
  [DEBUG] Processed 21 batches from val_dataloader
  [DEBUG] Predictions shape after concat: (1282,)
  [DEBUG] All predictions list length: 21
  [DEBUG] First batch shape: (64,)
  Pred std: 0.017074, range: 0.162036, mean: 0.060162
  Pos: 99.1%, Neg: 0.9%, Unique: 1253
  Collapse penalty: 0.000032 (threshold: 0.035000)
  Directional penalty: 0.010000 (weight: 2.00, threshold: 0.90)
  Saved validation predictions to: experiments/h16d025_dirw2.0_colw0.1t0.035/collapse_monitoring/val_predictions_epoch20.npy
  Gradient norms:
    lstm_encoder: 0.008260
    lstm_decoder: 0.004580
    output_layer: 0.098181
  VSN output std:
    encoder: 0.163646
  Attention entropy: 2.986646
  Saved to: experiments/h16d025_dirw2.0_colw0.1t0.035/collapse_monitoring/collapse_monitor_epoch20.json
[DEBUG CollapseMonitor] on_validation_epoch_start called for epoch 21
[DEBUG CollapseMonitor] reset_temporal_state() called on loss function
Epoch 21: val_loss=0.43575015664100647
Epoch 21: train_loss=0.42930343747138977

[CollapseMonitor] Epoch 21
  [DEBUG] Processed 21 batches from val_dataloader
  [DEBUG] Predictions shape after concat: (1282,)
  [DEBUG] All predictions list length: 21
  [DEBUG] First batch shape: (64,)
  Pred std: 0.016015, range: 0.151525, mean: 0.059605
  Pos: 99.5%, Neg: 0.5%, Unique: 1268
  Collapse penalty: 0.000036 (threshold: 0.035000)
  Directional penalty: 0.010000 (weight: 2.00, threshold: 0.90)
  Saved validation predictions to: experiments/h16d025_dirw2.0_colw0.1t0.035/collapse_monitoring/val_predictions_epoch21.npy
  Gradient norms:
    lstm_encoder: 0.008033
    lstm_decoder: 0.004353
    output_layer: 0.090785
  VSN output std:
    encoder: 0.163778
  Attention entropy: 2.984660
  Saved to: experiments/h16d025_dirw2.0_colw0.1t0.035/collapse_monitoring/collapse_monitor_epoch21.json
[DEBUG CollapseMonitor] on_validation_epoch_start called for epoch 22
[DEBUG CollapseMonitor] reset_temporal_state() called on loss function
Epoch 22: val_loss=0.4344329535961151
Epoch 22: train_loss=0.42825451493263245

[CollapseMonitor] Epoch 22
  [DEBUG] Processed 21 batches from val_dataloader
  [DEBUG] Predictions shape after concat: (1282,)
  [DEBUG] All predictions list length: 21
  [DEBUG] First batch shape: (64,)
  Pred std: 0.024705, range: 0.190103, mean: 0.055661
  Pos: 99.8%, Neg: 0.2%, Unique: 1265
  Collapse penalty: 0.000011 (threshold: 0.035000)
  Directional penalty: 0.010000 (weight: 2.00, threshold: 0.90)
  Saved validation predictions to: experiments/h16d025_dirw2.0_colw0.1t0.035/collapse_monitoring/val_predictions_epoch22.npy
  Gradient norms:
    lstm_encoder: 0.008500
    lstm_decoder: 0.004742
    output_layer: 0.089148
  VSN output std:
    encoder: 0.165789
  Attention entropy: 2.981907
  Saved to: experiments/h16d025_dirw2.0_colw0.1t0.035/collapse_monitoring/collapse_monitor_epoch22.json
[DEBUG CollapseMonitor] on_validation_epoch_start called for epoch 23
[DEBUG CollapseMonitor] reset_temporal_state() called on loss function
Epoch 23: val_loss=0.43215394020080566
Epoch 23: train_loss=0.4279380440711975

[CollapseMonitor] Epoch 23
  [DEBUG] Processed 21 batches from val_dataloader
  [DEBUG] Predictions shape after concat: (1282,)
  [DEBUG] All predictions list length: 21
  [DEBUG] First batch shape: (64,)
  Pred std: 0.020356, range: 0.188563, mean: 0.047991
  Pos: 98.5%, Neg: 1.5%, Unique: 1256
  Collapse penalty: 0.000021 (threshold: 0.035000)
  Directional penalty: 0.010000 (weight: 2.00, threshold: 0.90)
  Saved validation predictions to: experiments/h16d025_dirw2.0_colw0.1t0.035/collapse_monitoring/val_predictions_epoch23.npy
  Gradient norms:
    lstm_encoder: 0.009279
    lstm_decoder: 0.005031
    output_layer: 0.092249
  VSN output std:
    encoder: 0.166475
  Attention entropy: 2.978842
  Saved to: experiments/h16d025_dirw2.0_colw0.1t0.035/collapse_monitoring/collapse_monitor_epoch23.json
[DEBUG CollapseMonitor] on_validation_epoch_start called for epoch 24
[DEBUG CollapseMonitor] reset_temporal_state() called on loss function
Epoch 24: val_loss=0.43334460258483887
Epoch 24: train_loss=0.42792442440986633

[CollapseMonitor] Epoch 24
  [DEBUG] Processed 21 batches from val_dataloader
  [DEBUG] Predictions shape after concat: (1282,)
  [DEBUG] All predictions list length: 21
  [DEBUG] First batch shape: (64,)
  Pred std: 0.025925, range: 0.206228, mean: 0.070617
  Pos: 100.0%, Neg: 0.0%, Unique: 1259
  Collapse penalty: 0.000008 (threshold: 0.035000)
  Directional penalty: 0.010000 (weight: 2.00, threshold: 0.90)
  Saved validation predictions to: experiments/h16d025_dirw2.0_colw0.1t0.035/collapse_monitoring/val_predictions_epoch24.npy
  Gradient norms:
    lstm_encoder: 0.009008
    lstm_decoder: 0.005072
    output_layer: 0.096807
  VSN output std:
    encoder: 0.166908
  Attention entropy: 2.975304
  Saved to: experiments/h16d025_dirw2.0_colw0.1t0.035/collapse_monitoring/collapse_monitor_epoch24.json
[DEBUG CollapseMonitor] on_validation_epoch_start called for epoch 25
[DEBUG CollapseMonitor] reset_temporal_state() called on loss function
Epoch 25: val_loss=0.4322507977485657
Epoch 25: train_loss=0.42770522832870483

[CollapseMonitor] Epoch 25
  [DEBUG] Processed 21 batches from val_dataloader
  [DEBUG] Predictions shape after concat: (1282,)
  [DEBUG] All predictions list length: 21
  [DEBUG] First batch shape: (64,)
  Pred std: 0.024243, range: 0.197180, mean: 0.055084
  Pos: 99.8%, Neg: 0.2%, Unique: 1258
  Collapse penalty: 0.000012 (threshold: 0.035000)
  Directional penalty: 0.010000 (weight: 2.00, threshold: 0.90)
  Saved validation predictions to: experiments/h16d025_dirw2.0_colw0.1t0.035/collapse_monitoring/val_predictions_epoch25.npy
  Gradient norms:
    lstm_encoder: 0.008387
    lstm_decoder: 0.004746
    output_layer: 0.087885
  VSN output std:
    encoder: 0.168712
  Attention entropy: 2.980273
  Saved to: experiments/h16d025_dirw2.0_colw0.1t0.035/collapse_monitoring/collapse_monitor_epoch25.json
[DEBUG CollapseMonitor] on_validation_epoch_start called for epoch 26
[DEBUG CollapseMonitor] reset_temporal_state() called on loss function
Epoch 26: val_loss=0.4321170151233673
Epoch 26: train_loss=0.4257379174232483

[CollapseMonitor] Epoch 26
  [DEBUG] Processed 21 batches from val_dataloader
  [DEBUG] Predictions shape after concat: (1282,)
  [DEBUG] All predictions list length: 21
  [DEBUG] First batch shape: (64,)
  Pred std: 0.024057, range: 0.198063, mean: 0.068443
  Pos: 100.0%, Neg: 0.0%, Unique: 1256
  Collapse penalty: 0.000012 (threshold: 0.035000)
  Directional penalty: 0.010000 (weight: 2.00, threshold: 0.90)
  Saved validation predictions to: experiments/h16d025_dirw2.0_colw0.1t0.035/collapse_monitoring/val_predictions_epoch26.npy
  Gradient norms:
    lstm_encoder: 0.009380
    lstm_decoder: 0.005401
    output_layer: 0.096873
  VSN output std:
    encoder: 0.168672
  Attention entropy: 2.981596
  Saved to: experiments/h16d025_dirw2.0_colw0.1t0.035/collapse_monitoring/collapse_monitor_epoch26.json
[DEBUG CollapseMonitor] on_validation_epoch_start called for epoch 27
[DEBUG CollapseMonitor] reset_temporal_state() called on loss function
Epoch 27: val_loss=0.42719709873199463
Epoch 27: train_loss=0.42701104283332825

[CollapseMonitor] Epoch 27
  [DEBUG] Processed 21 batches from val_dataloader
  [DEBUG] Predictions shape after concat: (1282,)
  [DEBUG] All predictions list length: 21
  [DEBUG] First batch shape: (64,)
  Pred std: 0.026333, range: 0.228639, mean: 0.041471
  Pos: 97.3%, Neg: 2.7%, Unique: 1257
  Collapse penalty: 0.000008 (threshold: 0.035000)
  Directional penalty: 0.010000 (weight: 2.00, threshold: 0.90)
  Saved validation predictions to: experiments/h16d025_dirw2.0_colw0.1t0.035/collapse_monitoring/val_predictions_epoch27.npy
  Gradient norms:
    lstm_encoder: 0.009168
    lstm_decoder: 0.005444
    output_layer: 0.093463
  VSN output std:
    encoder: 0.170325
  Attention entropy: 2.973475
  Saved to: experiments/h16d025_dirw2.0_colw0.1t0.035/collapse_monitoring/collapse_monitor_epoch27.json
[DEBUG CollapseMonitor] on_validation_epoch_start called for epoch 28
[DEBUG CollapseMonitor] reset_temporal_state() called on loss function
Epoch 28: val_loss=0.4299792945384979
Epoch 28: train_loss=0.42613691091537476

[CollapseMonitor] Epoch 28
  [DEBUG] Processed 21 batches from val_dataloader
  [DEBUG] Predictions shape after concat: (1282,)
  [DEBUG] All predictions list length: 21
  [DEBUG] First batch shape: (64,)
  Pred std: 0.024710, range: 0.209152, mean: 0.055350
  Pos: 99.5%, Neg: 0.5%, Unique: 1251
  Collapse penalty: 0.000011 (threshold: 0.035000)
  Directional penalty: 0.010000 (weight: 2.00, threshold: 0.90)
  Saved validation predictions to: experiments/h16d025_dirw2.0_colw0.1t0.035/collapse_monitoring/val_predictions_epoch28.npy
  Gradient norms:
    lstm_encoder: 0.009418
    lstm_decoder: 0.005508
    output_layer: 0.096356
  VSN output std:
    encoder: 0.167891
  Attention entropy: 2.979509
  Saved to: experiments/h16d025_dirw2.0_colw0.1t0.035/collapse_monitoring/collapse_monitor_epoch28.json
[DEBUG CollapseMonitor] on_validation_epoch_start called for epoch 29
[DEBUG CollapseMonitor] reset_temporal_state() called on loss function
Epoch 29: val_loss=0.4290556311607361
Epoch 29: train_loss=0.4264550805091858

[CollapseMonitor] Epoch 29
  [DEBUG] Processed 21 batches from val_dataloader
  [DEBUG] Predictions shape after concat: (1282,)
  [DEBUG] All predictions list length: 21
  [DEBUG] First batch shape: (64,)
  Pred std: 0.023315, range: 0.203404, mean: 0.049120
  Pos: 98.0%, Neg: 2.0%, Unique: 1252
  Collapse penalty: 0.000014 (threshold: 0.035000)
  Directional penalty: 0.010000 (weight: 2.00, threshold: 0.90)
  Saved validation predictions to: experiments/h16d025_dirw2.0_colw0.1t0.035/collapse_monitoring/val_predictions_epoch29.npy
  Gradient norms:
    lstm_encoder: 0.009334
    lstm_decoder: 0.005543
    output_layer: 0.094965
  VSN output std:
    encoder: 0.170439
  Attention entropy: 2.980138
  Saved to: experiments/h16d025_dirw2.0_colw0.1t0.035/collapse_monitoring/collapse_monitor_epoch29.json
[DEBUG CollapseMonitor] on_validation_epoch_start called for epoch 30
[DEBUG CollapseMonitor] reset_temporal_state() called on loss function
Epoch 30: val_loss=0.4280637502670288
Epoch 30: train_loss=0.42447414994239807

[CollapseMonitor] Epoch 30
  [DEBUG] Processed 21 batches from val_dataloader
  [DEBUG] Predictions shape after concat: (1282,)
  [DEBUG] All predictions list length: 21
  [DEBUG] First batch shape: (64,)
  Pred std: 0.032005, range: 0.237002, mean: 0.034724
  Pos: 98.9%, Neg: 1.1%, Unique: 1258
  Collapse penalty: 0.000001 (threshold: 0.035000)
  Directional penalty: 0.010000 (weight: 2.00, threshold: 0.90)
  Saved validation predictions to: experiments/h16d025_dirw2.0_colw0.1t0.035/collapse_monitoring/val_predictions_epoch30.npy
  Gradient norms:
    lstm_encoder: 0.009869
    lstm_decoder: 0.005911
    output_layer: 0.094424
  VSN output std:
    encoder: 0.170441
  Attention entropy: 2.976130
  Saved to: experiments/h16d025_dirw2.0_colw0.1t0.035/collapse_monitoring/collapse_monitor_epoch30.json
[DEBUG CollapseMonitor] on_validation_epoch_start called for epoch 31
[DEBUG CollapseMonitor] reset_temporal_state() called on loss function
Epoch 31: val_loss=0.42901143431663513
Epoch 31: train_loss=0.42512884736061096

[CollapseMonitor] Epoch 31
  [DEBUG] Processed 21 batches from val_dataloader
  [DEBUG] Predictions shape after concat: (1282,)
  [DEBUG] All predictions list length: 21
  [DEBUG] First batch shape: (64,)
  Pred std: 0.026790, range: 0.205688, mean: 0.093156
  Pos: 100.0%, Neg: 0.0%, Unique: 1255
  Collapse penalty: 0.000007 (threshold: 0.035000)
  Directional penalty: 0.010000 (weight: 2.00, threshold: 0.90)
  Saved validation predictions to: experiments/h16d025_dirw2.0_colw0.1t0.035/collapse_monitoring/val_predictions_epoch31.npy
  Gradient norms:
    lstm_encoder: 0.010828
    lstm_decoder: 0.006335
    output_layer: 0.096780
  VSN output std:
    encoder: 0.167464
  Attention entropy: 2.972247
  Saved to: experiments/h16d025_dirw2.0_colw0.1t0.035/collapse_monitoring/collapse_monitor_epoch31.json
[DEBUG CollapseMonitor] on_validation_epoch_start called for epoch 32
[DEBUG CollapseMonitor] reset_temporal_state() called on loss function
Epoch 32: val_loss=0.42806944251060486
Epoch 32: train_loss=0.4245135188102722

[CollapseMonitor] Epoch 32
  [DEBUG] Processed 21 batches from val_dataloader
  [DEBUG] Predictions shape after concat: (1282,)
  [DEBUG] All predictions list length: 21
  [DEBUG] First batch shape: (64,)
  Pred std: 0.027012, range: 0.212019, mean: 0.069255
  Pos: 100.0%, Neg: 0.0%, Unique: 1252
  Collapse penalty: 0.000006 (threshold: 0.035000)
  Directional penalty: 0.010000 (weight: 2.00, threshold: 0.90)
  Saved validation predictions to: experiments/h16d025_dirw2.0_colw0.1t0.035/collapse_monitoring/val_predictions_epoch32.npy
  Gradient norms:
    lstm_encoder: 0.009803
    lstm_decoder: 0.005910
    output_layer: 0.090134
  VSN output std:
    encoder: 0.167194
  Attention entropy: 2.970887
  Saved to: experiments/h16d025_dirw2.0_colw0.1t0.035/collapse_monitoring/collapse_monitor_epoch32.json
[DEBUG CollapseMonitor] on_validation_epoch_start called for epoch 33
[DEBUG CollapseMonitor] reset_temporal_state() called on loss function
Epoch 33: val_loss=0.4280540645122528
Epoch 33: train_loss=0.42392605543136597

[CollapseMonitor] Epoch 33
  [DEBUG] Processed 21 batches from val_dataloader
  [DEBUG] Predictions shape after concat: (1282,)
  [DEBUG] All predictions list length: 21
  [DEBUG] First batch shape: (64,)
  Pred std: 0.029687, range: 0.224746, mean: 0.065485
  Pos: 100.0%, Neg: 0.0%, Unique: 1256
  Collapse penalty: 0.000003 (threshold: 0.035000)
  Directional penalty: 0.010000 (weight: 2.00, threshold: 0.90)
  Saved validation predictions to: experiments/h16d025_dirw2.0_colw0.1t0.035/collapse_monitoring/val_predictions_epoch33.npy
  Gradient norms:
    lstm_encoder: 0.011076
    lstm_decoder: 0.006500
    output_layer: 0.089563
  VSN output std:
    encoder: 0.167588
  Attention entropy: 2.971331
  Saved to: experiments/h16d025_dirw2.0_colw0.1t0.035/collapse_monitoring/collapse_monitor_epoch33.json
[DEBUG CollapseMonitor] on_validation_epoch_start called for epoch 34
[DEBUG CollapseMonitor] reset_temporal_state() called on loss function
Epoch 34: val_loss=0.427892804145813
Epoch 34: train_loss=0.42188483476638794

[CollapseMonitor] Epoch 34
  [DEBUG] Processed 21 batches from val_dataloader
  [DEBUG] Predictions shape after concat: (1282,)
  [DEBUG] All predictions list length: 21
  [DEBUG] First batch shape: (64,)
  Pred std: 0.031828, range: 0.243715, mean: 0.060301
  Pos: 100.0%, Neg: 0.0%, Unique: 1257
  Collapse penalty: 0.000001 (threshold: 0.035000)
  Directional penalty: 0.010000 (weight: 2.00, threshold: 0.90)
  Saved validation predictions to: experiments/h16d025_dirw2.0_colw0.1t0.035/collapse_monitoring/val_predictions_epoch34.npy
  Gradient norms:
    lstm_encoder: 0.010240
    lstm_decoder: 0.006270
    output_layer: 0.091735
  VSN output std:
    encoder: 0.167602
  Attention entropy: 2.967117
  Saved to: experiments/h16d025_dirw2.0_colw0.1t0.035/collapse_monitoring/collapse_monitor_epoch34.json
[DEBUG CollapseMonitor] on_validation_epoch_start called for epoch 35
[DEBUG CollapseMonitor] reset_temporal_state() called on loss function
Epoch 35: val_loss=0.42664530873298645
Epoch 35: train_loss=0.4243766963481903

[CollapseMonitor] Epoch 35
  [DEBUG] Processed 21 batches from val_dataloader
  [DEBUG] Predictions shape after concat: (1282,)
  [DEBUG] All predictions list length: 21
  [DEBUG] First batch shape: (64,)
  Pred std: 0.028799, range: 0.228905, mean: 0.037071
  Pos: 99.5%, Neg: 0.5%, Unique: 1250
  Collapse penalty: 0.000004 (threshold: 0.035000)
  Directional penalty: 0.010000 (weight: 2.00, threshold: 0.90)
  Saved validation predictions to: experiments/h16d025_dirw2.0_colw0.1t0.035/collapse_monitoring/val_predictions_epoch35.npy
  Gradient norms:
    lstm_encoder: 0.010541
    lstm_decoder: 0.006485
    output_layer: 0.092581
  VSN output std:
    encoder: 0.169919
  Attention entropy: 2.971003
  Saved to: experiments/h16d025_dirw2.0_colw0.1t0.035/collapse_monitoring/collapse_monitor_epoch35.json
[DEBUG CollapseMonitor] on_validation_epoch_start called for epoch 36
[DEBUG CollapseMonitor] reset_temporal_state() called on loss function
Epoch 36: val_loss=0.42692193388938904
Epoch 36: train_loss=0.42353978753089905

[CollapseMonitor] Epoch 36
  [DEBUG] Processed 21 batches from val_dataloader
  [DEBUG] Predictions shape after concat: (1282,)
  [DEBUG] All predictions list length: 21
  [DEBUG] First batch shape: (64,)
  Pred std: 0.027974, range: 0.225969, mean: 0.071729
  Pos: 100.0%, Neg: 0.0%, Unique: 1252
  Collapse penalty: 0.000005 (threshold: 0.035000)
  Directional penalty: 0.010000 (weight: 2.00, threshold: 0.90)
  Saved validation predictions to: experiments/h16d025_dirw2.0_colw0.1t0.035/collapse_monitoring/val_predictions_epoch36.npy
  Gradient norms:
    lstm_encoder: 0.010618
    lstm_decoder: 0.006567
    output_layer: 0.094607
  VSN output std:
    encoder: 0.171203
  Attention entropy: 2.970548
  Saved to: experiments/h16d025_dirw2.0_colw0.1t0.035/collapse_monitoring/collapse_monitor_epoch36.json
[DEBUG CollapseMonitor] on_validation_epoch_start called for epoch 37
[DEBUG CollapseMonitor] reset_temporal_state() called on loss function
Epoch 37: val_loss=0.42686212062835693
Epoch 37: train_loss=0.4242538809776306

[CollapseMonitor] Epoch 37
  [DEBUG] Processed 21 batches from val_dataloader
  [DEBUG] Predictions shape after concat: (1282,)
  [DEBUG] All predictions list length: 21
  [DEBUG] First batch shape: (64,)
  Pred std: 0.032108, range: 0.250152, mean: 0.041560
  Pos: 99.9%, Neg: 0.1%, Unique: 1257
  Collapse penalty: 0.000001 (threshold: 0.035000)
  Directional penalty: 0.010000 (weight: 2.00, threshold: 0.90)
  Saved validation predictions to: experiments/h16d025_dirw2.0_colw0.1t0.035/collapse_monitoring/val_predictions_epoch37.npy
  Gradient norms:
    lstm_encoder: 0.011182
    lstm_decoder: 0.006738
    output_layer: 0.093074
  VSN output std:
    encoder: 0.170249
  Attention entropy: 2.971034
  Saved to: experiments/h16d025_dirw2.0_colw0.1t0.035/collapse_monitoring/collapse_monitor_epoch37.json
[DEBUG CollapseMonitor] on_validation_epoch_start called for epoch 38
[DEBUG CollapseMonitor] reset_temporal_state() called on loss function
Epoch 38: val_loss=0.42700281739234924
Epoch 38: train_loss=0.42379438877105713

[CollapseMonitor] Epoch 38
  [DEBUG] Processed 21 batches from val_dataloader
  [DEBUG] Predictions shape after concat: (1282,)
  [DEBUG] All predictions list length: 21
  [DEBUG] First batch shape: (64,)
  Pred std: 0.029716, range: 0.232815, mean: 0.071506
  Pos: 100.0%, Neg: 0.0%, Unique: 1259
  Collapse penalty: 0.000003 (threshold: 0.035000)
  Directional penalty: 0.010000 (weight: 2.00, threshold: 0.90)
  Saved validation predictions to: experiments/h16d025_dirw2.0_colw0.1t0.035/collapse_monitoring/val_predictions_epoch38.npy
  Gradient norms:
    lstm_encoder: 0.011070
    lstm_decoder: 0.006879
    output_layer: 0.100292
  VSN output std:
    encoder: 0.170349
  Attention entropy: 2.969326
  Saved to: experiments/h16d025_dirw2.0_colw0.1t0.035/collapse_monitoring/collapse_monitor_epoch38.json
[DEBUG CollapseMonitor] on_validation_epoch_start called for epoch 39
[DEBUG CollapseMonitor] reset_temporal_state() called on loss function
Epoch 39: val_loss=0.42653176188468933
Epoch 39: train_loss=0.42358025908470154

[CollapseMonitor] Epoch 39
  [DEBUG] Processed 21 batches from val_dataloader
  [DEBUG] Predictions shape after concat: (1282,)
  [DEBUG] All predictions list length: 21
  [DEBUG] First batch shape: (64,)
  Pred std: 0.025984, range: 0.228424, mean: 0.071228
  Pos: 100.0%, Neg: 0.0%, Unique: 1252
  Collapse penalty: 0.000008 (threshold: 0.035000)
  Directional penalty: 0.010000 (weight: 2.00, threshold: 0.90)
  Saved validation predictions to: experiments/h16d025_dirw2.0_colw0.1t0.035/collapse_monitoring/val_predictions_epoch39.npy
  Gradient norms:
    lstm_encoder: 0.011564
    lstm_decoder: 0.007067
    output_layer: 0.096808
  VSN output std:
    encoder: 0.169693
  Attention entropy: 2.967003
  Saved to: experiments/h16d025_dirw2.0_colw0.1t0.035/collapse_monitoring/collapse_monitor_epoch39.json
[DEBUG CollapseMonitor] on_validation_epoch_start called for epoch 40
[DEBUG CollapseMonitor] reset_temporal_state() called on loss function
Epoch 40: val_loss=0.4260759651660919
Epoch 40: train_loss=0.42416223883628845

[CollapseMonitor] Epoch 40
  [DEBUG] Processed 21 batches from val_dataloader
  [DEBUG] Predictions shape after concat: (1282,)
  [DEBUG] All predictions list length: 21
  [DEBUG] First batch shape: (64,)
  Pred std: 0.030419, range: 0.243783, mean: 0.069766
  Pos: 100.0%, Neg: 0.0%, Unique: 1257
  Collapse penalty: 0.000002 (threshold: 0.035000)
  Directional penalty: 0.010000 (weight: 2.00, threshold: 0.90)
  Saved validation predictions to: experiments/h16d025_dirw2.0_colw0.1t0.035/collapse_monitoring/val_predictions_epoch40.npy
  Gradient norms:
    lstm_encoder: 0.011475
    lstm_decoder: 0.006809
    output_layer: 0.091323
  VSN output std:
    encoder: 0.172351
  Attention entropy: 2.964635
  Saved to: experiments/h16d025_dirw2.0_colw0.1t0.035/collapse_monitoring/collapse_monitor_epoch40.json
[DEBUG CollapseMonitor] on_validation_epoch_start called for epoch 41
[DEBUG CollapseMonitor] reset_temporal_state() called on loss function
Epoch 41: val_loss=0.4262716770172119
Epoch 41: train_loss=0.42395123839378357

[CollapseMonitor] Epoch 41
  [DEBUG] Processed 21 batches from val_dataloader
  [DEBUG] Predictions shape after concat: (1282,)
  [DEBUG] All predictions list length: 21
  [DEBUG] First batch shape: (64,)
  Pred std: 0.029316, range: 0.245682, mean: 0.070235
  Pos: 100.0%, Neg: 0.0%, Unique: 1247
  Collapse penalty: 0.000003 (threshold: 0.035000)
  Directional penalty: 0.010000 (weight: 2.00, threshold: 0.90)
  Saved validation predictions to: experiments/h16d025_dirw2.0_colw0.1t0.035/collapse_monitoring/val_predictions_epoch41.npy
  Gradient norms:
    lstm_encoder: 0.011844
    lstm_decoder: 0.007187
    output_layer: 0.098135
  VSN output std:
    encoder: 0.170369
  Attention entropy: 2.966727
  Saved to: experiments/h16d025_dirw2.0_colw0.1t0.035/collapse_monitoring/collapse_monitor_epoch41.json
[DEBUG CollapseMonitor] on_validation_epoch_start called for epoch 42
[DEBUG CollapseMonitor] reset_temporal_state() called on loss function
Epoch 42: val_loss=0.42570698261260986
Epoch 42: train_loss=0.4236976206302643

[CollapseMonitor] Epoch 42
  [DEBUG] Processed 21 batches from val_dataloader
  [DEBUG] Predictions shape after concat: (1282,)
  [DEBUG] All predictions list length: 21
  [DEBUG] First batch shape: (64,)
  Pred std: 0.027937, range: 0.239482, mean: 0.065126
  Pos: 100.0%, Neg: 0.0%, Unique: 1247
  Collapse penalty: 0.000005 (threshold: 0.035000)
  Directional penalty: 0.010000 (weight: 2.00, threshold: 0.90)
  Saved validation predictions to: experiments/h16d025_dirw2.0_colw0.1t0.035/collapse_monitoring/val_predictions_epoch42.npy
  Gradient norms:
    lstm_encoder: 0.011437
    lstm_decoder: 0.006883
    output_layer: 0.094880
  VSN output std:
    encoder: 0.171219
  Attention entropy: 2.962850
  Saved to: experiments/h16d025_dirw2.0_colw0.1t0.035/collapse_monitoring/collapse_monitor_epoch42.json
[DEBUG CollapseMonitor] on_validation_epoch_start called for epoch 43
[DEBUG CollapseMonitor] reset_temporal_state() called on loss function
Epoch 43: val_loss=0.4260563254356384
Epoch 43: train_loss=0.42204293608665466

[CollapseMonitor] Epoch 43
  [DEBUG] Processed 21 batches from val_dataloader
  [DEBUG] Predictions shape after concat: (1282,)
  [DEBUG] All predictions list length: 21
  [DEBUG] First batch shape: (64,)
  Pred std: 0.026596, range: 0.229393, mean: 0.062170
  Pos: 100.0%, Neg: 0.0%, Unique: 1263
  Collapse penalty: 0.000007 (threshold: 0.035000)
  Directional penalty: 0.010000 (weight: 2.00, threshold: 0.90)
  Saved validation predictions to: experiments/h16d025_dirw2.0_colw0.1t0.035/collapse_monitoring/val_predictions_epoch43.npy
  Gradient norms:
    lstm_encoder: 0.011432
    lstm_decoder: 0.006825
    output_layer: 0.098862
  VSN output std:
    encoder: 0.172721
  Attention entropy: 2.965846
  Saved to: experiments/h16d025_dirw2.0_colw0.1t0.035/collapse_monitoring/collapse_monitor_epoch43.json
[DEBUG CollapseMonitor] on_validation_epoch_start called for epoch 44
[DEBUG CollapseMonitor] reset_temporal_state() called on loss function
Epoch 44: val_loss=0.4255322515964508
Epoch 44: train_loss=0.4227064549922943

[CollapseMonitor] Epoch 44
  [DEBUG] Processed 21 batches from val_dataloader
  [DEBUG] Predictions shape after concat: (1282,)
  [DEBUG] All predictions list length: 21
  [DEBUG] First batch shape: (64,)
  Pred std: 0.025762, range: 0.219933, mean: 0.062016
  Pos: 100.0%, Neg: 0.0%, Unique: 1259
  Collapse penalty: 0.000009 (threshold: 0.035000)
  Directional penalty: 0.010000 (weight: 2.00, threshold: 0.90)
  Saved validation predictions to: experiments/h16d025_dirw2.0_colw0.1t0.035/collapse_monitoring/val_predictions_epoch44.npy
  Gradient norms:
    lstm_encoder: 0.013190
    lstm_decoder: 0.007700
    output_layer: 0.093929
  VSN output std:
    encoder: 0.173056
  Attention entropy: 2.963914
  Saved to: experiments/h16d025_dirw2.0_colw0.1t0.035/collapse_monitoring/collapse_monitor_epoch44.json
[DEBUG CollapseMonitor] on_validation_epoch_start called for epoch 45
[DEBUG CollapseMonitor] reset_temporal_state() called on loss function
Epoch 45: val_loss=0.4249551296234131
Epoch 45: train_loss=0.42233502864837646

[CollapseMonitor] Epoch 45
  [DEBUG] Processed 21 batches from val_dataloader
  [DEBUG] Predictions shape after concat: (1282,)
  [DEBUG] All predictions list length: 21
  [DEBUG] First batch shape: (64,)
  Pred std: 0.027541, range: 0.226934, mean: 0.071891
  Pos: 100.0%, Neg: 0.0%, Unique: 1259
  Collapse penalty: 0.000006 (threshold: 0.035000)
  Directional penalty: 0.010000 (weight: 2.00, threshold: 0.90)
  Saved validation predictions to: experiments/h16d025_dirw2.0_colw0.1t0.035/collapse_monitoring/val_predictions_epoch45.npy
  Gradient norms:
    lstm_encoder: 0.012036
    lstm_decoder: 0.007075
    output_layer: 0.091483
  VSN output std:
    encoder: 0.173781
  Attention entropy: 2.959475
  Saved to: experiments/h16d025_dirw2.0_colw0.1t0.035/collapse_monitoring/collapse_monitor_epoch45.json
[DEBUG CollapseMonitor] on_validation_epoch_start called for epoch 46
[DEBUG CollapseMonitor] reset_temporal_state() called on loss function
Epoch 46: val_loss=0.424728661775589
Epoch 46: train_loss=0.4224604666233063

[CollapseMonitor] Epoch 46
  [DEBUG] Processed 21 batches from val_dataloader
  [DEBUG] Predictions shape after concat: (1282,)
  [DEBUG] All predictions list length: 21
  [DEBUG] First batch shape: (64,)
  Pred std: 0.032463, range: 0.251517, mean: 0.060723
  Pos: 100.0%, Neg: 0.0%, Unique: 1262
  Collapse penalty: 0.000001 (threshold: 0.035000)
  Directional penalty: 0.010000 (weight: 2.00, threshold: 0.90)
  Saved validation predictions to: experiments/h16d025_dirw2.0_colw0.1t0.035/collapse_monitoring/val_predictions_epoch46.npy
  Gradient norms:
    lstm_encoder: 0.012705
    lstm_decoder: 0.007571
    output_layer: 0.090166
  VSN output std:
    encoder: 0.172262
  Attention entropy: 2.959573
  Saved to: experiments/h16d025_dirw2.0_colw0.1t0.035/collapse_monitoring/collapse_monitor_epoch46.json
[DEBUG CollapseMonitor] on_validation_epoch_start called for epoch 47
[DEBUG CollapseMonitor] reset_temporal_state() called on loss function
Epoch 47: val_loss=0.4245598316192627
Epoch 47: train_loss=0.42256084084510803

[CollapseMonitor] Epoch 47
  [DEBUG] Processed 21 batches from val_dataloader
  [DEBUG] Predictions shape after concat: (1282,)
  [DEBUG] All predictions list length: 21
  [DEBUG] First batch shape: (64,)
  Pred std: 0.032472, range: 0.257752, mean: 0.062193
  Pos: 100.0%, Neg: 0.0%, Unique: 1257
  Collapse penalty: 0.000001 (threshold: 0.035000)
  Directional penalty: 0.010000 (weight: 2.00, threshold: 0.90)
  Saved validation predictions to: experiments/h16d025_dirw2.0_colw0.1t0.035/collapse_monitoring/val_predictions_epoch47.npy
  Gradient norms:
    lstm_encoder: 0.013697
    lstm_decoder: 0.007672
    output_layer: 0.093590
  VSN output std:
    encoder: 0.173306
  Attention entropy: 2.960799
  Saved to: experiments/h16d025_dirw2.0_colw0.1t0.035/collapse_monitoring/collapse_monitor_epoch47.json
[DEBUG CollapseMonitor] on_validation_epoch_start called for epoch 48
[DEBUG CollapseMonitor] reset_temporal_state() called on loss function
Epoch 48: val_loss=0.42454594373703003
Epoch 48: train_loss=0.42355871200561523

[CollapseMonitor] Epoch 48
  [DEBUG] Processed 21 batches from val_dataloader
  [DEBUG] Predictions shape after concat: (1282,)
  [DEBUG] All predictions list length: 21
  [DEBUG] First batch shape: (64,)
  Pred std: 0.035701, range: 0.277942, mean: 0.058099
  Pos: 100.0%, Neg: 0.0%, Unique: 1257
  Collapse penalty: 0.000000 (threshold: 0.035000)
  Directional penalty: 0.010000 (weight: 2.00, threshold: 0.90)
  Saved validation predictions to: experiments/h16d025_dirw2.0_colw0.1t0.035/collapse_monitoring/val_predictions_epoch48.npy
  Gradient norms:
    lstm_encoder: 0.014285
    lstm_decoder: 0.008395
    output_layer: 0.095473
  VSN output std:
    encoder: 0.171750
  Attention entropy: 2.959976
  Saved to: experiments/h16d025_dirw2.0_colw0.1t0.035/collapse_monitoring/collapse_monitor_epoch48.json
[DEBUG CollapseMonitor] on_validation_epoch_start called for epoch 49
[DEBUG CollapseMonitor] reset_temporal_state() called on loss function
Epoch 49: val_loss=0.4240571856498718
Epoch 49: train_loss=0.4221141040325165

[CollapseMonitor] Epoch 49
  [DEBUG] Processed 21 batches from val_dataloader
  [DEBUG] Predictions shape after concat: (1282,)
  [DEBUG] All predictions list length: 21
  [DEBUG] First batch shape: (64,)
  Pred std: 0.033694, range: 0.271973, mean: 0.063700
  Pos: 100.0%, Neg: 0.0%, Unique: 1258
  Collapse penalty: 0.000000 (threshold: 0.035000)
  Directional penalty: 0.010000 (weight: 2.00, threshold: 0.90)
  Saved validation predictions to: experiments/h16d025_dirw2.0_colw0.1t0.035/collapse_monitoring/val_predictions_epoch49.npy
  Gradient norms:
    lstm_encoder: 0.014832
    lstm_decoder: 0.008164
    output_layer: 0.091956
  VSN output std:
    encoder: 0.171945
  Attention entropy: 2.960318
  Saved to: experiments/h16d025_dirw2.0_colw0.1t0.035/collapse_monitoring/collapse_monitor_epoch49.json
[DEBUG CollapseMonitor] on_validation_epoch_start called for epoch 50
[DEBUG CollapseMonitor] reset_temporal_state() called on loss function
Epoch 50: val_loss=0.4241272509098053
Epoch 50: train_loss=0.42252326011657715

[CollapseMonitor] Epoch 50
  [DEBUG] Processed 21 batches from val_dataloader
  [DEBUG] Predictions shape after concat: (1282,)
  [DEBUG] All predictions list length: 21
  [DEBUG] First batch shape: (64,)
  Pred std: 0.027237, range: 0.233081, mean: 0.066773
  Pos: 100.0%, Neg: 0.0%, Unique: 1258
  Collapse penalty: 0.000006 (threshold: 0.035000)
  Directional penalty: 0.010000 (weight: 2.00, threshold: 0.90)
  Saved validation predictions to: experiments/h16d025_dirw2.0_colw0.1t0.035/collapse_monitoring/val_predictions_epoch50.npy
  Gradient norms:
    lstm_encoder: 0.014708
    lstm_decoder: 0.008014
    output_layer: 0.098544
  VSN output std:
    encoder: 0.169943
  Attention entropy: 2.963198
  Saved to: experiments/h16d025_dirw2.0_colw0.1t0.035/collapse_monitoring/collapse_monitor_epoch50.json
[DEBUG CollapseMonitor] on_validation_epoch_start called for epoch 51
[DEBUG CollapseMonitor] reset_temporal_state() called on loss function
Epoch 51: val_loss=0.4239606559276581
Epoch 51: train_loss=0.4227280616760254

[CollapseMonitor] Epoch 51
  [DEBUG] Processed 21 batches from val_dataloader
  [DEBUG] Predictions shape after concat: (1282,)
  [DEBUG] All predictions list length: 21
  [DEBUG] First batch shape: (64,)
  Pred std: 0.029285, range: 0.247950, mean: 0.057977
  Pos: 100.0%, Neg: 0.0%, Unique: 1262
  Collapse penalty: 0.000003 (threshold: 0.035000)
  Directional penalty: 0.010000 (weight: 2.00, threshold: 0.90)
  Saved validation predictions to: experiments/h16d025_dirw2.0_colw0.1t0.035/collapse_monitoring/val_predictions_epoch51.npy
  Gradient norms:
    lstm_encoder: 0.014453
    lstm_decoder: 0.008187
    output_layer: 0.099209
  VSN output std:
    encoder: 0.170414
  Attention entropy: 2.963070
  Saved to: experiments/h16d025_dirw2.0_colw0.1t0.035/collapse_monitoring/collapse_monitor_epoch51.json
[DEBUG CollapseMonitor] on_validation_epoch_start called for epoch 52
[DEBUG CollapseMonitor] reset_temporal_state() called on loss function
Epoch 52: val_loss=0.42370548844337463
Epoch 52: train_loss=0.42362287640571594

[CollapseMonitor] Epoch 52
  [DEBUG] Processed 21 batches from val_dataloader
  [DEBUG] Predictions shape after concat: (1282,)
  [DEBUG] All predictions list length: 21
  [DEBUG] First batch shape: (64,)
  Pred std: 0.030245, range: 0.253580, mean: 0.064304
  Pos: 100.0%, Neg: 0.0%, Unique: 1270
  Collapse penalty: 0.000002 (threshold: 0.035000)
  Directional penalty: 0.010000 (weight: 2.00, threshold: 0.90)
  Saved validation predictions to: experiments/h16d025_dirw2.0_colw0.1t0.035/collapse_monitoring/val_predictions_epoch52.npy
  Gradient norms:
    lstm_encoder: 0.016024
    lstm_decoder: 0.009027
    output_layer: 0.095667
  VSN output std:
    encoder: 0.170589
  Attention entropy: 2.962094
  Saved to: experiments/h16d025_dirw2.0_colw0.1t0.035/collapse_monitoring/collapse_monitor_epoch52.json
[DEBUG CollapseMonitor] on_validation_epoch_start called for epoch 53
[DEBUG CollapseMonitor] reset_temporal_state() called on loss function
Epoch 53: val_loss=0.4229400157928467
Epoch 53: train_loss=0.42283424735069275

[CollapseMonitor] Epoch 53
  [DEBUG] Processed 21 batches from val_dataloader
  [DEBUG] Predictions shape after concat: (1282,)
  [DEBUG] All predictions list length: 21
  [DEBUG] First batch shape: (64,)
  Pred std: 0.031625, range: 0.253645, mean: 0.088038
  Pos: 100.0%, Neg: 0.0%, Unique: 1264
  Collapse penalty: 0.000001 (threshold: 0.035000)
  Directional penalty: 0.010000 (weight: 2.00, threshold: 0.90)
  Saved validation predictions to: experiments/h16d025_dirw2.0_colw0.1t0.035/collapse_monitoring/val_predictions_epoch53.npy
  Gradient norms:
    lstm_encoder: 0.014952
    lstm_decoder: 0.007975
    output_layer: 0.092362
  VSN output std:
    encoder: 0.168073
  Attention entropy: 2.956973
  Saved to: experiments/h16d025_dirw2.0_colw0.1t0.035/collapse_monitoring/collapse_monitor_epoch53.json
[DEBUG CollapseMonitor] on_validation_epoch_start called for epoch 54
[DEBUG CollapseMonitor] reset_temporal_state() called on loss function
Epoch 54: val_loss=0.4236733615398407
Epoch 54: train_loss=0.4226071238517761

[CollapseMonitor] Epoch 54
  [DEBUG] Processed 21 batches from val_dataloader
  [DEBUG] Predictions shape after concat: (1282,)
  [DEBUG] All predictions list length: 21
  [DEBUG] First batch shape: (64,)
  Pred std: 0.029332, range: 0.231722, mean: 0.070316
  Pos: 100.0%, Neg: 0.0%, Unique: 1265
  Collapse penalty: 0.000003 (threshold: 0.035000)
  Directional penalty: 0.010000 (weight: 2.00, threshold: 0.90)
  Saved validation predictions to: experiments/h16d025_dirw2.0_colw0.1t0.035/collapse_monitoring/val_predictions_epoch54.npy
  Gradient norms:
    lstm_encoder: 0.015109
    lstm_decoder: 0.008627
    output_layer: 0.096391
  VSN output std:
    encoder: 0.167899
  Attention entropy: 2.965197
  Saved to: experiments/h16d025_dirw2.0_colw0.1t0.035/collapse_monitoring/collapse_monitor_epoch54.json
[DEBUG CollapseMonitor] on_validation_epoch_start called for epoch 55
[DEBUG CollapseMonitor] reset_temporal_state() called on loss function
Epoch 55: val_loss=0.42305028438568115
Epoch 55: train_loss=0.42202261090278625

[CollapseMonitor] Epoch 55
  [DEBUG] Processed 21 batches from val_dataloader
  [DEBUG] Predictions shape after concat: (1282,)
  [DEBUG] All predictions list length: 21
  [DEBUG] First batch shape: (64,)
  Pred std: 0.030258, range: 0.246872, mean: 0.061344
  Pos: 100.0%, Neg: 0.0%, Unique: 1259
  Collapse penalty: 0.000002 (threshold: 0.035000)
  Directional penalty: 0.010000 (weight: 2.00, threshold: 0.90)
  Saved validation predictions to: experiments/h16d025_dirw2.0_colw0.1t0.035/collapse_monitoring/val_predictions_epoch55.npy
  Gradient norms:
    lstm_encoder: 0.016054
    lstm_decoder: 0.008739
    output_layer: 0.099624
  VSN output std:
    encoder: 0.167361
  Attention entropy: 2.962872
  Saved to: experiments/h16d025_dirw2.0_colw0.1t0.035/collapse_monitoring/collapse_monitor_epoch55.json
[DEBUG CollapseMonitor] on_validation_epoch_start called for epoch 56
[DEBUG CollapseMonitor] reset_temporal_state() called on loss function
Epoch 56: val_loss=0.42264223098754883
Epoch 56: train_loss=0.42257338762283325

[CollapseMonitor] Epoch 56
  [DEBUG] Processed 21 batches from val_dataloader
  [DEBUG] Predictions shape after concat: (1282,)
  [DEBUG] All predictions list length: 21
  [DEBUG] First batch shape: (64,)
  Pred std: 0.029566, range: 0.240062, mean: 0.089254
  Pos: 100.0%, Neg: 0.0%, Unique: 1260
  Collapse penalty: 0.000003 (threshold: 0.035000)
  Directional penalty: 0.010000 (weight: 2.00, threshold: 0.90)
  Saved validation predictions to: experiments/h16d025_dirw2.0_colw0.1t0.035/collapse_monitoring/val_predictions_epoch56.npy
  Gradient norms:
    lstm_encoder: 0.017391
    lstm_decoder: 0.009295
    output_layer: 0.097490
  VSN output std:
    encoder: 0.166268
  Attention entropy: 2.959447
  Saved to: experiments/h16d025_dirw2.0_colw0.1t0.035/collapse_monitoring/collapse_monitor_epoch56.json
[DEBUG CollapseMonitor] on_validation_epoch_start called for epoch 57
[DEBUG CollapseMonitor] reset_temporal_state() called on loss function
Epoch 57: val_loss=0.422210693359375
Epoch 57: train_loss=0.42170658707618713

[CollapseMonitor] Epoch 57
  [DEBUG] Processed 21 batches from val_dataloader
  [DEBUG] Predictions shape after concat: (1282,)
  [DEBUG] All predictions list length: 21
  [DEBUG] First batch shape: (64,)
  Pred std: 0.031598, range: 0.252829, mean: 0.072648
  Pos: 100.0%, Neg: 0.0%, Unique: 1262
  Collapse penalty: 0.000001 (threshold: 0.035000)
  Directional penalty: 0.010000 (weight: 2.00, threshold: 0.90)
  Saved validation predictions to: experiments/h16d025_dirw2.0_colw0.1t0.035/collapse_monitoring/val_predictions_epoch57.npy
  Gradient norms:
    lstm_encoder: 0.016125
    lstm_decoder: 0.008853
    output_layer: 0.088719
  VSN output std:
    encoder: 0.165585
  Attention entropy: 2.958271
  Saved to: experiments/h16d025_dirw2.0_colw0.1t0.035/collapse_monitoring/collapse_monitor_epoch57.json
[DEBUG CollapseMonitor] on_validation_epoch_start called for epoch 58
[DEBUG CollapseMonitor] reset_temporal_state() called on loss function
Epoch 58: val_loss=0.42089658975601196
Epoch 58: train_loss=0.4213350713253021

[CollapseMonitor] Epoch 58
  [DEBUG] Processed 21 batches from val_dataloader
  [DEBUG] Predictions shape after concat: (1282,)
  [DEBUG] All predictions list length: 21
  [DEBUG] First batch shape: (64,)
  Pred std: 0.028469, range: 0.241956, mean: 0.047527
  Pos: 99.1%, Neg: 0.9%, Unique: 1254
  Collapse penalty: 0.000004 (threshold: 0.035000)
  Directional penalty: 0.010000 (weight: 2.00, threshold: 0.90)
  Saved validation predictions to: experiments/h16d025_dirw2.0_colw0.1t0.035/collapse_monitoring/val_predictions_epoch58.npy
  Gradient norms:
    lstm_encoder: 0.015321
    lstm_decoder: 0.008611
    output_layer: 0.095899
  VSN output std:
    encoder: 0.166600
  Attention entropy: 2.958665
  Saved to: experiments/h16d025_dirw2.0_colw0.1t0.035/collapse_monitoring/collapse_monitor_epoch58.json
[DEBUG CollapseMonitor] on_validation_epoch_start called for epoch 59
[DEBUG CollapseMonitor] reset_temporal_state() called on loss function
Epoch 59: val_loss=0.42285269498825073
Epoch 59: train_loss=0.4223659932613373

[CollapseMonitor] Epoch 59
  [DEBUG] Processed 21 batches from val_dataloader
  [DEBUG] Predictions shape after concat: (1282,)
  [DEBUG] All predictions list length: 21
  [DEBUG] First batch shape: (64,)
  Pred std: 0.026796, range: 0.219600, mean: 0.068862
  Pos: 100.0%, Neg: 0.0%, Unique: 1258
  Collapse penalty: 0.000007 (threshold: 0.035000)
  Directional penalty: 0.010000 (weight: 2.00, threshold: 0.90)
  Saved validation predictions to: experiments/h16d025_dirw2.0_colw0.1t0.035/collapse_monitoring/val_predictions_epoch59.npy
  Gradient norms:
    lstm_encoder: 0.016942
    lstm_decoder: 0.008963
    output_layer: 0.091399
  VSN output std:
    encoder: 0.168419
  Attention entropy: 2.960196
  Saved to: experiments/h16d025_dirw2.0_colw0.1t0.035/collapse_monitoring/collapse_monitor_epoch59.json
[DEBUG CollapseMonitor] on_validation_epoch_start called for epoch 60
[DEBUG CollapseMonitor] reset_temporal_state() called on loss function
Epoch 60: val_loss=0.4220941364765167
Epoch 60: train_loss=0.4212445616722107

[CollapseMonitor] Epoch 60
  [DEBUG] Processed 21 batches from val_dataloader
  [DEBUG] Predictions shape after concat: (1282,)
  [DEBUG] All predictions list length: 21
  [DEBUG] First batch shape: (64,)
  Pred std: 0.030824, range: 0.250184, mean: 0.072671
  Pos: 100.0%, Neg: 0.0%, Unique: 1271
  Collapse penalty: 0.000002 (threshold: 0.035000)
  Directional penalty: 0.010000 (weight: 2.00, threshold: 0.90)
  Saved validation predictions to: experiments/h16d025_dirw2.0_colw0.1t0.035/collapse_monitoring/val_predictions_epoch60.npy
  Gradient norms:
    lstm_encoder: 0.016904
    lstm_decoder: 0.008960
    output_layer: 0.093750
  VSN output std:
    encoder: 0.169570
  Attention entropy: 2.952542
  Saved to: experiments/h16d025_dirw2.0_colw0.1t0.035/collapse_monitoring/collapse_monitor_epoch60.json
[DEBUG CollapseMonitor] on_validation_epoch_start called for epoch 61
[DEBUG CollapseMonitor] reset_temporal_state() called on loss function
Epoch 61: val_loss=0.42173996567726135
Epoch 61: train_loss=0.42163071036338806

[CollapseMonitor] Epoch 61
  [DEBUG] Processed 21 batches from val_dataloader
  [DEBUG] Predictions shape after concat: (1282,)
  [DEBUG] All predictions list length: 21
  [DEBUG] First batch shape: (64,)
  Pred std: 0.032794, range: 0.260362, mean: 0.058405
  Pos: 99.9%, Neg: 0.1%, Unique: 1271
  Collapse penalty: 0.000000 (threshold: 0.035000)
  Directional penalty: 0.010000 (weight: 2.00, threshold: 0.90)
  Saved validation predictions to: experiments/h16d025_dirw2.0_colw0.1t0.035/collapse_monitoring/val_predictions_epoch61.npy
  Gradient norms:
    lstm_encoder: 0.017288
    lstm_decoder: 0.009265
    output_layer: 0.092812
  VSN output std:
    encoder: 0.170279
  Attention entropy: 2.954882
  Saved to: experiments/h16d025_dirw2.0_colw0.1t0.035/collapse_monitoring/collapse_monitor_epoch61.json
[DEBUG CollapseMonitor] on_validation_epoch_start called for epoch 62
[DEBUG CollapseMonitor] reset_temporal_state() called on loss function
Epoch 62: val_loss=0.42160695791244507
Epoch 62: train_loss=0.4220260977745056

[CollapseMonitor] Epoch 62
  [DEBUG] Processed 21 batches from val_dataloader
  [DEBUG] Predictions shape after concat: (1282,)
  [DEBUG] All predictions list length: 21
  [DEBUG] First batch shape: (64,)
  Pred std: 0.030054, range: 0.240323, mean: 0.069809
  Pos: 100.0%, Neg: 0.0%, Unique: 1263
  Collapse penalty: 0.000002 (threshold: 0.035000)
  Directional penalty: 0.010000 (weight: 2.00, threshold: 0.90)
  Saved validation predictions to: experiments/h16d025_dirw2.0_colw0.1t0.035/collapse_monitoring/val_predictions_epoch62.npy
  Gradient norms:
    lstm_encoder: 0.017892
    lstm_decoder: 0.009159
    output_layer: 0.087748
  VSN output std:
    encoder: 0.170261
  Attention entropy: 2.953662
  Saved to: experiments/h16d025_dirw2.0_colw0.1t0.035/collapse_monitoring/collapse_monitor_epoch62.json
[DEBUG CollapseMonitor] on_validation_epoch_start called for epoch 63
[DEBUG CollapseMonitor] reset_temporal_state() called on loss function
Epoch 63: val_loss=0.4198852777481079
Epoch 63: train_loss=0.4206801950931549

[CollapseMonitor] Epoch 63
  [DEBUG] Processed 21 batches from val_dataloader
  [DEBUG] Predictions shape after concat: (1282,)
  [DEBUG] All predictions list length: 21
  [DEBUG] First batch shape: (64,)
  Pred std: 0.033588, range: 0.270064, mean: 0.051035
  Pos: 99.1%, Neg: 0.9%, Unique: 1266
  Collapse penalty: 0.000000 (threshold: 0.035000)
  Directional penalty: 0.010000 (weight: 2.00, threshold: 0.90)
  Saved validation predictions to: experiments/h16d025_dirw2.0_colw0.1t0.035/collapse_monitoring/val_predictions_epoch63.npy
  Gradient norms:
    lstm_encoder: 0.019431
    lstm_decoder: 0.009775
    output_layer: 0.093387
  VSN output std:
    encoder: 0.171913
  Attention entropy: 2.946091
  Saved to: experiments/h16d025_dirw2.0_colw0.1t0.035/collapse_monitoring/collapse_monitor_epoch63.json
[DEBUG CollapseMonitor] on_validation_epoch_start called for epoch 64
[DEBUG CollapseMonitor] reset_temporal_state() called on loss function
Epoch 64: val_loss=0.4206574857234955
Epoch 64: train_loss=0.4214057922363281

[CollapseMonitor] Epoch 64
  [DEBUG] Processed 21 batches from val_dataloader
  [DEBUG] Predictions shape after concat: (1282,)
  [DEBUG] All predictions list length: 21
  [DEBUG] First batch shape: (64,)
  Pred std: 0.033095, range: 0.260789, mean: 0.056397
  Pos: 99.6%, Neg: 0.4%, Unique: 1270
  Collapse penalty: 0.000000 (threshold: 0.035000)
  Directional penalty: 0.010000 (weight: 2.00, threshold: 0.90)
  Saved validation predictions to: experiments/h16d025_dirw2.0_colw0.1t0.035/collapse_monitoring/val_predictions_epoch64.npy
  Gradient norms:
    lstm_encoder: 0.018294
    lstm_decoder: 0.009172
    output_layer: 0.090701
  VSN output std:
    encoder: 0.172893
  Attention entropy: 2.948847
  Saved to: experiments/h16d025_dirw2.0_colw0.1t0.035/collapse_monitoring/collapse_monitor_epoch64.json
[DEBUG CollapseMonitor] on_validation_epoch_start called for epoch 65
[DEBUG CollapseMonitor] reset_temporal_state() called on loss function
Epoch 65: val_loss=0.42121100425720215
Epoch 65: train_loss=0.4194185435771942

[CollapseMonitor] Epoch 65
  [DEBUG] Processed 21 batches from val_dataloader
  [DEBUG] Predictions shape after concat: (1282,)
  [DEBUG] All predictions list length: 21
  [DEBUG] First batch shape: (64,)
  Pred std: 0.035434, range: 0.256282, mean: 0.085333
  Pos: 100.0%, Neg: 0.0%, Unique: 1273
  Collapse penalty: 0.000000 (threshold: 0.035000)
  Directional penalty: 0.010000 (weight: 2.00, threshold: 0.90)
  Saved validation predictions to: experiments/h16d025_dirw2.0_colw0.1t0.035/collapse_monitoring/val_predictions_epoch65.npy
  Gradient norms:
    lstm_encoder: 0.020208
    lstm_decoder: 0.009624
    output_layer: 0.088942
  VSN output std:
    encoder: 0.172164
  Attention entropy: 2.946668
  Saved to: experiments/h16d025_dirw2.0_colw0.1t0.035/collapse_monitoring/collapse_monitor_epoch65.json
[DEBUG CollapseMonitor] on_validation_epoch_start called for epoch 66
[DEBUG CollapseMonitor] reset_temporal_state() called on loss function
Epoch 66: val_loss=0.4215978682041168
Epoch 66: train_loss=0.4202979803085327

[CollapseMonitor] Epoch 66
  [DEBUG] Processed 21 batches from val_dataloader
  [DEBUG] Predictions shape after concat: (1282,)
  [DEBUG] All predictions list length: 21
  [DEBUG] First batch shape: (64,)
  Pred std: 0.033059, range: 0.242638, mean: 0.089771
  Pos: 100.0%, Neg: 0.0%, Unique: 1264
  Collapse penalty: 0.000000 (threshold: 0.035000)
  Directional penalty: 0.010000 (weight: 2.00, threshold: 0.90)
  Saved validation predictions to: experiments/h16d025_dirw2.0_colw0.1t0.035/collapse_monitoring/val_predictions_epoch66.npy
  Gradient norms:
    lstm_encoder: 0.019169
    lstm_decoder: 0.009316
    output_layer: 0.094985
  VSN output std:
    encoder: 0.170903
  Attention entropy: 2.954205
  Saved to: experiments/h16d025_dirw2.0_colw0.1t0.035/collapse_monitoring/collapse_monitor_epoch66.json
[DEBUG CollapseMonitor] on_validation_epoch_start called for epoch 67
[DEBUG CollapseMonitor] reset_temporal_state() called on loss function
Epoch 67: val_loss=0.42089730501174927
Epoch 67: train_loss=0.4204060435295105

[CollapseMonitor] Epoch 67
  [DEBUG] Processed 21 batches from val_dataloader
  [DEBUG] Predictions shape after concat: (1282,)
  [DEBUG] All predictions list length: 21
  [DEBUG] First batch shape: (64,)
  Pred std: 0.035810, range: 0.257700, mean: 0.079463
  Pos: 100.0%, Neg: 0.0%, Unique: 1264
  Collapse penalty: 0.000000 (threshold: 0.035000)
  Directional penalty: 0.010000 (weight: 2.00, threshold: 0.90)
  Saved validation predictions to: experiments/h16d025_dirw2.0_colw0.1t0.035/collapse_monitoring/val_predictions_epoch67.npy
  Gradient norms:
    lstm_encoder: 0.020388
    lstm_decoder: 0.010319
    output_layer: 0.099215
  VSN output std:
    encoder: 0.171457
  Attention entropy: 2.952281
  Saved to: experiments/h16d025_dirw2.0_colw0.1t0.035/collapse_monitoring/collapse_monitor_epoch67.json
[DEBUG CollapseMonitor] on_validation_epoch_start called for epoch 68
[DEBUG CollapseMonitor] reset_temporal_state() called on loss function
Epoch 68: val_loss=0.42152726650238037
Epoch 68: train_loss=0.42158272862434387

[CollapseMonitor] Epoch 68
  [DEBUG] Processed 21 batches from val_dataloader
  [DEBUG] Predictions shape after concat: (1282,)
  [DEBUG] All predictions list length: 21
  [DEBUG] First batch shape: (64,)
  Pred std: 0.033950, range: 0.252919, mean: 0.071817
  Pos: 100.0%, Neg: 0.0%, Unique: 1267
  Collapse penalty: 0.000000 (threshold: 0.035000)
  Directional penalty: 0.010000 (weight: 2.00, threshold: 0.90)
  Saved validation predictions to: experiments/h16d025_dirw2.0_colw0.1t0.035/collapse_monitoring/val_predictions_epoch68.npy
  Gradient norms:
    lstm_encoder: 0.020610
    lstm_decoder: 0.009984
    output_layer: 0.094530
  VSN output std:
    encoder: 0.172014
  Attention entropy: 2.955511
  Saved to: experiments/h16d025_dirw2.0_colw0.1t0.035/collapse_monitoring/collapse_monitor_epoch68.json
[DEBUG CollapseMonitor] on_validation_epoch_start called for epoch 69
[DEBUG CollapseMonitor] reset_temporal_state() called on loss function
Epoch 69: val_loss=0.42148664593696594
Epoch 69: train_loss=0.42043790221214294

[CollapseMonitor] Epoch 69
  [DEBUG] Processed 21 batches from val_dataloader
  [DEBUG] Predictions shape after concat: (1282,)
  [DEBUG] All predictions list length: 21
  [DEBUG] First batch shape: (64,)
  Pred std: 0.031701, range: 0.233984, mean: 0.071860
  Pos: 100.0%, Neg: 0.0%, Unique: 1271
  Collapse penalty: 0.000001 (threshold: 0.035000)
  Directional penalty: 0.010000 (weight: 2.00, threshold: 0.90)
  Saved validation predictions to: experiments/h16d025_dirw2.0_colw0.1t0.035/collapse_monitoring/val_predictions_epoch69.npy
  Gradient norms:
    lstm_encoder: 0.019245
    lstm_decoder: 0.009540
    output_layer: 0.097372
  VSN output std:
    encoder: 0.172260
  Attention entropy: 2.956352
  Saved to: experiments/h16d025_dirw2.0_colw0.1t0.035/collapse_monitoring/collapse_monitor_epoch69.json
[DEBUG CollapseMonitor] on_validation_epoch_start called for epoch 70
[DEBUG CollapseMonitor] reset_temporal_state() called on loss function
Epoch 70: val_loss=0.4213571548461914
Epoch 70: train_loss=0.42165958881378174

[CollapseMonitor] Epoch 70
  [DEBUG] Processed 21 batches from val_dataloader
  [DEBUG] Predictions shape after concat: (1282,)
  [DEBUG] All predictions list length: 21
  [DEBUG] First batch shape: (64,)
  Pred std: 0.030742, range: 0.230274, mean: 0.072409
  Pos: 100.0%, Neg: 0.0%, Unique: 1265
  Collapse penalty: 0.000002 (threshold: 0.035000)
  Directional penalty: 0.010000 (weight: 2.00, threshold: 0.90)
  Saved validation predictions to: experiments/h16d025_dirw2.0_colw0.1t0.035/collapse_monitoring/val_predictions_epoch70.npy
  Gradient norms:
    lstm_encoder: 0.021155
    lstm_decoder: 0.010015
    output_layer: 0.096170
  VSN output std:
    encoder: 0.172428
  Attention entropy: 2.956170
  Saved to: experiments/h16d025_dirw2.0_colw0.1t0.035/collapse_monitoring/collapse_monitor_epoch70.json
[DEBUG CollapseMonitor] on_validation_epoch_start called for epoch 71
[DEBUG CollapseMonitor] reset_temporal_state() called on loss function
Epoch 71: val_loss=0.42086076736450195
Epoch 71: train_loss=0.42097821831703186

[CollapseMonitor] Epoch 71
  [DEBUG] Processed 21 batches from val_dataloader
  [DEBUG] Predictions shape after concat: (1282,)
  [DEBUG] All predictions list length: 21
  [DEBUG] First batch shape: (64,)
  Pred std: 0.032859, range: 0.247973, mean: 0.072128
  Pos: 99.9%, Neg: 0.1%, Unique: 1271
  Collapse penalty: 0.000000 (threshold: 0.035000)
  Directional penalty: 0.010000 (weight: 2.00, threshold: 0.90)
  Saved validation predictions to: experiments/h16d025_dirw2.0_colw0.1t0.035/collapse_monitoring/val_predictions_epoch71.npy
  Gradient norms:
    lstm_encoder: 0.022329
    lstm_decoder: 0.010127
    output_layer: 0.091034
  VSN output std:
    encoder: 0.172697
  Attention entropy: 2.953945
  Saved to: experiments/h16d025_dirw2.0_colw0.1t0.035/collapse_monitoring/collapse_monitor_epoch71.json
[DEBUG CollapseMonitor] on_validation_epoch_start called for epoch 72
[DEBUG CollapseMonitor] reset_temporal_state() called on loss function
Epoch 72: val_loss=0.4203537404537201
Epoch 72: train_loss=0.4213261604309082

[CollapseMonitor] Epoch 72
  [DEBUG] Processed 21 batches from val_dataloader
  [DEBUG] Predictions shape after concat: (1282,)
  [DEBUG] All predictions list length: 21
  [DEBUG] First batch shape: (64,)
  Pred std: 0.034120, range: 0.259217, mean: 0.074350
  Pos: 99.9%, Neg: 0.1%, Unique: 1268
  Collapse penalty: 0.000000 (threshold: 0.035000)
  Directional penalty: 0.010000 (weight: 2.00, threshold: 0.90)
  Saved validation predictions to: experiments/h16d025_dirw2.0_colw0.1t0.035/collapse_monitoring/val_predictions_epoch72.npy
  Gradient norms:
    lstm_encoder: 0.022087
    lstm_decoder: 0.010148
    output_layer: 0.097467
  VSN output std:
    encoder: 0.172977
  Attention entropy: 2.951930
  Saved to: experiments/h16d025_dirw2.0_colw0.1t0.035/collapse_monitoring/collapse_monitor_epoch72.json
[DEBUG CollapseMonitor] on_validation_epoch_start called for epoch 73
[DEBUG CollapseMonitor] reset_temporal_state() called on loss function
Epoch 73: val_loss=0.4209730923175812
Epoch 73: train_loss=0.4219965934753418

[CollapseMonitor] Epoch 73
  [DEBUG] Processed 21 batches from val_dataloader
  [DEBUG] Predictions shape after concat: (1282,)
  [DEBUG] All predictions list length: 21
  [DEBUG] First batch shape: (64,)
  Pred std: 0.032507, range: 0.249983, mean: 0.074026
  Pos: 99.9%, Neg: 0.1%, Unique: 1269
  Collapse penalty: 0.000001 (threshold: 0.035000)
  Directional penalty: 0.010000 (weight: 2.00, threshold: 0.90)
  Saved validation predictions to: experiments/h16d025_dirw2.0_colw0.1t0.035/collapse_monitoring/val_predictions_epoch73.npy
  Gradient norms:
    lstm_encoder: 0.020254
    lstm_decoder: 0.009886
    output_layer: 0.095795
  VSN output std:
    encoder: 0.172785
  Attention entropy: 2.953354
  Saved to: experiments/h16d025_dirw2.0_colw0.1t0.035/collapse_monitoring/collapse_monitor_epoch73.json


======================================================================
Training complete
======================================================================

Best model checkpoint: experiments/h16d025_dirw2.0_colw0.1t0.035/checkpoints/tft-epoch=63-val_loss=0.4199.ckpt
Best validation loss: 0.419885
Completed at: 2025-11-23 00:09:12
Log saved to: experiments/h16d025_dirw2.0_colw0.1t0.035/training_20251122_233309.log
======================================================================
