Logging to: experiments/02b_vintage_sweep/baseline_h18_drop0.20/attention_analysis_year/attention_analysis_20251122_181347.log
Analysis started at: 2025-11-22 18:13:47
======================================================================
Experiment: 02b_vintage_sweep/baseline_h18_drop0.20
Output directory: experiments/02b_vintage_sweep/baseline_h18_drop0.20/attention_analysis_year
Using best checkpoint: experiments/02b_vintage_sweep/baseline_h18_drop0.20/checkpoints/tft-epoch=60-val_loss=0.3959.ckpt

Loading data...
Loading test data from: data/splits/vintage/core_proposal_daily_vintage_test.csv
  Train samples: 6074
  Test samples: 1302

Preparing test dataset...
Test dataset size after filtering: 1282

Loading model...
Loading model from: experiments/02b_vintage_sweep/baseline_h18_drop0.20/checkpoints/tft-epoch=60-val_loss=0.3959.ckpt
Model moved to device: cuda

Extracting attention patterns...
Extracting attention patterns...
Total batches to process: 11
  Processed 10/11 batches

Total predictions: 1282
Total actuals: 1282
Attention shape: (1282, 20)
Encoder variables shape: (1282, 5)

Prediction period: 2020-08-17T00:00:00.000000000 to 2025-10-06T00:00:00.000000000
Total predictions: 1282

Creating temporal periods:
  2020: 94 samples
  2021: 250 samples
  2022: 249 samples
  2023: 249 samples
  2024: 250 samples
  2025: 190 samples

Attention over 20 encoder timesteps

Analyzing attention patterns by period...

Comparing attention patterns across periods...

Creating visualizations...
Saved attention heatmap: experiments/02b_vintage_sweep/baseline_h18_drop0.20/attention_analysis_year/attention_heatmap.png
Saved attention trends: experiments/02b_vintage_sweep/baseline_h18_drop0.20/attention_analysis_year/attention_trends.png
Saved feature importance comparison: experiments/02b_vintage_sweep/baseline_h18_drop0.20/attention_analysis_year/temporal_attention_comparison.png

Saving results...
Saved results: experiments/02b_vintage_sweep/baseline_h18_drop0.20/attention_analysis_year/attention_analysis_results.json

======================================================================
ATTENTION ANALYSIS SUMMARY
======================================================================

Per-Period Statistics:
----------------------------------------------------------------------

2020:
  Samples: 94
  Entropy: 2.8967 Ã‚Â± 0.1047
  Concentration: 0.0539
  Top 5 features:
    t-1                            0.0765
    t-2                            0.0722
    t-3                            0.0682
    t-4                            0.0653
    t-5                            0.0625

2021:
  Samples: 250
  Entropy: 2.8467 Ã‚Â± 0.2186
  Concentration: 0.0524
  Top 5 features:
    t-1                            0.0680
    t-2                            0.0652
    t-3                            0.0628
    t-4                            0.0605
    t-5                            0.0591

2022:
  Samples: 249
  Entropy: 2.7684 Ã‚Â± 0.2752
  Concentration: 0.0580
  Top 5 features:
    t-1                            0.0952
    t-2                            0.0856
    t-3                            0.0778
    t-4                            0.0715
    t-5                            0.0663

2023:
  Samples: 249
  Entropy: 2.9488 Ã‚Â± 0.0722
  Concentration: 0.0516
  Top 5 features:
    t-1                            0.0609
    t-2                            0.0599
    t-3                            0.0590
    t-4                            0.0583
    t-5                            0.0575

2024:
  Samples: 250
  Entropy: 2.8786 Ã‚Â± 0.3182
  Concentration: 0.0520
  Top 5 features:
    t-1                            0.0638
    t-2                            0.0622
    t-3                            0.0610
    t-4                            0.0598
    t-5                            0.0586

2025:
  Samples: 190
  Entropy: 2.8262 Ã‚Â± 0.3825
  Concentration: 0.0523
  Top 5 features:
    t-1                            0.0687
    t-2                            0.0622
    t-3                            0.0598
    t-4                            0.0586
    t-5                            0.0574

----------------------------------------------------------------------
Period Comparisons:
----------------------------------------------------------------------

2020_vs_2021:
  Cosine similarity: 0.9976
  L2 distance: 0.0163
  Entropy change: -0.0500
  Concentration change: -0.0015

2020_vs_2022:
  Cosine similarity: 0.9923
  L2 distance: 0.0307
  Entropy change: -0.1283
  Concentration change: 0.0041

2020_vs_2023:
  Cosine similarity: 0.9927
  L2 distance: 0.0281
  Entropy change: 0.0521
  Concentration change: -0.0023

2020_vs_2024:
  Cosine similarity: 0.9953
  L2 distance: 0.0227
  Entropy change: -0.0181
  Concentration change: -0.0019

2020_vs_2025:
  Cosine similarity: 0.9955
  L2 distance: 0.0222
  Entropy change: -0.0705
  Concentration change: -0.0015

2021_vs_2022:
  Cosine similarity: 0.9815
  L2 distance: 0.0467
  Entropy change: -0.0783
  Concentration change: 0.0056

2021_vs_2023:
  Cosine similarity: 0.9986
  L2 distance: 0.0120
  Entropy change: 0.1021
  Concentration change: -0.0008

2021_vs_2024:
  Cosine similarity: 0.9995
  L2 distance: 0.0071
  Entropy change: 0.0319
  Concentration change: -0.0004

2021_vs_2025:
  Cosine similarity: 0.9994
  L2 distance: 0.0078
  Entropy change: -0.0205
  Concentration change: -0.0001

2022_vs_2023:
  Cosine similarity: 0.9702
  L2 distance: 0.0587
  Entropy change: 0.1804
  Concentration change: -0.0064

2022_vs_2024:
  Cosine similarity: 0.9756
  L2 distance: 0.0533
  Entropy change: 0.1102
  Concentration change: -0.0060

2022_vs_2025:
  Cosine similarity: 0.9769
  L2 distance: 0.0518
  Entropy change: 0.0578
  Concentration change: -0.0057

2023_vs_2024:
  Cosine similarity: 0.9997
  L2 distance: 0.0060
  Entropy change: -0.0702
  Concentration change: 0.0004

2023_vs_2025:
  Cosine similarity: 0.9990
  L2 distance: 0.0103
  Entropy change: -0.1226
  Concentration change: 0.0007

2024_vs_2025:
  Cosine similarity: 0.9994
  L2 distance: 0.0078
  Entropy change: -0.0524
  Concentration change: 0.0003

======================================================================

Analysis complete!
Results saved to: experiments/02b_vintage_sweep/baseline_h18_drop0.20/attention_analysis_year
  - attention_analysis_results.json
  - attention_heatmap.png
  - attention_trends.png
  - temporal_attention_comparison.png
