
[INFO] Using AUTO device selection.

[INFO] Patched matplotlib.Axes.errorbar to abs() negative yerr for robustness.
======================================================================
Training TFT: 02b_vintage_sweep/baseline_h14_drop0.25
======================================================================
Logging to: experiments/02b_vintage_sweep/baseline_h14_drop0.25/training_20251122_155848.log
Started at: 2025-11-22 15:58:48
======================================================================
Configuration saved to: experiments/02b_vintage_sweep/baseline_h14_drop0.25/config.json

Loading data splits...
Train: 6074 samples
Val: 1302 samples
Test: 1302 samples

Preparing TimeSeriesDataSet...

Dropping source columns (used for staleness only): ['CPI']

Final features for TFT: ['SP500_Returns', 'VIX', 'Treasury_10Y', 'Yield_Spread', 'Inflation_YoY']

======================================================================
FEATURE STATISTICS - BEFORE NORMALIZATION
======================================================================
VIX                             mean= 19.7438  std=  8.0295  min=  9.3100  max= 80.8600
Treasury_10Y                    mean=  4.7672  std=  1.6903  min=  1.4300  max=  8.3600
Yield_Spread                    mean=  1.2778  std=  0.9179  min= -0.5200  max=  2.9100
Inflation_YoY                   mean=  2.5322  std=  1.1865  min= -2.1498  max=  6.7300

======================================================================
FEATURES AFTER GROUPNORMALIZER (first batch, last timestep)
======================================================================
VIX                             normalized_value=  1.0000
Treasury_10Y                    normalized_value= -0.0500
Yield_Spread                    normalized_value=  0.0817
Inflation_YoY                   normalized_value=  0.8774
======================================================================

Batches per epoch: 94
[DEBUG] Validation batches: 21
[DEBUG] Validation dataset size: 1282
[DEBUG] Batch size: 64

Initializing model...

================================================================================
BASELINE MODEL FEATURE CONFIGURATION (after from_dataset)
================================================================================
tft.hparams.time_varying_reals_encoder: ['relative_time_idx', 'VIX', 'Treasury_10Y', 'Yield_Spread', 'Inflation_YoY']
  Count: 5

tft.hparams.time_varying_reals_decoder: ['relative_time_idx']
  Count: 1

tft.hparams.x_reals (all reals passed to model): ['encoder_length', 'relative_time_idx', 'VIX', 'Treasury_10Y', 'Yield_Spread', 'Inflation_YoY']
  Count: 6

Encoder VSN configuration:
  num_inputs: 5
  input_sizes: {'relative_time_idx': 16, 'VIX': 16, 'Treasury_10Y': 16, 'Yield_Spread': 16, 'Inflation_YoY': 16}
  flattened_grn.fc1: in_features=80, out_features=5
  → Params in fc1: 400 (should be 5*16*5=400 if 5 features)
================================================================================


>>> Using standard QuantileLoss (no distribution penalties)
Model parameters: 18,184

Starting training...
Checkpoints will be saved to: experiments/02b_vintage_sweep/baseline_h14_drop0.25/checkpoints/
Logs will be saved to: experiments/02b_vintage_sweep/baseline_h14_drop0.25/logs/

Epoch 0: val_loss=N/A
Epoch 0: val_loss=0.9361326694488525
Epoch 0: train_loss=1.0518156290054321

[CollapseMonitor] Epoch 0
  [DEBUG] Processed 21 batches from val_dataloader
  [DEBUG] Predictions shape after concat: (1282,)
  [DEBUG] All predictions list length: 21
  [DEBUG] First batch shape: (64,)
  Pred std: 0.057776, range: 0.202418, mean: -0.119623
  Pos: 0.0%, Neg: 100.0%, Unique: 1273
  Saved validation predictions to: experiments/02b_vintage_sweep/baseline_h14_drop0.25/collapse_monitoring/val_predictions_epoch0.npy
  Gradient norms:
    lstm_encoder: 0.013497
    lstm_decoder: 0.018110
    multihead_attn: 0.010721
    output_layer: 0.986947
  VSN output std:
    encoder: 0.202518
  Attention entropy: 2.988494
  Saved to: experiments/02b_vintage_sweep/baseline_h14_drop0.25/collapse_monitoring/collapse_monitor_epoch0.json
Epoch 1: val_loss=0.7524069547653198
Epoch 1: train_loss=0.9048953652381897

[CollapseMonitor] Epoch 1
  [DEBUG] Processed 21 batches from val_dataloader
  [DEBUG] Predictions shape after concat: (1282,)
  [DEBUG] All predictions list length: 21
  [DEBUG] First batch shape: (64,)
  Pred std: 0.044740, range: 0.139746, mean: -0.236035
  Pos: 0.0%, Neg: 100.0%, Unique: 1270
  Saved validation predictions to: experiments/02b_vintage_sweep/baseline_h14_drop0.25/collapse_monitoring/val_predictions_epoch1.npy
  Gradient norms:
    lstm_encoder: 0.012523
    lstm_decoder: 0.014752
    multihead_attn: 0.008148
    output_layer: 0.872049
  VSN output std:
    encoder: 0.241288
  Attention entropy: 2.994189
  Saved to: experiments/02b_vintage_sweep/baseline_h14_drop0.25/collapse_monitoring/collapse_monitor_epoch1.json
Epoch 2: val_loss=0.5774251222610474
Epoch 2: train_loss=0.7243801951408386

[CollapseMonitor] Epoch 2
  [DEBUG] Processed 21 batches from val_dataloader
  [DEBUG] Predictions shape after concat: (1282,)
  [DEBUG] All predictions list length: 21
  [DEBUG] First batch shape: (64,)
  Pred std: 0.026746, range: 0.100444, mean: -0.191849
  Pos: 0.0%, Neg: 100.0%, Unique: 1267
  Saved validation predictions to: experiments/02b_vintage_sweep/baseline_h14_drop0.25/collapse_monitoring/val_predictions_epoch2.npy
  Gradient norms:
    lstm_encoder: 0.011194
    lstm_decoder: 0.011625
    multihead_attn: 0.006283
    output_layer: 0.656817
  VSN output std:
    encoder: 0.208866
  Attention entropy: 2.993906
  Saved to: experiments/02b_vintage_sweep/baseline_h14_drop0.25/collapse_monitoring/collapse_monitor_epoch2.json
Epoch 3: val_loss=0.48831480741500854
Epoch 3: train_loss=0.5774092078208923

[CollapseMonitor] Epoch 3
  [DEBUG] Processed 21 batches from val_dataloader
  [DEBUG] Predictions shape after concat: (1282,)
  [DEBUG] All predictions list length: 21
  [DEBUG] First batch shape: (64,)
  Pred std: 0.012767, range: 0.064126, mean: -0.107199
  Pos: 0.0%, Neg: 100.0%, Unique: 1265
  Saved validation predictions to: experiments/02b_vintage_sweep/baseline_h14_drop0.25/collapse_monitoring/val_predictions_epoch3.npy
  Gradient norms:
    lstm_encoder: 0.007783
    lstm_decoder: 0.007420
    multihead_attn: 0.003358
    output_layer: 0.391157
  VSN output std:
    encoder: 0.187056
  Attention entropy: 2.992795
  Saved to: experiments/02b_vintage_sweep/baseline_h14_drop0.25/collapse_monitoring/collapse_monitor_epoch3.json
Epoch 4: val_loss=0.4634544551372528
Epoch 4: train_loss=0.5019557476043701

[CollapseMonitor] Epoch 4
  [DEBUG] Processed 21 batches from val_dataloader
  [DEBUG] Predictions shape after concat: (1282,)
  [DEBUG] All predictions list length: 21
  [DEBUG] First batch shape: (64,)
  Pred std: 0.009519, range: 0.050820, mean: -0.070741
  Pos: 0.0%, Neg: 100.0%, Unique: 1249
  Saved validation predictions to: experiments/02b_vintage_sweep/baseline_h14_drop0.25/collapse_monitoring/val_predictions_epoch4.npy
  Gradient norms:
    lstm_encoder: 0.004544
    lstm_decoder: 0.003981
    multihead_attn: 0.001765
    output_layer: 0.214027
  VSN output std:
    encoder: 0.184014
  Attention entropy: 2.992280
  Saved to: experiments/02b_vintage_sweep/baseline_h14_drop0.25/collapse_monitoring/collapse_monitor_epoch4.json
Epoch 5: val_loss=0.4539782404899597
Epoch 5: train_loss=0.4765194058418274

[CollapseMonitor] Epoch 5
  [DEBUG] Processed 21 batches from val_dataloader
  [DEBUG] Predictions shape after concat: (1282,)
  [DEBUG] All predictions list length: 21
  [DEBUG] First batch shape: (64,)
  Pred std: 0.007652, range: 0.039546, mean: 0.004186
  Pos: 81.4%, Neg: 18.6%, Unique: 1247
  Saved validation predictions to: experiments/02b_vintage_sweep/baseline_h14_drop0.25/collapse_monitoring/val_predictions_epoch5.npy
  Gradient norms:
    lstm_encoder: 0.003048
    lstm_decoder: 0.002615
    multihead_attn: 0.001317
    output_layer: 0.134108
  VSN output std:
    encoder: 0.175788
  Attention entropy: 2.993080
  Saved to: experiments/02b_vintage_sweep/baseline_h14_drop0.25/collapse_monitoring/collapse_monitor_epoch5.json
Epoch 6: val_loss=0.45094528794288635
Epoch 6: train_loss=0.4643843173980713

[CollapseMonitor] Epoch 6
  [DEBUG] Processed 21 batches from val_dataloader
  [DEBUG] Predictions shape after concat: (1282,)
  [DEBUG] All predictions list length: 21
  [DEBUG] First batch shape: (64,)
  Pred std: 0.006602, range: 0.035095, mean: 0.004985
  Pos: 86.3%, Neg: 13.7%, Unique: 1226
  Saved validation predictions to: experiments/02b_vintage_sweep/baseline_h14_drop0.25/collapse_monitoring/val_predictions_epoch6.npy
  Gradient norms:
    lstm_encoder: 0.002460
    lstm_decoder: 0.002170
    multihead_attn: 0.001054
    output_layer: 0.110595
  VSN output std:
    encoder: 0.181987
  Attention entropy: 2.992069
  Saved to: experiments/02b_vintage_sweep/baseline_h14_drop0.25/collapse_monitoring/collapse_monitor_epoch6.json
Epoch 7: val_loss=0.45019835233688354
Epoch 7: train_loss=0.45861807465553284

[CollapseMonitor] Epoch 7
  [DEBUG] Processed 21 batches from val_dataloader
  [DEBUG] Predictions shape after concat: (1282,)
  [DEBUG] All predictions list length: 21
  [DEBUG] First batch shape: (64,)
  Pred std: 0.005428, range: 0.029104, mean: -0.012211
  Pos: 0.0%, Neg: 100.0%, Unique: 1217
  Saved validation predictions to: experiments/02b_vintage_sweep/baseline_h14_drop0.25/collapse_monitoring/val_predictions_epoch7.npy
  Gradient norms:
    lstm_encoder: 0.002329
    lstm_decoder: 0.002009
    multihead_attn: 0.000911
    output_layer: 0.099379
  VSN output std:
    encoder: 0.180640
  Attention entropy: 2.992479
  Saved to: experiments/02b_vintage_sweep/baseline_h14_drop0.25/collapse_monitoring/collapse_monitor_epoch7.json
Epoch 8: val_loss=0.4493030309677124
Epoch 8: train_loss=0.4567915201187134

[CollapseMonitor] Epoch 8
  [DEBUG] Processed 21 batches from val_dataloader
  [DEBUG] Predictions shape after concat: (1282,)
  [DEBUG] All predictions list length: 21
  [DEBUG] First batch shape: (64,)
  Pred std: 0.005136, range: 0.027722, mean: 0.033294
  Pos: 100.0%, Neg: 0.0%, Unique: 1216
  Saved validation predictions to: experiments/02b_vintage_sweep/baseline_h14_drop0.25/collapse_monitoring/val_predictions_epoch8.npy
  Gradient norms:
    lstm_encoder: 0.002238
    lstm_decoder: 0.002064
    multihead_attn: 0.000865
    output_layer: 0.098317
  VSN output std:
    encoder: 0.184164
  Attention entropy: 2.992218
  Saved to: experiments/02b_vintage_sweep/baseline_h14_drop0.25/collapse_monitoring/collapse_monitor_epoch8.json
Epoch 9: val_loss=0.44874686002731323
Epoch 9: train_loss=0.4565872848033905

[CollapseMonitor] Epoch 9
  [DEBUG] Processed 21 batches from val_dataloader
  [DEBUG] Predictions shape after concat: (1282,)
  [DEBUG] All predictions list length: 21
  [DEBUG] First batch shape: (64,)
  Pred std: 0.004464, range: 0.024431, mean: 0.025784
  Pos: 100.0%, Neg: 0.0%, Unique: 1184
  Saved validation predictions to: experiments/02b_vintage_sweep/baseline_h14_drop0.25/collapse_monitoring/val_predictions_epoch9.npy
  Gradient norms:
    lstm_encoder: 0.002336
    lstm_decoder: 0.001998
    multihead_attn: 0.000859
    output_layer: 0.096352
  VSN output std:
    encoder: 0.197201
  Attention entropy: 2.990565
  Saved to: experiments/02b_vintage_sweep/baseline_h14_drop0.25/collapse_monitoring/collapse_monitor_epoch9.json
Epoch 10: val_loss=0.4483824372291565
Epoch 10: train_loss=0.45512232184410095

[CollapseMonitor] Epoch 10
  [DEBUG] Processed 21 batches from val_dataloader
  [DEBUG] Predictions shape after concat: (1282,)
  [DEBUG] All predictions list length: 21
  [DEBUG] First batch shape: (64,)
  Pred std: 0.003865, range: 0.022186, mean: 0.024329
  Pos: 100.0%, Neg: 0.0%, Unique: 1183
  Saved validation predictions to: experiments/02b_vintage_sweep/baseline_h14_drop0.25/collapse_monitoring/val_predictions_epoch10.npy
  Gradient norms:
    lstm_encoder: 0.002193
    lstm_decoder: 0.001996
    multihead_attn: 0.000781
    output_layer: 0.091407
  VSN output std:
    encoder: 0.184867
  Attention entropy: 2.991583
  Saved to: experiments/02b_vintage_sweep/baseline_h14_drop0.25/collapse_monitoring/collapse_monitor_epoch10.json
Epoch 11: val_loss=0.44818058609962463
Epoch 11: train_loss=0.45570388436317444

[CollapseMonitor] Epoch 11
  [DEBUG] Processed 21 batches from val_dataloader
  [DEBUG] Predictions shape after concat: (1282,)
  [DEBUG] All predictions list length: 21
  [DEBUG] First batch shape: (64,)
  Pred std: 0.003307, range: 0.020888, mean: 0.046526
  Pos: 100.0%, Neg: 0.0%, Unique: 1158
  Saved validation predictions to: experiments/02b_vintage_sweep/baseline_h14_drop0.25/collapse_monitoring/val_predictions_epoch11.npy
  Gradient norms:
    lstm_encoder: 0.002200
    lstm_decoder: 0.001867
    multihead_attn: 0.000716
    output_layer: 0.087864
  VSN output std:
    encoder: 0.176089
  Attention entropy: 2.992384
  Saved to: experiments/02b_vintage_sweep/baseline_h14_drop0.25/collapse_monitoring/collapse_monitor_epoch11.json
Epoch 12: val_loss=0.44795161485671997
Epoch 12: train_loss=0.4536108374595642

[CollapseMonitor] Epoch 12
  [DEBUG] Processed 21 batches from val_dataloader
  [DEBUG] Predictions shape after concat: (1282,)
  [DEBUG] All predictions list length: 21
  [DEBUG] First batch shape: (64,)
  Pred std: 0.004155, range: 0.023623, mean: 0.033789
  Pos: 100.0%, Neg: 0.0%, Unique: 1203
  Saved validation predictions to: experiments/02b_vintage_sweep/baseline_h14_drop0.25/collapse_monitoring/val_predictions_epoch12.npy
  Gradient norms:
    lstm_encoder: 0.002538
    lstm_decoder: 0.002032
    multihead_attn: 0.000696
    output_layer: 0.093911
  VSN output std:
    encoder: 0.183262
  Attention entropy: 2.990338
  Saved to: experiments/02b_vintage_sweep/baseline_h14_drop0.25/collapse_monitoring/collapse_monitor_epoch12.json
Epoch 13: val_loss=0.4480966329574585
Epoch 13: train_loss=0.4538744390010834

[CollapseMonitor] Epoch 13
  [DEBUG] Processed 21 batches from val_dataloader
  [DEBUG] Predictions shape after concat: (1282,)
  [DEBUG] All predictions list length: 21
  [DEBUG] First batch shape: (64,)
  Pred std: 0.004795, range: 0.025109, mean: 0.025866
  Pos: 100.0%, Neg: 0.0%, Unique: 1223
  Saved validation predictions to: experiments/02b_vintage_sweep/baseline_h14_drop0.25/collapse_monitoring/val_predictions_epoch13.npy
  Gradient norms:
    lstm_encoder: 0.002504
    lstm_decoder: 0.001980
    multihead_attn: 0.000698
    output_layer: 0.091918
  VSN output std:
    encoder: 0.234795
  Attention entropy: 2.984887
  Saved to: experiments/02b_vintage_sweep/baseline_h14_drop0.25/collapse_monitoring/collapse_monitor_epoch13.json
Epoch 14: val_loss=0.447322279214859
Epoch 14: train_loss=0.4539293646812439

[CollapseMonitor] Epoch 14
  [DEBUG] Processed 21 batches from val_dataloader
  [DEBUG] Predictions shape after concat: (1282,)
  [DEBUG] All predictions list length: 21
  [DEBUG] First batch shape: (64,)
  Pred std: 0.004758, range: 0.026301, mean: 0.037390
  Pos: 100.0%, Neg: 0.0%, Unique: 1217
  Saved validation predictions to: experiments/02b_vintage_sweep/baseline_h14_drop0.25/collapse_monitoring/val_predictions_epoch14.npy
  Gradient norms:
    lstm_encoder: 0.002891
    lstm_decoder: 0.002034
    multihead_attn: 0.000697
    output_layer: 0.092198
  VSN output std:
    encoder: 0.213434
  Attention entropy: 2.988132
  Saved to: experiments/02b_vintage_sweep/baseline_h14_drop0.25/collapse_monitoring/collapse_monitor_epoch14.json
Epoch 15: val_loss=0.44602063298225403
Epoch 15: train_loss=0.45141422748565674

[CollapseMonitor] Epoch 15
  [DEBUG] Processed 21 batches from val_dataloader
  [DEBUG] Predictions shape after concat: (1282,)
  [DEBUG] All predictions list length: 21
  [DEBUG] First batch shape: (64,)
  Pred std: 0.006156, range: 0.043146, mean: 0.044861
  Pos: 100.0%, Neg: 0.0%, Unique: 1222
  Saved validation predictions to: experiments/02b_vintage_sweep/baseline_h14_drop0.25/collapse_monitoring/val_predictions_epoch15.npy
  Gradient norms:
    lstm_encoder: 0.003280
    lstm_decoder: 0.002041
    multihead_attn: 0.000666
    output_layer: 0.087645
  VSN output std:
    encoder: 0.174153
  Attention entropy: 2.991317
  Saved to: experiments/02b_vintage_sweep/baseline_h14_drop0.25/collapse_monitoring/collapse_monitor_epoch15.json
Epoch 16: val_loss=0.44416046142578125
Epoch 16: train_loss=0.450783371925354

[CollapseMonitor] Epoch 16
  [DEBUG] Processed 21 batches from val_dataloader
  [DEBUG] Predictions shape after concat: (1282,)
  [DEBUG] All predictions list length: 21
  [DEBUG] First batch shape: (64,)
  Pred std: 0.006960, range: 0.046001, mean: 0.043733
  Pos: 100.0%, Neg: 0.0%, Unique: 1217
  Saved validation predictions to: experiments/02b_vintage_sweep/baseline_h14_drop0.25/collapse_monitoring/val_predictions_epoch16.npy
  Gradient norms:
    lstm_encoder: 0.004043
    lstm_decoder: 0.002309
    multihead_attn: 0.000729
    output_layer: 0.093851
  VSN output std:
    encoder: 0.180375
  Attention entropy: 2.989012
  Saved to: experiments/02b_vintage_sweep/baseline_h14_drop0.25/collapse_monitoring/collapse_monitor_epoch16.json
Epoch 17: val_loss=0.4426208734512329
Epoch 17: train_loss=0.4494929611682892

[CollapseMonitor] Epoch 17
  [DEBUG] Processed 21 batches from val_dataloader
  [DEBUG] Predictions shape after concat: (1282,)
  [DEBUG] All predictions list length: 21
  [DEBUG] First batch shape: (64,)
  Pred std: 0.009549, range: 0.049744, mean: 0.026448
  Pos: 100.0%, Neg: 0.0%, Unique: 1213
  Saved validation predictions to: experiments/02b_vintage_sweep/baseline_h14_drop0.25/collapse_monitoring/val_predictions_epoch17.npy
  Gradient norms:
    lstm_encoder: 0.004420
    lstm_decoder: 0.002270
    multihead_attn: 0.000737
    output_layer: 0.087353
  VSN output std:
    encoder: 0.195445
  Attention entropy: 2.988212
  Saved to: experiments/02b_vintage_sweep/baseline_h14_drop0.25/collapse_monitoring/collapse_monitor_epoch17.json
Epoch 18: val_loss=0.4394056499004364
Epoch 18: train_loss=0.44973504543304443

[CollapseMonitor] Epoch 18
  [DEBUG] Processed 21 batches from val_dataloader
  [DEBUG] Predictions shape after concat: (1282,)
  [DEBUG] All predictions list length: 21
  [DEBUG] First batch shape: (64,)
  Pred std: 0.013625, range: 0.063664, mean: -0.004656
  Pos: 23.6%, Neg: 76.4%, Unique: 1233
  Saved validation predictions to: experiments/02b_vintage_sweep/baseline_h14_drop0.25/collapse_monitoring/val_predictions_epoch18.npy
  Gradient norms:
    lstm_encoder: 0.004967
    lstm_decoder: 0.002474
    multihead_attn: 0.000805
    output_layer: 0.091781
  VSN output std:
    encoder: 0.215513
  Attention entropy: 2.987197
  Saved to: experiments/02b_vintage_sweep/baseline_h14_drop0.25/collapse_monitoring/collapse_monitor_epoch18.json
Epoch 19: val_loss=0.4349568486213684
Epoch 19: train_loss=0.4468362629413605

[CollapseMonitor] Epoch 19
  [DEBUG] Processed 21 batches from val_dataloader
  [DEBUG] Predictions shape after concat: (1282,)
  [DEBUG] All predictions list length: 21
  [DEBUG] First batch shape: (64,)
  Pred std: 0.017712, range: 0.086273, mean: 0.006389
  Pos: 38.8%, Neg: 61.2%, Unique: 1244
  Saved validation predictions to: experiments/02b_vintage_sweep/baseline_h14_drop0.25/collapse_monitoring/val_predictions_epoch19.npy
  Gradient norms:
    lstm_encoder: 0.005728
    lstm_decoder: 0.002743
    multihead_attn: 0.001000
    output_layer: 0.096572
  VSN output std:
    encoder: 0.229467
  Attention entropy: 2.988807
  Saved to: experiments/02b_vintage_sweep/baseline_h14_drop0.25/collapse_monitoring/collapse_monitor_epoch19.json
Epoch 20: val_loss=0.43139180541038513
Epoch 20: train_loss=0.44462284445762634

[CollapseMonitor] Epoch 20
  [DEBUG] Processed 21 batches from val_dataloader
  [DEBUG] Predictions shape after concat: (1282,)
  [DEBUG] All predictions list length: 21
  [DEBUG] First batch shape: (64,)
  Pred std: 0.020044, range: 0.105419, mean: 0.037586
  Pos: 100.0%, Neg: 0.0%, Unique: 1250
  Saved validation predictions to: experiments/02b_vintage_sweep/baseline_h14_drop0.25/collapse_monitoring/val_predictions_epoch20.npy
  Gradient norms:
    lstm_encoder: 0.006537
    lstm_decoder: 0.002880
    multihead_attn: 0.001109
    output_layer: 0.097966
  VSN output std:
    encoder: 0.240122
  Attention entropy: 2.988644
  Saved to: experiments/02b_vintage_sweep/baseline_h14_drop0.25/collapse_monitoring/collapse_monitor_epoch20.json
Epoch 21: val_loss=0.427505761384964
Epoch 21: train_loss=0.44172608852386475

[CollapseMonitor] Epoch 21
  [DEBUG] Processed 21 batches from val_dataloader
  [DEBUG] Predictions shape after concat: (1282,)
  [DEBUG] All predictions list length: 21
  [DEBUG] First batch shape: (64,)
  Pred std: 0.019181, range: 0.107529, mean: 0.067475
  Pos: 100.0%, Neg: 0.0%, Unique: 1249
  Saved validation predictions to: experiments/02b_vintage_sweep/baseline_h14_drop0.25/collapse_monitoring/val_predictions_epoch21.npy
  Gradient norms:
    lstm_encoder: 0.006355
    lstm_decoder: 0.002870
    multihead_attn: 0.001396
    output_layer: 0.094788
  VSN output std:
    encoder: 0.244740
  Attention entropy: 2.987652
  Saved to: experiments/02b_vintage_sweep/baseline_h14_drop0.25/collapse_monitoring/collapse_monitor_epoch21.json
Epoch 22: val_loss=0.4247940182685852
Epoch 22: train_loss=0.43928155303001404

[CollapseMonitor] Epoch 22
  [DEBUG] Processed 21 batches from val_dataloader
  [DEBUG] Predictions shape after concat: (1282,)
  [DEBUG] All predictions list length: 21
  [DEBUG] First batch shape: (64,)
  Pred std: 0.023273, range: 0.117078, mean: 0.035555
  Pos: 100.0%, Neg: 0.0%, Unique: 1259
  Saved validation predictions to: experiments/02b_vintage_sweep/baseline_h14_drop0.25/collapse_monitoring/val_predictions_epoch22.npy
  Gradient norms:
    lstm_encoder: 0.006597
    lstm_decoder: 0.002927
    multihead_attn: 0.001490
    output_layer: 0.095446
  VSN output std:
    encoder: 0.247481
  Attention entropy: 2.987639
  Saved to: experiments/02b_vintage_sweep/baseline_h14_drop0.25/collapse_monitoring/collapse_monitor_epoch22.json
Epoch 23: val_loss=0.4233379065990448
Epoch 23: train_loss=0.43790319561958313

[CollapseMonitor] Epoch 23
  [DEBUG] Processed 21 batches from val_dataloader
  [DEBUG] Predictions shape after concat: (1282,)
  [DEBUG] All predictions list length: 21
  [DEBUG] First batch shape: (64,)
  Pred std: 0.020130, range: 0.119475, mean: 0.063757
  Pos: 100.0%, Neg: 0.0%, Unique: 1249
  Saved validation predictions to: experiments/02b_vintage_sweep/baseline_h14_drop0.25/collapse_monitoring/val_predictions_epoch23.npy
  Gradient norms:
    lstm_encoder: 0.006508
    lstm_decoder: 0.003044
    multihead_attn: 0.001626
    output_layer: 0.093277
  VSN output std:
    encoder: 0.246463
  Attention entropy: 2.982024
  Saved to: experiments/02b_vintage_sweep/baseline_h14_drop0.25/collapse_monitoring/collapse_monitor_epoch23.json
Epoch 24: val_loss=0.4223037660121918
Epoch 24: train_loss=0.4348351061344147

[CollapseMonitor] Epoch 24
  [DEBUG] Processed 21 batches from val_dataloader
  [DEBUG] Predictions shape after concat: (1282,)
  [DEBUG] All predictions list length: 21
  [DEBUG] First batch shape: (64,)
  Pred std: 0.021913, range: 0.133337, mean: 0.037816
  Pos: 95.2%, Neg: 4.8%, Unique: 1249
  Saved validation predictions to: experiments/02b_vintage_sweep/baseline_h14_drop0.25/collapse_monitoring/val_predictions_epoch24.npy
  Gradient norms:
    lstm_encoder: 0.007026
    lstm_decoder: 0.003290
    multihead_attn: 0.001708
    output_layer: 0.095191
  VSN output std:
    encoder: 0.245059
  Attention entropy: 2.980116
  Saved to: experiments/02b_vintage_sweep/baseline_h14_drop0.25/collapse_monitoring/collapse_monitor_epoch24.json
Epoch 25: val_loss=0.41927480697631836
Epoch 25: train_loss=0.43568238615989685

[CollapseMonitor] Epoch 25
  [DEBUG] Processed 21 batches from val_dataloader
  [DEBUG] Predictions shape after concat: (1282,)
  [DEBUG] All predictions list length: 21
  [DEBUG] First batch shape: (64,)
  Pred std: 0.020369, range: 0.125484, mean: 0.048655
  Pos: 100.0%, Neg: 0.0%, Unique: 1256
  Saved validation predictions to: experiments/02b_vintage_sweep/baseline_h14_drop0.25/collapse_monitoring/val_predictions_epoch25.npy
  Gradient norms:
    lstm_encoder: 0.008123
    lstm_decoder: 0.003542
    multihead_attn: 0.001744
    output_layer: 0.095859
  VSN output std:
    encoder: 0.251569
  Attention entropy: 2.982038
  Saved to: experiments/02b_vintage_sweep/baseline_h14_drop0.25/collapse_monitoring/collapse_monitor_epoch25.json
Epoch 26: val_loss=0.41891440749168396
Epoch 26: train_loss=0.4340877830982208

[CollapseMonitor] Epoch 26
  [DEBUG] Processed 21 batches from val_dataloader
  [DEBUG] Predictions shape after concat: (1282,)
  [DEBUG] All predictions list length: 21
  [DEBUG] First batch shape: (64,)
  Pred std: 0.019144, range: 0.121966, mean: 0.028011
  Pos: 95.1%, Neg: 4.9%, Unique: 1250
  Saved validation predictions to: experiments/02b_vintage_sweep/baseline_h14_drop0.25/collapse_monitoring/val_predictions_epoch26.npy
  Gradient norms:
    lstm_encoder: 0.007544
    lstm_decoder: 0.003555
    multihead_attn: 0.001687
    output_layer: 0.097069
  VSN output std:
    encoder: 0.243003
  Attention entropy: 2.977606
  Saved to: experiments/02b_vintage_sweep/baseline_h14_drop0.25/collapse_monitoring/collapse_monitor_epoch26.json
Epoch 27: val_loss=0.4172331988811493
Epoch 27: train_loss=0.4326411783695221

[CollapseMonitor] Epoch 27
  [DEBUG] Processed 21 batches from val_dataloader
  [DEBUG] Predictions shape after concat: (1282,)
  [DEBUG] All predictions list length: 21
  [DEBUG] First batch shape: (64,)
  Pred std: 0.021381, range: 0.135452, mean: 0.047427
  Pos: 95.2%, Neg: 4.8%, Unique: 1251
  Saved validation predictions to: experiments/02b_vintage_sweep/baseline_h14_drop0.25/collapse_monitoring/val_predictions_epoch27.npy
  Gradient norms:
    lstm_encoder: 0.008942
    lstm_decoder: 0.003930
    multihead_attn: 0.002011
    output_layer: 0.093261
  VSN output std:
    encoder: 0.245338
  Attention entropy: 2.973409
  Saved to: experiments/02b_vintage_sweep/baseline_h14_drop0.25/collapse_monitoring/collapse_monitor_epoch27.json
Epoch 28: val_loss=0.4153077304363251
Epoch 28: train_loss=0.43115752935409546

[CollapseMonitor] Epoch 28
  [DEBUG] Processed 21 batches from val_dataloader
  [DEBUG] Predictions shape after concat: (1282,)
  [DEBUG] All predictions list length: 21
  [DEBUG] First batch shape: (64,)
  Pred std: 0.021252, range: 0.128844, mean: 0.062049
  Pos: 100.0%, Neg: 0.0%, Unique: 1272
  Saved validation predictions to: experiments/02b_vintage_sweep/baseline_h14_drop0.25/collapse_monitoring/val_predictions_epoch28.npy
  Gradient norms:
    lstm_encoder: 0.008999
    lstm_decoder: 0.004003
    multihead_attn: 0.001855
    output_layer: 0.092503
  VSN output std:
    encoder: 0.246506
  Attention entropy: 2.975066
  Saved to: experiments/02b_vintage_sweep/baseline_h14_drop0.25/collapse_monitoring/collapse_monitor_epoch28.json
Epoch 29: val_loss=0.4143267273902893
Epoch 29: train_loss=0.4297051429748535

[CollapseMonitor] Epoch 29
  [DEBUG] Processed 21 batches from val_dataloader
  [DEBUG] Predictions shape after concat: (1282,)
  [DEBUG] All predictions list length: 21
  [DEBUG] First batch shape: (64,)
  Pred std: 0.020906, range: 0.111098, mean: 0.043382
  Pos: 100.0%, Neg: 0.0%, Unique: 1264
  Saved validation predictions to: experiments/02b_vintage_sweep/baseline_h14_drop0.25/collapse_monitoring/val_predictions_epoch29.npy
  Gradient norms:
    lstm_encoder: 0.008950
    lstm_decoder: 0.003939
    multihead_attn: 0.001862
    output_layer: 0.090585
  VSN output std:
    encoder: 0.247834
  Attention entropy: 2.975009
  Saved to: experiments/02b_vintage_sweep/baseline_h14_drop0.25/collapse_monitoring/collapse_monitor_epoch29.json
Epoch 30: val_loss=0.41411277651786804
Epoch 30: train_loss=0.4305037558078766

[CollapseMonitor] Epoch 30
  [DEBUG] Processed 21 batches from val_dataloader
  [DEBUG] Predictions shape after concat: (1282,)
  [DEBUG] All predictions list length: 21
  [DEBUG] First batch shape: (64,)
  Pred std: 0.019926, range: 0.124263, mean: 0.034979
  Pos: 94.3%, Neg: 5.7%, Unique: 1258
  Saved validation predictions to: experiments/02b_vintage_sweep/baseline_h14_drop0.25/collapse_monitoring/val_predictions_epoch30.npy
  Gradient norms:
    lstm_encoder: 0.009952
    lstm_decoder: 0.004465
    multihead_attn: 0.002079
    output_layer: 0.090322
  VSN output std:
    encoder: 0.228893
  Attention entropy: 2.979261
  Saved to: experiments/02b_vintage_sweep/baseline_h14_drop0.25/collapse_monitoring/collapse_monitor_epoch30.json
Epoch 31: val_loss=0.41325709223747253
Epoch 31: train_loss=0.42944931983947754

[CollapseMonitor] Epoch 31
  [DEBUG] Processed 21 batches from val_dataloader
  [DEBUG] Predictions shape after concat: (1282,)
  [DEBUG] All predictions list length: 21
  [DEBUG] First batch shape: (64,)
  Pred std: 0.020120, range: 0.129209, mean: 0.038867
  Pos: 95.9%, Neg: 4.1%, Unique: 1259
  Saved validation predictions to: experiments/02b_vintage_sweep/baseline_h14_drop0.25/collapse_monitoring/val_predictions_epoch31.npy
  Gradient norms:
    lstm_encoder: 0.010704
    lstm_decoder: 0.004745
    multihead_attn: 0.002006
    output_layer: 0.093012
  VSN output std:
    encoder: 0.226019
  Attention entropy: 2.977871
  Saved to: experiments/02b_vintage_sweep/baseline_h14_drop0.25/collapse_monitoring/collapse_monitor_epoch31.json
Epoch 32: val_loss=0.4131661653518677
Epoch 32: train_loss=0.4273150861263275

[CollapseMonitor] Epoch 32
  [DEBUG] Processed 21 batches from val_dataloader
  [DEBUG] Predictions shape after concat: (1282,)
  [DEBUG] All predictions list length: 21
  [DEBUG] First batch shape: (64,)
  Pred std: 0.018382, range: 0.129182, mean: 0.049688
  Pos: 99.8%, Neg: 0.2%, Unique: 1265
  Saved validation predictions to: experiments/02b_vintage_sweep/baseline_h14_drop0.25/collapse_monitoring/val_predictions_epoch32.npy
  Gradient norms:
    lstm_encoder: 0.011391
    lstm_decoder: 0.004921
    multihead_attn: 0.002113
    output_layer: 0.092732
  VSN output std:
    encoder: 0.215584
  Attention entropy: 2.977900
  Saved to: experiments/02b_vintage_sweep/baseline_h14_drop0.25/collapse_monitoring/collapse_monitor_epoch32.json
Epoch 33: val_loss=0.4110039472579956
Epoch 33: train_loss=0.42736661434173584

[CollapseMonitor] Epoch 33
  [DEBUG] Processed 21 batches from val_dataloader
  [DEBUG] Predictions shape after concat: (1282,)
  [DEBUG] All predictions list length: 21
  [DEBUG] First batch shape: (64,)
  Pred std: 0.019948, range: 0.128390, mean: 0.053367
  Pos: 97.2%, Neg: 2.8%, Unique: 1260
  Saved validation predictions to: experiments/02b_vintage_sweep/baseline_h14_drop0.25/collapse_monitoring/val_predictions_epoch33.npy
  Gradient norms:
    lstm_encoder: 0.011529
    lstm_decoder: 0.005228
    multihead_attn: 0.002070
    output_layer: 0.089982
  VSN output std:
    encoder: 0.220193
  Attention entropy: 2.979912
  Saved to: experiments/02b_vintage_sweep/baseline_h14_drop0.25/collapse_monitoring/collapse_monitor_epoch33.json
Epoch 34: val_loss=0.41012436151504517
Epoch 34: train_loss=0.42748746275901794

[CollapseMonitor] Epoch 34
  [DEBUG] Processed 21 batches from val_dataloader
  [DEBUG] Predictions shape after concat: (1282,)
  [DEBUG] All predictions list length: 21
  [DEBUG] First batch shape: (64,)
  Pred std: 0.025831, range: 0.170017, mean: 0.053201
  Pos: 100.0%, Neg: 0.0%, Unique: 1263
  Saved validation predictions to: experiments/02b_vintage_sweep/baseline_h14_drop0.25/collapse_monitoring/val_predictions_epoch34.npy
  Gradient norms:
    lstm_encoder: 0.011899
    lstm_decoder: 0.005462
    multihead_attn: 0.001886
    output_layer: 0.097061
  VSN output std:
    encoder: 0.225438
  Attention entropy: 2.978303
  Saved to: experiments/02b_vintage_sweep/baseline_h14_drop0.25/collapse_monitoring/collapse_monitor_epoch34.json
Epoch 35: val_loss=0.4092472493648529
Epoch 35: train_loss=0.4264551103115082

[CollapseMonitor] Epoch 35
  [DEBUG] Processed 21 batches from val_dataloader
  [DEBUG] Predictions shape after concat: (1282,)
  [DEBUG] All predictions list length: 21
  [DEBUG] First batch shape: (64,)
  Pred std: 0.029971, range: 0.208375, mean: 0.026221
  Pos: 98.3%, Neg: 1.7%, Unique: 1268
  Saved validation predictions to: experiments/02b_vintage_sweep/baseline_h14_drop0.25/collapse_monitoring/val_predictions_epoch35.npy
  Gradient norms:
    lstm_encoder: 0.013445
    lstm_decoder: 0.005695
    multihead_attn: 0.002095
    output_layer: 0.091851
  VSN output std:
    encoder: 0.228371
  Attention entropy: 2.979263
  Saved to: experiments/02b_vintage_sweep/baseline_h14_drop0.25/collapse_monitoring/collapse_monitor_epoch35.json
Epoch 36: val_loss=0.40803754329681396
Epoch 36: train_loss=0.42570480704307556

[CollapseMonitor] Epoch 36
  [DEBUG] Processed 21 batches from val_dataloader
  [DEBUG] Predictions shape after concat: (1282,)
  [DEBUG] All predictions list length: 21
  [DEBUG] First batch shape: (64,)
  Pred std: 0.028765, range: 0.204154, mean: 0.061109
  Pos: 100.0%, Neg: 0.0%, Unique: 1266
  Saved validation predictions to: experiments/02b_vintage_sweep/baseline_h14_drop0.25/collapse_monitoring/val_predictions_epoch36.npy
  Gradient norms:
    lstm_encoder: 0.012674
    lstm_decoder: 0.005780
    multihead_attn: 0.001986
    output_layer: 0.093642
  VSN output std:
    encoder: 0.231822
  Attention entropy: 2.976983
  Saved to: experiments/02b_vintage_sweep/baseline_h14_drop0.25/collapse_monitoring/collapse_monitor_epoch36.json
Epoch 37: val_loss=0.4078400433063507
Epoch 37: train_loss=0.42648229002952576

[CollapseMonitor] Epoch 37
  [DEBUG] Processed 21 batches from val_dataloader
  [DEBUG] Predictions shape after concat: (1282,)
  [DEBUG] All predictions list length: 21
  [DEBUG] First batch shape: (64,)
  Pred std: 0.023897, range: 0.189193, mean: 0.046544
  Pos: 98.4%, Neg: 1.6%, Unique: 1267
  Saved validation predictions to: experiments/02b_vintage_sweep/baseline_h14_drop0.25/collapse_monitoring/val_predictions_epoch37.npy
  Gradient norms:
    lstm_encoder: 0.013765
    lstm_decoder: 0.006042
    multihead_attn: 0.002009
    output_layer: 0.090570
  VSN output std:
    encoder: 0.226337
  Attention entropy: 2.974229
  Saved to: experiments/02b_vintage_sweep/baseline_h14_drop0.25/collapse_monitoring/collapse_monitor_epoch37.json
Epoch 38: val_loss=0.4072883725166321
Epoch 38: train_loss=0.4261530637741089

[CollapseMonitor] Epoch 38
  [DEBUG] Processed 21 batches from val_dataloader
  [DEBUG] Predictions shape after concat: (1282,)
  [DEBUG] All predictions list length: 21
  [DEBUG] First batch shape: (64,)
  Pred std: 0.030884, range: 0.238045, mean: 0.017808
  Pos: 89.2%, Neg: 10.8%, Unique: 1263
  Saved validation predictions to: experiments/02b_vintage_sweep/baseline_h14_drop0.25/collapse_monitoring/val_predictions_epoch38.npy
  Gradient norms:
    lstm_encoder: 0.015191
    lstm_decoder: 0.006551
    multihead_attn: 0.002161
    output_layer: 0.101203
  VSN output std:
    encoder: 0.228902
  Attention entropy: 2.971943
  Saved to: experiments/02b_vintage_sweep/baseline_h14_drop0.25/collapse_monitoring/collapse_monitor_epoch38.json
Epoch 39: val_loss=0.4061204195022583
Epoch 39: train_loss=0.4256766438484192

[CollapseMonitor] Epoch 39
  [DEBUG] Processed 21 batches from val_dataloader
  [DEBUG] Predictions shape after concat: (1282,)
  [DEBUG] All predictions list length: 21
  [DEBUG] First batch shape: (64,)
  Pred std: 0.032998, range: 0.245707, mean: 0.062041
  Pos: 100.0%, Neg: 0.0%, Unique: 1271
  Saved validation predictions to: experiments/02b_vintage_sweep/baseline_h14_drop0.25/collapse_monitoring/val_predictions_epoch39.npy
  Gradient norms:
    lstm_encoder: 0.016408
    lstm_decoder: 0.006474
    multihead_attn: 0.002392
    output_layer: 0.091863
  VSN output std:
    encoder: 0.224385
  Attention entropy: 2.973519
  Saved to: experiments/02b_vintage_sweep/baseline_h14_drop0.25/collapse_monitoring/collapse_monitor_epoch39.json
Epoch 40: val_loss=0.406559556722641
Epoch 40: train_loss=0.42537158727645874

[CollapseMonitor] Epoch 40
  [DEBUG] Processed 21 batches from val_dataloader
  [DEBUG] Predictions shape after concat: (1282,)
  [DEBUG] All predictions list length: 21
  [DEBUG] First batch shape: (64,)
  Pred std: 0.024753, range: 0.205039, mean: 0.056077
  Pos: 99.7%, Neg: 0.3%, Unique: 1263
  Saved validation predictions to: experiments/02b_vintage_sweep/baseline_h14_drop0.25/collapse_monitoring/val_predictions_epoch40.npy
  Gradient norms:
    lstm_encoder: 0.016630
    lstm_decoder: 0.006544
    multihead_attn: 0.002166
    output_layer: 0.099170
  VSN output std:
    encoder: 0.224007
  Attention entropy: 2.971335
  Saved to: experiments/02b_vintage_sweep/baseline_h14_drop0.25/collapse_monitoring/collapse_monitor_epoch40.json
Epoch 41: val_loss=0.40560221672058105
Epoch 41: train_loss=0.4239867627620697

[CollapseMonitor] Epoch 41
  [DEBUG] Processed 21 batches from val_dataloader
  [DEBUG] Predictions shape after concat: (1282,)
  [DEBUG] All predictions list length: 21
  [DEBUG] First batch shape: (64,)
  Pred std: 0.032791, range: 0.231589, mean: 0.066863
  Pos: 100.0%, Neg: 0.0%, Unique: 1263
  Saved validation predictions to: experiments/02b_vintage_sweep/baseline_h14_drop0.25/collapse_monitoring/val_predictions_epoch41.npy
  Gradient norms:
    lstm_encoder: 0.018194
    lstm_decoder: 0.007007
    multihead_attn: 0.002052
    output_layer: 0.089098
  VSN output std:
    encoder: 0.214927
  Attention entropy: 2.972496
  Saved to: experiments/02b_vintage_sweep/baseline_h14_drop0.25/collapse_monitoring/collapse_monitor_epoch41.json
Epoch 42: val_loss=0.40656954050064087
Epoch 42: train_loss=0.4245602488517761

[CollapseMonitor] Epoch 42
  [DEBUG] Processed 21 batches from val_dataloader
  [DEBUG] Predictions shape after concat: (1282,)
  [DEBUG] All predictions list length: 21
  [DEBUG] First batch shape: (64,)
  Pred std: 0.032965, range: 0.245728, mean: 0.056178
  Pos: 100.0%, Neg: 0.0%, Unique: 1266
  Saved validation predictions to: experiments/02b_vintage_sweep/baseline_h14_drop0.25/collapse_monitoring/val_predictions_epoch42.npy
  Gradient norms:
    lstm_encoder: 0.018632
    lstm_decoder: 0.006847
    multihead_attn: 0.001883
    output_layer: 0.093356
  VSN output std:
    encoder: 0.204776
  Attention entropy: 2.974486
  Saved to: experiments/02b_vintage_sweep/baseline_h14_drop0.25/collapse_monitoring/collapse_monitor_epoch42.json
Epoch 43: val_loss=0.404611200094223
Epoch 43: train_loss=0.42496949434280396

[CollapseMonitor] Epoch 43
  [DEBUG] Processed 21 batches from val_dataloader
  [DEBUG] Predictions shape after concat: (1282,)
  [DEBUG] All predictions list length: 21
  [DEBUG] First batch shape: (64,)
  Pred std: 0.033334, range: 0.242688, mean: 0.053038
  Pos: 100.0%, Neg: 0.0%, Unique: 1272
  Saved validation predictions to: experiments/02b_vintage_sweep/baseline_h14_drop0.25/collapse_monitoring/val_predictions_epoch43.npy
  Gradient norms:
    lstm_encoder: 0.021504
    lstm_decoder: 0.007483
    multihead_attn: 0.001936
    output_layer: 0.099184
  VSN output std:
    encoder: 0.220041
  Attention entropy: 2.971548
  Saved to: experiments/02b_vintage_sweep/baseline_h14_drop0.25/collapse_monitoring/collapse_monitor_epoch43.json
Epoch 44: val_loss=0.40371257066726685
Epoch 44: train_loss=0.4237838387489319

[CollapseMonitor] Epoch 44
  [DEBUG] Processed 21 batches from val_dataloader
  [DEBUG] Predictions shape after concat: (1282,)
  [DEBUG] All predictions list length: 21
  [DEBUG] First batch shape: (64,)
  Pred std: 0.037392, range: 0.267917, mean: 0.041386
  Pos: 99.7%, Neg: 0.3%, Unique: 1269
  Saved validation predictions to: experiments/02b_vintage_sweep/baseline_h14_drop0.25/collapse_monitoring/val_predictions_epoch44.npy
  Gradient norms:
    lstm_encoder: 0.022230
    lstm_decoder: 0.007337
    multihead_attn: 0.001958
    output_layer: 0.093615
  VSN output std:
    encoder: 0.221433
  Attention entropy: 2.969653
  Saved to: experiments/02b_vintage_sweep/baseline_h14_drop0.25/collapse_monitoring/collapse_monitor_epoch44.json
Epoch 45: val_loss=0.40240558981895447
Epoch 45: train_loss=0.42360079288482666

[CollapseMonitor] Epoch 45
  [DEBUG] Processed 21 batches from val_dataloader
  [DEBUG] Predictions shape after concat: (1282,)
  [DEBUG] All predictions list length: 21
  [DEBUG] First batch shape: (64,)
  Pred std: 0.040459, range: 0.276408, mean: 0.076052
  Pos: 100.0%, Neg: 0.0%, Unique: 1263
  Saved validation predictions to: experiments/02b_vintage_sweep/baseline_h14_drop0.25/collapse_monitoring/val_predictions_epoch45.npy
  Gradient norms:
    lstm_encoder: 0.023079
    lstm_decoder: 0.007582
    multihead_attn: 0.001911
    output_layer: 0.095371
  VSN output std:
    encoder: 0.223411
  Attention entropy: 2.965940
  Saved to: experiments/02b_vintage_sweep/baseline_h14_drop0.25/collapse_monitoring/collapse_monitor_epoch45.json
Epoch 46: val_loss=0.4022062420845032
Epoch 46: train_loss=0.4235062599182129

[CollapseMonitor] Epoch 46
  [DEBUG] Processed 21 batches from val_dataloader
  [DEBUG] Predictions shape after concat: (1282,)
  [DEBUG] All predictions list length: 21
  [DEBUG] First batch shape: (64,)
  Pred std: 0.043867, range: 0.296148, mean: 0.075994
  Pos: 100.0%, Neg: 0.0%, Unique: 1269
  Saved validation predictions to: experiments/02b_vintage_sweep/baseline_h14_drop0.25/collapse_monitoring/val_predictions_epoch46.npy
  Gradient norms:
    lstm_encoder: 0.025457
    lstm_decoder: 0.008140
    multihead_attn: 0.002094
    output_layer: 0.092688
  VSN output std:
    encoder: 0.219662
  Attention entropy: 2.968787
  Saved to: experiments/02b_vintage_sweep/baseline_h14_drop0.25/collapse_monitoring/collapse_monitor_epoch46.json
Epoch 47: val_loss=0.40328335762023926
Epoch 47: train_loss=0.42307189106941223

[CollapseMonitor] Epoch 47
  [DEBUG] Processed 21 batches from val_dataloader
  [DEBUG] Predictions shape after concat: (1282,)
  [DEBUG] All predictions list length: 21
  [DEBUG] First batch shape: (64,)
  Pred std: 0.041459, range: 0.296900, mean: 0.034353
  Pos: 99.5%, Neg: 0.5%, Unique: 1268
  Saved validation predictions to: experiments/02b_vintage_sweep/baseline_h14_drop0.25/collapse_monitoring/val_predictions_epoch47.npy
  Gradient norms:
    lstm_encoder: 0.026598
    lstm_decoder: 0.007853
    multihead_attn: 0.002030
    output_layer: 0.094484
  VSN output std:
    encoder: 0.220987
  Attention entropy: 2.968649
  Saved to: experiments/02b_vintage_sweep/baseline_h14_drop0.25/collapse_monitoring/collapse_monitor_epoch47.json
Epoch 48: val_loss=0.402757853269577
Epoch 48: train_loss=0.42307570576667786

[CollapseMonitor] Epoch 48
  [DEBUG] Processed 21 batches from val_dataloader
  [DEBUG] Predictions shape after concat: (1282,)
  [DEBUG] All predictions list length: 21
  [DEBUG] First batch shape: (64,)
  Pred std: 0.046420, range: 0.301359, mean: 0.056905
  Pos: 100.0%, Neg: 0.0%, Unique: 1268
  Saved validation predictions to: experiments/02b_vintage_sweep/baseline_h14_drop0.25/collapse_monitoring/val_predictions_epoch48.npy
  Gradient norms:
    lstm_encoder: 0.028517
    lstm_decoder: 0.008064
    multihead_attn: 0.002052
    output_layer: 0.091729
  VSN output std:
    encoder: 0.212135
  Attention entropy: 2.969738
  Saved to: experiments/02b_vintage_sweep/baseline_h14_drop0.25/collapse_monitoring/collapse_monitor_epoch48.json
Epoch 49: val_loss=0.4026435315608978
Epoch 49: train_loss=0.4220491051673889

[CollapseMonitor] Epoch 49
  [DEBUG] Processed 21 batches from val_dataloader
  [DEBUG] Predictions shape after concat: (1282,)
  [DEBUG] All predictions list length: 21
  [DEBUG] First batch shape: (64,)
  Pred std: 0.041273, range: 0.285274, mean: 0.059835
  Pos: 100.0%, Neg: 0.0%, Unique: 1265
  Saved validation predictions to: experiments/02b_vintage_sweep/baseline_h14_drop0.25/collapse_monitoring/val_predictions_epoch49.npy
  Gradient norms:
    lstm_encoder: 0.031923
    lstm_decoder: 0.008696
    multihead_attn: 0.002252
    output_layer: 0.093971
  VSN output std:
    encoder: 0.214531
  Attention entropy: 2.969179
  Saved to: experiments/02b_vintage_sweep/baseline_h14_drop0.25/collapse_monitoring/collapse_monitor_epoch49.json
Epoch 50: val_loss=0.40293121337890625
Epoch 50: train_loss=0.4220871329307556

[CollapseMonitor] Epoch 50
  [DEBUG] Processed 21 batches from val_dataloader
  [DEBUG] Predictions shape after concat: (1282,)
  [DEBUG] All predictions list length: 21
  [DEBUG] First batch shape: (64,)
  Pred std: 0.038382, range: 0.261426, mean: 0.074937
  Pos: 100.0%, Neg: 0.0%, Unique: 1269
  Saved validation predictions to: experiments/02b_vintage_sweep/baseline_h14_drop0.25/collapse_monitoring/val_predictions_epoch50.npy
  Gradient norms:
    lstm_encoder: 0.028417
    lstm_decoder: 0.008223
    multihead_attn: 0.002062
    output_layer: 0.092570
  VSN output std:
    encoder: 0.214050
  Attention entropy: 2.967265
  Saved to: experiments/02b_vintage_sweep/baseline_h14_drop0.25/collapse_monitoring/collapse_monitor_epoch50.json
Epoch 51: val_loss=0.4027567505836487
Epoch 51: train_loss=0.4220198094844818

[CollapseMonitor] Epoch 51
  [DEBUG] Processed 21 batches from val_dataloader
  [DEBUG] Predictions shape after concat: (1282,)
  [DEBUG] All predictions list length: 21
  [DEBUG] First batch shape: (64,)
  Pred std: 0.036184, range: 0.264467, mean: 0.037750
  Pos: 99.8%, Neg: 0.2%, Unique: 1269
  Saved validation predictions to: experiments/02b_vintage_sweep/baseline_h14_drop0.25/collapse_monitoring/val_predictions_epoch51.npy
  Gradient norms:
    lstm_encoder: 0.031259
    lstm_decoder: 0.008663
    multihead_attn: 0.002116
    output_layer: 0.095188
  VSN output std:
    encoder: 0.216878
  Attention entropy: 2.966424
  Saved to: experiments/02b_vintage_sweep/baseline_h14_drop0.25/collapse_monitoring/collapse_monitor_epoch51.json
Epoch 52: val_loss=0.40182122588157654
Epoch 52: train_loss=0.42230990529060364

[CollapseMonitor] Epoch 52
  [DEBUG] Processed 21 batches from val_dataloader
  [DEBUG] Predictions shape after concat: (1282,)
  [DEBUG] All predictions list length: 21
  [DEBUG] First batch shape: (64,)
  Pred std: 0.040231, range: 0.276656, mean: 0.047061
  Pos: 100.0%, Neg: 0.0%, Unique: 1270
  Saved validation predictions to: experiments/02b_vintage_sweep/baseline_h14_drop0.25/collapse_monitoring/val_predictions_epoch52.npy
  Gradient norms:
    lstm_encoder: 0.031328
    lstm_decoder: 0.008711
    multihead_attn: 0.002050
    output_layer: 0.092767
  VSN output std:
    encoder: 0.217691
  Attention entropy: 2.964403
  Saved to: experiments/02b_vintage_sweep/baseline_h14_drop0.25/collapse_monitoring/collapse_monitor_epoch52.json
Epoch 53: val_loss=0.4011564552783966
Epoch 53: train_loss=0.4224696755409241

[CollapseMonitor] Epoch 53
  [DEBUG] Processed 21 batches from val_dataloader
  [DEBUG] Predictions shape after concat: (1282,)
  [DEBUG] All predictions list length: 21
  [DEBUG] First batch shape: (64,)
  Pred std: 0.035811, range: 0.257745, mean: 0.053497
  Pos: 100.0%, Neg: 0.0%, Unique: 1266
  Saved validation predictions to: experiments/02b_vintage_sweep/baseline_h14_drop0.25/collapse_monitoring/val_predictions_epoch53.npy
  Gradient norms:
    lstm_encoder: 0.032932
    lstm_decoder: 0.009099
    multihead_attn: 0.002305
    output_layer: 0.096180
  VSN output std:
    encoder: 0.220608
  Attention entropy: 2.962096
  Saved to: experiments/02b_vintage_sweep/baseline_h14_drop0.25/collapse_monitoring/collapse_monitor_epoch53.json
Epoch 54: val_loss=0.40241727232933044
Epoch 54: train_loss=0.42256829142570496

[CollapseMonitor] Epoch 54
  [DEBUG] Processed 21 batches from val_dataloader
  [DEBUG] Predictions shape after concat: (1282,)
  [DEBUG] All predictions list length: 21
  [DEBUG] First batch shape: (64,)
  Pred std: 0.035034, range: 0.246593, mean: 0.060122
  Pos: 100.0%, Neg: 0.0%, Unique: 1271
  Saved validation predictions to: experiments/02b_vintage_sweep/baseline_h14_drop0.25/collapse_monitoring/val_predictions_epoch54.npy
  Gradient norms:
    lstm_encoder: 0.032368
    lstm_decoder: 0.009116
    multihead_attn: 0.002124
    output_layer: 0.092618
  VSN output std:
    encoder: 0.212009
  Attention entropy: 2.964204
  Saved to: experiments/02b_vintage_sweep/baseline_h14_drop0.25/collapse_monitoring/collapse_monitor_epoch54.json
Epoch 55: val_loss=0.401136189699173
Epoch 55: train_loss=0.4219874143600464

[CollapseMonitor] Epoch 55
  [DEBUG] Processed 21 batches from val_dataloader
  [DEBUG] Predictions shape after concat: (1282,)
  [DEBUG] All predictions list length: 21
  [DEBUG] First batch shape: (64,)
  Pred std: 0.037616, range: 0.254489, mean: 0.058207
  Pos: 100.0%, Neg: 0.0%, Unique: 1271
  Saved validation predictions to: experiments/02b_vintage_sweep/baseline_h14_drop0.25/collapse_monitoring/val_predictions_epoch55.npy
  Gradient norms:
    lstm_encoder: 0.030336
    lstm_decoder: 0.008504
    multihead_attn: 0.001976
    output_layer: 0.088824
  VSN output std:
    encoder: 0.212979
  Attention entropy: 2.964044
  Saved to: experiments/02b_vintage_sweep/baseline_h14_drop0.25/collapse_monitoring/collapse_monitor_epoch55.json
Epoch 56: val_loss=0.40120625495910645
Epoch 56: train_loss=0.421582967042923

[CollapseMonitor] Epoch 56
  [DEBUG] Processed 21 batches from val_dataloader
  [DEBUG] Predictions shape after concat: (1282,)
  [DEBUG] All predictions list length: 21
  [DEBUG] First batch shape: (64,)
  Pred std: 0.032709, range: 0.237316, mean: 0.051638
  Pos: 100.0%, Neg: 0.0%, Unique: 1269
  Saved validation predictions to: experiments/02b_vintage_sweep/baseline_h14_drop0.25/collapse_monitoring/val_predictions_epoch56.npy
  Gradient norms:
    lstm_encoder: 0.031390
    lstm_decoder: 0.009112
    multihead_attn: 0.002131
    output_layer: 0.089675
  VSN output std:
    encoder: 0.215288
  Attention entropy: 2.963760
  Saved to: experiments/02b_vintage_sweep/baseline_h14_drop0.25/collapse_monitoring/collapse_monitor_epoch56.json
Epoch 57: val_loss=0.400451123714447
Epoch 57: train_loss=0.4219930171966553

[CollapseMonitor] Epoch 57
  [DEBUG] Processed 21 batches from val_dataloader
  [DEBUG] Predictions shape after concat: (1282,)
  [DEBUG] All predictions list length: 21
  [DEBUG] First batch shape: (64,)
  Pred std: 0.035899, range: 0.255712, mean: 0.048912
  Pos: 100.0%, Neg: 0.0%, Unique: 1258
  Saved validation predictions to: experiments/02b_vintage_sweep/baseline_h14_drop0.25/collapse_monitoring/val_predictions_epoch57.npy
  Gradient norms:
    lstm_encoder: 0.031232
    lstm_decoder: 0.009308
    multihead_attn: 0.002057
    output_layer: 0.093425
  VSN output std:
    encoder: 0.217708
  Attention entropy: 2.963381
  Saved to: experiments/02b_vintage_sweep/baseline_h14_drop0.25/collapse_monitoring/collapse_monitor_epoch57.json
Epoch 58: val_loss=0.40067070722579956
Epoch 58: train_loss=0.42186668515205383

[CollapseMonitor] Epoch 58
  [DEBUG] Processed 21 batches from val_dataloader
  [DEBUG] Predictions shape after concat: (1282,)
  [DEBUG] All predictions list length: 21
  [DEBUG] First batch shape: (64,)
  Pred std: 0.038195, range: 0.264739, mean: 0.062186
  Pos: 100.0%, Neg: 0.0%, Unique: 1268
  Saved validation predictions to: experiments/02b_vintage_sweep/baseline_h14_drop0.25/collapse_monitoring/val_predictions_epoch58.npy
  Gradient norms:
    lstm_encoder: 0.032924
    lstm_decoder: 0.009956
    multihead_attn: 0.002113
    output_layer: 0.101290
  VSN output std:
    encoder: 0.221447
  Attention entropy: 2.963426
  Saved to: experiments/02b_vintage_sweep/baseline_h14_drop0.25/collapse_monitoring/collapse_monitor_epoch58.json
Epoch 59: val_loss=0.40001180768013
Epoch 59: train_loss=0.42203161120414734

[CollapseMonitor] Epoch 59
  [DEBUG] Processed 21 batches from val_dataloader
  [DEBUG] Predictions shape after concat: (1282,)
  [DEBUG] All predictions list length: 21
  [DEBUG] First batch shape: (64,)
  Pred std: 0.040197, range: 0.270038, mean: 0.060988
  Pos: 100.0%, Neg: 0.0%, Unique: 1264
  Saved validation predictions to: experiments/02b_vintage_sweep/baseline_h14_drop0.25/collapse_monitoring/val_predictions_epoch59.npy
  Gradient norms:
    lstm_encoder: 0.033841
    lstm_decoder: 0.009109
    multihead_attn: 0.002144
    output_layer: 0.098769
  VSN output std:
    encoder: 0.222726
  Attention entropy: 2.962042
  Saved to: experiments/02b_vintage_sweep/baseline_h14_drop0.25/collapse_monitoring/collapse_monitor_epoch59.json
Epoch 60: val_loss=0.3999771773815155
Epoch 60: train_loss=0.4211525619029999

[CollapseMonitor] Epoch 60
  [DEBUG] Processed 21 batches from val_dataloader
  [DEBUG] Predictions shape after concat: (1282,)
  [DEBUG] All predictions list length: 21
  [DEBUG] First batch shape: (64,)
  Pred std: 0.039572, range: 0.271459, mean: 0.049492
  Pos: 100.0%, Neg: 0.0%, Unique: 1267
  Saved validation predictions to: experiments/02b_vintage_sweep/baseline_h14_drop0.25/collapse_monitoring/val_predictions_epoch60.npy
  Gradient norms:
    lstm_encoder: 0.033655
    lstm_decoder: 0.009405
    multihead_attn: 0.002056
    output_layer: 0.093917
  VSN output std:
    encoder: 0.223948
  Attention entropy: 2.962029
  Saved to: experiments/02b_vintage_sweep/baseline_h14_drop0.25/collapse_monitoring/collapse_monitor_epoch60.json
Epoch 61: val_loss=0.39967072010040283
Epoch 61: train_loss=0.4212167263031006

[CollapseMonitor] Epoch 61
  [DEBUG] Processed 21 batches from val_dataloader
  [DEBUG] Predictions shape after concat: (1282,)
  [DEBUG] All predictions list length: 21
  [DEBUG] First batch shape: (64,)
  Pred std: 0.040952, range: 0.274856, mean: 0.059896
  Pos: 100.0%, Neg: 0.0%, Unique: 1269
  Saved validation predictions to: experiments/02b_vintage_sweep/baseline_h14_drop0.25/collapse_monitoring/val_predictions_epoch61.npy
  Gradient norms:
    lstm_encoder: 0.036727
    lstm_decoder: 0.010225
    multihead_attn: 0.002304
    output_layer: 0.101485
  VSN output std:
    encoder: 0.220776
  Attention entropy: 2.962646
  Saved to: experiments/02b_vintage_sweep/baseline_h14_drop0.25/collapse_monitoring/collapse_monitor_epoch61.json
Epoch 62: val_loss=0.39898672699928284
Epoch 62: train_loss=0.4218645989894867

[CollapseMonitor] Epoch 62
  [DEBUG] Processed 21 batches from val_dataloader
  [DEBUG] Predictions shape after concat: (1282,)
  [DEBUG] All predictions list length: 21
  [DEBUG] First batch shape: (64,)
  Pred std: 0.042703, range: 0.280739, mean: 0.057061
  Pos: 100.0%, Neg: 0.0%, Unique: 1268
  Saved validation predictions to: experiments/02b_vintage_sweep/baseline_h14_drop0.25/collapse_monitoring/val_predictions_epoch62.npy
  Gradient norms:
    lstm_encoder: 0.034437
    lstm_decoder: 0.009523
    multihead_attn: 0.002141
    output_layer: 0.094024
  VSN output std:
    encoder: 0.221984
  Attention entropy: 2.961407
  Saved to: experiments/02b_vintage_sweep/baseline_h14_drop0.25/collapse_monitoring/collapse_monitor_epoch62.json
Epoch 63: val_loss=0.39988625049591064
Epoch 63: train_loss=0.4212303161621094

[CollapseMonitor] Epoch 63
  [DEBUG] Processed 21 batches from val_dataloader
  [DEBUG] Predictions shape after concat: (1282,)
  [DEBUG] All predictions list length: 21
  [DEBUG] First batch shape: (64,)
  Pred std: 0.037471, range: 0.264538, mean: 0.052512
  Pos: 100.0%, Neg: 0.0%, Unique: 1270
  Saved validation predictions to: experiments/02b_vintage_sweep/baseline_h14_drop0.25/collapse_monitoring/val_predictions_epoch63.npy
  Gradient norms:
    lstm_encoder: 0.034992
    lstm_decoder: 0.008869
    multihead_attn: 0.002256
    output_layer: 0.094433
  VSN output std:
    encoder: 0.222404
  Attention entropy: 2.961007
  Saved to: experiments/02b_vintage_sweep/baseline_h14_drop0.25/collapse_monitoring/collapse_monitor_epoch63.json
Epoch 64: val_loss=0.39932358264923096
Epoch 64: train_loss=0.4208250343799591

[CollapseMonitor] Epoch 64
  [DEBUG] Processed 21 batches from val_dataloader
  [DEBUG] Predictions shape after concat: (1282,)
  [DEBUG] All predictions list length: 21
  [DEBUG] First batch shape: (64,)
  Pred std: 0.039954, range: 0.271685, mean: 0.052546
  Pos: 100.0%, Neg: 0.0%, Unique: 1264
  Saved validation predictions to: experiments/02b_vintage_sweep/baseline_h14_drop0.25/collapse_monitoring/val_predictions_epoch64.npy
  Gradient norms:
    lstm_encoder: 0.038812
    lstm_decoder: 0.009655
    multihead_attn: 0.002414
    output_layer: 0.091398
  VSN output std:
    encoder: 0.218513
  Attention entropy: 2.960195
  Saved to: experiments/02b_vintage_sweep/baseline_h14_drop0.25/collapse_monitoring/collapse_monitor_epoch64.json
Epoch 65: val_loss=0.3990708589553833
Epoch 65: train_loss=0.4220075309276581

[CollapseMonitor] Epoch 65
  [DEBUG] Processed 21 batches from val_dataloader
  [DEBUG] Predictions shape after concat: (1282,)
  [DEBUG] All predictions list length: 21
  [DEBUG] First batch shape: (64,)
  Pred std: 0.039769, range: 0.270793, mean: 0.056178
  Pos: 100.0%, Neg: 0.0%, Unique: 1265
  Saved validation predictions to: experiments/02b_vintage_sweep/baseline_h14_drop0.25/collapse_monitoring/val_predictions_epoch65.npy
  Gradient norms:
    lstm_encoder: 0.036368
    lstm_decoder: 0.009360
    multihead_attn: 0.002195
    output_layer: 0.097303
  VSN output std:
    encoder: 0.219611
  Attention entropy: 2.959625
  Saved to: experiments/02b_vintage_sweep/baseline_h14_drop0.25/collapse_monitoring/collapse_monitor_epoch65.json
Epoch 66: val_loss=0.3985159993171692
Epoch 66: train_loss=0.42117705941200256

[CollapseMonitor] Epoch 66
  [DEBUG] Processed 21 batches from val_dataloader
  [DEBUG] Predictions shape after concat: (1282,)
  [DEBUG] All predictions list length: 21
  [DEBUG] First batch shape: (64,)
  Pred std: 0.040894, range: 0.278611, mean: 0.067135
  Pos: 100.0%, Neg: 0.0%, Unique: 1262
  Saved validation predictions to: experiments/02b_vintage_sweep/baseline_h14_drop0.25/collapse_monitoring/val_predictions_epoch66.npy
  Gradient norms:
    lstm_encoder: 0.037785
    lstm_decoder: 0.009876
    multihead_attn: 0.002305
    output_layer: 0.104251
  VSN output std:
    encoder: 0.220561
  Attention entropy: 2.959126
  Saved to: experiments/02b_vintage_sweep/baseline_h14_drop0.25/collapse_monitoring/collapse_monitor_epoch66.json
Epoch 67: val_loss=0.39882826805114746
Epoch 67: train_loss=0.4210524559020996

[CollapseMonitor] Epoch 67
  [DEBUG] Processed 21 batches from val_dataloader
  [DEBUG] Predictions shape after concat: (1282,)
  [DEBUG] All predictions list length: 21
  [DEBUG] First batch shape: (64,)
  Pred std: 0.038537, range: 0.279784, mean: 0.051579
  Pos: 100.0%, Neg: 0.0%, Unique: 1259
  Saved validation predictions to: experiments/02b_vintage_sweep/baseline_h14_drop0.25/collapse_monitoring/val_predictions_epoch67.npy
  Gradient norms:
    lstm_encoder: 0.040589
    lstm_decoder: 0.009691
    multihead_attn: 0.002412
    output_layer: 0.092866
  VSN output std:
    encoder: 0.223355
  Attention entropy: 2.956664
  Saved to: experiments/02b_vintage_sweep/baseline_h14_drop0.25/collapse_monitoring/collapse_monitor_epoch67.json
Epoch 68: val_loss=0.39833128452301025
Epoch 68: train_loss=0.4213891923427582

[CollapseMonitor] Epoch 68
  [DEBUG] Processed 21 batches from val_dataloader
  [DEBUG] Predictions shape after concat: (1282,)
  [DEBUG] All predictions list length: 21
  [DEBUG] First batch shape: (64,)
  Pred std: 0.036351, range: 0.266390, mean: 0.063142
  Pos: 100.0%, Neg: 0.0%, Unique: 1256
  Saved validation predictions to: experiments/02b_vintage_sweep/baseline_h14_drop0.25/collapse_monitoring/val_predictions_epoch68.npy
  Gradient norms:
    lstm_encoder: 0.035615
    lstm_decoder: 0.009739
    multihead_attn: 0.002344
    output_layer: 0.097857
  VSN output std:
    encoder: 0.222607
  Attention entropy: 2.956000
  Saved to: experiments/02b_vintage_sweep/baseline_h14_drop0.25/collapse_monitoring/collapse_monitor_epoch68.json
Epoch 69: val_loss=0.3982097804546356
Epoch 69: train_loss=0.4196591079235077

[CollapseMonitor] Epoch 69
  [DEBUG] Processed 21 batches from val_dataloader
  [DEBUG] Predictions shape after concat: (1282,)
  [DEBUG] All predictions list length: 21
  [DEBUG] First batch shape: (64,)
  Pred std: 0.039433, range: 0.280385, mean: 0.048340
  Pos: 100.0%, Neg: 0.0%, Unique: 1262
  Saved validation predictions to: experiments/02b_vintage_sweep/baseline_h14_drop0.25/collapse_monitoring/val_predictions_epoch69.npy
  Gradient norms:
    lstm_encoder: 0.039979
    lstm_decoder: 0.010217
    multihead_attn: 0.002465
    output_layer: 0.092653
  VSN output std:
    encoder: 0.223783
  Attention entropy: 2.956660
  Saved to: experiments/02b_vintage_sweep/baseline_h14_drop0.25/collapse_monitoring/collapse_monitor_epoch69.json
Epoch 70: val_loss=0.39855965971946716
Epoch 70: train_loss=0.42029961943626404

[CollapseMonitor] Epoch 70
  [DEBUG] Processed 21 batches from val_dataloader
  [DEBUG] Predictions shape after concat: (1282,)
  [DEBUG] All predictions list length: 21
  [DEBUG] First batch shape: (64,)
  Pred std: 0.036611, range: 0.274778, mean: 0.052763
  Pos: 100.0%, Neg: 0.0%, Unique: 1257
  Saved validation predictions to: experiments/02b_vintage_sweep/baseline_h14_drop0.25/collapse_monitoring/val_predictions_epoch70.npy
  Gradient norms:
    lstm_encoder: 0.041408
    lstm_decoder: 0.010987
    multihead_attn: 0.002775
    output_layer: 0.092310
  VSN output std:
    encoder: 0.230281
  Attention entropy: 2.955076
  Saved to: experiments/02b_vintage_sweep/baseline_h14_drop0.25/collapse_monitoring/collapse_monitor_epoch70.json
Epoch 71: val_loss=0.3980472683906555
Epoch 71: train_loss=0.42099282145500183

[CollapseMonitor] Epoch 71
  [DEBUG] Processed 21 batches from val_dataloader
  [DEBUG] Predictions shape after concat: (1282,)
  [DEBUG] All predictions list length: 21
  [DEBUG] First batch shape: (64,)
  Pred std: 0.038138, range: 0.272745, mean: 0.055953
  Pos: 100.0%, Neg: 0.0%, Unique: 1270
  Saved validation predictions to: experiments/02b_vintage_sweep/baseline_h14_drop0.25/collapse_monitoring/val_predictions_epoch71.npy
  Gradient norms:
    lstm_encoder: 0.037914
    lstm_decoder: 0.010141
    multihead_attn: 0.002353
    output_layer: 0.094391
  VSN output std:
    encoder: 0.226611
  Attention entropy: 2.954649
  Saved to: experiments/02b_vintage_sweep/baseline_h14_drop0.25/collapse_monitoring/collapse_monitor_epoch71.json
Epoch 72: val_loss=0.3974876403808594
Epoch 72: train_loss=0.42071732878685

[CollapseMonitor] Epoch 72
  [DEBUG] Processed 21 batches from val_dataloader
  [DEBUG] Predictions shape after concat: (1282,)
  [DEBUG] All predictions list length: 21
  [DEBUG] First batch shape: (64,)
  Pred std: 0.038733, range: 0.275153, mean: 0.062610
  Pos: 100.0%, Neg: 0.0%, Unique: 1266
  Saved validation predictions to: experiments/02b_vintage_sweep/baseline_h14_drop0.25/collapse_monitoring/val_predictions_epoch72.npy
  Gradient norms:
    lstm_encoder: 0.039996
    lstm_decoder: 0.010619
    multihead_attn: 0.002767
    output_layer: 0.098884
  VSN output std:
    encoder: 0.227179
  Attention entropy: 2.952808
  Saved to: experiments/02b_vintage_sweep/baseline_h14_drop0.25/collapse_monitoring/collapse_monitor_epoch72.json
Epoch 73: val_loss=0.3984576165676117
Epoch 73: train_loss=0.4205249547958374

[CollapseMonitor] Epoch 73
  [DEBUG] Processed 21 batches from val_dataloader
  [DEBUG] Predictions shape after concat: (1282,)
  [DEBUG] All predictions list length: 21
  [DEBUG] First batch shape: (64,)
  Pred std: 0.037535, range: 0.272900, mean: 0.062011
  Pos: 100.0%, Neg: 0.0%, Unique: 1272
  Saved validation predictions to: experiments/02b_vintage_sweep/baseline_h14_drop0.25/collapse_monitoring/val_predictions_epoch73.npy
  Gradient norms:
    lstm_encoder: 0.042549
    lstm_decoder: 0.010564
    multihead_attn: 0.002483
    output_layer: 0.087855
  VSN output std:
    encoder: 0.221655
  Attention entropy: 2.953160
  Saved to: experiments/02b_vintage_sweep/baseline_h14_drop0.25/collapse_monitoring/collapse_monitor_epoch73.json
Epoch 74: val_loss=0.39764007925987244
Epoch 74: train_loss=0.42063575983047485

[CollapseMonitor] Epoch 74
  [DEBUG] Processed 21 batches from val_dataloader
  [DEBUG] Predictions shape after concat: (1282,)
  [DEBUG] All predictions list length: 21
  [DEBUG] First batch shape: (64,)
  Pred std: 0.041706, range: 0.290152, mean: 0.060774
  Pos: 100.0%, Neg: 0.0%, Unique: 1266
  Saved validation predictions to: experiments/02b_vintage_sweep/baseline_h14_drop0.25/collapse_monitoring/val_predictions_epoch74.npy
  Gradient norms:
    lstm_encoder: 0.041016
    lstm_decoder: 0.010488
    multihead_attn: 0.002433
    output_layer: 0.096868
  VSN output std:
    encoder: 0.225386
  Attention entropy: 2.954020
  Saved to: experiments/02b_vintage_sweep/baseline_h14_drop0.25/collapse_monitoring/collapse_monitor_epoch74.json
Epoch 75: val_loss=0.39760518074035645
Epoch 75: train_loss=0.4204785227775574

[CollapseMonitor] Epoch 75
  [DEBUG] Processed 21 batches from val_dataloader
  [DEBUG] Predictions shape after concat: (1282,)
  [DEBUG] All predictions list length: 21
  [DEBUG] First batch shape: (64,)
  Pred std: 0.040748, range: 0.286560, mean: 0.065651
  Pos: 100.0%, Neg: 0.0%, Unique: 1269
  Saved validation predictions to: experiments/02b_vintage_sweep/baseline_h14_drop0.25/collapse_monitoring/val_predictions_epoch75.npy
  Gradient norms:
    lstm_encoder: 0.042572
    lstm_decoder: 0.010777
    multihead_attn: 0.002461
    output_layer: 0.100348
  VSN output std:
    encoder: 0.228982
  Attention entropy: 2.955863
  Saved to: experiments/02b_vintage_sweep/baseline_h14_drop0.25/collapse_monitoring/collapse_monitor_epoch75.json
Epoch 76: val_loss=0.3981330990791321
Epoch 76: train_loss=0.4198048412799835

[CollapseMonitor] Epoch 76
  [DEBUG] Processed 21 batches from val_dataloader
  [DEBUG] Predictions shape after concat: (1282,)
  [DEBUG] All predictions list length: 21
  [DEBUG] First batch shape: (64,)
  Pred std: 0.039027, range: 0.292355, mean: 0.044975
  Pos: 100.0%, Neg: 0.0%, Unique: 1264
  Saved validation predictions to: experiments/02b_vintage_sweep/baseline_h14_drop0.25/collapse_monitoring/val_predictions_epoch76.npy
  Gradient norms:
    lstm_encoder: 0.043282
    lstm_decoder: 0.010065
    multihead_attn: 0.002530
    output_layer: 0.089614
  VSN output std:
    encoder: 0.226815
  Attention entropy: 2.955375
  Saved to: experiments/02b_vintage_sweep/baseline_h14_drop0.25/collapse_monitoring/collapse_monitor_epoch76.json
Epoch 77: val_loss=0.39784765243530273
Epoch 77: train_loss=0.41922876238822937

[CollapseMonitor] Epoch 77
  [DEBUG] Processed 21 batches from val_dataloader
  [DEBUG] Predictions shape after concat: (1282,)
  [DEBUG] All predictions list length: 21
  [DEBUG] First batch shape: (64,)
  Pred std: 0.040205, range: 0.294915, mean: 0.049434
  Pos: 100.0%, Neg: 0.0%, Unique: 1269
  Saved validation predictions to: experiments/02b_vintage_sweep/baseline_h14_drop0.25/collapse_monitoring/val_predictions_epoch77.npy
  Gradient norms:
    lstm_encoder: 0.043678
    lstm_decoder: 0.010653
    multihead_attn: 0.002525
    output_layer: 0.098290
  VSN output std:
    encoder: 0.229425
  Attention entropy: 2.954016
  Saved to: experiments/02b_vintage_sweep/baseline_h14_drop0.25/collapse_monitoring/collapse_monitor_epoch77.json
Epoch 78: val_loss=0.39738109707832336
Epoch 78: train_loss=0.42083537578582764

[CollapseMonitor] Epoch 78
  [DEBUG] Processed 21 batches from val_dataloader
  [DEBUG] Predictions shape after concat: (1282,)
  [DEBUG] All predictions list length: 21
  [DEBUG] First batch shape: (64,)
  Pred std: 0.040631, range: 0.291827, mean: 0.054671
  Pos: 100.0%, Neg: 0.0%, Unique: 1268
  Saved validation predictions to: experiments/02b_vintage_sweep/baseline_h14_drop0.25/collapse_monitoring/val_predictions_epoch78.npy
  Gradient norms:
    lstm_encoder: 0.042466
    lstm_decoder: 0.011068
    multihead_attn: 0.002401
    output_layer: 0.093320
  VSN output std:
    encoder: 0.225289
  Attention entropy: 2.953743
  Saved to: experiments/02b_vintage_sweep/baseline_h14_drop0.25/collapse_monitoring/collapse_monitor_epoch78.json
Epoch 79: val_loss=0.3971942365169525
Epoch 79: train_loss=0.42043593525886536

[CollapseMonitor] Epoch 79
  [DEBUG] Processed 21 batches from val_dataloader
  [DEBUG] Predictions shape after concat: (1282,)
  [DEBUG] All predictions list length: 21
  [DEBUG] First batch shape: (64,)
  Pred std: 0.041696, range: 0.294924, mean: 0.061313
  Pos: 100.0%, Neg: 0.0%, Unique: 1268
  Saved validation predictions to: experiments/02b_vintage_sweep/baseline_h14_drop0.25/collapse_monitoring/val_predictions_epoch79.npy
  Gradient norms:
    lstm_encoder: 0.046087
    lstm_decoder: 0.011711
    multihead_attn: 0.002543
    output_layer: 0.094145
  VSN output std:
    encoder: 0.224103
  Attention entropy: 2.953812
  Saved to: experiments/02b_vintage_sweep/baseline_h14_drop0.25/collapse_monitoring/collapse_monitor_epoch79.json
Epoch 80: val_loss=0.3971722722053528
Epoch 80: train_loss=0.4200234115123749

[CollapseMonitor] Epoch 80
  [DEBUG] Processed 21 batches from val_dataloader
  [DEBUG] Predictions shape after concat: (1282,)
  [DEBUG] All predictions list length: 21
  [DEBUG] First batch shape: (64,)
  Pred std: 0.042624, range: 0.302309, mean: 0.057448
  Pos: 100.0%, Neg: 0.0%, Unique: 1268
  Saved validation predictions to: experiments/02b_vintage_sweep/baseline_h14_drop0.25/collapse_monitoring/val_predictions_epoch80.npy
  Gradient norms:
    lstm_encoder: 0.044274
    lstm_decoder: 0.010756
    multihead_attn: 0.002353
    output_layer: 0.094232
  VSN output std:
    encoder: 0.226716
  Attention entropy: 2.952636
  Saved to: experiments/02b_vintage_sweep/baseline_h14_drop0.25/collapse_monitoring/collapse_monitor_epoch80.json
Epoch 81: val_loss=0.39737948775291443
Epoch 81: train_loss=0.41961783170700073

[CollapseMonitor] Epoch 81
  [DEBUG] Processed 21 batches from val_dataloader
  [DEBUG] Predictions shape after concat: (1282,)
  [DEBUG] All predictions list length: 21
  [DEBUG] First batch shape: (64,)
  Pred std: 0.041881, range: 0.302297, mean: 0.051443
  Pos: 100.0%, Neg: 0.0%, Unique: 1272
  Saved validation predictions to: experiments/02b_vintage_sweep/baseline_h14_drop0.25/collapse_monitoring/val_predictions_epoch81.npy
  Gradient norms:
    lstm_encoder: 0.046620
    lstm_decoder: 0.011376
    multihead_attn: 0.002287
    output_layer: 0.093366
  VSN output std:
    encoder: 0.223386
  Attention entropy: 2.952203
  Saved to: experiments/02b_vintage_sweep/baseline_h14_drop0.25/collapse_monitoring/collapse_monitor_epoch81.json
Epoch 82: val_loss=0.39730700850486755
Epoch 82: train_loss=0.4201821982860565

[CollapseMonitor] Epoch 82
  [DEBUG] Processed 21 batches from val_dataloader
  [DEBUG] Predictions shape after concat: (1282,)
  [DEBUG] All predictions list length: 21
  [DEBUG] First batch shape: (64,)
  Pred std: 0.042546, range: 0.305175, mean: 0.055402
  Pos: 100.0%, Neg: 0.0%, Unique: 1262
  Saved validation predictions to: experiments/02b_vintage_sweep/baseline_h14_drop0.25/collapse_monitoring/val_predictions_epoch82.npy
  Gradient norms:
    lstm_encoder: 0.042194
    lstm_decoder: 0.010119
    multihead_attn: 0.002501
    output_layer: 0.084628
  VSN output std:
    encoder: 0.223952
  Attention entropy: 2.952360
  Saved to: experiments/02b_vintage_sweep/baseline_h14_drop0.25/collapse_monitoring/collapse_monitor_epoch82.json
Epoch 83: val_loss=0.39709222316741943
Epoch 83: train_loss=0.41982054710388184

[CollapseMonitor] Epoch 83
  [DEBUG] Processed 21 batches from val_dataloader
  [DEBUG] Predictions shape after concat: (1282,)
  [DEBUG] All predictions list length: 21
  [DEBUG] First batch shape: (64,)
  Pred std: 0.042240, range: 0.303086, mean: 0.052425
  Pos: 100.0%, Neg: 0.0%, Unique: 1268
  Saved validation predictions to: experiments/02b_vintage_sweep/baseline_h14_drop0.25/collapse_monitoring/val_predictions_epoch83.npy
  Gradient norms:
    lstm_encoder: 0.045800
    lstm_decoder: 0.010736
    multihead_attn: 0.002395
    output_layer: 0.089340
  VSN output std:
    encoder: 0.226067
  Attention entropy: 2.951663
  Saved to: experiments/02b_vintage_sweep/baseline_h14_drop0.25/collapse_monitoring/collapse_monitor_epoch83.json
Epoch 84: val_loss=0.3970073163509369
Epoch 84: train_loss=0.41966360807418823

[CollapseMonitor] Epoch 84
  [DEBUG] Processed 21 batches from val_dataloader
  [DEBUG] Predictions shape after concat: (1282,)
  [DEBUG] All predictions list length: 21
  [DEBUG] First batch shape: (64,)
  Pred std: 0.043293, range: 0.311311, mean: 0.053322
  Pos: 100.0%, Neg: 0.0%, Unique: 1269
  Saved validation predictions to: experiments/02b_vintage_sweep/baseline_h14_drop0.25/collapse_monitoring/val_predictions_epoch84.npy
  Gradient norms:
    lstm_encoder: 0.049776
    lstm_decoder: 0.011713
    multihead_attn: 0.002555
    output_layer: 0.093322
  VSN output std:
    encoder: 0.227358
  Attention entropy: 2.951873
  Saved to: experiments/02b_vintage_sweep/baseline_h14_drop0.25/collapse_monitoring/collapse_monitor_epoch84.json
Epoch 85: val_loss=0.3974708020687103
Epoch 85: train_loss=0.4185563027858734

[CollapseMonitor] Epoch 85
  [DEBUG] Processed 21 batches from val_dataloader
  [DEBUG] Predictions shape after concat: (1282,)
  [DEBUG] All predictions list length: 21
  [DEBUG] First batch shape: (64,)
  Pred std: 0.041596, range: 0.304536, mean: 0.051433
  Pos: 100.0%, Neg: 0.0%, Unique: 1259
  Saved validation predictions to: experiments/02b_vintage_sweep/baseline_h14_drop0.25/collapse_monitoring/val_predictions_epoch85.npy
  Gradient norms:
    lstm_encoder: 0.047136
    lstm_decoder: 0.011799
    multihead_attn: 0.002532
    output_layer: 0.095964
  VSN output std:
    encoder: 0.225230
  Attention entropy: 2.951358
  Saved to: experiments/02b_vintage_sweep/baseline_h14_drop0.25/collapse_monitoring/collapse_monitor_epoch85.json
Epoch 86: val_loss=0.39697352051734924
Epoch 86: train_loss=0.41919493675231934

[CollapseMonitor] Epoch 86
  [DEBUG] Processed 21 batches from val_dataloader
  [DEBUG] Predictions shape after concat: (1282,)
  [DEBUG] All predictions list length: 21
  [DEBUG] First batch shape: (64,)
  Pred std: 0.042463, range: 0.303503, mean: 0.053906
  Pos: 100.0%, Neg: 0.0%, Unique: 1269
  Saved validation predictions to: experiments/02b_vintage_sweep/baseline_h14_drop0.25/collapse_monitoring/val_predictions_epoch86.npy
  Gradient norms:
    lstm_encoder: 0.045673
    lstm_decoder: 0.011639
    multihead_attn: 0.002420
    output_layer: 0.097799
  VSN output std:
    encoder: 0.225910
  Attention entropy: 2.951082
  Saved to: experiments/02b_vintage_sweep/baseline_h14_drop0.25/collapse_monitoring/collapse_monitor_epoch86.json
Epoch 87: val_loss=0.39683762192726135
Epoch 87: train_loss=0.42070087790489197

[CollapseMonitor] Epoch 87
  [DEBUG] Processed 21 batches from val_dataloader
  [DEBUG] Predictions shape after concat: (1282,)
  [DEBUG] All predictions list length: 21
  [DEBUG] First batch shape: (64,)
  Pred std: 0.041139, range: 0.296156, mean: 0.051555
  Pos: 100.0%, Neg: 0.0%, Unique: 1267
  Saved validation predictions to: experiments/02b_vintage_sweep/baseline_h14_drop0.25/collapse_monitoring/val_predictions_epoch87.npy
  Gradient norms:
    lstm_encoder: 0.042407
    lstm_decoder: 0.010711
    multihead_attn: 0.002445
    output_layer: 0.091122
  VSN output std:
    encoder: 0.227095
  Attention entropy: 2.950700
  Saved to: experiments/02b_vintage_sweep/baseline_h14_drop0.25/collapse_monitoring/collapse_monitor_epoch87.json
Epoch 88: val_loss=0.397197425365448
Epoch 88: train_loss=0.42090800404548645

[CollapseMonitor] Epoch 88
  [DEBUG] Processed 21 batches from val_dataloader
  [DEBUG] Predictions shape after concat: (1282,)
  [DEBUG] All predictions list length: 21
  [DEBUG] First batch shape: (64,)
  Pred std: 0.039842, range: 0.291965, mean: 0.056250
  Pos: 100.0%, Neg: 0.0%, Unique: 1269
  Saved validation predictions to: experiments/02b_vintage_sweep/baseline_h14_drop0.25/collapse_monitoring/val_predictions_epoch88.npy
  Gradient norms:
    lstm_encoder: 0.046985
    lstm_decoder: 0.011081
    multihead_attn: 0.002443
    output_layer: 0.098825
  VSN output std:
    encoder: 0.225939
  Attention entropy: 2.949942
  Saved to: experiments/02b_vintage_sweep/baseline_h14_drop0.25/collapse_monitoring/collapse_monitor_epoch88.json
Epoch 89: val_loss=0.3966664671897888
Epoch 89: train_loss=0.4184948205947876

[CollapseMonitor] Epoch 89
  [DEBUG] Processed 21 batches from val_dataloader
  [DEBUG] Predictions shape after concat: (1282,)
  [DEBUG] All predictions list length: 21
  [DEBUG] First batch shape: (64,)
  Pred std: 0.041532, range: 0.298232, mean: 0.059916
  Pos: 100.0%, Neg: 0.0%, Unique: 1273
  Saved validation predictions to: experiments/02b_vintage_sweep/baseline_h14_drop0.25/collapse_monitoring/val_predictions_epoch89.npy
  Gradient norms:
    lstm_encoder: 0.042808
    lstm_decoder: 0.010543
    multihead_attn: 0.002586
    output_layer: 0.092547
  VSN output std:
    encoder: 0.226374
  Attention entropy: 2.949280
  Saved to: experiments/02b_vintage_sweep/baseline_h14_drop0.25/collapse_monitoring/collapse_monitor_epoch89.json
Epoch 90: val_loss=0.3966413736343384
Epoch 90: train_loss=0.41885238885879517

[CollapseMonitor] Epoch 90
  [DEBUG] Processed 21 batches from val_dataloader
  [DEBUG] Predictions shape after concat: (1282,)
  [DEBUG] All predictions list length: 21
  [DEBUG] First batch shape: (64,)
  Pred std: 0.042024, range: 0.299256, mean: 0.054457
  Pos: 100.0%, Neg: 0.0%, Unique: 1272
  Saved validation predictions to: experiments/02b_vintage_sweep/baseline_h14_drop0.25/collapse_monitoring/val_predictions_epoch90.npy
  Gradient norms:
    lstm_encoder: 0.051514
    lstm_decoder: 0.011538
    multihead_attn: 0.002566
    output_layer: 0.092761
  VSN output std:
    encoder: 0.227437
  Attention entropy: 2.949348
  Saved to: experiments/02b_vintage_sweep/baseline_h14_drop0.25/collapse_monitoring/collapse_monitor_epoch90.json
Epoch 91: val_loss=0.3967335522174835
Epoch 91: train_loss=0.4201495051383972

[CollapseMonitor] Epoch 91
  [DEBUG] Processed 21 batches from val_dataloader
  [DEBUG] Predictions shape after concat: (1282,)
  [DEBUG] All predictions list length: 21
  [DEBUG] First batch shape: (64,)
  Pred std: 0.040878, range: 0.292211, mean: 0.056615
  Pos: 100.0%, Neg: 0.0%, Unique: 1270
  Saved validation predictions to: experiments/02b_vintage_sweep/baseline_h14_drop0.25/collapse_monitoring/val_predictions_epoch91.npy
  Gradient norms:
    lstm_encoder: 0.045466
    lstm_decoder: 0.010776
    multihead_attn: 0.002628
    output_layer: 0.091293
  VSN output std:
    encoder: 0.227601
  Attention entropy: 2.949982
  Saved to: experiments/02b_vintage_sweep/baseline_h14_drop0.25/collapse_monitoring/collapse_monitor_epoch91.json
Epoch 92: val_loss=0.3969157040119171
Epoch 92: train_loss=0.41956743597984314

[CollapseMonitor] Epoch 92
  [DEBUG] Processed 21 batches from val_dataloader
  [DEBUG] Predictions shape after concat: (1282,)
  [DEBUG] All predictions list length: 21
  [DEBUG] First batch shape: (64,)
  Pred std: 0.040012, range: 0.294325, mean: 0.050869
  Pos: 100.0%, Neg: 0.0%, Unique: 1266
  Saved validation predictions to: experiments/02b_vintage_sweep/baseline_h14_drop0.25/collapse_monitoring/val_predictions_epoch92.npy
  Gradient norms:
    lstm_encoder: 0.047735
    lstm_decoder: 0.010902
    multihead_attn: 0.002482
    output_layer: 0.089701
  VSN output std:
    encoder: 0.228013
  Attention entropy: 2.950076
  Saved to: experiments/02b_vintage_sweep/baseline_h14_drop0.25/collapse_monitoring/collapse_monitor_epoch92.json
Epoch 93: val_loss=0.39697620272636414
Epoch 93: train_loss=0.419328898191452

[CollapseMonitor] Epoch 93
  [DEBUG] Processed 21 batches from val_dataloader
  [DEBUG] Predictions shape after concat: (1282,)
  [DEBUG] All predictions list length: 21
  [DEBUG] First batch shape: (64,)
  Pred std: 0.038684, range: 0.290894, mean: 0.050352
  Pos: 100.0%, Neg: 0.0%, Unique: 1274
  Saved validation predictions to: experiments/02b_vintage_sweep/baseline_h14_drop0.25/collapse_monitoring/val_predictions_epoch93.npy
  Gradient norms:
    lstm_encoder: 0.048525
    lstm_decoder: 0.011757
    multihead_attn: 0.002639
    output_layer: 0.093793
  VSN output std:
    encoder: 0.227522
  Attention entropy: 2.949332
  Saved to: experiments/02b_vintage_sweep/baseline_h14_drop0.25/collapse_monitoring/collapse_monitor_epoch93.json
Epoch 94: val_loss=0.3966439962387085
Epoch 94: train_loss=0.41901108622550964

[CollapseMonitor] Epoch 94
  [DEBUG] Processed 21 batches from val_dataloader
  [DEBUG] Predictions shape after concat: (1282,)
  [DEBUG] All predictions list length: 21
  [DEBUG] First batch shape: (64,)
  Pred std: 0.039562, range: 0.290427, mean: 0.061585
  Pos: 100.0%, Neg: 0.0%, Unique: 1269
  Saved validation predictions to: experiments/02b_vintage_sweep/baseline_h14_drop0.25/collapse_monitoring/val_predictions_epoch94.npy
  Gradient norms:
    lstm_encoder: 0.045815
    lstm_decoder: 0.010891
    multihead_attn: 0.002353
    output_layer: 0.090712
  VSN output std:
    encoder: 0.227793
  Attention entropy: 2.949440
  Saved to: experiments/02b_vintage_sweep/baseline_h14_drop0.25/collapse_monitoring/collapse_monitor_epoch94.json
Epoch 95: val_loss=0.3966734707355499
Epoch 95: train_loss=0.4205819368362427

[CollapseMonitor] Epoch 95
  [DEBUG] Processed 21 batches from val_dataloader
  [DEBUG] Predictions shape after concat: (1282,)
  [DEBUG] All predictions list length: 21
  [DEBUG] First batch shape: (64,)
  Pred std: 0.039446, range: 0.288597, mean: 0.062163
  Pos: 100.0%, Neg: 0.0%, Unique: 1271
  Saved validation predictions to: experiments/02b_vintage_sweep/baseline_h14_drop0.25/collapse_monitoring/val_predictions_epoch95.npy
  Gradient norms:
    lstm_encoder: 0.047914
    lstm_decoder: 0.011516
    multihead_attn: 0.002576
    output_layer: 0.091233
  VSN output std:
    encoder: 0.226555
  Attention entropy: 2.949247
  Saved to: experiments/02b_vintage_sweep/baseline_h14_drop0.25/collapse_monitoring/collapse_monitor_epoch95.json
Epoch 96: val_loss=0.3968352675437927
Epoch 96: train_loss=0.4193832278251648

[CollapseMonitor] Epoch 96
  [DEBUG] Processed 21 batches from val_dataloader
  [DEBUG] Predictions shape after concat: (1282,)
  [DEBUG] All predictions list length: 21
  [DEBUG] First batch shape: (64,)
  Pred std: 0.038793, range: 0.289724, mean: 0.056949
  Pos: 100.0%, Neg: 0.0%, Unique: 1266
  Saved validation predictions to: experiments/02b_vintage_sweep/baseline_h14_drop0.25/collapse_monitoring/val_predictions_epoch96.npy
  Gradient norms:
    lstm_encoder: 0.045594
    lstm_decoder: 0.011238
    multihead_attn: 0.002487
    output_layer: 0.092630
  VSN output std:
    encoder: 0.227438
  Attention entropy: 2.949179
  Saved to: experiments/02b_vintage_sweep/baseline_h14_drop0.25/collapse_monitoring/collapse_monitor_epoch96.json
Epoch 97: val_loss=0.39684462547302246
Epoch 97: train_loss=0.41941824555397034

[CollapseMonitor] Epoch 97
  [DEBUG] Processed 21 batches from val_dataloader
  [DEBUG] Predictions shape after concat: (1282,)
  [DEBUG] All predictions list length: 21
  [DEBUG] First batch shape: (64,)
  Pred std: 0.039155, range: 0.291249, mean: 0.057061
  Pos: 100.0%, Neg: 0.0%, Unique: 1266
  Saved validation predictions to: experiments/02b_vintage_sweep/baseline_h14_drop0.25/collapse_monitoring/val_predictions_epoch97.npy
  Gradient norms:
    lstm_encoder: 0.044217
    lstm_decoder: 0.010782
    multihead_attn: 0.002457
    output_layer: 0.085780
  VSN output std:
    encoder: 0.227125
  Attention entropy: 2.949048
  Saved to: experiments/02b_vintage_sweep/baseline_h14_drop0.25/collapse_monitoring/collapse_monitor_epoch97.json
Epoch 98: val_loss=0.3968457877635956
Epoch 98: train_loss=0.41975152492523193

[CollapseMonitor] Epoch 98
  [DEBUG] Processed 21 batches from val_dataloader
  [DEBUG] Predictions shape after concat: (1282,)
  [DEBUG] All predictions list length: 21
  [DEBUG] First batch shape: (64,)
  Pred std: 0.039047, range: 0.289893, mean: 0.054681
  Pos: 100.0%, Neg: 0.0%, Unique: 1265
  Saved validation predictions to: experiments/02b_vintage_sweep/baseline_h14_drop0.25/collapse_monitoring/val_predictions_epoch98.npy
  Gradient norms:
    lstm_encoder: 0.048636
    lstm_decoder: 0.011646
    multihead_attn: 0.002592
    output_layer: 0.105471
  VSN output std:
    encoder: 0.226742
  Attention entropy: 2.949274
  Saved to: experiments/02b_vintage_sweep/baseline_h14_drop0.25/collapse_monitoring/collapse_monitor_epoch98.json
Epoch 99: val_loss=0.3968795835971832
Epoch 99: train_loss=0.419402539730072

[CollapseMonitor] Epoch 99
  [DEBUG] Processed 21 batches from val_dataloader
  [DEBUG] Predictions shape after concat: (1282,)
  [DEBUG] All predictions list length: 21
  [DEBUG] First batch shape: (64,)
  Pred std: 0.039174, range: 0.292648, mean: 0.054536
  Pos: 100.0%, Neg: 0.0%, Unique: 1269
  Saved validation predictions to: experiments/02b_vintage_sweep/baseline_h14_drop0.25/collapse_monitoring/val_predictions_epoch99.npy
  Gradient norms:
    lstm_encoder: 0.049183
    lstm_decoder: 0.011633
    multihead_attn: 0.002579
    output_layer: 0.096974
  VSN output std:
    encoder: 0.227652
  Attention entropy: 2.949204
  Saved to: experiments/02b_vintage_sweep/baseline_h14_drop0.25/collapse_monitoring/collapse_monitor_epoch99.json


======================================================================
Training complete
======================================================================

Best model checkpoint: experiments/02b_vintage_sweep/baseline_h14_drop0.25/checkpoints/tft-epoch=90-val_loss=0.3966.ckpt
Best validation loss: 0.396641
Completed at: 2025-11-22 16:40:16
Log saved to: experiments/02b_vintage_sweep/baseline_h14_drop0.25/training_20251122_155848.log
======================================================================
