Logging to: experiments/06a_weekly_sweep/h8_enc8_d015_bs32/attention_analysis_year/attention_analysis_20251129_214210.log
Analysis started at: 2025-11-29 21:42:10
======================================================================
Experiment: 06a_weekly_sweep/h8_enc8_d015_bs32
Output directory: experiments/06a_weekly_sweep/h8_enc8_d015_bs32/attention_analysis_year
Using best checkpoint: experiments/06a_weekly_sweep/h8_enc8_d015_bs32/checkpoints/tft-epoch=epoch=94-valloss=val_loss=0.9160.ckpt

Loading data...
Loading test data from: data/splits/vintage/core_proposal_weekly_vintage_test.csv
  Train samples: 1269
  Test samples: 273

Preparing test dataset...
Test dataset size after filtering: 265

Loading model...
Loading model from: experiments/06a_weekly_sweep/h8_enc8_d015_bs32/checkpoints/tft-epoch=epoch=94-valloss=val_loss=0.9160.ckpt
  Loaded baseline model, moved to device: cuda

Extracting attention patterns...
Extracting attention patterns...
Total batches to process: 3

Total predictions: 265
Total actuals: 265
Attention shape: (265, 8)
Encoder variables shape: (265, 5)

Prediction period: 2020-09-18T00:00:00.000000000 to 2025-10-10T00:00:00.000000000
Total predictions: 265

Creating temporal periods:
  2020: 15 samples
  2021: 53 samples
  2022: 52 samples
  2023: 52 samples
  2024: 52 samples
  2025: 41 samples

Attention over 8 encoder timesteps

Analyzing attention patterns by period...

Comparing attention patterns across periods...

Creating visualizations...
Saved attention heatmap: experiments/06a_weekly_sweep/h8_enc8_d015_bs32/attention_analysis_year/attention_heatmap.png
Saved attention trends: experiments/06a_weekly_sweep/h8_enc8_d015_bs32/attention_analysis_year/attention_trends.png
Saved feature importance comparison: experiments/06a_weekly_sweep/h8_enc8_d015_bs32/attention_analysis_year/temporal_attention_comparison.png

Saving results...
Saved results: experiments/06a_weekly_sweep/h8_enc8_d015_bs32/attention_analysis_year/attention_analysis_results.json

======================================================================
ATTENTION ANALYSIS SUMMARY
======================================================================

Per-Period Statistics:
----------------------------------------------------------------------

2020:
  Samples: 15
  Entropy: 2.0485 +/- 0.0136
  Concentration: 0.1254
  Top 5 features:
    t-2                            0.1315
    t-3                            0.1302
    t-4                            0.1294
    t-1                            0.1277
    t-5                            0.1274

2021:
  Samples: 53
  Entropy: 2.0591 +/- 0.0235
  Concentration: 0.1253
  Top 5 features:
    t-3                            0.1304
    t-2                            0.1303
    t-1                            0.1301
    t-4                            0.1296
    t-5                            0.1257

2022:
  Samples: 52
  Entropy: 2.0440 +/- 0.0222
  Concentration: 0.1261
  Top 5 features:
    t-1                            0.1412
    t-2                            0.1363
    t-3                            0.1316
    t-4                            0.1278
    t-5                            0.1261

2023:
  Samples: 52
  Entropy: 2.0678 +/- 0.0106
  Concentration: 0.1259
  Top 5 features:
    t-1                            0.1341
    t-2                            0.1339
    t-3                            0.1335
    t-4                            0.1315
    t-5                            0.1278

2024:
  Samples: 52
  Entropy: 2.0472 +/- 0.0568
  Concentration: 0.1259
  Top 5 features:
    t-1                            0.1360
    t-2                            0.1338
    t-3                            0.1331
    t-4                            0.1310
    t-5                            0.1271

2025:
  Samples: 41
  Entropy: 2.0434 +/- 0.0377
  Concentration: 0.1255
  Top 5 features:
    t-1                            0.1352
    t-2                            0.1329
    t-3                            0.1309
    t-4                            0.1280
    t-5                            0.1244

----------------------------------------------------------------------
Period Comparisons:
----------------------------------------------------------------------

2020_vs_2021:
  Cosine similarity: 0.9998
  L2 distance: 0.0068
  Entropy change: 0.0106
  Concentration change: -0.0001

2020_vs_2022:
  Cosine similarity: 0.9988
  L2 distance: 0.0177
  Entropy change: -0.0045
  Concentration change: 0.0007

2020_vs_2023:
  Cosine similarity: 0.9994
  L2 distance: 0.0118
  Entropy change: 0.0192
  Concentration change: 0.0005

2020_vs_2024:
  Cosine similarity: 0.9993
  L2 distance: 0.0129
  Entropy change: -0.0013
  Concentration change: 0.0005

2020_vs_2025:
  Cosine similarity: 0.9995
  L2 distance: 0.0107
  Entropy change: -0.0051
  Concentration change: 0.0001

2021_vs_2022:
  Cosine similarity: 0.9988
  L2 distance: 0.0177
  Entropy change: -0.0151
  Concentration change: 0.0008

2021_vs_2023:
  Cosine similarity: 0.9993
  L2 distance: 0.0128
  Entropy change: 0.0087
  Concentration change: 0.0006

2021_vs_2024:
  Cosine similarity: 0.9993
  L2 distance: 0.0129
  Entropy change: -0.0119
  Concentration change: 0.0006

2021_vs_2025:
  Cosine similarity: 0.9998
  L2 distance: 0.0068
  Entropy change: -0.0157
  Concentration change: 0.0002

2022_vs_2023:
  Cosine similarity: 0.9997
  L2 distance: 0.0089
  Entropy change: 0.0237
  Concentration change: -0.0002

2022_vs_2024:
  Cosine similarity: 0.9998
  L2 distance: 0.0071
  Entropy change: 0.0032
  Concentration change: -0.0002

2022_vs_2025:
  Cosine similarity: 0.9994
  L2 distance: 0.0123
  Entropy change: -0.0006
  Concentration change: -0.0006

2023_vs_2024:
  Cosine similarity: 1.0000
  L2 distance: 0.0025
  Entropy change: -0.0206
  Concentration change: 0.0000

2023_vs_2025:
  Cosine similarity: 0.9996
  L2 distance: 0.0106
  Entropy change: -0.0243
  Concentration change: -0.0004

2024_vs_2025:
  Cosine similarity: 0.9997
  L2 distance: 0.0094
  Entropy change: -0.0038
  Concentration change: -0.0004

======================================================================

Analysis complete!
Results saved to: experiments/06a_weekly_sweep/h8_enc8_d015_bs32/attention_analysis_year
  - attention_analysis_results.json
  - attention_heatmap.png
  - attention_trends.png
  - temporal_attention_comparison.png
