2025-12-14 17:36:12 | INFO     | ================================================================================
2025-12-14 17:36:12 | INFO     | ROLLING WINDOW EVALUATION
2025-12-14 17:36:12 | INFO     | ================================================================================
2025-12-14 17:36:12 | INFO     | Started at: 2025-12-14 17:36:12
2025-12-14 17:36:12 | INFO     | Log file: experiments/12c_multi_horizon/macro_heavy_daily_3q_h20_d025/12c_multi_horizon_macro_heavy_daily_3q_h20_d025_rolling_20251214_173612.log
2025-12-14 17:36:12 | INFO     | 
2025-12-14 17:36:12 | INFO     | Configuration:
2025-12-14 17:36:12 | INFO     |   Mode: rolling
2025-12-14 17:36:12 | INFO     |   Train years: 10
2025-12-14 17:36:12 | INFO     |   Val years: 1
2025-12-14 17:36:12 | INFO     |   Test years: 1
2025-12-14 17:36:12 | INFO     |   Step years: 1
2025-12-14 17:36:12 | INFO     |   Test range: 2016 - 2024
2025-12-14 17:36:12 | INFO     |   Feature set: macro_heavy
2025-12-14 17:36:12 | INFO     |   Frequency: daily
2025-12-14 17:36:12 | INFO     |   Alignment: vintage
2025-12-14 17:36:12 | INFO     |   Enhanced: False
2025-12-14 17:36:12 | INFO     |   Experiment prefix: 12c_multi_horizon/macro_heavy_daily_3q_h20_d025
2025-12-14 17:36:12 | INFO     |   Dry run: False
2025-12-14 17:36:12 | INFO     | 
2025-12-14 17:36:12 | INFO     | ================================================================================
2025-12-14 17:36:12 | INFO     | FOLD SUMMARY
2025-12-14 17:36:12 | INFO     | ================================================================================
2025-12-14 17:36:12 | INFO     | Fold         Train                     Val                       Test                      Train Yrs 
2025-12-14 17:36:12 | INFO     | --------------------------------------------------------------------------------
2025-12-14 17:36:12 | INFO     | fold_2016    2005-01-01 to 2014-12-31  2015-01-01 to 2015-12-31  2016-01-01 to 2016-12-31  10        
2025-12-14 17:36:12 | INFO     | fold_2017    2006-01-01 to 2015-12-31  2016-01-01 to 2016-12-31  2017-01-01 to 2017-12-31  10        
2025-12-14 17:36:12 | INFO     | fold_2018    2007-01-01 to 2016-12-31  2017-01-01 to 2017-12-31  2018-01-01 to 2018-12-31  10        
2025-12-14 17:36:12 | INFO     | fold_2019    2008-01-01 to 2017-12-31  2018-01-01 to 2018-12-31  2019-01-01 to 2019-12-31  10        
2025-12-14 17:36:12 | INFO     | fold_2020    2009-01-01 to 2018-12-31  2019-01-01 to 2019-12-31  2020-01-01 to 2020-12-31  10        
2025-12-14 17:36:12 | INFO     | fold_2021    2010-01-01 to 2019-12-31  2020-01-01 to 2020-12-31  2021-01-01 to 2021-12-31  10        
2025-12-14 17:36:12 | INFO     | fold_2022    2011-01-01 to 2020-12-31  2021-01-01 to 2021-12-31  2022-01-01 to 2022-12-31  10        
2025-12-14 17:36:12 | INFO     | fold_2023    2012-01-01 to 2021-12-31  2022-01-01 to 2022-12-31  2023-01-01 to 2023-12-31  10        
2025-12-14 17:36:12 | INFO     | fold_2024    2013-01-01 to 2022-12-31  2023-01-01 to 2023-12-31  2024-01-01 to 2024-12-31  10        
2025-12-14 17:36:12 | INFO     | ================================================================================
2025-12-14 17:36:12 | INFO     | Total folds: 9
2025-12-14 17:36:12 | INFO     | ================================================================================

2025-12-14 17:36:12 | INFO     | Saved folds configuration to: experiments/12c_multi_horizon/macro_heavy_daily_3q_h20_d025/folds_config.json
2025-12-14 17:36:12 | INFO     | 
[FOLD 1/9]
2025-12-14 17:36:12 | INFO     | 
2025-12-14 17:36:12 | INFO     | ================================================================================
2025-12-14 17:36:12 | INFO     | PROCESSING FOLD_2016
2025-12-14 17:36:12 | INFO     |   Test period: 2016-01-01 to 2016-12-31
2025-12-14 17:36:12 | INFO     |   Training samples: ~10 years
2025-12-14 17:36:12 | INFO     | ================================================================================
2025-12-14 17:36:12 | INFO     |   Splits already exist for fold_2016, skipping creation
2025-12-14 17:36:12 | INFO     | [CMD] Training fold_2016
2025-12-14 17:36:12 | DEBUG    |   python train/train_tft.py --experiment-name 12c_multi_horizon/macro_heavy_daily_3q_h20_d025/fold_2016 --feature-set macro_heavy --frequency daily --alignment vintage --splits-dir data/splits/rolling/fold_2016 --seed 42 --hidden-size 16 --attention-heads 2 --dropout 0.25 --max-encoder-length 20 --quantiles 3q --max-prediction-length 20 --learning-rate 0.0005 --batch-size 64 --max-epochs 100 --early-stop-patience 100 --gradient-clip 0.1
2025-12-14 17:49:59 | INFO     |   [OK] Completed successfully
2025-12-14 17:49:59 | INFO     | [CMD] Evaluating fold_2016
2025-12-14 17:49:59 | DEBUG    |   python train/evaluate_tft.py --experiment-name 12c_multi_horizon/macro_heavy_daily_3q_h20_d025/fold_2016 --batch-size 128
2025-12-14 17:50:06 | INFO     |   [OK] Completed successfully
2025-12-14 17:50:06 | INFO     |   [OK] fold_2016 completed successfully
2025-12-14 17:50:06 | INFO     | 
[FOLD 2/9]
2025-12-14 17:50:06 | INFO     | 
2025-12-14 17:50:06 | INFO     | ================================================================================
2025-12-14 17:50:06 | INFO     | PROCESSING FOLD_2017
2025-12-14 17:50:06 | INFO     |   Test period: 2017-01-01 to 2017-12-31
2025-12-14 17:50:06 | INFO     |   Training samples: ~10 years
2025-12-14 17:50:06 | INFO     | ================================================================================
2025-12-14 17:50:06 | INFO     |   Splits already exist for fold_2017, skipping creation
2025-12-14 17:50:06 | INFO     | [CMD] Training fold_2017
2025-12-14 17:50:06 | DEBUG    |   python train/train_tft.py --experiment-name 12c_multi_horizon/macro_heavy_daily_3q_h20_d025/fold_2017 --feature-set macro_heavy --frequency daily --alignment vintage --splits-dir data/splits/rolling/fold_2017 --seed 42 --hidden-size 16 --attention-heads 2 --dropout 0.25 --max-encoder-length 20 --quantiles 3q --max-prediction-length 20 --learning-rate 0.0005 --batch-size 64 --max-epochs 100 --early-stop-patience 100 --gradient-clip 0.1
2025-12-14 18:04:09 | INFO     |   [OK] Completed successfully
2025-12-14 18:04:09 | INFO     | [CMD] Evaluating fold_2017
2025-12-14 18:04:09 | DEBUG    |   python train/evaluate_tft.py --experiment-name 12c_multi_horizon/macro_heavy_daily_3q_h20_d025/fold_2017 --batch-size 128
2025-12-14 18:04:16 | INFO     |   [OK] Completed successfully
2025-12-14 18:04:16 | INFO     |   [OK] fold_2017 completed successfully
2025-12-14 18:04:16 | INFO     | 
[FOLD 3/9]
2025-12-14 18:04:16 | INFO     | 
2025-12-14 18:04:16 | INFO     | ================================================================================
2025-12-14 18:04:16 | INFO     | PROCESSING FOLD_2018
2025-12-14 18:04:16 | INFO     |   Test period: 2018-01-01 to 2018-12-31
2025-12-14 18:04:16 | INFO     |   Training samples: ~10 years
2025-12-14 18:04:16 | INFO     | ================================================================================
2025-12-14 18:04:16 | INFO     |   Splits already exist for fold_2018, skipping creation
2025-12-14 18:04:16 | INFO     | [CMD] Training fold_2018
2025-12-14 18:04:16 | DEBUG    |   python train/train_tft.py --experiment-name 12c_multi_horizon/macro_heavy_daily_3q_h20_d025/fold_2018 --feature-set macro_heavy --frequency daily --alignment vintage --splits-dir data/splits/rolling/fold_2018 --seed 42 --hidden-size 16 --attention-heads 2 --dropout 0.25 --max-encoder-length 20 --quantiles 3q --max-prediction-length 20 --learning-rate 0.0005 --batch-size 64 --max-epochs 100 --early-stop-patience 100 --gradient-clip 0.1
2025-12-14 18:17:08 | INFO     |   [OK] Completed successfully
2025-12-14 18:17:08 | INFO     | [CMD] Evaluating fold_2018
2025-12-14 18:17:08 | DEBUG    |   python train/evaluate_tft.py --experiment-name 12c_multi_horizon/macro_heavy_daily_3q_h20_d025/fold_2018 --batch-size 128
2025-12-14 18:17:15 | INFO     |   [OK] Completed successfully
2025-12-14 18:17:15 | INFO     |   [OK] fold_2018 completed successfully
2025-12-14 18:17:15 | INFO     | 
[FOLD 4/9]
2025-12-14 18:17:15 | INFO     | 
2025-12-14 18:17:15 | INFO     | ================================================================================
2025-12-14 18:17:15 | INFO     | PROCESSING FOLD_2019
2025-12-14 18:17:15 | INFO     |   Test period: 2019-01-01 to 2019-12-31
2025-12-14 18:17:15 | INFO     |   Training samples: ~10 years
2025-12-14 18:17:15 | INFO     | ================================================================================
2025-12-14 18:17:15 | INFO     |   Splits already exist for fold_2019, skipping creation
2025-12-14 18:17:15 | INFO     | [CMD] Training fold_2019
2025-12-14 18:17:15 | DEBUG    |   python train/train_tft.py --experiment-name 12c_multi_horizon/macro_heavy_daily_3q_h20_d025/fold_2019 --feature-set macro_heavy --frequency daily --alignment vintage --splits-dir data/splits/rolling/fold_2019 --seed 42 --hidden-size 16 --attention-heads 2 --dropout 0.25 --max-encoder-length 20 --quantiles 3q --max-prediction-length 20 --learning-rate 0.0005 --batch-size 64 --max-epochs 100 --early-stop-patience 100 --gradient-clip 0.1
2025-12-14 18:29:37 | INFO     |   [OK] Completed successfully
2025-12-14 18:29:37 | INFO     | [CMD] Evaluating fold_2019
2025-12-14 18:29:37 | DEBUG    |   python train/evaluate_tft.py --experiment-name 12c_multi_horizon/macro_heavy_daily_3q_h20_d025/fold_2019 --batch-size 128
2025-12-14 18:29:43 | INFO     |   [OK] Completed successfully
2025-12-14 18:29:43 | INFO     |   [OK] fold_2019 completed successfully
2025-12-14 18:29:43 | INFO     | 
[FOLD 5/9]
2025-12-14 18:29:43 | INFO     | 
2025-12-14 18:29:43 | INFO     | ================================================================================
2025-12-14 18:29:43 | INFO     | PROCESSING FOLD_2020
2025-12-14 18:29:43 | INFO     |   Test period: 2020-01-01 to 2020-12-31
2025-12-14 18:29:43 | INFO     |   Training samples: ~10 years
2025-12-14 18:29:43 | INFO     | ================================================================================
2025-12-14 18:29:43 | INFO     |   Splits already exist for fold_2020, skipping creation
2025-12-14 18:29:43 | INFO     | [CMD] Training fold_2020
2025-12-14 18:29:43 | DEBUG    |   python train/train_tft.py --experiment-name 12c_multi_horizon/macro_heavy_daily_3q_h20_d025/fold_2020 --feature-set macro_heavy --frequency daily --alignment vintage --splits-dir data/splits/rolling/fold_2020 --seed 42 --hidden-size 16 --attention-heads 2 --dropout 0.25 --max-encoder-length 20 --quantiles 3q --max-prediction-length 20 --learning-rate 0.0005 --batch-size 64 --max-epochs 100 --early-stop-patience 100 --gradient-clip 0.1
2025-12-14 18:42:01 | INFO     |   [OK] Completed successfully
2025-12-14 18:42:01 | INFO     | [CMD] Evaluating fold_2020
2025-12-14 18:42:01 | DEBUG    |   python train/evaluate_tft.py --experiment-name 12c_multi_horizon/macro_heavy_daily_3q_h20_d025/fold_2020 --batch-size 128
2025-12-14 18:42:08 | INFO     |   [OK] Completed successfully
2025-12-14 18:42:08 | INFO     |   [OK] fold_2020 completed successfully
2025-12-14 18:42:08 | INFO     | 
[FOLD 6/9]
2025-12-14 18:42:08 | INFO     | 
2025-12-14 18:42:08 | INFO     | ================================================================================
2025-12-14 18:42:08 | INFO     | PROCESSING FOLD_2021
2025-12-14 18:42:08 | INFO     |   Test period: 2021-01-01 to 2021-12-31
2025-12-14 18:42:08 | INFO     |   Training samples: ~10 years
2025-12-14 18:42:08 | INFO     | ================================================================================
2025-12-14 18:42:08 | INFO     |   Splits already exist for fold_2021, skipping creation
2025-12-14 18:42:08 | INFO     | [CMD] Training fold_2021
2025-12-14 18:42:08 | DEBUG    |   python train/train_tft.py --experiment-name 12c_multi_horizon/macro_heavy_daily_3q_h20_d025/fold_2021 --feature-set macro_heavy --frequency daily --alignment vintage --splits-dir data/splits/rolling/fold_2021 --seed 42 --hidden-size 16 --attention-heads 2 --dropout 0.25 --max-encoder-length 20 --quantiles 3q --max-prediction-length 20 --learning-rate 0.0005 --batch-size 64 --max-epochs 100 --early-stop-patience 100 --gradient-clip 0.1
2025-12-14 18:54:51 | INFO     |   [OK] Completed successfully
2025-12-14 18:54:51 | INFO     | [CMD] Evaluating fold_2021
2025-12-14 18:54:51 | DEBUG    |   python train/evaluate_tft.py --experiment-name 12c_multi_horizon/macro_heavy_daily_3q_h20_d025/fold_2021 --batch-size 128
2025-12-14 18:54:59 | INFO     |   [OK] Completed successfully
2025-12-14 18:54:59 | INFO     |   [OK] fold_2021 completed successfully
2025-12-14 18:54:59 | INFO     | 
[FOLD 7/9]
2025-12-14 18:54:59 | INFO     | 
2025-12-14 18:54:59 | INFO     | ================================================================================
2025-12-14 18:54:59 | INFO     | PROCESSING FOLD_2022
2025-12-14 18:54:59 | INFO     |   Test period: 2022-01-01 to 2022-12-31
2025-12-14 18:54:59 | INFO     |   Training samples: ~10 years
2025-12-14 18:54:59 | INFO     | ================================================================================
2025-12-14 18:54:59 | INFO     |   Splits already exist for fold_2022, skipping creation
2025-12-14 18:54:59 | INFO     | [CMD] Training fold_2022
2025-12-14 18:54:59 | DEBUG    |   python train/train_tft.py --experiment-name 12c_multi_horizon/macro_heavy_daily_3q_h20_d025/fold_2022 --feature-set macro_heavy --frequency daily --alignment vintage --splits-dir data/splits/rolling/fold_2022 --seed 42 --hidden-size 16 --attention-heads 2 --dropout 0.25 --max-encoder-length 20 --quantiles 3q --max-prediction-length 20 --learning-rate 0.0005 --batch-size 64 --max-epochs 100 --early-stop-patience 100 --gradient-clip 0.1
2025-12-14 19:07:47 | INFO     |   [OK] Completed successfully
2025-12-14 19:07:47 | INFO     | [CMD] Evaluating fold_2022
2025-12-14 19:07:47 | DEBUG    |   python train/evaluate_tft.py --experiment-name 12c_multi_horizon/macro_heavy_daily_3q_h20_d025/fold_2022 --batch-size 128
2025-12-14 19:07:54 | INFO     |   [OK] Completed successfully
2025-12-14 19:07:54 | INFO     |   [OK] fold_2022 completed successfully
2025-12-14 19:07:54 | INFO     | 
[FOLD 8/9]
2025-12-14 19:07:54 | INFO     | 
2025-12-14 19:07:54 | INFO     | ================================================================================
2025-12-14 19:07:54 | INFO     | PROCESSING FOLD_2023
2025-12-14 19:07:54 | INFO     |   Test period: 2023-01-01 to 2023-12-31
2025-12-14 19:07:54 | INFO     |   Training samples: ~10 years
2025-12-14 19:07:54 | INFO     | ================================================================================
2025-12-14 19:07:54 | INFO     |   Splits already exist for fold_2023, skipping creation
2025-12-14 19:07:54 | INFO     | [CMD] Training fold_2023
2025-12-14 19:07:54 | DEBUG    |   python train/train_tft.py --experiment-name 12c_multi_horizon/macro_heavy_daily_3q_h20_d025/fold_2023 --feature-set macro_heavy --frequency daily --alignment vintage --splits-dir data/splits/rolling/fold_2023 --seed 42 --hidden-size 16 --attention-heads 2 --dropout 0.25 --max-encoder-length 20 --quantiles 3q --max-prediction-length 20 --learning-rate 0.0005 --batch-size 64 --max-epochs 100 --early-stop-patience 100 --gradient-clip 0.1
2025-12-14 19:20:59 | INFO     |   [OK] Completed successfully
2025-12-14 19:20:59 | INFO     | [CMD] Evaluating fold_2023
2025-12-14 19:20:59 | DEBUG    |   python train/evaluate_tft.py --experiment-name 12c_multi_horizon/macro_heavy_daily_3q_h20_d025/fold_2023 --batch-size 128
2025-12-14 19:21:06 | INFO     |   [OK] Completed successfully
2025-12-14 19:21:06 | INFO     |   [OK] fold_2023 completed successfully
2025-12-14 19:21:06 | INFO     | 
[FOLD 9/9]
2025-12-14 19:21:06 | INFO     | 
2025-12-14 19:21:06 | INFO     | ================================================================================
2025-12-14 19:21:06 | INFO     | PROCESSING FOLD_2024
2025-12-14 19:21:06 | INFO     |   Test period: 2024-01-01 to 2024-12-31
2025-12-14 19:21:06 | INFO     |   Training samples: ~10 years
2025-12-14 19:21:06 | INFO     | ================================================================================
2025-12-14 19:21:06 | INFO     |   Splits already exist for fold_2024, skipping creation
2025-12-14 19:21:06 | INFO     | [CMD] Training fold_2024
2025-12-14 19:21:06 | DEBUG    |   python train/train_tft.py --experiment-name 12c_multi_horizon/macro_heavy_daily_3q_h20_d025/fold_2024 --feature-set macro_heavy --frequency daily --alignment vintage --splits-dir data/splits/rolling/fold_2024 --seed 42 --hidden-size 16 --attention-heads 2 --dropout 0.25 --max-encoder-length 20 --quantiles 3q --max-prediction-length 20 --learning-rate 0.0005 --batch-size 64 --max-epochs 100 --early-stop-patience 100 --gradient-clip 0.1
2025-12-14 19:35:39 | INFO     |   [OK] Completed successfully
2025-12-14 19:35:39 | INFO     | [CMD] Evaluating fold_2024
2025-12-14 19:35:39 | DEBUG    |   python train/evaluate_tft.py --experiment-name 12c_multi_horizon/macro_heavy_daily_3q_h20_d025/fold_2024 --batch-size 128
2025-12-14 19:35:46 | INFO     |   [OK] Completed successfully
2025-12-14 19:35:46 | INFO     |   [OK] fold_2024 completed successfully
2025-12-14 19:35:46 | INFO     | 
2025-12-14 19:35:46 | INFO     | ================================================================================
2025-12-14 19:35:46 | INFO     | AGGREGATING RESULTS
2025-12-14 19:35:46 | INFO     | ================================================================================
2025-12-14 19:35:46 | INFO     |   Loaded metrics for fold_2016
2025-12-14 19:35:46 | INFO     |   Loaded metrics for fold_2017
2025-12-14 19:35:46 | INFO     |   Loaded metrics for fold_2018
2025-12-14 19:35:46 | INFO     |   Loaded metrics for fold_2019
2025-12-14 19:35:46 | INFO     |   Loaded metrics for fold_2020
2025-12-14 19:35:46 | INFO     |   Loaded metrics for fold_2021
2025-12-14 19:35:46 | INFO     |   Loaded metrics for fold_2022
2025-12-14 19:35:46 | INFO     |   Loaded metrics for fold_2023
2025-12-14 19:35:46 | INFO     |   Loaded metrics for fold_2024
2025-12-14 19:35:46 | INFO     |   Saved full results to: experiments/12c_multi_horizon/macro_heavy_daily_3q_h20_d025/rolling_results_full.csv
2025-12-14 19:35:46 | INFO     |   Saved summary to: experiments/12c_multi_horizon/macro_heavy_daily_3q_h20_d025/rolling_results_summary.csv
2025-12-14 19:35:46 | INFO     | 
2025-12-14 19:35:46 | INFO     | KEY METRICS ACROSS FOLDS:
2025-12-14 19:35:46 | INFO     | ------------------------------------------------------------
2025-12-14 19:35:46 | INFO     | ------------------------------------------------------------
2025-12-14 19:35:46 | INFO     | 
2025-12-14 19:35:46 | INFO     | ================================================================================
2025-12-14 19:35:46 | INFO     | EXECUTION SUMMARY
2025-12-14 19:35:46 | INFO     | ================================================================================
2025-12-14 19:35:46 | INFO     |   Completed: 9/9 folds
2025-12-14 19:35:46 | INFO     |   Finished at: 2025-12-14 19:35:46
2025-12-14 19:35:46 | INFO     | ================================================================================
