
[INFO] Using AUTO device selection.

[INFO] Patched matplotlib.Axes.errorbar to abs() negative yerr for robustness.
======================================================================
Training TFT: 10_overnight_sweep/daily_7q_h5_s42
======================================================================
Logging to: experiments/10_overnight_sweep/daily_7q_h5_s42/training_20251204_100839.log
Started at: 2025-12-04 10:08:39
======================================================================
Configuration saved to: experiments/10_overnight_sweep/daily_7q_h5_s42/config.json

Loading data splits...
Train: 6074 samples
Val: 1302 samples
Test: 1302 samples

Preparing TimeSeriesDataSet...

Dropping source columns (used for staleness only): ['CPI']

Final features for TFT: ['SP500_Returns', 'VIX', 'Treasury_10Y', 'Yield_Spread', 'Inflation_YoY']

======================================================================
FEATURE STATISTICS - BEFORE NORMALIZATION
======================================================================
VIX                             mean= 19.7438  std=  8.0295  min=  9.3100  max= 80.8600
Treasury_10Y                    mean=  4.7672  std=  1.6903  min=  1.4300  max=  8.3600
Yield_Spread                    mean=  1.2778  std=  0.9179  min= -0.5200  max=  2.9100
Inflation_YoY                   mean=  2.5322  std=  1.1865  min= -2.1498  max=  6.7300

======================================================================
FEATURES AFTER GROUPNORMALIZER (first batch, last timestep)
======================================================================
VIX                             normalized_value=  1.0000
Treasury_10Y                    normalized_value= -0.0500
Yield_Spread                    normalized_value= -0.9197
Inflation_YoY                   normalized_value= -1.7319
======================================================================

[DEBUG] VIX train values: [28.95 30.38 33.3  31.33 32.63]
[DEBUG] VIX val values: [14.31 15.15 15.13 12.86 13.85]
Batches per epoch: 94
[DEBUG] Validation batches: 20
[DEBUG] Validation dataset size: 1278
[DEBUG] Batch size: 64

Initializing model...

Quantile configuration: 7q
  Quantiles: [0.02, 0.1, 0.25, 0.5, 0.75, 0.9, 0.98]
  Output size: 7
  Median index: 3

Using standard QuantileLoss (no penalties)

[REGIME OUTPUT] Disabled (using baseline output layer)

================================================================================
BASELINE MODEL FEATURE CONFIGURATION (after from_dataset)
================================================================================
tft.hparams.time_varying_reals_encoder: ['relative_time_idx', 'VIX', 'Treasury_10Y', 'Yield_Spread', 'Inflation_YoY']
  Count: 5

tft.hparams.time_varying_reals_decoder: ['relative_time_idx']
  Count: 1

tft.hparams.x_reals (all reals passed to model): ['encoder_length', 'relative_time_idx', 'VIX', 'Treasury_10Y', 'Yield_Spread', 'Inflation_YoY']
  Count: 6

Encoder VSN configuration:
  num_inputs: 5
  input_sizes: {'relative_time_idx': 16, 'VIX': 16, 'Treasury_10Y': 16, 'Yield_Spread': 16, 'Inflation_YoY': 16}
  flattened_grn.fc1: in_features=80, out_features=5
  -> Params in fc1: 400 (should be 5*16*5=400 if 5 features)
================================================================================

Model parameters: 22,615

Starting training...
Checkpoints will be saved to: experiments/10_overnight_sweep/daily_7q_h5_s42/checkpoints/
Logs will be saved to: experiments/10_overnight_sweep/daily_7q_h5_s42/logs/

[DEBUG CollapseMonitor] on_validation_epoch_start called for epoch 0
[DEBUG CollapseMonitor] reset_temporal_state() called on loss function
Epoch 0: val_loss=N/A
[DEBUG CollapseMonitor] on_validation_epoch_start called for epoch 0
[DEBUG CollapseMonitor] reset_temporal_state() called on loss function
Epoch 0: val_loss=0.5974838137626648
Epoch 0: train_loss=0.6887577772140503

[CollapseMonitor] Epoch 0
  [DEBUG] Processed 20 batches, 5 horizon(s)
  Multi-horizon metrics (5 horizons):
    h1: std=0.0307, dir_acc=54.7%, pos=100%, unique=1264, sharpe=31.38
    h2: std=0.0252, dir_acc=54.7%, pos=100%, unique=1262, sharpe=63.87
    h3: std=0.0214, dir_acc=54.8%, pos=100%, unique=1260, sharpe=85.87
    h4: std=0.0189, dir_acc=54.8%, pos=100%, unique=1264, sharpe=100.12
    h5: std=0.0173, dir_acc=54.9%, pos=100%, unique=1257, sharpe=107.08
  Aggregate: std_avg=0.0227, dir_acc_avg=54.8%, composite_avg=0.4237
  H1 detail: range=0.1204, mean=0.0606, dist_match=0.5469
  Collapse penalty: 0.000000 (threshold: 0.005000)
  Saved validation predictions to: experiments/10_overnight_sweep/daily_7q_h5_s42/collapse_monitoring/val_predictions_epoch0.npz
  Gradient norms:
    lstm_encoder: 0.003620
    lstm_decoder: 0.019583
    output_layer: 0.631038
  VSN output std:
    encoder: 0.154528
  Attention entropy: 2.992170
  Saved to: experiments/10_overnight_sweep/daily_7q_h5_s42/collapse_monitoring/collapse_monitor_latest.json
[DEBUG CollapseMonitor] on_validation_epoch_start called for epoch 1
[DEBUG CollapseMonitor] reset_temporal_state() called on loss function
Epoch 1: val_loss=0.494299054145813
Epoch 1: train_loss=0.571118950843811

[CollapseMonitor] Epoch 1
  [DEBUG] Processed 20 batches, 5 horizon(s)
  Multi-horizon metrics (5 horizons):
    h1: std=0.0189, dir_acc=45.1%, pos=6%, unique=1270, sharpe=-26.86
    h2: std=0.0148, dir_acc=47.8%, pos=49%, unique=1253, sharpe=-1.37
    h3: std=0.0122, dir_acc=49.1%, pos=66%, unique=1251, sharpe=6.31
    h4: std=0.0107, dir_acc=49.1%, pos=62%, unique=1249, sharpe=2.68
    h5: std=0.0101, dir_acc=47.7%, pos=35%, unique=1251, sharpe=-8.05
  Aggregate: std_avg=0.0133, dir_acc_avg=47.8%, composite_avg=0.4338
  H1 detail: range=0.0841, mean=-0.0319, dist_match=0.5094
  Collapse penalty: 0.000000 (threshold: 0.005000)
  Saved validation predictions to: experiments/10_overnight_sweep/daily_7q_h5_s42/collapse_monitoring/val_predictions_epoch1.npz
  Gradient norms:
    lstm_encoder: 0.002105
    lstm_decoder: 0.011121
    output_layer: 0.427700
  VSN output std:
    encoder: 0.159784
  Attention entropy: 2.994720
  Saved to: experiments/10_overnight_sweep/daily_7q_h5_s42/collapse_monitoring/collapse_monitor_latest.json
[DEBUG CollapseMonitor] on_validation_epoch_start called for epoch 2
[DEBUG CollapseMonitor] reset_temporal_state() called on loss function
Epoch 2: val_loss=0.46084871888160706
Epoch 2: train_loss=0.49356406927108765

[CollapseMonitor] Epoch 2
  [DEBUG] Processed 20 batches, 5 horizon(s)
  Multi-horizon metrics (5 horizons):
    h1: std=0.0180, dir_acc=45.9%, pos=22%, unique=1263, sharpe=-12.53
    h2: std=0.0154, dir_acc=53.7%, pos=93%, unique=1252, sharpe=21.97
    h3: std=0.0135, dir_acc=54.4%, pos=96%, unique=1246, sharpe=35.61
    h4: std=0.0121, dir_acc=54.3%, pos=96%, unique=1251, sharpe=38.42
    h5: std=0.0113, dir_acc=54.3%, pos=96%, unique=1230, sharpe=34.36
  Aggregate: std_avg=0.0140, dir_acc_avg=52.5%, composite_avg=0.4223
  H1 detail: range=0.0938, mean=-0.0142, dist_match=0.6714
  Collapse penalty: 0.000000 (threshold: 0.005000)
  Saved validation predictions to: experiments/10_overnight_sweep/daily_7q_h5_s42/collapse_monitoring/val_predictions_epoch2.npz
  Gradient norms:
    lstm_encoder: 0.001323
    lstm_decoder: 0.004244
    output_layer: 0.191887
  VSN output std:
    encoder: 0.156272
  Attention entropy: 2.995466
  Saved to: experiments/10_overnight_sweep/daily_7q_h5_s42/collapse_monitoring/collapse_monitor_latest.json
[DEBUG CollapseMonitor] on_validation_epoch_start called for epoch 3
[DEBUG CollapseMonitor] reset_temporal_state() called on loss function
Epoch 3: val_loss=0.45199480652809143
Epoch 3: train_loss=0.4663139879703522

[CollapseMonitor] Epoch 3
  [DEBUG] Processed 20 batches, 5 horizon(s)
  Multi-horizon metrics (5 horizons):
    h1: std=0.0157, dir_acc=54.8%, pos=97%, unique=1260, sharpe=42.31
    h2: std=0.0130, dir_acc=54.7%, pos=100%, unique=1252, sharpe=89.44
    h3: std=0.0113, dir_acc=54.8%, pos=100%, unique=1238, sharpe=113.07
    h4: std=0.0101, dir_acc=54.8%, pos=100%, unique=1225, sharpe=122.23
    h5: std=0.0096, dir_acc=54.9%, pos=100%, unique=1241, sharpe=119.71
  Aggregate: std_avg=0.0119, dir_acc_avg=54.8%, composite_avg=0.4253
  H1 detail: range=0.0781, mean=0.0417, dist_match=0.5743
  Collapse penalty: 0.000000 (threshold: 0.005000)
  Saved validation predictions to: experiments/10_overnight_sweep/daily_7q_h5_s42/collapse_monitoring/val_predictions_epoch3.npz
  Gradient norms:
    lstm_encoder: 0.000773
    lstm_decoder: 0.001903
    output_layer: 0.080116
  VSN output std:
    encoder: 0.156043
  Attention entropy: 2.995546
  Saved to: experiments/10_overnight_sweep/daily_7q_h5_s42/collapse_monitoring/collapse_monitor_latest.json
[DEBUG CollapseMonitor] on_validation_epoch_start called for epoch 4
[DEBUG CollapseMonitor] reset_temporal_state() called on loss function
Epoch 4: val_loss=0.44872191548347473
Epoch 4: train_loss=0.45793983340263367

[CollapseMonitor] Epoch 4
  [DEBUG] Processed 20 batches, 5 horizon(s)
  Multi-horizon metrics (5 horizons):
    h1: std=0.0139, dir_acc=49.6%, pos=71%, unique=1258, sharpe=7.73
    h2: std=0.0108, dir_acc=54.7%, pos=100%, unique=1255, sharpe=50.45
    h3: std=0.0094, dir_acc=54.8%, pos=100%, unique=1238, sharpe=67.56
    h4: std=0.0088, dir_acc=54.8%, pos=100%, unique=1227, sharpe=68.98
    h5: std=0.0087, dir_acc=54.9%, pos=100%, unique=1220, sharpe=61.19
  Aggregate: std_avg=0.0103, dir_acc_avg=53.7%, composite_avg=0.4303
  H1 detail: range=0.0625, mean=0.0068, dist_match=0.8388
  Collapse penalty: 0.000000 (threshold: 0.005000)
  Saved validation predictions to: experiments/10_overnight_sweep/daily_7q_h5_s42/collapse_monitoring/val_predictions_epoch4.npz
  Gradient norms:
    lstm_encoder: 0.000722
    lstm_decoder: 0.001883
    output_layer: 0.057566
  VSN output std:
    encoder: 0.171481
  Attention entropy: 2.995261
  Saved to: experiments/10_overnight_sweep/daily_7q_h5_s42/collapse_monitoring/collapse_monitor_latest.json
[DEBUG CollapseMonitor] on_validation_epoch_start called for epoch 5
[DEBUG CollapseMonitor] reset_temporal_state() called on loss function
Epoch 5: val_loss=0.4422615170478821
Epoch 5: train_loss=0.45242345333099365

[CollapseMonitor] Epoch 5
  [DEBUG] Processed 20 batches, 5 horizon(s)
  Multi-horizon metrics (5 horizons):
    h1: std=0.0155, dir_acc=54.5%, pos=100%, unique=1257, sharpe=53.03
    h2: std=0.0152, dir_acc=54.7%, pos=100%, unique=1240, sharpe=80.95
    h3: std=0.0158, dir_acc=54.8%, pos=100%, unique=1245, sharpe=84.84
    h4: std=0.0174, dir_acc=54.8%, pos=100%, unique=1249, sharpe=78.63
    h5: std=0.0197, dir_acc=54.9%, pos=100%, unique=1250, sharpe=69.42
  Aggregate: std_avg=0.0167, dir_acc_avg=54.7%, composite_avg=0.4236
  H1 detail: range=0.0901, mean=0.0519, dist_match=0.5509
  Collapse penalty: 0.000000 (threshold: 0.005000)
  Saved validation predictions to: experiments/10_overnight_sweep/daily_7q_h5_s42/collapse_monitoring/val_predictions_epoch5.npz
  Gradient norms:
    lstm_encoder: 0.000733
    lstm_decoder: 0.001772
    output_layer: 0.049542
  VSN output std:
    encoder: 0.170169
  Attention entropy: 2.994094
  Saved to: experiments/10_overnight_sweep/daily_7q_h5_s42/collapse_monitoring/collapse_monitor_latest.json
[DEBUG CollapseMonitor] on_validation_epoch_start called for epoch 6
[DEBUG CollapseMonitor] reset_temporal_state() called on loss function
Epoch 6: val_loss=0.43678247928619385
Epoch 6: train_loss=0.4462898075580597

[CollapseMonitor] Epoch 6
  [DEBUG] Processed 20 batches, 5 horizon(s)
  Multi-horizon metrics (5 horizons):
    h1: std=0.0220, dir_acc=53.3%, pos=90%, unique=1247, sharpe=25.31
    h2: std=0.0218, dir_acc=53.1%, pos=95%, unique=1223, sharpe=40.49
    h3: std=0.0232, dir_acc=53.6%, pos=95%, unique=1212, sharpe=42.34
    h4: std=0.0258, dir_acc=53.5%, pos=95%, unique=1199, sharpe=39.35
    h5: std=0.0291, dir_acc=53.1%, pos=93%, unique=1197, sharpe=35.42
  Aggregate: std_avg=0.0244, dir_acc_avg=53.3%, composite_avg=0.4292
  H1 detail: range=0.1218, mean=0.0350, dist_match=0.6455
  Collapse penalty: 0.000000 (threshold: 0.005000)
  Saved validation predictions to: experiments/10_overnight_sweep/daily_7q_h5_s42/collapse_monitoring/val_predictions_epoch6.npz
  Gradient norms:
    lstm_encoder: 0.000788
    lstm_decoder: 0.001799
    output_layer: 0.048489
  VSN output std:
    encoder: 0.172788
  Attention entropy: 2.992701
  Saved to: experiments/10_overnight_sweep/daily_7q_h5_s42/collapse_monitoring/collapse_monitor_latest.json
[DEBUG CollapseMonitor] on_validation_epoch_start called for epoch 7
[DEBUG CollapseMonitor] reset_temporal_state() called on loss function
Epoch 7: val_loss=0.4340277910232544
Epoch 7: train_loss=0.44170746207237244

[CollapseMonitor] Epoch 7
  [DEBUG] Processed 20 batches, 5 horizon(s)
  Multi-horizon metrics (5 horizons):
    h1: std=0.0181, dir_acc=53.3%, pos=92%, unique=1249, sharpe=23.70
    h2: std=0.0184, dir_acc=53.4%, pos=95%, unique=1218, sharpe=39.78
    h3: std=0.0201, dir_acc=53.5%, pos=95%, unique=1192, sharpe=40.55
    h4: std=0.0228, dir_acc=53.8%, pos=95%, unique=1200, sharpe=36.43
    h5: std=0.0261, dir_acc=53.4%, pos=93%, unique=1190, sharpe=31.85
  Aggregate: std_avg=0.0211, dir_acc_avg=53.5%, composite_avg=0.4299
  H1 detail: range=0.1165, mean=0.0270, dist_match=0.6283
  Collapse penalty: 0.000000 (threshold: 0.005000)
  Saved validation predictions to: experiments/10_overnight_sweep/daily_7q_h5_s42/collapse_monitoring/val_predictions_epoch7.npz
  Gradient norms:
    lstm_encoder: 0.000814
    lstm_decoder: 0.001830
    output_layer: 0.046843
  VSN output std:
    encoder: 0.174428
  Attention entropy: 2.991937
  Saved to: experiments/10_overnight_sweep/daily_7q_h5_s42/collapse_monitoring/collapse_monitor_latest.json
[DEBUG CollapseMonitor] on_validation_epoch_start called for epoch 8
[DEBUG CollapseMonitor] reset_temporal_state() called on loss function
Epoch 8: val_loss=0.432418555021286
Epoch 8: train_loss=0.438843309879303

[CollapseMonitor] Epoch 8
  [DEBUG] Processed 20 batches, 5 horizon(s)
  Multi-horizon metrics (5 horizons):
    h1: std=0.0140, dir_acc=54.1%, pos=96%, unique=1254, sharpe=27.88
    h2: std=0.0141, dir_acc=53.8%, pos=97%, unique=1230, sharpe=45.50
    h3: std=0.0156, dir_acc=53.9%, pos=97%, unique=1192, sharpe=44.86
    h4: std=0.0177, dir_acc=53.9%, pos=96%, unique=1167, sharpe=39.22
    h5: std=0.0203, dir_acc=53.6%, pos=94%, unique=1162, sharpe=33.42
  Aggregate: std_avg=0.0163, dir_acc_avg=53.8%, composite_avg=0.4277
  H1 detail: range=0.1179, mean=0.0247, dist_match=0.5908
  Collapse penalty: 0.000000 (threshold: 0.005000)
  Saved validation predictions to: experiments/10_overnight_sweep/daily_7q_h5_s42/collapse_monitoring/val_predictions_epoch8.npz
  Gradient norms:
    lstm_encoder: 0.000881
    lstm_decoder: 0.001726
    output_layer: 0.042597
  VSN output std:
    encoder: 0.174189
  Attention entropy: 2.991372
  Saved to: experiments/10_overnight_sweep/daily_7q_h5_s42/collapse_monitoring/collapse_monitor_latest.json
[DEBUG CollapseMonitor] on_validation_epoch_start called for epoch 9
[DEBUG CollapseMonitor] reset_temporal_state() called on loss function
Epoch 9: val_loss=0.43050166964530945
Epoch 9: train_loss=0.436674565076828

[CollapseMonitor] Epoch 9
  [DEBUG] Processed 20 batches, 5 horizon(s)
  Multi-horizon metrics (5 horizons):
    h1: std=0.0157, dir_acc=54.2%, pos=98%, unique=1243, sharpe=46.99
    h2: std=0.0160, dir_acc=54.5%, pos=99%, unique=1216, sharpe=60.08
    h3: std=0.0173, dir_acc=54.5%, pos=99%, unique=1211, sharpe=57.72
    h4: std=0.0190, dir_acc=54.1%, pos=98%, unique=1171, sharpe=51.75
    h5: std=0.0209, dir_acc=54.1%, pos=96%, unique=1148, sharpe=45.75
  Aggregate: std_avg=0.0178, dir_acc_avg=54.3%, composite_avg=0.4255
  H1 detail: range=0.1427, mean=0.0466, dist_match=0.5657
  Collapse penalty: 0.000000 (threshold: 0.005000)
  Saved validation predictions to: experiments/10_overnight_sweep/daily_7q_h5_s42/collapse_monitoring/val_predictions_epoch9.npz
  Gradient norms:
    lstm_encoder: 0.000962
    lstm_decoder: 0.001805
    output_layer: 0.044059
  VSN output std:
    encoder: 0.174342
  Attention entropy: 2.989407
  Saved to: experiments/10_overnight_sweep/daily_7q_h5_s42/collapse_monitoring/collapse_monitor_latest.json
[DEBUG CollapseMonitor] on_validation_epoch_start called for epoch 10
[DEBUG CollapseMonitor] reset_temporal_state() called on loss function
Epoch 10: val_loss=0.42966562509536743
Epoch 10: train_loss=0.43553629517555237

[CollapseMonitor] Epoch 10
  [DEBUG] Processed 20 batches, 5 horizon(s)
  Multi-horizon metrics (5 horizons):
    h1: std=0.0187, dir_acc=53.7%, pos=96%, unique=1263, sharpe=29.71
    h2: std=0.0181, dir_acc=53.8%, pos=97%, unique=1245, sharpe=39.87
    h3: std=0.0186, dir_acc=53.4%, pos=97%, unique=1222, sharpe=39.59
    h4: std=0.0195, dir_acc=53.8%, pos=95%, unique=1210, sharpe=36.47
    h5: std=0.0206, dir_acc=54.0%, pos=95%, unique=1202, sharpe=33.23
  Aggregate: std_avg=0.0191, dir_acc_avg=53.7%, composite_avg=0.4267
  H1 detail: range=0.1644, mean=0.0351, dist_match=0.5884
  Collapse penalty: 0.000000 (threshold: 0.005000)
  Saved validation predictions to: experiments/10_overnight_sweep/daily_7q_h5_s42/collapse_monitoring/val_predictions_epoch10.npz
  Gradient norms:
    lstm_encoder: 0.001053
    lstm_decoder: 0.001870
    output_layer: 0.042271
  VSN output std:
    encoder: 0.175479
  Attention entropy: 2.987653
  Saved to: experiments/10_overnight_sweep/daily_7q_h5_s42/collapse_monitoring/collapse_monitor_latest.json
[DEBUG CollapseMonitor] on_validation_epoch_start called for epoch 11
[DEBUG CollapseMonitor] reset_temporal_state() called on loss function
Epoch 11: val_loss=0.42689821124076843
Epoch 11: train_loss=0.4337630271911621

[CollapseMonitor] Epoch 11
  [DEBUG] Processed 20 batches, 5 horizon(s)
  Multi-horizon metrics (5 horizons):
    h1: std=0.0234, dir_acc=53.4%, pos=96%, unique=1264, sharpe=23.67
    h2: std=0.0234, dir_acc=53.7%, pos=97%, unique=1244, sharpe=30.20
    h3: std=0.0244, dir_acc=53.8%, pos=95%, unique=1236, sharpe=29.39
    h4: std=0.0256, dir_acc=53.7%, pos=94%, unique=1225, sharpe=26.94
    h5: std=0.0268, dir_acc=53.6%, pos=93%, unique=1216, sharpe=24.66
  Aggregate: std_avg=0.0247, dir_acc_avg=53.6%, composite_avg=0.4288
  H1 detail: range=0.2101, mean=0.0348, dist_match=0.5884
  Collapse penalty: 0.000000 (threshold: 0.005000)
  Saved validation predictions to: experiments/10_overnight_sweep/daily_7q_h5_s42/collapse_monitoring/val_predictions_epoch11.npz
  Gradient norms:
    lstm_encoder: 0.001213
    lstm_decoder: 0.002065
    output_layer: 0.043943
  VSN output std:
    encoder: 0.176888
  Attention entropy: 2.981115
  Saved to: experiments/10_overnight_sweep/daily_7q_h5_s42/collapse_monitoring/collapse_monitor_latest.json
[DEBUG CollapseMonitor] on_validation_epoch_start called for epoch 12
[DEBUG CollapseMonitor] reset_temporal_state() called on loss function
Epoch 12: val_loss=0.4263603091239929
Epoch 12: train_loss=0.4329898953437805

[CollapseMonitor] Epoch 12
  [DEBUG] Processed 20 batches, 5 horizon(s)
  Multi-horizon metrics (5 horizons):
    h1: std=0.0266, dir_acc=53.0%, pos=95%, unique=1263, sharpe=31.17
    h2: std=0.0265, dir_acc=53.2%, pos=95%, unique=1248, sharpe=36.00
    h3: std=0.0273, dir_acc=53.4%, pos=94%, unique=1234, sharpe=34.98
    h4: std=0.0284, dir_acc=53.4%, pos=94%, unique=1221, sharpe=32.78
    h5: std=0.0296, dir_acc=53.6%, pos=93%, unique=1217, sharpe=30.86
  Aggregate: std_avg=0.0277, dir_acc_avg=53.3%, composite_avg=0.4284
  H1 detail: range=0.2268, mean=0.0523, dist_match=0.5986
  Collapse penalty: 0.000000 (threshold: 0.005000)
  Saved validation predictions to: experiments/10_overnight_sweep/daily_7q_h5_s42/collapse_monitoring/val_predictions_epoch12.npz
  Gradient norms:
    lstm_encoder: 0.001381
    lstm_decoder: 0.002298
    output_layer: 0.043904
  VSN output std:
    encoder: 0.177057
  Attention entropy: 2.979929
  Saved to: experiments/10_overnight_sweep/daily_7q_h5_s42/collapse_monitoring/collapse_monitor_latest.json
[DEBUG CollapseMonitor] on_validation_epoch_start called for epoch 13
[DEBUG CollapseMonitor] reset_temporal_state() called on loss function
Epoch 13: val_loss=0.4249492883682251
Epoch 13: train_loss=0.4317401051521301

[CollapseMonitor] Epoch 13
  [DEBUG] Processed 20 batches, 5 horizon(s)
  Multi-horizon metrics (5 horizons):
    h1: std=0.0327, dir_acc=53.8%, pos=98%, unique=1269, sharpe=18.47
    h2: std=0.0312, dir_acc=54.0%, pos=98%, unique=1258, sharpe=21.82
    h3: std=0.0312, dir_acc=53.7%, pos=97%, unique=1250, sharpe=21.12
    h4: std=0.0312, dir_acc=53.3%, pos=95%, unique=1250, sharpe=19.97
    h5: std=0.0311, dir_acc=53.5%, pos=94%, unique=1226, sharpe=19.25
  Aggregate: std_avg=0.0315, dir_acc_avg=53.6%, composite_avg=0.4253
  H1 detail: range=0.2548, mean=0.0381, dist_match=0.5704
  Collapse penalty: 0.000000 (threshold: 0.005000)
  Saved validation predictions to: experiments/10_overnight_sweep/daily_7q_h5_s42/collapse_monitoring/val_predictions_epoch13.npz
  Gradient norms:
    lstm_encoder: 0.001770
    lstm_decoder: 0.002545
    output_layer: 0.043525
  VSN output std:
    encoder: 0.177267
  Attention entropy: 2.975562
  Saved to: experiments/10_overnight_sweep/daily_7q_h5_s42/collapse_monitoring/collapse_monitor_latest.json
[DEBUG CollapseMonitor] on_validation_epoch_start called for epoch 14
[DEBUG CollapseMonitor] reset_temporal_state() called on loss function
Epoch 14: val_loss=0.4233741760253906
Epoch 14: train_loss=0.4306584596633911

[CollapseMonitor] Epoch 14
  [DEBUG] Processed 20 batches, 5 horizon(s)
  Multi-horizon metrics (5 horizons):
    h1: std=0.0306, dir_acc=53.0%, pos=93%, unique=1269, sharpe=17.30
    h2: std=0.0298, dir_acc=52.7%, pos=93%, unique=1256, sharpe=19.04
    h3: std=0.0303, dir_acc=52.7%, pos=93%, unique=1245, sharpe=17.49
    h4: std=0.0310, dir_acc=52.9%, pos=92%, unique=1239, sharpe=16.04
    h5: std=0.0317, dir_acc=53.2%, pos=92%, unique=1223, sharpe=15.31
  Aggregate: std_avg=0.0307, dir_acc_avg=52.9%, composite_avg=0.4285
  H1 detail: range=0.2542, mean=0.0334, dist_match=0.6127
  Collapse penalty: 0.000000 (threshold: 0.005000)
  Saved validation predictions to: experiments/10_overnight_sweep/daily_7q_h5_s42/collapse_monitoring/val_predictions_epoch14.npz
  Gradient norms:
    lstm_encoder: 0.002122
    lstm_decoder: 0.002825
    output_layer: 0.043843
  VSN output std:
    encoder: 0.177503
  Attention entropy: 2.968311
  Saved to: experiments/10_overnight_sweep/daily_7q_h5_s42/collapse_monitoring/collapse_monitor_latest.json
[DEBUG CollapseMonitor] on_validation_epoch_start called for epoch 15
[DEBUG CollapseMonitor] reset_temporal_state() called on loss function
Epoch 15: val_loss=0.4220940172672272
Epoch 15: train_loss=0.4296618402004242

[CollapseMonitor] Epoch 15
  [DEBUG] Processed 20 batches, 5 horizon(s)
  Multi-horizon metrics (5 horizons):
    h1: std=0.0346, dir_acc=53.1%, pos=95%, unique=1268, sharpe=22.57
    h2: std=0.0339, dir_acc=53.0%, pos=94%, unique=1260, sharpe=20.98
    h3: std=0.0343, dir_acc=52.7%, pos=93%, unique=1249, sharpe=18.11
    h4: std=0.0346, dir_acc=53.1%, pos=93%, unique=1249, sharpe=16.31
    h5: std=0.0348, dir_acc=53.3%, pos=92%, unique=1244, sharpe=15.70
  Aggregate: std_avg=0.0344, dir_acc_avg=53.0%, composite_avg=0.4271
  H1 detail: range=0.2878, mean=0.0491, dist_match=0.5947
  Collapse penalty: 0.000000 (threshold: 0.005000)
  Saved validation predictions to: experiments/10_overnight_sweep/daily_7q_h5_s42/collapse_monitoring/val_predictions_epoch15.npz
  Gradient norms:
    lstm_encoder: 0.002850
    lstm_decoder: 0.003464
    output_layer: 0.047684
  VSN output std:
    encoder: 0.182085
  Attention entropy: 2.967182
  Saved to: experiments/10_overnight_sweep/daily_7q_h5_s42/collapse_monitoring/collapse_monitor_latest.json
[DEBUG CollapseMonitor] on_validation_epoch_start called for epoch 16
[DEBUG CollapseMonitor] reset_temporal_state() called on loss function
Epoch 16: val_loss=0.4208269417285919
Epoch 16: train_loss=0.4288973808288574

[CollapseMonitor] Epoch 16
  [DEBUG] Processed 20 batches, 5 horizon(s)
  Multi-horizon metrics (5 horizons):
    h1: std=0.0352, dir_acc=53.6%, pos=97%, unique=1272, sharpe=35.43
    h2: std=0.0339, dir_acc=53.2%, pos=97%, unique=1254, sharpe=33.49
    h3: std=0.0339, dir_acc=53.5%, pos=96%, unique=1261, sharpe=30.17
    h4: std=0.0340, dir_acc=53.1%, pos=95%, unique=1234, sharpe=28.21
    h5: std=0.0340, dir_acc=53.3%, pos=95%, unique=1235, sharpe=27.66
  Aggregate: std_avg=0.0342, dir_acc_avg=53.3%, composite_avg=0.4235
  H1 detail: range=0.2977, mean=0.0786, dist_match=0.5751
  Collapse penalty: 0.000000 (threshold: 0.005000)
  Saved validation predictions to: experiments/10_overnight_sweep/daily_7q_h5_s42/collapse_monitoring/val_predictions_epoch16.npz
  Gradient norms:
    lstm_encoder: 0.003901
    lstm_decoder: 0.003343
    output_layer: 0.040011
  VSN output std:
    encoder: 0.180333
  Attention entropy: 2.962176
  Saved to: experiments/10_overnight_sweep/daily_7q_h5_s42/collapse_monitoring/collapse_monitor_latest.json
[DEBUG CollapseMonitor] on_validation_epoch_start called for epoch 17
[DEBUG CollapseMonitor] reset_temporal_state() called on loss function
Epoch 17: val_loss=0.4186539947986603
Epoch 17: train_loss=0.4281250834465027

[CollapseMonitor] Epoch 17
  [DEBUG] Processed 20 batches, 5 horizon(s)
  Multi-horizon metrics (5 horizons):
    h1: std=0.0387, dir_acc=54.2%, pos=98%, unique=1267, sharpe=34.03
    h2: std=0.0369, dir_acc=54.3%, pos=99%, unique=1261, sharpe=33.21
    h3: std=0.0365, dir_acc=54.3%, pos=98%, unique=1258, sharpe=30.42
    h4: std=0.0360, dir_acc=54.2%, pos=98%, unique=1255, sharpe=28.96
    h5: std=0.0353, dir_acc=53.8%, pos=97%, unique=1241, sharpe=28.95
  Aggregate: std_avg=0.0367, dir_acc_avg=54.2%, composite_avg=0.4244
  H1 detail: range=0.3103, mean=0.0829, dist_match=0.5626
  Collapse penalty: 0.000000 (threshold: 0.005000)
  Saved validation predictions to: experiments/10_overnight_sweep/daily_7q_h5_s42/collapse_monitoring/val_predictions_epoch17.npz
  Gradient norms:
    lstm_encoder: 0.006010
    lstm_decoder: 0.003922
    output_layer: 0.042368
  VSN output std:
    encoder: 0.180403
  Attention entropy: 2.950134
  Saved to: experiments/10_overnight_sweep/daily_7q_h5_s42/collapse_monitoring/collapse_monitor_latest.json
[DEBUG CollapseMonitor] on_validation_epoch_start called for epoch 18
[DEBUG CollapseMonitor] reset_temporal_state() called on loss function
Epoch 18: val_loss=0.41708967089653015
Epoch 18: train_loss=0.42589062452316284

[CollapseMonitor] Epoch 18
  [DEBUG] Processed 20 batches, 5 horizon(s)
  Multi-horizon metrics (5 horizons):
    h1: std=0.0451, dir_acc=53.6%, pos=97%, unique=1264, sharpe=21.98
    h2: std=0.0435, dir_acc=53.2%, pos=97%, unique=1265, sharpe=20.75
    h3: std=0.0431, dir_acc=53.4%, pos=97%, unique=1258, sharpe=18.16
    h4: std=0.0424, dir_acc=54.1%, pos=97%, unique=1263, sharpe=16.76
    h5: std=0.0413, dir_acc=53.8%, pos=97%, unique=1250, sharpe=16.68
  Aggregate: std_avg=0.0431, dir_acc_avg=53.6%, composite_avg=0.4235
  H1 detail: range=0.3454, mean=0.0624, dist_match=0.5814
  Collapse penalty: 0.000000 (threshold: 0.005000)
  Saved validation predictions to: experiments/10_overnight_sweep/daily_7q_h5_s42/collapse_monitoring/val_predictions_epoch18.npz
  Gradient norms:
    lstm_encoder: 0.010094
    lstm_decoder: 0.004437
    output_layer: 0.043030
  VSN output std:
    encoder: 0.184571
  Attention entropy: 2.937178
  Saved to: experiments/10_overnight_sweep/daily_7q_h5_s42/collapse_monitoring/collapse_monitor_latest.json
[DEBUG CollapseMonitor] on_validation_epoch_start called for epoch 19
[DEBUG CollapseMonitor] reset_temporal_state() called on loss function
Epoch 19: val_loss=0.4161187410354614
Epoch 19: train_loss=0.4257964789867401

[CollapseMonitor] Epoch 19
  [DEBUG] Processed 20 batches, 5 horizon(s)
  Multi-horizon metrics (5 horizons):
    h1: std=0.0465, dir_acc=54.2%, pos=98%, unique=1263, sharpe=31.62
    h2: std=0.0462, dir_acc=54.4%, pos=99%, unique=1260, sharpe=29.82
    h3: std=0.0465, dir_acc=54.3%, pos=99%, unique=1247, sharpe=27.02
    h4: std=0.0462, dir_acc=54.5%, pos=99%, unique=1259, sharpe=25.56
    h5: std=0.0452, dir_acc=54.9%, pos=99%, unique=1258, sharpe=25.49
  Aggregate: std_avg=0.0461, dir_acc_avg=54.5%, composite_avg=0.4242
  H1 detail: range=0.3508, mean=0.0927, dist_match=0.5626
  Collapse penalty: 0.000000 (threshold: 0.005000)
  Saved validation predictions to: experiments/10_overnight_sweep/daily_7q_h5_s42/collapse_monitoring/val_predictions_epoch19.npz
  Gradient norms:
    lstm_encoder: 0.012892
    lstm_decoder: 0.004810
    output_layer: 0.043333
  VSN output std:
    encoder: 0.192100
  Attention entropy: 2.927174
  Saved to: experiments/10_overnight_sweep/daily_7q_h5_s42/collapse_monitoring/collapse_monitor_latest.json
[DEBUG CollapseMonitor] on_validation_epoch_start called for epoch 20
[DEBUG CollapseMonitor] reset_temporal_state() called on loss function
Epoch 20: val_loss=0.4147361218929291
Epoch 20: train_loss=0.4254809319972992

[CollapseMonitor] Epoch 20
  [DEBUG] Processed 20 batches, 5 horizon(s)
  Multi-horizon metrics (5 horizons):
    h1: std=0.0392, dir_acc=53.9%, pos=97%, unique=1264, sharpe=33.74
    h2: std=0.0372, dir_acc=53.9%, pos=98%, unique=1253, sharpe=33.94
    h3: std=0.0362, dir_acc=53.7%, pos=98%, unique=1265, sharpe=32.14
    h4: std=0.0354, dir_acc=54.1%, pos=98%, unique=1255, sharpe=31.12
    h5: std=0.0343, dir_acc=54.0%, pos=98%, unique=1257, sharpe=31.45
  Aggregate: std_avg=0.0365, dir_acc_avg=53.9%, composite_avg=0.4234
  H1 detail: range=0.3554, mean=0.0834, dist_match=0.5767
  Collapse penalty: 0.000000 (threshold: 0.005000)
  Saved validation predictions to: experiments/10_overnight_sweep/daily_7q_h5_s42/collapse_monitoring/val_predictions_epoch20.npz
  Gradient norms:
    lstm_encoder: 0.018585
    lstm_decoder: 0.005363
    output_layer: 0.042520
  VSN output std:
    encoder: 0.193803
  Attention entropy: 2.919297
  Saved to: experiments/10_overnight_sweep/daily_7q_h5_s42/collapse_monitoring/collapse_monitor_latest.json
[DEBUG CollapseMonitor] on_validation_epoch_start called for epoch 21
[DEBUG CollapseMonitor] reset_temporal_state() called on loss function
Epoch 21: val_loss=0.41387203335762024
Epoch 21: train_loss=0.425137996673584

[CollapseMonitor] Epoch 21
  [DEBUG] Processed 20 batches, 5 horizon(s)
  Multi-horizon metrics (5 horizons):
    h1: std=0.0380, dir_acc=53.9%, pos=98%, unique=1267, sharpe=38.26
    h2: std=0.0366, dir_acc=54.1%, pos=99%, unique=1265, sharpe=38.33
    h3: std=0.0361, dir_acc=54.7%, pos=100%, unique=1264, sharpe=36.36
    h4: std=0.0356, dir_acc=54.5%, pos=100%, unique=1258, sharpe=35.23
    h5: std=0.0346, dir_acc=54.7%, pos=100%, unique=1258, sharpe=35.54
  Aggregate: std_avg=0.0362, dir_acc_avg=54.4%, composite_avg=0.4232
  H1 detail: range=0.3389, mean=0.0917, dist_match=0.5704
  Collapse penalty: 0.000000 (threshold: 0.005000)
  Saved validation predictions to: experiments/10_overnight_sweep/daily_7q_h5_s42/collapse_monitoring/val_predictions_epoch21.npz
  Gradient norms:
    lstm_encoder: 0.021426
    lstm_decoder: 0.005206
    output_layer: 0.043115
  VSN output std:
    encoder: 0.200762
  Attention entropy: 2.910640
  Saved to: experiments/10_overnight_sweep/daily_7q_h5_s42/collapse_monitoring/collapse_monitor_latest.json
[DEBUG CollapseMonitor] on_validation_epoch_start called for epoch 22
[DEBUG CollapseMonitor] reset_temporal_state() called on loss function
Epoch 22: val_loss=0.41391655802726746
Epoch 22: train_loss=0.42422208189964294

[CollapseMonitor] Epoch 22
  [DEBUG] Processed 20 batches, 5 horizon(s)
  Multi-horizon metrics (5 horizons):
    h1: std=0.0392, dir_acc=54.1%, pos=97%, unique=1267, sharpe=29.87
    h2: std=0.0385, dir_acc=54.3%, pos=98%, unique=1266, sharpe=29.38
    h3: std=0.0386, dir_acc=54.8%, pos=100%, unique=1258, sharpe=27.38
    h4: std=0.0384, dir_acc=54.6%, pos=100%, unique=1268, sharpe=26.36
    h5: std=0.0374, dir_acc=54.7%, pos=100%, unique=1262, sharpe=26.69
  Aggregate: std_avg=0.0384, dir_acc_avg=54.5%, composite_avg=0.4242
  H1 detail: range=0.3515, mean=0.0738, dist_match=0.5720
  Collapse penalty: 0.000000 (threshold: 0.005000)
  Saved validation predictions to: experiments/10_overnight_sweep/daily_7q_h5_s42/collapse_monitoring/val_predictions_epoch22.npz
  Gradient norms:
    lstm_encoder: 0.027639
    lstm_decoder: 0.005358
    output_layer: 0.042675
  VSN output std:
    encoder: 0.196937
  Attention entropy: 2.909946
  Saved to: experiments/10_overnight_sweep/daily_7q_h5_s42/collapse_monitoring/collapse_monitor_latest.json
[DEBUG CollapseMonitor] on_validation_epoch_start called for epoch 23
[DEBUG CollapseMonitor] reset_temporal_state() called on loss function
Epoch 23: val_loss=0.4127811789512634
Epoch 23: train_loss=0.42401474714279175

[CollapseMonitor] Epoch 23
  [DEBUG] Processed 20 batches, 5 horizon(s)
  Multi-horizon metrics (5 horizons):
    h1: std=0.0342, dir_acc=54.0%, pos=97%, unique=1272, sharpe=30.09
    h2: std=0.0329, dir_acc=54.5%, pos=98%, unique=1262, sharpe=31.17
    h3: std=0.0326, dir_acc=54.9%, pos=100%, unique=1262, sharpe=30.31
    h4: std=0.0320, dir_acc=54.9%, pos=100%, unique=1251, sharpe=30.19
    h5: std=0.0309, dir_acc=54.6%, pos=100%, unique=1260, sharpe=31.49
  Aggregate: std_avg=0.0325, dir_acc_avg=54.6%, composite_avg=0.4249
  H1 detail: range=0.3342, mean=0.0648, dist_match=0.5743
  Collapse penalty: 0.000000 (threshold: 0.005000)
  Saved validation predictions to: experiments/10_overnight_sweep/daily_7q_h5_s42/collapse_monitoring/val_predictions_epoch23.npz
  Gradient norms:
    lstm_encoder: 0.026170
    lstm_decoder: 0.005601
    output_layer: 0.041888
  VSN output std:
    encoder: 0.197944
  Attention entropy: 2.911239
  Saved to: experiments/10_overnight_sweep/daily_7q_h5_s42/collapse_monitoring/collapse_monitor_latest.json
[DEBUG CollapseMonitor] on_validation_epoch_start called for epoch 24
[DEBUG CollapseMonitor] reset_temporal_state() called on loss function
Epoch 24: val_loss=0.4138815104961395
Epoch 24: train_loss=0.42369750142097473

[CollapseMonitor] Epoch 24
  [DEBUG] Processed 20 batches, 5 horizon(s)
  Multi-horizon metrics (5 horizons):
    h1: std=0.0344, dir_acc=53.9%, pos=95%, unique=1269, sharpe=30.86
    h2: std=0.0285, dir_acc=54.6%, pos=97%, unique=1262, sharpe=38.68
    h3: std=0.0248, dir_acc=54.7%, pos=100%, unique=1264, sharpe=43.96
    h4: std=0.0226, dir_acc=54.7%, pos=100%, unique=1266, sharpe=48.01
    h5: std=0.0211, dir_acc=54.6%, pos=100%, unique=1265, sharpe=52.03
  Aggregate: std_avg=0.0263, dir_acc_avg=54.5%, composite_avg=0.4264
  H1 detail: range=0.3581, mean=0.0669, dist_match=0.5955
  Collapse penalty: 0.000000 (threshold: 0.005000)
  Saved validation predictions to: experiments/10_overnight_sweep/daily_7q_h5_s42/collapse_monitoring/val_predictions_epoch24.npz
  Gradient norms:
    lstm_encoder: 0.028126
    lstm_decoder: 0.005686
    output_layer: 0.039186
  VSN output std:
    encoder: 0.201042
  Attention entropy: 2.901594
  Saved to: experiments/10_overnight_sweep/daily_7q_h5_s42/collapse_monitoring/collapse_monitor_latest.json
[DEBUG CollapseMonitor] on_validation_epoch_start called for epoch 25
[DEBUG CollapseMonitor] reset_temporal_state() called on loss function
Epoch 25: val_loss=0.4123079180717468
Epoch 25: train_loss=0.4238303303718567

[CollapseMonitor] Epoch 25
  [DEBUG] Processed 20 batches, 5 horizon(s)
  Multi-horizon metrics (5 horizons):
    h1: std=0.0342, dir_acc=53.8%, pos=96%, unique=1274, sharpe=30.64
    h2: std=0.0289, dir_acc=54.6%, pos=98%, unique=1270, sharpe=36.62
    h3: std=0.0259, dir_acc=54.5%, pos=99%, unique=1264, sharpe=39.95
    h4: std=0.0240, dir_acc=54.6%, pos=100%, unique=1269, sharpe=42.52
    h5: std=0.0227, dir_acc=54.5%, pos=100%, unique=1270, sharpe=45.46
  Aggregate: std_avg=0.0271, dir_acc_avg=54.4%, composite_avg=0.4254
  H1 detail: range=0.3524, mean=0.0661, dist_match=0.5900
  Collapse penalty: 0.000000 (threshold: 0.005000)
  Saved validation predictions to: experiments/10_overnight_sweep/daily_7q_h5_s42/collapse_monitoring/val_predictions_epoch25.npz
  Gradient norms:
    lstm_encoder: 0.030798
    lstm_decoder: 0.006214
    output_layer: 0.040334
  VSN output std:
    encoder: 0.192367
  Attention entropy: 2.900524
  Saved to: experiments/10_overnight_sweep/daily_7q_h5_s42/collapse_monitoring/collapse_monitor_latest.json
[DEBUG CollapseMonitor] on_validation_epoch_start called for epoch 26
[DEBUG CollapseMonitor] reset_temporal_state() called on loss function
Epoch 26: val_loss=0.41329917311668396
Epoch 26: train_loss=0.4236503839492798

[CollapseMonitor] Epoch 26
  [DEBUG] Processed 20 batches, 5 horizon(s)
  Multi-horizon metrics (5 horizons):
    h1: std=0.0325, dir_acc=54.1%, pos=95%, unique=1270, sharpe=24.91
    h2: std=0.0271, dir_acc=54.4%, pos=96%, unique=1268, sharpe=29.05
    h3: std=0.0237, dir_acc=54.5%, pos=97%, unique=1266, sharpe=31.41
    h4: std=0.0215, dir_acc=54.8%, pos=97%, unique=1263, sharpe=33.39
    h5: std=0.0200, dir_acc=55.2%, pos=98%, unique=1265, sharpe=35.90
  Aggregate: std_avg=0.0250, dir_acc_avg=54.6%, composite_avg=0.4317
  H1 detail: range=0.3171, mean=0.0510, dist_match=0.6009
  Collapse penalty: 0.000000 (threshold: 0.005000)
  Saved validation predictions to: experiments/10_overnight_sweep/daily_7q_h5_s42/collapse_monitoring/val_predictions_epoch26.npz
  Gradient norms:
    lstm_encoder: 0.033285
    lstm_decoder: 0.006934
    output_layer: 0.042465
  VSN output std:
    encoder: 0.195804
  Attention entropy: 2.902433
  Saved to: experiments/10_overnight_sweep/daily_7q_h5_s42/collapse_monitoring/collapse_monitor_latest.json
[DEBUG CollapseMonitor] on_validation_epoch_start called for epoch 27
[DEBUG CollapseMonitor] reset_temporal_state() called on loss function
Epoch 27: val_loss=0.4127708375453949
Epoch 27: train_loss=0.4228302538394928

[CollapseMonitor] Epoch 27
  [DEBUG] Processed 20 batches, 5 horizon(s)
  Multi-horizon metrics (5 horizons):
    h1: std=0.0305, dir_acc=54.1%, pos=97%, unique=1267, sharpe=32.72
    h2: std=0.0263, dir_acc=54.4%, pos=98%, unique=1268, sharpe=37.80
    h3: std=0.0240, dir_acc=54.6%, pos=99%, unique=1262, sharpe=39.85
    h4: std=0.0224, dir_acc=54.6%, pos=100%, unique=1269, sharpe=41.22
    h5: std=0.0212, dir_acc=54.8%, pos=100%, unique=1256, sharpe=43.27
  Aggregate: std_avg=0.0249, dir_acc_avg=54.5%, composite_avg=0.4253
  H1 detail: range=0.3229, mean=0.0629, dist_match=0.5814
  Collapse penalty: 0.000000 (threshold: 0.005000)
  Saved validation predictions to: experiments/10_overnight_sweep/daily_7q_h5_s42/collapse_monitoring/val_predictions_epoch27.npz
  Gradient norms:
    lstm_encoder: 0.031900
    lstm_decoder: 0.007277
    output_layer: 0.041584
  VSN output std:
    encoder: 0.201854
  Attention entropy: 2.894913
  Saved to: experiments/10_overnight_sweep/daily_7q_h5_s42/collapse_monitoring/collapse_monitor_latest.json
[DEBUG CollapseMonitor] on_validation_epoch_start called for epoch 28
[DEBUG CollapseMonitor] reset_temporal_state() called on loss function
Epoch 28: val_loss=0.4176275134086609
Epoch 28: train_loss=0.4225924015045166

[CollapseMonitor] Epoch 28
  [DEBUG] Processed 20 batches, 5 horizon(s)
  Multi-horizon metrics (5 horizons):
    h1: std=0.0326, dir_acc=54.8%, pos=98%, unique=1269, sharpe=38.91
    h2: std=0.0274, dir_acc=54.9%, pos=99%, unique=1272, sharpe=44.85
    h3: std=0.0245, dir_acc=54.8%, pos=100%, unique=1267, sharpe=48.02
    h4: std=0.0229, dir_acc=54.7%, pos=100%, unique=1269, sharpe=49.96
    h5: std=0.0220, dir_acc=54.8%, pos=100%, unique=1262, sharpe=51.80
  Aggregate: std_avg=0.0259, dir_acc_avg=54.8%, composite_avg=0.4261
  H1 detail: range=0.3133, mean=0.0798, dist_match=0.5696
  Collapse penalty: 0.000000 (threshold: 0.005000)
  Saved validation predictions to: experiments/10_overnight_sweep/daily_7q_h5_s42/collapse_monitoring/val_predictions_epoch28.npz
  Gradient norms:
    lstm_encoder: 0.030762
    lstm_decoder: 0.007025
    output_layer: 0.038184
  VSN output std:
    encoder: 0.194981
  Attention entropy: 2.895032
  Saved to: experiments/10_overnight_sweep/daily_7q_h5_s42/collapse_monitoring/collapse_monitor_latest.json
[DEBUG CollapseMonitor] on_validation_epoch_start called for epoch 29
[DEBUG CollapseMonitor] reset_temporal_state() called on loss function
Epoch 29: val_loss=0.41491732001304626
Epoch 29: train_loss=0.42257723212242126

[CollapseMonitor] Epoch 29
  [DEBUG] Processed 20 batches, 5 horizon(s)
  Multi-horizon metrics (5 horizons):
    h1: std=0.0342, dir_acc=54.6%, pos=97%, unique=1270, sharpe=31.04
    h2: std=0.0302, dir_acc=54.7%, pos=100%, unique=1266, sharpe=33.79
    h3: std=0.0287, dir_acc=54.8%, pos=100%, unique=1270, sharpe=34.11
    h4: std=0.0279, dir_acc=54.9%, pos=100%, unique=1276, sharpe=34.08
    h5: std=0.0273, dir_acc=54.8%, pos=100%, unique=1269, sharpe=34.63
  Aggregate: std_avg=0.0296, dir_acc_avg=54.7%, composite_avg=0.4257
  H1 detail: range=0.3481, mean=0.0668, dist_match=0.5806
  Collapse penalty: 0.000000 (threshold: 0.005000)
  Saved validation predictions to: experiments/10_overnight_sweep/daily_7q_h5_s42/collapse_monitoring/val_predictions_epoch29.npz
  Gradient norms:
    lstm_encoder: 0.031313
    lstm_decoder: 0.007582
    output_layer: 0.043731
  VSN output std:
    encoder: 0.194690
  Attention entropy: 2.894066
  Saved to: experiments/10_overnight_sweep/daily_7q_h5_s42/collapse_monitoring/collapse_monitor_latest.json
[DEBUG CollapseMonitor] on_validation_epoch_start called for epoch 30
[DEBUG CollapseMonitor] reset_temporal_state() called on loss function
Epoch 30: val_loss=0.4199555814266205
Epoch 30: train_loss=0.42169323563575745

[CollapseMonitor] Epoch 30
  [DEBUG] Processed 20 batches, 5 horizon(s)
  Multi-horizon metrics (5 horizons):
    h1: std=0.0332, dir_acc=54.4%, pos=97%, unique=1270, sharpe=35.37
    h2: std=0.0272, dir_acc=54.7%, pos=98%, unique=1267, sharpe=40.45
    h3: std=0.0241, dir_acc=54.6%, pos=100%, unique=1268, sharpe=43.46
    h4: std=0.0224, dir_acc=54.8%, pos=100%, unique=1263, sharpe=45.27
    h5: std=0.0215, dir_acc=54.9%, pos=100%, unique=1259, sharpe=46.88
  Aggregate: std_avg=0.0257, dir_acc_avg=54.7%, composite_avg=0.4255
  H1 detail: range=0.3237, mean=0.0740, dist_match=0.5736
  Collapse penalty: 0.000000 (threshold: 0.005000)
  Saved validation predictions to: experiments/10_overnight_sweep/daily_7q_h5_s42/collapse_monitoring/val_predictions_epoch30.npz
  Gradient norms:
    lstm_encoder: 0.031027
    lstm_decoder: 0.008124
    output_layer: 0.044066
  VSN output std:
    encoder: 0.198027
  Attention entropy: 2.905503
  Saved to: experiments/10_overnight_sweep/daily_7q_h5_s42/collapse_monitoring/collapse_monitor_latest.json
[DEBUG CollapseMonitor] on_validation_epoch_start called for epoch 31
[DEBUG CollapseMonitor] reset_temporal_state() called on loss function
Epoch 31: val_loss=0.41803547739982605
Epoch 31: train_loss=0.42192548513412476

[CollapseMonitor] Epoch 31
  [DEBUG] Processed 20 batches, 5 horizon(s)
  Multi-horizon metrics (5 horizons):
    h1: std=0.0340, dir_acc=54.7%, pos=98%, unique=1266, sharpe=38.84
    h2: std=0.0295, dir_acc=54.5%, pos=100%, unique=1267, sharpe=42.56
    h3: std=0.0276, dir_acc=54.9%, pos=100%, unique=1270, sharpe=43.75
    h4: std=0.0266, dir_acc=54.9%, pos=100%, unique=1268, sharpe=44.30
    h5: std=0.0258, dir_acc=54.8%, pos=100%, unique=1268, sharpe=45.15
  Aggregate: std_avg=0.0287, dir_acc_avg=54.7%, composite_avg=0.4248
  H1 detail: range=0.3296, mean=0.0831, dist_match=0.5657
  Collapse penalty: 0.000000 (threshold: 0.005000)
  Saved validation predictions to: experiments/10_overnight_sweep/daily_7q_h5_s42/collapse_monitoring/val_predictions_epoch31.npz
  Gradient norms:
    lstm_encoder: 0.034758
    lstm_decoder: 0.009021
    output_layer: 0.045145
  VSN output std:
    encoder: 0.191221
  Attention entropy: 2.888294
  Saved to: experiments/10_overnight_sweep/daily_7q_h5_s42/collapse_monitoring/collapse_monitor_latest.json
[DEBUG CollapseMonitor] on_validation_epoch_start called for epoch 32
[DEBUG CollapseMonitor] reset_temporal_state() called on loss function
Epoch 32: val_loss=0.41755416989326477
Epoch 32: train_loss=0.4219167232513428

[CollapseMonitor] Epoch 32
  [DEBUG] Processed 20 batches, 5 horizon(s)
  Multi-horizon metrics (5 horizons):
    h1: std=0.0357, dir_acc=54.6%, pos=98%, unique=1271, sharpe=36.58
    h2: std=0.0310, dir_acc=54.7%, pos=100%, unique=1271, sharpe=39.42
    h3: std=0.0289, dir_acc=54.9%, pos=100%, unique=1270, sharpe=40.27
    h4: std=0.0275, dir_acc=54.8%, pos=100%, unique=1270, sharpe=40.66
    h5: std=0.0266, dir_acc=54.7%, pos=100%, unique=1268, sharpe=41.28
  Aggregate: std_avg=0.0299, dir_acc_avg=54.7%, composite_avg=0.4253
  H1 detail: range=0.3296, mean=0.0822, dist_match=0.5712
  Collapse penalty: 0.000000 (threshold: 0.005000)
  Saved validation predictions to: experiments/10_overnight_sweep/daily_7q_h5_s42/collapse_monitoring/val_predictions_epoch32.npz
  Gradient norms:
    lstm_encoder: 0.032365
    lstm_decoder: 0.007001
    output_layer: 0.042246
  VSN output std:
    encoder: 0.190971
  Attention entropy: 2.876950
  Saved to: experiments/10_overnight_sweep/daily_7q_h5_s42/collapse_monitoring/collapse_monitor_latest.json
[DEBUG CollapseMonitor] on_validation_epoch_start called for epoch 33
[DEBUG CollapseMonitor] reset_temporal_state() called on loss function
Epoch 33: val_loss=0.42239096760749817
Epoch 33: train_loss=0.42169222235679626

[CollapseMonitor] Epoch 33
  [DEBUG] Processed 20 batches, 5 horizon(s)
  Multi-horizon metrics (5 horizons):
    h1: std=0.0325, dir_acc=54.5%, pos=99%, unique=1270, sharpe=44.20
    h2: std=0.0283, dir_acc=54.5%, pos=100%, unique=1269, sharpe=47.76
    h3: std=0.0264, dir_acc=54.9%, pos=100%, unique=1265, sharpe=48.89
    h4: std=0.0255, dir_acc=54.9%, pos=100%, unique=1265, sharpe=49.26
    h5: std=0.0249, dir_acc=54.9%, pos=100%, unique=1265, sharpe=49.64
  Aggregate: std_avg=0.0275, dir_acc_avg=54.7%, composite_avg=0.4242
  H1 detail: range=0.3053, mean=0.0904, dist_match=0.5563
  Collapse penalty: 0.000000 (threshold: 0.005000)
  Saved validation predictions to: experiments/10_overnight_sweep/daily_7q_h5_s42/collapse_monitoring/val_predictions_epoch33.npz
  Gradient norms:
    lstm_encoder: 0.031560
    lstm_decoder: 0.008392
    output_layer: 0.039944
  VSN output std:
    encoder: 0.190815
  Attention entropy: 2.882043
  Saved to: experiments/10_overnight_sweep/daily_7q_h5_s42/collapse_monitoring/collapse_monitor_latest.json
[DEBUG CollapseMonitor] on_validation_epoch_start called for epoch 34
[DEBUG CollapseMonitor] reset_temporal_state() called on loss function
Epoch 34: val_loss=0.42006945610046387
Epoch 34: train_loss=0.4215432107448578

[CollapseMonitor] Epoch 34
  [DEBUG] Processed 20 batches, 5 horizon(s)
  Multi-horizon metrics (5 horizons):
    h1: std=0.0343, dir_acc=54.5%, pos=98%, unique=1265, sharpe=41.65
    h2: std=0.0300, dir_acc=54.6%, pos=100%, unique=1274, sharpe=44.44
    h3: std=0.0280, dir_acc=55.0%, pos=100%, unique=1269, sharpe=45.43
    h4: std=0.0268, dir_acc=54.7%, pos=100%, unique=1270, sharpe=45.98
    h5: std=0.0261, dir_acc=54.6%, pos=100%, unique=1270, sharpe=46.59
  Aggregate: std_avg=0.0290, dir_acc_avg=54.7%, composite_avg=0.4246
  H1 detail: range=0.3053, mean=0.0900, dist_match=0.5626
  Collapse penalty: 0.000000 (threshold: 0.005000)
  Saved validation predictions to: experiments/10_overnight_sweep/daily_7q_h5_s42/collapse_monitoring/val_predictions_epoch34.npz
  Gradient norms:
    lstm_encoder: 0.033773
    lstm_decoder: 0.008439
    output_layer: 0.037417
  VSN output std:
    encoder: 0.186964
  Attention entropy: 2.874691
  Saved to: experiments/10_overnight_sweep/daily_7q_h5_s42/collapse_monitoring/collapse_monitor_latest.json
[DEBUG CollapseMonitor] on_validation_epoch_start called for epoch 35
[DEBUG CollapseMonitor] reset_temporal_state() called on loss function
Epoch 35: val_loss=0.4210335910320282
Epoch 35: train_loss=0.4209122359752655

[CollapseMonitor] Epoch 35
  [DEBUG] Processed 20 batches, 5 horizon(s)
  Multi-horizon metrics (5 horizons):
    h1: std=0.0366, dir_acc=54.3%, pos=98%, unique=1275, sharpe=39.77
    h2: std=0.0313, dir_acc=54.7%, pos=100%, unique=1267, sharpe=43.27
    h3: std=0.0284, dir_acc=55.0%, pos=100%, unique=1263, sharpe=45.44
    h4: std=0.0264, dir_acc=54.8%, pos=100%, unique=1272, sharpe=47.17
    h5: std=0.0251, dir_acc=54.8%, pos=100%, unique=1269, sharpe=48.80
  Aggregate: std_avg=0.0296, dir_acc_avg=54.7%, composite_avg=0.4250
  H1 detail: range=0.3178, mean=0.0918, dist_match=0.5681
  Collapse penalty: 0.000000 (threshold: 0.005000)
  Saved validation predictions to: experiments/10_overnight_sweep/daily_7q_h5_s42/collapse_monitoring/val_predictions_epoch35.npz
  Gradient norms:
    lstm_encoder: 0.036237
    lstm_decoder: 0.008304
    output_layer: 0.043057
  VSN output std:
    encoder: 0.188292
  Attention entropy: 2.872078
  Saved to: experiments/10_overnight_sweep/daily_7q_h5_s42/collapse_monitoring/collapse_monitor_latest.json


======================================================================
Training complete
======================================================================

Best val_loss checkpoint: experiments/10_overnight_sweep/daily_7q_h5_s42/checkpoints/tft-epoch=epoch=25-valloss=val_loss=0.4123.ckpt
Best validation loss: 0.412308
Checkpoints saved:
  - Best val_loss: experiments/10_overnight_sweep/daily_7q_h5_s42/checkpoints/tft-epoch=epoch=25-valloss=val_loss=0.4123.ckpt
  - Best pred_std: experiments/10_overnight_sweep/daily_7q_h5_s42/checkpoints/tft-epoch=epoch=19-predstd=val_pred_std=0.0465.ckpt
  - Best unique: experiments/10_overnight_sweep/daily_7q_h5_s42/checkpoints/tft-epoch=epoch=35-unique=val_num_unique=1275.ckpt
  - Best dir_acc: experiments/10_overnight_sweep/daily_7q_h5_s42/checkpoints/tft-epoch=epoch=03-diracc=val_dir_acc=0.5477.ckpt
  - Best sharpe: experiments/10_overnight_sweep/daily_7q_h5_s42/checkpoints/tft-epoch=epoch=05-sharpe=val_sharpe=53.0325.ckpt
  - Best composite: experiments/10_overnight_sweep/daily_7q_h5_s42/checkpoints/tft-epoch=epoch=04-composite=val_composite=0.4561.ckpt
Completed at: 2025-12-04 10:18:31
Log saved to: experiments/10_overnight_sweep/daily_7q_h5_s42/training_20251204_100839.log
======================================================================
