
[INFO] Using AUTO device selection.

[INFO] Patched matplotlib.Axes.errorbar to abs() negative yerr for robustness.
======================================================================
Training TFT: 03_distribution_loss/mean_01
======================================================================
Logging to: experiments/03_distribution_loss/mean_01/training_20251102_000807.log
Started at: 2025-11-02 00:08:07
======================================================================
Configuration saved to: experiments/03_distribution_loss/mean_01/config.json

Loading data splits...
Train: 6074 samples
Val: 1302 samples
Test: 1302 samples

Preparing TimeSeriesDataSet...

Dropping source columns (used for staleness only): ['CPI']

Final features for TFT: ['SP500_Returns', 'VIX', 'Treasury_10Y', 'Yield_Spread', 'Inflation_YoY']

======================================================================
FEATURE STATISTICS - BEFORE NORMALIZATION
======================================================================
VIX                             mean= 19.7438  std=  8.0295  min=  9.3100  max= 80.8600
Treasury_10Y                    mean=  4.7672  std=  1.6903  min=  1.4300  max=  8.3600
Yield_Spread                    mean=  1.2778  std=  0.9179  min= -0.5200  max=  2.9100
Inflation_YoY                   mean=  2.5322  std=  1.1865  min= -2.1498  max=  6.7300

======================================================================
FEATURES AFTER GROUPNORMALIZER (first batch, last timestep)
======================================================================
VIX                             normalized_value=  1.0000
Treasury_10Y                    normalized_value= -0.0500
Yield_Spread                    normalized_value=  0.0817
Inflation_YoY                   normalized_value=  0.8774
======================================================================

Batches per epoch: 94
[DEBUG] Validation batches: 21
[DEBUG] Validation dataset size: 1282
[DEBUG] Batch size: 64

Initializing model...

>>> Distribution penalties enabled:
    mean_weight=0.1
    std_weight=0.0
Model parameters: 22,615

Starting training...
Checkpoints will be saved to: experiments/03_distribution_loss/mean_01/checkpoints/
Logs will be saved to: experiments/03_distribution_loss/mean_01/logs/

Epoch 0: val_loss=N/A
Epoch 0: val_loss=0.5970184803009033
Epoch 0: train_loss=0.6902838945388794

[CollapseMonitor] Epoch 0
  [DEBUG] Processed 21 batches from val_dataloader
  [DEBUG] Predictions shape after concat: (1282,)
  [DEBUG] All predictions list length: 21
  [DEBUG] First batch shape: (64,)
  Pred std: 0.030255, range: 0.120922, mean: -0.001129
  Pos: 47.1%, Neg: 52.9%, Unique: 1267
  Saved validation predictions to: experiments/03_distribution_loss/mean_01/collapse_monitoring/val_predictions_epoch0.npy
  Gradient norms:
    lstm_encoder: 0.008997
    lstm_decoder: 0.014011
    multihead_attn: 0.009019
    output_layer: 0.638181
  VSN output std:
    encoder: 0.156172
  Attention entropy: 2.991277
  Saved to: experiments/03_distribution_loss/mean_01/collapse_monitoring/collapse_monitor_epoch0.json
  [DistLoss] pred_mean=-0.048483 (target=0.000300), pred_std=nan (target=0.010000)
Epoch 1: val_loss=0.49958038330078125
Epoch 1: train_loss=0.5791283249855042

[CollapseMonitor] Epoch 1
  [DEBUG] Processed 21 batches from val_dataloader
  [DEBUG] Predictions shape after concat: (1282,)
  [DEBUG] All predictions list length: 21
  [DEBUG] First batch shape: (64,)
  Pred std: 0.019054, range: 0.085482, mean: -0.029092
  Pos: 9.0%, Neg: 91.0%, Unique: 1262
  Saved validation predictions to: experiments/03_distribution_loss/mean_01/collapse_monitoring/val_predictions_epoch1.npy
  Gradient norms:
    lstm_encoder: 0.006655
    lstm_decoder: 0.008758
    multihead_attn: 0.004921
    output_layer: 0.450601
  VSN output std:
    encoder: 0.165626
  Attention entropy: 2.993698
  Saved to: experiments/03_distribution_loss/mean_01/collapse_monitoring/collapse_monitor_epoch1.json
  [DistLoss] pred_mean=-0.060179 (target=0.000300), pred_std=nan (target=0.010000)
Epoch 2: val_loss=0.4636809527873993
Epoch 2: train_loss=0.5013571977615356

[CollapseMonitor] Epoch 2
  [DEBUG] Processed 21 batches from val_dataloader
  [DEBUG] Predictions shape after concat: (1282,)
  [DEBUG] All predictions list length: 21
  [DEBUG] First batch shape: (64,)
  Pred std: 0.018609, range: 0.090783, mean: 0.005753
  Pos: 63.2%, Neg: 36.8%, Unique: 1266
  Saved validation predictions to: experiments/03_distribution_loss/mean_01/collapse_monitoring/val_predictions_epoch2.npy
  Gradient norms:
    lstm_encoder: 0.004426
    lstm_decoder: 0.004457
    multihead_attn: 0.003012
    output_layer: 0.241038
  VSN output std:
    encoder: 0.169457
  Attention entropy: 2.994650
  Saved to: experiments/03_distribution_loss/mean_01/collapse_monitoring/collapse_monitor_epoch2.json
  [DistLoss] pred_mean=-0.025477 (target=0.000300), pred_std=nan (target=0.010000)
Epoch 3: val_loss=0.4561843276023865
Epoch 3: train_loss=0.4724613428115845

[CollapseMonitor] Epoch 3
  [DEBUG] Processed 21 batches from val_dataloader
  [DEBUG] Predictions shape after concat: (1282,)
  [DEBUG] All predictions list length: 21
  [DEBUG] First batch shape: (64,)
  Pred std: 0.017595, range: 0.086641, mean: 0.010612
  Pos: 75.0%, Neg: 25.0%, Unique: 1266
  Saved validation predictions to: experiments/03_distribution_loss/mean_01/collapse_monitoring/val_predictions_epoch3.npy
  Gradient norms:
    lstm_encoder: 0.003097
    lstm_decoder: 0.002953
    multihead_attn: 0.002066
    output_layer: 0.132658
  VSN output std:
    encoder: 0.171840
  Attention entropy: 2.994570
  Saved to: experiments/03_distribution_loss/mean_01/collapse_monitoring/collapse_monitor_epoch3.json
  [DistLoss] pred_mean=-0.019572 (target=0.000300), pred_std=nan (target=0.010000)
Epoch 4: val_loss=0.451467901468277
Epoch 4: train_loss=0.4627160131931305

[CollapseMonitor] Epoch 4
  [DEBUG] Processed 21 batches from val_dataloader
  [DEBUG] Predictions shape after concat: (1282,)
  [DEBUG] All predictions list length: 21
  [DEBUG] First batch shape: (64,)
  Pred std: 0.017961, range: 0.087986, mean: -0.012646
  Pos: 20.4%, Neg: 79.6%, Unique: 1256
  Saved validation predictions to: experiments/03_distribution_loss/mean_01/collapse_monitoring/val_predictions_epoch4.npy
  Gradient norms:
    lstm_encoder: 0.003104
    lstm_decoder: 0.002827
    multihead_attn: 0.001824
    output_layer: 0.109005
  VSN output std:
    encoder: 0.187854
  Attention entropy: 2.994481
  Saved to: experiments/03_distribution_loss/mean_01/collapse_monitoring/collapse_monitor_epoch4.json
  [DistLoss] pred_mean=-0.042153 (target=0.000300), pred_std=nan (target=0.010000)
Epoch 5: val_loss=0.44905921816825867
Epoch 5: train_loss=0.4589165151119232

[CollapseMonitor] Epoch 5
  [DEBUG] Processed 21 batches from val_dataloader
  [DEBUG] Predictions shape after concat: (1282,)
  [DEBUG] All predictions list length: 21
  [DEBUG] First batch shape: (64,)
  Pred std: 0.016472, range: 0.086568, mean: 0.011548
  Pos: 78.1%, Neg: 21.9%, Unique: 1258
  Saved validation predictions to: experiments/03_distribution_loss/mean_01/collapse_monitoring/val_predictions_epoch5.npy
  Gradient norms:
    lstm_encoder: 0.003125
    lstm_decoder: 0.002669
    multihead_attn: 0.001783
    output_layer: 0.100731
  VSN output std:
    encoder: 0.185689
  Attention entropy: 2.994401
  Saved to: experiments/03_distribution_loss/mean_01/collapse_monitoring/collapse_monitor_epoch5.json
  [DistLoss] pred_mean=-0.017042 (target=0.000300), pred_std=nan (target=0.010000)
Epoch 6: val_loss=0.44543153047561646
Epoch 6: train_loss=0.454987496137619

[CollapseMonitor] Epoch 6
  [DEBUG] Processed 21 batches from val_dataloader
  [DEBUG] Predictions shape after concat: (1282,)
  [DEBUG] All predictions list length: 21
  [DEBUG] First batch shape: (64,)
  Pred std: 0.017129, range: 0.101269, mean: 0.021989
  Pos: 94.0%, Neg: 6.0%, Unique: 1266
  Saved validation predictions to: experiments/03_distribution_loss/mean_01/collapse_monitoring/val_predictions_epoch6.npy
  Gradient norms:
    lstm_encoder: 0.003443
    lstm_decoder: 0.002687
    multihead_attn: 0.001893
    output_layer: 0.090038
  VSN output std:
    encoder: 0.181583
  Attention entropy: 2.993125
  Saved to: experiments/03_distribution_loss/mean_01/collapse_monitoring/collapse_monitor_epoch6.json
  [DistLoss] pred_mean=-0.011751 (target=0.000300), pred_std=nan (target=0.010000)
Epoch 7: val_loss=0.4406687319278717
Epoch 7: train_loss=0.45146965980529785

[CollapseMonitor] Epoch 7
  [DEBUG] Processed 21 batches from val_dataloader
  [DEBUG] Predictions shape after concat: (1282,)
  [DEBUG] All predictions list length: 21
  [DEBUG] First batch shape: (64,)
  Pred std: 0.019614, range: 0.127150, mean: 0.003693
  Pos: 62.2%, Neg: 37.8%, Unique: 1271
  Saved validation predictions to: experiments/03_distribution_loss/mean_01/collapse_monitoring/val_predictions_epoch7.npy
  Gradient norms:
    lstm_encoder: 0.004196
    lstm_decoder: 0.003012
    multihead_attn: 0.002215
    output_layer: 0.097463
  VSN output std:
    encoder: 0.172146
  Attention entropy: 2.987230
  Saved to: experiments/03_distribution_loss/mean_01/collapse_monitoring/collapse_monitor_epoch7.json
  [DistLoss] pred_mean=-0.058660 (target=0.000300), pred_std=nan (target=0.010000)
Epoch 8: val_loss=0.4327264428138733
Epoch 8: train_loss=0.44725504517555237

[CollapseMonitor] Epoch 8
  [DEBUG] Processed 21 batches from val_dataloader
  [DEBUG] Predictions shape after concat: (1282,)
  [DEBUG] All predictions list length: 21
  [DEBUG] First batch shape: (64,)
  Pred std: 0.034787, range: 0.176924, mean: 0.045355
  Pos: 84.1%, Neg: 15.9%, Unique: 1265
  Saved validation predictions to: experiments/03_distribution_loss/mean_01/collapse_monitoring/val_predictions_epoch8.npy
  Gradient norms:
    lstm_encoder: 0.004288
    lstm_decoder: 0.003047
    multihead_attn: 0.002657
    output_layer: 0.095847
  VSN output std:
    encoder: 0.167962
  Attention entropy: 2.982953
  Saved to: experiments/03_distribution_loss/mean_01/collapse_monitoring/collapse_monitor_epoch8.json
  [DistLoss] pred_mean=-0.042944 (target=0.000300), pred_std=nan (target=0.010000)
Epoch 9: val_loss=0.43043282628059387
Epoch 9: train_loss=0.44148576259613037

[CollapseMonitor] Epoch 9
  [DEBUG] Processed 21 batches from val_dataloader
  [DEBUG] Predictions shape after concat: (1282,)
  [DEBUG] All predictions list length: 21
  [DEBUG] First batch shape: (64,)
  Pred std: 0.038024, range: 0.223928, mean: 0.047244
  Pos: 88.8%, Neg: 11.2%, Unique: 1261
  Saved validation predictions to: experiments/03_distribution_loss/mean_01/collapse_monitoring/val_predictions_epoch9.npy
  Gradient norms:
    lstm_encoder: 0.004907
    lstm_decoder: 0.003405
    multihead_attn: 0.002778
    output_layer: 0.100944
  VSN output std:
    encoder: 0.172245
  Attention entropy: 2.991198
  Saved to: experiments/03_distribution_loss/mean_01/collapse_monitoring/collapse_monitor_epoch9.json
  [DistLoss] pred_mean=-0.077912 (target=0.000300), pred_std=nan (target=0.010000)
Epoch 10: val_loss=0.4278753399848938
Epoch 10: train_loss=0.4394418001174927

[CollapseMonitor] Epoch 10
  [DEBUG] Processed 21 batches from val_dataloader
  [DEBUG] Predictions shape after concat: (1282,)
  [DEBUG] All predictions list length: 21
  [DEBUG] First batch shape: (64,)
  Pred std: 0.034491, range: 0.224289, mean: 0.039553
  Pos: 88.5%, Neg: 11.5%, Unique: 1258
  Saved validation predictions to: experiments/03_distribution_loss/mean_01/collapse_monitoring/val_predictions_epoch10.npy
  Gradient norms:
    lstm_encoder: 0.005374
    lstm_decoder: 0.003525
    multihead_attn: 0.002899
    output_layer: 0.099041
  VSN output std:
    encoder: 0.170927
  Attention entropy: 2.988036
  Saved to: experiments/03_distribution_loss/mean_01/collapse_monitoring/collapse_monitor_epoch10.json
  [DistLoss] pred_mean=-0.077329 (target=0.000300), pred_std=nan (target=0.010000)
Epoch 11: val_loss=0.4264192283153534
Epoch 11: train_loss=0.4372512996196747

[CollapseMonitor] Epoch 11
  [DEBUG] Processed 21 batches from val_dataloader
  [DEBUG] Predictions shape after concat: (1282,)
  [DEBUG] All predictions list length: 21
  [DEBUG] First batch shape: (64,)
  Pred std: 0.032416, range: 0.224219, mean: 0.037510
  Pos: 88.8%, Neg: 11.2%, Unique: 1255
  Saved validation predictions to: experiments/03_distribution_loss/mean_01/collapse_monitoring/val_predictions_epoch11.npy
  Gradient norms:
    lstm_encoder: 0.005526
    lstm_decoder: 0.003528
    multihead_attn: 0.002947
    output_layer: 0.094835
  VSN output std:
    encoder: 0.169758
  Attention entropy: 2.988523
  Saved to: experiments/03_distribution_loss/mean_01/collapse_monitoring/collapse_monitor_epoch11.json
  [DistLoss] pred_mean=-0.074219 (target=0.000300), pred_std=nan (target=0.010000)
Epoch 12: val_loss=0.42678362131118774
Epoch 12: train_loss=0.4356481730937958

[CollapseMonitor] Epoch 12
  [DEBUG] Processed 21 batches from val_dataloader
  [DEBUG] Predictions shape after concat: (1282,)
  [DEBUG] All predictions list length: 21
  [DEBUG] First batch shape: (64,)
  Pred std: 0.026004, range: 0.207047, mean: 0.032610
  Pos: 92.7%, Neg: 7.3%, Unique: 1258
  Saved validation predictions to: experiments/03_distribution_loss/mean_01/collapse_monitoring/val_predictions_epoch12.npy
  Gradient norms:
    lstm_encoder: 0.005725
    lstm_decoder: 0.003576
    multihead_attn: 0.002858
    output_layer: 0.094887
  VSN output std:
    encoder: 0.167950
  Attention entropy: 2.992508
  Saved to: experiments/03_distribution_loss/mean_01/collapse_monitoring/collapse_monitor_epoch12.json
  [DistLoss] pred_mean=-0.086422 (target=0.000300), pred_std=nan (target=0.010000)
Epoch 13: val_loss=0.4256594181060791
Epoch 13: train_loss=0.43400824069976807

[CollapseMonitor] Epoch 13
  [DEBUG] Processed 21 batches from val_dataloader
  [DEBUG] Predictions shape after concat: (1282,)
  [DEBUG] All predictions list length: 21
  [DEBUG] First batch shape: (64,)
  Pred std: 0.028501, range: 0.208627, mean: 0.011422
  Pos: 88.6%, Neg: 11.4%, Unique: 1259
  Saved validation predictions to: experiments/03_distribution_loss/mean_01/collapse_monitoring/val_predictions_epoch13.npy
  Gradient norms:
    lstm_encoder: 0.006044
    lstm_decoder: 0.003746
    multihead_attn: 0.002824
    output_layer: 0.103807
  VSN output std:
    encoder: 0.166665
  Attention entropy: 2.990916
  Saved to: experiments/03_distribution_loss/mean_01/collapse_monitoring/collapse_monitor_epoch13.json
  [DistLoss] pred_mean=-0.118220 (target=0.000300), pred_std=nan (target=0.010000)
Epoch 14: val_loss=0.4243074655532837
Epoch 14: train_loss=0.4338845908641815

[CollapseMonitor] Epoch 14
  [DEBUG] Processed 21 batches from val_dataloader
  [DEBUG] Predictions shape after concat: (1282,)
  [DEBUG] All predictions list length: 21
  [DEBUG] First batch shape: (64,)
  Pred std: 0.028302, range: 0.224148, mean: 0.043309
  Pos: 93.3%, Neg: 6.7%, Unique: 1260
  Saved validation predictions to: experiments/03_distribution_loss/mean_01/collapse_monitoring/val_predictions_epoch14.npy
  Gradient norms:
    lstm_encoder: 0.006284
    lstm_decoder: 0.003793
    multihead_attn: 0.002819
    output_layer: 0.095118
  VSN output std:
    encoder: 0.165234
  Attention entropy: 2.990960
  Saved to: experiments/03_distribution_loss/mean_01/collapse_monitoring/collapse_monitor_epoch14.json
  [DistLoss] pred_mean=-0.092625 (target=0.000300), pred_std=nan (target=0.010000)
Epoch 15: val_loss=0.4235536456108093
Epoch 15: train_loss=0.4323093593120575

[CollapseMonitor] Epoch 15
  [DEBUG] Processed 21 batches from val_dataloader
  [DEBUG] Predictions shape after concat: (1282,)
  [DEBUG] All predictions list length: 21
  [DEBUG] First batch shape: (64,)
  Pred std: 0.026450, range: 0.221104, mean: 0.016514
  Pos: 91.4%, Neg: 8.6%, Unique: 1261
  Saved validation predictions to: experiments/03_distribution_loss/mean_01/collapse_monitoring/val_predictions_epoch15.npy
  Gradient norms:
    lstm_encoder: 0.006567
    lstm_decoder: 0.003818
    multihead_attn: 0.002869
    output_layer: 0.096264
  VSN output std:
    encoder: 0.164191
  Attention entropy: 2.990489
  Saved to: experiments/03_distribution_loss/mean_01/collapse_monitoring/collapse_monitor_epoch15.json
  [DistLoss] pred_mean=-0.109995 (target=0.000300), pred_std=nan (target=0.010000)
Epoch 16: val_loss=0.42196908593177795
Epoch 16: train_loss=0.43135955929756165

[CollapseMonitor] Epoch 16
  [DEBUG] Processed 21 batches from val_dataloader
  [DEBUG] Predictions shape after concat: (1282,)
  [DEBUG] All predictions list length: 21
  [DEBUG] First batch shape: (64,)
  Pred std: 0.028368, range: 0.221547, mean: 0.037060
  Pos: 92.6%, Neg: 7.4%, Unique: 1269
  Saved validation predictions to: experiments/03_distribution_loss/mean_01/collapse_monitoring/val_predictions_epoch16.npy
  Gradient norms:
    lstm_encoder: 0.007313
    lstm_decoder: 0.004083
    multihead_attn: 0.002740
    output_layer: 0.099041
  VSN output std:
    encoder: 0.162971
  Attention entropy: 2.986781
  Saved to: experiments/03_distribution_loss/mean_01/collapse_monitoring/collapse_monitor_epoch16.json
  [DistLoss] pred_mean=-0.097297 (target=0.000300), pred_std=nan (target=0.010000)
Epoch 17: val_loss=0.42044204473495483
Epoch 17: train_loss=0.4317328631877899

[CollapseMonitor] Epoch 17
  [DEBUG] Processed 21 batches from val_dataloader
  [DEBUG] Predictions shape after concat: (1282,)
  [DEBUG] All predictions list length: 21
  [DEBUG] First batch shape: (64,)
  Pred std: 0.032193, range: 0.233719, mean: 0.047394
  Pos: 92.6%, Neg: 7.4%, Unique: 1262
  Saved validation predictions to: experiments/03_distribution_loss/mean_01/collapse_monitoring/val_predictions_epoch17.npy
  Gradient norms:
    lstm_encoder: 0.007274
    lstm_decoder: 0.004017
    multihead_attn: 0.002640
    output_layer: 0.089568
  VSN output std:
    encoder: 0.162042
  Attention entropy: 2.986306
  Saved to: experiments/03_distribution_loss/mean_01/collapse_monitoring/collapse_monitor_epoch17.json
  [DistLoss] pred_mean=-0.097493 (target=0.000300), pred_std=nan (target=0.010000)
Epoch 18: val_loss=0.4198080003261566
Epoch 18: train_loss=0.42943811416625977

[CollapseMonitor] Epoch 18
  [DEBUG] Processed 21 batches from val_dataloader
  [DEBUG] Predictions shape after concat: (1282,)
  [DEBUG] All predictions list length: 21
  [DEBUG] First batch shape: (64,)
  Pred std: 0.028342, range: 0.222822, mean: 0.031999
  Pos: 92.6%, Neg: 7.4%, Unique: 1261
  Saved validation predictions to: experiments/03_distribution_loss/mean_01/collapse_monitoring/val_predictions_epoch18.npy
  Gradient norms:
    lstm_encoder: 0.007696
    lstm_decoder: 0.004224
    multihead_attn: 0.002634
    output_layer: 0.099414
  VSN output std:
    encoder: 0.163517
  Attention entropy: 2.987407
  Saved to: experiments/03_distribution_loss/mean_01/collapse_monitoring/collapse_monitor_epoch18.json
  [DistLoss] pred_mean=-0.094196 (target=0.000300), pred_std=nan (target=0.010000)
Epoch 19: val_loss=0.4177245497703552
Epoch 19: train_loss=0.43009644746780396

[CollapseMonitor] Epoch 19
  [DEBUG] Processed 21 batches from val_dataloader
  [DEBUG] Predictions shape after concat: (1282,)
  [DEBUG] All predictions list length: 21
  [DEBUG] First batch shape: (64,)
  Pred std: 0.027295, range: 0.196536, mean: 0.041100
  Pos: 93.1%, Neg: 6.9%, Unique: 1262
  Saved validation predictions to: experiments/03_distribution_loss/mean_01/collapse_monitoring/val_predictions_epoch19.npy
  Gradient norms:
    lstm_encoder: 0.007682
    lstm_decoder: 0.004264
    multihead_attn: 0.002516
    output_layer: 0.099301
  VSN output std:
    encoder: 0.165087
  Attention entropy: 2.982588
  Saved to: experiments/03_distribution_loss/mean_01/collapse_monitoring/collapse_monitor_epoch19.json
  [DistLoss] pred_mean=-0.079770 (target=0.000300), pred_std=nan (target=0.010000)
Epoch 20: val_loss=0.41727760434150696
Epoch 20: train_loss=0.4283618927001953

[CollapseMonitor] Epoch 20
  [DEBUG] Processed 21 batches from val_dataloader
  [DEBUG] Predictions shape after concat: (1282,)
  [DEBUG] All predictions list length: 21
  [DEBUG] First batch shape: (64,)
  Pred std: 0.028798, range: 0.206974, mean: 0.025407
  Pos: 91.5%, Neg: 8.5%, Unique: 1267
  Saved validation predictions to: experiments/03_distribution_loss/mean_01/collapse_monitoring/val_predictions_epoch20.npy
  Gradient norms:
    lstm_encoder: 0.008149
    lstm_decoder: 0.004427
    multihead_attn: 0.002408
    output_layer: 0.100272
  VSN output std:
    encoder: 0.164802
  Attention entropy: 2.980360
  Saved to: experiments/03_distribution_loss/mean_01/collapse_monitoring/collapse_monitor_epoch20.json
  [DistLoss] pred_mean=-0.104455 (target=0.000300), pred_std=nan (target=0.010000)
Epoch 21: val_loss=0.41630104184150696
Epoch 21: train_loss=0.4280829429626465

[CollapseMonitor] Epoch 21
  [DEBUG] Processed 21 batches from val_dataloader
  [DEBUG] Predictions shape after concat: (1282,)
  [DEBUG] All predictions list length: 21
  [DEBUG] First batch shape: (64,)
  Pred std: 0.028964, range: 0.234803, mean: 0.028874
  Pos: 91.9%, Neg: 8.1%, Unique: 1268
  Saved validation predictions to: experiments/03_distribution_loss/mean_01/collapse_monitoring/val_predictions_epoch21.npy
  Gradient norms:
    lstm_encoder: 0.008209
    lstm_decoder: 0.004313
    multihead_attn: 0.002426
    output_layer: 0.094216
  VSN output std:
    encoder: 0.164879
  Attention entropy: 2.974674
  Saved to: experiments/03_distribution_loss/mean_01/collapse_monitoring/collapse_monitor_epoch21.json
  [DistLoss] pred_mean=-0.088538 (target=0.000300), pred_std=nan (target=0.010000)
Epoch 22: val_loss=0.41568201780319214
Epoch 22: train_loss=0.4271192252635956

[CollapseMonitor] Epoch 22
  [DEBUG] Processed 21 batches from val_dataloader
  [DEBUG] Predictions shape after concat: (1282,)
  [DEBUG] All predictions list length: 21
  [DEBUG] First batch shape: (64,)
  Pred std: 0.029970, range: 0.234207, mean: 0.030969
  Pos: 92.0%, Neg: 8.0%, Unique: 1269
  Saved validation predictions to: experiments/03_distribution_loss/mean_01/collapse_monitoring/val_predictions_epoch22.npy
  Gradient norms:
    lstm_encoder: 0.008461
    lstm_decoder: 0.004575
    multihead_attn: 0.002535
    output_layer: 0.091855
  VSN output std:
    encoder: 0.166458
  Attention entropy: 2.971486
  Saved to: experiments/03_distribution_loss/mean_01/collapse_monitoring/collapse_monitor_epoch22.json
  [DistLoss] pred_mean=-0.096409 (target=0.000300), pred_std=nan (target=0.010000)
Epoch 23: val_loss=0.4143778681755066
Epoch 23: train_loss=0.42748215794563293

[CollapseMonitor] Epoch 23
  [DEBUG] Processed 21 batches from val_dataloader
  [DEBUG] Predictions shape after concat: (1282,)
  [DEBUG] All predictions list length: 21
  [DEBUG] First batch shape: (64,)
  Pred std: 0.031411, range: 0.226626, mean: 0.032894
  Pos: 91.3%, Neg: 8.7%, Unique: 1263
  Saved validation predictions to: experiments/03_distribution_loss/mean_01/collapse_monitoring/val_predictions_epoch23.npy
  Gradient norms:
    lstm_encoder: 0.009272
    lstm_decoder: 0.004792
    multihead_attn: 0.002513
    output_layer: 0.095058
  VSN output std:
    encoder: 0.166731
  Attention entropy: 2.964760
  Saved to: experiments/03_distribution_loss/mean_01/collapse_monitoring/collapse_monitor_epoch23.json
  [DistLoss] pred_mean=-0.097127 (target=0.000300), pred_std=nan (target=0.010000)
Epoch 24: val_loss=0.41338464617729187
Epoch 24: train_loss=0.42677047848701477

[CollapseMonitor] Epoch 24
  [DEBUG] Processed 21 batches from val_dataloader
  [DEBUG] Predictions shape after concat: (1282,)
  [DEBUG] All predictions list length: 21
  [DEBUG] First batch shape: (64,)
  Pred std: 0.032601, range: 0.259075, mean: 0.040444
  Pos: 92.4%, Neg: 7.6%, Unique: 1257
  Saved validation predictions to: experiments/03_distribution_loss/mean_01/collapse_monitoring/val_predictions_epoch24.npy
  Gradient norms:
    lstm_encoder: 0.009099
    lstm_decoder: 0.004897
    multihead_attn: 0.002473
    output_layer: 0.101015
  VSN output std:
    encoder: 0.167728
  Attention entropy: 2.959022
  Saved to: experiments/03_distribution_loss/mean_01/collapse_monitoring/collapse_monitor_epoch24.json
  [DistLoss] pred_mean=-0.070180 (target=0.000300), pred_std=nan (target=0.010000)
Epoch 25: val_loss=0.4135842025279999
Epoch 25: train_loss=0.4270225167274475

[CollapseMonitor] Epoch 25
  [DEBUG] Processed 21 batches from val_dataloader
  [DEBUG] Predictions shape after concat: (1282,)
  [DEBUG] All predictions list length: 21
  [DEBUG] First batch shape: (64,)
  Pred std: 0.028428, range: 0.215823, mean: 0.039856
  Pos: 92.4%, Neg: 7.6%, Unique: 1263
  Saved validation predictions to: experiments/03_distribution_loss/mean_01/collapse_monitoring/val_predictions_epoch25.npy
  Gradient norms:
    lstm_encoder: 0.008461
    lstm_decoder: 0.004542
    multihead_attn: 0.002274
    output_layer: 0.092965
  VSN output std:
    encoder: 0.168600
  Attention entropy: 2.973382
  Saved to: experiments/03_distribution_loss/mean_01/collapse_monitoring/collapse_monitor_epoch25.json
  [DistLoss] pred_mean=-0.060024 (target=0.000300), pred_std=nan (target=0.010000)
Epoch 26: val_loss=0.41273683309555054
Epoch 26: train_loss=0.4247986674308777

[CollapseMonitor] Epoch 26
  [DEBUG] Processed 21 batches from val_dataloader
  [DEBUG] Predictions shape after concat: (1282,)
  [DEBUG] All predictions list length: 21
  [DEBUG] First batch shape: (64,)
  Pred std: 0.026397, range: 0.218242, mean: 0.051848
  Pos: 95.1%, Neg: 4.9%, Unique: 1262
  Saved validation predictions to: experiments/03_distribution_loss/mean_01/collapse_monitoring/val_predictions_epoch26.npy
  Gradient norms:
    lstm_encoder: 0.009754
    lstm_decoder: 0.005226
    multihead_attn: 0.002217
    output_layer: 0.098277
  VSN output std:
    encoder: 0.167790
  Attention entropy: 2.973661
  Saved to: experiments/03_distribution_loss/mean_01/collapse_monitoring/collapse_monitor_epoch26.json
  [DistLoss] pred_mean=-0.032427 (target=0.000300), pred_std=nan (target=0.010000)
Epoch 27: val_loss=0.4113908112049103
Epoch 27: train_loss=0.42571473121643066

[CollapseMonitor] Epoch 27
  [DEBUG] Processed 21 batches from val_dataloader
  [DEBUG] Predictions shape after concat: (1282,)
  [DEBUG] All predictions list length: 21
  [DEBUG] First batch shape: (64,)
  Pred std: 0.032844, range: 0.262726, mean: 0.026050
  Pos: 92.0%, Neg: 8.0%, Unique: 1265
  Saved validation predictions to: experiments/03_distribution_loss/mean_01/collapse_monitoring/val_predictions_epoch27.npy
  Gradient norms:
    lstm_encoder: 0.009532
    lstm_decoder: 0.005197
    multihead_attn: 0.002259
    output_layer: 0.095219
  VSN output std:
    encoder: 0.168010
  Attention entropy: 2.954001
  Saved to: experiments/03_distribution_loss/mean_01/collapse_monitoring/collapse_monitor_epoch27.json
  [DistLoss] pred_mean=-0.085027 (target=0.000300), pred_std=nan (target=0.010000)
Epoch 28: val_loss=0.41194722056388855
Epoch 28: train_loss=0.42532771825790405

[CollapseMonitor] Epoch 28
  [DEBUG] Processed 21 batches from val_dataloader
  [DEBUG] Predictions shape after concat: (1282,)
  [DEBUG] All predictions list length: 21
  [DEBUG] First batch shape: (64,)
  Pred std: 0.026152, range: 0.233846, mean: 0.041895
  Pos: 93.8%, Neg: 6.2%, Unique: 1265
  Saved validation predictions to: experiments/03_distribution_loss/mean_01/collapse_monitoring/val_predictions_epoch28.npy
  Gradient norms:
    lstm_encoder: 0.009244
    lstm_decoder: 0.005108
    multihead_attn: 0.002205
    output_layer: 0.097682
  VSN output std:
    encoder: 0.167328
  Attention entropy: 2.970792
  Saved to: experiments/03_distribution_loss/mean_01/collapse_monitoring/collapse_monitor_epoch28.json
  [DistLoss] pred_mean=-0.034119 (target=0.000300), pred_std=nan (target=0.010000)
Epoch 29: val_loss=0.41065385937690735
Epoch 29: train_loss=0.42598265409469604

[CollapseMonitor] Epoch 29
  [DEBUG] Processed 21 batches from val_dataloader
  [DEBUG] Predictions shape after concat: (1282,)
  [DEBUG] All predictions list length: 21
  [DEBUG] First batch shape: (64,)
  Pred std: 0.028757, range: 0.232321, mean: 0.038583
  Pos: 92.8%, Neg: 7.2%, Unique: 1256
  Saved validation predictions to: experiments/03_distribution_loss/mean_01/collapse_monitoring/val_predictions_epoch29.npy
  Gradient norms:
    lstm_encoder: 0.009735
    lstm_decoder: 0.005418
    multihead_attn: 0.001932
    output_layer: 0.098037
  VSN output std:
    encoder: 0.168719
  Attention entropy: 2.966470
  Saved to: experiments/03_distribution_loss/mean_01/collapse_monitoring/collapse_monitor_epoch29.json
  [DistLoss] pred_mean=-0.058862 (target=0.000300), pred_std=nan (target=0.010000)
Epoch 30: val_loss=0.4111233949661255
Epoch 30: train_loss=0.42391806840896606

[CollapseMonitor] Epoch 30
  [DEBUG] Processed 21 batches from val_dataloader
  [DEBUG] Predictions shape after concat: (1282,)
  [DEBUG] All predictions list length: 21
  [DEBUG] First batch shape: (64,)
  Pred std: 0.025905, range: 0.242965, mean: 0.033669
  Pos: 93.2%, Neg: 6.8%, Unique: 1261
  Saved validation predictions to: experiments/03_distribution_loss/mean_01/collapse_monitoring/val_predictions_epoch30.npy
  Gradient norms:
    lstm_encoder: 0.009677
    lstm_decoder: 0.005389
    multihead_attn: 0.002156
    output_layer: 0.095374
  VSN output std:
    encoder: 0.170286
  Attention entropy: 2.964975
  Saved to: experiments/03_distribution_loss/mean_01/collapse_monitoring/collapse_monitor_epoch30.json
  [DistLoss] pred_mean=-0.031917 (target=0.000300), pred_std=nan (target=0.010000)
Epoch 31: val_loss=0.410108357667923
Epoch 31: train_loss=0.42434021830558777

[CollapseMonitor] Epoch 31
  [DEBUG] Processed 21 batches from val_dataloader
  [DEBUG] Predictions shape after concat: (1282,)
  [DEBUG] All predictions list length: 21
  [DEBUG] First batch shape: (64,)
  Pred std: 0.027942, range: 0.249957, mean: 0.058149
  Pos: 96.5%, Neg: 3.5%, Unique: 1266
  Saved validation predictions to: experiments/03_distribution_loss/mean_01/collapse_monitoring/val_predictions_epoch31.npy
  Gradient norms:
    lstm_encoder: 0.010532
    lstm_decoder: 0.005910
    multihead_attn: 0.002181
    output_layer: 0.098255
  VSN output std:
    encoder: 0.168759
  Attention entropy: 2.960586
  Saved to: experiments/03_distribution_loss/mean_01/collapse_monitoring/collapse_monitor_epoch31.json
  [DistLoss] pred_mean=-0.006295 (target=0.000300), pred_std=nan (target=0.010000)
Epoch 32: val_loss=0.408758282661438
Epoch 32: train_loss=0.42315658926963806

[CollapseMonitor] Epoch 32
  [DEBUG] Processed 21 batches from val_dataloader
  [DEBUG] Predictions shape after concat: (1282,)
  [DEBUG] All predictions list length: 21
  [DEBUG] First batch shape: (64,)
  Pred std: 0.027428, range: 0.246041, mean: 0.057644
  Pos: 99.1%, Neg: 0.9%, Unique: 1259
  Saved validation predictions to: experiments/03_distribution_loss/mean_01/collapse_monitoring/val_predictions_epoch32.npy
  Gradient norms:
    lstm_encoder: 0.009686
    lstm_decoder: 0.005474
    multihead_attn: 0.002011
    output_layer: 0.090841
  VSN output std:
    encoder: 0.168719
  Attention entropy: 2.957883
  Saved to: experiments/03_distribution_loss/mean_01/collapse_monitoring/collapse_monitor_epoch32.json
  [DistLoss] pred_mean=0.015713 (target=0.000300), pred_std=nan (target=0.010000)
Epoch 33: val_loss=0.408636212348938
Epoch 33: train_loss=0.4236232340335846

[CollapseMonitor] Epoch 33
  [DEBUG] Processed 21 batches from val_dataloader
  [DEBUG] Predictions shape after concat: (1282,)
  [DEBUG] All predictions list length: 21
  [DEBUG] First batch shape: (64,)
  Pred std: 0.027190, range: 0.257460, mean: 0.027226
  Pos: 91.1%, Neg: 8.9%, Unique: 1259
  Saved validation predictions to: experiments/03_distribution_loss/mean_01/collapse_monitoring/val_predictions_epoch33.npy
  Gradient norms:
    lstm_encoder: 0.011121
    lstm_decoder: 0.006259
    multihead_attn: 0.002061
    output_layer: 0.092303
  VSN output std:
    encoder: 0.168390
  Attention entropy: 2.953222
  Saved to: experiments/03_distribution_loss/mean_01/collapse_monitoring/collapse_monitor_epoch33.json
  [DistLoss] pred_mean=-0.009561 (target=0.000300), pred_std=nan (target=0.010000)
Epoch 34: val_loss=0.40814170241355896
Epoch 34: train_loss=0.42125317454338074

[CollapseMonitor] Epoch 34
  [DEBUG] Processed 21 batches from val_dataloader
  [DEBUG] Predictions shape after concat: (1282,)
  [DEBUG] All predictions list length: 21
  [DEBUG] First batch shape: (64,)
  Pred std: 0.026531, range: 0.250965, mean: 0.036069
  Pos: 93.3%, Neg: 6.7%, Unique: 1272
  Saved validation predictions to: experiments/03_distribution_loss/mean_01/collapse_monitoring/val_predictions_epoch34.npy
  Gradient norms:
    lstm_encoder: 0.010427
    lstm_decoder: 0.005943
    multihead_attn: 0.001978
    output_layer: 0.092761
  VSN output std:
    encoder: 0.169276
  Attention entropy: 2.956008
  Saved to: experiments/03_distribution_loss/mean_01/collapse_monitoring/collapse_monitor_epoch34.json
  [DistLoss] pred_mean=-0.019599 (target=0.000300), pred_std=nan (target=0.010000)
Epoch 35: val_loss=0.4076040983200073
Epoch 35: train_loss=0.42376503348350525

[CollapseMonitor] Epoch 35
  [DEBUG] Processed 21 batches from val_dataloader
  [DEBUG] Predictions shape after concat: (1282,)
  [DEBUG] All predictions list length: 21
  [DEBUG] First batch shape: (64,)
  Pred std: 0.024602, range: 0.235324, mean: 0.031651
  Pos: 93.4%, Neg: 6.6%, Unique: 1269
  Saved validation predictions to: experiments/03_distribution_loss/mean_01/collapse_monitoring/val_predictions_epoch35.npy
  Gradient norms:
    lstm_encoder: 0.010500
    lstm_decoder: 0.006066
    multihead_attn: 0.001960
    output_layer: 0.093656
  VSN output std:
    encoder: 0.169271
  Attention entropy: 2.954266
  Saved to: experiments/03_distribution_loss/mean_01/collapse_monitoring/collapse_monitor_epoch35.json
  [DistLoss] pred_mean=-0.015046 (target=0.000300), pred_std=nan (target=0.010000)
Epoch 36: val_loss=0.4071774184703827
Epoch 36: train_loss=0.42262002825737

[CollapseMonitor] Epoch 36
  [DEBUG] Processed 21 batches from val_dataloader
  [DEBUG] Predictions shape after concat: (1282,)
  [DEBUG] All predictions list length: 21
  [DEBUG] First batch shape: (64,)
  Pred std: 0.026132, range: 0.235243, mean: 0.057329
  Pos: 95.8%, Neg: 4.2%, Unique: 1258
  Saved validation predictions to: experiments/03_distribution_loss/mean_01/collapse_monitoring/val_predictions_epoch36.npy
  Gradient norms:
    lstm_encoder: 0.011472
    lstm_decoder: 0.006594
    multihead_attn: 0.001903
    output_layer: 0.097500
  VSN output std:
    encoder: 0.169322
  Attention entropy: 2.955102
  Saved to: experiments/03_distribution_loss/mean_01/collapse_monitoring/collapse_monitor_epoch36.json
  [DistLoss] pred_mean=-0.000996 (target=0.000300), pred_std=nan (target=0.010000)
Epoch 37: val_loss=0.4078372120857239
Epoch 37: train_loss=0.4236929416656494

[CollapseMonitor] Epoch 37
  [DEBUG] Processed 21 batches from val_dataloader
  [DEBUG] Predictions shape after concat: (1282,)
  [DEBUG] All predictions list length: 21
  [DEBUG] First batch shape: (64,)
  Pred std: 0.027796, range: 0.254937, mean: 0.025177
  Pos: 88.7%, Neg: 11.3%, Unique: 1265
  Saved validation predictions to: experiments/03_distribution_loss/mean_01/collapse_monitoring/val_predictions_epoch37.npy
  Gradient norms:
    lstm_encoder: 0.011694
    lstm_decoder: 0.006408
    multihead_attn: 0.001914
    output_layer: 0.092070
  VSN output std:
    encoder: 0.168387
  Attention entropy: 2.952348
  Saved to: experiments/03_distribution_loss/mean_01/collapse_monitoring/collapse_monitor_epoch37.json
  [DistLoss] pred_mean=-0.015560 (target=0.000300), pred_std=nan (target=0.010000)
Epoch 38: val_loss=0.4070497453212738
Epoch 38: train_loss=0.4228227138519287

[CollapseMonitor] Epoch 38
  [DEBUG] Processed 21 batches from val_dataloader
  [DEBUG] Predictions shape after concat: (1282,)
  [DEBUG] All predictions list length: 21
  [DEBUG] First batch shape: (64,)
  Pred std: 0.023675, range: 0.214487, mean: 0.066765
  Pos: 100.0%, Neg: 0.0%, Unique: 1261
  Saved validation predictions to: experiments/03_distribution_loss/mean_01/collapse_monitoring/val_predictions_epoch38.npy
  Gradient norms:
    lstm_encoder: 0.011991
    lstm_decoder: 0.006742
    multihead_attn: 0.001918
    output_layer: 0.100593
  VSN output std:
    encoder: 0.168487
  Attention entropy: 2.950840
  Saved to: experiments/03_distribution_loss/mean_01/collapse_monitoring/collapse_monitor_epoch38.json
  [DistLoss] pred_mean=0.042020 (target=0.000300), pred_std=nan (target=0.010000)
Epoch 39: val_loss=0.40585440397262573
Epoch 39: train_loss=0.4224909543991089

[CollapseMonitor] Epoch 39
  [DEBUG] Processed 21 batches from val_dataloader
  [DEBUG] Predictions shape after concat: (1282,)
  [DEBUG] All predictions list length: 21
  [DEBUG] First batch shape: (64,)
  Pred std: 0.022369, range: 0.197372, mean: 0.055782
  Pos: 99.7%, Neg: 0.3%, Unique: 1260
  Saved validation predictions to: experiments/03_distribution_loss/mean_01/collapse_monitoring/val_predictions_epoch39.npy
  Gradient norms:
    lstm_encoder: 0.012032
    lstm_decoder: 0.006822
    multihead_attn: 0.001890
    output_layer: 0.097340
  VSN output std:
    encoder: 0.168201
  Attention entropy: 2.942127
  Saved to: experiments/03_distribution_loss/mean_01/collapse_monitoring/collapse_monitor_epoch39.json
  [DistLoss] pred_mean=0.026617 (target=0.000300), pred_std=nan (target=0.010000)
Epoch 40: val_loss=0.405214786529541
Epoch 40: train_loss=0.42269405722618103

[CollapseMonitor] Epoch 40
  [DEBUG] Processed 21 batches from val_dataloader
  [DEBUG] Predictions shape after concat: (1282,)
  [DEBUG] All predictions list length: 21
  [DEBUG] First batch shape: (64,)
  Pred std: 0.026964, range: 0.236521, mean: 0.032938
  Pos: 91.7%, Neg: 8.3%, Unique: 1271
  Saved validation predictions to: experiments/03_distribution_loss/mean_01/collapse_monitoring/val_predictions_epoch40.npy
  Gradient norms:
    lstm_encoder: 0.012657
    lstm_decoder: 0.006981
    multihead_attn: 0.002054
    output_layer: 0.095173
  VSN output std:
    encoder: 0.168207
  Attention entropy: 2.939391
  Saved to: experiments/03_distribution_loss/mean_01/collapse_monitoring/collapse_monitor_epoch40.json
  [DistLoss] pred_mean=0.002164 (target=0.000300), pred_std=nan (target=0.010000)
Epoch 41: val_loss=0.405892550945282
Epoch 41: train_loss=0.42302536964416504

[CollapseMonitor] Epoch 41
  [DEBUG] Processed 21 batches from val_dataloader
  [DEBUG] Predictions shape after concat: (1282,)
  [DEBUG] All predictions list length: 21
  [DEBUG] First batch shape: (64,)
  Pred std: 0.024196, range: 0.217486, mean: 0.045916
  Pos: 98.8%, Neg: 1.2%, Unique: 1268
  Saved validation predictions to: experiments/03_distribution_loss/mean_01/collapse_monitoring/val_predictions_epoch41.npy
  Gradient norms:
    lstm_encoder: 0.013558
    lstm_decoder: 0.007299
    multihead_attn: 0.002168
    output_layer: 0.101712
  VSN output std:
    encoder: 0.166214
  Attention entropy: 2.951286
  Saved to: experiments/03_distribution_loss/mean_01/collapse_monitoring/collapse_monitor_epoch41.json
  [DistLoss] pred_mean=0.016287 (target=0.000300), pred_std=nan (target=0.010000)
Epoch 42: val_loss=0.4046854078769684
Epoch 42: train_loss=0.42213886976242065

[CollapseMonitor] Epoch 42
  [DEBUG] Processed 21 batches from val_dataloader
  [DEBUG] Predictions shape after concat: (1282,)
  [DEBUG] All predictions list length: 21
  [DEBUG] First batch shape: (64,)
  Pred std: 0.026113, range: 0.214161, mean: 0.043429
  Pos: 92.7%, Neg: 7.3%, Unique: 1267
  Saved validation predictions to: experiments/03_distribution_loss/mean_01/collapse_monitoring/val_predictions_epoch42.npy
  Gradient norms:
    lstm_encoder: 0.013499
    lstm_decoder: 0.007310
    multihead_attn: 0.001914
    output_layer: 0.097706
  VSN output std:
    encoder: 0.166737
  Attention entropy: 2.937756
  Saved to: experiments/03_distribution_loss/mean_01/collapse_monitoring/collapse_monitor_epoch42.json
  [DistLoss] pred_mean=-0.012549 (target=0.000300), pred_std=nan (target=0.010000)
Epoch 43: val_loss=0.40563997626304626
Epoch 43: train_loss=0.4208940863609314

[CollapseMonitor] Epoch 43
  [DEBUG] Processed 21 batches from val_dataloader
  [DEBUG] Predictions shape after concat: (1282,)
  [DEBUG] All predictions list length: 21
  [DEBUG] First batch shape: (64,)
  Pred std: 0.029202, range: 0.258638, mean: 0.032788
  Pos: 88.6%, Neg: 11.4%, Unique: 1270
  Saved validation predictions to: experiments/03_distribution_loss/mean_01/collapse_monitoring/val_predictions_epoch43.npy
  Gradient norms:
    lstm_encoder: 0.014384
    lstm_decoder: 0.007521
    multihead_attn: 0.002011
    output_layer: 0.101466
  VSN output std:
    encoder: 0.166447
  Attention entropy: 2.940623
  Saved to: experiments/03_distribution_loss/mean_01/collapse_monitoring/collapse_monitor_epoch43.json
  [DistLoss] pred_mean=-0.008743 (target=0.000300), pred_std=nan (target=0.010000)
Epoch 44: val_loss=0.40454116463661194
Epoch 44: train_loss=0.4213442802429199

[CollapseMonitor] Epoch 44
  [DEBUG] Processed 21 batches from val_dataloader
  [DEBUG] Predictions shape after concat: (1282,)
  [DEBUG] All predictions list length: 21
  [DEBUG] First batch shape: (64,)
  Pred std: 0.025233, range: 0.202121, mean: 0.072712
  Pos: 99.2%, Neg: 0.8%, Unique: 1268
  Saved validation predictions to: experiments/03_distribution_loss/mean_01/collapse_monitoring/val_predictions_epoch44.npy
  Gradient norms:
    lstm_encoder: 0.016807
    lstm_decoder: 0.008079
    multihead_attn: 0.002036
    output_layer: 0.097713
  VSN output std:
    encoder: 0.164983
  Attention entropy: 2.939811
  Saved to: experiments/03_distribution_loss/mean_01/collapse_monitoring/collapse_monitor_epoch44.json
  [DistLoss] pred_mean=0.025781 (target=0.000300), pred_std=nan (target=0.010000)
Epoch 45: val_loss=0.40386566519737244
Epoch 45: train_loss=0.4207846522331238

[CollapseMonitor] Epoch 45
  [DEBUG] Processed 21 batches from val_dataloader
  [DEBUG] Predictions shape after concat: (1282,)
  [DEBUG] All predictions list length: 21
  [DEBUG] First batch shape: (64,)
  Pred std: 0.027059, range: 0.189587, mean: 0.035923
  Pos: 88.5%, Neg: 11.5%, Unique: 1274
  Saved validation predictions to: experiments/03_distribution_loss/mean_01/collapse_monitoring/val_predictions_epoch45.npy
  Gradient norms:
    lstm_encoder: 0.016662
    lstm_decoder: 0.007836
    multihead_attn: 0.002024
    output_layer: 0.094064
  VSN output std:
    encoder: 0.164496
  Attention entropy: 2.938797
  Saved to: experiments/03_distribution_loss/mean_01/collapse_monitoring/collapse_monitor_epoch45.json
  [DistLoss] pred_mean=-0.021285 (target=0.000300), pred_std=nan (target=0.010000)
Epoch 46: val_loss=0.40302774310112
Epoch 46: train_loss=0.4209452271461487

[CollapseMonitor] Epoch 46
  [DEBUG] Processed 21 batches from val_dataloader
  [DEBUG] Predictions shape after concat: (1282,)
  [DEBUG] All predictions list length: 21
  [DEBUG] First batch shape: (64,)
  Pred std: 0.026253, range: 0.196052, mean: 0.016991
  Pos: 80.5%, Neg: 19.5%, Unique: 1273
  Saved validation predictions to: experiments/03_distribution_loss/mean_01/collapse_monitoring/val_predictions_epoch46.npy
  Gradient norms:
    lstm_encoder: 0.017592
    lstm_decoder: 0.008406
    multihead_attn: 0.001964
    output_layer: 0.090533
  VSN output std:
    encoder: 0.164354
  Attention entropy: 2.939653
  Saved to: experiments/03_distribution_loss/mean_01/collapse_monitoring/collapse_monitor_epoch46.json
  [DistLoss] pred_mean=-0.006956 (target=0.000300), pred_std=nan (target=0.010000)
Epoch 47: val_loss=0.4035412669181824
Epoch 47: train_loss=0.42142587900161743

[CollapseMonitor] Epoch 47
  [DEBUG] Processed 21 batches from val_dataloader
  [DEBUG] Predictions shape after concat: (1282,)
  [DEBUG] All predictions list length: 21
  [DEBUG] First batch shape: (64,)
  Pred std: 0.026912, range: 0.195731, mean: 0.041055
  Pos: 90.8%, Neg: 9.2%, Unique: 1269
  Saved validation predictions to: experiments/03_distribution_loss/mean_01/collapse_monitoring/val_predictions_epoch47.npy
  Gradient norms:
    lstm_encoder: 0.019253
    lstm_decoder: 0.008526
    multihead_attn: 0.001924
    output_layer: 0.096452
  VSN output std:
    encoder: 0.165116
  Attention entropy: 2.939407
  Saved to: experiments/03_distribution_loss/mean_01/collapse_monitoring/collapse_monitor_epoch47.json
  [DistLoss] pred_mean=-0.000859 (target=0.000300), pred_std=nan (target=0.010000)
Epoch 48: val_loss=0.40332379937171936
Epoch 48: train_loss=0.421744704246521

[CollapseMonitor] Epoch 48
  [DEBUG] Processed 21 batches from val_dataloader
  [DEBUG] Predictions shape after concat: (1282,)
  [DEBUG] All predictions list length: 21
  [DEBUG] First batch shape: (64,)
  Pred std: 0.029647, range: 0.221975, mean: 0.034674
  Pos: 87.1%, Neg: 12.9%, Unique: 1273
  Saved validation predictions to: experiments/03_distribution_loss/mean_01/collapse_monitoring/val_predictions_epoch48.npy
  Gradient norms:
    lstm_encoder: 0.020003
    lstm_decoder: 0.009152
    multihead_attn: 0.002082
    output_layer: 0.097222
  VSN output std:
    encoder: 0.162173
  Attention entropy: 2.942696
  Saved to: experiments/03_distribution_loss/mean_01/collapse_monitoring/collapse_monitor_epoch48.json
  [DistLoss] pred_mean=-0.012634 (target=0.000300), pred_std=nan (target=0.010000)
Epoch 49: val_loss=0.40371474623680115
Epoch 49: train_loss=0.42058899998664856

[CollapseMonitor] Epoch 49
  [DEBUG] Processed 21 batches from val_dataloader
  [DEBUG] Predictions shape after concat: (1282,)
  [DEBUG] All predictions list length: 21
  [DEBUG] First batch shape: (64,)
  Pred std: 0.032216, range: 0.217874, mean: 0.051244
  Pos: 90.9%, Neg: 9.1%, Unique: 1272
  Saved validation predictions to: experiments/03_distribution_loss/mean_01/collapse_monitoring/val_predictions_epoch49.npy
  Gradient norms:
    lstm_encoder: 0.021083
    lstm_decoder: 0.009090
    multihead_attn: 0.002086
    output_layer: 0.096698
  VSN output std:
    encoder: 0.163012
  Attention entropy: 2.942299
  Saved to: experiments/03_distribution_loss/mean_01/collapse_monitoring/collapse_monitor_epoch49.json
  [DistLoss] pred_mean=-0.009798 (target=0.000300), pred_std=nan (target=0.010000)
Epoch 50: val_loss=0.4023626148700714
Epoch 50: train_loss=0.4206997752189636

[CollapseMonitor] Epoch 50
  [DEBUG] Processed 21 batches from val_dataloader
  [DEBUG] Predictions shape after concat: (1282,)
  [DEBUG] All predictions list length: 21
  [DEBUG] First batch shape: (64,)
  Pred std: 0.030441, range: 0.211865, mean: 0.054409
  Pos: 93.6%, Neg: 6.4%, Unique: 1271
  Saved validation predictions to: experiments/03_distribution_loss/mean_01/collapse_monitoring/val_predictions_epoch50.npy
  Gradient norms:
    lstm_encoder: 0.021935
    lstm_decoder: 0.009449
    multihead_attn: 0.002235
    output_layer: 0.102353
  VSN output std:
    encoder: 0.163881
  Attention entropy: 2.942050
  Saved to: experiments/03_distribution_loss/mean_01/collapse_monitoring/collapse_monitor_epoch50.json
  [DistLoss] pred_mean=0.007263 (target=0.000300), pred_std=nan (target=0.010000)
Epoch 51: val_loss=0.40283873677253723
Epoch 51: train_loss=0.4210996925830841

[CollapseMonitor] Epoch 51
  [DEBUG] Processed 21 batches from val_dataloader
  [DEBUG] Predictions shape after concat: (1282,)
  [DEBUG] All predictions list length: 21
  [DEBUG] First batch shape: (64,)
  Pred std: 0.030871, range: 0.214289, mean: 0.028510
  Pos: 84.9%, Neg: 15.1%, Unique: 1270
  Saved validation predictions to: experiments/03_distribution_loss/mean_01/collapse_monitoring/val_predictions_epoch51.npy
  Gradient norms:
    lstm_encoder: 0.021823
    lstm_decoder: 0.009275
    multihead_attn: 0.002084
    output_layer: 0.101064
  VSN output std:
    encoder: 0.163805
  Attention entropy: 2.939389
  Saved to: experiments/03_distribution_loss/mean_01/collapse_monitoring/collapse_monitor_epoch51.json
  [DistLoss] pred_mean=-0.003427 (target=0.000300), pred_std=nan (target=0.010000)
Epoch 52: val_loss=0.40086695551872253
Epoch 52: train_loss=0.42134422063827515

[CollapseMonitor] Epoch 52
  [DEBUG] Processed 21 batches from val_dataloader
  [DEBUG] Predictions shape after concat: (1282,)
  [DEBUG] All predictions list length: 21
  [DEBUG] First batch shape: (64,)
  Pred std: 0.037101, range: 0.274571, mean: 0.028923
  Pos: 84.5%, Neg: 15.5%, Unique: 1278
  Saved validation predictions to: experiments/03_distribution_loss/mean_01/collapse_monitoring/val_predictions_epoch52.npy
  Gradient norms:
    lstm_encoder: 0.023640
    lstm_decoder: 0.010027
    multihead_attn: 0.002257
    output_layer: 0.096976
  VSN output std:
    encoder: 0.162257
  Attention entropy: 2.934059
  Saved to: experiments/03_distribution_loss/mean_01/collapse_monitoring/collapse_monitor_epoch52.json
  [DistLoss] pred_mean=-0.004009 (target=0.000300), pred_std=nan (target=0.010000)
Epoch 53: val_loss=0.4034850299358368
Epoch 53: train_loss=0.42105093598365784

[CollapseMonitor] Epoch 53
  [DEBUG] Processed 21 batches from val_dataloader
  [DEBUG] Predictions shape after concat: (1282,)
  [DEBUG] All predictions list length: 21
  [DEBUG] First batch shape: (64,)
  Pred std: 0.033042, range: 0.229372, mean: 0.041788
  Pos: 90.5%, Neg: 9.5%, Unique: 1272
  Saved validation predictions to: experiments/03_distribution_loss/mean_01/collapse_monitoring/val_predictions_epoch53.npy
  Gradient norms:
    lstm_encoder: 0.022200
    lstm_decoder: 0.008846
    multihead_attn: 0.002267
    output_layer: 0.091070
  VSN output std:
    encoder: 0.161605
  Attention entropy: 2.938823
  Saved to: experiments/03_distribution_loss/mean_01/collapse_monitoring/collapse_monitor_epoch53.json
  [DistLoss] pred_mean=0.025854 (target=0.000300), pred_std=nan (target=0.010000)
Epoch 54: val_loss=0.40468156337738037
Epoch 54: train_loss=0.420466810464859

[CollapseMonitor] Epoch 54
  [DEBUG] Processed 21 batches from val_dataloader
  [DEBUG] Predictions shape after concat: (1282,)
  [DEBUG] All predictions list length: 21
  [DEBUG] First batch shape: (64,)
  Pred std: 0.033634, range: 0.243698, mean: 0.047429
  Pos: 92.4%, Neg: 7.6%, Unique: 1274
  Saved validation predictions to: experiments/03_distribution_loss/mean_01/collapse_monitoring/val_predictions_epoch54.npy
  Gradient norms:
    lstm_encoder: 0.023283
    lstm_decoder: 0.009880
    multihead_attn: 0.002221
    output_layer: 0.097249
  VSN output std:
    encoder: 0.161472
  Attention entropy: 2.951305
  Saved to: experiments/03_distribution_loss/mean_01/collapse_monitoring/collapse_monitor_epoch54.json
  [DistLoss] pred_mean=0.019872 (target=0.000300), pred_std=nan (target=0.010000)
Epoch 55: val_loss=0.4032709002494812
Epoch 55: train_loss=0.42008644342422485

[CollapseMonitor] Epoch 55
  [DEBUG] Processed 21 batches from val_dataloader
  [DEBUG] Predictions shape after concat: (1282,)
  [DEBUG] All predictions list length: 21
  [DEBUG] First batch shape: (64,)
  Pred std: 0.035172, range: 0.249911, mean: 0.040432
  Pos: 89.1%, Neg: 10.9%, Unique: 1271
  Saved validation predictions to: experiments/03_distribution_loss/mean_01/collapse_monitoring/val_predictions_epoch55.npy
  Gradient norms:
    lstm_encoder: 0.023848
    lstm_decoder: 0.009949
    multihead_attn: 0.002359
    output_layer: 0.098562
  VSN output std:
    encoder: 0.160980
  Attention entropy: 2.939490
  Saved to: experiments/03_distribution_loss/mean_01/collapse_monitoring/collapse_monitor_epoch55.json
  [DistLoss] pred_mean=0.020566 (target=0.000300), pred_std=nan (target=0.010000)
Epoch 56: val_loss=0.4026471972465515
Epoch 56: train_loss=0.4203696548938751

[CollapseMonitor] Epoch 56
  [DEBUG] Processed 21 batches from val_dataloader
  [DEBUG] Predictions shape after concat: (1282,)
  [DEBUG] All predictions list length: 21
  [DEBUG] First batch shape: (64,)
  Pred std: 0.033721, range: 0.243458, mean: 0.071510
  Pos: 96.8%, Neg: 3.2%, Unique: 1276
  Saved validation predictions to: experiments/03_distribution_loss/mean_01/collapse_monitoring/val_predictions_epoch56.npy
  Gradient norms:
    lstm_encoder: 0.025995
    lstm_decoder: 0.010672
    multihead_attn: 0.002176
    output_layer: 0.099696
  VSN output std:
    encoder: 0.161170
  Attention entropy: 2.940534
  Saved to: experiments/03_distribution_loss/mean_01/collapse_monitoring/collapse_monitor_epoch56.json
  [DistLoss] pred_mean=0.040619 (target=0.000300), pred_std=nan (target=0.010000)
Epoch 57: val_loss=0.4017297923564911
Epoch 57: train_loss=0.4198121130466461

[CollapseMonitor] Epoch 57
  [DEBUG] Processed 21 batches from val_dataloader
  [DEBUG] Predictions shape after concat: (1282,)
  [DEBUG] All predictions list length: 21
  [DEBUG] First batch shape: (64,)
  Pred std: 0.036064, range: 0.250233, mean: 0.065770
  Pos: 95.8%, Neg: 4.2%, Unique: 1273
  Saved validation predictions to: experiments/03_distribution_loss/mean_01/collapse_monitoring/val_predictions_epoch57.npy
  Gradient norms:
    lstm_encoder: 0.025724
    lstm_decoder: 0.010265
    multihead_attn: 0.002092
    output_layer: 0.092201
  VSN output std:
    encoder: 0.162039
  Attention entropy: 2.942271
  Saved to: experiments/03_distribution_loss/mean_01/collapse_monitoring/collapse_monitor_epoch57.json
  [DistLoss] pred_mean=0.044622 (target=0.000300), pred_std=nan (target=0.010000)
Epoch 58: val_loss=0.40408673882484436
Epoch 58: train_loss=0.4185720682144165

[CollapseMonitor] Epoch 58
  [DEBUG] Processed 21 batches from val_dataloader
  [DEBUG] Predictions shape after concat: (1282,)
  [DEBUG] All predictions list length: 21
  [DEBUG] First batch shape: (64,)
  Pred std: 0.033706, range: 0.237210, mean: 0.050130
  Pos: 92.5%, Neg: 7.5%, Unique: 1272
  Saved validation predictions to: experiments/03_distribution_loss/mean_01/collapse_monitoring/val_predictions_epoch58.npy
  Gradient norms:
    lstm_encoder: 0.025761
    lstm_decoder: 0.010255
    multihead_attn: 0.002038
    output_layer: 0.097200
  VSN output std:
    encoder: 0.161630
  Attention entropy: 2.946747
  Saved to: experiments/03_distribution_loss/mean_01/collapse_monitoring/collapse_monitor_epoch58.json
  [DistLoss] pred_mean=0.020706 (target=0.000300), pred_std=nan (target=0.010000)
Epoch 59: val_loss=0.4040799140930176
Epoch 59: train_loss=0.4197957515716553

[CollapseMonitor] Epoch 59
  [DEBUG] Processed 21 batches from val_dataloader
  [DEBUG] Predictions shape after concat: (1282,)
  [DEBUG] All predictions list length: 21
  [DEBUG] First batch shape: (64,)
  Pred std: 0.033228, range: 0.237346, mean: 0.067364
  Pos: 96.6%, Neg: 3.4%, Unique: 1277
  Saved validation predictions to: experiments/03_distribution_loss/mean_01/collapse_monitoring/val_predictions_epoch59.npy
  Gradient norms:
    lstm_encoder: 0.026845
    lstm_decoder: 0.010373
    multihead_attn: 0.002120
    output_layer: 0.090684
  VSN output std:
    encoder: 0.161853
  Attention entropy: 2.944976
  Saved to: experiments/03_distribution_loss/mean_01/collapse_monitoring/collapse_monitor_epoch59.json
  [DistLoss] pred_mean=0.037807 (target=0.000300), pred_std=nan (target=0.010000)
Epoch 60: val_loss=0.40358877182006836
Epoch 60: train_loss=0.41854798793792725

[CollapseMonitor] Epoch 60
  [DEBUG] Processed 21 batches from val_dataloader
  [DEBUG] Predictions shape after concat: (1282,)
  [DEBUG] All predictions list length: 21
  [DEBUG] First batch shape: (64,)
  Pred std: 0.035933, range: 0.247238, mean: 0.058773
  Pos: 93.5%, Neg: 6.5%, Unique: 1279
  Saved validation predictions to: experiments/03_distribution_loss/mean_01/collapse_monitoring/val_predictions_epoch60.npy
  Gradient norms:
    lstm_encoder: 0.026670
    lstm_decoder: 0.009861
    multihead_attn: 0.002130
    output_layer: 0.092963
  VSN output std:
    encoder: 0.162216
  Attention entropy: 2.941691
  Saved to: experiments/03_distribution_loss/mean_01/collapse_monitoring/collapse_monitor_epoch60.json
  [DistLoss] pred_mean=0.025518 (target=0.000300), pred_std=nan (target=0.010000)
Epoch 61: val_loss=0.40379610657691956
Epoch 61: train_loss=0.41906389594078064

[CollapseMonitor] Epoch 61
  [DEBUG] Processed 21 batches from val_dataloader
  [DEBUG] Predictions shape after concat: (1282,)
  [DEBUG] All predictions list length: 21
  [DEBUG] First batch shape: (64,)
  Pred std: 0.036166, range: 0.245385, mean: 0.064238
  Pos: 94.9%, Neg: 5.1%, Unique: 1277
  Saved validation predictions to: experiments/03_distribution_loss/mean_01/collapse_monitoring/val_predictions_epoch61.npy
  Gradient norms:
    lstm_encoder: 0.029865
    lstm_decoder: 0.011038
    multihead_attn: 0.002157
    output_layer: 0.094213
  VSN output std:
    encoder: 0.162598
  Attention entropy: 2.942942
  Saved to: experiments/03_distribution_loss/mean_01/collapse_monitoring/collapse_monitor_epoch61.json
  [DistLoss] pred_mean=0.043183 (target=0.000300), pred_std=nan (target=0.010000)
Epoch 62: val_loss=0.40423864126205444
Epoch 62: train_loss=0.41997194290161133

[CollapseMonitor] Epoch 62
  [DEBUG] Processed 21 batches from val_dataloader
  [DEBUG] Predictions shape after concat: (1282,)
  [DEBUG] All predictions list length: 21
  [DEBUG] First batch shape: (64,)
  Pred std: 0.034838, range: 0.240105, mean: 0.052046
  Pos: 93.4%, Neg: 6.6%, Unique: 1276
  Saved validation predictions to: experiments/03_distribution_loss/mean_01/collapse_monitoring/val_predictions_epoch62.npy
  Gradient norms:
    lstm_encoder: 0.027783
    lstm_decoder: 0.010567
    multihead_attn: 0.002164
    output_layer: 0.089196
  VSN output std:
    encoder: 0.162624
  Attention entropy: 2.940705
  Saved to: experiments/03_distribution_loss/mean_01/collapse_monitoring/collapse_monitor_epoch62.json
  [DistLoss] pred_mean=0.034339 (target=0.000300), pred_std=nan (target=0.010000)


======================================================================
Training complete
======================================================================

Best model checkpoint: experiments/03_distribution_loss/mean_01/checkpoints/tft-epoch=52-val_loss=0.4009.ckpt
Best validation loss: 0.400867
Completed at: 2025-11-02 00:39:30
Log saved to: experiments/03_distribution_loss/mean_01/training_20251102_000807.log
======================================================================
