Logging to: experiments/12b_feature_sweep/core_dynamics_daily_7q_h10_d015_s42/vsn_analysis/vsn_analysis_20251213_234415.log
Analysis started at: 2025-12-13 23:44:15
======================================================================
Experiment: 12b_feature_sweep/core_dynamics_daily_7q_h10_d015_s42
Output directory: experiments/12b_feature_sweep/core_dynamics_daily_7q_h10_d015_s42/vsn_analysis
Loading config from: experiments/12b_feature_sweep/core_dynamics_daily_7q_h10_d015_s42/config.json
Using best checkpoint: experiments/12b_feature_sweep/core_dynamics_daily_7q_h10_d015_s42/checkpoints/tft-epoch=epoch=15-valloss=val_loss=0.4883.ckpt

Loading data...
Loading test data from: data/splits/vintage/core_dynamics_daily_vintage_test.csv
  Train samples: 4344
  Test samples: 931

Preparing test dataset...
Test dataset size: 911

Loading model...
Loading model from: experiments/12b_feature_sweep/core_dynamics_daily_7q_h10_d015_s42/checkpoints/tft-epoch=epoch=15-valloss=val_loss=0.4883.ckpt
  Model loaded on device: cuda

Extracting VSN weights...
  Encoder variables (9): ['relative_time_idx', 'VIX', 'Treasury_10Y', 'Yield_Spread', 'Inflation_YoY']...
  Decoder variables (1): ['relative_time_idx']
  Static variables (1): ['encoder_length']

  DEBUG: Output type: <class 'pytorch_forecasting.utils.TupleOutputMixIn.to_network_output.<locals>.Output'>
  DEBUG: Output fields (NamedTuple): ('prediction', 'encoder_attention', 'decoder_attention', 'static_variables', 'encoder_variables', 'decoder_variables', 'decoder_lengths', 'encoder_lengths')
  DEBUG: output.encoder_variables shape: torch.Size([64, 20, 1, 9])
  DEBUG: output.static_variables shape: torch.Size([64, 1, 1])
  DEBUG: output.decoder_variables shape: torch.Size([64, 1, 1, 1])

Extraction complete:
  Samples: 911
  Encoder VSN shape: (911, 9)
  Decoder VSN shape: (911, 1)

Analysis period: 2022-02-10 to 2025-10-06

Creating temporal periods:
  2022: 222 samples
  2023: 249 samples
  2024: 250 samples
  2025: 190 samples

Analyzing VSN weights by period...

Comparing VSN patterns across periods...

Creating visualizations...
Saved VSN heatmap: experiments/12b_feature_sweep/core_dynamics_daily_7q_h10_d015_s42/vsn_analysis/vsn_heatmap.png
Saved VSN comparison: experiments/12b_feature_sweep/core_dynamics_daily_7q_h10_d015_s42/vsn_analysis/vsn_comparison.png
Saved concentration plot: experiments/12b_feature_sweep/core_dynamics_daily_7q_h10_d015_s42/vsn_analysis/vsn_concentration.png

Saving results...
Saved results: experiments/12b_feature_sweep/core_dynamics_daily_7q_h10_d015_s42/vsn_analysis/vsn_analysis_results.json

======================================================================
VSN ANALYSIS SUMMARY
======================================================================

Per-Period Feature Importance:
----------------------------------------------------------------------

2022 (222 samples):
  Concentration: 0.4112
  Top 5 features:
    VIX                            0.6204
    CPI                            0.1259
    VIX_relative                   0.0584
    Treasury_10Y                   0.0467
    Yield_Spread                   0.0406

2023 (249 samples):
  Concentration: 0.3274
  Top 5 features:
    VIX                            0.5237
    CPI                            0.1995
    VIX_relative                   0.0752
    Treasury_10Y                   0.0504
    Treasury_10Y_change            0.0455

2024 (250 samples):
  Concentration: 0.2922
  Top 5 features:
    VIX                            0.4703
    CPI                            0.2352
    VIX_relative                   0.0832
    Treasury_10Y                   0.0590
    Treasury_10Y_change            0.0502

2025 (190 samples):
  Concentration: 0.2914
  Top 5 features:
    VIX                            0.4739
    CPI                            0.2232
    VIX_relative                   0.0865
    Treasury_10Y                   0.0660
    Treasury_10Y_change            0.0495

----------------------------------------------------------------------
Period Comparisons:
----------------------------------------------------------------------

2022_vs_2023:
  Cosine similarity: 0.9856
  L2 distance: 0.1239
  Biggest increases: CPI(+0.074), VIX_relative(+0.017), Treasury_10Y_change(+0.013)
  Biggest decreases: VIX(-0.097), Inflation_YoY(-0.008), Yield_Spread(-0.005)

2022_vs_2024:
  Cosine similarity: 0.9630
  L2 distance: 0.1892
  Biggest increases: CPI(+0.109), VIX_relative(+0.025), Treasury_10Y_change(+0.018)
  Biggest decreases: VIX(-0.150), Inflation_YoY(-0.010), Yield_Spread(-0.010)

2022_vs_2025:
  Cosine similarity: 0.9676
  L2 distance: 0.1808
  Biggest increases: CPI(+0.097), VIX_relative(+0.028), Treasury_10Y(+0.019)
  Biggest decreases: VIX(-0.146), Yield_Spread(-0.013), Inflation_YoY(-0.010)

2023_vs_2024:
  Cosine similarity: 0.9946
  L2 distance: 0.0657
  Biggest increases: CPI(+0.036), Treasury_10Y(+0.009), VIX_relative(+0.008)
  Biggest decreases: VIX(-0.053), Yield_Spread(-0.005), Inflation_YoY(-0.002)

2023_vs_2025:
  Cosine similarity: 0.9960
  L2 distance: 0.0592
  Biggest increases: CPI(+0.024), Treasury_10Y(+0.016), VIX_relative(+0.011)
  Biggest decreases: VIX(-0.050), Yield_Spread(-0.008), Inflation_YoY(-0.002)

2024_vs_2025:
  Cosine similarity: 0.9996
  L2 distance: 0.0153
  Biggest increases: Treasury_10Y(+0.007), VIX(+0.004), VIX_relative(+0.003)
  Biggest decreases: CPI(-0.012), Yield_Spread(-0.003), Treasury_10Y_change(-0.001)

======================================================================

Analysis complete!
Results saved to: experiments/12b_feature_sweep/core_dynamics_daily_7q_h10_d015_s42/vsn_analysis
  - vsn_analysis_results.json
  - vsn_heatmap.png
  - vsn_comparison.png
  - vsn_concentration.png
