======================================================================
Training TFT: 01_staleness_features_fixed/sweep_stale_h14_drop0.25_lr3
======================================================================
Logging to: experiments/01_staleness_features_fixed/sweep_stale_h14_drop0.25_lr3/training_20251029_221820.log
Started at: 2025-10-29 22:18:20
======================================================================
Configuration saved to: experiments/01_staleness_features_fixed/sweep_stale_h14_drop0.25_lr3/config.json

Loading data splits...
Train: 6066 samples
Val: 1300 samples
Test: 1300 samples

Preparing TimeSeriesDataSet...

Adding staleness features to data...

======================================================================
Adding Staleness Features
======================================================================
Mode: Fixed lag

Processing: Inflation_YoY (detecting from CPI)
  Updates detected: 280
  Avg days stale: 10.9
  Max days stale: 60

======================================================================
Total staleness features added: 2
======================================================================


======================================================================
Adding Staleness Features
======================================================================
Mode: Fixed lag

Processing: Inflation_YoY (detecting from CPI)
  Updates detected: 62
  Avg days stale: 10.3
  Max days stale: 42

======================================================================
Total staleness features added: 2
======================================================================


Dropping source columns (used for staleness only): ['CPI']

Final features for TFT: ['SP500_Returns', 'VIX', 'Treasury_10Y', 'Yield_Spread', 'Inflation_YoY', 'days_since_CPI_update', 'CPI_is_fresh']

======================================================================
FEATURE STATISTICS - BEFORE NORMALIZATION
======================================================================
VIX                             mean= 19.7193  std=  8.0201  min=  9.3100  max= 80.8600
Treasury_10Y                    mean=  4.7588  std=  1.6860  min=  1.4300  max=  8.3600
Yield_Spread                    mean=  1.2786  std=  0.9184  min= -0.5200  max=  2.9100
Inflation_YoY                   mean=  2.5055  std=  1.1650  min= -1.9588  max=  5.7255
days_since_CPI_update           mean= 10.8539  std=  7.6096  min=  0.0000  max= 60.0000
CPI_is_fresh                    mean=  0.0462  std=  0.2098  min=  0.0000  max=  1.0000

======================================================================
NORMALIZING STALENESS FEATURES (log transform)
======================================================================
Max staleness observed: train=60, val=42
Using normalization max: 65 days


STALENESS FEATURES - AFTER MANUAL NORMALIZATION
days_since_CPI_update           mean=  0.5270  std=  0.1974  min=  0.0000  max=  0.9812

======================================================================
FEATURES AFTER GROUPNORMALIZER (first batch, last timestep)
======================================================================
VIX                             normalized_value=  1.0000
Treasury_10Y                    normalized_value= -0.0500
Yield_Spread                    normalized_value= -0.4214
Inflation_YoY                   normalized_value= -0.9721
days_since_CPI_update           normalized_value=  1.5369
CPI_is_fresh                    normalized_value=  0.8557
======================================================================

Batches per epoch: 94
[DEBUG] Validation batches: 20
[DEBUG] Validation dataset size: 1280
[DEBUG] Batch size: 64

Initializing model...
Model parameters: 20,626

Starting training...
Checkpoints will be saved to: experiments/01_staleness_features_fixed/sweep_stale_h14_drop0.25_lr3/checkpoints/
Logs will be saved to: experiments/01_staleness_features_fixed/sweep_stale_h14_drop0.25_lr3/logs/

Epoch 0: val_loss=N/A
Epoch 0: val_loss=0.7564907073974609
Epoch 0: train_loss=0.896535336971283

[CollapseMonitor] Epoch 0
  [DEBUG] Processed 20 batches from val_dataloader
  [DEBUG] Predictions shape after concat: (1280,)
  [DEBUG] All predictions list length: 20
  [DEBUG] First batch shape: (64,)
  Pred std: 0.013717, range: 0.061181, mean: 1.084541
  Pos: 100.0%, Neg: 0.0%, Unique: 1265
  Saved validation predictions to: experiments/01_staleness_features_fixed/sweep_stale_h14_drop0.25_lr3/collapse_monitoring/val_predictions_epoch0.npy
  Gradient norms:
    lstm_encoder: 0.016434
    lstm_decoder: 0.016114
    multihead_attn: 0.009676
    output_layer: 0.803209
  VSN output std:
    encoder: 0.138994
  Attention entropy: 2.978588
  Saved to: experiments/01_staleness_features_fixed/sweep_stale_h14_drop0.25_lr3/collapse_monitoring/collapse_monitor_epoch0.json
Epoch 1: val_loss=0.670289933681488
Epoch 1: train_loss=0.8068627715110779

[CollapseMonitor] Epoch 1
  [DEBUG] Processed 20 batches from val_dataloader
  [DEBUG] Predictions shape after concat: (1280,)
  [DEBUG] All predictions list length: 20
  [DEBUG] First batch shape: (64,)
  Pred std: 0.014428, range: 0.063154, mean: 1.010938
  Pos: 100.0%, Neg: 0.0%, Unique: 1259
  Saved validation predictions to: experiments/01_staleness_features_fixed/sweep_stale_h14_drop0.25_lr3/collapse_monitoring/val_predictions_epoch1.npy
  Gradient norms:
    lstm_encoder: 0.013393
    lstm_decoder: 0.014682
    multihead_attn: 0.007633
    output_layer: 0.711282
  VSN output std:
    encoder: 0.140831
  Attention entropy: 2.978496
  Saved to: experiments/01_staleness_features_fixed/sweep_stale_h14_drop0.25_lr3/collapse_monitoring/collapse_monitor_epoch1.json
Epoch 2: val_loss=0.5972176790237427
Epoch 2: train_loss=0.7088527083396912

[CollapseMonitor] Epoch 2
  [DEBUG] Processed 20 batches from val_dataloader
  [DEBUG] Predictions shape after concat: (1280,)
  [DEBUG] All predictions list length: 20
  [DEBUG] First batch shape: (64,)
  Pred std: 0.012745, range: 0.074014, mean: 0.873819
  Pos: 100.0%, Neg: 0.0%, Unique: 1259
  Saved validation predictions to: experiments/01_staleness_features_fixed/sweep_stale_h14_drop0.25_lr3/collapse_monitoring/val_predictions_epoch2.npy
  Gradient norms:
    lstm_encoder: 0.010755
    lstm_decoder: 0.012717
    multihead_attn: 0.006103
    output_layer: 0.591732
  VSN output std:
    encoder: 0.143030
  Attention entropy: 2.979906
  Saved to: experiments/01_staleness_features_fixed/sweep_stale_h14_drop0.25_lr3/collapse_monitoring/collapse_monitor_epoch2.json
Epoch 3: val_loss=0.5342131853103638
Epoch 3: train_loss=0.6169689893722534

[CollapseMonitor] Epoch 3
  [DEBUG] Processed 20 batches from val_dataloader
  [DEBUG] Predictions shape after concat: (1280,)
  [DEBUG] All predictions list length: 20
  [DEBUG] First batch shape: (64,)
  Pred std: 0.010320, range: 0.073276, mean: 0.657314
  Pos: 100.0%, Neg: 0.0%, Unique: 1254
  Saved validation predictions to: experiments/01_staleness_features_fixed/sweep_stale_h14_drop0.25_lr3/collapse_monitoring/val_predictions_epoch3.npy
  Gradient norms:
    lstm_encoder: 0.008519
    lstm_decoder: 0.010447
    multihead_attn: 0.004648
    output_layer: 0.453597
  VSN output std:
    encoder: 0.146279
  Attention entropy: 2.984689
  Saved to: experiments/01_staleness_features_fixed/sweep_stale_h14_drop0.25_lr3/collapse_monitoring/collapse_monitor_epoch3.json
Epoch 4: val_loss=0.4918994903564453
Epoch 4: train_loss=0.5486802458763123

[CollapseMonitor] Epoch 4
  [DEBUG] Processed 20 batches from val_dataloader
  [DEBUG] Predictions shape after concat: (1280,)
  [DEBUG] All predictions list length: 20
  [DEBUG] First batch shape: (64,)
  Pred std: 0.009775, range: 0.073064, mean: 0.405157
  Pos: 100.0%, Neg: 0.0%, Unique: 1242
  Saved validation predictions to: experiments/01_staleness_features_fixed/sweep_stale_h14_drop0.25_lr3/collapse_monitoring/val_predictions_epoch4.npy
  Gradient norms:
    lstm_encoder: 0.006621
    lstm_decoder: 0.007631
    multihead_attn: 0.003691
    output_layer: 0.318626
  VSN output std:
    encoder: 0.149500
  Attention entropy: 2.988495
  Saved to: experiments/01_staleness_features_fixed/sweep_stale_h14_drop0.25_lr3/collapse_monitoring/collapse_monitor_epoch4.json
Epoch 5: val_loss=0.4710048735141754
Epoch 5: train_loss=0.5069580674171448

[CollapseMonitor] Epoch 5
  [DEBUG] Processed 20 batches from val_dataloader
  [DEBUG] Predictions shape after concat: (1280,)
  [DEBUG] All predictions list length: 20
  [DEBUG] First batch shape: (64,)
  Pred std: 0.011202, range: 0.083048, mean: 0.268689
  Pos: 100.0%, Neg: 0.0%, Unique: 1249
  Saved validation predictions to: experiments/01_staleness_features_fixed/sweep_stale_h14_drop0.25_lr3/collapse_monitoring/val_predictions_epoch5.npy
  Gradient norms:
    lstm_encoder: 0.004979
    lstm_decoder: 0.005232
    multihead_attn: 0.002819
    output_layer: 0.213882
  VSN output std:
    encoder: 0.151589
  Attention entropy: 2.989461
  Saved to: experiments/01_staleness_features_fixed/sweep_stale_h14_drop0.25_lr3/collapse_monitoring/collapse_monitor_epoch5.json
Epoch 6: val_loss=0.4593938887119293
Epoch 6: train_loss=0.48193326592445374

[CollapseMonitor] Epoch 6
  [DEBUG] Processed 20 batches from val_dataloader
  [DEBUG] Predictions shape after concat: (1280,)
  [DEBUG] All predictions list length: 20
  [DEBUG] First batch shape: (64,)
  Pred std: 0.012546, range: 0.089991, mean: 0.169354
  Pos: 100.0%, Neg: 0.0%, Unique: 1233
  Saved validation predictions to: experiments/01_staleness_features_fixed/sweep_stale_h14_drop0.25_lr3/collapse_monitoring/val_predictions_epoch6.npy
  Gradient norms:
    lstm_encoder: 0.004033
    lstm_decoder: 0.003734
    multihead_attn: 0.002244
    output_layer: 0.149703
  VSN output std:
    encoder: 0.152644
  Attention entropy: 2.989756
  Saved to: experiments/01_staleness_features_fixed/sweep_stale_h14_drop0.25_lr3/collapse_monitoring/collapse_monitor_epoch6.json
Epoch 7: val_loss=0.4543049931526184
Epoch 7: train_loss=0.4708760380744934

[CollapseMonitor] Epoch 7
  [DEBUG] Processed 20 batches from val_dataloader
  [DEBUG] Predictions shape after concat: (1280,)
  [DEBUG] All predictions list length: 20
  [DEBUG] First batch shape: (64,)
  Pred std: 0.014446, range: 0.098426, mean: 0.120162
  Pos: 100.0%, Neg: 0.0%, Unique: 1238
  Saved validation predictions to: experiments/01_staleness_features_fixed/sweep_stale_h14_drop0.25_lr3/collapse_monitoring/val_predictions_epoch7.npy
  Gradient norms:
    lstm_encoder: 0.003632
    lstm_decoder: 0.003080
    multihead_attn: 0.001881
    output_layer: 0.120479
  VSN output std:
    encoder: 0.147860
  Attention entropy: 2.990027
  Saved to: experiments/01_staleness_features_fixed/sweep_stale_h14_drop0.25_lr3/collapse_monitoring/collapse_monitor_epoch7.json
Epoch 8: val_loss=0.45156580209732056
Epoch 8: train_loss=0.4645480215549469

[CollapseMonitor] Epoch 8
  [DEBUG] Processed 20 batches from val_dataloader
  [DEBUG] Predictions shape after concat: (1280,)
  [DEBUG] All predictions list length: 20
  [DEBUG] First batch shape: (64,)
  Pred std: 0.016379, range: 0.108904, mean: 0.126253
  Pos: 100.0%, Neg: 0.0%, Unique: 1214
  Saved validation predictions to: experiments/01_staleness_features_fixed/sweep_stale_h14_drop0.25_lr3/collapse_monitoring/val_predictions_epoch8.npy
  Gradient norms:
    lstm_encoder: 0.003548
    lstm_decoder: 0.002839
    multihead_attn: 0.001761
    output_layer: 0.104600
  VSN output std:
    encoder: 0.144024
  Attention entropy: 2.989770
  Saved to: experiments/01_staleness_features_fixed/sweep_stale_h14_drop0.25_lr3/collapse_monitoring/collapse_monitor_epoch8.json
Epoch 9: val_loss=0.44942229986190796
Epoch 9: train_loss=0.4600294828414917

[CollapseMonitor] Epoch 9
  [DEBUG] Processed 20 batches from val_dataloader
  [DEBUG] Predictions shape after concat: (1280,)
  [DEBUG] All predictions list length: 20
  [DEBUG] First batch shape: (64,)
  Pred std: 0.021919, range: 0.140691, mean: 0.098594
  Pos: 100.0%, Neg: 0.0%, Unique: 1227
  Saved validation predictions to: experiments/01_staleness_features_fixed/sweep_stale_h14_drop0.25_lr3/collapse_monitoring/val_predictions_epoch9.npy
  Gradient norms:
    lstm_encoder: 0.003525
    lstm_decoder: 0.002683
    multihead_attn: 0.001813
    output_layer: 0.095384
  VSN output std:
    encoder: 0.134227
  Attention entropy: 2.989797
  Saved to: experiments/01_staleness_features_fixed/sweep_stale_h14_drop0.25_lr3/collapse_monitoring/collapse_monitor_epoch9.json
Epoch 10: val_loss=0.4474223554134369
Epoch 10: train_loss=0.456142395734787

[CollapseMonitor] Epoch 10
  [DEBUG] Processed 20 batches from val_dataloader
  [DEBUG] Predictions shape after concat: (1280,)
  [DEBUG] All predictions list length: 20
  [DEBUG] First batch shape: (64,)
  Pred std: 0.027933, range: 0.164570, mean: 0.106523
  Pos: 100.0%, Neg: 0.0%, Unique: 1231
  Saved validation predictions to: experiments/01_staleness_features_fixed/sweep_stale_h14_drop0.25_lr3/collapse_monitoring/val_predictions_epoch10.npy
  Gradient norms:
    lstm_encoder: 0.004028
    lstm_decoder: 0.002893
    multihead_attn: 0.002038
    output_layer: 0.100953
  VSN output std:
    encoder: 0.132109
  Attention entropy: 2.989608
  Saved to: experiments/01_staleness_features_fixed/sweep_stale_h14_drop0.25_lr3/collapse_monitoring/collapse_monitor_epoch10.json
Epoch 11: val_loss=0.4435849189758301
Epoch 11: train_loss=0.4536858797073364

[CollapseMonitor] Epoch 11
  [DEBUG] Processed 20 batches from val_dataloader
  [DEBUG] Predictions shape after concat: (1280,)
  [DEBUG] All predictions list length: 20
  [DEBUG] First batch shape: (64,)
  Pred std: 0.035430, range: 0.191068, mean: 0.100766
  Pos: 100.0%, Neg: 0.0%, Unique: 1242
  Saved validation predictions to: experiments/01_staleness_features_fixed/sweep_stale_h14_drop0.25_lr3/collapse_monitoring/val_predictions_epoch11.npy
  Gradient norms:
    lstm_encoder: 0.003845
    lstm_decoder: 0.002687
    multihead_attn: 0.002159
    output_layer: 0.091798
  VSN output std:
    encoder: 0.128277
  Attention entropy: 2.989630
  Saved to: experiments/01_staleness_features_fixed/sweep_stale_h14_drop0.25_lr3/collapse_monitoring/collapse_monitor_epoch11.json
Epoch 12: val_loss=0.4396890699863434
Epoch 12: train_loss=0.4508371651172638

[CollapseMonitor] Epoch 12
  [DEBUG] Processed 20 batches from val_dataloader
  [DEBUG] Predictions shape after concat: (1280,)
  [DEBUG] All predictions list length: 20
  [DEBUG] First batch shape: (64,)
  Pred std: 0.054703, range: 0.252341, mean: 0.083459
  Pos: 100.0%, Neg: 0.0%, Unique: 1263
  Saved validation predictions to: experiments/01_staleness_features_fixed/sweep_stale_h14_drop0.25_lr3/collapse_monitoring/val_predictions_epoch12.npy
  Gradient norms:
    lstm_encoder: 0.004314
    lstm_decoder: 0.002993
    multihead_attn: 0.002524
    output_layer: 0.092316
  VSN output std:
    encoder: 0.128851
  Attention entropy: 2.990053
  Saved to: experiments/01_staleness_features_fixed/sweep_stale_h14_drop0.25_lr3/collapse_monitoring/collapse_monitor_epoch12.json
Epoch 13: val_loss=0.43649283051490784
Epoch 13: train_loss=0.45003870129585266

[CollapseMonitor] Epoch 13
  [DEBUG] Processed 20 batches from val_dataloader
  [DEBUG] Predictions shape after concat: (1280,)
  [DEBUG] All predictions list length: 20
  [DEBUG] First batch shape: (64,)
  Pred std: 0.063685, range: 0.272854, mean: 0.061868
  Pos: 100.0%, Neg: 0.0%, Unique: 1268
  Saved validation predictions to: experiments/01_staleness_features_fixed/sweep_stale_h14_drop0.25_lr3/collapse_monitoring/val_predictions_epoch13.npy
  Gradient norms:
    lstm_encoder: 0.004457
    lstm_decoder: 0.003072
    multihead_attn: 0.002621
    output_layer: 0.088285
  VSN output std:
    encoder: 0.127707
  Attention entropy: 2.990677
  Saved to: experiments/01_staleness_features_fixed/sweep_stale_h14_drop0.25_lr3/collapse_monitoring/collapse_monitor_epoch13.json
Epoch 14: val_loss=0.4343346059322357
Epoch 14: train_loss=0.4457768499851227

[CollapseMonitor] Epoch 14
  [DEBUG] Processed 20 batches from val_dataloader
  [DEBUG] Predictions shape after concat: (1280,)
  [DEBUG] All predictions list length: 20
  [DEBUG] First batch shape: (64,)
  Pred std: 0.062569, range: 0.268314, mean: 0.097747
  Pos: 100.0%, Neg: 0.0%, Unique: 1259
  Saved validation predictions to: experiments/01_staleness_features_fixed/sweep_stale_h14_drop0.25_lr3/collapse_monitoring/val_predictions_epoch14.npy
  Gradient norms:
    lstm_encoder: 0.004925
    lstm_decoder: 0.003432
    multihead_attn: 0.002680
    output_layer: 0.099507
  VSN output std:
    encoder: 0.127945
  Attention entropy: 2.991374
  Saved to: experiments/01_staleness_features_fixed/sweep_stale_h14_drop0.25_lr3/collapse_monitoring/collapse_monitor_epoch14.json
Epoch 15: val_loss=0.431288480758667
Epoch 15: train_loss=0.44509726762771606

[CollapseMonitor] Epoch 15
  [DEBUG] Processed 20 batches from val_dataloader
  [DEBUG] Predictions shape after concat: (1280,)
  [DEBUG] All predictions list length: 20
  [DEBUG] First batch shape: (64,)
  Pred std: 0.070479, range: 0.293834, mean: 0.053029
  Pos: 100.0%, Neg: 0.0%, Unique: 1258
  Saved validation predictions to: experiments/01_staleness_features_fixed/sweep_stale_h14_drop0.25_lr3/collapse_monitoring/val_predictions_epoch15.npy
  Gradient norms:
    lstm_encoder: 0.005297
    lstm_decoder: 0.003556
    multihead_attn: 0.002796
    output_layer: 0.092266
  VSN output std:
    encoder: 0.127536
  Attention entropy: 2.991568
  Saved to: experiments/01_staleness_features_fixed/sweep_stale_h14_drop0.25_lr3/collapse_monitoring/collapse_monitor_epoch15.json
Epoch 16: val_loss=0.4297455847263336
Epoch 16: train_loss=0.4435267448425293

[CollapseMonitor] Epoch 16
  [DEBUG] Processed 20 batches from val_dataloader
  [DEBUG] Predictions shape after concat: (1280,)
  [DEBUG] All predictions list length: 20
  [DEBUG] First batch shape: (64,)
  Pred std: 0.067896, range: 0.287534, mean: 0.060543
  Pos: 100.0%, Neg: 0.0%, Unique: 1262
  Saved validation predictions to: experiments/01_staleness_features_fixed/sweep_stale_h14_drop0.25_lr3/collapse_monitoring/val_predictions_epoch16.npy
  Gradient norms:
    lstm_encoder: 0.005444
    lstm_decoder: 0.003624
    multihead_attn: 0.002696
    output_layer: 0.097551
  VSN output std:
    encoder: 0.127532
  Attention entropy: 2.991241
  Saved to: experiments/01_staleness_features_fixed/sweep_stale_h14_drop0.25_lr3/collapse_monitoring/collapse_monitor_epoch16.json
Epoch 17: val_loss=0.4281800389289856
Epoch 17: train_loss=0.4425807297229767

[CollapseMonitor] Epoch 17
  [DEBUG] Processed 20 batches from val_dataloader
  [DEBUG] Predictions shape after concat: (1280,)
  [DEBUG] All predictions list length: 20
  [DEBUG] First batch shape: (64,)
  Pred std: 0.069660, range: 0.299236, mean: 0.061930
  Pos: 100.0%, Neg: 0.0%, Unique: 1270
  Saved validation predictions to: experiments/01_staleness_features_fixed/sweep_stale_h14_drop0.25_lr3/collapse_monitoring/val_predictions_epoch17.npy
  Gradient norms:
    lstm_encoder: 0.005478
    lstm_decoder: 0.003724
    multihead_attn: 0.002659
    output_layer: 0.091148
  VSN output std:
    encoder: 0.128205
  Attention entropy: 2.990694
  Saved to: experiments/01_staleness_features_fixed/sweep_stale_h14_drop0.25_lr3/collapse_monitoring/collapse_monitor_epoch17.json
Epoch 18: val_loss=0.4265745282173157
Epoch 18: train_loss=0.4408905804157257

[CollapseMonitor] Epoch 18
  [DEBUG] Processed 20 batches from val_dataloader
  [DEBUG] Predictions shape after concat: (1280,)
  [DEBUG] All predictions list length: 20
  [DEBUG] First batch shape: (64,)
  Pred std: 0.064730, range: 0.288606, mean: 0.075357
  Pos: 100.0%, Neg: 0.0%, Unique: 1262
  Saved validation predictions to: experiments/01_staleness_features_fixed/sweep_stale_h14_drop0.25_lr3/collapse_monitoring/val_predictions_epoch18.npy
  Gradient norms:
    lstm_encoder: 0.005532
    lstm_decoder: 0.003913
    multihead_attn: 0.002672
    output_layer: 0.099093
  VSN output std:
    encoder: 0.128219
  Attention entropy: 2.989964
  Saved to: experiments/01_staleness_features_fixed/sweep_stale_h14_drop0.25_lr3/collapse_monitoring/collapse_monitor_epoch18.json
Epoch 19: val_loss=0.42567458748817444
Epoch 19: train_loss=0.4401230812072754

[CollapseMonitor] Epoch 19
  [DEBUG] Processed 20 batches from val_dataloader
  [DEBUG] Predictions shape after concat: (1280,)
  [DEBUG] All predictions list length: 20
  [DEBUG] First batch shape: (64,)
  Pred std: 0.067131, range: 0.302089, mean: 0.056472
  Pos: 97.4%, Neg: 2.6%, Unique: 1266
  Saved validation predictions to: experiments/01_staleness_features_fixed/sweep_stale_h14_drop0.25_lr3/collapse_monitoring/val_predictions_epoch19.npy
  Gradient norms:
    lstm_encoder: 0.005777
    lstm_decoder: 0.003884
    multihead_attn: 0.002683
    output_layer: 0.094789
  VSN output std:
    encoder: 0.129316
  Attention entropy: 2.990535
  Saved to: experiments/01_staleness_features_fixed/sweep_stale_h14_drop0.25_lr3/collapse_monitoring/collapse_monitor_epoch19.json
Epoch 20: val_loss=0.42501726746559143
Epoch 20: train_loss=0.43986570835113525

[CollapseMonitor] Epoch 20
  [DEBUG] Processed 20 batches from val_dataloader
  [DEBUG] Predictions shape after concat: (1280,)
  [DEBUG] All predictions list length: 20
  [DEBUG] First batch shape: (64,)
  Pred std: 0.062527, range: 0.297300, mean: 0.069539
  Pos: 99.8%, Neg: 0.2%, Unique: 1267
  Saved validation predictions to: experiments/01_staleness_features_fixed/sweep_stale_h14_drop0.25_lr3/collapse_monitoring/val_predictions_epoch20.npy
  Gradient norms:
    lstm_encoder: 0.005689
    lstm_decoder: 0.003801
    multihead_attn: 0.002631
    output_layer: 0.087626
  VSN output std:
    encoder: 0.127864
  Attention entropy: 2.991203
  Saved to: experiments/01_staleness_features_fixed/sweep_stale_h14_drop0.25_lr3/collapse_monitoring/collapse_monitor_epoch20.json
Epoch 21: val_loss=0.4239959120750427
Epoch 21: train_loss=0.43813320994377136

[CollapseMonitor] Epoch 21
  [DEBUG] Processed 20 batches from val_dataloader
  [DEBUG] Predictions shape after concat: (1280,)
  [DEBUG] All predictions list length: 20
  [DEBUG] First batch shape: (64,)
  Pred std: 0.058847, range: 0.287304, mean: 0.069518
  Pos: 99.5%, Neg: 0.5%, Unique: 1259
  Saved validation predictions to: experiments/01_staleness_features_fixed/sweep_stale_h14_drop0.25_lr3/collapse_monitoring/val_predictions_epoch21.npy
  Gradient norms:
    lstm_encoder: 0.006332
    lstm_decoder: 0.004342
    multihead_attn: 0.002763
    output_layer: 0.094207
  VSN output std:
    encoder: 0.127980
  Attention entropy: 2.990505
  Saved to: experiments/01_staleness_features_fixed/sweep_stale_h14_drop0.25_lr3/collapse_monitoring/collapse_monitor_epoch21.json
Epoch 22: val_loss=0.4234236776828766
Epoch 22: train_loss=0.43794184923171997

[CollapseMonitor] Epoch 22
  [DEBUG] Processed 20 batches from val_dataloader
  [DEBUG] Predictions shape after concat: (1280,)
  [DEBUG] All predictions list length: 20
  [DEBUG] First batch shape: (64,)
  Pred std: 0.055145, range: 0.275730, mean: 0.064259
  Pos: 98.1%, Neg: 1.9%, Unique: 1274
  Saved validation predictions to: experiments/01_staleness_features_fixed/sweep_stale_h14_drop0.25_lr3/collapse_monitoring/val_predictions_epoch22.npy
  Gradient norms:
    lstm_encoder: 0.006485
    lstm_decoder: 0.004290
    multihead_attn: 0.002869
    output_layer: 0.092193
  VSN output std:
    encoder: 0.127141
  Attention entropy: 2.990748
  Saved to: experiments/01_staleness_features_fixed/sweep_stale_h14_drop0.25_lr3/collapse_monitoring/collapse_monitor_epoch22.json
Epoch 23: val_loss=0.42303919792175293
Epoch 23: train_loss=0.4363155663013458

[CollapseMonitor] Epoch 23
  [DEBUG] Processed 20 batches from val_dataloader
  [DEBUG] Predictions shape after concat: (1280,)
  [DEBUG] All predictions list length: 20
  [DEBUG] First batch shape: (64,)
  Pred std: 0.051631, range: 0.263779, mean: 0.078417
  Pos: 100.0%, Neg: 0.0%, Unique: 1272
  Saved validation predictions to: experiments/01_staleness_features_fixed/sweep_stale_h14_drop0.25_lr3/collapse_monitoring/val_predictions_epoch23.npy
  Gradient norms:
    lstm_encoder: 0.006475
    lstm_decoder: 0.004368
    multihead_attn: 0.002940
    output_layer: 0.094892
  VSN output std:
    encoder: 0.125836
  Attention entropy: 2.989708
  Saved to: experiments/01_staleness_features_fixed/sweep_stale_h14_drop0.25_lr3/collapse_monitoring/collapse_monitor_epoch23.json
Epoch 24: val_loss=0.4221705496311188
Epoch 24: train_loss=0.4346059560775757

[CollapseMonitor] Epoch 24
  [DEBUG] Processed 20 batches from val_dataloader
  [DEBUG] Predictions shape after concat: (1280,)
  [DEBUG] All predictions list length: 20
  [DEBUG] First batch shape: (64,)
  Pred std: 0.055679, range: 0.285120, mean: 0.083965
  Pos: 100.0%, Neg: 0.0%, Unique: 1273
  Saved validation predictions to: experiments/01_staleness_features_fixed/sweep_stale_h14_drop0.25_lr3/collapse_monitoring/val_predictions_epoch24.npy
  Gradient norms:
    lstm_encoder: 0.006721
    lstm_decoder: 0.004397
    multihead_attn: 0.002815
    output_layer: 0.088386
  VSN output std:
    encoder: 0.126221
  Attention entropy: 2.990233
  Saved to: experiments/01_staleness_features_fixed/sweep_stale_h14_drop0.25_lr3/collapse_monitoring/collapse_monitor_epoch24.json
Epoch 25: val_loss=0.42137616872787476
Epoch 25: train_loss=0.4347226619720459

[CollapseMonitor] Epoch 25
  [DEBUG] Processed 20 batches from val_dataloader
  [DEBUG] Predictions shape after concat: (1280,)
  [DEBUG] All predictions list length: 20
  [DEBUG] First batch shape: (64,)
  Pred std: 0.053833, range: 0.283843, mean: 0.071715
  Pos: 97.5%, Neg: 2.5%, Unique: 1269
  Saved validation predictions to: experiments/01_staleness_features_fixed/sweep_stale_h14_drop0.25_lr3/collapse_monitoring/val_predictions_epoch25.npy
  Gradient norms:
    lstm_encoder: 0.006752
    lstm_decoder: 0.004471
    multihead_attn: 0.002819
    output_layer: 0.087080
  VSN output std:
    encoder: 0.123886
  Attention entropy: 2.989119
  Saved to: experiments/01_staleness_features_fixed/sweep_stale_h14_drop0.25_lr3/collapse_monitoring/collapse_monitor_epoch25.json
Epoch 26: val_loss=0.4204687476158142
Epoch 26: train_loss=0.4331636130809784

[CollapseMonitor] Epoch 26
  [DEBUG] Processed 20 batches from val_dataloader
  [DEBUG] Predictions shape after concat: (1280,)
  [DEBUG] All predictions list length: 20
  [DEBUG] First batch shape: (64,)
  Pred std: 0.054626, range: 0.290870, mean: 0.080083
  Pos: 98.7%, Neg: 1.3%, Unique: 1274
  Saved validation predictions to: experiments/01_staleness_features_fixed/sweep_stale_h14_drop0.25_lr3/collapse_monitoring/val_predictions_epoch26.npy
  Gradient norms:
    lstm_encoder: 0.007430
    lstm_decoder: 0.004838
    multihead_attn: 0.002936
    output_layer: 0.093364
  VSN output std:
    encoder: 0.123844
  Attention entropy: 2.988185
  Saved to: experiments/01_staleness_features_fixed/sweep_stale_h14_drop0.25_lr3/collapse_monitoring/collapse_monitor_epoch26.json
Epoch 27: val_loss=0.4197297990322113
Epoch 27: train_loss=0.43400639295578003

[CollapseMonitor] Epoch 27
  [DEBUG] Processed 20 batches from val_dataloader
  [DEBUG] Predictions shape after concat: (1280,)
  [DEBUG] All predictions list length: 20
  [DEBUG] First batch shape: (64,)
  Pred std: 0.055481, range: 0.301253, mean: 0.074348
  Pos: 97.0%, Neg: 3.0%, Unique: 1269
  Saved validation predictions to: experiments/01_staleness_features_fixed/sweep_stale_h14_drop0.25_lr3/collapse_monitoring/val_predictions_epoch27.npy
  Gradient norms:
    lstm_encoder: 0.007435
    lstm_decoder: 0.004813
    multihead_attn: 0.002957
    output_layer: 0.096392
  VSN output std:
    encoder: 0.124419
  Attention entropy: 2.988571
  Saved to: experiments/01_staleness_features_fixed/sweep_stale_h14_drop0.25_lr3/collapse_monitoring/collapse_monitor_epoch27.json
Epoch 28: val_loss=0.4187471270561218
Epoch 28: train_loss=0.4325639307498932

[CollapseMonitor] Epoch 28
  [DEBUG] Processed 20 batches from val_dataloader
  [DEBUG] Predictions shape after concat: (1280,)
  [DEBUG] All predictions list length: 20
  [DEBUG] First batch shape: (64,)
  Pred std: 0.057860, range: 0.305559, mean: 0.075750
  Pos: 97.7%, Neg: 2.3%, Unique: 1269
  Saved validation predictions to: experiments/01_staleness_features_fixed/sweep_stale_h14_drop0.25_lr3/collapse_monitoring/val_predictions_epoch28.npy
  Gradient norms:
    lstm_encoder: 0.007087
    lstm_decoder: 0.004593
    multihead_attn: 0.002884
    output_layer: 0.086117
  VSN output std:
    encoder: 0.122755
  Attention entropy: 2.987288
  Saved to: experiments/01_staleness_features_fixed/sweep_stale_h14_drop0.25_lr3/collapse_monitoring/collapse_monitor_epoch28.json
Epoch 29: val_loss=0.41810694336891174
Epoch 29: train_loss=0.43211501836776733

[CollapseMonitor] Epoch 29
  [DEBUG] Processed 20 batches from val_dataloader
  [DEBUG] Predictions shape after concat: (1280,)
  [DEBUG] All predictions list length: 20
  [DEBUG] First batch shape: (64,)
  Pred std: 0.058495, range: 0.304104, mean: 0.087466
  Pos: 99.2%, Neg: 0.8%, Unique: 1273
  Saved validation predictions to: experiments/01_staleness_features_fixed/sweep_stale_h14_drop0.25_lr3/collapse_monitoring/val_predictions_epoch29.npy
  Gradient norms:
    lstm_encoder: 0.008311
    lstm_decoder: 0.005276
    multihead_attn: 0.003205
    output_layer: 0.097925
  VSN output std:
    encoder: 0.120037
  Attention entropy: 2.985659
  Saved to: experiments/01_staleness_features_fixed/sweep_stale_h14_drop0.25_lr3/collapse_monitoring/collapse_monitor_epoch29.json
Epoch 30: val_loss=0.4170079827308655
Epoch 30: train_loss=0.43146583437919617

[CollapseMonitor] Epoch 30
  [DEBUG] Processed 20 batches from val_dataloader
  [DEBUG] Predictions shape after concat: (1280,)
  [DEBUG] All predictions list length: 20
  [DEBUG] First batch shape: (64,)
  Pred std: 0.061698, range: 0.320801, mean: 0.067073
  Pos: 93.0%, Neg: 7.0%, Unique: 1273
  Saved validation predictions to: experiments/01_staleness_features_fixed/sweep_stale_h14_drop0.25_lr3/collapse_monitoring/val_predictions_epoch30.npy
  Gradient norms:
    lstm_encoder: 0.007626
    lstm_decoder: 0.004989
    multihead_attn: 0.003065
    output_layer: 0.087076
  VSN output std:
    encoder: 0.120255
  Attention entropy: 2.986337
  Saved to: experiments/01_staleness_features_fixed/sweep_stale_h14_drop0.25_lr3/collapse_monitoring/collapse_monitor_epoch30.json
Epoch 31: val_loss=0.4168652594089508
Epoch 31: train_loss=0.4308941960334778

[CollapseMonitor] Epoch 31
  [DEBUG] Processed 20 batches from val_dataloader
  [DEBUG] Predictions shape after concat: (1280,)
  [DEBUG] All predictions list length: 20
  [DEBUG] First batch shape: (64,)
  Pred std: 0.054222, range: 0.300657, mean: 0.075125
  Pos: 94.6%, Neg: 5.4%, Unique: 1268
  Saved validation predictions to: experiments/01_staleness_features_fixed/sweep_stale_h14_drop0.25_lr3/collapse_monitoring/val_predictions_epoch31.npy
  Gradient norms:
    lstm_encoder: 0.008076
    lstm_decoder: 0.005318
    multihead_attn: 0.003162
    output_layer: 0.091868
  VSN output std:
    encoder: 0.119068
  Attention entropy: 2.985706
  Saved to: experiments/01_staleness_features_fixed/sweep_stale_h14_drop0.25_lr3/collapse_monitoring/collapse_monitor_epoch31.json
Epoch 32: val_loss=0.41551193594932556
Epoch 32: train_loss=0.43023309111595154

[CollapseMonitor] Epoch 32
  [DEBUG] Processed 20 batches from val_dataloader
  [DEBUG] Predictions shape after concat: (1280,)
  [DEBUG] All predictions list length: 20
  [DEBUG] First batch shape: (64,)
  Pred std: 0.056367, range: 0.304650, mean: 0.077411
  Pos: 96.0%, Neg: 4.0%, Unique: 1266
  Saved validation predictions to: experiments/01_staleness_features_fixed/sweep_stale_h14_drop0.25_lr3/collapse_monitoring/val_predictions_epoch32.npy
  Gradient norms:
    lstm_encoder: 0.008146
    lstm_decoder: 0.005304
    multihead_attn: 0.002918
    output_layer: 0.097516
  VSN output std:
    encoder: 0.117360
  Attention entropy: 2.982863
  Saved to: experiments/01_staleness_features_fixed/sweep_stale_h14_drop0.25_lr3/collapse_monitoring/collapse_monitor_epoch32.json
Epoch 33: val_loss=0.41540074348449707
Epoch 33: train_loss=0.42931586503982544

[CollapseMonitor] Epoch 33
  [DEBUG] Processed 20 batches from val_dataloader
  [DEBUG] Predictions shape after concat: (1280,)
  [DEBUG] All predictions list length: 20
  [DEBUG] First batch shape: (64,)
  Pred std: 0.058705, range: 0.322930, mean: 0.064643
  Pos: 91.6%, Neg: 8.4%, Unique: 1274
  Saved validation predictions to: experiments/01_staleness_features_fixed/sweep_stale_h14_drop0.25_lr3/collapse_monitoring/val_predictions_epoch33.npy
  Gradient norms:
    lstm_encoder: 0.008577
    lstm_decoder: 0.005495
    multihead_attn: 0.002897
    output_layer: 0.090652
  VSN output std:
    encoder: 0.117536
  Attention entropy: 2.983764
  Saved to: experiments/01_staleness_features_fixed/sweep_stale_h14_drop0.25_lr3/collapse_monitoring/collapse_monitor_epoch33.json
Epoch 34: val_loss=0.4148124158382416
Epoch 34: train_loss=0.42920637130737305

[CollapseMonitor] Epoch 34
  [DEBUG] Processed 20 batches from val_dataloader
  [DEBUG] Predictions shape after concat: (1280,)
  [DEBUG] All predictions list length: 20
  [DEBUG] First batch shape: (64,)
  Pred std: 0.059506, range: 0.320791, mean: 0.073139
  Pos: 93.8%, Neg: 6.2%, Unique: 1267
  Saved validation predictions to: experiments/01_staleness_features_fixed/sweep_stale_h14_drop0.25_lr3/collapse_monitoring/val_predictions_epoch34.npy
  Gradient norms:
    lstm_encoder: 0.009260
    lstm_decoder: 0.005968
    multihead_attn: 0.002762
    output_layer: 0.091381
  VSN output std:
    encoder: 0.116141
  Attention entropy: 2.980037
  Saved to: experiments/01_staleness_features_fixed/sweep_stale_h14_drop0.25_lr3/collapse_monitoring/collapse_monitor_epoch34.json
Epoch 35: val_loss=0.4141846299171448
Epoch 35: train_loss=0.42903509736061096

[CollapseMonitor] Epoch 35
  [DEBUG] Processed 20 batches from val_dataloader
  [DEBUG] Predictions shape after concat: (1280,)
  [DEBUG] All predictions list length: 20
  [DEBUG] First batch shape: (64,)
  Pred std: 0.053198, range: 0.302041, mean: 0.097995
  Pos: 99.1%, Neg: 0.9%, Unique: 1274
  Saved validation predictions to: experiments/01_staleness_features_fixed/sweep_stale_h14_drop0.25_lr3/collapse_monitoring/val_predictions_epoch35.npy
  Gradient norms:
    lstm_encoder: 0.008755
    lstm_decoder: 0.005577
    multihead_attn: 0.002742
    output_layer: 0.085213
  VSN output std:
    encoder: 0.114876
  Attention entropy: 2.980003
  Saved to: experiments/01_staleness_features_fixed/sweep_stale_h14_drop0.25_lr3/collapse_monitoring/collapse_monitor_epoch35.json
Epoch 36: val_loss=0.4135304093360901
Epoch 36: train_loss=0.42801758646965027

[CollapseMonitor] Epoch 36
  [DEBUG] Processed 20 batches from val_dataloader
  [DEBUG] Predictions shape after concat: (1280,)
  [DEBUG] All predictions list length: 20
  [DEBUG] First batch shape: (64,)
  Pred std: 0.055912, range: 0.306989, mean: 0.057222
  Pos: 87.9%, Neg: 12.1%, Unique: 1274
  Saved validation predictions to: experiments/01_staleness_features_fixed/sweep_stale_h14_drop0.25_lr3/collapse_monitoring/val_predictions_epoch36.npy
  Gradient norms:
    lstm_encoder: 0.009719
    lstm_decoder: 0.006206
    multihead_attn: 0.002761
    output_layer: 0.088997
  VSN output std:
    encoder: 0.114854
  Attention entropy: 2.978117
  Saved to: experiments/01_staleness_features_fixed/sweep_stale_h14_drop0.25_lr3/collapse_monitoring/collapse_monitor_epoch36.json
Epoch 37: val_loss=0.41368570923805237
Epoch 37: train_loss=0.42695730924606323

[CollapseMonitor] Epoch 37
  [DEBUG] Processed 20 batches from val_dataloader
  [DEBUG] Predictions shape after concat: (1280,)
  [DEBUG] All predictions list length: 20
  [DEBUG] First batch shape: (64,)
  Pred std: 0.048405, range: 0.290898, mean: 0.088505
  Pos: 97.3%, Neg: 2.7%, Unique: 1275
  Saved validation predictions to: experiments/01_staleness_features_fixed/sweep_stale_h14_drop0.25_lr3/collapse_monitoring/val_predictions_epoch37.npy
  Gradient norms:
    lstm_encoder: 0.009378
    lstm_decoder: 0.006102
    multihead_attn: 0.002576
    output_layer: 0.084886
  VSN output std:
    encoder: 0.114757
  Attention entropy: 2.975764
  Saved to: experiments/01_staleness_features_fixed/sweep_stale_h14_drop0.25_lr3/collapse_monitoring/collapse_monitor_epoch37.json
Epoch 38: val_loss=0.41184741258621216
Epoch 38: train_loss=0.42832720279693604

[CollapseMonitor] Epoch 38
  [DEBUG] Processed 20 batches from val_dataloader
  [DEBUG] Predictions shape after concat: (1280,)
  [DEBUG] All predictions list length: 20
  [DEBUG] First batch shape: (64,)
  Pred std: 0.057490, range: 0.326777, mean: 0.082245
  Pos: 96.5%, Neg: 3.5%, Unique: 1271
  Saved validation predictions to: experiments/01_staleness_features_fixed/sweep_stale_h14_drop0.25_lr3/collapse_monitoring/val_predictions_epoch38.npy
  Gradient norms:
    lstm_encoder: 0.010020
    lstm_decoder: 0.006476
    multihead_attn: 0.002809
    output_layer: 0.088471
  VSN output std:
    encoder: 0.115700
  Attention entropy: 2.973745
  Saved to: experiments/01_staleness_features_fixed/sweep_stale_h14_drop0.25_lr3/collapse_monitoring/collapse_monitor_epoch38.json
Epoch 39: val_loss=0.41271448135375977
Epoch 39: train_loss=0.4262852072715759

[CollapseMonitor] Epoch 39
  [DEBUG] Processed 20 batches from val_dataloader
  [DEBUG] Predictions shape after concat: (1280,)
  [DEBUG] All predictions list length: 20
  [DEBUG] First batch shape: (64,)
  Pred std: 0.056077, range: 0.319275, mean: 0.088409
  Pos: 97.5%, Neg: 2.5%, Unique: 1270
  Saved validation predictions to: experiments/01_staleness_features_fixed/sweep_stale_h14_drop0.25_lr3/collapse_monitoring/val_predictions_epoch39.npy
  Gradient norms:
    lstm_encoder: 0.009918
    lstm_decoder: 0.006608
    multihead_attn: 0.002683
    output_layer: 0.093427
  VSN output std:
    encoder: 0.115319
  Attention entropy: 2.974108
  Saved to: experiments/01_staleness_features_fixed/sweep_stale_h14_drop0.25_lr3/collapse_monitoring/collapse_monitor_epoch39.json
Epoch 40: val_loss=0.41174307465553284
Epoch 40: train_loss=0.42656704783439636

[CollapseMonitor] Epoch 40
  [DEBUG] Processed 20 batches from val_dataloader
  [DEBUG] Predictions shape after concat: (1280,)
  [DEBUG] All predictions list length: 20
  [DEBUG] First batch shape: (64,)
  Pred std: 0.052572, range: 0.314876, mean: 0.089593
  Pos: 96.9%, Neg: 3.1%, Unique: 1268
  Saved validation predictions to: experiments/01_staleness_features_fixed/sweep_stale_h14_drop0.25_lr3/collapse_monitoring/val_predictions_epoch40.npy
  Gradient norms:
    lstm_encoder: 0.010785
    lstm_decoder: 0.006875
    multihead_attn: 0.002549
    output_layer: 0.089402
  VSN output std:
    encoder: 0.114869
  Attention entropy: 2.972449
  Saved to: experiments/01_staleness_features_fixed/sweep_stale_h14_drop0.25_lr3/collapse_monitoring/collapse_monitor_epoch40.json
Epoch 41: val_loss=0.41074681282043457
Epoch 41: train_loss=0.42678943276405334

[CollapseMonitor] Epoch 41
  [DEBUG] Processed 20 batches from val_dataloader
  [DEBUG] Predictions shape after concat: (1280,)
  [DEBUG] All predictions list length: 20
  [DEBUG] First batch shape: (64,)
  Pred std: 0.056704, range: 0.337703, mean: 0.073293
  Pos: 94.0%, Neg: 6.0%, Unique: 1273
  Saved validation predictions to: experiments/01_staleness_features_fixed/sweep_stale_h14_drop0.25_lr3/collapse_monitoring/val_predictions_epoch41.npy
  Gradient norms:
    lstm_encoder: 0.010935
    lstm_decoder: 0.007022
    multihead_attn: 0.002584
    output_layer: 0.090722
  VSN output std:
    encoder: 0.114713
  Attention entropy: 2.971054
  Saved to: experiments/01_staleness_features_fixed/sweep_stale_h14_drop0.25_lr3/collapse_monitoring/collapse_monitor_epoch41.json
Epoch 42: val_loss=0.41066035628318787
Epoch 42: train_loss=0.4273393452167511

[CollapseMonitor] Epoch 42
  [DEBUG] Processed 20 batches from val_dataloader
  [DEBUG] Predictions shape after concat: (1280,)
  [DEBUG] All predictions list length: 20
  [DEBUG] First batch shape: (64,)
  Pred std: 0.057430, range: 0.342102, mean: 0.059308
  Pos: 89.6%, Neg: 10.4%, Unique: 1270
  Saved validation predictions to: experiments/01_staleness_features_fixed/sweep_stale_h14_drop0.25_lr3/collapse_monitoring/val_predictions_epoch42.npy
  Gradient norms:
    lstm_encoder: 0.011070
    lstm_decoder: 0.007189
    multihead_attn: 0.002537
    output_layer: 0.093320
  VSN output std:
    encoder: 0.113815
  Attention entropy: 2.970982
  Saved to: experiments/01_staleness_features_fixed/sweep_stale_h14_drop0.25_lr3/collapse_monitoring/collapse_monitor_epoch42.json
Epoch 43: val_loss=0.40978461503982544
Epoch 43: train_loss=0.4249773323535919

[CollapseMonitor] Epoch 43
  [DEBUG] Processed 20 batches from val_dataloader
  [DEBUG] Predictions shape after concat: (1280,)
  [DEBUG] All predictions list length: 20
  [DEBUG] First batch shape: (64,)
  Pred std: 0.054218, range: 0.330126, mean: 0.083781
  Pos: 96.3%, Neg: 3.7%, Unique: 1269
  Saved validation predictions to: experiments/01_staleness_features_fixed/sweep_stale_h14_drop0.25_lr3/collapse_monitoring/val_predictions_epoch43.npy
  Gradient norms:
    lstm_encoder: 0.011989
    lstm_decoder: 0.007698
    multihead_attn: 0.002549
    output_layer: 0.097881
  VSN output std:
    encoder: 0.113675
  Attention entropy: 2.966538
  Saved to: experiments/01_staleness_features_fixed/sweep_stale_h14_drop0.25_lr3/collapse_monitoring/collapse_monitor_epoch43.json
Epoch 44: val_loss=0.410295307636261
Epoch 44: train_loss=0.425724059343338

[CollapseMonitor] Epoch 44
  [DEBUG] Processed 20 batches from val_dataloader
  [DEBUG] Predictions shape after concat: (1280,)
  [DEBUG] All predictions list length: 20
  [DEBUG] First batch shape: (64,)
  Pred std: 0.055227, range: 0.328402, mean: 0.097970
  Pos: 98.8%, Neg: 1.2%, Unique: 1274
  Saved validation predictions to: experiments/01_staleness_features_fixed/sweep_stale_h14_drop0.25_lr3/collapse_monitoring/val_predictions_epoch44.npy
  Gradient norms:
    lstm_encoder: 0.011258
    lstm_decoder: 0.007370
    multihead_attn: 0.002557
    output_layer: 0.093510
  VSN output std:
    encoder: 0.114054
  Attention entropy: 2.966121
  Saved to: experiments/01_staleness_features_fixed/sweep_stale_h14_drop0.25_lr3/collapse_monitoring/collapse_monitor_epoch44.json
Epoch 45: val_loss=0.40958771109580994
Epoch 45: train_loss=0.425700843334198

[CollapseMonitor] Epoch 45
  [DEBUG] Processed 20 batches from val_dataloader
  [DEBUG] Predictions shape after concat: (1280,)
  [DEBUG] All predictions list length: 20
  [DEBUG] First batch shape: (64,)
  Pred std: 0.057522, range: 0.355572, mean: 0.084748
  Pos: 96.4%, Neg: 3.6%, Unique: 1272
  Saved validation predictions to: experiments/01_staleness_features_fixed/sweep_stale_h14_drop0.25_lr3/collapse_monitoring/val_predictions_epoch45.npy
  Gradient norms:
    lstm_encoder: 0.011523
    lstm_decoder: 0.007327
    multihead_attn: 0.002611
    output_layer: 0.090378
  VSN output std:
    encoder: 0.114052
  Attention entropy: 2.962267
  Saved to: experiments/01_staleness_features_fixed/sweep_stale_h14_drop0.25_lr3/collapse_monitoring/collapse_monitor_epoch45.json
Epoch 46: val_loss=0.40959787368774414
Epoch 46: train_loss=0.42598849534988403

[CollapseMonitor] Epoch 46
  [DEBUG] Processed 20 batches from val_dataloader
  [DEBUG] Predictions shape after concat: (1280,)
  [DEBUG] All predictions list length: 20
  [DEBUG] First batch shape: (64,)
  Pred std: 0.052731, range: 0.341695, mean: 0.086657
  Pos: 96.9%, Neg: 3.1%, Unique: 1270
  Saved validation predictions to: experiments/01_staleness_features_fixed/sweep_stale_h14_drop0.25_lr3/collapse_monitoring/val_predictions_epoch46.npy
  Gradient norms:
    lstm_encoder: 0.011308
    lstm_decoder: 0.007134
    multihead_attn: 0.002656
    output_layer: 0.083288
  VSN output std:
    encoder: 0.113903
  Attention entropy: 2.962410
  Saved to: experiments/01_staleness_features_fixed/sweep_stale_h14_drop0.25_lr3/collapse_monitoring/collapse_monitor_epoch46.json
Epoch 47: val_loss=0.40906062722206116
Epoch 47: train_loss=0.42542997002601624

[CollapseMonitor] Epoch 47
  [DEBUG] Processed 20 batches from val_dataloader
  [DEBUG] Predictions shape after concat: (1280,)
  [DEBUG] All predictions list length: 20
  [DEBUG] First batch shape: (64,)
  Pred std: 0.052275, range: 0.340457, mean: 0.078450
  Pos: 95.0%, Neg: 5.0%, Unique: 1270
  Saved validation predictions to: experiments/01_staleness_features_fixed/sweep_stale_h14_drop0.25_lr3/collapse_monitoring/val_predictions_epoch47.npy
  Gradient norms:
    lstm_encoder: 0.011830
    lstm_decoder: 0.007670
    multihead_attn: 0.002552
    output_layer: 0.091439
  VSN output std:
    encoder: 0.115095
  Attention entropy: 2.962166
  Saved to: experiments/01_staleness_features_fixed/sweep_stale_h14_drop0.25_lr3/collapse_monitoring/collapse_monitor_epoch47.json
Epoch 48: val_loss=0.4078972339630127
Epoch 48: train_loss=0.4243370294570923

[CollapseMonitor] Epoch 48
  [DEBUG] Processed 20 batches from val_dataloader
  [DEBUG] Predictions shape after concat: (1280,)
  [DEBUG] All predictions list length: 20
  [DEBUG] First batch shape: (64,)
  Pred std: 0.057571, range: 0.368570, mean: 0.084190
  Pos: 96.8%, Neg: 3.2%, Unique: 1271
  Saved validation predictions to: experiments/01_staleness_features_fixed/sweep_stale_h14_drop0.25_lr3/collapse_monitoring/val_predictions_epoch48.npy
  Gradient norms:
    lstm_encoder: 0.013235
    lstm_decoder: 0.008106
    multihead_attn: 0.002742
    output_layer: 0.092350
  VSN output std:
    encoder: 0.115650
  Attention entropy: 2.959208
  Saved to: experiments/01_staleness_features_fixed/sweep_stale_h14_drop0.25_lr3/collapse_monitoring/collapse_monitor_epoch48.json
Epoch 49: val_loss=0.40763550996780396
Epoch 49: train_loss=0.42374342679977417

[CollapseMonitor] Epoch 49
  [DEBUG] Processed 20 batches from val_dataloader
  [DEBUG] Predictions shape after concat: (1280,)
  [DEBUG] All predictions list length: 20
  [DEBUG] First batch shape: (64,)
  Pred std: 0.062245, range: 0.396475, mean: 0.068058
  Pos: 93.8%, Neg: 6.2%, Unique: 1265
  Saved validation predictions to: experiments/01_staleness_features_fixed/sweep_stale_h14_drop0.25_lr3/collapse_monitoring/val_predictions_epoch49.npy
  Gradient norms:
    lstm_encoder: 0.012602
    lstm_decoder: 0.008012
    multihead_attn: 0.002718
    output_layer: 0.090889
  VSN output std:
    encoder: 0.115214
  Attention entropy: 2.960127
  Saved to: experiments/01_staleness_features_fixed/sweep_stale_h14_drop0.25_lr3/collapse_monitoring/collapse_monitor_epoch49.json
Epoch 50: val_loss=0.40767908096313477
Epoch 50: train_loss=0.42420217394828796

[CollapseMonitor] Epoch 50
  [DEBUG] Processed 20 batches from val_dataloader
  [DEBUG] Predictions shape after concat: (1280,)
  [DEBUG] All predictions list length: 20
  [DEBUG] First batch shape: (64,)
  Pred std: 0.054059, range: 0.371249, mean: 0.079737
  Pos: 96.7%, Neg: 3.3%, Unique: 1265
  Saved validation predictions to: experiments/01_staleness_features_fixed/sweep_stale_h14_drop0.25_lr3/collapse_monitoring/val_predictions_epoch50.npy
  Gradient norms:
    lstm_encoder: 0.012648
    lstm_decoder: 0.008100
    multihead_attn: 0.002522
    output_layer: 0.087932
  VSN output std:
    encoder: 0.113757
  Attention entropy: 2.959533
  Saved to: experiments/01_staleness_features_fixed/sweep_stale_h14_drop0.25_lr3/collapse_monitoring/collapse_monitor_epoch50.json
Epoch 51: val_loss=0.40715551376342773
Epoch 51: train_loss=0.42418310046195984

[CollapseMonitor] Epoch 51
  [DEBUG] Processed 20 batches from val_dataloader
  [DEBUG] Predictions shape after concat: (1280,)
  [DEBUG] All predictions list length: 20
  [DEBUG] First batch shape: (64,)
  Pred std: 0.051271, range: 0.369363, mean: 0.084095
  Pos: 97.5%, Neg: 2.5%, Unique: 1268
  Saved validation predictions to: experiments/01_staleness_features_fixed/sweep_stale_h14_drop0.25_lr3/collapse_monitoring/val_predictions_epoch51.npy
  Gradient norms:
    lstm_encoder: 0.013069
    lstm_decoder: 0.008061
    multihead_attn: 0.002573
    output_layer: 0.089316
  VSN output std:
    encoder: 0.113325
  Attention entropy: 2.956376
  Saved to: experiments/01_staleness_features_fixed/sweep_stale_h14_drop0.25_lr3/collapse_monitoring/collapse_monitor_epoch51.json
Epoch 52: val_loss=0.4067761301994324
Epoch 52: train_loss=0.4231407940387726

[CollapseMonitor] Epoch 52
  [DEBUG] Processed 20 batches from val_dataloader
  [DEBUG] Predictions shape after concat: (1280,)
  [DEBUG] All predictions list length: 20
  [DEBUG] First batch shape: (64,)
  Pred std: 0.052962, range: 0.369970, mean: 0.077445
  Pos: 96.4%, Neg: 3.6%, Unique: 1268
  Saved validation predictions to: experiments/01_staleness_features_fixed/sweep_stale_h14_drop0.25_lr3/collapse_monitoring/val_predictions_epoch52.npy
  Gradient norms:
    lstm_encoder: 0.013767
    lstm_decoder: 0.008773
    multihead_attn: 0.002857
    output_layer: 0.090802
  VSN output std:
    encoder: 0.114519
  Attention entropy: 2.953504
  Saved to: experiments/01_staleness_features_fixed/sweep_stale_h14_drop0.25_lr3/collapse_monitoring/collapse_monitor_epoch52.json
Epoch 53: val_loss=0.40719732642173767
Epoch 53: train_loss=0.4235149025917053

[CollapseMonitor] Epoch 53
  [DEBUG] Processed 20 batches from val_dataloader
  [DEBUG] Predictions shape after concat: (1280,)
  [DEBUG] All predictions list length: 20
  [DEBUG] First batch shape: (64,)
  Pred std: 0.054713, range: 0.376755, mean: 0.068767
  Pos: 95.8%, Neg: 4.2%, Unique: 1270
  Saved validation predictions to: experiments/01_staleness_features_fixed/sweep_stale_h14_drop0.25_lr3/collapse_monitoring/val_predictions_epoch53.npy
  Gradient norms:
    lstm_encoder: 0.014339
    lstm_decoder: 0.008823
    multihead_attn: 0.002786
    output_layer: 0.094498
  VSN output std:
    encoder: 0.114477
  Attention entropy: 2.955688
  Saved to: experiments/01_staleness_features_fixed/sweep_stale_h14_drop0.25_lr3/collapse_monitoring/collapse_monitor_epoch53.json
Epoch 54: val_loss=0.40643221139907837
Epoch 54: train_loss=0.42353877425193787

[CollapseMonitor] Epoch 54
  [DEBUG] Processed 20 batches from val_dataloader
  [DEBUG] Predictions shape after concat: (1280,)
  [DEBUG] All predictions list length: 20
  [DEBUG] First batch shape: (64,)
  Pred std: 0.055149, range: 0.379535, mean: 0.076252
  Pos: 97.7%, Neg: 2.3%, Unique: 1265
  Saved validation predictions to: experiments/01_staleness_features_fixed/sweep_stale_h14_drop0.25_lr3/collapse_monitoring/val_predictions_epoch54.npy
  Gradient norms:
    lstm_encoder: 0.014111
    lstm_decoder: 0.008560
    multihead_attn: 0.002706
    output_layer: 0.095814
  VSN output std:
    encoder: 0.114809
  Attention entropy: 2.954904
  Saved to: experiments/01_staleness_features_fixed/sweep_stale_h14_drop0.25_lr3/collapse_monitoring/collapse_monitor_epoch54.json
Epoch 55: val_loss=0.4060370922088623
Epoch 55: train_loss=0.42414915561676025

[CollapseMonitor] Epoch 55
  [DEBUG] Processed 20 batches from val_dataloader
  [DEBUG] Predictions shape after concat: (1280,)
  [DEBUG] All predictions list length: 20
  [DEBUG] First batch shape: (64,)
  Pred std: 0.050299, range: 0.368136, mean: 0.100837
  Pos: 99.5%, Neg: 0.5%, Unique: 1269
  Saved validation predictions to: experiments/01_staleness_features_fixed/sweep_stale_h14_drop0.25_lr3/collapse_monitoring/val_predictions_epoch55.npy
  Gradient norms:
    lstm_encoder: 0.015184
    lstm_decoder: 0.009032
    multihead_attn: 0.002988
    output_layer: 0.092718
  VSN output std:
    encoder: 0.114818
  Attention entropy: 2.954021
  Saved to: experiments/01_staleness_features_fixed/sweep_stale_h14_drop0.25_lr3/collapse_monitoring/collapse_monitor_epoch55.json
Epoch 56: val_loss=0.4060297906398773
Epoch 56: train_loss=0.42408883571624756

[CollapseMonitor] Epoch 56
  [DEBUG] Processed 20 batches from val_dataloader
  [DEBUG] Predictions shape after concat: (1280,)
  [DEBUG] All predictions list length: 20
  [DEBUG] First batch shape: (64,)
  Pred std: 0.049935, range: 0.358417, mean: 0.087918
  Pos: 98.8%, Neg: 1.2%, Unique: 1274
  Saved validation predictions to: experiments/01_staleness_features_fixed/sweep_stale_h14_drop0.25_lr3/collapse_monitoring/val_predictions_epoch56.npy
  Gradient norms:
    lstm_encoder: 0.015069
    lstm_decoder: 0.008975
    multihead_attn: 0.002956
    output_layer: 0.091515
  VSN output std:
    encoder: 0.113428
  Attention entropy: 2.951394
  Saved to: experiments/01_staleness_features_fixed/sweep_stale_h14_drop0.25_lr3/collapse_monitoring/collapse_monitor_epoch56.json
Epoch 57: val_loss=0.40578794479370117
Epoch 57: train_loss=0.42286422848701477

[CollapseMonitor] Epoch 57
  [DEBUG] Processed 20 batches from val_dataloader
  [DEBUG] Predictions shape after concat: (1280,)
  [DEBUG] All predictions list length: 20
  [DEBUG] First batch shape: (64,)
  Pred std: 0.050347, range: 0.358112, mean: 0.097148
  Pos: 99.6%, Neg: 0.4%, Unique: 1268
  Saved validation predictions to: experiments/01_staleness_features_fixed/sweep_stale_h14_drop0.25_lr3/collapse_monitoring/val_predictions_epoch57.npy
  Gradient norms:
    lstm_encoder: 0.015294
    lstm_decoder: 0.009125
    multihead_attn: 0.002682
    output_layer: 0.096355
  VSN output std:
    encoder: 0.114960
  Attention entropy: 2.950503
  Saved to: experiments/01_staleness_features_fixed/sweep_stale_h14_drop0.25_lr3/collapse_monitoring/collapse_monitor_epoch57.json
Epoch 58: val_loss=0.40489116311073303
Epoch 58: train_loss=0.4224936366081238

[CollapseMonitor] Epoch 58
  [DEBUG] Processed 20 batches from val_dataloader
  [DEBUG] Predictions shape after concat: (1280,)
  [DEBUG] All predictions list length: 20
  [DEBUG] First batch shape: (64,)
  Pred std: 0.055169, range: 0.378410, mean: 0.078020
  Pos: 98.4%, Neg: 1.6%, Unique: 1276
  Saved validation predictions to: experiments/01_staleness_features_fixed/sweep_stale_h14_drop0.25_lr3/collapse_monitoring/val_predictions_epoch58.npy
  Gradient norms:
    lstm_encoder: 0.016844
    lstm_decoder: 0.009608
    multihead_attn: 0.002814
    output_layer: 0.086207
  VSN output std:
    encoder: 0.116226
  Attention entropy: 2.948594
  Saved to: experiments/01_staleness_features_fixed/sweep_stale_h14_drop0.25_lr3/collapse_monitoring/collapse_monitor_epoch58.json
Epoch 59: val_loss=0.40476053953170776
Epoch 59: train_loss=0.42285874485969543

[CollapseMonitor] Epoch 59
  [DEBUG] Processed 20 batches from val_dataloader
  [DEBUG] Predictions shape after concat: (1280,)
  [DEBUG] All predictions list length: 20
  [DEBUG] First batch shape: (64,)
  Pred std: 0.050110, range: 0.359782, mean: 0.087469
  Pos: 99.4%, Neg: 0.6%, Unique: 1272
  Saved validation predictions to: experiments/01_staleness_features_fixed/sweep_stale_h14_drop0.25_lr3/collapse_monitoring/val_predictions_epoch59.npy
  Gradient norms:
    lstm_encoder: 0.015985
    lstm_decoder: 0.009424
    multihead_attn: 0.002473
    output_layer: 0.085204
  VSN output std:
    encoder: 0.116308
  Attention entropy: 2.947826
  Saved to: experiments/01_staleness_features_fixed/sweep_stale_h14_drop0.25_lr3/collapse_monitoring/collapse_monitor_epoch59.json
Epoch 60: val_loss=0.4045198857784271
Epoch 60: train_loss=0.42277777194976807

[CollapseMonitor] Epoch 60
  [DEBUG] Processed 20 batches from val_dataloader
  [DEBUG] Predictions shape after concat: (1280,)
  [DEBUG] All predictions list length: 20
  [DEBUG] First batch shape: (64,)
  Pred std: 0.055900, range: 0.394876, mean: 0.071340
  Pos: 97.2%, Neg: 2.8%, Unique: 1263
  Saved validation predictions to: experiments/01_staleness_features_fixed/sweep_stale_h14_drop0.25_lr3/collapse_monitoring/val_predictions_epoch60.npy
  Gradient norms:
    lstm_encoder: 0.017460
    lstm_decoder: 0.010018
    multihead_attn: 0.002784
    output_layer: 0.084502
  VSN output std:
    encoder: 0.118069
  Attention entropy: 2.944462
  Saved to: experiments/01_staleness_features_fixed/sweep_stale_h14_drop0.25_lr3/collapse_monitoring/collapse_monitor_epoch60.json
Epoch 61: val_loss=0.40387868881225586
Epoch 61: train_loss=0.4231356382369995

[CollapseMonitor] Epoch 61
  [DEBUG] Processed 20 batches from val_dataloader
  [DEBUG] Predictions shape after concat: (1280,)
  [DEBUG] All predictions list length: 20
  [DEBUG] First batch shape: (64,)
  Pred std: 0.053874, range: 0.389507, mean: 0.088803
  Pos: 99.5%, Neg: 0.5%, Unique: 1269
  Saved validation predictions to: experiments/01_staleness_features_fixed/sweep_stale_h14_drop0.25_lr3/collapse_monitoring/val_predictions_epoch61.npy
  Gradient norms:
    lstm_encoder: 0.017423
    lstm_decoder: 0.010320
    multihead_attn: 0.002883
    output_layer: 0.093782
  VSN output std:
    encoder: 0.117901
  Attention entropy: 2.945656
  Saved to: experiments/01_staleness_features_fixed/sweep_stale_h14_drop0.25_lr3/collapse_monitoring/collapse_monitor_epoch61.json
Epoch 62: val_loss=0.40404319763183594
Epoch 62: train_loss=0.42301061749458313

[CollapseMonitor] Epoch 62
  [DEBUG] Processed 20 batches from val_dataloader
  [DEBUG] Predictions shape after concat: (1280,)
  [DEBUG] All predictions list length: 20
  [DEBUG] First batch shape: (64,)
  Pred std: 0.053119, range: 0.378218, mean: 0.103785
  Pos: 99.9%, Neg: 0.1%, Unique: 1273
  Saved validation predictions to: experiments/01_staleness_features_fixed/sweep_stale_h14_drop0.25_lr3/collapse_monitoring/val_predictions_epoch62.npy
  Gradient norms:
    lstm_encoder: 0.018466
    lstm_decoder: 0.009916
    multihead_attn: 0.002654
    output_layer: 0.086992
  VSN output std:
    encoder: 0.117255
  Attention entropy: 2.944443
  Saved to: experiments/01_staleness_features_fixed/sweep_stale_h14_drop0.25_lr3/collapse_monitoring/collapse_monitor_epoch62.json
Epoch 63: val_loss=0.4036084711551666
Epoch 63: train_loss=0.4218423664569855

[CollapseMonitor] Epoch 63
  [DEBUG] Processed 20 batches from val_dataloader
  [DEBUG] Predictions shape after concat: (1280,)
  [DEBUG] All predictions list length: 20
  [DEBUG] First batch shape: (64,)
  Pred std: 0.056504, range: 0.402158, mean: 0.073631
  Pos: 97.5%, Neg: 2.5%, Unique: 1271
  Saved validation predictions to: experiments/01_staleness_features_fixed/sweep_stale_h14_drop0.25_lr3/collapse_monitoring/val_predictions_epoch63.npy
  Gradient norms:
    lstm_encoder: 0.018331
    lstm_decoder: 0.010136
    multihead_attn: 0.002772
    output_layer: 0.091082
  VSN output std:
    encoder: 0.116958
  Attention entropy: 2.945619
  Saved to: experiments/01_staleness_features_fixed/sweep_stale_h14_drop0.25_lr3/collapse_monitoring/collapse_monitor_epoch63.json
Epoch 64: val_loss=0.4036063253879547
Epoch 64: train_loss=0.4223766326904297

[CollapseMonitor] Epoch 64
  [DEBUG] Processed 20 batches from val_dataloader
  [DEBUG] Predictions shape after concat: (1280,)
  [DEBUG] All predictions list length: 20
  [DEBUG] First batch shape: (64,)
  Pred std: 0.050113, range: 0.363386, mean: 0.091133
  Pos: 99.5%, Neg: 0.5%, Unique: 1267
  Saved validation predictions to: experiments/01_staleness_features_fixed/sweep_stale_h14_drop0.25_lr3/collapse_monitoring/val_predictions_epoch64.npy
  Gradient norms:
    lstm_encoder: 0.018287
    lstm_decoder: 0.009780
    multihead_attn: 0.002568
    output_layer: 0.087899
  VSN output std:
    encoder: 0.116977
  Attention entropy: 2.947251
  Saved to: experiments/01_staleness_features_fixed/sweep_stale_h14_drop0.25_lr3/collapse_monitoring/collapse_monitor_epoch64.json
Epoch 65: val_loss=0.4035719335079193
Epoch 65: train_loss=0.4230799674987793

[CollapseMonitor] Epoch 65
  [DEBUG] Processed 20 batches from val_dataloader
  [DEBUG] Predictions shape after concat: (1280,)
  [DEBUG] All predictions list length: 20
  [DEBUG] First batch shape: (64,)
  Pred std: 0.046031, range: 0.344665, mean: 0.099078
  Pos: 99.9%, Neg: 0.1%, Unique: 1272
  Saved validation predictions to: experiments/01_staleness_features_fixed/sweep_stale_h14_drop0.25_lr3/collapse_monitoring/val_predictions_epoch65.npy
  Gradient norms:
    lstm_encoder: 0.020059
    lstm_decoder: 0.010626
    multihead_attn: 0.002820
    output_layer: 0.090373
  VSN output std:
    encoder: 0.116008
  Attention entropy: 2.949867
  Saved to: experiments/01_staleness_features_fixed/sweep_stale_h14_drop0.25_lr3/collapse_monitoring/collapse_monitor_epoch65.json
Epoch 66: val_loss=0.40259474515914917
Epoch 66: train_loss=0.42158791422843933

[CollapseMonitor] Epoch 66
  [DEBUG] Processed 20 batches from val_dataloader
  [DEBUG] Predictions shape after concat: (1280,)
  [DEBUG] All predictions list length: 20
  [DEBUG] First batch shape: (64,)
  Pred std: 0.052103, range: 0.367366, mean: 0.103748
  Pos: 100.0%, Neg: 0.0%, Unique: 1264
  Saved validation predictions to: experiments/01_staleness_features_fixed/sweep_stale_h14_drop0.25_lr3/collapse_monitoring/val_predictions_epoch66.npy
  Gradient norms:
    lstm_encoder: 0.018845
    lstm_decoder: 0.009833
    multihead_attn: 0.002492
    output_layer: 0.091677
  VSN output std:
    encoder: 0.118076
  Attention entropy: 2.947240
  Saved to: experiments/01_staleness_features_fixed/sweep_stale_h14_drop0.25_lr3/collapse_monitoring/collapse_monitor_epoch66.json
Epoch 67: val_loss=0.40269526839256287
Epoch 67: train_loss=0.42261379957199097

[CollapseMonitor] Epoch 67
  [DEBUG] Processed 20 batches from val_dataloader
  [DEBUG] Predictions shape after concat: (1280,)
  [DEBUG] All predictions list length: 20
  [DEBUG] First batch shape: (64,)
  Pred std: 0.051772, range: 0.374564, mean: 0.088916
  Pos: 99.2%, Neg: 0.8%, Unique: 1268
  Saved validation predictions to: experiments/01_staleness_features_fixed/sweep_stale_h14_drop0.25_lr3/collapse_monitoring/val_predictions_epoch67.npy
  Gradient norms:
    lstm_encoder: 0.022254
    lstm_decoder: 0.011213
    multihead_attn: 0.002721
    output_layer: 0.091285
  VSN output std:
    encoder: 0.115430
  Attention entropy: 2.948955
  Saved to: experiments/01_staleness_features_fixed/sweep_stale_h14_drop0.25_lr3/collapse_monitoring/collapse_monitor_epoch67.json
Epoch 68: val_loss=0.4024912416934967
Epoch 68: train_loss=0.42139390110969543

[CollapseMonitor] Epoch 68
  [DEBUG] Processed 20 batches from val_dataloader
  [DEBUG] Predictions shape after concat: (1280,)
  [DEBUG] All predictions list length: 20
  [DEBUG] First batch shape: (64,)
  Pred std: 0.051531, range: 0.382476, mean: 0.090465
  Pos: 99.1%, Neg: 0.9%, Unique: 1267
  Saved validation predictions to: experiments/01_staleness_features_fixed/sweep_stale_h14_drop0.25_lr3/collapse_monitoring/val_predictions_epoch68.npy
  Gradient norms:
    lstm_encoder: 0.020788
    lstm_decoder: 0.010760
    multihead_attn: 0.002760
    output_layer: 0.088836
  VSN output std:
    encoder: 0.115892
  Attention entropy: 2.946259
  Saved to: experiments/01_staleness_features_fixed/sweep_stale_h14_drop0.25_lr3/collapse_monitoring/collapse_monitor_epoch68.json
Epoch 69: val_loss=0.40263205766677856
Epoch 69: train_loss=0.42178162932395935

[CollapseMonitor] Epoch 69
  [DEBUG] Processed 20 batches from val_dataloader
  [DEBUG] Predictions shape after concat: (1280,)
  [DEBUG] All predictions list length: 20
  [DEBUG] First batch shape: (64,)
  Pred std: 0.056354, range: 0.416237, mean: 0.068505
  Pos: 96.8%, Neg: 3.2%, Unique: 1268
  Saved validation predictions to: experiments/01_staleness_features_fixed/sweep_stale_h14_drop0.25_lr3/collapse_monitoring/val_predictions_epoch69.npy
  Gradient norms:
    lstm_encoder: 0.021338
    lstm_decoder: 0.011015
    multihead_attn: 0.002711
    output_layer: 0.094715
  VSN output std:
    encoder: 0.114796
  Attention entropy: 2.949229
  Saved to: experiments/01_staleness_features_fixed/sweep_stale_h14_drop0.25_lr3/collapse_monitoring/collapse_monitor_epoch69.json
Epoch 70: val_loss=0.40175047516822815
Epoch 70: train_loss=0.4212408661842346

[CollapseMonitor] Epoch 70
  [DEBUG] Processed 20 batches from val_dataloader
  [DEBUG] Predictions shape after concat: (1280,)
  [DEBUG] All predictions list length: 20
  [DEBUG] First batch shape: (64,)
  Pred std: 0.056956, range: 0.413537, mean: 0.090097
  Pos: 99.5%, Neg: 0.5%, Unique: 1275
  Saved validation predictions to: experiments/01_staleness_features_fixed/sweep_stale_h14_drop0.25_lr3/collapse_monitoring/val_predictions_epoch70.npy
  Gradient norms:
    lstm_encoder: 0.020856
    lstm_decoder: 0.010526
    multihead_attn: 0.002531
    output_layer: 0.084231
  VSN output std:
    encoder: 0.116115
  Attention entropy: 2.948367
  Saved to: experiments/01_staleness_features_fixed/sweep_stale_h14_drop0.25_lr3/collapse_monitoring/collapse_monitor_epoch70.json
Epoch 71: val_loss=0.4016464352607727
Epoch 71: train_loss=0.4230917990207672

[CollapseMonitor] Epoch 71
  [DEBUG] Processed 20 batches from val_dataloader
  [DEBUG] Predictions shape after concat: (1280,)
  [DEBUG] All predictions list length: 20
  [DEBUG] First batch shape: (64,)
  Pred std: 0.055895, range: 0.392297, mean: 0.102458
  Pos: 100.0%, Neg: 0.0%, Unique: 1269
  Saved validation predictions to: experiments/01_staleness_features_fixed/sweep_stale_h14_drop0.25_lr3/collapse_monitoring/val_predictions_epoch71.npy
  Gradient norms:
    lstm_encoder: 0.023098
    lstm_decoder: 0.011461
    multihead_attn: 0.002903
    output_layer: 0.094231
  VSN output std:
    encoder: 0.115749
  Attention entropy: 2.948106
  Saved to: experiments/01_staleness_features_fixed/sweep_stale_h14_drop0.25_lr3/collapse_monitoring/collapse_monitor_epoch71.json
Epoch 72: val_loss=0.4017978608608246
Epoch 72: train_loss=0.42143601179122925

[CollapseMonitor] Epoch 72
  [DEBUG] Processed 20 batches from val_dataloader
  [DEBUG] Predictions shape after concat: (1280,)
  [DEBUG] All predictions list length: 20
  [DEBUG] First batch shape: (64,)
  Pred std: 0.052878, range: 0.376637, mean: 0.107026
  Pos: 100.0%, Neg: 0.0%, Unique: 1270
  Saved validation predictions to: experiments/01_staleness_features_fixed/sweep_stale_h14_drop0.25_lr3/collapse_monitoring/val_predictions_epoch72.npy
  Gradient norms:
    lstm_encoder: 0.021891
    lstm_decoder: 0.011279
    multihead_attn: 0.002505
    output_layer: 0.086870
  VSN output std:
    encoder: 0.115041
  Attention entropy: 2.949601
  Saved to: experiments/01_staleness_features_fixed/sweep_stale_h14_drop0.25_lr3/collapse_monitoring/collapse_monitor_epoch72.json
Epoch 73: val_loss=0.4016056954860687
Epoch 73: train_loss=0.4221174716949463

[CollapseMonitor] Epoch 73
  [DEBUG] Processed 20 batches from val_dataloader
  [DEBUG] Predictions shape after concat: (1280,)
  [DEBUG] All predictions list length: 20
  [DEBUG] First batch shape: (64,)
  Pred std: 0.049924, range: 0.366372, mean: 0.092389
  Pos: 99.9%, Neg: 0.1%, Unique: 1268
  Saved validation predictions to: experiments/01_staleness_features_fixed/sweep_stale_h14_drop0.25_lr3/collapse_monitoring/val_predictions_epoch73.npy
  Gradient norms:
    lstm_encoder: 0.022065
    lstm_decoder: 0.010916
    multihead_attn: 0.002496
    output_layer: 0.090789
  VSN output std:
    encoder: 0.113210
  Attention entropy: 2.948856
  Saved to: experiments/01_staleness_features_fixed/sweep_stale_h14_drop0.25_lr3/collapse_monitoring/collapse_monitor_epoch73.json
Epoch 74: val_loss=0.40230926871299744
Epoch 74: train_loss=0.42200908064842224

[CollapseMonitor] Epoch 74
  [DEBUG] Processed 20 batches from val_dataloader
  [DEBUG] Predictions shape after concat: (1280,)
  [DEBUG] All predictions list length: 20
  [DEBUG] First batch shape: (64,)
  Pred std: 0.055130, range: 0.393684, mean: 0.078908
  Pos: 99.0%, Neg: 1.0%, Unique: 1270
  Saved validation predictions to: experiments/01_staleness_features_fixed/sweep_stale_h14_drop0.25_lr3/collapse_monitoring/val_predictions_epoch74.npy
  Gradient norms:
    lstm_encoder: 0.021606
    lstm_decoder: 0.011622
    multihead_attn: 0.002474
    output_layer: 0.092253
  VSN output std:
    encoder: 0.114338
  Attention entropy: 2.946467
  Saved to: experiments/01_staleness_features_fixed/sweep_stale_h14_drop0.25_lr3/collapse_monitoring/collapse_monitor_epoch74.json
Epoch 75: val_loss=0.40115147829055786
Epoch 75: train_loss=0.421558141708374

[CollapseMonitor] Epoch 75
  [DEBUG] Processed 20 batches from val_dataloader
  [DEBUG] Predictions shape after concat: (1280,)
  [DEBUG] All predictions list length: 20
  [DEBUG] First batch shape: (64,)
  Pred std: 0.058899, range: 0.417734, mean: 0.086617
  Pos: 99.9%, Neg: 0.1%, Unique: 1271
  Saved validation predictions to: experiments/01_staleness_features_fixed/sweep_stale_h14_drop0.25_lr3/collapse_monitoring/val_predictions_epoch75.npy
  Gradient norms:
    lstm_encoder: 0.023208
    lstm_decoder: 0.011952
    multihead_attn: 0.002663
    output_layer: 0.094161
  VSN output std:
    encoder: 0.115051
  Attention entropy: 2.946719
  Saved to: experiments/01_staleness_features_fixed/sweep_stale_h14_drop0.25_lr3/collapse_monitoring/collapse_monitor_epoch75.json
Epoch 76: val_loss=0.4006451666355133
Epoch 76: train_loss=0.422550231218338

[CollapseMonitor] Epoch 76
  [DEBUG] Processed 20 batches from val_dataloader
  [DEBUG] Predictions shape after concat: (1280,)
  [DEBUG] All predictions list length: 20
  [DEBUG] First batch shape: (64,)
  Pred std: 0.056342, range: 0.412106, mean: 0.076117
  Pos: 98.6%, Neg: 1.4%, Unique: 1260
  Saved validation predictions to: experiments/01_staleness_features_fixed/sweep_stale_h14_drop0.25_lr3/collapse_monitoring/val_predictions_epoch76.npy
  Gradient norms:
    lstm_encoder: 0.024332
    lstm_decoder: 0.011744
    multihead_attn: 0.002615
    output_layer: 0.092349
  VSN output std:
    encoder: 0.116184
  Attention entropy: 2.947155
  Saved to: experiments/01_staleness_features_fixed/sweep_stale_h14_drop0.25_lr3/collapse_monitoring/collapse_monitor_epoch76.json
Epoch 77: val_loss=0.40136998891830444
Epoch 77: train_loss=0.4213268458843231

[CollapseMonitor] Epoch 77
  [DEBUG] Processed 20 batches from val_dataloader
  [DEBUG] Predictions shape after concat: (1280,)
  [DEBUG] All predictions list length: 20
  [DEBUG] First batch shape: (64,)
  Pred std: 0.053829, range: 0.395360, mean: 0.099132
  Pos: 99.9%, Neg: 0.1%, Unique: 1267
  Saved validation predictions to: experiments/01_staleness_features_fixed/sweep_stale_h14_drop0.25_lr3/collapse_monitoring/val_predictions_epoch77.npy
  Gradient norms:
    lstm_encoder: 0.023896
    lstm_decoder: 0.011469
    multihead_attn: 0.002681
    output_layer: 0.096524
  VSN output std:
    encoder: 0.114255
  Attention entropy: 2.949253
  Saved to: experiments/01_staleness_features_fixed/sweep_stale_h14_drop0.25_lr3/collapse_monitoring/collapse_monitor_epoch77.json
Epoch 78: val_loss=0.4007934033870697
Epoch 78: train_loss=0.4210124611854553

[CollapseMonitor] Epoch 78
  [DEBUG] Processed 20 batches from val_dataloader
  [DEBUG] Predictions shape after concat: (1280,)
  [DEBUG] All predictions list length: 20
  [DEBUG] First batch shape: (64,)
  Pred std: 0.053895, range: 0.407076, mean: 0.074836
  Pos: 98.2%, Neg: 1.8%, Unique: 1273
  Saved validation predictions to: experiments/01_staleness_features_fixed/sweep_stale_h14_drop0.25_lr3/collapse_monitoring/val_predictions_epoch78.npy
  Gradient norms:
    lstm_encoder: 0.021170
    lstm_decoder: 0.011135
    multihead_attn: 0.002686
    output_layer: 0.090123
  VSN output std:
    encoder: 0.116018
  Attention entropy: 2.946871
  Saved to: experiments/01_staleness_features_fixed/sweep_stale_h14_drop0.25_lr3/collapse_monitoring/collapse_monitor_epoch78.json
Epoch 79: val_loss=0.4006284773349762
Epoch 79: train_loss=0.4206899404525757

[CollapseMonitor] Epoch 79
  [DEBUG] Processed 20 batches from val_dataloader
  [DEBUG] Predictions shape after concat: (1280,)
  [DEBUG] All predictions list length: 20
  [DEBUG] First batch shape: (64,)
  Pred std: 0.057030, range: 0.411740, mean: 0.079708
  Pos: 98.8%, Neg: 1.2%, Unique: 1269
  Saved validation predictions to: experiments/01_staleness_features_fixed/sweep_stale_h14_drop0.25_lr3/collapse_monitoring/val_predictions_epoch79.npy
  Gradient norms:
    lstm_encoder: 0.024899
    lstm_decoder: 0.012021
    multihead_attn: 0.002829
    output_layer: 0.095785
  VSN output std:
    encoder: 0.117729
  Attention entropy: 2.947592
  Saved to: experiments/01_staleness_features_fixed/sweep_stale_h14_drop0.25_lr3/collapse_monitoring/collapse_monitor_epoch79.json
Epoch 80: val_loss=0.4003972113132477
Epoch 80: train_loss=0.4214525520801544

[CollapseMonitor] Epoch 80
  [DEBUG] Processed 20 batches from val_dataloader
  [DEBUG] Predictions shape after concat: (1280,)
  [DEBUG] All predictions list length: 20
  [DEBUG] First batch shape: (64,)
  Pred std: 0.054420, range: 0.401262, mean: 0.083040
  Pos: 99.0%, Neg: 1.0%, Unique: 1268
  Saved validation predictions to: experiments/01_staleness_features_fixed/sweep_stale_h14_drop0.25_lr3/collapse_monitoring/val_predictions_epoch80.npy
  Gradient norms:
    lstm_encoder: 0.024537
    lstm_decoder: 0.011317
    multihead_attn: 0.002581
    output_layer: 0.094459
  VSN output std:
    encoder: 0.118341
  Attention entropy: 2.947941
  Saved to: experiments/01_staleness_features_fixed/sweep_stale_h14_drop0.25_lr3/collapse_monitoring/collapse_monitor_epoch80.json
Epoch 81: val_loss=0.40051522850990295
Epoch 81: train_loss=0.41995832324028015

[CollapseMonitor] Epoch 81
  [DEBUG] Processed 20 batches from val_dataloader
  [DEBUG] Predictions shape after concat: (1280,)
  [DEBUG] All predictions list length: 20
  [DEBUG] First batch shape: (64,)
  Pred std: 0.054521, range: 0.379571, mean: 0.090965
  Pos: 99.5%, Neg: 0.5%, Unique: 1271
  Saved validation predictions to: experiments/01_staleness_features_fixed/sweep_stale_h14_drop0.25_lr3/collapse_monitoring/val_predictions_epoch81.npy
  Gradient norms:
    lstm_encoder: 0.026551
    lstm_decoder: 0.012738
    multihead_attn: 0.002660
    output_layer: 0.091570
  VSN output std:
    encoder: 0.114310
  Attention entropy: 2.948644
  Saved to: experiments/01_staleness_features_fixed/sweep_stale_h14_drop0.25_lr3/collapse_monitoring/collapse_monitor_epoch81.json
Epoch 82: val_loss=0.3998947739601135
Epoch 82: train_loss=0.42047274112701416

[CollapseMonitor] Epoch 82
  [DEBUG] Processed 20 batches from val_dataloader
  [DEBUG] Predictions shape after concat: (1280,)
  [DEBUG] All predictions list length: 20
  [DEBUG] First batch shape: (64,)
  Pred std: 0.057959, range: 0.410036, mean: 0.073948
  Pos: 98.4%, Neg: 1.6%, Unique: 1263
  Saved validation predictions to: experiments/01_staleness_features_fixed/sweep_stale_h14_drop0.25_lr3/collapse_monitoring/val_predictions_epoch82.npy
  Gradient norms:
    lstm_encoder: 0.024426
    lstm_decoder: 0.011954
    multihead_attn: 0.002905
    output_layer: 0.093540
  VSN output std:
    encoder: 0.114399
  Attention entropy: 2.946894
  Saved to: experiments/01_staleness_features_fixed/sweep_stale_h14_drop0.25_lr3/collapse_monitoring/collapse_monitor_epoch82.json
Epoch 83: val_loss=0.399918794631958
Epoch 83: train_loss=0.4216204285621643

[CollapseMonitor] Epoch 83
  [DEBUG] Processed 20 batches from val_dataloader
  [DEBUG] Predictions shape after concat: (1280,)
  [DEBUG] All predictions list length: 20
  [DEBUG] First batch shape: (64,)
  Pred std: 0.053737, range: 0.384820, mean: 0.094969
  Pos: 99.6%, Neg: 0.4%, Unique: 1266
  Saved validation predictions to: experiments/01_staleness_features_fixed/sweep_stale_h14_drop0.25_lr3/collapse_monitoring/val_predictions_epoch83.npy
  Gradient norms:
    lstm_encoder: 0.025505
    lstm_decoder: 0.012877
    multihead_attn: 0.002695
    output_layer: 0.089970
  VSN output std:
    encoder: 0.115076
  Attention entropy: 2.945405
  Saved to: experiments/01_staleness_features_fixed/sweep_stale_h14_drop0.25_lr3/collapse_monitoring/collapse_monitor_epoch83.json
Epoch 84: val_loss=0.3996465802192688
Epoch 84: train_loss=0.4195813238620758

[CollapseMonitor] Epoch 84
  [DEBUG] Processed 20 batches from val_dataloader
  [DEBUG] Predictions shape after concat: (1280,)
  [DEBUG] All predictions list length: 20
  [DEBUG] First batch shape: (64,)
  Pred std: 0.054786, range: 0.387603, mean: 0.080829
  Pos: 99.1%, Neg: 0.9%, Unique: 1262
  Saved validation predictions to: experiments/01_staleness_features_fixed/sweep_stale_h14_drop0.25_lr3/collapse_monitoring/val_predictions_epoch84.npy
  Gradient norms:
    lstm_encoder: 0.025190
    lstm_decoder: 0.012553
    multihead_attn: 0.002670
    output_layer: 0.093285
  VSN output std:
    encoder: 0.114333
  Attention entropy: 2.945233
  Saved to: experiments/01_staleness_features_fixed/sweep_stale_h14_drop0.25_lr3/collapse_monitoring/collapse_monitor_epoch84.json
Epoch 85: val_loss=0.3998187482357025
Epoch 85: train_loss=0.42075732350349426

[CollapseMonitor] Epoch 85
  [DEBUG] Processed 20 batches from val_dataloader
  [DEBUG] Predictions shape after concat: (1280,)
  [DEBUG] All predictions list length: 20
  [DEBUG] First batch shape: (64,)
  Pred std: 0.050015, range: 0.377084, mean: 0.104125
  Pos: 99.6%, Neg: 0.4%, Unique: 1264
  Saved validation predictions to: experiments/01_staleness_features_fixed/sweep_stale_h14_drop0.25_lr3/collapse_monitoring/val_predictions_epoch85.npy
  Gradient norms:
    lstm_encoder: 0.026405
    lstm_decoder: 0.012443
    multihead_attn: 0.002779
    output_layer: 0.090775
  VSN output std:
    encoder: 0.115600
  Attention entropy: 2.941115
  Saved to: experiments/01_staleness_features_fixed/sweep_stale_h14_drop0.25_lr3/collapse_monitoring/collapse_monitor_epoch85.json
Epoch 86: val_loss=0.399803102016449
Epoch 86: train_loss=0.4211501181125641

[CollapseMonitor] Epoch 86
  [DEBUG] Processed 20 batches from val_dataloader
  [DEBUG] Predictions shape after concat: (1280,)
  [DEBUG] All predictions list length: 20
  [DEBUG] First batch shape: (64,)
  Pred std: 0.051828, range: 0.388841, mean: 0.071473
  Pos: 97.7%, Neg: 2.3%, Unique: 1263
  Saved validation predictions to: experiments/01_staleness_features_fixed/sweep_stale_h14_drop0.25_lr3/collapse_monitoring/val_predictions_epoch86.npy
  Gradient norms:
    lstm_encoder: 0.026038
    lstm_decoder: 0.012444
    multihead_attn: 0.002605
    output_layer: 0.089539
  VSN output std:
    encoder: 0.116080
  Attention entropy: 2.943761
  Saved to: experiments/01_staleness_features_fixed/sweep_stale_h14_drop0.25_lr3/collapse_monitoring/collapse_monitor_epoch86.json
Epoch 87: val_loss=0.4006362855434418
Epoch 87: train_loss=0.42113664746284485

[CollapseMonitor] Epoch 87
  [DEBUG] Processed 20 batches from val_dataloader
  [DEBUG] Predictions shape after concat: (1280,)
  [DEBUG] All predictions list length: 20
  [DEBUG] First batch shape: (64,)
  Pred std: 0.051232, range: 0.402858, mean: 0.077151
  Pos: 97.7%, Neg: 2.3%, Unique: 1273
  Saved validation predictions to: experiments/01_staleness_features_fixed/sweep_stale_h14_drop0.25_lr3/collapse_monitoring/val_predictions_epoch87.npy
  Gradient norms:
    lstm_encoder: 0.026313
    lstm_decoder: 0.012492
    multihead_attn: 0.002516
    output_layer: 0.089563
  VSN output std:
    encoder: 0.113176
  Attention entropy: 2.947235
  Saved to: experiments/01_staleness_features_fixed/sweep_stale_h14_drop0.25_lr3/collapse_monitoring/collapse_monitor_epoch87.json
Epoch 88: val_loss=0.39952418208122253
Epoch 88: train_loss=0.42098236083984375

[CollapseMonitor] Epoch 88
  [DEBUG] Processed 20 batches from val_dataloader
  [DEBUG] Predictions shape after concat: (1280,)
  [DEBUG] All predictions list length: 20
  [DEBUG] First batch shape: (64,)
  Pred std: 0.050269, range: 0.394077, mean: 0.081287
  Pos: 98.4%, Neg: 1.6%, Unique: 1268
  Saved validation predictions to: experiments/01_staleness_features_fixed/sweep_stale_h14_drop0.25_lr3/collapse_monitoring/val_predictions_epoch88.npy
  Gradient norms:
    lstm_encoder: 0.025138
    lstm_decoder: 0.012402
    multihead_attn: 0.002512
    output_layer: 0.100239
  VSN output std:
    encoder: 0.113848
  Attention entropy: 2.945499
  Saved to: experiments/01_staleness_features_fixed/sweep_stale_h14_drop0.25_lr3/collapse_monitoring/collapse_monitor_epoch88.json
Epoch 89: val_loss=0.39963871240615845
Epoch 89: train_loss=0.42069366574287415

[CollapseMonitor] Epoch 89
  [DEBUG] Processed 20 batches from val_dataloader
  [DEBUG] Predictions shape after concat: (1280,)
  [DEBUG] All predictions list length: 20
  [DEBUG] First batch shape: (64,)
  Pred std: 0.050280, range: 0.393722, mean: 0.065445
  Pos: 96.7%, Neg: 3.3%, Unique: 1273
  Saved validation predictions to: experiments/01_staleness_features_fixed/sweep_stale_h14_drop0.25_lr3/collapse_monitoring/val_predictions_epoch89.npy
  Gradient norms:
    lstm_encoder: 0.029178
    lstm_decoder: 0.013958
    multihead_attn: 0.002764
    output_layer: 0.096129
  VSN output std:
    encoder: 0.112974
  Attention entropy: 2.945657
  Saved to: experiments/01_staleness_features_fixed/sweep_stale_h14_drop0.25_lr3/collapse_monitoring/collapse_monitor_epoch89.json
Epoch 90: val_loss=0.3993443250656128
Epoch 90: train_loss=0.4209674000740051

[CollapseMonitor] Epoch 90
  [DEBUG] Processed 20 batches from val_dataloader
  [DEBUG] Predictions shape after concat: (1280,)
  [DEBUG] All predictions list length: 20
  [DEBUG] First batch shape: (64,)
  Pred std: 0.053889, range: 0.399096, mean: 0.085138
  Pos: 99.3%, Neg: 0.7%, Unique: 1269
  Saved validation predictions to: experiments/01_staleness_features_fixed/sweep_stale_h14_drop0.25_lr3/collapse_monitoring/val_predictions_epoch90.npy
  Gradient norms:
    lstm_encoder: 0.024834
    lstm_decoder: 0.012066
    multihead_attn: 0.002635
    output_layer: 0.091302
  VSN output std:
    encoder: 0.111894
  Attention entropy: 2.944174
  Saved to: experiments/01_staleness_features_fixed/sweep_stale_h14_drop0.25_lr3/collapse_monitoring/collapse_monitor_epoch90.json
Epoch 91: val_loss=0.4002516269683838
Epoch 91: train_loss=0.4212237000465393

[CollapseMonitor] Epoch 91
  [DEBUG] Processed 20 batches from val_dataloader
  [DEBUG] Predictions shape after concat: (1280,)
  [DEBUG] All predictions list length: 20
  [DEBUG] First batch shape: (64,)
  Pred std: 0.049990, range: 0.385253, mean: 0.095057
  Pos: 99.5%, Neg: 0.5%, Unique: 1271
  Saved validation predictions to: experiments/01_staleness_features_fixed/sweep_stale_h14_drop0.25_lr3/collapse_monitoring/val_predictions_epoch91.npy
  Gradient norms:
    lstm_encoder: 0.026322
    lstm_decoder: 0.012814
    multihead_attn: 0.002733
    output_layer: 0.089621
  VSN output std:
    encoder: 0.112891
  Attention entropy: 2.941045
  Saved to: experiments/01_staleness_features_fixed/sweep_stale_h14_drop0.25_lr3/collapse_monitoring/collapse_monitor_epoch91.json
Epoch 92: val_loss=0.39962631464004517
Epoch 92: train_loss=0.42019933462142944

[CollapseMonitor] Epoch 92
  [DEBUG] Processed 20 batches from val_dataloader
  [DEBUG] Predictions shape after concat: (1280,)
  [DEBUG] All predictions list length: 20
  [DEBUG] First batch shape: (64,)
  Pred std: 0.048589, range: 0.380541, mean: 0.092452
  Pos: 99.5%, Neg: 0.5%, Unique: 1271
  Saved validation predictions to: experiments/01_staleness_features_fixed/sweep_stale_h14_drop0.25_lr3/collapse_monitoring/val_predictions_epoch92.npy
  Gradient norms:
    lstm_encoder: 0.026223
    lstm_decoder: 0.013058
    multihead_attn: 0.002852
    output_layer: 0.095675
  VSN output std:
    encoder: 0.112750
  Attention entropy: 2.936554
  Saved to: experiments/01_staleness_features_fixed/sweep_stale_h14_drop0.25_lr3/collapse_monitoring/collapse_monitor_epoch92.json
Epoch 93: val_loss=0.3989593982696533
Epoch 93: train_loss=0.4200994074344635

[CollapseMonitor] Epoch 93
  [DEBUG] Processed 20 batches from val_dataloader
  [DEBUG] Predictions shape after concat: (1280,)
  [DEBUG] All predictions list length: 20
  [DEBUG] First batch shape: (64,)
  Pred std: 0.048942, range: 0.372162, mean: 0.101074
  Pos: 99.5%, Neg: 0.5%, Unique: 1267
  Saved validation predictions to: experiments/01_staleness_features_fixed/sweep_stale_h14_drop0.25_lr3/collapse_monitoring/val_predictions_epoch93.npy
  Gradient norms:
    lstm_encoder: 0.025918
    lstm_decoder: 0.012915
    multihead_attn: 0.002873
    output_layer: 0.089336
  VSN output std:
    encoder: 0.112325
  Attention entropy: 2.936493
  Saved to: experiments/01_staleness_features_fixed/sweep_stale_h14_drop0.25_lr3/collapse_monitoring/collapse_monitor_epoch93.json
Epoch 94: val_loss=0.4002930521965027
Epoch 94: train_loss=0.41923779249191284

[CollapseMonitor] Epoch 94
  [DEBUG] Processed 20 batches from val_dataloader
  [DEBUG] Predictions shape after concat: (1280,)
  [DEBUG] All predictions list length: 20
  [DEBUG] First batch shape: (64,)
  Pred std: 0.054185, range: 0.368729, mean: 0.105339
  Pos: 100.0%, Neg: 0.0%, Unique: 1274
  Saved validation predictions to: experiments/01_staleness_features_fixed/sweep_stale_h14_drop0.25_lr3/collapse_monitoring/val_predictions_epoch94.npy
  Gradient norms:
    lstm_encoder: 0.029407
    lstm_decoder: 0.014115
    multihead_attn: 0.002854
    output_layer: 0.093485
  VSN output std:
    encoder: 0.110119
  Attention entropy: 2.938851
  Saved to: experiments/01_staleness_features_fixed/sweep_stale_h14_drop0.25_lr3/collapse_monitoring/collapse_monitor_epoch94.json
Epoch 95: val_loss=0.3999873995780945
Epoch 95: train_loss=0.41892749071121216

[CollapseMonitor] Epoch 95
  [DEBUG] Processed 20 batches from val_dataloader
  [DEBUG] Predictions shape after concat: (1280,)
  [DEBUG] All predictions list length: 20
  [DEBUG] First batch shape: (64,)
  Pred std: 0.051691, range: 0.376060, mean: 0.091638
  Pos: 99.5%, Neg: 0.5%, Unique: 1271
  Saved validation predictions to: experiments/01_staleness_features_fixed/sweep_stale_h14_drop0.25_lr3/collapse_monitoring/val_predictions_epoch95.npy
  Gradient norms:
    lstm_encoder: 0.025547
    lstm_decoder: 0.012807
    multihead_attn: 0.002683
    output_layer: 0.091192
  VSN output std:
    encoder: 0.111496
  Attention entropy: 2.937013
  Saved to: experiments/01_staleness_features_fixed/sweep_stale_h14_drop0.25_lr3/collapse_monitoring/collapse_monitor_epoch95.json
Epoch 96: val_loss=0.3999541401863098
Epoch 96: train_loss=0.4197183847427368

[CollapseMonitor] Epoch 96
  [DEBUG] Processed 20 batches from val_dataloader
  [DEBUG] Predictions shape after concat: (1280,)
  [DEBUG] All predictions list length: 20
  [DEBUG] First batch shape: (64,)
  Pred std: 0.048478, range: 0.358973, mean: 0.074336
  Pos: 99.1%, Neg: 0.9%, Unique: 1266
  Saved validation predictions to: experiments/01_staleness_features_fixed/sweep_stale_h14_drop0.25_lr3/collapse_monitoring/val_predictions_epoch96.npy
  Gradient norms:
    lstm_encoder: 0.027162
    lstm_decoder: 0.012848
    multihead_attn: 0.002547
    output_layer: 0.089244
  VSN output std:
    encoder: 0.111716
  Attention entropy: 2.938653
  Saved to: experiments/01_staleness_features_fixed/sweep_stale_h14_drop0.25_lr3/collapse_monitoring/collapse_monitor_epoch96.json
Epoch 97: val_loss=0.3994641900062561
Epoch 97: train_loss=0.4201253652572632

[CollapseMonitor] Epoch 97
  [DEBUG] Processed 20 batches from val_dataloader
  [DEBUG] Predictions shape after concat: (1280,)
  [DEBUG] All predictions list length: 20
  [DEBUG] First batch shape: (64,)
  Pred std: 0.049945, range: 0.361485, mean: 0.078422
  Pos: 99.3%, Neg: 0.7%, Unique: 1269
  Saved validation predictions to: experiments/01_staleness_features_fixed/sweep_stale_h14_drop0.25_lr3/collapse_monitoring/val_predictions_epoch97.npy
  Gradient norms:
    lstm_encoder: 0.027061
    lstm_decoder: 0.013044
    multihead_attn: 0.002651
    output_layer: 0.090981
  VSN output std:
    encoder: 0.111509
  Attention entropy: 2.933986
  Saved to: experiments/01_staleness_features_fixed/sweep_stale_h14_drop0.25_lr3/collapse_monitoring/collapse_monitor_epoch97.json
Epoch 98: val_loss=0.39940378069877625
Epoch 98: train_loss=0.4193863272666931

[CollapseMonitor] Epoch 98
  [DEBUG] Processed 20 batches from val_dataloader
  [DEBUG] Predictions shape after concat: (1280,)
  [DEBUG] All predictions list length: 20
  [DEBUG] First batch shape: (64,)
  Pred std: 0.050138, range: 0.353370, mean: 0.088451
  Pos: 99.5%, Neg: 0.5%, Unique: 1269
  Saved validation predictions to: experiments/01_staleness_features_fixed/sweep_stale_h14_drop0.25_lr3/collapse_monitoring/val_predictions_epoch98.npy
  Gradient norms:
    lstm_encoder: 0.026274
    lstm_decoder: 0.012519
    multihead_attn: 0.002582
    output_layer: 0.089852
  VSN output std:
    encoder: 0.109848
  Attention entropy: 2.934379
  Saved to: experiments/01_staleness_features_fixed/sweep_stale_h14_drop0.25_lr3/collapse_monitoring/collapse_monitor_epoch98.json
Epoch 99: val_loss=0.3995434641838074
Epoch 99: train_loss=0.42102372646331787

[CollapseMonitor] Epoch 99
  [DEBUG] Processed 20 batches from val_dataloader
  [DEBUG] Predictions shape after concat: (1280,)
  [DEBUG] All predictions list length: 20
  [DEBUG] First batch shape: (64,)
  Pred std: 0.047237, range: 0.345077, mean: 0.094155
  Pos: 99.6%, Neg: 0.4%, Unique: 1269
  Saved validation predictions to: experiments/01_staleness_features_fixed/sweep_stale_h14_drop0.25_lr3/collapse_monitoring/val_predictions_epoch99.npy
  Gradient norms:
    lstm_encoder: 0.026314
    lstm_decoder: 0.013208
    multihead_attn: 0.002730
    output_layer: 0.089079
  VSN output std:
    encoder: 0.109825
  Attention entropy: 2.934783
  Saved to: experiments/01_staleness_features_fixed/sweep_stale_h14_drop0.25_lr3/collapse_monitoring/collapse_monitor_epoch99.json


======================================================================
Training complete
======================================================================

Best model checkpoint: experiments/01_staleness_features_fixed/sweep_stale_h14_drop0.25_lr3/checkpoints/tft-epoch=93-val_loss=0.3990.ckpt
Best validation loss: 0.398959
Completed at: 2025-10-29 23:30:50
Log saved to: experiments/01_staleness_features_fixed/sweep_stale_h14_drop0.25_lr3/training_20251029_221820.log
======================================================================
