
[INFO] Using AUTO device selection.

[INFO] Patched matplotlib.Axes.errorbar to abs() negative yerr for robustness.
======================================================================
Training TFT: wf_monthly_weekly_enc12/fold_202108
======================================================================
Logging to: experiments/wf_monthly_weekly_enc12/fold_202108/training_20251203_031110.log
Started at: 2025-12-03 03:11:10
======================================================================
Configuration saved to: experiments/wf_monthly_weekly_enc12/fold_202108/config.json

Loading data splits...
Train: 1582 samples
Val: 13 samples
Test: 16 samples

Preparing TimeSeriesDataSet...

Dropping source columns (used for staleness only): ['CPI']

Final features for TFT: ['SP500_Returns', 'VIX', 'Treasury_10Y', 'Yield_Spread', 'Inflation_YoY']

======================================================================
FEATURE STATISTICS - BEFORE NORMALIZATION
======================================================================
VIX                             mean= 19.3727  std=  8.0310  min=  9.3400  max= 74.6180
Treasury_10Y                    mean=  4.2189  std=  1.8935  min=  0.5500  max=  8.3400
Yield_Spread                    mean=  1.1719  std=  0.8741  min= -0.5200  max=  2.9100
Inflation_YoY                   mean=  2.3508  std=  1.1848  min= -2.1498  max=  6.7300

======================================================================
FEATURES AFTER GROUPNORMALIZER (first batch, last timestep)
======================================================================
VIX                             normalized_value=  1.0000
Treasury_10Y                    normalized_value= -0.0833
Yield_Spread                    normalized_value= -0.6764
Inflation_YoY                   normalized_value=  0.9621
======================================================================

[DEBUG] VIX train values: [31.318 31.68  23.47  21.908 22.596]
[DEBUG] VIX val values: [18.404 22.206 20.812 17.62  17.46 ]
Batches per epoch: 98
[DEBUG] Validation batches: 1
[DEBUG] Validation dataset size: 1
[DEBUG] Batch size: 16

Initializing model...

Using standard QuantileLoss (no penalties)

[REGIME OUTPUT] Disabled (using baseline output layer)

================================================================================
BASELINE MODEL FEATURE CONFIGURATION (after from_dataset)
================================================================================
tft.hparams.time_varying_reals_encoder: ['relative_time_idx', 'VIX', 'Treasury_10Y', 'Yield_Spread', 'Inflation_YoY']
  Count: 5

tft.hparams.time_varying_reals_decoder: ['relative_time_idx']
  Count: 1

tft.hparams.x_reals (all reals passed to model): ['encoder_length', 'relative_time_idx', 'VIX', 'Treasury_10Y', 'Yield_Spread', 'Inflation_YoY']
  Count: 6

Encoder VSN configuration:
  num_inputs: 5
  input_sizes: {'relative_time_idx': 16, 'VIX': 16, 'Treasury_10Y': 16, 'Yield_Spread': 16, 'Inflation_YoY': 16}
  flattened_grn.fc1: in_features=80, out_features=5
  -> Params in fc1: 400 (should be 5*16*5=400 if 5 features)
================================================================================

Model parameters: 22,615

Starting training...
Checkpoints will be saved to: experiments/wf_monthly_weekly_enc12/fold_202108/checkpoints/
Logs will be saved to: experiments/wf_monthly_weekly_enc12/fold_202108/logs/

[DEBUG CollapseMonitor] on_validation_epoch_start called for epoch 0
[DEBUG CollapseMonitor] reset_temporal_state() called on loss function
Epoch 0: val_loss=N/A
[DEBUG CollapseMonitor] on_validation_epoch_start called for epoch 0
[DEBUG CollapseMonitor] reset_temporal_state() called on loss function
Epoch 0: val_loss=0.4889902174472809
Epoch 0: train_loss=1.4259824752807617

[CollapseMonitor] Epoch 0
  [DEBUG] Processed 1 batches from val_dataloader
  [DEBUG] Predictions shape after concat: (1,)
  [DEBUG] All predictions list length: 1
  [DEBUG] First batch shape: (1,)
  Pred std: 0.000000, range: 0.000000, mean: 0.375493
  Pos: 100.0%, Neg: 0.0%, Unique: 1
  Dir Acc: 0.00%, Pred Sharpe: 0.0000
  Composite: 0.0000 (dist_match: 0.0000, actual_pos: 0.0%, pred_pos: 100.0%)
  Collapse penalty: 0.000000 (threshold: 0.005000)
  Saved validation predictions to: experiments/wf_monthly_weekly_enc12/fold_202108/collapse_monitoring/val_predictions_epoch0.npy
  Gradient norms:
    lstm_encoder: 0.022632
    lstm_decoder: 0.029291
    output_layer: 1.335957
  VSN output std:
    encoder: 0.149583
  Attention entropy: 2.482862
  Saved to: experiments/wf_monthly_weekly_enc12/fold_202108/collapse_monitoring/collapse_monitor_latest.json
[DEBUG CollapseMonitor] on_validation_epoch_start called for epoch 1
[DEBUG CollapseMonitor] reset_temporal_state() called on loss function
Epoch 1: val_loss=0.3691856563091278
Epoch 1: train_loss=1.2131305932998657

[CollapseMonitor] Epoch 1
  [DEBUG] Processed 1 batches from val_dataloader
  [DEBUG] Predictions shape after concat: (1,)
  [DEBUG] All predictions list length: 1
  [DEBUG] First batch shape: (1,)
  Pred std: 0.000000, range: 0.000000, mean: 0.233977
  Pos: 100.0%, Neg: 0.0%, Unique: 1
  Dir Acc: 0.00%, Pred Sharpe: 0.0000
  Composite: 0.0000 (dist_match: 0.0000, actual_pos: 0.0%, pred_pos: 100.0%)
  Collapse penalty: 0.000000 (threshold: 0.005000)
  Saved validation predictions to: experiments/wf_monthly_weekly_enc12/fold_202108/collapse_monitoring/val_predictions_epoch1.npy
  Gradient norms:
    lstm_encoder: 0.019183
    lstm_decoder: 0.021155
    output_layer: 1.017689
  VSN output std:
    encoder: 0.148252
  Attention entropy: 2.483881
  Saved to: experiments/wf_monthly_weekly_enc12/fold_202108/collapse_monitoring/collapse_monitor_latest.json
[DEBUG CollapseMonitor] on_validation_epoch_start called for epoch 2
[DEBUG CollapseMonitor] reset_temporal_state() called on loss function
Epoch 2: val_loss=0.3611665368080139
Epoch 2: train_loss=1.06182062625885

[CollapseMonitor] Epoch 2
  [DEBUG] Processed 1 batches from val_dataloader
  [DEBUG] Predictions shape after concat: (1,)
  [DEBUG] All predictions list length: 1
  [DEBUG] First batch shape: (1,)
  Pred std: 0.000000, range: 0.000000, mean: 0.215973
  Pos: 100.0%, Neg: 0.0%, Unique: 1
  Dir Acc: 0.00%, Pred Sharpe: 0.0000
  Composite: 0.0000 (dist_match: 0.0000, actual_pos: 0.0%, pred_pos: 100.0%)
  Collapse penalty: 0.000000 (threshold: 0.005000)
  Saved validation predictions to: experiments/wf_monthly_weekly_enc12/fold_202108/collapse_monitoring/val_predictions_epoch2.npy
  Gradient norms:
    lstm_encoder: 0.015087
    lstm_decoder: 0.014407
    output_layer: 0.651225
  VSN output std:
    encoder: 0.148058
  Attention entropy: 2.480462
  Saved to: experiments/wf_monthly_weekly_enc12/fold_202108/collapse_monitoring/collapse_monitor_latest.json
[DEBUG CollapseMonitor] on_validation_epoch_start called for epoch 3
[DEBUG CollapseMonitor] reset_temporal_state() called on loss function
Epoch 3: val_loss=0.4177655577659607
Epoch 3: train_loss=0.9922776222229004

[CollapseMonitor] Epoch 3
  [DEBUG] Processed 1 batches from val_dataloader
  [DEBUG] Predictions shape after concat: (1,)
  [DEBUG] All predictions list length: 1
  [DEBUG] First batch shape: (1,)
  Pred std: 0.000000, range: 0.000000, mean: 0.187736
  Pos: 100.0%, Neg: 0.0%, Unique: 1
  Dir Acc: 0.00%, Pred Sharpe: 0.0000
  Composite: 0.0000 (dist_match: 0.0000, actual_pos: 0.0%, pred_pos: 100.0%)
  Collapse penalty: 0.000000 (threshold: 0.005000)
  Saved validation predictions to: experiments/wf_monthly_weekly_enc12/fold_202108/collapse_monitoring/val_predictions_epoch3.npy
  Gradient norms:
    lstm_encoder: 0.012139
    lstm_decoder: 0.011650
    output_layer: 0.463936
  VSN output std:
    encoder: 0.146137
  Attention entropy: 2.479476
  Saved to: experiments/wf_monthly_weekly_enc12/fold_202108/collapse_monitoring/collapse_monitor_latest.json
[DEBUG CollapseMonitor] on_validation_epoch_start called for epoch 4
[DEBUG CollapseMonitor] reset_temporal_state() called on loss function
Epoch 4: val_loss=0.4447776973247528
Epoch 4: train_loss=0.9664722084999084

[CollapseMonitor] Epoch 4
  [DEBUG] Processed 1 batches from val_dataloader
  [DEBUG] Predictions shape after concat: (1,)
  [DEBUG] All predictions list length: 1
  [DEBUG] First batch shape: (1,)
  Pred std: 0.000000, range: 0.000000, mean: 0.250583
  Pos: 100.0%, Neg: 0.0%, Unique: 1
  Dir Acc: 0.00%, Pred Sharpe: 0.0000
  Composite: 0.0000 (dist_match: 0.0000, actual_pos: 0.0%, pred_pos: 100.0%)
  Collapse penalty: 0.000000 (threshold: 0.005000)
  Saved validation predictions to: experiments/wf_monthly_weekly_enc12/fold_202108/collapse_monitoring/val_predictions_epoch4.npy
  Gradient norms:
    lstm_encoder: 0.011732
    lstm_decoder: 0.011302
    output_layer: 0.431531
  VSN output std:
    encoder: 0.143854
  Attention entropy: 2.478551
  Saved to: experiments/wf_monthly_weekly_enc12/fold_202108/collapse_monitoring/collapse_monitor_latest.json
[DEBUG CollapseMonitor] on_validation_epoch_start called for epoch 5
[DEBUG CollapseMonitor] reset_temporal_state() called on loss function
Epoch 5: val_loss=0.4429183304309845
Epoch 5: train_loss=0.9563466310501099

[CollapseMonitor] Epoch 5
  [DEBUG] Processed 1 batches from val_dataloader
  [DEBUG] Predictions shape after concat: (1,)
  [DEBUG] All predictions list length: 1
  [DEBUG] First batch shape: (1,)
  Pred std: 0.000000, range: 0.000000, mean: 0.212262
  Pos: 100.0%, Neg: 0.0%, Unique: 1
  Dir Acc: 0.00%, Pred Sharpe: 0.0000
  Composite: 0.0000 (dist_match: 0.0000, actual_pos: 0.0%, pred_pos: 100.0%)
  Collapse penalty: 0.000000 (threshold: 0.005000)
  Saved validation predictions to: experiments/wf_monthly_weekly_enc12/fold_202108/collapse_monitoring/val_predictions_epoch5.npy
  Gradient norms:
    lstm_encoder: 0.011277
    lstm_decoder: 0.011099
    output_layer: 0.409692
  VSN output std:
    encoder: 0.139381
  Attention entropy: 2.477418
  Saved to: experiments/wf_monthly_weekly_enc12/fold_202108/collapse_monitoring/collapse_monitor_latest.json
[DEBUG CollapseMonitor] on_validation_epoch_start called for epoch 6
[DEBUG CollapseMonitor] reset_temporal_state() called on loss function
Epoch 6: val_loss=0.4431282579898834
Epoch 6: train_loss=0.9477797746658325

[CollapseMonitor] Epoch 6
  [DEBUG] Processed 1 batches from val_dataloader
  [DEBUG] Predictions shape after concat: (1,)
  [DEBUG] All predictions list length: 1
  [DEBUG] First batch shape: (1,)
  Pred std: 0.000000, range: 0.000000, mean: 0.224359
  Pos: 100.0%, Neg: 0.0%, Unique: 1
  Dir Acc: 0.00%, Pred Sharpe: 0.0000
  Composite: 0.0000 (dist_match: 0.0000, actual_pos: 0.0%, pred_pos: 100.0%)
  Collapse penalty: 0.000000 (threshold: 0.005000)
  Saved validation predictions to: experiments/wf_monthly_weekly_enc12/fold_202108/collapse_monitoring/val_predictions_epoch6.npy
  Gradient norms:
    lstm_encoder: 0.010473
    lstm_decoder: 0.009912
    output_layer: 0.375782
  VSN output std:
    encoder: 0.137712
  Attention entropy: 2.475301
  Saved to: experiments/wf_monthly_weekly_enc12/fold_202108/collapse_monitoring/collapse_monitor_latest.json
[DEBUG CollapseMonitor] on_validation_epoch_start called for epoch 7
[DEBUG CollapseMonitor] reset_temporal_state() called on loss function
Epoch 7: val_loss=0.42077717185020447
Epoch 7: train_loss=0.9436391592025757

[CollapseMonitor] Epoch 7
  [DEBUG] Processed 1 batches from val_dataloader
  [DEBUG] Predictions shape after concat: (1,)
  [DEBUG] All predictions list length: 1
  [DEBUG] First batch shape: (1,)
  Pred std: 0.000000, range: 0.000000, mean: 0.155849
  Pos: 100.0%, Neg: 0.0%, Unique: 1
  Dir Acc: 0.00%, Pred Sharpe: 0.0000
  Composite: 0.0000 (dist_match: 0.0000, actual_pos: 0.0%, pred_pos: 100.0%)
  Collapse penalty: 0.000000 (threshold: 0.005000)
  Saved validation predictions to: experiments/wf_monthly_weekly_enc12/fold_202108/collapse_monitoring/val_predictions_epoch7.npy
  Gradient norms:
    lstm_encoder: 0.010780
    lstm_decoder: 0.010356
    output_layer: 0.399324
  VSN output std:
    encoder: 0.136000
  Attention entropy: 2.475310
  Saved to: experiments/wf_monthly_weekly_enc12/fold_202108/collapse_monitoring/collapse_monitor_latest.json
[DEBUG CollapseMonitor] on_validation_epoch_start called for epoch 8
[DEBUG CollapseMonitor] reset_temporal_state() called on loss function
Epoch 8: val_loss=0.4328470826148987
Epoch 8: train_loss=0.9426983594894409

[CollapseMonitor] Epoch 8
  [DEBUG] Processed 1 batches from val_dataloader
  [DEBUG] Predictions shape after concat: (1,)
  [DEBUG] All predictions list length: 1
  [DEBUG] First batch shape: (1,)
  Pred std: 0.000000, range: 0.000000, mean: 0.202659
  Pos: 100.0%, Neg: 0.0%, Unique: 1
  Dir Acc: 0.00%, Pred Sharpe: 0.0000
  Composite: 0.0000 (dist_match: 0.0000, actual_pos: 0.0%, pred_pos: 100.0%)
  Collapse penalty: 0.000000 (threshold: 0.005000)
  Saved validation predictions to: experiments/wf_monthly_weekly_enc12/fold_202108/collapse_monitoring/val_predictions_epoch8.npy
  Gradient norms:
    lstm_encoder: 0.011060
    lstm_decoder: 0.009976
    output_layer: 0.364761
  VSN output std:
    encoder: 0.135209
  Attention entropy: 2.475204
  Saved to: experiments/wf_monthly_weekly_enc12/fold_202108/collapse_monitoring/collapse_monitor_latest.json
[DEBUG CollapseMonitor] on_validation_epoch_start called for epoch 9
[DEBUG CollapseMonitor] reset_temporal_state() called on loss function
Epoch 9: val_loss=0.44024911522865295
Epoch 9: train_loss=0.9399738907814026

[CollapseMonitor] Epoch 9
  [DEBUG] Processed 1 batches from val_dataloader
  [DEBUG] Predictions shape after concat: (1,)
  [DEBUG] All predictions list length: 1
  [DEBUG] First batch shape: (1,)
  Pred std: 0.000000, range: 0.000000, mean: 0.237044
  Pos: 100.0%, Neg: 0.0%, Unique: 1
  Dir Acc: 0.00%, Pred Sharpe: 0.0000
  Composite: 0.0000 (dist_match: 0.0000, actual_pos: 0.0%, pred_pos: 100.0%)
  Collapse penalty: 0.000000 (threshold: 0.005000)
  Saved validation predictions to: experiments/wf_monthly_weekly_enc12/fold_202108/collapse_monitoring/val_predictions_epoch9.npy
  Gradient norms:
    lstm_encoder: 0.011179
    lstm_decoder: 0.010073
    output_layer: 0.371108
  VSN output std:
    encoder: 0.134338
  Attention entropy: 2.473635
  Saved to: experiments/wf_monthly_weekly_enc12/fold_202108/collapse_monitoring/collapse_monitor_latest.json
[DEBUG CollapseMonitor] on_validation_epoch_start called for epoch 10
[DEBUG CollapseMonitor] reset_temporal_state() called on loss function
Epoch 10: val_loss=0.44138962030410767
Epoch 10: train_loss=0.9396216869354248

[CollapseMonitor] Epoch 10
  [DEBUG] Processed 1 batches from val_dataloader
  [DEBUG] Predictions shape after concat: (1,)
  [DEBUG] All predictions list length: 1
  [DEBUG] First batch shape: (1,)
  Pred std: 0.000000, range: 0.000000, mean: 0.269076
  Pos: 100.0%, Neg: 0.0%, Unique: 1
  Dir Acc: 0.00%, Pred Sharpe: 0.0000
  Composite: 0.0000 (dist_match: 0.0000, actual_pos: 0.0%, pred_pos: 100.0%)
  Collapse penalty: 0.000000 (threshold: 0.005000)
  Saved validation predictions to: experiments/wf_monthly_weekly_enc12/fold_202108/collapse_monitoring/val_predictions_epoch10.npy
  Gradient norms:
    lstm_encoder: 0.011097
    lstm_decoder: 0.010210
    output_layer: 0.375426
  VSN output std:
    encoder: 0.134063
  Attention entropy: 2.471666
  Saved to: experiments/wf_monthly_weekly_enc12/fold_202108/collapse_monitoring/collapse_monitor_latest.json
[DEBUG CollapseMonitor] on_validation_epoch_start called for epoch 11
[DEBUG CollapseMonitor] reset_temporal_state() called on loss function
Epoch 11: val_loss=0.44407200813293457
Epoch 11: train_loss=0.9363364577293396

[CollapseMonitor] Epoch 11
  [DEBUG] Processed 1 batches from val_dataloader
  [DEBUG] Predictions shape after concat: (1,)
  [DEBUG] All predictions list length: 1
  [DEBUG] First batch shape: (1,)
  Pred std: 0.000000, range: 0.000000, mean: 0.254393
  Pos: 100.0%, Neg: 0.0%, Unique: 1
  Dir Acc: 0.00%, Pred Sharpe: 0.0000
  Composite: 0.0000 (dist_match: 0.0000, actual_pos: 0.0%, pred_pos: 100.0%)
  Collapse penalty: 0.000000 (threshold: 0.005000)
  Saved validation predictions to: experiments/wf_monthly_weekly_enc12/fold_202108/collapse_monitoring/val_predictions_epoch11.npy
  Gradient norms:
    lstm_encoder: 0.011642
    lstm_decoder: 0.010210
    output_layer: 0.372429
  VSN output std:
    encoder: 0.131227
  Attention entropy: 2.467160
  Saved to: experiments/wf_monthly_weekly_enc12/fold_202108/collapse_monitoring/collapse_monitor_latest.json
[DEBUG CollapseMonitor] on_validation_epoch_start called for epoch 12
[DEBUG CollapseMonitor] reset_temporal_state() called on loss function
Epoch 12: val_loss=0.4399097263813019
Epoch 12: train_loss=0.9365622997283936

[CollapseMonitor] Epoch 12
  [DEBUG] Processed 1 batches from val_dataloader
  [DEBUG] Predictions shape after concat: (1,)
  [DEBUG] All predictions list length: 1
  [DEBUG] First batch shape: (1,)
  Pred std: 0.000000, range: 0.000000, mean: 0.267621
  Pos: 100.0%, Neg: 0.0%, Unique: 1
  Dir Acc: 0.00%, Pred Sharpe: 0.0000
  Composite: 0.0000 (dist_match: 0.0000, actual_pos: 0.0%, pred_pos: 100.0%)
  Collapse penalty: 0.000000 (threshold: 0.005000)
  Saved validation predictions to: experiments/wf_monthly_weekly_enc12/fold_202108/collapse_monitoring/val_predictions_epoch12.npy
  Gradient norms:
    lstm_encoder: 0.012144
    lstm_decoder: 0.010262
    output_layer: 0.357019
  VSN output std:
    encoder: 0.129429
  Attention entropy: 2.463914
  Saved to: experiments/wf_monthly_weekly_enc12/fold_202108/collapse_monitoring/collapse_monitor_latest.json


======================================================================
Training complete
======================================================================

Best val_loss checkpoint: experiments/wf_monthly_weekly_enc12/fold_202108/checkpoints/tft-epoch=epoch=02-valloss=val_loss=0.3612.ckpt
Best validation loss: 0.361167
Checkpoints saved:
  - Best val_loss: experiments/wf_monthly_weekly_enc12/fold_202108/checkpoints/tft-epoch=epoch=02-valloss=val_loss=0.3612.ckpt
  - Best pred_std: experiments/wf_monthly_weekly_enc12/fold_202108/checkpoints/tft-epoch=epoch=00-predstd=val_pred_std=0.0000.ckpt
  - Best unique: experiments/wf_monthly_weekly_enc12/fold_202108/checkpoints/tft-epoch=epoch=00-unique=val_num_unique=1.ckpt
  - Best dir_acc: experiments/wf_monthly_weekly_enc12/fold_202108/checkpoints/tft-epoch=epoch=00-diracc=val_dir_acc=0.0000.ckpt
  - Best sharpe: experiments/wf_monthly_weekly_enc12/fold_202108/checkpoints/tft-epoch=epoch=00-sharpe=val_sharpe=0.0000.ckpt
  - Best composite: experiments/wf_monthly_weekly_enc12/fold_202108/checkpoints/tft-epoch=epoch=00-composite=val_composite=0.0000.ckpt
Completed at: 2025-12-03 03:13:33
Log saved to: experiments/wf_monthly_weekly_enc12/fold_202108/training_20251203_031110.log
======================================================================
