2025-12-14 03:19:25 | INFO     | ================================================================================
2025-12-14 03:19:25 | INFO     | ROLLING WINDOW EVALUATION
2025-12-14 03:19:25 | INFO     | ================================================================================
2025-12-14 03:19:25 | INFO     | Started at: 2025-12-14 03:19:25
2025-12-14 03:19:25 | INFO     | Log file: experiments/12c_h1_rolling/market_only_daily_h1_d010/12c_h1_rolling_market_only_daily_h1_d010_rolling_20251214_031925.log
2025-12-14 03:19:25 | INFO     | 
2025-12-14 03:19:25 | INFO     | Configuration:
2025-12-14 03:19:25 | INFO     |   Mode: rolling
2025-12-14 03:19:25 | INFO     |   Train years: 10
2025-12-14 03:19:25 | INFO     |   Val years: 1
2025-12-14 03:19:25 | INFO     |   Test years: 1
2025-12-14 03:19:25 | INFO     |   Step years: 1
2025-12-14 03:19:25 | INFO     |   Test range: 2016 - 2024
2025-12-14 03:19:25 | INFO     |   Feature set: market_only
2025-12-14 03:19:25 | INFO     |   Frequency: daily
2025-12-14 03:19:25 | INFO     |   Alignment: vintage
2025-12-14 03:19:25 | INFO     |   Enhanced: False
2025-12-14 03:19:25 | INFO     |   Experiment prefix: 12c_h1_rolling/market_only_daily_h1_d010
2025-12-14 03:19:25 | INFO     |   Dry run: False
2025-12-14 03:19:25 | INFO     | 
2025-12-14 03:19:25 | INFO     | ================================================================================
2025-12-14 03:19:25 | INFO     | FOLD SUMMARY
2025-12-14 03:19:25 | INFO     | ================================================================================
2025-12-14 03:19:25 | INFO     | Fold         Train                     Val                       Test                      Train Yrs 
2025-12-14 03:19:25 | INFO     | --------------------------------------------------------------------------------
2025-12-14 03:19:25 | INFO     | fold_2016    2005-01-01 to 2014-12-31  2015-01-01 to 2015-12-31  2016-01-01 to 2016-12-31  10        
2025-12-14 03:19:25 | INFO     | fold_2017    2006-01-01 to 2015-12-31  2016-01-01 to 2016-12-31  2017-01-01 to 2017-12-31  10        
2025-12-14 03:19:25 | INFO     | fold_2018    2007-01-01 to 2016-12-31  2017-01-01 to 2017-12-31  2018-01-01 to 2018-12-31  10        
2025-12-14 03:19:25 | INFO     | fold_2019    2008-01-01 to 2017-12-31  2018-01-01 to 2018-12-31  2019-01-01 to 2019-12-31  10        
2025-12-14 03:19:25 | INFO     | fold_2020    2009-01-01 to 2018-12-31  2019-01-01 to 2019-12-31  2020-01-01 to 2020-12-31  10        
2025-12-14 03:19:25 | INFO     | fold_2021    2010-01-01 to 2019-12-31  2020-01-01 to 2020-12-31  2021-01-01 to 2021-12-31  10        
2025-12-14 03:19:25 | INFO     | fold_2022    2011-01-01 to 2020-12-31  2021-01-01 to 2021-12-31  2022-01-01 to 2022-12-31  10        
2025-12-14 03:19:25 | INFO     | fold_2023    2012-01-01 to 2021-12-31  2022-01-01 to 2022-12-31  2023-01-01 to 2023-12-31  10        
2025-12-14 03:19:25 | INFO     | fold_2024    2013-01-01 to 2022-12-31  2023-01-01 to 2023-12-31  2024-01-01 to 2024-12-31  10        
2025-12-14 03:19:25 | INFO     | ================================================================================
2025-12-14 03:19:25 | INFO     | Total folds: 9
2025-12-14 03:19:25 | INFO     | ================================================================================

2025-12-14 03:19:25 | INFO     | Saved folds configuration to: experiments/12c_h1_rolling/market_only_daily_h1_d010/folds_config.json
2025-12-14 03:19:25 | INFO     | 
[FOLD 1/9]
2025-12-14 03:19:25 | INFO     | 
2025-12-14 03:19:25 | INFO     | ================================================================================
2025-12-14 03:19:25 | INFO     | PROCESSING FOLD_2016
2025-12-14 03:19:25 | INFO     |   Test period: 2016-01-01 to 2016-12-31
2025-12-14 03:19:25 | INFO     |   Training samples: ~10 years
2025-12-14 03:19:25 | INFO     | ================================================================================
2025-12-14 03:19:25 | INFO     | [CMD] Creating splits for fold_2016
2025-12-14 03:19:25 | DEBUG    |   python scripts/create_splits.py --feature-set market_only --frequency daily --data-version vintage --train-start 2005-01-01 --train-end 2014-12-31 --val-end 2015-12-31 --test-end 2016-12-31 --output-dir data/splits/rolling/fold_2016
2025-12-14 03:19:26 | INFO     |   [OK] Completed successfully
2025-12-14 03:19:26 | INFO     | [CMD] Training fold_2016
2025-12-14 03:19:26 | DEBUG    |   python train/train_tft.py --experiment-name 12c_h1_rolling/market_only_daily_h1_d010/fold_2016 --feature-set market_only --frequency daily --alignment vintage --splits-dir data/splits/rolling/fold_2016 --seed 42 --hidden-size 16 --attention-heads 2 --dropout 0.1 --max-encoder-length 20 --quantiles 7q --max-prediction-length 1 --learning-rate 0.0005 --batch-size 64 --max-epochs 100 --early-stop-patience 100 --gradient-clip 0.1
2025-12-14 03:31:26 | INFO     |   [OK] Completed successfully
2025-12-14 03:31:26 | INFO     | [CMD] Evaluating fold_2016
2025-12-14 03:31:26 | DEBUG    |   python train/evaluate_tft.py --experiment-name 12c_h1_rolling/market_only_daily_h1_d010/fold_2016 --batch-size 128
2025-12-14 03:31:31 | INFO     |   [OK] Completed successfully
2025-12-14 03:31:31 | INFO     |   [OK] fold_2016 completed successfully
2025-12-14 03:31:31 | INFO     | 
[FOLD 2/9]
2025-12-14 03:31:31 | INFO     | 
2025-12-14 03:31:31 | INFO     | ================================================================================
2025-12-14 03:31:31 | INFO     | PROCESSING FOLD_2017
2025-12-14 03:31:31 | INFO     |   Test period: 2017-01-01 to 2017-12-31
2025-12-14 03:31:31 | INFO     |   Training samples: ~10 years
2025-12-14 03:31:31 | INFO     | ================================================================================
2025-12-14 03:31:31 | INFO     | [CMD] Creating splits for fold_2017
2025-12-14 03:31:31 | DEBUG    |   python scripts/create_splits.py --feature-set market_only --frequency daily --data-version vintage --train-start 2006-01-01 --train-end 2015-12-31 --val-end 2016-12-31 --test-end 2017-12-31 --output-dir data/splits/rolling/fold_2017
2025-12-14 03:31:32 | INFO     |   [OK] Completed successfully
2025-12-14 03:31:32 | INFO     | [CMD] Training fold_2017
2025-12-14 03:31:32 | DEBUG    |   python train/train_tft.py --experiment-name 12c_h1_rolling/market_only_daily_h1_d010/fold_2017 --feature-set market_only --frequency daily --alignment vintage --splits-dir data/splits/rolling/fold_2017 --seed 42 --hidden-size 16 --attention-heads 2 --dropout 0.1 --max-encoder-length 20 --quantiles 7q --max-prediction-length 1 --learning-rate 0.0005 --batch-size 64 --max-epochs 100 --early-stop-patience 100 --gradient-clip 0.1
2025-12-14 03:43:24 | INFO     |   [OK] Completed successfully
2025-12-14 03:43:24 | INFO     | [CMD] Evaluating fold_2017
2025-12-14 03:43:24 | DEBUG    |   python train/evaluate_tft.py --experiment-name 12c_h1_rolling/market_only_daily_h1_d010/fold_2017 --batch-size 128
2025-12-14 03:43:30 | INFO     |   [OK] Completed successfully
2025-12-14 03:43:30 | INFO     |   [OK] fold_2017 completed successfully
2025-12-14 03:43:30 | INFO     | 
[FOLD 3/9]
2025-12-14 03:43:30 | INFO     | 
2025-12-14 03:43:30 | INFO     | ================================================================================
2025-12-14 03:43:30 | INFO     | PROCESSING FOLD_2018
2025-12-14 03:43:30 | INFO     |   Test period: 2018-01-01 to 2018-12-31
2025-12-14 03:43:30 | INFO     |   Training samples: ~10 years
2025-12-14 03:43:30 | INFO     | ================================================================================
2025-12-14 03:43:30 | INFO     | [CMD] Creating splits for fold_2018
2025-12-14 03:43:30 | DEBUG    |   python scripts/create_splits.py --feature-set market_only --frequency daily --data-version vintage --train-start 2007-01-01 --train-end 2016-12-31 --val-end 2017-12-31 --test-end 2018-12-31 --output-dir data/splits/rolling/fold_2018
2025-12-14 03:43:30 | INFO     |   [OK] Completed successfully
2025-12-14 03:43:30 | INFO     | [CMD] Training fold_2018
2025-12-14 03:43:30 | DEBUG    |   python train/train_tft.py --experiment-name 12c_h1_rolling/market_only_daily_h1_d010/fold_2018 --feature-set market_only --frequency daily --alignment vintage --splits-dir data/splits/rolling/fold_2018 --seed 42 --hidden-size 16 --attention-heads 2 --dropout 0.1 --max-encoder-length 20 --quantiles 7q --max-prediction-length 1 --learning-rate 0.0005 --batch-size 64 --max-epochs 100 --early-stop-patience 100 --gradient-clip 0.1
2025-12-14 03:55:15 | INFO     |   [OK] Completed successfully
2025-12-14 03:55:15 | INFO     | [CMD] Evaluating fold_2018
2025-12-14 03:55:15 | DEBUG    |   python train/evaluate_tft.py --experiment-name 12c_h1_rolling/market_only_daily_h1_d010/fold_2018 --batch-size 128
2025-12-14 03:55:21 | INFO     |   [OK] Completed successfully
2025-12-14 03:55:21 | INFO     |   [OK] fold_2018 completed successfully
2025-12-14 03:55:21 | INFO     | 
[FOLD 4/9]
2025-12-14 03:55:21 | INFO     | 
2025-12-14 03:55:21 | INFO     | ================================================================================
2025-12-14 03:55:21 | INFO     | PROCESSING FOLD_2019
2025-12-14 03:55:21 | INFO     |   Test period: 2019-01-01 to 2019-12-31
2025-12-14 03:55:21 | INFO     |   Training samples: ~10 years
2025-12-14 03:55:21 | INFO     | ================================================================================
2025-12-14 03:55:21 | INFO     | [CMD] Creating splits for fold_2019
2025-12-14 03:55:21 | DEBUG    |   python scripts/create_splits.py --feature-set market_only --frequency daily --data-version vintage --train-start 2008-01-01 --train-end 2017-12-31 --val-end 2018-12-31 --test-end 2019-12-31 --output-dir data/splits/rolling/fold_2019
2025-12-14 03:55:22 | INFO     |   [OK] Completed successfully
2025-12-14 03:55:22 | INFO     | [CMD] Training fold_2019
2025-12-14 03:55:22 | DEBUG    |   python train/train_tft.py --experiment-name 12c_h1_rolling/market_only_daily_h1_d010/fold_2019 --feature-set market_only --frequency daily --alignment vintage --splits-dir data/splits/rolling/fold_2019 --seed 42 --hidden-size 16 --attention-heads 2 --dropout 0.1 --max-encoder-length 20 --quantiles 7q --max-prediction-length 1 --learning-rate 0.0005 --batch-size 64 --max-epochs 100 --early-stop-patience 100 --gradient-clip 0.1
2025-12-14 04:07:14 | INFO     |   [OK] Completed successfully
2025-12-14 04:07:14 | INFO     | [CMD] Evaluating fold_2019
2025-12-14 04:07:14 | DEBUG    |   python train/evaluate_tft.py --experiment-name 12c_h1_rolling/market_only_daily_h1_d010/fold_2019 --batch-size 128
2025-12-14 04:07:19 | INFO     |   [OK] Completed successfully
2025-12-14 04:07:19 | INFO     |   [OK] fold_2019 completed successfully
2025-12-14 04:07:19 | INFO     | 
[FOLD 5/9]
2025-12-14 04:07:19 | INFO     | 
2025-12-14 04:07:19 | INFO     | ================================================================================
2025-12-14 04:07:19 | INFO     | PROCESSING FOLD_2020
2025-12-14 04:07:19 | INFO     |   Test period: 2020-01-01 to 2020-12-31
2025-12-14 04:07:19 | INFO     |   Training samples: ~10 years
2025-12-14 04:07:19 | INFO     | ================================================================================
2025-12-14 04:07:19 | INFO     | [CMD] Creating splits for fold_2020
2025-12-14 04:07:19 | DEBUG    |   python scripts/create_splits.py --feature-set market_only --frequency daily --data-version vintage --train-start 2009-01-01 --train-end 2018-12-31 --val-end 2019-12-31 --test-end 2020-12-31 --output-dir data/splits/rolling/fold_2020
2025-12-14 04:07:20 | INFO     |   [OK] Completed successfully
2025-12-14 04:07:20 | INFO     | [CMD] Training fold_2020
2025-12-14 04:07:20 | DEBUG    |   python train/train_tft.py --experiment-name 12c_h1_rolling/market_only_daily_h1_d010/fold_2020 --feature-set market_only --frequency daily --alignment vintage --splits-dir data/splits/rolling/fold_2020 --seed 42 --hidden-size 16 --attention-heads 2 --dropout 0.1 --max-encoder-length 20 --quantiles 7q --max-prediction-length 1 --learning-rate 0.0005 --batch-size 64 --max-epochs 100 --early-stop-patience 100 --gradient-clip 0.1
2025-12-14 04:19:01 | INFO     |   [OK] Completed successfully
2025-12-14 04:19:01 | INFO     | [CMD] Evaluating fold_2020
2025-12-14 04:19:01 | DEBUG    |   python train/evaluate_tft.py --experiment-name 12c_h1_rolling/market_only_daily_h1_d010/fold_2020 --batch-size 128
2025-12-14 04:19:07 | INFO     |   [OK] Completed successfully
2025-12-14 04:19:07 | INFO     |   [OK] fold_2020 completed successfully
2025-12-14 04:19:07 | INFO     | 
[FOLD 6/9]
2025-12-14 04:19:07 | INFO     | 
2025-12-14 04:19:07 | INFO     | ================================================================================
2025-12-14 04:19:07 | INFO     | PROCESSING FOLD_2021
2025-12-14 04:19:07 | INFO     |   Test period: 2021-01-01 to 2021-12-31
2025-12-14 04:19:07 | INFO     |   Training samples: ~10 years
2025-12-14 04:19:07 | INFO     | ================================================================================
2025-12-14 04:19:07 | INFO     |   Splits already exist for fold_2021, skipping creation
2025-12-14 04:19:07 | INFO     | [CMD] Training fold_2021
2025-12-14 04:19:07 | DEBUG    |   python train/train_tft.py --experiment-name 12c_h1_rolling/market_only_daily_h1_d010/fold_2021 --feature-set market_only --frequency daily --alignment vintage --splits-dir data/splits/rolling/fold_2021 --seed 42 --hidden-size 16 --attention-heads 2 --dropout 0.1 --max-encoder-length 20 --quantiles 7q --max-prediction-length 1 --learning-rate 0.0005 --batch-size 64 --max-epochs 100 --early-stop-patience 100 --gradient-clip 0.1
2025-12-14 04:30:54 | INFO     |   [OK] Completed successfully
2025-12-14 04:30:54 | INFO     | [CMD] Evaluating fold_2021
2025-12-14 04:30:54 | DEBUG    |   python train/evaluate_tft.py --experiment-name 12c_h1_rolling/market_only_daily_h1_d010/fold_2021 --batch-size 128
2025-12-14 04:31:00 | INFO     |   [OK] Completed successfully
2025-12-14 04:31:00 | INFO     |   [OK] fold_2021 completed successfully
2025-12-14 04:31:00 | INFO     | 
[FOLD 7/9]
2025-12-14 04:31:00 | INFO     | 
2025-12-14 04:31:00 | INFO     | ================================================================================
2025-12-14 04:31:00 | INFO     | PROCESSING FOLD_2022
2025-12-14 04:31:00 | INFO     |   Test period: 2022-01-01 to 2022-12-31
2025-12-14 04:31:00 | INFO     |   Training samples: ~10 years
2025-12-14 04:31:00 | INFO     | ================================================================================
2025-12-14 04:31:00 | INFO     | [CMD] Creating splits for fold_2022
2025-12-14 04:31:00 | DEBUG    |   python scripts/create_splits.py --feature-set market_only --frequency daily --data-version vintage --train-start 2011-01-01 --train-end 2020-12-31 --val-end 2021-12-31 --test-end 2022-12-31 --output-dir data/splits/rolling/fold_2022
2025-12-14 04:31:00 | INFO     |   [OK] Completed successfully
2025-12-14 04:31:00 | INFO     | [CMD] Training fold_2022
2025-12-14 04:31:00 | DEBUG    |   python train/train_tft.py --experiment-name 12c_h1_rolling/market_only_daily_h1_d010/fold_2022 --feature-set market_only --frequency daily --alignment vintage --splits-dir data/splits/rolling/fold_2022 --seed 42 --hidden-size 16 --attention-heads 2 --dropout 0.1 --max-encoder-length 20 --quantiles 7q --max-prediction-length 1 --learning-rate 0.0005 --batch-size 64 --max-epochs 100 --early-stop-patience 100 --gradient-clip 0.1
2025-12-14 04:42:33 | INFO     |   [OK] Completed successfully
2025-12-14 04:42:33 | INFO     | [CMD] Evaluating fold_2022
2025-12-14 04:42:33 | DEBUG    |   python train/evaluate_tft.py --experiment-name 12c_h1_rolling/market_only_daily_h1_d010/fold_2022 --batch-size 128
2025-12-14 04:42:39 | INFO     |   [OK] Completed successfully
2025-12-14 04:42:39 | INFO     |   [OK] fold_2022 completed successfully
2025-12-14 04:42:39 | INFO     | 
[FOLD 8/9]
2025-12-14 04:42:39 | INFO     | 
2025-12-14 04:42:39 | INFO     | ================================================================================
2025-12-14 04:42:39 | INFO     | PROCESSING FOLD_2023
2025-12-14 04:42:39 | INFO     |   Test period: 2023-01-01 to 2023-12-31
2025-12-14 04:42:39 | INFO     |   Training samples: ~10 years
2025-12-14 04:42:39 | INFO     | ================================================================================
2025-12-14 04:42:39 | INFO     | [CMD] Creating splits for fold_2023
2025-12-14 04:42:39 | DEBUG    |   python scripts/create_splits.py --feature-set market_only --frequency daily --data-version vintage --train-start 2012-01-01 --train-end 2021-12-31 --val-end 2022-12-31 --test-end 2023-12-31 --output-dir data/splits/rolling/fold_2023
2025-12-14 04:42:40 | INFO     |   [OK] Completed successfully
2025-12-14 04:42:40 | INFO     | [CMD] Training fold_2023
2025-12-14 04:42:40 | DEBUG    |   python train/train_tft.py --experiment-name 12c_h1_rolling/market_only_daily_h1_d010/fold_2023 --feature-set market_only --frequency daily --alignment vintage --splits-dir data/splits/rolling/fold_2023 --seed 42 --hidden-size 16 --attention-heads 2 --dropout 0.1 --max-encoder-length 20 --quantiles 7q --max-prediction-length 1 --learning-rate 0.0005 --batch-size 64 --max-epochs 100 --early-stop-patience 100 --gradient-clip 0.1
2025-12-14 04:54:31 | INFO     |   [OK] Completed successfully
2025-12-14 04:54:31 | INFO     | [CMD] Evaluating fold_2023
2025-12-14 04:54:31 | DEBUG    |   python train/evaluate_tft.py --experiment-name 12c_h1_rolling/market_only_daily_h1_d010/fold_2023 --batch-size 128
2025-12-14 04:54:37 | INFO     |   [OK] Completed successfully
2025-12-14 04:54:37 | INFO     |   [OK] fold_2023 completed successfully
2025-12-14 04:54:37 | INFO     | 
[FOLD 9/9]
2025-12-14 04:54:37 | INFO     | 
2025-12-14 04:54:37 | INFO     | ================================================================================
2025-12-14 04:54:37 | INFO     | PROCESSING FOLD_2024
2025-12-14 04:54:37 | INFO     |   Test period: 2024-01-01 to 2024-12-31
2025-12-14 04:54:37 | INFO     |   Training samples: ~10 years
2025-12-14 04:54:37 | INFO     | ================================================================================
2025-12-14 04:54:37 | INFO     | [CMD] Creating splits for fold_2024
2025-12-14 04:54:37 | DEBUG    |   python scripts/create_splits.py --feature-set market_only --frequency daily --data-version vintage --train-start 2013-01-01 --train-end 2022-12-31 --val-end 2023-12-31 --test-end 2024-12-31 --output-dir data/splits/rolling/fold_2024
2025-12-14 04:54:38 | INFO     |   [OK] Completed successfully
2025-12-14 04:54:38 | INFO     | [CMD] Training fold_2024
2025-12-14 04:54:38 | DEBUG    |   python train/train_tft.py --experiment-name 12c_h1_rolling/market_only_daily_h1_d010/fold_2024 --feature-set market_only --frequency daily --alignment vintage --splits-dir data/splits/rolling/fold_2024 --seed 42 --hidden-size 16 --attention-heads 2 --dropout 0.1 --max-encoder-length 20 --quantiles 7q --max-prediction-length 1 --learning-rate 0.0005 --batch-size 64 --max-epochs 100 --early-stop-patience 100 --gradient-clip 0.1
2025-12-14 05:06:26 | INFO     |   [OK] Completed successfully
2025-12-14 05:06:26 | INFO     | [CMD] Evaluating fold_2024
2025-12-14 05:06:26 | DEBUG    |   python train/evaluate_tft.py --experiment-name 12c_h1_rolling/market_only_daily_h1_d010/fold_2024 --batch-size 128
2025-12-14 05:06:31 | INFO     |   [OK] Completed successfully
2025-12-14 05:06:31 | INFO     |   [OK] fold_2024 completed successfully
2025-12-14 05:06:31 | INFO     | 
2025-12-14 05:06:31 | INFO     | ================================================================================
2025-12-14 05:06:31 | INFO     | AGGREGATING RESULTS
2025-12-14 05:06:31 | INFO     | ================================================================================
2025-12-14 05:06:31 | INFO     |   Loaded metrics for fold_2016
2025-12-14 05:06:31 | INFO     |   Loaded metrics for fold_2017
2025-12-14 05:06:31 | INFO     |   Loaded metrics for fold_2018
2025-12-14 05:06:31 | INFO     |   Loaded metrics for fold_2019
2025-12-14 05:06:31 | INFO     |   Loaded metrics for fold_2020
2025-12-14 05:06:31 | INFO     |   Loaded metrics for fold_2021
2025-12-14 05:06:31 | INFO     |   Loaded metrics for fold_2022
2025-12-14 05:06:31 | INFO     |   Loaded metrics for fold_2023
2025-12-14 05:06:31 | INFO     |   Loaded metrics for fold_2024
2025-12-14 05:06:31 | INFO     |   Saved full results to: experiments/12c_h1_rolling/market_only_daily_h1_d010/rolling_results_full.csv
2025-12-14 05:06:31 | INFO     |   Saved summary to: experiments/12c_h1_rolling/market_only_daily_h1_d010/rolling_results_summary.csv
2025-12-14 05:06:31 | INFO     | 
2025-12-14 05:06:31 | INFO     | KEY METRICS ACROSS FOLDS:
2025-12-14 05:06:31 | INFO     | ------------------------------------------------------------
2025-12-14 05:06:31 | INFO     | ------------------------------------------------------------
2025-12-14 05:06:31 | INFO     | 
2025-12-14 05:06:31 | INFO     | ================================================================================
2025-12-14 05:06:31 | INFO     | EXECUTION SUMMARY
2025-12-14 05:06:31 | INFO     | ================================================================================
2025-12-14 05:06:31 | INFO     |   Completed: 9/9 folds
2025-12-14 05:06:31 | INFO     |   Finished at: 2025-12-14 05:06:31
2025-12-14 05:06:31 | INFO     | ================================================================================
