
[INFO] Using AUTO device selection.

[INFO] Patched matplotlib.Axes.errorbar to abs() negative yerr for robustness.
======================================================================
Training TFT: 02b_vintage_sweep/baseline_h10_drop0.10
======================================================================
Logging to: experiments/02b_vintage_sweep/baseline_h10_drop0.10/training_20251122_143921.log
Started at: 2025-11-22 14:39:21
======================================================================
Configuration saved to: experiments/02b_vintage_sweep/baseline_h10_drop0.10/config.json

Loading data splits...
Train: 6074 samples
Val: 1302 samples
Test: 1302 samples

Preparing TimeSeriesDataSet...

Dropping source columns (used for staleness only): ['CPI']

Final features for TFT: ['SP500_Returns', 'VIX', 'Treasury_10Y', 'Yield_Spread', 'Inflation_YoY']

======================================================================
FEATURE STATISTICS - BEFORE NORMALIZATION
======================================================================
VIX                             mean= 19.7438  std=  8.0295  min=  9.3100  max= 80.8600
Treasury_10Y                    mean=  4.7672  std=  1.6903  min=  1.4300  max=  8.3600
Yield_Spread                    mean=  1.2778  std=  0.9179  min= -0.5200  max=  2.9100
Inflation_YoY                   mean=  2.5322  std=  1.1865  min= -2.1498  max=  6.7300

======================================================================
FEATURES AFTER GROUPNORMALIZER (first batch, last timestep)
======================================================================
VIX                             normalized_value=  1.0000
Treasury_10Y                    normalized_value= -0.0500
Yield_Spread                    normalized_value=  0.0817
Inflation_YoY                   normalized_value=  0.8774
======================================================================

Batches per epoch: 94
[DEBUG] Validation batches: 21
[DEBUG] Validation dataset size: 1282
[DEBUG] Batch size: 64

Initializing model...

================================================================================
BASELINE MODEL FEATURE CONFIGURATION (after from_dataset)
================================================================================
tft.hparams.time_varying_reals_encoder: ['relative_time_idx', 'VIX', 'Treasury_10Y', 'Yield_Spread', 'Inflation_YoY']
  Count: 5

tft.hparams.time_varying_reals_decoder: ['relative_time_idx']
  Count: 1

tft.hparams.x_reals (all reals passed to model): ['encoder_length', 'relative_time_idx', 'VIX', 'Treasury_10Y', 'Yield_Spread', 'Inflation_YoY']
  Count: 6

Encoder VSN configuration:
  num_inputs: 5
  input_sizes: {'relative_time_idx': 16, 'VIX': 16, 'Treasury_10Y': 16, 'Yield_Spread': 16, 'Inflation_YoY': 16}
  flattened_grn.fc1: in_features=80, out_features=5
  → Params in fc1: 400 (should be 5*16*5=400 if 5 features)
================================================================================


>>> Using standard QuantileLoss (no distribution penalties)
Model parameters: 10,354

Starting training...
Checkpoints will be saved to: experiments/02b_vintage_sweep/baseline_h10_drop0.10/checkpoints/
Logs will be saved to: experiments/02b_vintage_sweep/baseline_h10_drop0.10/logs/

Epoch 0: val_loss=N/A
Epoch 0: val_loss=0.7483711242675781
Epoch 0: train_loss=0.8572336435317993

[CollapseMonitor] Epoch 0
  [DEBUG] Processed 21 batches from val_dataloader
  [DEBUG] Predictions shape after concat: (1282,)
  [DEBUG] All predictions list length: 21
  [DEBUG] First batch shape: (64,)
  Pred std: 0.039241, range: 0.206523, mean: 0.699579
  Pos: 100.0%, Neg: 0.0%, Unique: 1272
  Saved validation predictions to: experiments/02b_vintage_sweep/baseline_h10_drop0.10/collapse_monitoring/val_predictions_epoch0.npy
  Gradient norms:
    lstm_encoder: 0.029145
    lstm_decoder: 0.025999
    multihead_attn: 0.010863
    output_layer: 0.716947
  VSN output std:
    encoder: 0.202726
  Attention entropy: 2.991173
  Saved to: experiments/02b_vintage_sweep/baseline_h10_drop0.10/collapse_monitoring/collapse_monitor_epoch0.json
Epoch 1: val_loss=0.6325294375419617
Epoch 1: train_loss=0.7465773224830627

[CollapseMonitor] Epoch 1
  [DEBUG] Processed 21 batches from val_dataloader
  [DEBUG] Predictions shape after concat: (1282,)
  [DEBUG] All predictions list length: 21
  [DEBUG] First batch shape: (64,)
  Pred std: 0.045438, range: 0.248564, mean: 0.400770
  Pos: 100.0%, Neg: 0.0%, Unique: 1264
  Saved validation predictions to: experiments/02b_vintage_sweep/baseline_h10_drop0.10/collapse_monitoring/val_predictions_epoch1.npy
  Gradient norms:
    lstm_encoder: 0.020524
    lstm_decoder: 0.020983
    multihead_attn: 0.007658
    output_layer: 0.606120
  VSN output std:
    encoder: 0.200051
  Attention entropy: 2.992039
  Saved to: experiments/02b_vintage_sweep/baseline_h10_drop0.10/collapse_monitoring/collapse_monitor_epoch1.json
Epoch 2: val_loss=0.5398735404014587
Epoch 2: train_loss=0.6326099634170532

[CollapseMonitor] Epoch 2
  [DEBUG] Processed 21 batches from val_dataloader
  [DEBUG] Predictions shape after concat: (1282,)
  [DEBUG] All predictions list length: 21
  [DEBUG] First batch shape: (64,)
  Pred std: 0.037555, range: 0.205485, mean: 0.167382
  Pos: 100.0%, Neg: 0.0%, Unique: 1261
  Saved validation predictions to: experiments/02b_vintage_sweep/baseline_h10_drop0.10/collapse_monitoring/val_predictions_epoch2.npy
  Gradient norms:
    lstm_encoder: 0.013118
    lstm_decoder: 0.014288
    multihead_attn: 0.004893
    output_layer: 0.457329
  VSN output std:
    encoder: 0.191025
  Attention entropy: 2.991964
  Saved to: experiments/02b_vintage_sweep/baseline_h10_drop0.10/collapse_monitoring/collapse_monitor_epoch2.json
Epoch 3: val_loss=0.4900630712509155
Epoch 3: train_loss=0.5504066944122314

[CollapseMonitor] Epoch 3
  [DEBUG] Processed 21 batches from val_dataloader
  [DEBUG] Predictions shape after concat: (1282,)
  [DEBUG] All predictions list length: 21
  [DEBUG] First batch shape: (64,)
  Pred std: 0.026935, range: 0.143874, mean: -0.013973
  Pos: 15.2%, Neg: 84.8%, Unique: 1271
  Saved validation predictions to: experiments/02b_vintage_sweep/baseline_h10_drop0.10/collapse_monitoring/val_predictions_epoch3.npy
  Gradient norms:
    lstm_encoder: 0.007386
    lstm_decoder: 0.007991
    multihead_attn: 0.002988
    output_layer: 0.303188
  VSN output std:
    encoder: 0.156444
  Attention entropy: 2.984565
  Saved to: experiments/02b_vintage_sweep/baseline_h10_drop0.10/collapse_monitoring/collapse_monitor_epoch3.json
Epoch 4: val_loss=0.46441468596458435
Epoch 4: train_loss=0.5004923343658447

[CollapseMonitor] Epoch 4
  [DEBUG] Processed 21 batches from val_dataloader
  [DEBUG] Predictions shape after concat: (1282,)
  [DEBUG] All predictions list length: 21
  [DEBUG] First batch shape: (64,)
  Pred std: 0.017924, range: 0.099049, mean: 0.010514
  Pos: 75.8%, Neg: 24.2%, Unique: 1264
  Saved validation predictions to: experiments/02b_vintage_sweep/baseline_h10_drop0.10/collapse_monitoring/val_predictions_epoch4.npy
  Gradient norms:
    lstm_encoder: 0.004554
    lstm_decoder: 0.004552
    multihead_attn: 0.001940
    output_layer: 0.193563
  VSN output std:
    encoder: 0.196979
  Attention entropy: 2.971900
  Saved to: experiments/02b_vintage_sweep/baseline_h10_drop0.10/collapse_monitoring/collapse_monitor_epoch4.json
Epoch 5: val_loss=0.45177483558654785
Epoch 5: train_loss=0.47609180212020874

[CollapseMonitor] Epoch 5
  [DEBUG] Processed 21 batches from val_dataloader
  [DEBUG] Predictions shape after concat: (1282,)
  [DEBUG] All predictions list length: 21
  [DEBUG] First batch shape: (64,)
  Pred std: 0.011847, range: 0.062565, mean: 0.049613
  Pos: 100.0%, Neg: 0.0%, Unique: 1263
  Saved validation predictions to: experiments/02b_vintage_sweep/baseline_h10_drop0.10/collapse_monitoring/val_predictions_epoch5.npy
  Gradient norms:
    lstm_encoder: 0.003737
    lstm_decoder: 0.003635
    multihead_attn: 0.001650
    output_layer: 0.129724
  VSN output std:
    encoder: 0.242248
  Attention entropy: 2.967983
  Saved to: experiments/02b_vintage_sweep/baseline_h10_drop0.10/collapse_monitoring/collapse_monitor_epoch5.json
Epoch 6: val_loss=0.4446019232273102
Epoch 6: train_loss=0.4612620770931244

[CollapseMonitor] Epoch 6
  [DEBUG] Processed 21 batches from val_dataloader
  [DEBUG] Predictions shape after concat: (1282,)
  [DEBUG] All predictions list length: 21
  [DEBUG] First batch shape: (64,)
  Pred std: 0.015372, range: 0.068384, mean: 0.041093
  Pos: 100.0%, Neg: 0.0%, Unique: 1268
  Saved validation predictions to: experiments/02b_vintage_sweep/baseline_h10_drop0.10/collapse_monitoring/val_predictions_epoch6.npy
  Gradient norms:
    lstm_encoder: 0.003494
    lstm_decoder: 0.003014
    multihead_attn: 0.001701
    output_layer: 0.100597
  VSN output std:
    encoder: 0.265644
  Attention entropy: 2.964123
  Saved to: experiments/02b_vintage_sweep/baseline_h10_drop0.10/collapse_monitoring/collapse_monitor_epoch6.json
Epoch 7: val_loss=0.43991875648498535
Epoch 7: train_loss=0.45502540469169617

[CollapseMonitor] Epoch 7
  [DEBUG] Processed 21 batches from val_dataloader
  [DEBUG] Predictions shape after concat: (1282,)
  [DEBUG] All predictions list length: 21
  [DEBUG] First batch shape: (64,)
  Pred std: 0.020915, range: 0.077631, mean: 0.052482
  Pos: 99.8%, Neg: 0.2%, Unique: 1262
  Saved validation predictions to: experiments/02b_vintage_sweep/baseline_h10_drop0.10/collapse_monitoring/val_predictions_epoch7.npy
  Gradient norms:
    lstm_encoder: 0.004198
    lstm_decoder: 0.003122
    multihead_attn: 0.002047
    output_layer: 0.094261
  VSN output std:
    encoder: 0.273337
  Attention entropy: 2.960318
  Saved to: experiments/02b_vintage_sweep/baseline_h10_drop0.10/collapse_monitoring/collapse_monitor_epoch7.json
Epoch 8: val_loss=0.43655067682266235
Epoch 8: train_loss=0.44996047019958496

[CollapseMonitor] Epoch 8
  [DEBUG] Processed 21 batches from val_dataloader
  [DEBUG] Predictions shape after concat: (1282,)
  [DEBUG] All predictions list length: 21
  [DEBUG] First batch shape: (64,)
  Pred std: 0.023852, range: 0.088394, mean: 0.053651
  Pos: 96.6%, Neg: 3.4%, Unique: 1263
  Saved validation predictions to: experiments/02b_vintage_sweep/baseline_h10_drop0.10/collapse_monitoring/val_predictions_epoch8.npy
  Gradient norms:
    lstm_encoder: 0.005122
    lstm_decoder: 0.003210
    multihead_attn: 0.002311
    output_layer: 0.093131
  VSN output std:
    encoder: 0.277065
  Attention entropy: 2.960911
  Saved to: experiments/02b_vintage_sweep/baseline_h10_drop0.10/collapse_monitoring/collapse_monitor_epoch8.json
Epoch 9: val_loss=0.4352531135082245
Epoch 9: train_loss=0.44705089926719666

[CollapseMonitor] Epoch 9
  [DEBUG] Processed 21 batches from val_dataloader
  [DEBUG] Predictions shape after concat: (1282,)
  [DEBUG] All predictions list length: 21
  [DEBUG] First batch shape: (64,)
  Pred std: 0.024879, range: 0.096783, mean: 0.050541
  Pos: 91.7%, Neg: 8.3%, Unique: 1264
  Saved validation predictions to: experiments/02b_vintage_sweep/baseline_h10_drop0.10/collapse_monitoring/val_predictions_epoch9.npy
  Gradient norms:
    lstm_encoder: 0.005394
    lstm_decoder: 0.003159
    multihead_attn: 0.002259
    output_layer: 0.088714
  VSN output std:
    encoder: 0.280324
  Attention entropy: 2.964053
  Saved to: experiments/02b_vintage_sweep/baseline_h10_drop0.10/collapse_monitoring/collapse_monitor_epoch9.json
Epoch 10: val_loss=0.4330441355705261
Epoch 10: train_loss=0.44471123814582825

[CollapseMonitor] Epoch 10
  [DEBUG] Processed 21 batches from val_dataloader
  [DEBUG] Predictions shape after concat: (1282,)
  [DEBUG] All predictions list length: 21
  [DEBUG] First batch shape: (64,)
  Pred std: 0.026102, range: 0.113414, mean: 0.070079
  Pos: 99.6%, Neg: 0.4%, Unique: 1261
  Saved validation predictions to: experiments/02b_vintage_sweep/baseline_h10_drop0.10/collapse_monitoring/val_predictions_epoch10.npy
  Gradient norms:
    lstm_encoder: 0.006000
    lstm_decoder: 0.003236
    multihead_attn: 0.002272
    output_layer: 0.092257
  VSN output std:
    encoder: 0.282642
  Attention entropy: 2.965588
  Saved to: experiments/02b_vintage_sweep/baseline_h10_drop0.10/collapse_monitoring/collapse_monitor_epoch10.json
Epoch 11: val_loss=0.43224412202835083
Epoch 11: train_loss=0.44190943241119385

[CollapseMonitor] Epoch 11
  [DEBUG] Processed 21 batches from val_dataloader
  [DEBUG] Predictions shape after concat: (1282,)
  [DEBUG] All predictions list length: 21
  [DEBUG] First batch shape: (64,)
  Pred std: 0.026510, range: 0.124914, mean: 0.069810
  Pos: 99.1%, Neg: 0.9%, Unique: 1264
  Saved validation predictions to: experiments/02b_vintage_sweep/baseline_h10_drop0.10/collapse_monitoring/val_predictions_epoch11.npy
  Gradient norms:
    lstm_encoder: 0.005980
    lstm_decoder: 0.003154
    multihead_attn: 0.002357
    output_layer: 0.085111
  VSN output std:
    encoder: 0.284740
  Attention entropy: 2.967737
  Saved to: experiments/02b_vintage_sweep/baseline_h10_drop0.10/collapse_monitoring/collapse_monitor_epoch11.json
Epoch 12: val_loss=0.43084707856178284
Epoch 12: train_loss=0.44196823239326477

[CollapseMonitor] Epoch 12
  [DEBUG] Processed 21 batches from val_dataloader
  [DEBUG] Predictions shape after concat: (1282,)
  [DEBUG] All predictions list length: 21
  [DEBUG] First batch shape: (64,)
  Pred std: 0.024748, range: 0.136103, mean: 0.052594
  Pos: 95.2%, Neg: 4.8%, Unique: 1261
  Saved validation predictions to: experiments/02b_vintage_sweep/baseline_h10_drop0.10/collapse_monitoring/val_predictions_epoch12.npy
  Gradient norms:
    lstm_encoder: 0.006520
    lstm_decoder: 0.003217
    multihead_attn: 0.002261
    output_layer: 0.083143
  VSN output std:
    encoder: 0.285337
  Attention entropy: 2.971284
  Saved to: experiments/02b_vintage_sweep/baseline_h10_drop0.10/collapse_monitoring/collapse_monitor_epoch12.json
Epoch 13: val_loss=0.42997491359710693
Epoch 13: train_loss=0.4402521848678589

[CollapseMonitor] Epoch 13
  [DEBUG] Processed 21 batches from val_dataloader
  [DEBUG] Predictions shape after concat: (1282,)
  [DEBUG] All predictions list length: 21
  [DEBUG] First batch shape: (64,)
  Pred std: 0.026543, range: 0.156904, mean: 0.050864
  Pos: 94.5%, Neg: 5.5%, Unique: 1263
  Saved validation predictions to: experiments/02b_vintage_sweep/baseline_h10_drop0.10/collapse_monitoring/val_predictions_epoch13.npy
  Gradient norms:
    lstm_encoder: 0.006724
    lstm_decoder: 0.003194
    multihead_attn: 0.002135
    output_layer: 0.079684
  VSN output std:
    encoder: 0.286505
  Attention entropy: 2.972892
  Saved to: experiments/02b_vintage_sweep/baseline_h10_drop0.10/collapse_monitoring/collapse_monitor_epoch13.json
Epoch 14: val_loss=0.4290553331375122
Epoch 14: train_loss=0.43708741664886475

[CollapseMonitor] Epoch 14
  [DEBUG] Processed 21 batches from val_dataloader
  [DEBUG] Predictions shape after concat: (1282,)
  [DEBUG] All predictions list length: 21
  [DEBUG] First batch shape: (64,)
  Pred std: 0.026093, range: 0.160487, mean: 0.068768
  Pos: 100.0%, Neg: 0.0%, Unique: 1248
  Saved validation predictions to: experiments/02b_vintage_sweep/baseline_h10_drop0.10/collapse_monitoring/val_predictions_epoch14.npy
  Gradient norms:
    lstm_encoder: 0.007611
    lstm_decoder: 0.003396
    multihead_attn: 0.002200
    output_layer: 0.080776
  VSN output std:
    encoder: 0.287393
  Attention entropy: 2.975250
  Saved to: experiments/02b_vintage_sweep/baseline_h10_drop0.10/collapse_monitoring/collapse_monitor_epoch14.json
Epoch 15: val_loss=0.4273005723953247
Epoch 15: train_loss=0.4375758171081543

[CollapseMonitor] Epoch 15
  [DEBUG] Processed 21 batches from val_dataloader
  [DEBUG] Predictions shape after concat: (1282,)
  [DEBUG] All predictions list length: 21
  [DEBUG] First batch shape: (64,)
  Pred std: 0.026014, range: 0.163379, mean: 0.062195
  Pos: 100.0%, Neg: 0.0%, Unique: 1253
  Saved validation predictions to: experiments/02b_vintage_sweep/baseline_h10_drop0.10/collapse_monitoring/val_predictions_epoch15.npy
  Gradient norms:
    lstm_encoder: 0.007550
    lstm_decoder: 0.003353
    multihead_attn: 0.002188
    output_layer: 0.081137
  VSN output std:
    encoder: 0.285700
  Attention entropy: 2.980561
  Saved to: experiments/02b_vintage_sweep/baseline_h10_drop0.10/collapse_monitoring/collapse_monitor_epoch15.json
Epoch 16: val_loss=0.4266666769981384
Epoch 16: train_loss=0.43557336926460266

[CollapseMonitor] Epoch 16
  [DEBUG] Processed 21 batches from val_dataloader
  [DEBUG] Predictions shape after concat: (1282,)
  [DEBUG] All predictions list length: 21
  [DEBUG] First batch shape: (64,)
  Pred std: 0.025302, range: 0.162992, mean: 0.046775
  Pos: 97.6%, Neg: 2.4%, Unique: 1262
  Saved validation predictions to: experiments/02b_vintage_sweep/baseline_h10_drop0.10/collapse_monitoring/val_predictions_epoch16.npy
  Gradient norms:
    lstm_encoder: 0.007627
    lstm_decoder: 0.003375
    multihead_attn: 0.001957
    output_layer: 0.076557
  VSN output std:
    encoder: 0.284574
  Attention entropy: 2.984458
  Saved to: experiments/02b_vintage_sweep/baseline_h10_drop0.10/collapse_monitoring/collapse_monitor_epoch16.json
Epoch 17: val_loss=0.42540451884269714
Epoch 17: train_loss=0.4352056682109833

[CollapseMonitor] Epoch 17
  [DEBUG] Processed 21 batches from val_dataloader
  [DEBUG] Predictions shape after concat: (1282,)
  [DEBUG] All predictions list length: 21
  [DEBUG] First batch shape: (64,)
  Pred std: 0.026699, range: 0.173796, mean: 0.059964
  Pos: 100.0%, Neg: 0.0%, Unique: 1257
  Saved validation predictions to: experiments/02b_vintage_sweep/baseline_h10_drop0.10/collapse_monitoring/val_predictions_epoch17.npy
  Gradient norms:
    lstm_encoder: 0.008235
    lstm_decoder: 0.003588
    multihead_attn: 0.001997
    output_layer: 0.087090
  VSN output std:
    encoder: 0.284680
  Attention entropy: 2.985963
  Saved to: experiments/02b_vintage_sweep/baseline_h10_drop0.10/collapse_monitoring/collapse_monitor_epoch17.json
Epoch 18: val_loss=0.42400071024894714
Epoch 18: train_loss=0.43455103039741516

[CollapseMonitor] Epoch 18
  [DEBUG] Processed 21 batches from val_dataloader
  [DEBUG] Predictions shape after concat: (1282,)
  [DEBUG] All predictions list length: 21
  [DEBUG] First batch shape: (64,)
  Pred std: 0.028318, range: 0.181683, mean: 0.050275
  Pos: 99.8%, Neg: 0.2%, Unique: 1272
  Saved validation predictions to: experiments/02b_vintage_sweep/baseline_h10_drop0.10/collapse_monitoring/val_predictions_epoch18.npy
  Gradient norms:
    lstm_encoder: 0.009458
    lstm_decoder: 0.003844
    multihead_attn: 0.002181
    output_layer: 0.084004
  VSN output std:
    encoder: 0.286130
  Attention entropy: 2.986675
  Saved to: experiments/02b_vintage_sweep/baseline_h10_drop0.10/collapse_monitoring/collapse_monitor_epoch18.json
Epoch 19: val_loss=0.42425960302352905
Epoch 19: train_loss=0.4337937831878662

[CollapseMonitor] Epoch 19
  [DEBUG] Processed 21 batches from val_dataloader
  [DEBUG] Predictions shape after concat: (1282,)
  [DEBUG] All predictions list length: 21
  [DEBUG] First batch shape: (64,)
  Pred std: 0.026539, range: 0.176989, mean: 0.035636
  Pos: 94.8%, Neg: 5.2%, Unique: 1260
  Saved validation predictions to: experiments/02b_vintage_sweep/baseline_h10_drop0.10/collapse_monitoring/val_predictions_epoch19.npy
  Gradient norms:
    lstm_encoder: 0.010103
    lstm_decoder: 0.004105
    multihead_attn: 0.002066
    output_layer: 0.083032
  VSN output std:
    encoder: 0.282914
  Attention entropy: 2.988237
  Saved to: experiments/02b_vintage_sweep/baseline_h10_drop0.10/collapse_monitoring/collapse_monitor_epoch19.json
Epoch 20: val_loss=0.42102769017219543
Epoch 20: train_loss=0.4330601394176483

[CollapseMonitor] Epoch 20
  [DEBUG] Processed 21 batches from val_dataloader
  [DEBUG] Predictions shape after concat: (1282,)
  [DEBUG] All predictions list length: 21
  [DEBUG] First batch shape: (64,)
  Pred std: 0.028244, range: 0.182606, mean: 0.052743
  Pos: 99.8%, Neg: 0.2%, Unique: 1266
  Saved validation predictions to: experiments/02b_vintage_sweep/baseline_h10_drop0.10/collapse_monitoring/val_predictions_epoch20.npy
  Gradient norms:
    lstm_encoder: 0.010143
    lstm_decoder: 0.004177
    multihead_attn: 0.002155
    output_layer: 0.081590
  VSN output std:
    encoder: 0.281961
  Attention entropy: 2.987293
  Saved to: experiments/02b_vintage_sweep/baseline_h10_drop0.10/collapse_monitoring/collapse_monitor_epoch20.json
Epoch 21: val_loss=0.42051032185554504
Epoch 21: train_loss=0.43202972412109375

[CollapseMonitor] Epoch 21
  [DEBUG] Processed 21 batches from val_dataloader
  [DEBUG] Predictions shape after concat: (1282,)
  [DEBUG] All predictions list length: 21
  [DEBUG] First batch shape: (64,)
  Pred std: 0.031758, range: 0.207199, mean: 0.047678
  Pos: 100.0%, Neg: 0.0%, Unique: 1268
  Saved validation predictions to: experiments/02b_vintage_sweep/baseline_h10_drop0.10/collapse_monitoring/val_predictions_epoch21.npy
  Gradient norms:
    lstm_encoder: 0.010257
    lstm_decoder: 0.004175
    multihead_attn: 0.002143
    output_layer: 0.081403
  VSN output std:
    encoder: 0.280812
  Attention entropy: 2.987841
  Saved to: experiments/02b_vintage_sweep/baseline_h10_drop0.10/collapse_monitoring/collapse_monitor_epoch21.json
Epoch 22: val_loss=0.41854092478752136
Epoch 22: train_loss=0.43096286058425903

[CollapseMonitor] Epoch 22
  [DEBUG] Processed 21 batches from val_dataloader
  [DEBUG] Predictions shape after concat: (1282,)
  [DEBUG] All predictions list length: 21
  [DEBUG] First batch shape: (64,)
  Pred std: 0.034677, range: 0.211666, mean: 0.050070
  Pos: 100.0%, Neg: 0.0%, Unique: 1264
  Saved validation predictions to: experiments/02b_vintage_sweep/baseline_h10_drop0.10/collapse_monitoring/val_predictions_epoch22.npy
  Gradient norms:
    lstm_encoder: 0.010828
    lstm_decoder: 0.004391
    multihead_attn: 0.002015
    output_layer: 0.085125
  VSN output std:
    encoder: 0.277302
  Attention entropy: 2.983181
  Saved to: experiments/02b_vintage_sweep/baseline_h10_drop0.10/collapse_monitoring/collapse_monitor_epoch22.json
Epoch 23: val_loss=0.41810253262519836
Epoch 23: train_loss=0.43072709441185

[CollapseMonitor] Epoch 23
  [DEBUG] Processed 21 batches from val_dataloader
  [DEBUG] Predictions shape after concat: (1282,)
  [DEBUG] All predictions list length: 21
  [DEBUG] First batch shape: (64,)
  Pred std: 0.031411, range: 0.195716, mean: 0.079860
  Pos: 100.0%, Neg: 0.0%, Unique: 1266
  Saved validation predictions to: experiments/02b_vintage_sweep/baseline_h10_drop0.10/collapse_monitoring/val_predictions_epoch23.npy
  Gradient norms:
    lstm_encoder: 0.010984
    lstm_decoder: 0.004530
    multihead_attn: 0.002070
    output_layer: 0.083160
  VSN output std:
    encoder: 0.275851
  Attention entropy: 2.983345
  Saved to: experiments/02b_vintage_sweep/baseline_h10_drop0.10/collapse_monitoring/collapse_monitor_epoch23.json
Epoch 24: val_loss=0.41728469729423523
Epoch 24: train_loss=0.42973291873931885

[CollapseMonitor] Epoch 24
  [DEBUG] Processed 21 batches from val_dataloader
  [DEBUG] Predictions shape after concat: (1282,)
  [DEBUG] All predictions list length: 21
  [DEBUG] First batch shape: (64,)
  Pred std: 0.033505, range: 0.206784, mean: 0.040930
  Pos: 97.8%, Neg: 2.2%, Unique: 1267
  Saved validation predictions to: experiments/02b_vintage_sweep/baseline_h10_drop0.10/collapse_monitoring/val_predictions_epoch24.npy
  Gradient norms:
    lstm_encoder: 0.011132
    lstm_decoder: 0.004680
    multihead_attn: 0.002241
    output_layer: 0.084476
  VSN output std:
    encoder: 0.275348
  Attention entropy: 2.981079
  Saved to: experiments/02b_vintage_sweep/baseline_h10_drop0.10/collapse_monitoring/collapse_monitor_epoch24.json
Epoch 25: val_loss=0.4159019887447357
Epoch 25: train_loss=0.4292431175708771

[CollapseMonitor] Epoch 25
  [DEBUG] Processed 21 batches from val_dataloader
  [DEBUG] Predictions shape after concat: (1282,)
  [DEBUG] All predictions list length: 21
  [DEBUG] First batch shape: (64,)
  Pred std: 0.035526, range: 0.203874, mean: 0.039949
  Pos: 98.0%, Neg: 2.0%, Unique: 1271
  Saved validation predictions to: experiments/02b_vintage_sweep/baseline_h10_drop0.10/collapse_monitoring/val_predictions_epoch25.npy
  Gradient norms:
    lstm_encoder: 0.011157
    lstm_decoder: 0.004760
    multihead_attn: 0.001967
    output_layer: 0.081471
  VSN output std:
    encoder: 0.273016
  Attention entropy: 2.972625
  Saved to: experiments/02b_vintage_sweep/baseline_h10_drop0.10/collapse_monitoring/collapse_monitor_epoch25.json
Epoch 26: val_loss=0.41438010334968567
Epoch 26: train_loss=0.4285385012626648

[CollapseMonitor] Epoch 26
  [DEBUG] Processed 21 batches from val_dataloader
  [DEBUG] Predictions shape after concat: (1282,)
  [DEBUG] All predictions list length: 21
  [DEBUG] First batch shape: (64,)
  Pred std: 0.033011, range: 0.200174, mean: 0.056885
  Pos: 100.0%, Neg: 0.0%, Unique: 1268
  Saved validation predictions to: experiments/02b_vintage_sweep/baseline_h10_drop0.10/collapse_monitoring/val_predictions_epoch26.npy
  Gradient norms:
    lstm_encoder: 0.011366
    lstm_decoder: 0.005047
    multihead_attn: 0.001927
    output_layer: 0.085126
  VSN output std:
    encoder: 0.274249
  Attention entropy: 2.974222
  Saved to: experiments/02b_vintage_sweep/baseline_h10_drop0.10/collapse_monitoring/collapse_monitor_epoch26.json
Epoch 27: val_loss=0.4145851135253906
Epoch 27: train_loss=0.42856091260910034

[CollapseMonitor] Epoch 27
  [DEBUG] Processed 21 batches from val_dataloader
  [DEBUG] Predictions shape after concat: (1282,)
  [DEBUG] All predictions list length: 21
  [DEBUG] First batch shape: (64,)
  Pred std: 0.031445, range: 0.199428, mean: 0.050280
  Pos: 100.0%, Neg: 0.0%, Unique: 1269
  Saved validation predictions to: experiments/02b_vintage_sweep/baseline_h10_drop0.10/collapse_monitoring/val_predictions_epoch27.npy
  Gradient norms:
    lstm_encoder: 0.011233
    lstm_decoder: 0.004697
    multihead_attn: 0.002040
    output_layer: 0.078464
  VSN output std:
    encoder: 0.269838
  Attention entropy: 2.977251
  Saved to: experiments/02b_vintage_sweep/baseline_h10_drop0.10/collapse_monitoring/collapse_monitor_epoch27.json
Epoch 28: val_loss=0.413732647895813
Epoch 28: train_loss=0.42818596959114075

[CollapseMonitor] Epoch 28
  [DEBUG] Processed 21 batches from val_dataloader
  [DEBUG] Predictions shape after concat: (1282,)
  [DEBUG] All predictions list length: 21
  [DEBUG] First batch shape: (64,)
  Pred std: 0.034338, range: 0.208402, mean: 0.052660
  Pos: 100.0%, Neg: 0.0%, Unique: 1265
  Saved validation predictions to: experiments/02b_vintage_sweep/baseline_h10_drop0.10/collapse_monitoring/val_predictions_epoch28.npy
  Gradient norms:
    lstm_encoder: 0.011763
    lstm_decoder: 0.005062
    multihead_attn: 0.001902
    output_layer: 0.082319
  VSN output std:
    encoder: 0.268087
  Attention entropy: 2.973389
  Saved to: experiments/02b_vintage_sweep/baseline_h10_drop0.10/collapse_monitoring/collapse_monitor_epoch28.json
Epoch 29: val_loss=0.41254904866218567
Epoch 29: train_loss=0.4272882044315338

[CollapseMonitor] Epoch 29
  [DEBUG] Processed 21 batches from val_dataloader
  [DEBUG] Predictions shape after concat: (1282,)
  [DEBUG] All predictions list length: 21
  [DEBUG] First batch shape: (64,)
  Pred std: 0.032626, range: 0.201730, mean: 0.062889
  Pos: 100.0%, Neg: 0.0%, Unique: 1266
  Saved validation predictions to: experiments/02b_vintage_sweep/baseline_h10_drop0.10/collapse_monitoring/val_predictions_epoch29.npy
  Gradient norms:
    lstm_encoder: 0.012185
    lstm_decoder: 0.005119
    multihead_attn: 0.001955
    output_layer: 0.077116
  VSN output std:
    encoder: 0.265628
  Attention entropy: 2.972746
  Saved to: experiments/02b_vintage_sweep/baseline_h10_drop0.10/collapse_monitoring/collapse_monitor_epoch29.json
Epoch 30: val_loss=0.41203680634498596
Epoch 30: train_loss=0.4261420965194702

[CollapseMonitor] Epoch 30
  [DEBUG] Processed 21 batches from val_dataloader
  [DEBUG] Predictions shape after concat: (1282,)
  [DEBUG] All predictions list length: 21
  [DEBUG] First batch shape: (64,)
  Pred std: 0.033266, range: 0.196528, mean: 0.058207
  Pos: 100.0%, Neg: 0.0%, Unique: 1265
  Saved validation predictions to: experiments/02b_vintage_sweep/baseline_h10_drop0.10/collapse_monitoring/val_predictions_epoch30.npy
  Gradient norms:
    lstm_encoder: 0.011272
    lstm_decoder: 0.005113
    multihead_attn: 0.001809
    output_layer: 0.082122
  VSN output std:
    encoder: 0.265882
  Attention entropy: 2.966150
  Saved to: experiments/02b_vintage_sweep/baseline_h10_drop0.10/collapse_monitoring/collapse_monitor_epoch30.json
Epoch 31: val_loss=0.411013126373291
Epoch 31: train_loss=0.4250964820384979

[CollapseMonitor] Epoch 31
  [DEBUG] Processed 21 batches from val_dataloader
  [DEBUG] Predictions shape after concat: (1282,)
  [DEBUG] All predictions list length: 21
  [DEBUG] First batch shape: (64,)
  Pred std: 0.032457, range: 0.200210, mean: 0.054643
  Pos: 100.0%, Neg: 0.0%, Unique: 1264
  Saved validation predictions to: experiments/02b_vintage_sweep/baseline_h10_drop0.10/collapse_monitoring/val_predictions_epoch31.npy
  Gradient norms:
    lstm_encoder: 0.012872
    lstm_decoder: 0.005749
    multihead_attn: 0.001953
    output_layer: 0.087764
  VSN output std:
    encoder: 0.267088
  Attention entropy: 2.968744
  Saved to: experiments/02b_vintage_sweep/baseline_h10_drop0.10/collapse_monitoring/collapse_monitor_epoch31.json
Epoch 32: val_loss=0.410232812166214
Epoch 32: train_loss=0.4261831045150757

[CollapseMonitor] Epoch 32
  [DEBUG] Processed 21 batches from val_dataloader
  [DEBUG] Predictions shape after concat: (1282,)
  [DEBUG] All predictions list length: 21
  [DEBUG] First batch shape: (64,)
  Pred std: 0.035659, range: 0.206843, mean: 0.054934
  Pos: 100.0%, Neg: 0.0%, Unique: 1267
  Saved validation predictions to: experiments/02b_vintage_sweep/baseline_h10_drop0.10/collapse_monitoring/val_predictions_epoch32.npy
  Gradient norms:
    lstm_encoder: 0.012886
    lstm_decoder: 0.005752
    multihead_attn: 0.001852
    output_layer: 0.081953
  VSN output std:
    encoder: 0.266379
  Attention entropy: 2.966209
  Saved to: experiments/02b_vintage_sweep/baseline_h10_drop0.10/collapse_monitoring/collapse_monitor_epoch32.json
Epoch 33: val_loss=0.41016295552253723
Epoch 33: train_loss=0.4267672002315521

[CollapseMonitor] Epoch 33
  [DEBUG] Processed 21 batches from val_dataloader
  [DEBUG] Predictions shape after concat: (1282,)
  [DEBUG] All predictions list length: 21
  [DEBUG] First batch shape: (64,)
  Pred std: 0.032799, range: 0.196510, mean: 0.066595
  Pos: 100.0%, Neg: 0.0%, Unique: 1271
  Saved validation predictions to: experiments/02b_vintage_sweep/baseline_h10_drop0.10/collapse_monitoring/val_predictions_epoch33.npy
  Gradient norms:
    lstm_encoder: 0.013296
    lstm_decoder: 0.005562
    multihead_attn: 0.001857
    output_layer: 0.081100
  VSN output std:
    encoder: 0.261690
  Attention entropy: 2.966554
  Saved to: experiments/02b_vintage_sweep/baseline_h10_drop0.10/collapse_monitoring/collapse_monitor_epoch33.json
Epoch 34: val_loss=0.40877556800842285
Epoch 34: train_loss=0.4250112473964691

[CollapseMonitor] Epoch 34
  [DEBUG] Processed 21 batches from val_dataloader
  [DEBUG] Predictions shape after concat: (1282,)
  [DEBUG] All predictions list length: 21
  [DEBUG] First batch shape: (64,)
  Pred std: 0.036367, range: 0.217996, mean: 0.058375
  Pos: 100.0%, Neg: 0.0%, Unique: 1271
  Saved validation predictions to: experiments/02b_vintage_sweep/baseline_h10_drop0.10/collapse_monitoring/val_predictions_epoch34.npy
  Gradient norms:
    lstm_encoder: 0.013201
    lstm_decoder: 0.006029
    multihead_attn: 0.002035
    output_layer: 0.083315
  VSN output std:
    encoder: 0.260840
  Attention entropy: 2.963043
  Saved to: experiments/02b_vintage_sweep/baseline_h10_drop0.10/collapse_monitoring/collapse_monitor_epoch34.json
Epoch 35: val_loss=0.4087824821472168
Epoch 35: train_loss=0.42428845167160034

[CollapseMonitor] Epoch 35
  [DEBUG] Processed 21 batches from val_dataloader
  [DEBUG] Predictions shape after concat: (1282,)
  [DEBUG] All predictions list length: 21
  [DEBUG] First batch shape: (64,)
  Pred std: 0.036775, range: 0.213137, mean: 0.065420
  Pos: 100.0%, Neg: 0.0%, Unique: 1269
  Saved validation predictions to: experiments/02b_vintage_sweep/baseline_h10_drop0.10/collapse_monitoring/val_predictions_epoch35.npy
  Gradient norms:
    lstm_encoder: 0.013493
    lstm_decoder: 0.005752
    multihead_attn: 0.001957
    output_layer: 0.082283
  VSN output std:
    encoder: 0.259855
  Attention entropy: 2.959401
  Saved to: experiments/02b_vintage_sweep/baseline_h10_drop0.10/collapse_monitoring/collapse_monitor_epoch35.json
Epoch 36: val_loss=0.4082680642604828
Epoch 36: train_loss=0.4234950840473175

[CollapseMonitor] Epoch 36
  [DEBUG] Processed 21 batches from val_dataloader
  [DEBUG] Predictions shape after concat: (1282,)
  [DEBUG] All predictions list length: 21
  [DEBUG] First batch shape: (64,)
  Pred std: 0.036282, range: 0.225164, mean: 0.043678
  Pos: 100.0%, Neg: 0.0%, Unique: 1257
  Saved validation predictions to: experiments/02b_vintage_sweep/baseline_h10_drop0.10/collapse_monitoring/val_predictions_epoch36.npy
  Gradient norms:
    lstm_encoder: 0.013790
    lstm_decoder: 0.006197
    multihead_attn: 0.001861
    output_layer: 0.084549
  VSN output std:
    encoder: 0.256668
  Attention entropy: 2.964864
  Saved to: experiments/02b_vintage_sweep/baseline_h10_drop0.10/collapse_monitoring/collapse_monitor_epoch36.json
Epoch 37: val_loss=0.4077688455581665
Epoch 37: train_loss=0.4236961603164673

[CollapseMonitor] Epoch 37
  [DEBUG] Processed 21 batches from val_dataloader
  [DEBUG] Predictions shape after concat: (1282,)
  [DEBUG] All predictions list length: 21
  [DEBUG] First batch shape: (64,)
  Pred std: 0.036571, range: 0.216367, mean: 0.060242
  Pos: 100.0%, Neg: 0.0%, Unique: 1253
  Saved validation predictions to: experiments/02b_vintage_sweep/baseline_h10_drop0.10/collapse_monitoring/val_predictions_epoch37.npy
  Gradient norms:
    lstm_encoder: 0.014367
    lstm_decoder: 0.006132
    multihead_attn: 0.001922
    output_layer: 0.088829
  VSN output std:
    encoder: 0.256235
  Attention entropy: 2.965727
  Saved to: experiments/02b_vintage_sweep/baseline_h10_drop0.10/collapse_monitoring/collapse_monitor_epoch37.json
Epoch 38: val_loss=0.40744343400001526
Epoch 38: train_loss=0.42464712262153625

[CollapseMonitor] Epoch 38
  [DEBUG] Processed 21 batches from val_dataloader
  [DEBUG] Predictions shape after concat: (1282,)
  [DEBUG] All predictions list length: 21
  [DEBUG] First batch shape: (64,)
  Pred std: 0.039039, range: 0.214043, mean: 0.057100
  Pos: 100.0%, Neg: 0.0%, Unique: 1249
  Saved validation predictions to: experiments/02b_vintage_sweep/baseline_h10_drop0.10/collapse_monitoring/val_predictions_epoch38.npy
  Gradient norms:
    lstm_encoder: 0.014582
    lstm_decoder: 0.006282
    multihead_attn: 0.001926
    output_layer: 0.082283
  VSN output std:
    encoder: 0.252494
  Attention entropy: 2.960931
  Saved to: experiments/02b_vintage_sweep/baseline_h10_drop0.10/collapse_monitoring/collapse_monitor_epoch38.json
Epoch 39: val_loss=0.4069654643535614
Epoch 39: train_loss=0.42437151074409485

[CollapseMonitor] Epoch 39
  [DEBUG] Processed 21 batches from val_dataloader
  [DEBUG] Predictions shape after concat: (1282,)
  [DEBUG] All predictions list length: 21
  [DEBUG] First batch shape: (64,)
  Pred std: 0.037227, range: 0.214274, mean: 0.042280
  Pos: 100.0%, Neg: 0.0%, Unique: 1255
  Saved validation predictions to: experiments/02b_vintage_sweep/baseline_h10_drop0.10/collapse_monitoring/val_predictions_epoch39.npy
  Gradient norms:
    lstm_encoder: 0.015594
    lstm_decoder: 0.006592
    multihead_attn: 0.001883
    output_layer: 0.080011
  VSN output std:
    encoder: 0.252340
  Attention entropy: 2.958639
  Saved to: experiments/02b_vintage_sweep/baseline_h10_drop0.10/collapse_monitoring/collapse_monitor_epoch39.json
Epoch 40: val_loss=0.40606969594955444
Epoch 40: train_loss=0.42377984523773193

[CollapseMonitor] Epoch 40
  [DEBUG] Processed 21 batches from val_dataloader
  [DEBUG] Predictions shape after concat: (1282,)
  [DEBUG] All predictions list length: 21
  [DEBUG] First batch shape: (64,)
  Pred std: 0.036006, range: 0.201163, mean: 0.067160
  Pos: 100.0%, Neg: 0.0%, Unique: 1257
  Saved validation predictions to: experiments/02b_vintage_sweep/baseline_h10_drop0.10/collapse_monitoring/val_predictions_epoch40.npy
  Gradient norms:
    lstm_encoder: 0.015649
    lstm_decoder: 0.006931
    multihead_attn: 0.001951
    output_layer: 0.083466
  VSN output std:
    encoder: 0.249149
  Attention entropy: 2.955576
  Saved to: experiments/02b_vintage_sweep/baseline_h10_drop0.10/collapse_monitoring/collapse_monitor_epoch40.json
Epoch 41: val_loss=0.40646299719810486
Epoch 41: train_loss=0.42279645800590515

[CollapseMonitor] Epoch 41
  [DEBUG] Processed 21 batches from val_dataloader
  [DEBUG] Predictions shape after concat: (1282,)
  [DEBUG] All predictions list length: 21
  [DEBUG] First batch shape: (64,)
  Pred std: 0.036381, range: 0.215022, mean: 0.036050
  Pos: 100.0%, Neg: 0.0%, Unique: 1256
  Saved validation predictions to: experiments/02b_vintage_sweep/baseline_h10_drop0.10/collapse_monitoring/val_predictions_epoch41.npy
  Gradient norms:
    lstm_encoder: 0.017078
    lstm_decoder: 0.007136
    multihead_attn: 0.002113
    output_layer: 0.084369
  VSN output std:
    encoder: 0.249427
  Attention entropy: 2.962438
  Saved to: experiments/02b_vintage_sweep/baseline_h10_drop0.10/collapse_monitoring/collapse_monitor_epoch41.json
Epoch 42: val_loss=0.40517035126686096
Epoch 42: train_loss=0.42273959517478943

[CollapseMonitor] Epoch 42
  [DEBUG] Processed 21 batches from val_dataloader
  [DEBUG] Predictions shape after concat: (1282,)
  [DEBUG] All predictions list length: 21
  [DEBUG] First batch shape: (64,)
  Pred std: 0.035686, range: 0.195148, mean: 0.060337
  Pos: 100.0%, Neg: 0.0%, Unique: 1252
  Saved validation predictions to: experiments/02b_vintage_sweep/baseline_h10_drop0.10/collapse_monitoring/val_predictions_epoch42.npy
  Gradient norms:
    lstm_encoder: 0.016618
    lstm_decoder: 0.006775
    multihead_attn: 0.002127
    output_layer: 0.078334
  VSN output std:
    encoder: 0.247370
  Attention entropy: 2.948458
  Saved to: experiments/02b_vintage_sweep/baseline_h10_drop0.10/collapse_monitoring/collapse_monitor_epoch42.json
Epoch 43: val_loss=0.4045332968235016
Epoch 43: train_loss=0.4229334890842438

[CollapseMonitor] Epoch 43
  [DEBUG] Processed 21 batches from val_dataloader
  [DEBUG] Predictions shape after concat: (1282,)
  [DEBUG] All predictions list length: 21
  [DEBUG] First batch shape: (64,)
  Pred std: 0.033307, range: 0.187169, mean: 0.074792
  Pos: 100.0%, Neg: 0.0%, Unique: 1252
  Saved validation predictions to: experiments/02b_vintage_sweep/baseline_h10_drop0.10/collapse_monitoring/val_predictions_epoch43.npy
  Gradient norms:
    lstm_encoder: 0.017198
    lstm_decoder: 0.006605
    multihead_attn: 0.002172
    output_layer: 0.078879
  VSN output std:
    encoder: 0.247896
  Attention entropy: 2.945305
  Saved to: experiments/02b_vintage_sweep/baseline_h10_drop0.10/collapse_monitoring/collapse_monitor_epoch43.json
Epoch 44: val_loss=0.40483558177948
Epoch 44: train_loss=0.422934353351593

[CollapseMonitor] Epoch 44
  [DEBUG] Processed 21 batches from val_dataloader
  [DEBUG] Predictions shape after concat: (1282,)
  [DEBUG] All predictions list length: 21
  [DEBUG] First batch shape: (64,)
  Pred std: 0.034642, range: 0.197305, mean: 0.038690
  Pos: 100.0%, Neg: 0.0%, Unique: 1254
  Saved validation predictions to: experiments/02b_vintage_sweep/baseline_h10_drop0.10/collapse_monitoring/val_predictions_epoch44.npy
  Gradient norms:
    lstm_encoder: 0.019134
    lstm_decoder: 0.007122
    multihead_attn: 0.002049
    output_layer: 0.083106
  VSN output std:
    encoder: 0.244866
  Attention entropy: 2.948229
  Saved to: experiments/02b_vintage_sweep/baseline_h10_drop0.10/collapse_monitoring/collapse_monitor_epoch44.json
Epoch 45: val_loss=0.4040399193763733
Epoch 45: train_loss=0.42294448614120483

[CollapseMonitor] Epoch 45
  [DEBUG] Processed 21 batches from val_dataloader
  [DEBUG] Predictions shape after concat: (1282,)
  [DEBUG] All predictions list length: 21
  [DEBUG] First batch shape: (64,)
  Pred std: 0.033852, range: 0.188553, mean: 0.061046
  Pos: 100.0%, Neg: 0.0%, Unique: 1257
  Saved validation predictions to: experiments/02b_vintage_sweep/baseline_h10_drop0.10/collapse_monitoring/val_predictions_epoch45.npy
  Gradient norms:
    lstm_encoder: 0.017437
    lstm_decoder: 0.006956
    multihead_attn: 0.002051
    output_layer: 0.081825
  VSN output std:
    encoder: 0.243020
  Attention entropy: 2.943895
  Saved to: experiments/02b_vintage_sweep/baseline_h10_drop0.10/collapse_monitoring/collapse_monitor_epoch45.json
Epoch 46: val_loss=0.4032350778579712
Epoch 46: train_loss=0.4225633144378662

[CollapseMonitor] Epoch 46
  [DEBUG] Processed 21 batches from val_dataloader
  [DEBUG] Predictions shape after concat: (1282,)
  [DEBUG] All predictions list length: 21
  [DEBUG] First batch shape: (64,)
  Pred std: 0.036335, range: 0.203462, mean: 0.054026
  Pos: 100.0%, Neg: 0.0%, Unique: 1242
  Saved validation predictions to: experiments/02b_vintage_sweep/baseline_h10_drop0.10/collapse_monitoring/val_predictions_epoch46.npy
  Gradient norms:
    lstm_encoder: 0.017589
    lstm_decoder: 0.007155
    multihead_attn: 0.002015
    output_layer: 0.077720
  VSN output std:
    encoder: 0.246980
  Attention entropy: 2.949642
  Saved to: experiments/02b_vintage_sweep/baseline_h10_drop0.10/collapse_monitoring/collapse_monitor_epoch46.json
Epoch 47: val_loss=0.40383878350257874
Epoch 47: train_loss=0.4218819737434387

[CollapseMonitor] Epoch 47
  [DEBUG] Processed 21 batches from val_dataloader
  [DEBUG] Predictions shape after concat: (1282,)
  [DEBUG] All predictions list length: 21
  [DEBUG] First batch shape: (64,)
  Pred std: 0.033834, range: 0.192375, mean: 0.047391
  Pos: 100.0%, Neg: 0.0%, Unique: 1251
  Saved validation predictions to: experiments/02b_vintage_sweep/baseline_h10_drop0.10/collapse_monitoring/val_predictions_epoch47.npy
  Gradient norms:
    lstm_encoder: 0.019182
    lstm_decoder: 0.007333
    multihead_attn: 0.002398
    output_layer: 0.079850
  VSN output std:
    encoder: 0.244968
  Attention entropy: 2.944336
  Saved to: experiments/02b_vintage_sweep/baseline_h10_drop0.10/collapse_monitoring/collapse_monitor_epoch47.json
Epoch 48: val_loss=0.4035733938217163
Epoch 48: train_loss=0.4219449758529663

[CollapseMonitor] Epoch 48
  [DEBUG] Processed 21 batches from val_dataloader
  [DEBUG] Predictions shape after concat: (1282,)
  [DEBUG] All predictions list length: 21
  [DEBUG] First batch shape: (64,)
  Pred std: 0.035365, range: 0.198229, mean: 0.058245
  Pos: 100.0%, Neg: 0.0%, Unique: 1250
  Saved validation predictions to: experiments/02b_vintage_sweep/baseline_h10_drop0.10/collapse_monitoring/val_predictions_epoch48.npy
  Gradient norms:
    lstm_encoder: 0.020175
    lstm_decoder: 0.007520
    multihead_attn: 0.002234
    output_layer: 0.081333
  VSN output std:
    encoder: 0.244177
  Attention entropy: 2.946930
  Saved to: experiments/02b_vintage_sweep/baseline_h10_drop0.10/collapse_monitoring/collapse_monitor_epoch48.json
Epoch 49: val_loss=0.4029155969619751
Epoch 49: train_loss=0.4226241707801819

[CollapseMonitor] Epoch 49
  [DEBUG] Processed 21 batches from val_dataloader
  [DEBUG] Predictions shape after concat: (1282,)
  [DEBUG] All predictions list length: 21
  [DEBUG] First batch shape: (64,)
  Pred std: 0.035309, range: 0.195649, mean: 0.045435
  Pos: 100.0%, Neg: 0.0%, Unique: 1258
  Saved validation predictions to: experiments/02b_vintage_sweep/baseline_h10_drop0.10/collapse_monitoring/val_predictions_epoch49.npy
  Gradient norms:
    lstm_encoder: 0.020997
    lstm_decoder: 0.008107
    multihead_attn: 0.002206
    output_layer: 0.086750
  VSN output std:
    encoder: 0.244583
  Attention entropy: 2.947723
  Saved to: experiments/02b_vintage_sweep/baseline_h10_drop0.10/collapse_monitoring/collapse_monitor_epoch49.json
Epoch 50: val_loss=0.4023924469947815
Epoch 50: train_loss=0.4208759665489197

[CollapseMonitor] Epoch 50
  [DEBUG] Processed 21 batches from val_dataloader
  [DEBUG] Predictions shape after concat: (1282,)
  [DEBUG] All predictions list length: 21
  [DEBUG] First batch shape: (64,)
  Pred std: 0.032370, range: 0.181330, mean: 0.063663
  Pos: 100.0%, Neg: 0.0%, Unique: 1254
  Saved validation predictions to: experiments/02b_vintage_sweep/baseline_h10_drop0.10/collapse_monitoring/val_predictions_epoch50.npy
  Gradient norms:
    lstm_encoder: 0.020022
    lstm_decoder: 0.007853
    multihead_attn: 0.002024
    output_layer: 0.082713
  VSN output std:
    encoder: 0.243479
  Attention entropy: 2.945746
  Saved to: experiments/02b_vintage_sweep/baseline_h10_drop0.10/collapse_monitoring/collapse_monitor_epoch50.json
Epoch 51: val_loss=0.4026796817779541
Epoch 51: train_loss=0.42192167043685913

[CollapseMonitor] Epoch 51
  [DEBUG] Processed 21 batches from val_dataloader
  [DEBUG] Predictions shape after concat: (1282,)
  [DEBUG] All predictions list length: 21
  [DEBUG] First batch shape: (64,)
  Pred std: 0.033067, range: 0.181844, mean: 0.052812
  Pos: 100.0%, Neg: 0.0%, Unique: 1256
  Saved validation predictions to: experiments/02b_vintage_sweep/baseline_h10_drop0.10/collapse_monitoring/val_predictions_epoch51.npy
  Gradient norms:
    lstm_encoder: 0.021764
    lstm_decoder: 0.008089
    multihead_attn: 0.002170
    output_layer: 0.082657
  VSN output std:
    encoder: 0.240395
  Attention entropy: 2.949247
  Saved to: experiments/02b_vintage_sweep/baseline_h10_drop0.10/collapse_monitoring/collapse_monitor_epoch51.json
Epoch 52: val_loss=0.40282511711120605
Epoch 52: train_loss=0.4220714569091797

[CollapseMonitor] Epoch 52
  [DEBUG] Processed 21 batches from val_dataloader
  [DEBUG] Predictions shape after concat: (1282,)
  [DEBUG] All predictions list length: 21
  [DEBUG] First batch shape: (64,)
  Pred std: 0.030582, range: 0.174969, mean: 0.054117
  Pos: 100.0%, Neg: 0.0%, Unique: 1253
  Saved validation predictions to: experiments/02b_vintage_sweep/baseline_h10_drop0.10/collapse_monitoring/val_predictions_epoch52.npy
  Gradient norms:
    lstm_encoder: 0.020890
    lstm_decoder: 0.008345
    multihead_attn: 0.002092
    output_layer: 0.082660
  VSN output std:
    encoder: 0.238060
  Attention entropy: 2.955180
  Saved to: experiments/02b_vintage_sweep/baseline_h10_drop0.10/collapse_monitoring/collapse_monitor_epoch52.json
Epoch 53: val_loss=0.40194886922836304
Epoch 53: train_loss=0.4219149053096771

[CollapseMonitor] Epoch 53
  [DEBUG] Processed 21 batches from val_dataloader
  [DEBUG] Predictions shape after concat: (1282,)
  [DEBUG] All predictions list length: 21
  [DEBUG] First batch shape: (64,)
  Pred std: 0.032282, range: 0.173843, mean: 0.060316
  Pos: 100.0%, Neg: 0.0%, Unique: 1259
  Saved validation predictions to: experiments/02b_vintage_sweep/baseline_h10_drop0.10/collapse_monitoring/val_predictions_epoch53.npy
  Gradient norms:
    lstm_encoder: 0.024297
    lstm_decoder: 0.008310
    multihead_attn: 0.002354
    output_layer: 0.084183
  VSN output std:
    encoder: 0.238115
  Attention entropy: 2.946849
  Saved to: experiments/02b_vintage_sweep/baseline_h10_drop0.10/collapse_monitoring/collapse_monitor_epoch53.json
Epoch 54: val_loss=0.402672678232193
Epoch 54: train_loss=0.4220834970474243

[CollapseMonitor] Epoch 54
  [DEBUG] Processed 21 batches from val_dataloader
  [DEBUG] Predictions shape after concat: (1282,)
  [DEBUG] All predictions list length: 21
  [DEBUG] First batch shape: (64,)
  Pred std: 0.032231, range: 0.172202, mean: 0.051897
  Pos: 100.0%, Neg: 0.0%, Unique: 1247
  Saved validation predictions to: experiments/02b_vintage_sweep/baseline_h10_drop0.10/collapse_monitoring/val_predictions_epoch54.npy
  Gradient norms:
    lstm_encoder: 0.025196
    lstm_decoder: 0.008351
    multihead_attn: 0.002330
    output_layer: 0.081701
  VSN output std:
    encoder: 0.233195
  Attention entropy: 2.948815
  Saved to: experiments/02b_vintage_sweep/baseline_h10_drop0.10/collapse_monitoring/collapse_monitor_epoch54.json
Epoch 55: val_loss=0.40182432532310486
Epoch 55: train_loss=0.4220479130744934

[CollapseMonitor] Epoch 55
  [DEBUG] Processed 21 batches from val_dataloader
  [DEBUG] Predictions shape after concat: (1282,)
  [DEBUG] All predictions list length: 21
  [DEBUG] First batch shape: (64,)
  Pred std: 0.030716, range: 0.159181, mean: 0.063559
  Pos: 100.0%, Neg: 0.0%, Unique: 1262
  Saved validation predictions to: experiments/02b_vintage_sweep/baseline_h10_drop0.10/collapse_monitoring/val_predictions_epoch55.npy
  Gradient norms:
    lstm_encoder: 0.022114
    lstm_decoder: 0.007767
    multihead_attn: 0.002277
    output_layer: 0.081891
  VSN output std:
    encoder: 0.235084
  Attention entropy: 2.949760
  Saved to: experiments/02b_vintage_sweep/baseline_h10_drop0.10/collapse_monitoring/collapse_monitor_epoch55.json
Epoch 56: val_loss=0.40177658200263977
Epoch 56: train_loss=0.42159900069236755

[CollapseMonitor] Epoch 56
  [DEBUG] Processed 21 batches from val_dataloader
  [DEBUG] Predictions shape after concat: (1282,)
  [DEBUG] All predictions list length: 21
  [DEBUG] First batch shape: (64,)
  Pred std: 0.028743, range: 0.153994, mean: 0.067086
  Pos: 100.0%, Neg: 0.0%, Unique: 1265
  Saved validation predictions to: experiments/02b_vintage_sweep/baseline_h10_drop0.10/collapse_monitoring/val_predictions_epoch56.npy
  Gradient norms:
    lstm_encoder: 0.023730
    lstm_decoder: 0.007694
    multihead_attn: 0.002402
    output_layer: 0.077336
  VSN output std:
    encoder: 0.233364
  Attention entropy: 2.950984
  Saved to: experiments/02b_vintage_sweep/baseline_h10_drop0.10/collapse_monitoring/collapse_monitor_epoch56.json
Epoch 57: val_loss=0.40247291326522827
Epoch 57: train_loss=0.4206705689430237

[CollapseMonitor] Epoch 57
  [DEBUG] Processed 21 batches from val_dataloader
  [DEBUG] Predictions shape after concat: (1282,)
  [DEBUG] All predictions list length: 21
  [DEBUG] First batch shape: (64,)
  Pred std: 0.026308, range: 0.150940, mean: 0.056046
  Pos: 100.0%, Neg: 0.0%, Unique: 1260
  Saved validation predictions to: experiments/02b_vintage_sweep/baseline_h10_drop0.10/collapse_monitoring/val_predictions_epoch57.npy
  Gradient norms:
    lstm_encoder: 0.023187
    lstm_decoder: 0.008216
    multihead_attn: 0.002116
    output_layer: 0.078459
  VSN output std:
    encoder: 0.235602
  Attention entropy: 2.956571
  Saved to: experiments/02b_vintage_sweep/baseline_h10_drop0.10/collapse_monitoring/collapse_monitor_epoch57.json
Epoch 58: val_loss=0.4004349410533905
Epoch 58: train_loss=0.4218684136867523

[CollapseMonitor] Epoch 58
  [DEBUG] Processed 21 batches from val_dataloader
  [DEBUG] Predictions shape after concat: (1282,)
  [DEBUG] All predictions list length: 21
  [DEBUG] First batch shape: (64,)
  Pred std: 0.028338, range: 0.157059, mean: 0.055492
  Pos: 100.0%, Neg: 0.0%, Unique: 1257
  Saved validation predictions to: experiments/02b_vintage_sweep/baseline_h10_drop0.10/collapse_monitoring/val_predictions_epoch58.npy
  Gradient norms:
    lstm_encoder: 0.020716
    lstm_decoder: 0.008370
    multihead_attn: 0.001931
    output_layer: 0.082608
  VSN output std:
    encoder: 0.234760
  Attention entropy: 2.949680
  Saved to: experiments/02b_vintage_sweep/baseline_h10_drop0.10/collapse_monitoring/collapse_monitor_epoch58.json
Epoch 59: val_loss=0.40072864294052124
Epoch 59: train_loss=0.4208865761756897

[CollapseMonitor] Epoch 59
  [DEBUG] Processed 21 batches from val_dataloader
  [DEBUG] Predictions shape after concat: (1282,)
  [DEBUG] All predictions list length: 21
  [DEBUG] First batch shape: (64,)
  Pred std: 0.031563, range: 0.176343, mean: 0.048542
  Pos: 100.0%, Neg: 0.0%, Unique: 1254
  Saved validation predictions to: experiments/02b_vintage_sweep/baseline_h10_drop0.10/collapse_monitoring/val_predictions_epoch59.npy
  Gradient norms:
    lstm_encoder: 0.023318
    lstm_decoder: 0.009081
    multihead_attn: 0.002275
    output_layer: 0.082691
  VSN output std:
    encoder: 0.234768
  Attention entropy: 2.948301
  Saved to: experiments/02b_vintage_sweep/baseline_h10_drop0.10/collapse_monitoring/collapse_monitor_epoch59.json
Epoch 60: val_loss=0.40246033668518066
Epoch 60: train_loss=0.4212985634803772

[CollapseMonitor] Epoch 60
  [DEBUG] Processed 21 batches from val_dataloader
  [DEBUG] Predictions shape after concat: (1282,)
  [DEBUG] All predictions list length: 21
  [DEBUG] First batch shape: (64,)
  Pred std: 0.031921, range: 0.176096, mean: 0.054855
  Pos: 100.0%, Neg: 0.0%, Unique: 1252
  Saved validation predictions to: experiments/02b_vintage_sweep/baseline_h10_drop0.10/collapse_monitoring/val_predictions_epoch60.npy
  Gradient norms:
    lstm_encoder: 0.025868
    lstm_decoder: 0.009259
    multihead_attn: 0.002190
    output_layer: 0.082737
  VSN output std:
    encoder: 0.232786
  Attention entropy: 2.955540
  Saved to: experiments/02b_vintage_sweep/baseline_h10_drop0.10/collapse_monitoring/collapse_monitor_epoch60.json
Epoch 61: val_loss=0.4009605646133423
Epoch 61: train_loss=0.42092570662498474

[CollapseMonitor] Epoch 61
  [DEBUG] Processed 21 batches from val_dataloader
  [DEBUG] Predictions shape after concat: (1282,)
  [DEBUG] All predictions list length: 21
  [DEBUG] First batch shape: (64,)
  Pred std: 0.031305, range: 0.163335, mean: 0.057388
  Pos: 100.0%, Neg: 0.0%, Unique: 1255
  Saved validation predictions to: experiments/02b_vintage_sweep/baseline_h10_drop0.10/collapse_monitoring/val_predictions_epoch61.npy
  Gradient norms:
    lstm_encoder: 0.020544
    lstm_decoder: 0.009133
    multihead_attn: 0.001971
    output_layer: 0.085328
  VSN output std:
    encoder: 0.232277
  Attention entropy: 2.951703
  Saved to: experiments/02b_vintage_sweep/baseline_h10_drop0.10/collapse_monitoring/collapse_monitor_epoch61.json
Epoch 62: val_loss=0.4012977182865143
Epoch 62: train_loss=0.42036035656929016

[CollapseMonitor] Epoch 62
  [DEBUG] Processed 21 batches from val_dataloader
  [DEBUG] Predictions shape after concat: (1282,)
  [DEBUG] All predictions list length: 21
  [DEBUG] First batch shape: (64,)
  Pred std: 0.035291, range: 0.180027, mean: 0.051375
  Pos: 100.0%, Neg: 0.0%, Unique: 1256
  Saved validation predictions to: experiments/02b_vintage_sweep/baseline_h10_drop0.10/collapse_monitoring/val_predictions_epoch62.npy
  Gradient norms:
    lstm_encoder: 0.022728
    lstm_decoder: 0.009195
    multihead_attn: 0.002142
    output_layer: 0.078943
  VSN output std:
    encoder: 0.230052
  Attention entropy: 2.947384
  Saved to: experiments/02b_vintage_sweep/baseline_h10_drop0.10/collapse_monitoring/collapse_monitor_epoch62.json
Epoch 63: val_loss=0.40133053064346313
Epoch 63: train_loss=0.4212818145751953

[CollapseMonitor] Epoch 63
  [DEBUG] Processed 21 batches from val_dataloader
  [DEBUG] Predictions shape after concat: (1282,)
  [DEBUG] All predictions list length: 21
  [DEBUG] First batch shape: (64,)
  Pred std: 0.036315, range: 0.176839, mean: 0.064653
  Pos: 100.0%, Neg: 0.0%, Unique: 1255
  Saved validation predictions to: experiments/02b_vintage_sweep/baseline_h10_drop0.10/collapse_monitoring/val_predictions_epoch63.npy
  Gradient norms:
    lstm_encoder: 0.022840
    lstm_decoder: 0.009305
    multihead_attn: 0.002114
    output_layer: 0.084046
  VSN output std:
    encoder: 0.228687
  Attention entropy: 2.945653
  Saved to: experiments/02b_vintage_sweep/baseline_h10_drop0.10/collapse_monitoring/collapse_monitor_epoch63.json
Epoch 64: val_loss=0.4009593725204468
Epoch 64: train_loss=0.42001792788505554

[CollapseMonitor] Epoch 64
  [DEBUG] Processed 21 batches from val_dataloader
  [DEBUG] Predictions shape after concat: (1282,)
  [DEBUG] All predictions list length: 21
  [DEBUG] First batch shape: (64,)
  Pred std: 0.036427, range: 0.175867, mean: 0.059683
  Pos: 100.0%, Neg: 0.0%, Unique: 1253
  Saved validation predictions to: experiments/02b_vintage_sweep/baseline_h10_drop0.10/collapse_monitoring/val_predictions_epoch64.npy
  Gradient norms:
    lstm_encoder: 0.020850
    lstm_decoder: 0.008861
    multihead_attn: 0.002240
    output_layer: 0.081039
  VSN output std:
    encoder: 0.226351
  Attention entropy: 2.944894
  Saved to: experiments/02b_vintage_sweep/baseline_h10_drop0.10/collapse_monitoring/collapse_monitor_epoch64.json
Epoch 65: val_loss=0.4016183614730835
Epoch 65: train_loss=0.42008712887763977

[CollapseMonitor] Epoch 65
  [DEBUG] Processed 21 batches from val_dataloader
  [DEBUG] Predictions shape after concat: (1282,)
  [DEBUG] All predictions list length: 21
  [DEBUG] First batch shape: (64,)
  Pred std: 0.034637, range: 0.168891, mean: 0.062780
  Pos: 100.0%, Neg: 0.0%, Unique: 1259
  Saved validation predictions to: experiments/02b_vintage_sweep/baseline_h10_drop0.10/collapse_monitoring/val_predictions_epoch65.npy
  Gradient norms:
    lstm_encoder: 0.025251
    lstm_decoder: 0.008852
    multihead_attn: 0.002069
    output_layer: 0.084816
  VSN output std:
    encoder: 0.224900
  Attention entropy: 2.948691
  Saved to: experiments/02b_vintage_sweep/baseline_h10_drop0.10/collapse_monitoring/collapse_monitor_epoch65.json
Epoch 66: val_loss=0.4012395441532135
Epoch 66: train_loss=0.42090675234794617

[CollapseMonitor] Epoch 66
  [DEBUG] Processed 21 batches from val_dataloader
  [DEBUG] Predictions shape after concat: (1282,)
  [DEBUG] All predictions list length: 21
  [DEBUG] First batch shape: (64,)
  Pred std: 0.033432, range: 0.169578, mean: 0.061171
  Pos: 100.0%, Neg: 0.0%, Unique: 1255
  Saved validation predictions to: experiments/02b_vintage_sweep/baseline_h10_drop0.10/collapse_monitoring/val_predictions_epoch66.npy
  Gradient norms:
    lstm_encoder: 0.023714
    lstm_decoder: 0.009421
    multihead_attn: 0.002184
    output_layer: 0.089770
  VSN output std:
    encoder: 0.226017
  Attention entropy: 2.950209
  Saved to: experiments/02b_vintage_sweep/baseline_h10_drop0.10/collapse_monitoring/collapse_monitor_epoch66.json
Epoch 67: val_loss=0.4011945128440857
Epoch 67: train_loss=0.42013728618621826

[CollapseMonitor] Epoch 67
  [DEBUG] Processed 21 batches from val_dataloader
  [DEBUG] Predictions shape after concat: (1282,)
  [DEBUG] All predictions list length: 21
  [DEBUG] First batch shape: (64,)
  Pred std: 0.032490, range: 0.166109, mean: 0.054081
  Pos: 100.0%, Neg: 0.0%, Unique: 1259
  Saved validation predictions to: experiments/02b_vintage_sweep/baseline_h10_drop0.10/collapse_monitoring/val_predictions_epoch67.npy
  Gradient norms:
    lstm_encoder: 0.023414
    lstm_decoder: 0.009780
    multihead_attn: 0.002144
    output_layer: 0.079340
  VSN output std:
    encoder: 0.225138
  Attention entropy: 2.949659
  Saved to: experiments/02b_vintage_sweep/baseline_h10_drop0.10/collapse_monitoring/collapse_monitor_epoch67.json
Epoch 68: val_loss=0.4003661870956421
Epoch 68: train_loss=0.42051631212234497

[CollapseMonitor] Epoch 68
  [DEBUG] Processed 21 batches from val_dataloader
  [DEBUG] Predictions shape after concat: (1282,)
  [DEBUG] All predictions list length: 21
  [DEBUG] First batch shape: (64,)
  Pred std: 0.034851, range: 0.167110, mean: 0.070669
  Pos: 100.0%, Neg: 0.0%, Unique: 1260
  Saved validation predictions to: experiments/02b_vintage_sweep/baseline_h10_drop0.10/collapse_monitoring/val_predictions_epoch68.npy
  Gradient norms:
    lstm_encoder: 0.024211
    lstm_decoder: 0.010027
    multihead_attn: 0.002132
    output_layer: 0.080324
  VSN output std:
    encoder: 0.224804
  Attention entropy: 2.943385
  Saved to: experiments/02b_vintage_sweep/baseline_h10_drop0.10/collapse_monitoring/collapse_monitor_epoch68.json
Epoch 69: val_loss=0.4000146985054016
Epoch 69: train_loss=0.420788049697876

[CollapseMonitor] Epoch 69
  [DEBUG] Processed 21 batches from val_dataloader
  [DEBUG] Predictions shape after concat: (1282,)
  [DEBUG] All predictions list length: 21
  [DEBUG] First batch shape: (64,)
  Pred std: 0.034652, range: 0.167413, mean: 0.054694
  Pos: 100.0%, Neg: 0.0%, Unique: 1243
  Saved validation predictions to: experiments/02b_vintage_sweep/baseline_h10_drop0.10/collapse_monitoring/val_predictions_epoch69.npy
  Gradient norms:
    lstm_encoder: 0.022521
    lstm_decoder: 0.009096
    multihead_attn: 0.002170
    output_layer: 0.081541
  VSN output std:
    encoder: 0.223975
  Attention entropy: 2.941657
  Saved to: experiments/02b_vintage_sweep/baseline_h10_drop0.10/collapse_monitoring/collapse_monitor_epoch69.json
Epoch 70: val_loss=0.4003130793571472
Epoch 70: train_loss=0.4196229875087738

[CollapseMonitor] Epoch 70
  [DEBUG] Processed 21 batches from val_dataloader
  [DEBUG] Predictions shape after concat: (1282,)
  [DEBUG] All predictions list length: 21
  [DEBUG] First batch shape: (64,)
  Pred std: 0.034194, range: 0.165891, mean: 0.059182
  Pos: 100.0%, Neg: 0.0%, Unique: 1246
  Saved validation predictions to: experiments/02b_vintage_sweep/baseline_h10_drop0.10/collapse_monitoring/val_predictions_epoch70.npy
  Gradient norms:
    lstm_encoder: 0.024694
    lstm_decoder: 0.009258
    multihead_attn: 0.002232
    output_layer: 0.078617
  VSN output std:
    encoder: 0.223272
  Attention entropy: 2.940981
  Saved to: experiments/02b_vintage_sweep/baseline_h10_drop0.10/collapse_monitoring/collapse_monitor_epoch70.json
Epoch 71: val_loss=0.4000903069972992
Epoch 71: train_loss=0.41971176862716675

[CollapseMonitor] Epoch 71
  [DEBUG] Processed 21 batches from val_dataloader
  [DEBUG] Predictions shape after concat: (1282,)
  [DEBUG] All predictions list length: 21
  [DEBUG] First batch shape: (64,)
  Pred std: 0.033761, range: 0.166466, mean: 0.053530
  Pos: 100.0%, Neg: 0.0%, Unique: 1251
  Saved validation predictions to: experiments/02b_vintage_sweep/baseline_h10_drop0.10/collapse_monitoring/val_predictions_epoch71.npy
  Gradient norms:
    lstm_encoder: 0.024209
    lstm_decoder: 0.009198
    multihead_attn: 0.002002
    output_layer: 0.081145
  VSN output std:
    encoder: 0.222541
  Attention entropy: 2.942446
  Saved to: experiments/02b_vintage_sweep/baseline_h10_drop0.10/collapse_monitoring/collapse_monitor_epoch71.json
Epoch 72: val_loss=0.4004383683204651
Epoch 72: train_loss=0.42060378193855286

[CollapseMonitor] Epoch 72
  [DEBUG] Processed 21 batches from val_dataloader
  [DEBUG] Predictions shape after concat: (1282,)
  [DEBUG] All predictions list length: 21
  [DEBUG] First batch shape: (64,)
  Pred std: 0.033158, range: 0.160944, mean: 0.063003
  Pos: 100.0%, Neg: 0.0%, Unique: 1246
  Saved validation predictions to: experiments/02b_vintage_sweep/baseline_h10_drop0.10/collapse_monitoring/val_predictions_epoch72.npy
  Gradient norms:
    lstm_encoder: 0.023784
    lstm_decoder: 0.010381
    multihead_attn: 0.002065
    output_layer: 0.080430
  VSN output std:
    encoder: 0.221418
  Attention entropy: 2.942544
  Saved to: experiments/02b_vintage_sweep/baseline_h10_drop0.10/collapse_monitoring/collapse_monitor_epoch72.json
Epoch 73: val_loss=0.4005220830440521
Epoch 73: train_loss=0.4195427894592285

[CollapseMonitor] Epoch 73
  [DEBUG] Processed 21 batches from val_dataloader
  [DEBUG] Predictions shape after concat: (1282,)
  [DEBUG] All predictions list length: 21
  [DEBUG] First batch shape: (64,)
  Pred std: 0.032201, range: 0.163297, mean: 0.052546
  Pos: 100.0%, Neg: 0.0%, Unique: 1246
  Saved validation predictions to: experiments/02b_vintage_sweep/baseline_h10_drop0.10/collapse_monitoring/val_predictions_epoch73.npy
  Gradient norms:
    lstm_encoder: 0.025862
    lstm_decoder: 0.010643
    multihead_attn: 0.002195
    output_layer: 0.083133
  VSN output std:
    encoder: 0.219842
  Attention entropy: 2.944048
  Saved to: experiments/02b_vintage_sweep/baseline_h10_drop0.10/collapse_monitoring/collapse_monitor_epoch73.json
Epoch 74: val_loss=0.39984259009361267
Epoch 74: train_loss=0.42017862200737

[CollapseMonitor] Epoch 74
  [DEBUG] Processed 21 batches from val_dataloader
  [DEBUG] Predictions shape after concat: (1282,)
  [DEBUG] All predictions list length: 21
  [DEBUG] First batch shape: (64,)
  Pred std: 0.033357, range: 0.165894, mean: 0.051274
  Pos: 100.0%, Neg: 0.0%, Unique: 1251
  Saved validation predictions to: experiments/02b_vintage_sweep/baseline_h10_drop0.10/collapse_monitoring/val_predictions_epoch74.npy
  Gradient norms:
    lstm_encoder: 0.023309
    lstm_decoder: 0.009683
    multihead_attn: 0.002234
    output_layer: 0.079536
  VSN output std:
    encoder: 0.220074
  Attention entropy: 2.942798
  Saved to: experiments/02b_vintage_sweep/baseline_h10_drop0.10/collapse_monitoring/collapse_monitor_epoch74.json
Epoch 75: val_loss=0.4003313183784485
Epoch 75: train_loss=0.42019012570381165

[CollapseMonitor] Epoch 75
  [DEBUG] Processed 21 batches from val_dataloader
  [DEBUG] Predictions shape after concat: (1282,)
  [DEBUG] All predictions list length: 21
  [DEBUG] First batch shape: (64,)
  Pred std: 0.033746, range: 0.167259, mean: 0.057158
  Pos: 100.0%, Neg: 0.0%, Unique: 1245
  Saved validation predictions to: experiments/02b_vintage_sweep/baseline_h10_drop0.10/collapse_monitoring/val_predictions_epoch75.npy
  Gradient norms:
    lstm_encoder: 0.024573
    lstm_decoder: 0.010427
    multihead_attn: 0.002290
    output_layer: 0.079857
  VSN output std:
    encoder: 0.220148
  Attention entropy: 2.947617
  Saved to: experiments/02b_vintage_sweep/baseline_h10_drop0.10/collapse_monitoring/collapse_monitor_epoch75.json
Epoch 76: val_loss=0.4006434679031372
Epoch 76: train_loss=0.4204672873020172

[CollapseMonitor] Epoch 76
  [DEBUG] Processed 21 batches from val_dataloader
  [DEBUG] Predictions shape after concat: (1282,)
  [DEBUG] All predictions list length: 21
  [DEBUG] First batch shape: (64,)
  Pred std: 0.032034, range: 0.162784, mean: 0.052969
  Pos: 100.0%, Neg: 0.0%, Unique: 1257
  Saved validation predictions to: experiments/02b_vintage_sweep/baseline_h10_drop0.10/collapse_monitoring/val_predictions_epoch76.npy
  Gradient norms:
    lstm_encoder: 0.024332
    lstm_decoder: 0.010456
    multihead_attn: 0.002127
    output_layer: 0.084550
  VSN output std:
    encoder: 0.219227
  Attention entropy: 2.950557
  Saved to: experiments/02b_vintage_sweep/baseline_h10_drop0.10/collapse_monitoring/collapse_monitor_epoch76.json
Epoch 77: val_loss=0.39992719888687134
Epoch 77: train_loss=0.41976162791252136

[CollapseMonitor] Epoch 77
  [DEBUG] Processed 21 batches from val_dataloader
  [DEBUG] Predictions shape after concat: (1282,)
  [DEBUG] All predictions list length: 21
  [DEBUG] First batch shape: (64,)
  Pred std: 0.030763, range: 0.160775, mean: 0.060280
  Pos: 100.0%, Neg: 0.0%, Unique: 1252
  Saved validation predictions to: experiments/02b_vintage_sweep/baseline_h10_drop0.10/collapse_monitoring/val_predictions_epoch77.npy
  Gradient norms:
    lstm_encoder: 0.024033
    lstm_decoder: 0.009976
    multihead_attn: 0.002073
    output_layer: 0.079864
  VSN output std:
    encoder: 0.219410
  Attention entropy: 2.947851
  Saved to: experiments/02b_vintage_sweep/baseline_h10_drop0.10/collapse_monitoring/collapse_monitor_epoch77.json
Epoch 78: val_loss=0.4001278579235077
Epoch 78: train_loss=0.41901102662086487

[CollapseMonitor] Epoch 78
  [DEBUG] Processed 21 batches from val_dataloader
  [DEBUG] Predictions shape after concat: (1282,)
  [DEBUG] All predictions list length: 21
  [DEBUG] First batch shape: (64,)
  Pred std: 0.030319, range: 0.163158, mean: 0.051150
  Pos: 100.0%, Neg: 0.0%, Unique: 1252
  Saved validation predictions to: experiments/02b_vintage_sweep/baseline_h10_drop0.10/collapse_monitoring/val_predictions_epoch78.npy
  Gradient norms:
    lstm_encoder: 0.024268
    lstm_decoder: 0.009572
    multihead_attn: 0.002110
    output_layer: 0.077127
  VSN output std:
    encoder: 0.218337
  Attention entropy: 2.949511
  Saved to: experiments/02b_vintage_sweep/baseline_h10_drop0.10/collapse_monitoring/collapse_monitor_epoch78.json
Epoch 79: val_loss=0.4001554250717163
Epoch 79: train_loss=0.4202597737312317

[CollapseMonitor] Epoch 79
  [DEBUG] Processed 21 batches from val_dataloader
  [DEBUG] Predictions shape after concat: (1282,)
  [DEBUG] All predictions list length: 21
  [DEBUG] First batch shape: (64,)
  Pred std: 0.030351, range: 0.160321, mean: 0.059674
  Pos: 100.0%, Neg: 0.0%, Unique: 1253
  Saved validation predictions to: experiments/02b_vintage_sweep/baseline_h10_drop0.10/collapse_monitoring/val_predictions_epoch79.npy
  Gradient norms:
    lstm_encoder: 0.026515
    lstm_decoder: 0.010380
    multihead_attn: 0.002081
    output_layer: 0.079726
  VSN output std:
    encoder: 0.216734
  Attention entropy: 2.949040
  Saved to: experiments/02b_vintage_sweep/baseline_h10_drop0.10/collapse_monitoring/collapse_monitor_epoch79.json
Epoch 80: val_loss=0.3997654616832733
Epoch 80: train_loss=0.4188975989818573

[CollapseMonitor] Epoch 80
  [DEBUG] Processed 21 batches from val_dataloader
  [DEBUG] Predictions shape after concat: (1282,)
  [DEBUG] All predictions list length: 21
  [DEBUG] First batch shape: (64,)
  Pred std: 0.030805, range: 0.155703, mean: 0.062487
  Pos: 100.0%, Neg: 0.0%, Unique: 1246
  Saved validation predictions to: experiments/02b_vintage_sweep/baseline_h10_drop0.10/collapse_monitoring/val_predictions_epoch80.npy
  Gradient norms:
    lstm_encoder: 0.027443
    lstm_decoder: 0.010490
    multihead_attn: 0.002314
    output_layer: 0.080455
  VSN output std:
    encoder: 0.216138
  Attention entropy: 2.947789
  Saved to: experiments/02b_vintage_sweep/baseline_h10_drop0.10/collapse_monitoring/collapse_monitor_epoch80.json
Epoch 81: val_loss=0.3998090624809265
Epoch 81: train_loss=0.4200855791568756

[CollapseMonitor] Epoch 81
  [DEBUG] Processed 21 batches from val_dataloader
  [DEBUG] Predictions shape after concat: (1282,)
  [DEBUG] All predictions list length: 21
  [DEBUG] First batch shape: (64,)
  Pred std: 0.030868, range: 0.161156, mean: 0.064880
  Pos: 100.0%, Neg: 0.0%, Unique: 1256
  Saved validation predictions to: experiments/02b_vintage_sweep/baseline_h10_drop0.10/collapse_monitoring/val_predictions_epoch81.npy
  Gradient norms:
    lstm_encoder: 0.028463
    lstm_decoder: 0.011195
    multihead_attn: 0.002606
    output_layer: 0.079273
  VSN output std:
    encoder: 0.216299
  Attention entropy: 2.947793
  Saved to: experiments/02b_vintage_sweep/baseline_h10_drop0.10/collapse_monitoring/collapse_monitor_epoch81.json
Epoch 82: val_loss=0.4002559781074524
Epoch 82: train_loss=0.4204387664794922

[CollapseMonitor] Epoch 82
  [DEBUG] Processed 21 batches from val_dataloader
  [DEBUG] Predictions shape after concat: (1282,)
  [DEBUG] All predictions list length: 21
  [DEBUG] First batch shape: (64,)
  Pred std: 0.030840, range: 0.168147, mean: 0.050893
  Pos: 100.0%, Neg: 0.0%, Unique: 1258
  Saved validation predictions to: experiments/02b_vintage_sweep/baseline_h10_drop0.10/collapse_monitoring/val_predictions_epoch82.npy
  Gradient norms:
    lstm_encoder: 0.028825
    lstm_decoder: 0.010522
    multihead_attn: 0.002135
    output_layer: 0.086274
  VSN output std:
    encoder: 0.216666
  Attention entropy: 2.950769
  Saved to: experiments/02b_vintage_sweep/baseline_h10_drop0.10/collapse_monitoring/collapse_monitor_epoch82.json
Epoch 83: val_loss=0.40015801787376404
Epoch 83: train_loss=0.4198474586009979

[CollapseMonitor] Epoch 83
  [DEBUG] Processed 21 batches from val_dataloader
  [DEBUG] Predictions shape after concat: (1282,)
  [DEBUG] All predictions list length: 21
  [DEBUG] First batch shape: (64,)
  Pred std: 0.031073, range: 0.168557, mean: 0.053602
  Pos: 100.0%, Neg: 0.0%, Unique: 1252
  Saved validation predictions to: experiments/02b_vintage_sweep/baseline_h10_drop0.10/collapse_monitoring/val_predictions_epoch83.npy
  Gradient norms:
    lstm_encoder: 0.020757
    lstm_decoder: 0.008731
    multihead_attn: 0.001793
    output_layer: 0.077887
  VSN output std:
    encoder: 0.216799
  Attention entropy: 2.950794
  Saved to: experiments/02b_vintage_sweep/baseline_h10_drop0.10/collapse_monitoring/collapse_monitor_epoch83.json
Epoch 84: val_loss=0.4000284671783447
Epoch 84: train_loss=0.419985830783844

[CollapseMonitor] Epoch 84
  [DEBUG] Processed 21 batches from val_dataloader
  [DEBUG] Predictions shape after concat: (1282,)
  [DEBUG] All predictions list length: 21
  [DEBUG] First batch shape: (64,)
  Pred std: 0.031106, range: 0.169332, mean: 0.054798
  Pos: 100.0%, Neg: 0.0%, Unique: 1256
  Saved validation predictions to: experiments/02b_vintage_sweep/baseline_h10_drop0.10/collapse_monitoring/val_predictions_epoch84.npy
  Gradient norms:
    lstm_encoder: 0.023878
    lstm_decoder: 0.009872
    multihead_attn: 0.002212
    output_layer: 0.078929
  VSN output std:
    encoder: 0.217032
  Attention entropy: 2.949658
  Saved to: experiments/02b_vintage_sweep/baseline_h10_drop0.10/collapse_monitoring/collapse_monitor_epoch84.json
Epoch 85: val_loss=0.39987897872924805
Epoch 85: train_loss=0.4200376272201538

[CollapseMonitor] Epoch 85
  [DEBUG] Processed 21 batches from val_dataloader
  [DEBUG] Predictions shape after concat: (1282,)
  [DEBUG] All predictions list length: 21
  [DEBUG] First batch shape: (64,)
  Pred std: 0.031165, range: 0.163082, mean: 0.058959
  Pos: 100.0%, Neg: 0.0%, Unique: 1254
  Saved validation predictions to: experiments/02b_vintage_sweep/baseline_h10_drop0.10/collapse_monitoring/val_predictions_epoch85.npy
  Gradient norms:
    lstm_encoder: 0.028851
    lstm_decoder: 0.009723
    multihead_attn: 0.002402
    output_layer: 0.081098
  VSN output std:
    encoder: 0.216638
  Attention entropy: 2.948219
  Saved to: experiments/02b_vintage_sweep/baseline_h10_drop0.10/collapse_monitoring/collapse_monitor_epoch85.json
Epoch 86: val_loss=0.39962610602378845
Epoch 86: train_loss=0.4203641712665558

[CollapseMonitor] Epoch 86
  [DEBUG] Processed 21 batches from val_dataloader
  [DEBUG] Predictions shape after concat: (1282,)
  [DEBUG] All predictions list length: 21
  [DEBUG] First batch shape: (64,)
  Pred std: 0.031183, range: 0.159289, mean: 0.055850
  Pos: 100.0%, Neg: 0.0%, Unique: 1263
  Saved validation predictions to: experiments/02b_vintage_sweep/baseline_h10_drop0.10/collapse_monitoring/val_predictions_epoch86.npy
  Gradient norms:
    lstm_encoder: 0.026867
    lstm_decoder: 0.010816
    multihead_attn: 0.002122
    output_layer: 0.080590
  VSN output std:
    encoder: 0.217404
  Attention entropy: 2.946292
  Saved to: experiments/02b_vintage_sweep/baseline_h10_drop0.10/collapse_monitoring/collapse_monitor_epoch86.json
Epoch 87: val_loss=0.3995463252067566
Epoch 87: train_loss=0.4192982017993927

[CollapseMonitor] Epoch 87
  [DEBUG] Processed 21 batches from val_dataloader
  [DEBUG] Predictions shape after concat: (1282,)
  [DEBUG] All predictions list length: 21
  [DEBUG] First batch shape: (64,)
  Pred std: 0.030182, range: 0.158102, mean: 0.056751
  Pos: 100.0%, Neg: 0.0%, Unique: 1259
  Saved validation predictions to: experiments/02b_vintage_sweep/baseline_h10_drop0.10/collapse_monitoring/val_predictions_epoch87.npy
  Gradient norms:
    lstm_encoder: 0.029365
    lstm_decoder: 0.010086
    multihead_attn: 0.002399
    output_layer: 0.082580
  VSN output std:
    encoder: 0.216736
  Attention entropy: 2.945506
  Saved to: experiments/02b_vintage_sweep/baseline_h10_drop0.10/collapse_monitoring/collapse_monitor_epoch87.json
Epoch 88: val_loss=0.40028783679008484
Epoch 88: train_loss=0.41974788904190063

[CollapseMonitor] Epoch 88
  [DEBUG] Processed 21 batches from val_dataloader
  [DEBUG] Predictions shape after concat: (1282,)
  [DEBUG] All predictions list length: 21
  [DEBUG] First batch shape: (64,)
  Pred std: 0.029425, range: 0.165443, mean: 0.063802
  Pos: 100.0%, Neg: 0.0%, Unique: 1248
  Saved validation predictions to: experiments/02b_vintage_sweep/baseline_h10_drop0.10/collapse_monitoring/val_predictions_epoch88.npy
  Gradient norms:
    lstm_encoder: 0.027551
    lstm_decoder: 0.009255
    multihead_attn: 0.002422
    output_layer: 0.079091
  VSN output std:
    encoder: 0.216365
  Attention entropy: 2.948337
  Saved to: experiments/02b_vintage_sweep/baseline_h10_drop0.10/collapse_monitoring/collapse_monitor_epoch88.json
Epoch 89: val_loss=0.3998178243637085
Epoch 89: train_loss=0.4197689890861511

[CollapseMonitor] Epoch 89
  [DEBUG] Processed 21 batches from val_dataloader
  [DEBUG] Predictions shape after concat: (1282,)
  [DEBUG] All predictions list length: 21
  [DEBUG] First batch shape: (64,)
  Pred std: 0.029917, range: 0.164445, mean: 0.060486
  Pos: 100.0%, Neg: 0.0%, Unique: 1247
  Saved validation predictions to: experiments/02b_vintage_sweep/baseline_h10_drop0.10/collapse_monitoring/val_predictions_epoch89.npy
  Gradient norms:
    lstm_encoder: 0.026833
    lstm_decoder: 0.009240
    multihead_attn: 0.002185
    output_layer: 0.074548
  VSN output std:
    encoder: 0.216859
  Attention entropy: 2.946162
  Saved to: experiments/02b_vintage_sweep/baseline_h10_drop0.10/collapse_monitoring/collapse_monitor_epoch89.json
Epoch 90: val_loss=0.39976736903190613
Epoch 90: train_loss=0.41988006234169006

[CollapseMonitor] Epoch 90
  [DEBUG] Processed 21 batches from val_dataloader
  [DEBUG] Predictions shape after concat: (1282,)
  [DEBUG] All predictions list length: 21
  [DEBUG] First batch shape: (64,)
  Pred std: 0.029414, range: 0.163957, mean: 0.057603
  Pos: 100.0%, Neg: 0.0%, Unique: 1252
  Saved validation predictions to: experiments/02b_vintage_sweep/baseline_h10_drop0.10/collapse_monitoring/val_predictions_epoch90.npy
  Gradient norms:
    lstm_encoder: 0.027164
    lstm_decoder: 0.010069
    multihead_attn: 0.001903
    output_layer: 0.083366
  VSN output std:
    encoder: 0.217297
  Attention entropy: 2.945280
  Saved to: experiments/02b_vintage_sweep/baseline_h10_drop0.10/collapse_monitoring/collapse_monitor_epoch90.json
Epoch 91: val_loss=0.39973071217536926
Epoch 91: train_loss=0.42027509212493896

[CollapseMonitor] Epoch 91
  [DEBUG] Processed 21 batches from val_dataloader
  [DEBUG] Predictions shape after concat: (1282,)
  [DEBUG] All predictions list length: 21
  [DEBUG] First batch shape: (64,)
  Pred std: 0.030329, range: 0.166703, mean: 0.054761
  Pos: 100.0%, Neg: 0.0%, Unique: 1245
  Saved validation predictions to: experiments/02b_vintage_sweep/baseline_h10_drop0.10/collapse_monitoring/val_predictions_epoch91.npy
  Gradient norms:
    lstm_encoder: 0.028032
    lstm_decoder: 0.010503
    multihead_attn: 0.002145
    output_layer: 0.081553
  VSN output std:
    encoder: 0.217210
  Attention entropy: 2.945203
  Saved to: experiments/02b_vintage_sweep/baseline_h10_drop0.10/collapse_monitoring/collapse_monitor_epoch91.json
Epoch 92: val_loss=0.39944902062416077
Epoch 92: train_loss=0.41944414377212524

[CollapseMonitor] Epoch 92
  [DEBUG] Processed 21 batches from val_dataloader
  [DEBUG] Predictions shape after concat: (1282,)
  [DEBUG] All predictions list length: 21
  [DEBUG] First batch shape: (64,)
  Pred std: 0.030738, range: 0.166987, mean: 0.054846
  Pos: 100.0%, Neg: 0.0%, Unique: 1245
  Saved validation predictions to: experiments/02b_vintage_sweep/baseline_h10_drop0.10/collapse_monitoring/val_predictions_epoch92.npy
  Gradient norms:
    lstm_encoder: 0.023844
    lstm_decoder: 0.010556
    multihead_attn: 0.001958
    output_layer: 0.082633
  VSN output std:
    encoder: 0.217147
  Attention entropy: 2.945051
  Saved to: experiments/02b_vintage_sweep/baseline_h10_drop0.10/collapse_monitoring/collapse_monitor_epoch92.json
Epoch 93: val_loss=0.39937105774879456
Epoch 93: train_loss=0.4194369614124298

[CollapseMonitor] Epoch 93
  [DEBUG] Processed 21 batches from val_dataloader
  [DEBUG] Predictions shape after concat: (1282,)
  [DEBUG] All predictions list length: 21
  [DEBUG] First batch shape: (64,)
  Pred std: 0.031896, range: 0.171162, mean: 0.059634
  Pos: 100.0%, Neg: 0.0%, Unique: 1256
  Saved validation predictions to: experiments/02b_vintage_sweep/baseline_h10_drop0.10/collapse_monitoring/val_predictions_epoch93.npy
  Gradient norms:
    lstm_encoder: 0.025601
    lstm_decoder: 0.010573
    multihead_attn: 0.002269
    output_layer: 0.088015
  VSN output std:
    encoder: 0.217212
  Attention entropy: 2.944873
  Saved to: experiments/02b_vintage_sweep/baseline_h10_drop0.10/collapse_monitoring/collapse_monitor_epoch93.json
Epoch 94: val_loss=0.3996952474117279
Epoch 94: train_loss=0.4198088049888611

[CollapseMonitor] Epoch 94
  [DEBUG] Processed 21 batches from val_dataloader
  [DEBUG] Predictions shape after concat: (1282,)
  [DEBUG] All predictions list length: 21
  [DEBUG] First batch shape: (64,)
  Pred std: 0.031078, range: 0.170310, mean: 0.061954
  Pos: 100.0%, Neg: 0.0%, Unique: 1254
  Saved validation predictions to: experiments/02b_vintage_sweep/baseline_h10_drop0.10/collapse_monitoring/val_predictions_epoch94.npy
  Gradient norms:
    lstm_encoder: 0.023631
    lstm_decoder: 0.010442
    multihead_attn: 0.001898
    output_layer: 0.082768
  VSN output std:
    encoder: 0.216675
  Attention entropy: 2.946270
  Saved to: experiments/02b_vintage_sweep/baseline_h10_drop0.10/collapse_monitoring/collapse_monitor_epoch94.json
Epoch 95: val_loss=0.400061696767807
Epoch 95: train_loss=0.4195668697357178

[CollapseMonitor] Epoch 95
  [DEBUG] Processed 21 batches from val_dataloader
  [DEBUG] Predictions shape after concat: (1282,)
  [DEBUG] All predictions list length: 21
  [DEBUG] First batch shape: (64,)
  Pred std: 0.030852, range: 0.170203, mean: 0.056676
  Pos: 100.0%, Neg: 0.0%, Unique: 1251
  Saved validation predictions to: experiments/02b_vintage_sweep/baseline_h10_drop0.10/collapse_monitoring/val_predictions_epoch95.npy
  Gradient norms:
    lstm_encoder: 0.024606
    lstm_decoder: 0.010905
    multihead_attn: 0.002080
    output_layer: 0.083344
  VSN output std:
    encoder: 0.215676
  Attention entropy: 2.948427
  Saved to: experiments/02b_vintage_sweep/baseline_h10_drop0.10/collapse_monitoring/collapse_monitor_epoch95.json
Epoch 96: val_loss=0.3994304835796356
Epoch 96: train_loss=0.41917362809181213

[CollapseMonitor] Epoch 96
  [DEBUG] Processed 21 batches from val_dataloader
  [DEBUG] Predictions shape after concat: (1282,)
  [DEBUG] All predictions list length: 21
  [DEBUG] First batch shape: (64,)
  Pred std: 0.032333, range: 0.169780, mean: 0.057839
  Pos: 100.0%, Neg: 0.0%, Unique: 1248
  Saved validation predictions to: experiments/02b_vintage_sweep/baseline_h10_drop0.10/collapse_monitoring/val_predictions_epoch96.npy
  Gradient norms:
    lstm_encoder: 0.029366
    lstm_decoder: 0.010713
    multihead_attn: 0.002137
    output_layer: 0.074707
  VSN output std:
    encoder: 0.215410
  Attention entropy: 2.945422
  Saved to: experiments/02b_vintage_sweep/baseline_h10_drop0.10/collapse_monitoring/collapse_monitor_epoch96.json
Epoch 97: val_loss=0.3995674252510071
Epoch 97: train_loss=0.4187868535518646

[CollapseMonitor] Epoch 97
  [DEBUG] Processed 21 batches from val_dataloader
  [DEBUG] Predictions shape after concat: (1282,)
  [DEBUG] All predictions list length: 21
  [DEBUG] First batch shape: (64,)
  Pred std: 0.032274, range: 0.172685, mean: 0.061758
  Pos: 100.0%, Neg: 0.0%, Unique: 1265
  Saved validation predictions to: experiments/02b_vintage_sweep/baseline_h10_drop0.10/collapse_monitoring/val_predictions_epoch97.npy
  Gradient norms:
    lstm_encoder: 0.026534
    lstm_decoder: 0.011228
    multihead_attn: 0.002092
    output_layer: 0.081771
  VSN output std:
    encoder: 0.215703
  Attention entropy: 2.946974
  Saved to: experiments/02b_vintage_sweep/baseline_h10_drop0.10/collapse_monitoring/collapse_monitor_epoch97.json
Epoch 98: val_loss=0.39938777685165405
Epoch 98: train_loss=0.4190819561481476

[CollapseMonitor] Epoch 98
  [DEBUG] Processed 21 batches from val_dataloader
  [DEBUG] Predictions shape after concat: (1282,)
  [DEBUG] All predictions list length: 21
  [DEBUG] First batch shape: (64,)
  Pred std: 0.032102, range: 0.170902, mean: 0.057385
  Pos: 100.0%, Neg: 0.0%, Unique: 1246
  Saved validation predictions to: experiments/02b_vintage_sweep/baseline_h10_drop0.10/collapse_monitoring/val_predictions_epoch98.npy
  Gradient norms:
    lstm_encoder: 0.024299
    lstm_decoder: 0.010724
    multihead_attn: 0.002067
    output_layer: 0.076094
  VSN output std:
    encoder: 0.215894
  Attention entropy: 2.947461
  Saved to: experiments/02b_vintage_sweep/baseline_h10_drop0.10/collapse_monitoring/collapse_monitor_epoch98.json
Epoch 99: val_loss=0.39933741092681885
Epoch 99: train_loss=0.4200790822505951

[CollapseMonitor] Epoch 99
  [DEBUG] Processed 21 batches from val_dataloader
  [DEBUG] Predictions shape after concat: (1282,)
  [DEBUG] All predictions list length: 21
  [DEBUG] First batch shape: (64,)
  Pred std: 0.032215, range: 0.170774, mean: 0.058905
  Pos: 100.0%, Neg: 0.0%, Unique: 1253
  Saved validation predictions to: experiments/02b_vintage_sweep/baseline_h10_drop0.10/collapse_monitoring/val_predictions_epoch99.npy
  Gradient norms:
    lstm_encoder: 0.028053
    lstm_decoder: 0.010543
    multihead_attn: 0.002235
    output_layer: 0.082141
  VSN output std:
    encoder: 0.216100
  Attention entropy: 2.947257
  Saved to: experiments/02b_vintage_sweep/baseline_h10_drop0.10/collapse_monitoring/collapse_monitor_epoch99.json


======================================================================
Training complete
======================================================================

Best model checkpoint: experiments/02b_vintage_sweep/baseline_h10_drop0.10/checkpoints/tft-epoch=99-val_loss=0.3993.ckpt
Best validation loss: 0.399337
Completed at: 2025-11-22 15:21:58
Log saved to: experiments/02b_vintage_sweep/baseline_h10_drop0.10/training_20251122_143921.log
======================================================================
