
[INFO] Using AUTO device selection.

[INFO] Patched matplotlib.Axes.errorbar to abs() negative yerr for robustness.
======================================================================
Training TFT: 02_vintage_baseline/staleness_vintage_h14_drop0.15_lr5
======================================================================
Logging to: experiments/02_vintage_baseline/staleness_vintage_h14_drop0.15_lr5/training_20251101_233247.log
Started at: 2025-11-01 23:32:47
======================================================================
Configuration saved to: experiments/02_vintage_baseline/staleness_vintage_h14_drop0.15_lr5/config.json

Loading data splits...
Train: 6074 samples
Val: 1302 samples
Test: 1302 samples

Preparing TimeSeriesDataSet...

Adding staleness features to data...

======================================================================
Adding Staleness Features
======================================================================
Mode: Vintage (ALFRED)

Processing: Inflation_YoY (detecting from CPI)
  Updates detected: 285
  Avg days stale: 11.3
  Max days stale: 64

======================================================================
Total staleness features added: 2
======================================================================


======================================================================
Adding Staleness Features
======================================================================
Mode: Vintage (ALFRED)

Processing: Inflation_YoY (detecting from CPI)
  Updates detected: 66
  Avg days stale: 9.8
  Max days stale: 22

======================================================================
Total staleness features added: 2
======================================================================


Dropping source columns (used for staleness only): ['CPI']

Final features for TFT: ['SP500_Returns', 'VIX', 'Treasury_10Y', 'Yield_Spread', 'Inflation_YoY', 'days_since_CPI_update', 'CPI_is_fresh']

======================================================================
FEATURE STATISTICS - BEFORE NORMALIZATION
======================================================================
VIX                             mean= 19.7438  std=  8.0295  min=  9.3100  max= 80.8600
Treasury_10Y                    mean=  4.7672  std=  1.6903  min=  1.4300  max=  8.3600
Yield_Spread                    mean=  1.2778  std=  0.9179  min= -0.5200  max=  2.9100
Inflation_YoY                   mean=  2.5322  std=  1.1865  min= -2.1498  max=  6.7300
days_since_CPI_update           mean= 11.2825  std=  8.3332  min=  0.0000  max= 64.0000
CPI_is_fresh                    mean=  0.0469  std=  0.2115  min=  0.0000  max=  1.0000

======================================================================
NORMALIZING STALENESS FEATURES (log transform)
======================================================================
Max staleness observed: train=64, val=22
Using normalization max: 69 days


STALENESS FEATURES - AFTER MANUAL NORMALIZATION
days_since_CPI_update           mean=  0.5239  std=  0.1997  min=  0.0000  max=  0.9826

======================================================================
FEATURES AFTER GROUPNORMALIZER (first batch, last timestep)
======================================================================
VIX                             normalized_value=  1.0000
Treasury_10Y                    normalized_value= -0.0500
Yield_Spread                    normalized_value=  0.0817
Inflation_YoY                   normalized_value=  0.8774
days_since_CPI_update           normalized_value= -1.0109
CPI_is_fresh                    normalized_value= -0.3055
======================================================================

Batches per epoch: 94
[DEBUG] Validation batches: 21
[DEBUG] Validation dataset size: 1282
[DEBUG] Batch size: 64

Initializing model...

>>> Using standard QuantileLoss (no distribution penalties)
Model parameters: 20,626

Starting training...
Checkpoints will be saved to: experiments/02_vintage_baseline/staleness_vintage_h14_drop0.15_lr5/checkpoints/
Logs will be saved to: experiments/02_vintage_baseline/staleness_vintage_h14_drop0.15_lr5/logs/

Epoch 0: val_loss=N/A
Epoch 0: val_loss=0.7112169861793518
Epoch 0: train_loss=0.8532474637031555

[CollapseMonitor] Epoch 0
  [DEBUG] Processed 21 batches from val_dataloader
  [DEBUG] Predictions shape after concat: (1282,)
  [DEBUG] All predictions list length: 21
  [DEBUG] First batch shape: (64,)
  Pred std: 0.015123, range: 0.068134, mean: 1.033274
  Pos: 100.0%, Neg: 0.0%, Unique: 1264
  Saved validation predictions to: experiments/02_vintage_baseline/staleness_vintage_h14_drop0.15_lr5/collapse_monitoring/val_predictions_epoch0.npy
  Gradient norms:
    lstm_encoder: 0.016609
    lstm_decoder: 0.015344
    multihead_attn: 0.009505
    output_layer: 0.770583
  VSN output std:
    encoder: 0.138451
  Attention entropy: 2.974790
  Saved to: experiments/02_vintage_baseline/staleness_vintage_h14_drop0.15_lr5/collapse_monitoring/collapse_monitor_epoch0.json
Epoch 1: val_loss=0.6017470955848694
Epoch 1: train_loss=0.7208911180496216

[CollapseMonitor] Epoch 1
  [DEBUG] Processed 21 batches from val_dataloader
  [DEBUG] Predictions shape after concat: (1282,)
  [DEBUG] All predictions list length: 21
  [DEBUG] First batch shape: (64,)
  Pred std: 0.013368, range: 0.074043, mean: 0.895246
  Pos: 100.0%, Neg: 0.0%, Unique: 1265
  Saved validation predictions to: experiments/02_vintage_baseline/staleness_vintage_h14_drop0.15_lr5/collapse_monitoring/val_predictions_epoch1.npy
  Gradient norms:
    lstm_encoder: 0.011318
    lstm_decoder: 0.013408
    multihead_attn: 0.005820
    output_layer: 0.622568
  VSN output std:
    encoder: 0.139596
  Attention entropy: 2.975920
  Saved to: experiments/02_vintage_baseline/staleness_vintage_h14_drop0.15_lr5/collapse_monitoring/collapse_monitor_epoch1.json
Epoch 2: val_loss=0.5177478790283203
Epoch 2: train_loss=0.5986459255218506

[CollapseMonitor] Epoch 2
  [DEBUG] Processed 21 batches from val_dataloader
  [DEBUG] Predictions shape after concat: (1282,)
  [DEBUG] All predictions list length: 21
  [DEBUG] First batch shape: (64,)
  Pred std: 0.010807, range: 0.072822, mean: 0.549439
  Pos: 100.0%, Neg: 0.0%, Unique: 1252
  Saved validation predictions to: experiments/02_vintage_baseline/staleness_vintage_h14_drop0.15_lr5/collapse_monitoring/val_predictions_epoch2.npy
  Gradient norms:
    lstm_encoder: 0.008317
    lstm_decoder: 0.009901
    multihead_attn: 0.003946
    output_layer: 0.433187
  VSN output std:
    encoder: 0.142317
  Attention entropy: 2.981633
  Saved to: experiments/02_vintage_baseline/staleness_vintage_h14_drop0.15_lr5/collapse_monitoring/collapse_monitor_epoch2.json
Epoch 3: val_loss=0.47359734773635864
Epoch 3: train_loss=0.5182182788848877

[CollapseMonitor] Epoch 3
  [DEBUG] Processed 21 batches from val_dataloader
  [DEBUG] Predictions shape after concat: (1282,)
  [DEBUG] All predictions list length: 21
  [DEBUG] First batch shape: (64,)
  Pred std: 0.010862, range: 0.077510, mean: 0.266963
  Pos: 100.0%, Neg: 0.0%, Unique: 1258
  Saved validation predictions to: experiments/02_vintage_baseline/staleness_vintage_h14_drop0.15_lr5/collapse_monitoring/val_predictions_epoch3.npy
  Gradient norms:
    lstm_encoder: 0.005541
    lstm_decoder: 0.006285
    multihead_attn: 0.002684
    output_layer: 0.256675
  VSN output std:
    encoder: 0.147088
  Attention entropy: 2.986852
  Saved to: experiments/02_vintage_baseline/staleness_vintage_h14_drop0.15_lr5/collapse_monitoring/collapse_monitor_epoch3.json
Epoch 4: val_loss=0.45834121108055115
Epoch 4: train_loss=0.48180314898490906

[CollapseMonitor] Epoch 4
  [DEBUG] Processed 21 batches from val_dataloader
  [DEBUG] Predictions shape after concat: (1282,)
  [DEBUG] All predictions list length: 21
  [DEBUG] First batch shape: (64,)
  Pred std: 0.013188, range: 0.090888, mean: 0.121879
  Pos: 100.0%, Neg: 0.0%, Unique: 1234
  Saved validation predictions to: experiments/02_vintage_baseline/staleness_vintage_h14_drop0.15_lr5/collapse_monitoring/val_predictions_epoch4.npy
  Gradient norms:
    lstm_encoder: 0.004004
    lstm_decoder: 0.003773
    multihead_attn: 0.001852
    output_layer: 0.155592
  VSN output std:
    encoder: 0.150897
  Attention entropy: 2.988851
  Saved to: experiments/02_vintage_baseline/staleness_vintage_h14_drop0.15_lr5/collapse_monitoring/collapse_monitor_epoch4.json
Epoch 5: val_loss=0.45067963004112244
Epoch 5: train_loss=0.4678204357624054

[CollapseMonitor] Epoch 5
  [DEBUG] Processed 21 batches from val_dataloader
  [DEBUG] Predictions shape after concat: (1282,)
  [DEBUG] All predictions list length: 21
  [DEBUG] First batch shape: (64,)
  Pred std: 0.019400, range: 0.120943, mean: 0.125617
  Pos: 100.0%, Neg: 0.0%, Unique: 1236
  Saved validation predictions to: experiments/02_vintage_baseline/staleness_vintage_h14_drop0.15_lr5/collapse_monitoring/val_predictions_epoch5.npy
  Gradient norms:
    lstm_encoder: 0.003664
    lstm_decoder: 0.002945
    multihead_attn: 0.001626
    output_layer: 0.116447
  VSN output std:
    encoder: 0.143625
  Attention entropy: 2.988808
  Saved to: experiments/02_vintage_baseline/staleness_vintage_h14_drop0.15_lr5/collapse_monitoring/collapse_monitor_epoch5.json
Epoch 6: val_loss=0.44564980268478394
Epoch 6: train_loss=0.4588552415370941

[CollapseMonitor] Epoch 6
  [DEBUG] Processed 21 batches from val_dataloader
  [DEBUG] Predictions shape after concat: (1282,)
  [DEBUG] All predictions list length: 21
  [DEBUG] First batch shape: (64,)
  Pred std: 0.034367, range: 0.190382, mean: 0.117068
  Pos: 100.0%, Neg: 0.0%, Unique: 1250
  Saved validation predictions to: experiments/02_vintage_baseline/staleness_vintage_h14_drop0.15_lr5/collapse_monitoring/val_predictions_epoch6.npy
  Gradient norms:
    lstm_encoder: 0.003596
    lstm_decoder: 0.002781
    multihead_attn: 0.001971
    output_layer: 0.102570
  VSN output std:
    encoder: 0.129395
  Attention entropy: 2.989061
  Saved to: experiments/02_vintage_baseline/staleness_vintage_h14_drop0.15_lr5/collapse_monitoring/collapse_monitor_epoch6.json
Epoch 7: val_loss=0.4399976432323456
Epoch 7: train_loss=0.4521099925041199

[CollapseMonitor] Epoch 7
  [DEBUG] Processed 21 batches from val_dataloader
  [DEBUG] Predictions shape after concat: (1282,)
  [DEBUG] All predictions list length: 21
  [DEBUG] First batch shape: (64,)
  Pred std: 0.055218, range: 0.262986, mean: 0.101121
  Pos: 100.0%, Neg: 0.0%, Unique: 1270
  Saved validation predictions to: experiments/02_vintage_baseline/staleness_vintage_h14_drop0.15_lr5/collapse_monitoring/val_predictions_epoch7.npy
  Gradient norms:
    lstm_encoder: 0.003777
    lstm_decoder: 0.002660
    multihead_attn: 0.002397
    output_layer: 0.093166
  VSN output std:
    encoder: 0.128584
  Attention entropy: 2.989178
  Saved to: experiments/02_vintage_baseline/staleness_vintage_h14_drop0.15_lr5/collapse_monitoring/collapse_monitor_epoch7.json
Epoch 8: val_loss=0.4353786110877991
Epoch 8: train_loss=0.44888612627983093

[CollapseMonitor] Epoch 8
  [DEBUG] Processed 21 batches from val_dataloader
  [DEBUG] Predictions shape after concat: (1282,)
  [DEBUG] All predictions list length: 21
  [DEBUG] First batch shape: (64,)
  Pred std: 0.056214, range: 0.262511, mean: 0.084890
  Pos: 100.0%, Neg: 0.0%, Unique: 1259
  Saved validation predictions to: experiments/02_vintage_baseline/staleness_vintage_h14_drop0.15_lr5/collapse_monitoring/val_predictions_epoch8.npy
  Gradient norms:
    lstm_encoder: 0.004558
    lstm_decoder: 0.003233
    multihead_attn: 0.002739
    output_layer: 0.102169
  VSN output std:
    encoder: 0.131709
  Attention entropy: 2.989024
  Saved to: experiments/02_vintage_baseline/staleness_vintage_h14_drop0.15_lr5/collapse_monitoring/collapse_monitor_epoch8.json
Epoch 9: val_loss=0.4319341778755188
Epoch 9: train_loss=0.4455196261405945

[CollapseMonitor] Epoch 9
  [DEBUG] Processed 21 batches from val_dataloader
  [DEBUG] Predictions shape after concat: (1282,)
  [DEBUG] All predictions list length: 21
  [DEBUG] First batch shape: (64,)
  Pred std: 0.065428, range: 0.298236, mean: 0.090672
  Pos: 100.0%, Neg: 0.0%, Unique: 1262
  Saved validation predictions to: experiments/02_vintage_baseline/staleness_vintage_h14_drop0.15_lr5/collapse_monitoring/val_predictions_epoch9.npy
  Gradient norms:
    lstm_encoder: 0.004752
    lstm_decoder: 0.003273
    multihead_attn: 0.002994
    output_layer: 0.095002
  VSN output std:
    encoder: 0.132584
  Attention entropy: 2.990032
  Saved to: experiments/02_vintage_baseline/staleness_vintage_h14_drop0.15_lr5/collapse_monitoring/collapse_monitor_epoch9.json
Epoch 10: val_loss=0.4307725727558136
Epoch 10: train_loss=0.44389429688453674

[CollapseMonitor] Epoch 10
  [DEBUG] Processed 21 batches from val_dataloader
  [DEBUG] Predictions shape after concat: (1282,)
  [DEBUG] All predictions list length: 21
  [DEBUG] First batch shape: (64,)
  Pred std: 0.051715, range: 0.255503, mean: 0.058403
  Pos: 100.0%, Neg: 0.0%, Unique: 1264
  Saved validation predictions to: experiments/02_vintage_baseline/staleness_vintage_h14_drop0.15_lr5/collapse_monitoring/val_predictions_epoch10.npy
  Gradient norms:
    lstm_encoder: 0.004699
    lstm_decoder: 0.003401
    multihead_attn: 0.002882
    output_layer: 0.095342
  VSN output std:
    encoder: 0.134308
  Attention entropy: 2.990293
  Saved to: experiments/02_vintage_baseline/staleness_vintage_h14_drop0.15_lr5/collapse_monitoring/collapse_monitor_epoch10.json
Epoch 11: val_loss=0.4278194010257721
Epoch 11: train_loss=0.4414442777633667

[CollapseMonitor] Epoch 11
  [DEBUG] Processed 21 batches from val_dataloader
  [DEBUG] Predictions shape after concat: (1282,)
  [DEBUG] All predictions list length: 21
  [DEBUG] First batch shape: (64,)
  Pred std: 0.056455, range: 0.274074, mean: 0.056691
  Pos: 100.0%, Neg: 0.0%, Unique: 1264
  Saved validation predictions to: experiments/02_vintage_baseline/staleness_vintage_h14_drop0.15_lr5/collapse_monitoring/val_predictions_epoch11.npy
  Gradient norms:
    lstm_encoder: 0.004869
    lstm_decoder: 0.003375
    multihead_attn: 0.002959
    output_layer: 0.094654
  VSN output std:
    encoder: 0.129461
  Attention entropy: 2.991025
  Saved to: experiments/02_vintage_baseline/staleness_vintage_h14_drop0.15_lr5/collapse_monitoring/collapse_monitor_epoch11.json
Epoch 12: val_loss=0.42687249183654785
Epoch 12: train_loss=0.4400814473628998

[CollapseMonitor] Epoch 12
  [DEBUG] Processed 21 batches from val_dataloader
  [DEBUG] Predictions shape after concat: (1282,)
  [DEBUG] All predictions list length: 21
  [DEBUG] First batch shape: (64,)
  Pred std: 0.056081, range: 0.278991, mean: 0.060924
  Pos: 100.0%, Neg: 0.0%, Unique: 1267
  Saved validation predictions to: experiments/02_vintage_baseline/staleness_vintage_h14_drop0.15_lr5/collapse_monitoring/val_predictions_epoch12.npy
  Gradient norms:
    lstm_encoder: 0.005317
    lstm_decoder: 0.003529
    multihead_attn: 0.002822
    output_layer: 0.087975
  VSN output std:
    encoder: 0.130499
  Attention entropy: 2.989997
  Saved to: experiments/02_vintage_baseline/staleness_vintage_h14_drop0.15_lr5/collapse_monitoring/collapse_monitor_epoch12.json
Epoch 13: val_loss=0.4247179329395294
Epoch 13: train_loss=0.43729516863822937

[CollapseMonitor] Epoch 13
  [DEBUG] Processed 21 batches from val_dataloader
  [DEBUG] Predictions shape after concat: (1282,)
  [DEBUG] All predictions list length: 21
  [DEBUG] First batch shape: (64,)
  Pred std: 0.047950, range: 0.251483, mean: 0.086013
  Pos: 100.0%, Neg: 0.0%, Unique: 1265
  Saved validation predictions to: experiments/02_vintage_baseline/staleness_vintage_h14_drop0.15_lr5/collapse_monitoring/val_predictions_epoch13.npy
  Gradient norms:
    lstm_encoder: 0.005905
    lstm_decoder: 0.003933
    multihead_attn: 0.002819
    output_layer: 0.098380
  VSN output std:
    encoder: 0.129910
  Attention entropy: 2.988723
  Saved to: experiments/02_vintage_baseline/staleness_vintage_h14_drop0.15_lr5/collapse_monitoring/collapse_monitor_epoch13.json
Epoch 14: val_loss=0.42344778776168823
Epoch 14: train_loss=0.43723204731941223

[CollapseMonitor] Epoch 14
  [DEBUG] Processed 21 batches from val_dataloader
  [DEBUG] Predictions shape after concat: (1282,)
  [DEBUG] All predictions list length: 21
  [DEBUG] First batch shape: (64,)
  Pred std: 0.057728, range: 0.292428, mean: 0.029128
  Pos: 79.7%, Neg: 20.3%, Unique: 1276
  Saved validation predictions to: experiments/02_vintage_baseline/staleness_vintage_h14_drop0.15_lr5/collapse_monitoring/val_predictions_epoch14.npy
  Gradient norms:
    lstm_encoder: 0.005961
    lstm_decoder: 0.003826
    multihead_attn: 0.002870
    output_layer: 0.092382
  VSN output std:
    encoder: 0.131573
  Attention entropy: 2.988264
  Saved to: experiments/02_vintage_baseline/staleness_vintage_h14_drop0.15_lr5/collapse_monitoring/collapse_monitor_epoch14.json
Epoch 15: val_loss=0.4224735498428345
Epoch 15: train_loss=0.43410277366638184

[CollapseMonitor] Epoch 15
  [DEBUG] Processed 21 batches from val_dataloader
  [DEBUG] Predictions shape after concat: (1282,)
  [DEBUG] All predictions list length: 21
  [DEBUG] First batch shape: (64,)
  Pred std: 0.050742, range: 0.274956, mean: 0.082763
  Pos: 100.0%, Neg: 0.0%, Unique: 1266
  Saved validation predictions to: experiments/02_vintage_baseline/staleness_vintage_h14_drop0.15_lr5/collapse_monitoring/val_predictions_epoch15.npy
  Gradient norms:
    lstm_encoder: 0.006159
    lstm_decoder: 0.003916
    multihead_attn: 0.002767
    output_layer: 0.095626
  VSN output std:
    encoder: 0.129711
  Attention entropy: 2.986380
  Saved to: experiments/02_vintage_baseline/staleness_vintage_h14_drop0.15_lr5/collapse_monitoring/collapse_monitor_epoch15.json
Epoch 16: val_loss=0.4213464856147766
Epoch 16: train_loss=0.43460047245025635

[CollapseMonitor] Epoch 16
  [DEBUG] Processed 21 batches from val_dataloader
  [DEBUG] Predictions shape after concat: (1282,)
  [DEBUG] All predictions list length: 21
  [DEBUG] First batch shape: (64,)
  Pred std: 0.057953, range: 0.299855, mean: 0.081335
  Pos: 100.0%, Neg: 0.0%, Unique: 1272
  Saved validation predictions to: experiments/02_vintage_baseline/staleness_vintage_h14_drop0.15_lr5/collapse_monitoring/val_predictions_epoch16.npy
  Gradient norms:
    lstm_encoder: 0.006932
    lstm_decoder: 0.004352
    multihead_attn: 0.002884
    output_layer: 0.092656
  VSN output std:
    encoder: 0.126797
  Attention entropy: 2.987557
  Saved to: experiments/02_vintage_baseline/staleness_vintage_h14_drop0.15_lr5/collapse_monitoring/collapse_monitor_epoch16.json
Epoch 17: val_loss=0.4199967086315155
Epoch 17: train_loss=0.43181824684143066

[CollapseMonitor] Epoch 17
  [DEBUG] Processed 21 batches from val_dataloader
  [DEBUG] Predictions shape after concat: (1282,)
  [DEBUG] All predictions list length: 21
  [DEBUG] First batch shape: (64,)
  Pred std: 0.049188, range: 0.269074, mean: 0.049788
  Pos: 92.8%, Neg: 7.2%, Unique: 1268
  Saved validation predictions to: experiments/02_vintage_baseline/staleness_vintage_h14_drop0.15_lr5/collapse_monitoring/val_predictions_epoch17.npy
  Gradient norms:
    lstm_encoder: 0.007119
    lstm_decoder: 0.004489
    multihead_attn: 0.002841
    output_layer: 0.092589
  VSN output std:
    encoder: 0.122502
  Attention entropy: 2.983810
  Saved to: experiments/02_vintage_baseline/staleness_vintage_h14_drop0.15_lr5/collapse_monitoring/collapse_monitor_epoch17.json
Epoch 18: val_loss=0.41958531737327576
Epoch 18: train_loss=0.4323813319206238

[CollapseMonitor] Epoch 18
  [DEBUG] Processed 21 batches from val_dataloader
  [DEBUG] Predictions shape after concat: (1282,)
  [DEBUG] All predictions list length: 21
  [DEBUG] First batch shape: (64,)
  Pred std: 0.051719, range: 0.284785, mean: 0.058136
  Pos: 94.8%, Neg: 5.2%, Unique: 1270
  Saved validation predictions to: experiments/02_vintage_baseline/staleness_vintage_h14_drop0.15_lr5/collapse_monitoring/val_predictions_epoch18.npy
  Gradient norms:
    lstm_encoder: 0.007807
    lstm_decoder: 0.004674
    multihead_attn: 0.002779
    output_layer: 0.097832
  VSN output std:
    encoder: 0.120503
  Attention entropy: 2.979820
  Saved to: experiments/02_vintage_baseline/staleness_vintage_h14_drop0.15_lr5/collapse_monitoring/collapse_monitor_epoch18.json
Epoch 19: val_loss=0.4173677861690521
Epoch 19: train_loss=0.43006426095962524

[CollapseMonitor] Epoch 19
  [DEBUG] Processed 21 batches from val_dataloader
  [DEBUG] Predictions shape after concat: (1282,)
  [DEBUG] All predictions list length: 21
  [DEBUG] First batch shape: (64,)
  Pred std: 0.048632, range: 0.273858, mean: 0.059852
  Pos: 94.9%, Neg: 5.1%, Unique: 1269
  Saved validation predictions to: experiments/02_vintage_baseline/staleness_vintage_h14_drop0.15_lr5/collapse_monitoring/val_predictions_epoch19.npy
  Gradient norms:
    lstm_encoder: 0.008072
    lstm_decoder: 0.004895
    multihead_attn: 0.002856
    output_layer: 0.098500
  VSN output std:
    encoder: 0.118971
  Attention entropy: 2.974111
  Saved to: experiments/02_vintage_baseline/staleness_vintage_h14_drop0.15_lr5/collapse_monitoring/collapse_monitor_epoch19.json
Epoch 20: val_loss=0.4168148934841156
Epoch 20: train_loss=0.43038704991340637

[CollapseMonitor] Epoch 20
  [DEBUG] Processed 21 batches from val_dataloader
  [DEBUG] Predictions shape after concat: (1282,)
  [DEBUG] All predictions list length: 21
  [DEBUG] First batch shape: (64,)
  Pred std: 0.055819, range: 0.298585, mean: 0.064593
  Pos: 99.0%, Neg: 1.0%, Unique: 1275
  Saved validation predictions to: experiments/02_vintage_baseline/staleness_vintage_h14_drop0.15_lr5/collapse_monitoring/val_predictions_epoch20.npy
  Gradient norms:
    lstm_encoder: 0.007523
    lstm_decoder: 0.004514
    multihead_attn: 0.002909
    output_layer: 0.090322
  VSN output std:
    encoder: 0.117543
  Attention entropy: 2.967694
  Saved to: experiments/02_vintage_baseline/staleness_vintage_h14_drop0.15_lr5/collapse_monitoring/collapse_monitor_epoch20.json
Epoch 21: val_loss=0.4162842035293579
Epoch 21: train_loss=0.43053558468818665

[CollapseMonitor] Epoch 21
  [DEBUG] Processed 21 batches from val_dataloader
  [DEBUG] Predictions shape after concat: (1282,)
  [DEBUG] All predictions list length: 21
  [DEBUG] First batch shape: (64,)
  Pred std: 0.052002, range: 0.291110, mean: 0.076097
  Pos: 99.0%, Neg: 1.0%, Unique: 1276
  Saved validation predictions to: experiments/02_vintage_baseline/staleness_vintage_h14_drop0.15_lr5/collapse_monitoring/val_predictions_epoch21.npy
  Gradient norms:
    lstm_encoder: 0.008723
    lstm_decoder: 0.005389
    multihead_attn: 0.002720
    output_layer: 0.097156
  VSN output std:
    encoder: 0.116195
  Attention entropy: 2.967113
  Saved to: experiments/02_vintage_baseline/staleness_vintage_h14_drop0.15_lr5/collapse_monitoring/collapse_monitor_epoch21.json
Epoch 22: val_loss=0.4147254526615143
Epoch 22: train_loss=0.4290912449359894

[CollapseMonitor] Epoch 22
  [DEBUG] Processed 21 batches from val_dataloader
  [DEBUG] Predictions shape after concat: (1282,)
  [DEBUG] All predictions list length: 21
  [DEBUG] First batch shape: (64,)
  Pred std: 0.053893, range: 0.317683, mean: 0.082318
  Pos: 98.6%, Neg: 1.4%, Unique: 1271
  Saved validation predictions to: experiments/02_vintage_baseline/staleness_vintage_h14_drop0.15_lr5/collapse_monitoring/val_predictions_epoch22.npy
  Gradient norms:
    lstm_encoder: 0.009671
    lstm_decoder: 0.005844
    multihead_attn: 0.002842
    output_layer: 0.099164
  VSN output std:
    encoder: 0.115962
  Attention entropy: 2.966229
  Saved to: experiments/02_vintage_baseline/staleness_vintage_h14_drop0.15_lr5/collapse_monitoring/collapse_monitor_epoch22.json
Epoch 23: val_loss=0.414393812417984
Epoch 23: train_loss=0.42846107482910156

[CollapseMonitor] Epoch 23
  [DEBUG] Processed 21 batches from val_dataloader
  [DEBUG] Predictions shape after concat: (1282,)
  [DEBUG] All predictions list length: 21
  [DEBUG] First batch shape: (64,)
  Pred std: 0.045281, range: 0.271181, mean: 0.113550
  Pos: 100.0%, Neg: 0.0%, Unique: 1270
  Saved validation predictions to: experiments/02_vintage_baseline/staleness_vintage_h14_drop0.15_lr5/collapse_monitoring/val_predictions_epoch23.npy
  Gradient norms:
    lstm_encoder: 0.009600
    lstm_decoder: 0.005567
    multihead_attn: 0.002567
    output_layer: 0.093138
  VSN output std:
    encoder: 0.112739
  Attention entropy: 2.955536
  Saved to: experiments/02_vintage_baseline/staleness_vintage_h14_drop0.15_lr5/collapse_monitoring/collapse_monitor_epoch23.json
Epoch 24: val_loss=0.4140605926513672
Epoch 24: train_loss=0.4274434745311737

[CollapseMonitor] Epoch 24
  [DEBUG] Processed 21 batches from val_dataloader
  [DEBUG] Predictions shape after concat: (1282,)
  [DEBUG] All predictions list length: 21
  [DEBUG] First batch shape: (64,)
  Pred std: 0.053049, range: 0.307426, mean: 0.101889
  Pos: 100.0%, Neg: 0.0%, Unique: 1271
  Saved validation predictions to: experiments/02_vintage_baseline/staleness_vintage_h14_drop0.15_lr5/collapse_monitoring/val_predictions_epoch24.npy
  Gradient norms:
    lstm_encoder: 0.009955
    lstm_decoder: 0.005923
    multihead_attn: 0.002730
    output_layer: 0.090666
  VSN output std:
    encoder: 0.112143
  Attention entropy: 2.955777
  Saved to: experiments/02_vintage_baseline/staleness_vintage_h14_drop0.15_lr5/collapse_monitoring/collapse_monitor_epoch24.json
Epoch 25: val_loss=0.41256800293922424
Epoch 25: train_loss=0.4270838499069214

[CollapseMonitor] Epoch 25
  [DEBUG] Processed 21 batches from val_dataloader
  [DEBUG] Predictions shape after concat: (1282,)
  [DEBUG] All predictions list length: 21
  [DEBUG] First batch shape: (64,)
  Pred std: 0.050329, range: 0.290387, mean: 0.086349
  Pos: 98.8%, Neg: 1.2%, Unique: 1274
  Saved validation predictions to: experiments/02_vintage_baseline/staleness_vintage_h14_drop0.15_lr5/collapse_monitoring/val_predictions_epoch25.npy
  Gradient norms:
    lstm_encoder: 0.010071
    lstm_decoder: 0.006044
    multihead_attn: 0.002920
    output_layer: 0.094612
  VSN output std:
    encoder: 0.111690
  Attention entropy: 2.953411
  Saved to: experiments/02_vintage_baseline/staleness_vintage_h14_drop0.15_lr5/collapse_monitoring/collapse_monitor_epoch25.json
Epoch 26: val_loss=0.4117104709148407
Epoch 26: train_loss=0.4264618456363678

[CollapseMonitor] Epoch 26
  [DEBUG] Processed 21 batches from val_dataloader
  [DEBUG] Predictions shape after concat: (1282,)
  [DEBUG] All predictions list length: 21
  [DEBUG] First batch shape: (64,)
  Pred std: 0.049830, range: 0.295774, mean: 0.090419
  Pos: 97.4%, Neg: 2.6%, Unique: 1273
  Saved validation predictions to: experiments/02_vintage_baseline/staleness_vintage_h14_drop0.15_lr5/collapse_monitoring/val_predictions_epoch26.npy
  Gradient norms:
    lstm_encoder: 0.010952
    lstm_decoder: 0.006458
    multihead_attn: 0.002599
    output_layer: 0.092620
  VSN output std:
    encoder: 0.111181
  Attention entropy: 2.949784
  Saved to: experiments/02_vintage_baseline/staleness_vintage_h14_drop0.15_lr5/collapse_monitoring/collapse_monitor_epoch26.json
Epoch 27: val_loss=0.4108562469482422
Epoch 27: train_loss=0.4261484444141388

[CollapseMonitor] Epoch 27
  [DEBUG] Processed 21 batches from val_dataloader
  [DEBUG] Predictions shape after concat: (1282,)
  [DEBUG] All predictions list length: 21
  [DEBUG] First batch shape: (64,)
  Pred std: 0.049566, range: 0.290357, mean: 0.075010
  Pos: 95.6%, Neg: 4.4%, Unique: 1273
  Saved validation predictions to: experiments/02_vintage_baseline/staleness_vintage_h14_drop0.15_lr5/collapse_monitoring/val_predictions_epoch27.npy
  Gradient norms:
    lstm_encoder: 0.010771
    lstm_decoder: 0.006346
    multihead_attn: 0.002648
    output_layer: 0.091490
  VSN output std:
    encoder: 0.109319
  Attention entropy: 2.946744
  Saved to: experiments/02_vintage_baseline/staleness_vintage_h14_drop0.15_lr5/collapse_monitoring/collapse_monitor_epoch27.json
Epoch 28: val_loss=0.4104529619216919
Epoch 28: train_loss=0.4253504276275635

[CollapseMonitor] Epoch 28
  [DEBUG] Processed 21 batches from val_dataloader
  [DEBUG] Predictions shape after concat: (1282,)
  [DEBUG] All predictions list length: 21
  [DEBUG] First batch shape: (64,)
  Pred std: 0.045662, range: 0.274366, mean: 0.101135
  Pos: 98.8%, Neg: 1.2%, Unique: 1272
  Saved validation predictions to: experiments/02_vintage_baseline/staleness_vintage_h14_drop0.15_lr5/collapse_monitoring/val_predictions_epoch28.npy
  Gradient norms:
    lstm_encoder: 0.011626
    lstm_decoder: 0.006679
    multihead_attn: 0.002762
    output_layer: 0.092681
  VSN output std:
    encoder: 0.108667
  Attention entropy: 2.946155
  Saved to: experiments/02_vintage_baseline/staleness_vintage_h14_drop0.15_lr5/collapse_monitoring/collapse_monitor_epoch28.json
Epoch 29: val_loss=0.41036224365234375
Epoch 29: train_loss=0.42549437284469604

[CollapseMonitor] Epoch 29
  [DEBUG] Processed 21 batches from val_dataloader
  [DEBUG] Predictions shape after concat: (1282,)
  [DEBUG] All predictions list length: 21
  [DEBUG] First batch shape: (64,)
  Pred std: 0.050999, range: 0.296321, mean: 0.093516
  Pos: 97.4%, Neg: 2.6%, Unique: 1271
  Saved validation predictions to: experiments/02_vintage_baseline/staleness_vintage_h14_drop0.15_lr5/collapse_monitoring/val_predictions_epoch29.npy
  Gradient norms:
    lstm_encoder: 0.011243
    lstm_decoder: 0.006606
    multihead_attn: 0.002392
    output_layer: 0.094022
  VSN output std:
    encoder: 0.107486
  Attention entropy: 2.950558
  Saved to: experiments/02_vintage_baseline/staleness_vintage_h14_drop0.15_lr5/collapse_monitoring/collapse_monitor_epoch29.json
Epoch 30: val_loss=0.408610075712204
Epoch 30: train_loss=0.42572832107543945

[CollapseMonitor] Epoch 30
  [DEBUG] Processed 21 batches from val_dataloader
  [DEBUG] Predictions shape after concat: (1282,)
  [DEBUG] All predictions list length: 21
  [DEBUG] First batch shape: (64,)
  Pred std: 0.052729, range: 0.339483, mean: 0.075441
  Pos: 94.5%, Neg: 5.5%, Unique: 1274
  Saved validation predictions to: experiments/02_vintage_baseline/staleness_vintage_h14_drop0.15_lr5/collapse_monitoring/val_predictions_epoch30.npy
  Gradient norms:
    lstm_encoder: 0.012758
    lstm_decoder: 0.007425
    multihead_attn: 0.002643
    output_layer: 0.100883
  VSN output std:
    encoder: 0.107871
  Attention entropy: 2.945747
  Saved to: experiments/02_vintage_baseline/staleness_vintage_h14_drop0.15_lr5/collapse_monitoring/collapse_monitor_epoch30.json
Epoch 31: val_loss=0.4081578552722931
Epoch 31: train_loss=0.42524924874305725

[CollapseMonitor] Epoch 31
  [DEBUG] Processed 21 batches from val_dataloader
  [DEBUG] Predictions shape after concat: (1282,)
  [DEBUG] All predictions list length: 21
  [DEBUG] First batch shape: (64,)
  Pred std: 0.053964, range: 0.344900, mean: 0.098128
  Pos: 97.5%, Neg: 2.5%, Unique: 1271
  Saved validation predictions to: experiments/02_vintage_baseline/staleness_vintage_h14_drop0.15_lr5/collapse_monitoring/val_predictions_epoch31.npy
  Gradient norms:
    lstm_encoder: 0.012215
    lstm_decoder: 0.006829
    multihead_attn: 0.002489
    output_layer: 0.081345
  VSN output std:
    encoder: 0.107726
  Attention entropy: 2.945118
  Saved to: experiments/02_vintage_baseline/staleness_vintage_h14_drop0.15_lr5/collapse_monitoring/collapse_monitor_epoch31.json
Epoch 32: val_loss=0.40724003314971924
Epoch 32: train_loss=0.4244290292263031

[CollapseMonitor] Epoch 32
  [DEBUG] Processed 21 batches from val_dataloader
  [DEBUG] Predictions shape after concat: (1282,)
  [DEBUG] All predictions list length: 21
  [DEBUG] First batch shape: (64,)
  Pred std: 0.060531, range: 0.389795, mean: 0.060818
  Pos: 90.6%, Neg: 9.4%, Unique: 1274
  Saved validation predictions to: experiments/02_vintage_baseline/staleness_vintage_h14_drop0.15_lr5/collapse_monitoring/val_predictions_epoch32.npy
  Gradient norms:
    lstm_encoder: 0.014015
    lstm_decoder: 0.007820
    multihead_attn: 0.002491
    output_layer: 0.098317
  VSN output std:
    encoder: 0.108543
  Attention entropy: 2.944213
  Saved to: experiments/02_vintage_baseline/staleness_vintage_h14_drop0.15_lr5/collapse_monitoring/collapse_monitor_epoch32.json
Epoch 33: val_loss=0.40686383843421936
Epoch 33: train_loss=0.42427536845207214

[CollapseMonitor] Epoch 33
  [DEBUG] Processed 21 batches from val_dataloader
  [DEBUG] Predictions shape after concat: (1282,)
  [DEBUG] All predictions list length: 21
  [DEBUG] First batch shape: (64,)
  Pred std: 0.057561, range: 0.364920, mean: 0.102724
  Pos: 97.7%, Neg: 2.3%, Unique: 1273
  Saved validation predictions to: experiments/02_vintage_baseline/staleness_vintage_h14_drop0.15_lr5/collapse_monitoring/val_predictions_epoch33.npy
  Gradient norms:
    lstm_encoder: 0.014213
    lstm_decoder: 0.007624
    multihead_attn: 0.002556
    output_layer: 0.094159
  VSN output std:
    encoder: 0.109259
  Attention entropy: 2.949689
  Saved to: experiments/02_vintage_baseline/staleness_vintage_h14_drop0.15_lr5/collapse_monitoring/collapse_monitor_epoch33.json
Epoch 34: val_loss=0.40722817182540894
Epoch 34: train_loss=0.42362192273139954

[CollapseMonitor] Epoch 34
  [DEBUG] Processed 21 batches from val_dataloader
  [DEBUG] Predictions shape after concat: (1282,)
  [DEBUG] All predictions list length: 21
  [DEBUG] First batch shape: (64,)
  Pred std: 0.052144, range: 0.339321, mean: 0.122055
  Pos: 99.7%, Neg: 0.3%, Unique: 1278
  Saved validation predictions to: experiments/02_vintage_baseline/staleness_vintage_h14_drop0.15_lr5/collapse_monitoring/val_predictions_epoch34.npy
  Gradient norms:
    lstm_encoder: 0.013804
    lstm_decoder: 0.007414
    multihead_attn: 0.002613
    output_layer: 0.093572
  VSN output std:
    encoder: 0.107769
  Attention entropy: 2.943161
  Saved to: experiments/02_vintage_baseline/staleness_vintage_h14_drop0.15_lr5/collapse_monitoring/collapse_monitor_epoch34.json
Epoch 35: val_loss=0.40476667881011963
Epoch 35: train_loss=0.4233202040195465

[CollapseMonitor] Epoch 35
  [DEBUG] Processed 21 batches from val_dataloader
  [DEBUG] Predictions shape after concat: (1282,)
  [DEBUG] All predictions list length: 21
  [DEBUG] First batch shape: (64,)
  Pred std: 0.058731, range: 0.374394, mean: 0.088082
  Pos: 96.6%, Neg: 3.4%, Unique: 1271
  Saved validation predictions to: experiments/02_vintage_baseline/staleness_vintage_h14_drop0.15_lr5/collapse_monitoring/val_predictions_epoch35.npy
  Gradient norms:
    lstm_encoder: 0.016136
    lstm_decoder: 0.008605
    multihead_attn: 0.002620
    output_layer: 0.092221
  VSN output std:
    encoder: 0.107361
  Attention entropy: 2.937042
  Saved to: experiments/02_vintage_baseline/staleness_vintage_h14_drop0.15_lr5/collapse_monitoring/collapse_monitor_epoch35.json
Epoch 36: val_loss=0.405301570892334
Epoch 36: train_loss=0.4234221577644348

[CollapseMonitor] Epoch 36
  [DEBUG] Processed 21 batches from val_dataloader
  [DEBUG] Predictions shape after concat: (1282,)
  [DEBUG] All predictions list length: 21
  [DEBUG] First batch shape: (64,)
  Pred std: 0.059232, range: 0.387544, mean: 0.096676
  Pos: 96.8%, Neg: 3.2%, Unique: 1272
  Saved validation predictions to: experiments/02_vintage_baseline/staleness_vintage_h14_drop0.15_lr5/collapse_monitoring/val_predictions_epoch36.npy
  Gradient norms:
    lstm_encoder: 0.016308
    lstm_decoder: 0.008581
    multihead_attn: 0.002797
    output_layer: 0.088705
  VSN output std:
    encoder: 0.106817
  Attention entropy: 2.939811
  Saved to: experiments/02_vintage_baseline/staleness_vintage_h14_drop0.15_lr5/collapse_monitoring/collapse_monitor_epoch36.json
Epoch 37: val_loss=0.40576010942459106
Epoch 37: train_loss=0.42290136218070984

[CollapseMonitor] Epoch 37
  [DEBUG] Processed 21 batches from val_dataloader
  [DEBUG] Predictions shape after concat: (1282,)
  [DEBUG] All predictions list length: 21
  [DEBUG] First batch shape: (64,)
  Pred std: 0.060637, range: 0.387464, mean: 0.097053
  Pos: 97.4%, Neg: 2.6%, Unique: 1270
  Saved validation predictions to: experiments/02_vintage_baseline/staleness_vintage_h14_drop0.15_lr5/collapse_monitoring/val_predictions_epoch37.npy
  Gradient norms:
    lstm_encoder: 0.017574
    lstm_decoder: 0.008944
    multihead_attn: 0.002802
    output_layer: 0.092233
  VSN output std:
    encoder: 0.104717
  Attention entropy: 2.940722
  Saved to: experiments/02_vintage_baseline/staleness_vintage_h14_drop0.15_lr5/collapse_monitoring/collapse_monitor_epoch37.json
Epoch 38: val_loss=0.4047560691833496
Epoch 38: train_loss=0.4227232038974762

[CollapseMonitor] Epoch 38
  [DEBUG] Processed 21 batches from val_dataloader
  [DEBUG] Predictions shape after concat: (1282,)
  [DEBUG] All predictions list length: 21
  [DEBUG] First batch shape: (64,)
  Pred std: 0.051998, range: 0.359538, mean: 0.115451
  Pos: 99.4%, Neg: 0.6%, Unique: 1278
  Saved validation predictions to: experiments/02_vintage_baseline/staleness_vintage_h14_drop0.15_lr5/collapse_monitoring/val_predictions_epoch38.npy
  Gradient norms:
    lstm_encoder: 0.017624
    lstm_decoder: 0.008685
    multihead_attn: 0.002669
    output_layer: 0.088933
  VSN output std:
    encoder: 0.105227
  Attention entropy: 2.940207
  Saved to: experiments/02_vintage_baseline/staleness_vintage_h14_drop0.15_lr5/collapse_monitoring/collapse_monitor_epoch38.json
Epoch 39: val_loss=0.404192179441452
Epoch 39: train_loss=0.4228591024875641

[CollapseMonitor] Epoch 39
  [DEBUG] Processed 21 batches from val_dataloader
  [DEBUG] Predictions shape after concat: (1282,)
  [DEBUG] All predictions list length: 21
  [DEBUG] First batch shape: (64,)
  Pred std: 0.059011, range: 0.418342, mean: 0.090644
  Pos: 96.4%, Neg: 3.6%, Unique: 1277
  Saved validation predictions to: experiments/02_vintage_baseline/staleness_vintage_h14_drop0.15_lr5/collapse_monitoring/val_predictions_epoch39.npy
  Gradient norms:
    lstm_encoder: 0.019114
    lstm_decoder: 0.008797
    multihead_attn: 0.002605
    output_layer: 0.091474
  VSN output std:
    encoder: 0.104329
  Attention entropy: 2.939811
  Saved to: experiments/02_vintage_baseline/staleness_vintage_h14_drop0.15_lr5/collapse_monitoring/collapse_monitor_epoch39.json
Epoch 40: val_loss=0.403146356344223
Epoch 40: train_loss=0.42163610458374023

[CollapseMonitor] Epoch 40
  [DEBUG] Processed 21 batches from val_dataloader
  [DEBUG] Predictions shape after concat: (1282,)
  [DEBUG] All predictions list length: 21
  [DEBUG] First batch shape: (64,)
  Pred std: 0.058927, range: 0.406917, mean: 0.118331
  Pos: 99.1%, Neg: 0.9%, Unique: 1267
  Saved validation predictions to: experiments/02_vintage_baseline/staleness_vintage_h14_drop0.15_lr5/collapse_monitoring/val_predictions_epoch40.npy
  Gradient norms:
    lstm_encoder: 0.022940
    lstm_decoder: 0.009935
    multihead_attn: 0.002408
    output_layer: 0.092514
  VSN output std:
    encoder: 0.104507
  Attention entropy: 2.937190
  Saved to: experiments/02_vintage_baseline/staleness_vintage_h14_drop0.15_lr5/collapse_monitoring/collapse_monitor_epoch40.json
Epoch 41: val_loss=0.4019177556037903
Epoch 41: train_loss=0.4229675829410553

[CollapseMonitor] Epoch 41
  [DEBUG] Processed 21 batches from val_dataloader
  [DEBUG] Predictions shape after concat: (1282,)
  [DEBUG] All predictions list length: 21
  [DEBUG] First batch shape: (64,)
  Pred std: 0.064119, range: 0.427654, mean: 0.079619
  Pos: 96.4%, Neg: 3.6%, Unique: 1273
  Saved validation predictions to: experiments/02_vintage_baseline/staleness_vintage_h14_drop0.15_lr5/collapse_monitoring/val_predictions_epoch41.npy
  Gradient norms:
    lstm_encoder: 0.021300
    lstm_decoder: 0.009190
    multihead_attn: 0.002468
    output_layer: 0.094763
  VSN output std:
    encoder: 0.104870
  Attention entropy: 2.937294
  Saved to: experiments/02_vintage_baseline/staleness_vintage_h14_drop0.15_lr5/collapse_monitoring/collapse_monitor_epoch41.json
Epoch 42: val_loss=0.4047878682613373
Epoch 42: train_loss=0.4223344326019287

[CollapseMonitor] Epoch 42
  [DEBUG] Processed 21 batches from val_dataloader
  [DEBUG] Predictions shape after concat: (1282,)
  [DEBUG] All predictions list length: 21
  [DEBUG] First batch shape: (64,)
  Pred std: 0.050399, range: 0.379554, mean: 0.142956
  Pos: 99.6%, Neg: 0.4%, Unique: 1279
  Saved validation predictions to: experiments/02_vintage_baseline/staleness_vintage_h14_drop0.15_lr5/collapse_monitoring/val_predictions_epoch42.npy
  Gradient norms:
    lstm_encoder: 0.022407
    lstm_decoder: 0.010339
    multihead_attn: 0.002645
    output_layer: 0.095369
  VSN output std:
    encoder: 0.102967
  Attention entropy: 2.940706
  Saved to: experiments/02_vintage_baseline/staleness_vintage_h14_drop0.15_lr5/collapse_monitoring/collapse_monitor_epoch42.json
Epoch 43: val_loss=0.40230390429496765
Epoch 43: train_loss=0.42186209559440613

[CollapseMonitor] Epoch 43
  [DEBUG] Processed 21 batches from val_dataloader
  [DEBUG] Predictions shape after concat: (1282,)
  [DEBUG] All predictions list length: 21
  [DEBUG] First batch shape: (64,)
  Pred std: 0.055348, range: 0.405104, mean: 0.113373
  Pos: 99.5%, Neg: 0.5%, Unique: 1272
  Saved validation predictions to: experiments/02_vintage_baseline/staleness_vintage_h14_drop0.15_lr5/collapse_monitoring/val_predictions_epoch43.npy
  Gradient norms:
    lstm_encoder: 0.019750
    lstm_decoder: 0.008700
    multihead_attn: 0.002610
    output_layer: 0.092246
  VSN output std:
    encoder: 0.102615
  Attention entropy: 2.929804
  Saved to: experiments/02_vintage_baseline/staleness_vintage_h14_drop0.15_lr5/collapse_monitoring/collapse_monitor_epoch43.json
Epoch 44: val_loss=0.4016259014606476
Epoch 44: train_loss=0.42157498002052307

[CollapseMonitor] Epoch 44
  [DEBUG] Processed 21 batches from val_dataloader
  [DEBUG] Predictions shape after concat: (1282,)
  [DEBUG] All predictions list length: 21
  [DEBUG] First batch shape: (64,)
  Pred std: 0.066895, range: 0.448470, mean: 0.124674
  Pos: 99.8%, Neg: 0.2%, Unique: 1278
  Saved validation predictions to: experiments/02_vintage_baseline/staleness_vintage_h14_drop0.15_lr5/collapse_monitoring/val_predictions_epoch44.npy
  Gradient norms:
    lstm_encoder: 0.023210
    lstm_decoder: 0.010552
    multihead_attn: 0.002672
    output_layer: 0.099229
  VSN output std:
    encoder: 0.103471
  Attention entropy: 2.932136
  Saved to: experiments/02_vintage_baseline/staleness_vintage_h14_drop0.15_lr5/collapse_monitoring/collapse_monitor_epoch44.json
Epoch 45: val_loss=0.40347036719322205
Epoch 45: train_loss=0.42077401280403137

[CollapseMonitor] Epoch 45
  [DEBUG] Processed 21 batches from val_dataloader
  [DEBUG] Predictions shape after concat: (1282,)
  [DEBUG] All predictions list length: 21
  [DEBUG] First batch shape: (64,)
  Pred std: 0.053838, range: 0.414574, mean: 0.105710
  Pos: 99.1%, Neg: 0.9%, Unique: 1272
  Saved validation predictions to: experiments/02_vintage_baseline/staleness_vintage_h14_drop0.15_lr5/collapse_monitoring/val_predictions_epoch45.npy
  Gradient norms:
    lstm_encoder: 0.024737
    lstm_decoder: 0.010449
    multihead_attn: 0.002741
    output_layer: 0.090030
  VSN output std:
    encoder: 0.102700
  Attention entropy: 2.936119
  Saved to: experiments/02_vintage_baseline/staleness_vintage_h14_drop0.15_lr5/collapse_monitoring/collapse_monitor_epoch45.json
Epoch 46: val_loss=0.40118908882141113
Epoch 46: train_loss=0.4218791127204895

[CollapseMonitor] Epoch 46
  [DEBUG] Processed 21 batches from val_dataloader
  [DEBUG] Predictions shape after concat: (1282,)
  [DEBUG] All predictions list length: 21
  [DEBUG] First batch shape: (64,)
  Pred std: 0.059022, range: 0.429289, mean: 0.129541
  Pos: 99.8%, Neg: 0.2%, Unique: 1278
  Saved validation predictions to: experiments/02_vintage_baseline/staleness_vintage_h14_drop0.15_lr5/collapse_monitoring/val_predictions_epoch46.npy
  Gradient norms:
    lstm_encoder: 0.021608
    lstm_decoder: 0.009487
    multihead_attn: 0.002495
    output_layer: 0.094873
  VSN output std:
    encoder: 0.103088
  Attention entropy: 2.936675
  Saved to: experiments/02_vintage_baseline/staleness_vintage_h14_drop0.15_lr5/collapse_monitoring/collapse_monitor_epoch46.json
Epoch 47: val_loss=0.4019749164581299
Epoch 47: train_loss=0.4217991530895233

[CollapseMonitor] Epoch 47
  [DEBUG] Processed 21 batches from val_dataloader
  [DEBUG] Predictions shape after concat: (1282,)
  [DEBUG] All predictions list length: 21
  [DEBUG] First batch shape: (64,)
  Pred std: 0.057466, range: 0.408807, mean: 0.115617
  Pos: 99.7%, Neg: 0.3%, Unique: 1271
  Saved validation predictions to: experiments/02_vintage_baseline/staleness_vintage_h14_drop0.15_lr5/collapse_monitoring/val_predictions_epoch47.npy
  Gradient norms:
    lstm_encoder: 0.021422
    lstm_decoder: 0.009682
    multihead_attn: 0.002453
    output_layer: 0.089968
  VSN output std:
    encoder: 0.102952
  Attention entropy: 2.939046
  Saved to: experiments/02_vintage_baseline/staleness_vintage_h14_drop0.15_lr5/collapse_monitoring/collapse_monitor_epoch47.json
Epoch 48: val_loss=0.4007132649421692
Epoch 48: train_loss=0.4220348000526428

[CollapseMonitor] Epoch 48
  [DEBUG] Processed 21 batches from val_dataloader
  [DEBUG] Predictions shape after concat: (1282,)
  [DEBUG] All predictions list length: 21
  [DEBUG] First batch shape: (64,)
  Pred std: 0.055464, range: 0.403654, mean: 0.116585
  Pos: 99.7%, Neg: 0.3%, Unique: 1273
  Saved validation predictions to: experiments/02_vintage_baseline/staleness_vintage_h14_drop0.15_lr5/collapse_monitoring/val_predictions_epoch48.npy
  Gradient norms:
    lstm_encoder: 0.023372
    lstm_decoder: 0.010560
    multihead_attn: 0.002761
    output_layer: 0.093523
  VSN output std:
    encoder: 0.101180
  Attention entropy: 2.937534
  Saved to: experiments/02_vintage_baseline/staleness_vintage_h14_drop0.15_lr5/collapse_monitoring/collapse_monitor_epoch48.json
Epoch 49: val_loss=0.4014532268047333
Epoch 49: train_loss=0.4207695424556732

[CollapseMonitor] Epoch 49
  [DEBUG] Processed 21 batches from val_dataloader
  [DEBUG] Predictions shape after concat: (1282,)
  [DEBUG] All predictions list length: 21
  [DEBUG] First batch shape: (64,)
  Pred std: 0.051079, range: 0.394114, mean: 0.097715
  Pos: 99.3%, Neg: 0.7%, Unique: 1273
  Saved validation predictions to: experiments/02_vintage_baseline/staleness_vintage_h14_drop0.15_lr5/collapse_monitoring/val_predictions_epoch49.npy
  Gradient norms:
    lstm_encoder: 0.023723
    lstm_decoder: 0.010587
    multihead_attn: 0.002539
    output_layer: 0.096108
  VSN output std:
    encoder: 0.100637
  Attention entropy: 2.945054
  Saved to: experiments/02_vintage_baseline/staleness_vintage_h14_drop0.15_lr5/collapse_monitoring/collapse_monitor_epoch49.json
Epoch 50: val_loss=0.3996759057044983
Epoch 50: train_loss=0.4202329218387604

[CollapseMonitor] Epoch 50
  [DEBUG] Processed 21 batches from val_dataloader
  [DEBUG] Predictions shape after concat: (1282,)
  [DEBUG] All predictions list length: 21
  [DEBUG] First batch shape: (64,)
  Pred std: 0.056934, range: 0.414847, mean: 0.112301
  Pos: 99.5%, Neg: 0.5%, Unique: 1275
  Saved validation predictions to: experiments/02_vintage_baseline/staleness_vintage_h14_drop0.15_lr5/collapse_monitoring/val_predictions_epoch50.npy
  Gradient norms:
    lstm_encoder: 0.025754
    lstm_decoder: 0.011036
    multihead_attn: 0.002646
    output_layer: 0.092858
  VSN output std:
    encoder: 0.100092
  Attention entropy: 2.934442
  Saved to: experiments/02_vintage_baseline/staleness_vintage_h14_drop0.15_lr5/collapse_monitoring/collapse_monitor_epoch50.json
Epoch 51: val_loss=0.40054601430892944
Epoch 51: train_loss=0.4210030138492584

[CollapseMonitor] Epoch 51
  [DEBUG] Processed 21 batches from val_dataloader
  [DEBUG] Predictions shape after concat: (1282,)
  [DEBUG] All predictions list length: 21
  [DEBUG] First batch shape: (64,)
  Pred std: 0.063241, range: 0.455489, mean: 0.124210
  Pos: 99.5%, Neg: 0.5%, Unique: 1269
  Saved validation predictions to: experiments/02_vintage_baseline/staleness_vintage_h14_drop0.15_lr5/collapse_monitoring/val_predictions_epoch51.npy
  Gradient norms:
    lstm_encoder: 0.027965
    lstm_decoder: 0.011346
    multihead_attn: 0.002837
    output_layer: 0.086973
  VSN output std:
    encoder: 0.100344
  Attention entropy: 2.934242
  Saved to: experiments/02_vintage_baseline/staleness_vintage_h14_drop0.15_lr5/collapse_monitoring/collapse_monitor_epoch51.json
Epoch 52: val_loss=0.3994416296482086
Epoch 52: train_loss=0.42121559381484985

[CollapseMonitor] Epoch 52
  [DEBUG] Processed 21 batches from val_dataloader
  [DEBUG] Predictions shape after concat: (1282,)
  [DEBUG] All predictions list length: 21
  [DEBUG] First batch shape: (64,)
  Pred std: 0.059625, range: 0.443967, mean: 0.100246
  Pos: 98.9%, Neg: 1.1%, Unique: 1276
  Saved validation predictions to: experiments/02_vintage_baseline/staleness_vintage_h14_drop0.15_lr5/collapse_monitoring/val_predictions_epoch52.npy
  Gradient norms:
    lstm_encoder: 0.027253
    lstm_decoder: 0.011423
    multihead_attn: 0.002781
    output_layer: 0.094039
  VSN output std:
    encoder: 0.099805
  Attention entropy: 2.935970
  Saved to: experiments/02_vintage_baseline/staleness_vintage_h14_drop0.15_lr5/collapse_monitoring/collapse_monitor_epoch52.json
Epoch 53: val_loss=0.40092360973358154
Epoch 53: train_loss=0.4202856123447418

[CollapseMonitor] Epoch 53
  [DEBUG] Processed 21 batches from val_dataloader
  [DEBUG] Predictions shape after concat: (1282,)
  [DEBUG] All predictions list length: 21
  [DEBUG] First batch shape: (64,)
  Pred std: 0.053507, range: 0.437499, mean: 0.131348
  Pos: 99.7%, Neg: 0.3%, Unique: 1273
  Saved validation predictions to: experiments/02_vintage_baseline/staleness_vintage_h14_drop0.15_lr5/collapse_monitoring/val_predictions_epoch53.npy
  Gradient norms:
    lstm_encoder: 0.025128
    lstm_decoder: 0.010341
    multihead_attn: 0.002730
    output_layer: 0.089750
  VSN output std:
    encoder: 0.099430
  Attention entropy: 2.938101
  Saved to: experiments/02_vintage_baseline/staleness_vintage_h14_drop0.15_lr5/collapse_monitoring/collapse_monitor_epoch53.json
Epoch 54: val_loss=0.4013819098472595
Epoch 54: train_loss=0.4205726087093353

[CollapseMonitor] Epoch 54
  [DEBUG] Processed 21 batches from val_dataloader
  [DEBUG] Predictions shape after concat: (1282,)
  [DEBUG] All predictions list length: 21
  [DEBUG] First batch shape: (64,)
  Pred std: 0.058014, range: 0.451539, mean: 0.083136
  Pos: 99.0%, Neg: 1.0%, Unique: 1276
  Saved validation predictions to: experiments/02_vintage_baseline/staleness_vintage_h14_drop0.15_lr5/collapse_monitoring/val_predictions_epoch54.npy
  Gradient norms:
    lstm_encoder: 0.024690
    lstm_decoder: 0.010491
    multihead_attn: 0.002650
    output_layer: 0.088951
  VSN output std:
    encoder: 0.101523
  Attention entropy: 2.936798
  Saved to: experiments/02_vintage_baseline/staleness_vintage_h14_drop0.15_lr5/collapse_monitoring/collapse_monitor_epoch54.json
Epoch 55: val_loss=0.40166306495666504
Epoch 55: train_loss=0.4203917682170868

[CollapseMonitor] Epoch 55
  [DEBUG] Processed 21 batches from val_dataloader
  [DEBUG] Predictions shape after concat: (1282,)
  [DEBUG] All predictions list length: 21
  [DEBUG] First batch shape: (64,)
  Pred std: 0.054516, range: 0.461707, mean: 0.099165
  Pos: 98.8%, Neg: 1.2%, Unique: 1280
  Saved validation predictions to: experiments/02_vintage_baseline/staleness_vintage_h14_drop0.15_lr5/collapse_monitoring/val_predictions_epoch55.npy
  Gradient norms:
    lstm_encoder: 0.027258
    lstm_decoder: 0.011210
    multihead_attn: 0.002686
    output_layer: 0.093516
  VSN output std:
    encoder: 0.100218
  Attention entropy: 2.927803
  Saved to: experiments/02_vintage_baseline/staleness_vintage_h14_drop0.15_lr5/collapse_monitoring/collapse_monitor_epoch55.json
Epoch 56: val_loss=0.4021492600440979
Epoch 56: train_loss=0.4198639690876007

[CollapseMonitor] Epoch 56
  [DEBUG] Processed 21 batches from val_dataloader
  [DEBUG] Predictions shape after concat: (1282,)
  [DEBUG] All predictions list length: 21
  [DEBUG] First batch shape: (64,)
  Pred std: 0.058374, range: 0.472002, mean: 0.096761
  Pos: 99.2%, Neg: 0.8%, Unique: 1280
  Saved validation predictions to: experiments/02_vintage_baseline/staleness_vintage_h14_drop0.15_lr5/collapse_monitoring/val_predictions_epoch56.npy
  Gradient norms:
    lstm_encoder: 0.026774
    lstm_decoder: 0.011608
    multihead_attn: 0.002745
    output_layer: 0.090874
  VSN output std:
    encoder: 0.100341
  Attention entropy: 2.930696
  Saved to: experiments/02_vintage_baseline/staleness_vintage_h14_drop0.15_lr5/collapse_monitoring/collapse_monitor_epoch56.json
Epoch 57: val_loss=0.4015398323535919
Epoch 57: train_loss=0.41983354091644287

[CollapseMonitor] Epoch 57
  [DEBUG] Processed 21 batches from val_dataloader
  [DEBUG] Predictions shape after concat: (1282,)
  [DEBUG] All predictions list length: 21
  [DEBUG] First batch shape: (64,)
  Pred std: 0.058065, range: 0.469820, mean: 0.106034
  Pos: 99.2%, Neg: 0.8%, Unique: 1277
  Saved validation predictions to: experiments/02_vintage_baseline/staleness_vintage_h14_drop0.15_lr5/collapse_monitoring/val_predictions_epoch57.npy
  Gradient norms:
    lstm_encoder: 0.027965
    lstm_decoder: 0.011553
    multihead_attn: 0.002769
    output_layer: 0.090749
  VSN output std:
    encoder: 0.101189
  Attention entropy: 2.927027
  Saved to: experiments/02_vintage_baseline/staleness_vintage_h14_drop0.15_lr5/collapse_monitoring/collapse_monitor_epoch57.json
Epoch 58: val_loss=0.4016881287097931
Epoch 58: train_loss=0.4204173684120178

[CollapseMonitor] Epoch 58
  [DEBUG] Processed 21 batches from val_dataloader
  [DEBUG] Predictions shape after concat: (1282,)
  [DEBUG] All predictions list length: 21
  [DEBUG] First batch shape: (64,)
  Pred std: 0.054996, range: 0.463327, mean: 0.109577
  Pos: 99.4%, Neg: 0.6%, Unique: 1275
  Saved validation predictions to: experiments/02_vintage_baseline/staleness_vintage_h14_drop0.15_lr5/collapse_monitoring/val_predictions_epoch58.npy
  Gradient norms:
    lstm_encoder: 0.026226
    lstm_decoder: 0.010597
    multihead_attn: 0.002711
    output_layer: 0.088916
  VSN output std:
    encoder: 0.100096
  Attention entropy: 2.921782
  Saved to: experiments/02_vintage_baseline/staleness_vintage_h14_drop0.15_lr5/collapse_monitoring/collapse_monitor_epoch58.json
Epoch 59: val_loss=0.40240955352783203
Epoch 59: train_loss=0.4193286597728729

[CollapseMonitor] Epoch 59
  [DEBUG] Processed 21 batches from val_dataloader
  [DEBUG] Predictions shape after concat: (1282,)
  [DEBUG] All predictions list length: 21
  [DEBUG] First batch shape: (64,)
  Pred std: 0.057588, range: 0.466174, mean: 0.082209
  Pos: 98.8%, Neg: 1.2%, Unique: 1275
  Saved validation predictions to: experiments/02_vintage_baseline/staleness_vintage_h14_drop0.15_lr5/collapse_monitoring/val_predictions_epoch59.npy
  Gradient norms:
    lstm_encoder: 0.029491
    lstm_decoder: 0.012413
    multihead_attn: 0.002931
    output_layer: 0.095457
  VSN output std:
    encoder: 0.100126
  Attention entropy: 2.921705
  Saved to: experiments/02_vintage_baseline/staleness_vintage_h14_drop0.15_lr5/collapse_monitoring/collapse_monitor_epoch59.json
Epoch 60: val_loss=0.40236350893974304
Epoch 60: train_loss=0.41938120126724243

[CollapseMonitor] Epoch 60
  [DEBUG] Processed 21 batches from val_dataloader
  [DEBUG] Predictions shape after concat: (1282,)
  [DEBUG] All predictions list length: 21
  [DEBUG] First batch shape: (64,)
  Pred std: 0.058539, range: 0.470230, mean: 0.111263
  Pos: 99.5%, Neg: 0.5%, Unique: 1277
  Saved validation predictions to: experiments/02_vintage_baseline/staleness_vintage_h14_drop0.15_lr5/collapse_monitoring/val_predictions_epoch60.npy
  Gradient norms:
    lstm_encoder: 0.027977
    lstm_decoder: 0.011277
    multihead_attn: 0.002608
    output_layer: 0.090132
  VSN output std:
    encoder: 0.100158
  Attention entropy: 2.921439
  Saved to: experiments/02_vintage_baseline/staleness_vintage_h14_drop0.15_lr5/collapse_monitoring/collapse_monitor_epoch60.json
Epoch 61: val_loss=0.4033644497394562
Epoch 61: train_loss=0.4193514883518219

[CollapseMonitor] Epoch 61
  [DEBUG] Processed 21 batches from val_dataloader
  [DEBUG] Predictions shape after concat: (1282,)
  [DEBUG] All predictions list length: 21
  [DEBUG] First batch shape: (64,)
  Pred std: 0.060842, range: 0.482822, mean: 0.090127
  Pos: 98.8%, Neg: 1.2%, Unique: 1275
  Saved validation predictions to: experiments/02_vintage_baseline/staleness_vintage_h14_drop0.15_lr5/collapse_monitoring/val_predictions_epoch61.npy
  Gradient norms:
    lstm_encoder: 0.030601
    lstm_decoder: 0.012693
    multihead_attn: 0.002933
    output_layer: 0.096340
  VSN output std:
    encoder: 0.098786
  Attention entropy: 2.917729
  Saved to: experiments/02_vintage_baseline/staleness_vintage_h14_drop0.15_lr5/collapse_monitoring/collapse_monitor_epoch61.json
Epoch 62: val_loss=0.4005200266838074
Epoch 62: train_loss=0.41917791962623596

[CollapseMonitor] Epoch 62
  [DEBUG] Processed 21 batches from val_dataloader
  [DEBUG] Predictions shape after concat: (1282,)
  [DEBUG] All predictions list length: 21
  [DEBUG] First batch shape: (64,)
  Pred std: 0.060111, range: 0.491569, mean: 0.099398
  Pos: 99.1%, Neg: 0.9%, Unique: 1276
  Saved validation predictions to: experiments/02_vintage_baseline/staleness_vintage_h14_drop0.15_lr5/collapse_monitoring/val_predictions_epoch62.npy
  Gradient norms:
    lstm_encoder: 0.028289
    lstm_decoder: 0.011517
    multihead_attn: 0.002894
    output_layer: 0.089578
  VSN output std:
    encoder: 0.098878
  Attention entropy: 2.909567
  Saved to: experiments/02_vintage_baseline/staleness_vintage_h14_drop0.15_lr5/collapse_monitoring/collapse_monitor_epoch62.json


======================================================================
Training complete
======================================================================

Best model checkpoint: experiments/02_vintage_baseline/staleness_vintage_h14_drop0.15_lr5/checkpoints/tft-epoch=52-val_loss=0.3994.ckpt
Best validation loss: 0.399442
Completed at: 2025-11-01 23:59:58
Log saved to: experiments/02_vintage_baseline/staleness_vintage_h14_drop0.15_lr5/training_20251101_233247.log
======================================================================
