Logging to: experiments/04_custom_losses/h16d025_dirw2.0_colw0.1t0.035/attention_analysis_year/attention_analysis_20251123_170117.log
Analysis started at: 2025-11-23 17:01:17
======================================================================
Experiment: 04_custom_losses/h16d025_dirw2.0_colw0.1t0.035
Output directory: experiments/04_custom_losses/h16d025_dirw2.0_colw0.1t0.035/attention_analysis_year
Using best checkpoint: experiments/04_custom_losses/h16d025_dirw2.0_colw0.1t0.035/checkpoints/tft-epoch=63-val_loss=0.4199.ckpt

Loading data...
Loading test data from: data/splits/vintage/core_proposal_daily_vintage_test.csv
  Train samples: 6074
  Test samples: 1302

Preparing test dataset...
Test dataset size after filtering: 1282

Loading model...
Loading model from: experiments/04_custom_losses/h16d025_dirw2.0_colw0.1t0.035/checkpoints/tft-epoch=63-val_loss=0.4199.ckpt
  Loaded baseline model, moved to device: cuda

Extracting attention patterns...
Extracting attention patterns...
Total batches to process: 11
  Processed 10/11 batches

Total predictions: 1282
Total actuals: 1282
Attention shape: (1282, 20)
Encoder variables shape: (1282, 5)

Prediction period: 2020-08-17T00:00:00.000000000 to 2025-10-06T00:00:00.000000000
Total predictions: 1282

Creating temporal periods:
  2020: 94 samples
  2021: 250 samples
  2022: 249 samples
  2023: 249 samples
  2024: 250 samples
  2025: 190 samples

Attention over 20 encoder timesteps

Analyzing attention patterns by period...

Comparing attention patterns across periods...

Creating visualizations...
Saved attention heatmap: experiments/04_custom_losses/h16d025_dirw2.0_colw0.1t0.035/attention_analysis_year/attention_heatmap.png
Saved attention trends: experiments/04_custom_losses/h16d025_dirw2.0_colw0.1t0.035/attention_analysis_year/attention_trends.png
Saved feature importance comparison: experiments/04_custom_losses/h16d025_dirw2.0_colw0.1t0.035/attention_analysis_year/temporal_attention_comparison.png

Saving results...
Saved results: experiments/04_custom_losses/h16d025_dirw2.0_colw0.1t0.035/attention_analysis_year/attention_analysis_results.json

======================================================================
ATTENTION ANALYSIS SUMMARY
======================================================================

Per-Period Statistics:
----------------------------------------------------------------------

2020:
  Samples: 94
  Entropy: 2.8245 Ã‚Â± 0.1844
  Concentration: 0.0504
  Top 5 features:
    t-1                            0.0633
    t-2                            0.0594
    t-3                            0.0561
    t-4                            0.0538
    t-5                            0.0519

2021:
  Samples: 250
  Entropy: 2.8568 Ã‚Â± 0.1960
  Concentration: 0.0501
  Top 5 features:
    t-1                            0.0575
    t-2                            0.0552
    t-3                            0.0530
    t-4                            0.0512
    t-5                            0.0502

2022:
  Samples: 249
  Entropy: 2.7447 Ã‚Â± 0.2271
  Concentration: 0.0507
  Top 5 features:
    t-1                            0.0682
    t-2                            0.0620
    t-3                            0.0574
    t-4                            0.0540
    t-5                            0.0517

2023:
  Samples: 249
  Entropy: 2.9685 Ã‚Â± 0.0446
  Concentration: 0.0500
  Top 5 features:
    t-1                            0.0526
    t-2                            0.0519
    t-3                            0.0513
    t-4                            0.0508
    t-5                            0.0504

2024:
  Samples: 250
  Entropy: 2.9382 Ã‚Â± 0.2033
  Concentration: 0.0501
  Top 5 features:
    t-1                            0.0548
    t-2                            0.0540
    t-3                            0.0533
    t-4                            0.0526
    t-5                            0.0516

2025:
  Samples: 190
  Entropy: 2.8503 Ã‚Â± 0.3481
  Concentration: 0.0501
  Top 5 features:
    t-1                            0.0581
    t-2                            0.0528
    t-3                            0.0508
    t-17                           0.0508
    t-18                           0.0506

----------------------------------------------------------------------
Period Comparisons:
----------------------------------------------------------------------

2020_vs_2021:
  Cosine similarity: 0.9990
  L2 distance: 0.0099
  Entropy change: 0.0323
  Concentration change: -0.0003

2020_vs_2022:
  Cosine similarity: 0.9996
  L2 distance: 0.0067
  Entropy change: -0.0798
  Concentration change: 0.0003

2020_vs_2023:
  Cosine similarity: 0.9974
  L2 distance: 0.0161
  Entropy change: 0.1439
  Concentration change: -0.0004

2020_vs_2024:
  Cosine similarity: 0.9986
  L2 distance: 0.0118
  Entropy change: 0.1137
  Concentration change: -0.0003

2020_vs_2025:
  Cosine similarity: 0.9982
  L2 distance: 0.0135
  Entropy change: 0.0258
  Concentration change: -0.0003

2021_vs_2022:
  Cosine similarity: 0.9975
  L2 distance: 0.0160
  Entropy change: -0.1120
  Concentration change: 0.0006

2021_vs_2023:
  Cosine similarity: 0.9996
  L2 distance: 0.0067
  Entropy change: 0.1117
  Concentration change: -0.0001

2021_vs_2024:
  Cosine similarity: 0.9997
  L2 distance: 0.0052
  Entropy change: 0.0814
  Concentration change: -0.0000

2021_vs_2025:
  Cosine similarity: 0.9997
  L2 distance: 0.0052
  Entropy change: -0.0065
  Concentration change: -0.0000

2022_vs_2023:
  Cosine similarity: 0.9950
  L2 distance: 0.0224
  Entropy change: 0.2237
  Concentration change: -0.0007

2022_vs_2024:
  Cosine similarity: 0.9968
  L2 distance: 0.0179
  Entropy change: 0.1935
  Concentration change: -0.0006

2022_vs_2025:
  Cosine similarity: 0.9964
  L2 distance: 0.0191
  Entropy change: 0.1056
  Concentration change: -0.0006

2023_vs_2024:
  Cosine similarity: 0.9996
  L2 distance: 0.0060
  Entropy change: -0.0303
  Concentration change: 0.0001

2023_vs_2025:
  Cosine similarity: 0.9996
  L2 distance: 0.0066
  Entropy change: -0.1182
  Concentration change: 0.0001

2024_vs_2025:
  Cosine similarity: 0.9993
  L2 distance: 0.0085
  Entropy change: -0.0879
  Concentration change: 0.0000

======================================================================

Analysis complete!
Results saved to: experiments/04_custom_losses/h16d025_dirw2.0_colw0.1t0.035/attention_analysis_year
  - attention_analysis_results.json
  - attention_heatmap.png
  - attention_trends.png
  - temporal_attention_comparison.png
