
[INFO] Using AUTO device selection.

[INFO] Patched matplotlib.Axes.errorbar to abs() negative yerr for robustness.
======================================================================
Training TFT: 02b_vintage_sweep/baseline_h16_drop0.30
======================================================================
Logging to: experiments/02b_vintage_sweep/baseline_h16_drop0.30/training_20251122_162430.log
Started at: 2025-11-22 16:24:30
======================================================================
Configuration saved to: experiments/02b_vintage_sweep/baseline_h16_drop0.30/config.json

Loading data splits...
Train: 6074 samples
Val: 1302 samples
Test: 1302 samples

Preparing TimeSeriesDataSet...

Dropping source columns (used for staleness only): ['CPI']

Final features for TFT: ['SP500_Returns', 'VIX', 'Treasury_10Y', 'Yield_Spread', 'Inflation_YoY']

======================================================================
FEATURE STATISTICS - BEFORE NORMALIZATION
======================================================================
VIX                             mean= 19.7438  std=  8.0295  min=  9.3100  max= 80.8600
Treasury_10Y                    mean=  4.7672  std=  1.6903  min=  1.4300  max=  8.3600
Yield_Spread                    mean=  1.2778  std=  0.9179  min= -0.5200  max=  2.9100
Inflation_YoY                   mean=  2.5322  std=  1.1865  min= -2.1498  max=  6.7300

======================================================================
FEATURES AFTER GROUPNORMALIZER (first batch, last timestep)
======================================================================
VIX                             normalized_value=  1.0000
Treasury_10Y                    normalized_value= -0.0500
Yield_Spread                    normalized_value=  0.0817
Inflation_YoY                   normalized_value=  0.8774
======================================================================

Batches per epoch: 94
[DEBUG] Validation batches: 21
[DEBUG] Validation dataset size: 1282
[DEBUG] Batch size: 64

Initializing model...

================================================================================
BASELINE MODEL FEATURE CONFIGURATION (after from_dataset)
================================================================================
tft.hparams.time_varying_reals_encoder: ['relative_time_idx', 'VIX', 'Treasury_10Y', 'Yield_Spread', 'Inflation_YoY']
  Count: 5

tft.hparams.time_varying_reals_decoder: ['relative_time_idx']
  Count: 1

tft.hparams.x_reals (all reals passed to model): ['encoder_length', 'relative_time_idx', 'VIX', 'Treasury_10Y', 'Yield_Spread', 'Inflation_YoY']
  Count: 6

Encoder VSN configuration:
  num_inputs: 5
  input_sizes: {'relative_time_idx': 16, 'VIX': 16, 'Treasury_10Y': 16, 'Yield_Spread': 16, 'Inflation_YoY': 16}
  flattened_grn.fc1: in_features=80, out_features=5
  → Params in fc1: 400 (should be 5*16*5=400 if 5 features)
================================================================================


>>> Using standard QuantileLoss (no distribution penalties)
Model parameters: 22,615

Starting training...
Checkpoints will be saved to: experiments/02b_vintage_sweep/baseline_h16_drop0.30/checkpoints/
Logs will be saved to: experiments/02b_vintage_sweep/baseline_h16_drop0.30/logs/

Epoch 0: val_loss=N/A
Epoch 0: val_loss=0.6032642722129822
Epoch 0: train_loss=0.6990224719047546

[CollapseMonitor] Epoch 0
  [DEBUG] Processed 21 batches from val_dataloader
  [DEBUG] Predictions shape after concat: (1282,)
  [DEBUG] All predictions list length: 21
  [DEBUG] First batch shape: (64,)
  Pred std: 0.033017, range: 0.128507, mean: 0.030540
  Pos: 71.7%, Neg: 28.3%, Unique: 1271
  Saved validation predictions to: experiments/02b_vintage_sweep/baseline_h16_drop0.30/collapse_monitoring/val_predictions_epoch0.npy
  Gradient norms:
    lstm_encoder: 0.008487
    lstm_decoder: 0.012850
    multihead_attn: 0.008123
    output_layer: 0.602905
  VSN output std:
    encoder: 0.155103
  Attention entropy: 2.990320
  Saved to: experiments/02b_vintage_sweep/baseline_h16_drop0.30/collapse_monitoring/collapse_monitor_epoch0.json
Epoch 1: val_loss=0.5033338665962219
Epoch 1: train_loss=0.5955187082290649

[CollapseMonitor] Epoch 1
  [DEBUG] Processed 21 batches from val_dataloader
  [DEBUG] Predictions shape after concat: (1282,)
  [DEBUG] All predictions list length: 21
  [DEBUG] First batch shape: (64,)
  Pred std: 0.022884, range: 0.094317, mean: -0.003822
  Pos: 41.3%, Neg: 58.7%, Unique: 1271
  Saved validation predictions to: experiments/02b_vintage_sweep/baseline_h16_drop0.30/collapse_monitoring/val_predictions_epoch1.npy
  Gradient norms:
    lstm_encoder: 0.006976
    lstm_decoder: 0.009250
    multihead_attn: 0.005852
    output_layer: 0.454750
  VSN output std:
    encoder: 0.165977
  Attention entropy: 2.991328
  Saved to: experiments/02b_vintage_sweep/baseline_h16_drop0.30/collapse_monitoring/collapse_monitor_epoch1.json
Epoch 2: val_loss=0.46687251329421997
Epoch 2: train_loss=0.5118725895881653

[CollapseMonitor] Epoch 2
  [DEBUG] Processed 21 batches from val_dataloader
  [DEBUG] Predictions shape after concat: (1282,)
  [DEBUG] All predictions list length: 21
  [DEBUG] First batch shape: (64,)
  Pred std: 0.018102, range: 0.088176, mean: 0.024002
  Pos: 92.9%, Neg: 7.1%, Unique: 1269
  Saved validation predictions to: experiments/02b_vintage_sweep/baseline_h16_drop0.30/collapse_monitoring/val_predictions_epoch2.npy
  Gradient norms:
    lstm_encoder: 0.004947
    lstm_decoder: 0.005066
    multihead_attn: 0.003901
    output_layer: 0.259355
  VSN output std:
    encoder: 0.163443
  Attention entropy: 2.992275
  Saved to: experiments/02b_vintage_sweep/baseline_h16_drop0.30/collapse_monitoring/collapse_monitor_epoch2.json
Epoch 3: val_loss=0.457317054271698
Epoch 3: train_loss=0.47786903381347656

[CollapseMonitor] Epoch 3
  [DEBUG] Processed 21 batches from val_dataloader
  [DEBUG] Predictions shape after concat: (1282,)
  [DEBUG] All predictions list length: 21
  [DEBUG] First batch shape: (64,)
  Pred std: 0.015078, range: 0.077987, mean: 0.012395
  Pos: 84.2%, Neg: 15.8%, Unique: 1269
  Saved validation predictions to: experiments/02b_vintage_sweep/baseline_h16_drop0.30/collapse_monitoring/val_predictions_epoch3.npy
  Gradient norms:
    lstm_encoder: 0.003364
    lstm_decoder: 0.003259
    multihead_attn: 0.002762
    output_layer: 0.142813
  VSN output std:
    encoder: 0.154681
  Attention entropy: 2.992534
  Saved to: experiments/02b_vintage_sweep/baseline_h16_drop0.30/collapse_monitoring/collapse_monitor_epoch3.json
Epoch 4: val_loss=0.452438086271286
Epoch 4: train_loss=0.465568870306015

[CollapseMonitor] Epoch 4
  [DEBUG] Processed 21 batches from val_dataloader
  [DEBUG] Predictions shape after concat: (1282,)
  [DEBUG] All predictions list length: 21
  [DEBUG] First batch shape: (64,)
  Pred std: 0.014548, range: 0.075661, mean: 0.022356
  Pos: 94.7%, Neg: 5.3%, Unique: 1254
  Saved validation predictions to: experiments/02b_vintage_sweep/baseline_h16_drop0.30/collapse_monitoring/val_predictions_epoch4.npy
  Gradient norms:
    lstm_encoder: 0.003225
    lstm_decoder: 0.003022
    multihead_attn: 0.002229
    output_layer: 0.113956
  VSN output std:
    encoder: 0.163903
  Attention entropy: 2.991177
  Saved to: experiments/02b_vintage_sweep/baseline_h16_drop0.30/collapse_monitoring/collapse_monitor_epoch4.json
Epoch 5: val_loss=0.45008543133735657
Epoch 5: train_loss=0.4614954888820648

[CollapseMonitor] Epoch 5
  [DEBUG] Processed 21 batches from val_dataloader
  [DEBUG] Predictions shape after concat: (1282,)
  [DEBUG] All predictions list length: 21
  [DEBUG] First batch shape: (64,)
  Pred std: 0.012941, range: 0.067876, mean: 0.052594
  Pos: 100.0%, Neg: 0.0%, Unique: 1256
  Saved validation predictions to: experiments/02b_vintage_sweep/baseline_h16_drop0.30/collapse_monitoring/val_predictions_epoch5.npy
  Gradient norms:
    lstm_encoder: 0.003212
    lstm_decoder: 0.002842
    multihead_attn: 0.002007
    output_layer: 0.099779
  VSN output std:
    encoder: 0.164649
  Attention entropy: 2.990036
  Saved to: experiments/02b_vintage_sweep/baseline_h16_drop0.30/collapse_monitoring/collapse_monitor_epoch5.json
Epoch 6: val_loss=0.4480033218860626
Epoch 6: train_loss=0.4571405351161957

[CollapseMonitor] Epoch 6
  [DEBUG] Processed 21 batches from val_dataloader
  [DEBUG] Predictions shape after concat: (1282,)
  [DEBUG] All predictions list length: 21
  [DEBUG] First batch shape: (64,)
  Pred std: 0.012931, range: 0.069149, mean: 0.027065
  Pos: 99.8%, Neg: 0.2%, Unique: 1262
  Saved validation predictions to: experiments/02b_vintage_sweep/baseline_h16_drop0.30/collapse_monitoring/val_predictions_epoch6.npy
  Gradient norms:
    lstm_encoder: 0.003183
    lstm_decoder: 0.002706
    multihead_attn: 0.001894
    output_layer: 0.088155
  VSN output std:
    encoder: 0.161139
  Attention entropy: 2.986329
  Saved to: experiments/02b_vintage_sweep/baseline_h16_drop0.30/collapse_monitoring/collapse_monitor_epoch6.json
Epoch 7: val_loss=0.4459387958049774
Epoch 7: train_loss=0.4549771547317505

[CollapseMonitor] Epoch 7
  [DEBUG] Processed 21 batches from val_dataloader
  [DEBUG] Predictions shape after concat: (1282,)
  [DEBUG] All predictions list length: 21
  [DEBUG] First batch shape: (64,)
  Pred std: 0.011767, range: 0.064627, mean: 0.020016
  Pos: 99.9%, Neg: 0.1%, Unique: 1248
  Saved validation predictions to: experiments/02b_vintage_sweep/baseline_h16_drop0.30/collapse_monitoring/val_predictions_epoch7.npy
  Gradient norms:
    lstm_encoder: 0.003683
    lstm_decoder: 0.002939
    multihead_attn: 0.001779
    output_layer: 0.096201
  VSN output std:
    encoder: 0.160017
  Attention entropy: 2.983777
  Saved to: experiments/02b_vintage_sweep/baseline_h16_drop0.30/collapse_monitoring/collapse_monitor_epoch7.json
Epoch 8: val_loss=0.44186800718307495
Epoch 8: train_loss=0.45279186964035034

[CollapseMonitor] Epoch 8
  [DEBUG] Processed 21 batches from val_dataloader
  [DEBUG] Predictions shape after concat: (1282,)
  [DEBUG] All predictions list length: 21
  [DEBUG] First batch shape: (64,)
  Pred std: 0.013959, range: 0.085254, mean: 0.041384
  Pos: 100.0%, Neg: 0.0%, Unique: 1256
  Saved validation predictions to: experiments/02b_vintage_sweep/baseline_h16_drop0.30/collapse_monitoring/val_predictions_epoch8.npy
  Gradient norms:
    lstm_encoder: 0.004059
    lstm_decoder: 0.003043
    multihead_attn: 0.001970
    output_layer: 0.093921
  VSN output std:
    encoder: 0.161563
  Attention entropy: 2.978692
  Saved to: experiments/02b_vintage_sweep/baseline_h16_drop0.30/collapse_monitoring/collapse_monitor_epoch8.json
Epoch 9: val_loss=0.43472522497177124
Epoch 9: train_loss=0.447214275598526

[CollapseMonitor] Epoch 9
  [DEBUG] Processed 21 batches from val_dataloader
  [DEBUG] Predictions shape after concat: (1282,)
  [DEBUG] All predictions list length: 21
  [DEBUG] First batch shape: (64,)
  Pred std: 0.014648, range: 0.101249, mean: 0.049196
  Pos: 99.8%, Neg: 0.2%, Unique: 1258
  Saved validation predictions to: experiments/02b_vintage_sweep/baseline_h16_drop0.30/collapse_monitoring/val_predictions_epoch9.npy
  Gradient norms:
    lstm_encoder: 0.004665
    lstm_decoder: 0.003370
    multihead_attn: 0.002246
    output_layer: 0.097326
  VSN output std:
    encoder: 0.159732
  Attention entropy: 2.971736
  Saved to: experiments/02b_vintage_sweep/baseline_h16_drop0.30/collapse_monitoring/collapse_monitor_epoch9.json
Epoch 10: val_loss=0.42899516224861145
Epoch 10: train_loss=0.4445441961288452

[CollapseMonitor] Epoch 10
  [DEBUG] Processed 21 batches from val_dataloader
  [DEBUG] Predictions shape after concat: (1282,)
  [DEBUG] All predictions list length: 21
  [DEBUG] First batch shape: (64,)
  Pred std: 0.011304, range: 0.109343, mean: 0.069317
  Pos: 100.0%, Neg: 0.0%, Unique: 1241
  Saved validation predictions to: experiments/02b_vintage_sweep/baseline_h16_drop0.30/collapse_monitoring/val_predictions_epoch10.npy
  Gradient norms:
    lstm_encoder: 0.005178
    lstm_decoder: 0.003608
    multihead_attn: 0.002563
    output_layer: 0.099023
  VSN output std:
    encoder: 0.166908
  Attention entropy: 2.969622
  Saved to: experiments/02b_vintage_sweep/baseline_h16_drop0.30/collapse_monitoring/collapse_monitor_epoch10.json
Epoch 11: val_loss=0.42629989981651306
Epoch 11: train_loss=0.4410693943500519

[CollapseMonitor] Epoch 11
  [DEBUG] Processed 21 batches from val_dataloader
  [DEBUG] Predictions shape after concat: (1282,)
  [DEBUG] All predictions list length: 21
  [DEBUG] First batch shape: (64,)
  Pred std: 0.017068, range: 0.115045, mean: 0.067776
  Pos: 100.0%, Neg: 0.0%, Unique: 1241
  Saved validation predictions to: experiments/02b_vintage_sweep/baseline_h16_drop0.30/collapse_monitoring/val_predictions_epoch11.npy
  Gradient norms:
    lstm_encoder: 0.005500
    lstm_decoder: 0.003713
    multihead_attn: 0.002641
    output_layer: 0.095838
  VSN output std:
    encoder: 0.168843
  Attention entropy: 2.973855
  Saved to: experiments/02b_vintage_sweep/baseline_h16_drop0.30/collapse_monitoring/collapse_monitor_epoch11.json
Epoch 12: val_loss=0.4254187047481537
Epoch 12: train_loss=0.4396962523460388

[CollapseMonitor] Epoch 12
  [DEBUG] Processed 21 batches from val_dataloader
  [DEBUG] Predictions shape after concat: (1282,)
  [DEBUG] All predictions list length: 21
  [DEBUG] First batch shape: (64,)
  Pred std: 0.016269, range: 0.109571, mean: 0.070134
  Pos: 100.0%, Neg: 0.0%, Unique: 1246
  Saved validation predictions to: experiments/02b_vintage_sweep/baseline_h16_drop0.30/collapse_monitoring/val_predictions_epoch12.npy
  Gradient norms:
    lstm_encoder: 0.005848
    lstm_decoder: 0.003758
    multihead_attn: 0.002510
    output_layer: 0.093700
  VSN output std:
    encoder: 0.165683
  Attention entropy: 2.978191
  Saved to: experiments/02b_vintage_sweep/baseline_h16_drop0.30/collapse_monitoring/collapse_monitor_epoch12.json
Epoch 13: val_loss=0.4245298504829407
Epoch 13: train_loss=0.43732893466949463

[CollapseMonitor] Epoch 13
  [DEBUG] Processed 21 batches from val_dataloader
  [DEBUG] Predictions shape after concat: (1282,)
  [DEBUG] All predictions list length: 21
  [DEBUG] First batch shape: (64,)
  Pred std: 0.012568, range: 0.106701, mean: 0.029196
  Pos: 97.3%, Neg: 2.7%, Unique: 1243
  Saved validation predictions to: experiments/02b_vintage_sweep/baseline_h16_drop0.30/collapse_monitoring/val_predictions_epoch13.npy
  Gradient norms:
    lstm_encoder: 0.006102
    lstm_decoder: 0.003971
    multihead_attn: 0.002472
    output_layer: 0.103786
  VSN output std:
    encoder: 0.168709
  Attention entropy: 2.974689
  Saved to: experiments/02b_vintage_sweep/baseline_h16_drop0.30/collapse_monitoring/collapse_monitor_epoch13.json
Epoch 14: val_loss=0.4225139319896698
Epoch 14: train_loss=0.4369221031665802

[CollapseMonitor] Epoch 14
  [DEBUG] Processed 21 batches from val_dataloader
  [DEBUG] Predictions shape after concat: (1282,)
  [DEBUG] All predictions list length: 21
  [DEBUG] First batch shape: (64,)
  Pred std: 0.013880, range: 0.122658, mean: 0.067107
  Pos: 100.0%, Neg: 0.0%, Unique: 1252
  Saved validation predictions to: experiments/02b_vintage_sweep/baseline_h16_drop0.30/collapse_monitoring/val_predictions_epoch14.npy
  Gradient norms:
    lstm_encoder: 0.006134
    lstm_decoder: 0.003842
    multihead_attn: 0.002433
    output_layer: 0.093189
  VSN output std:
    encoder: 0.162765
  Attention entropy: 2.984961
  Saved to: experiments/02b_vintage_sweep/baseline_h16_drop0.30/collapse_monitoring/collapse_monitor_epoch14.json
Epoch 15: val_loss=0.42222702503204346
Epoch 15: train_loss=0.43472030758857727

[CollapseMonitor] Epoch 15
  [DEBUG] Processed 21 batches from val_dataloader
  [DEBUG] Predictions shape after concat: (1282,)
  [DEBUG] All predictions list length: 21
  [DEBUG] First batch shape: (64,)
  Pred std: 0.011091, range: 0.122390, mean: 0.035208
  Pos: 99.3%, Neg: 0.7%, Unique: 1243
  Saved validation predictions to: experiments/02b_vintage_sweep/baseline_h16_drop0.30/collapse_monitoring/val_predictions_epoch15.npy
  Gradient norms:
    lstm_encoder: 0.006437
    lstm_decoder: 0.003889
    multihead_attn: 0.002589
    output_layer: 0.094764
  VSN output std:
    encoder: 0.162848
  Attention entropy: 2.987231
  Saved to: experiments/02b_vintage_sweep/baseline_h16_drop0.30/collapse_monitoring/collapse_monitor_epoch15.json
Epoch 16: val_loss=0.4202912151813507
Epoch 16: train_loss=0.43348556756973267

[CollapseMonitor] Epoch 16
  [DEBUG] Processed 21 batches from val_dataloader
  [DEBUG] Predictions shape after concat: (1282,)
  [DEBUG] All predictions list length: 21
  [DEBUG] First batch shape: (64,)
  Pred std: 0.012544, range: 0.125116, mean: 0.069868
  Pos: 100.0%, Neg: 0.0%, Unique: 1247
  Saved validation predictions to: experiments/02b_vintage_sweep/baseline_h16_drop0.30/collapse_monitoring/val_predictions_epoch16.npy
  Gradient norms:
    lstm_encoder: 0.007183
    lstm_decoder: 0.004162
    multihead_attn: 0.002494
    output_layer: 0.096576
  VSN output std:
    encoder: 0.161967
  Attention entropy: 2.987200
  Saved to: experiments/02b_vintage_sweep/baseline_h16_drop0.30/collapse_monitoring/collapse_monitor_epoch16.json
Epoch 17: val_loss=0.4188372790813446
Epoch 17: train_loss=0.4335893392562866

[CollapseMonitor] Epoch 17
  [DEBUG] Processed 21 batches from val_dataloader
  [DEBUG] Predictions shape after concat: (1282,)
  [DEBUG] All predictions list length: 21
  [DEBUG] First batch shape: (64,)
  Pred std: 0.013519, range: 0.124955, mean: 0.061675
  Pos: 99.8%, Neg: 0.2%, Unique: 1248
  Saved validation predictions to: experiments/02b_vintage_sweep/baseline_h16_drop0.30/collapse_monitoring/val_predictions_epoch17.npy
  Gradient norms:
    lstm_encoder: 0.006992
    lstm_decoder: 0.004103
    multihead_attn: 0.002443
    output_layer: 0.088713
  VSN output std:
    encoder: 0.163677
  Attention entropy: 2.985287
  Saved to: experiments/02b_vintage_sweep/baseline_h16_drop0.30/collapse_monitoring/collapse_monitor_epoch17.json
Epoch 18: val_loss=0.41806891560554504
Epoch 18: train_loss=0.4321347773075104

[CollapseMonitor] Epoch 18
  [DEBUG] Processed 21 batches from val_dataloader
  [DEBUG] Predictions shape after concat: (1282,)
  [DEBUG] All predictions list length: 21
  [DEBUG] First batch shape: (64,)
  Pred std: 0.012423, range: 0.117734, mean: 0.073490
  Pos: 100.0%, Neg: 0.0%, Unique: 1254
  Saved validation predictions to: experiments/02b_vintage_sweep/baseline_h16_drop0.30/collapse_monitoring/val_predictions_epoch18.npy
  Gradient norms:
    lstm_encoder: 0.007691
    lstm_decoder: 0.004378
    multihead_attn: 0.002366
    output_layer: 0.095463
  VSN output std:
    encoder: 0.163976
  Attention entropy: 2.987153
  Saved to: experiments/02b_vintage_sweep/baseline_h16_drop0.30/collapse_monitoring/collapse_monitor_epoch18.json
Epoch 19: val_loss=0.41612958908081055
Epoch 19: train_loss=0.43177536129951477

[CollapseMonitor] Epoch 19
  [DEBUG] Processed 21 batches from val_dataloader
  [DEBUG] Predictions shape after concat: (1282,)
  [DEBUG] All predictions list length: 21
  [DEBUG] First batch shape: (64,)
  Pred std: 0.013442, range: 0.104022, mean: 0.068369
  Pos: 100.0%, Neg: 0.0%, Unique: 1261
  Saved validation predictions to: experiments/02b_vintage_sweep/baseline_h16_drop0.30/collapse_monitoring/val_predictions_epoch19.npy
  Gradient norms:
    lstm_encoder: 0.007531
    lstm_decoder: 0.004510
    multihead_attn: 0.002377
    output_layer: 0.097467
  VSN output std:
    encoder: 0.169767
  Attention entropy: 2.981387
  Saved to: experiments/02b_vintage_sweep/baseline_h16_drop0.30/collapse_monitoring/collapse_monitor_epoch19.json
Epoch 20: val_loss=0.4160577654838562
Epoch 20: train_loss=0.43066471815109253

[CollapseMonitor] Epoch 20
  [DEBUG] Processed 21 batches from val_dataloader
  [DEBUG] Predictions shape after concat: (1282,)
  [DEBUG] All predictions list length: 21
  [DEBUG] First batch shape: (64,)
  Pred std: 0.012880, range: 0.106281, mean: 0.055791
  Pos: 100.0%, Neg: 0.0%, Unique: 1256
  Saved validation predictions to: experiments/02b_vintage_sweep/baseline_h16_drop0.30/collapse_monitoring/val_predictions_epoch20.npy
  Gradient norms:
    lstm_encoder: 0.007944
    lstm_decoder: 0.004783
    multihead_attn: 0.002291
    output_layer: 0.098748
  VSN output std:
    encoder: 0.168117
  Attention entropy: 2.981003
  Saved to: experiments/02b_vintage_sweep/baseline_h16_drop0.30/collapse_monitoring/collapse_monitor_epoch20.json
Epoch 21: val_loss=0.41543450951576233
Epoch 21: train_loss=0.42942148447036743

[CollapseMonitor] Epoch 21
  [DEBUG] Processed 21 batches from val_dataloader
  [DEBUG] Predictions shape after concat: (1282,)
  [DEBUG] All predictions list length: 21
  [DEBUG] First batch shape: (64,)
  Pred std: 0.015253, range: 0.120511, mean: 0.051761
  Pos: 99.7%, Neg: 0.3%, Unique: 1250
  Saved validation predictions to: experiments/02b_vintage_sweep/baseline_h16_drop0.30/collapse_monitoring/val_predictions_epoch21.npy
  Gradient norms:
    lstm_encoder: 0.007742
    lstm_decoder: 0.004496
    multihead_attn: 0.002451
    output_layer: 0.089761
  VSN output std:
    encoder: 0.172351
  Attention entropy: 2.977127
  Saved to: experiments/02b_vintage_sweep/baseline_h16_drop0.30/collapse_monitoring/collapse_monitor_epoch21.json
Epoch 22: val_loss=0.4145244061946869
Epoch 22: train_loss=0.4287188947200775

[CollapseMonitor] Epoch 22
  [DEBUG] Processed 21 batches from val_dataloader
  [DEBUG] Predictions shape after concat: (1282,)
  [DEBUG] All predictions list length: 21
  [DEBUG] First batch shape: (64,)
  Pred std: 0.024299, range: 0.161279, mean: 0.052854
  Pos: 100.0%, Neg: 0.0%, Unique: 1266
  Saved validation predictions to: experiments/02b_vintage_sweep/baseline_h16_drop0.30/collapse_monitoring/val_predictions_epoch22.npy
  Gradient norms:
    lstm_encoder: 0.008529
    lstm_decoder: 0.004978
    multihead_attn: 0.002457
    output_layer: 0.089571
  VSN output std:
    encoder: 0.174446
  Attention entropy: 2.978140
  Saved to: experiments/02b_vintage_sweep/baseline_h16_drop0.30/collapse_monitoring/collapse_monitor_epoch22.json
Epoch 23: val_loss=0.4129745662212372
Epoch 23: train_loss=0.428401380777359

[CollapseMonitor] Epoch 23
  [DEBUG] Processed 21 batches from val_dataloader
  [DEBUG] Predictions shape after concat: (1282,)
  [DEBUG] All predictions list length: 21
  [DEBUG] First batch shape: (64,)
  Pred std: 0.019515, range: 0.162292, mean: 0.042459
  Pos: 98.6%, Neg: 1.4%, Unique: 1249
  Saved validation predictions to: experiments/02b_vintage_sweep/baseline_h16_drop0.30/collapse_monitoring/val_predictions_epoch23.npy
  Gradient norms:
    lstm_encoder: 0.009456
    lstm_decoder: 0.005459
    multihead_attn: 0.002528
    output_layer: 0.091676
  VSN output std:
    encoder: 0.172669
  Attention entropy: 2.974843
  Saved to: experiments/02b_vintage_sweep/baseline_h16_drop0.30/collapse_monitoring/collapse_monitor_epoch23.json
Epoch 24: val_loss=0.41198402643203735
Epoch 24: train_loss=0.4281379282474518

[CollapseMonitor] Epoch 24
  [DEBUG] Processed 21 batches from val_dataloader
  [DEBUG] Predictions shape after concat: (1282,)
  [DEBUG] All predictions list length: 21
  [DEBUG] First batch shape: (64,)
  Pred std: 0.023910, range: 0.184332, mean: 0.072420
  Pos: 100.0%, Neg: 0.0%, Unique: 1250
  Saved validation predictions to: experiments/02b_vintage_sweep/baseline_h16_drop0.30/collapse_monitoring/val_predictions_epoch24.npy
  Gradient norms:
    lstm_encoder: 0.009425
    lstm_decoder: 0.005554
    multihead_attn: 0.002540
    output_layer: 0.095440
  VSN output std:
    encoder: 0.173112
  Attention entropy: 2.972428
  Saved to: experiments/02b_vintage_sweep/baseline_h16_drop0.30/collapse_monitoring/collapse_monitor_epoch24.json
Epoch 25: val_loss=0.4116304814815521
Epoch 25: train_loss=0.4281882047653198

[CollapseMonitor] Epoch 25
  [DEBUG] Processed 21 batches from val_dataloader
  [DEBUG] Predictions shape after concat: (1282,)
  [DEBUG] All predictions list length: 21
  [DEBUG] First batch shape: (64,)
  Pred std: 0.026064, range: 0.194769, mean: 0.047776
  Pos: 100.0%, Neg: 0.0%, Unique: 1256
  Saved validation predictions to: experiments/02b_vintage_sweep/baseline_h16_drop0.30/collapse_monitoring/val_predictions_epoch25.npy
  Gradient norms:
    lstm_encoder: 0.008809
    lstm_decoder: 0.005176
    multihead_attn: 0.002384
    output_layer: 0.089359
  VSN output std:
    encoder: 0.175388
  Attention entropy: 2.976999
  Saved to: experiments/02b_vintage_sweep/baseline_h16_drop0.30/collapse_monitoring/collapse_monitor_epoch25.json
Epoch 26: val_loss=0.41094279289245605
Epoch 26: train_loss=0.4262285828590393

[CollapseMonitor] Epoch 26
  [DEBUG] Processed 21 batches from val_dataloader
  [DEBUG] Predictions shape after concat: (1282,)
  [DEBUG] All predictions list length: 21
  [DEBUG] First batch shape: (64,)
  Pred std: 0.026280, range: 0.191494, mean: 0.069069
  Pos: 100.0%, Neg: 0.0%, Unique: 1253
  Saved validation predictions to: experiments/02b_vintage_sweep/baseline_h16_drop0.30/collapse_monitoring/val_predictions_epoch26.npy
  Gradient norms:
    lstm_encoder: 0.009757
    lstm_decoder: 0.005831
    multihead_attn: 0.002274
    output_layer: 0.095941
  VSN output std:
    encoder: 0.179328
  Attention entropy: 2.977805
  Saved to: experiments/02b_vintage_sweep/baseline_h16_drop0.30/collapse_monitoring/collapse_monitor_epoch26.json
Epoch 27: val_loss=0.4101807177066803
Epoch 27: train_loss=0.427605003118515

[CollapseMonitor] Epoch 27
  [DEBUG] Processed 21 batches from val_dataloader
  [DEBUG] Predictions shape after concat: (1282,)
  [DEBUG] All predictions list length: 21
  [DEBUG] First batch shape: (64,)
  Pred std: 0.028731, range: 0.214430, mean: 0.038163
  Pos: 98.3%, Neg: 1.7%, Unique: 1252
  Saved validation predictions to: experiments/02b_vintage_sweep/baseline_h16_drop0.30/collapse_monitoring/val_predictions_epoch27.npy
  Gradient norms:
    lstm_encoder: 0.009552
    lstm_decoder: 0.005882
    multihead_attn: 0.002341
    output_layer: 0.092829
  VSN output std:
    encoder: 0.180003
  Attention entropy: 2.971363
  Saved to: experiments/02b_vintage_sweep/baseline_h16_drop0.30/collapse_monitoring/collapse_monitor_epoch27.json
Epoch 28: val_loss=0.4099997580051422
Epoch 28: train_loss=0.4265289604663849

[CollapseMonitor] Epoch 28
  [DEBUG] Processed 21 batches from val_dataloader
  [DEBUG] Predictions shape after concat: (1282,)
  [DEBUG] All predictions list length: 21
  [DEBUG] First batch shape: (64,)
  Pred std: 0.027300, range: 0.214632, mean: 0.053669
  Pos: 100.0%, Neg: 0.0%, Unique: 1251
  Saved validation predictions to: experiments/02b_vintage_sweep/baseline_h16_drop0.30/collapse_monitoring/val_predictions_epoch28.npy
  Gradient norms:
    lstm_encoder: 0.009937
    lstm_decoder: 0.005926
    multihead_attn: 0.002312
    output_layer: 0.097506
  VSN output std:
    encoder: 0.177943
  Attention entropy: 2.972134
  Saved to: experiments/02b_vintage_sweep/baseline_h16_drop0.30/collapse_monitoring/collapse_monitor_epoch28.json
Epoch 29: val_loss=0.4089026153087616
Epoch 29: train_loss=0.4269077181816101

[CollapseMonitor] Epoch 29
  [DEBUG] Processed 21 batches from val_dataloader
  [DEBUG] Predictions shape after concat: (1282,)
  [DEBUG] All predictions list length: 21
  [DEBUG] First batch shape: (64,)
  Pred std: 0.023777, range: 0.198215, mean: 0.049558
  Pos: 99.7%, Neg: 0.3%, Unique: 1244
  Saved validation predictions to: experiments/02b_vintage_sweep/baseline_h16_drop0.30/collapse_monitoring/val_predictions_epoch29.npy
  Gradient norms:
    lstm_encoder: 0.010221
    lstm_decoder: 0.006050
    multihead_attn: 0.002197
    output_layer: 0.095495
  VSN output std:
    encoder: 0.180513
  Attention entropy: 2.972244
  Saved to: experiments/02b_vintage_sweep/baseline_h16_drop0.30/collapse_monitoring/collapse_monitor_epoch29.json
Epoch 30: val_loss=0.40952005982398987
Epoch 30: train_loss=0.42502057552337646

[CollapseMonitor] Epoch 30
  [DEBUG] Processed 21 batches from val_dataloader
  [DEBUG] Predictions shape after concat: (1282,)
  [DEBUG] All predictions list length: 21
  [DEBUG] First batch shape: (64,)
  Pred std: 0.029710, range: 0.211578, mean: 0.032887
  Pos: 100.0%, Neg: 0.0%, Unique: 1254
  Saved validation predictions to: experiments/02b_vintage_sweep/baseline_h16_drop0.30/collapse_monitoring/val_predictions_epoch30.npy
  Gradient norms:
    lstm_encoder: 0.010410
    lstm_decoder: 0.006295
    multihead_attn: 0.002223
    output_layer: 0.093472
  VSN output std:
    encoder: 0.179797
  Attention entropy: 2.972353
  Saved to: experiments/02b_vintage_sweep/baseline_h16_drop0.30/collapse_monitoring/collapse_monitor_epoch30.json
Epoch 31: val_loss=0.4081561863422394
Epoch 31: train_loss=0.4259130656719208

[CollapseMonitor] Epoch 31
  [DEBUG] Processed 21 batches from val_dataloader
  [DEBUG] Predictions shape after concat: (1282,)
  [DEBUG] All predictions list length: 21
  [DEBUG] First batch shape: (64,)
  Pred std: 0.023813, range: 0.179997, mean: 0.077641
  Pos: 100.0%, Neg: 0.0%, Unique: 1248
  Saved validation predictions to: experiments/02b_vintage_sweep/baseline_h16_drop0.30/collapse_monitoring/val_predictions_epoch31.npy
  Gradient norms:
    lstm_encoder: 0.011760
    lstm_decoder: 0.006762
    multihead_attn: 0.002386
    output_layer: 0.096596
  VSN output std:
    encoder: 0.179256
  Attention entropy: 2.968005
  Saved to: experiments/02b_vintage_sweep/baseline_h16_drop0.30/collapse_monitoring/collapse_monitor_epoch31.json
Epoch 32: val_loss=0.40728560090065
Epoch 32: train_loss=0.42456111311912537

[CollapseMonitor] Epoch 32
  [DEBUG] Processed 21 batches from val_dataloader
  [DEBUG] Predictions shape after concat: (1282,)
  [DEBUG] All predictions list length: 21
  [DEBUG] First batch shape: (64,)
  Pred std: 0.028827, range: 0.208916, mean: 0.053079
  Pos: 100.0%, Neg: 0.0%, Unique: 1250
  Saved validation predictions to: experiments/02b_vintage_sweep/baseline_h16_drop0.30/collapse_monitoring/val_predictions_epoch32.npy
  Gradient norms:
    lstm_encoder: 0.010497
    lstm_decoder: 0.006389
    multihead_attn: 0.002165
    output_layer: 0.089602
  VSN output std:
    encoder: 0.183416
  Attention entropy: 2.967843
  Saved to: experiments/02b_vintage_sweep/baseline_h16_drop0.30/collapse_monitoring/collapse_monitor_epoch32.json
Epoch 33: val_loss=0.40695565938949585
Epoch 33: train_loss=0.42420127987861633

[CollapseMonitor] Epoch 33
  [DEBUG] Processed 21 batches from val_dataloader
  [DEBUG] Predictions shape after concat: (1282,)
  [DEBUG] All predictions list length: 21
  [DEBUG] First batch shape: (64,)
  Pred std: 0.044360, range: 0.287885, mean: 0.050549
  Pos: 100.0%, Neg: 0.0%, Unique: 1258
  Saved validation predictions to: experiments/02b_vintage_sweep/baseline_h16_drop0.30/collapse_monitoring/val_predictions_epoch33.npy
  Gradient norms:
    lstm_encoder: 0.012746
    lstm_decoder: 0.007371
    multihead_attn: 0.002180
    output_layer: 0.088848
  VSN output std:
    encoder: 0.183483
  Attention entropy: 2.966082
  Saved to: experiments/02b_vintage_sweep/baseline_h16_drop0.30/collapse_monitoring/collapse_monitor_epoch33.json
Epoch 34: val_loss=0.4069123864173889
Epoch 34: train_loss=0.4222133755683899

[CollapseMonitor] Epoch 34
  [DEBUG] Processed 21 batches from val_dataloader
  [DEBUG] Predictions shape after concat: (1282,)
  [DEBUG] All predictions list length: 21
  [DEBUG] First batch shape: (64,)
  Pred std: 0.036859, range: 0.267490, mean: 0.035395
  Pos: 99.2%, Neg: 0.8%, Unique: 1250
  Saved validation predictions to: experiments/02b_vintage_sweep/baseline_h16_drop0.30/collapse_monitoring/val_predictions_epoch34.npy
  Gradient norms:
    lstm_encoder: 0.011884
    lstm_decoder: 0.007098
    multihead_attn: 0.002206
    output_layer: 0.090711
  VSN output std:
    encoder: 0.184046
  Attention entropy: 2.962535
  Saved to: experiments/02b_vintage_sweep/baseline_h16_drop0.30/collapse_monitoring/collapse_monitor_epoch34.json
Epoch 35: val_loss=0.40610140562057495
Epoch 35: train_loss=0.42455512285232544

[CollapseMonitor] Epoch 35
  [DEBUG] Processed 21 batches from val_dataloader
  [DEBUG] Predictions shape after concat: (1282,)
  [DEBUG] All predictions list length: 21
  [DEBUG] First batch shape: (64,)
  Pred std: 0.026468, range: 0.200968, mean: 0.019112
  Pos: 96.0%, Neg: 4.0%, Unique: 1252
  Saved validation predictions to: experiments/02b_vintage_sweep/baseline_h16_drop0.30/collapse_monitoring/val_predictions_epoch35.npy
  Gradient norms:
    lstm_encoder: 0.012176
    lstm_decoder: 0.007322
    multihead_attn: 0.002032
    output_layer: 0.094047
  VSN output std:
    encoder: 0.185136
  Attention entropy: 2.965753
  Saved to: experiments/02b_vintage_sweep/baseline_h16_drop0.30/collapse_monitoring/collapse_monitor_epoch35.json
Epoch 36: val_loss=0.4052966833114624
Epoch 36: train_loss=0.4236689507961273

[CollapseMonitor] Epoch 36
  [DEBUG] Processed 21 batches from val_dataloader
  [DEBUG] Predictions shape after concat: (1282,)
  [DEBUG] All predictions list length: 21
  [DEBUG] First batch shape: (64,)
  Pred std: 0.024686, range: 0.194723, mean: 0.071613
  Pos: 100.0%, Neg: 0.0%, Unique: 1248
  Saved validation predictions to: experiments/02b_vintage_sweep/baseline_h16_drop0.30/collapse_monitoring/val_predictions_epoch36.npy
  Gradient norms:
    lstm_encoder: 0.012839
    lstm_decoder: 0.007809
    multihead_attn: 0.001959
    output_layer: 0.095047
  VSN output std:
    encoder: 0.184313
  Attention entropy: 2.967077
  Saved to: experiments/02b_vintage_sweep/baseline_h16_drop0.30/collapse_monitoring/collapse_monitor_epoch36.json
Epoch 37: val_loss=0.4060448408126831
Epoch 37: train_loss=0.4244830906391144

[CollapseMonitor] Epoch 37
  [DEBUG] Processed 21 batches from val_dataloader
  [DEBUG] Predictions shape after concat: (1282,)
  [DEBUG] All predictions list length: 21
  [DEBUG] First batch shape: (64,)
  Pred std: 0.034795, range: 0.253395, mean: 0.019140
  Pos: 90.9%, Neg: 9.1%, Unique: 1255
  Saved validation predictions to: experiments/02b_vintage_sweep/baseline_h16_drop0.30/collapse_monitoring/val_predictions_epoch37.npy
  Gradient norms:
    lstm_encoder: 0.013187
    lstm_decoder: 0.007843
    multihead_attn: 0.001986
    output_layer: 0.094039
  VSN output std:
    encoder: 0.185911
  Attention entropy: 2.973800
  Saved to: experiments/02b_vintage_sweep/baseline_h16_drop0.30/collapse_monitoring/collapse_monitor_epoch37.json
Epoch 38: val_loss=0.40465980768203735
Epoch 38: train_loss=0.42377910017967224

[CollapseMonitor] Epoch 38
  [DEBUG] Processed 21 batches from val_dataloader
  [DEBUG] Predictions shape after concat: (1282,)
  [DEBUG] All predictions list length: 21
  [DEBUG] First batch shape: (64,)
  Pred std: 0.036222, range: 0.249300, mean: 0.079533
  Pos: 100.0%, Neg: 0.0%, Unique: 1257
  Saved validation predictions to: experiments/02b_vintage_sweep/baseline_h16_drop0.30/collapse_monitoring/val_predictions_epoch38.npy
  Gradient norms:
    lstm_encoder: 0.013421
    lstm_decoder: 0.008166
    multihead_attn: 0.001956
    output_layer: 0.099796
  VSN output std:
    encoder: 0.185937
  Attention entropy: 2.961263
  Saved to: experiments/02b_vintage_sweep/baseline_h16_drop0.30/collapse_monitoring/collapse_monitor_epoch38.json
Epoch 39: val_loss=0.4052298665046692
Epoch 39: train_loss=0.4235861003398895

[CollapseMonitor] Epoch 39
  [DEBUG] Processed 21 batches from val_dataloader
  [DEBUG] Predictions shape after concat: (1282,)
  [DEBUG] All predictions list length: 21
  [DEBUG] First batch shape: (64,)
  Pred std: 0.021947, range: 0.191275, mean: 0.068416
  Pos: 100.0%, Neg: 0.0%, Unique: 1256
  Saved validation predictions to: experiments/02b_vintage_sweep/baseline_h16_drop0.30/collapse_monitoring/val_predictions_epoch39.npy
  Gradient norms:
    lstm_encoder: 0.013792
    lstm_decoder: 0.008104
    multihead_attn: 0.002086
    output_layer: 0.097922
  VSN output std:
    encoder: 0.185389
  Attention entropy: 2.960216
  Saved to: experiments/02b_vintage_sweep/baseline_h16_drop0.30/collapse_monitoring/collapse_monitor_epoch39.json
Epoch 40: val_loss=0.4042511582374573
Epoch 40: train_loss=0.4240367114543915

[CollapseMonitor] Epoch 40
  [DEBUG] Processed 21 batches from val_dataloader
  [DEBUG] Predictions shape after concat: (1282,)
  [DEBUG] All predictions list length: 21
  [DEBUG] First batch shape: (64,)
  Pred std: 0.029143, range: 0.208015, mean: 0.074784
  Pos: 100.0%, Neg: 0.0%, Unique: 1259
  Saved validation predictions to: experiments/02b_vintage_sweep/baseline_h16_drop0.30/collapse_monitoring/val_predictions_epoch40.npy
  Gradient norms:
    lstm_encoder: 0.014219
    lstm_decoder: 0.008186
    multihead_attn: 0.002116
    output_layer: 0.091254
  VSN output std:
    encoder: 0.186946
  Attention entropy: 2.960961
  Saved to: experiments/02b_vintage_sweep/baseline_h16_drop0.30/collapse_monitoring/collapse_monitor_epoch40.json
Epoch 41: val_loss=0.40489622950553894
Epoch 41: train_loss=0.42358848452568054

[CollapseMonitor] Epoch 41
  [DEBUG] Processed 21 batches from val_dataloader
  [DEBUG] Predictions shape after concat: (1282,)
  [DEBUG] All predictions list length: 21
  [DEBUG] First batch shape: (64,)
  Pred std: 0.029111, range: 0.213712, mean: 0.064282
  Pos: 100.0%, Neg: 0.0%, Unique: 1256
  Saved validation predictions to: experiments/02b_vintage_sweep/baseline_h16_drop0.30/collapse_monitoring/val_predictions_epoch41.npy
  Gradient norms:
    lstm_encoder: 0.014728
    lstm_decoder: 0.008418
    multihead_attn: 0.001993
    output_layer: 0.100694
  VSN output std:
    encoder: 0.188626
  Attention entropy: 2.963577
  Saved to: experiments/02b_vintage_sweep/baseline_h16_drop0.30/collapse_monitoring/collapse_monitor_epoch41.json
Epoch 42: val_loss=0.40325090289115906
Epoch 42: train_loss=0.4229015111923218

[CollapseMonitor] Epoch 42
  [DEBUG] Processed 21 batches from val_dataloader
  [DEBUG] Predictions shape after concat: (1282,)
  [DEBUG] All predictions list length: 21
  [DEBUG] First batch shape: (64,)
  Pred std: 0.026557, range: 0.201116, mean: 0.073216
  Pos: 100.0%, Neg: 0.0%, Unique: 1272
  Saved validation predictions to: experiments/02b_vintage_sweep/baseline_h16_drop0.30/collapse_monitoring/val_predictions_epoch42.npy
  Gradient norms:
    lstm_encoder: 0.015312
    lstm_decoder: 0.008564
    multihead_attn: 0.001831
    output_layer: 0.094280
  VSN output std:
    encoder: 0.190080
  Attention entropy: 2.956356
  Saved to: experiments/02b_vintage_sweep/baseline_h16_drop0.30/collapse_monitoring/collapse_monitor_epoch42.json
Epoch 43: val_loss=0.40410900115966797
Epoch 43: train_loss=0.4215717315673828

[CollapseMonitor] Epoch 43
  [DEBUG] Processed 21 batches from val_dataloader
  [DEBUG] Predictions shape after concat: (1282,)
  [DEBUG] All predictions list length: 21
  [DEBUG] First batch shape: (64,)
  Pred std: 0.027582, range: 0.208435, mean: 0.044034
  Pos: 100.0%, Neg: 0.0%, Unique: 1260
  Saved validation predictions to: experiments/02b_vintage_sweep/baseline_h16_drop0.30/collapse_monitoring/val_predictions_epoch43.npy
  Gradient norms:
    lstm_encoder: 0.015227
    lstm_decoder: 0.008500
    multihead_attn: 0.001835
    output_layer: 0.098842
  VSN output std:
    encoder: 0.192304
  Attention entropy: 2.959517
  Saved to: experiments/02b_vintage_sweep/baseline_h16_drop0.30/collapse_monitoring/collapse_monitor_epoch43.json
Epoch 44: val_loss=0.4029591977596283
Epoch 44: train_loss=0.4221673607826233

[CollapseMonitor] Epoch 44
  [DEBUG] Processed 21 batches from val_dataloader
  [DEBUG] Predictions shape after concat: (1282,)
  [DEBUG] All predictions list length: 21
  [DEBUG] First batch shape: (64,)
  Pred std: 0.026634, range: 0.208159, mean: 0.062529
  Pos: 100.0%, Neg: 0.0%, Unique: 1262
  Saved validation predictions to: experiments/02b_vintage_sweep/baseline_h16_drop0.30/collapse_monitoring/val_predictions_epoch44.npy
  Gradient norms:
    lstm_encoder: 0.018135
    lstm_decoder: 0.009519
    multihead_attn: 0.001913
    output_layer: 0.095800
  VSN output std:
    encoder: 0.193028
  Attention entropy: 2.957340
  Saved to: experiments/02b_vintage_sweep/baseline_h16_drop0.30/collapse_monitoring/collapse_monitor_epoch44.json
Epoch 45: val_loss=0.40225890278816223
Epoch 45: train_loss=0.42151957750320435

[CollapseMonitor] Epoch 45
  [DEBUG] Processed 21 batches from val_dataloader
  [DEBUG] Predictions shape after concat: (1282,)
  [DEBUG] All predictions list length: 21
  [DEBUG] First batch shape: (64,)
  Pred std: 0.031309, range: 0.225286, mean: 0.059391
  Pos: 100.0%, Neg: 0.0%, Unique: 1258
  Saved validation predictions to: experiments/02b_vintage_sweep/baseline_h16_drop0.30/collapse_monitoring/val_predictions_epoch45.npy
  Gradient norms:
    lstm_encoder: 0.017182
    lstm_decoder: 0.008921
    multihead_attn: 0.001951
    output_layer: 0.091347
  VSN output std:
    encoder: 0.192947
  Attention entropy: 2.955142
  Saved to: experiments/02b_vintage_sweep/baseline_h16_drop0.30/collapse_monitoring/collapse_monitor_epoch45.json
Epoch 46: val_loss=0.4017066955566406
Epoch 46: train_loss=0.42146581411361694

[CollapseMonitor] Epoch 46
  [DEBUG] Processed 21 batches from val_dataloader
  [DEBUG] Predictions shape after concat: (1282,)
  [DEBUG] All predictions list length: 21
  [DEBUG] First batch shape: (64,)
  Pred std: 0.037947, range: 0.260420, mean: 0.053808
  Pos: 100.0%, Neg: 0.0%, Unique: 1261
  Saved validation predictions to: experiments/02b_vintage_sweep/baseline_h16_drop0.30/collapse_monitoring/val_predictions_epoch46.npy
  Gradient norms:
    lstm_encoder: 0.018270
    lstm_decoder: 0.009195
    multihead_attn: 0.001818
    output_layer: 0.087894
  VSN output std:
    encoder: 0.190393
  Attention entropy: 2.959416
  Saved to: experiments/02b_vintage_sweep/baseline_h16_drop0.30/collapse_monitoring/collapse_monitor_epoch46.json
Epoch 47: val_loss=0.40183961391448975
Epoch 47: train_loss=0.42153996229171753

[CollapseMonitor] Epoch 47
  [DEBUG] Processed 21 batches from val_dataloader
  [DEBUG] Predictions shape after concat: (1282,)
  [DEBUG] All predictions list length: 21
  [DEBUG] First batch shape: (64,)
  Pred std: 0.031420, range: 0.230807, mean: 0.049717
  Pos: 100.0%, Neg: 0.0%, Unique: 1262
  Saved validation predictions to: experiments/02b_vintage_sweep/baseline_h16_drop0.30/collapse_monitoring/val_predictions_epoch47.npy
  Gradient norms:
    lstm_encoder: 0.019247
    lstm_decoder: 0.009296
    multihead_attn: 0.001766
    output_layer: 0.094393
  VSN output std:
    encoder: 0.197731
  Attention entropy: 2.963474
  Saved to: experiments/02b_vintage_sweep/baseline_h16_drop0.30/collapse_monitoring/collapse_monitor_epoch47.json
Epoch 48: val_loss=0.4027012586593628
Epoch 48: train_loss=0.4231143295764923

[CollapseMonitor] Epoch 48
  [DEBUG] Processed 21 batches from val_dataloader
  [DEBUG] Predictions shape after concat: (1282,)
  [DEBUG] All predictions list length: 21
  [DEBUG] First batch shape: (64,)
  Pred std: 0.034052, range: 0.247274, mean: 0.043013
  Pos: 100.0%, Neg: 0.0%, Unique: 1262
  Saved validation predictions to: experiments/02b_vintage_sweep/baseline_h16_drop0.30/collapse_monitoring/val_predictions_epoch48.npy
  Gradient norms:
    lstm_encoder: 0.020393
    lstm_decoder: 0.010250
    multihead_attn: 0.001899
    output_layer: 0.095428
  VSN output std:
    encoder: 0.210731
  Attention entropy: 2.966213
  Saved to: experiments/02b_vintage_sweep/baseline_h16_drop0.30/collapse_monitoring/collapse_monitor_epoch48.json
Epoch 49: val_loss=0.40102502703666687
Epoch 49: train_loss=0.42147859930992126

[CollapseMonitor] Epoch 49
  [DEBUG] Processed 21 batches from val_dataloader
  [DEBUG] Predictions shape after concat: (1282,)
  [DEBUG] All predictions list length: 21
  [DEBUG] First batch shape: (64,)
  Pred std: 0.033050, range: 0.246235, mean: 0.054458
  Pos: 100.0%, Neg: 0.0%, Unique: 1268
  Saved validation predictions to: experiments/02b_vintage_sweep/baseline_h16_drop0.30/collapse_monitoring/val_predictions_epoch49.npy
  Gradient norms:
    lstm_encoder: 0.021324
    lstm_decoder: 0.010045
    multihead_attn: 0.001874
    output_layer: 0.092468
  VSN output std:
    encoder: 0.210863
  Attention entropy: 2.959793
  Saved to: experiments/02b_vintage_sweep/baseline_h16_drop0.30/collapse_monitoring/collapse_monitor_epoch49.json
Epoch 50: val_loss=0.4016060531139374
Epoch 50: train_loss=0.4219821095466614

[CollapseMonitor] Epoch 50
  [DEBUG] Processed 21 batches from val_dataloader
  [DEBUG] Predictions shape after concat: (1282,)
  [DEBUG] All predictions list length: 21
  [DEBUG] First batch shape: (64,)
  Pred std: 0.025809, range: 0.195774, mean: 0.061126
  Pos: 100.0%, Neg: 0.0%, Unique: 1265
  Saved validation predictions to: experiments/02b_vintage_sweep/baseline_h16_drop0.30/collapse_monitoring/val_predictions_epoch50.npy
  Gradient norms:
    lstm_encoder: 0.021600
    lstm_decoder: 0.010669
    multihead_attn: 0.001971
    output_layer: 0.098168
  VSN output std:
    encoder: 0.205760
  Attention entropy: 2.958567
  Saved to: experiments/02b_vintage_sweep/baseline_h16_drop0.30/collapse_monitoring/collapse_monitor_epoch50.json
Epoch 51: val_loss=0.4015795588493347
Epoch 51: train_loss=0.42221584916114807

[CollapseMonitor] Epoch 51
  [DEBUG] Processed 21 batches from val_dataloader
  [DEBUG] Predictions shape after concat: (1282,)
  [DEBUG] All predictions list length: 21
  [DEBUG] First batch shape: (64,)
  Pred std: 0.032696, range: 0.252246, mean: 0.036219
  Pos: 95.6%, Neg: 4.4%, Unique: 1264
  Saved validation predictions to: experiments/02b_vintage_sweep/baseline_h16_drop0.30/collapse_monitoring/val_predictions_epoch51.npy
  Gradient norms:
    lstm_encoder: 0.021723
    lstm_decoder: 0.010046
    multihead_attn: 0.001881
    output_layer: 0.098972
  VSN output std:
    encoder: 0.199616
  Attention entropy: 2.956125
  Saved to: experiments/02b_vintage_sweep/baseline_h16_drop0.30/collapse_monitoring/collapse_monitor_epoch51.json
Epoch 52: val_loss=0.3997943699359894
Epoch 52: train_loss=0.42254236340522766

[CollapseMonitor] Epoch 52
  [DEBUG] Processed 21 batches from val_dataloader
  [DEBUG] Predictions shape after concat: (1282,)
  [DEBUG] All predictions list length: 21
  [DEBUG] First batch shape: (64,)
  Pred std: 0.037379, range: 0.274643, mean: 0.065202
  Pos: 100.0%, Neg: 0.0%, Unique: 1271
  Saved validation predictions to: experiments/02b_vintage_sweep/baseline_h16_drop0.30/collapse_monitoring/val_predictions_epoch52.npy
  Gradient norms:
    lstm_encoder: 0.023839
    lstm_decoder: 0.011355
    multihead_attn: 0.001896
    output_layer: 0.096118
  VSN output std:
    encoder: 0.203319
  Attention entropy: 2.954799
  Saved to: experiments/02b_vintage_sweep/baseline_h16_drop0.30/collapse_monitoring/collapse_monitor_epoch52.json
Epoch 53: val_loss=0.3999113440513611
Epoch 53: train_loss=0.4223659336566925

[CollapseMonitor] Epoch 53
  [DEBUG] Processed 21 batches from val_dataloader
  [DEBUG] Predictions shape after concat: (1282,)
  [DEBUG] All predictions list length: 21
  [DEBUG] First batch shape: (64,)
  Pred std: 0.039521, range: 0.274231, mean: 0.079164
  Pos: 100.0%, Neg: 0.0%, Unique: 1267
  Saved validation predictions to: experiments/02b_vintage_sweep/baseline_h16_drop0.30/collapse_monitoring/val_predictions_epoch53.npy
  Gradient norms:
    lstm_encoder: 0.021765
    lstm_decoder: 0.010411
    multihead_attn: 0.001851
    output_layer: 0.094578
  VSN output std:
    encoder: 0.193388
  Attention entropy: 2.951993
  Saved to: experiments/02b_vintage_sweep/baseline_h16_drop0.30/collapse_monitoring/collapse_monitor_epoch53.json
Epoch 54: val_loss=0.400778204202652
Epoch 54: train_loss=0.42177289724349976

[CollapseMonitor] Epoch 54
  [DEBUG] Processed 21 batches from val_dataloader
  [DEBUG] Predictions shape after concat: (1282,)
  [DEBUG] All predictions list length: 21
  [DEBUG] First batch shape: (64,)
  Pred std: 0.037377, range: 0.253839, mean: 0.062552
  Pos: 100.0%, Neg: 0.0%, Unique: 1266
  Saved validation predictions to: experiments/02b_vintage_sweep/baseline_h16_drop0.30/collapse_monitoring/val_predictions_epoch54.npy
  Gradient norms:
    lstm_encoder: 0.022124
    lstm_decoder: 0.010766
    multihead_attn: 0.001813
    output_layer: 0.096042
  VSN output std:
    encoder: 0.191848
  Attention entropy: 2.960016
  Saved to: experiments/02b_vintage_sweep/baseline_h16_drop0.30/collapse_monitoring/collapse_monitor_epoch54.json
Epoch 55: val_loss=0.3999006152153015
Epoch 55: train_loss=0.42105719447135925

[CollapseMonitor] Epoch 55
  [DEBUG] Processed 21 batches from val_dataloader
  [DEBUG] Predictions shape after concat: (1282,)
  [DEBUG] All predictions list length: 21
  [DEBUG] First batch shape: (64,)
  Pred std: 0.037354, range: 0.261285, mean: 0.067583
  Pos: 100.0%, Neg: 0.0%, Unique: 1271
  Saved validation predictions to: experiments/02b_vintage_sweep/baseline_h16_drop0.30/collapse_monitoring/val_predictions_epoch55.npy
  Gradient norms:
    lstm_encoder: 0.023727
    lstm_decoder: 0.011002
    multihead_attn: 0.001811
    output_layer: 0.098356
  VSN output std:
    encoder: 0.192192
  Attention entropy: 2.956849
  Saved to: experiments/02b_vintage_sweep/baseline_h16_drop0.30/collapse_monitoring/collapse_monitor_epoch55.json
Epoch 56: val_loss=0.3992503583431244
Epoch 56: train_loss=0.4214634597301483

[CollapseMonitor] Epoch 56
  [DEBUG] Processed 21 batches from val_dataloader
  [DEBUG] Predictions shape after concat: (1282,)
  [DEBUG] All predictions list length: 21
  [DEBUG] First batch shape: (64,)
  Pred std: 0.033506, range: 0.231189, mean: 0.104607
  Pos: 100.0%, Neg: 0.0%, Unique: 1270
  Saved validation predictions to: experiments/02b_vintage_sweep/baseline_h16_drop0.30/collapse_monitoring/val_predictions_epoch56.npy
  Gradient norms:
    lstm_encoder: 0.025877
    lstm_decoder: 0.011563
    multihead_attn: 0.001857
    output_layer: 0.096420
  VSN output std:
    encoder: 0.194765
  Attention entropy: 2.946891
  Saved to: experiments/02b_vintage_sweep/baseline_h16_drop0.30/collapse_monitoring/collapse_monitor_epoch56.json
Epoch 57: val_loss=0.39895403385162354
Epoch 57: train_loss=0.4210481345653534

[CollapseMonitor] Epoch 57
  [DEBUG] Processed 21 batches from val_dataloader
  [DEBUG] Predictions shape after concat: (1282,)
  [DEBUG] All predictions list length: 21
  [DEBUG] First batch shape: (64,)
  Pred std: 0.035491, range: 0.240113, mean: 0.074842
  Pos: 100.0%, Neg: 0.0%, Unique: 1271
  Saved validation predictions to: experiments/02b_vintage_sweep/baseline_h16_drop0.30/collapse_monitoring/val_predictions_epoch57.npy
  Gradient norms:
    lstm_encoder: 0.023493
    lstm_decoder: 0.010906
    multihead_attn: 0.001669
    output_layer: 0.088300
  VSN output std:
    encoder: 0.192707
  Attention entropy: 2.944695
  Saved to: experiments/02b_vintage_sweep/baseline_h16_drop0.30/collapse_monitoring/collapse_monitor_epoch57.json
Epoch 58: val_loss=0.39903250336647034
Epoch 58: train_loss=0.4202098846435547

[CollapseMonitor] Epoch 58
  [DEBUG] Processed 21 batches from val_dataloader
  [DEBUG] Predictions shape after concat: (1282,)
  [DEBUG] All predictions list length: 21
  [DEBUG] First batch shape: (64,)
  Pred std: 0.030586, range: 0.211315, mean: 0.050655
  Pos: 99.5%, Neg: 0.5%, Unique: 1270
  Saved validation predictions to: experiments/02b_vintage_sweep/baseline_h16_drop0.30/collapse_monitoring/val_predictions_epoch58.npy
  Gradient norms:
    lstm_encoder: 0.023562
    lstm_decoder: 0.010936
    multihead_attn: 0.001698
    output_layer: 0.095222
  VSN output std:
    encoder: 0.194707
  Attention entropy: 2.937913
  Saved to: experiments/02b_vintage_sweep/baseline_h16_drop0.30/collapse_monitoring/collapse_monitor_epoch58.json
Epoch 59: val_loss=0.40079817175865173
Epoch 59: train_loss=0.4212035834789276

[CollapseMonitor] Epoch 59
  [DEBUG] Processed 21 batches from val_dataloader
  [DEBUG] Predictions shape after concat: (1282,)
  [DEBUG] All predictions list length: 21
  [DEBUG] First batch shape: (64,)
  Pred std: 0.028139, range: 0.189798, mean: 0.078249
  Pos: 100.0%, Neg: 0.0%, Unique: 1268
  Saved validation predictions to: experiments/02b_vintage_sweep/baseline_h16_drop0.30/collapse_monitoring/val_predictions_epoch59.npy
  Gradient norms:
    lstm_encoder: 0.025537
    lstm_decoder: 0.011511
    multihead_attn: 0.001798
    output_layer: 0.091042
  VSN output std:
    encoder: 0.195804
  Attention entropy: 2.946125
  Saved to: experiments/02b_vintage_sweep/baseline_h16_drop0.30/collapse_monitoring/collapse_monitor_epoch59.json
Epoch 60: val_loss=0.3992691934108734
Epoch 60: train_loss=0.42065316438674927

[CollapseMonitor] Epoch 60
  [DEBUG] Processed 21 batches from val_dataloader
  [DEBUG] Predictions shape after concat: (1282,)
  [DEBUG] All predictions list length: 21
  [DEBUG] First batch shape: (64,)
  Pred std: 0.032582, range: 0.220599, mean: 0.070233
  Pos: 100.0%, Neg: 0.0%, Unique: 1270
  Saved validation predictions to: experiments/02b_vintage_sweep/baseline_h16_drop0.30/collapse_monitoring/val_predictions_epoch60.npy
  Gradient norms:
    lstm_encoder: 0.026065
    lstm_decoder: 0.011154
    multihead_attn: 0.001787
    output_layer: 0.090901
  VSN output std:
    encoder: 0.194297
  Attention entropy: 2.941242
  Saved to: experiments/02b_vintage_sweep/baseline_h16_drop0.30/collapse_monitoring/collapse_monitor_epoch60.json
Epoch 61: val_loss=0.39870962500572205
Epoch 61: train_loss=0.42092111706733704

[CollapseMonitor] Epoch 61
  [DEBUG] Processed 21 batches from val_dataloader
  [DEBUG] Predictions shape after concat: (1282,)
  [DEBUG] All predictions list length: 21
  [DEBUG] First batch shape: (64,)
  Pred std: 0.033078, range: 0.213359, mean: 0.065154
  Pos: 100.0%, Neg: 0.0%, Unique: 1263
  Saved validation predictions to: experiments/02b_vintage_sweep/baseline_h16_drop0.30/collapse_monitoring/val_predictions_epoch61.npy
  Gradient norms:
    lstm_encoder: 0.026630
    lstm_decoder: 0.012062
    multihead_attn: 0.001711
    output_layer: 0.094450
  VSN output std:
    encoder: 0.195082
  Attention entropy: 2.940352
  Saved to: experiments/02b_vintage_sweep/baseline_h16_drop0.30/collapse_monitoring/collapse_monitor_epoch61.json
Epoch 62: val_loss=0.39965081214904785
Epoch 62: train_loss=0.42113474011421204

[CollapseMonitor] Epoch 62
  [DEBUG] Processed 21 batches from val_dataloader
  [DEBUG] Predictions shape after concat: (1282,)
  [DEBUG] All predictions list length: 21
  [DEBUG] First batch shape: (64,)
  Pred std: 0.030923, range: 0.213113, mean: 0.070862
  Pos: 100.0%, Neg: 0.0%, Unique: 1270
  Saved validation predictions to: experiments/02b_vintage_sweep/baseline_h16_drop0.30/collapse_monitoring/val_predictions_epoch62.npy
  Gradient norms:
    lstm_encoder: 0.024180
    lstm_decoder: 0.011382
    multihead_attn: 0.001875
    output_layer: 0.088351
  VSN output std:
    encoder: 0.196422
  Attention entropy: 2.934636
  Saved to: experiments/02b_vintage_sweep/baseline_h16_drop0.30/collapse_monitoring/collapse_monitor_epoch62.json
Epoch 63: val_loss=0.3976747691631317
Epoch 63: train_loss=0.4195721745491028

[CollapseMonitor] Epoch 63
  [DEBUG] Processed 21 batches from val_dataloader
  [DEBUG] Predictions shape after concat: (1282,)
  [DEBUG] All predictions list length: 21
  [DEBUG] First batch shape: (64,)
  Pred std: 0.042504, range: 0.285097, mean: 0.054278
  Pos: 98.5%, Neg: 1.5%, Unique: 1267
  Saved validation predictions to: experiments/02b_vintage_sweep/baseline_h16_drop0.30/collapse_monitoring/val_predictions_epoch63.npy
  Gradient norms:
    lstm_encoder: 0.027654
    lstm_decoder: 0.012106
    multihead_attn: 0.002034
    output_layer: 0.093224
  VSN output std:
    encoder: 0.194804
  Attention entropy: 2.926888
  Saved to: experiments/02b_vintage_sweep/baseline_h16_drop0.30/collapse_monitoring/collapse_monitor_epoch63.json
Epoch 64: val_loss=0.3977493941783905
Epoch 64: train_loss=0.4204760193824768

[CollapseMonitor] Epoch 64
  [DEBUG] Processed 21 batches from val_dataloader
  [DEBUG] Predictions shape after concat: (1282,)
  [DEBUG] All predictions list length: 21
  [DEBUG] First batch shape: (64,)
  Pred std: 0.042584, range: 0.277018, mean: 0.054146
  Pos: 97.7%, Neg: 2.3%, Unique: 1272
  Saved validation predictions to: experiments/02b_vintage_sweep/baseline_h16_drop0.30/collapse_monitoring/val_predictions_epoch64.npy
  Gradient norms:
    lstm_encoder: 0.026121
    lstm_decoder: 0.011941
    multihead_attn: 0.001857
    output_layer: 0.092046
  VSN output std:
    encoder: 0.194189
  Attention entropy: 2.923869
  Saved to: experiments/02b_vintage_sweep/baseline_h16_drop0.30/collapse_monitoring/collapse_monitor_epoch64.json
Epoch 65: val_loss=0.39698725938796997
Epoch 65: train_loss=0.41818615794181824

[CollapseMonitor] Epoch 65
  [DEBUG] Processed 21 batches from val_dataloader
  [DEBUG] Predictions shape after concat: (1282,)
  [DEBUG] All predictions list length: 21
  [DEBUG] First batch shape: (64,)
  Pred std: 0.044441, range: 0.283305, mean: 0.091192
  Pos: 100.0%, Neg: 0.0%, Unique: 1274
  Saved validation predictions to: experiments/02b_vintage_sweep/baseline_h16_drop0.30/collapse_monitoring/val_predictions_epoch65.npy
  Gradient norms:
    lstm_encoder: 0.030370
    lstm_decoder: 0.012146
    multihead_attn: 0.001734
    output_layer: 0.088371
  VSN output std:
    encoder: 0.196169
  Attention entropy: 2.922001
  Saved to: experiments/02b_vintage_sweep/baseline_h16_drop0.30/collapse_monitoring/collapse_monitor_epoch65.json
Epoch 66: val_loss=0.39844855666160583
Epoch 66: train_loss=0.41907721757888794

[CollapseMonitor] Epoch 66
  [DEBUG] Processed 21 batches from val_dataloader
  [DEBUG] Predictions shape after concat: (1282,)
  [DEBUG] All predictions list length: 21
  [DEBUG] First batch shape: (64,)
  Pred std: 0.040157, range: 0.275007, mean: 0.095272
  Pos: 100.0%, Neg: 0.0%, Unique: 1267
  Saved validation predictions to: experiments/02b_vintage_sweep/baseline_h16_drop0.30/collapse_monitoring/val_predictions_epoch66.npy
  Gradient norms:
    lstm_encoder: 0.028798
    lstm_decoder: 0.012168
    multihead_attn: 0.001793
    output_layer: 0.098624
  VSN output std:
    encoder: 0.194938
  Attention entropy: 2.932673
  Saved to: experiments/02b_vintage_sweep/baseline_h16_drop0.30/collapse_monitoring/collapse_monitor_epoch66.json
Epoch 67: val_loss=0.397300124168396
Epoch 67: train_loss=0.41994598507881165

[CollapseMonitor] Epoch 67
  [DEBUG] Processed 21 batches from val_dataloader
  [DEBUG] Predictions shape after concat: (1282,)
  [DEBUG] All predictions list length: 21
  [DEBUG] First batch shape: (64,)
  Pred std: 0.042880, range: 0.281741, mean: 0.086171
  Pos: 100.0%, Neg: 0.0%, Unique: 1276
  Saved validation predictions to: experiments/02b_vintage_sweep/baseline_h16_drop0.30/collapse_monitoring/val_predictions_epoch67.npy
  Gradient norms:
    lstm_encoder: 0.030989
    lstm_decoder: 0.013162
    multihead_attn: 0.001808
    output_layer: 0.101000
  VSN output std:
    encoder: 0.195260
  Attention entropy: 2.926302
  Saved to: experiments/02b_vintage_sweep/baseline_h16_drop0.30/collapse_monitoring/collapse_monitor_epoch67.json
Epoch 68: val_loss=0.39884161949157715
Epoch 68: train_loss=0.42039796710014343

[CollapseMonitor] Epoch 68
  [DEBUG] Processed 21 batches from val_dataloader
  [DEBUG] Predictions shape after concat: (1282,)
  [DEBUG] All predictions list length: 21
  [DEBUG] First batch shape: (64,)
  Pred std: 0.037653, range: 0.260702, mean: 0.066341
  Pos: 100.0%, Neg: 0.0%, Unique: 1272
  Saved validation predictions to: experiments/02b_vintage_sweep/baseline_h16_drop0.30/collapse_monitoring/val_predictions_epoch68.npy
  Gradient norms:
    lstm_encoder: 0.030648
    lstm_decoder: 0.012634
    multihead_attn: 0.001862
    output_layer: 0.093904
  VSN output std:
    encoder: 0.196379
  Attention entropy: 2.935916
  Saved to: experiments/02b_vintage_sweep/baseline_h16_drop0.30/collapse_monitoring/collapse_monitor_epoch68.json
Epoch 69: val_loss=0.3975784480571747
Epoch 69: train_loss=0.41956743597984314

[CollapseMonitor] Epoch 69
  [DEBUG] Processed 21 batches from val_dataloader
  [DEBUG] Predictions shape after concat: (1282,)
  [DEBUG] All predictions list length: 21
  [DEBUG] First batch shape: (64,)
  Pred std: 0.037639, range: 0.256904, mean: 0.108849
  Pos: 100.0%, Neg: 0.0%, Unique: 1269
  Saved validation predictions to: experiments/02b_vintage_sweep/baseline_h16_drop0.30/collapse_monitoring/val_predictions_epoch69.npy
  Gradient norms:
    lstm_encoder: 0.028413
    lstm_decoder: 0.012294
    multihead_attn: 0.001704
    output_layer: 0.096544
  VSN output std:
    encoder: 0.196934
  Attention entropy: 2.932842
  Saved to: experiments/02b_vintage_sweep/baseline_h16_drop0.30/collapse_monitoring/collapse_monitor_epoch69.json
Epoch 70: val_loss=0.39923012256622314
Epoch 70: train_loss=0.42096516489982605

[CollapseMonitor] Epoch 70
  [DEBUG] Processed 21 batches from val_dataloader
  [DEBUG] Predictions shape after concat: (1282,)
  [DEBUG] All predictions list length: 21
  [DEBUG] First batch shape: (64,)
  Pred std: 0.034413, range: 0.245430, mean: 0.079296
  Pos: 100.0%, Neg: 0.0%, Unique: 1269
  Saved validation predictions to: experiments/02b_vintage_sweep/baseline_h16_drop0.30/collapse_monitoring/val_predictions_epoch70.npy
  Gradient norms:
    lstm_encoder: 0.030145
    lstm_decoder: 0.012764
    multihead_attn: 0.001640
    output_layer: 0.097935
  VSN output std:
    encoder: 0.196186
  Attention entropy: 2.935988
  Saved to: experiments/02b_vintage_sweep/baseline_h16_drop0.30/collapse_monitoring/collapse_monitor_epoch70.json
Epoch 71: val_loss=0.39836788177490234
Epoch 71: train_loss=0.419768750667572

[CollapseMonitor] Epoch 71
  [DEBUG] Processed 21 batches from val_dataloader
  [DEBUG] Predictions shape after concat: (1282,)
  [DEBUG] All predictions list length: 21
  [DEBUG] First batch shape: (64,)
  Pred std: 0.037170, range: 0.259028, mean: 0.074132
  Pos: 100.0%, Neg: 0.0%, Unique: 1270
  Saved validation predictions to: experiments/02b_vintage_sweep/baseline_h16_drop0.30/collapse_monitoring/val_predictions_epoch71.npy
  Gradient norms:
    lstm_encoder: 0.033554
    lstm_decoder: 0.012929
    multihead_attn: 0.001736
    output_layer: 0.090854
  VSN output std:
    encoder: 0.195762
  Attention entropy: 2.933235
  Saved to: experiments/02b_vintage_sweep/baseline_h16_drop0.30/collapse_monitoring/collapse_monitor_epoch71.json
Epoch 72: val_loss=0.39753931760787964
Epoch 72: train_loss=0.4202236533164978

[CollapseMonitor] Epoch 72
  [DEBUG] Processed 21 batches from val_dataloader
  [DEBUG] Predictions shape after concat: (1282,)
  [DEBUG] All predictions list length: 21
  [DEBUG] First batch shape: (64,)
  Pred std: 0.036532, range: 0.253114, mean: 0.075112
  Pos: 100.0%, Neg: 0.0%, Unique: 1274
  Saved validation predictions to: experiments/02b_vintage_sweep/baseline_h16_drop0.30/collapse_monitoring/val_predictions_epoch72.npy
  Gradient norms:
    lstm_encoder: 0.032336
    lstm_decoder: 0.012859
    multihead_attn: 0.001753
    output_layer: 0.097614
  VSN output std:
    encoder: 0.194693
  Attention entropy: 2.934995
  Saved to: experiments/02b_vintage_sweep/baseline_h16_drop0.30/collapse_monitoring/collapse_monitor_epoch72.json
Epoch 73: val_loss=0.3993265628814697
Epoch 73: train_loss=0.42005956172943115

[CollapseMonitor] Epoch 73
  [DEBUG] Processed 21 batches from val_dataloader
  [DEBUG] Predictions shape after concat: (1282,)
  [DEBUG] All predictions list length: 21
  [DEBUG] First batch shape: (64,)
  Pred std: 0.035690, range: 0.256057, mean: 0.066336
  Pos: 100.0%, Neg: 0.0%, Unique: 1267
  Saved validation predictions to: experiments/02b_vintage_sweep/baseline_h16_drop0.30/collapse_monitoring/val_predictions_epoch73.npy
  Gradient norms:
    lstm_encoder: 0.032473
    lstm_decoder: 0.012884
    multihead_attn: 0.001753
    output_layer: 0.095349
  VSN output std:
    encoder: 0.194342
  Attention entropy: 2.941278
  Saved to: experiments/02b_vintage_sweep/baseline_h16_drop0.30/collapse_monitoring/collapse_monitor_epoch73.json
Epoch 74: val_loss=0.3977503180503845
Epoch 74: train_loss=0.41952547430992126

[CollapseMonitor] Epoch 74
  [DEBUG] Processed 21 batches from val_dataloader
  [DEBUG] Predictions shape after concat: (1282,)
  [DEBUG] All predictions list length: 21
  [DEBUG] First batch shape: (64,)
  Pred std: 0.036889, range: 0.265312, mean: 0.071815
  Pos: 100.0%, Neg: 0.0%, Unique: 1275
  Saved validation predictions to: experiments/02b_vintage_sweep/baseline_h16_drop0.30/collapse_monitoring/val_predictions_epoch74.npy
  Gradient norms:
    lstm_encoder: 0.032125
    lstm_decoder: 0.013315
    multihead_attn: 0.001764
    output_layer: 0.094995
  VSN output std:
    encoder: 0.194339
  Attention entropy: 2.935748
  Saved to: experiments/02b_vintage_sweep/baseline_h16_drop0.30/collapse_monitoring/collapse_monitor_epoch74.json
Epoch 75: val_loss=0.39817294478416443
Epoch 75: train_loss=0.41990628838539124

[CollapseMonitor] Epoch 75
  [DEBUG] Processed 21 batches from val_dataloader
  [DEBUG] Predictions shape after concat: (1282,)
  [DEBUG] All predictions list length: 21
  [DEBUG] First batch shape: (64,)
  Pred std: 0.036548, range: 0.266361, mean: 0.060493
  Pos: 99.9%, Neg: 0.1%, Unique: 1276
  Saved validation predictions to: experiments/02b_vintage_sweep/baseline_h16_drop0.30/collapse_monitoring/val_predictions_epoch75.npy
  Gradient norms:
    lstm_encoder: 0.033590
    lstm_decoder: 0.013105
    multihead_attn: 0.001750
    output_layer: 0.095422
  VSN output std:
    encoder: 0.196026
  Attention entropy: 2.934438
  Saved to: experiments/02b_vintage_sweep/baseline_h16_drop0.30/collapse_monitoring/collapse_monitor_epoch75.json


======================================================================
Training complete
======================================================================

Best model checkpoint: experiments/02b_vintage_sweep/baseline_h16_drop0.30/checkpoints/tft-epoch=65-val_loss=0.3970.ckpt
Best validation loss: 0.396987
Completed at: 2025-11-22 16:54:22
Log saved to: experiments/02b_vintage_sweep/baseline_h16_drop0.30/training_20251122_162430.log
======================================================================
