======================================================================
Training TFT: 00_baseline_exploration/sweep2_h16_lr_0.0005
======================================================================
Logging to: experiments/00_baseline_exploration/sweep2_h16_lr_0.0005/training_20251029_183107.log
Started at: 2025-10-29 18:31:07
======================================================================
Configuration saved to: experiments/00_baseline_exploration/sweep2_h16_lr_0.0005/config.json

Loading data splits...
Train: 6066 samples
Val: 1300 samples
Test: 1300 samples

Preparing TimeSeriesDataSet...

Dropping source columns (used for staleness only): ['CPI']

Final features for TFT: ['SP500_Returns', 'VIX', 'Treasury_10Y', 'Yield_Spread', 'Inflation_YoY']

======================================================================
FEATURE STATISTICS - BEFORE NORMALIZATION
======================================================================
VIX                             mean= 19.7193  std=  8.0201  min=  9.3100  max= 80.8600
Treasury_10Y                    mean=  4.7588  std=  1.6860  min=  1.4300  max=  8.3600
Yield_Spread                    mean=  1.2786  std=  0.9184  min= -0.5200  max=  2.9100
Inflation_YoY                   mean=  2.5055  std=  1.1650  min= -1.9588  max=  5.7255

======================================================================
FEATURES AFTER GROUPNORMALIZER (first batch, last timestep)
======================================================================
VIX                             normalized_value=  1.0000
Treasury_10Y                    normalized_value= -0.0500
Yield_Spread                    normalized_value= -0.4214
Inflation_YoY                   normalized_value= -0.9721
======================================================================

Batches per epoch: 94
[DEBUG] Validation batches: 20
[DEBUG] Validation dataset size: 1280
[DEBUG] Batch size: 64

Initializing model...
Model parameters: 22,615

Starting training...
Checkpoints will be saved to: experiments/00_baseline_exploration/sweep2_h16_lr_0.0005/checkpoints/
Logs will be saved to: experiments/00_baseline_exploration/sweep2_h16_lr_0.0005/logs/

Epoch 0: val_loss=N/A
Epoch 0: val_loss=0.594850480556488
Epoch 0: train_loss=0.685597836971283

[CollapseMonitor] Epoch 0
  [DEBUG] Processed 20 batches from val_dataloader
  [DEBUG] Predictions shape after concat: (1280,)
  [DEBUG] All predictions list length: 20
  [DEBUG] First batch shape: (64,)
  Pred std: 0.030825, range: 0.126194, mean: 0.074754
  Pos: 100.0%, Neg: 0.0%, Unique: 1268
  Saved validation predictions to: experiments/00_baseline_exploration/sweep2_h16_lr_0.0005/collapse_monitoring/val_predictions_epoch0.npy
  Gradient norms:
    lstm_encoder: 0.009296
    lstm_decoder: 0.013966
    multihead_attn: 0.008642
    output_layer: 0.634117
  VSN output std:
    encoder: 0.155432
  Attention entropy: 2.991476
  Saved to: experiments/00_baseline_exploration/sweep2_h16_lr_0.0005/collapse_monitoring/collapse_monitor_epoch0.json
Epoch 1: val_loss=0.4996063709259033
Epoch 1: train_loss=0.5796312093734741

[CollapseMonitor] Epoch 1
  [DEBUG] Processed 20 batches from val_dataloader
  [DEBUG] Predictions shape after concat: (1280,)
  [DEBUG] All predictions list length: 20
  [DEBUG] First batch shape: (64,)
  Pred std: 0.019528, range: 0.090106, mean: 0.012085
  Pos: 71.6%, Neg: 28.4%, Unique: 1267
  Saved validation predictions to: experiments/00_baseline_exploration/sweep2_h16_lr_0.0005/collapse_monitoring/val_predictions_epoch1.npy
  Gradient norms:
    lstm_encoder: 0.006468
    lstm_decoder: 0.008635
    multihead_attn: 0.004691
    output_layer: 0.452026
  VSN output std:
    encoder: 0.163550
  Attention entropy: 2.993519
  Saved to: experiments/00_baseline_exploration/sweep2_h16_lr_0.0005/collapse_monitoring/collapse_monitor_epoch1.json
Epoch 2: val_loss=0.46465688943862915
Epoch 2: train_loss=0.5020208954811096

[CollapseMonitor] Epoch 2
  [DEBUG] Processed 20 batches from val_dataloader
  [DEBUG] Predictions shape after concat: (1280,)
  [DEBUG] All predictions list length: 20
  [DEBUG] First batch shape: (64,)
  Pred std: 0.018566, range: 0.095248, mean: 0.016053
  Pos: 86.4%, Neg: 13.6%, Unique: 1260
  Saved validation predictions to: experiments/00_baseline_exploration/sweep2_h16_lr_0.0005/collapse_monitoring/val_predictions_epoch2.npy
  Gradient norms:
    lstm_encoder: 0.004190
    lstm_decoder: 0.004325
    multihead_attn: 0.002921
    output_layer: 0.239322
  VSN output std:
    encoder: 0.165818
  Attention entropy: 2.994683
  Saved to: experiments/00_baseline_exploration/sweep2_h16_lr_0.0005/collapse_monitoring/collapse_monitor_epoch2.json
Epoch 3: val_loss=0.4550379812717438
Epoch 3: train_loss=0.4717363715171814

[CollapseMonitor] Epoch 3
  [DEBUG] Processed 20 batches from val_dataloader
  [DEBUG] Predictions shape after concat: (1280,)
  [DEBUG] All predictions list length: 20
  [DEBUG] First batch shape: (64,)
  Pred std: 0.016647, range: 0.081192, mean: 0.021830
  Pos: 93.3%, Neg: 6.7%, Unique: 1261
  Saved validation predictions to: experiments/00_baseline_exploration/sweep2_h16_lr_0.0005/collapse_monitoring/val_predictions_epoch3.npy
  Gradient norms:
    lstm_encoder: 0.003069
    lstm_decoder: 0.002806
    multihead_attn: 0.002011
    output_layer: 0.129977
  VSN output std:
    encoder: 0.165358
  Attention entropy: 2.994853
  Saved to: experiments/00_baseline_exploration/sweep2_h16_lr_0.0005/collapse_monitoring/collapse_monitor_epoch3.json
Epoch 4: val_loss=0.4512616693973541
Epoch 4: train_loss=0.46115899085998535

[CollapseMonitor] Epoch 4
  [DEBUG] Processed 20 batches from val_dataloader
  [DEBUG] Predictions shape after concat: (1280,)
  [DEBUG] All predictions list length: 20
  [DEBUG] First batch shape: (64,)
  Pred std: 0.013688, range: 0.066273, mean: 0.018505
  Pos: 93.5%, Neg: 6.5%, Unique: 1266
  Saved validation predictions to: experiments/00_baseline_exploration/sweep2_h16_lr_0.0005/collapse_monitoring/val_predictions_epoch4.npy
  Gradient norms:
    lstm_encoder: 0.002922
    lstm_decoder: 0.002603
    multihead_attn: 0.001664
    output_layer: 0.103017
  VSN output std:
    encoder: 0.155164
  Attention entropy: 2.994758
  Saved to: experiments/00_baseline_exploration/sweep2_h16_lr_0.0005/collapse_monitoring/collapse_monitor_epoch4.json
Epoch 5: val_loss=0.44814181327819824
Epoch 5: train_loss=0.45777958631515503

[CollapseMonitor] Epoch 5
  [DEBUG] Processed 20 batches from val_dataloader
  [DEBUG] Predictions shape after concat: (1280,)
  [DEBUG] All predictions list length: 20
  [DEBUG] First batch shape: (64,)
  Pred std: 0.012514, range: 0.056469, mean: 0.058855
  Pos: 100.0%, Neg: 0.0%, Unique: 1257
  Saved validation predictions to: experiments/00_baseline_exploration/sweep2_h16_lr_0.0005/collapse_monitoring/val_predictions_epoch5.npy
  Gradient norms:
    lstm_encoder: 0.003002
    lstm_decoder: 0.002646
    multihead_attn: 0.001502
    output_layer: 0.099728
  VSN output std:
    encoder: 0.163482
  Attention entropy: 2.993569
  Saved to: experiments/00_baseline_exploration/sweep2_h16_lr_0.0005/collapse_monitoring/collapse_monitor_epoch5.json
Epoch 6: val_loss=0.4471120238304138
Epoch 6: train_loss=0.45395269989967346

[CollapseMonitor] Epoch 6
  [DEBUG] Processed 20 batches from val_dataloader
  [DEBUG] Predictions shape after concat: (1280,)
  [DEBUG] All predictions list length: 20
  [DEBUG] First batch shape: (64,)
  Pred std: 0.012134, range: 0.067695, mean: 0.003913
  Pos: 52.9%, Neg: 47.1%, Unique: 1248
  Saved validation predictions to: experiments/00_baseline_exploration/sweep2_h16_lr_0.0005/collapse_monitoring/val_predictions_epoch6.npy
  Gradient norms:
    lstm_encoder: 0.003498
    lstm_decoder: 0.002826
    multihead_attn: 0.001571
    output_layer: 0.097070
  VSN output std:
    encoder: 0.171726
  Attention entropy: 2.990586
  Saved to: experiments/00_baseline_exploration/sweep2_h16_lr_0.0005/collapse_monitoring/collapse_monitor_epoch6.json
Epoch 7: val_loss=0.44198545813560486
Epoch 7: train_loss=0.4519559144973755

[CollapseMonitor] Epoch 7
  [DEBUG] Processed 20 batches from val_dataloader
  [DEBUG] Predictions shape after concat: (1280,)
  [DEBUG] All predictions list length: 20
  [DEBUG] First batch shape: (64,)
  Pred std: 0.014849, range: 0.082732, mean: 0.005226
  Pos: 49.7%, Neg: 50.3%, Unique: 1263
  Saved validation predictions to: experiments/00_baseline_exploration/sweep2_h16_lr_0.0005/collapse_monitoring/val_predictions_epoch7.npy
  Gradient norms:
    lstm_encoder: 0.004085
    lstm_decoder: 0.002957
    multihead_attn: 0.001799
    output_layer: 0.094383
  VSN output std:
    encoder: 0.170553
  Attention entropy: 2.983136
  Saved to: experiments/00_baseline_exploration/sweep2_h16_lr_0.0005/collapse_monitoring/collapse_monitor_epoch7.json
Epoch 8: val_loss=0.43494462966918945
Epoch 8: train_loss=0.4472348988056183

[CollapseMonitor] Epoch 8
  [DEBUG] Processed 20 batches from val_dataloader
  [DEBUG] Predictions shape after concat: (1280,)
  [DEBUG] All predictions list length: 20
  [DEBUG] First batch shape: (64,)
  Pred std: 0.014312, range: 0.114835, mean: -0.003731
  Pos: 30.9%, Neg: 69.1%, Unique: 1251
  Saved validation predictions to: experiments/00_baseline_exploration/sweep2_h16_lr_0.0005/collapse_monitoring/val_predictions_epoch8.npy
  Gradient norms:
    lstm_encoder: 0.004424
    lstm_decoder: 0.003125
    multihead_attn: 0.002210
    output_layer: 0.092512
  VSN output std:
    encoder: 0.166787
  Attention entropy: 2.978220
  Saved to: experiments/00_baseline_exploration/sweep2_h16_lr_0.0005/collapse_monitoring/collapse_monitor_epoch8.json
Epoch 9: val_loss=0.4291624128818512
Epoch 9: train_loss=0.443414568901062

[CollapseMonitor] Epoch 9
  [DEBUG] Processed 20 batches from val_dataloader
  [DEBUG] Predictions shape after concat: (1280,)
  [DEBUG] All predictions list length: 20
  [DEBUG] First batch shape: (64,)
  Pred std: 0.016420, range: 0.132320, mean: 0.023248
  Pos: 92.1%, Neg: 7.9%, Unique: 1242
  Saved validation predictions to: experiments/00_baseline_exploration/sweep2_h16_lr_0.0005/collapse_monitoring/val_predictions_epoch9.npy
  Gradient norms:
    lstm_encoder: 0.005078
    lstm_decoder: 0.003532
    multihead_attn: 0.002408
    output_layer: 0.102629
  VSN output std:
    encoder: 0.166749
  Attention entropy: 2.976555
  Saved to: experiments/00_baseline_exploration/sweep2_h16_lr_0.0005/collapse_monitoring/collapse_monitor_epoch9.json
Epoch 10: val_loss=0.42773693799972534
Epoch 10: train_loss=0.4395906627178192

[CollapseMonitor] Epoch 10
  [DEBUG] Processed 20 batches from val_dataloader
  [DEBUG] Predictions shape after concat: (1280,)
  [DEBUG] All predictions list length: 20
  [DEBUG] First batch shape: (64,)
  Pred std: 0.024289, range: 0.147301, mean: 0.056787
  Pos: 95.5%, Neg: 4.5%, Unique: 1234
  Saved validation predictions to: experiments/00_baseline_exploration/sweep2_h16_lr_0.0005/collapse_monitoring/val_predictions_epoch10.npy
  Gradient norms:
    lstm_encoder: 0.005311
    lstm_decoder: 0.003490
    multihead_attn: 0.002583
    output_layer: 0.097811
  VSN output std:
    encoder: 0.168912
  Attention entropy: 2.973801
  Saved to: experiments/00_baseline_exploration/sweep2_h16_lr_0.0005/collapse_monitoring/collapse_monitor_epoch10.json
Epoch 11: val_loss=0.42715397477149963
Epoch 11: train_loss=0.43655920028686523

[CollapseMonitor] Epoch 11
  [DEBUG] Processed 20 batches from val_dataloader
  [DEBUG] Predictions shape after concat: (1280,)
  [DEBUG] All predictions list length: 20
  [DEBUG] First batch shape: (64,)
  Pred std: 0.018622, range: 0.159544, mean: 0.072954
  Pos: 99.4%, Neg: 0.6%, Unique: 1238
  Saved validation predictions to: experiments/00_baseline_exploration/sweep2_h16_lr_0.0005/collapse_monitoring/val_predictions_epoch11.npy
  Gradient norms:
    lstm_encoder: 0.005564
    lstm_decoder: 0.003474
    multihead_attn: 0.002467
    output_layer: 0.093216
  VSN output std:
    encoder: 0.174613
  Attention entropy: 2.974029
  Saved to: experiments/00_baseline_exploration/sweep2_h16_lr_0.0005/collapse_monitoring/collapse_monitor_epoch11.json
Epoch 12: val_loss=0.4268997311592102
Epoch 12: train_loss=0.4351702630519867

[CollapseMonitor] Epoch 12
  [DEBUG] Processed 20 batches from val_dataloader
  [DEBUG] Predictions shape after concat: (1280,)
  [DEBUG] All predictions list length: 20
  [DEBUG] First batch shape: (64,)
  Pred std: 0.014668, range: 0.149209, mean: 0.093314
  Pos: 100.0%, Neg: 0.0%, Unique: 1236
  Saved validation predictions to: experiments/00_baseline_exploration/sweep2_h16_lr_0.0005/collapse_monitoring/val_predictions_epoch12.npy
  Gradient norms:
    lstm_encoder: 0.006051
    lstm_decoder: 0.003587
    multihead_attn: 0.002430
    output_layer: 0.092647
  VSN output std:
    encoder: 0.176587
  Attention entropy: 2.981459
  Saved to: experiments/00_baseline_exploration/sweep2_h16_lr_0.0005/collapse_monitoring/collapse_monitor_epoch12.json
Epoch 13: val_loss=0.42405539751052856
Epoch 13: train_loss=0.43292394280433655

[CollapseMonitor] Epoch 13
  [DEBUG] Processed 20 batches from val_dataloader
  [DEBUG] Predictions shape after concat: (1280,)
  [DEBUG] All predictions list length: 20
  [DEBUG] First batch shape: (64,)
  Pred std: 0.017201, range: 0.166243, mean: 0.076831
  Pos: 99.5%, Neg: 0.5%, Unique: 1245
  Saved validation predictions to: experiments/00_baseline_exploration/sweep2_h16_lr_0.0005/collapse_monitoring/val_predictions_epoch13.npy
  Gradient norms:
    lstm_encoder: 0.006077
    lstm_decoder: 0.003628
    multihead_attn: 0.002347
    output_layer: 0.093872
  VSN output std:
    encoder: 0.170316
  Attention entropy: 2.978098
  Saved to: experiments/00_baseline_exploration/sweep2_h16_lr_0.0005/collapse_monitoring/collapse_monitor_epoch13.json
Epoch 14: val_loss=0.42349642515182495
Epoch 14: train_loss=0.43212103843688965

[CollapseMonitor] Epoch 14
  [DEBUG] Processed 20 batches from val_dataloader
  [DEBUG] Predictions shape after concat: (1280,)
  [DEBUG] All predictions list length: 20
  [DEBUG] First batch shape: (64,)
  Pred std: 0.019090, range: 0.168567, mean: 0.040812
  Pos: 95.5%, Neg: 4.5%, Unique: 1255
  Saved validation predictions to: experiments/00_baseline_exploration/sweep2_h16_lr_0.0005/collapse_monitoring/val_predictions_epoch14.npy
  Gradient norms:
    lstm_encoder: 0.006599
    lstm_decoder: 0.003798
    multihead_attn: 0.002370
    output_layer: 0.098077
  VSN output std:
    encoder: 0.170814
  Attention entropy: 2.977196
  Saved to: experiments/00_baseline_exploration/sweep2_h16_lr_0.0005/collapse_monitoring/collapse_monitor_epoch14.json
Epoch 15: val_loss=0.42112451791763306
Epoch 15: train_loss=0.43210476636886597

[CollapseMonitor] Epoch 15
  [DEBUG] Processed 20 batches from val_dataloader
  [DEBUG] Predictions shape after concat: (1280,)
  [DEBUG] All predictions list length: 20
  [DEBUG] First batch shape: (64,)
  Pred std: 0.020311, range: 0.155588, mean: 0.066024
  Pos: 99.1%, Neg: 0.9%, Unique: 1258
  Saved validation predictions to: experiments/00_baseline_exploration/sweep2_h16_lr_0.0005/collapse_monitoring/val_predictions_epoch15.npy
  Gradient norms:
    lstm_encoder: 0.006924
    lstm_decoder: 0.003786
    multihead_attn: 0.002450
    output_layer: 0.096788
  VSN output std:
    encoder: 0.169569
  Attention entropy: 2.967619
  Saved to: experiments/00_baseline_exploration/sweep2_h16_lr_0.0005/collapse_monitoring/collapse_monitor_epoch15.json
Epoch 16: val_loss=0.4202306270599365
Epoch 16: train_loss=0.4314371347427368

[CollapseMonitor] Epoch 16
  [DEBUG] Processed 20 batches from val_dataloader
  [DEBUG] Predictions shape after concat: (1280,)
  [DEBUG] All predictions list length: 20
  [DEBUG] First batch shape: (64,)
  Pred std: 0.023414, range: 0.187042, mean: 0.043295
  Pos: 95.7%, Neg: 4.3%, Unique: 1256
  Saved validation predictions to: experiments/00_baseline_exploration/sweep2_h16_lr_0.0005/collapse_monitoring/val_predictions_epoch16.npy
  Gradient norms:
    lstm_encoder: 0.007043
    lstm_decoder: 0.003932
    multihead_attn: 0.002422
    output_layer: 0.098471
  VSN output std:
    encoder: 0.167283
  Attention entropy: 2.966300
  Saved to: experiments/00_baseline_exploration/sweep2_h16_lr_0.0005/collapse_monitoring/collapse_monitor_epoch16.json
Epoch 17: val_loss=0.4190354347229004
Epoch 17: train_loss=0.4299492835998535

[CollapseMonitor] Epoch 17
  [DEBUG] Processed 20 batches from val_dataloader
  [DEBUG] Predictions shape after concat: (1280,)
  [DEBUG] All predictions list length: 20
  [DEBUG] First batch shape: (64,)
  Pred std: 0.023227, range: 0.171192, mean: 0.047443
  Pos: 95.0%, Neg: 5.0%, Unique: 1263
  Saved validation predictions to: experiments/00_baseline_exploration/sweep2_h16_lr_0.0005/collapse_monitoring/val_predictions_epoch17.npy
  Gradient norms:
    lstm_encoder: 0.007354
    lstm_decoder: 0.003978
    multihead_attn: 0.002391
    output_layer: 0.094825
  VSN output std:
    encoder: 0.168368
  Attention entropy: 2.965066
  Saved to: experiments/00_baseline_exploration/sweep2_h16_lr_0.0005/collapse_monitoring/collapse_monitor_epoch17.json
Epoch 18: val_loss=0.4179166853427887
Epoch 18: train_loss=0.4292859733104706

[CollapseMonitor] Epoch 18
  [DEBUG] Processed 20 batches from val_dataloader
  [DEBUG] Predictions shape after concat: (1280,)
  [DEBUG] All predictions list length: 20
  [DEBUG] First batch shape: (64,)
  Pred std: 0.026073, range: 0.184231, mean: 0.047072
  Pos: 93.5%, Neg: 6.5%, Unique: 1268
  Saved validation predictions to: experiments/00_baseline_exploration/sweep2_h16_lr_0.0005/collapse_monitoring/val_predictions_epoch18.npy
  Gradient norms:
    lstm_encoder: 0.007087
    lstm_decoder: 0.003844
    multihead_attn: 0.002395
    output_layer: 0.092767
  VSN output std:
    encoder: 0.168541
  Attention entropy: 2.959239
  Saved to: experiments/00_baseline_exploration/sweep2_h16_lr_0.0005/collapse_monitoring/collapse_monitor_epoch18.json
Epoch 19: val_loss=0.41814011335372925
Epoch 19: train_loss=0.4274284541606903

[CollapseMonitor] Epoch 19
  [DEBUG] Processed 20 batches from val_dataloader
  [DEBUG] Predictions shape after concat: (1280,)
  [DEBUG] All predictions list length: 20
  [DEBUG] First batch shape: (64,)
  Pred std: 0.029016, range: 0.241707, mean: 0.061289
  Pos: 98.4%, Neg: 1.6%, Unique: 1261
  Saved validation predictions to: experiments/00_baseline_exploration/sweep2_h16_lr_0.0005/collapse_monitoring/val_predictions_epoch19.npy
  Gradient norms:
    lstm_encoder: 0.007616
    lstm_decoder: 0.004042
    multihead_attn: 0.002422
    output_layer: 0.095447
  VSN output std:
    encoder: 0.169860
  Attention entropy: 2.966893
  Saved to: experiments/00_baseline_exploration/sweep2_h16_lr_0.0005/collapse_monitoring/collapse_monitor_epoch19.json
Epoch 20: val_loss=0.4163680672645569
Epoch 20: train_loss=0.4285717010498047

[CollapseMonitor] Epoch 20
  [DEBUG] Processed 20 batches from val_dataloader
  [DEBUG] Predictions shape after concat: (1280,)
  [DEBUG] All predictions list length: 20
  [DEBUG] First batch shape: (64,)
  Pred std: 0.025784, range: 0.213473, mean: 0.068929
  Pos: 96.6%, Neg: 3.4%, Unique: 1261
  Saved validation predictions to: experiments/00_baseline_exploration/sweep2_h16_lr_0.0005/collapse_monitoring/val_predictions_epoch20.npy
  Gradient norms:
    lstm_encoder: 0.008651
    lstm_decoder: 0.004359
    multihead_attn: 0.002468
    output_layer: 0.090803
  VSN output std:
    encoder: 0.166431
  Attention entropy: 2.963459
  Saved to: experiments/00_baseline_exploration/sweep2_h16_lr_0.0005/collapse_monitoring/collapse_monitor_epoch20.json
Epoch 21: val_loss=0.4152706265449524
Epoch 21: train_loss=0.42778921127319336

[CollapseMonitor] Epoch 21
  [DEBUG] Processed 20 batches from val_dataloader
  [DEBUG] Predictions shape after concat: (1280,)
  [DEBUG] All predictions list length: 20
  [DEBUG] First batch shape: (64,)
  Pred std: 0.024823, range: 0.205323, mean: 0.078854
  Pos: 97.9%, Neg: 2.1%, Unique: 1260
  Saved validation predictions to: experiments/00_baseline_exploration/sweep2_h16_lr_0.0005/collapse_monitoring/val_predictions_epoch21.npy
  Gradient norms:
    lstm_encoder: 0.008155
    lstm_decoder: 0.004241
    multihead_attn: 0.002262
    output_layer: 0.095599
  VSN output std:
    encoder: 0.167233
  Attention entropy: 2.959029
  Saved to: experiments/00_baseline_exploration/sweep2_h16_lr_0.0005/collapse_monitoring/collapse_monitor_epoch21.json
Epoch 22: val_loss=0.4154530167579651
Epoch 22: train_loss=0.4266294240951538

[CollapseMonitor] Epoch 22
  [DEBUG] Processed 20 batches from val_dataloader
  [DEBUG] Predictions shape after concat: (1280,)
  [DEBUG] All predictions list length: 20
  [DEBUG] First batch shape: (64,)
  Pred std: 0.029481, range: 0.248468, mean: 0.045505
  Pos: 97.0%, Neg: 3.0%, Unique: 1263
  Saved validation predictions to: experiments/00_baseline_exploration/sweep2_h16_lr_0.0005/collapse_monitoring/val_predictions_epoch22.npy
  Gradient norms:
    lstm_encoder: 0.008680
    lstm_decoder: 0.004460
    multihead_attn: 0.002348
    output_layer: 0.093421
  VSN output std:
    encoder: 0.167623
  Attention entropy: 2.960288
  Saved to: experiments/00_baseline_exploration/sweep2_h16_lr_0.0005/collapse_monitoring/collapse_monitor_epoch22.json
Epoch 23: val_loss=0.41390520334243774
Epoch 23: train_loss=0.4268806576728821

[CollapseMonitor] Epoch 23
  [DEBUG] Processed 20 batches from val_dataloader
  [DEBUG] Predictions shape after concat: (1280,)
  [DEBUG] All predictions list length: 20
  [DEBUG] First batch shape: (64,)
  Pred std: 0.033744, range: 0.260239, mean: 0.063747
  Pos: 98.4%, Neg: 1.6%, Unique: 1269
  Saved validation predictions to: experiments/00_baseline_exploration/sweep2_h16_lr_0.0005/collapse_monitoring/val_predictions_epoch23.npy
  Gradient norms:
    lstm_encoder: 0.008509
    lstm_decoder: 0.004458
    multihead_attn: 0.002237
    output_layer: 0.094696
  VSN output std:
    encoder: 0.167665
  Attention entropy: 2.951940
  Saved to: experiments/00_baseline_exploration/sweep2_h16_lr_0.0005/collapse_monitoring/collapse_monitor_epoch23.json
Epoch 24: val_loss=0.4122304916381836
Epoch 24: train_loss=0.4256550371646881

[CollapseMonitor] Epoch 24
  [DEBUG] Processed 20 batches from val_dataloader
  [DEBUG] Predictions shape after concat: (1280,)
  [DEBUG] All predictions list length: 20
  [DEBUG] First batch shape: (64,)
  Pred std: 0.027551, range: 0.223662, mean: 0.058496
  Pos: 96.2%, Neg: 3.8%, Unique: 1264
  Saved validation predictions to: experiments/00_baseline_exploration/sweep2_h16_lr_0.0005/collapse_monitoring/val_predictions_epoch24.npy
  Gradient norms:
    lstm_encoder: 0.009520
    lstm_decoder: 0.004772
    multihead_attn: 0.002362
    output_layer: 0.090419
  VSN output std:
    encoder: 0.165937
  Attention entropy: 2.949752
  Saved to: experiments/00_baseline_exploration/sweep2_h16_lr_0.0005/collapse_monitoring/collapse_monitor_epoch24.json
Epoch 25: val_loss=0.4127674996852875
Epoch 25: train_loss=0.4257674217224121

[CollapseMonitor] Epoch 25
  [DEBUG] Processed 20 batches from val_dataloader
  [DEBUG] Predictions shape after concat: (1280,)
  [DEBUG] All predictions list length: 20
  [DEBUG] First batch shape: (64,)
  Pred std: 0.029830, range: 0.249565, mean: 0.032252
  Pos: 93.6%, Neg: 6.4%, Unique: 1265
  Saved validation predictions to: experiments/00_baseline_exploration/sweep2_h16_lr_0.0005/collapse_monitoring/val_predictions_epoch25.npy
  Gradient norms:
    lstm_encoder: 0.010462
    lstm_decoder: 0.005352
    multihead_attn: 0.002439
    output_layer: 0.104115
  VSN output std:
    encoder: 0.167233
  Attention entropy: 2.960551
  Saved to: experiments/00_baseline_exploration/sweep2_h16_lr_0.0005/collapse_monitoring/collapse_monitor_epoch25.json
Epoch 26: val_loss=0.4112980365753174
Epoch 26: train_loss=0.42516249418258667

[CollapseMonitor] Epoch 26
  [DEBUG] Processed 20 batches from val_dataloader
  [DEBUG] Predictions shape after concat: (1280,)
  [DEBUG] All predictions list length: 20
  [DEBUG] First batch shape: (64,)
  Pred std: 0.032601, range: 0.267374, mean: 0.064778
  Pos: 97.7%, Neg: 2.3%, Unique: 1262
  Saved validation predictions to: experiments/00_baseline_exploration/sweep2_h16_lr_0.0005/collapse_monitoring/val_predictions_epoch26.npy
  Gradient norms:
    lstm_encoder: 0.009599
    lstm_decoder: 0.004970
    multihead_attn: 0.002160
    output_layer: 0.093575
  VSN output std:
    encoder: 0.167914
  Attention entropy: 2.957770
  Saved to: experiments/00_baseline_exploration/sweep2_h16_lr_0.0005/collapse_monitoring/collapse_monitor_epoch26.json
Epoch 27: val_loss=0.4097151756286621
Epoch 27: train_loss=0.42576804757118225

[CollapseMonitor] Epoch 27
  [DEBUG] Processed 20 batches from val_dataloader
  [DEBUG] Predictions shape after concat: (1280,)
  [DEBUG] All predictions list length: 20
  [DEBUG] First batch shape: (64,)
  Pred std: 0.039897, range: 0.308951, mean: 0.051973
  Pos: 97.7%, Neg: 2.3%, Unique: 1264
  Saved validation predictions to: experiments/00_baseline_exploration/sweep2_h16_lr_0.0005/collapse_monitoring/val_predictions_epoch27.npy
  Gradient norms:
    lstm_encoder: 0.010103
    lstm_decoder: 0.005206
    multihead_attn: 0.002219
    output_layer: 0.098023
  VSN output std:
    encoder: 0.170995
  Attention entropy: 2.941375
  Saved to: experiments/00_baseline_exploration/sweep2_h16_lr_0.0005/collapse_monitoring/collapse_monitor_epoch27.json
Epoch 28: val_loss=0.4102831780910492
Epoch 28: train_loss=0.42435768246650696

[CollapseMonitor] Epoch 28
  [DEBUG] Processed 20 batches from val_dataloader
  [DEBUG] Predictions shape after concat: (1280,)
  [DEBUG] All predictions list length: 20
  [DEBUG] First batch shape: (64,)
  Pred std: 0.027623, range: 0.229596, mean: 0.073290
  Pos: 100.0%, Neg: 0.0%, Unique: 1264
  Saved validation predictions to: experiments/00_baseline_exploration/sweep2_h16_lr_0.0005/collapse_monitoring/val_predictions_epoch28.npy
  Gradient norms:
    lstm_encoder: 0.010109
    lstm_decoder: 0.005138
    multihead_attn: 0.002217
    output_layer: 0.091513
  VSN output std:
    encoder: 0.167091
  Attention entropy: 2.939262
  Saved to: experiments/00_baseline_exploration/sweep2_h16_lr_0.0005/collapse_monitoring/collapse_monitor_epoch28.json
Epoch 29: val_loss=0.4092113971710205
Epoch 29: train_loss=0.4236550033092499

[CollapseMonitor] Epoch 29
  [DEBUG] Processed 20 batches from val_dataloader
  [DEBUG] Predictions shape after concat: (1280,)
  [DEBUG] All predictions list length: 20
  [DEBUG] First batch shape: (64,)
  Pred std: 0.035274, range: 0.290630, mean: 0.056354
  Pos: 98.0%, Neg: 2.0%, Unique: 1269
  Saved validation predictions to: experiments/00_baseline_exploration/sweep2_h16_lr_0.0005/collapse_monitoring/val_predictions_epoch29.npy
  Gradient norms:
    lstm_encoder: 0.010487
    lstm_decoder: 0.005276
    multihead_attn: 0.002280
    output_layer: 0.090031
  VSN output std:
    encoder: 0.169467
  Attention entropy: 2.933161
  Saved to: experiments/00_baseline_exploration/sweep2_h16_lr_0.0005/collapse_monitoring/collapse_monitor_epoch29.json
Epoch 30: val_loss=0.40854471921920776
Epoch 30: train_loss=0.42376741766929626

[CollapseMonitor] Epoch 30
  [DEBUG] Processed 20 batches from val_dataloader
  [DEBUG] Predictions shape after concat: (1280,)
  [DEBUG] All predictions list length: 20
  [DEBUG] First batch shape: (64,)
  Pred std: 0.031170, range: 0.258383, mean: 0.056079
  Pos: 99.6%, Neg: 0.4%, Unique: 1260
  Saved validation predictions to: experiments/00_baseline_exploration/sweep2_h16_lr_0.0005/collapse_monitoring/val_predictions_epoch30.npy
  Gradient norms:
    lstm_encoder: 0.011706
    lstm_decoder: 0.005991
    multihead_attn: 0.002317
    output_layer: 0.098795
  VSN output std:
    encoder: 0.168773
  Attention entropy: 2.941525
  Saved to: experiments/00_baseline_exploration/sweep2_h16_lr_0.0005/collapse_monitoring/collapse_monitor_epoch30.json
Epoch 31: val_loss=0.40808844566345215
Epoch 31: train_loss=0.42403778433799744

[CollapseMonitor] Epoch 31
  [DEBUG] Processed 20 batches from val_dataloader
  [DEBUG] Predictions shape after concat: (1280,)
  [DEBUG] All predictions list length: 20
  [DEBUG] First batch shape: (64,)
  Pred std: 0.032140, range: 0.263783, mean: 0.052140
  Pos: 99.4%, Neg: 0.6%, Unique: 1261
  Saved validation predictions to: experiments/00_baseline_exploration/sweep2_h16_lr_0.0005/collapse_monitoring/val_predictions_epoch31.npy
  Gradient norms:
    lstm_encoder: 0.011851
    lstm_decoder: 0.005882
    multihead_attn: 0.002228
    output_layer: 0.095519
  VSN output std:
    encoder: 0.169149
  Attention entropy: 2.948077
  Saved to: experiments/00_baseline_exploration/sweep2_h16_lr_0.0005/collapse_monitoring/collapse_monitor_epoch31.json
Epoch 32: val_loss=0.40754660964012146
Epoch 32: train_loss=0.4235667884349823

[CollapseMonitor] Epoch 32
  [DEBUG] Processed 20 batches from val_dataloader
  [DEBUG] Predictions shape after concat: (1280,)
  [DEBUG] All predictions list length: 20
  [DEBUG] First batch shape: (64,)
  Pred std: 0.029676, range: 0.245770, mean: 0.061082
  Pos: 99.6%, Neg: 0.4%, Unique: 1266
  Saved validation predictions to: experiments/00_baseline_exploration/sweep2_h16_lr_0.0005/collapse_monitoring/val_predictions_epoch32.npy
  Gradient norms:
    lstm_encoder: 0.011684
    lstm_decoder: 0.005952
    multihead_attn: 0.002138
    output_layer: 0.096919
  VSN output std:
    encoder: 0.169976
  Attention entropy: 2.943813
  Saved to: experiments/00_baseline_exploration/sweep2_h16_lr_0.0005/collapse_monitoring/collapse_monitor_epoch32.json
Epoch 33: val_loss=0.40760868787765503
Epoch 33: train_loss=0.4226033687591553

[CollapseMonitor] Epoch 33
  [DEBUG] Processed 20 batches from val_dataloader
  [DEBUG] Predictions shape after concat: (1280,)
  [DEBUG] All predictions list length: 20
  [DEBUG] First batch shape: (64,)
  Pred std: 0.024974, range: 0.219727, mean: 0.065738
  Pos: 99.6%, Neg: 0.4%, Unique: 1268
  Saved validation predictions to: experiments/00_baseline_exploration/sweep2_h16_lr_0.0005/collapse_monitoring/val_predictions_epoch33.npy
  Gradient norms:
    lstm_encoder: 0.011798
    lstm_decoder: 0.005937
    multihead_attn: 0.002150
    output_layer: 0.094883
  VSN output std:
    encoder: 0.172689
  Attention entropy: 2.948140
  Saved to: experiments/00_baseline_exploration/sweep2_h16_lr_0.0005/collapse_monitoring/collapse_monitor_epoch33.json
Epoch 34: val_loss=0.4074649214744568
Epoch 34: train_loss=0.4235827624797821

[CollapseMonitor] Epoch 34
  [DEBUG] Processed 20 batches from val_dataloader
  [DEBUG] Predictions shape after concat: (1280,)
  [DEBUG] All predictions list length: 20
  [DEBUG] First batch shape: (64,)
  Pred std: 0.024576, range: 0.201375, mean: 0.096934
  Pos: 100.0%, Neg: 0.0%, Unique: 1269
  Saved validation predictions to: experiments/00_baseline_exploration/sweep2_h16_lr_0.0005/collapse_monitoring/val_predictions_epoch34.npy
  Gradient norms:
    lstm_encoder: 0.012484
    lstm_decoder: 0.006376
    multihead_attn: 0.002167
    output_layer: 0.091304
  VSN output std:
    encoder: 0.167853
  Attention entropy: 2.942668
  Saved to: experiments/00_baseline_exploration/sweep2_h16_lr_0.0005/collapse_monitoring/collapse_monitor_epoch34.json
Epoch 35: val_loss=0.40690261125564575
Epoch 35: train_loss=0.42224761843681335

[CollapseMonitor] Epoch 35
  [DEBUG] Processed 20 batches from val_dataloader
  [DEBUG] Predictions shape after concat: (1280,)
  [DEBUG] All predictions list length: 20
  [DEBUG] First batch shape: (64,)
  Pred std: 0.031635, range: 0.265719, mean: 0.087447
  Pos: 100.0%, Neg: 0.0%, Unique: 1267
  Saved validation predictions to: experiments/00_baseline_exploration/sweep2_h16_lr_0.0005/collapse_monitoring/val_predictions_epoch35.npy
  Gradient norms:
    lstm_encoder: 0.013394
    lstm_decoder: 0.006369
    multihead_attn: 0.002283
    output_layer: 0.101097
  VSN output std:
    encoder: 0.169191
  Attention entropy: 2.943838
  Saved to: experiments/00_baseline_exploration/sweep2_h16_lr_0.0005/collapse_monitoring/collapse_monitor_epoch35.json
Epoch 36: val_loss=0.40571266412734985
Epoch 36: train_loss=0.42223548889160156

[CollapseMonitor] Epoch 36
  [DEBUG] Processed 20 batches from val_dataloader
  [DEBUG] Predictions shape after concat: (1280,)
  [DEBUG] All predictions list length: 20
  [DEBUG] First batch shape: (64,)
  Pred std: 0.046652, range: 0.348674, mean: 0.048759
  Pos: 95.7%, Neg: 4.3%, Unique: 1270
  Saved validation predictions to: experiments/00_baseline_exploration/sweep2_h16_lr_0.0005/collapse_monitoring/val_predictions_epoch36.npy
  Gradient norms:
    lstm_encoder: 0.013892
    lstm_decoder: 0.006683
    multihead_attn: 0.002064
    output_layer: 0.094972
  VSN output std:
    encoder: 0.168806
  Attention entropy: 2.946042
  Saved to: experiments/00_baseline_exploration/sweep2_h16_lr_0.0005/collapse_monitoring/collapse_monitor_epoch36.json
Epoch 37: val_loss=0.4059104025363922
Epoch 37: train_loss=0.4225618541240692

[CollapseMonitor] Epoch 37
  [DEBUG] Processed 20 batches from val_dataloader
  [DEBUG] Predictions shape after concat: (1280,)
  [DEBUG] All predictions list length: 20
  [DEBUG] First batch shape: (64,)
  Pred std: 0.026770, range: 0.206468, mean: 0.089132
  Pos: 100.0%, Neg: 0.0%, Unique: 1270
  Saved validation predictions to: experiments/00_baseline_exploration/sweep2_h16_lr_0.0005/collapse_monitoring/val_predictions_epoch37.npy
  Gradient norms:
    lstm_encoder: 0.014640
    lstm_decoder: 0.006658
    multihead_attn: 0.002078
    output_layer: 0.091768
  VSN output std:
    encoder: 0.170030
  Attention entropy: 2.950757
  Saved to: experiments/00_baseline_exploration/sweep2_h16_lr_0.0005/collapse_monitoring/collapse_monitor_epoch37.json
Epoch 38: val_loss=0.40530914068222046
Epoch 38: train_loss=0.4215798079967499

[CollapseMonitor] Epoch 38
  [DEBUG] Processed 20 batches from val_dataloader
  [DEBUG] Predictions shape after concat: (1280,)
  [DEBUG] All predictions list length: 20
  [DEBUG] First batch shape: (64,)
  Pred std: 0.041137, range: 0.308090, mean: 0.075191
  Pos: 99.2%, Neg: 0.8%, Unique: 1271
  Saved validation predictions to: experiments/00_baseline_exploration/sweep2_h16_lr_0.0005/collapse_monitoring/val_predictions_epoch38.npy
  Gradient norms:
    lstm_encoder: 0.016369
    lstm_decoder: 0.007329
    multihead_attn: 0.002014
    output_layer: 0.087132
  VSN output std:
    encoder: 0.173065
  Attention entropy: 2.949279
  Saved to: experiments/00_baseline_exploration/sweep2_h16_lr_0.0005/collapse_monitoring/collapse_monitor_epoch38.json
Epoch 39: val_loss=0.4063287675380707
Epoch 39: train_loss=0.42127829790115356

[CollapseMonitor] Epoch 39
  [DEBUG] Processed 20 batches from val_dataloader
  [DEBUG] Predictions shape after concat: (1280,)
  [DEBUG] All predictions list length: 20
  [DEBUG] First batch shape: (64,)
  Pred std: 0.029714, range: 0.252902, mean: 0.073045
  Pos: 99.0%, Neg: 1.0%, Unique: 1272
  Saved validation predictions to: experiments/00_baseline_exploration/sweep2_h16_lr_0.0005/collapse_monitoring/val_predictions_epoch39.npy
  Gradient norms:
    lstm_encoder: 0.017358
    lstm_decoder: 0.007869
    multihead_attn: 0.002191
    output_layer: 0.095289
  VSN output std:
    encoder: 0.168157
  Attention entropy: 2.945100
  Saved to: experiments/00_baseline_exploration/sweep2_h16_lr_0.0005/collapse_monitoring/collapse_monitor_epoch39.json
Epoch 40: val_loss=0.40390563011169434
Epoch 40: train_loss=0.42048758268356323

[CollapseMonitor] Epoch 40
  [DEBUG] Processed 20 batches from val_dataloader
  [DEBUG] Predictions shape after concat: (1280,)
  [DEBUG] All predictions list length: 20
  [DEBUG] First batch shape: (64,)
  Pred std: 0.035580, range: 0.284007, mean: 0.117355
  Pos: 100.0%, Neg: 0.0%, Unique: 1268
  Saved validation predictions to: experiments/00_baseline_exploration/sweep2_h16_lr_0.0005/collapse_monitoring/val_predictions_epoch40.npy
  Gradient norms:
    lstm_encoder: 0.017505
    lstm_decoder: 0.007675
    multihead_attn: 0.002142
    output_layer: 0.094245
  VSN output std:
    encoder: 0.168502
  Attention entropy: 2.941594
  Saved to: experiments/00_baseline_exploration/sweep2_h16_lr_0.0005/collapse_monitoring/collapse_monitor_epoch40.json
Epoch 41: val_loss=0.4055333137512207
Epoch 41: train_loss=0.42071330547332764

[CollapseMonitor] Epoch 41
  [DEBUG] Processed 20 batches from val_dataloader
  [DEBUG] Predictions shape after concat: (1280,)
  [DEBUG] All predictions list length: 20
  [DEBUG] First batch shape: (64,)
  Pred std: 0.043424, range: 0.339500, mean: 0.057455
  Pos: 94.6%, Neg: 5.4%, Unique: 1265
  Saved validation predictions to: experiments/00_baseline_exploration/sweep2_h16_lr_0.0005/collapse_monitoring/val_predictions_epoch41.npy
  Gradient norms:
    lstm_encoder: 0.017370
    lstm_decoder: 0.007765
    multihead_attn: 0.002140
    output_layer: 0.096431
  VSN output std:
    encoder: 0.168841
  Attention entropy: 2.951802
  Saved to: experiments/00_baseline_exploration/sweep2_h16_lr_0.0005/collapse_monitoring/collapse_monitor_epoch41.json
Epoch 42: val_loss=0.4050999581813812
Epoch 42: train_loss=0.42203888297080994

[CollapseMonitor] Epoch 42
  [DEBUG] Processed 20 batches from val_dataloader
  [DEBUG] Predictions shape after concat: (1280,)
  [DEBUG] All predictions list length: 20
  [DEBUG] First batch shape: (64,)
  Pred std: 0.036915, range: 0.292128, mean: 0.069411
  Pos: 98.3%, Neg: 1.7%, Unique: 1268
  Saved validation predictions to: experiments/00_baseline_exploration/sweep2_h16_lr_0.0005/collapse_monitoring/val_predictions_epoch42.npy
  Gradient norms:
    lstm_encoder: 0.019634
    lstm_decoder: 0.008298
    multihead_attn: 0.002324
    output_layer: 0.095273
  VSN output std:
    encoder: 0.168821
  Attention entropy: 2.955994
  Saved to: experiments/00_baseline_exploration/sweep2_h16_lr_0.0005/collapse_monitoring/collapse_monitor_epoch42.json
Epoch 43: val_loss=0.40448909997940063
Epoch 43: train_loss=0.4207996129989624

[CollapseMonitor] Epoch 43
  [DEBUG] Processed 20 batches from val_dataloader
  [DEBUG] Predictions shape after concat: (1280,)
  [DEBUG] All predictions list length: 20
  [DEBUG] First batch shape: (64,)
  Pred std: 0.032216, range: 0.261856, mean: 0.097206
  Pos: 99.5%, Neg: 0.5%, Unique: 1273
  Saved validation predictions to: experiments/00_baseline_exploration/sweep2_h16_lr_0.0005/collapse_monitoring/val_predictions_epoch43.npy
  Gradient norms:
    lstm_encoder: 0.018389
    lstm_decoder: 0.007771
    multihead_attn: 0.002209
    output_layer: 0.097734
  VSN output std:
    encoder: 0.170069
  Attention entropy: 2.953659
  Saved to: experiments/00_baseline_exploration/sweep2_h16_lr_0.0005/collapse_monitoring/collapse_monitor_epoch43.json
Epoch 44: val_loss=0.4038124978542328
Epoch 44: train_loss=0.42150160670280457

[CollapseMonitor] Epoch 44
  [DEBUG] Processed 20 batches from val_dataloader
  [DEBUG] Predictions shape after concat: (1280,)
  [DEBUG] All predictions list length: 20
  [DEBUG] First batch shape: (64,)
  Pred std: 0.039145, range: 0.308228, mean: 0.098227
  Pos: 99.3%, Neg: 0.7%, Unique: 1268
  Saved validation predictions to: experiments/00_baseline_exploration/sweep2_h16_lr_0.0005/collapse_monitoring/val_predictions_epoch44.npy
  Gradient norms:
    lstm_encoder: 0.020684
    lstm_decoder: 0.008279
    multihead_attn: 0.002209
    output_layer: 0.099915
  VSN output std:
    encoder: 0.172383
  Attention entropy: 2.946382
  Saved to: experiments/00_baseline_exploration/sweep2_h16_lr_0.0005/collapse_monitoring/collapse_monitor_epoch44.json
Epoch 45: val_loss=0.40379080176353455
Epoch 45: train_loss=0.4215978682041168

[CollapseMonitor] Epoch 45
  [DEBUG] Processed 20 batches from val_dataloader
  [DEBUG] Predictions shape after concat: (1280,)
  [DEBUG] All predictions list length: 20
  [DEBUG] First batch shape: (64,)
  Pred std: 0.044894, range: 0.345259, mean: 0.083835
  Pos: 98.6%, Neg: 1.4%, Unique: 1269
  Saved validation predictions to: experiments/00_baseline_exploration/sweep2_h16_lr_0.0005/collapse_monitoring/val_predictions_epoch45.npy
  Gradient norms:
    lstm_encoder: 0.020247
    lstm_decoder: 0.007883
    multihead_attn: 0.002216
    output_layer: 0.093317
  VSN output std:
    encoder: 0.171176
  Attention entropy: 2.950984
  Saved to: experiments/00_baseline_exploration/sweep2_h16_lr_0.0005/collapse_monitoring/collapse_monitor_epoch45.json
Epoch 46: val_loss=0.4037781357765198
Epoch 46: train_loss=0.4204126000404358

[CollapseMonitor] Epoch 46
  [DEBUG] Processed 20 batches from val_dataloader
  [DEBUG] Predictions shape after concat: (1280,)
  [DEBUG] All predictions list length: 20
  [DEBUG] First batch shape: (64,)
  Pred std: 0.039873, range: 0.303433, mean: 0.119224
  Pos: 100.0%, Neg: 0.0%, Unique: 1270
  Saved validation predictions to: experiments/00_baseline_exploration/sweep2_h16_lr_0.0005/collapse_monitoring/val_predictions_epoch46.npy
  Gradient norms:
    lstm_encoder: 0.020361
    lstm_decoder: 0.007900
    multihead_attn: 0.002340
    output_layer: 0.093948
  VSN output std:
    encoder: 0.171399
  Attention entropy: 2.950090
  Saved to: experiments/00_baseline_exploration/sweep2_h16_lr_0.0005/collapse_monitoring/collapse_monitor_epoch46.json
Epoch 47: val_loss=0.4030144214630127
Epoch 47: train_loss=0.4199989438056946

[CollapseMonitor] Epoch 47
  [DEBUG] Processed 20 batches from val_dataloader
  [DEBUG] Predictions shape after concat: (1280,)
  [DEBUG] All predictions list length: 20
  [DEBUG] First batch shape: (64,)
  Pred std: 0.046687, range: 0.338646, mean: 0.080413
  Pos: 98.5%, Neg: 1.5%, Unique: 1272
  Saved validation predictions to: experiments/00_baseline_exploration/sweep2_h16_lr_0.0005/collapse_monitoring/val_predictions_epoch47.npy
  Gradient norms:
    lstm_encoder: 0.019672
    lstm_decoder: 0.008087
    multihead_attn: 0.002042
    output_layer: 0.089611
  VSN output std:
    encoder: 0.170817
  Attention entropy: 2.949173
  Saved to: experiments/00_baseline_exploration/sweep2_h16_lr_0.0005/collapse_monitoring/collapse_monitor_epoch47.json
Epoch 48: val_loss=0.4029621183872223
Epoch 48: train_loss=0.42136257886886597

[CollapseMonitor] Epoch 48
  [DEBUG] Processed 20 batches from val_dataloader
  [DEBUG] Predictions shape after concat: (1280,)
  [DEBUG] All predictions list length: 20
  [DEBUG] First batch shape: (64,)
  Pred std: 0.039487, range: 0.308732, mean: 0.067778
  Pos: 97.6%, Neg: 2.4%, Unique: 1272
  Saved validation predictions to: experiments/00_baseline_exploration/sweep2_h16_lr_0.0005/collapse_monitoring/val_predictions_epoch48.npy
  Gradient norms:
    lstm_encoder: 0.021247
    lstm_decoder: 0.008781
    multihead_attn: 0.002217
    output_layer: 0.098942
  VSN output std:
    encoder: 0.168836
  Attention entropy: 2.951873
  Saved to: experiments/00_baseline_exploration/sweep2_h16_lr_0.0005/collapse_monitoring/collapse_monitor_epoch48.json
Epoch 49: val_loss=0.40577784180641174
Epoch 49: train_loss=0.42044293880462646

[CollapseMonitor] Epoch 49
  [DEBUG] Processed 20 batches from val_dataloader
  [DEBUG] Predictions shape after concat: (1280,)
  [DEBUG] All predictions list length: 20
  [DEBUG] First batch shape: (64,)
  Pred std: 0.038627, range: 0.275973, mean: 0.084073
  Pos: 98.8%, Neg: 1.2%, Unique: 1272
  Saved validation predictions to: experiments/00_baseline_exploration/sweep2_h16_lr_0.0005/collapse_monitoring/val_predictions_epoch49.npy
  Gradient norms:
    lstm_encoder: 0.020382
    lstm_decoder: 0.008165
    multihead_attn: 0.002287
    output_layer: 0.093461
  VSN output std:
    encoder: 0.167527
  Attention entropy: 2.951498
  Saved to: experiments/00_baseline_exploration/sweep2_h16_lr_0.0005/collapse_monitoring/collapse_monitor_epoch49.json
Epoch 50: val_loss=0.4043733477592468
Epoch 50: train_loss=0.41948240995407104

[CollapseMonitor] Epoch 50
  [DEBUG] Processed 20 batches from val_dataloader
  [DEBUG] Predictions shape after concat: (1280,)
  [DEBUG] All predictions list length: 20
  [DEBUG] First batch shape: (64,)
  Pred std: 0.041075, range: 0.303458, mean: 0.065398
  Pos: 95.8%, Neg: 4.2%, Unique: 1268
  Saved validation predictions to: experiments/00_baseline_exploration/sweep2_h16_lr_0.0005/collapse_monitoring/val_predictions_epoch50.npy
  Gradient norms:
    lstm_encoder: 0.020844
    lstm_decoder: 0.008433
    multihead_attn: 0.002250
    output_layer: 0.097499
  VSN output std:
    encoder: 0.168491
  Attention entropy: 2.955150
  Saved to: experiments/00_baseline_exploration/sweep2_h16_lr_0.0005/collapse_monitoring/collapse_monitor_epoch50.json
Epoch 51: val_loss=0.4053310751914978
Epoch 51: train_loss=0.4201984703540802

[CollapseMonitor] Epoch 51
  [DEBUG] Processed 20 batches from val_dataloader
  [DEBUG] Predictions shape after concat: (1280,)
  [DEBUG] All predictions list length: 20
  [DEBUG] First batch shape: (64,)
  Pred std: 0.044184, range: 0.317515, mean: 0.104306
  Pos: 99.3%, Neg: 0.7%, Unique: 1269
  Saved validation predictions to: experiments/00_baseline_exploration/sweep2_h16_lr_0.0005/collapse_monitoring/val_predictions_epoch51.npy
  Gradient norms:
    lstm_encoder: 0.023976
    lstm_decoder: 0.009484
    multihead_attn: 0.002490
    output_layer: 0.098737
  VSN output std:
    encoder: 0.168698
  Attention entropy: 2.951544
  Saved to: experiments/00_baseline_exploration/sweep2_h16_lr_0.0005/collapse_monitoring/collapse_monitor_epoch51.json
Epoch 52: val_loss=0.40717998147010803
Epoch 52: train_loss=0.42050686478614807

[CollapseMonitor] Epoch 52
  [DEBUG] Processed 20 batches from val_dataloader
  [DEBUG] Predictions shape after concat: (1280,)
  [DEBUG] All predictions list length: 20
  [DEBUG] First batch shape: (64,)
  Pred std: 0.036536, range: 0.253290, mean: 0.104759
  Pos: 99.4%, Neg: 0.6%, Unique: 1272
  Saved validation predictions to: experiments/00_baseline_exploration/sweep2_h16_lr_0.0005/collapse_monitoring/val_predictions_epoch52.npy
  Gradient norms:
    lstm_encoder: 0.024506
    lstm_decoder: 0.009381
    multihead_attn: 0.002464
    output_layer: 0.088397
  VSN output std:
    encoder: 0.167864
  Attention entropy: 2.961559
  Saved to: experiments/00_baseline_exploration/sweep2_h16_lr_0.0005/collapse_monitoring/collapse_monitor_epoch52.json
Epoch 53: val_loss=0.40383797883987427
Epoch 53: train_loss=0.41879504919052124

[CollapseMonitor] Epoch 53
  [DEBUG] Processed 20 batches from val_dataloader
  [DEBUG] Predictions shape after concat: (1280,)
  [DEBUG] All predictions list length: 20
  [DEBUG] First batch shape: (64,)
  Pred std: 0.040935, range: 0.281221, mean: 0.111962
  Pos: 99.4%, Neg: 0.6%, Unique: 1271
  Saved validation predictions to: experiments/00_baseline_exploration/sweep2_h16_lr_0.0005/collapse_monitoring/val_predictions_epoch53.npy
  Gradient norms:
    lstm_encoder: 0.025017
    lstm_decoder: 0.009744
    multihead_attn: 0.002374
    output_layer: 0.098890
  VSN output std:
    encoder: 0.167672
  Attention entropy: 2.949133
  Saved to: experiments/00_baseline_exploration/sweep2_h16_lr_0.0005/collapse_monitoring/collapse_monitor_epoch53.json
Epoch 54: val_loss=0.4063146114349365
Epoch 54: train_loss=0.41943883895874023

[CollapseMonitor] Epoch 54
  [DEBUG] Processed 20 batches from val_dataloader
  [DEBUG] Predictions shape after concat: (1280,)
  [DEBUG] All predictions list length: 20
  [DEBUG] First batch shape: (64,)
  Pred std: 0.041493, range: 0.292317, mean: 0.107291
  Pos: 99.4%, Neg: 0.6%, Unique: 1270
  Saved validation predictions to: experiments/00_baseline_exploration/sweep2_h16_lr_0.0005/collapse_monitoring/val_predictions_epoch54.npy
  Gradient norms:
    lstm_encoder: 0.025994
    lstm_decoder: 0.009783
    multihead_attn: 0.002395
    output_layer: 0.095674
  VSN output std:
    encoder: 0.166968
  Attention entropy: 2.961874
  Saved to: experiments/00_baseline_exploration/sweep2_h16_lr_0.0005/collapse_monitoring/collapse_monitor_epoch54.json
Epoch 55: val_loss=0.4037136137485504
Epoch 55: train_loss=0.4193280339241028

[CollapseMonitor] Epoch 55
  [DEBUG] Processed 20 batches from val_dataloader
  [DEBUG] Predictions shape after concat: (1280,)
  [DEBUG] All predictions list length: 20
  [DEBUG] First batch shape: (64,)
  Pred std: 0.043572, range: 0.300738, mean: 0.086530
  Pos: 98.3%, Neg: 1.7%, Unique: 1269
  Saved validation predictions to: experiments/00_baseline_exploration/sweep2_h16_lr_0.0005/collapse_monitoring/val_predictions_epoch55.npy
  Gradient norms:
    lstm_encoder: 0.024682
    lstm_decoder: 0.009683
    multihead_attn: 0.002434
    output_layer: 0.093641
  VSN output std:
    encoder: 0.167445
  Attention entropy: 2.954145
  Saved to: experiments/00_baseline_exploration/sweep2_h16_lr_0.0005/collapse_monitoring/collapse_monitor_epoch55.json
Epoch 56: val_loss=0.40597987174987793
Epoch 56: train_loss=0.41926002502441406

[CollapseMonitor] Epoch 56
  [DEBUG] Processed 20 batches from val_dataloader
  [DEBUG] Predictions shape after concat: (1280,)
  [DEBUG] All predictions list length: 20
  [DEBUG] First batch shape: (64,)
  Pred std: 0.043731, range: 0.296091, mean: 0.119049
  Pos: 99.8%, Neg: 0.2%, Unique: 1269
  Saved validation predictions to: experiments/00_baseline_exploration/sweep2_h16_lr_0.0005/collapse_monitoring/val_predictions_epoch56.npy
  Gradient norms:
    lstm_encoder: 0.027081
    lstm_decoder: 0.010870
    multihead_attn: 0.002549
    output_layer: 0.095588
  VSN output std:
    encoder: 0.166485
  Attention entropy: 2.959581
  Saved to: experiments/00_baseline_exploration/sweep2_h16_lr_0.0005/collapse_monitoring/collapse_monitor_epoch56.json
Epoch 57: val_loss=0.4045436382293701
Epoch 57: train_loss=0.41912412643432617

[CollapseMonitor] Epoch 57
  [DEBUG] Processed 20 batches from val_dataloader
  [DEBUG] Predictions shape after concat: (1280,)
  [DEBUG] All predictions list length: 20
  [DEBUG] First batch shape: (64,)
  Pred std: 0.047964, range: 0.319217, mean: 0.099881
  Pos: 98.7%, Neg: 1.3%, Unique: 1262
  Saved validation predictions to: experiments/00_baseline_exploration/sweep2_h16_lr_0.0005/collapse_monitoring/val_predictions_epoch57.npy
  Gradient norms:
    lstm_encoder: 0.026322
    lstm_decoder: 0.010196
    multihead_attn: 0.002518
    output_layer: 0.091491
  VSN output std:
    encoder: 0.166735
  Attention entropy: 2.951312
  Saved to: experiments/00_baseline_exploration/sweep2_h16_lr_0.0005/collapse_monitoring/collapse_monitor_epoch57.json
Epoch 58: val_loss=0.4049789011478424
Epoch 58: train_loss=0.41902509331703186

[CollapseMonitor] Epoch 58
  [DEBUG] Processed 20 batches from val_dataloader
  [DEBUG] Predictions shape after concat: (1280,)
  [DEBUG] All predictions list length: 20
  [DEBUG] First batch shape: (64,)
  Pred std: 0.045672, range: 0.304314, mean: 0.094859
  Pos: 98.6%, Neg: 1.4%, Unique: 1275
  Saved validation predictions to: experiments/00_baseline_exploration/sweep2_h16_lr_0.0005/collapse_monitoring/val_predictions_epoch58.npy
  Gradient norms:
    lstm_encoder: 0.028232
    lstm_decoder: 0.010779
    multihead_attn: 0.002588
    output_layer: 0.102068
  VSN output std:
    encoder: 0.166726
  Attention entropy: 2.957565
  Saved to: experiments/00_baseline_exploration/sweep2_h16_lr_0.0005/collapse_monitoring/collapse_monitor_epoch58.json


======================================================================
Training complete
======================================================================

Best model checkpoint: experiments/00_baseline_exploration/sweep2_h16_lr_0.0005/checkpoints/tft-epoch=48-val_loss=0.4030.ckpt
Best validation loss: 0.402962
Completed at: 2025-10-29 19:03:04
Log saved to: experiments/00_baseline_exploration/sweep2_h16_lr_0.0005/training_20251029_183107.log
======================================================================
