======================================================================
Training TFT: 01_staleness_features_fixed/sweep_stale_h14_drop0.15_lr5
======================================================================
Logging to: experiments/01_staleness_features_fixed/sweep_stale_h14_drop0.15_lr5/training_20251029_220814.log
Started at: 2025-10-29 22:08:14
======================================================================
Configuration saved to: experiments/01_staleness_features_fixed/sweep_stale_h14_drop0.15_lr5/config.json

Loading data splits...
Train: 6066 samples
Val: 1300 samples
Test: 1300 samples

Preparing TimeSeriesDataSet...

Adding staleness features to data...

======================================================================
Adding Staleness Features
======================================================================
Mode: Fixed lag

Processing: Inflation_YoY (detecting from CPI)
  Updates detected: 280
  Avg days stale: 10.9
  Max days stale: 60

======================================================================
Total staleness features added: 2
======================================================================


======================================================================
Adding Staleness Features
======================================================================
Mode: Fixed lag

Processing: Inflation_YoY (detecting from CPI)
  Updates detected: 62
  Avg days stale: 10.3
  Max days stale: 42

======================================================================
Total staleness features added: 2
======================================================================


Dropping source columns (used for staleness only): ['CPI']

Final features for TFT: ['SP500_Returns', 'VIX', 'Treasury_10Y', 'Yield_Spread', 'Inflation_YoY', 'days_since_CPI_update', 'CPI_is_fresh']

======================================================================
FEATURE STATISTICS - BEFORE NORMALIZATION
======================================================================
VIX                             mean= 19.7193  std=  8.0201  min=  9.3100  max= 80.8600
Treasury_10Y                    mean=  4.7588  std=  1.6860  min=  1.4300  max=  8.3600
Yield_Spread                    mean=  1.2786  std=  0.9184  min= -0.5200  max=  2.9100
Inflation_YoY                   mean=  2.5055  std=  1.1650  min= -1.9588  max=  5.7255
days_since_CPI_update           mean= 10.8539  std=  7.6096  min=  0.0000  max= 60.0000
CPI_is_fresh                    mean=  0.0462  std=  0.2098  min=  0.0000  max=  1.0000

======================================================================
NORMALIZING STALENESS FEATURES (log transform)
======================================================================
Max staleness observed: train=60, val=42
Using normalization max: 65 days


STALENESS FEATURES - AFTER MANUAL NORMALIZATION
days_since_CPI_update           mean=  0.5270  std=  0.1974  min=  0.0000  max=  0.9812

======================================================================
FEATURES AFTER GROUPNORMALIZER (first batch, last timestep)
======================================================================
VIX                             normalized_value=  1.0000
Treasury_10Y                    normalized_value= -0.0500
Yield_Spread                    normalized_value= -0.4214
Inflation_YoY                   normalized_value= -0.9721
days_since_CPI_update           normalized_value=  1.5369
CPI_is_fresh                    normalized_value=  0.8557
======================================================================

Batches per epoch: 94
[DEBUG] Validation batches: 20
[DEBUG] Validation dataset size: 1280
[DEBUG] Batch size: 64

Initializing model...
Model parameters: 20,626

Starting training...
Checkpoints will be saved to: experiments/01_staleness_features_fixed/sweep_stale_h14_drop0.15_lr5/checkpoints/
Logs will be saved to: experiments/01_staleness_features_fixed/sweep_stale_h14_drop0.15_lr5/logs/

Epoch 0: val_loss=N/A
Epoch 0: val_loss=0.7119678258895874
Epoch 0: train_loss=0.8546351790428162

[CollapseMonitor] Epoch 0
  [DEBUG] Processed 20 batches from val_dataloader
  [DEBUG] Predictions shape after concat: (1280,)
  [DEBUG] All predictions list length: 20
  [DEBUG] First batch shape: (64,)
  Pred std: 0.014759, range: 0.066290, mean: 1.033757
  Pos: 100.0%, Neg: 0.0%, Unique: 1266
  Saved validation predictions to: experiments/01_staleness_features_fixed/sweep_stale_h14_drop0.15_lr5/collapse_monitoring/val_predictions_epoch0.npy
  Gradient norms:
    lstm_encoder: 0.016777
    lstm_decoder: 0.015550
    multihead_attn: 0.009807
    output_layer: 0.775346
  VSN output std:
    encoder: 0.139622
  Attention entropy: 2.976726
  Saved to: experiments/01_staleness_features_fixed/sweep_stale_h14_drop0.15_lr5/collapse_monitoring/collapse_monitor_epoch0.json
Epoch 1: val_loss=0.602331280708313
Epoch 1: train_loss=0.7195557355880737

[CollapseMonitor] Epoch 1
  [DEBUG] Processed 20 batches from val_dataloader
  [DEBUG] Predictions shape after concat: (1280,)
  [DEBUG] All predictions list length: 20
  [DEBUG] First batch shape: (64,)
  Pred std: 0.012523, range: 0.070817, mean: 0.893498
  Pos: 100.0%, Neg: 0.0%, Unique: 1260
  Saved validation predictions to: experiments/01_staleness_features_fixed/sweep_stale_h14_drop0.15_lr5/collapse_monitoring/val_predictions_epoch1.npy
  Gradient norms:
    lstm_encoder: 0.011436
    lstm_decoder: 0.013449
    multihead_attn: 0.005948
    output_layer: 0.619243
  VSN output std:
    encoder: 0.141484
  Attention entropy: 2.977894
  Saved to: experiments/01_staleness_features_fixed/sweep_stale_h14_drop0.15_lr5/collapse_monitoring/collapse_monitor_epoch1.json
Epoch 2: val_loss=0.5184211730957031
Epoch 2: train_loss=0.5994165539741516

[CollapseMonitor] Epoch 2
  [DEBUG] Processed 20 batches from val_dataloader
  [DEBUG] Predictions shape after concat: (1280,)
  [DEBUG] All predictions list length: 20
  [DEBUG] First batch shape: (64,)
  Pred std: 0.010271, range: 0.073540, mean: 0.551932
  Pos: 100.0%, Neg: 0.0%, Unique: 1253
  Saved validation predictions to: experiments/01_staleness_features_fixed/sweep_stale_h14_drop0.15_lr5/collapse_monitoring/val_predictions_epoch2.npy
  Gradient norms:
    lstm_encoder: 0.008287
    lstm_decoder: 0.009976
    multihead_attn: 0.003885
    output_layer: 0.432317
  VSN output std:
    encoder: 0.145118
  Attention entropy: 2.983084
  Saved to: experiments/01_staleness_features_fixed/sweep_stale_h14_drop0.15_lr5/collapse_monitoring/collapse_monitor_epoch2.json
Epoch 3: val_loss=0.47352829575538635
Epoch 3: train_loss=0.5183121562004089

[CollapseMonitor] Epoch 3
  [DEBUG] Processed 20 batches from val_dataloader
  [DEBUG] Predictions shape after concat: (1280,)
  [DEBUG] All predictions list length: 20
  [DEBUG] First batch shape: (64,)
  Pred std: 0.011529, range: 0.085270, mean: 0.260125
  Pos: 100.0%, Neg: 0.0%, Unique: 1240
  Saved validation predictions to: experiments/01_staleness_features_fixed/sweep_stale_h14_drop0.15_lr5/collapse_monitoring/val_predictions_epoch3.npy
  Gradient norms:
    lstm_encoder: 0.005388
    lstm_decoder: 0.006096
    multihead_attn: 0.002588
    output_layer: 0.251852
  VSN output std:
    encoder: 0.150156
  Attention entropy: 2.987869
  Saved to: experiments/01_staleness_features_fixed/sweep_stale_h14_drop0.15_lr5/collapse_monitoring/collapse_monitor_epoch3.json
Epoch 4: val_loss=0.4579393267631531
Epoch 4: train_loss=0.48114147782325745

[CollapseMonitor] Epoch 4
  [DEBUG] Processed 20 batches from val_dataloader
  [DEBUG] Predictions shape after concat: (1280,)
  [DEBUG] All predictions list length: 20
  [DEBUG] First batch shape: (64,)
  Pred std: 0.013367, range: 0.091795, mean: 0.160710
  Pos: 100.0%, Neg: 0.0%, Unique: 1234
  Saved validation predictions to: experiments/01_staleness_features_fixed/sweep_stale_h14_drop0.15_lr5/collapse_monitoring/val_predictions_epoch4.npy
  Gradient norms:
    lstm_encoder: 0.003775
    lstm_decoder: 0.003563
    multihead_attn: 0.001872
    output_layer: 0.148792
  VSN output std:
    encoder: 0.150164
  Attention entropy: 2.989749
  Saved to: experiments/01_staleness_features_fixed/sweep_stale_h14_drop0.15_lr5/collapse_monitoring/collapse_monitor_epoch4.json
Epoch 5: val_loss=0.45165467262268066
Epoch 5: train_loss=0.4664468467235565

[CollapseMonitor] Epoch 5
  [DEBUG] Processed 20 batches from val_dataloader
  [DEBUG] Predictions shape after concat: (1280,)
  [DEBUG] All predictions list length: 20
  [DEBUG] First batch shape: (64,)
  Pred std: 0.020318, range: 0.129063, mean: 0.101516
  Pos: 100.0%, Neg: 0.0%, Unique: 1231
  Saved validation predictions to: experiments/01_staleness_features_fixed/sweep_stale_h14_drop0.15_lr5/collapse_monitoring/val_predictions_epoch5.npy
  Gradient norms:
    lstm_encoder: 0.003613
    lstm_decoder: 0.002890
    multihead_attn: 0.001754
    output_layer: 0.117065
  VSN output std:
    encoder: 0.145731
  Attention entropy: 2.990269
  Saved to: experiments/01_staleness_features_fixed/sweep_stale_h14_drop0.15_lr5/collapse_monitoring/collapse_monitor_epoch5.json
Epoch 6: val_loss=0.44691935181617737
Epoch 6: train_loss=0.45764634013175964

[CollapseMonitor] Epoch 6
  [DEBUG] Processed 20 batches from val_dataloader
  [DEBUG] Predictions shape after concat: (1280,)
  [DEBUG] All predictions list length: 20
  [DEBUG] First batch shape: (64,)
  Pred std: 0.031054, range: 0.177235, mean: 0.100488
  Pos: 100.0%, Neg: 0.0%, Unique: 1249
  Saved validation predictions to: experiments/01_staleness_features_fixed/sweep_stale_h14_drop0.15_lr5/collapse_monitoring/val_predictions_epoch6.npy
  Gradient norms:
    lstm_encoder: 0.003512
    lstm_decoder: 0.002722
    multihead_attn: 0.001984
    output_layer: 0.099550
  VSN output std:
    encoder: 0.136867
  Attention entropy: 2.990174
  Saved to: experiments/01_staleness_features_fixed/sweep_stale_h14_drop0.15_lr5/collapse_monitoring/collapse_monitor_epoch6.json
Epoch 7: val_loss=0.44231683015823364
Epoch 7: train_loss=0.45333805680274963

[CollapseMonitor] Epoch 7
  [DEBUG] Processed 20 batches from val_dataloader
  [DEBUG] Predictions shape after concat: (1280,)
  [DEBUG] All predictions list length: 20
  [DEBUG] First batch shape: (64,)
  Pred std: 0.041149, range: 0.208265, mean: 0.089839
  Pos: 100.0%, Neg: 0.0%, Unique: 1262
  Saved validation predictions to: experiments/01_staleness_features_fixed/sweep_stale_h14_drop0.15_lr5/collapse_monitoring/val_predictions_epoch7.npy
  Gradient norms:
    lstm_encoder: 0.003754
    lstm_decoder: 0.002694
    multihead_attn: 0.002358
    output_layer: 0.096719
  VSN output std:
    encoder: 0.129695
  Attention entropy: 2.990157
  Saved to: experiments/01_staleness_features_fixed/sweep_stale_h14_drop0.15_lr5/collapse_monitoring/collapse_monitor_epoch7.json
Epoch 8: val_loss=0.43655791878700256
Epoch 8: train_loss=0.4484988749027252

[CollapseMonitor] Epoch 8
  [DEBUG] Processed 20 batches from val_dataloader
  [DEBUG] Predictions shape after concat: (1280,)
  [DEBUG] All predictions list length: 20
  [DEBUG] First batch shape: (64,)
  Pred std: 0.059348, range: 0.256112, mean: 0.085951
  Pos: 100.0%, Neg: 0.0%, Unique: 1257
  Saved validation predictions to: experiments/01_staleness_features_fixed/sweep_stale_h14_drop0.15_lr5/collapse_monitoring/val_predictions_epoch8.npy
  Gradient norms:
    lstm_encoder: 0.004196
    lstm_decoder: 0.002738
    multihead_attn: 0.002590
    output_layer: 0.093414
  VSN output std:
    encoder: 0.127681
  Attention entropy: 2.990466
  Saved to: experiments/01_staleness_features_fixed/sweep_stale_h14_drop0.15_lr5/collapse_monitoring/collapse_monitor_epoch8.json
Epoch 9: val_loss=0.4329072833061218
Epoch 9: train_loss=0.44655999541282654

[CollapseMonitor] Epoch 9
  [DEBUG] Processed 20 batches from val_dataloader
  [DEBUG] Predictions shape after concat: (1280,)
  [DEBUG] All predictions list length: 20
  [DEBUG] First batch shape: (64,)
  Pred std: 0.066196, range: 0.288017, mean: 0.064320
  Pos: 100.0%, Neg: 0.0%, Unique: 1268
  Saved validation predictions to: experiments/01_staleness_features_fixed/sweep_stale_h14_drop0.15_lr5/collapse_monitoring/val_predictions_epoch9.npy
  Gradient norms:
    lstm_encoder: 0.004617
    lstm_decoder: 0.003114
    multihead_attn: 0.002595
    output_layer: 0.093748
  VSN output std:
    encoder: 0.128881
  Attention entropy: 2.990938
  Saved to: experiments/01_staleness_features_fixed/sweep_stale_h14_drop0.15_lr5/collapse_monitoring/collapse_monitor_epoch9.json
Epoch 10: val_loss=0.4307251572608948
Epoch 10: train_loss=0.4434416890144348

[CollapseMonitor] Epoch 10
  [DEBUG] Processed 20 batches from val_dataloader
  [DEBUG] Predictions shape after concat: (1280,)
  [DEBUG] All predictions list length: 20
  [DEBUG] First batch shape: (64,)
  Pred std: 0.057551, range: 0.254789, mean: 0.069955
  Pos: 100.0%, Neg: 0.0%, Unique: 1258
  Saved validation predictions to: experiments/01_staleness_features_fixed/sweep_stale_h14_drop0.15_lr5/collapse_monitoring/val_predictions_epoch10.npy
  Gradient norms:
    lstm_encoder: 0.004730
    lstm_decoder: 0.003160
    multihead_attn: 0.002785
    output_layer: 0.095824
  VSN output std:
    encoder: 0.129193
  Attention entropy: 2.991264
  Saved to: experiments/01_staleness_features_fixed/sweep_stale_h14_drop0.15_lr5/collapse_monitoring/collapse_monitor_epoch10.json
Epoch 11: val_loss=0.4285522997379303
Epoch 11: train_loss=0.44117942452430725

[CollapseMonitor] Epoch 11
  [DEBUG] Processed 20 batches from val_dataloader
  [DEBUG] Predictions shape after concat: (1280,)
  [DEBUG] All predictions list length: 20
  [DEBUG] First batch shape: (64,)
  Pred std: 0.053060, range: 0.258553, mean: 0.077299
  Pos: 100.0%, Neg: 0.0%, Unique: 1267
  Saved validation predictions to: experiments/01_staleness_features_fixed/sweep_stale_h14_drop0.15_lr5/collapse_monitoring/val_predictions_epoch11.npy
  Gradient norms:
    lstm_encoder: 0.004923
    lstm_decoder: 0.003239
    multihead_attn: 0.002629
    output_layer: 0.093465
  VSN output std:
    encoder: 0.127568
  Attention entropy: 2.991375
  Saved to: experiments/01_staleness_features_fixed/sweep_stale_h14_drop0.15_lr5/collapse_monitoring/collapse_monitor_epoch11.json
Epoch 12: val_loss=0.4265936017036438
Epoch 12: train_loss=0.4385641813278198

[CollapseMonitor] Epoch 12
  [DEBUG] Processed 20 batches from val_dataloader
  [DEBUG] Predictions shape after concat: (1280,)
  [DEBUG] All predictions list length: 20
  [DEBUG] First batch shape: (64,)
  Pred std: 0.061740, range: 0.309359, mean: 0.048434
  Pos: 96.1%, Neg: 3.9%, Unique: 1264
  Saved validation predictions to: experiments/01_staleness_features_fixed/sweep_stale_h14_drop0.15_lr5/collapse_monitoring/val_predictions_epoch12.npy
  Gradient norms:
    lstm_encoder: 0.004972
    lstm_decoder: 0.003353
    multihead_attn: 0.002608
    output_layer: 0.088962
  VSN output std:
    encoder: 0.127749
  Attention entropy: 2.991329
  Saved to: experiments/01_staleness_features_fixed/sweep_stale_h14_drop0.15_lr5/collapse_monitoring/collapse_monitor_epoch12.json
Epoch 13: val_loss=0.4253140985965729
Epoch 13: train_loss=0.4383770525455475

[CollapseMonitor] Epoch 13
  [DEBUG] Processed 20 batches from val_dataloader
  [DEBUG] Predictions shape after concat: (1280,)
  [DEBUG] All predictions list length: 20
  [DEBUG] First batch shape: (64,)
  Pred std: 0.056203, range: 0.299285, mean: 0.032154
  Pos: 84.2%, Neg: 15.8%, Unique: 1263
  Saved validation predictions to: experiments/01_staleness_features_fixed/sweep_stale_h14_drop0.15_lr5/collapse_monitoring/val_predictions_epoch13.npy
  Gradient norms:
    lstm_encoder: 0.005164
    lstm_decoder: 0.003289
    multihead_attn: 0.002741
    output_layer: 0.089132
  VSN output std:
    encoder: 0.125307
  Attention entropy: 2.990054
  Saved to: experiments/01_staleness_features_fixed/sweep_stale_h14_drop0.15_lr5/collapse_monitoring/collapse_monitor_epoch13.json
Epoch 14: val_loss=0.4237517714500427
Epoch 14: train_loss=0.43533480167388916

[CollapseMonitor] Epoch 14
  [DEBUG] Processed 20 batches from val_dataloader
  [DEBUG] Predictions shape after concat: (1280,)
  [DEBUG] All predictions list length: 20
  [DEBUG] First batch shape: (64,)
  Pred std: 0.051215, range: 0.286254, mean: 0.078821
  Pos: 100.0%, Neg: 0.0%, Unique: 1267
  Saved validation predictions to: experiments/01_staleness_features_fixed/sweep_stale_h14_drop0.15_lr5/collapse_monitoring/val_predictions_epoch14.npy
  Gradient norms:
    lstm_encoder: 0.005916
    lstm_decoder: 0.003802
    multihead_attn: 0.002683
    output_layer: 0.103003
  VSN output std:
    encoder: 0.123734
  Attention entropy: 2.989019
  Saved to: experiments/01_staleness_features_fixed/sweep_stale_h14_drop0.15_lr5/collapse_monitoring/collapse_monitor_epoch14.json
Epoch 15: val_loss=0.42188072204589844
Epoch 15: train_loss=0.43502917885780334

[CollapseMonitor] Epoch 15
  [DEBUG] Processed 20 batches from val_dataloader
  [DEBUG] Predictions shape after concat: (1280,)
  [DEBUG] All predictions list length: 20
  [DEBUG] First batch shape: (64,)
  Pred std: 0.058354, range: 0.319370, mean: 0.052507
  Pos: 97.6%, Neg: 2.4%, Unique: 1267
  Saved validation predictions to: experiments/01_staleness_features_fixed/sweep_stale_h14_drop0.15_lr5/collapse_monitoring/val_predictions_epoch15.npy
  Gradient norms:
    lstm_encoder: 0.006179
    lstm_decoder: 0.003859
    multihead_attn: 0.002701
    output_layer: 0.092101
  VSN output std:
    encoder: 0.122778
  Attention entropy: 2.986976
  Saved to: experiments/01_staleness_features_fixed/sweep_stale_h14_drop0.15_lr5/collapse_monitoring/collapse_monitor_epoch15.json
Epoch 16: val_loss=0.42166632413864136
Epoch 16: train_loss=0.43352532386779785

[CollapseMonitor] Epoch 16
  [DEBUG] Processed 20 batches from val_dataloader
  [DEBUG] Predictions shape after concat: (1280,)
  [DEBUG] All predictions list length: 20
  [DEBUG] First batch shape: (64,)
  Pred std: 0.053294, range: 0.304960, mean: 0.050757
  Pos: 95.3%, Neg: 4.7%, Unique: 1271
  Saved validation predictions to: experiments/01_staleness_features_fixed/sweep_stale_h14_drop0.15_lr5/collapse_monitoring/val_predictions_epoch16.npy
  Gradient norms:
    lstm_encoder: 0.006610
    lstm_decoder: 0.003981
    multihead_attn: 0.002811
    output_layer: 0.096814
  VSN output std:
    encoder: 0.123324
  Attention entropy: 2.985112
  Saved to: experiments/01_staleness_features_fixed/sweep_stale_h14_drop0.15_lr5/collapse_monitoring/collapse_monitor_epoch16.json
Epoch 17: val_loss=0.4201211929321289
Epoch 17: train_loss=0.43262338638305664

[CollapseMonitor] Epoch 17
  [DEBUG] Processed 20 batches from val_dataloader
  [DEBUG] Predictions shape after concat: (1280,)
  [DEBUG] All predictions list length: 20
  [DEBUG] First batch shape: (64,)
  Pred std: 0.053311, range: 0.303424, mean: 0.069306
  Pos: 99.9%, Neg: 0.1%, Unique: 1271
  Saved validation predictions to: experiments/01_staleness_features_fixed/sweep_stale_h14_drop0.15_lr5/collapse_monitoring/val_predictions_epoch17.npy
  Gradient norms:
    lstm_encoder: 0.006840
    lstm_decoder: 0.004193
    multihead_attn: 0.002859
    output_layer: 0.090114
  VSN output std:
    encoder: 0.121640
  Attention entropy: 2.978958
  Saved to: experiments/01_staleness_features_fixed/sweep_stale_h14_drop0.15_lr5/collapse_monitoring/collapse_monitor_epoch17.json
Epoch 18: val_loss=0.4182735085487366
Epoch 18: train_loss=0.43212172389030457

[CollapseMonitor] Epoch 18
  [DEBUG] Processed 20 batches from val_dataloader
  [DEBUG] Predictions shape after concat: (1280,)
  [DEBUG] All predictions list length: 20
  [DEBUG] First batch shape: (64,)
  Pred std: 0.056034, range: 0.310937, mean: 0.090618
  Pos: 100.0%, Neg: 0.0%, Unique: 1272
  Saved validation predictions to: experiments/01_staleness_features_fixed/sweep_stale_h14_drop0.15_lr5/collapse_monitoring/val_predictions_epoch18.npy
  Gradient norms:
    lstm_encoder: 0.007417
    lstm_decoder: 0.004517
    multihead_attn: 0.002957
    output_layer: 0.096637
  VSN output std:
    encoder: 0.122028
  Attention entropy: 2.974160
  Saved to: experiments/01_staleness_features_fixed/sweep_stale_h14_drop0.15_lr5/collapse_monitoring/collapse_monitor_epoch18.json
Epoch 19: val_loss=0.4179146885871887
Epoch 19: train_loss=0.43089208006858826

[CollapseMonitor] Epoch 19
  [DEBUG] Processed 20 batches from val_dataloader
  [DEBUG] Predictions shape after concat: (1280,)
  [DEBUG] All predictions list length: 20
  [DEBUG] First batch shape: (64,)
  Pred std: 0.059662, range: 0.309892, mean: 0.072289
  Pos: 100.0%, Neg: 0.0%, Unique: 1267
  Saved validation predictions to: experiments/01_staleness_features_fixed/sweep_stale_h14_drop0.15_lr5/collapse_monitoring/val_predictions_epoch19.npy
  Gradient norms:
    lstm_encoder: 0.007673
    lstm_decoder: 0.004453
    multihead_attn: 0.002996
    output_layer: 0.092996
  VSN output std:
    encoder: 0.119654
  Attention entropy: 2.973861
  Saved to: experiments/01_staleness_features_fixed/sweep_stale_h14_drop0.15_lr5/collapse_monitoring/collapse_monitor_epoch19.json
Epoch 20: val_loss=0.41686153411865234
Epoch 20: train_loss=0.4308747351169586

[CollapseMonitor] Epoch 20
  [DEBUG] Processed 20 batches from val_dataloader
  [DEBUG] Predictions shape after concat: (1280,)
  [DEBUG] All predictions list length: 20
  [DEBUG] First batch shape: (64,)
  Pred std: 0.053588, range: 0.308658, mean: 0.071330
  Pos: 98.9%, Neg: 1.1%, Unique: 1267
  Saved validation predictions to: experiments/01_staleness_features_fixed/sweep_stale_h14_drop0.15_lr5/collapse_monitoring/val_predictions_epoch20.npy
  Gradient norms:
    lstm_encoder: 0.007625
    lstm_decoder: 0.004495
    multihead_attn: 0.003009
    output_layer: 0.091140
  VSN output std:
    encoder: 0.122497
  Attention entropy: 2.973644
  Saved to: experiments/01_staleness_features_fixed/sweep_stale_h14_drop0.15_lr5/collapse_monitoring/collapse_monitor_epoch20.json
Epoch 21: val_loss=0.4156336188316345
Epoch 21: train_loss=0.4299107789993286

[CollapseMonitor] Epoch 21
  [DEBUG] Processed 20 batches from val_dataloader
  [DEBUG] Predictions shape after concat: (1280,)
  [DEBUG] All predictions list length: 20
  [DEBUG] First batch shape: (64,)
  Pred std: 0.056570, range: 0.324785, mean: 0.062278
  Pos: 95.6%, Neg: 4.4%, Unique: 1273
  Saved validation predictions to: experiments/01_staleness_features_fixed/sweep_stale_h14_drop0.15_lr5/collapse_monitoring/val_predictions_epoch21.npy
  Gradient norms:
    lstm_encoder: 0.008578
    lstm_decoder: 0.005144
    multihead_attn: 0.002805
    output_layer: 0.096812
  VSN output std:
    encoder: 0.121249
  Attention entropy: 2.967768
  Saved to: experiments/01_staleness_features_fixed/sweep_stale_h14_drop0.15_lr5/collapse_monitoring/collapse_monitor_epoch21.json
Epoch 22: val_loss=0.4149196743965149
Epoch 22: train_loss=0.4294044077396393

[CollapseMonitor] Epoch 22
  [DEBUG] Processed 20 batches from val_dataloader
  [DEBUG] Predictions shape after concat: (1280,)
  [DEBUG] All predictions list length: 20
  [DEBUG] First batch shape: (64,)
  Pred std: 0.051356, range: 0.301841, mean: 0.069266
  Pos: 98.0%, Neg: 2.0%, Unique: 1268
  Saved validation predictions to: experiments/01_staleness_features_fixed/sweep_stale_h14_drop0.15_lr5/collapse_monitoring/val_predictions_epoch22.npy
  Gradient norms:
    lstm_encoder: 0.008558
    lstm_decoder: 0.004995
    multihead_attn: 0.002942
    output_layer: 0.094363
  VSN output std:
    encoder: 0.117539
  Attention entropy: 2.967892
  Saved to: experiments/01_staleness_features_fixed/sweep_stale_h14_drop0.15_lr5/collapse_monitoring/collapse_monitor_epoch22.json
Epoch 23: val_loss=0.41467246413230896
Epoch 23: train_loss=0.4285721778869629

[CollapseMonitor] Epoch 23
  [DEBUG] Processed 20 batches from val_dataloader
  [DEBUG] Predictions shape after concat: (1280,)
  [DEBUG] All predictions list length: 20
  [DEBUG] First batch shape: (64,)
  Pred std: 0.046341, range: 0.284399, mean: 0.103892
  Pos: 100.0%, Neg: 0.0%, Unique: 1266
  Saved validation predictions to: experiments/01_staleness_features_fixed/sweep_stale_h14_drop0.15_lr5/collapse_monitoring/val_predictions_epoch23.npy
  Gradient norms:
    lstm_encoder: 0.008577
    lstm_decoder: 0.005104
    multihead_attn: 0.002823
    output_layer: 0.095883
  VSN output std:
    encoder: 0.120879
  Attention entropy: 2.959329
  Saved to: experiments/01_staleness_features_fixed/sweep_stale_h14_drop0.15_lr5/collapse_monitoring/collapse_monitor_epoch23.json
Epoch 24: val_loss=0.41351690888404846
Epoch 24: train_loss=0.4265865981578827

[CollapseMonitor] Epoch 24
  [DEBUG] Processed 20 batches from val_dataloader
  [DEBUG] Predictions shape after concat: (1280,)
  [DEBUG] All predictions list length: 20
  [DEBUG] First batch shape: (64,)
  Pred std: 0.056353, range: 0.346016, mean: 0.092372
  Pos: 99.8%, Neg: 0.2%, Unique: 1269
  Saved validation predictions to: experiments/01_staleness_features_fixed/sweep_stale_h14_drop0.15_lr5/collapse_monitoring/val_predictions_epoch24.npy
  Gradient norms:
    lstm_encoder: 0.008991
    lstm_decoder: 0.005232
    multihead_attn: 0.002910
    output_layer: 0.088385
  VSN output std:
    encoder: 0.121112
  Attention entropy: 2.955572
  Saved to: experiments/01_staleness_features_fixed/sweep_stale_h14_drop0.15_lr5/collapse_monitoring/collapse_monitor_epoch24.json
Epoch 25: val_loss=0.41285085678100586
Epoch 25: train_loss=0.427250474691391

[CollapseMonitor] Epoch 25
  [DEBUG] Processed 20 batches from val_dataloader
  [DEBUG] Predictions shape after concat: (1280,)
  [DEBUG] All predictions list length: 20
  [DEBUG] First batch shape: (64,)
  Pred std: 0.051247, range: 0.325240, mean: 0.079806
  Pos: 97.0%, Neg: 3.0%, Unique: 1275
  Saved validation predictions to: experiments/01_staleness_features_fixed/sweep_stale_h14_drop0.15_lr5/collapse_monitoring/val_predictions_epoch25.npy
  Gradient norms:
    lstm_encoder: 0.009354
    lstm_decoder: 0.005466
    multihead_attn: 0.002738
    output_layer: 0.090467
  VSN output std:
    encoder: 0.122189
  Attention entropy: 2.947422
  Saved to: experiments/01_staleness_features_fixed/sweep_stale_h14_drop0.15_lr5/collapse_monitoring/collapse_monitor_epoch25.json
Epoch 26: val_loss=0.41186004877090454
Epoch 26: train_loss=0.42628154158592224

[CollapseMonitor] Epoch 26
  [DEBUG] Processed 20 batches from val_dataloader
  [DEBUG] Predictions shape after concat: (1280,)
  [DEBUG] All predictions list length: 20
  [DEBUG] First batch shape: (64,)
  Pred std: 0.049028, range: 0.303833, mean: 0.106329
  Pos: 100.0%, Neg: 0.0%, Unique: 1274
  Saved validation predictions to: experiments/01_staleness_features_fixed/sweep_stale_h14_drop0.15_lr5/collapse_monitoring/val_predictions_epoch26.npy
  Gradient norms:
    lstm_encoder: 0.010479
    lstm_decoder: 0.006121
    multihead_attn: 0.002913
    output_layer: 0.093546
  VSN output std:
    encoder: 0.122580
  Attention entropy: 2.937118
  Saved to: experiments/01_staleness_features_fixed/sweep_stale_h14_drop0.15_lr5/collapse_monitoring/collapse_monitor_epoch26.json
Epoch 27: val_loss=0.41130751371383667
Epoch 27: train_loss=0.42710426449775696

[CollapseMonitor] Epoch 27
  [DEBUG] Processed 20 batches from val_dataloader
  [DEBUG] Predictions shape after concat: (1280,)
  [DEBUG] All predictions list length: 20
  [DEBUG] First batch shape: (64,)
  Pred std: 0.057536, range: 0.341698, mean: 0.094221
  Pos: 99.1%, Neg: 0.9%, Unique: 1271
  Saved validation predictions to: experiments/01_staleness_features_fixed/sweep_stale_h14_drop0.15_lr5/collapse_monitoring/val_predictions_epoch27.npy
  Gradient norms:
    lstm_encoder: 0.010652
    lstm_decoder: 0.006187
    multihead_attn: 0.002895
    output_layer: 0.099878
  VSN output std:
    encoder: 0.117872
  Attention entropy: 2.939441
  Saved to: experiments/01_staleness_features_fixed/sweep_stale_h14_drop0.15_lr5/collapse_monitoring/collapse_monitor_epoch27.json
Epoch 28: val_loss=0.4120658338069916
Epoch 28: train_loss=0.42618709802627563

[CollapseMonitor] Epoch 28
  [DEBUG] Processed 20 batches from val_dataloader
  [DEBUG] Predictions shape after concat: (1280,)
  [DEBUG] All predictions list length: 20
  [DEBUG] First batch shape: (64,)
  Pred std: 0.051662, range: 0.321727, mean: 0.093312
  Pos: 99.8%, Neg: 0.2%, Unique: 1267
  Saved validation predictions to: experiments/01_staleness_features_fixed/sweep_stale_h14_drop0.15_lr5/collapse_monitoring/val_predictions_epoch28.npy
  Gradient norms:
    lstm_encoder: 0.009983
    lstm_decoder: 0.005754
    multihead_attn: 0.002667
    output_layer: 0.089449
  VSN output std:
    encoder: 0.114876
  Attention entropy: 2.938373
  Saved to: experiments/01_staleness_features_fixed/sweep_stale_h14_drop0.15_lr5/collapse_monitoring/collapse_monitor_epoch28.json
Epoch 29: val_loss=0.4113152027130127
Epoch 29: train_loss=0.4258211851119995

[CollapseMonitor] Epoch 29
  [DEBUG] Processed 20 batches from val_dataloader
  [DEBUG] Predictions shape after concat: (1280,)
  [DEBUG] All predictions list length: 20
  [DEBUG] First batch shape: (64,)
  Pred std: 0.049696, range: 0.325066, mean: 0.117804
  Pos: 100.0%, Neg: 0.0%, Unique: 1273
  Saved validation predictions to: experiments/01_staleness_features_fixed/sweep_stale_h14_drop0.15_lr5/collapse_monitoring/val_predictions_epoch29.npy
  Gradient norms:
    lstm_encoder: 0.011826
    lstm_decoder: 0.006906
    multihead_attn: 0.002923
    output_layer: 0.099077
  VSN output std:
    encoder: 0.115049
  Attention entropy: 2.928392
  Saved to: experiments/01_staleness_features_fixed/sweep_stale_h14_drop0.15_lr5/collapse_monitoring/collapse_monitor_epoch29.json
Epoch 30: val_loss=0.40970659255981445
Epoch 30: train_loss=0.4253748655319214

[CollapseMonitor] Epoch 30
  [DEBUG] Processed 20 batches from val_dataloader
  [DEBUG] Predictions shape after concat: (1280,)
  [DEBUG] All predictions list length: 20
  [DEBUG] First batch shape: (64,)
  Pred std: 0.054251, range: 0.332088, mean: 0.090445
  Pos: 98.9%, Neg: 1.1%, Unique: 1271
  Saved validation predictions to: experiments/01_staleness_features_fixed/sweep_stale_h14_drop0.15_lr5/collapse_monitoring/val_predictions_epoch30.npy
  Gradient norms:
    lstm_encoder: 0.011319
    lstm_decoder: 0.006560
    multihead_attn: 0.002977
    output_layer: 0.089980
  VSN output std:
    encoder: 0.119031
  Attention entropy: 2.930978
  Saved to: experiments/01_staleness_features_fixed/sweep_stale_h14_drop0.15_lr5/collapse_monitoring/collapse_monitor_epoch30.json
Epoch 31: val_loss=0.4095708429813385
Epoch 31: train_loss=0.4248300790786743

[CollapseMonitor] Epoch 31
  [DEBUG] Processed 20 batches from val_dataloader
  [DEBUG] Predictions shape after concat: (1280,)
  [DEBUG] All predictions list length: 20
  [DEBUG] First batch shape: (64,)
  Pred std: 0.050387, range: 0.332362, mean: 0.097870
  Pos: 98.9%, Neg: 1.1%, Unique: 1272
  Saved validation predictions to: experiments/01_staleness_features_fixed/sweep_stale_h14_drop0.15_lr5/collapse_monitoring/val_predictions_epoch31.npy
  Gradient norms:
    lstm_encoder: 0.010954
    lstm_decoder: 0.006315
    multihead_attn: 0.002827
    output_layer: 0.089332
  VSN output std:
    encoder: 0.119078
  Attention entropy: 2.923207
  Saved to: experiments/01_staleness_features_fixed/sweep_stale_h14_drop0.15_lr5/collapse_monitoring/collapse_monitor_epoch31.json
Epoch 32: val_loss=0.4075758457183838
Epoch 32: train_loss=0.4241660535335541

[CollapseMonitor] Epoch 32
  [DEBUG] Processed 20 batches from val_dataloader
  [DEBUG] Predictions shape after concat: (1280,)
  [DEBUG] All predictions list length: 20
  [DEBUG] First batch shape: (64,)
  Pred std: 0.053065, range: 0.360659, mean: 0.103062
  Pos: 98.8%, Neg: 1.2%, Unique: 1274
  Saved validation predictions to: experiments/01_staleness_features_fixed/sweep_stale_h14_drop0.15_lr5/collapse_monitoring/val_predictions_epoch32.npy
  Gradient norms:
    lstm_encoder: 0.011666
    lstm_decoder: 0.006607
    multihead_attn: 0.002693
    output_layer: 0.098646
  VSN output std:
    encoder: 0.117701
  Attention entropy: 2.906488
  Saved to: experiments/01_staleness_features_fixed/sweep_stale_h14_drop0.15_lr5/collapse_monitoring/collapse_monitor_epoch32.json
Epoch 33: val_loss=0.4081215262413025
Epoch 33: train_loss=0.424020916223526

[CollapseMonitor] Epoch 33
  [DEBUG] Processed 20 batches from val_dataloader
  [DEBUG] Predictions shape after concat: (1280,)
  [DEBUG] All predictions list length: 20
  [DEBUG] First batch shape: (64,)
  Pred std: 0.054145, range: 0.370949, mean: 0.084494
  Pos: 97.0%, Neg: 3.0%, Unique: 1277
  Saved validation predictions to: experiments/01_staleness_features_fixed/sweep_stale_h14_drop0.15_lr5/collapse_monitoring/val_predictions_epoch33.npy
  Gradient norms:
    lstm_encoder: 0.012662
    lstm_decoder: 0.006873
    multihead_attn: 0.002841
    output_layer: 0.090172
  VSN output std:
    encoder: 0.115767
  Attention entropy: 2.920184
  Saved to: experiments/01_staleness_features_fixed/sweep_stale_h14_drop0.15_lr5/collapse_monitoring/collapse_monitor_epoch33.json
Epoch 34: val_loss=0.40662726759910583
Epoch 34: train_loss=0.4232702851295471

[CollapseMonitor] Epoch 34
  [DEBUG] Processed 20 batches from val_dataloader
  [DEBUG] Predictions shape after concat: (1280,)
  [DEBUG] All predictions list length: 20
  [DEBUG] First batch shape: (64,)
  Pred std: 0.058782, range: 0.400194, mean: 0.096129
  Pos: 97.7%, Neg: 2.3%, Unique: 1272
  Saved validation predictions to: experiments/01_staleness_features_fixed/sweep_stale_h14_drop0.15_lr5/collapse_monitoring/val_predictions_epoch34.npy
  Gradient norms:
    lstm_encoder: 0.013884
    lstm_decoder: 0.007494
    multihead_attn: 0.003032
    output_layer: 0.094080
  VSN output std:
    encoder: 0.114452
  Attention entropy: 2.903193
  Saved to: experiments/01_staleness_features_fixed/sweep_stale_h14_drop0.15_lr5/collapse_monitoring/collapse_monitor_epoch34.json
Epoch 35: val_loss=0.40734100341796875
Epoch 35: train_loss=0.42352238297462463

[CollapseMonitor] Epoch 35
  [DEBUG] Processed 20 batches from val_dataloader
  [DEBUG] Predictions shape after concat: (1280,)
  [DEBUG] All predictions list length: 20
  [DEBUG] First batch shape: (64,)
  Pred std: 0.048607, range: 0.331513, mean: 0.125966
  Pos: 100.0%, Neg: 0.0%, Unique: 1276
  Saved validation predictions to: experiments/01_staleness_features_fixed/sweep_stale_h14_drop0.15_lr5/collapse_monitoring/val_predictions_epoch35.npy
  Gradient norms:
    lstm_encoder: 0.014730
    lstm_decoder: 0.007651
    multihead_attn: 0.002947
    output_layer: 0.088340
  VSN output std:
    encoder: 0.116179
  Attention entropy: 2.904333
  Saved to: experiments/01_staleness_features_fixed/sweep_stale_h14_drop0.15_lr5/collapse_monitoring/collapse_monitor_epoch35.json
Epoch 36: val_loss=0.4071223735809326
Epoch 36: train_loss=0.42235931754112244

[CollapseMonitor] Epoch 36
  [DEBUG] Processed 20 batches from val_dataloader
  [DEBUG] Predictions shape after concat: (1280,)
  [DEBUG] All predictions list length: 20
  [DEBUG] First batch shape: (64,)
  Pred std: 0.054587, range: 0.360244, mean: 0.067695
  Pos: 94.6%, Neg: 5.4%, Unique: 1271
  Saved validation predictions to: experiments/01_staleness_features_fixed/sweep_stale_h14_drop0.15_lr5/collapse_monitoring/val_predictions_epoch36.npy
  Gradient norms:
    lstm_encoder: 0.014329
    lstm_decoder: 0.007636
    multihead_attn: 0.002869
    output_layer: 0.089034
  VSN output std:
    encoder: 0.113073
  Attention entropy: 2.896432
  Saved to: experiments/01_staleness_features_fixed/sweep_stale_h14_drop0.15_lr5/collapse_monitoring/collapse_monitor_epoch36.json
Epoch 37: val_loss=0.40604132413864136
Epoch 37: train_loss=0.42329373955726624

[CollapseMonitor] Epoch 37
  [DEBUG] Processed 20 batches from val_dataloader
  [DEBUG] Predictions shape after concat: (1280,)
  [DEBUG] All predictions list length: 20
  [DEBUG] First batch shape: (64,)
  Pred std: 0.044031, range: 0.332062, mean: 0.120455
  Pos: 99.7%, Neg: 0.3%, Unique: 1274
  Saved validation predictions to: experiments/01_staleness_features_fixed/sweep_stale_h14_drop0.15_lr5/collapse_monitoring/val_predictions_epoch37.npy
  Gradient norms:
    lstm_encoder: 0.015024
    lstm_decoder: 0.007890
    multihead_attn: 0.002801
    output_layer: 0.087834
  VSN output std:
    encoder: 0.114703
  Attention entropy: 2.901275
  Saved to: experiments/01_staleness_features_fixed/sweep_stale_h14_drop0.15_lr5/collapse_monitoring/collapse_monitor_epoch37.json
Epoch 38: val_loss=0.40501266717910767
Epoch 38: train_loss=0.4232340157032013

[CollapseMonitor] Epoch 38
  [DEBUG] Processed 20 batches from val_dataloader
  [DEBUG] Predictions shape after concat: (1280,)
  [DEBUG] All predictions list length: 20
  [DEBUG] First batch shape: (64,)
  Pred std: 0.058318, range: 0.380545, mean: 0.119486
  Pos: 99.8%, Neg: 0.2%, Unique: 1271
  Saved validation predictions to: experiments/01_staleness_features_fixed/sweep_stale_h14_drop0.15_lr5/collapse_monitoring/val_predictions_epoch38.npy
  Gradient norms:
    lstm_encoder: 0.015520
    lstm_decoder: 0.007836
    multihead_attn: 0.002684
    output_layer: 0.091095
  VSN output std:
    encoder: 0.112147
  Attention entropy: 2.898853
  Saved to: experiments/01_staleness_features_fixed/sweep_stale_h14_drop0.15_lr5/collapse_monitoring/collapse_monitor_epoch38.json
Epoch 39: val_loss=0.40541863441467285
Epoch 39: train_loss=0.4216940999031067

[CollapseMonitor] Epoch 39
  [DEBUG] Processed 20 batches from val_dataloader
  [DEBUG] Predictions shape after concat: (1280,)
  [DEBUG] All predictions list length: 20
  [DEBUG] First batch shape: (64,)
  Pred std: 0.058694, range: 0.380739, mean: 0.135759
  Pos: 100.0%, Neg: 0.0%, Unique: 1272
  Saved validation predictions to: experiments/01_staleness_features_fixed/sweep_stale_h14_drop0.15_lr5/collapse_monitoring/val_predictions_epoch39.npy
  Gradient norms:
    lstm_encoder: 0.016431
    lstm_decoder: 0.008150
    multihead_attn: 0.002773
    output_layer: 0.093032
  VSN output std:
    encoder: 0.114817
  Attention entropy: 2.891371
  Saved to: experiments/01_staleness_features_fixed/sweep_stale_h14_drop0.15_lr5/collapse_monitoring/collapse_monitor_epoch39.json
Epoch 40: val_loss=0.4043135643005371
Epoch 40: train_loss=0.4224487543106079

[CollapseMonitor] Epoch 40
  [DEBUG] Processed 20 batches from val_dataloader
  [DEBUG] Predictions shape after concat: (1280,)
  [DEBUG] All predictions list length: 20
  [DEBUG] First batch shape: (64,)
  Pred std: 0.058058, range: 0.413967, mean: 0.123307
  Pos: 99.5%, Neg: 0.5%, Unique: 1271
  Saved validation predictions to: experiments/01_staleness_features_fixed/sweep_stale_h14_drop0.15_lr5/collapse_monitoring/val_predictions_epoch40.npy
  Gradient norms:
    lstm_encoder: 0.017706
    lstm_decoder: 0.008363
    multihead_attn: 0.002726
    output_layer: 0.089656
  VSN output std:
    encoder: 0.110144
  Attention entropy: 2.891364
  Saved to: experiments/01_staleness_features_fixed/sweep_stale_h14_drop0.15_lr5/collapse_monitoring/collapse_monitor_epoch40.json
Epoch 41: val_loss=0.4024079740047455
Epoch 41: train_loss=0.42239853739738464

[CollapseMonitor] Epoch 41
  [DEBUG] Processed 20 batches from val_dataloader
  [DEBUG] Predictions shape after concat: (1280,)
  [DEBUG] All predictions list length: 20
  [DEBUG] First batch shape: (64,)
  Pred std: 0.062980, range: 0.423235, mean: 0.104958
  Pos: 99.0%, Neg: 1.0%, Unique: 1272
  Saved validation predictions to: experiments/01_staleness_features_fixed/sweep_stale_h14_drop0.15_lr5/collapse_monitoring/val_predictions_epoch41.npy
  Gradient norms:
    lstm_encoder: 0.019501
    lstm_decoder: 0.008961
    multihead_attn: 0.002919
    output_layer: 0.090372
  VSN output std:
    encoder: 0.110240
  Attention entropy: 2.882480
  Saved to: experiments/01_staleness_features_fixed/sweep_stale_h14_drop0.15_lr5/collapse_monitoring/collapse_monitor_epoch41.json
Epoch 42: val_loss=0.4027840197086334
Epoch 42: train_loss=0.42285481095314026

[CollapseMonitor] Epoch 42
  [DEBUG] Processed 20 batches from val_dataloader
  [DEBUG] Predictions shape after concat: (1280,)
  [DEBUG] All predictions list length: 20
  [DEBUG] First batch shape: (64,)
  Pred std: 0.065182, range: 0.461477, mean: 0.078869
  Pos: 95.9%, Neg: 4.1%, Unique: 1267
  Saved validation predictions to: experiments/01_staleness_features_fixed/sweep_stale_h14_drop0.15_lr5/collapse_monitoring/val_predictions_epoch42.npy
  Gradient norms:
    lstm_encoder: 0.019453
    lstm_decoder: 0.009352
    multihead_attn: 0.003418
    output_layer: 0.097375
  VSN output std:
    encoder: 0.108995
  Attention entropy: 2.885148
  Saved to: experiments/01_staleness_features_fixed/sweep_stale_h14_drop0.15_lr5/collapse_monitoring/collapse_monitor_epoch42.json
Epoch 43: val_loss=0.40287289023399353
Epoch 43: train_loss=0.42009979486465454

[CollapseMonitor] Epoch 43
  [DEBUG] Processed 20 batches from val_dataloader
  [DEBUG] Predictions shape after concat: (1280,)
  [DEBUG] All predictions list length: 20
  [DEBUG] First batch shape: (64,)
  Pred std: 0.056628, range: 0.430790, mean: 0.133660
  Pos: 99.5%, Neg: 0.5%, Unique: 1274
  Saved validation predictions to: experiments/01_staleness_features_fixed/sweep_stale_h14_drop0.15_lr5/collapse_monitoring/val_predictions_epoch43.npy
  Gradient norms:
    lstm_encoder: 0.021140
    lstm_decoder: 0.009821
    multihead_attn: 0.002931
    output_layer: 0.100051
  VSN output std:
    encoder: 0.111664
  Attention entropy: 2.875245
  Saved to: experiments/01_staleness_features_fixed/sweep_stale_h14_drop0.15_lr5/collapse_monitoring/collapse_monitor_epoch43.json
Epoch 44: val_loss=0.4038936495780945
Epoch 44: train_loss=0.4213026463985443

[CollapseMonitor] Epoch 44
  [DEBUG] Processed 20 batches from val_dataloader
  [DEBUG] Predictions shape after concat: (1280,)
  [DEBUG] All predictions list length: 20
  [DEBUG] First batch shape: (64,)
  Pred std: 0.057572, range: 0.415174, mean: 0.140162
  Pos: 99.7%, Neg: 0.3%, Unique: 1267
  Saved validation predictions to: experiments/01_staleness_features_fixed/sweep_stale_h14_drop0.15_lr5/collapse_monitoring/val_predictions_epoch44.npy
  Gradient norms:
    lstm_encoder: 0.018936
    lstm_decoder: 0.008744
    multihead_attn: 0.002811
    output_layer: 0.094691
  VSN output std:
    encoder: 0.109123
  Attention entropy: 2.879650
  Saved to: experiments/01_staleness_features_fixed/sweep_stale_h14_drop0.15_lr5/collapse_monitoring/collapse_monitor_epoch44.json
Epoch 45: val_loss=0.40152058005332947
Epoch 45: train_loss=0.42126062512397766

[CollapseMonitor] Epoch 45
  [DEBUG] Processed 20 batches from val_dataloader
  [DEBUG] Predictions shape after concat: (1280,)
  [DEBUG] All predictions list length: 20
  [DEBUG] First batch shape: (64,)
  Pred std: 0.068057, range: 0.494511, mean: 0.115330
  Pos: 99.3%, Neg: 0.7%, Unique: 1273
  Saved validation predictions to: experiments/01_staleness_features_fixed/sweep_stale_h14_drop0.15_lr5/collapse_monitoring/val_predictions_epoch45.npy
  Gradient norms:
    lstm_encoder: 0.020031
    lstm_decoder: 0.009204
    multihead_attn: 0.002898
    output_layer: 0.093311
  VSN output std:
    encoder: 0.109019
  Attention entropy: 2.868121
  Saved to: experiments/01_staleness_features_fixed/sweep_stale_h14_drop0.15_lr5/collapse_monitoring/collapse_monitor_epoch45.json
Epoch 46: val_loss=0.4026492238044739
Epoch 46: train_loss=0.42123448848724365

[CollapseMonitor] Epoch 46
  [DEBUG] Processed 20 batches from val_dataloader
  [DEBUG] Predictions shape after concat: (1280,)
  [DEBUG] All predictions list length: 20
  [DEBUG] First batch shape: (64,)
  Pred std: 0.058143, range: 0.446816, mean: 0.123142
  Pos: 99.5%, Neg: 0.5%, Unique: 1269
  Saved validation predictions to: experiments/01_staleness_features_fixed/sweep_stale_h14_drop0.15_lr5/collapse_monitoring/val_predictions_epoch46.npy
  Gradient norms:
    lstm_encoder: 0.020081
    lstm_decoder: 0.008783
    multihead_attn: 0.003045
    output_layer: 0.085978
  VSN output std:
    encoder: 0.106415
  Attention entropy: 2.883914
  Saved to: experiments/01_staleness_features_fixed/sweep_stale_h14_drop0.15_lr5/collapse_monitoring/collapse_monitor_epoch46.json
Epoch 47: val_loss=0.401736319065094
Epoch 47: train_loss=0.4212643504142761

[CollapseMonitor] Epoch 47
  [DEBUG] Processed 20 batches from val_dataloader
  [DEBUG] Predictions shape after concat: (1280,)
  [DEBUG] All predictions list length: 20
  [DEBUG] First batch shape: (64,)
  Pred std: 0.062623, range: 0.442721, mean: 0.104541
  Pos: 98.5%, Neg: 1.5%, Unique: 1277
  Saved validation predictions to: experiments/01_staleness_features_fixed/sweep_stale_h14_drop0.15_lr5/collapse_monitoring/val_predictions_epoch47.npy
  Gradient norms:
    lstm_encoder: 0.021387
    lstm_decoder: 0.009252
    multihead_attn: 0.003035
    output_layer: 0.091305
  VSN output std:
    encoder: 0.107292
  Attention entropy: 2.882926
  Saved to: experiments/01_staleness_features_fixed/sweep_stale_h14_drop0.15_lr5/collapse_monitoring/collapse_monitor_epoch47.json
Epoch 48: val_loss=0.4012349247932434
Epoch 48: train_loss=0.4207223951816559

[CollapseMonitor] Epoch 48
  [DEBUG] Processed 20 batches from val_dataloader
  [DEBUG] Predictions shape after concat: (1280,)
  [DEBUG] All predictions list length: 20
  [DEBUG] First batch shape: (64,)
  Pred std: 0.073693, range: 0.493146, mean: 0.107585
  Pos: 98.5%, Neg: 1.5%, Unique: 1271
  Saved validation predictions to: experiments/01_staleness_features_fixed/sweep_stale_h14_drop0.15_lr5/collapse_monitoring/val_predictions_epoch48.npy
  Gradient norms:
    lstm_encoder: 0.024571
    lstm_decoder: 0.010114
    multihead_attn: 0.003300
    output_layer: 0.092767
  VSN output std:
    encoder: 0.108583
  Attention entropy: 2.868163
  Saved to: experiments/01_staleness_features_fixed/sweep_stale_h14_drop0.15_lr5/collapse_monitoring/collapse_monitor_epoch48.json
Epoch 49: val_loss=0.4003083109855652
Epoch 49: train_loss=0.42015302181243896

[CollapseMonitor] Epoch 49
  [DEBUG] Processed 20 batches from val_dataloader
  [DEBUG] Predictions shape after concat: (1280,)
  [DEBUG] All predictions list length: 20
  [DEBUG] First batch shape: (64,)
  Pred std: 0.082972, range: 0.543528, mean: 0.076054
  Pos: 96.4%, Neg: 3.6%, Unique: 1268
  Saved validation predictions to: experiments/01_staleness_features_fixed/sweep_stale_h14_drop0.15_lr5/collapse_monitoring/val_predictions_epoch49.npy
  Gradient norms:
    lstm_encoder: 0.023216
    lstm_decoder: 0.009763
    multihead_attn: 0.003218
    output_layer: 0.092548
  VSN output std:
    encoder: 0.108260
  Attention entropy: 2.873974
  Saved to: experiments/01_staleness_features_fixed/sweep_stale_h14_drop0.15_lr5/collapse_monitoring/collapse_monitor_epoch49.json
Epoch 50: val_loss=0.39994293451309204
Epoch 50: train_loss=0.42011967301368713

[CollapseMonitor] Epoch 50
  [DEBUG] Processed 20 batches from val_dataloader
  [DEBUG] Predictions shape after concat: (1280,)
  [DEBUG] All predictions list length: 20
  [DEBUG] First batch shape: (64,)
  Pred std: 0.069141, range: 0.463040, mean: 0.120037
  Pos: 99.5%, Neg: 0.5%, Unique: 1268
  Saved validation predictions to: experiments/01_staleness_features_fixed/sweep_stale_h14_drop0.15_lr5/collapse_monitoring/val_predictions_epoch50.npy
  Gradient norms:
    lstm_encoder: 0.023209
    lstm_decoder: 0.010074
    multihead_attn: 0.003248
    output_layer: 0.090829
  VSN output std:
    encoder: 0.110315
  Attention entropy: 2.866029
  Saved to: experiments/01_staleness_features_fixed/sweep_stale_h14_drop0.15_lr5/collapse_monitoring/collapse_monitor_epoch50.json
Epoch 51: val_loss=0.4007095694541931
Epoch 51: train_loss=0.4205089807510376

[CollapseMonitor] Epoch 51
  [DEBUG] Processed 20 batches from val_dataloader
  [DEBUG] Predictions shape after concat: (1280,)
  [DEBUG] All predictions list length: 20
  [DEBUG] First batch shape: (64,)
  Pred std: 0.063734, range: 0.462702, mean: 0.094551
  Pos: 98.2%, Neg: 1.8%, Unique: 1272
  Saved validation predictions to: experiments/01_staleness_features_fixed/sweep_stale_h14_drop0.15_lr5/collapse_monitoring/val_predictions_epoch51.npy
  Gradient norms:
    lstm_encoder: 0.023173
    lstm_decoder: 0.009727
    multihead_attn: 0.003153
    output_layer: 0.088278
  VSN output std:
    encoder: 0.110450
  Attention entropy: 2.860112
  Saved to: experiments/01_staleness_features_fixed/sweep_stale_h14_drop0.15_lr5/collapse_monitoring/collapse_monitor_epoch51.json
Epoch 52: val_loss=0.399699866771698
Epoch 52: train_loss=0.4195805490016937

[CollapseMonitor] Epoch 52
  [DEBUG] Processed 20 batches from val_dataloader
  [DEBUG] Predictions shape after concat: (1280,)
  [DEBUG] All predictions list length: 20
  [DEBUG] First batch shape: (64,)
  Pred std: 0.065931, range: 0.440732, mean: 0.097198
  Pos: 98.9%, Neg: 1.1%, Unique: 1277
  Saved validation predictions to: experiments/01_staleness_features_fixed/sweep_stale_h14_drop0.15_lr5/collapse_monitoring/val_predictions_epoch52.npy
  Gradient norms:
    lstm_encoder: 0.022970
    lstm_decoder: 0.010219
    multihead_attn: 0.003268
    output_layer: 0.091783
  VSN output std:
    encoder: 0.112468
  Attention entropy: 2.852210
  Saved to: experiments/01_staleness_features_fixed/sweep_stale_h14_drop0.15_lr5/collapse_monitoring/collapse_monitor_epoch52.json
Epoch 53: val_loss=0.4007601737976074
Epoch 53: train_loss=0.41976815462112427

[CollapseMonitor] Epoch 53
  [DEBUG] Processed 20 batches from val_dataloader
  [DEBUG] Predictions shape after concat: (1280,)
  [DEBUG] All predictions list length: 20
  [DEBUG] First batch shape: (64,)
  Pred std: 0.068240, range: 0.410152, mean: 0.092161
  Pos: 99.2%, Neg: 0.8%, Unique: 1270
  Saved validation predictions to: experiments/01_staleness_features_fixed/sweep_stale_h14_drop0.15_lr5/collapse_monitoring/val_predictions_epoch53.npy
  Gradient norms:
    lstm_encoder: 0.025023
    lstm_decoder: 0.010611
    multihead_attn: 0.003365
    output_layer: 0.097116
  VSN output std:
    encoder: 0.111272
  Attention entropy: 2.857961
  Saved to: experiments/01_staleness_features_fixed/sweep_stale_h14_drop0.15_lr5/collapse_monitoring/collapse_monitor_epoch53.json
Epoch 54: val_loss=0.39994555711746216
Epoch 54: train_loss=0.4202533960342407

[CollapseMonitor] Epoch 54
  [DEBUG] Processed 20 batches from val_dataloader
  [DEBUG] Predictions shape after concat: (1280,)
  [DEBUG] All predictions list length: 20
  [DEBUG] First batch shape: (64,)
  Pred std: 0.069227, range: 0.435375, mean: 0.100544
  Pos: 99.3%, Neg: 0.7%, Unique: 1274
  Saved validation predictions to: experiments/01_staleness_features_fixed/sweep_stale_h14_drop0.15_lr5/collapse_monitoring/val_predictions_epoch54.npy
  Gradient norms:
    lstm_encoder: 0.023573
    lstm_decoder: 0.010268
    multihead_attn: 0.003174
    output_layer: 0.097008
  VSN output std:
    encoder: 0.109771
  Attention entropy: 2.841542
  Saved to: experiments/01_staleness_features_fixed/sweep_stale_h14_drop0.15_lr5/collapse_monitoring/collapse_monitor_epoch54.json
Epoch 55: val_loss=0.39992934465408325
Epoch 55: train_loss=0.41972318291664124

[CollapseMonitor] Epoch 55
  [DEBUG] Processed 20 batches from val_dataloader
  [DEBUG] Predictions shape after concat: (1280,)
  [DEBUG] All predictions list length: 20
  [DEBUG] First batch shape: (64,)
  Pred std: 0.064365, range: 0.404985, mean: 0.142801
  Pos: 100.0%, Neg: 0.0%, Unique: 1270
  Saved validation predictions to: experiments/01_staleness_features_fixed/sweep_stale_h14_drop0.15_lr5/collapse_monitoring/val_predictions_epoch55.npy
  Gradient norms:
    lstm_encoder: 0.022849
    lstm_decoder: 0.010085
    multihead_attn: 0.003301
    output_layer: 0.094193
  VSN output std:
    encoder: 0.112908
  Attention entropy: 2.850853
  Saved to: experiments/01_staleness_features_fixed/sweep_stale_h14_drop0.15_lr5/collapse_monitoring/collapse_monitor_epoch55.json
Epoch 56: val_loss=0.398898720741272
Epoch 56: train_loss=0.4202429950237274

[CollapseMonitor] Epoch 56
  [DEBUG] Processed 20 batches from val_dataloader
  [DEBUG] Predictions shape after concat: (1280,)
  [DEBUG] All predictions list length: 20
  [DEBUG] First batch shape: (64,)
  Pred std: 0.071852, range: 0.473262, mean: 0.107183
  Pos: 99.3%, Neg: 0.7%, Unique: 1273
  Saved validation predictions to: experiments/01_staleness_features_fixed/sweep_stale_h14_drop0.15_lr5/collapse_monitoring/val_predictions_epoch56.npy
  Gradient norms:
    lstm_encoder: 0.025642
    lstm_decoder: 0.010453
    multihead_attn: 0.003754
    output_layer: 0.092106
  VSN output std:
    encoder: 0.108980
  Attention entropy: 2.815421
  Saved to: experiments/01_staleness_features_fixed/sweep_stale_h14_drop0.15_lr5/collapse_monitoring/collapse_monitor_epoch56.json
Epoch 57: val_loss=0.3997274339199066
Epoch 57: train_loss=0.4192046821117401

[CollapseMonitor] Epoch 57
  [DEBUG] Processed 20 batches from val_dataloader
  [DEBUG] Predictions shape after concat: (1280,)
  [DEBUG] All predictions list length: 20
  [DEBUG] First batch shape: (64,)
  Pred std: 0.073176, range: 0.422930, mean: 0.143359
  Pos: 100.0%, Neg: 0.0%, Unique: 1276
  Saved validation predictions to: experiments/01_staleness_features_fixed/sweep_stale_h14_drop0.15_lr5/collapse_monitoring/val_predictions_epoch57.npy
  Gradient norms:
    lstm_encoder: 0.026796
    lstm_decoder: 0.010790
    multihead_attn: 0.003245
    output_layer: 0.095742
  VSN output std:
    encoder: 0.109650
  Attention entropy: 2.829239
  Saved to: experiments/01_staleness_features_fixed/sweep_stale_h14_drop0.15_lr5/collapse_monitoring/collapse_monitor_epoch57.json
Epoch 58: val_loss=0.39965951442718506
Epoch 58: train_loss=0.4189847707748413

[CollapseMonitor] Epoch 58
  [DEBUG] Processed 20 batches from val_dataloader
  [DEBUG] Predictions shape after concat: (1280,)
  [DEBUG] All predictions list length: 20
  [DEBUG] First batch shape: (64,)
  Pred std: 0.071409, range: 0.431260, mean: 0.107273
  Pos: 99.5%, Neg: 0.5%, Unique: 1266
  Saved validation predictions to: experiments/01_staleness_features_fixed/sweep_stale_h14_drop0.15_lr5/collapse_monitoring/val_predictions_epoch58.npy
  Gradient norms:
    lstm_encoder: 0.024494
    lstm_decoder: 0.010504
    multihead_attn: 0.003465
    output_layer: 0.088902
  VSN output std:
    encoder: 0.111020
  Attention entropy: 2.814637
  Saved to: experiments/01_staleness_features_fixed/sweep_stale_h14_drop0.15_lr5/collapse_monitoring/collapse_monitor_epoch58.json
Epoch 59: val_loss=0.39920660853385925
Epoch 59: train_loss=0.4192500710487366

[CollapseMonitor] Epoch 59
  [DEBUG] Processed 20 batches from val_dataloader
  [DEBUG] Predictions shape after concat: (1280,)
  [DEBUG] All predictions list length: 20
  [DEBUG] First batch shape: (64,)
  Pred std: 0.069660, range: 0.407637, mean: 0.128843
  Pos: 99.8%, Neg: 0.2%, Unique: 1275
  Saved validation predictions to: experiments/01_staleness_features_fixed/sweep_stale_h14_drop0.15_lr5/collapse_monitoring/val_predictions_epoch59.npy
  Gradient norms:
    lstm_encoder: 0.024137
    lstm_decoder: 0.010411
    multihead_attn: 0.003282
    output_layer: 0.087797
  VSN output std:
    encoder: 0.112777
  Attention entropy: 2.815755
  Saved to: experiments/01_staleness_features_fixed/sweep_stale_h14_drop0.15_lr5/collapse_monitoring/collapse_monitor_epoch59.json
Epoch 60: val_loss=0.3986905515193939
Epoch 60: train_loss=0.4192347824573517

[CollapseMonitor] Epoch 60
  [DEBUG] Processed 20 batches from val_dataloader
  [DEBUG] Predictions shape after concat: (1280,)
  [DEBUG] All predictions list length: 20
  [DEBUG] First batch shape: (64,)
  Pred std: 0.075430, range: 0.459692, mean: 0.113168
  Pos: 99.5%, Neg: 0.5%, Unique: 1271
  Saved validation predictions to: experiments/01_staleness_features_fixed/sweep_stale_h14_drop0.15_lr5/collapse_monitoring/val_predictions_epoch60.npy
  Gradient norms:
    lstm_encoder: 0.025652
    lstm_decoder: 0.010783
    multihead_attn: 0.003344
    output_layer: 0.086448
  VSN output std:
    encoder: 0.114044
  Attention entropy: 2.808186
  Saved to: experiments/01_staleness_features_fixed/sweep_stale_h14_drop0.15_lr5/collapse_monitoring/collapse_monitor_epoch60.json
Epoch 61: val_loss=0.398949533700943
Epoch 61: train_loss=0.41953375935554504

[CollapseMonitor] Epoch 61
  [DEBUG] Processed 20 batches from val_dataloader
  [DEBUG] Predictions shape after concat: (1280,)
  [DEBUG] All predictions list length: 20
  [DEBUG] First batch shape: (64,)
  Pred std: 0.069104, range: 0.474212, mean: 0.129427
  Pos: 99.5%, Neg: 0.5%, Unique: 1277
  Saved validation predictions to: experiments/01_staleness_features_fixed/sweep_stale_h14_drop0.15_lr5/collapse_monitoring/val_predictions_epoch61.npy
  Gradient norms:
    lstm_encoder: 0.028062
    lstm_decoder: 0.011256
    multihead_attn: 0.003630
    output_layer: 0.095068
  VSN output std:
    encoder: 0.113592
  Attention entropy: 2.800981
  Saved to: experiments/01_staleness_features_fixed/sweep_stale_h14_drop0.15_lr5/collapse_monitoring/collapse_monitor_epoch61.json
Epoch 62: val_loss=0.3990667462348938
Epoch 62: train_loss=0.41971006989479065

[CollapseMonitor] Epoch 62
  [DEBUG] Processed 20 batches from val_dataloader
  [DEBUG] Predictions shape after concat: (1280,)
  [DEBUG] All predictions list length: 20
  [DEBUG] First batch shape: (64,)
  Pred std: 0.072000, range: 0.430602, mean: 0.161312
  Pos: 100.0%, Neg: 0.0%, Unique: 1266
  Saved validation predictions to: experiments/01_staleness_features_fixed/sweep_stale_h14_drop0.15_lr5/collapse_monitoring/val_predictions_epoch62.npy
  Gradient norms:
    lstm_encoder: 0.028058
    lstm_decoder: 0.011165
    multihead_attn: 0.003345
    output_layer: 0.091362
  VSN output std:
    encoder: 0.113408
  Attention entropy: 2.812002
  Saved to: experiments/01_staleness_features_fixed/sweep_stale_h14_drop0.15_lr5/collapse_monitoring/collapse_monitor_epoch62.json
Epoch 63: val_loss=0.39777886867523193
Epoch 63: train_loss=0.41853299736976624

[CollapseMonitor] Epoch 63
  [DEBUG] Processed 20 batches from val_dataloader
  [DEBUG] Predictions shape after concat: (1280,)
  [DEBUG] All predictions list length: 20
  [DEBUG] First batch shape: (64,)
  Pred std: 0.072918, range: 0.442533, mean: 0.115658
  Pos: 99.5%, Neg: 0.5%, Unique: 1275
  Saved validation predictions to: experiments/01_staleness_features_fixed/sweep_stale_h14_drop0.15_lr5/collapse_monitoring/val_predictions_epoch63.npy
  Gradient norms:
    lstm_encoder: 0.026099
    lstm_decoder: 0.010423
    multihead_attn: 0.003185
    output_layer: 0.091765
  VSN output std:
    encoder: 0.113267
  Attention entropy: 2.796645
  Saved to: experiments/01_staleness_features_fixed/sweep_stale_h14_drop0.15_lr5/collapse_monitoring/collapse_monitor_epoch63.json
Epoch 64: val_loss=0.3994104564189911
Epoch 64: train_loss=0.41884201765060425

[CollapseMonitor] Epoch 64
  [DEBUG] Processed 20 batches from val_dataloader
  [DEBUG] Predictions shape after concat: (1280,)
  [DEBUG] All predictions list length: 20
  [DEBUG] First batch shape: (64,)
  Pred std: 0.068753, range: 0.446462, mean: 0.117693
  Pos: 99.7%, Neg: 0.3%, Unique: 1271
  Saved validation predictions to: experiments/01_staleness_features_fixed/sweep_stale_h14_drop0.15_lr5/collapse_monitoring/val_predictions_epoch64.npy
  Gradient norms:
    lstm_encoder: 0.026970
    lstm_decoder: 0.010447
    multihead_attn: 0.003188
    output_layer: 0.091812
  VSN output std:
    encoder: 0.109606
  Attention entropy: 2.808492
  Saved to: experiments/01_staleness_features_fixed/sweep_stale_h14_drop0.15_lr5/collapse_monitoring/collapse_monitor_epoch64.json
Epoch 65: val_loss=0.4010867178440094
Epoch 65: train_loss=0.4196895956993103

[CollapseMonitor] Epoch 65
  [DEBUG] Processed 20 batches from val_dataloader
  [DEBUG] Predictions shape after concat: (1280,)
  [DEBUG] All predictions list length: 20
  [DEBUG] First batch shape: (64,)
  Pred std: 0.060738, range: 0.435719, mean: 0.152791
  Pos: 99.8%, Neg: 0.2%, Unique: 1269
  Saved validation predictions to: experiments/01_staleness_features_fixed/sweep_stale_h14_drop0.15_lr5/collapse_monitoring/val_predictions_epoch65.npy
  Gradient norms:
    lstm_encoder: 0.029895
    lstm_decoder: 0.011761
    multihead_attn: 0.003321
    output_layer: 0.092280
  VSN output std:
    encoder: 0.108962
  Attention entropy: 2.794775
  Saved to: experiments/01_staleness_features_fixed/sweep_stale_h14_drop0.15_lr5/collapse_monitoring/collapse_monitor_epoch65.json
Epoch 66: val_loss=0.3989557921886444
Epoch 66: train_loss=0.4178760349750519

[CollapseMonitor] Epoch 66
  [DEBUG] Processed 20 batches from val_dataloader
  [DEBUG] Predictions shape after concat: (1280,)
  [DEBUG] All predictions list length: 20
  [DEBUG] First batch shape: (64,)
  Pred std: 0.072469, range: 0.463570, mean: 0.158442
  Pos: 100.0%, Neg: 0.0%, Unique: 1276
  Saved validation predictions to: experiments/01_staleness_features_fixed/sweep_stale_h14_drop0.15_lr5/collapse_monitoring/val_predictions_epoch66.npy
  Gradient norms:
    lstm_encoder: 0.027184
    lstm_decoder: 0.010844
    multihead_attn: 0.003427
    output_layer: 0.094414
  VSN output std:
    encoder: 0.114155
  Attention entropy: 2.806341
  Saved to: experiments/01_staleness_features_fixed/sweep_stale_h14_drop0.15_lr5/collapse_monitoring/collapse_monitor_epoch66.json
Epoch 67: val_loss=0.39915984869003296
Epoch 67: train_loss=0.4189349114894867

[CollapseMonitor] Epoch 67
  [DEBUG] Processed 20 batches from val_dataloader
  [DEBUG] Predictions shape after concat: (1280,)
  [DEBUG] All predictions list length: 20
  [DEBUG] First batch shape: (64,)
  Pred std: 0.075853, range: 0.513693, mean: 0.110868
  Pos: 99.5%, Neg: 0.5%, Unique: 1277
  Saved validation predictions to: experiments/01_staleness_features_fixed/sweep_stale_h14_drop0.15_lr5/collapse_monitoring/val_predictions_epoch67.npy
  Gradient norms:
    lstm_encoder: 0.030224
    lstm_decoder: 0.011852
    multihead_attn: 0.003795
    output_layer: 0.092132
  VSN output std:
    encoder: 0.117141
  Attention entropy: 2.822672
  Saved to: experiments/01_staleness_features_fixed/sweep_stale_h14_drop0.15_lr5/collapse_monitoring/collapse_monitor_epoch67.json
Epoch 68: val_loss=0.3979337513446808
Epoch 68: train_loss=0.4183613657951355

[CollapseMonitor] Epoch 68
  [DEBUG] Processed 20 batches from val_dataloader
  [DEBUG] Predictions shape after concat: (1280,)
  [DEBUG] All predictions list length: 20
  [DEBUG] First batch shape: (64,)
  Pred std: 0.073068, range: 0.479888, mean: 0.116025
  Pos: 99.5%, Neg: 0.5%, Unique: 1273
  Saved validation predictions to: experiments/01_staleness_features_fixed/sweep_stale_h14_drop0.15_lr5/collapse_monitoring/val_predictions_epoch68.npy
  Gradient norms:
    lstm_encoder: 0.030440
    lstm_decoder: 0.011739
    multihead_attn: 0.003835
    output_layer: 0.091185
  VSN output std:
    encoder: 0.111850
  Attention entropy: 2.790576
  Saved to: experiments/01_staleness_features_fixed/sweep_stale_h14_drop0.15_lr5/collapse_monitoring/collapse_monitor_epoch68.json
Epoch 69: val_loss=0.3982389271259308
Epoch 69: train_loss=0.418570339679718

[CollapseMonitor] Epoch 69
  [DEBUG] Processed 20 batches from val_dataloader
  [DEBUG] Predictions shape after concat: (1280,)
  [DEBUG] All predictions list length: 20
  [DEBUG] First batch shape: (64,)
  Pred std: 0.074763, range: 0.498743, mean: 0.093226
  Pos: 99.0%, Neg: 1.0%, Unique: 1270
  Saved validation predictions to: experiments/01_staleness_features_fixed/sweep_stale_h14_drop0.15_lr5/collapse_monitoring/val_predictions_epoch69.npy
  Gradient norms:
    lstm_encoder: 0.030531
    lstm_decoder: 0.012468
    multihead_attn: 0.003775
    output_layer: 0.098156
  VSN output std:
    encoder: 0.112158
  Attention entropy: 2.790528
  Saved to: experiments/01_staleness_features_fixed/sweep_stale_h14_drop0.15_lr5/collapse_monitoring/collapse_monitor_epoch69.json
Epoch 70: val_loss=0.3984842300415039
Epoch 70: train_loss=0.4174962043762207

[CollapseMonitor] Epoch 70
  [DEBUG] Processed 20 batches from val_dataloader
  [DEBUG] Predictions shape after concat: (1280,)
  [DEBUG] All predictions list length: 20
  [DEBUG] First batch shape: (64,)
  Pred std: 0.079112, range: 0.512850, mean: 0.126767
  Pos: 99.7%, Neg: 0.3%, Unique: 1275
  Saved validation predictions to: experiments/01_staleness_features_fixed/sweep_stale_h14_drop0.15_lr5/collapse_monitoring/val_predictions_epoch70.npy
  Gradient norms:
    lstm_encoder: 0.029337
    lstm_decoder: 0.011488
    multihead_attn: 0.003533
    output_layer: 0.084974
  VSN output std:
    encoder: 0.113297
  Attention entropy: 2.786492
  Saved to: experiments/01_staleness_features_fixed/sweep_stale_h14_drop0.15_lr5/collapse_monitoring/collapse_monitor_epoch70.json
Epoch 71: val_loss=0.39774075150489807
Epoch 71: train_loss=0.41920483112335205

[CollapseMonitor] Epoch 71
  [DEBUG] Processed 20 batches from val_dataloader
  [DEBUG] Predictions shape after concat: (1280,)
  [DEBUG] All predictions list length: 20
  [DEBUG] First batch shape: (64,)
  Pred std: 0.077223, range: 0.475187, mean: 0.134854
  Pos: 99.9%, Neg: 0.1%, Unique: 1272
  Saved validation predictions to: experiments/01_staleness_features_fixed/sweep_stale_h14_drop0.15_lr5/collapse_monitoring/val_predictions_epoch71.npy
  Gradient norms:
    lstm_encoder: 0.030669
    lstm_decoder: 0.011851
    multihead_attn: 0.003874
    output_layer: 0.095913
  VSN output std:
    encoder: 0.115115
  Attention entropy: 2.795457
  Saved to: experiments/01_staleness_features_fixed/sweep_stale_h14_drop0.15_lr5/collapse_monitoring/collapse_monitor_epoch71.json
Epoch 72: val_loss=0.3983843922615051
Epoch 72: train_loss=0.4172135293483734

[CollapseMonitor] Epoch 72
  [DEBUG] Processed 20 batches from val_dataloader
  [DEBUG] Predictions shape after concat: (1280,)
  [DEBUG] All predictions list length: 20
  [DEBUG] First batch shape: (64,)
  Pred std: 0.077342, range: 0.475260, mean: 0.136330
  Pos: 100.0%, Neg: 0.0%, Unique: 1267
  Saved validation predictions to: experiments/01_staleness_features_fixed/sweep_stale_h14_drop0.15_lr5/collapse_monitoring/val_predictions_epoch72.npy
  Gradient norms:
    lstm_encoder: 0.027954
    lstm_decoder: 0.011597
    multihead_attn: 0.003751
    output_layer: 0.087417
  VSN output std:
    encoder: 0.115386
  Attention entropy: 2.786406
  Saved to: experiments/01_staleness_features_fixed/sweep_stale_h14_drop0.15_lr5/collapse_monitoring/collapse_monitor_epoch72.json
Epoch 73: val_loss=0.3991394639015198
Epoch 73: train_loss=0.41846299171447754

[CollapseMonitor] Epoch 73
  [DEBUG] Processed 20 batches from val_dataloader
  [DEBUG] Predictions shape after concat: (1280,)
  [DEBUG] All predictions list length: 20
  [DEBUG] First batch shape: (64,)
  Pred std: 0.074806, range: 0.485647, mean: 0.124669
  Pos: 99.7%, Neg: 0.3%, Unique: 1272
  Saved validation predictions to: experiments/01_staleness_features_fixed/sweep_stale_h14_drop0.15_lr5/collapse_monitoring/val_predictions_epoch73.npy
  Gradient norms:
    lstm_encoder: 0.029654
    lstm_decoder: 0.011366
    multihead_attn: 0.003669
    output_layer: 0.091096
  VSN output std:
    encoder: 0.113740
  Attention entropy: 2.773895
  Saved to: experiments/01_staleness_features_fixed/sweep_stale_h14_drop0.15_lr5/collapse_monitoring/collapse_monitor_epoch73.json
Epoch 74: val_loss=0.3991755545139313
Epoch 74: train_loss=0.4187715947628021

[CollapseMonitor] Epoch 74
  [DEBUG] Processed 20 batches from val_dataloader
  [DEBUG] Predictions shape after concat: (1280,)
  [DEBUG] All predictions list length: 20
  [DEBUG] First batch shape: (64,)
  Pred std: 0.080519, range: 0.498116, mean: 0.110769
  Pos: 99.6%, Neg: 0.4%, Unique: 1278
  Saved validation predictions to: experiments/01_staleness_features_fixed/sweep_stale_h14_drop0.15_lr5/collapse_monitoring/val_predictions_epoch74.npy
  Gradient norms:
    lstm_encoder: 0.029443
    lstm_decoder: 0.012549
    multihead_attn: 0.004120
    output_layer: 0.093906
  VSN output std:
    encoder: 0.115892
  Attention entropy: 2.762801
  Saved to: experiments/01_staleness_features_fixed/sweep_stale_h14_drop0.15_lr5/collapse_monitoring/collapse_monitor_epoch74.json
Epoch 75: val_loss=0.397384375333786
Epoch 75: train_loss=0.418334424495697

[CollapseMonitor] Epoch 75
  [DEBUG] Processed 20 batches from val_dataloader
  [DEBUG] Predictions shape after concat: (1280,)
  [DEBUG] All predictions list length: 20
  [DEBUG] First batch shape: (64,)
  Pred std: 0.085707, range: 0.493854, mean: 0.117332
  Pos: 99.8%, Neg: 0.2%, Unique: 1269
  Saved validation predictions to: experiments/01_staleness_features_fixed/sweep_stale_h14_drop0.15_lr5/collapse_monitoring/val_predictions_epoch75.npy
  Gradient norms:
    lstm_encoder: 0.030337
    lstm_decoder: 0.012451
    multihead_attn: 0.003898
    output_layer: 0.094911
  VSN output std:
    encoder: 0.112763
  Attention entropy: 2.762637
  Saved to: experiments/01_staleness_features_fixed/sweep_stale_h14_drop0.15_lr5/collapse_monitoring/collapse_monitor_epoch75.json
Epoch 76: val_loss=0.3971286714076996
Epoch 76: train_loss=0.41873300075531006

[CollapseMonitor] Epoch 76
  [DEBUG] Processed 20 batches from val_dataloader
  [DEBUG] Predictions shape after concat: (1280,)
  [DEBUG] All predictions list length: 20
  [DEBUG] First batch shape: (64,)
  Pred std: 0.081539, range: 0.493094, mean: 0.101455
  Pos: 99.5%, Neg: 0.5%, Unique: 1272
  Saved validation predictions to: experiments/01_staleness_features_fixed/sweep_stale_h14_drop0.15_lr5/collapse_monitoring/val_predictions_epoch76.npy
  Gradient norms:
    lstm_encoder: 0.032151
    lstm_decoder: 0.012216
    multihead_attn: 0.003780
    output_layer: 0.094596
  VSN output std:
    encoder: 0.112131
  Attention entropy: 2.751122
  Saved to: experiments/01_staleness_features_fixed/sweep_stale_h14_drop0.15_lr5/collapse_monitoring/collapse_monitor_epoch76.json
Epoch 77: val_loss=0.3984450399875641
Epoch 77: train_loss=0.4179733395576477

[CollapseMonitor] Epoch 77
  [DEBUG] Processed 20 batches from val_dataloader
  [DEBUG] Predictions shape after concat: (1280,)
  [DEBUG] All predictions list length: 20
  [DEBUG] First batch shape: (64,)
  Pred std: 0.079739, range: 0.494224, mean: 0.135335
  Pos: 100.0%, Neg: 0.0%, Unique: 1275
  Saved validation predictions to: experiments/01_staleness_features_fixed/sweep_stale_h14_drop0.15_lr5/collapse_monitoring/val_predictions_epoch77.npy
  Gradient norms:
    lstm_encoder: 0.032311
    lstm_decoder: 0.011893
    multihead_attn: 0.004118
    output_layer: 0.097125
  VSN output std:
    encoder: 0.111627
  Attention entropy: 2.780138
  Saved to: experiments/01_staleness_features_fixed/sweep_stale_h14_drop0.15_lr5/collapse_monitoring/collapse_monitor_epoch77.json
Epoch 78: val_loss=0.39846715331077576
Epoch 78: train_loss=0.4174449145793915

[CollapseMonitor] Epoch 78
  [DEBUG] Processed 20 batches from val_dataloader
  [DEBUG] Predictions shape after concat: (1280,)
  [DEBUG] All predictions list length: 20
  [DEBUG] First batch shape: (64,)
  Pred std: 0.077431, range: 0.503885, mean: 0.111597
  Pos: 99.6%, Neg: 0.4%, Unique: 1272
  Saved validation predictions to: experiments/01_staleness_features_fixed/sweep_stale_h14_drop0.15_lr5/collapse_monitoring/val_predictions_epoch78.npy
  Gradient norms:
    lstm_encoder: 0.029861
    lstm_decoder: 0.011965
    multihead_attn: 0.003752
    output_layer: 0.091623
  VSN output std:
    encoder: 0.112397
  Attention entropy: 2.781990
  Saved to: experiments/01_staleness_features_fixed/sweep_stale_h14_drop0.15_lr5/collapse_monitoring/collapse_monitor_epoch78.json
Epoch 79: val_loss=0.3984118402004242
Epoch 79: train_loss=0.4176868200302124

[CollapseMonitor] Epoch 79
  [DEBUG] Processed 20 batches from val_dataloader
  [DEBUG] Predictions shape after concat: (1280,)
  [DEBUG] All predictions list length: 20
  [DEBUG] First batch shape: (64,)
  Pred std: 0.080364, range: 0.518354, mean: 0.115145
  Pos: 99.6%, Neg: 0.4%, Unique: 1275
  Saved validation predictions to: experiments/01_staleness_features_fixed/sweep_stale_h14_drop0.15_lr5/collapse_monitoring/val_predictions_epoch79.npy
  Gradient norms:
    lstm_encoder: 0.029952
    lstm_decoder: 0.011907
    multihead_attn: 0.003683
    output_layer: 0.098005
  VSN output std:
    encoder: 0.112455
  Attention entropy: 2.779899
  Saved to: experiments/01_staleness_features_fixed/sweep_stale_h14_drop0.15_lr5/collapse_monitoring/collapse_monitor_epoch79.json
Epoch 80: val_loss=0.39841994643211365
Epoch 80: train_loss=0.4179992973804474

[CollapseMonitor] Epoch 80
  [DEBUG] Processed 20 batches from val_dataloader
  [DEBUG] Predictions shape after concat: (1280,)
  [DEBUG] All predictions list length: 20
  [DEBUG] First batch shape: (64,)
  Pred std: 0.080477, range: 0.523952, mean: 0.120662
  Pos: 99.6%, Neg: 0.4%, Unique: 1275
  Saved validation predictions to: experiments/01_staleness_features_fixed/sweep_stale_h14_drop0.15_lr5/collapse_monitoring/val_predictions_epoch80.npy
  Gradient norms:
    lstm_encoder: 0.030431
    lstm_decoder: 0.012131
    multihead_attn: 0.003799
    output_layer: 0.097825
  VSN output std:
    encoder: 0.112526
  Attention entropy: 2.777883
  Saved to: experiments/01_staleness_features_fixed/sweep_stale_h14_drop0.15_lr5/collapse_monitoring/collapse_monitor_epoch80.json
Epoch 81: val_loss=0.3992531895637512
Epoch 81: train_loss=0.41622811555862427

[CollapseMonitor] Epoch 81
  [DEBUG] Processed 20 batches from val_dataloader
  [DEBUG] Predictions shape after concat: (1280,)
  [DEBUG] All predictions list length: 20
  [DEBUG] First batch shape: (64,)
  Pred std: 0.087550, range: 0.542288, mean: 0.128068
  Pos: 99.7%, Neg: 0.3%, Unique: 1274
  Saved validation predictions to: experiments/01_staleness_features_fixed/sweep_stale_h14_drop0.15_lr5/collapse_monitoring/val_predictions_epoch81.npy
  Gradient norms:
    lstm_encoder: 0.031933
    lstm_decoder: 0.013344
    multihead_attn: 0.004387
    output_layer: 0.093168
  VSN output std:
    encoder: 0.114058
  Attention entropy: 2.795700
  Saved to: experiments/01_staleness_features_fixed/sweep_stale_h14_drop0.15_lr5/collapse_monitoring/collapse_monitor_epoch81.json
Epoch 82: val_loss=0.3989989757537842
Epoch 82: train_loss=0.4174603521823883

[CollapseMonitor] Epoch 82
  [DEBUG] Processed 20 batches from val_dataloader
  [DEBUG] Predictions shape after concat: (1280,)
  [DEBUG] All predictions list length: 20
  [DEBUG] First batch shape: (64,)
  Pred std: 0.085847, range: 0.547091, mean: 0.119339
  Pos: 99.6%, Neg: 0.4%, Unique: 1274
  Saved validation predictions to: experiments/01_staleness_features_fixed/sweep_stale_h14_drop0.15_lr5/collapse_monitoring/val_predictions_epoch82.npy
  Gradient norms:
    lstm_encoder: 0.030992
    lstm_decoder: 0.012069
    multihead_attn: 0.004311
    output_layer: 0.095115
  VSN output std:
    encoder: 0.113594
  Attention entropy: 2.788475
  Saved to: experiments/01_staleness_features_fixed/sweep_stale_h14_drop0.15_lr5/collapse_monitoring/collapse_monitor_epoch82.json
Epoch 83: val_loss=0.39868441224098206
Epoch 83: train_loss=0.41864508390426636

[CollapseMonitor] Epoch 83
  [DEBUG] Processed 20 batches from val_dataloader
  [DEBUG] Predictions shape after concat: (1280,)
  [DEBUG] All predictions list length: 20
  [DEBUG] First batch shape: (64,)
  Pred std: 0.084562, range: 0.542731, mean: 0.132217
  Pos: 99.6%, Neg: 0.4%, Unique: 1272
  Saved validation predictions to: experiments/01_staleness_features_fixed/sweep_stale_h14_drop0.15_lr5/collapse_monitoring/val_predictions_epoch83.npy
  Gradient norms:
    lstm_encoder: 0.031171
    lstm_decoder: 0.013085
    multihead_attn: 0.004092
    output_layer: 0.090005
  VSN output std:
    encoder: 0.113164
  Attention entropy: 2.789411
  Saved to: experiments/01_staleness_features_fixed/sweep_stale_h14_drop0.15_lr5/collapse_monitoring/collapse_monitor_epoch83.json
Epoch 84: val_loss=0.3995886445045471
Epoch 84: train_loss=0.41603854298591614

[CollapseMonitor] Epoch 84
  [DEBUG] Processed 20 batches from val_dataloader
  [DEBUG] Predictions shape after concat: (1280,)
  [DEBUG] All predictions list length: 20
  [DEBUG] First batch shape: (64,)
  Pred std: 0.085337, range: 0.544890, mean: 0.123430
  Pos: 99.6%, Neg: 0.4%, Unique: 1275
  Saved validation predictions to: experiments/01_staleness_features_fixed/sweep_stale_h14_drop0.15_lr5/collapse_monitoring/val_predictions_epoch84.npy
  Gradient norms:
    lstm_encoder: 0.031809
    lstm_decoder: 0.012713
    multihead_attn: 0.003974
    output_layer: 0.093504
  VSN output std:
    encoder: 0.112870
  Attention entropy: 2.792643
  Saved to: experiments/01_staleness_features_fixed/sweep_stale_h14_drop0.15_lr5/collapse_monitoring/collapse_monitor_epoch84.json
Epoch 85: val_loss=0.39950650930404663
Epoch 85: train_loss=0.4176150858402252

[CollapseMonitor] Epoch 85
  [DEBUG] Processed 20 batches from val_dataloader
  [DEBUG] Predictions shape after concat: (1280,)
  [DEBUG] All predictions list length: 20
  [DEBUG] First batch shape: (64,)
  Pred std: 0.082716, range: 0.538529, mean: 0.133029
  Pos: 99.8%, Neg: 0.2%, Unique: 1273
  Saved validation predictions to: experiments/01_staleness_features_fixed/sweep_stale_h14_drop0.15_lr5/collapse_monitoring/val_predictions_epoch85.npy
  Gradient norms:
    lstm_encoder: 0.032097
    lstm_decoder: 0.012388
    multihead_attn: 0.004079
    output_layer: 0.092375
  VSN output std:
    encoder: 0.114365
  Attention entropy: 2.794996
  Saved to: experiments/01_staleness_features_fixed/sweep_stale_h14_drop0.15_lr5/collapse_monitoring/collapse_monitor_epoch85.json
Epoch 86: val_loss=0.39986974000930786
Epoch 86: train_loss=0.4174904227256775

[CollapseMonitor] Epoch 86
  [DEBUG] Processed 20 batches from val_dataloader
  [DEBUG] Predictions shape after concat: (1280,)
  [DEBUG] All predictions list length: 20
  [DEBUG] First batch shape: (64,)
  Pred std: 0.083308, range: 0.537719, mean: 0.122792
  Pos: 99.6%, Neg: 0.4%, Unique: 1274
  Saved validation predictions to: experiments/01_staleness_features_fixed/sweep_stale_h14_drop0.15_lr5/collapse_monitoring/val_predictions_epoch86.npy
  Gradient norms:
    lstm_encoder: 0.030225
    lstm_decoder: 0.011700
    multihead_attn: 0.004005
    output_layer: 0.091035
  VSN output std:
    encoder: 0.114332
  Attention entropy: 2.798681
  Saved to: experiments/01_staleness_features_fixed/sweep_stale_h14_drop0.15_lr5/collapse_monitoring/collapse_monitor_epoch86.json


======================================================================
Training complete
======================================================================

Best model checkpoint: experiments/01_staleness_features_fixed/sweep_stale_h14_drop0.15_lr5/checkpoints/tft-epoch=76-val_loss=0.3971.ckpt
Best validation loss: 0.397129
Completed at: 2025-10-29 23:11:26
Log saved to: experiments/01_staleness_features_fixed/sweep_stale_h14_drop0.15_lr5/training_20251029_220814.log
======================================================================
