Logging to: experiments/06a_weekly_sweep/h16_enc8_d030_bs16/vsn_analysis/vsn_analysis_20251129_215106.log
Analysis started at: 2025-11-29 21:51:06
======================================================================
Experiment: 06a_weekly_sweep/h16_enc8_d030_bs16
Output directory: experiments/06a_weekly_sweep/h16_enc8_d030_bs16/vsn_analysis
Loading config from: experiments/06a_weekly_sweep/h16_enc8_d030_bs16/config.json
Using best checkpoint: experiments/06a_weekly_sweep/h16_enc8_d030_bs16/checkpoints/tft-epoch=epoch=66-valloss=val_loss=0.9203.ckpt

Loading data...
Loading test data from: data/splits/vintage/core_proposal_weekly_vintage_test.csv
  Train samples: 1269
  Test samples: 273

Preparing test dataset...
Test dataset size: 265

Loading model...
Loading model from: experiments/06a_weekly_sweep/h16_enc8_d030_bs16/checkpoints/tft-epoch=epoch=66-valloss=val_loss=0.9203.ckpt
Model loaded on device: cuda

Extracting VSN weights...
  Encoder variables (5): ['relative_time_idx', 'VIX', 'Treasury_10Y', 'Yield_Spread', 'Inflation_YoY']
  Decoder variables (1): ['relative_time_idx']
  Static variables (1): ['encoder_length']

  DEBUG: Output type: <class 'pytorch_forecasting.utils.TupleOutputMixIn.to_network_output.<locals>.Output'>
  DEBUG: Output fields (NamedTuple): ('prediction', 'encoder_attention', 'decoder_attention', 'static_variables', 'encoder_variables', 'decoder_variables', 'decoder_lengths', 'encoder_lengths')
  DEBUG: output.encoder_variables shape: torch.Size([64, 8, 1, 5])
  DEBUG: output.static_variables shape: torch.Size([64, 1, 1])
  DEBUG: output.decoder_variables shape: torch.Size([64, 1, 1, 1])

Extraction complete:
  Samples: 265
  Encoder VSN shape: (265, 5)
  Decoder VSN shape: (265, 1)

Analysis period: 2020-09-18 to 2025-10-10

Creating temporal periods:
  2020: 15 samples
  2021: 53 samples
  2022: 52 samples
  2023: 52 samples
  2024: 52 samples
  2025: 41 samples

Analyzing VSN weights by period...

Comparing VSN patterns across periods...

Creating visualizations...
Saved VSN heatmap: experiments/06a_weekly_sweep/h16_enc8_d030_bs16/vsn_analysis/vsn_heatmap.png
Saved VSN comparison: experiments/06a_weekly_sweep/h16_enc8_d030_bs16/vsn_analysis/vsn_comparison.png
Saved concentration plot: experiments/06a_weekly_sweep/h16_enc8_d030_bs16/vsn_analysis/vsn_concentration.png

Saving results...
Saved results: experiments/06a_weekly_sweep/h16_enc8_d030_bs16/vsn_analysis/vsn_analysis_results.json

======================================================================
VSN ANALYSIS SUMMARY
======================================================================

Per-Period Feature Importance:
----------------------------------------------------------------------

2020 (15 samples):
  Concentration: 0.2989
  Top 5 features:
    VIX                            0.4116
    Inflation_YoY                  0.2646
    Treasury_10Y                   0.2334
    Yield_Spread                   0.0660
    relative_time_idx              0.0244

2021 (53 samples):
  Concentration: 0.2959
  Top 5 features:
    VIX                            0.4076
    Treasury_10Y                   0.3034
    Inflation_YoY                  0.1761
    Yield_Spread                   0.0693
    relative_time_idx              0.0436

2022 (52 samples):
  Concentration: 0.5695
  Top 5 features:
    VIX                            0.7420
    Treasury_10Y                   0.1036
    Yield_Spread                   0.0635
    relative_time_idx              0.0503
    Inflation_YoY                  0.0406

2023 (52 samples):
  Concentration: 0.5609
  Top 5 features:
    VIX                            0.7357
    Yield_Spread                   0.0927
    Treasury_10Y                   0.0853
    Inflation_YoY                  0.0445
    relative_time_idx              0.0417

2024 (52 samples):
  Concentration: 0.5333
  Top 5 features:
    VIX                            0.7133
    Yield_Spread                   0.1187
    Treasury_10Y                   0.0761
    Inflation_YoY                  0.0598
    relative_time_idx              0.0321

2025 (41 samples):
  Concentration: 0.5301
  Top 5 features:
    VIX                            0.7113
    Yield_Spread                   0.1093
    Inflation_YoY                  0.0819
    Treasury_10Y                   0.0678
    relative_time_idx              0.0297

----------------------------------------------------------------------
Period Comparisons:
----------------------------------------------------------------------

2020_vs_2021:
  Cosine similarity: 0.9779
  L2 distance: 0.1146
  Biggest increases: Treasury_10Y(+0.070), relative_time_idx(+0.019), Yield_Spread(+0.003)
  Biggest decreases: Inflation_YoY(-0.089), VIX(-0.004), Yield_Spread(+0.003)

2020_vs_2022:
  Cosine similarity: 0.8381
  L2 distance: 0.4205
  Biggest increases: VIX(+0.330), relative_time_idx(+0.026), Yield_Spread(-0.002)
  Biggest decreases: Inflation_YoY(-0.224), Treasury_10Y(-0.130), Yield_Spread(-0.002)

2020_vs_2023:
  Cosine similarity: 0.8345
  L2 distance: 0.4201
  Biggest increases: VIX(+0.324), Yield_Spread(+0.027), relative_time_idx(+0.017)
  Biggest decreases: Inflation_YoY(-0.220), Treasury_10Y(-0.148), relative_time_idx(+0.017)

2020_vs_2024:
  Cosine similarity: 0.8411
  L2 distance: 0.4007
  Biggest increases: VIX(+0.302), Yield_Spread(+0.053), relative_time_idx(+0.008)
  Biggest decreases: Inflation_YoY(-0.205), Treasury_10Y(-0.157), relative_time_idx(+0.008)

2020_vs_2025:
  Cosine similarity: 0.8497
  L2 distance: 0.3905
  Biggest increases: VIX(+0.300), Yield_Spread(+0.043), relative_time_idx(+0.005)
  Biggest decreases: Inflation_YoY(-0.183), Treasury_10Y(-0.166), relative_time_idx(+0.005)

2021_vs_2022:
  Cosine similarity: 0.8468
  L2 distance: 0.4125
  Biggest increases: VIX(+0.334), relative_time_idx(+0.007), Yield_Spread(-0.006)
  Biggest decreases: Treasury_10Y(-0.200), Inflation_YoY(-0.136), Yield_Spread(-0.006)

2021_vs_2023:
  Cosine similarity: 0.8391
  L2 distance: 0.4161
  Biggest increases: VIX(+0.328), Yield_Spread(+0.023), relative_time_idx(-0.002)
  Biggest decreases: Treasury_10Y(-0.218), Inflation_YoY(-0.132), relative_time_idx(-0.002)

2021_vs_2024:
  Cosine similarity: 0.8408
  L2 distance: 0.4015
  Biggest increases: VIX(+0.306), Yield_Spread(+0.049), relative_time_idx(-0.012)
  Biggest decreases: Treasury_10Y(-0.227), Inflation_YoY(-0.116), relative_time_idx(-0.012)

2021_vs_2025:
  Cosine similarity: 0.8428
  L2 distance: 0.3980
  Biggest increases: VIX(+0.304), Yield_Spread(+0.040), relative_time_idx(-0.014)
  Biggest decreases: Treasury_10Y(-0.236), Inflation_YoY(-0.094), relative_time_idx(-0.014)

2022_vs_2023:
  Cosine similarity: 0.9989
  L2 distance: 0.0363
  Biggest increases: Yield_Spread(+0.029), Inflation_YoY(+0.004), VIX(-0.006)
  Biggest decreases: Treasury_10Y(-0.018), relative_time_idx(-0.009), VIX(-0.006)

2022_vs_2024:
  Cosine similarity: 0.9957
  L2 distance: 0.0730
  Biggest increases: Yield_Spread(+0.055), Inflation_YoY(+0.019), relative_time_idx(-0.018)
  Biggest decreases: VIX(-0.029), Treasury_10Y(-0.027), relative_time_idx(-0.018)

2022_vs_2025:
  Cosine similarity: 0.9948
  L2 distance: 0.0803
  Biggest increases: Yield_Spread(+0.046), Inflation_YoY(+0.041), relative_time_idx(-0.021)
  Biggest decreases: Treasury_10Y(-0.036), VIX(-0.031), relative_time_idx(-0.021)

2023_vs_2024:
  Cosine similarity: 0.9989
  L2 distance: 0.0399
  Biggest increases: Yield_Spread(+0.026), Inflation_YoY(+0.015), Treasury_10Y(-0.009)
  Biggest decreases: VIX(-0.022), relative_time_idx(-0.010), Treasury_10Y(-0.009)

2023_vs_2025:
  Cosine similarity: 0.9979
  L2 distance: 0.0521
  Biggest increases: Inflation_YoY(+0.037), Yield_Spread(+0.017), relative_time_idx(-0.012)
  Biggest decreases: VIX(-0.024), Treasury_10Y(-0.017), relative_time_idx(-0.012)

2024_vs_2025:
  Cosine similarity: 0.9994
  L2 distance: 0.0256
  Biggest increases: Inflation_YoY(+0.022), VIX(-0.002), relative_time_idx(-0.002)
  Biggest decreases: Yield_Spread(-0.009), Treasury_10Y(-0.008), relative_time_idx(-0.002)

======================================================================

Analysis complete!
Results saved to: experiments/06a_weekly_sweep/h16_enc8_d030_bs16/vsn_analysis
  - vsn_analysis_results.json
  - vsn_heatmap.png
  - vsn_comparison.png
  - vsn_concentration.png
