
[INFO] Using AUTO device selection.

[INFO] Patched matplotlib.Axes.errorbar to abs() negative yerr for robustness.
======================================================================
Training TFT: h16d010_dirw2.0_extremew5.0p90
======================================================================
Logging to: experiments/h16d010_dirw2.0_extremew5.0p90/training_20251122_232559.log
Started at: 2025-11-22 23:25:59
======================================================================
Configuration saved to: experiments/h16d010_dirw2.0_extremew5.0p90/config.json

Loading data splits...
Train: 6074 samples
Val: 1302 samples
Test: 1302 samples

Preparing TimeSeriesDataSet...

Dropping source columns (used for staleness only): ['CPI']

Final features for TFT: ['SP500_Returns', 'VIX', 'Treasury_10Y', 'Yield_Spread', 'Inflation_YoY']

======================================================================
FEATURE STATISTICS - BEFORE NORMALIZATION
======================================================================
VIX                             mean= 19.7438  std=  8.0295  min=  9.3100  max= 80.8600
Treasury_10Y                    mean=  4.7672  std=  1.6903  min=  1.4300  max=  8.3600
Yield_Spread                    mean=  1.2778  std=  0.9179  min= -0.5200  max=  2.9100
Inflation_YoY                   mean=  2.5322  std=  1.1865  min= -2.1498  max=  6.7300

======================================================================
FEATURES AFTER GROUPNORMALIZER (first batch, last timestep)
======================================================================
VIX                             normalized_value=  1.0000
Treasury_10Y                    normalized_value= -0.0500
Yield_Spread                    normalized_value=  0.0817
Inflation_YoY                   normalized_value=  0.8774
======================================================================

Batches per epoch: 94
[DEBUG] Validation batches: 21
[DEBUG] Validation dataset size: 1282
[DEBUG] Batch size: 64

Initializing model...

Active loss penalties: directional_diversity=2.0 (threshold=90%)

================================================================================
BASELINE MODEL FEATURE CONFIGURATION (after from_dataset)
================================================================================
tft.hparams.time_varying_reals_encoder: ['relative_time_idx', 'VIX', 'Treasury_10Y', 'Yield_Spread', 'Inflation_YoY']
  Count: 5

tft.hparams.time_varying_reals_decoder: ['relative_time_idx']
  Count: 1

tft.hparams.x_reals (all reals passed to model): ['encoder_length', 'relative_time_idx', 'VIX', 'Treasury_10Y', 'Yield_Spread', 'Inflation_YoY']
  Count: 6

Encoder VSN configuration:
  num_inputs: 5
  input_sizes: {'relative_time_idx': 16, 'VIX': 16, 'Treasury_10Y': 16, 'Yield_Spread': 16, 'Inflation_YoY': 16}
  flattened_grn.fc1: in_features=80, out_features=5
  -> Params in fc1: 400 (should be 5*16*5=400 if 5 features)
================================================================================

Model parameters: 22,615

Starting training...
Checkpoints will be saved to: experiments/h16d010_dirw2.0_extremew5.0p90/checkpoints/
Logs will be saved to: experiments/h16d010_dirw2.0_extremew5.0p90/logs/

[DEBUG CollapseMonitor] on_validation_epoch_start called for epoch 0
[DEBUG CollapseMonitor] reset_temporal_state() called on loss function
Epoch 0: val_loss=N/A
[DEBUG CollapseMonitor] on_validation_epoch_start called for epoch 0
[DEBUG CollapseMonitor] reset_temporal_state() called on loss function
Epoch 0: val_loss=1.4142425060272217
Epoch 0: train_loss=1.4635261297225952

[CollapseMonitor] Epoch 0
  [DEBUG] Processed 21 batches from val_dataloader
  [DEBUG] Predictions shape after concat: (1282,)
  [DEBUG] All predictions list length: 21
  [DEBUG] First batch shape: (64,)
  Pred std: 0.031396, range: 0.126552, mean: 0.098468
  Pos: 100.0%, Neg: 0.0%, Unique: 1266
  Collapse penalty: 0.000000 (threshold: 0.005000)
  Directional penalty: 0.010000 (weight: 2.00, threshold: 0.90)
  Saved validation predictions to: experiments/h16d010_dirw2.0_extremew5.0p90/collapse_monitoring/val_predictions_epoch0.npy
  Gradient norms:
    lstm_encoder: 0.013021
    lstm_decoder: 0.018894
    output_layer: 0.830419
  VSN output std:
    encoder: 0.156350
  Attention entropy: 2.991509
  Saved to: experiments/h16d010_dirw2.0_extremew5.0p90/collapse_monitoring/collapse_monitor_epoch0.json
[DEBUG CollapseMonitor] on_validation_epoch_start called for epoch 1
[DEBUG CollapseMonitor] reset_temporal_state() called on loss function
Epoch 1: val_loss=1.2663044929504395
Epoch 1: train_loss=1.311047911643982

[CollapseMonitor] Epoch 1
  [DEBUG] Processed 21 batches from val_dataloader
  [DEBUG] Predictions shape after concat: (1282,)
  [DEBUG] All predictions list length: 21
  [DEBUG] First batch shape: (64,)
  Pred std: 0.019385, range: 0.091206, mean: 0.026794
  Pos: 92.2%, Neg: 7.8%, Unique: 1262
  Collapse penalty: 0.000000 (threshold: 0.005000)
  Directional penalty: 0.010000 (weight: 2.00, threshold: 0.90)
  Saved validation predictions to: experiments/h16d010_dirw2.0_extremew5.0p90/collapse_monitoring/val_predictions_epoch1.npy
  Gradient norms:
    lstm_encoder: 0.010100
    lstm_decoder: 0.013097
    output_layer: 0.655563
  VSN output std:
    encoder: 0.166455
  Attention entropy: 2.993556
  Saved to: experiments/h16d010_dirw2.0_extremew5.0p90/collapse_monitoring/collapse_monitor_epoch1.json
[DEBUG CollapseMonitor] on_validation_epoch_start called for epoch 2
[DEBUG CollapseMonitor] reset_temporal_state() called on loss function
Epoch 2: val_loss=1.1774210929870605
Epoch 2: train_loss=1.1813132762908936

[CollapseMonitor] Epoch 2
  [DEBUG] Processed 21 batches from val_dataloader
  [DEBUG] Predictions shape after concat: (1282,)
  [DEBUG] All predictions list length: 21
  [DEBUG] First batch shape: (64,)
  Pred std: 0.020543, range: 0.102313, mean: 0.014814
  Pos: 83.3%, Neg: 16.7%, Unique: 1264
  Collapse penalty: 0.000000 (threshold: 0.005000)
  Directional penalty: 0.010000 (weight: 2.00, threshold: 0.90)
  Saved validation predictions to: experiments/h16d010_dirw2.0_extremew5.0p90/collapse_monitoring/val_predictions_epoch2.npy
  Gradient norms:
    lstm_encoder: 0.007925
    lstm_decoder: 0.008381
    output_layer: 0.455320
  VSN output std:
    encoder: 0.177194
  Attention entropy: 2.994766
  Saved to: experiments/h16d010_dirw2.0_extremew5.0p90/collapse_monitoring/collapse_monitor_epoch2.json
[DEBUG CollapseMonitor] on_validation_epoch_start called for epoch 3
[DEBUG CollapseMonitor] reset_temporal_state() called on loss function
Epoch 3: val_loss=1.1350239515304565
Epoch 3: train_loss=1.0992053747177124

[CollapseMonitor] Epoch 3
  [DEBUG] Processed 21 batches from val_dataloader
  [DEBUG] Predictions shape after concat: (1282,)
  [DEBUG] All predictions list length: 21
  [DEBUG] First batch shape: (64,)
  Pred std: 0.019295, range: 0.096149, mean: 0.004627
  Pos: 59.4%, Neg: 40.6%, Unique: 1268
  Collapse penalty: 0.000000 (threshold: 0.005000)
  Directional penalty: 0.010000 (weight: 2.00, threshold: 0.90)
  Saved validation predictions to: experiments/h16d010_dirw2.0_extremew5.0p90/collapse_monitoring/val_predictions_epoch3.npy
  Gradient norms:
    lstm_encoder: 0.006417
    lstm_decoder: 0.006524
    output_layer: 0.338570
  VSN output std:
    encoder: 0.174852
  Attention entropy: 2.995065
  Saved to: experiments/h16d010_dirw2.0_extremew5.0p90/collapse_monitoring/collapse_monitor_epoch3.json
[DEBUG CollapseMonitor] on_validation_epoch_start called for epoch 4
[DEBUG CollapseMonitor] reset_temporal_state() called on loss function
Epoch 4: val_loss=1.1104686260223389
Epoch 4: train_loss=1.058263897895813

[CollapseMonitor] Epoch 4
  [DEBUG] Processed 21 batches from val_dataloader
  [DEBUG] Predictions shape after concat: (1282,)
  [DEBUG] All predictions list length: 21
  [DEBUG] First batch shape: (64,)
  Pred std: 0.017015, range: 0.082079, mean: 0.016601
  Pos: 88.0%, Neg: 12.0%, Unique: 1266
  Collapse penalty: 0.000000 (threshold: 0.005000)
  Directional penalty: 0.010000 (weight: 2.00, threshold: 0.90)
  Saved validation predictions to: experiments/h16d010_dirw2.0_extremew5.0p90/collapse_monitoring/val_predictions_epoch4.npy
  Gradient norms:
    lstm_encoder: 0.005956
    lstm_decoder: 0.005999
    output_layer: 0.284749
  VSN output std:
    encoder: 0.180518
  Attention entropy: 2.995278
  Saved to: experiments/h16d010_dirw2.0_extremew5.0p90/collapse_monitoring/collapse_monitor_epoch4.json
[DEBUG CollapseMonitor] on_validation_epoch_start called for epoch 5
[DEBUG CollapseMonitor] reset_temporal_state() called on loss function
Epoch 5: val_loss=1.0950394868850708
Epoch 5: train_loss=1.0301393270492554

[CollapseMonitor] Epoch 5
  [DEBUG] Processed 21 batches from val_dataloader
  [DEBUG] Predictions shape after concat: (1282,)
  [DEBUG] All predictions list length: 21
  [DEBUG] First batch shape: (64,)
  Pred std: 0.013412, range: 0.062795, mean: 0.017971
  Pos: 93.9%, Neg: 6.1%, Unique: 1260
  Collapse penalty: 0.000000 (threshold: 0.005000)
  Directional penalty: 0.010000 (weight: 2.00, threshold: 0.90)
  Saved validation predictions to: experiments/h16d010_dirw2.0_extremew5.0p90/collapse_monitoring/val_predictions_epoch5.npy
  Gradient norms:
    lstm_encoder: 0.006511
    lstm_decoder: 0.006366
    output_layer: 0.269448
  VSN output std:
    encoder: 0.180123
  Attention entropy: 2.995200
  Saved to: experiments/h16d010_dirw2.0_extremew5.0p90/collapse_monitoring/collapse_monitor_epoch5.json
[DEBUG CollapseMonitor] on_validation_epoch_start called for epoch 6
[DEBUG CollapseMonitor] reset_temporal_state() called on loss function
Epoch 6: val_loss=1.0719594955444336
Epoch 6: train_loss=1.004502534866333

[CollapseMonitor] Epoch 6
  [DEBUG] Processed 21 batches from val_dataloader
  [DEBUG] Predictions shape after concat: (1282,)
  [DEBUG] All predictions list length: 21
  [DEBUG] First batch shape: (64,)
  Pred std: 0.015213, range: 0.069126, mean: 0.004296
  Pos: 48.4%, Neg: 51.6%, Unique: 1263
  Collapse penalty: 0.000000 (threshold: 0.005000)
  Directional penalty: 0.010000 (weight: 2.00, threshold: 0.90)
  Saved validation predictions to: experiments/h16d010_dirw2.0_extremew5.0p90/collapse_monitoring/val_predictions_epoch6.npy
  Gradient norms:
    lstm_encoder: 0.006612
    lstm_decoder: 0.005641
    output_layer: 0.231799
  VSN output std:
    encoder: 0.184767
  Attention entropy: 2.995347
  Saved to: experiments/h16d010_dirw2.0_extremew5.0p90/collapse_monitoring/collapse_monitor_epoch6.json
[DEBUG CollapseMonitor] on_validation_epoch_start called for epoch 7
[DEBUG CollapseMonitor] reset_temporal_state() called on loss function
Epoch 7: val_loss=1.0633965730667114
Epoch 7: train_loss=0.9895439743995667

[CollapseMonitor] Epoch 7
  [DEBUG] Processed 21 batches from val_dataloader
  [DEBUG] Predictions shape after concat: (1282,)
  [DEBUG] All predictions list length: 21
  [DEBUG] First batch shape: (64,)
  Pred std: 0.019017, range: 0.085689, mean: -0.004660
  Pos: 28.9%, Neg: 71.1%, Unique: 1258
  Collapse penalty: 0.000000 (threshold: 0.005000)
  Directional penalty: 0.010000 (weight: 2.00, threshold: 0.90)
  Saved validation predictions to: experiments/h16d010_dirw2.0_extremew5.0p90/collapse_monitoring/val_predictions_epoch7.npy
  Gradient norms:
    lstm_encoder: 0.008354
    lstm_decoder: 0.006624
    output_layer: 0.237108
  VSN output std:
    encoder: 0.189231
  Attention entropy: 2.994576
  Saved to: experiments/h16d010_dirw2.0_extremew5.0p90/collapse_monitoring/collapse_monitor_epoch7.json
[DEBUG CollapseMonitor] on_validation_epoch_start called for epoch 8
[DEBUG CollapseMonitor] reset_temporal_state() called on loss function
Epoch 8: val_loss=1.0494894981384277
Epoch 8: train_loss=0.9735053777694702

[CollapseMonitor] Epoch 8
  [DEBUG] Processed 21 batches from val_dataloader
  [DEBUG] Predictions shape after concat: (1282,)
  [DEBUG] All predictions list length: 21
  [DEBUG] First batch shape: (64,)
  Pred std: 0.025295, range: 0.114366, mean: 0.025719
  Pos: 94.0%, Neg: 6.0%, Unique: 1265
  Collapse penalty: 0.000000 (threshold: 0.005000)
  Directional penalty: 0.010000 (weight: 2.00, threshold: 0.90)
  Saved validation predictions to: experiments/h16d010_dirw2.0_extremew5.0p90/collapse_monitoring/val_predictions_epoch8.npy
  Gradient norms:
    lstm_encoder: 0.010819
    lstm_decoder: 0.007614
    output_layer: 0.239078
  VSN output std:
    encoder: 0.178944
  Attention entropy: 2.990883
  Saved to: experiments/h16d010_dirw2.0_extremew5.0p90/collapse_monitoring/collapse_monitor_epoch8.json
[DEBUG CollapseMonitor] on_validation_epoch_start called for epoch 9
[DEBUG CollapseMonitor] reset_temporal_state() called on loss function
Epoch 9: val_loss=1.0316613912582397
Epoch 9: train_loss=0.945294976234436

[CollapseMonitor] Epoch 9
  [DEBUG] Processed 21 batches from val_dataloader
  [DEBUG] Predictions shape after concat: (1282,)
  [DEBUG] All predictions list length: 21
  [DEBUG] First batch shape: (64,)
  Pred std: 0.018496, range: 0.154130, mean: 0.066607
  Pos: 99.5%, Neg: 0.5%, Unique: 1248
  Collapse penalty: 0.000000 (threshold: 0.005000)
  Directional penalty: 0.010000 (weight: 2.00, threshold: 0.90)
  Saved validation predictions to: experiments/h16d010_dirw2.0_extremew5.0p90/collapse_monitoring/val_predictions_epoch9.npy
  Gradient norms:
    lstm_encoder: 0.013629
    lstm_decoder: 0.008615
    output_layer: 0.231488
  VSN output std:
    encoder: 0.173136
  Attention entropy: 2.990587
  Saved to: experiments/h16d010_dirw2.0_extremew5.0p90/collapse_monitoring/collapse_monitor_epoch9.json
[DEBUG CollapseMonitor] on_validation_epoch_start called for epoch 10
[DEBUG CollapseMonitor] reset_temporal_state() called on loss function
Epoch 10: val_loss=1.0232924222946167
Epoch 10: train_loss=0.9255209565162659

[CollapseMonitor] Epoch 10
  [DEBUG] Processed 21 batches from val_dataloader
  [DEBUG] Predictions shape after concat: (1282,)
  [DEBUG] All predictions list length: 21
  [DEBUG] First batch shape: (64,)
  Pred std: 0.031767, range: 0.194491, mean: 0.069637
  Pos: 90.6%, Neg: 9.4%, Unique: 1238
  Collapse penalty: 0.000000 (threshold: 0.005000)
  Directional penalty: 0.010000 (weight: 2.00, threshold: 0.90)
  Saved validation predictions to: experiments/h16d010_dirw2.0_extremew5.0p90/collapse_monitoring/val_predictions_epoch10.npy
  Gradient norms:
    lstm_encoder: 0.015219
    lstm_decoder: 0.009059
    output_layer: 0.219797
  VSN output std:
    encoder: 0.179078
  Attention entropy: 2.989702
  Saved to: experiments/h16d010_dirw2.0_extremew5.0p90/collapse_monitoring/collapse_monitor_epoch10.json
[DEBUG CollapseMonitor] on_validation_epoch_start called for epoch 11
[DEBUG CollapseMonitor] reset_temporal_state() called on loss function
Epoch 11: val_loss=0.9967431426048279
Epoch 11: train_loss=0.9151705503463745

[CollapseMonitor] Epoch 11
  [DEBUG] Processed 21 batches from val_dataloader
  [DEBUG] Predictions shape after concat: (1282,)
  [DEBUG] All predictions list length: 21
  [DEBUG] First batch shape: (64,)
  Pred std: 0.023542, range: 0.209199, mean: 0.020709
  Pos: 90.5%, Neg: 9.5%, Unique: 1237
  Collapse penalty: 0.000000 (threshold: 0.005000)
  Directional penalty: 0.010000 (weight: 2.00, threshold: 0.90)
  Saved validation predictions to: experiments/h16d010_dirw2.0_extremew5.0p90/collapse_monitoring/val_predictions_epoch11.npy
  Gradient norms:
    lstm_encoder: 0.017042
    lstm_decoder: 0.009262
    output_layer: 0.212781
  VSN output std:
    encoder: 0.181285
  Attention entropy: 2.975387
  Saved to: experiments/h16d010_dirw2.0_extremew5.0p90/collapse_monitoring/collapse_monitor_epoch11.json
[DEBUG CollapseMonitor] on_validation_epoch_start called for epoch 12
[DEBUG CollapseMonitor] reset_temporal_state() called on loss function
Epoch 12: val_loss=0.9972670078277588
Epoch 12: train_loss=0.9026778936386108

[CollapseMonitor] Epoch 12
  [DEBUG] Processed 21 batches from val_dataloader
  [DEBUG] Predictions shape after concat: (1282,)
  [DEBUG] All predictions list length: 21
  [DEBUG] First batch shape: (64,)
  Pred std: 0.016949, range: 0.212660, mean: 0.040284
  Pos: 97.1%, Neg: 2.9%, Unique: 1230
  Collapse penalty: 0.000000 (threshold: 0.005000)
  Directional penalty: 0.010000 (weight: 2.00, threshold: 0.90)
  Saved validation predictions to: experiments/h16d010_dirw2.0_extremew5.0p90/collapse_monitoring/val_predictions_epoch12.npy
  Gradient norms:
    lstm_encoder: 0.017510
    lstm_decoder: 0.009614
    output_layer: 0.199707
  VSN output std:
    encoder: 0.180177
  Attention entropy: 2.984960
  Saved to: experiments/h16d010_dirw2.0_extremew5.0p90/collapse_monitoring/collapse_monitor_epoch12.json
[DEBUG CollapseMonitor] on_validation_epoch_start called for epoch 13
[DEBUG CollapseMonitor] reset_temporal_state() called on loss function
Epoch 13: val_loss=0.9808013439178467
Epoch 13: train_loss=0.8948065638542175

[CollapseMonitor] Epoch 13
  [DEBUG] Processed 21 batches from val_dataloader
  [DEBUG] Predictions shape after concat: (1282,)
  [DEBUG] All predictions list length: 21
  [DEBUG] First batch shape: (64,)
  Pred std: 0.021801, range: 0.217688, mean: 0.023879
  Pos: 92.4%, Neg: 7.6%, Unique: 1231
  Collapse penalty: 0.000000 (threshold: 0.005000)
  Directional penalty: 0.010000 (weight: 2.00, threshold: 0.90)
  Saved validation predictions to: experiments/h16d010_dirw2.0_extremew5.0p90/collapse_monitoring/val_predictions_epoch13.npy
  Gradient norms:
    lstm_encoder: 0.020339
    lstm_decoder: 0.010882
    output_layer: 0.213250
  VSN output std:
    encoder: 0.174163
  Attention entropy: 2.973015
  Saved to: experiments/h16d010_dirw2.0_extremew5.0p90/collapse_monitoring/collapse_monitor_epoch13.json
[DEBUG CollapseMonitor] on_validation_epoch_start called for epoch 14
[DEBUG CollapseMonitor] reset_temporal_state() called on loss function
Epoch 14: val_loss=0.9816730618476868
Epoch 14: train_loss=0.8928745985031128

[CollapseMonitor] Epoch 14
  [DEBUG] Processed 21 batches from val_dataloader
  [DEBUG] Predictions shape after concat: (1282,)
  [DEBUG] All predictions list length: 21
  [DEBUG] First batch shape: (64,)
  Pred std: 0.018874, range: 0.205715, mean: 0.053998
  Pos: 97.6%, Neg: 2.4%, Unique: 1249
  Collapse penalty: 0.000000 (threshold: 0.005000)
  Directional penalty: 0.010000 (weight: 2.00, threshold: 0.90)
  Saved validation predictions to: experiments/h16d010_dirw2.0_extremew5.0p90/collapse_monitoring/val_predictions_epoch14.npy
  Gradient norms:
    lstm_encoder: 0.019972
    lstm_decoder: 0.010964
    output_layer: 0.213005
  VSN output std:
    encoder: 0.173277
  Attention entropy: 2.979378
  Saved to: experiments/h16d010_dirw2.0_extremew5.0p90/collapse_monitoring/collapse_monitor_epoch14.json
[DEBUG CollapseMonitor] on_validation_epoch_start called for epoch 15
[DEBUG CollapseMonitor] reset_temporal_state() called on loss function
Epoch 15: val_loss=0.9740673899650574
Epoch 15: train_loss=0.8840590715408325

[CollapseMonitor] Epoch 15
  [DEBUG] Processed 21 batches from val_dataloader
  [DEBUG] Predictions shape after concat: (1282,)
  [DEBUG] All predictions list length: 21
  [DEBUG] First batch shape: (64,)
  Pred std: 0.018628, range: 0.199757, mean: 0.012393
  Pos: 93.5%, Neg: 6.5%, Unique: 1237
  Collapse penalty: 0.000000 (threshold: 0.005000)
  Directional penalty: 0.010000 (weight: 2.00, threshold: 0.90)
  Saved validation predictions to: experiments/h16d010_dirw2.0_extremew5.0p90/collapse_monitoring/val_predictions_epoch15.npy
  Gradient norms:
    lstm_encoder: 0.019723
    lstm_decoder: 0.011075
    output_layer: 0.210288
  VSN output std:
    encoder: 0.173113
  Attention entropy: 2.981452
  Saved to: experiments/h16d010_dirw2.0_extremew5.0p90/collapse_monitoring/collapse_monitor_epoch15.json
[DEBUG CollapseMonitor] on_validation_epoch_start called for epoch 16
[DEBUG CollapseMonitor] reset_temporal_state() called on loss function
Epoch 16: val_loss=0.9746229648590088
Epoch 16: train_loss=0.8807799816131592

[CollapseMonitor] Epoch 16
  [DEBUG] Processed 21 batches from val_dataloader
  [DEBUG] Predictions shape after concat: (1282,)
  [DEBUG] All predictions list length: 21
  [DEBUG] First batch shape: (64,)
  Pred std: 0.017546, range: 0.185408, mean: 0.059969
  Pos: 99.1%, Neg: 0.9%, Unique: 1245
  Collapse penalty: 0.000000 (threshold: 0.005000)
  Directional penalty: 0.010000 (weight: 2.00, threshold: 0.90)
  Saved validation predictions to: experiments/h16d010_dirw2.0_extremew5.0p90/collapse_monitoring/val_predictions_epoch16.npy
  Gradient norms:
    lstm_encoder: 0.022261
    lstm_decoder: 0.011775
    output_layer: 0.203982
  VSN output std:
    encoder: 0.171884
  Attention entropy: 2.983019
  Saved to: experiments/h16d010_dirw2.0_extremew5.0p90/collapse_monitoring/collapse_monitor_epoch16.json
[DEBUG CollapseMonitor] on_validation_epoch_start called for epoch 17
[DEBUG CollapseMonitor] reset_temporal_state() called on loss function
Epoch 17: val_loss=0.9678530693054199
Epoch 17: train_loss=0.8820911049842834

[CollapseMonitor] Epoch 17
  [DEBUG] Processed 21 batches from val_dataloader
  [DEBUG] Predictions shape after concat: (1282,)
  [DEBUG] All predictions list length: 21
  [DEBUG] First batch shape: (64,)
  Pred std: 0.016526, range: 0.176231, mean: 0.057392
  Pos: 99.1%, Neg: 0.9%, Unique: 1250
  Collapse penalty: 0.000000 (threshold: 0.005000)
  Directional penalty: 0.010000 (weight: 2.00, threshold: 0.90)
  Saved validation predictions to: experiments/h16d010_dirw2.0_extremew5.0p90/collapse_monitoring/val_predictions_epoch17.npy
  Gradient norms:
    lstm_encoder: 0.023622
    lstm_decoder: 0.012758
    output_layer: 0.207127
  VSN output std:
    encoder: 0.171062
  Attention entropy: 2.983253
  Saved to: experiments/h16d010_dirw2.0_extremew5.0p90/collapse_monitoring/collapse_monitor_epoch17.json
[DEBUG CollapseMonitor] on_validation_epoch_start called for epoch 18
[DEBUG CollapseMonitor] reset_temporal_state() called on loss function
Epoch 18: val_loss=0.9666206240653992
Epoch 18: train_loss=0.8743876814842224

[CollapseMonitor] Epoch 18
  [DEBUG] Processed 21 batches from val_dataloader
  [DEBUG] Predictions shape after concat: (1282,)
  [DEBUG] All predictions list length: 21
  [DEBUG] First batch shape: (64,)
  Pred std: 0.015753, range: 0.197659, mean: 0.026368
  Pos: 97.3%, Neg: 2.7%, Unique: 1250
  Collapse penalty: 0.000000 (threshold: 0.005000)
  Directional penalty: 0.000000 (weight: 2.00, threshold: 0.90)
  Saved validation predictions to: experiments/h16d010_dirw2.0_extremew5.0p90/collapse_monitoring/val_predictions_epoch18.npy
  Gradient norms:
    lstm_encoder: 0.023974
    lstm_decoder: 0.013144
    output_layer: 0.205106
  VSN output std:
    encoder: 0.171777
  Attention entropy: 2.985073
  Saved to: experiments/h16d010_dirw2.0_extremew5.0p90/collapse_monitoring/collapse_monitor_epoch18.json
[DEBUG CollapseMonitor] on_validation_epoch_start called for epoch 19
[DEBUG CollapseMonitor] reset_temporal_state() called on loss function
Epoch 19: val_loss=0.9592973589897156
Epoch 19: train_loss=0.8765218257904053

[CollapseMonitor] Epoch 19
  [DEBUG] Processed 21 batches from val_dataloader
  [DEBUG] Predictions shape after concat: (1282,)
  [DEBUG] All predictions list length: 21
  [DEBUG] First batch shape: (64,)
  Pred std: 0.022536, range: 0.159443, mean: 0.096336
  Pos: 100.0%, Neg: 0.0%, Unique: 1267
  Collapse penalty: 0.000000 (threshold: 0.005000)
  Directional penalty: 0.010000 (weight: 2.00, threshold: 0.90)
  Saved validation predictions to: experiments/h16d010_dirw2.0_extremew5.0p90/collapse_monitoring/val_predictions_epoch19.npy
  Gradient norms:
    lstm_encoder: 0.027229
    lstm_decoder: 0.014484
    output_layer: 0.210634
  VSN output std:
    encoder: 0.167588
  Attention entropy: 2.979136
  Saved to: experiments/h16d010_dirw2.0_extremew5.0p90/collapse_monitoring/collapse_monitor_epoch19.json
[DEBUG CollapseMonitor] on_validation_epoch_start called for epoch 20
[DEBUG CollapseMonitor] reset_temporal_state() called on loss function
Epoch 20: val_loss=0.9552899599075317
Epoch 20: train_loss=0.8712198138237

[CollapseMonitor] Epoch 20
  [DEBUG] Processed 21 batches from val_dataloader
  [DEBUG] Predictions shape after concat: (1282,)
  [DEBUG] All predictions list length: 21
  [DEBUG] First batch shape: (64,)
  Pred std: 0.021248, range: 0.148816, mean: 0.066121
  Pos: 99.7%, Neg: 0.3%, Unique: 1253
  Collapse penalty: 0.000000 (threshold: 0.005000)
  Directional penalty: 0.010000 (weight: 2.00, threshold: 0.90)
  Saved validation predictions to: experiments/h16d010_dirw2.0_extremew5.0p90/collapse_monitoring/val_predictions_epoch20.npy
  Gradient norms:
    lstm_encoder: 0.026833
    lstm_decoder: 0.014605
    output_layer: 0.201230
  VSN output std:
    encoder: 0.168142
  Attention entropy: 2.979345
  Saved to: experiments/h16d010_dirw2.0_extremew5.0p90/collapse_monitoring/collapse_monitor_epoch20.json
[DEBUG CollapseMonitor] on_validation_epoch_start called for epoch 21
[DEBUG CollapseMonitor] reset_temporal_state() called on loss function
Epoch 21: val_loss=0.952075719833374
Epoch 21: train_loss=0.8672160506248474

[CollapseMonitor] Epoch 21
  [DEBUG] Processed 21 batches from val_dataloader
  [DEBUG] Predictions shape after concat: (1282,)
  [DEBUG] All predictions list length: 21
  [DEBUG] First batch shape: (64,)
  Pred std: 0.031615, range: 0.156866, mean: 0.072429
  Pos: 100.0%, Neg: 0.0%, Unique: 1255
  Collapse penalty: 0.000000 (threshold: 0.005000)
  Directional penalty: 0.010000 (weight: 2.00, threshold: 0.90)
  Saved validation predictions to: experiments/h16d010_dirw2.0_extremew5.0p90/collapse_monitoring/val_predictions_epoch21.npy
  Gradient norms:
    lstm_encoder: 0.027663
    lstm_decoder: 0.014600
    output_layer: 0.203971
  VSN output std:
    encoder: 0.161574
  Attention entropy: 2.977452
  Saved to: experiments/h16d010_dirw2.0_extremew5.0p90/collapse_monitoring/collapse_monitor_epoch21.json
[DEBUG CollapseMonitor] on_validation_epoch_start called for epoch 22
[DEBUG CollapseMonitor] reset_temporal_state() called on loss function
Epoch 22: val_loss=0.9507431983947754
Epoch 22: train_loss=0.864645779132843

[CollapseMonitor] Epoch 22
  [DEBUG] Processed 21 batches from val_dataloader
  [DEBUG] Predictions shape after concat: (1282,)
  [DEBUG] All predictions list length: 21
  [DEBUG] First batch shape: (64,)
  Pred std: 0.032780, range: 0.146391, mean: 0.052026
  Pos: 100.0%, Neg: 0.0%, Unique: 1261
  Collapse penalty: 0.000000 (threshold: 0.005000)
  Directional penalty: 0.010000 (weight: 2.00, threshold: 0.90)
  Saved validation predictions to: experiments/h16d010_dirw2.0_extremew5.0p90/collapse_monitoring/val_predictions_epoch22.npy
  Gradient norms:
    lstm_encoder: 0.031860
    lstm_decoder: 0.016882
    output_layer: 0.197576
  VSN output std:
    encoder: 0.166108
  Attention entropy: 2.977134
  Saved to: experiments/h16d010_dirw2.0_extremew5.0p90/collapse_monitoring/collapse_monitor_epoch22.json
[DEBUG CollapseMonitor] on_validation_epoch_start called for epoch 23
[DEBUG CollapseMonitor] reset_temporal_state() called on loss function
Epoch 23: val_loss=0.9449448585510254
Epoch 23: train_loss=0.8648232817649841

[CollapseMonitor] Epoch 23
  [DEBUG] Processed 21 batches from val_dataloader
  [DEBUG] Predictions shape after concat: (1282,)
  [DEBUG] All predictions list length: 21
  [DEBUG] First batch shape: (64,)
  Pred std: 0.018937, range: 0.122853, mean: 0.041978
  Pos: 99.5%, Neg: 0.5%, Unique: 1265
  Collapse penalty: 0.000000 (threshold: 0.005000)
  Directional penalty: 0.010000 (weight: 2.00, threshold: 0.90)
  Saved validation predictions to: experiments/h16d010_dirw2.0_extremew5.0p90/collapse_monitoring/val_predictions_epoch23.npy
  Gradient norms:
    lstm_encoder: 0.030970
    lstm_decoder: 0.015867
    output_layer: 0.184606
  VSN output std:
    encoder: 0.163793
  Attention entropy: 2.972070
  Saved to: experiments/h16d010_dirw2.0_extremew5.0p90/collapse_monitoring/collapse_monitor_epoch23.json
[DEBUG CollapseMonitor] on_validation_epoch_start called for epoch 24
[DEBUG CollapseMonitor] reset_temporal_state() called on loss function
Epoch 24: val_loss=0.9411742687225342
Epoch 24: train_loss=0.8663922548294067

[CollapseMonitor] Epoch 24
  [DEBUG] Processed 21 batches from val_dataloader
  [DEBUG] Predictions shape after concat: (1282,)
  [DEBUG] All predictions list length: 21
  [DEBUG] First batch shape: (64,)
  Pred std: 0.027369, range: 0.141091, mean: 0.078499
  Pos: 100.0%, Neg: 0.0%, Unique: 1260
  Collapse penalty: 0.000000 (threshold: 0.005000)
  Directional penalty: 0.010000 (weight: 2.00, threshold: 0.90)
  Saved validation predictions to: experiments/h16d010_dirw2.0_extremew5.0p90/collapse_monitoring/val_predictions_epoch24.npy
  Gradient norms:
    lstm_encoder: 0.031952
    lstm_decoder: 0.017000
    output_layer: 0.197220
  VSN output std:
    encoder: 0.163777
  Attention entropy: 2.963967
  Saved to: experiments/h16d010_dirw2.0_extremew5.0p90/collapse_monitoring/collapse_monitor_epoch24.json
[DEBUG CollapseMonitor] on_validation_epoch_start called for epoch 25
[DEBUG CollapseMonitor] reset_temporal_state() called on loss function
Epoch 25: val_loss=0.9403758645057678
Epoch 25: train_loss=0.8643516898155212

[CollapseMonitor] Epoch 25
  [DEBUG] Processed 21 batches from val_dataloader
  [DEBUG] Predictions shape after concat: (1282,)
  [DEBUG] All predictions list length: 21
  [DEBUG] First batch shape: (64,)
  Pred std: 0.031757, range: 0.161183, mean: 0.037890
  Pos: 100.0%, Neg: 0.0%, Unique: 1267
  Collapse penalty: 0.000000 (threshold: 0.005000)
  Directional penalty: 0.010000 (weight: 2.00, threshold: 0.90)
  Saved validation predictions to: experiments/h16d010_dirw2.0_extremew5.0p90/collapse_monitoring/val_predictions_epoch25.npy
  Gradient norms:
    lstm_encoder: 0.033241
    lstm_decoder: 0.017200
    output_layer: 0.189991
  VSN output std:
    encoder: 0.164174
  Attention entropy: 2.964911
  Saved to: experiments/h16d010_dirw2.0_extremew5.0p90/collapse_monitoring/collapse_monitor_epoch25.json
[DEBUG CollapseMonitor] on_validation_epoch_start called for epoch 26
[DEBUG CollapseMonitor] reset_temporal_state() called on loss function
Epoch 26: val_loss=0.938164234161377
Epoch 26: train_loss=0.8596097826957703

[CollapseMonitor] Epoch 26
  [DEBUG] Processed 21 batches from val_dataloader
  [DEBUG] Predictions shape after concat: (1282,)
  [DEBUG] All predictions list length: 21
  [DEBUG] First batch shape: (64,)
  Pred std: 0.024923, range: 0.129107, mean: 0.107820
  Pos: 100.0%, Neg: 0.0%, Unique: 1265
  Collapse penalty: 0.000000 (threshold: 0.005000)
  Directional penalty: 0.010000 (weight: 2.00, threshold: 0.90)
  Saved validation predictions to: experiments/h16d010_dirw2.0_extremew5.0p90/collapse_monitoring/val_predictions_epoch26.npy
  Gradient norms:
    lstm_encoder: 0.034925
    lstm_decoder: 0.019085
    output_layer: 0.212914
  VSN output std:
    encoder: 0.163724
  Attention entropy: 2.964122
  Saved to: experiments/h16d010_dirw2.0_extremew5.0p90/collapse_monitoring/collapse_monitor_epoch26.json
[DEBUG CollapseMonitor] on_validation_epoch_start called for epoch 27
[DEBUG CollapseMonitor] reset_temporal_state() called on loss function
Epoch 27: val_loss=0.9317463040351868
Epoch 27: train_loss=0.8617120981216431

[CollapseMonitor] Epoch 27
  [DEBUG] Processed 21 batches from val_dataloader
  [DEBUG] Predictions shape after concat: (1282,)
  [DEBUG] All predictions list length: 21
  [DEBUG] First batch shape: (64,)
  Pred std: 0.042774, range: 0.224314, mean: 0.059457
  Pos: 100.0%, Neg: 0.0%, Unique: 1268
  Collapse penalty: 0.000000 (threshold: 0.005000)
  Directional penalty: 0.010000 (weight: 2.00, threshold: 0.90)
  Saved validation predictions to: experiments/h16d010_dirw2.0_extremew5.0p90/collapse_monitoring/val_predictions_epoch27.npy
  Gradient norms:
    lstm_encoder: 0.035872
    lstm_decoder: 0.019303
    output_layer: 0.195836
  VSN output std:
    encoder: 0.168198
  Attention entropy: 2.951494
  Saved to: experiments/h16d010_dirw2.0_extremew5.0p90/collapse_monitoring/collapse_monitor_epoch27.json
[DEBUG CollapseMonitor] on_validation_epoch_start called for epoch 28
[DEBUG CollapseMonitor] reset_temporal_state() called on loss function
Epoch 28: val_loss=0.9349101185798645
Epoch 28: train_loss=0.8592177629470825

[CollapseMonitor] Epoch 28
  [DEBUG] Processed 21 batches from val_dataloader
  [DEBUG] Predictions shape after concat: (1282,)
  [DEBUG] All predictions list length: 21
  [DEBUG] First batch shape: (64,)
  Pred std: 0.030850, range: 0.170829, mean: 0.056331
  Pos: 100.0%, Neg: 0.0%, Unique: 1262
  Collapse penalty: 0.000000 (threshold: 0.005000)
  Directional penalty: 0.010000 (weight: 2.00, threshold: 0.90)
  Saved validation predictions to: experiments/h16d010_dirw2.0_extremew5.0p90/collapse_monitoring/val_predictions_epoch28.npy
  Gradient norms:
    lstm_encoder: 0.037762
    lstm_decoder: 0.019957
    output_layer: 0.199266
  VSN output std:
    encoder: 0.167384
  Attention entropy: 2.959405
  Saved to: experiments/h16d010_dirw2.0_extremew5.0p90/collapse_monitoring/collapse_monitor_epoch28.json
[DEBUG CollapseMonitor] on_validation_epoch_start called for epoch 29
[DEBUG CollapseMonitor] reset_temporal_state() called on loss function
Epoch 29: val_loss=0.9345798492431641
Epoch 29: train_loss=0.8625641465187073

[CollapseMonitor] Epoch 29
  [DEBUG] Processed 21 batches from val_dataloader
  [DEBUG] Predictions shape after concat: (1282,)
  [DEBUG] All predictions list length: 21
  [DEBUG] First batch shape: (64,)
  Pred std: 0.032190, range: 0.160934, mean: 0.061392
  Pos: 100.0%, Neg: 0.0%, Unique: 1266
  Collapse penalty: 0.000000 (threshold: 0.005000)
  Directional penalty: 0.010000 (weight: 2.00, threshold: 0.90)
  Saved validation predictions to: experiments/h16d010_dirw2.0_extremew5.0p90/collapse_monitoring/val_predictions_epoch29.npy
  Gradient norms:
    lstm_encoder: 0.036515
    lstm_decoder: 0.019572
    output_layer: 0.205209
  VSN output std:
    encoder: 0.170104
  Attention entropy: 2.958313
  Saved to: experiments/h16d010_dirw2.0_extremew5.0p90/collapse_monitoring/collapse_monitor_epoch29.json
[DEBUG CollapseMonitor] on_validation_epoch_start called for epoch 30
[DEBUG CollapseMonitor] reset_temporal_state() called on loss function
Epoch 30: val_loss=0.9292921423912048
Epoch 30: train_loss=0.8561694622039795

[CollapseMonitor] Epoch 30
  [DEBUG] Processed 21 batches from val_dataloader
  [DEBUG] Predictions shape after concat: (1282,)
  [DEBUG] All predictions list length: 21
  [DEBUG] First batch shape: (64,)
  Pred std: 0.026792, range: 0.147198, mean: 0.065072
  Pos: 100.0%, Neg: 0.0%, Unique: 1269
  Collapse penalty: 0.000000 (threshold: 0.005000)
  Directional penalty: 0.010000 (weight: 2.00, threshold: 0.90)
  Saved validation predictions to: experiments/h16d010_dirw2.0_extremew5.0p90/collapse_monitoring/val_predictions_epoch30.npy
  Gradient norms:
    lstm_encoder: 0.036286
    lstm_decoder: 0.019144
    output_layer: 0.203523
  VSN output std:
    encoder: 0.163975
  Attention entropy: 2.949424
  Saved to: experiments/h16d010_dirw2.0_extremew5.0p90/collapse_monitoring/collapse_monitor_epoch30.json
[DEBUG CollapseMonitor] on_validation_epoch_start called for epoch 31
[DEBUG CollapseMonitor] reset_temporal_state() called on loss function
Epoch 31: val_loss=0.9302514791488647
Epoch 31: train_loss=0.8586792349815369

[CollapseMonitor] Epoch 31
  [DEBUG] Processed 21 batches from val_dataloader
  [DEBUG] Predictions shape after concat: (1282,)
  [DEBUG] All predictions list length: 21
  [DEBUG] First batch shape: (64,)
  Pred std: 0.046461, range: 0.228906, mean: 0.078006
  Pos: 100.0%, Neg: 0.0%, Unique: 1256
  Collapse penalty: 0.000000 (threshold: 0.005000)
  Directional penalty: 0.010000 (weight: 2.00, threshold: 0.90)
  Saved validation predictions to: experiments/h16d010_dirw2.0_extremew5.0p90/collapse_monitoring/val_predictions_epoch31.npy
  Gradient norms:
    lstm_encoder: 0.041823
    lstm_decoder: 0.022359
    output_layer: 0.210432
  VSN output std:
    encoder: 0.167138
  Attention entropy: 2.953804
  Saved to: experiments/h16d010_dirw2.0_extremew5.0p90/collapse_monitoring/collapse_monitor_epoch31.json
[DEBUG CollapseMonitor] on_validation_epoch_start called for epoch 32
[DEBUG CollapseMonitor] reset_temporal_state() called on loss function
Epoch 32: val_loss=0.9240967631340027
Epoch 32: train_loss=0.854041337966919

[CollapseMonitor] Epoch 32
  [DEBUG] Processed 21 batches from val_dataloader
  [DEBUG] Predictions shape after concat: (1282,)
  [DEBUG] All predictions list length: 21
  [DEBUG] First batch shape: (64,)
  Pred std: 0.062549, range: 0.281560, mean: 0.056345
  Pos: 100.0%, Neg: 0.0%, Unique: 1266
  Collapse penalty: 0.000000 (threshold: 0.005000)
  Directional penalty: 0.010000 (weight: 2.00, threshold: 0.90)
  Saved validation predictions to: experiments/h16d010_dirw2.0_extremew5.0p90/collapse_monitoring/val_predictions_epoch32.npy
  Gradient norms:
    lstm_encoder: 0.040852
    lstm_decoder: 0.020911
    output_layer: 0.193680
  VSN output std:
    encoder: 0.165670
  Attention entropy: 2.941875
  Saved to: experiments/h16d010_dirw2.0_extremew5.0p90/collapse_monitoring/collapse_monitor_epoch32.json
[DEBUG CollapseMonitor] on_validation_epoch_start called for epoch 33
[DEBUG CollapseMonitor] reset_temporal_state() called on loss function
Epoch 33: val_loss=0.9293732643127441
Epoch 33: train_loss=0.8538033366203308

[CollapseMonitor] Epoch 33
  [DEBUG] Processed 21 batches from val_dataloader
  [DEBUG] Predictions shape after concat: (1282,)
  [DEBUG] All predictions list length: 21
  [DEBUG] First batch shape: (64,)
  Pred std: 0.059967, range: 0.273894, mean: 0.075057
  Pos: 100.0%, Neg: 0.0%, Unique: 1269
  Collapse penalty: 0.000000 (threshold: 0.005000)
  Directional penalty: 0.010000 (weight: 2.00, threshold: 0.90)
  Saved validation predictions to: experiments/h16d010_dirw2.0_extremew5.0p90/collapse_monitoring/val_predictions_epoch33.npy
  Gradient norms:
    lstm_encoder: 0.050778
    lstm_decoder: 0.025074
    output_layer: 0.195840
  VSN output std:
    encoder: 0.165455
  Attention entropy: 2.954377
  Saved to: experiments/h16d010_dirw2.0_extremew5.0p90/collapse_monitoring/collapse_monitor_epoch33.json
[DEBUG CollapseMonitor] on_validation_epoch_start called for epoch 34
[DEBUG CollapseMonitor] reset_temporal_state() called on loss function
Epoch 34: val_loss=0.9237015843391418
Epoch 34: train_loss=0.8464481830596924

[CollapseMonitor] Epoch 34
  [DEBUG] Processed 21 batches from val_dataloader
  [DEBUG] Predictions shape after concat: (1282,)
  [DEBUG] All predictions list length: 21
  [DEBUG] First batch shape: (64,)
  Pred std: 0.055999, range: 0.269818, mean: 0.077700
  Pos: 100.0%, Neg: 0.0%, Unique: 1270
  Collapse penalty: 0.000000 (threshold: 0.005000)
  Directional penalty: 0.010000 (weight: 2.00, threshold: 0.90)
  Saved validation predictions to: experiments/h16d010_dirw2.0_extremew5.0p90/collapse_monitoring/val_predictions_epoch34.npy
  Gradient norms:
    lstm_encoder: 0.044751
    lstm_decoder: 0.022992
    output_layer: 0.203172
  VSN output std:
    encoder: 0.168713
  Attention entropy: 2.948138
  Saved to: experiments/h16d010_dirw2.0_extremew5.0p90/collapse_monitoring/collapse_monitor_epoch34.json
[DEBUG CollapseMonitor] on_validation_epoch_start called for epoch 35
[DEBUG CollapseMonitor] reset_temporal_state() called on loss function
Epoch 35: val_loss=0.9201561808586121
Epoch 35: train_loss=0.8536589741706848

[CollapseMonitor] Epoch 35
  [DEBUG] Processed 21 batches from val_dataloader
  [DEBUG] Predictions shape after concat: (1282,)
  [DEBUG] All predictions list length: 21
  [DEBUG] First batch shape: (64,)
  Pred std: 0.047399, range: 0.232454, mean: 0.043393
  Pos: 99.1%, Neg: 0.9%, Unique: 1269
  Collapse penalty: 0.000000 (threshold: 0.005000)
  Directional penalty: 0.010000 (weight: 2.00, threshold: 0.90)
  Saved validation predictions to: experiments/h16d010_dirw2.0_extremew5.0p90/collapse_monitoring/val_predictions_epoch35.npy
  Gradient norms:
    lstm_encoder: 0.052987
    lstm_decoder: 0.024855
    output_layer: 0.192226
  VSN output std:
    encoder: 0.167168
  Attention entropy: 2.944884
  Saved to: experiments/h16d010_dirw2.0_extremew5.0p90/collapse_monitoring/collapse_monitor_epoch35.json
[DEBUG CollapseMonitor] on_validation_epoch_start called for epoch 36
[DEBUG CollapseMonitor] reset_temporal_state() called on loss function
Epoch 36: val_loss=0.9172008037567139
Epoch 36: train_loss=0.8523119688034058

[CollapseMonitor] Epoch 36
  [DEBUG] Processed 21 batches from val_dataloader
  [DEBUG] Predictions shape after concat: (1282,)
  [DEBUG] All predictions list length: 21
  [DEBUG] First batch shape: (64,)
  Pred std: 0.045257, range: 0.258651, mean: 0.096205
  Pos: 100.0%, Neg: 0.0%, Unique: 1271
  Collapse penalty: 0.000000 (threshold: 0.005000)
  Directional penalty: 0.010000 (weight: 2.00, threshold: 0.90)
  Saved validation predictions to: experiments/h16d010_dirw2.0_extremew5.0p90/collapse_monitoring/val_predictions_epoch36.npy
  Gradient norms:
    lstm_encoder: 0.060876
    lstm_decoder: 0.027983
    output_layer: 0.207042
  VSN output std:
    encoder: 0.166060
  Attention entropy: 2.939526
  Saved to: experiments/h16d010_dirw2.0_extremew5.0p90/collapse_monitoring/collapse_monitor_epoch36.json
[DEBUG CollapseMonitor] on_validation_epoch_start called for epoch 37
[DEBUG CollapseMonitor] reset_temporal_state() called on loss function
Epoch 37: val_loss=0.9109243750572205
Epoch 37: train_loss=0.8563965559005737

[CollapseMonitor] Epoch 37
  [DEBUG] Processed 21 batches from val_dataloader
  [DEBUG] Predictions shape after concat: (1282,)
  [DEBUG] All predictions list length: 21
  [DEBUG] First batch shape: (64,)
  Pred std: 0.062622, range: 0.309027, mean: 0.046157
  Pos: 96.6%, Neg: 3.4%, Unique: 1263
  Collapse penalty: 0.000000 (threshold: 0.005000)
  Directional penalty: 0.010000 (weight: 2.00, threshold: 0.90)
  Saved validation predictions to: experiments/h16d010_dirw2.0_extremew5.0p90/collapse_monitoring/val_predictions_epoch37.npy
  Gradient norms:
    lstm_encoder: 0.058065
    lstm_decoder: 0.025282
    output_layer: 0.186471
  VSN output std:
    encoder: 0.168686
  Attention entropy: 2.929693
  Saved to: experiments/h16d010_dirw2.0_extremew5.0p90/collapse_monitoring/collapse_monitor_epoch37.json
[DEBUG CollapseMonitor] on_validation_epoch_start called for epoch 38
[DEBUG CollapseMonitor] reset_temporal_state() called on loss function
Epoch 38: val_loss=0.919089674949646
Epoch 38: train_loss=0.8524777293205261

[CollapseMonitor] Epoch 38
  [DEBUG] Processed 21 batches from val_dataloader
  [DEBUG] Predictions shape after concat: (1282,)
  [DEBUG] All predictions list length: 21
  [DEBUG] First batch shape: (64,)
  Pred std: 0.044167, range: 0.264319, mean: 0.119018
  Pos: 100.0%, Neg: 0.0%, Unique: 1271
  Collapse penalty: 0.000000 (threshold: 0.005000)
  Directional penalty: 0.010000 (weight: 2.00, threshold: 0.90)
  Saved validation predictions to: experiments/h16d010_dirw2.0_extremew5.0p90/collapse_monitoring/val_predictions_epoch38.npy
  Gradient norms:
    lstm_encoder: 0.066720
    lstm_decoder: 0.028275
    output_layer: 0.198747
  VSN output std:
    encoder: 0.164896
  Attention entropy: 2.940707
  Saved to: experiments/h16d010_dirw2.0_extremew5.0p90/collapse_monitoring/collapse_monitor_epoch38.json
[DEBUG CollapseMonitor] on_validation_epoch_start called for epoch 39
[DEBUG CollapseMonitor] reset_temporal_state() called on loss function
Epoch 39: val_loss=0.9183316230773926
Epoch 39: train_loss=0.8505322933197021

[CollapseMonitor] Epoch 39
  [DEBUG] Processed 21 batches from val_dataloader
  [DEBUG] Predictions shape after concat: (1282,)
  [DEBUG] All predictions list length: 21
  [DEBUG] First batch shape: (64,)
  Pred std: 0.044204, range: 0.234779, mean: 0.069188
  Pos: 100.0%, Neg: 0.0%, Unique: 1273
  Collapse penalty: 0.000000 (threshold: 0.005000)
  Directional penalty: 0.010000 (weight: 2.00, threshold: 0.90)
  Saved validation predictions to: experiments/h16d010_dirw2.0_extremew5.0p90/collapse_monitoring/val_predictions_epoch39.npy
  Gradient norms:
    lstm_encoder: 0.070593
    lstm_decoder: 0.029287
    output_layer: 0.199543
  VSN output std:
    encoder: 0.169455
  Attention entropy: 2.925790
  Saved to: experiments/h16d010_dirw2.0_extremew5.0p90/collapse_monitoring/collapse_monitor_epoch39.json
[DEBUG CollapseMonitor] on_validation_epoch_start called for epoch 40
[DEBUG CollapseMonitor] reset_temporal_state() called on loss function
Epoch 40: val_loss=0.9206873178482056
Epoch 40: train_loss=0.8520683646202087

[CollapseMonitor] Epoch 40
  [DEBUG] Processed 21 batches from val_dataloader
  [DEBUG] Predictions shape after concat: (1282,)
  [DEBUG] All predictions list length: 21
  [DEBUG] First batch shape: (64,)
  Pred std: 0.062950, range: 0.298715, mean: 0.094431
  Pos: 100.0%, Neg: 0.0%, Unique: 1270
  Collapse penalty: 0.000000 (threshold: 0.005000)
  Directional penalty: 0.010000 (weight: 2.00, threshold: 0.90)
  Saved validation predictions to: experiments/h16d010_dirw2.0_extremew5.0p90/collapse_monitoring/val_predictions_epoch40.npy
  Gradient norms:
    lstm_encoder: 0.079743
    lstm_decoder: 0.032574
    output_layer: 0.204188
  VSN output std:
    encoder: 0.169022
  Attention entropy: 2.926018
  Saved to: experiments/h16d010_dirw2.0_extremew5.0p90/collapse_monitoring/collapse_monitor_epoch40.json
[DEBUG CollapseMonitor] on_validation_epoch_start called for epoch 41
[DEBUG CollapseMonitor] reset_temporal_state() called on loss function
Epoch 41: val_loss=0.9283701777458191
Epoch 41: train_loss=0.8526855111122131

[CollapseMonitor] Epoch 41
  [DEBUG] Processed 21 batches from val_dataloader
  [DEBUG] Predictions shape after concat: (1282,)
  [DEBUG] All predictions list length: 21
  [DEBUG] First batch shape: (64,)
  Pred std: 0.051397, range: 0.290122, mean: 0.093575
  Pos: 100.0%, Neg: 0.0%, Unique: 1273
  Collapse penalty: 0.000000 (threshold: 0.005000)
  Directional penalty: 0.010000 (weight: 2.00, threshold: 0.90)
  Saved validation predictions to: experiments/h16d010_dirw2.0_extremew5.0p90/collapse_monitoring/val_predictions_epoch41.npy
  Gradient norms:
    lstm_encoder: 0.083267
    lstm_decoder: 0.031048
    output_layer: 0.202237
  VSN output std:
    encoder: 0.172202
  Attention entropy: 2.940591
  Saved to: experiments/h16d010_dirw2.0_extremew5.0p90/collapse_monitoring/collapse_monitor_epoch41.json
[DEBUG CollapseMonitor] on_validation_epoch_start called for epoch 42
[DEBUG CollapseMonitor] reset_temporal_state() called on loss function
Epoch 42: val_loss=0.915691614151001
Epoch 42: train_loss=0.8504706621170044

[CollapseMonitor] Epoch 42
  [DEBUG] Processed 21 batches from val_dataloader
  [DEBUG] Predictions shape after concat: (1282,)
  [DEBUG] All predictions list length: 21
  [DEBUG] First batch shape: (64,)
  Pred std: 0.051355, range: 0.307717, mean: 0.102323
  Pos: 100.0%, Neg: 0.0%, Unique: 1269
  Collapse penalty: 0.000000 (threshold: 0.005000)
  Directional penalty: 0.010000 (weight: 2.00, threshold: 0.90)
  Saved validation predictions to: experiments/h16d010_dirw2.0_extremew5.0p90/collapse_monitoring/val_predictions_epoch42.npy
  Gradient norms:
    lstm_encoder: 0.077795
    lstm_decoder: 0.029460
    output_layer: 0.200696
  VSN output std:
    encoder: 0.169915
  Attention entropy: 2.933780
  Saved to: experiments/h16d010_dirw2.0_extremew5.0p90/collapse_monitoring/collapse_monitor_epoch42.json
[DEBUG CollapseMonitor] on_validation_epoch_start called for epoch 43
[DEBUG CollapseMonitor] reset_temporal_state() called on loss function
Epoch 43: val_loss=0.9121922850608826
Epoch 43: train_loss=0.8464043736457825

[CollapseMonitor] Epoch 43
  [DEBUG] Processed 21 batches from val_dataloader
  [DEBUG] Predictions shape after concat: (1282,)
  [DEBUG] All predictions list length: 21
  [DEBUG] First batch shape: (64,)
  Pred std: 0.054040, range: 0.323276, mean: 0.075009
  Pos: 99.1%, Neg: 0.9%, Unique: 1278
  Collapse penalty: 0.000000 (threshold: 0.005000)
  Directional penalty: 0.010000 (weight: 2.00, threshold: 0.90)
  Saved validation predictions to: experiments/h16d010_dirw2.0_extremew5.0p90/collapse_monitoring/val_predictions_epoch43.npy
  Gradient norms:
    lstm_encoder: 0.081305
    lstm_decoder: 0.031185
    output_layer: 0.207962
  VSN output std:
    encoder: 0.168512
  Attention entropy: 2.935625
  Saved to: experiments/h16d010_dirw2.0_extremew5.0p90/collapse_monitoring/collapse_monitor_epoch43.json
[DEBUG CollapseMonitor] on_validation_epoch_start called for epoch 44
[DEBUG CollapseMonitor] reset_temporal_state() called on loss function
Epoch 44: val_loss=0.9078772068023682
Epoch 44: train_loss=0.8440959453582764

[CollapseMonitor] Epoch 44
  [DEBUG] Processed 21 batches from val_dataloader
  [DEBUG] Predictions shape after concat: (1282,)
  [DEBUG] All predictions list length: 21
  [DEBUG] First batch shape: (64,)
  Pred std: 0.053034, range: 0.334333, mean: 0.081896
  Pos: 98.8%, Neg: 1.2%, Unique: 1277
  Collapse penalty: 0.000000 (threshold: 0.005000)
  Directional penalty: 0.010000 (weight: 2.00, threshold: 0.90)
  Saved validation predictions to: experiments/h16d010_dirw2.0_extremew5.0p90/collapse_monitoring/val_predictions_epoch44.npy
  Gradient norms:
    lstm_encoder: 0.085121
    lstm_decoder: 0.033028
    output_layer: 0.201949
  VSN output std:
    encoder: 0.167158
  Attention entropy: 2.930578
  Saved to: experiments/h16d010_dirw2.0_extremew5.0p90/collapse_monitoring/collapse_monitor_epoch44.json
[DEBUG CollapseMonitor] on_validation_epoch_start called for epoch 45
[DEBUG CollapseMonitor] reset_temporal_state() called on loss function
Epoch 45: val_loss=0.9069458842277527
Epoch 45: train_loss=0.8442705869674683

[CollapseMonitor] Epoch 45
  [DEBUG] Processed 21 batches from val_dataloader
  [DEBUG] Predictions shape after concat: (1282,)
  [DEBUG] All predictions list length: 21
  [DEBUG] First batch shape: (64,)
  Pred std: 0.053720, range: 0.347240, mean: 0.079348
  Pos: 98.8%, Neg: 1.2%, Unique: 1271
  Collapse penalty: 0.000000 (threshold: 0.005000)
  Directional penalty: 0.010000 (weight: 2.00, threshold: 0.90)
  Saved validation predictions to: experiments/h16d010_dirw2.0_extremew5.0p90/collapse_monitoring/val_predictions_epoch45.npy
  Gradient norms:
    lstm_encoder: 0.084129
    lstm_decoder: 0.031318
    output_layer: 0.190530
  VSN output std:
    encoder: 0.167100
  Attention entropy: 2.934510
  Saved to: experiments/h16d010_dirw2.0_extremew5.0p90/collapse_monitoring/collapse_monitor_epoch45.json
[DEBUG CollapseMonitor] on_validation_epoch_start called for epoch 46
[DEBUG CollapseMonitor] reset_temporal_state() called on loss function
Epoch 46: val_loss=0.9081062078475952
Epoch 46: train_loss=0.8462170362472534

[CollapseMonitor] Epoch 46
  [DEBUG] Processed 21 batches from val_dataloader
  [DEBUG] Predictions shape after concat: (1282,)
  [DEBUG] All predictions list length: 21
  [DEBUG] First batch shape: (64,)
  Pred std: 0.053606, range: 0.351624, mean: 0.066319
  Pos: 98.4%, Neg: 1.6%, Unique: 1270
  Collapse penalty: 0.000000 (threshold: 0.005000)
  Directional penalty: 0.010000 (weight: 2.00, threshold: 0.90)
  Saved validation predictions to: experiments/h16d010_dirw2.0_extremew5.0p90/collapse_monitoring/val_predictions_epoch46.npy
  Gradient norms:
    lstm_encoder: 0.091171
    lstm_decoder: 0.030531
    output_layer: 0.183416
  VSN output std:
    encoder: 0.166669
  Attention entropy: 2.936764
  Saved to: experiments/h16d010_dirw2.0_extremew5.0p90/collapse_monitoring/collapse_monitor_epoch46.json
[DEBUG CollapseMonitor] on_validation_epoch_start called for epoch 47
[DEBUG CollapseMonitor] reset_temporal_state() called on loss function
Epoch 47: val_loss=0.9087323546409607
Epoch 47: train_loss=0.8449690937995911

[CollapseMonitor] Epoch 47
  [DEBUG] Processed 21 batches from val_dataloader
  [DEBUG] Predictions shape after concat: (1282,)
  [DEBUG] All predictions list length: 21
  [DEBUG] First batch shape: (64,)
  Pred std: 0.052109, range: 0.354407, mean: 0.075411
  Pos: 98.5%, Neg: 1.5%, Unique: 1275
  Collapse penalty: 0.000000 (threshold: 0.005000)
  Directional penalty: 0.010000 (weight: 2.00, threshold: 0.90)
  Saved validation predictions to: experiments/h16d010_dirw2.0_extremew5.0p90/collapse_monitoring/val_predictions_epoch47.npy
  Gradient norms:
    lstm_encoder: 0.086052
    lstm_decoder: 0.029604
    output_layer: 0.195349
  VSN output std:
    encoder: 0.165094
  Attention entropy: 2.938064
  Saved to: experiments/h16d010_dirw2.0_extremew5.0p90/collapse_monitoring/collapse_monitor_epoch47.json
[DEBUG CollapseMonitor] on_validation_epoch_start called for epoch 48
[DEBUG CollapseMonitor] reset_temporal_state() called on loss function
Epoch 48: val_loss=0.9127716422080994
Epoch 48: train_loss=0.8466098308563232

[CollapseMonitor] Epoch 48
  [DEBUG] Processed 21 batches from val_dataloader
  [DEBUG] Predictions shape after concat: (1282,)
  [DEBUG] All predictions list length: 21
  [DEBUG] First batch shape: (64,)
  Pred std: 0.049615, range: 0.342989, mean: 0.096010
  Pos: 99.3%, Neg: 0.7%, Unique: 1272
  Collapse penalty: 0.000000 (threshold: 0.005000)
  Directional penalty: 0.010000 (weight: 2.00, threshold: 0.90)
  Saved validation predictions to: experiments/h16d010_dirw2.0_extremew5.0p90/collapse_monitoring/val_predictions_epoch48.npy
  Gradient norms:
    lstm_encoder: 0.092427
    lstm_decoder: 0.033525
    output_layer: 0.199760
  VSN output std:
    encoder: 0.165410
  Attention entropy: 2.939216
  Saved to: experiments/h16d010_dirw2.0_extremew5.0p90/collapse_monitoring/collapse_monitor_epoch48.json
[DEBUG CollapseMonitor] on_validation_epoch_start called for epoch 49
[DEBUG CollapseMonitor] reset_temporal_state() called on loss function
Epoch 49: val_loss=0.9079801440238953
Epoch 49: train_loss=0.846732497215271

[CollapseMonitor] Epoch 49
  [DEBUG] Processed 21 batches from val_dataloader
  [DEBUG] Predictions shape after concat: (1282,)
  [DEBUG] All predictions list length: 21
  [DEBUG] First batch shape: (64,)
  Pred std: 0.053441, range: 0.361977, mean: 0.065688
  Pos: 98.4%, Neg: 1.6%, Unique: 1273
  Collapse penalty: 0.000000 (threshold: 0.005000)
  Directional penalty: 0.010000 (weight: 2.00, threshold: 0.90)
  Saved validation predictions to: experiments/h16d010_dirw2.0_extremew5.0p90/collapse_monitoring/val_predictions_epoch49.npy
  Gradient norms:
    lstm_encoder: 0.096525
    lstm_decoder: 0.033011
    output_layer: 0.201747
  VSN output std:
    encoder: 0.166308
  Attention entropy: 2.933798
  Saved to: experiments/h16d010_dirw2.0_extremew5.0p90/collapse_monitoring/collapse_monitor_epoch49.json
[DEBUG CollapseMonitor] on_validation_epoch_start called for epoch 50
[DEBUG CollapseMonitor] reset_temporal_state() called on loss function
Epoch 50: val_loss=0.9082737565040588
Epoch 50: train_loss=0.8458409309387207

[CollapseMonitor] Epoch 50
  [DEBUG] Processed 21 batches from val_dataloader
  [DEBUG] Predictions shape after concat: (1282,)
  [DEBUG] All predictions list length: 21
  [DEBUG] First batch shape: (64,)
  Pred std: 0.051023, range: 0.340900, mean: 0.086978
  Pos: 98.9%, Neg: 1.1%, Unique: 1277
  Collapse penalty: 0.000000 (threshold: 0.005000)
  Directional penalty: 0.010000 (weight: 2.00, threshold: 0.90)
  Saved validation predictions to: experiments/h16d010_dirw2.0_extremew5.0p90/collapse_monitoring/val_predictions_epoch50.npy
  Gradient norms:
    lstm_encoder: 0.092830
    lstm_decoder: 0.031571
    output_layer: 0.189257
  VSN output std:
    encoder: 0.166685
  Attention entropy: 2.929785
  Saved to: experiments/h16d010_dirw2.0_extremew5.0p90/collapse_monitoring/collapse_monitor_epoch50.json
[DEBUG CollapseMonitor] on_validation_epoch_start called for epoch 51
[DEBUG CollapseMonitor] reset_temporal_state() called on loss function
Epoch 51: val_loss=0.912792444229126
Epoch 51: train_loss=0.8460447192192078

[CollapseMonitor] Epoch 51
  [DEBUG] Processed 21 batches from val_dataloader
  [DEBUG] Predictions shape after concat: (1282,)
  [DEBUG] All predictions list length: 21
  [DEBUG] First batch shape: (64,)
  Pred std: 0.051932, range: 0.341550, mean: 0.086054
  Pos: 99.1%, Neg: 0.9%, Unique: 1271
  Collapse penalty: 0.000000 (threshold: 0.005000)
  Directional penalty: 0.010000 (weight: 2.00, threshold: 0.90)
  Saved validation predictions to: experiments/h16d010_dirw2.0_extremew5.0p90/collapse_monitoring/val_predictions_epoch51.npy
  Gradient norms:
    lstm_encoder: 0.097514
    lstm_decoder: 0.032224
    output_layer: 0.200511
  VSN output std:
    encoder: 0.166684
  Attention entropy: 2.941883
  Saved to: experiments/h16d010_dirw2.0_extremew5.0p90/collapse_monitoring/collapse_monitor_epoch51.json
[DEBUG CollapseMonitor] on_validation_epoch_start called for epoch 52
[DEBUG CollapseMonitor] reset_temporal_state() called on loss function
Epoch 52: val_loss=0.9117530584335327
Epoch 52: train_loss=0.8467184901237488

[CollapseMonitor] Epoch 52
  [DEBUG] Processed 21 batches from val_dataloader
  [DEBUG] Predictions shape after concat: (1282,)
  [DEBUG] All predictions list length: 21
  [DEBUG] First batch shape: (64,)
  Pred std: 0.056004, range: 0.354042, mean: 0.095399
  Pos: 99.5%, Neg: 0.5%, Unique: 1271
  Collapse penalty: 0.000000 (threshold: 0.005000)
  Directional penalty: 0.010000 (weight: 2.00, threshold: 0.90)
  Saved validation predictions to: experiments/h16d010_dirw2.0_extremew5.0p90/collapse_monitoring/val_predictions_epoch52.npy
  Gradient norms:
    lstm_encoder: 0.098203
    lstm_decoder: 0.033858
    output_layer: 0.196262
  VSN output std:
    encoder: 0.166088
  Attention entropy: 2.940913
  Saved to: experiments/h16d010_dirw2.0_extremew5.0p90/collapse_monitoring/collapse_monitor_epoch52.json
[DEBUG CollapseMonitor] on_validation_epoch_start called for epoch 53
[DEBUG CollapseMonitor] reset_temporal_state() called on loss function
Epoch 53: val_loss=0.9110196828842163
Epoch 53: train_loss=0.8472210764884949

[CollapseMonitor] Epoch 53
  [DEBUG] Processed 21 batches from val_dataloader
  [DEBUG] Predictions shape after concat: (1282,)
  [DEBUG] All predictions list length: 21
  [DEBUG] First batch shape: (64,)
  Pred std: 0.057620, range: 0.359675, mean: 0.101473
  Pos: 99.7%, Neg: 0.3%, Unique: 1272
  Collapse penalty: 0.000000 (threshold: 0.005000)
  Directional penalty: 0.010000 (weight: 2.00, threshold: 0.90)
  Saved validation predictions to: experiments/h16d010_dirw2.0_extremew5.0p90/collapse_monitoring/val_predictions_epoch53.npy
  Gradient norms:
    lstm_encoder: 0.092427
    lstm_decoder: 0.033561
    output_layer: 0.183899
  VSN output std:
    encoder: 0.167639
  Attention entropy: 2.938408
  Saved to: experiments/h16d010_dirw2.0_extremew5.0p90/collapse_monitoring/collapse_monitor_epoch53.json
[DEBUG CollapseMonitor] on_validation_epoch_start called for epoch 54
[DEBUG CollapseMonitor] reset_temporal_state() called on loss function
Epoch 54: val_loss=0.9120816588401794
Epoch 54: train_loss=0.8461660146713257

[CollapseMonitor] Epoch 54
  [DEBUG] Processed 21 batches from val_dataloader
  [DEBUG] Predictions shape after concat: (1282,)
  [DEBUG] All predictions list length: 21
  [DEBUG] First batch shape: (64,)
  Pred std: 0.059459, range: 0.381214, mean: 0.083188
  Pos: 99.0%, Neg: 1.0%, Unique: 1276
  Collapse penalty: 0.000000 (threshold: 0.005000)
  Directional penalty: 0.010000 (weight: 2.00, threshold: 0.90)
  Saved validation predictions to: experiments/h16d010_dirw2.0_extremew5.0p90/collapse_monitoring/val_predictions_epoch54.npy
  Gradient norms:
    lstm_encoder: 0.095033
    lstm_decoder: 0.032969
    output_layer: 0.196656
  VSN output std:
    encoder: 0.167282
  Attention entropy: 2.941939
  Saved to: experiments/h16d010_dirw2.0_extremew5.0p90/collapse_monitoring/collapse_monitor_epoch54.json
[DEBUG CollapseMonitor] on_validation_epoch_start called for epoch 55
[DEBUG CollapseMonitor] reset_temporal_state() called on loss function
Epoch 55: val_loss=0.9111893773078918
Epoch 55: train_loss=0.840114414691925

[CollapseMonitor] Epoch 55
  [DEBUG] Processed 21 batches from val_dataloader
  [DEBUG] Predictions shape after concat: (1282,)
  [DEBUG] All predictions list length: 21
  [DEBUG] First batch shape: (64,)
  Pred std: 0.058705, range: 0.391412, mean: 0.077617
  Pos: 98.5%, Neg: 1.5%, Unique: 1270
  Collapse penalty: 0.000000 (threshold: 0.005000)
  Directional penalty: 0.010000 (weight: 2.00, threshold: 0.90)
  Saved validation predictions to: experiments/h16d010_dirw2.0_extremew5.0p90/collapse_monitoring/val_predictions_epoch55.npy
  Gradient norms:
    lstm_encoder: 0.095963
    lstm_decoder: 0.034574
    output_layer: 0.195228
  VSN output std:
    encoder: 0.166810
  Attention entropy: 2.940763
  Saved to: experiments/h16d010_dirw2.0_extremew5.0p90/collapse_monitoring/collapse_monitor_epoch55.json


======================================================================
Training complete
======================================================================

Best model checkpoint: experiments/h16d010_dirw2.0_extremew5.0p90/checkpoints/tft-epoch=45-val_loss=0.9069.ckpt
Best validation loss: 0.906946
Completed at: 2025-11-22 23:57:19
Log saved to: experiments/h16d010_dirw2.0_extremew5.0p90/training_20251122_232559.log
======================================================================
