
[INFO] Using AUTO device selection.

[INFO] Patched matplotlib.Axes.errorbar to abs() negative yerr for robustness.
======================================================================
Training TFT: 02b_vintage_sweep/baseline_h16_drop0.10
======================================================================
Logging to: experiments/02b_vintage_sweep/baseline_h16_drop0.10/training_20251122_155952.log
Started at: 2025-11-22 15:59:52
======================================================================
Configuration saved to: experiments/02b_vintage_sweep/baseline_h16_drop0.10/config.json

Loading data splits...
Train: 6074 samples
Val: 1302 samples
Test: 1302 samples

Preparing TimeSeriesDataSet...

Dropping source columns (used for staleness only): ['CPI']

Final features for TFT: ['SP500_Returns', 'VIX', 'Treasury_10Y', 'Yield_Spread', 'Inflation_YoY']

======================================================================
FEATURE STATISTICS - BEFORE NORMALIZATION
======================================================================
VIX                             mean= 19.7438  std=  8.0295  min=  9.3100  max= 80.8600
Treasury_10Y                    mean=  4.7672  std=  1.6903  min=  1.4300  max=  8.3600
Yield_Spread                    mean=  1.2778  std=  0.9179  min= -0.5200  max=  2.9100
Inflation_YoY                   mean=  2.5322  std=  1.1865  min= -2.1498  max=  6.7300

======================================================================
FEATURES AFTER GROUPNORMALIZER (first batch, last timestep)
======================================================================
VIX                             normalized_value=  1.0000
Treasury_10Y                    normalized_value= -0.0500
Yield_Spread                    normalized_value=  0.0817
Inflation_YoY                   normalized_value=  0.8774
======================================================================

Batches per epoch: 94
[DEBUG] Validation batches: 21
[DEBUG] Validation dataset size: 1282
[DEBUG] Batch size: 64

Initializing model...

================================================================================
BASELINE MODEL FEATURE CONFIGURATION (after from_dataset)
================================================================================
tft.hparams.time_varying_reals_encoder: ['relative_time_idx', 'VIX', 'Treasury_10Y', 'Yield_Spread', 'Inflation_YoY']
  Count: 5

tft.hparams.time_varying_reals_decoder: ['relative_time_idx']
  Count: 1

tft.hparams.x_reals (all reals passed to model): ['encoder_length', 'relative_time_idx', 'VIX', 'Treasury_10Y', 'Yield_Spread', 'Inflation_YoY']
  Count: 6

Encoder VSN configuration:
  num_inputs: 5
  input_sizes: {'relative_time_idx': 16, 'VIX': 16, 'Treasury_10Y': 16, 'Yield_Spread': 16, 'Inflation_YoY': 16}
  flattened_grn.fc1: in_features=80, out_features=5
  → Params in fc1: 400 (should be 5*16*5=400 if 5 features)
================================================================================


>>> Using standard QuantileLoss (no distribution penalties)
Model parameters: 22,615

Starting training...
Checkpoints will be saved to: experiments/02b_vintage_sweep/baseline_h16_drop0.10/checkpoints/
Logs will be saved to: experiments/02b_vintage_sweep/baseline_h16_drop0.10/logs/

Epoch 0: val_loss=N/A
Epoch 0: val_loss=0.5923386812210083
Epoch 0: train_loss=0.6834097504615784

[CollapseMonitor] Epoch 0
  [DEBUG] Processed 21 batches from val_dataloader
  [DEBUG] Predictions shape after concat: (1282,)
  [DEBUG] All predictions list length: 21
  [DEBUG] First batch shape: (64,)
  Pred std: 0.030373, range: 0.122426, mean: 0.075706
  Pos: 100.0%, Neg: 0.0%, Unique: 1265
  Saved validation predictions to: experiments/02b_vintage_sweep/baseline_h16_drop0.10/collapse_monitoring/val_predictions_epoch0.npy
  Gradient norms:
    lstm_encoder: 0.009247
    lstm_decoder: 0.013963
    multihead_attn: 0.008787
    output_layer: 0.636939
  VSN output std:
    encoder: 0.157701
  Attention entropy: 2.991978
  Saved to: experiments/02b_vintage_sweep/baseline_h16_drop0.10/collapse_monitoring/collapse_monitor_epoch0.json
Epoch 1: val_loss=0.49801725149154663
Epoch 1: train_loss=0.5727964043617249

[CollapseMonitor] Epoch 1
  [DEBUG] Processed 21 batches from val_dataloader
  [DEBUG] Predictions shape after concat: (1282,)
  [DEBUG] All predictions list length: 21
  [DEBUG] First batch shape: (64,)
  Pred std: 0.018283, range: 0.084407, mean: -0.008261
  Pos: 32.4%, Neg: 67.6%, Unique: 1268
  Saved validation predictions to: experiments/02b_vintage_sweep/baseline_h16_drop0.10/collapse_monitoring/val_predictions_epoch1.npy
  Gradient norms:
    lstm_encoder: 0.006361
    lstm_decoder: 0.008407
    multihead_attn: 0.004499
    output_layer: 0.450755
  VSN output std:
    encoder: 0.167163
  Attention entropy: 2.994271
  Saved to: experiments/02b_vintage_sweep/baseline_h16_drop0.10/collapse_monitoring/collapse_monitor_epoch1.json
Epoch 2: val_loss=0.4627057611942291
Epoch 2: train_loss=0.49818769097328186

[CollapseMonitor] Epoch 2
  [DEBUG] Processed 21 batches from val_dataloader
  [DEBUG] Predictions shape after concat: (1282,)
  [DEBUG] All predictions list length: 21
  [DEBUG] First batch shape: (64,)
  Pred std: 0.018274, range: 0.091857, mean: 0.006736
  Pos: 65.1%, Neg: 34.9%, Unique: 1272
  Saved validation predictions to: experiments/02b_vintage_sweep/baseline_h16_drop0.10/collapse_monitoring/val_predictions_epoch2.npy
  Gradient norms:
    lstm_encoder: 0.004256
    lstm_decoder: 0.004225
    multihead_attn: 0.002808
    output_layer: 0.233245
  VSN output std:
    encoder: 0.168971
  Attention entropy: 2.995117
  Saved to: experiments/02b_vintage_sweep/baseline_h16_drop0.10/collapse_monitoring/collapse_monitor_epoch2.json
Epoch 3: val_loss=0.45529454946517944
Epoch 3: train_loss=0.4708952009677887

[CollapseMonitor] Epoch 3
  [DEBUG] Processed 21 batches from val_dataloader
  [DEBUG] Predictions shape after concat: (1282,)
  [DEBUG] All predictions list length: 21
  [DEBUG] First batch shape: (64,)
  Pred std: 0.016891, range: 0.084037, mean: 0.020942
  Pos: 92.7%, Neg: 7.3%, Unique: 1260
  Saved validation predictions to: experiments/02b_vintage_sweep/baseline_h16_drop0.10/collapse_monitoring/val_predictions_epoch3.npy
  Gradient norms:
    lstm_encoder: 0.003043
    lstm_decoder: 0.002883
    multihead_attn: 0.001918
    output_layer: 0.130479
  VSN output std:
    encoder: 0.168331
  Attention entropy: 2.995322
  Saved to: experiments/02b_vintage_sweep/baseline_h16_drop0.10/collapse_monitoring/collapse_monitor_epoch3.json
Epoch 4: val_loss=0.4505173861980438
Epoch 4: train_loss=0.4613817632198334

[CollapseMonitor] Epoch 4
  [DEBUG] Processed 21 batches from val_dataloader
  [DEBUG] Predictions shape after concat: (1282,)
  [DEBUG] All predictions list length: 21
  [DEBUG] First batch shape: (64,)
  Pred std: 0.015546, range: 0.075049, mean: 0.013821
  Pos: 84.9%, Neg: 15.1%, Unique: 1263
  Saved validation predictions to: experiments/02b_vintage_sweep/baseline_h16_drop0.10/collapse_monitoring/val_predictions_epoch4.npy
  Gradient norms:
    lstm_encoder: 0.003099
    lstm_decoder: 0.002811
    multihead_attn: 0.001655
    output_layer: 0.108103
  VSN output std:
    encoder: 0.179076
  Attention entropy: 2.995325
  Saved to: experiments/02b_vintage_sweep/baseline_h16_drop0.10/collapse_monitoring/collapse_monitor_epoch4.json
Epoch 5: val_loss=0.4478277862071991
Epoch 5: train_loss=0.45782753825187683

[CollapseMonitor] Epoch 5
  [DEBUG] Processed 21 batches from val_dataloader
  [DEBUG] Predictions shape after concat: (1282,)
  [DEBUG] All predictions list length: 21
  [DEBUG] First batch shape: (64,)
  Pred std: 0.015264, range: 0.079094, mean: 0.036177
  Pos: 99.8%, Neg: 0.2%, Unique: 1259
  Saved validation predictions to: experiments/02b_vintage_sweep/baseline_h16_drop0.10/collapse_monitoring/val_predictions_epoch5.npy
  Gradient norms:
    lstm_encoder: 0.003219
    lstm_decoder: 0.002673
    multihead_attn: 0.001632
    output_layer: 0.097372
  VSN output std:
    encoder: 0.178102
  Attention entropy: 2.995112
  Saved to: experiments/02b_vintage_sweep/baseline_h16_drop0.10/collapse_monitoring/collapse_monitor_epoch5.json
Epoch 6: val_loss=0.44383835792541504
Epoch 6: train_loss=0.45390263199806213

[CollapseMonitor] Epoch 6
  [DEBUG] Processed 21 batches from val_dataloader
  [DEBUG] Predictions shape after concat: (1282,)
  [DEBUG] All predictions list length: 21
  [DEBUG] First batch shape: (64,)
  Pred std: 0.016226, range: 0.085532, mean: 0.016774
  Pos: 90.2%, Neg: 9.8%, Unique: 1261
  Saved validation predictions to: experiments/02b_vintage_sweep/baseline_h16_drop0.10/collapse_monitoring/val_predictions_epoch6.npy
  Gradient norms:
    lstm_encoder: 0.003630
    lstm_decoder: 0.002678
    multihead_attn: 0.001849
    output_layer: 0.090426
  VSN output std:
    encoder: 0.178736
  Attention entropy: 2.992672
  Saved to: experiments/02b_vintage_sweep/baseline_h16_drop0.10/collapse_monitoring/collapse_monitor_epoch6.json
Epoch 7: val_loss=0.437829852104187
Epoch 7: train_loss=0.44982361793518066

[CollapseMonitor] Epoch 7
  [DEBUG] Processed 21 batches from val_dataloader
  [DEBUG] Predictions shape after concat: (1282,)
  [DEBUG] All predictions list length: 21
  [DEBUG] First batch shape: (64,)
  Pred std: 0.019040, range: 0.140368, mean: 0.032286
  Pos: 93.4%, Neg: 6.6%, Unique: 1258
  Saved validation predictions to: experiments/02b_vintage_sweep/baseline_h16_drop0.10/collapse_monitoring/val_predictions_epoch7.npy
  Gradient norms:
    lstm_encoder: 0.004437
    lstm_decoder: 0.003082
    multihead_attn: 0.002310
    output_layer: 0.098103
  VSN output std:
    encoder: 0.172772
  Attention entropy: 2.989535
  Saved to: experiments/02b_vintage_sweep/baseline_h16_drop0.10/collapse_monitoring/collapse_monitor_epoch7.json
Epoch 8: val_loss=0.4312407970428467
Epoch 8: train_loss=0.4455459713935852

[CollapseMonitor] Epoch 8
  [DEBUG] Processed 21 batches from val_dataloader
  [DEBUG] Predictions shape after concat: (1282,)
  [DEBUG] All predictions list length: 21
  [DEBUG] First batch shape: (64,)
  Pred std: 0.026851, range: 0.174805, mean: 0.086791
  Pos: 99.4%, Neg: 0.6%, Unique: 1264
  Saved validation predictions to: experiments/02b_vintage_sweep/baseline_h16_drop0.10/collapse_monitoring/val_predictions_epoch8.npy
  Gradient norms:
    lstm_encoder: 0.004471
    lstm_decoder: 0.003206
    multihead_attn: 0.002685
    output_layer: 0.097079
  VSN output std:
    encoder: 0.171373
  Attention entropy: 2.982755
  Saved to: experiments/02b_vintage_sweep/baseline_h16_drop0.10/collapse_monitoring/collapse_monitor_epoch8.json
Epoch 9: val_loss=0.42973053455352783
Epoch 9: train_loss=0.4401109218597412

[CollapseMonitor] Epoch 9
  [DEBUG] Processed 21 batches from val_dataloader
  [DEBUG] Predictions shape after concat: (1282,)
  [DEBUG] All predictions list length: 21
  [DEBUG] First batch shape: (64,)
  Pred std: 0.034730, range: 0.228690, mean: 0.054238
  Pos: 89.0%, Neg: 11.0%, Unique: 1259
  Saved validation predictions to: experiments/02b_vintage_sweep/baseline_h16_drop0.10/collapse_monitoring/val_predictions_epoch9.npy
  Gradient norms:
    lstm_encoder: 0.005022
    lstm_decoder: 0.003463
    multihead_attn: 0.002715
    output_layer: 0.100747
  VSN output std:
    encoder: 0.172071
  Attention entropy: 2.990398
  Saved to: experiments/02b_vintage_sweep/baseline_h16_drop0.10/collapse_monitoring/collapse_monitor_epoch9.json
Epoch 10: val_loss=0.427355021238327
Epoch 10: train_loss=0.43822747468948364

[CollapseMonitor] Epoch 10
  [DEBUG] Processed 21 batches from val_dataloader
  [DEBUG] Predictions shape after concat: (1282,)
  [DEBUG] All predictions list length: 21
  [DEBUG] First batch shape: (64,)
  Pred std: 0.023783, range: 0.215141, mean: 0.067453
  Pos: 97.0%, Neg: 3.0%, Unique: 1257
  Saved validation predictions to: experiments/02b_vintage_sweep/baseline_h16_drop0.10/collapse_monitoring/val_predictions_epoch10.npy
  Gradient norms:
    lstm_encoder: 0.005463
    lstm_decoder: 0.003615
    multihead_attn: 0.002766
    output_layer: 0.098659
  VSN output std:
    encoder: 0.171153
  Attention entropy: 2.989038
  Saved to: experiments/02b_vintage_sweep/baseline_h16_drop0.10/collapse_monitoring/collapse_monitor_epoch10.json
Epoch 11: val_loss=0.42453837394714355
Epoch 11: train_loss=0.43657413125038147

[CollapseMonitor] Epoch 11
  [DEBUG] Processed 21 batches from val_dataloader
  [DEBUG] Predictions shape after concat: (1282,)
  [DEBUG] All predictions list length: 21
  [DEBUG] First batch shape: (64,)
  Pred std: 0.020831, range: 0.206914, mean: 0.069724
  Pos: 98.1%, Neg: 1.9%, Unique: 1260
  Saved validation predictions to: experiments/02b_vintage_sweep/baseline_h16_drop0.10/collapse_monitoring/val_predictions_epoch11.npy
  Gradient norms:
    lstm_encoder: 0.005533
    lstm_decoder: 0.003509
    multihead_attn: 0.002850
    output_layer: 0.094754
  VSN output std:
    encoder: 0.167999
  Attention entropy: 2.982803
  Saved to: experiments/02b_vintage_sweep/baseline_h16_drop0.10/collapse_monitoring/collapse_monitor_epoch11.json
Epoch 12: val_loss=0.42581963539123535
Epoch 12: train_loss=0.43461373448371887

[CollapseMonitor] Epoch 12
  [DEBUG] Processed 21 batches from val_dataloader
  [DEBUG] Predictions shape after concat: (1282,)
  [DEBUG] All predictions list length: 21
  [DEBUG] First batch shape: (64,)
  Pred std: 0.022585, range: 0.210980, mean: 0.077576
  Pos: 98.4%, Neg: 1.6%, Unique: 1263
  Saved validation predictions to: experiments/02b_vintage_sweep/baseline_h16_drop0.10/collapse_monitoring/val_predictions_epoch12.npy
  Gradient norms:
    lstm_encoder: 0.005734
    lstm_decoder: 0.003556
    multihead_attn: 0.002841
    output_layer: 0.095230
  VSN output std:
    encoder: 0.168693
  Attention entropy: 2.992015
  Saved to: experiments/02b_vintage_sweep/baseline_h16_drop0.10/collapse_monitoring/collapse_monitor_epoch12.json
Epoch 13: val_loss=0.4239359200000763
Epoch 13: train_loss=0.4333029091358185

[CollapseMonitor] Epoch 13
  [DEBUG] Processed 21 batches from val_dataloader
  [DEBUG] Predictions shape after concat: (1282,)
  [DEBUG] All predictions list length: 21
  [DEBUG] First batch shape: (64,)
  Pred std: 0.026380, range: 0.224253, mean: 0.029933
  Pos: 93.0%, Neg: 7.0%, Unique: 1259
  Saved validation predictions to: experiments/02b_vintage_sweep/baseline_h16_drop0.10/collapse_monitoring/val_predictions_epoch13.npy
  Gradient norms:
    lstm_encoder: 0.005760
    lstm_decoder: 0.003663
    multihead_attn: 0.002682
    output_layer: 0.102339
  VSN output std:
    encoder: 0.168329
  Attention entropy: 2.985368
  Saved to: experiments/02b_vintage_sweep/baseline_h16_drop0.10/collapse_monitoring/collapse_monitor_epoch13.json
Epoch 14: val_loss=0.42226287722587585
Epoch 14: train_loss=0.43270087242126465

[CollapseMonitor] Epoch 14
  [DEBUG] Processed 21 batches from val_dataloader
  [DEBUG] Predictions shape after concat: (1282,)
  [DEBUG] All predictions list length: 21
  [DEBUG] First batch shape: (64,)
  Pred std: 0.028001, range: 0.233520, mean: 0.066739
  Pos: 96.1%, Neg: 3.9%, Unique: 1266
  Saved validation predictions to: experiments/02b_vintage_sweep/baseline_h16_drop0.10/collapse_monitoring/val_predictions_epoch14.npy
  Gradient norms:
    lstm_encoder: 0.006015
    lstm_decoder: 0.003670
    multihead_attn: 0.002667
    output_layer: 0.093139
  VSN output std:
    encoder: 0.167750
  Attention entropy: 2.981856
  Saved to: experiments/02b_vintage_sweep/baseline_h16_drop0.10/collapse_monitoring/collapse_monitor_epoch14.json
Epoch 15: val_loss=0.42204853892326355
Epoch 15: train_loss=0.43110373616218567

[CollapseMonitor] Epoch 15
  [DEBUG] Processed 21 batches from val_dataloader
  [DEBUG] Predictions shape after concat: (1282,)
  [DEBUG] All predictions list length: 21
  [DEBUG] First batch shape: (64,)
  Pred std: 0.026676, range: 0.221598, mean: 0.041577
  Pos: 95.2%, Neg: 4.8%, Unique: 1268
  Saved validation predictions to: experiments/02b_vintage_sweep/baseline_h16_drop0.10/collapse_monitoring/val_predictions_epoch15.npy
  Gradient norms:
    lstm_encoder: 0.006307
    lstm_decoder: 0.003779
    multihead_attn: 0.002762
    output_layer: 0.096081
  VSN output std:
    encoder: 0.167701
  Attention entropy: 2.986492
  Saved to: experiments/02b_vintage_sweep/baseline_h16_drop0.10/collapse_monitoring/collapse_monitor_epoch15.json
Epoch 16: val_loss=0.42025938630104065
Epoch 16: train_loss=0.43025654554367065

[CollapseMonitor] Epoch 16
  [DEBUG] Processed 21 batches from val_dataloader
  [DEBUG] Predictions shape after concat: (1282,)
  [DEBUG] All predictions list length: 21
  [DEBUG] First batch shape: (64,)
  Pred std: 0.030241, range: 0.237725, mean: 0.069765
  Pos: 95.0%, Neg: 5.0%, Unique: 1272
  Saved validation predictions to: experiments/02b_vintage_sweep/baseline_h16_drop0.10/collapse_monitoring/val_predictions_epoch16.npy
  Gradient norms:
    lstm_encoder: 0.007168
    lstm_decoder: 0.004069
    multihead_attn: 0.002682
    output_layer: 0.098748
  VSN output std:
    encoder: 0.167144
  Attention entropy: 2.982637
  Saved to: experiments/02b_vintage_sweep/baseline_h16_drop0.10/collapse_monitoring/collapse_monitor_epoch16.json
Epoch 17: val_loss=0.4189797341823578
Epoch 17: train_loss=0.43052002787590027

[CollapseMonitor] Epoch 17
  [DEBUG] Processed 21 batches from val_dataloader
  [DEBUG] Predictions shape after concat: (1282,)
  [DEBUG] All predictions list length: 21
  [DEBUG] First batch shape: (64,)
  Pred std: 0.028670, range: 0.208777, mean: 0.077200
  Pos: 96.8%, Neg: 3.2%, Unique: 1269
  Saved validation predictions to: experiments/02b_vintage_sweep/baseline_h16_drop0.10/collapse_monitoring/val_predictions_epoch17.npy
  Gradient norms:
    lstm_encoder: 0.007054
    lstm_decoder: 0.003982
    multihead_attn: 0.002547
    output_layer: 0.092364
  VSN output std:
    encoder: 0.166611
  Attention entropy: 2.977146
  Saved to: experiments/02b_vintage_sweep/baseline_h16_drop0.10/collapse_monitoring/collapse_monitor_epoch17.json
Epoch 18: val_loss=0.41773003339767456
Epoch 18: train_loss=0.4281975030899048

[CollapseMonitor] Epoch 18
  [DEBUG] Processed 21 batches from val_dataloader
  [DEBUG] Predictions shape after concat: (1282,)
  [DEBUG] All predictions list length: 21
  [DEBUG] First batch shape: (64,)
  Pred std: 0.029656, range: 0.213550, mean: 0.076881
  Pos: 96.0%, Neg: 4.0%, Unique: 1259
  Saved validation predictions to: experiments/02b_vintage_sweep/baseline_h16_drop0.10/collapse_monitoring/val_predictions_epoch18.npy
  Gradient norms:
    lstm_encoder: 0.007594
    lstm_decoder: 0.004228
    multihead_attn: 0.002573
    output_layer: 0.098996
  VSN output std:
    encoder: 0.166797
  Attention entropy: 2.979626
  Saved to: experiments/02b_vintage_sweep/baseline_h16_drop0.10/collapse_monitoring/collapse_monitor_epoch18.json
Epoch 19: val_loss=0.41640201210975647
Epoch 19: train_loss=0.42903509736061096

[CollapseMonitor] Epoch 19
  [DEBUG] Processed 21 batches from val_dataloader
  [DEBUG] Predictions shape after concat: (1282,)
  [DEBUG] All predictions list length: 21
  [DEBUG] First batch shape: (64,)
  Pred std: 0.027583, range: 0.203957, mean: 0.099910
  Pos: 99.5%, Neg: 0.5%, Unique: 1261
  Saved validation predictions to: experiments/02b_vintage_sweep/baseline_h16_drop0.10/collapse_monitoring/val_predictions_epoch19.npy
  Gradient norms:
    lstm_encoder: 0.007635
    lstm_decoder: 0.004184
    multihead_attn: 0.002514
    output_layer: 0.097309
  VSN output std:
    encoder: 0.167308
  Attention entropy: 2.970508
  Saved to: experiments/02b_vintage_sweep/baseline_h16_drop0.10/collapse_monitoring/collapse_monitor_epoch19.json
Epoch 20: val_loss=0.41589322686195374
Epoch 20: train_loss=0.42758551239967346

[CollapseMonitor] Epoch 20
  [DEBUG] Processed 21 batches from val_dataloader
  [DEBUG] Predictions shape after concat: (1282,)
  [DEBUG] All predictions list length: 21
  [DEBUG] First batch shape: (64,)
  Pred std: 0.027028, range: 0.197016, mean: 0.063102
  Pos: 95.7%, Neg: 4.3%, Unique: 1264
  Saved validation predictions to: experiments/02b_vintage_sweep/baseline_h16_drop0.10/collapse_monitoring/val_predictions_epoch20.npy
  Gradient norms:
    lstm_encoder: 0.008312
    lstm_decoder: 0.004556
    multihead_attn: 0.002411
    output_layer: 0.099662
  VSN output std:
    encoder: 0.166777
  Attention entropy: 2.969523
  Saved to: experiments/02b_vintage_sweep/baseline_h16_drop0.10/collapse_monitoring/collapse_monitor_epoch20.json
Epoch 21: val_loss=0.4147182106971741
Epoch 21: train_loss=0.42723870277404785

[CollapseMonitor] Epoch 21
  [DEBUG] Processed 21 batches from val_dataloader
  [DEBUG] Predictions shape after concat: (1282,)
  [DEBUG] All predictions list length: 21
  [DEBUG] First batch shape: (64,)
  Pred std: 0.033687, range: 0.268185, mean: 0.065213
  Pos: 94.1%, Neg: 5.9%, Unique: 1268
  Saved validation predictions to: experiments/02b_vintage_sweep/baseline_h16_drop0.10/collapse_monitoring/val_predictions_epoch21.npy
  Gradient norms:
    lstm_encoder: 0.008020
    lstm_decoder: 0.004259
    multihead_attn: 0.002360
    output_layer: 0.091041
  VSN output std:
    encoder: 0.166075
  Attention entropy: 2.960751
  Saved to: experiments/02b_vintage_sweep/baseline_h16_drop0.10/collapse_monitoring/collapse_monitor_epoch21.json
Epoch 22: val_loss=0.4144032895565033
Epoch 22: train_loss=0.42619258165359497

[CollapseMonitor] Epoch 22
  [DEBUG] Processed 21 batches from val_dataloader
  [DEBUG] Predictions shape after concat: (1282,)
  [DEBUG] All predictions list length: 21
  [DEBUG] First batch shape: (64,)
  Pred std: 0.034744, range: 0.281926, mean: 0.070751
  Pos: 95.4%, Neg: 4.6%, Unique: 1268
  Saved validation predictions to: experiments/02b_vintage_sweep/baseline_h16_drop0.10/collapse_monitoring/val_predictions_epoch22.npy
  Gradient norms:
    lstm_encoder: 0.008537
    lstm_decoder: 0.004602
    multihead_attn: 0.002507
    output_layer: 0.089814
  VSN output std:
    encoder: 0.167185
  Attention entropy: 2.962575
  Saved to: experiments/02b_vintage_sweep/baseline_h16_drop0.10/collapse_monitoring/collapse_monitor_epoch22.json
Epoch 23: val_loss=0.41316336393356323
Epoch 23: train_loss=0.42627158761024475

[CollapseMonitor] Epoch 23
  [DEBUG] Processed 21 batches from val_dataloader
  [DEBUG] Predictions shape after concat: (1282,)
  [DEBUG] All predictions list length: 21
  [DEBUG] First batch shape: (64,)
  Pred std: 0.035734, range: 0.292270, mean: 0.044148
  Pos: 93.4%, Neg: 6.6%, Unique: 1268
  Saved validation predictions to: experiments/02b_vintage_sweep/baseline_h16_drop0.10/collapse_monitoring/val_predictions_epoch23.npy
  Gradient norms:
    lstm_encoder: 0.009073
    lstm_decoder: 0.004695
    multihead_attn: 0.002451
    output_layer: 0.092576
  VSN output std:
    encoder: 0.167618
  Attention entropy: 2.953168
  Saved to: experiments/02b_vintage_sweep/baseline_h16_drop0.10/collapse_monitoring/collapse_monitor_epoch23.json
Epoch 24: val_loss=0.41191980242729187
Epoch 24: train_loss=0.426326721906662

[CollapseMonitor] Epoch 24
  [DEBUG] Processed 21 batches from val_dataloader
  [DEBUG] Predictions shape after concat: (1282,)
  [DEBUG] All predictions list length: 21
  [DEBUG] First batch shape: (64,)
  Pred std: 0.036321, range: 0.305056, mean: 0.069190
  Pos: 95.7%, Neg: 4.3%, Unique: 1268
  Saved validation predictions to: experiments/02b_vintage_sweep/baseline_h16_drop0.10/collapse_monitoring/val_predictions_epoch24.npy
  Gradient norms:
    lstm_encoder: 0.008981
    lstm_decoder: 0.004878
    multihead_attn: 0.002400
    output_layer: 0.099394
  VSN output std:
    encoder: 0.168231
  Attention entropy: 2.950726
  Saved to: experiments/02b_vintage_sweep/baseline_h16_drop0.10/collapse_monitoring/collapse_monitor_epoch24.json
Epoch 25: val_loss=0.41277366876602173
Epoch 25: train_loss=0.4256724417209625

[CollapseMonitor] Epoch 25
  [DEBUG] Processed 21 batches from val_dataloader
  [DEBUG] Predictions shape after concat: (1282,)
  [DEBUG] All predictions list length: 21
  [DEBUG] First batch shape: (64,)
  Pred std: 0.026899, range: 0.225648, mean: 0.056608
  Pos: 97.3%, Neg: 2.7%, Unique: 1271
  Saved validation predictions to: experiments/02b_vintage_sweep/baseline_h16_drop0.10/collapse_monitoring/val_predictions_epoch25.npy
  Gradient norms:
    lstm_encoder: 0.008442
    lstm_decoder: 0.004460
    multihead_attn: 0.002199
    output_layer: 0.089371
  VSN output std:
    encoder: 0.168556
  Attention entropy: 2.970459
  Saved to: experiments/02b_vintage_sweep/baseline_h16_drop0.10/collapse_monitoring/collapse_monitor_epoch25.json
Epoch 26: val_loss=0.41090208292007446
Epoch 26: train_loss=0.42416658997535706

[CollapseMonitor] Epoch 26
  [DEBUG] Processed 21 batches from val_dataloader
  [DEBUG] Predictions shape after concat: (1282,)
  [DEBUG] All predictions list length: 21
  [DEBUG] First batch shape: (64,)
  Pred std: 0.030777, range: 0.240952, mean: 0.085764
  Pos: 100.0%, Neg: 0.0%, Unique: 1269
  Saved validation predictions to: experiments/02b_vintage_sweep/baseline_h16_drop0.10/collapse_monitoring/val_predictions_epoch26.npy
  Gradient norms:
    lstm_encoder: 0.009736
    lstm_decoder: 0.005150
    multihead_attn: 0.002215
    output_layer: 0.097302
  VSN output std:
    encoder: 0.167429
  Attention entropy: 2.964064
  Saved to: experiments/02b_vintage_sweep/baseline_h16_drop0.10/collapse_monitoring/collapse_monitor_epoch26.json
Epoch 27: val_loss=0.4100574553012848
Epoch 27: train_loss=0.4248303472995758

[CollapseMonitor] Epoch 27
  [DEBUG] Processed 21 batches from val_dataloader
  [DEBUG] Predictions shape after concat: (1282,)
  [DEBUG] All predictions list length: 21
  [DEBUG] First batch shape: (64,)
  Pred std: 0.038782, range: 0.322036, mean: 0.049235
  Pos: 94.6%, Neg: 5.4%, Unique: 1271
  Saved validation predictions to: experiments/02b_vintage_sweep/baseline_h16_drop0.10/collapse_monitoring/val_predictions_epoch27.npy
  Gradient norms:
    lstm_encoder: 0.009393
    lstm_decoder: 0.005050
    multihead_attn: 0.002163
    output_layer: 0.094764
  VSN output std:
    encoder: 0.169372
  Attention entropy: 2.949090
  Saved to: experiments/02b_vintage_sweep/baseline_h16_drop0.10/collapse_monitoring/collapse_monitor_epoch27.json
Epoch 28: val_loss=0.40984711050987244
Epoch 28: train_loss=0.42407315969467163

[CollapseMonitor] Epoch 28
  [DEBUG] Processed 21 batches from val_dataloader
  [DEBUG] Predictions shape after concat: (1282,)
  [DEBUG] All predictions list length: 21
  [DEBUG] First batch shape: (64,)
  Pred std: 0.031755, range: 0.258751, mean: 0.063879
  Pos: 96.8%, Neg: 3.2%, Unique: 1268
  Saved validation predictions to: experiments/02b_vintage_sweep/baseline_h16_drop0.10/collapse_monitoring/val_predictions_epoch28.npy
  Gradient norms:
    lstm_encoder: 0.009521
    lstm_decoder: 0.005090
    multihead_attn: 0.002156
    output_layer: 0.096616
  VSN output std:
    encoder: 0.167496
  Attention entropy: 2.959944
  Saved to: experiments/02b_vintage_sweep/baseline_h16_drop0.10/collapse_monitoring/collapse_monitor_epoch28.json
Epoch 29: val_loss=0.40909895300865173
Epoch 29: train_loss=0.42502322793006897

[CollapseMonitor] Epoch 29
  [DEBUG] Processed 21 batches from val_dataloader
  [DEBUG] Predictions shape after concat: (1282,)
  [DEBUG] All predictions list length: 21
  [DEBUG] First batch shape: (64,)
  Pred std: 0.030797, range: 0.244146, mean: 0.063441
  Pos: 97.4%, Neg: 2.6%, Unique: 1266
  Saved validation predictions to: experiments/02b_vintage_sweep/baseline_h16_drop0.10/collapse_monitoring/val_predictions_epoch29.npy
  Gradient norms:
    lstm_encoder: 0.010004
    lstm_decoder: 0.005423
    multihead_attn: 0.001934
    output_layer: 0.097448
  VSN output std:
    encoder: 0.170418
  Attention entropy: 2.956280
  Saved to: experiments/02b_vintage_sweep/baseline_h16_drop0.10/collapse_monitoring/collapse_monitor_epoch29.json
Epoch 30: val_loss=0.40937894582748413
Epoch 30: train_loss=0.42267724871635437

[CollapseMonitor] Epoch 30
  [DEBUG] Processed 21 batches from val_dataloader
  [DEBUG] Predictions shape after concat: (1282,)
  [DEBUG] All predictions list length: 21
  [DEBUG] First batch shape: (64,)
  Pred std: 0.030296, range: 0.250622, mean: 0.054906
  Pos: 99.0%, Neg: 1.0%, Unique: 1270
  Saved validation predictions to: experiments/02b_vintage_sweep/baseline_h16_drop0.10/collapse_monitoring/val_predictions_epoch30.npy
  Gradient norms:
    lstm_encoder: 0.009941
    lstm_decoder: 0.005371
    multihead_attn: 0.002023
    output_layer: 0.093599
  VSN output std:
    encoder: 0.169677
  Attention entropy: 2.957349
  Saved to: experiments/02b_vintage_sweep/baseline_h16_drop0.10/collapse_monitoring/collapse_monitor_epoch30.json
Epoch 31: val_loss=0.4079202711582184
Epoch 31: train_loss=0.42355671525001526

[CollapseMonitor] Epoch 31
  [DEBUG] Processed 21 batches from val_dataloader
  [DEBUG] Predictions shape after concat: (1282,)
  [DEBUG] All predictions list length: 21
  [DEBUG] First batch shape: (64,)
  Pred std: 0.033472, range: 0.268495, mean: 0.091971
  Pos: 100.0%, Neg: 0.0%, Unique: 1273
  Saved validation predictions to: experiments/02b_vintage_sweep/baseline_h16_drop0.10/collapse_monitoring/val_predictions_epoch31.npy
  Gradient norms:
    lstm_encoder: 0.011214
    lstm_decoder: 0.005956
    multihead_attn: 0.002223
    output_layer: 0.097015
  VSN output std:
    encoder: 0.169374
  Attention entropy: 2.954051
  Saved to: experiments/02b_vintage_sweep/baseline_h16_drop0.10/collapse_monitoring/collapse_monitor_epoch31.json
Epoch 32: val_loss=0.4072835147380829
Epoch 32: train_loss=0.422669380903244

[CollapseMonitor] Epoch 32
  [DEBUG] Processed 21 batches from val_dataloader
  [DEBUG] Predictions shape after concat: (1282,)
  [DEBUG] All predictions list length: 21
  [DEBUG] First batch shape: (64,)
  Pred std: 0.037079, range: 0.282086, mean: 0.082174
  Pos: 100.0%, Neg: 0.0%, Unique: 1271
  Saved validation predictions to: experiments/02b_vintage_sweep/baseline_h16_drop0.10/collapse_monitoring/val_predictions_epoch32.npy
  Gradient norms:
    lstm_encoder: 0.010315
    lstm_decoder: 0.005493
    multihead_attn: 0.001920
    output_layer: 0.090966
  VSN output std:
    encoder: 0.168537
  Attention entropy: 2.953084
  Saved to: experiments/02b_vintage_sweep/baseline_h16_drop0.10/collapse_monitoring/collapse_monitor_epoch32.json
Epoch 33: val_loss=0.4071789085865021
Epoch 33: train_loss=0.42270100116729736

[CollapseMonitor] Epoch 33
  [DEBUG] Processed 21 batches from val_dataloader
  [DEBUG] Predictions shape after concat: (1282,)
  [DEBUG] All predictions list length: 21
  [DEBUG] First batch shape: (64,)
  Pred std: 0.042415, range: 0.312077, mean: 0.059404
  Pos: 99.6%, Neg: 0.4%, Unique: 1275
  Saved validation predictions to: experiments/02b_vintage_sweep/baseline_h16_drop0.10/collapse_monitoring/val_predictions_epoch33.npy
  Gradient norms:
    lstm_encoder: 0.012564
    lstm_decoder: 0.006504
    multihead_attn: 0.002130
    output_layer: 0.092109
  VSN output std:
    encoder: 0.167701
  Attention entropy: 2.953429
  Saved to: experiments/02b_vintage_sweep/baseline_h16_drop0.10/collapse_monitoring/collapse_monitor_epoch33.json
Epoch 34: val_loss=0.4074976146221161
Epoch 34: train_loss=0.42066749930381775

[CollapseMonitor] Epoch 34
  [DEBUG] Processed 21 batches from val_dataloader
  [DEBUG] Predictions shape after concat: (1282,)
  [DEBUG] All predictions list length: 21
  [DEBUG] First batch shape: (64,)
  Pred std: 0.034920, range: 0.287515, mean: 0.060059
  Pos: 98.5%, Neg: 1.5%, Unique: 1265
  Saved validation predictions to: experiments/02b_vintage_sweep/baseline_h16_drop0.10/collapse_monitoring/val_predictions_epoch34.npy
  Gradient norms:
    lstm_encoder: 0.011401
    lstm_decoder: 0.006021
    multihead_attn: 0.001976
    output_layer: 0.092647
  VSN output std:
    encoder: 0.168360
  Attention entropy: 2.954915
  Saved to: experiments/02b_vintage_sweep/baseline_h16_drop0.10/collapse_monitoring/collapse_monitor_epoch34.json
Epoch 35: val_loss=0.4075743556022644
Epoch 35: train_loss=0.4225934147834778

[CollapseMonitor] Epoch 35
  [DEBUG] Processed 21 batches from val_dataloader
  [DEBUG] Predictions shape after concat: (1282,)
  [DEBUG] All predictions list length: 21
  [DEBUG] First batch shape: (64,)
  Pred std: 0.033335, range: 0.288561, mean: 0.050771
  Pos: 98.0%, Neg: 2.0%, Unique: 1274
  Saved validation predictions to: experiments/02b_vintage_sweep/baseline_h16_drop0.10/collapse_monitoring/val_predictions_epoch35.npy
  Gradient norms:
    lstm_encoder: 0.012257
    lstm_decoder: 0.006275
    multihead_attn: 0.002024
    output_layer: 0.094387
  VSN output std:
    encoder: 0.165810
  Attention entropy: 2.953615
  Saved to: experiments/02b_vintage_sweep/baseline_h16_drop0.10/collapse_monitoring/collapse_monitor_epoch35.json
Epoch 36: val_loss=0.4059615433216095
Epoch 36: train_loss=0.42157793045043945

[CollapseMonitor] Epoch 36
  [DEBUG] Processed 21 batches from val_dataloader
  [DEBUG] Predictions shape after concat: (1282,)
  [DEBUG] All predictions list length: 21
  [DEBUG] First batch shape: (64,)
  Pred std: 0.029783, range: 0.258850, mean: 0.106024
  Pos: 100.0%, Neg: 0.0%, Unique: 1274
  Saved validation predictions to: experiments/02b_vintage_sweep/baseline_h16_drop0.10/collapse_monitoring/val_predictions_epoch36.npy
  Gradient norms:
    lstm_encoder: 0.013266
    lstm_decoder: 0.006813
    multihead_attn: 0.002115
    output_layer: 0.096954
  VSN output std:
    encoder: 0.166785
  Attention entropy: 2.952789
  Saved to: experiments/02b_vintage_sweep/baseline_h16_drop0.10/collapse_monitoring/collapse_monitor_epoch36.json
Epoch 37: val_loss=0.40698179602622986
Epoch 37: train_loss=0.42242690920829773

[CollapseMonitor] Epoch 37
  [DEBUG] Processed 21 batches from val_dataloader
  [DEBUG] Predictions shape after concat: (1282,)
  [DEBUG] All predictions list length: 21
  [DEBUG] First batch shape: (64,)
  Pred std: 0.037029, range: 0.316748, mean: 0.047838
  Pos: 95.2%, Neg: 4.8%, Unique: 1275
  Saved validation predictions to: experiments/02b_vintage_sweep/baseline_h16_drop0.10/collapse_monitoring/val_predictions_epoch37.npy
  Gradient norms:
    lstm_encoder: 0.013636
    lstm_decoder: 0.006773
    multihead_attn: 0.002205
    output_layer: 0.093232
  VSN output std:
    encoder: 0.167704
  Attention entropy: 2.946285
  Saved to: experiments/02b_vintage_sweep/baseline_h16_drop0.10/collapse_monitoring/collapse_monitor_epoch37.json
Epoch 38: val_loss=0.40633708238601685
Epoch 38: train_loss=0.42218512296676636

[CollapseMonitor] Epoch 38
  [DEBUG] Processed 21 batches from val_dataloader
  [DEBUG] Predictions shape after concat: (1282,)
  [DEBUG] All predictions list length: 21
  [DEBUG] First batch shape: (64,)
  Pred std: 0.036687, range: 0.291931, mean: 0.122077
  Pos: 100.0%, Neg: 0.0%, Unique: 1270
  Saved validation predictions to: experiments/02b_vintage_sweep/baseline_h16_drop0.10/collapse_monitoring/val_predictions_epoch38.npy
  Gradient norms:
    lstm_encoder: 0.014184
    lstm_decoder: 0.006770
    multihead_attn: 0.002123
    output_layer: 0.099025
  VSN output std:
    encoder: 0.165799
  Attention entropy: 2.943797
  Saved to: experiments/02b_vintage_sweep/baseline_h16_drop0.10/collapse_monitoring/collapse_monitor_epoch38.json
Epoch 39: val_loss=0.4048435688018799
Epoch 39: train_loss=0.42131805419921875

[CollapseMonitor] Epoch 39
  [DEBUG] Processed 21 batches from val_dataloader
  [DEBUG] Predictions shape after concat: (1282,)
  [DEBUG] All predictions list length: 21
  [DEBUG] First batch shape: (64,)
  Pred std: 0.032265, range: 0.247288, mean: 0.109050
  Pos: 100.0%, Neg: 0.0%, Unique: 1273
  Saved validation predictions to: experiments/02b_vintage_sweep/baseline_h16_drop0.10/collapse_monitoring/val_predictions_epoch39.npy
  Gradient norms:
    lstm_encoder: 0.015007
    lstm_decoder: 0.007241
    multihead_attn: 0.002253
    output_layer: 0.097843
  VSN output std:
    encoder: 0.168306
  Attention entropy: 2.939436
  Saved to: experiments/02b_vintage_sweep/baseline_h16_drop0.10/collapse_monitoring/collapse_monitor_epoch39.json
Epoch 40: val_loss=0.40468937158584595
Epoch 40: train_loss=0.42196765542030334

[CollapseMonitor] Epoch 40
  [DEBUG] Processed 21 batches from val_dataloader
  [DEBUG] Predictions shape after concat: (1282,)
  [DEBUG] All predictions list length: 21
  [DEBUG] First batch shape: (64,)
  Pred std: 0.034778, range: 0.277139, mean: 0.096407
  Pos: 99.5%, Neg: 0.5%, Unique: 1281
  Saved validation predictions to: experiments/02b_vintage_sweep/baseline_h16_drop0.10/collapse_monitoring/val_predictions_epoch40.npy
  Gradient norms:
    lstm_encoder: 0.015241
    lstm_decoder: 0.007120
    multihead_attn: 0.002272
    output_layer: 0.094021
  VSN output std:
    encoder: 0.167587
  Attention entropy: 2.943971
  Saved to: experiments/02b_vintage_sweep/baseline_h16_drop0.10/collapse_monitoring/collapse_monitor_epoch40.json
Epoch 41: val_loss=0.4056347906589508
Epoch 41: train_loss=0.4217429459095001

[CollapseMonitor] Epoch 41
  [DEBUG] Processed 21 batches from val_dataloader
  [DEBUG] Predictions shape after concat: (1282,)
  [DEBUG] All predictions list length: 21
  [DEBUG] First batch shape: (64,)
  Pred std: 0.033436, range: 0.231825, mean: 0.100312
  Pos: 99.9%, Neg: 0.1%, Unique: 1272
  Saved validation predictions to: experiments/02b_vintage_sweep/baseline_h16_drop0.10/collapse_monitoring/val_predictions_epoch41.npy
  Gradient norms:
    lstm_encoder: 0.016320
    lstm_decoder: 0.007599
    multihead_attn: 0.002387
    output_layer: 0.101121
  VSN output std:
    encoder: 0.165345
  Attention entropy: 2.955890
  Saved to: experiments/02b_vintage_sweep/baseline_h16_drop0.10/collapse_monitoring/collapse_monitor_epoch41.json
Epoch 42: val_loss=0.4035852551460266
Epoch 42: train_loss=0.4213212728500366

[CollapseMonitor] Epoch 42
  [DEBUG] Processed 21 batches from val_dataloader
  [DEBUG] Predictions shape after concat: (1282,)
  [DEBUG] All predictions list length: 21
  [DEBUG] First batch shape: (64,)
  Pred std: 0.035414, range: 0.274909, mean: 0.096890
  Pos: 99.2%, Neg: 0.8%, Unique: 1273
  Saved validation predictions to: experiments/02b_vintage_sweep/baseline_h16_drop0.10/collapse_monitoring/val_predictions_epoch42.npy
  Gradient norms:
    lstm_encoder: 0.016025
    lstm_decoder: 0.007508
    multihead_attn: 0.002200
    output_layer: 0.095331
  VSN output std:
    encoder: 0.166198
  Attention entropy: 2.935269
  Saved to: experiments/02b_vintage_sweep/baseline_h16_drop0.10/collapse_monitoring/collapse_monitor_epoch42.json
Epoch 43: val_loss=0.4049617350101471
Epoch 43: train_loss=0.4201788306236267

[CollapseMonitor] Epoch 43
  [DEBUG] Processed 21 batches from val_dataloader
  [DEBUG] Predictions shape after concat: (1282,)
  [DEBUG] All predictions list length: 21
  [DEBUG] First batch shape: (64,)
  Pred std: 0.039388, range: 0.307742, mean: 0.072082
  Pos: 97.5%, Neg: 2.5%, Unique: 1273
  Saved validation predictions to: experiments/02b_vintage_sweep/baseline_h16_drop0.10/collapse_monitoring/val_predictions_epoch43.npy
  Gradient norms:
    lstm_encoder: 0.017280
    lstm_decoder: 0.007661
    multihead_attn: 0.002318
    output_layer: 0.101036
  VSN output std:
    encoder: 0.165144
  Attention entropy: 2.944082
  Saved to: experiments/02b_vintage_sweep/baseline_h16_drop0.10/collapse_monitoring/collapse_monitor_epoch43.json
Epoch 44: val_loss=0.4042317867279053
Epoch 44: train_loss=0.42051246762275696

[CollapseMonitor] Epoch 44
  [DEBUG] Processed 21 batches from val_dataloader
  [DEBUG] Predictions shape after concat: (1282,)
  [DEBUG] All predictions list length: 21
  [DEBUG] First batch shape: (64,)
  Pred std: 0.037514, range: 0.277208, mean: 0.095545
  Pos: 99.4%, Neg: 0.6%, Unique: 1277
  Saved validation predictions to: experiments/02b_vintage_sweep/baseline_h16_drop0.10/collapse_monitoring/val_predictions_epoch44.npy
  Gradient norms:
    lstm_encoder: 0.020793
    lstm_decoder: 0.008550
    multihead_attn: 0.002322
    output_layer: 0.095740
  VSN output std:
    encoder: 0.163047
  Attention entropy: 2.943964
  Saved to: experiments/02b_vintage_sweep/baseline_h16_drop0.10/collapse_monitoring/collapse_monitor_epoch44.json
Epoch 45: val_loss=0.403664767742157
Epoch 45: train_loss=0.4199737310409546

[CollapseMonitor] Epoch 45
  [DEBUG] Processed 21 batches from val_dataloader
  [DEBUG] Predictions shape after concat: (1282,)
  [DEBUG] All predictions list length: 21
  [DEBUG] First batch shape: (64,)
  Pred std: 0.041446, range: 0.276414, mean: 0.082828
  Pos: 98.3%, Neg: 1.7%, Unique: 1276
  Saved validation predictions to: experiments/02b_vintage_sweep/baseline_h16_drop0.10/collapse_monitoring/val_predictions_epoch45.npy
  Gradient norms:
    lstm_encoder: 0.019532
    lstm_decoder: 0.008110
    multihead_attn: 0.002313
    output_layer: 0.093295
  VSN output std:
    encoder: 0.162808
  Attention entropy: 2.943626
  Saved to: experiments/02b_vintage_sweep/baseline_h16_drop0.10/collapse_monitoring/collapse_monitor_epoch45.json
Epoch 46: val_loss=0.402931809425354
Epoch 46: train_loss=0.4202374815940857

[CollapseMonitor] Epoch 46
  [DEBUG] Processed 21 batches from val_dataloader
  [DEBUG] Predictions shape after concat: (1282,)
  [DEBUG] All predictions list length: 21
  [DEBUG] First batch shape: (64,)
  Pred std: 0.046856, range: 0.298291, mean: 0.074503
  Pos: 97.3%, Neg: 2.7%, Unique: 1277
  Saved validation predictions to: experiments/02b_vintage_sweep/baseline_h16_drop0.10/collapse_monitoring/val_predictions_epoch46.npy
  Gradient norms:
    lstm_encoder: 0.019523
    lstm_decoder: 0.008370
    multihead_attn: 0.002248
    output_layer: 0.089742
  VSN output std:
    encoder: 0.164095
  Attention entropy: 2.942642
  Saved to: experiments/02b_vintage_sweep/baseline_h16_drop0.10/collapse_monitoring/collapse_monitor_epoch46.json
Epoch 47: val_loss=0.403464674949646
Epoch 47: train_loss=0.4202454388141632

[CollapseMonitor] Epoch 47
  [DEBUG] Processed 21 batches from val_dataloader
  [DEBUG] Predictions shape after concat: (1282,)
  [DEBUG] All predictions list length: 21
  [DEBUG] First batch shape: (64,)
  Pred std: 0.045504, range: 0.313876, mean: 0.077089
  Pos: 95.9%, Neg: 4.1%, Unique: 1276
  Saved validation predictions to: experiments/02b_vintage_sweep/baseline_h16_drop0.10/collapse_monitoring/val_predictions_epoch47.npy
  Gradient norms:
    lstm_encoder: 0.021285
    lstm_decoder: 0.008587
    multihead_attn: 0.002316
    output_layer: 0.095323
  VSN output std:
    encoder: 0.163608
  Attention entropy: 2.933544
  Saved to: experiments/02b_vintage_sweep/baseline_h16_drop0.10/collapse_monitoring/collapse_monitor_epoch47.json
Epoch 48: val_loss=0.4042956829071045
Epoch 48: train_loss=0.4204093813896179

[CollapseMonitor] Epoch 48
  [DEBUG] Processed 21 batches from val_dataloader
  [DEBUG] Predictions shape after concat: (1282,)
  [DEBUG] All predictions list length: 21
  [DEBUG] First batch shape: (64,)
  Pred std: 0.043658, range: 0.281790, mean: 0.084745
  Pos: 97.8%, Neg: 2.2%, Unique: 1275
  Saved validation predictions to: experiments/02b_vintage_sweep/baseline_h16_drop0.10/collapse_monitoring/val_predictions_epoch48.npy
  Gradient norms:
    lstm_encoder: 0.022425
    lstm_decoder: 0.009272
    multihead_attn: 0.002416
    output_layer: 0.095442
  VSN output std:
    encoder: 0.162936
  Attention entropy: 2.945586
  Saved to: experiments/02b_vintage_sweep/baseline_h16_drop0.10/collapse_monitoring/collapse_monitor_epoch48.json
Epoch 49: val_loss=0.403852254152298
Epoch 49: train_loss=0.4195653200149536

[CollapseMonitor] Epoch 49
  [DEBUG] Processed 21 batches from val_dataloader
  [DEBUG] Predictions shape after concat: (1282,)
  [DEBUG] All predictions list length: 21
  [DEBUG] First batch shape: (64,)
  Pred std: 0.046442, range: 0.314945, mean: 0.088515
  Pos: 97.1%, Neg: 2.9%, Unique: 1278
  Saved validation predictions to: experiments/02b_vintage_sweep/baseline_h16_drop0.10/collapse_monitoring/val_predictions_epoch49.npy
  Gradient norms:
    lstm_encoder: 0.022487
    lstm_decoder: 0.008982
    multihead_attn: 0.002566
    output_layer: 0.092636
  VSN output std:
    encoder: 0.163165
  Attention entropy: 2.944807
  Saved to: experiments/02b_vintage_sweep/baseline_h16_drop0.10/collapse_monitoring/collapse_monitor_epoch49.json
Epoch 50: val_loss=0.40294748544692993
Epoch 50: train_loss=0.42021995782852173

[CollapseMonitor] Epoch 50
  [DEBUG] Processed 21 batches from val_dataloader
  [DEBUG] Predictions shape after concat: (1282,)
  [DEBUG] All predictions list length: 21
  [DEBUG] First batch shape: (64,)
  Pred std: 0.045507, range: 0.301886, mean: 0.090370
  Pos: 98.4%, Neg: 1.6%, Unique: 1278
  Saved validation predictions to: experiments/02b_vintage_sweep/baseline_h16_drop0.10/collapse_monitoring/val_predictions_epoch50.npy
  Gradient norms:
    lstm_encoder: 0.022152
    lstm_decoder: 0.009372
    multihead_attn: 0.002638
    output_layer: 0.100535
  VSN output std:
    encoder: 0.163619
  Attention entropy: 2.946327
  Saved to: experiments/02b_vintage_sweep/baseline_h16_drop0.10/collapse_monitoring/collapse_monitor_epoch50.json
Epoch 51: val_loss=0.4035261869430542
Epoch 51: train_loss=0.42021727561950684

[CollapseMonitor] Epoch 51
  [DEBUG] Processed 21 batches from val_dataloader
  [DEBUG] Predictions shape after concat: (1282,)
  [DEBUG] All predictions list length: 21
  [DEBUG] First batch shape: (64,)
  Pred std: 0.049358, range: 0.348927, mean: 0.066615
  Pos: 94.4%, Neg: 5.6%, Unique: 1277
  Saved validation predictions to: experiments/02b_vintage_sweep/baseline_h16_drop0.10/collapse_monitoring/val_predictions_epoch51.npy
  Gradient norms:
    lstm_encoder: 0.022498
    lstm_decoder: 0.009177
    multihead_attn: 0.002395
    output_layer: 0.100290
  VSN output std:
    encoder: 0.162132
  Attention entropy: 2.949235
  Saved to: experiments/02b_vintage_sweep/baseline_h16_drop0.10/collapse_monitoring/collapse_monitor_epoch51.json
Epoch 52: val_loss=0.40401574969291687
Epoch 52: train_loss=0.4205437898635864

[CollapseMonitor] Epoch 52
  [DEBUG] Processed 21 batches from val_dataloader
  [DEBUG] Predictions shape after concat: (1282,)
  [DEBUG] All predictions list length: 21
  [DEBUG] First batch shape: (64,)
  Pred std: 0.052978, range: 0.348436, mean: 0.100352
  Pos: 98.3%, Neg: 1.7%, Unique: 1278
  Saved validation predictions to: experiments/02b_vintage_sweep/baseline_h16_drop0.10/collapse_monitoring/val_predictions_epoch52.npy
  Gradient norms:
    lstm_encoder: 0.025754
    lstm_decoder: 0.010184
    multihead_attn: 0.002579
    output_layer: 0.095022
  VSN output std:
    encoder: 0.161658
  Attention entropy: 2.943651
  Saved to: experiments/02b_vintage_sweep/baseline_h16_drop0.10/collapse_monitoring/collapse_monitor_epoch52.json
Epoch 53: val_loss=0.4044804573059082
Epoch 53: train_loss=0.41998291015625

[CollapseMonitor] Epoch 53
  [DEBUG] Processed 21 batches from val_dataloader
  [DEBUG] Predictions shape after concat: (1282,)
  [DEBUG] All predictions list length: 21
  [DEBUG] First batch shape: (64,)
  Pred std: 0.054161, range: 0.337533, mean: 0.124567
  Pos: 99.4%, Neg: 0.6%, Unique: 1274
  Saved validation predictions to: experiments/02b_vintage_sweep/baseline_h16_drop0.10/collapse_monitoring/val_predictions_epoch53.npy
  Gradient norms:
    lstm_encoder: 0.024408
    lstm_decoder: 0.009122
    multihead_attn: 0.002529
    output_layer: 0.092515
  VSN output std:
    encoder: 0.162315
  Attention entropy: 2.941289
  Saved to: experiments/02b_vintage_sweep/baseline_h16_drop0.10/collapse_monitoring/collapse_monitor_epoch53.json
Epoch 54: val_loss=0.40475043654441833
Epoch 54: train_loss=0.4196104407310486

[CollapseMonitor] Epoch 54
  [DEBUG] Processed 21 batches from val_dataloader
  [DEBUG] Predictions shape after concat: (1282,)
  [DEBUG] All predictions list length: 21
  [DEBUG] First batch shape: (64,)
  Pred std: 0.053248, range: 0.350456, mean: 0.090540
  Pos: 97.6%, Neg: 2.4%, Unique: 1277
  Saved validation predictions to: experiments/02b_vintage_sweep/baseline_h16_drop0.10/collapse_monitoring/val_predictions_epoch54.npy
  Gradient norms:
    lstm_encoder: 0.024823
    lstm_decoder: 0.009497
    multihead_attn: 0.002493
    output_layer: 0.096420
  VSN output std:
    encoder: 0.162053
  Attention entropy: 2.950257
  Saved to: experiments/02b_vintage_sweep/baseline_h16_drop0.10/collapse_monitoring/collapse_monitor_epoch54.json
Epoch 55: val_loss=0.4043117165565491
Epoch 55: train_loss=0.4188258945941925

[CollapseMonitor] Epoch 55
  [DEBUG] Processed 21 batches from val_dataloader
  [DEBUG] Predictions shape after concat: (1282,)
  [DEBUG] All predictions list length: 21
  [DEBUG] First batch shape: (64,)
  Pred std: 0.053975, range: 0.353270, mean: 0.089165
  Pos: 97.7%, Neg: 2.3%, Unique: 1279
  Saved validation predictions to: experiments/02b_vintage_sweep/baseline_h16_drop0.10/collapse_monitoring/val_predictions_epoch55.npy
  Gradient norms:
    lstm_encoder: 0.024485
    lstm_decoder: 0.009863
    multihead_attn: 0.002616
    output_layer: 0.097370
  VSN output std:
    encoder: 0.162163
  Attention entropy: 2.945686
  Saved to: experiments/02b_vintage_sweep/baseline_h16_drop0.10/collapse_monitoring/collapse_monitor_epoch55.json
Epoch 56: val_loss=0.4046705961227417
Epoch 56: train_loss=0.4193243384361267

[CollapseMonitor] Epoch 56
  [DEBUG] Processed 21 batches from val_dataloader
  [DEBUG] Predictions shape after concat: (1282,)
  [DEBUG] All predictions list length: 21
  [DEBUG] First batch shape: (64,)
  Pred std: 0.051933, range: 0.332556, mean: 0.112540
  Pos: 98.9%, Neg: 1.1%, Unique: 1276
  Saved validation predictions to: experiments/02b_vintage_sweep/baseline_h16_drop0.10/collapse_monitoring/val_predictions_epoch56.npy
  Gradient norms:
    lstm_encoder: 0.026020
    lstm_decoder: 0.010352
    multihead_attn: 0.002625
    output_layer: 0.095797
  VSN output std:
    encoder: 0.162096
  Attention entropy: 2.942480
  Saved to: experiments/02b_vintage_sweep/baseline_h16_drop0.10/collapse_monitoring/collapse_monitor_epoch56.json


======================================================================
Training complete
======================================================================

Best model checkpoint: experiments/02b_vintage_sweep/baseline_h16_drop0.10/checkpoints/tft-epoch=46-val_loss=0.4029.ckpt
Best validation loss: 0.402932
Completed at: 2025-11-22 16:21:50
Log saved to: experiments/02b_vintage_sweep/baseline_h16_drop0.10/training_20251122_155952.log
======================================================================
