Logging to: experiments/06a_weekly_sweep/h8_enc12_d030_bs32/attention_analysis_year/attention_analysis_20251129_214158.log
Analysis started at: 2025-11-29 21:41:58
======================================================================
Experiment: 06a_weekly_sweep/h8_enc12_d030_bs32
Output directory: experiments/06a_weekly_sweep/h8_enc12_d030_bs32/attention_analysis_year
Using best checkpoint: experiments/06a_weekly_sweep/h8_enc12_d030_bs32/checkpoints/tft-epoch=epoch=98-valloss=val_loss=0.9193.ckpt

Loading data...
Loading test data from: data/splits/vintage/core_proposal_weekly_vintage_test.csv
  Train samples: 1269
  Test samples: 273

Preparing test dataset...
Test dataset size after filtering: 261

Loading model...
Loading model from: experiments/06a_weekly_sweep/h8_enc12_d030_bs32/checkpoints/tft-epoch=epoch=98-valloss=val_loss=0.9193.ckpt
  Loaded baseline model, moved to device: cuda

Extracting attention patterns...
Extracting attention patterns...
Total batches to process: 3

Total predictions: 261
Total actuals: 261
Attention shape: (261, 12)
Encoder variables shape: (261, 5)

Prediction period: 2020-10-16T00:00:00.000000000 to 2025-10-10T00:00:00.000000000
Total predictions: 261

Creating temporal periods:
  2020: 11 samples
  2021: 53 samples
  2022: 52 samples
  2023: 52 samples
  2024: 52 samples
  2025: 41 samples

Attention over 12 encoder timesteps

Analyzing attention patterns by period...

Comparing attention patterns across periods...

Creating visualizations...
Saved attention heatmap: experiments/06a_weekly_sweep/h8_enc12_d030_bs32/attention_analysis_year/attention_heatmap.png
Saved attention trends: experiments/06a_weekly_sweep/h8_enc12_d030_bs32/attention_analysis_year/attention_trends.png
Saved feature importance comparison: experiments/06a_weekly_sweep/h8_enc12_d030_bs32/attention_analysis_year/temporal_attention_comparison.png

Saving results...
Saved results: experiments/06a_weekly_sweep/h8_enc12_d030_bs32/attention_analysis_year/attention_analysis_results.json

======================================================================
ATTENTION ANALYSIS SUMMARY
======================================================================

Per-Period Statistics:
----------------------------------------------------------------------

2020:
  Samples: 11
  Entropy: 2.4578 +/- 0.0120
  Concentration: 0.0837
  Top 5 features:
    t-6                            0.0920
    t-7                            0.0918
    t-8                            0.0877
    t-5                            0.0877
    t-12                           0.0860

2021:
  Samples: 53
  Entropy: 2.4548 +/- 0.0227
  Concentration: 0.0835
  Top 5 features:
    t-12                           0.0894
    t-10                           0.0880
    t-11                           0.0879
    t-9                            0.0872
    t-8                            0.0849

2022:
  Samples: 52
  Entropy: 2.4543 +/- 0.0194
  Concentration: 0.0834
  Top 5 features:
    t-1                            0.0867
    t-5                            0.0860
    t-6                            0.0856
    t-2                            0.0856
    t-3                            0.0847

2023:
  Samples: 52
  Entropy: 2.4713 +/- 0.0111
  Concentration: 0.0835
  Top 5 features:
    t-9                            0.0871
    t-10                           0.0867
    t-12                           0.0867
    t-8                            0.0865
    t-11                           0.0864

2024:
  Samples: 52
  Entropy: 2.4417 +/- 0.0679
  Concentration: 0.0834
  Top 5 features:
    t-8                            0.0853
    t-7                            0.0851
    t-9                            0.0847
    t-10                           0.0845
    t-6                            0.0845

2025:
  Samples: 41
  Entropy: 2.4340 +/- 0.0430
  Concentration: 0.0834
  Top 5 features:
    t-12                           0.0902
    t-11                           0.0870
    t-10                           0.0853
    t-9                            0.0843
    t-1                            0.0834

----------------------------------------------------------------------
Period Comparisons:
----------------------------------------------------------------------

2020_vs_2021:
  Cosine similarity: 0.9973
  L2 distance: 0.0214
  Entropy change: -0.0030
  Concentration change: -0.0002

2020_vs_2022:
  Cosine similarity: 0.9974
  L2 distance: 0.0208
  Entropy change: -0.0035
  Concentration change: -0.0003

2020_vs_2023:
  Cosine similarity: 0.9984
  L2 distance: 0.0161
  Entropy change: 0.0135
  Concentration change: -0.0002

2020_vs_2024:
  Cosine similarity: 0.9985
  L2 distance: 0.0160
  Entropy change: -0.0160
  Concentration change: -0.0003

2020_vs_2025:
  Cosine similarity: 0.9969
  L2 distance: 0.0229
  Entropy change: -0.0238
  Concentration change: -0.0003

2021_vs_2022:
  Cosine similarity: 0.9972
  L2 distance: 0.0218
  Entropy change: -0.0005
  Concentration change: -0.0001

2021_vs_2023:
  Cosine similarity: 0.9998
  L2 distance: 0.0064
  Entropy change: 0.0165
  Concentration change: -0.0000

2021_vs_2024:
  Cosine similarity: 0.9991
  L2 distance: 0.0123
  Entropy change: -0.0131
  Concentration change: -0.0001

2021_vs_2025:
  Cosine similarity: 0.9996
  L2 distance: 0.0079
  Entropy change: -0.0208
  Concentration change: -0.0001

2022_vs_2023:
  Cosine similarity: 0.9975
  L2 distance: 0.0204
  Entropy change: 0.0170
  Concentration change: 0.0001

2022_vs_2024:
  Cosine similarity: 0.9993
  L2 distance: 0.0112
  Entropy change: -0.0126
  Concentration change: -0.0001

2022_vs_2025:
  Cosine similarity: 0.9981
  L2 distance: 0.0179
  Entropy change: -0.0203
  Concentration change: 0.0000

2023_vs_2024:
  Cosine similarity: 0.9994
  L2 distance: 0.0097
  Entropy change: -0.0296
  Concentration change: -0.0001

2023_vs_2025:
  Cosine similarity: 0.9992
  L2 distance: 0.0119
  Entropy change: -0.0373
  Concentration change: -0.0001

2024_vs_2025:
  Cosine similarity: 0.9991
  L2 distance: 0.0122
  Entropy change: -0.0077
  Concentration change: 0.0001

======================================================================

Analysis complete!
Results saved to: experiments/06a_weekly_sweep/h8_enc12_d030_bs32/attention_analysis_year
  - attention_analysis_results.json
  - attention_heatmap.png
  - attention_trends.png
  - temporal_attention_comparison.png
