
[INFO] Using AUTO device selection.

[INFO] Patched matplotlib.Axes.errorbar to abs() negative yerr for robustness.
======================================================================
Training TFT: 06b_rolling/daily_3q_h10_drop025/fold_2016
======================================================================
Logging to: experiments/06b_rolling/daily_3q_h10_drop025/fold_2016/training_20251214_171737.log
Started at: 2025-12-14 17:17:37
======================================================================

Loading data splits...
Train: 2468 samples
Val: 220 samples
Test: 220 samples

Preparing TimeSeriesDataSet...

Dropping source columns (used for staleness only): ['CPI']

Final features for TFT: ['SP500_Returns', 'VIX', 'Treasury_10Y', 'Yield_Spread', 'Inflation_YoY', 'cumret_5', 'cumret_10', 'cumret_20', 'cumret_30']

======================================================================
FEATURE STATISTICS - BEFORE NORMALIZATION
======================================================================
VIX                             mean= 20.0672  std=  9.9897  min=  9.8900  max= 80.8600
Treasury_10Y                    mean=  3.3475  std=  1.0232  min=  1.4300  max=  5.2600
Yield_Spread                    mean=  1.5124  std=  0.9500  min= -0.1900  max=  2.9100
Inflation_YoY                   mean=  2.3543  std=  1.4646  min= -2.1498  max=  5.4850

======================================================================
TARGET CONFIGURATION
======================================================================
Target variable: SP500_Returns
  Mode: Point return prediction (single-step)
  Target stats: mean=0.0246, std=1.2713
  Dropping unused cumret columns: ['cumret_5', 'cumret_10', 'cumret_20', 'cumret_30']
======================================================================

======================================================================
FEATURES AFTER GROUPNORMALIZER (first batch, last timestep)
======================================================================
VIX                             normalized_value=  1.0000
Treasury_10Y                    normalized_value= -0.0500
Yield_Spread                    normalized_value=  1.4551
Inflation_YoY                   normalized_value= -1.2879
======================================================================

Configuration saved to: experiments/06b_rolling/daily_3q_h10_drop025/fold_2016/config.json
[DEBUG] VIX train values: [14.08 13.98 14.09 13.58 13.49]
[DEBUG] VIX val values: [17.79 19.92 21.12 19.31 17.01]
Batches per epoch: 38
[DEBUG] Validation batches: 3
[DEBUG] Validation dataset size: 191
[DEBUG] Batch size: 64

Initializing model...

Quantile configuration: 3q
  Quantiles: [0.1, 0.5, 0.9]
  Output size: 3
  Median index: 1

Using standard QuantileLoss (no penalties)

[REGIME OUTPUT] Disabled (using baseline output layer)

[STALENESS ATTENTION] Disabled

================================================================================
BASELINE MODEL FEATURE CONFIGURATION (after from_dataset)
================================================================================
tft.hparams.time_varying_reals_encoder: ['relative_time_idx', 'VIX', 'Treasury_10Y', 'Yield_Spread', 'Inflation_YoY']
  Count: 5

tft.hparams.time_varying_reals_decoder: ['relative_time_idx']
  Count: 1

tft.hparams.x_reals (all reals passed to model): ['encoder_length', 'relative_time_idx', 'VIX', 'Treasury_10Y', 'Yield_Spread', 'Inflation_YoY']
  Count: 6

Encoder VSN configuration:
  num_inputs: 5
  input_sizes: {'relative_time_idx': 16, 'VIX': 16, 'Treasury_10Y': 16, 'Yield_Spread': 16, 'Inflation_YoY': 16}
  flattened_grn.fc1: in_features=80, out_features=5
  -> Params in fc1: 400 (should be 5*16*5=400 if 5 features)
================================================================================

Model parameters: 22,547

Starting training...
Checkpoints will be saved to: experiments/06b_rolling/daily_3q_h10_drop025/fold_2016/checkpoints/
Logs will be saved to: experiments/06b_rolling/daily_3q_h10_drop025/fold_2016/logs/

[DEBUG CollapseMonitor] on_validation_epoch_start called for epoch 0
[DEBUG CollapseMonitor] reset_temporal_state() called on loss function
Epoch 0: val_loss=N/A
[DEBUG CollapseMonitor] on_validation_epoch_start called for epoch 0
[DEBUG CollapseMonitor] reset_temporal_state() called on loss function
Epoch 0: val_loss=0.48900535702705383
Epoch 0: train_loss=0.6398643851280212

[CollapseMonitor] Epoch 0
  [DEBUG] Processed 3 batches, 10 horizon(s)
  Multi-horizon metrics (10 horizons):
    h1: std=0.0166, dir_acc=50.8%, pos=0%, unique=189, sharpe=-526.64
    h2: std=0.0169, dir_acc=51.3%, pos=0%, unique=191, sharpe=-526.57
    h3: std=0.0163, dir_acc=51.8%, pos=0%, unique=191, sharpe=-510.25
    h4: std=0.0147, dir_acc=51.8%, pos=0%, unique=190, sharpe=-503.93
    h5: std=0.0127, dir_acc=52.4%, pos=0%, unique=191, sharpe=-505.33
    ... (5 more horizons)
  Aggregate: std_avg=0.0112, dir_acc_avg=51.8%, composite_avg=0.3935
  H1 detail: range=0.0570, mean=-0.5502, dist_match=0.5079
  Collapse penalty: 0.000000 (threshold: 0.005000)
  Saved validation predictions to: experiments/06b_rolling/daily_3q_h10_drop025/fold_2016/collapse_monitoring/val_predictions_epoch0.npz
  Gradient norms:
    lstm_encoder: 0.003099
    lstm_decoder: 0.025710
    output_layer: 0.461285
  VSN output std:
    encoder: 0.150036
  Attention entropy: 2.989515
  Saved to: experiments/06b_rolling/daily_3q_h10_drop025/fold_2016/collapse_monitoring/collapse_monitor_latest.json
[DEBUG CollapseMonitor] on_validation_epoch_start called for epoch 1
[DEBUG CollapseMonitor] reset_temporal_state() called on loss function
Epoch 1: val_loss=0.4653051793575287
Epoch 1: train_loss=0.612784206867218

[CollapseMonitor] Epoch 1
  [DEBUG] Processed 3 batches, 10 horizon(s)
  Multi-horizon metrics (10 horizons):
    h1: std=0.0155, dir_acc=50.8%, pos=0%, unique=191, sharpe=-235.95
    h2: std=0.0131, dir_acc=51.3%, pos=0%, unique=191, sharpe=-270.40
    h3: std=0.0106, dir_acc=51.8%, pos=0%, unique=189, sharpe=-261.17
    h4: std=0.0081, dir_acc=51.8%, pos=0%, unique=191, sharpe=-221.74
    h5: std=0.0059, dir_acc=52.4%, pos=0%, unique=188, sharpe=-126.53
    ... (5 more horizons)
  Aggregate: std_avg=0.0083, dir_acc_avg=49.8%, composite_avg=0.3731
  H1 detail: range=0.0587, mean=-0.2308, dist_match=0.5079
  Collapse penalty: 0.000000 (threshold: 0.005000)
  Saved validation predictions to: experiments/06b_rolling/daily_3q_h10_drop025/fold_2016/collapse_monitoring/val_predictions_epoch1.npz
  Gradient norms:
    lstm_encoder: 0.002384
    lstm_decoder: 0.016589
    output_layer: 0.303186
  VSN output std:
    encoder: 0.149556
  Attention entropy: 2.989147
  Saved to: experiments/06b_rolling/daily_3q_h10_drop025/fold_2016/collapse_monitoring/collapse_monitor_latest.json
[DEBUG CollapseMonitor] on_validation_epoch_start called for epoch 2
[DEBUG CollapseMonitor] reset_temporal_state() called on loss function
Epoch 2: val_loss=0.4729834794998169
Epoch 2: train_loss=0.5954654812812805

[CollapseMonitor] Epoch 2
  [DEBUG] Processed 3 batches, 10 horizon(s)
  Multi-horizon metrics (10 horizons):
    h1: std=0.0086, dir_acc=51.3%, pos=92%, unique=190, sharpe=22.80
    h2: std=0.0061, dir_acc=48.7%, pos=100%, unique=190, sharpe=47.44
    h3: std=0.0046, dir_acc=48.2%, pos=100%, unique=190, sharpe=204.83
    h4: std=0.0040, dir_acc=48.2%, pos=100%, unique=189, sharpe=439.76
    h5: std=0.0044, dir_acc=47.6%, pos=100%, unique=188, sharpe=591.10
    ... (5 more horizons)
  Aggregate: std_avg=0.0061, dir_acc_avg=48.4%, composite_avg=0.3606
  H1 detail: range=0.0380, mean=0.0123, dist_match=0.5759
  Collapse penalty: 0.000000 (threshold: 0.005000)
  Saved validation predictions to: experiments/06b_rolling/daily_3q_h10_drop025/fold_2016/collapse_monitoring/val_predictions_epoch2.npz
  Gradient norms:
    lstm_encoder: 0.001402
    lstm_decoder: 0.005444
    output_layer: 0.094965
  VSN output std:
    encoder: 0.149187
  Attention entropy: 2.988648
  Saved to: experiments/06b_rolling/daily_3q_h10_drop025/fold_2016/collapse_monitoring/collapse_monitor_latest.json
[DEBUG CollapseMonitor] on_validation_epoch_start called for epoch 3
[DEBUG CollapseMonitor] reset_temporal_state() called on loss function
Epoch 3: val_loss=0.4670521914958954
Epoch 3: train_loss=0.5895498394966125

[CollapseMonitor] Epoch 3
  [DEBUG] Processed 3 batches, 10 horizon(s)
  Multi-horizon metrics (10 horizons):
    h1: std=0.0071, dir_acc=50.3%, pos=31%, unique=188, sharpe=-9.27
    h2: std=0.0050, dir_acc=51.3%, pos=0%, unique=190, sharpe=-49.11
    h3: std=0.0038, dir_acc=48.2%, pos=100%, unique=190, sharpe=42.22
    h4: std=0.0035, dir_acc=48.2%, pos=100%, unique=188, sharpe=214.91
    h5: std=0.0040, dir_acc=47.6%, pos=100%, unique=190, sharpe=355.57
    ... (5 more horizons)
  Aggregate: std_avg=0.0054, dir_acc_avg=48.5%, composite_avg=0.3684
  H1 detail: range=0.0332, mean=-0.0041, dist_match=0.8168
  Collapse penalty: 0.000000 (threshold: 0.005000)
  Saved validation predictions to: experiments/06b_rolling/daily_3q_h10_drop025/fold_2016/collapse_monitoring/val_predictions_epoch3.npz
  Gradient norms:
    lstm_encoder: 0.001046
    lstm_decoder: 0.003582
    output_layer: 0.070895
  VSN output std:
    encoder: 0.151930
  Attention entropy: 2.988357
  Saved to: experiments/06b_rolling/daily_3q_h10_drop025/fold_2016/collapse_monitoring/collapse_monitor_latest.json
[DEBUG CollapseMonitor] on_validation_epoch_start called for epoch 4
[DEBUG CollapseMonitor] reset_temporal_state() called on loss function
Epoch 4: val_loss=0.46528130769729614
Epoch 4: train_loss=0.585747241973877

[CollapseMonitor] Epoch 4
  [DEBUG] Processed 3 batches, 10 horizon(s)
  Multi-horizon metrics (10 horizons):
    h1: std=0.0050, dir_acc=49.2%, pos=100%, unique=189, sharpe=102.68
    h2: std=0.0037, dir_acc=48.7%, pos=100%, unique=191, sharpe=42.04
    h3: std=0.0034, dir_acc=48.2%, pos=100%, unique=190, sharpe=111.04
    h4: std=0.0038, dir_acc=48.2%, pos=100%, unique=188, sharpe=210.29
    h5: std=0.0046, dir_acc=47.6%, pos=100%, unique=190, sharpe=282.56
    ... (5 more horizons)
  Aggregate: std_avg=0.0055, dir_acc_avg=48.2%, composite_avg=0.3569
  H1 detail: range=0.0210, mean=0.0321, dist_match=0.4921
  Collapse penalty: 0.000000 (threshold: 0.005000)
  Saved validation predictions to: experiments/06b_rolling/daily_3q_h10_drop025/fold_2016/collapse_monitoring/val_predictions_epoch4.npz
  Gradient norms:
    lstm_encoder: 0.000981
    lstm_decoder: 0.003013
    output_layer: 0.057482
  VSN output std:
    encoder: 0.162621
  Attention entropy: 2.989597
  Saved to: experiments/06b_rolling/daily_3q_h10_drop025/fold_2016/collapse_monitoring/collapse_monitor_latest.json
[DEBUG CollapseMonitor] on_validation_epoch_start called for epoch 5
[DEBUG CollapseMonitor] reset_temporal_state() called on loss function
Epoch 5: val_loss=0.4639683961868286
Epoch 5: train_loss=0.5827628970146179

[CollapseMonitor] Epoch 5
  [DEBUG] Processed 3 batches, 10 horizon(s)
  Multi-horizon metrics (10 horizons):
    h1: std=0.0033, dir_acc=49.2%, pos=100%, unique=188, sharpe=219.35
    h2: std=0.0041, dir_acc=48.7%, pos=100%, unique=189, sharpe=71.18
    h3: std=0.0053, dir_acc=48.2%, pos=100%, unique=190, sharpe=80.41
    h4: std=0.0063, dir_acc=48.2%, pos=100%, unique=191, sharpe=118.47
    h5: std=0.0073, dir_acc=47.6%, pos=100%, unique=189, sharpe=156.41
    ... (5 more horizons)
  Aggregate: std_avg=0.0074, dir_acc_avg=48.2%, composite_avg=0.3569
  H1 detail: range=0.0163, mean=0.0451, dist_match=0.4921
  Collapse penalty: 0.000000 (threshold: 0.005000)
  Saved validation predictions to: experiments/06b_rolling/daily_3q_h10_drop025/fold_2016/collapse_monitoring/val_predictions_epoch5.npz
  Gradient norms:
    lstm_encoder: 0.000867
    lstm_decoder: 0.002795
    output_layer: 0.058280
  VSN output std:
    encoder: 0.178163
  Attention entropy: 2.990831
  Saved to: experiments/06b_rolling/daily_3q_h10_drop025/fold_2016/collapse_monitoring/collapse_monitor_latest.json
[DEBUG CollapseMonitor] on_validation_epoch_start called for epoch 6
[DEBUG CollapseMonitor] reset_temporal_state() called on loss function
Epoch 6: val_loss=0.46296316385269165
Epoch 6: train_loss=0.5814269781112671

[CollapseMonitor] Epoch 6
  [DEBUG] Processed 3 batches, 10 horizon(s)
  Multi-horizon metrics (10 horizons):
    h1: std=0.0084, dir_acc=49.2%, pos=100%, unique=188, sharpe=116.51
    h2: std=0.0085, dir_acc=48.7%, pos=100%, unique=191, sharpe=60.14
    h3: std=0.0089, dir_acc=48.2%, pos=100%, unique=191, sharpe=62.91
    h4: std=0.0095, dir_acc=48.2%, pos=100%, unique=190, sharpe=85.05
    h5: std=0.0101, dir_acc=47.6%, pos=100%, unique=190, sharpe=111.40
    ... (5 more horizons)
  Aggregate: std_avg=0.0103, dir_acc_avg=48.2%, composite_avg=0.3569
  H1 detail: range=0.0423, mean=0.0618, dist_match=0.4921
  Collapse penalty: 0.000000 (threshold: 0.005000)
  Saved validation predictions to: experiments/06b_rolling/daily_3q_h10_drop025/fold_2016/collapse_monitoring/val_predictions_epoch6.npz
  Gradient norms:
    lstm_encoder: 0.000856
    lstm_decoder: 0.002666
    output_layer: 0.054870
  VSN output std:
    encoder: 0.193436
  Attention entropy: 2.988223
  Saved to: experiments/06b_rolling/daily_3q_h10_drop025/fold_2016/collapse_monitoring/collapse_monitor_latest.json
[DEBUG CollapseMonitor] on_validation_epoch_start called for epoch 7
[DEBUG CollapseMonitor] reset_temporal_state() called on loss function
Epoch 7: val_loss=0.46164700388908386
Epoch 7: train_loss=0.5793806314468384

[CollapseMonitor] Epoch 7
  [DEBUG] Processed 3 batches, 10 horizon(s)
  Multi-horizon metrics (10 horizons):
    h1: std=0.0166, dir_acc=49.2%, pos=100%, unique=191, sharpe=67.18
    h2: std=0.0150, dir_acc=48.7%, pos=100%, unique=190, sharpe=41.40
    h3: std=0.0144, dir_acc=48.2%, pos=100%, unique=191, sharpe=43.38
    h4: std=0.0142, dir_acc=48.2%, pos=100%, unique=190, sharpe=57.32
    h5: std=0.0141, dir_acc=47.6%, pos=100%, unique=190, sharpe=75.65
    ... (5 more horizons)
  Aggregate: std_avg=0.0146, dir_acc_avg=48.2%, composite_avg=0.3569
  H1 detail: range=0.0759, mean=0.0703, dist_match=0.4921
  Collapse penalty: 0.000000 (threshold: 0.005000)
  Saved validation predictions to: experiments/06b_rolling/daily_3q_h10_drop025/fold_2016/collapse_monitoring/val_predictions_epoch7.npz
  Gradient norms:
    lstm_encoder: 0.000840
    lstm_decoder: 0.002632
    output_layer: 0.057830
  VSN output std:
    encoder: 0.208241
  Attention entropy: 2.981077
  Saved to: experiments/06b_rolling/daily_3q_h10_drop025/fold_2016/collapse_monitoring/collapse_monitor_latest.json
[DEBUG CollapseMonitor] on_validation_epoch_start called for epoch 8
[DEBUG CollapseMonitor] reset_temporal_state() called on loss function
Epoch 8: val_loss=0.4602111876010895
Epoch 8: train_loss=0.5766299962997437

[CollapseMonitor] Epoch 8
  [DEBUG] Processed 3 batches, 10 horizon(s)
  Multi-horizon metrics (10 horizons):
    h1: std=0.0261, dir_acc=49.2%, pos=100%, unique=191, sharpe=46.59
    h2: std=0.0233, dir_acc=48.7%, pos=100%, unique=191, sharpe=30.47
    h3: std=0.0217, dir_acc=48.2%, pos=100%, unique=190, sharpe=31.33
    h4: std=0.0208, dir_acc=48.2%, pos=100%, unique=190, sharpe=40.11
    h5: std=0.0201, dir_acc=47.6%, pos=100%, unique=191, sharpe=52.51
    ... (5 more horizons)
  Aggregate: std_avg=0.0205, dir_acc_avg=48.2%, composite_avg=0.3569
  H1 detail: range=0.1088, mean=0.0765, dist_match=0.4921
  Collapse penalty: 0.000000 (threshold: 0.005000)
  Saved validation predictions to: experiments/06b_rolling/daily_3q_h10_drop025/fold_2016/collapse_monitoring/val_predictions_epoch8.npz
  Gradient norms:
    lstm_encoder: 0.000887
    lstm_decoder: 0.002626
    output_layer: 0.056642
  VSN output std:
    encoder: 0.217948
  Attention entropy: 2.975531
  Saved to: experiments/06b_rolling/daily_3q_h10_drop025/fold_2016/collapse_monitoring/collapse_monitor_latest.json
[DEBUG CollapseMonitor] on_validation_epoch_start called for epoch 9
[DEBUG CollapseMonitor] reset_temporal_state() called on loss function
Epoch 9: val_loss=0.4575062692165375
Epoch 9: train_loss=0.5737900733947754

[CollapseMonitor] Epoch 9
  [DEBUG] Processed 3 batches, 10 horizon(s)
  Multi-horizon metrics (10 horizons):
    h1: std=0.0400, dir_acc=49.2%, pos=100%, unique=190, sharpe=24.34
    h2: std=0.0362, dir_acc=49.2%, pos=90%, unique=191, sharpe=13.03
    h3: std=0.0344, dir_acc=49.7%, pos=89%, unique=191, sharpe=12.58
    h4: std=0.0333, dir_acc=48.2%, pos=100%, unique=191, sharpe=17.08
    h5: std=0.0325, dir_acc=47.6%, pos=100%, unique=191, sharpe=23.77
    ... (5 more horizons)
  Aggregate: std_avg=0.0327, dir_acc_avg=48.4%, composite_avg=0.3636
  H1 detail: range=0.1498, mean=0.0613, dist_match=0.4921
  Collapse penalty: 0.000000 (threshold: 0.005000)
  Saved validation predictions to: experiments/06b_rolling/daily_3q_h10_drop025/fold_2016/collapse_monitoring/val_predictions_epoch9.npz
  Gradient norms:
    lstm_encoder: 0.000871
    lstm_decoder: 0.002654
    output_layer: 0.057786
  VSN output std:
    encoder: 0.228233
  Attention entropy: 2.971237
  Saved to: experiments/06b_rolling/daily_3q_h10_drop025/fold_2016/collapse_monitoring/collapse_monitor_latest.json
[DEBUG CollapseMonitor] on_validation_epoch_start called for epoch 10
[DEBUG CollapseMonitor] reset_temporal_state() called on loss function
Epoch 10: val_loss=0.45657533407211304
Epoch 10: train_loss=0.5697781443595886

[CollapseMonitor] Epoch 10
  [DEBUG] Processed 3 batches, 10 horizon(s)
  Multi-horizon metrics (10 horizons):
    h1: std=0.0425, dir_acc=49.2%, pos=100%, unique=188, sharpe=22.88
    h2: std=0.0390, dir_acc=48.7%, pos=100%, unique=188, sharpe=11.62
    h3: std=0.0376, dir_acc=48.2%, pos=100%, unique=187, sharpe=10.52
    h4: std=0.0369, dir_acc=48.2%, pos=100%, unique=191, sharpe=13.98
    h5: std=0.0363, dir_acc=47.6%, pos=100%, unique=191, sharpe=19.39
    ... (5 more horizons)
  Aggregate: std_avg=0.0364, dir_acc_avg=48.2%, composite_avg=0.3569
  H1 detail: range=0.1495, mean=0.0613, dist_match=0.4921
  Collapse penalty: 0.000000 (threshold: 0.005000)
  Saved validation predictions to: experiments/06b_rolling/daily_3q_h10_drop025/fold_2016/collapse_monitoring/val_predictions_epoch10.npz
  Gradient norms:
    lstm_encoder: 0.000901
    lstm_decoder: 0.002379
    output_layer: 0.054665
  VSN output std:
    encoder: 0.230759
  Attention entropy: 2.964352
  Saved to: experiments/06b_rolling/daily_3q_h10_drop025/fold_2016/collapse_monitoring/collapse_monitor_latest.json
[DEBUG CollapseMonitor] on_validation_epoch_start called for epoch 11
[DEBUG CollapseMonitor] reset_temporal_state() called on loss function
Epoch 11: val_loss=0.45807740092277527
Epoch 11: train_loss=0.566709041595459

[CollapseMonitor] Epoch 11
  [DEBUG] Processed 3 batches, 10 horizon(s)
  Multi-horizon metrics (10 horizons):
    h1: std=0.0366, dir_acc=49.2%, pos=100%, unique=189, sharpe=24.93
    h2: std=0.0338, dir_acc=48.7%, pos=100%, unique=190, sharpe=9.88
    h3: std=0.0326, dir_acc=48.7%, pos=77%, unique=188, sharpe=6.90
    h4: std=0.0318, dir_acc=48.2%, pos=100%, unique=187, sharpe=9.54
    h5: std=0.0312, dir_acc=47.6%, pos=100%, unique=188, sharpe=14.74
    ... (5 more horizons)
  Aggregate: std_avg=0.0309, dir_acc_avg=48.2%, composite_avg=0.3627
  H1 detail: range=0.1396, mean=0.0575, dist_match=0.4921
  Collapse penalty: 0.000000 (threshold: 0.005000)
  Saved validation predictions to: experiments/06b_rolling/daily_3q_h10_drop025/fold_2016/collapse_monitoring/val_predictions_epoch11.npz
  Gradient norms:
    lstm_encoder: 0.000894
    lstm_decoder: 0.002483
    output_layer: 0.055095
  VSN output std:
    encoder: 0.229150
  Attention entropy: 2.962353
  Saved to: experiments/06b_rolling/daily_3q_h10_drop025/fold_2016/collapse_monitoring/collapse_monitor_latest.json
[DEBUG CollapseMonitor] on_validation_epoch_start called for epoch 12
[DEBUG CollapseMonitor] reset_temporal_state() called on loss function
Epoch 12: val_loss=0.46122151613235474
Epoch 12: train_loss=0.5621399283409119

[CollapseMonitor] Epoch 12
  [DEBUG] Processed 3 batches, 10 horizon(s)
  Multi-horizon metrics (10 horizons):
    h1: std=0.0267, dir_acc=49.2%, pos=100%, unique=190, sharpe=41.95
    h2: std=0.0244, dir_acc=48.7%, pos=100%, unique=191, sharpe=20.77
    h3: std=0.0237, dir_acc=46.6%, pos=97%, unique=191, sharpe=15.04
    h4: std=0.0233, dir_acc=48.2%, pos=100%, unique=191, sharpe=17.00
    h5: std=0.0229, dir_acc=47.6%, pos=100%, unique=190, sharpe=22.62
    ... (5 more horizons)
  Aggregate: std_avg=0.0226, dir_acc_avg=48.0%, composite_avg=0.3563
  H1 detail: range=0.1211, mean=0.0706, dist_match=0.4921
  Collapse penalty: 0.000000 (threshold: 0.005000)
  Saved validation predictions to: experiments/06b_rolling/daily_3q_h10_drop025/fold_2016/collapse_monitoring/val_predictions_epoch12.npz
  Gradient norms:
    lstm_encoder: 0.000948
    lstm_decoder: 0.002527
    output_layer: 0.052924
  VSN output std:
    encoder: 0.227319
  Attention entropy: 2.961405
  Saved to: experiments/06b_rolling/daily_3q_h10_drop025/fold_2016/collapse_monitoring/collapse_monitor_latest.json
[DEBUG CollapseMonitor] on_validation_epoch_start called for epoch 13
[DEBUG CollapseMonitor] reset_temporal_state() called on loss function
Epoch 13: val_loss=0.4636577069759369
Epoch 13: train_loss=0.5601111054420471

[CollapseMonitor] Epoch 13
  [DEBUG] Processed 3 batches, 10 horizon(s)
  Multi-horizon metrics (10 horizons):
    h1: std=0.0175, dir_acc=49.2%, pos=100%, unique=190, sharpe=93.15
    h2: std=0.0147, dir_acc=48.7%, pos=100%, unique=191, sharpe=69.16
    h3: std=0.0136, dir_acc=48.2%, pos=100%, unique=191, sharpe=61.81
    h4: std=0.0131, dir_acc=48.2%, pos=100%, unique=191, sharpe=65.03
    h5: std=0.0126, dir_acc=47.6%, pos=100%, unique=190, sharpe=74.37
    ... (5 more horizons)
  Aggregate: std_avg=0.0127, dir_acc_avg=48.2%, composite_avg=0.3569
  H1 detail: range=0.0904, mean=0.1028, dist_match=0.4921
  Collapse penalty: 0.000000 (threshold: 0.005000)
  Saved validation predictions to: experiments/06b_rolling/daily_3q_h10_drop025/fold_2016/collapse_monitoring/val_predictions_epoch13.npz
  Gradient norms:
    lstm_encoder: 0.000972
    lstm_decoder: 0.002425
    output_layer: 0.054785
  VSN output std:
    encoder: 0.226078
  Attention entropy: 2.960913
  Saved to: experiments/06b_rolling/daily_3q_h10_drop025/fold_2016/collapse_monitoring/collapse_monitor_latest.json
[DEBUG CollapseMonitor] on_validation_epoch_start called for epoch 14
[DEBUG CollapseMonitor] reset_temporal_state() called on loss function
Epoch 14: val_loss=0.4659411311149597
Epoch 14: train_loss=0.5573714971542358

[CollapseMonitor] Epoch 14
  [DEBUG] Processed 3 batches, 10 horizon(s)
  Multi-horizon metrics (10 horizons):
    h1: std=0.0104, dir_acc=49.2%, pos=100%, unique=190, sharpe=137.38
    h2: std=0.0081, dir_acc=48.7%, pos=100%, unique=190, sharpe=103.59
    h3: std=0.0071, dir_acc=48.2%, pos=100%, unique=191, sharpe=94.15
    h4: std=0.0064, dir_acc=48.2%, pos=100%, unique=190, sharpe=102.89
    h5: std=0.0060, dir_acc=47.6%, pos=100%, unique=190, sharpe=123.44
    ... (5 more horizons)
  Aggregate: std_avg=0.0062, dir_acc_avg=48.2%, composite_avg=0.3569
  H1 detail: range=0.0522, mean=0.0901, dist_match=0.4921
  Collapse penalty: 0.000000 (threshold: 0.005000)
  Saved validation predictions to: experiments/06b_rolling/daily_3q_h10_drop025/fold_2016/collapse_monitoring/val_predictions_epoch14.npz
  Gradient norms:
    lstm_encoder: 0.000943
    lstm_decoder: 0.002494
    output_layer: 0.054962
  VSN output std:
    encoder: 0.220586
  Attention entropy: 2.960971
  Saved to: experiments/06b_rolling/daily_3q_h10_drop025/fold_2016/collapse_monitoring/collapse_monitor_latest.json
[DEBUG CollapseMonitor] on_validation_epoch_start called for epoch 15
[DEBUG CollapseMonitor] reset_temporal_state() called on loss function
Epoch 15: val_loss=0.46667781472206116
Epoch 15: train_loss=0.5564619898796082

[CollapseMonitor] Epoch 15
  [DEBUG] Processed 3 batches, 10 horizon(s)
  Multi-horizon metrics (10 horizons):
    h1: std=0.0095, dir_acc=49.2%, pos=100%, unique=189, sharpe=146.95
    h2: std=0.0078, dir_acc=48.7%, pos=100%, unique=189, sharpe=108.02
    h3: std=0.0070, dir_acc=48.2%, pos=100%, unique=190, sharpe=95.93
    h4: std=0.0064, dir_acc=48.2%, pos=100%, unique=190, sharpe=102.07
    h5: std=0.0060, dir_acc=47.6%, pos=100%, unique=191, sharpe=119.30
    ... (5 more horizons)
  Aggregate: std_avg=0.0061, dir_acc_avg=48.2%, composite_avg=0.3569
  H1 detail: range=0.0489, mean=0.0881, dist_match=0.4921
  Collapse penalty: 0.000000 (threshold: 0.005000)
  Saved validation predictions to: experiments/06b_rolling/daily_3q_h10_drop025/fold_2016/collapse_monitoring/val_predictions_epoch15.npz
  Gradient norms:
    lstm_encoder: 0.000999
    lstm_decoder: 0.002197
    output_layer: 0.049391
  VSN output std:
    encoder: 0.218745
  Attention entropy: 2.963552
  Saved to: experiments/06b_rolling/daily_3q_h10_drop025/fold_2016/collapse_monitoring/collapse_monitor_latest.json
[DEBUG CollapseMonitor] on_validation_epoch_start called for epoch 16
[DEBUG CollapseMonitor] reset_temporal_state() called on loss function
Epoch 16: val_loss=0.46739283204078674
Epoch 16: train_loss=0.555138349533081

[CollapseMonitor] Epoch 16
  [DEBUG] Processed 3 batches, 10 horizon(s)
  Multi-horizon metrics (10 horizons):
    h1: std=0.0091, dir_acc=49.2%, pos=100%, unique=191, sharpe=182.92
    h2: std=0.0076, dir_acc=48.7%, pos=100%, unique=191, sharpe=148.37
    h3: std=0.0069, dir_acc=48.2%, pos=100%, unique=190, sharpe=139.33
    h4: std=0.0064, dir_acc=48.2%, pos=100%, unique=189, sharpe=147.44
    h5: std=0.0061, dir_acc=47.6%, pos=100%, unique=189, sharpe=166.07
    ... (5 more horizons)
  Aggregate: std_avg=0.0061, dir_acc_avg=48.2%, composite_avg=0.3569
  H1 detail: range=0.0488, mean=0.1052, dist_match=0.4921
  Collapse penalty: 0.000000 (threshold: 0.005000)
  Saved validation predictions to: experiments/06b_rolling/daily_3q_h10_drop025/fold_2016/collapse_monitoring/val_predictions_epoch16.npz
  Gradient norms:
    lstm_encoder: 0.001040
    lstm_decoder: 0.002533
    output_layer: 0.055876
  VSN output std:
    encoder: 0.217375
  Attention entropy: 2.963689
  Saved to: experiments/06b_rolling/daily_3q_h10_drop025/fold_2016/collapse_monitoring/collapse_monitor_latest.json
[DEBUG CollapseMonitor] on_validation_epoch_start called for epoch 17
[DEBUG CollapseMonitor] reset_temporal_state() called on loss function
Epoch 17: val_loss=0.468050479888916
Epoch 17: train_loss=0.555029034614563

[CollapseMonitor] Epoch 17
  [DEBUG] Processed 3 batches, 10 horizon(s)
  Multi-horizon metrics (10 horizons):
    h1: std=0.0089, dir_acc=49.2%, pos=100%, unique=188, sharpe=179.67
    h2: std=0.0076, dir_acc=48.7%, pos=100%, unique=190, sharpe=139.28
    h3: std=0.0071, dir_acc=48.2%, pos=100%, unique=191, sharpe=128.16
    h4: std=0.0066, dir_acc=48.2%, pos=100%, unique=191, sharpe=134.56
    h5: std=0.0063, dir_acc=47.6%, pos=100%, unique=189, sharpe=151.28
    ... (5 more horizons)
  Aggregate: std_avg=0.0062, dir_acc_avg=48.2%, composite_avg=0.3569
  H1 detail: range=0.0485, mean=0.1002, dist_match=0.4921
  Collapse penalty: 0.000000 (threshold: 0.005000)
  Saved validation predictions to: experiments/06b_rolling/daily_3q_h10_drop025/fold_2016/collapse_monitoring/val_predictions_epoch17.npz
  Gradient norms:
    lstm_encoder: 0.001052
    lstm_decoder: 0.002634
    output_layer: 0.055214
  VSN output std:
    encoder: 0.215815
  Attention entropy: 2.964682
  Saved to: experiments/06b_rolling/daily_3q_h10_drop025/fold_2016/collapse_monitoring/collapse_monitor_latest.json
[DEBUG CollapseMonitor] on_validation_epoch_start called for epoch 18
[DEBUG CollapseMonitor] reset_temporal_state() called on loss function
Epoch 18: val_loss=0.4681941866874695
Epoch 18: train_loss=0.5536994934082031

[CollapseMonitor] Epoch 18
  [DEBUG] Processed 3 batches, 10 horizon(s)
  Multi-horizon metrics (10 horizons):
    h1: std=0.0107, dir_acc=49.2%, pos=100%, unique=189, sharpe=142.72
    h2: std=0.0095, dir_acc=48.7%, pos=100%, unique=191, sharpe=107.30
    h3: std=0.0087, dir_acc=48.2%, pos=100%, unique=190, sharpe=98.96
    h4: std=0.0081, dir_acc=48.2%, pos=100%, unique=189, sharpe=105.07
    h5: std=0.0076, dir_acc=47.6%, pos=100%, unique=191, sharpe=119.67
    ... (5 more horizons)
  Aggregate: std_avg=0.0074, dir_acc_avg=48.2%, composite_avg=0.3569
  H1 detail: range=0.0497, mean=0.0959, dist_match=0.4921
  Collapse penalty: 0.000000 (threshold: 0.005000)
  Saved validation predictions to: experiments/06b_rolling/daily_3q_h10_drop025/fold_2016/collapse_monitoring/val_predictions_epoch18.npz
  Gradient norms:
    lstm_encoder: 0.001079
    lstm_decoder: 0.002460
    output_layer: 0.053068
  VSN output std:
    encoder: 0.212267
  Attention entropy: 2.966016
  Saved to: experiments/06b_rolling/daily_3q_h10_drop025/fold_2016/collapse_monitoring/collapse_monitor_latest.json
[DEBUG CollapseMonitor] on_validation_epoch_start called for epoch 19
[DEBUG CollapseMonitor] reset_temporal_state() called on loss function
Epoch 19: val_loss=0.46835196018218994
Epoch 19: train_loss=0.553852915763855

[CollapseMonitor] Epoch 19
  [DEBUG] Processed 3 batches, 10 horizon(s)
  Multi-horizon metrics (10 horizons):
    h1: std=0.0092, dir_acc=49.2%, pos=100%, unique=191, sharpe=169.18
    h2: std=0.0082, dir_acc=48.7%, pos=100%, unique=191, sharpe=130.53
    h3: std=0.0076, dir_acc=48.2%, pos=100%, unique=191, sharpe=121.42
    h4: std=0.0072, dir_acc=48.2%, pos=100%, unique=188, sharpe=128.22
    h5: std=0.0067, dir_acc=47.6%, pos=100%, unique=190, sharpe=144.41
    ... (5 more horizons)
  Aggregate: std_avg=0.0066, dir_acc_avg=48.2%, composite_avg=0.3569
  H1 detail: range=0.0438, mean=0.0984, dist_match=0.4921
  Collapse penalty: 0.000000 (threshold: 0.005000)
  Saved validation predictions to: experiments/06b_rolling/daily_3q_h10_drop025/fold_2016/collapse_monitoring/val_predictions_epoch19.npz
  Gradient norms:
    lstm_encoder: 0.001115
    lstm_decoder: 0.002484
    output_layer: 0.055724
  VSN output std:
    encoder: 0.212346
  Attention entropy: 2.967565
  Saved to: experiments/06b_rolling/daily_3q_h10_drop025/fold_2016/collapse_monitoring/collapse_monitor_latest.json
[DEBUG CollapseMonitor] on_validation_epoch_start called for epoch 20
[DEBUG CollapseMonitor] reset_temporal_state() called on loss function
Epoch 20: val_loss=0.4677894115447998
Epoch 20: train_loss=0.5535390973091125

[CollapseMonitor] Epoch 20
  [DEBUG] Processed 3 batches, 10 horizon(s)
  Multi-horizon metrics (10 horizons):
    h1: std=0.0086, dir_acc=49.2%, pos=100%, unique=191, sharpe=165.60
    h2: std=0.0076, dir_acc=48.7%, pos=100%, unique=191, sharpe=125.36
    h3: std=0.0070, dir_acc=48.2%, pos=100%, unique=188, sharpe=116.03
    h4: std=0.0066, dir_acc=48.2%, pos=100%, unique=190, sharpe=123.67
    h5: std=0.0061, dir_acc=47.6%, pos=100%, unique=190, sharpe=141.43
    ... (5 more horizons)
  Aggregate: std_avg=0.0060, dir_acc_avg=48.2%, composite_avg=0.3569
  H1 detail: range=0.0397, mean=0.0898, dist_match=0.4921
  Collapse penalty: 0.000000 (threshold: 0.005000)
  Saved validation predictions to: experiments/06b_rolling/daily_3q_h10_drop025/fold_2016/collapse_monitoring/val_predictions_epoch20.npz
  Gradient norms:
    lstm_encoder: 0.001162
    lstm_decoder: 0.002355
    output_layer: 0.051884
  VSN output std:
    encoder: 0.210358
  Attention entropy: 2.967063
  Saved to: experiments/06b_rolling/daily_3q_h10_drop025/fold_2016/collapse_monitoring/collapse_monitor_latest.json
[DEBUG CollapseMonitor] on_validation_epoch_start called for epoch 21
[DEBUG CollapseMonitor] reset_temporal_state() called on loss function
Epoch 21: val_loss=0.4679352641105652
Epoch 21: train_loss=0.5528807640075684

[CollapseMonitor] Epoch 21
  [DEBUG] Processed 3 batches, 10 horizon(s)
  Multi-horizon metrics (10 horizons):
    h1: std=0.0088, dir_acc=49.2%, pos=100%, unique=191, sharpe=174.36
    h2: std=0.0078, dir_acc=48.7%, pos=100%, unique=189, sharpe=138.49
    h3: std=0.0072, dir_acc=48.2%, pos=100%, unique=191, sharpe=131.49
    h4: std=0.0067, dir_acc=48.2%, pos=100%, unique=191, sharpe=140.41
    h5: std=0.0062, dir_acc=47.6%, pos=100%, unique=189, sharpe=159.09
    ... (5 more horizons)
  Aggregate: std_avg=0.0061, dir_acc_avg=48.2%, composite_avg=0.3569
  H1 detail: range=0.0381, mean=0.0970, dist_match=0.4921
  Collapse penalty: 0.000000 (threshold: 0.005000)
  Saved validation predictions to: experiments/06b_rolling/daily_3q_h10_drop025/fold_2016/collapse_monitoring/val_predictions_epoch21.npz
  Gradient norms:
    lstm_encoder: 0.001246
    lstm_decoder: 0.002613
    output_layer: 0.054278
  VSN output std:
    encoder: 0.210224
  Attention entropy: 2.967031
  Saved to: experiments/06b_rolling/daily_3q_h10_drop025/fold_2016/collapse_monitoring/collapse_monitor_latest.json
[DEBUG CollapseMonitor] on_validation_epoch_start called for epoch 22
[DEBUG CollapseMonitor] reset_temporal_state() called on loss function
Epoch 22: val_loss=0.4681025743484497
Epoch 22: train_loss=0.5524071455001831

[CollapseMonitor] Epoch 22
  [DEBUG] Processed 3 batches, 10 horizon(s)
  Multi-horizon metrics (10 horizons):
    h1: std=0.0080, dir_acc=49.2%, pos=100%, unique=191, sharpe=187.24
    h2: std=0.0072, dir_acc=48.7%, pos=100%, unique=190, sharpe=148.66
    h3: std=0.0066, dir_acc=48.2%, pos=100%, unique=191, sharpe=141.27
    h4: std=0.0062, dir_acc=48.2%, pos=100%, unique=191, sharpe=150.87
    h5: std=0.0057, dir_acc=47.6%, pos=100%, unique=191, sharpe=170.97
    ... (5 more horizons)
  Aggregate: std_avg=0.0055, dir_acc_avg=48.2%, composite_avg=0.3569
  H1 detail: range=0.0353, mean=0.0949, dist_match=0.4921
  Collapse penalty: 0.000000 (threshold: 0.005000)
  Saved validation predictions to: experiments/06b_rolling/daily_3q_h10_drop025/fold_2016/collapse_monitoring/val_predictions_epoch22.npz
  Gradient norms:
    lstm_encoder: 0.001232
    lstm_decoder: 0.002469
    output_layer: 0.050816
  VSN output std:
    encoder: 0.210951
  Attention entropy: 2.966969
  Saved to: experiments/06b_rolling/daily_3q_h10_drop025/fold_2016/collapse_monitoring/collapse_monitor_latest.json
[DEBUG CollapseMonitor] on_validation_epoch_start called for epoch 23
[DEBUG CollapseMonitor] reset_temporal_state() called on loss function
Epoch 23: val_loss=0.4689144492149353
Epoch 23: train_loss=0.5521013736724854

[CollapseMonitor] Epoch 23
  [DEBUG] Processed 3 batches, 10 horizon(s)
  Multi-horizon metrics (10 horizons):
    h1: std=0.0078, dir_acc=49.2%, pos=100%, unique=191, sharpe=201.24
    h2: std=0.0069, dir_acc=48.7%, pos=100%, unique=190, sharpe=164.07
    h3: std=0.0064, dir_acc=48.2%, pos=100%, unique=191, sharpe=158.09
    h4: std=0.0060, dir_acc=48.2%, pos=100%, unique=190, sharpe=169.00
    h5: std=0.0056, dir_acc=47.6%, pos=100%, unique=191, sharpe=190.49
    ... (5 more horizons)
  Aggregate: std_avg=0.0054, dir_acc_avg=48.2%, composite_avg=0.3569
  H1 detail: range=0.0339, mean=0.0985, dist_match=0.4921
  Collapse penalty: 0.000000 (threshold: 0.005000)
  Saved validation predictions to: experiments/06b_rolling/daily_3q_h10_drop025/fold_2016/collapse_monitoring/val_predictions_epoch23.npz
  Gradient norms:
    lstm_encoder: 0.001203
    lstm_decoder: 0.002694
    output_layer: 0.053848
  VSN output std:
    encoder: 0.210463
  Attention entropy: 2.967713
  Saved to: experiments/06b_rolling/daily_3q_h10_drop025/fold_2016/collapse_monitoring/collapse_monitor_latest.json
[DEBUG CollapseMonitor] on_validation_epoch_start called for epoch 24
[DEBUG CollapseMonitor] reset_temporal_state() called on loss function
Epoch 24: val_loss=0.467862606048584
Epoch 24: train_loss=0.5515576004981995

[CollapseMonitor] Epoch 24
  [DEBUG] Processed 3 batches, 10 horizon(s)
  Multi-horizon metrics (10 horizons):
    h1: std=0.0075, dir_acc=49.2%, pos=100%, unique=189, sharpe=211.48
    h2: std=0.0065, dir_acc=48.7%, pos=100%, unique=190, sharpe=178.96
    h3: std=0.0060, dir_acc=48.2%, pos=100%, unique=189, sharpe=175.31
    h4: std=0.0056, dir_acc=48.2%, pos=100%, unique=188, sharpe=188.49
    h5: std=0.0052, dir_acc=47.6%, pos=100%, unique=191, sharpe=212.75
    ... (5 more horizons)
  Aggregate: std_avg=0.0050, dir_acc_avg=48.2%, composite_avg=0.3569
  H1 detail: range=0.0318, mean=0.1000, dist_match=0.4921
  Collapse penalty: 0.000000 (threshold: 0.005000)
  Saved validation predictions to: experiments/06b_rolling/daily_3q_h10_drop025/fold_2016/collapse_monitoring/val_predictions_epoch24.npz
  Gradient norms:
    lstm_encoder: 0.001283
    lstm_decoder: 0.002527
    output_layer: 0.055998
  VSN output std:
    encoder: 0.207712
  Attention entropy: 2.968973
  Saved to: experiments/06b_rolling/daily_3q_h10_drop025/fold_2016/collapse_monitoring/collapse_monitor_latest.json
[DEBUG CollapseMonitor] on_validation_epoch_start called for epoch 25
[DEBUG CollapseMonitor] reset_temporal_state() called on loss function
Epoch 25: val_loss=0.4674099385738373
Epoch 25: train_loss=0.5523982048034668

[CollapseMonitor] Epoch 25
  [DEBUG] Processed 3 batches, 10 horizon(s)
  Multi-horizon metrics (10 horizons):
    h1: std=0.0067, dir_acc=49.2%, pos=100%, unique=190, sharpe=228.18
    h2: std=0.0059, dir_acc=48.7%, pos=100%, unique=190, sharpe=191.02
    h3: std=0.0054, dir_acc=48.2%, pos=100%, unique=188, sharpe=185.91
    h4: std=0.0050, dir_acc=48.2%, pos=100%, unique=189, sharpe=199.71
    h5: std=0.0047, dir_acc=47.6%, pos=100%, unique=191, sharpe=226.16
    ... (5 more horizons)
  Aggregate: std_avg=0.0045, dir_acc_avg=48.2%, composite_avg=0.3569
  H1 detail: range=0.0292, mean=0.0970, dist_match=0.4921
  Collapse penalty: 0.000000 (threshold: 0.005000)
  Saved validation predictions to: experiments/06b_rolling/daily_3q_h10_drop025/fold_2016/collapse_monitoring/val_predictions_epoch25.npz
  Gradient norms:
    lstm_encoder: 0.001302
    lstm_decoder: 0.002618
    output_layer: 0.053083
  VSN output std:
    encoder: 0.208213
  Attention entropy: 2.969129
  Saved to: experiments/06b_rolling/daily_3q_h10_drop025/fold_2016/collapse_monitoring/collapse_monitor_latest.json


======================================================================
Training complete
======================================================================

Best val_loss checkpoint: experiments/06b_rolling/daily_3q_h10_drop025/fold_2016/checkpoints/tft-epoch=epoch=10-valloss=val_loss=0.4566.ckpt
Best validation loss: 0.456575
Checkpoints saved:
  - Best val_loss: experiments/06b_rolling/daily_3q_h10_drop025/fold_2016/checkpoints/tft-epoch=epoch=10-valloss=val_loss=0.4566.ckpt
  - Best pred_std: experiments/06b_rolling/daily_3q_h10_drop025/fold_2016/checkpoints/tft-epoch=epoch=10-predstd=val_pred_std=0.0425.ckpt
  - Best unique: experiments/06b_rolling/daily_3q_h10_drop025/fold_2016/checkpoints/tft-epoch=epoch=01-unique=val_num_unique=191.ckpt
  - Best dir_acc: experiments/06b_rolling/daily_3q_h10_drop025/fold_2016/checkpoints/tft-epoch=epoch=02-diracc=val_dir_acc=0.5131.ckpt
  - Best sharpe: experiments/06b_rolling/daily_3q_h10_drop025/fold_2016/checkpoints/tft-epoch=epoch=25-sharpe=val_sharpe=228.1844.ckpt
  - Best composite: experiments/06b_rolling/daily_3q_h10_drop025/fold_2016/checkpoints/tft-epoch=epoch=03-composite=val_composite=0.4566.ckpt
Completed at: 2025-12-14 17:20:29
Log saved to: experiments/06b_rolling/daily_3q_h10_drop025/fold_2016/training_20251214_171737.log
======================================================================
